Command line invocation:
    /Applications/Xcode.app/Contents/Developer/usr/bin/xcodebuild -project Buzz.xcodeproj -scheme Buzz -sdk iphonesimulator -destination "platform=iOS Simulator,name=iPhone 17" clean build

Build settings from command line:
    SDKROOT = iphonesimulator26.0

Resolve Package Graph


Resolved source packages:
  Promises: https://github.com/google/promises.git @ 2.4.0
  Supabase: https://github.com/supabase-community/supabase-swift.git @ 2.36.0
  swift-crypto: https://github.com/apple/swift-crypto.git @ 4.1.0
  GoogleSignIn: https://github.com/google/GoogleSignIn-iOS @ 9.0.0
  swift-asn1: https://github.com/apple/swift-asn1.git @ 1.5.0
  Stripe: https://github.com/stripe/stripe-ios-spm @ 25.0.0
  xctest-dynamic-overlay: https://github.com/pointfreeco/xctest-dynamic-overlay @ 1.7.0
  swift-clocks: https://github.com/pointfreeco/swift-clocks @ 1.0.6
  GTMAppAuth: https://github.com/google/GTMAppAuth.git @ 5.0.0
  swift-http-types: https://github.com/apple/swift-http-types.git @ 1.5.1
  AppAuth: https://github.com/openid/AppAuth-iOS.git @ 2.0.0
  AppCheck: https://github.com/google/app-check.git @ 11.2.0
  GTMSessionFetcher: https://github.com/google/gtm-session-fetcher.git @ 3.5.0
  GoogleUtilities: https://github.com/google/GoogleUtilities.git @ 8.1.0
  swift-concurrency-extras: https://github.com/pointfreeco/swift-concurrency-extras @ 1.3.2

2025-11-16 01:11:31.448 xcodebuild[63689:26418408] [MT] IDERunDestination: Supported platforms for the buildables in the current scheme is empty.
CreateBuildRequest

SendProjectDescription

CreateBuildOperation

** CLEAN SUCCEEDED **

ComputePackagePrebuildTargetDependencyGraph

Prepare packages

CreateBuildRequest

SendProjectDescription

CreateBuildOperation

ComputeTargetDependencyGraph
note: Building targets in dependency order
note: Target dependency graph (93 targets)
    Target 'Buzz' in project 'Buzz'
        ➜ Explicit dependency on target 'PostgREST' in project 'Supabase'
        ➜ Explicit dependency on target 'Functions' in project 'Supabase'
        ➜ Explicit dependency on target 'StripeFinancialConnections' in project 'Stripe'
        ➜ Explicit dependency on target 'StripeIdentity' in project 'Stripe'
        ➜ Explicit dependency on target 'StripePaymentSheet' in project 'Stripe'
        ➜ Explicit dependency on target 'Supabase' in project 'Supabase'
        ➜ Explicit dependency on target 'StripePayments' in project 'Stripe'
        ➜ Explicit dependency on target 'GoogleSignInSwift' in project 'GoogleSignIn'
        ➜ Explicit dependency on target 'StripePaymentsUI' in project 'Stripe'
        ➜ Explicit dependency on target 'Auth' in project 'Supabase'
        ➜ Explicit dependency on target 'StripeApplePay' in project 'Stripe'
        ➜ Explicit dependency on target 'Storage' in project 'Supabase'
        ➜ Explicit dependency on target 'Realtime' in project 'Supabase'
        ➜ Explicit dependency on target 'StripeCardScan' in project 'Stripe'
        ➜ Explicit dependency on target 'GoogleSignIn' in project 'GoogleSignIn'
        ➜ Explicit dependency on target 'StripeConnect' in project 'Stripe'
        ➜ Explicit dependency on target 'Stripe' in project 'Stripe'
    Target 'Stripe' in project 'Stripe'
        ➜ Explicit dependency on target 'Stripe' in project 'Stripe'
        ➜ Explicit dependency on target 'Stripe_Stripe' in project 'Stripe'
        ➜ Explicit dependency on target 'Stripe3DS2' in project 'Stripe'
        ➜ Explicit dependency on target 'StripeCore' in project 'Stripe'
        ➜ Explicit dependency on target 'StripeApplePay' in project 'Stripe'
        ➜ Explicit dependency on target 'StripeUICore' in project 'Stripe'
        ➜ Explicit dependency on target 'StripePayments' in project 'Stripe'
        ➜ Explicit dependency on target 'StripePaymentsUI' in project 'Stripe'
    Target 'Stripe' in project 'Stripe'
        ➜ Explicit dependency on target 'Stripe_Stripe' in project 'Stripe'
        ➜ Explicit dependency on target 'Stripe3DS2' in project 'Stripe'
        ➜ Explicit dependency on target 'StripeCore' in project 'Stripe'
        ➜ Explicit dependency on target 'StripeApplePay' in project 'Stripe'
        ➜ Explicit dependency on target 'StripeUICore' in project 'Stripe'
        ➜ Explicit dependency on target 'StripePayments' in project 'Stripe'
        ➜ Explicit dependency on target 'StripePaymentsUI' in project 'Stripe'
    Target 'Stripe_Stripe' in project 'Stripe' (no dependencies)
    Target 'StripeConnect' in project 'Stripe'
        ➜ Explicit dependency on target 'StripeConnect' in project 'Stripe'
        ➜ Explicit dependency on target 'Stripe_StripeConnect' in project 'Stripe'
        ➜ Explicit dependency on target 'StripeCore' in project 'Stripe'
        ➜ Explicit dependency on target 'StripeUICore' in project 'Stripe'
        ➜ Explicit dependency on target 'StripeFinancialConnections' in project 'Stripe'
    Target 'StripeConnect' in project 'Stripe'
        ➜ Explicit dependency on target 'Stripe_StripeConnect' in project 'Stripe'
        ➜ Explicit dependency on target 'StripeCore' in project 'Stripe'
        ➜ Explicit dependency on target 'StripeUICore' in project 'Stripe'
        ➜ Explicit dependency on target 'StripeFinancialConnections' in project 'Stripe'
    Target 'Stripe_StripeConnect' in project 'Stripe' (no dependencies)
    Target 'GoogleSignIn' in project 'GoogleSignIn'
        ➜ Explicit dependency on target 'GoogleSignIn' in project 'GoogleSignIn'
        ➜ Explicit dependency on target 'GoogleSignIn_GoogleSignIn' in project 'GoogleSignIn'
        ➜ Explicit dependency on target 'AppAuth' in project 'AppAuth'
        ➜ Explicit dependency on target 'AppAuthCore' in project 'AppAuth'
        ➜ Explicit dependency on target 'AppCheckCore' in project 'AppCheck'
        ➜ Explicit dependency on target 'GTMAppAuth' in project 'GTMAppAuth'
        ➜ Explicit dependency on target 'GTMSessionFetcherCore' in project 'GTMSessionFetcher'
    Target 'StripeCardScan' in project 'Stripe'
        ➜ Explicit dependency on target 'StripeCardScan' in project 'Stripe'
        ➜ Explicit dependency on target 'Stripe_StripeCardScan' in project 'Stripe'
        ➜ Explicit dependency on target 'StripeCore' in project 'Stripe'
    Target 'StripeCardScan' in project 'Stripe'
        ➜ Explicit dependency on target 'Stripe_StripeCardScan' in project 'Stripe'
        ➜ Explicit dependency on target 'StripeCore' in project 'Stripe'
    Target 'Stripe_StripeCardScan' in project 'Stripe' (no dependencies)
    Target 'Realtime' in project 'Supabase'
        ➜ Explicit dependency on target 'Realtime' in project 'Supabase'
        ➜ Explicit dependency on target 'Helpers' in project 'Supabase'
        ➜ Explicit dependency on target 'ConcurrencyExtras' in project 'swift-concurrency-extras'
        ➜ Explicit dependency on target 'HTTPTypes' in project 'swift-http-types'
        ➜ Explicit dependency on target 'Clocks' in project 'swift-clocks'
        ➜ Explicit dependency on target 'XCTestDynamicOverlay' in project 'xctest-dynamic-overlay'
        ➜ Explicit dependency on target 'IssueReporting' in project 'xctest-dynamic-overlay'
    Target 'Storage' in project 'Supabase'
        ➜ Explicit dependency on target 'Storage' in project 'Supabase'
        ➜ Explicit dependency on target 'Helpers' in project 'Supabase'
        ➜ Explicit dependency on target 'ConcurrencyExtras' in project 'swift-concurrency-extras'
        ➜ Explicit dependency on target 'HTTPTypes' in project 'swift-http-types'
        ➜ Explicit dependency on target 'Clocks' in project 'swift-clocks'
        ➜ Explicit dependency on target 'XCTestDynamicOverlay' in project 'xctest-dynamic-overlay'
    Target 'StripeApplePay' in project 'Stripe'
        ➜ Explicit dependency on target 'StripeApplePay' in project 'Stripe'
        ➜ Explicit dependency on target 'StripeCore' in project 'Stripe'
    Target 'Auth' in project 'Supabase'
        ➜ Explicit dependency on target 'Auth' in project 'Supabase'
        ➜ Explicit dependency on target 'Helpers' in project 'Supabase'
        ➜ Explicit dependency on target 'ConcurrencyExtras' in project 'swift-concurrency-extras'
        ➜ Explicit dependency on target 'HTTPTypes' in project 'swift-http-types'
        ➜ Explicit dependency on target 'Clocks' in project 'swift-clocks'
        ➜ Explicit dependency on target 'XCTestDynamicOverlay' in project 'xctest-dynamic-overlay'
        ➜ Explicit dependency on target 'Crypto' in project 'swift-crypto'
    Target 'StripePaymentsUI' in project 'Stripe'
        ➜ Explicit dependency on target 'StripePaymentsUI' in project 'Stripe'
        ➜ Explicit dependency on target 'Stripe_StripePaymentsUI' in project 'Stripe'
        ➜ Explicit dependency on target 'StripeCore' in project 'Stripe'
        ➜ Explicit dependency on target 'Stripe3DS2' in project 'Stripe'
        ➜ Explicit dependency on target 'StripePayments' in project 'Stripe'
        ➜ Explicit dependency on target 'StripeUICore' in project 'Stripe'
    Target 'GoogleSignInSwift' in project 'GoogleSignIn'
        ➜ Explicit dependency on target 'GoogleSignInSwift' in project 'GoogleSignIn'
        ➜ Explicit dependency on target 'GoogleSignIn_GoogleSignInSwift' in project 'GoogleSignIn'
        ➜ Explicit dependency on target 'GoogleSignIn' in project 'GoogleSignIn'
        ➜ Explicit dependency on target 'AppAuth' in project 'AppAuth'
        ➜ Explicit dependency on target 'AppAuthCore' in project 'AppAuth'
        ➜ Explicit dependency on target 'AppCheckCore' in project 'AppCheck'
        ➜ Explicit dependency on target 'GTMAppAuth' in project 'GTMAppAuth'
        ➜ Explicit dependency on target 'GTMSessionFetcherCore' in project 'GTMSessionFetcher'
    Target 'GoogleSignInSwift' in project 'GoogleSignIn'
        ➜ Explicit dependency on target 'GoogleSignIn_GoogleSignInSwift' in project 'GoogleSignIn'
        ➜ Explicit dependency on target 'GoogleSignIn' in project 'GoogleSignIn'
        ➜ Explicit dependency on target 'AppAuth' in project 'AppAuth'
        ➜ Explicit dependency on target 'AppAuthCore' in project 'AppAuth'
        ➜ Explicit dependency on target 'AppCheckCore' in project 'AppCheck'
        ➜ Explicit dependency on target 'GTMAppAuth' in project 'GTMAppAuth'
        ➜ Explicit dependency on target 'GTMSessionFetcherCore' in project 'GTMSessionFetcher'
    Target 'GoogleSignIn' in project 'GoogleSignIn'
        ➜ Explicit dependency on target 'GoogleSignIn_GoogleSignIn' in project 'GoogleSignIn'
        ➜ Explicit dependency on target 'AppAuth' in project 'AppAuth'
        ➜ Explicit dependency on target 'AppAuthCore' in project 'AppAuth'
        ➜ Explicit dependency on target 'AppCheckCore' in project 'AppCheck'
        ➜ Explicit dependency on target 'GTMAppAuth' in project 'GTMAppAuth'
        ➜ Explicit dependency on target 'GTMSessionFetcherCore' in project 'GTMSessionFetcher'
    Target 'GTMAppAuth' in project 'GTMAppAuth'
        ➜ Explicit dependency on target 'GTMAppAuth' in project 'GTMAppAuth'
        ➜ Explicit dependency on target 'GTMAppAuth_GTMAppAuth' in project 'GTMAppAuth'
        ➜ Explicit dependency on target 'GTMSessionFetcherCore' in project 'GTMSessionFetcher'
        ➜ Explicit dependency on target 'AppAuthCore' in project 'AppAuth'
    Target 'GTMAppAuth' in project 'GTMAppAuth'
        ➜ Explicit dependency on target 'GTMAppAuth_GTMAppAuth' in project 'GTMAppAuth'
        ➜ Explicit dependency on target 'GTMSessionFetcherCore' in project 'GTMSessionFetcher'
        ➜ Explicit dependency on target 'AppAuthCore' in project 'AppAuth'
    Target 'GTMSessionFetcherCore' in project 'GTMSessionFetcher'
        ➜ Explicit dependency on target 'GTMSessionFetcherCore' in project 'GTMSessionFetcher'
        ➜ Explicit dependency on target 'GTMSessionFetcher_GTMSessionFetcherCore' in project 'GTMSessionFetcher'
    Target 'GTMSessionFetcherCore' in project 'GTMSessionFetcher'
        ➜ Explicit dependency on target 'GTMSessionFetcher_GTMSessionFetcherCore' in project 'GTMSessionFetcher'
    Target 'GTMSessionFetcher_GTMSessionFetcherCore' in project 'GTMSessionFetcher' (no dependencies)
    Target 'GTMAppAuth_GTMAppAuth' in project 'GTMAppAuth' (no dependencies)
    Target 'AppCheckCore' in project 'AppCheck'
        ➜ Explicit dependency on target 'AppCheckCore' in project 'AppCheck'
        ➜ Explicit dependency on target 'FBLPromises' in project 'Promises'
        ➜ Explicit dependency on target 'GULEnvironment' in project 'GoogleUtilities'
        ➜ Explicit dependency on target 'GULUserDefaults' in project 'GoogleUtilities'
    Target 'AppCheckCore' in project 'AppCheck'
        ➜ Explicit dependency on target 'FBLPromises' in project 'Promises'
        ➜ Explicit dependency on target 'GULEnvironment' in project 'GoogleUtilities'
        ➜ Explicit dependency on target 'GULUserDefaults' in project 'GoogleUtilities'
    Target 'GULUserDefaults' in project 'GoogleUtilities'
        ➜ Explicit dependency on target 'GoogleUtilities-UserDefaults' in project 'GoogleUtilities'
        ➜ Explicit dependency on target 'GoogleUtilities_GoogleUtilities-UserDefaults' in project 'GoogleUtilities'
        ➜ Explicit dependency on target 'third-party-IsAppEncrypted' in project 'GoogleUtilities'
        ➜ Explicit dependency on target 'GoogleUtilities-Environment' in project 'GoogleUtilities'
        ➜ Explicit dependency on target 'GoogleUtilities-Logger' in project 'GoogleUtilities'
    Target 'GoogleUtilities-UserDefaults' in project 'GoogleUtilities'
        ➜ Explicit dependency on target 'GoogleUtilities_GoogleUtilities-UserDefaults' in project 'GoogleUtilities'
        ➜ Explicit dependency on target 'third-party-IsAppEncrypted' in project 'GoogleUtilities'
        ➜ Explicit dependency on target 'GoogleUtilities-Environment' in project 'GoogleUtilities'
        ➜ Explicit dependency on target 'GoogleUtilities-Logger' in project 'GoogleUtilities'
    Target 'GoogleUtilities-Logger' in project 'GoogleUtilities'
        ➜ Explicit dependency on target 'GoogleUtilities_GoogleUtilities-Logger' in project 'GoogleUtilities'
        ➜ Explicit dependency on target 'third-party-IsAppEncrypted' in project 'GoogleUtilities'
        ➜ Explicit dependency on target 'GoogleUtilities-Environment' in project 'GoogleUtilities'
    Target 'GoogleUtilities_GoogleUtilities-Logger' in project 'GoogleUtilities' (no dependencies)
    Target 'GoogleUtilities_GoogleUtilities-UserDefaults' in project 'GoogleUtilities' (no dependencies)
    Target 'GULEnvironment' in project 'GoogleUtilities'
        ➜ Explicit dependency on target 'GoogleUtilities-Environment' in project 'GoogleUtilities'
        ➜ Explicit dependency on target 'GoogleUtilities_GoogleUtilities-Environment' in project 'GoogleUtilities'
        ➜ Explicit dependency on target 'third-party-IsAppEncrypted' in project 'GoogleUtilities'
    Target 'GoogleUtilities-Environment' in project 'GoogleUtilities'
        ➜ Explicit dependency on target 'GoogleUtilities_GoogleUtilities-Environment' in project 'GoogleUtilities'
        ➜ Explicit dependency on target 'third-party-IsAppEncrypted' in project 'GoogleUtilities'
    Target 'third-party-IsAppEncrypted' in project 'GoogleUtilities' (no dependencies)
    Target 'GoogleUtilities_GoogleUtilities-Environment' in project 'GoogleUtilities' (no dependencies)
    Target 'FBLPromises' in project 'Promises'
        ➜ Explicit dependency on target 'FBLPromises' in project 'Promises'
        ➜ Explicit dependency on target 'Promises_FBLPromises' in project 'Promises'
    Target 'FBLPromises' in project 'Promises'
        ➜ Explicit dependency on target 'Promises_FBLPromises' in project 'Promises'
    Target 'Promises_FBLPromises' in project 'Promises' (no dependencies)
    Target 'AppAuthCore' in project 'AppAuth'
        ➜ Explicit dependency on target 'AppAuthCore' in project 'AppAuth'
        ➜ Explicit dependency on target 'AppAuth_AppAuthCore' in project 'AppAuth'
    Target 'AppAuth' in project 'AppAuth'
        ➜ Explicit dependency on target 'AppAuth' in project 'AppAuth'
        ➜ Explicit dependency on target 'AppAuth_AppAuth' in project 'AppAuth'
        ➜ Explicit dependency on target 'AppAuthCore' in project 'AppAuth'
    Target 'AppAuth' in project 'AppAuth'
        ➜ Explicit dependency on target 'AppAuth_AppAuth' in project 'AppAuth'
        ➜ Explicit dependency on target 'AppAuthCore' in project 'AppAuth'
    Target 'AppAuthCore' in project 'AppAuth'
        ➜ Explicit dependency on target 'AppAuth_AppAuthCore' in project 'AppAuth'
    Target 'AppAuth_AppAuthCore' in project 'AppAuth' (no dependencies)
    Target 'AppAuth_AppAuth' in project 'AppAuth' (no dependencies)
    Target 'GoogleSignIn_GoogleSignIn' in project 'GoogleSignIn' (no dependencies)
    Target 'GoogleSignIn_GoogleSignInSwift' in project 'GoogleSignIn' (no dependencies)
    Target 'StripePayments' in project 'Stripe'
        ➜ Explicit dependency on target 'StripePayments' in project 'Stripe'
        ➜ Explicit dependency on target 'Stripe_StripePayments' in project 'Stripe'
        ➜ Explicit dependency on target 'StripeCore' in project 'Stripe'
        ➜ Explicit dependency on target 'Stripe3DS2' in project 'Stripe'
    Target 'Supabase' in project 'Supabase'
        ➜ Explicit dependency on target 'Supabase' in project 'Supabase'
        ➜ Explicit dependency on target 'Functions' in project 'Supabase'
        ➜ Explicit dependency on target 'PostgREST' in project 'Supabase'
        ➜ Explicit dependency on target 'Auth' in project 'Supabase'
        ➜ Explicit dependency on target 'Realtime' in project 'Supabase'
        ➜ Explicit dependency on target 'Storage' in project 'Supabase'
        ➜ Explicit dependency on target 'Helpers' in project 'Supabase'
        ➜ Explicit dependency on target 'ConcurrencyExtras' in project 'swift-concurrency-extras'
        ➜ Explicit dependency on target 'HTTPTypes' in project 'swift-http-types'
        ➜ Explicit dependency on target 'Clocks' in project 'swift-clocks'
        ➜ Explicit dependency on target 'XCTestDynamicOverlay' in project 'xctest-dynamic-overlay'
        ➜ Explicit dependency on target 'Crypto' in project 'swift-crypto'
        ➜ Explicit dependency on target 'IssueReporting' in project 'xctest-dynamic-overlay'
    Target 'Supabase' in project 'Supabase'
        ➜ Explicit dependency on target 'Helpers' in project 'Supabase'
        ➜ Explicit dependency on target 'Auth' in project 'Supabase'
        ➜ Explicit dependency on target 'Functions' in project 'Supabase'
        ➜ Explicit dependency on target 'PostgREST' in project 'Supabase'
        ➜ Explicit dependency on target 'Realtime' in project 'Supabase'
        ➜ Explicit dependency on target 'Storage' in project 'Supabase'
        ➜ Explicit dependency on target 'ConcurrencyExtras' in project 'swift-concurrency-extras'
        ➜ Explicit dependency on target 'HTTPTypes' in project 'swift-http-types'
        ➜ Explicit dependency on target 'Clocks' in project 'swift-clocks'
        ➜ Explicit dependency on target 'XCTestDynamicOverlay' in project 'xctest-dynamic-overlay'
        ➜ Explicit dependency on target 'Crypto' in project 'swift-crypto'
        ➜ Explicit dependency on target 'IssueReporting' in project 'xctest-dynamic-overlay'
    Target 'Storage' in project 'Supabase'
        ➜ Explicit dependency on target 'Helpers' in project 'Supabase'
        ➜ Explicit dependency on target 'ConcurrencyExtras' in project 'swift-concurrency-extras'
        ➜ Explicit dependency on target 'HTTPTypes' in project 'swift-http-types'
        ➜ Explicit dependency on target 'Clocks' in project 'swift-clocks'
        ➜ Explicit dependency on target 'XCTestDynamicOverlay' in project 'xctest-dynamic-overlay'
    Target 'Realtime' in project 'Supabase'
        ➜ Explicit dependency on target 'Helpers' in project 'Supabase'
        ➜ Explicit dependency on target 'ConcurrencyExtras' in project 'swift-concurrency-extras'
        ➜ Explicit dependency on target 'HTTPTypes' in project 'swift-http-types'
        ➜ Explicit dependency on target 'Clocks' in project 'swift-clocks'
        ➜ Explicit dependency on target 'XCTestDynamicOverlay' in project 'xctest-dynamic-overlay'
        ➜ Explicit dependency on target 'IssueReporting' in project 'xctest-dynamic-overlay'
    Target 'Auth' in project 'Supabase'
        ➜ Explicit dependency on target 'Helpers' in project 'Supabase'
        ➜ Explicit dependency on target 'ConcurrencyExtras' in project 'swift-concurrency-extras'
        ➜ Explicit dependency on target 'HTTPTypes' in project 'swift-http-types'
        ➜ Explicit dependency on target 'Clocks' in project 'swift-clocks'
        ➜ Explicit dependency on target 'XCTestDynamicOverlay' in project 'xctest-dynamic-overlay'
        ➜ Explicit dependency on target 'Crypto' in project 'swift-crypto'
    Target 'Crypto' in project 'swift-crypto'
        ➜ Explicit dependency on target 'Crypto' in project 'swift-crypto'
        ➜ Explicit dependency on target 'swift-crypto_Crypto' in project 'swift-crypto'
    Target 'Crypto' in project 'swift-crypto'
        ➜ Explicit dependency on target 'swift-crypto_Crypto' in project 'swift-crypto'
    Target 'swift-crypto_Crypto' in project 'swift-crypto' (no dependencies)
    Target 'StripePaymentSheet' in project 'Stripe'
        ➜ Explicit dependency on target 'StripePaymentSheet' in project 'Stripe'
        ➜ Explicit dependency on target 'Stripe_StripePaymentSheet' in project 'Stripe'
        ➜ Explicit dependency on target 'StripeCore' in project 'Stripe'
        ➜ Explicit dependency on target 'Stripe3DS2' in project 'Stripe'
        ➜ Explicit dependency on target 'StripePayments' in project 'Stripe'
        ➜ Explicit dependency on target 'StripeUICore' in project 'Stripe'
        ➜ Explicit dependency on target 'StripePaymentsUI' in project 'Stripe'
        ➜ Explicit dependency on target 'StripeApplePay' in project 'Stripe'
    Target 'StripePaymentSheet' in project 'Stripe'
        ➜ Explicit dependency on target 'Stripe_StripePaymentSheet' in project 'Stripe'
        ➜ Explicit dependency on target 'StripeCore' in project 'Stripe'
        ➜ Explicit dependency on target 'Stripe3DS2' in project 'Stripe'
        ➜ Explicit dependency on target 'StripePayments' in project 'Stripe'
        ➜ Explicit dependency on target 'StripeUICore' in project 'Stripe'
        ➜ Explicit dependency on target 'StripePaymentsUI' in project 'Stripe'
        ➜ Explicit dependency on target 'StripeApplePay' in project 'Stripe'
    Target 'StripeApplePay' in project 'Stripe'
        ➜ Explicit dependency on target 'StripeCore' in project 'Stripe'
    Target 'StripePaymentsUI' in project 'Stripe'
        ➜ Explicit dependency on target 'Stripe_StripePaymentsUI' in project 'Stripe'
        ➜ Explicit dependency on target 'StripeCore' in project 'Stripe'
        ➜ Explicit dependency on target 'Stripe3DS2' in project 'Stripe'
        ➜ Explicit dependency on target 'StripePayments' in project 'Stripe'
        ➜ Explicit dependency on target 'StripeUICore' in project 'Stripe'
    Target 'Stripe_StripePaymentsUI' in project 'Stripe' (no dependencies)
    Target 'StripePayments' in project 'Stripe'
        ➜ Explicit dependency on target 'Stripe_StripePayments' in project 'Stripe'
        ➜ Explicit dependency on target 'StripeCore' in project 'Stripe'
        ➜ Explicit dependency on target 'Stripe3DS2' in project 'Stripe'
    Target 'Stripe_StripePayments' in project 'Stripe' (no dependencies)
    Target 'Stripe3DS2' in project 'Stripe'
        ➜ Explicit dependency on target 'Stripe_Stripe3DS2' in project 'Stripe'
    Target 'Stripe_Stripe3DS2' in project 'Stripe' (no dependencies)
    Target 'Stripe_StripePaymentSheet' in project 'Stripe' (no dependencies)
    Target 'StripeIdentity' in project 'Stripe'
        ➜ Explicit dependency on target 'StripeIdentity' in project 'Stripe'
        ➜ Explicit dependency on target 'Stripe_StripeIdentity' in project 'Stripe'
        ➜ Explicit dependency on target 'StripeCore' in project 'Stripe'
        ➜ Explicit dependency on target 'StripeUICore' in project 'Stripe'
        ➜ Explicit dependency on target 'StripeCameraCore' in project 'Stripe'
    Target 'StripeIdentity' in project 'Stripe'
        ➜ Explicit dependency on target 'Stripe_StripeIdentity' in project 'Stripe'
        ➜ Explicit dependency on target 'StripeCore' in project 'Stripe'
        ➜ Explicit dependency on target 'StripeUICore' in project 'Stripe'
        ➜ Explicit dependency on target 'StripeCameraCore' in project 'Stripe'
    Target 'StripeCameraCore' in project 'Stripe'
        ➜ Explicit dependency on target 'StripeCore' in project 'Stripe'
    Target 'Stripe_StripeIdentity' in project 'Stripe' (no dependencies)
    Target 'StripeFinancialConnections' in project 'Stripe'
        ➜ Explicit dependency on target 'StripeFinancialConnections' in project 'Stripe'
        ➜ Explicit dependency on target 'Stripe_StripeFinancialConnections' in project 'Stripe'
        ➜ Explicit dependency on target 'StripeCore' in project 'Stripe'
        ➜ Explicit dependency on target 'StripeUICore' in project 'Stripe'
    Target 'StripeFinancialConnections' in project 'Stripe'
        ➜ Explicit dependency on target 'Stripe_StripeFinancialConnections' in project 'Stripe'
        ➜ Explicit dependency on target 'StripeCore' in project 'Stripe'
        ➜ Explicit dependency on target 'StripeUICore' in project 'Stripe'
    Target 'StripeUICore' in project 'Stripe'
        ➜ Explicit dependency on target 'Stripe_StripeUICore' in project 'Stripe'
        ➜ Explicit dependency on target 'StripeCore' in project 'Stripe'
    Target 'Stripe_StripeUICore' in project 'Stripe' (no dependencies)
    Target 'StripeCore' in project 'Stripe'
        ➜ Explicit dependency on target 'Stripe_StripeCore' in project 'Stripe'
    Target 'Stripe_StripeCore' in project 'Stripe' (no dependencies)
    Target 'Stripe_StripeFinancialConnections' in project 'Stripe' (no dependencies)
    Target 'Functions' in project 'Supabase'
        ➜ Explicit dependency on target 'Functions' in project 'Supabase'
        ➜ Explicit dependency on target 'Helpers' in project 'Supabase'
        ➜ Explicit dependency on target 'ConcurrencyExtras' in project 'swift-concurrency-extras'
        ➜ Explicit dependency on target 'HTTPTypes' in project 'swift-http-types'
        ➜ Explicit dependency on target 'Clocks' in project 'swift-clocks'
        ➜ Explicit dependency on target 'XCTestDynamicOverlay' in project 'xctest-dynamic-overlay'
    Target 'Functions' in project 'Supabase'
        ➜ Explicit dependency on target 'Helpers' in project 'Supabase'
        ➜ Explicit dependency on target 'ConcurrencyExtras' in project 'swift-concurrency-extras'
        ➜ Explicit dependency on target 'HTTPTypes' in project 'swift-http-types'
        ➜ Explicit dependency on target 'Clocks' in project 'swift-clocks'
        ➜ Explicit dependency on target 'XCTestDynamicOverlay' in project 'xctest-dynamic-overlay'
    Target 'PostgREST' in project 'Supabase'
        ➜ Explicit dependency on target 'PostgREST' in project 'Supabase'
        ➜ Explicit dependency on target 'Helpers' in project 'Supabase'
        ➜ Explicit dependency on target 'ConcurrencyExtras' in project 'swift-concurrency-extras'
        ➜ Explicit dependency on target 'HTTPTypes' in project 'swift-http-types'
        ➜ Explicit dependency on target 'Clocks' in project 'swift-clocks'
        ➜ Explicit dependency on target 'XCTestDynamicOverlay' in project 'xctest-dynamic-overlay'
    Target 'PostgREST' in project 'Supabase'
        ➜ Explicit dependency on target 'Helpers' in project 'Supabase'
        ➜ Explicit dependency on target 'ConcurrencyExtras' in project 'swift-concurrency-extras'
        ➜ Explicit dependency on target 'HTTPTypes' in project 'swift-http-types'
        ➜ Explicit dependency on target 'Clocks' in project 'swift-clocks'
        ➜ Explicit dependency on target 'XCTestDynamicOverlay' in project 'xctest-dynamic-overlay'
    Target 'Helpers' in project 'Supabase'
        ➜ Explicit dependency on target 'ConcurrencyExtras' in project 'swift-concurrency-extras'
        ➜ Explicit dependency on target 'HTTPTypes' in project 'swift-http-types'
        ➜ Explicit dependency on target 'Clocks' in project 'swift-clocks'
        ➜ Explicit dependency on target 'XCTestDynamicOverlay' in project 'xctest-dynamic-overlay'
    Target 'XCTestDynamicOverlay' in project 'xctest-dynamic-overlay'
        ➜ Explicit dependency on target 'XCTestDynamicOverlay' in project 'xctest-dynamic-overlay'
        ➜ Explicit dependency on target 'IssueReportingPackageSupport' in project 'xctest-dynamic-overlay'
        ➜ Explicit dependency on target 'IssueReporting' in project 'xctest-dynamic-overlay'
    Target 'XCTestDynamicOverlay' in project 'xctest-dynamic-overlay'
        ➜ Explicit dependency on target 'IssueReportingPackageSupport' in project 'xctest-dynamic-overlay'
        ➜ Explicit dependency on target 'IssueReporting' in project 'xctest-dynamic-overlay'
    Target 'Clocks' in project 'swift-clocks'
        ➜ Explicit dependency on target 'Clocks' in project 'swift-clocks'
        ➜ Explicit dependency on target 'ConcurrencyExtras' in project 'swift-concurrency-extras'
        ➜ Explicit dependency on target 'IssueReporting' in project 'xctest-dynamic-overlay'
    Target 'Clocks' in project 'swift-clocks'
        ➜ Explicit dependency on target 'ConcurrencyExtras' in project 'swift-concurrency-extras'
        ➜ Explicit dependency on target 'IssueReporting' in project 'xctest-dynamic-overlay'
    Target 'IssueReporting' in project 'xctest-dynamic-overlay'
        ➜ Explicit dependency on target 'IssueReporting' in project 'xctest-dynamic-overlay'
        ➜ Explicit dependency on target 'IssueReportingPackageSupport' in project 'xctest-dynamic-overlay'
    Target 'IssueReporting' in project 'xctest-dynamic-overlay'
        ➜ Explicit dependency on target 'IssueReportingPackageSupport' in project 'xctest-dynamic-overlay'
    Target 'IssueReportingPackageSupport' in project 'xctest-dynamic-overlay' (no dependencies)
    Target 'HTTPTypes' in project 'swift-http-types'
        ➜ Explicit dependency on target 'HTTPTypes' in project 'swift-http-types'
    Target 'HTTPTypes' in project 'swift-http-types' (no dependencies)
    Target 'ConcurrencyExtras' in project 'swift-concurrency-extras'
        ➜ Explicit dependency on target 'ConcurrencyExtras' in project 'swift-concurrency-extras'
    Target 'ConcurrencyExtras' in project 'swift-concurrency-extras' (no dependencies)

GatherProvisioningInputs

CreateBuildDescription

ExecuteExternalTool /Applications/Xcode.app/Contents/Developer/Toolchains/XcodeDefault.xctoolchain/usr/bin/swiftc --version

ExecuteExternalTool /Applications/Xcode.app/Contents/Developer/usr/bin/actool --version --output-format xml1

ExecuteExternalTool /Applications/Xcode.app/Contents/Developer/Toolchains/XcodeDefault.xctoolchain/usr/bin/clang -v -E -dM -arch arm64 -isysroot /Applications/Xcode.app/Contents/Developer/Platforms/iPhoneSimulator.platform/Developer/SDKs/iPhoneSimulator26.0.sdk -x objective-c -c /dev/null

ExecuteExternalTool /Applications/Xcode.app/Contents/Developer/Toolchains/XcodeDefault.xctoolchain/usr/bin/clang -v -E -dM -isysroot /Applications/Xcode.app/Contents/Developer/Platforms/iPhoneSimulator.platform/Developer/SDKs/iPhoneSimulator26.0.sdk -x c -c /dev/null

ExecuteExternalTool /Applications/Xcode.app/Contents/Developer/usr/bin/actool --print-asset-tag-combinations --output-format xml1 /Users/xinyufang/Documents/Buzz/Buzz/Assets.xcassets

ExecuteExternalTool /Applications/Xcode.app/Contents/Developer/Toolchains/XcodeDefault.xctoolchain/usr/bin/clang -v -E -dM -arch arm64 -isysroot /Applications/Xcode.app/Contents/Developer/Platforms/iPhoneSimulator.platform/Developer/SDKs/iPhoneSimulator26.0.sdk -x c -c /dev/null

ExecuteExternalTool /Applications/Xcode.app/Contents/Developer/Toolchains/XcodeDefault.xctoolchain/usr/bin/ld -version_details

ReadFileContents /Applications/Xcode.app/Contents/Developer/Toolchains/XcodeDefault.xctoolchain/usr/share/docc/features.json

Build description signature: 93ce77576228ca57fbd9c2fbe3dcfd29
Build description path: /Users/xinyufang/Library/Developer/Xcode/DerivedData/Buzz-faillbpsmponqzeruhhvskovixzk/Build/Intermediates.noindex/XCBuildData/93ce77576228ca57fbd9c2fbe3dcfd29.xcbuilddata
ClangStatCache /Applications/Xcode.app/Contents/Developer/Toolchains/XcodeDefault.xctoolchain/usr/bin/clang-stat-cache /Applications/Xcode.app/Contents/Developer/Platforms/iPhoneSimulator.platform/Developer/SDKs/iPhoneSimulator26.0.sdk /Users/xinyufang/Library/Developer/Xcode/DerivedData/SDKStatCaches.noindex/iphonesimulator26.0-23A339-26257891a6c027eb51374368541b8346.sdkstatcache
    cd /Users/xinyufang/Documents/Buzz/Buzz.xcodeproj
    /Applications/Xcode.app/Contents/Developer/Toolchains/XcodeDefault.xctoolchain/usr/bin/clang-stat-cache /Applications/Xcode.app/Contents/Developer/Platforms/iPhoneSimulator.platform/Developer/SDKs/iPhoneSimulator26.0.sdk -o /Users/xinyufang/Library/Developer/Xcode/DerivedData/SDKStatCaches.noindex/iphonesimulator26.0-23A339-26257891a6c027eb51374368541b8346.sdkstatcache

CreateBuildDirectory /Users/xinyufang/Library/Developer/Xcode/DerivedData/Buzz-faillbpsmponqzeruhhvskovixzk/Build/Intermediates.noindex
    cd /Users/xinyufang/Documents/Buzz/Buzz.xcodeproj
    builtin-create-build-directory /Users/xinyufang/Library/Developer/Xcode/DerivedData/Buzz-faillbpsmponqzeruhhvskovixzk/Build/Intermediates.noindex

CreateBuildDirectory /Users/xinyufang/Library/Developer/Xcode/DerivedData/Buzz-faillbpsmponqzeruhhvskovixzk/Build/Products
    cd /Users/xinyufang/Documents/Buzz/Buzz.xcodeproj
    builtin-create-build-directory /Users/xinyufang/Library/Developer/Xcode/DerivedData/Buzz-faillbpsmponqzeruhhvskovixzk/Build/Products

CreateBuildDirectory /Users/xinyufang/Library/Developer/Xcode/DerivedData/Buzz-faillbpsmponqzeruhhvskovixzk/Build/Products/Debug-iphonesimulator
    cd /Users/xinyufang/Documents/Buzz/Buzz.xcodeproj
    builtin-create-build-directory /Users/xinyufang/Library/Developer/Xcode/DerivedData/Buzz-faillbpsmponqzeruhhvskovixzk/Build/Products/Debug-iphonesimulator

CreateBuildDirectory /Users/xinyufang/Library/Developer/Xcode/DerivedData/Buzz-faillbpsmponqzeruhhvskovixzk/Build/Intermediates.noindex/ExplicitPrecompiledModules
    cd /Users/xinyufang/Documents/Buzz/Buzz.xcodeproj
    builtin-create-build-directory /Users/xinyufang/Library/Developer/Xcode/DerivedData/Buzz-faillbpsmponqzeruhhvskovixzk/Build/Intermediates.noindex/ExplicitPrecompiledModules

CreateBuildDirectory /Users/xinyufang/Library/Developer/Xcode/DerivedData/Buzz-faillbpsmponqzeruhhvskovixzk/Build/Intermediates.noindex/SwiftExplicitPrecompiledModules
    cd /Users/xinyufang/Documents/Buzz/Buzz.xcodeproj
    builtin-create-build-directory /Users/xinyufang/Library/Developer/Xcode/DerivedData/Buzz-faillbpsmponqzeruhhvskovixzk/Build/Intermediates.noindex/SwiftExplicitPrecompiledModules

CreateBuildDirectory /Users/xinyufang/Library/Developer/Xcode/DerivedData/Buzz-faillbpsmponqzeruhhvskovixzk/Build/Intermediates.noindex/EagerLinkingTBDs/Debug-iphonesimulator
    cd /Users/xinyufang/Documents/Buzz/Buzz.xcodeproj
    builtin-create-build-directory /Users/xinyufang/Library/Developer/Xcode/DerivedData/Buzz-faillbpsmponqzeruhhvskovixzk/Build/Intermediates.noindex/EagerLinkingTBDs/Debug-iphonesimulator

WriteAuxiliaryFile /Users/xinyufang/Library/Developer/Xcode/DerivedData/Buzz-faillbpsmponqzeruhhvskovixzk/Build/Intermediates.noindex/Buzz.build/Debug-iphonesimulator/Buzz-f0f0de0f2b92c66dbd5712a40458aba1-VFS-iphonesimulator/all-product-headers.yaml
    cd /Users/xinyufang/Documents/Buzz/Buzz.xcodeproj
    write-file /Users/xinyufang/Library/Developer/Xcode/DerivedData/Buzz-faillbpsmponqzeruhhvskovixzk/Build/Intermediates.noindex/Buzz.build/Debug-iphonesimulator/Buzz-f0f0de0f2b92c66dbd5712a40458aba1-VFS-iphonesimulator/all-product-headers.yaml

CreateBuildDirectory /Users/xinyufang/Library/Developer/Xcode/DerivedData/Buzz-faillbpsmponqzeruhhvskovixzk/Build/Products/Debug-iphonesimulator/PackageFrameworks
    cd /Users/xinyufang/Documents/Buzz/Buzz.xcodeproj
    builtin-create-build-directory /Users/xinyufang/Library/Developer/Xcode/DerivedData/Buzz-faillbpsmponqzeruhhvskovixzk/Build/Products/Debug-iphonesimulator/PackageFrameworks

WriteAuxiliaryFile /Users/xinyufang/Library/Developer/Xcode/DerivedData/Buzz-faillbpsmponqzeruhhvskovixzk/Build/Intermediates.noindex/Stripe.build/Debug-iphonesimulator/Stripe_StripePaymentsUI.build/Stripe_StripePaymentsUI.DependencyMetadataFileList (in target 'Stripe_StripePaymentsUI' from project 'Stripe')
    cd /Users/xinyufang/Library/Developer/Xcode/DerivedData/Buzz-faillbpsmponqzeruhhvskovixzk/SourcePackages/checkouts/stripe-ios-spm
    write-file /Users/xinyufang/Library/Developer/Xcode/DerivedData/Buzz-faillbpsmponqzeruhhvskovixzk/Build/Intermediates.noindex/Stripe.build/Debug-iphonesimulator/Stripe_StripePaymentsUI.build/Stripe_StripePaymentsUI.DependencyMetadataFileList

WriteAuxiliaryFile /Users/xinyufang/Library/Developer/Xcode/DerivedData/Buzz-faillbpsmponqzeruhhvskovixzk/Build/Intermediates.noindex/Stripe.build/Debug-iphonesimulator/Stripe_StripePaymentsUI.build/Stripe_StripePaymentsUI.DependencyStaticMetadataFileList (in target 'Stripe_StripePaymentsUI' from project 'Stripe')
    cd /Users/xinyufang/Library/Developer/Xcode/DerivedData/Buzz-faillbpsmponqzeruhhvskovixzk/SourcePackages/checkouts/stripe-ios-spm
    write-file /Users/xinyufang/Library/Developer/Xcode/DerivedData/Buzz-faillbpsmponqzeruhhvskovixzk/Build/Intermediates.noindex/Stripe.build/Debug-iphonesimulator/Stripe_StripePaymentsUI.build/Stripe_StripePaymentsUI.DependencyStaticMetadataFileList

WriteAuxiliaryFile /Users/xinyufang/Library/Developer/Xcode/DerivedData/Buzz-faillbpsmponqzeruhhvskovixzk/Build/Intermediates.noindex/Stripe.build/Debug-iphonesimulator/Stripe_StripeUICore.build/Stripe_StripeUICore.DependencyStaticMetadataFileList (in target 'Stripe_StripeUICore' from project 'Stripe')
    cd /Users/xinyufang/Library/Developer/Xcode/DerivedData/Buzz-faillbpsmponqzeruhhvskovixzk/SourcePackages/checkouts/stripe-ios-spm
    write-file /Users/xinyufang/Library/Developer/Xcode/DerivedData/Buzz-faillbpsmponqzeruhhvskovixzk/Build/Intermediates.noindex/Stripe.build/Debug-iphonesimulator/Stripe_StripeUICore.build/Stripe_StripeUICore.DependencyStaticMetadataFileList

WriteAuxiliaryFile /Users/xinyufang/Library/Developer/Xcode/DerivedData/Buzz-faillbpsmponqzeruhhvskovixzk/Build/Intermediates.noindex/Stripe.build/Debug-iphonesimulator/Stripe_StripePayments.build/empty-Stripe_StripePayments.plist (in target 'Stripe_StripePayments' from project 'Stripe')
    cd /Users/xinyufang/Library/Developer/Xcode/DerivedData/Buzz-faillbpsmponqzeruhhvskovixzk/SourcePackages/checkouts/stripe-ios-spm
    write-file /Users/xinyufang/Library/Developer/Xcode/DerivedData/Buzz-faillbpsmponqzeruhhvskovixzk/Build/Intermediates.noindex/Stripe.build/Debug-iphonesimulator/Stripe_StripePayments.build/empty-Stripe_StripePayments.plist

WriteAuxiliaryFile /Users/xinyufang/Library/Developer/Xcode/DerivedData/Buzz-faillbpsmponqzeruhhvskovixzk/Build/Intermediates.noindex/Stripe.build/Debug-iphonesimulator/Stripe_StripeUICore.build/empty-Stripe_StripeUICore.plist (in target 'Stripe_StripeUICore' from project 'Stripe')
    cd /Users/xinyufang/Library/Developer/Xcode/DerivedData/Buzz-faillbpsmponqzeruhhvskovixzk/SourcePackages/checkouts/stripe-ios-spm
    write-file /Users/xinyufang/Library/Developer/Xcode/DerivedData/Buzz-faillbpsmponqzeruhhvskovixzk/Build/Intermediates.noindex/Stripe.build/Debug-iphonesimulator/Stripe_StripeUICore.build/empty-Stripe_StripeUICore.plist

WriteAuxiliaryFile /Users/xinyufang/Library/Developer/Xcode/DerivedData/Buzz-faillbpsmponqzeruhhvskovixzk/Build/Intermediates.noindex/Stripe.build/Debug-iphonesimulator/Stripe_StripePaymentsUI.build/empty-Stripe_StripePaymentsUI.plist (in target 'Stripe_StripePaymentsUI' from project 'Stripe')
    cd /Users/xinyufang/Library/Developer/Xcode/DerivedData/Buzz-faillbpsmponqzeruhhvskovixzk/SourcePackages/checkouts/stripe-ios-spm
    write-file /Users/xinyufang/Library/Developer/Xcode/DerivedData/Buzz-faillbpsmponqzeruhhvskovixzk/Build/Intermediates.noindex/Stripe.build/Debug-iphonesimulator/Stripe_StripePaymentsUI.build/empty-Stripe_StripePaymentsUI.plist

WriteAuxiliaryFile /Users/xinyufang/Library/Developer/Xcode/DerivedData/Buzz-faillbpsmponqzeruhhvskovixzk/Build/Intermediates.noindex/Stripe.build/Debug-iphonesimulator/Stripe_StripeUICore.build/Stripe_StripeUICore.DependencyMetadataFileList (in target 'Stripe_StripeUICore' from project 'Stripe')
    cd /Users/xinyufang/Library/Developer/Xcode/DerivedData/Buzz-faillbpsmponqzeruhhvskovixzk/SourcePackages/checkouts/stripe-ios-spm
    write-file /Users/xinyufang/Library/Developer/Xcode/DerivedData/Buzz-faillbpsmponqzeruhhvskovixzk/Build/Intermediates.noindex/Stripe.build/Debug-iphonesimulator/Stripe_StripeUICore.build/Stripe_StripeUICore.DependencyMetadataFileList

WriteAuxiliaryFile /Users/xinyufang/Library/Developer/Xcode/DerivedData/Buzz-faillbpsmponqzeruhhvskovixzk/Build/Intermediates.noindex/Stripe.build/Debug-iphonesimulator/Stripe_StripePayments.build/Stripe_StripePayments.DependencyStaticMetadataFileList (in target 'Stripe_StripePayments' from project 'Stripe')
    cd /Users/xinyufang/Library/Developer/Xcode/DerivedData/Buzz-faillbpsmponqzeruhhvskovixzk/SourcePackages/checkouts/stripe-ios-spm
    write-file /Users/xinyufang/Library/Developer/Xcode/DerivedData/Buzz-faillbpsmponqzeruhhvskovixzk/Build/Intermediates.noindex/Stripe.build/Debug-iphonesimulator/Stripe_StripePayments.build/Stripe_StripePayments.DependencyStaticMetadataFileList

WriteAuxiliaryFile /Users/xinyufang/Library/Developer/Xcode/DerivedData/Buzz-faillbpsmponqzeruhhvskovixzk/Build/Intermediates.noindex/Stripe.build/Debug-iphonesimulator/Stripe_StripePayments.build/Stripe_StripePayments.DependencyMetadataFileList (in target 'Stripe_StripePayments' from project 'Stripe')
    cd /Users/xinyufang/Library/Developer/Xcode/DerivedData/Buzz-faillbpsmponqzeruhhvskovixzk/SourcePackages/checkouts/stripe-ios-spm
    write-file /Users/xinyufang/Library/Developer/Xcode/DerivedData/Buzz-faillbpsmponqzeruhhvskovixzk/Build/Intermediates.noindex/Stripe.build/Debug-iphonesimulator/Stripe_StripePayments.build/Stripe_StripePayments.DependencyMetadataFileList

WriteAuxiliaryFile /Users/xinyufang/Library/Developer/Xcode/DerivedData/Buzz-faillbpsmponqzeruhhvskovixzk/Build/Intermediates.noindex/Stripe.build/Debug-iphonesimulator/Stripe_StripePaymentSheet.build/empty-Stripe_StripePaymentSheet.plist (in target 'Stripe_StripePaymentSheet' from project 'Stripe')
    cd /Users/xinyufang/Library/Developer/Xcode/DerivedData/Buzz-faillbpsmponqzeruhhvskovixzk/SourcePackages/checkouts/stripe-ios-spm
    write-file /Users/xinyufang/Library/Developer/Xcode/DerivedData/Buzz-faillbpsmponqzeruhhvskovixzk/Build/Intermediates.noindex/Stripe.build/Debug-iphonesimulator/Stripe_StripePaymentSheet.build/empty-Stripe_StripePaymentSheet.plist

WriteAuxiliaryFile /Users/xinyufang/Library/Developer/Xcode/DerivedData/Buzz-faillbpsmponqzeruhhvskovixzk/Build/Intermediates.noindex/Stripe.build/Debug-iphonesimulator/Stripe_StripePaymentSheet.build/Stripe_StripePaymentSheet.DependencyStaticMetadataFileList (in target 'Stripe_StripePaymentSheet' from project 'Stripe')
    cd /Users/xinyufang/Library/Developer/Xcode/DerivedData/Buzz-faillbpsmponqzeruhhvskovixzk/SourcePackages/checkouts/stripe-ios-spm
    write-file /Users/xinyufang/Library/Developer/Xcode/DerivedData/Buzz-faillbpsmponqzeruhhvskovixzk/Build/Intermediates.noindex/Stripe.build/Debug-iphonesimulator/Stripe_StripePaymentSheet.build/Stripe_StripePaymentSheet.DependencyStaticMetadataFileList

WriteAuxiliaryFile /Users/xinyufang/Library/Developer/Xcode/DerivedData/Buzz-faillbpsmponqzeruhhvskovixzk/Build/Intermediates.noindex/Stripe.build/Debug-iphonesimulator/Stripe_StripePaymentSheet.build/Stripe_StripePaymentSheet.DependencyMetadataFileList (in target 'Stripe_StripePaymentSheet' from project 'Stripe')
    cd /Users/xinyufang/Library/Developer/Xcode/DerivedData/Buzz-faillbpsmponqzeruhhvskovixzk/SourcePackages/checkouts/stripe-ios-spm
    write-file /Users/xinyufang/Library/Developer/Xcode/DerivedData/Buzz-faillbpsmponqzeruhhvskovixzk/Build/Intermediates.noindex/Stripe.build/Debug-iphonesimulator/Stripe_StripePaymentSheet.build/Stripe_StripePaymentSheet.DependencyMetadataFileList

WriteAuxiliaryFile /Users/xinyufang/Library/Developer/Xcode/DerivedData/Buzz-faillbpsmponqzeruhhvskovixzk/Build/Intermediates.noindex/Stripe.build/Debug-iphonesimulator/Stripe_StripeIdentity.build/empty-Stripe_StripeIdentity.plist (in target 'Stripe_StripeIdentity' from project 'Stripe')
    cd /Users/xinyufang/Library/Developer/Xcode/DerivedData/Buzz-faillbpsmponqzeruhhvskovixzk/SourcePackages/checkouts/stripe-ios-spm
    write-file /Users/xinyufang/Library/Developer/Xcode/DerivedData/Buzz-faillbpsmponqzeruhhvskovixzk/Build/Intermediates.noindex/Stripe.build/Debug-iphonesimulator/Stripe_StripeIdentity.build/empty-Stripe_StripeIdentity.plist

WriteAuxiliaryFile /Users/xinyufang/Library/Developer/Xcode/DerivedData/Buzz-faillbpsmponqzeruhhvskovixzk/Build/Intermediates.noindex/Stripe.build/Debug-iphonesimulator/Stripe_StripeIdentity.build/Stripe_StripeIdentity.DependencyStaticMetadataFileList (in target 'Stripe_StripeIdentity' from project 'Stripe')
    cd /Users/xinyufang/Library/Developer/Xcode/DerivedData/Buzz-faillbpsmponqzeruhhvskovixzk/SourcePackages/checkouts/stripe-ios-spm
    write-file /Users/xinyufang/Library/Developer/Xcode/DerivedData/Buzz-faillbpsmponqzeruhhvskovixzk/Build/Intermediates.noindex/Stripe.build/Debug-iphonesimulator/Stripe_StripeIdentity.build/Stripe_StripeIdentity.DependencyStaticMetadataFileList

WriteAuxiliaryFile /Users/xinyufang/Library/Developer/Xcode/DerivedData/Buzz-faillbpsmponqzeruhhvskovixzk/Build/Intermediates.noindex/Stripe.build/Debug-iphonesimulator/Stripe_StripeIdentity.build/Stripe_StripeIdentity.DependencyMetadataFileList (in target 'Stripe_StripeIdentity' from project 'Stripe')
    cd /Users/xinyufang/Library/Developer/Xcode/DerivedData/Buzz-faillbpsmponqzeruhhvskovixzk/SourcePackages/checkouts/stripe-ios-spm
    write-file /Users/xinyufang/Library/Developer/Xcode/DerivedData/Buzz-faillbpsmponqzeruhhvskovixzk/Build/Intermediates.noindex/Stripe.build/Debug-iphonesimulator/Stripe_StripeIdentity.build/Stripe_StripeIdentity.DependencyMetadataFileList

WriteAuxiliaryFile /Users/xinyufang/Library/Developer/Xcode/DerivedData/Buzz-faillbpsmponqzeruhhvskovixzk/Build/Intermediates.noindex/GoogleUtilities.build/Debug-iphonesimulator/third-party-IsAppEncrypted.build/third-party-IsAppEncrypted.modulemap (in target 'third-party-IsAppEncrypted' from project 'GoogleUtilities')
    cd /Users/xinyufang/Library/Developer/Xcode/DerivedData/Buzz-faillbpsmponqzeruhhvskovixzk/SourcePackages/checkouts/GoogleUtilities
    write-file /Users/xinyufang/Library/Developer/Xcode/DerivedData/Buzz-faillbpsmponqzeruhhvskovixzk/Build/Intermediates.noindex/GoogleUtilities.build/Debug-iphonesimulator/third-party-IsAppEncrypted.build/third-party-IsAppEncrypted.modulemap

WriteAuxiliaryFile /Users/xinyufang/Library/Developer/Xcode/DerivedData/Buzz-faillbpsmponqzeruhhvskovixzk/Build/Intermediates.noindex/GoogleUtilities.build/Debug-iphonesimulator/third-party-IsAppEncrypted.build/third-party-IsAppEncrypted.DependencyStaticMetadataFileList (in target 'third-party-IsAppEncrypted' from project 'GoogleUtilities')
    cd /Users/xinyufang/Library/Developer/Xcode/DerivedData/Buzz-faillbpsmponqzeruhhvskovixzk/SourcePackages/checkouts/GoogleUtilities
    write-file /Users/xinyufang/Library/Developer/Xcode/DerivedData/Buzz-faillbpsmponqzeruhhvskovixzk/Build/Intermediates.noindex/GoogleUtilities.build/Debug-iphonesimulator/third-party-IsAppEncrypted.build/third-party-IsAppEncrypted.DependencyStaticMetadataFileList

WriteAuxiliaryFile /Users/xinyufang/Library/Developer/Xcode/DerivedData/Buzz-faillbpsmponqzeruhhvskovixzk/Build/Intermediates.noindex/GoogleUtilities.build/Debug-iphonesimulator/third-party-IsAppEncrypted.build/third-party-IsAppEncrypted.DependencyMetadataFileList (in target 'third-party-IsAppEncrypted' from project 'GoogleUtilities')
    cd /Users/xinyufang/Library/Developer/Xcode/DerivedData/Buzz-faillbpsmponqzeruhhvskovixzk/SourcePackages/checkouts/GoogleUtilities
    write-file /Users/xinyufang/Library/Developer/Xcode/DerivedData/Buzz-faillbpsmponqzeruhhvskovixzk/Build/Intermediates.noindex/GoogleUtilities.build/Debug-iphonesimulator/third-party-IsAppEncrypted.build/third-party-IsAppEncrypted.DependencyMetadataFileList

WriteAuxiliaryFile /Users/xinyufang/Library/Developer/Xcode/DerivedData/Buzz-faillbpsmponqzeruhhvskovixzk/Build/Intermediates.noindex/GoogleUtilities.build/Debug-iphonesimulator/third-party-IsAppEncrypted.build/Objects-normal/arm64/e6072d4f65d7061329687fe24e3d63a7-common-args.resp (in target 'third-party-IsAppEncrypted' from project 'GoogleUtilities')
    cd /Users/xinyufang/Library/Developer/Xcode/DerivedData/Buzz-faillbpsmponqzeruhhvskovixzk/SourcePackages/checkouts/GoogleUtilities
    write-file /Users/xinyufang/Library/Developer/Xcode/DerivedData/Buzz-faillbpsmponqzeruhhvskovixzk/Build/Intermediates.noindex/GoogleUtilities.build/Debug-iphonesimulator/third-party-IsAppEncrypted.build/Objects-normal/arm64/e6072d4f65d7061329687fe24e3d63a7-common-args.resp
-target arm64-apple-ios12.0-simulator '-std=c99' -fobjc-arc -fmodules -gmodules '-fmodules-cache-path=/Users/xinyufang/Library/Developer/Xcode/DerivedData/ModuleCache.noindex' '-fmodule-name=third_party_IsAppEncrypted' -fpascal-strings -O0 -DSWIFT_PACKAGE '-DDEBUG=1' '-DOBJC_OLD_DISPATCH_PROTOTYPES=1' -isysroot /Applications/Xcode.app/Contents/Developer/Platforms/iPhoneSimulator.platform/Developer/SDKs/iPhoneSimulator26.0.sdk -g '-fobjc-abi-version=2' -fobjc-legacy-dispatch -I/Users/xinyufang/Library/Developer/Xcode/DerivedData/Buzz-faillbpsmponqzeruhhvskovixzk/Build/Products/Debug-iphonesimulator/include -I/Users/xinyufang/Library/Developer/Xcode/DerivedData/Buzz-faillbpsmponqzeruhhvskovixzk/SourcePackages/checkouts/GoogleUtilities/third_party/IsAppEncrypted/Public -I/Users/xinyufang/Library/Developer/Xcode/DerivedData/Buzz-faillbpsmponqzeruhhvskovixzk/SourcePackages/checkouts/GoogleUtilities -I/Users/xinyufang/Library/Developer/Xcode/DerivedData/Buzz-faillbpsmponqzeruhhvskovixzk/Build/Intermediates.noindex/GoogleUtilities.build/Debug-iphonesimulator/third-party-IsAppEncrypted.build/DerivedSources-normal/arm64 -I/Users/xinyufang/Library/Developer/Xcode/DerivedData/Buzz-faillbpsmponqzeruhhvskovixzk/Build/Intermediates.noindex/GoogleUtilities.build/Debug-iphonesimulator/third-party-IsAppEncrypted.build/DerivedSources/arm64 -I/Users/xinyufang/Library/Developer/Xcode/DerivedData/Buzz-faillbpsmponqzeruhhvskovixzk/Build/Intermediates.noindex/GoogleUtilities.build/Debug-iphonesimulator/third-party-IsAppEncrypted.build/DerivedSources -F/Users/xinyufang/Library/Developer/Xcode/DerivedData/Buzz-faillbpsmponqzeruhhvskovixzk/Build/Products/Debug-iphonesimulator -iframework /Applications/Xcode.app/Contents/Developer/Platforms/iPhoneSimulator.platform/Developer/Library/Frameworks -iframework /Applications/Xcode.app/Contents/Developer/Platforms/iPhoneSimulator.platform/Developer/SDKs/iPhoneSimulator26.0.sdk/Developer/Library/Frameworks -DXcode

WriteAuxiliaryFile /Users/xinyufang/Library/Developer/Xcode/DerivedData/Buzz-faillbpsmponqzeruhhvskovixzk/Build/Intermediates.noindex/GoogleUtilities.build/Debug-iphonesimulator/third-party-IsAppEncrypted.build/Objects-normal/arm64/third-party-IsAppEncrypted.LinkFileList (in target 'third-party-IsAppEncrypted' from project 'GoogleUtilities')
    cd /Users/xinyufang/Library/Developer/Xcode/DerivedData/Buzz-faillbpsmponqzeruhhvskovixzk/SourcePackages/checkouts/GoogleUtilities
    write-file /Users/xinyufang/Library/Developer/Xcode/DerivedData/Buzz-faillbpsmponqzeruhhvskovixzk/Build/Intermediates.noindex/GoogleUtilities.build/Debug-iphonesimulator/third-party-IsAppEncrypted.build/Objects-normal/arm64/third-party-IsAppEncrypted.LinkFileList

WriteAuxiliaryFile /Users/xinyufang/Library/Developer/Xcode/DerivedData/Buzz-faillbpsmponqzeruhhvskovixzk/Build/Intermediates.noindex/swift-crypto.build/Debug-iphonesimulator/swift-crypto_Crypto.build/swift-crypto_Crypto.DependencyStaticMetadataFileList (in target 'swift-crypto_Crypto' from project 'swift-crypto')
    cd /Users/xinyufang/Library/Developer/Xcode/DerivedData/Buzz-faillbpsmponqzeruhhvskovixzk/SourcePackages/checkouts/swift-crypto
    write-file /Users/xinyufang/Library/Developer/Xcode/DerivedData/Buzz-faillbpsmponqzeruhhvskovixzk/Build/Intermediates.noindex/swift-crypto.build/Debug-iphonesimulator/swift-crypto_Crypto.build/swift-crypto_Crypto.DependencyStaticMetadataFileList

WriteAuxiliaryFile /Users/xinyufang/Library/Developer/Xcode/DerivedData/Buzz-faillbpsmponqzeruhhvskovixzk/Build/Intermediates.noindex/swift-crypto.build/Debug-iphonesimulator/swift-crypto_Crypto.build/swift-crypto_Crypto.DependencyMetadataFileList (in target 'swift-crypto_Crypto' from project 'swift-crypto')
    cd /Users/xinyufang/Library/Developer/Xcode/DerivedData/Buzz-faillbpsmponqzeruhhvskovixzk/SourcePackages/checkouts/swift-crypto
    write-file /Users/xinyufang/Library/Developer/Xcode/DerivedData/Buzz-faillbpsmponqzeruhhvskovixzk/Build/Intermediates.noindex/swift-crypto.build/Debug-iphonesimulator/swift-crypto_Crypto.build/swift-crypto_Crypto.DependencyMetadataFileList

WriteAuxiliaryFile /Users/xinyufang/Library/Developer/Xcode/DerivedData/Buzz-faillbpsmponqzeruhhvskovixzk/Build/Intermediates.noindex/swift-crypto.build/Debug-iphonesimulator/swift-crypto_Crypto.build/empty-swift-crypto_Crypto.plist (in target 'swift-crypto_Crypto' from project 'swift-crypto')
    cd /Users/xinyufang/Library/Developer/Xcode/DerivedData/Buzz-faillbpsmponqzeruhhvskovixzk/SourcePackages/checkouts/swift-crypto
    write-file /Users/xinyufang/Library/Developer/Xcode/DerivedData/Buzz-faillbpsmponqzeruhhvskovixzk/Build/Intermediates.noindex/swift-crypto.build/Debug-iphonesimulator/swift-crypto_Crypto.build/empty-swift-crypto_Crypto.plist

WriteAuxiliaryFile /Users/xinyufang/Library/Developer/Xcode/DerivedData/Buzz-faillbpsmponqzeruhhvskovixzk/Build/Intermediates.noindex/xctest-dynamic-overlay.build/Debug-iphonesimulator/XCTestDynamicOverlay.build/XCTestDynamicOverlay.modulemap (in target 'XCTestDynamicOverlay' from project 'xctest-dynamic-overlay')
    cd /Users/xinyufang/Library/Developer/Xcode/DerivedData/Buzz-faillbpsmponqzeruhhvskovixzk/SourcePackages/checkouts/xctest-dynamic-overlay
    write-file /Users/xinyufang/Library/Developer/Xcode/DerivedData/Buzz-faillbpsmponqzeruhhvskovixzk/Build/Intermediates.noindex/xctest-dynamic-overlay.build/Debug-iphonesimulator/XCTestDynamicOverlay.build/XCTestDynamicOverlay.modulemap

WriteAuxiliaryFile /Users/xinyufang/Library/Developer/Xcode/DerivedData/Buzz-faillbpsmponqzeruhhvskovixzk/Build/Intermediates.noindex/xctest-dynamic-overlay.build/Debug-iphonesimulator/XCTestDynamicOverlay.build/XCTestDynamicOverlay.DependencyStaticMetadataFileList (in target 'XCTestDynamicOverlay' from project 'xctest-dynamic-overlay')
    cd /Users/xinyufang/Library/Developer/Xcode/DerivedData/Buzz-faillbpsmponqzeruhhvskovixzk/SourcePackages/checkouts/xctest-dynamic-overlay
    write-file /Users/xinyufang/Library/Developer/Xcode/DerivedData/Buzz-faillbpsmponqzeruhhvskovixzk/Build/Intermediates.noindex/xctest-dynamic-overlay.build/Debug-iphonesimulator/XCTestDynamicOverlay.build/XCTestDynamicOverlay.DependencyStaticMetadataFileList

WriteAuxiliaryFile /Users/xinyufang/Library/Developer/Xcode/DerivedData/Buzz-faillbpsmponqzeruhhvskovixzk/Build/Intermediates.noindex/xctest-dynamic-overlay.build/Debug-iphonesimulator/XCTestDynamicOverlay.build/XCTestDynamicOverlay.DependencyMetadataFileList (in target 'XCTestDynamicOverlay' from project 'xctest-dynamic-overlay')
    cd /Users/xinyufang/Library/Developer/Xcode/DerivedData/Buzz-faillbpsmponqzeruhhvskovixzk/SourcePackages/checkouts/xctest-dynamic-overlay
    write-file /Users/xinyufang/Library/Developer/Xcode/DerivedData/Buzz-faillbpsmponqzeruhhvskovixzk/Build/Intermediates.noindex/xctest-dynamic-overlay.build/Debug-iphonesimulator/XCTestDynamicOverlay.build/XCTestDynamicOverlay.DependencyMetadataFileList

WriteAuxiliaryFile /Users/xinyufang/Library/Developer/Xcode/DerivedData/Buzz-faillbpsmponqzeruhhvskovixzk/Build/Intermediates.noindex/xctest-dynamic-overlay.build/Debug-iphonesimulator/XCTestDynamicOverlay.build/Objects-normal/arm64/XCTestDynamicOverlay.SwiftFileList (in target 'XCTestDynamicOverlay' from project 'xctest-dynamic-overlay')
    cd /Users/xinyufang/Library/Developer/Xcode/DerivedData/Buzz-faillbpsmponqzeruhhvskovixzk/SourcePackages/checkouts/xctest-dynamic-overlay
    write-file /Users/xinyufang/Library/Developer/Xcode/DerivedData/Buzz-faillbpsmponqzeruhhvskovixzk/Build/Intermediates.noindex/xctest-dynamic-overlay.build/Debug-iphonesimulator/XCTestDynamicOverlay.build/Objects-normal/arm64/XCTestDynamicOverlay.SwiftFileList

WriteAuxiliaryFile /Users/xinyufang/Library/Developer/Xcode/DerivedData/Buzz-faillbpsmponqzeruhhvskovixzk/Build/Intermediates.noindex/xctest-dynamic-overlay.build/Debug-iphonesimulator/XCTestDynamicOverlay.build/Objects-normal/arm64/XCTestDynamicOverlay_const_extract_protocols.json (in target 'XCTestDynamicOverlay' from project 'xctest-dynamic-overlay')
    cd /Users/xinyufang/Library/Developer/Xcode/DerivedData/Buzz-faillbpsmponqzeruhhvskovixzk/SourcePackages/checkouts/xctest-dynamic-overlay
    write-file /Users/xinyufang/Library/Developer/Xcode/DerivedData/Buzz-faillbpsmponqzeruhhvskovixzk/Build/Intermediates.noindex/xctest-dynamic-overlay.build/Debug-iphonesimulator/XCTestDynamicOverlay.build/Objects-normal/arm64/XCTestDynamicOverlay_const_extract_protocols.json

WriteAuxiliaryFile /Users/xinyufang/Library/Developer/Xcode/DerivedData/Buzz-faillbpsmponqzeruhhvskovixzk/Build/Intermediates.noindex/xctest-dynamic-overlay.build/Debug-iphonesimulator/XCTestDynamicOverlay.build/Objects-normal/arm64/XCTestDynamicOverlay.SwiftConstValuesFileList (in target 'XCTestDynamicOverlay' from project 'xctest-dynamic-overlay')
    cd /Users/xinyufang/Library/Developer/Xcode/DerivedData/Buzz-faillbpsmponqzeruhhvskovixzk/SourcePackages/checkouts/xctest-dynamic-overlay
    write-file /Users/xinyufang/Library/Developer/Xcode/DerivedData/Buzz-faillbpsmponqzeruhhvskovixzk/Build/Intermediates.noindex/xctest-dynamic-overlay.build/Debug-iphonesimulator/XCTestDynamicOverlay.build/Objects-normal/arm64/XCTestDynamicOverlay.SwiftConstValuesFileList

WriteAuxiliaryFile /Users/xinyufang/Library/Developer/Xcode/DerivedData/Buzz-faillbpsmponqzeruhhvskovixzk/Build/Intermediates.noindex/xctest-dynamic-overlay.build/Debug-iphonesimulator/XCTestDynamicOverlay.build/Objects-normal/arm64/XCTestDynamicOverlay.LinkFileList (in target 'XCTestDynamicOverlay' from project 'xctest-dynamic-overlay')
    cd /Users/xinyufang/Library/Developer/Xcode/DerivedData/Buzz-faillbpsmponqzeruhhvskovixzk/SourcePackages/checkouts/xctest-dynamic-overlay
    write-file /Users/xinyufang/Library/Developer/Xcode/DerivedData/Buzz-faillbpsmponqzeruhhvskovixzk/Build/Intermediates.noindex/xctest-dynamic-overlay.build/Debug-iphonesimulator/XCTestDynamicOverlay.build/Objects-normal/arm64/XCTestDynamicOverlay.LinkFileList

WriteAuxiliaryFile /Users/xinyufang/Library/Developer/Xcode/DerivedData/Buzz-faillbpsmponqzeruhhvskovixzk/Build/Intermediates.noindex/xctest-dynamic-overlay.build/Debug-iphonesimulator/XCTestDynamicOverlay.build/Objects-normal/arm64/XCTestDynamicOverlay-OutputFileMap.json (in target 'XCTestDynamicOverlay' from project 'xctest-dynamic-overlay')
    cd /Users/xinyufang/Library/Developer/Xcode/DerivedData/Buzz-faillbpsmponqzeruhhvskovixzk/SourcePackages/checkouts/xctest-dynamic-overlay
    write-file /Users/xinyufang/Library/Developer/Xcode/DerivedData/Buzz-faillbpsmponqzeruhhvskovixzk/Build/Intermediates.noindex/xctest-dynamic-overlay.build/Debug-iphonesimulator/XCTestDynamicOverlay.build/Objects-normal/arm64/XCTestDynamicOverlay-OutputFileMap.json

WriteAuxiliaryFile /Users/xinyufang/Library/Developer/Xcode/DerivedData/Buzz-faillbpsmponqzeruhhvskovixzk/Build/Intermediates.noindex/Supabase.build/Debug-iphonesimulator/Supabase.build/Supabase.modulemap (in target 'Supabase' from project 'Supabase')
    cd /Users/xinyufang/Library/Developer/Xcode/DerivedData/Buzz-faillbpsmponqzeruhhvskovixzk/SourcePackages/checkouts/supabase-swift
    write-file /Users/xinyufang/Library/Developer/Xcode/DerivedData/Buzz-faillbpsmponqzeruhhvskovixzk/Build/Intermediates.noindex/Supabase.build/Debug-iphonesimulator/Supabase.build/Supabase.modulemap

WriteAuxiliaryFile /Users/xinyufang/Library/Developer/Xcode/DerivedData/Buzz-faillbpsmponqzeruhhvskovixzk/Build/Intermediates.noindex/Supabase.build/Debug-iphonesimulator/Supabase.build/Supabase.DependencyMetadataFileList (in target 'Supabase' from project 'Supabase')
    cd /Users/xinyufang/Library/Developer/Xcode/DerivedData/Buzz-faillbpsmponqzeruhhvskovixzk/SourcePackages/checkouts/supabase-swift
    write-file /Users/xinyufang/Library/Developer/Xcode/DerivedData/Buzz-faillbpsmponqzeruhhvskovixzk/Build/Intermediates.noindex/Supabase.build/Debug-iphonesimulator/Supabase.build/Supabase.DependencyMetadataFileList

WriteAuxiliaryFile /Users/xinyufang/Library/Developer/Xcode/DerivedData/Buzz-faillbpsmponqzeruhhvskovixzk/Build/Intermediates.noindex/Supabase.build/Debug-iphonesimulator/Supabase.build/Supabase.DependencyStaticMetadataFileList (in target 'Supabase' from project 'Supabase')
    cd /Users/xinyufang/Library/Developer/Xcode/DerivedData/Buzz-faillbpsmponqzeruhhvskovixzk/SourcePackages/checkouts/supabase-swift
    write-file /Users/xinyufang/Library/Developer/Xcode/DerivedData/Buzz-faillbpsmponqzeruhhvskovixzk/Build/Intermediates.noindex/Supabase.build/Debug-iphonesimulator/Supabase.build/Supabase.DependencyStaticMetadataFileList

WriteAuxiliaryFile /Users/xinyufang/Library/Developer/Xcode/DerivedData/Buzz-faillbpsmponqzeruhhvskovixzk/Build/Intermediates.noindex/Supabase.build/Debug-iphonesimulator/Supabase.build/Objects-normal/arm64/Supabase.SwiftFileList (in target 'Supabase' from project 'Supabase')
    cd /Users/xinyufang/Library/Developer/Xcode/DerivedData/Buzz-faillbpsmponqzeruhhvskovixzk/SourcePackages/checkouts/supabase-swift
    write-file /Users/xinyufang/Library/Developer/Xcode/DerivedData/Buzz-faillbpsmponqzeruhhvskovixzk/Build/Intermediates.noindex/Supabase.build/Debug-iphonesimulator/Supabase.build/Objects-normal/arm64/Supabase.SwiftFileList

WriteAuxiliaryFile /Users/xinyufang/Library/Developer/Xcode/DerivedData/Buzz-faillbpsmponqzeruhhvskovixzk/Build/Intermediates.noindex/Supabase.build/Debug-iphonesimulator/Supabase.build/Objects-normal/arm64/Supabase_const_extract_protocols.json (in target 'Supabase' from project 'Supabase')
    cd /Users/xinyufang/Library/Developer/Xcode/DerivedData/Buzz-faillbpsmponqzeruhhvskovixzk/SourcePackages/checkouts/supabase-swift
    write-file /Users/xinyufang/Library/Developer/Xcode/DerivedData/Buzz-faillbpsmponqzeruhhvskovixzk/Build/Intermediates.noindex/Supabase.build/Debug-iphonesimulator/Supabase.build/Objects-normal/arm64/Supabase_const_extract_protocols.json

WriteAuxiliaryFile /Users/xinyufang/Library/Developer/Xcode/DerivedData/Buzz-faillbpsmponqzeruhhvskovixzk/Build/Intermediates.noindex/Supabase.build/Debug-iphonesimulator/Supabase.build/Objects-normal/arm64/Supabase.SwiftConstValuesFileList (in target 'Supabase' from project 'Supabase')
    cd /Users/xinyufang/Library/Developer/Xcode/DerivedData/Buzz-faillbpsmponqzeruhhvskovixzk/SourcePackages/checkouts/supabase-swift
    write-file /Users/xinyufang/Library/Developer/Xcode/DerivedData/Buzz-faillbpsmponqzeruhhvskovixzk/Build/Intermediates.noindex/Supabase.build/Debug-iphonesimulator/Supabase.build/Objects-normal/arm64/Supabase.SwiftConstValuesFileList

WriteAuxiliaryFile /Users/xinyufang/Library/Developer/Xcode/DerivedData/Buzz-faillbpsmponqzeruhhvskovixzk/Build/Intermediates.noindex/Supabase.build/Debug-iphonesimulator/Supabase.build/Objects-normal/arm64/Supabase.LinkFileList (in target 'Supabase' from project 'Supabase')
    cd /Users/xinyufang/Library/Developer/Xcode/DerivedData/Buzz-faillbpsmponqzeruhhvskovixzk/SourcePackages/checkouts/supabase-swift
    write-file /Users/xinyufang/Library/Developer/Xcode/DerivedData/Buzz-faillbpsmponqzeruhhvskovixzk/Build/Intermediates.noindex/Supabase.build/Debug-iphonesimulator/Supabase.build/Objects-normal/arm64/Supabase.LinkFileList

WriteAuxiliaryFile /Users/xinyufang/Library/Developer/Xcode/DerivedData/Buzz-faillbpsmponqzeruhhvskovixzk/Build/Intermediates.noindex/Supabase.build/Debug-iphonesimulator/Supabase.build/Objects-normal/arm64/Supabase-OutputFileMap.json (in target 'Supabase' from project 'Supabase')
    cd /Users/xinyufang/Library/Developer/Xcode/DerivedData/Buzz-faillbpsmponqzeruhhvskovixzk/SourcePackages/checkouts/supabase-swift
    write-file /Users/xinyufang/Library/Developer/Xcode/DerivedData/Buzz-faillbpsmponqzeruhhvskovixzk/Build/Intermediates.noindex/Supabase.build/Debug-iphonesimulator/Supabase.build/Objects-normal/arm64/Supabase-OutputFileMap.json

WriteAuxiliaryFile /Users/xinyufang/Library/Developer/Xcode/DerivedData/Buzz-faillbpsmponqzeruhhvskovixzk/Build/Intermediates.noindex/Stripe.build/Debug-iphonesimulator/Stripe_StripeFinancialConnections.build/empty-Stripe_StripeFinancialConnections.plist (in target 'Stripe_StripeFinancialConnections' from project 'Stripe')
    cd /Users/xinyufang/Library/Developer/Xcode/DerivedData/Buzz-faillbpsmponqzeruhhvskovixzk/SourcePackages/checkouts/stripe-ios-spm
    write-file /Users/xinyufang/Library/Developer/Xcode/DerivedData/Buzz-faillbpsmponqzeruhhvskovixzk/Build/Intermediates.noindex/Stripe.build/Debug-iphonesimulator/Stripe_StripeFinancialConnections.build/empty-Stripe_StripeFinancialConnections.plist

WriteAuxiliaryFile /Users/xinyufang/Library/Developer/Xcode/DerivedData/Buzz-faillbpsmponqzeruhhvskovixzk/Build/Intermediates.noindex/Stripe.build/Debug-iphonesimulator/Stripe_StripeFinancialConnections.build/Stripe_StripeFinancialConnections.DependencyStaticMetadataFileList (in target 'Stripe_StripeFinancialConnections' from project 'Stripe')
    cd /Users/xinyufang/Library/Developer/Xcode/DerivedData/Buzz-faillbpsmponqzeruhhvskovixzk/SourcePackages/checkouts/stripe-ios-spm
    write-file /Users/xinyufang/Library/Developer/Xcode/DerivedData/Buzz-faillbpsmponqzeruhhvskovixzk/Build/Intermediates.noindex/Stripe.build/Debug-iphonesimulator/Stripe_StripeFinancialConnections.build/Stripe_StripeFinancialConnections.DependencyStaticMetadataFileList

WriteAuxiliaryFile /Users/xinyufang/Library/Developer/Xcode/DerivedData/Buzz-faillbpsmponqzeruhhvskovixzk/Build/Intermediates.noindex/Stripe.build/Debug-iphonesimulator/Stripe_StripeFinancialConnections.build/Stripe_StripeFinancialConnections.DependencyMetadataFileList (in target 'Stripe_StripeFinancialConnections' from project 'Stripe')
    cd /Users/xinyufang/Library/Developer/Xcode/DerivedData/Buzz-faillbpsmponqzeruhhvskovixzk/SourcePackages/checkouts/stripe-ios-spm
    write-file /Users/xinyufang/Library/Developer/Xcode/DerivedData/Buzz-faillbpsmponqzeruhhvskovixzk/Build/Intermediates.noindex/Stripe.build/Debug-iphonesimulator/Stripe_StripeFinancialConnections.build/Stripe_StripeFinancialConnections.DependencyMetadataFileList

WriteAuxiliaryFile /Users/xinyufang/Library/Developer/Xcode/DerivedData/Buzz-faillbpsmponqzeruhhvskovixzk/Build/Intermediates.noindex/Stripe.build/Debug-iphonesimulator/Stripe_StripeCore.build/empty-Stripe_StripeCore.plist (in target 'Stripe_StripeCore' from project 'Stripe')
    cd /Users/xinyufang/Library/Developer/Xcode/DerivedData/Buzz-faillbpsmponqzeruhhvskovixzk/SourcePackages/checkouts/stripe-ios-spm
    write-file /Users/xinyufang/Library/Developer/Xcode/DerivedData/Buzz-faillbpsmponqzeruhhvskovixzk/Build/Intermediates.noindex/Stripe.build/Debug-iphonesimulator/Stripe_StripeCore.build/empty-Stripe_StripeCore.plist

WriteAuxiliaryFile /Users/xinyufang/Library/Developer/Xcode/DerivedData/Buzz-faillbpsmponqzeruhhvskovixzk/Build/Intermediates.noindex/Stripe.build/Debug-iphonesimulator/Stripe_StripeCore.build/Stripe_StripeCore.DependencyStaticMetadataFileList (in target 'Stripe_StripeCore' from project 'Stripe')
    cd /Users/xinyufang/Library/Developer/Xcode/DerivedData/Buzz-faillbpsmponqzeruhhvskovixzk/SourcePackages/checkouts/stripe-ios-spm
    write-file /Users/xinyufang/Library/Developer/Xcode/DerivedData/Buzz-faillbpsmponqzeruhhvskovixzk/Build/Intermediates.noindex/Stripe.build/Debug-iphonesimulator/Stripe_StripeCore.build/Stripe_StripeCore.DependencyStaticMetadataFileList

WriteAuxiliaryFile /Users/xinyufang/Library/Developer/Xcode/DerivedData/Buzz-faillbpsmponqzeruhhvskovixzk/Build/Intermediates.noindex/Stripe.build/Debug-iphonesimulator/Stripe_StripeCore.build/Stripe_StripeCore.DependencyMetadataFileList (in target 'Stripe_StripeCore' from project 'Stripe')
    cd /Users/xinyufang/Library/Developer/Xcode/DerivedData/Buzz-faillbpsmponqzeruhhvskovixzk/SourcePackages/checkouts/stripe-ios-spm
    write-file /Users/xinyufang/Library/Developer/Xcode/DerivedData/Buzz-faillbpsmponqzeruhhvskovixzk/Build/Intermediates.noindex/Stripe.build/Debug-iphonesimulator/Stripe_StripeCore.build/Stripe_StripeCore.DependencyMetadataFileList

WriteAuxiliaryFile /Users/xinyufang/Library/Developer/Xcode/DerivedData/Buzz-faillbpsmponqzeruhhvskovixzk/Build/Intermediates.noindex/Stripe.build/Debug-iphonesimulator/Stripe_StripeConnect.build/empty-Stripe_StripeConnect.plist (in target 'Stripe_StripeConnect' from project 'Stripe')
    cd /Users/xinyufang/Library/Developer/Xcode/DerivedData/Buzz-faillbpsmponqzeruhhvskovixzk/SourcePackages/checkouts/stripe-ios-spm
    write-file /Users/xinyufang/Library/Developer/Xcode/DerivedData/Buzz-faillbpsmponqzeruhhvskovixzk/Build/Intermediates.noindex/Stripe.build/Debug-iphonesimulator/Stripe_StripeConnect.build/empty-Stripe_StripeConnect.plist

WriteAuxiliaryFile /Users/xinyufang/Library/Developer/Xcode/DerivedData/Buzz-faillbpsmponqzeruhhvskovixzk/Build/Intermediates.noindex/Stripe.build/Debug-iphonesimulator/Stripe_StripeConnect.build/Stripe_StripeConnect.DependencyStaticMetadataFileList (in target 'Stripe_StripeConnect' from project 'Stripe')
    cd /Users/xinyufang/Library/Developer/Xcode/DerivedData/Buzz-faillbpsmponqzeruhhvskovixzk/SourcePackages/checkouts/stripe-ios-spm
    write-file /Users/xinyufang/Library/Developer/Xcode/DerivedData/Buzz-faillbpsmponqzeruhhvskovixzk/Build/Intermediates.noindex/Stripe.build/Debug-iphonesimulator/Stripe_StripeConnect.build/Stripe_StripeConnect.DependencyStaticMetadataFileList

WriteAuxiliaryFile /Users/xinyufang/Library/Developer/Xcode/DerivedData/Buzz-faillbpsmponqzeruhhvskovixzk/Build/Intermediates.noindex/Stripe.build/Debug-iphonesimulator/Stripe_StripeConnect.build/Stripe_StripeConnect.DependencyMetadataFileList (in target 'Stripe_StripeConnect' from project 'Stripe')
    cd /Users/xinyufang/Library/Developer/Xcode/DerivedData/Buzz-faillbpsmponqzeruhhvskovixzk/SourcePackages/checkouts/stripe-ios-spm
    write-file /Users/xinyufang/Library/Developer/Xcode/DerivedData/Buzz-faillbpsmponqzeruhhvskovixzk/Build/Intermediates.noindex/Stripe.build/Debug-iphonesimulator/Stripe_StripeConnect.build/Stripe_StripeConnect.DependencyMetadataFileList

WriteAuxiliaryFile /Users/xinyufang/Library/Developer/Xcode/DerivedData/Buzz-faillbpsmponqzeruhhvskovixzk/Build/Intermediates.noindex/Stripe.build/Debug-iphonesimulator/Stripe_StripeCardScan.build/Stripe_StripeCardScan.DependencyStaticMetadataFileList (in target 'Stripe_StripeCardScan' from project 'Stripe')
    cd /Users/xinyufang/Library/Developer/Xcode/DerivedData/Buzz-faillbpsmponqzeruhhvskovixzk/SourcePackages/checkouts/stripe-ios-spm
    write-file /Users/xinyufang/Library/Developer/Xcode/DerivedData/Buzz-faillbpsmponqzeruhhvskovixzk/Build/Intermediates.noindex/Stripe.build/Debug-iphonesimulator/Stripe_StripeCardScan.build/Stripe_StripeCardScan.DependencyStaticMetadataFileList

WriteAuxiliaryFile /Users/xinyufang/Library/Developer/Xcode/DerivedData/Buzz-faillbpsmponqzeruhhvskovixzk/Build/Intermediates.noindex/Stripe.build/Debug-iphonesimulator/Stripe_StripeCardScan.build/empty-Stripe_StripeCardScan.plist (in target 'Stripe_StripeCardScan' from project 'Stripe')
    cd /Users/xinyufang/Library/Developer/Xcode/DerivedData/Buzz-faillbpsmponqzeruhhvskovixzk/SourcePackages/checkouts/stripe-ios-spm
    write-file /Users/xinyufang/Library/Developer/Xcode/DerivedData/Buzz-faillbpsmponqzeruhhvskovixzk/Build/Intermediates.noindex/Stripe.build/Debug-iphonesimulator/Stripe_StripeCardScan.build/empty-Stripe_StripeCardScan.plist

WriteAuxiliaryFile /Users/xinyufang/Library/Developer/Xcode/DerivedData/Buzz-faillbpsmponqzeruhhvskovixzk/Build/Intermediates.noindex/Stripe.build/Debug-iphonesimulator/Stripe_StripeCardScan.build/Stripe_StripeCardScan.DependencyMetadataFileList (in target 'Stripe_StripeCardScan' from project 'Stripe')
    cd /Users/xinyufang/Library/Developer/Xcode/DerivedData/Buzz-faillbpsmponqzeruhhvskovixzk/SourcePackages/checkouts/stripe-ios-spm
    write-file /Users/xinyufang/Library/Developer/Xcode/DerivedData/Buzz-faillbpsmponqzeruhhvskovixzk/Build/Intermediates.noindex/Stripe.build/Debug-iphonesimulator/Stripe_StripeCardScan.build/Stripe_StripeCardScan.DependencyMetadataFileList

WriteAuxiliaryFile /Users/xinyufang/Library/Developer/Xcode/DerivedData/Buzz-faillbpsmponqzeruhhvskovixzk/Build/Intermediates.noindex/Stripe.build/Debug-iphonesimulator/Stripe_Stripe3DS2.build/empty-Stripe_Stripe3DS2.plist (in target 'Stripe_Stripe3DS2' from project 'Stripe')
    cd /Users/xinyufang/Library/Developer/Xcode/DerivedData/Buzz-faillbpsmponqzeruhhvskovixzk/SourcePackages/checkouts/stripe-ios-spm
    write-file /Users/xinyufang/Library/Developer/Xcode/DerivedData/Buzz-faillbpsmponqzeruhhvskovixzk/Build/Intermediates.noindex/Stripe.build/Debug-iphonesimulator/Stripe_Stripe3DS2.build/empty-Stripe_Stripe3DS2.plist

WriteAuxiliaryFile /Users/xinyufang/Library/Developer/Xcode/DerivedData/Buzz-faillbpsmponqzeruhhvskovixzk/Build/Intermediates.noindex/Stripe.build/Debug-iphonesimulator/Stripe_Stripe3DS2.build/Stripe_Stripe3DS2.DependencyStaticMetadataFileList (in target 'Stripe_Stripe3DS2' from project 'Stripe')
    cd /Users/xinyufang/Library/Developer/Xcode/DerivedData/Buzz-faillbpsmponqzeruhhvskovixzk/SourcePackages/checkouts/stripe-ios-spm
    write-file /Users/xinyufang/Library/Developer/Xcode/DerivedData/Buzz-faillbpsmponqzeruhhvskovixzk/Build/Intermediates.noindex/Stripe.build/Debug-iphonesimulator/Stripe_Stripe3DS2.build/Stripe_Stripe3DS2.DependencyStaticMetadataFileList

WriteAuxiliaryFile /Users/xinyufang/Library/Developer/Xcode/DerivedData/Buzz-faillbpsmponqzeruhhvskovixzk/Build/Intermediates.noindex/Stripe.build/Debug-iphonesimulator/Stripe_Stripe3DS2.build/Stripe_Stripe3DS2.DependencyMetadataFileList (in target 'Stripe_Stripe3DS2' from project 'Stripe')
    cd /Users/xinyufang/Library/Developer/Xcode/DerivedData/Buzz-faillbpsmponqzeruhhvskovixzk/SourcePackages/checkouts/stripe-ios-spm
    write-file /Users/xinyufang/Library/Developer/Xcode/DerivedData/Buzz-faillbpsmponqzeruhhvskovixzk/Build/Intermediates.noindex/Stripe.build/Debug-iphonesimulator/Stripe_Stripe3DS2.build/Stripe_Stripe3DS2.DependencyMetadataFileList

WriteAuxiliaryFile /Users/xinyufang/Library/Developer/Xcode/DerivedData/Buzz-faillbpsmponqzeruhhvskovixzk/Build/Intermediates.noindex/Stripe.build/Debug-iphonesimulator/Stripe_Stripe.build/empty-Stripe_Stripe.plist (in target 'Stripe_Stripe' from project 'Stripe')
    cd /Users/xinyufang/Library/Developer/Xcode/DerivedData/Buzz-faillbpsmponqzeruhhvskovixzk/SourcePackages/checkouts/stripe-ios-spm
    write-file /Users/xinyufang/Library/Developer/Xcode/DerivedData/Buzz-faillbpsmponqzeruhhvskovixzk/Build/Intermediates.noindex/Stripe.build/Debug-iphonesimulator/Stripe_Stripe.build/empty-Stripe_Stripe.plist

WriteAuxiliaryFile /Users/xinyufang/Library/Developer/Xcode/DerivedData/Buzz-faillbpsmponqzeruhhvskovixzk/Build/Intermediates.noindex/Stripe.build/Debug-iphonesimulator/Stripe_Stripe.build/Stripe_Stripe.DependencyStaticMetadataFileList (in target 'Stripe_Stripe' from project 'Stripe')
    cd /Users/xinyufang/Library/Developer/Xcode/DerivedData/Buzz-faillbpsmponqzeruhhvskovixzk/SourcePackages/checkouts/stripe-ios-spm
    write-file /Users/xinyufang/Library/Developer/Xcode/DerivedData/Buzz-faillbpsmponqzeruhhvskovixzk/Build/Intermediates.noindex/Stripe.build/Debug-iphonesimulator/Stripe_Stripe.build/Stripe_Stripe.DependencyStaticMetadataFileList

WriteAuxiliaryFile /Users/xinyufang/Library/Developer/Xcode/DerivedData/Buzz-faillbpsmponqzeruhhvskovixzk/Build/Intermediates.noindex/Stripe.build/Debug-iphonesimulator/Stripe_Stripe.build/Stripe_Stripe.DependencyMetadataFileList (in target 'Stripe_Stripe' from project 'Stripe')
    cd /Users/xinyufang/Library/Developer/Xcode/DerivedData/Buzz-faillbpsmponqzeruhhvskovixzk/SourcePackages/checkouts/stripe-ios-spm
    write-file /Users/xinyufang/Library/Developer/Xcode/DerivedData/Buzz-faillbpsmponqzeruhhvskovixzk/Build/Intermediates.noindex/Stripe.build/Debug-iphonesimulator/Stripe_Stripe.build/Stripe_Stripe.DependencyMetadataFileList

WriteAuxiliaryFile /Users/xinyufang/Library/Developer/Xcode/DerivedData/Buzz-faillbpsmponqzeruhhvskovixzk/Build/Intermediates.noindex/Stripe.build/Debug-iphonesimulator/StripeUICore.build/StripeUICore.modulemap (in target 'StripeUICore' from project 'Stripe')
    cd /Users/xinyufang/Library/Developer/Xcode/DerivedData/Buzz-faillbpsmponqzeruhhvskovixzk/SourcePackages/checkouts/stripe-ios-spm
    write-file /Users/xinyufang/Library/Developer/Xcode/DerivedData/Buzz-faillbpsmponqzeruhhvskovixzk/Build/Intermediates.noindex/Stripe.build/Debug-iphonesimulator/StripeUICore.build/StripeUICore.modulemap

WriteAuxiliaryFile /Users/xinyufang/Library/Developer/Xcode/DerivedData/Buzz-faillbpsmponqzeruhhvskovixzk/Build/Intermediates.noindex/Stripe.build/Debug-iphonesimulator/StripeUICore.build/StripeUICore.DependencyStaticMetadataFileList (in target 'StripeUICore' from project 'Stripe')
    cd /Users/xinyufang/Library/Developer/Xcode/DerivedData/Buzz-faillbpsmponqzeruhhvskovixzk/SourcePackages/checkouts/stripe-ios-spm
    write-file /Users/xinyufang/Library/Developer/Xcode/DerivedData/Buzz-faillbpsmponqzeruhhvskovixzk/Build/Intermediates.noindex/Stripe.build/Debug-iphonesimulator/StripeUICore.build/StripeUICore.DependencyStaticMetadataFileList

WriteAuxiliaryFile /Users/xinyufang/Library/Developer/Xcode/DerivedData/Buzz-faillbpsmponqzeruhhvskovixzk/Build/Intermediates.noindex/Stripe.build/Debug-iphonesimulator/StripeUICore.build/StripeUICore.DependencyMetadataFileList (in target 'StripeUICore' from project 'Stripe')
    cd /Users/xinyufang/Library/Developer/Xcode/DerivedData/Buzz-faillbpsmponqzeruhhvskovixzk/SourcePackages/checkouts/stripe-ios-spm
    write-file /Users/xinyufang/Library/Developer/Xcode/DerivedData/Buzz-faillbpsmponqzeruhhvskovixzk/Build/Intermediates.noindex/Stripe.build/Debug-iphonesimulator/StripeUICore.build/StripeUICore.DependencyMetadataFileList

WriteAuxiliaryFile /Users/xinyufang/Library/Developer/Xcode/DerivedData/Buzz-faillbpsmponqzeruhhvskovixzk/Build/Intermediates.noindex/Stripe.build/Debug-iphonesimulator/StripeUICore.build/Objects-normal/arm64/StripeUICore_const_extract_protocols.json (in target 'StripeUICore' from project 'Stripe')
    cd /Users/xinyufang/Library/Developer/Xcode/DerivedData/Buzz-faillbpsmponqzeruhhvskovixzk/SourcePackages/checkouts/stripe-ios-spm
    write-file /Users/xinyufang/Library/Developer/Xcode/DerivedData/Buzz-faillbpsmponqzeruhhvskovixzk/Build/Intermediates.noindex/Stripe.build/Debug-iphonesimulator/StripeUICore.build/Objects-normal/arm64/StripeUICore_const_extract_protocols.json

WriteAuxiliaryFile /Users/xinyufang/Library/Developer/Xcode/DerivedData/Buzz-faillbpsmponqzeruhhvskovixzk/Build/Intermediates.noindex/Stripe.build/Debug-iphonesimulator/StripeUICore.build/Objects-normal/arm64/StripeUICore.SwiftFileList (in target 'StripeUICore' from project 'Stripe')
    cd /Users/xinyufang/Library/Developer/Xcode/DerivedData/Buzz-faillbpsmponqzeruhhvskovixzk/SourcePackages/checkouts/stripe-ios-spm
    write-file /Users/xinyufang/Library/Developer/Xcode/DerivedData/Buzz-faillbpsmponqzeruhhvskovixzk/Build/Intermediates.noindex/Stripe.build/Debug-iphonesimulator/StripeUICore.build/Objects-normal/arm64/StripeUICore.SwiftFileList

WriteAuxiliaryFile /Users/xinyufang/Library/Developer/Xcode/DerivedData/Buzz-faillbpsmponqzeruhhvskovixzk/Build/Intermediates.noindex/Stripe.build/Debug-iphonesimulator/StripeUICore.build/Objects-normal/arm64/StripeUICore.SwiftConstValuesFileList (in target 'StripeUICore' from project 'Stripe')
    cd /Users/xinyufang/Library/Developer/Xcode/DerivedData/Buzz-faillbpsmponqzeruhhvskovixzk/SourcePackages/checkouts/stripe-ios-spm
    write-file /Users/xinyufang/Library/Developer/Xcode/DerivedData/Buzz-faillbpsmponqzeruhhvskovixzk/Build/Intermediates.noindex/Stripe.build/Debug-iphonesimulator/StripeUICore.build/Objects-normal/arm64/StripeUICore.SwiftConstValuesFileList

WriteAuxiliaryFile /Users/xinyufang/Library/Developer/Xcode/DerivedData/Buzz-faillbpsmponqzeruhhvskovixzk/Build/Intermediates.noindex/Stripe.build/Debug-iphonesimulator/StripeUICore.build/Objects-normal/arm64/StripeUICore.LinkFileList (in target 'StripeUICore' from project 'Stripe')
    cd /Users/xinyufang/Library/Developer/Xcode/DerivedData/Buzz-faillbpsmponqzeruhhvskovixzk/SourcePackages/checkouts/stripe-ios-spm
    write-file /Users/xinyufang/Library/Developer/Xcode/DerivedData/Buzz-faillbpsmponqzeruhhvskovixzk/Build/Intermediates.noindex/Stripe.build/Debug-iphonesimulator/StripeUICore.build/Objects-normal/arm64/StripeUICore.LinkFileList

WriteAuxiliaryFile /Users/xinyufang/Library/Developer/Xcode/DerivedData/Buzz-faillbpsmponqzeruhhvskovixzk/Build/Intermediates.noindex/Stripe.build/Debug-iphonesimulator/StripeUICore.build/Objects-normal/arm64/StripeUICore-OutputFileMap.json (in target 'StripeUICore' from project 'Stripe')
    cd /Users/xinyufang/Library/Developer/Xcode/DerivedData/Buzz-faillbpsmponqzeruhhvskovixzk/SourcePackages/checkouts/stripe-ios-spm
    write-file /Users/xinyufang/Library/Developer/Xcode/DerivedData/Buzz-faillbpsmponqzeruhhvskovixzk/Build/Intermediates.noindex/Stripe.build/Debug-iphonesimulator/StripeUICore.build/Objects-normal/arm64/StripeUICore-OutputFileMap.json

WriteAuxiliaryFile /Users/xinyufang/Library/Developer/Xcode/DerivedData/Buzz-faillbpsmponqzeruhhvskovixzk/Build/Intermediates.noindex/Stripe.build/Debug-iphonesimulator/StripeUICore.build/DerivedSources/resource_bundle_accessor.swift (in target 'StripeUICore' from project 'Stripe')
    cd /Users/xinyufang/Library/Developer/Xcode/DerivedData/Buzz-faillbpsmponqzeruhhvskovixzk/SourcePackages/checkouts/stripe-ios-spm
    write-file /Users/xinyufang/Library/Developer/Xcode/DerivedData/Buzz-faillbpsmponqzeruhhvskovixzk/Build/Intermediates.noindex/Stripe.build/Debug-iphonesimulator/StripeUICore.build/DerivedSources/resource_bundle_accessor.swift

WriteAuxiliaryFile /Users/xinyufang/Library/Developer/Xcode/DerivedData/Buzz-faillbpsmponqzeruhhvskovixzk/Build/Intermediates.noindex/Stripe.build/Debug-iphonesimulator/StripePaymentsUI.build/StripePaymentsUI.modulemap (in target 'StripePaymentsUI' from project 'Stripe')
    cd /Users/xinyufang/Library/Developer/Xcode/DerivedData/Buzz-faillbpsmponqzeruhhvskovixzk/SourcePackages/checkouts/stripe-ios-spm
    write-file /Users/xinyufang/Library/Developer/Xcode/DerivedData/Buzz-faillbpsmponqzeruhhvskovixzk/Build/Intermediates.noindex/Stripe.build/Debug-iphonesimulator/StripePaymentsUI.build/StripePaymentsUI.modulemap

WriteAuxiliaryFile /Users/xinyufang/Library/Developer/Xcode/DerivedData/Buzz-faillbpsmponqzeruhhvskovixzk/Build/Intermediates.noindex/Stripe.build/Debug-iphonesimulator/StripePaymentsUI.build/StripePaymentsUI.DependencyStaticMetadataFileList (in target 'StripePaymentsUI' from project 'Stripe')
    cd /Users/xinyufang/Library/Developer/Xcode/DerivedData/Buzz-faillbpsmponqzeruhhvskovixzk/SourcePackages/checkouts/stripe-ios-spm
    write-file /Users/xinyufang/Library/Developer/Xcode/DerivedData/Buzz-faillbpsmponqzeruhhvskovixzk/Build/Intermediates.noindex/Stripe.build/Debug-iphonesimulator/StripePaymentsUI.build/StripePaymentsUI.DependencyStaticMetadataFileList

WriteAuxiliaryFile /Users/xinyufang/Library/Developer/Xcode/DerivedData/Buzz-faillbpsmponqzeruhhvskovixzk/Build/Intermediates.noindex/Stripe.build/Debug-iphonesimulator/StripePaymentsUI.build/StripePaymentsUI.DependencyMetadataFileList (in target 'StripePaymentsUI' from project 'Stripe')
    cd /Users/xinyufang/Library/Developer/Xcode/DerivedData/Buzz-faillbpsmponqzeruhhvskovixzk/SourcePackages/checkouts/stripe-ios-spm
    write-file /Users/xinyufang/Library/Developer/Xcode/DerivedData/Buzz-faillbpsmponqzeruhhvskovixzk/Build/Intermediates.noindex/Stripe.build/Debug-iphonesimulator/StripePaymentsUI.build/StripePaymentsUI.DependencyMetadataFileList

WriteAuxiliaryFile /Users/xinyufang/Library/Developer/Xcode/DerivedData/Buzz-faillbpsmponqzeruhhvskovixzk/Build/Intermediates.noindex/Stripe.build/Debug-iphonesimulator/StripePaymentsUI.build/Objects-normal/arm64/StripePaymentsUI_const_extract_protocols.json (in target 'StripePaymentsUI' from project 'Stripe')
    cd /Users/xinyufang/Library/Developer/Xcode/DerivedData/Buzz-faillbpsmponqzeruhhvskovixzk/SourcePackages/checkouts/stripe-ios-spm
    write-file /Users/xinyufang/Library/Developer/Xcode/DerivedData/Buzz-faillbpsmponqzeruhhvskovixzk/Build/Intermediates.noindex/Stripe.build/Debug-iphonesimulator/StripePaymentsUI.build/Objects-normal/arm64/StripePaymentsUI_const_extract_protocols.json

WriteAuxiliaryFile /Users/xinyufang/Library/Developer/Xcode/DerivedData/Buzz-faillbpsmponqzeruhhvskovixzk/Build/Intermediates.noindex/Stripe.build/Debug-iphonesimulator/StripePaymentsUI.build/Objects-normal/arm64/StripePaymentsUI.SwiftFileList (in target 'StripePaymentsUI' from project 'Stripe')
    cd /Users/xinyufang/Library/Developer/Xcode/DerivedData/Buzz-faillbpsmponqzeruhhvskovixzk/SourcePackages/checkouts/stripe-ios-spm
    write-file /Users/xinyufang/Library/Developer/Xcode/DerivedData/Buzz-faillbpsmponqzeruhhvskovixzk/Build/Intermediates.noindex/Stripe.build/Debug-iphonesimulator/StripePaymentsUI.build/Objects-normal/arm64/StripePaymentsUI.SwiftFileList

WriteAuxiliaryFile /Users/xinyufang/Library/Developer/Xcode/DerivedData/Buzz-faillbpsmponqzeruhhvskovixzk/Build/Intermediates.noindex/Stripe.build/Debug-iphonesimulator/StripePaymentsUI.build/Objects-normal/arm64/StripePaymentsUI.SwiftConstValuesFileList (in target 'StripePaymentsUI' from project 'Stripe')
    cd /Users/xinyufang/Library/Developer/Xcode/DerivedData/Buzz-faillbpsmponqzeruhhvskovixzk/SourcePackages/checkouts/stripe-ios-spm
    write-file /Users/xinyufang/Library/Developer/Xcode/DerivedData/Buzz-faillbpsmponqzeruhhvskovixzk/Build/Intermediates.noindex/Stripe.build/Debug-iphonesimulator/StripePaymentsUI.build/Objects-normal/arm64/StripePaymentsUI.SwiftConstValuesFileList

WriteAuxiliaryFile /Users/xinyufang/Library/Developer/Xcode/DerivedData/Buzz-faillbpsmponqzeruhhvskovixzk/Build/Intermediates.noindex/Stripe.build/Debug-iphonesimulator/StripePaymentsUI.build/Objects-normal/arm64/StripePaymentsUI.LinkFileList (in target 'StripePaymentsUI' from project 'Stripe')
    cd /Users/xinyufang/Library/Developer/Xcode/DerivedData/Buzz-faillbpsmponqzeruhhvskovixzk/SourcePackages/checkouts/stripe-ios-spm
    write-file /Users/xinyufang/Library/Developer/Xcode/DerivedData/Buzz-faillbpsmponqzeruhhvskovixzk/Build/Intermediates.noindex/Stripe.build/Debug-iphonesimulator/StripePaymentsUI.build/Objects-normal/arm64/StripePaymentsUI.LinkFileList

WriteAuxiliaryFile /Users/xinyufang/Library/Developer/Xcode/DerivedData/Buzz-faillbpsmponqzeruhhvskovixzk/Build/Intermediates.noindex/Stripe.build/Debug-iphonesimulator/StripePaymentsUI.build/Objects-normal/arm64/StripePaymentsUI-OutputFileMap.json (in target 'StripePaymentsUI' from project 'Stripe')
    cd /Users/xinyufang/Library/Developer/Xcode/DerivedData/Buzz-faillbpsmponqzeruhhvskovixzk/SourcePackages/checkouts/stripe-ios-spm
    write-file /Users/xinyufang/Library/Developer/Xcode/DerivedData/Buzz-faillbpsmponqzeruhhvskovixzk/Build/Intermediates.noindex/Stripe.build/Debug-iphonesimulator/StripePaymentsUI.build/Objects-normal/arm64/StripePaymentsUI-OutputFileMap.json

WriteAuxiliaryFile /Users/xinyufang/Library/Developer/Xcode/DerivedData/Buzz-faillbpsmponqzeruhhvskovixzk/Build/Intermediates.noindex/Stripe.build/Debug-iphonesimulator/StripePaymentsUI.build/DerivedSources/resource_bundle_accessor.swift (in target 'StripePaymentsUI' from project 'Stripe')
    cd /Users/xinyufang/Library/Developer/Xcode/DerivedData/Buzz-faillbpsmponqzeruhhvskovixzk/SourcePackages/checkouts/stripe-ios-spm
    write-file /Users/xinyufang/Library/Developer/Xcode/DerivedData/Buzz-faillbpsmponqzeruhhvskovixzk/Build/Intermediates.noindex/Stripe.build/Debug-iphonesimulator/StripePaymentsUI.build/DerivedSources/resource_bundle_accessor.swift

WriteAuxiliaryFile /Users/xinyufang/Library/Developer/Xcode/DerivedData/Buzz-faillbpsmponqzeruhhvskovixzk/Build/Intermediates.noindex/Stripe.build/Debug-iphonesimulator/StripePayments.build/StripePayments.modulemap (in target 'StripePayments' from project 'Stripe')
    cd /Users/xinyufang/Library/Developer/Xcode/DerivedData/Buzz-faillbpsmponqzeruhhvskovixzk/SourcePackages/checkouts/stripe-ios-spm
    write-file /Users/xinyufang/Library/Developer/Xcode/DerivedData/Buzz-faillbpsmponqzeruhhvskovixzk/Build/Intermediates.noindex/Stripe.build/Debug-iphonesimulator/StripePayments.build/StripePayments.modulemap

Copy /Users/xinyufang/Library/Developer/Xcode/DerivedData/Buzz-faillbpsmponqzeruhhvskovixzk/Build/Intermediates.noindex/GeneratedModuleMaps-iphonesimulator/third-party-IsAppEncrypted.modulemap /Users/xinyufang/Library/Developer/Xcode/DerivedData/Buzz-faillbpsmponqzeruhhvskovixzk/Build/Intermediates.noindex/GoogleUtilities.build/Debug-iphonesimulator/third-party-IsAppEncrypted.build/third-party-IsAppEncrypted.modulemap (in target 'third-party-IsAppEncrypted' from project 'GoogleUtilities')
    cd /Users/xinyufang/Library/Developer/Xcode/DerivedData/Buzz-faillbpsmponqzeruhhvskovixzk/SourcePackages/checkouts/GoogleUtilities
    builtin-copy -exclude .DS_Store -exclude CVS -exclude .svn -exclude .git -exclude .hg -resolve-src-symlinks /Users/xinyufang/Library/Developer/Xcode/DerivedData/Buzz-faillbpsmponqzeruhhvskovixzk/Build/Intermediates.noindex/GoogleUtilities.build/Debug-iphonesimulator/third-party-IsAppEncrypted.build/third-party-IsAppEncrypted.modulemap /Users/xinyufang/Library/Developer/Xcode/DerivedData/Buzz-faillbpsmponqzeruhhvskovixzk/Build/Intermediates.noindex/GeneratedModuleMaps-iphonesimulator

Copy /Users/xinyufang/Library/Developer/Xcode/DerivedData/Buzz-faillbpsmponqzeruhhvskovixzk/Build/Intermediates.noindex/GeneratedModuleMaps-iphonesimulator/XCTestDynamicOverlay.modulemap /Users/xinyufang/Library/Developer/Xcode/DerivedData/Buzz-faillbpsmponqzeruhhvskovixzk/Build/Intermediates.noindex/xctest-dynamic-overlay.build/Debug-iphonesimulator/XCTestDynamicOverlay.build/XCTestDynamicOverlay.modulemap (in target 'XCTestDynamicOverlay' from project 'xctest-dynamic-overlay')
    cd /Users/xinyufang/Library/Developer/Xcode/DerivedData/Buzz-faillbpsmponqzeruhhvskovixzk/SourcePackages/checkouts/xctest-dynamic-overlay
    builtin-copy -exclude .DS_Store -exclude CVS -exclude .svn -exclude .git -exclude .hg -resolve-src-symlinks /Users/xinyufang/Library/Developer/Xcode/DerivedData/Buzz-faillbpsmponqzeruhhvskovixzk/Build/Intermediates.noindex/xctest-dynamic-overlay.build/Debug-iphonesimulator/XCTestDynamicOverlay.build/XCTestDynamicOverlay.modulemap /Users/xinyufang/Library/Developer/Xcode/DerivedData/Buzz-faillbpsmponqzeruhhvskovixzk/Build/Intermediates.noindex/GeneratedModuleMaps-iphonesimulator

Copy /Users/xinyufang/Library/Developer/Xcode/DerivedData/Buzz-faillbpsmponqzeruhhvskovixzk/Build/Intermediates.noindex/GeneratedModuleMaps-iphonesimulator/Supabase.modulemap /Users/xinyufang/Library/Developer/Xcode/DerivedData/Buzz-faillbpsmponqzeruhhvskovixzk/Build/Intermediates.noindex/Supabase.build/Debug-iphonesimulator/Supabase.build/Supabase.modulemap (in target 'Supabase' from project 'Supabase')
    cd /Users/xinyufang/Library/Developer/Xcode/DerivedData/Buzz-faillbpsmponqzeruhhvskovixzk/SourcePackages/checkouts/supabase-swift
    builtin-copy -exclude .DS_Store -exclude CVS -exclude .svn -exclude .git -exclude .hg -resolve-src-symlinks /Users/xinyufang/Library/Developer/Xcode/DerivedData/Buzz-faillbpsmponqzeruhhvskovixzk/Build/Intermediates.noindex/Supabase.build/Debug-iphonesimulator/Supabase.build/Supabase.modulemap /Users/xinyufang/Library/Developer/Xcode/DerivedData/Buzz-faillbpsmponqzeruhhvskovixzk/Build/Intermediates.noindex/GeneratedModuleMaps-iphonesimulator

Copy /Users/xinyufang/Library/Developer/Xcode/DerivedData/Buzz-faillbpsmponqzeruhhvskovixzk/Build/Intermediates.noindex/GeneratedModuleMaps-iphonesimulator/StripeUICore.modulemap /Users/xinyufang/Library/Developer/Xcode/DerivedData/Buzz-faillbpsmponqzeruhhvskovixzk/Build/Intermediates.noindex/Stripe.build/Debug-iphonesimulator/StripeUICore.build/StripeUICore.modulemap (in target 'StripeUICore' from project 'Stripe')
    cd /Users/xinyufang/Library/Developer/Xcode/DerivedData/Buzz-faillbpsmponqzeruhhvskovixzk/SourcePackages/checkouts/stripe-ios-spm
    builtin-copy -exclude .DS_Store -exclude CVS -exclude .svn -exclude .git -exclude .hg -resolve-src-symlinks /Users/xinyufang/Library/Developer/Xcode/DerivedData/Buzz-faillbpsmponqzeruhhvskovixzk/Build/Intermediates.noindex/Stripe.build/Debug-iphonesimulator/StripeUICore.build/StripeUICore.modulemap /Users/xinyufang/Library/Developer/Xcode/DerivedData/Buzz-faillbpsmponqzeruhhvskovixzk/Build/Intermediates.noindex/GeneratedModuleMaps-iphonesimulator

Copy /Users/xinyufang/Library/Developer/Xcode/DerivedData/Buzz-faillbpsmponqzeruhhvskovixzk/Build/Intermediates.noindex/GeneratedModuleMaps-iphonesimulator/StripePaymentsUI.modulemap /Users/xinyufang/Library/Developer/Xcode/DerivedData/Buzz-faillbpsmponqzeruhhvskovixzk/Build/Intermediates.noindex/Stripe.build/Debug-iphonesimulator/StripePaymentsUI.build/StripePaymentsUI.modulemap (in target 'StripePaymentsUI' from project 'Stripe')
    cd /Users/xinyufang/Library/Developer/Xcode/DerivedData/Buzz-faillbpsmponqzeruhhvskovixzk/SourcePackages/checkouts/stripe-ios-spm
    builtin-copy -exclude .DS_Store -exclude CVS -exclude .svn -exclude .git -exclude .hg -resolve-src-symlinks /Users/xinyufang/Library/Developer/Xcode/DerivedData/Buzz-faillbpsmponqzeruhhvskovixzk/Build/Intermediates.noindex/Stripe.build/Debug-iphonesimulator/StripePaymentsUI.build/StripePaymentsUI.modulemap /Users/xinyufang/Library/Developer/Xcode/DerivedData/Buzz-faillbpsmponqzeruhhvskovixzk/Build/Intermediates.noindex/GeneratedModuleMaps-iphonesimulator

WriteAuxiliaryFile /Users/xinyufang/Library/Developer/Xcode/DerivedData/Buzz-faillbpsmponqzeruhhvskovixzk/Build/Intermediates.noindex/Stripe.build/Debug-iphonesimulator/StripePayments.build/StripePayments.DependencyStaticMetadataFileList (in target 'StripePayments' from project 'Stripe')
    cd /Users/xinyufang/Library/Developer/Xcode/DerivedData/Buzz-faillbpsmponqzeruhhvskovixzk/SourcePackages/checkouts/stripe-ios-spm
    write-file /Users/xinyufang/Library/Developer/Xcode/DerivedData/Buzz-faillbpsmponqzeruhhvskovixzk/Build/Intermediates.noindex/Stripe.build/Debug-iphonesimulator/StripePayments.build/StripePayments.DependencyStaticMetadataFileList

WriteAuxiliaryFile /Users/xinyufang/Library/Developer/Xcode/DerivedData/Buzz-faillbpsmponqzeruhhvskovixzk/Build/Intermediates.noindex/Stripe.build/Debug-iphonesimulator/StripePayments.build/StripePayments.DependencyMetadataFileList (in target 'StripePayments' from project 'Stripe')
    cd /Users/xinyufang/Library/Developer/Xcode/DerivedData/Buzz-faillbpsmponqzeruhhvskovixzk/SourcePackages/checkouts/stripe-ios-spm
    write-file /Users/xinyufang/Library/Developer/Xcode/DerivedData/Buzz-faillbpsmponqzeruhhvskovixzk/Build/Intermediates.noindex/Stripe.build/Debug-iphonesimulator/StripePayments.build/StripePayments.DependencyMetadataFileList

WriteAuxiliaryFile /Users/xinyufang/Library/Developer/Xcode/DerivedData/Buzz-faillbpsmponqzeruhhvskovixzk/Build/Intermediates.noindex/Stripe.build/Debug-iphonesimulator/StripePayments.build/Objects-normal/arm64/StripePayments.SwiftFileList (in target 'StripePayments' from project 'Stripe')
    cd /Users/xinyufang/Library/Developer/Xcode/DerivedData/Buzz-faillbpsmponqzeruhhvskovixzk/SourcePackages/checkouts/stripe-ios-spm
    write-file /Users/xinyufang/Library/Developer/Xcode/DerivedData/Buzz-faillbpsmponqzeruhhvskovixzk/Build/Intermediates.noindex/Stripe.build/Debug-iphonesimulator/StripePayments.build/Objects-normal/arm64/StripePayments.SwiftFileList

WriteAuxiliaryFile /Users/xinyufang/Library/Developer/Xcode/DerivedData/Buzz-faillbpsmponqzeruhhvskovixzk/Build/Intermediates.noindex/Stripe.build/Debug-iphonesimulator/StripePayments.build/Objects-normal/arm64/StripePayments_const_extract_protocols.json (in target 'StripePayments' from project 'Stripe')
    cd /Users/xinyufang/Library/Developer/Xcode/DerivedData/Buzz-faillbpsmponqzeruhhvskovixzk/SourcePackages/checkouts/stripe-ios-spm
    write-file /Users/xinyufang/Library/Developer/Xcode/DerivedData/Buzz-faillbpsmponqzeruhhvskovixzk/Build/Intermediates.noindex/Stripe.build/Debug-iphonesimulator/StripePayments.build/Objects-normal/arm64/StripePayments_const_extract_protocols.json

WriteAuxiliaryFile /Users/xinyufang/Library/Developer/Xcode/DerivedData/Buzz-faillbpsmponqzeruhhvskovixzk/Build/Intermediates.noindex/Stripe.build/Debug-iphonesimulator/StripePayments.build/Objects-normal/arm64/StripePayments.SwiftConstValuesFileList (in target 'StripePayments' from project 'Stripe')
    cd /Users/xinyufang/Library/Developer/Xcode/DerivedData/Buzz-faillbpsmponqzeruhhvskovixzk/SourcePackages/checkouts/stripe-ios-spm
    write-file /Users/xinyufang/Library/Developer/Xcode/DerivedData/Buzz-faillbpsmponqzeruhhvskovixzk/Build/Intermediates.noindex/Stripe.build/Debug-iphonesimulator/StripePayments.build/Objects-normal/arm64/StripePayments.SwiftConstValuesFileList

WriteAuxiliaryFile /Users/xinyufang/Library/Developer/Xcode/DerivedData/Buzz-faillbpsmponqzeruhhvskovixzk/Build/Intermediates.noindex/Stripe.build/Debug-iphonesimulator/StripePayments.build/Objects-normal/arm64/StripePayments.LinkFileList (in target 'StripePayments' from project 'Stripe')
    cd /Users/xinyufang/Library/Developer/Xcode/DerivedData/Buzz-faillbpsmponqzeruhhvskovixzk/SourcePackages/checkouts/stripe-ios-spm
    write-file /Users/xinyufang/Library/Developer/Xcode/DerivedData/Buzz-faillbpsmponqzeruhhvskovixzk/Build/Intermediates.noindex/Stripe.build/Debug-iphonesimulator/StripePayments.build/Objects-normal/arm64/StripePayments.LinkFileList

WriteAuxiliaryFile /Users/xinyufang/Library/Developer/Xcode/DerivedData/Buzz-faillbpsmponqzeruhhvskovixzk/Build/Intermediates.noindex/Stripe.build/Debug-iphonesimulator/StripePayments.build/Objects-normal/arm64/StripePayments-OutputFileMap.json (in target 'StripePayments' from project 'Stripe')
    cd /Users/xinyufang/Library/Developer/Xcode/DerivedData/Buzz-faillbpsmponqzeruhhvskovixzk/SourcePackages/checkouts/stripe-ios-spm
    write-file /Users/xinyufang/Library/Developer/Xcode/DerivedData/Buzz-faillbpsmponqzeruhhvskovixzk/Build/Intermediates.noindex/Stripe.build/Debug-iphonesimulator/StripePayments.build/Objects-normal/arm64/StripePayments-OutputFileMap.json

WriteAuxiliaryFile /Users/xinyufang/Library/Developer/Xcode/DerivedData/Buzz-faillbpsmponqzeruhhvskovixzk/Build/Intermediates.noindex/Stripe.build/Debug-iphonesimulator/StripePayments.build/DerivedSources/resource_bundle_accessor.swift (in target 'StripePayments' from project 'Stripe')
    cd /Users/xinyufang/Library/Developer/Xcode/DerivedData/Buzz-faillbpsmponqzeruhhvskovixzk/SourcePackages/checkouts/stripe-ios-spm
    write-file /Users/xinyufang/Library/Developer/Xcode/DerivedData/Buzz-faillbpsmponqzeruhhvskovixzk/Build/Intermediates.noindex/Stripe.build/Debug-iphonesimulator/StripePayments.build/DerivedSources/resource_bundle_accessor.swift

Copy /Users/xinyufang/Library/Developer/Xcode/DerivedData/Buzz-faillbpsmponqzeruhhvskovixzk/Build/Intermediates.noindex/GeneratedModuleMaps-iphonesimulator/StripePayments.modulemap /Users/xinyufang/Library/Developer/Xcode/DerivedData/Buzz-faillbpsmponqzeruhhvskovixzk/Build/Intermediates.noindex/Stripe.build/Debug-iphonesimulator/StripePayments.build/StripePayments.modulemap (in target 'StripePayments' from project 'Stripe')
    cd /Users/xinyufang/Library/Developer/Xcode/DerivedData/Buzz-faillbpsmponqzeruhhvskovixzk/SourcePackages/checkouts/stripe-ios-spm
    builtin-copy -exclude .DS_Store -exclude CVS -exclude .svn -exclude .git -exclude .hg -resolve-src-symlinks /Users/xinyufang/Library/Developer/Xcode/DerivedData/Buzz-faillbpsmponqzeruhhvskovixzk/Build/Intermediates.noindex/Stripe.build/Debug-iphonesimulator/StripePayments.build/StripePayments.modulemap /Users/xinyufang/Library/Developer/Xcode/DerivedData/Buzz-faillbpsmponqzeruhhvskovixzk/Build/Intermediates.noindex/GeneratedModuleMaps-iphonesimulator

WriteAuxiliaryFile /Users/xinyufang/Library/Developer/Xcode/DerivedData/Buzz-faillbpsmponqzeruhhvskovixzk/Build/Intermediates.noindex/Stripe.build/Debug-iphonesimulator/StripePaymentSheet.build/StripePaymentSheet.modulemap (in target 'StripePaymentSheet' from project 'Stripe')
    cd /Users/xinyufang/Library/Developer/Xcode/DerivedData/Buzz-faillbpsmponqzeruhhvskovixzk/SourcePackages/checkouts/stripe-ios-spm
    write-file /Users/xinyufang/Library/Developer/Xcode/DerivedData/Buzz-faillbpsmponqzeruhhvskovixzk/Build/Intermediates.noindex/Stripe.build/Debug-iphonesimulator/StripePaymentSheet.build/StripePaymentSheet.modulemap

WriteAuxiliaryFile /Users/xinyufang/Library/Developer/Xcode/DerivedData/Buzz-faillbpsmponqzeruhhvskovixzk/Build/Intermediates.noindex/Stripe.build/Debug-iphonesimulator/StripePaymentSheet.build/StripePaymentSheet.DependencyStaticMetadataFileList (in target 'StripePaymentSheet' from project 'Stripe')
    cd /Users/xinyufang/Library/Developer/Xcode/DerivedData/Buzz-faillbpsmponqzeruhhvskovixzk/SourcePackages/checkouts/stripe-ios-spm
    write-file /Users/xinyufang/Library/Developer/Xcode/DerivedData/Buzz-faillbpsmponqzeruhhvskovixzk/Build/Intermediates.noindex/Stripe.build/Debug-iphonesimulator/StripePaymentSheet.build/StripePaymentSheet.DependencyStaticMetadataFileList

WriteAuxiliaryFile /Users/xinyufang/Library/Developer/Xcode/DerivedData/Buzz-faillbpsmponqzeruhhvskovixzk/Build/Intermediates.noindex/Stripe.build/Debug-iphonesimulator/StripePaymentSheet.build/StripePaymentSheet.DependencyMetadataFileList (in target 'StripePaymentSheet' from project 'Stripe')
    cd /Users/xinyufang/Library/Developer/Xcode/DerivedData/Buzz-faillbpsmponqzeruhhvskovixzk/SourcePackages/checkouts/stripe-ios-spm
    write-file /Users/xinyufang/Library/Developer/Xcode/DerivedData/Buzz-faillbpsmponqzeruhhvskovixzk/Build/Intermediates.noindex/Stripe.build/Debug-iphonesimulator/StripePaymentSheet.build/StripePaymentSheet.DependencyMetadataFileList

WriteAuxiliaryFile /Users/xinyufang/Library/Developer/Xcode/DerivedData/Buzz-faillbpsmponqzeruhhvskovixzk/Build/Intermediates.noindex/Stripe.build/Debug-iphonesimulator/StripePaymentSheet.build/Objects-normal/arm64/StripePaymentSheet_const_extract_protocols.json (in target 'StripePaymentSheet' from project 'Stripe')
    cd /Users/xinyufang/Library/Developer/Xcode/DerivedData/Buzz-faillbpsmponqzeruhhvskovixzk/SourcePackages/checkouts/stripe-ios-spm
    write-file /Users/xinyufang/Library/Developer/Xcode/DerivedData/Buzz-faillbpsmponqzeruhhvskovixzk/Build/Intermediates.noindex/Stripe.build/Debug-iphonesimulator/StripePaymentSheet.build/Objects-normal/arm64/StripePaymentSheet_const_extract_protocols.json

WriteAuxiliaryFile /Users/xinyufang/Library/Developer/Xcode/DerivedData/Buzz-faillbpsmponqzeruhhvskovixzk/Build/Intermediates.noindex/Stripe.build/Debug-iphonesimulator/StripePaymentSheet.build/Objects-normal/arm64/StripePaymentSheet.SwiftFileList (in target 'StripePaymentSheet' from project 'Stripe')
    cd /Users/xinyufang/Library/Developer/Xcode/DerivedData/Buzz-faillbpsmponqzeruhhvskovixzk/SourcePackages/checkouts/stripe-ios-spm
    write-file /Users/xinyufang/Library/Developer/Xcode/DerivedData/Buzz-faillbpsmponqzeruhhvskovixzk/Build/Intermediates.noindex/Stripe.build/Debug-iphonesimulator/StripePaymentSheet.build/Objects-normal/arm64/StripePaymentSheet.SwiftFileList

WriteAuxiliaryFile /Users/xinyufang/Library/Developer/Xcode/DerivedData/Buzz-faillbpsmponqzeruhhvskovixzk/Build/Intermediates.noindex/Stripe.build/Debug-iphonesimulator/StripePaymentSheet.build/Objects-normal/arm64/StripePaymentSheet.SwiftConstValuesFileList (in target 'StripePaymentSheet' from project 'Stripe')
    cd /Users/xinyufang/Library/Developer/Xcode/DerivedData/Buzz-faillbpsmponqzeruhhvskovixzk/SourcePackages/checkouts/stripe-ios-spm
    write-file /Users/xinyufang/Library/Developer/Xcode/DerivedData/Buzz-faillbpsmponqzeruhhvskovixzk/Build/Intermediates.noindex/Stripe.build/Debug-iphonesimulator/StripePaymentSheet.build/Objects-normal/arm64/StripePaymentSheet.SwiftConstValuesFileList

WriteAuxiliaryFile /Users/xinyufang/Library/Developer/Xcode/DerivedData/Buzz-faillbpsmponqzeruhhvskovixzk/Build/Intermediates.noindex/Stripe.build/Debug-iphonesimulator/StripePaymentSheet.build/Objects-normal/arm64/StripePaymentSheet.LinkFileList (in target 'StripePaymentSheet' from project 'Stripe')
    cd /Users/xinyufang/Library/Developer/Xcode/DerivedData/Buzz-faillbpsmponqzeruhhvskovixzk/SourcePackages/checkouts/stripe-ios-spm
    write-file /Users/xinyufang/Library/Developer/Xcode/DerivedData/Buzz-faillbpsmponqzeruhhvskovixzk/Build/Intermediates.noindex/Stripe.build/Debug-iphonesimulator/StripePaymentSheet.build/Objects-normal/arm64/StripePaymentSheet.LinkFileList

WriteAuxiliaryFile /Users/xinyufang/Library/Developer/Xcode/DerivedData/Buzz-faillbpsmponqzeruhhvskovixzk/Build/Intermediates.noindex/Stripe.build/Debug-iphonesimulator/StripePaymentSheet.build/Objects-normal/arm64/StripePaymentSheet-OutputFileMap.json (in target 'StripePaymentSheet' from project 'Stripe')
    cd /Users/xinyufang/Library/Developer/Xcode/DerivedData/Buzz-faillbpsmponqzeruhhvskovixzk/SourcePackages/checkouts/stripe-ios-spm
    write-file /Users/xinyufang/Library/Developer/Xcode/DerivedData/Buzz-faillbpsmponqzeruhhvskovixzk/Build/Intermediates.noindex/Stripe.build/Debug-iphonesimulator/StripePaymentSheet.build/Objects-normal/arm64/StripePaymentSheet-OutputFileMap.json

WriteAuxiliaryFile /Users/xinyufang/Library/Developer/Xcode/DerivedData/Buzz-faillbpsmponqzeruhhvskovixzk/Build/Intermediates.noindex/Stripe.build/Debug-iphonesimulator/StripePaymentSheet.build/DerivedSources/resource_bundle_accessor.swift (in target 'StripePaymentSheet' from project 'Stripe')
    cd /Users/xinyufang/Library/Developer/Xcode/DerivedData/Buzz-faillbpsmponqzeruhhvskovixzk/SourcePackages/checkouts/stripe-ios-spm
    write-file /Users/xinyufang/Library/Developer/Xcode/DerivedData/Buzz-faillbpsmponqzeruhhvskovixzk/Build/Intermediates.noindex/Stripe.build/Debug-iphonesimulator/StripePaymentSheet.build/DerivedSources/resource_bundle_accessor.swift

Copy /Users/xinyufang/Library/Developer/Xcode/DerivedData/Buzz-faillbpsmponqzeruhhvskovixzk/Build/Intermediates.noindex/GeneratedModuleMaps-iphonesimulator/StripePaymentSheet.modulemap /Users/xinyufang/Library/Developer/Xcode/DerivedData/Buzz-faillbpsmponqzeruhhvskovixzk/Build/Intermediates.noindex/Stripe.build/Debug-iphonesimulator/StripePaymentSheet.build/StripePaymentSheet.modulemap (in target 'StripePaymentSheet' from project 'Stripe')
    cd /Users/xinyufang/Library/Developer/Xcode/DerivedData/Buzz-faillbpsmponqzeruhhvskovixzk/SourcePackages/checkouts/stripe-ios-spm
    builtin-copy -exclude .DS_Store -exclude CVS -exclude .svn -exclude .git -exclude .hg -resolve-src-symlinks /Users/xinyufang/Library/Developer/Xcode/DerivedData/Buzz-faillbpsmponqzeruhhvskovixzk/Build/Intermediates.noindex/Stripe.build/Debug-iphonesimulator/StripePaymentSheet.build/StripePaymentSheet.modulemap /Users/xinyufang/Library/Developer/Xcode/DerivedData/Buzz-faillbpsmponqzeruhhvskovixzk/Build/Intermediates.noindex/GeneratedModuleMaps-iphonesimulator

WriteAuxiliaryFile /Users/xinyufang/Library/Developer/Xcode/DerivedData/Buzz-faillbpsmponqzeruhhvskovixzk/Build/Intermediates.noindex/Stripe.build/Debug-iphonesimulator/StripeIdentity.build/StripeIdentity.modulemap (in target 'StripeIdentity' from project 'Stripe')
    cd /Users/xinyufang/Library/Developer/Xcode/DerivedData/Buzz-faillbpsmponqzeruhhvskovixzk/SourcePackages/checkouts/stripe-ios-spm
    write-file /Users/xinyufang/Library/Developer/Xcode/DerivedData/Buzz-faillbpsmponqzeruhhvskovixzk/Build/Intermediates.noindex/Stripe.build/Debug-iphonesimulator/StripeIdentity.build/StripeIdentity.modulemap

WriteAuxiliaryFile /Users/xinyufang/Library/Developer/Xcode/DerivedData/Buzz-faillbpsmponqzeruhhvskovixzk/Build/Intermediates.noindex/Stripe.build/Debug-iphonesimulator/StripeIdentity.build/StripeIdentity.DependencyMetadataFileList (in target 'StripeIdentity' from project 'Stripe')
    cd /Users/xinyufang/Library/Developer/Xcode/DerivedData/Buzz-faillbpsmponqzeruhhvskovixzk/SourcePackages/checkouts/stripe-ios-spm
    write-file /Users/xinyufang/Library/Developer/Xcode/DerivedData/Buzz-faillbpsmponqzeruhhvskovixzk/Build/Intermediates.noindex/Stripe.build/Debug-iphonesimulator/StripeIdentity.build/StripeIdentity.DependencyMetadataFileList

WriteAuxiliaryFile /Users/xinyufang/Library/Developer/Xcode/DerivedData/Buzz-faillbpsmponqzeruhhvskovixzk/Build/Intermediates.noindex/Stripe.build/Debug-iphonesimulator/StripeIdentity.build/StripeIdentity.DependencyStaticMetadataFileList (in target 'StripeIdentity' from project 'Stripe')
    cd /Users/xinyufang/Library/Developer/Xcode/DerivedData/Buzz-faillbpsmponqzeruhhvskovixzk/SourcePackages/checkouts/stripe-ios-spm
    write-file /Users/xinyufang/Library/Developer/Xcode/DerivedData/Buzz-faillbpsmponqzeruhhvskovixzk/Build/Intermediates.noindex/Stripe.build/Debug-iphonesimulator/StripeIdentity.build/StripeIdentity.DependencyStaticMetadataFileList

WriteAuxiliaryFile /Users/xinyufang/Library/Developer/Xcode/DerivedData/Buzz-faillbpsmponqzeruhhvskovixzk/Build/Intermediates.noindex/Stripe.build/Debug-iphonesimulator/StripeIdentity.build/Objects-normal/arm64/StripeIdentity.SwiftFileList (in target 'StripeIdentity' from project 'Stripe')
    cd /Users/xinyufang/Library/Developer/Xcode/DerivedData/Buzz-faillbpsmponqzeruhhvskovixzk/SourcePackages/checkouts/stripe-ios-spm
    write-file /Users/xinyufang/Library/Developer/Xcode/DerivedData/Buzz-faillbpsmponqzeruhhvskovixzk/Build/Intermediates.noindex/Stripe.build/Debug-iphonesimulator/StripeIdentity.build/Objects-normal/arm64/StripeIdentity.SwiftFileList

WriteAuxiliaryFile /Users/xinyufang/Library/Developer/Xcode/DerivedData/Buzz-faillbpsmponqzeruhhvskovixzk/Build/Intermediates.noindex/Stripe.build/Debug-iphonesimulator/StripeIdentity.build/Objects-normal/arm64/StripeIdentity_const_extract_protocols.json (in target 'StripeIdentity' from project 'Stripe')
    cd /Users/xinyufang/Library/Developer/Xcode/DerivedData/Buzz-faillbpsmponqzeruhhvskovixzk/SourcePackages/checkouts/stripe-ios-spm
    write-file /Users/xinyufang/Library/Developer/Xcode/DerivedData/Buzz-faillbpsmponqzeruhhvskovixzk/Build/Intermediates.noindex/Stripe.build/Debug-iphonesimulator/StripeIdentity.build/Objects-normal/arm64/StripeIdentity_const_extract_protocols.json

WriteAuxiliaryFile /Users/xinyufang/Library/Developer/Xcode/DerivedData/Buzz-faillbpsmponqzeruhhvskovixzk/Build/Intermediates.noindex/Stripe.build/Debug-iphonesimulator/StripeIdentity.build/Objects-normal/arm64/StripeIdentity.SwiftConstValuesFileList (in target 'StripeIdentity' from project 'Stripe')
    cd /Users/xinyufang/Library/Developer/Xcode/DerivedData/Buzz-faillbpsmponqzeruhhvskovixzk/SourcePackages/checkouts/stripe-ios-spm
    write-file /Users/xinyufang/Library/Developer/Xcode/DerivedData/Buzz-faillbpsmponqzeruhhvskovixzk/Build/Intermediates.noindex/Stripe.build/Debug-iphonesimulator/StripeIdentity.build/Objects-normal/arm64/StripeIdentity.SwiftConstValuesFileList

WriteAuxiliaryFile /Users/xinyufang/Library/Developer/Xcode/DerivedData/Buzz-faillbpsmponqzeruhhvskovixzk/Build/Intermediates.noindex/Stripe.build/Debug-iphonesimulator/StripeIdentity.build/Objects-normal/arm64/StripeIdentity.LinkFileList (in target 'StripeIdentity' from project 'Stripe')
    cd /Users/xinyufang/Library/Developer/Xcode/DerivedData/Buzz-faillbpsmponqzeruhhvskovixzk/SourcePackages/checkouts/stripe-ios-spm
    write-file /Users/xinyufang/Library/Developer/Xcode/DerivedData/Buzz-faillbpsmponqzeruhhvskovixzk/Build/Intermediates.noindex/Stripe.build/Debug-iphonesimulator/StripeIdentity.build/Objects-normal/arm64/StripeIdentity.LinkFileList

WriteAuxiliaryFile /Users/xinyufang/Library/Developer/Xcode/DerivedData/Buzz-faillbpsmponqzeruhhvskovixzk/Build/Intermediates.noindex/Stripe.build/Debug-iphonesimulator/StripeIdentity.build/Objects-normal/arm64/StripeIdentity-OutputFileMap.json (in target 'StripeIdentity' from project 'Stripe')
    cd /Users/xinyufang/Library/Developer/Xcode/DerivedData/Buzz-faillbpsmponqzeruhhvskovixzk/SourcePackages/checkouts/stripe-ios-spm
    write-file /Users/xinyufang/Library/Developer/Xcode/DerivedData/Buzz-faillbpsmponqzeruhhvskovixzk/Build/Intermediates.noindex/Stripe.build/Debug-iphonesimulator/StripeIdentity.build/Objects-normal/arm64/StripeIdentity-OutputFileMap.json

Copy /Users/xinyufang/Library/Developer/Xcode/DerivedData/Buzz-faillbpsmponqzeruhhvskovixzk/Build/Intermediates.noindex/GeneratedModuleMaps-iphonesimulator/StripeIdentity.modulemap /Users/xinyufang/Library/Developer/Xcode/DerivedData/Buzz-faillbpsmponqzeruhhvskovixzk/Build/Intermediates.noindex/Stripe.build/Debug-iphonesimulator/StripeIdentity.build/StripeIdentity.modulemap (in target 'StripeIdentity' from project 'Stripe')
    cd /Users/xinyufang/Library/Developer/Xcode/DerivedData/Buzz-faillbpsmponqzeruhhvskovixzk/SourcePackages/checkouts/stripe-ios-spm
    builtin-copy -exclude .DS_Store -exclude CVS -exclude .svn -exclude .git -exclude .hg -resolve-src-symlinks /Users/xinyufang/Library/Developer/Xcode/DerivedData/Buzz-faillbpsmponqzeruhhvskovixzk/Build/Intermediates.noindex/Stripe.build/Debug-iphonesimulator/StripeIdentity.build/StripeIdentity.modulemap /Users/xinyufang/Library/Developer/Xcode/DerivedData/Buzz-faillbpsmponqzeruhhvskovixzk/Build/Intermediates.noindex/GeneratedModuleMaps-iphonesimulator

WriteAuxiliaryFile /Users/xinyufang/Library/Developer/Xcode/DerivedData/Buzz-faillbpsmponqzeruhhvskovixzk/Build/Intermediates.noindex/Stripe.build/Debug-iphonesimulator/StripeIdentity.build/DerivedSources/resource_bundle_accessor.swift (in target 'StripeIdentity' from project 'Stripe')
    cd /Users/xinyufang/Library/Developer/Xcode/DerivedData/Buzz-faillbpsmponqzeruhhvskovixzk/SourcePackages/checkouts/stripe-ios-spm
    write-file /Users/xinyufang/Library/Developer/Xcode/DerivedData/Buzz-faillbpsmponqzeruhhvskovixzk/Build/Intermediates.noindex/Stripe.build/Debug-iphonesimulator/StripeIdentity.build/DerivedSources/resource_bundle_accessor.swift

WriteAuxiliaryFile /Users/xinyufang/Library/Developer/Xcode/DerivedData/Buzz-faillbpsmponqzeruhhvskovixzk/Build/Intermediates.noindex/Stripe.build/Debug-iphonesimulator/StripeFinancialConnections.build/StripeFinancialConnections.DependencyStaticMetadataFileList (in target 'StripeFinancialConnections' from project 'Stripe')
    cd /Users/xinyufang/Library/Developer/Xcode/DerivedData/Buzz-faillbpsmponqzeruhhvskovixzk/SourcePackages/checkouts/stripe-ios-spm
    write-file /Users/xinyufang/Library/Developer/Xcode/DerivedData/Buzz-faillbpsmponqzeruhhvskovixzk/Build/Intermediates.noindex/Stripe.build/Debug-iphonesimulator/StripeFinancialConnections.build/StripeFinancialConnections.DependencyStaticMetadataFileList

WriteAuxiliaryFile /Users/xinyufang/Library/Developer/Xcode/DerivedData/Buzz-faillbpsmponqzeruhhvskovixzk/Build/Intermediates.noindex/Stripe.build/Debug-iphonesimulator/StripeFinancialConnections.build/StripeFinancialConnections.modulemap (in target 'StripeFinancialConnections' from project 'Stripe')
    cd /Users/xinyufang/Library/Developer/Xcode/DerivedData/Buzz-faillbpsmponqzeruhhvskovixzk/SourcePackages/checkouts/stripe-ios-spm
    write-file /Users/xinyufang/Library/Developer/Xcode/DerivedData/Buzz-faillbpsmponqzeruhhvskovixzk/Build/Intermediates.noindex/Stripe.build/Debug-iphonesimulator/StripeFinancialConnections.build/StripeFinancialConnections.modulemap

WriteAuxiliaryFile /Users/xinyufang/Library/Developer/Xcode/DerivedData/Buzz-faillbpsmponqzeruhhvskovixzk/Build/Intermediates.noindex/Stripe.build/Debug-iphonesimulator/StripeFinancialConnections.build/StripeFinancialConnections.DependencyMetadataFileList (in target 'StripeFinancialConnections' from project 'Stripe')
    cd /Users/xinyufang/Library/Developer/Xcode/DerivedData/Buzz-faillbpsmponqzeruhhvskovixzk/SourcePackages/checkouts/stripe-ios-spm
    write-file /Users/xinyufang/Library/Developer/Xcode/DerivedData/Buzz-faillbpsmponqzeruhhvskovixzk/Build/Intermediates.noindex/Stripe.build/Debug-iphonesimulator/StripeFinancialConnections.build/StripeFinancialConnections.DependencyMetadataFileList

WriteAuxiliaryFile /Users/xinyufang/Library/Developer/Xcode/DerivedData/Buzz-faillbpsmponqzeruhhvskovixzk/Build/Intermediates.noindex/Stripe.build/Debug-iphonesimulator/StripeFinancialConnections.build/Objects-normal/arm64/StripeFinancialConnections_const_extract_protocols.json (in target 'StripeFinancialConnections' from project 'Stripe')
    cd /Users/xinyufang/Library/Developer/Xcode/DerivedData/Buzz-faillbpsmponqzeruhhvskovixzk/SourcePackages/checkouts/stripe-ios-spm
    write-file /Users/xinyufang/Library/Developer/Xcode/DerivedData/Buzz-faillbpsmponqzeruhhvskovixzk/Build/Intermediates.noindex/Stripe.build/Debug-iphonesimulator/StripeFinancialConnections.build/Objects-normal/arm64/StripeFinancialConnections_const_extract_protocols.json

WriteAuxiliaryFile /Users/xinyufang/Library/Developer/Xcode/DerivedData/Buzz-faillbpsmponqzeruhhvskovixzk/Build/Intermediates.noindex/Stripe.build/Debug-iphonesimulator/StripeFinancialConnections.build/Objects-normal/arm64/StripeFinancialConnections.SwiftFileList (in target 'StripeFinancialConnections' from project 'Stripe')
    cd /Users/xinyufang/Library/Developer/Xcode/DerivedData/Buzz-faillbpsmponqzeruhhvskovixzk/SourcePackages/checkouts/stripe-ios-spm
    write-file /Users/xinyufang/Library/Developer/Xcode/DerivedData/Buzz-faillbpsmponqzeruhhvskovixzk/Build/Intermediates.noindex/Stripe.build/Debug-iphonesimulator/StripeFinancialConnections.build/Objects-normal/arm64/StripeFinancialConnections.SwiftFileList

WriteAuxiliaryFile /Users/xinyufang/Library/Developer/Xcode/DerivedData/Buzz-faillbpsmponqzeruhhvskovixzk/Build/Intermediates.noindex/Stripe.build/Debug-iphonesimulator/StripeFinancialConnections.build/Objects-normal/arm64/StripeFinancialConnections.SwiftConstValuesFileList (in target 'StripeFinancialConnections' from project 'Stripe')
    cd /Users/xinyufang/Library/Developer/Xcode/DerivedData/Buzz-faillbpsmponqzeruhhvskovixzk/SourcePackages/checkouts/stripe-ios-spm
    write-file /Users/xinyufang/Library/Developer/Xcode/DerivedData/Buzz-faillbpsmponqzeruhhvskovixzk/Build/Intermediates.noindex/Stripe.build/Debug-iphonesimulator/StripeFinancialConnections.build/Objects-normal/arm64/StripeFinancialConnections.SwiftConstValuesFileList

WriteAuxiliaryFile /Users/xinyufang/Library/Developer/Xcode/DerivedData/Buzz-faillbpsmponqzeruhhvskovixzk/Build/Intermediates.noindex/Stripe.build/Debug-iphonesimulator/StripeFinancialConnections.build/Objects-normal/arm64/StripeFinancialConnections.LinkFileList (in target 'StripeFinancialConnections' from project 'Stripe')
    cd /Users/xinyufang/Library/Developer/Xcode/DerivedData/Buzz-faillbpsmponqzeruhhvskovixzk/SourcePackages/checkouts/stripe-ios-spm
    write-file /Users/xinyufang/Library/Developer/Xcode/DerivedData/Buzz-faillbpsmponqzeruhhvskovixzk/Build/Intermediates.noindex/Stripe.build/Debug-iphonesimulator/StripeFinancialConnections.build/Objects-normal/arm64/StripeFinancialConnections.LinkFileList

WriteAuxiliaryFile /Users/xinyufang/Library/Developer/Xcode/DerivedData/Buzz-faillbpsmponqzeruhhvskovixzk/Build/Intermediates.noindex/Stripe.build/Debug-iphonesimulator/StripeFinancialConnections.build/Objects-normal/arm64/StripeFinancialConnections-OutputFileMap.json (in target 'StripeFinancialConnections' from project 'Stripe')
    cd /Users/xinyufang/Library/Developer/Xcode/DerivedData/Buzz-faillbpsmponqzeruhhvskovixzk/SourcePackages/checkouts/stripe-ios-spm
    write-file /Users/xinyufang/Library/Developer/Xcode/DerivedData/Buzz-faillbpsmponqzeruhhvskovixzk/Build/Intermediates.noindex/Stripe.build/Debug-iphonesimulator/StripeFinancialConnections.build/Objects-normal/arm64/StripeFinancialConnections-OutputFileMap.json

WriteAuxiliaryFile /Users/xinyufang/Library/Developer/Xcode/DerivedData/Buzz-faillbpsmponqzeruhhvskovixzk/Build/Intermediates.noindex/Stripe.build/Debug-iphonesimulator/StripeFinancialConnections.build/DerivedSources/resource_bundle_accessor.swift (in target 'StripeFinancialConnections' from project 'Stripe')
    cd /Users/xinyufang/Library/Developer/Xcode/DerivedData/Buzz-faillbpsmponqzeruhhvskovixzk/SourcePackages/checkouts/stripe-ios-spm
    write-file /Users/xinyufang/Library/Developer/Xcode/DerivedData/Buzz-faillbpsmponqzeruhhvskovixzk/Build/Intermediates.noindex/Stripe.build/Debug-iphonesimulator/StripeFinancialConnections.build/DerivedSources/resource_bundle_accessor.swift

WriteAuxiliaryFile /Users/xinyufang/Library/Developer/Xcode/DerivedData/Buzz-faillbpsmponqzeruhhvskovixzk/Build/Intermediates.noindex/Stripe.build/Debug-iphonesimulator/StripeCore.build/StripeCore.modulemap (in target 'StripeCore' from project 'Stripe')
    cd /Users/xinyufang/Library/Developer/Xcode/DerivedData/Buzz-faillbpsmponqzeruhhvskovixzk/SourcePackages/checkouts/stripe-ios-spm
    write-file /Users/xinyufang/Library/Developer/Xcode/DerivedData/Buzz-faillbpsmponqzeruhhvskovixzk/Build/Intermediates.noindex/Stripe.build/Debug-iphonesimulator/StripeCore.build/StripeCore.modulemap

Copy /Users/xinyufang/Library/Developer/Xcode/DerivedData/Buzz-faillbpsmponqzeruhhvskovixzk/Build/Intermediates.noindex/GeneratedModuleMaps-iphonesimulator/StripeFinancialConnections.modulemap /Users/xinyufang/Library/Developer/Xcode/DerivedData/Buzz-faillbpsmponqzeruhhvskovixzk/Build/Intermediates.noindex/Stripe.build/Debug-iphonesimulator/StripeFinancialConnections.build/StripeFinancialConnections.modulemap (in target 'StripeFinancialConnections' from project 'Stripe')
    cd /Users/xinyufang/Library/Developer/Xcode/DerivedData/Buzz-faillbpsmponqzeruhhvskovixzk/SourcePackages/checkouts/stripe-ios-spm
    builtin-copy -exclude .DS_Store -exclude CVS -exclude .svn -exclude .git -exclude .hg -resolve-src-symlinks /Users/xinyufang/Library/Developer/Xcode/DerivedData/Buzz-faillbpsmponqzeruhhvskovixzk/Build/Intermediates.noindex/Stripe.build/Debug-iphonesimulator/StripeFinancialConnections.build/StripeFinancialConnections.modulemap /Users/xinyufang/Library/Developer/Xcode/DerivedData/Buzz-faillbpsmponqzeruhhvskovixzk/Build/Intermediates.noindex/GeneratedModuleMaps-iphonesimulator

WriteAuxiliaryFile /Users/xinyufang/Library/Developer/Xcode/DerivedData/Buzz-faillbpsmponqzeruhhvskovixzk/Build/Intermediates.noindex/Stripe.build/Debug-iphonesimulator/StripeCore.build/StripeCore.DependencyStaticMetadataFileList (in target 'StripeCore' from project 'Stripe')
    cd /Users/xinyufang/Library/Developer/Xcode/DerivedData/Buzz-faillbpsmponqzeruhhvskovixzk/SourcePackages/checkouts/stripe-ios-spm
    write-file /Users/xinyufang/Library/Developer/Xcode/DerivedData/Buzz-faillbpsmponqzeruhhvskovixzk/Build/Intermediates.noindex/Stripe.build/Debug-iphonesimulator/StripeCore.build/StripeCore.DependencyStaticMetadataFileList

WriteAuxiliaryFile /Users/xinyufang/Library/Developer/Xcode/DerivedData/Buzz-faillbpsmponqzeruhhvskovixzk/Build/Intermediates.noindex/Stripe.build/Debug-iphonesimulator/StripeCore.build/StripeCore.DependencyMetadataFileList (in target 'StripeCore' from project 'Stripe')
    cd /Users/xinyufang/Library/Developer/Xcode/DerivedData/Buzz-faillbpsmponqzeruhhvskovixzk/SourcePackages/checkouts/stripe-ios-spm
    write-file /Users/xinyufang/Library/Developer/Xcode/DerivedData/Buzz-faillbpsmponqzeruhhvskovixzk/Build/Intermediates.noindex/Stripe.build/Debug-iphonesimulator/StripeCore.build/StripeCore.DependencyMetadataFileList

WriteAuxiliaryFile /Users/xinyufang/Library/Developer/Xcode/DerivedData/Buzz-faillbpsmponqzeruhhvskovixzk/Build/Intermediates.noindex/Stripe.build/Debug-iphonesimulator/StripeCore.build/Objects-normal/arm64/StripeCore.SwiftFileList (in target 'StripeCore' from project 'Stripe')
    cd /Users/xinyufang/Library/Developer/Xcode/DerivedData/Buzz-faillbpsmponqzeruhhvskovixzk/SourcePackages/checkouts/stripe-ios-spm
    write-file /Users/xinyufang/Library/Developer/Xcode/DerivedData/Buzz-faillbpsmponqzeruhhvskovixzk/Build/Intermediates.noindex/Stripe.build/Debug-iphonesimulator/StripeCore.build/Objects-normal/arm64/StripeCore.SwiftFileList

WriteAuxiliaryFile /Users/xinyufang/Library/Developer/Xcode/DerivedData/Buzz-faillbpsmponqzeruhhvskovixzk/Build/Intermediates.noindex/Stripe.build/Debug-iphonesimulator/StripeCore.build/Objects-normal/arm64/StripeCore.SwiftConstValuesFileList (in target 'StripeCore' from project 'Stripe')
    cd /Users/xinyufang/Library/Developer/Xcode/DerivedData/Buzz-faillbpsmponqzeruhhvskovixzk/SourcePackages/checkouts/stripe-ios-spm
    write-file /Users/xinyufang/Library/Developer/Xcode/DerivedData/Buzz-faillbpsmponqzeruhhvskovixzk/Build/Intermediates.noindex/Stripe.build/Debug-iphonesimulator/StripeCore.build/Objects-normal/arm64/StripeCore.SwiftConstValuesFileList

WriteAuxiliaryFile /Users/xinyufang/Library/Developer/Xcode/DerivedData/Buzz-faillbpsmponqzeruhhvskovixzk/Build/Intermediates.noindex/Stripe.build/Debug-iphonesimulator/StripeCore.build/Objects-normal/arm64/StripeCore_const_extract_protocols.json (in target 'StripeCore' from project 'Stripe')
    cd /Users/xinyufang/Library/Developer/Xcode/DerivedData/Buzz-faillbpsmponqzeruhhvskovixzk/SourcePackages/checkouts/stripe-ios-spm
    write-file /Users/xinyufang/Library/Developer/Xcode/DerivedData/Buzz-faillbpsmponqzeruhhvskovixzk/Build/Intermediates.noindex/Stripe.build/Debug-iphonesimulator/StripeCore.build/Objects-normal/arm64/StripeCore_const_extract_protocols.json

WriteAuxiliaryFile /Users/xinyufang/Library/Developer/Xcode/DerivedData/Buzz-faillbpsmponqzeruhhvskovixzk/Build/Intermediates.noindex/Stripe.build/Debug-iphonesimulator/StripeCore.build/Objects-normal/arm64/StripeCore.LinkFileList (in target 'StripeCore' from project 'Stripe')
    cd /Users/xinyufang/Library/Developer/Xcode/DerivedData/Buzz-faillbpsmponqzeruhhvskovixzk/SourcePackages/checkouts/stripe-ios-spm
    write-file /Users/xinyufang/Library/Developer/Xcode/DerivedData/Buzz-faillbpsmponqzeruhhvskovixzk/Build/Intermediates.noindex/Stripe.build/Debug-iphonesimulator/StripeCore.build/Objects-normal/arm64/StripeCore.LinkFileList

WriteAuxiliaryFile /Users/xinyufang/Library/Developer/Xcode/DerivedData/Buzz-faillbpsmponqzeruhhvskovixzk/Build/Intermediates.noindex/Stripe.build/Debug-iphonesimulator/StripeCore.build/Objects-normal/arm64/StripeCore-OutputFileMap.json (in target 'StripeCore' from project 'Stripe')
    cd /Users/xinyufang/Library/Developer/Xcode/DerivedData/Buzz-faillbpsmponqzeruhhvskovixzk/SourcePackages/checkouts/stripe-ios-spm
    write-file /Users/xinyufang/Library/Developer/Xcode/DerivedData/Buzz-faillbpsmponqzeruhhvskovixzk/Build/Intermediates.noindex/Stripe.build/Debug-iphonesimulator/StripeCore.build/Objects-normal/arm64/StripeCore-OutputFileMap.json

Copy /Users/xinyufang/Library/Developer/Xcode/DerivedData/Buzz-faillbpsmponqzeruhhvskovixzk/Build/Intermediates.noindex/GeneratedModuleMaps-iphonesimulator/StripeCore.modulemap /Users/xinyufang/Library/Developer/Xcode/DerivedData/Buzz-faillbpsmponqzeruhhvskovixzk/Build/Intermediates.noindex/Stripe.build/Debug-iphonesimulator/StripeCore.build/StripeCore.modulemap (in target 'StripeCore' from project 'Stripe')
    cd /Users/xinyufang/Library/Developer/Xcode/DerivedData/Buzz-faillbpsmponqzeruhhvskovixzk/SourcePackages/checkouts/stripe-ios-spm
    builtin-copy -exclude .DS_Store -exclude CVS -exclude .svn -exclude .git -exclude .hg -resolve-src-symlinks /Users/xinyufang/Library/Developer/Xcode/DerivedData/Buzz-faillbpsmponqzeruhhvskovixzk/Build/Intermediates.noindex/Stripe.build/Debug-iphonesimulator/StripeCore.build/StripeCore.modulemap /Users/xinyufang/Library/Developer/Xcode/DerivedData/Buzz-faillbpsmponqzeruhhvskovixzk/Build/Intermediates.noindex/GeneratedModuleMaps-iphonesimulator

WriteAuxiliaryFile /Users/xinyufang/Library/Developer/Xcode/DerivedData/Buzz-faillbpsmponqzeruhhvskovixzk/Build/Intermediates.noindex/Stripe.build/Debug-iphonesimulator/StripeCore.build/DerivedSources/resource_bundle_accessor.swift (in target 'StripeCore' from project 'Stripe')
    cd /Users/xinyufang/Library/Developer/Xcode/DerivedData/Buzz-faillbpsmponqzeruhhvskovixzk/SourcePackages/checkouts/stripe-ios-spm
    write-file /Users/xinyufang/Library/Developer/Xcode/DerivedData/Buzz-faillbpsmponqzeruhhvskovixzk/Build/Intermediates.noindex/Stripe.build/Debug-iphonesimulator/StripeCore.build/DerivedSources/resource_bundle_accessor.swift

WriteAuxiliaryFile /Users/xinyufang/Library/Developer/Xcode/DerivedData/Buzz-faillbpsmponqzeruhhvskovixzk/Build/Intermediates.noindex/Stripe.build/Debug-iphonesimulator/StripeConnect.build/StripeConnect.modulemap (in target 'StripeConnect' from project 'Stripe')
    cd /Users/xinyufang/Library/Developer/Xcode/DerivedData/Buzz-faillbpsmponqzeruhhvskovixzk/SourcePackages/checkouts/stripe-ios-spm
    write-file /Users/xinyufang/Library/Developer/Xcode/DerivedData/Buzz-faillbpsmponqzeruhhvskovixzk/Build/Intermediates.noindex/Stripe.build/Debug-iphonesimulator/StripeConnect.build/StripeConnect.modulemap

WriteAuxiliaryFile /Users/xinyufang/Library/Developer/Xcode/DerivedData/Buzz-faillbpsmponqzeruhhvskovixzk/Build/Intermediates.noindex/Stripe.build/Debug-iphonesimulator/StripeConnect.build/StripeConnect.DependencyStaticMetadataFileList (in target 'StripeConnect' from project 'Stripe')
    cd /Users/xinyufang/Library/Developer/Xcode/DerivedData/Buzz-faillbpsmponqzeruhhvskovixzk/SourcePackages/checkouts/stripe-ios-spm
    write-file /Users/xinyufang/Library/Developer/Xcode/DerivedData/Buzz-faillbpsmponqzeruhhvskovixzk/Build/Intermediates.noindex/Stripe.build/Debug-iphonesimulator/StripeConnect.build/StripeConnect.DependencyStaticMetadataFileList

WriteAuxiliaryFile /Users/xinyufang/Library/Developer/Xcode/DerivedData/Buzz-faillbpsmponqzeruhhvskovixzk/Build/Intermediates.noindex/Stripe.build/Debug-iphonesimulator/StripeConnect.build/StripeConnect.DependencyMetadataFileList (in target 'StripeConnect' from project 'Stripe')
    cd /Users/xinyufang/Library/Developer/Xcode/DerivedData/Buzz-faillbpsmponqzeruhhvskovixzk/SourcePackages/checkouts/stripe-ios-spm
    write-file /Users/xinyufang/Library/Developer/Xcode/DerivedData/Buzz-faillbpsmponqzeruhhvskovixzk/Build/Intermediates.noindex/Stripe.build/Debug-iphonesimulator/StripeConnect.build/StripeConnect.DependencyMetadataFileList

WriteAuxiliaryFile /Users/xinyufang/Library/Developer/Xcode/DerivedData/Buzz-faillbpsmponqzeruhhvskovixzk/Build/Intermediates.noindex/Stripe.build/Debug-iphonesimulator/StripeConnect.build/Objects-normal/arm64/StripeConnect_const_extract_protocols.json (in target 'StripeConnect' from project 'Stripe')
    cd /Users/xinyufang/Library/Developer/Xcode/DerivedData/Buzz-faillbpsmponqzeruhhvskovixzk/SourcePackages/checkouts/stripe-ios-spm
    write-file /Users/xinyufang/Library/Developer/Xcode/DerivedData/Buzz-faillbpsmponqzeruhhvskovixzk/Build/Intermediates.noindex/Stripe.build/Debug-iphonesimulator/StripeConnect.build/Objects-normal/arm64/StripeConnect_const_extract_protocols.json

WriteAuxiliaryFile /Users/xinyufang/Library/Developer/Xcode/DerivedData/Buzz-faillbpsmponqzeruhhvskovixzk/Build/Intermediates.noindex/Stripe.build/Debug-iphonesimulator/StripeConnect.build/Objects-normal/arm64/StripeConnect.SwiftFileList (in target 'StripeConnect' from project 'Stripe')
    cd /Users/xinyufang/Library/Developer/Xcode/DerivedData/Buzz-faillbpsmponqzeruhhvskovixzk/SourcePackages/checkouts/stripe-ios-spm
    write-file /Users/xinyufang/Library/Developer/Xcode/DerivedData/Buzz-faillbpsmponqzeruhhvskovixzk/Build/Intermediates.noindex/Stripe.build/Debug-iphonesimulator/StripeConnect.build/Objects-normal/arm64/StripeConnect.SwiftFileList

WriteAuxiliaryFile /Users/xinyufang/Library/Developer/Xcode/DerivedData/Buzz-faillbpsmponqzeruhhvskovixzk/Build/Intermediates.noindex/Stripe.build/Debug-iphonesimulator/StripeConnect.build/Objects-normal/arm64/StripeConnect.SwiftConstValuesFileList (in target 'StripeConnect' from project 'Stripe')
    cd /Users/xinyufang/Library/Developer/Xcode/DerivedData/Buzz-faillbpsmponqzeruhhvskovixzk/SourcePackages/checkouts/stripe-ios-spm
    write-file /Users/xinyufang/Library/Developer/Xcode/DerivedData/Buzz-faillbpsmponqzeruhhvskovixzk/Build/Intermediates.noindex/Stripe.build/Debug-iphonesimulator/StripeConnect.build/Objects-normal/arm64/StripeConnect.SwiftConstValuesFileList

WriteAuxiliaryFile /Users/xinyufang/Library/Developer/Xcode/DerivedData/Buzz-faillbpsmponqzeruhhvskovixzk/Build/Intermediates.noindex/Stripe.build/Debug-iphonesimulator/StripeConnect.build/Objects-normal/arm64/StripeConnect.LinkFileList (in target 'StripeConnect' from project 'Stripe')
    cd /Users/xinyufang/Library/Developer/Xcode/DerivedData/Buzz-faillbpsmponqzeruhhvskovixzk/SourcePackages/checkouts/stripe-ios-spm
    write-file /Users/xinyufang/Library/Developer/Xcode/DerivedData/Buzz-faillbpsmponqzeruhhvskovixzk/Build/Intermediates.noindex/Stripe.build/Debug-iphonesimulator/StripeConnect.build/Objects-normal/arm64/StripeConnect.LinkFileList

WriteAuxiliaryFile /Users/xinyufang/Library/Developer/Xcode/DerivedData/Buzz-faillbpsmponqzeruhhvskovixzk/Build/Intermediates.noindex/Stripe.build/Debug-iphonesimulator/StripeConnect.build/Objects-normal/arm64/StripeConnect-OutputFileMap.json (in target 'StripeConnect' from project 'Stripe')
    cd /Users/xinyufang/Library/Developer/Xcode/DerivedData/Buzz-faillbpsmponqzeruhhvskovixzk/SourcePackages/checkouts/stripe-ios-spm
    write-file /Users/xinyufang/Library/Developer/Xcode/DerivedData/Buzz-faillbpsmponqzeruhhvskovixzk/Build/Intermediates.noindex/Stripe.build/Debug-iphonesimulator/StripeConnect.build/Objects-normal/arm64/StripeConnect-OutputFileMap.json

WriteAuxiliaryFile /Users/xinyufang/Library/Developer/Xcode/DerivedData/Buzz-faillbpsmponqzeruhhvskovixzk/Build/Intermediates.noindex/Stripe.build/Debug-iphonesimulator/StripeConnect.build/DerivedSources/resource_bundle_accessor.swift (in target 'StripeConnect' from project 'Stripe')
    cd /Users/xinyufang/Library/Developer/Xcode/DerivedData/Buzz-faillbpsmponqzeruhhvskovixzk/SourcePackages/checkouts/stripe-ios-spm
    write-file /Users/xinyufang/Library/Developer/Xcode/DerivedData/Buzz-faillbpsmponqzeruhhvskovixzk/Build/Intermediates.noindex/Stripe.build/Debug-iphonesimulator/StripeConnect.build/DerivedSources/resource_bundle_accessor.swift

Copy /Users/xinyufang/Library/Developer/Xcode/DerivedData/Buzz-faillbpsmponqzeruhhvskovixzk/Build/Intermediates.noindex/GeneratedModuleMaps-iphonesimulator/StripeConnect.modulemap /Users/xinyufang/Library/Developer/Xcode/DerivedData/Buzz-faillbpsmponqzeruhhvskovixzk/Build/Intermediates.noindex/Stripe.build/Debug-iphonesimulator/StripeConnect.build/StripeConnect.modulemap (in target 'StripeConnect' from project 'Stripe')
    cd /Users/xinyufang/Library/Developer/Xcode/DerivedData/Buzz-faillbpsmponqzeruhhvskovixzk/SourcePackages/checkouts/stripe-ios-spm
    builtin-copy -exclude .DS_Store -exclude CVS -exclude .svn -exclude .git -exclude .hg -resolve-src-symlinks /Users/xinyufang/Library/Developer/Xcode/DerivedData/Buzz-faillbpsmponqzeruhhvskovixzk/Build/Intermediates.noindex/Stripe.build/Debug-iphonesimulator/StripeConnect.build/StripeConnect.modulemap /Users/xinyufang/Library/Developer/Xcode/DerivedData/Buzz-faillbpsmponqzeruhhvskovixzk/Build/Intermediates.noindex/GeneratedModuleMaps-iphonesimulator

WriteAuxiliaryFile /Users/xinyufang/Library/Developer/Xcode/DerivedData/Buzz-faillbpsmponqzeruhhvskovixzk/Build/Intermediates.noindex/Stripe.build/Debug-iphonesimulator/StripeCardScan.build/StripeCardScan.modulemap (in target 'StripeCardScan' from project 'Stripe')
    cd /Users/xinyufang/Library/Developer/Xcode/DerivedData/Buzz-faillbpsmponqzeruhhvskovixzk/SourcePackages/checkouts/stripe-ios-spm
    write-file /Users/xinyufang/Library/Developer/Xcode/DerivedData/Buzz-faillbpsmponqzeruhhvskovixzk/Build/Intermediates.noindex/Stripe.build/Debug-iphonesimulator/StripeCardScan.build/StripeCardScan.modulemap

WriteAuxiliaryFile /Users/xinyufang/Library/Developer/Xcode/DerivedData/Buzz-faillbpsmponqzeruhhvskovixzk/Build/Intermediates.noindex/Stripe.build/Debug-iphonesimulator/StripeCardScan.build/StripeCardScan.DependencyStaticMetadataFileList (in target 'StripeCardScan' from project 'Stripe')
    cd /Users/xinyufang/Library/Developer/Xcode/DerivedData/Buzz-faillbpsmponqzeruhhvskovixzk/SourcePackages/checkouts/stripe-ios-spm
    write-file /Users/xinyufang/Library/Developer/Xcode/DerivedData/Buzz-faillbpsmponqzeruhhvskovixzk/Build/Intermediates.noindex/Stripe.build/Debug-iphonesimulator/StripeCardScan.build/StripeCardScan.DependencyStaticMetadataFileList

WriteAuxiliaryFile /Users/xinyufang/Library/Developer/Xcode/DerivedData/Buzz-faillbpsmponqzeruhhvskovixzk/Build/Intermediates.noindex/Stripe.build/Debug-iphonesimulator/StripeCardScan.build/StripeCardScan.DependencyMetadataFileList (in target 'StripeCardScan' from project 'Stripe')
    cd /Users/xinyufang/Library/Developer/Xcode/DerivedData/Buzz-faillbpsmponqzeruhhvskovixzk/SourcePackages/checkouts/stripe-ios-spm
    write-file /Users/xinyufang/Library/Developer/Xcode/DerivedData/Buzz-faillbpsmponqzeruhhvskovixzk/Build/Intermediates.noindex/Stripe.build/Debug-iphonesimulator/StripeCardScan.build/StripeCardScan.DependencyMetadataFileList

WriteAuxiliaryFile /Users/xinyufang/Library/Developer/Xcode/DerivedData/Buzz-faillbpsmponqzeruhhvskovixzk/Build/Intermediates.noindex/Stripe.build/Debug-iphonesimulator/StripeCardScan.build/Objects-normal/arm64/StripeCardScan_const_extract_protocols.json (in target 'StripeCardScan' from project 'Stripe')
    cd /Users/xinyufang/Library/Developer/Xcode/DerivedData/Buzz-faillbpsmponqzeruhhvskovixzk/SourcePackages/checkouts/stripe-ios-spm
    write-file /Users/xinyufang/Library/Developer/Xcode/DerivedData/Buzz-faillbpsmponqzeruhhvskovixzk/Build/Intermediates.noindex/Stripe.build/Debug-iphonesimulator/StripeCardScan.build/Objects-normal/arm64/StripeCardScan_const_extract_protocols.json

WriteAuxiliaryFile /Users/xinyufang/Library/Developer/Xcode/DerivedData/Buzz-faillbpsmponqzeruhhvskovixzk/Build/Intermediates.noindex/Stripe.build/Debug-iphonesimulator/StripeCardScan.build/Objects-normal/arm64/StripeCardScan.SwiftFileList (in target 'StripeCardScan' from project 'Stripe')
    cd /Users/xinyufang/Library/Developer/Xcode/DerivedData/Buzz-faillbpsmponqzeruhhvskovixzk/SourcePackages/checkouts/stripe-ios-spm
    write-file /Users/xinyufang/Library/Developer/Xcode/DerivedData/Buzz-faillbpsmponqzeruhhvskovixzk/Build/Intermediates.noindex/Stripe.build/Debug-iphonesimulator/StripeCardScan.build/Objects-normal/arm64/StripeCardScan.SwiftFileList

WriteAuxiliaryFile /Users/xinyufang/Library/Developer/Xcode/DerivedData/Buzz-faillbpsmponqzeruhhvskovixzk/Build/Intermediates.noindex/Stripe.build/Debug-iphonesimulator/StripeCardScan.build/Objects-normal/arm64/StripeCardScan.SwiftConstValuesFileList (in target 'StripeCardScan' from project 'Stripe')
    cd /Users/xinyufang/Library/Developer/Xcode/DerivedData/Buzz-faillbpsmponqzeruhhvskovixzk/SourcePackages/checkouts/stripe-ios-spm
    write-file /Users/xinyufang/Library/Developer/Xcode/DerivedData/Buzz-faillbpsmponqzeruhhvskovixzk/Build/Intermediates.noindex/Stripe.build/Debug-iphonesimulator/StripeCardScan.build/Objects-normal/arm64/StripeCardScan.SwiftConstValuesFileList

WriteAuxiliaryFile /Users/xinyufang/Library/Developer/Xcode/DerivedData/Buzz-faillbpsmponqzeruhhvskovixzk/Build/Intermediates.noindex/Stripe.build/Debug-iphonesimulator/StripeCardScan.build/Objects-normal/arm64/StripeCardScan.LinkFileList (in target 'StripeCardScan' from project 'Stripe')
    cd /Users/xinyufang/Library/Developer/Xcode/DerivedData/Buzz-faillbpsmponqzeruhhvskovixzk/SourcePackages/checkouts/stripe-ios-spm
    write-file /Users/xinyufang/Library/Developer/Xcode/DerivedData/Buzz-faillbpsmponqzeruhhvskovixzk/Build/Intermediates.noindex/Stripe.build/Debug-iphonesimulator/StripeCardScan.build/Objects-normal/arm64/StripeCardScan.LinkFileList

WriteAuxiliaryFile /Users/xinyufang/Library/Developer/Xcode/DerivedData/Buzz-faillbpsmponqzeruhhvskovixzk/Build/Intermediates.noindex/Stripe.build/Debug-iphonesimulator/StripeCardScan.build/Objects-normal/arm64/StripeCardScan-OutputFileMap.json (in target 'StripeCardScan' from project 'Stripe')
    cd /Users/xinyufang/Library/Developer/Xcode/DerivedData/Buzz-faillbpsmponqzeruhhvskovixzk/SourcePackages/checkouts/stripe-ios-spm
    write-file /Users/xinyufang/Library/Developer/Xcode/DerivedData/Buzz-faillbpsmponqzeruhhvskovixzk/Build/Intermediates.noindex/Stripe.build/Debug-iphonesimulator/StripeCardScan.build/Objects-normal/arm64/StripeCardScan-OutputFileMap.json

WriteAuxiliaryFile /Users/xinyufang/Library/Developer/Xcode/DerivedData/Buzz-faillbpsmponqzeruhhvskovixzk/Build/Intermediates.noindex/Stripe.build/Debug-iphonesimulator/StripeCardScan.build/DerivedSources/resource_bundle_accessor.swift (in target 'StripeCardScan' from project 'Stripe')
    cd /Users/xinyufang/Library/Developer/Xcode/DerivedData/Buzz-faillbpsmponqzeruhhvskovixzk/SourcePackages/checkouts/stripe-ios-spm
    write-file /Users/xinyufang/Library/Developer/Xcode/DerivedData/Buzz-faillbpsmponqzeruhhvskovixzk/Build/Intermediates.noindex/Stripe.build/Debug-iphonesimulator/StripeCardScan.build/DerivedSources/resource_bundle_accessor.swift

Copy /Users/xinyufang/Library/Developer/Xcode/DerivedData/Buzz-faillbpsmponqzeruhhvskovixzk/Build/Intermediates.noindex/GeneratedModuleMaps-iphonesimulator/StripeCardScan.modulemap /Users/xinyufang/Library/Developer/Xcode/DerivedData/Buzz-faillbpsmponqzeruhhvskovixzk/Build/Intermediates.noindex/Stripe.build/Debug-iphonesimulator/StripeCardScan.build/StripeCardScan.modulemap (in target 'StripeCardScan' from project 'Stripe')
    cd /Users/xinyufang/Library/Developer/Xcode/DerivedData/Buzz-faillbpsmponqzeruhhvskovixzk/SourcePackages/checkouts/stripe-ios-spm
    builtin-copy -exclude .DS_Store -exclude CVS -exclude .svn -exclude .git -exclude .hg -resolve-src-symlinks /Users/xinyufang/Library/Developer/Xcode/DerivedData/Buzz-faillbpsmponqzeruhhvskovixzk/Build/Intermediates.noindex/Stripe.build/Debug-iphonesimulator/StripeCardScan.build/StripeCardScan.modulemap /Users/xinyufang/Library/Developer/Xcode/DerivedData/Buzz-faillbpsmponqzeruhhvskovixzk/Build/Intermediates.noindex/GeneratedModuleMaps-iphonesimulator

WriteAuxiliaryFile /Users/xinyufang/Library/Developer/Xcode/DerivedData/Buzz-faillbpsmponqzeruhhvskovixzk/Build/Intermediates.noindex/Stripe.build/Debug-iphonesimulator/StripeCameraCore.build/StripeCameraCore.modulemap (in target 'StripeCameraCore' from project 'Stripe')
    cd /Users/xinyufang/Library/Developer/Xcode/DerivedData/Buzz-faillbpsmponqzeruhhvskovixzk/SourcePackages/checkouts/stripe-ios-spm
    write-file /Users/xinyufang/Library/Developer/Xcode/DerivedData/Buzz-faillbpsmponqzeruhhvskovixzk/Build/Intermediates.noindex/Stripe.build/Debug-iphonesimulator/StripeCameraCore.build/StripeCameraCore.modulemap

WriteAuxiliaryFile /Users/xinyufang/Library/Developer/Xcode/DerivedData/Buzz-faillbpsmponqzeruhhvskovixzk/Build/Intermediates.noindex/Stripe.build/Debug-iphonesimulator/StripeCameraCore.build/StripeCameraCore.DependencyStaticMetadataFileList (in target 'StripeCameraCore' from project 'Stripe')
    cd /Users/xinyufang/Library/Developer/Xcode/DerivedData/Buzz-faillbpsmponqzeruhhvskovixzk/SourcePackages/checkouts/stripe-ios-spm
    write-file /Users/xinyufang/Library/Developer/Xcode/DerivedData/Buzz-faillbpsmponqzeruhhvskovixzk/Build/Intermediates.noindex/Stripe.build/Debug-iphonesimulator/StripeCameraCore.build/StripeCameraCore.DependencyStaticMetadataFileList

WriteAuxiliaryFile /Users/xinyufang/Library/Developer/Xcode/DerivedData/Buzz-faillbpsmponqzeruhhvskovixzk/Build/Intermediates.noindex/Stripe.build/Debug-iphonesimulator/StripeCameraCore.build/StripeCameraCore.DependencyMetadataFileList (in target 'StripeCameraCore' from project 'Stripe')
    cd /Users/xinyufang/Library/Developer/Xcode/DerivedData/Buzz-faillbpsmponqzeruhhvskovixzk/SourcePackages/checkouts/stripe-ios-spm
    write-file /Users/xinyufang/Library/Developer/Xcode/DerivedData/Buzz-faillbpsmponqzeruhhvskovixzk/Build/Intermediates.noindex/Stripe.build/Debug-iphonesimulator/StripeCameraCore.build/StripeCameraCore.DependencyMetadataFileList

WriteAuxiliaryFile /Users/xinyufang/Library/Developer/Xcode/DerivedData/Buzz-faillbpsmponqzeruhhvskovixzk/Build/Intermediates.noindex/Stripe.build/Debug-iphonesimulator/StripeCameraCore.build/Objects-normal/arm64/StripeCameraCore_const_extract_protocols.json (in target 'StripeCameraCore' from project 'Stripe')
    cd /Users/xinyufang/Library/Developer/Xcode/DerivedData/Buzz-faillbpsmponqzeruhhvskovixzk/SourcePackages/checkouts/stripe-ios-spm
    write-file /Users/xinyufang/Library/Developer/Xcode/DerivedData/Buzz-faillbpsmponqzeruhhvskovixzk/Build/Intermediates.noindex/Stripe.build/Debug-iphonesimulator/StripeCameraCore.build/Objects-normal/arm64/StripeCameraCore_const_extract_protocols.json

WriteAuxiliaryFile /Users/xinyufang/Library/Developer/Xcode/DerivedData/Buzz-faillbpsmponqzeruhhvskovixzk/Build/Intermediates.noindex/Stripe.build/Debug-iphonesimulator/StripeCameraCore.build/Objects-normal/arm64/StripeCameraCore.SwiftFileList (in target 'StripeCameraCore' from project 'Stripe')
    cd /Users/xinyufang/Library/Developer/Xcode/DerivedData/Buzz-faillbpsmponqzeruhhvskovixzk/SourcePackages/checkouts/stripe-ios-spm
    write-file /Users/xinyufang/Library/Developer/Xcode/DerivedData/Buzz-faillbpsmponqzeruhhvskovixzk/Build/Intermediates.noindex/Stripe.build/Debug-iphonesimulator/StripeCameraCore.build/Objects-normal/arm64/StripeCameraCore.SwiftFileList

WriteAuxiliaryFile /Users/xinyufang/Library/Developer/Xcode/DerivedData/Buzz-faillbpsmponqzeruhhvskovixzk/Build/Intermediates.noindex/Stripe.build/Debug-iphonesimulator/StripeCameraCore.build/Objects-normal/arm64/StripeCameraCore.SwiftConstValuesFileList (in target 'StripeCameraCore' from project 'Stripe')
    cd /Users/xinyufang/Library/Developer/Xcode/DerivedData/Buzz-faillbpsmponqzeruhhvskovixzk/SourcePackages/checkouts/stripe-ios-spm
    write-file /Users/xinyufang/Library/Developer/Xcode/DerivedData/Buzz-faillbpsmponqzeruhhvskovixzk/Build/Intermediates.noindex/Stripe.build/Debug-iphonesimulator/StripeCameraCore.build/Objects-normal/arm64/StripeCameraCore.SwiftConstValuesFileList

WriteAuxiliaryFile /Users/xinyufang/Library/Developer/Xcode/DerivedData/Buzz-faillbpsmponqzeruhhvskovixzk/Build/Intermediates.noindex/Stripe.build/Debug-iphonesimulator/StripeCameraCore.build/Objects-normal/arm64/StripeCameraCore.LinkFileList (in target 'StripeCameraCore' from project 'Stripe')
    cd /Users/xinyufang/Library/Developer/Xcode/DerivedData/Buzz-faillbpsmponqzeruhhvskovixzk/SourcePackages/checkouts/stripe-ios-spm
    write-file /Users/xinyufang/Library/Developer/Xcode/DerivedData/Buzz-faillbpsmponqzeruhhvskovixzk/Build/Intermediates.noindex/Stripe.build/Debug-iphonesimulator/StripeCameraCore.build/Objects-normal/arm64/StripeCameraCore.LinkFileList

WriteAuxiliaryFile /Users/xinyufang/Library/Developer/Xcode/DerivedData/Buzz-faillbpsmponqzeruhhvskovixzk/Build/Intermediates.noindex/Stripe.build/Debug-iphonesimulator/StripeCameraCore.build/Objects-normal/arm64/StripeCameraCore-OutputFileMap.json (in target 'StripeCameraCore' from project 'Stripe')
    cd /Users/xinyufang/Library/Developer/Xcode/DerivedData/Buzz-faillbpsmponqzeruhhvskovixzk/SourcePackages/checkouts/stripe-ios-spm
    write-file /Users/xinyufang/Library/Developer/Xcode/DerivedData/Buzz-faillbpsmponqzeruhhvskovixzk/Build/Intermediates.noindex/Stripe.build/Debug-iphonesimulator/StripeCameraCore.build/Objects-normal/arm64/StripeCameraCore-OutputFileMap.json

Copy /Users/xinyufang/Library/Developer/Xcode/DerivedData/Buzz-faillbpsmponqzeruhhvskovixzk/Build/Intermediates.noindex/GeneratedModuleMaps-iphonesimulator/StripeCameraCore.modulemap /Users/xinyufang/Library/Developer/Xcode/DerivedData/Buzz-faillbpsmponqzeruhhvskovixzk/Build/Intermediates.noindex/Stripe.build/Debug-iphonesimulator/StripeCameraCore.build/StripeCameraCore.modulemap (in target 'StripeCameraCore' from project 'Stripe')
    cd /Users/xinyufang/Library/Developer/Xcode/DerivedData/Buzz-faillbpsmponqzeruhhvskovixzk/SourcePackages/checkouts/stripe-ios-spm
    builtin-copy -exclude .DS_Store -exclude CVS -exclude .svn -exclude .git -exclude .hg -resolve-src-symlinks /Users/xinyufang/Library/Developer/Xcode/DerivedData/Buzz-faillbpsmponqzeruhhvskovixzk/Build/Intermediates.noindex/Stripe.build/Debug-iphonesimulator/StripeCameraCore.build/StripeCameraCore.modulemap /Users/xinyufang/Library/Developer/Xcode/DerivedData/Buzz-faillbpsmponqzeruhhvskovixzk/Build/Intermediates.noindex/GeneratedModuleMaps-iphonesimulator

WriteAuxiliaryFile /Users/xinyufang/Library/Developer/Xcode/DerivedData/Buzz-faillbpsmponqzeruhhvskovixzk/Build/Intermediates.noindex/Stripe.build/Debug-iphonesimulator/StripeApplePay.build/StripeApplePay.modulemap (in target 'StripeApplePay' from project 'Stripe')
    cd /Users/xinyufang/Library/Developer/Xcode/DerivedData/Buzz-faillbpsmponqzeruhhvskovixzk/SourcePackages/checkouts/stripe-ios-spm
    write-file /Users/xinyufang/Library/Developer/Xcode/DerivedData/Buzz-faillbpsmponqzeruhhvskovixzk/Build/Intermediates.noindex/Stripe.build/Debug-iphonesimulator/StripeApplePay.build/StripeApplePay.modulemap

WriteAuxiliaryFile /Users/xinyufang/Library/Developer/Xcode/DerivedData/Buzz-faillbpsmponqzeruhhvskovixzk/Build/Intermediates.noindex/Stripe.build/Debug-iphonesimulator/StripeApplePay.build/StripeApplePay.DependencyStaticMetadataFileList (in target 'StripeApplePay' from project 'Stripe')
    cd /Users/xinyufang/Library/Developer/Xcode/DerivedData/Buzz-faillbpsmponqzeruhhvskovixzk/SourcePackages/checkouts/stripe-ios-spm
    write-file /Users/xinyufang/Library/Developer/Xcode/DerivedData/Buzz-faillbpsmponqzeruhhvskovixzk/Build/Intermediates.noindex/Stripe.build/Debug-iphonesimulator/StripeApplePay.build/StripeApplePay.DependencyStaticMetadataFileList

WriteAuxiliaryFile /Users/xinyufang/Library/Developer/Xcode/DerivedData/Buzz-faillbpsmponqzeruhhvskovixzk/Build/Intermediates.noindex/Stripe.build/Debug-iphonesimulator/StripeApplePay.build/StripeApplePay.DependencyMetadataFileList (in target 'StripeApplePay' from project 'Stripe')
    cd /Users/xinyufang/Library/Developer/Xcode/DerivedData/Buzz-faillbpsmponqzeruhhvskovixzk/SourcePackages/checkouts/stripe-ios-spm
    write-file /Users/xinyufang/Library/Developer/Xcode/DerivedData/Buzz-faillbpsmponqzeruhhvskovixzk/Build/Intermediates.noindex/Stripe.build/Debug-iphonesimulator/StripeApplePay.build/StripeApplePay.DependencyMetadataFileList

WriteAuxiliaryFile /Users/xinyufang/Library/Developer/Xcode/DerivedData/Buzz-faillbpsmponqzeruhhvskovixzk/Build/Intermediates.noindex/Stripe.build/Debug-iphonesimulator/StripeApplePay.build/Objects-normal/arm64/StripeApplePay_const_extract_protocols.json (in target 'StripeApplePay' from project 'Stripe')
    cd /Users/xinyufang/Library/Developer/Xcode/DerivedData/Buzz-faillbpsmponqzeruhhvskovixzk/SourcePackages/checkouts/stripe-ios-spm
    write-file /Users/xinyufang/Library/Developer/Xcode/DerivedData/Buzz-faillbpsmponqzeruhhvskovixzk/Build/Intermediates.noindex/Stripe.build/Debug-iphonesimulator/StripeApplePay.build/Objects-normal/arm64/StripeApplePay_const_extract_protocols.json

WriteAuxiliaryFile /Users/xinyufang/Library/Developer/Xcode/DerivedData/Buzz-faillbpsmponqzeruhhvskovixzk/Build/Intermediates.noindex/Stripe.build/Debug-iphonesimulator/StripeApplePay.build/Objects-normal/arm64/StripeApplePay.SwiftFileList (in target 'StripeApplePay' from project 'Stripe')
    cd /Users/xinyufang/Library/Developer/Xcode/DerivedData/Buzz-faillbpsmponqzeruhhvskovixzk/SourcePackages/checkouts/stripe-ios-spm
    write-file /Users/xinyufang/Library/Developer/Xcode/DerivedData/Buzz-faillbpsmponqzeruhhvskovixzk/Build/Intermediates.noindex/Stripe.build/Debug-iphonesimulator/StripeApplePay.build/Objects-normal/arm64/StripeApplePay.SwiftFileList

WriteAuxiliaryFile /Users/xinyufang/Library/Developer/Xcode/DerivedData/Buzz-faillbpsmponqzeruhhvskovixzk/Build/Intermediates.noindex/Stripe.build/Debug-iphonesimulator/StripeApplePay.build/Objects-normal/arm64/StripeApplePay.SwiftConstValuesFileList (in target 'StripeApplePay' from project 'Stripe')
    cd /Users/xinyufang/Library/Developer/Xcode/DerivedData/Buzz-faillbpsmponqzeruhhvskovixzk/SourcePackages/checkouts/stripe-ios-spm
    write-file /Users/xinyufang/Library/Developer/Xcode/DerivedData/Buzz-faillbpsmponqzeruhhvskovixzk/Build/Intermediates.noindex/Stripe.build/Debug-iphonesimulator/StripeApplePay.build/Objects-normal/arm64/StripeApplePay.SwiftConstValuesFileList

WriteAuxiliaryFile /Users/xinyufang/Library/Developer/Xcode/DerivedData/Buzz-faillbpsmponqzeruhhvskovixzk/Build/Intermediates.noindex/Stripe.build/Debug-iphonesimulator/StripeApplePay.build/Objects-normal/arm64/StripeApplePay.LinkFileList (in target 'StripeApplePay' from project 'Stripe')
    cd /Users/xinyufang/Library/Developer/Xcode/DerivedData/Buzz-faillbpsmponqzeruhhvskovixzk/SourcePackages/checkouts/stripe-ios-spm
    write-file /Users/xinyufang/Library/Developer/Xcode/DerivedData/Buzz-faillbpsmponqzeruhhvskovixzk/Build/Intermediates.noindex/Stripe.build/Debug-iphonesimulator/StripeApplePay.build/Objects-normal/arm64/StripeApplePay.LinkFileList

WriteAuxiliaryFile /Users/xinyufang/Library/Developer/Xcode/DerivedData/Buzz-faillbpsmponqzeruhhvskovixzk/Build/Intermediates.noindex/Stripe.build/Debug-iphonesimulator/StripeApplePay.build/Objects-normal/arm64/StripeApplePay-OutputFileMap.json (in target 'StripeApplePay' from project 'Stripe')
    cd /Users/xinyufang/Library/Developer/Xcode/DerivedData/Buzz-faillbpsmponqzeruhhvskovixzk/SourcePackages/checkouts/stripe-ios-spm
    write-file /Users/xinyufang/Library/Developer/Xcode/DerivedData/Buzz-faillbpsmponqzeruhhvskovixzk/Build/Intermediates.noindex/Stripe.build/Debug-iphonesimulator/StripeApplePay.build/Objects-normal/arm64/StripeApplePay-OutputFileMap.json

Copy /Users/xinyufang/Library/Developer/Xcode/DerivedData/Buzz-faillbpsmponqzeruhhvskovixzk/Build/Intermediates.noindex/GeneratedModuleMaps-iphonesimulator/StripeApplePay.modulemap /Users/xinyufang/Library/Developer/Xcode/DerivedData/Buzz-faillbpsmponqzeruhhvskovixzk/Build/Intermediates.noindex/Stripe.build/Debug-iphonesimulator/StripeApplePay.build/StripeApplePay.modulemap (in target 'StripeApplePay' from project 'Stripe')
    cd /Users/xinyufang/Library/Developer/Xcode/DerivedData/Buzz-faillbpsmponqzeruhhvskovixzk/SourcePackages/checkouts/stripe-ios-spm
    builtin-copy -exclude .DS_Store -exclude CVS -exclude .svn -exclude .git -exclude .hg -resolve-src-symlinks /Users/xinyufang/Library/Developer/Xcode/DerivedData/Buzz-faillbpsmponqzeruhhvskovixzk/Build/Intermediates.noindex/Stripe.build/Debug-iphonesimulator/StripeApplePay.build/StripeApplePay.modulemap /Users/xinyufang/Library/Developer/Xcode/DerivedData/Buzz-faillbpsmponqzeruhhvskovixzk/Build/Intermediates.noindex/GeneratedModuleMaps-iphonesimulator

WriteAuxiliaryFile /Users/xinyufang/Library/Developer/Xcode/DerivedData/Buzz-faillbpsmponqzeruhhvskovixzk/Build/Intermediates.noindex/Stripe.build/Debug-iphonesimulator/Stripe3DS2.build/Stripe3DS2.modulemap (in target 'Stripe3DS2' from project 'Stripe')
    cd /Users/xinyufang/Library/Developer/Xcode/DerivedData/Buzz-faillbpsmponqzeruhhvskovixzk/SourcePackages/checkouts/stripe-ios-spm
    write-file /Users/xinyufang/Library/Developer/Xcode/DerivedData/Buzz-faillbpsmponqzeruhhvskovixzk/Build/Intermediates.noindex/Stripe.build/Debug-iphonesimulator/Stripe3DS2.build/Stripe3DS2.modulemap

WriteAuxiliaryFile /Users/xinyufang/Library/Developer/Xcode/DerivedData/Buzz-faillbpsmponqzeruhhvskovixzk/Build/Intermediates.noindex/Stripe.build/Debug-iphonesimulator/Stripe3DS2.build/Stripe3DS2.DependencyStaticMetadataFileList (in target 'Stripe3DS2' from project 'Stripe')
    cd /Users/xinyufang/Library/Developer/Xcode/DerivedData/Buzz-faillbpsmponqzeruhhvskovixzk/SourcePackages/checkouts/stripe-ios-spm
    write-file /Users/xinyufang/Library/Developer/Xcode/DerivedData/Buzz-faillbpsmponqzeruhhvskovixzk/Build/Intermediates.noindex/Stripe.build/Debug-iphonesimulator/Stripe3DS2.build/Stripe3DS2.DependencyStaticMetadataFileList

WriteAuxiliaryFile /Users/xinyufang/Library/Developer/Xcode/DerivedData/Buzz-faillbpsmponqzeruhhvskovixzk/Build/Intermediates.noindex/Stripe.build/Debug-iphonesimulator/Stripe3DS2.build/Stripe3DS2.DependencyMetadataFileList (in target 'Stripe3DS2' from project 'Stripe')
    cd /Users/xinyufang/Library/Developer/Xcode/DerivedData/Buzz-faillbpsmponqzeruhhvskovixzk/SourcePackages/checkouts/stripe-ios-spm
    write-file /Users/xinyufang/Library/Developer/Xcode/DerivedData/Buzz-faillbpsmponqzeruhhvskovixzk/Build/Intermediates.noindex/Stripe.build/Debug-iphonesimulator/Stripe3DS2.build/Stripe3DS2.DependencyMetadataFileList

WriteAuxiliaryFile /Users/xinyufang/Library/Developer/Xcode/DerivedData/Buzz-faillbpsmponqzeruhhvskovixzk/Build/Intermediates.noindex/Stripe.build/Debug-iphonesimulator/Stripe3DS2.build/Objects-normal/arm64/e6072d4f65d7061329687fe24e3d63a7-common-args.resp (in target 'Stripe3DS2' from project 'Stripe')
    cd /Users/xinyufang/Library/Developer/Xcode/DerivedData/Buzz-faillbpsmponqzeruhhvskovixzk/SourcePackages/checkouts/stripe-ios-spm
    write-file /Users/xinyufang/Library/Developer/Xcode/DerivedData/Buzz-faillbpsmponqzeruhhvskovixzk/Build/Intermediates.noindex/Stripe.build/Debug-iphonesimulator/Stripe3DS2.build/Objects-normal/arm64/e6072d4f65d7061329687fe24e3d63a7-common-args.resp
-target arm64-apple-ios13.0-simulator -fobjc-arc -fmodules -gmodules '-fmodules-cache-path=/Users/xinyufang/Library/Developer/Xcode/DerivedData/ModuleCache.noindex' '-fmodule-name=Stripe3DS2' -fpascal-strings -O0 -DSWIFT_PACKAGE '-DDEBUG=1' '-DOBJC_OLD_DISPATCH_PROTOTYPES=1' -isysroot /Applications/Xcode.app/Contents/Developer/Platforms/iPhoneSimulator.platform/Developer/SDKs/iPhoneSimulator26.0.sdk -g '-fobjc-abi-version=2' -fobjc-legacy-dispatch -I/Users/xinyufang/Library/Developer/Xcode/DerivedData/Buzz-faillbpsmponqzeruhhvskovixzk/Build/Products/Debug-iphonesimulator/include -I/Users/xinyufang/Library/Developer/Xcode/DerivedData/Buzz-faillbpsmponqzeruhhvskovixzk/SourcePackages/checkouts/stripe-ios-spm/Stripe3DS2/Stripe3DS2/include -I/Users/xinyufang/Library/Developer/Xcode/DerivedData/Buzz-faillbpsmponqzeruhhvskovixzk/SourcePackages/checkouts/stripe-ios-spm/Stripe3DS2/Stripe3DS2 -I/Users/xinyufang/Library/Developer/Xcode/DerivedData/Buzz-faillbpsmponqzeruhhvskovixzk/Build/Intermediates.noindex/Stripe.build/Debug-iphonesimulator/Stripe3DS2.build/DerivedSources-normal/arm64 -I/Users/xinyufang/Library/Developer/Xcode/DerivedData/Buzz-faillbpsmponqzeruhhvskovixzk/Build/Intermediates.noindex/Stripe.build/Debug-iphonesimulator/Stripe3DS2.build/DerivedSources/arm64 -I/Users/xinyufang/Library/Developer/Xcode/DerivedData/Buzz-faillbpsmponqzeruhhvskovixzk/Build/Intermediates.noindex/Stripe.build/Debug-iphonesimulator/Stripe3DS2.build/DerivedSources -F/Users/xinyufang/Library/Developer/Xcode/DerivedData/Buzz-faillbpsmponqzeruhhvskovixzk/Build/Products/Debug-iphonesimulator -iframework /Applications/Xcode.app/Contents/Developer/Platforms/iPhoneSimulator.platform/Developer/Library/Frameworks -iframework /Applications/Xcode.app/Contents/Developer/Platforms/iPhoneSimulator.platform/Developer/SDKs/iPhoneSimulator26.0.sdk/Developer/Library/Frameworks -DXcode

WriteAuxiliaryFile /Users/xinyufang/Library/Developer/Xcode/DerivedData/Buzz-faillbpsmponqzeruhhvskovixzk/Build/Intermediates.noindex/Stripe.build/Debug-iphonesimulator/Stripe3DS2.build/Objects-normal/arm64/Stripe3DS2.LinkFileList (in target 'Stripe3DS2' from project 'Stripe')
    cd /Users/xinyufang/Library/Developer/Xcode/DerivedData/Buzz-faillbpsmponqzeruhhvskovixzk/SourcePackages/checkouts/stripe-ios-spm
    write-file /Users/xinyufang/Library/Developer/Xcode/DerivedData/Buzz-faillbpsmponqzeruhhvskovixzk/Build/Intermediates.noindex/Stripe.build/Debug-iphonesimulator/Stripe3DS2.build/Objects-normal/arm64/Stripe3DS2.LinkFileList

WriteAuxiliaryFile /Users/xinyufang/Library/Developer/Xcode/DerivedData/Buzz-faillbpsmponqzeruhhvskovixzk/Build/Intermediates.noindex/Stripe.build/Debug-iphonesimulator/Stripe3DS2.build/DerivedSources/resource_bundle_accessor.m (in target 'Stripe3DS2' from project 'Stripe')
    cd /Users/xinyufang/Library/Developer/Xcode/DerivedData/Buzz-faillbpsmponqzeruhhvskovixzk/SourcePackages/checkouts/stripe-ios-spm
    write-file /Users/xinyufang/Library/Developer/Xcode/DerivedData/Buzz-faillbpsmponqzeruhhvskovixzk/Build/Intermediates.noindex/Stripe.build/Debug-iphonesimulator/Stripe3DS2.build/DerivedSources/resource_bundle_accessor.m

WriteAuxiliaryFile /Users/xinyufang/Library/Developer/Xcode/DerivedData/Buzz-faillbpsmponqzeruhhvskovixzk/Build/Intermediates.noindex/Stripe.build/Debug-iphonesimulator/Stripe3DS2.build/DerivedSources/resource_bundle_accessor.h (in target 'Stripe3DS2' from project 'Stripe')
    cd /Users/xinyufang/Library/Developer/Xcode/DerivedData/Buzz-faillbpsmponqzeruhhvskovixzk/SourcePackages/checkouts/stripe-ios-spm
    write-file /Users/xinyufang/Library/Developer/Xcode/DerivedData/Buzz-faillbpsmponqzeruhhvskovixzk/Build/Intermediates.noindex/Stripe.build/Debug-iphonesimulator/Stripe3DS2.build/DerivedSources/resource_bundle_accessor.h

WriteAuxiliaryFile /Users/xinyufang/Library/Developer/Xcode/DerivedData/Buzz-faillbpsmponqzeruhhvskovixzk/Build/Intermediates.noindex/Stripe.build/Debug-iphonesimulator/Stripe.build/Stripe.modulemap (in target 'Stripe' from project 'Stripe')
    cd /Users/xinyufang/Library/Developer/Xcode/DerivedData/Buzz-faillbpsmponqzeruhhvskovixzk/SourcePackages/checkouts/stripe-ios-spm
    write-file /Users/xinyufang/Library/Developer/Xcode/DerivedData/Buzz-faillbpsmponqzeruhhvskovixzk/Build/Intermediates.noindex/Stripe.build/Debug-iphonesimulator/Stripe.build/Stripe.modulemap

Copy /Users/xinyufang/Library/Developer/Xcode/DerivedData/Buzz-faillbpsmponqzeruhhvskovixzk/Build/Intermediates.noindex/GeneratedModuleMaps-iphonesimulator/Stripe3DS2.modulemap /Users/xinyufang/Library/Developer/Xcode/DerivedData/Buzz-faillbpsmponqzeruhhvskovixzk/Build/Intermediates.noindex/Stripe.build/Debug-iphonesimulator/Stripe3DS2.build/Stripe3DS2.modulemap (in target 'Stripe3DS2' from project 'Stripe')
    cd /Users/xinyufang/Library/Developer/Xcode/DerivedData/Buzz-faillbpsmponqzeruhhvskovixzk/SourcePackages/checkouts/stripe-ios-spm
    builtin-copy -exclude .DS_Store -exclude CVS -exclude .svn -exclude .git -exclude .hg -resolve-src-symlinks /Users/xinyufang/Library/Developer/Xcode/DerivedData/Buzz-faillbpsmponqzeruhhvskovixzk/Build/Intermediates.noindex/Stripe.build/Debug-iphonesimulator/Stripe3DS2.build/Stripe3DS2.modulemap /Users/xinyufang/Library/Developer/Xcode/DerivedData/Buzz-faillbpsmponqzeruhhvskovixzk/Build/Intermediates.noindex/GeneratedModuleMaps-iphonesimulator

WriteAuxiliaryFile /Users/xinyufang/Library/Developer/Xcode/DerivedData/Buzz-faillbpsmponqzeruhhvskovixzk/Build/Intermediates.noindex/Stripe.build/Debug-iphonesimulator/Stripe.build/Stripe.DependencyStaticMetadataFileList (in target 'Stripe' from project 'Stripe')
    cd /Users/xinyufang/Library/Developer/Xcode/DerivedData/Buzz-faillbpsmponqzeruhhvskovixzk/SourcePackages/checkouts/stripe-ios-spm
    write-file /Users/xinyufang/Library/Developer/Xcode/DerivedData/Buzz-faillbpsmponqzeruhhvskovixzk/Build/Intermediates.noindex/Stripe.build/Debug-iphonesimulator/Stripe.build/Stripe.DependencyStaticMetadataFileList

WriteAuxiliaryFile /Users/xinyufang/Library/Developer/Xcode/DerivedData/Buzz-faillbpsmponqzeruhhvskovixzk/Build/Intermediates.noindex/Stripe.build/Debug-iphonesimulator/Stripe.build/Stripe.DependencyMetadataFileList (in target 'Stripe' from project 'Stripe')
    cd /Users/xinyufang/Library/Developer/Xcode/DerivedData/Buzz-faillbpsmponqzeruhhvskovixzk/SourcePackages/checkouts/stripe-ios-spm
    write-file /Users/xinyufang/Library/Developer/Xcode/DerivedData/Buzz-faillbpsmponqzeruhhvskovixzk/Build/Intermediates.noindex/Stripe.build/Debug-iphonesimulator/Stripe.build/Stripe.DependencyMetadataFileList

WriteAuxiliaryFile /Users/xinyufang/Library/Developer/Xcode/DerivedData/Buzz-faillbpsmponqzeruhhvskovixzk/Build/Intermediates.noindex/Stripe.build/Debug-iphonesimulator/Stripe.build/Objects-normal/arm64/Stripe_const_extract_protocols.json (in target 'Stripe' from project 'Stripe')
    cd /Users/xinyufang/Library/Developer/Xcode/DerivedData/Buzz-faillbpsmponqzeruhhvskovixzk/SourcePackages/checkouts/stripe-ios-spm
    write-file /Users/xinyufang/Library/Developer/Xcode/DerivedData/Buzz-faillbpsmponqzeruhhvskovixzk/Build/Intermediates.noindex/Stripe.build/Debug-iphonesimulator/Stripe.build/Objects-normal/arm64/Stripe_const_extract_protocols.json

WriteAuxiliaryFile /Users/xinyufang/Library/Developer/Xcode/DerivedData/Buzz-faillbpsmponqzeruhhvskovixzk/Build/Intermediates.noindex/Stripe.build/Debug-iphonesimulator/Stripe.build/Objects-normal/arm64/Stripe.SwiftFileList (in target 'Stripe' from project 'Stripe')
    cd /Users/xinyufang/Library/Developer/Xcode/DerivedData/Buzz-faillbpsmponqzeruhhvskovixzk/SourcePackages/checkouts/stripe-ios-spm
    write-file /Users/xinyufang/Library/Developer/Xcode/DerivedData/Buzz-faillbpsmponqzeruhhvskovixzk/Build/Intermediates.noindex/Stripe.build/Debug-iphonesimulator/Stripe.build/Objects-normal/arm64/Stripe.SwiftFileList

WriteAuxiliaryFile /Users/xinyufang/Library/Developer/Xcode/DerivedData/Buzz-faillbpsmponqzeruhhvskovixzk/Build/Intermediates.noindex/Stripe.build/Debug-iphonesimulator/Stripe.build/Objects-normal/arm64/Stripe.SwiftConstValuesFileList (in target 'Stripe' from project 'Stripe')
    cd /Users/xinyufang/Library/Developer/Xcode/DerivedData/Buzz-faillbpsmponqzeruhhvskovixzk/SourcePackages/checkouts/stripe-ios-spm
    write-file /Users/xinyufang/Library/Developer/Xcode/DerivedData/Buzz-faillbpsmponqzeruhhvskovixzk/Build/Intermediates.noindex/Stripe.build/Debug-iphonesimulator/Stripe.build/Objects-normal/arm64/Stripe.SwiftConstValuesFileList

WriteAuxiliaryFile /Users/xinyufang/Library/Developer/Xcode/DerivedData/Buzz-faillbpsmponqzeruhhvskovixzk/Build/Intermediates.noindex/Stripe.build/Debug-iphonesimulator/Stripe.build/Objects-normal/arm64/Stripe.LinkFileList (in target 'Stripe' from project 'Stripe')
    cd /Users/xinyufang/Library/Developer/Xcode/DerivedData/Buzz-faillbpsmponqzeruhhvskovixzk/SourcePackages/checkouts/stripe-ios-spm
    write-file /Users/xinyufang/Library/Developer/Xcode/DerivedData/Buzz-faillbpsmponqzeruhhvskovixzk/Build/Intermediates.noindex/Stripe.build/Debug-iphonesimulator/Stripe.build/Objects-normal/arm64/Stripe.LinkFileList

WriteAuxiliaryFile /Users/xinyufang/Library/Developer/Xcode/DerivedData/Buzz-faillbpsmponqzeruhhvskovixzk/Build/Intermediates.noindex/Stripe.build/Debug-iphonesimulator/Stripe.build/Objects-normal/arm64/Stripe-OutputFileMap.json (in target 'Stripe' from project 'Stripe')
    cd /Users/xinyufang/Library/Developer/Xcode/DerivedData/Buzz-faillbpsmponqzeruhhvskovixzk/SourcePackages/checkouts/stripe-ios-spm
    write-file /Users/xinyufang/Library/Developer/Xcode/DerivedData/Buzz-faillbpsmponqzeruhhvskovixzk/Build/Intermediates.noindex/Stripe.build/Debug-iphonesimulator/Stripe.build/Objects-normal/arm64/Stripe-OutputFileMap.json

Copy /Users/xinyufang/Library/Developer/Xcode/DerivedData/Buzz-faillbpsmponqzeruhhvskovixzk/Build/Intermediates.noindex/GeneratedModuleMaps-iphonesimulator/Stripe.modulemap /Users/xinyufang/Library/Developer/Xcode/DerivedData/Buzz-faillbpsmponqzeruhhvskovixzk/Build/Intermediates.noindex/Stripe.build/Debug-iphonesimulator/Stripe.build/Stripe.modulemap (in target 'Stripe' from project 'Stripe')
    cd /Users/xinyufang/Library/Developer/Xcode/DerivedData/Buzz-faillbpsmponqzeruhhvskovixzk/SourcePackages/checkouts/stripe-ios-spm
    builtin-copy -exclude .DS_Store -exclude CVS -exclude .svn -exclude .git -exclude .hg -resolve-src-symlinks /Users/xinyufang/Library/Developer/Xcode/DerivedData/Buzz-faillbpsmponqzeruhhvskovixzk/Build/Intermediates.noindex/Stripe.build/Debug-iphonesimulator/Stripe.build/Stripe.modulemap /Users/xinyufang/Library/Developer/Xcode/DerivedData/Buzz-faillbpsmponqzeruhhvskovixzk/Build/Intermediates.noindex/GeneratedModuleMaps-iphonesimulator

WriteAuxiliaryFile /Users/xinyufang/Library/Developer/Xcode/DerivedData/Buzz-faillbpsmponqzeruhhvskovixzk/Build/Intermediates.noindex/Stripe.build/Debug-iphonesimulator/Stripe.build/DerivedSources/resource_bundle_accessor.swift (in target 'Stripe' from project 'Stripe')
    cd /Users/xinyufang/Library/Developer/Xcode/DerivedData/Buzz-faillbpsmponqzeruhhvskovixzk/SourcePackages/checkouts/stripe-ios-spm
    write-file /Users/xinyufang/Library/Developer/Xcode/DerivedData/Buzz-faillbpsmponqzeruhhvskovixzk/Build/Intermediates.noindex/Stripe.build/Debug-iphonesimulator/Stripe.build/DerivedSources/resource_bundle_accessor.swift

WriteAuxiliaryFile /Users/xinyufang/Library/Developer/Xcode/DerivedData/Buzz-faillbpsmponqzeruhhvskovixzk/Build/Intermediates.noindex/Supabase.build/Debug-iphonesimulator/Storage.build/Storage.modulemap (in target 'Storage' from project 'Supabase')
    cd /Users/xinyufang/Library/Developer/Xcode/DerivedData/Buzz-faillbpsmponqzeruhhvskovixzk/SourcePackages/checkouts/supabase-swift
    write-file /Users/xinyufang/Library/Developer/Xcode/DerivedData/Buzz-faillbpsmponqzeruhhvskovixzk/Build/Intermediates.noindex/Supabase.build/Debug-iphonesimulator/Storage.build/Storage.modulemap

WriteAuxiliaryFile /Users/xinyufang/Library/Developer/Xcode/DerivedData/Buzz-faillbpsmponqzeruhhvskovixzk/Build/Intermediates.noindex/Supabase.build/Debug-iphonesimulator/Storage.build/Storage.DependencyStaticMetadataFileList (in target 'Storage' from project 'Supabase')
    cd /Users/xinyufang/Library/Developer/Xcode/DerivedData/Buzz-faillbpsmponqzeruhhvskovixzk/SourcePackages/checkouts/supabase-swift
    write-file /Users/xinyufang/Library/Developer/Xcode/DerivedData/Buzz-faillbpsmponqzeruhhvskovixzk/Build/Intermediates.noindex/Supabase.build/Debug-iphonesimulator/Storage.build/Storage.DependencyStaticMetadataFileList

WriteAuxiliaryFile /Users/xinyufang/Library/Developer/Xcode/DerivedData/Buzz-faillbpsmponqzeruhhvskovixzk/Build/Intermediates.noindex/Supabase.build/Debug-iphonesimulator/Storage.build/Storage.DependencyMetadataFileList (in target 'Storage' from project 'Supabase')
    cd /Users/xinyufang/Library/Developer/Xcode/DerivedData/Buzz-faillbpsmponqzeruhhvskovixzk/SourcePackages/checkouts/supabase-swift
    write-file /Users/xinyufang/Library/Developer/Xcode/DerivedData/Buzz-faillbpsmponqzeruhhvskovixzk/Build/Intermediates.noindex/Supabase.build/Debug-iphonesimulator/Storage.build/Storage.DependencyMetadataFileList

WriteAuxiliaryFile /Users/xinyufang/Library/Developer/Xcode/DerivedData/Buzz-faillbpsmponqzeruhhvskovixzk/Build/Intermediates.noindex/Supabase.build/Debug-iphonesimulator/Storage.build/Objects-normal/arm64/Storage_const_extract_protocols.json (in target 'Storage' from project 'Supabase')
    cd /Users/xinyufang/Library/Developer/Xcode/DerivedData/Buzz-faillbpsmponqzeruhhvskovixzk/SourcePackages/checkouts/supabase-swift
    write-file /Users/xinyufang/Library/Developer/Xcode/DerivedData/Buzz-faillbpsmponqzeruhhvskovixzk/Build/Intermediates.noindex/Supabase.build/Debug-iphonesimulator/Storage.build/Objects-normal/arm64/Storage_const_extract_protocols.json

WriteAuxiliaryFile /Users/xinyufang/Library/Developer/Xcode/DerivedData/Buzz-faillbpsmponqzeruhhvskovixzk/Build/Intermediates.noindex/Supabase.build/Debug-iphonesimulator/Storage.build/Objects-normal/arm64/Storage.SwiftFileList (in target 'Storage' from project 'Supabase')
    cd /Users/xinyufang/Library/Developer/Xcode/DerivedData/Buzz-faillbpsmponqzeruhhvskovixzk/SourcePackages/checkouts/supabase-swift
    write-file /Users/xinyufang/Library/Developer/Xcode/DerivedData/Buzz-faillbpsmponqzeruhhvskovixzk/Build/Intermediates.noindex/Supabase.build/Debug-iphonesimulator/Storage.build/Objects-normal/arm64/Storage.SwiftFileList

WriteAuxiliaryFile /Users/xinyufang/Library/Developer/Xcode/DerivedData/Buzz-faillbpsmponqzeruhhvskovixzk/Build/Intermediates.noindex/Supabase.build/Debug-iphonesimulator/Storage.build/Objects-normal/arm64/Storage.SwiftConstValuesFileList (in target 'Storage' from project 'Supabase')
    cd /Users/xinyufang/Library/Developer/Xcode/DerivedData/Buzz-faillbpsmponqzeruhhvskovixzk/SourcePackages/checkouts/supabase-swift
    write-file /Users/xinyufang/Library/Developer/Xcode/DerivedData/Buzz-faillbpsmponqzeruhhvskovixzk/Build/Intermediates.noindex/Supabase.build/Debug-iphonesimulator/Storage.build/Objects-normal/arm64/Storage.SwiftConstValuesFileList

WriteAuxiliaryFile /Users/xinyufang/Library/Developer/Xcode/DerivedData/Buzz-faillbpsmponqzeruhhvskovixzk/Build/Intermediates.noindex/Supabase.build/Debug-iphonesimulator/Storage.build/Objects-normal/arm64/Storage.LinkFileList (in target 'Storage' from project 'Supabase')
    cd /Users/xinyufang/Library/Developer/Xcode/DerivedData/Buzz-faillbpsmponqzeruhhvskovixzk/SourcePackages/checkouts/supabase-swift
    write-file /Users/xinyufang/Library/Developer/Xcode/DerivedData/Buzz-faillbpsmponqzeruhhvskovixzk/Build/Intermediates.noindex/Supabase.build/Debug-iphonesimulator/Storage.build/Objects-normal/arm64/Storage.LinkFileList

WriteAuxiliaryFile /Users/xinyufang/Library/Developer/Xcode/DerivedData/Buzz-faillbpsmponqzeruhhvskovixzk/Build/Intermediates.noindex/Supabase.build/Debug-iphonesimulator/Storage.build/Objects-normal/arm64/Storage-OutputFileMap.json (in target 'Storage' from project 'Supabase')
    cd /Users/xinyufang/Library/Developer/Xcode/DerivedData/Buzz-faillbpsmponqzeruhhvskovixzk/SourcePackages/checkouts/supabase-swift
    write-file /Users/xinyufang/Library/Developer/Xcode/DerivedData/Buzz-faillbpsmponqzeruhhvskovixzk/Build/Intermediates.noindex/Supabase.build/Debug-iphonesimulator/Storage.build/Objects-normal/arm64/Storage-OutputFileMap.json

Copy /Users/xinyufang/Library/Developer/Xcode/DerivedData/Buzz-faillbpsmponqzeruhhvskovixzk/Build/Intermediates.noindex/GeneratedModuleMaps-iphonesimulator/Storage.modulemap /Users/xinyufang/Library/Developer/Xcode/DerivedData/Buzz-faillbpsmponqzeruhhvskovixzk/Build/Intermediates.noindex/Supabase.build/Debug-iphonesimulator/Storage.build/Storage.modulemap (in target 'Storage' from project 'Supabase')
    cd /Users/xinyufang/Library/Developer/Xcode/DerivedData/Buzz-faillbpsmponqzeruhhvskovixzk/SourcePackages/checkouts/supabase-swift
    builtin-copy -exclude .DS_Store -exclude CVS -exclude .svn -exclude .git -exclude .hg -resolve-src-symlinks /Users/xinyufang/Library/Developer/Xcode/DerivedData/Buzz-faillbpsmponqzeruhhvskovixzk/Build/Intermediates.noindex/Supabase.build/Debug-iphonesimulator/Storage.build/Storage.modulemap /Users/xinyufang/Library/Developer/Xcode/DerivedData/Buzz-faillbpsmponqzeruhhvskovixzk/Build/Intermediates.noindex/GeneratedModuleMaps-iphonesimulator

WriteAuxiliaryFile /Users/xinyufang/Library/Developer/Xcode/DerivedData/Buzz-faillbpsmponqzeruhhvskovixzk/Build/Intermediates.noindex/Supabase.build/Debug-iphonesimulator/Realtime.build/Realtime.modulemap (in target 'Realtime' from project 'Supabase')
    cd /Users/xinyufang/Library/Developer/Xcode/DerivedData/Buzz-faillbpsmponqzeruhhvskovixzk/SourcePackages/checkouts/supabase-swift
    write-file /Users/xinyufang/Library/Developer/Xcode/DerivedData/Buzz-faillbpsmponqzeruhhvskovixzk/Build/Intermediates.noindex/Supabase.build/Debug-iphonesimulator/Realtime.build/Realtime.modulemap

WriteAuxiliaryFile /Users/xinyufang/Library/Developer/Xcode/DerivedData/Buzz-faillbpsmponqzeruhhvskovixzk/Build/Intermediates.noindex/Supabase.build/Debug-iphonesimulator/Realtime.build/Realtime.DependencyStaticMetadataFileList (in target 'Realtime' from project 'Supabase')
    cd /Users/xinyufang/Library/Developer/Xcode/DerivedData/Buzz-faillbpsmponqzeruhhvskovixzk/SourcePackages/checkouts/supabase-swift
    write-file /Users/xinyufang/Library/Developer/Xcode/DerivedData/Buzz-faillbpsmponqzeruhhvskovixzk/Build/Intermediates.noindex/Supabase.build/Debug-iphonesimulator/Realtime.build/Realtime.DependencyStaticMetadataFileList

WriteAuxiliaryFile /Users/xinyufang/Library/Developer/Xcode/DerivedData/Buzz-faillbpsmponqzeruhhvskovixzk/Build/Intermediates.noindex/Supabase.build/Debug-iphonesimulator/Realtime.build/Realtime.DependencyMetadataFileList (in target 'Realtime' from project 'Supabase')
    cd /Users/xinyufang/Library/Developer/Xcode/DerivedData/Buzz-faillbpsmponqzeruhhvskovixzk/SourcePackages/checkouts/supabase-swift
    write-file /Users/xinyufang/Library/Developer/Xcode/DerivedData/Buzz-faillbpsmponqzeruhhvskovixzk/Build/Intermediates.noindex/Supabase.build/Debug-iphonesimulator/Realtime.build/Realtime.DependencyMetadataFileList

WriteAuxiliaryFile /Users/xinyufang/Library/Developer/Xcode/DerivedData/Buzz-faillbpsmponqzeruhhvskovixzk/Build/Intermediates.noindex/Supabase.build/Debug-iphonesimulator/Realtime.build/Objects-normal/arm64/Realtime.SwiftFileList (in target 'Realtime' from project 'Supabase')
    cd /Users/xinyufang/Library/Developer/Xcode/DerivedData/Buzz-faillbpsmponqzeruhhvskovixzk/SourcePackages/checkouts/supabase-swift
    write-file /Users/xinyufang/Library/Developer/Xcode/DerivedData/Buzz-faillbpsmponqzeruhhvskovixzk/Build/Intermediates.noindex/Supabase.build/Debug-iphonesimulator/Realtime.build/Objects-normal/arm64/Realtime.SwiftFileList

WriteAuxiliaryFile /Users/xinyufang/Library/Developer/Xcode/DerivedData/Buzz-faillbpsmponqzeruhhvskovixzk/Build/Intermediates.noindex/Supabase.build/Debug-iphonesimulator/Realtime.build/Objects-normal/arm64/Realtime_const_extract_protocols.json (in target 'Realtime' from project 'Supabase')
    cd /Users/xinyufang/Library/Developer/Xcode/DerivedData/Buzz-faillbpsmponqzeruhhvskovixzk/SourcePackages/checkouts/supabase-swift
    write-file /Users/xinyufang/Library/Developer/Xcode/DerivedData/Buzz-faillbpsmponqzeruhhvskovixzk/Build/Intermediates.noindex/Supabase.build/Debug-iphonesimulator/Realtime.build/Objects-normal/arm64/Realtime_const_extract_protocols.json

WriteAuxiliaryFile /Users/xinyufang/Library/Developer/Xcode/DerivedData/Buzz-faillbpsmponqzeruhhvskovixzk/Build/Intermediates.noindex/Supabase.build/Debug-iphonesimulator/Realtime.build/Objects-normal/arm64/Realtime.SwiftConstValuesFileList (in target 'Realtime' from project 'Supabase')
    cd /Users/xinyufang/Library/Developer/Xcode/DerivedData/Buzz-faillbpsmponqzeruhhvskovixzk/SourcePackages/checkouts/supabase-swift
    write-file /Users/xinyufang/Library/Developer/Xcode/DerivedData/Buzz-faillbpsmponqzeruhhvskovixzk/Build/Intermediates.noindex/Supabase.build/Debug-iphonesimulator/Realtime.build/Objects-normal/arm64/Realtime.SwiftConstValuesFileList

WriteAuxiliaryFile /Users/xinyufang/Library/Developer/Xcode/DerivedData/Buzz-faillbpsmponqzeruhhvskovixzk/Build/Intermediates.noindex/Supabase.build/Debug-iphonesimulator/Realtime.build/Objects-normal/arm64/Realtime.LinkFileList (in target 'Realtime' from project 'Supabase')
    cd /Users/xinyufang/Library/Developer/Xcode/DerivedData/Buzz-faillbpsmponqzeruhhvskovixzk/SourcePackages/checkouts/supabase-swift
    write-file /Users/xinyufang/Library/Developer/Xcode/DerivedData/Buzz-faillbpsmponqzeruhhvskovixzk/Build/Intermediates.noindex/Supabase.build/Debug-iphonesimulator/Realtime.build/Objects-normal/arm64/Realtime.LinkFileList

WriteAuxiliaryFile /Users/xinyufang/Library/Developer/Xcode/DerivedData/Buzz-faillbpsmponqzeruhhvskovixzk/Build/Intermediates.noindex/Supabase.build/Debug-iphonesimulator/Realtime.build/Objects-normal/arm64/Realtime-OutputFileMap.json (in target 'Realtime' from project 'Supabase')
    cd /Users/xinyufang/Library/Developer/Xcode/DerivedData/Buzz-faillbpsmponqzeruhhvskovixzk/SourcePackages/checkouts/supabase-swift
    write-file /Users/xinyufang/Library/Developer/Xcode/DerivedData/Buzz-faillbpsmponqzeruhhvskovixzk/Build/Intermediates.noindex/Supabase.build/Debug-iphonesimulator/Realtime.build/Objects-normal/arm64/Realtime-OutputFileMap.json

Copy /Users/xinyufang/Library/Developer/Xcode/DerivedData/Buzz-faillbpsmponqzeruhhvskovixzk/Build/Intermediates.noindex/GeneratedModuleMaps-iphonesimulator/Realtime.modulemap /Users/xinyufang/Library/Developer/Xcode/DerivedData/Buzz-faillbpsmponqzeruhhvskovixzk/Build/Intermediates.noindex/Supabase.build/Debug-iphonesimulator/Realtime.build/Realtime.modulemap (in target 'Realtime' from project 'Supabase')
    cd /Users/xinyufang/Library/Developer/Xcode/DerivedData/Buzz-faillbpsmponqzeruhhvskovixzk/SourcePackages/checkouts/supabase-swift
    builtin-copy -exclude .DS_Store -exclude CVS -exclude .svn -exclude .git -exclude .hg -resolve-src-symlinks /Users/xinyufang/Library/Developer/Xcode/DerivedData/Buzz-faillbpsmponqzeruhhvskovixzk/Build/Intermediates.noindex/Supabase.build/Debug-iphonesimulator/Realtime.build/Realtime.modulemap /Users/xinyufang/Library/Developer/Xcode/DerivedData/Buzz-faillbpsmponqzeruhhvskovixzk/Build/Intermediates.noindex/GeneratedModuleMaps-iphonesimulator

WriteAuxiliaryFile /Users/xinyufang/Library/Developer/Xcode/DerivedData/Buzz-faillbpsmponqzeruhhvskovixzk/Build/Intermediates.noindex/Promises.build/Debug-iphonesimulator/Promises_FBLPromises.build/empty-Promises_FBLPromises.plist (in target 'Promises_FBLPromises' from project 'Promises')
    cd /Users/xinyufang/Library/Developer/Xcode/DerivedData/Buzz-faillbpsmponqzeruhhvskovixzk/SourcePackages/checkouts/promises
    write-file /Users/xinyufang/Library/Developer/Xcode/DerivedData/Buzz-faillbpsmponqzeruhhvskovixzk/Build/Intermediates.noindex/Promises.build/Debug-iphonesimulator/Promises_FBLPromises.build/empty-Promises_FBLPromises.plist

WriteAuxiliaryFile /Users/xinyufang/Library/Developer/Xcode/DerivedData/Buzz-faillbpsmponqzeruhhvskovixzk/Build/Intermediates.noindex/Promises.build/Debug-iphonesimulator/Promises_FBLPromises.build/Promises_FBLPromises.DependencyStaticMetadataFileList (in target 'Promises_FBLPromises' from project 'Promises')
    cd /Users/xinyufang/Library/Developer/Xcode/DerivedData/Buzz-faillbpsmponqzeruhhvskovixzk/SourcePackages/checkouts/promises
    write-file /Users/xinyufang/Library/Developer/Xcode/DerivedData/Buzz-faillbpsmponqzeruhhvskovixzk/Build/Intermediates.noindex/Promises.build/Debug-iphonesimulator/Promises_FBLPromises.build/Promises_FBLPromises.DependencyStaticMetadataFileList

WriteAuxiliaryFile /Users/xinyufang/Library/Developer/Xcode/DerivedData/Buzz-faillbpsmponqzeruhhvskovixzk/Build/Intermediates.noindex/Promises.build/Debug-iphonesimulator/Promises_FBLPromises.build/Promises_FBLPromises.DependencyMetadataFileList (in target 'Promises_FBLPromises' from project 'Promises')
    cd /Users/xinyufang/Library/Developer/Xcode/DerivedData/Buzz-faillbpsmponqzeruhhvskovixzk/SourcePackages/checkouts/promises
    write-file /Users/xinyufang/Library/Developer/Xcode/DerivedData/Buzz-faillbpsmponqzeruhhvskovixzk/Build/Intermediates.noindex/Promises.build/Debug-iphonesimulator/Promises_FBLPromises.build/Promises_FBLPromises.DependencyMetadataFileList

WriteAuxiliaryFile /Users/xinyufang/Library/Developer/Xcode/DerivedData/Buzz-faillbpsmponqzeruhhvskovixzk/Build/Intermediates.noindex/Supabase.build/Debug-iphonesimulator/PostgREST.build/PostgREST.modulemap (in target 'PostgREST' from project 'Supabase')
    cd /Users/xinyufang/Library/Developer/Xcode/DerivedData/Buzz-faillbpsmponqzeruhhvskovixzk/SourcePackages/checkouts/supabase-swift
    write-file /Users/xinyufang/Library/Developer/Xcode/DerivedData/Buzz-faillbpsmponqzeruhhvskovixzk/Build/Intermediates.noindex/Supabase.build/Debug-iphonesimulator/PostgREST.build/PostgREST.modulemap

WriteAuxiliaryFile /Users/xinyufang/Library/Developer/Xcode/DerivedData/Buzz-faillbpsmponqzeruhhvskovixzk/Build/Intermediates.noindex/Supabase.build/Debug-iphonesimulator/PostgREST.build/PostgREST.DependencyStaticMetadataFileList (in target 'PostgREST' from project 'Supabase')
    cd /Users/xinyufang/Library/Developer/Xcode/DerivedData/Buzz-faillbpsmponqzeruhhvskovixzk/SourcePackages/checkouts/supabase-swift
    write-file /Users/xinyufang/Library/Developer/Xcode/DerivedData/Buzz-faillbpsmponqzeruhhvskovixzk/Build/Intermediates.noindex/Supabase.build/Debug-iphonesimulator/PostgREST.build/PostgREST.DependencyStaticMetadataFileList

WriteAuxiliaryFile /Users/xinyufang/Library/Developer/Xcode/DerivedData/Buzz-faillbpsmponqzeruhhvskovixzk/Build/Intermediates.noindex/Supabase.build/Debug-iphonesimulator/PostgREST.build/PostgREST.DependencyMetadataFileList (in target 'PostgREST' from project 'Supabase')
    cd /Users/xinyufang/Library/Developer/Xcode/DerivedData/Buzz-faillbpsmponqzeruhhvskovixzk/SourcePackages/checkouts/supabase-swift
    write-file /Users/xinyufang/Library/Developer/Xcode/DerivedData/Buzz-faillbpsmponqzeruhhvskovixzk/Build/Intermediates.noindex/Supabase.build/Debug-iphonesimulator/PostgREST.build/PostgREST.DependencyMetadataFileList

WriteAuxiliaryFile /Users/xinyufang/Library/Developer/Xcode/DerivedData/Buzz-faillbpsmponqzeruhhvskovixzk/Build/Intermediates.noindex/Supabase.build/Debug-iphonesimulator/PostgREST.build/Objects-normal/arm64/PostgREST_const_extract_protocols.json (in target 'PostgREST' from project 'Supabase')
    cd /Users/xinyufang/Library/Developer/Xcode/DerivedData/Buzz-faillbpsmponqzeruhhvskovixzk/SourcePackages/checkouts/supabase-swift
    write-file /Users/xinyufang/Library/Developer/Xcode/DerivedData/Buzz-faillbpsmponqzeruhhvskovixzk/Build/Intermediates.noindex/Supabase.build/Debug-iphonesimulator/PostgREST.build/Objects-normal/arm64/PostgREST_const_extract_protocols.json

WriteAuxiliaryFile /Users/xinyufang/Library/Developer/Xcode/DerivedData/Buzz-faillbpsmponqzeruhhvskovixzk/Build/Intermediates.noindex/Supabase.build/Debug-iphonesimulator/PostgREST.build/Objects-normal/arm64/PostgREST.SwiftFileList (in target 'PostgREST' from project 'Supabase')
    cd /Users/xinyufang/Library/Developer/Xcode/DerivedData/Buzz-faillbpsmponqzeruhhvskovixzk/SourcePackages/checkouts/supabase-swift
    write-file /Users/xinyufang/Library/Developer/Xcode/DerivedData/Buzz-faillbpsmponqzeruhhvskovixzk/Build/Intermediates.noindex/Supabase.build/Debug-iphonesimulator/PostgREST.build/Objects-normal/arm64/PostgREST.SwiftFileList

WriteAuxiliaryFile /Users/xinyufang/Library/Developer/Xcode/DerivedData/Buzz-faillbpsmponqzeruhhvskovixzk/Build/Intermediates.noindex/Supabase.build/Debug-iphonesimulator/PostgREST.build/Objects-normal/arm64/PostgREST.SwiftConstValuesFileList (in target 'PostgREST' from project 'Supabase')
    cd /Users/xinyufang/Library/Developer/Xcode/DerivedData/Buzz-faillbpsmponqzeruhhvskovixzk/SourcePackages/checkouts/supabase-swift
    write-file /Users/xinyufang/Library/Developer/Xcode/DerivedData/Buzz-faillbpsmponqzeruhhvskovixzk/Build/Intermediates.noindex/Supabase.build/Debug-iphonesimulator/PostgREST.build/Objects-normal/arm64/PostgREST.SwiftConstValuesFileList

WriteAuxiliaryFile /Users/xinyufang/Library/Developer/Xcode/DerivedData/Buzz-faillbpsmponqzeruhhvskovixzk/Build/Intermediates.noindex/Supabase.build/Debug-iphonesimulator/PostgREST.build/Objects-normal/arm64/PostgREST.LinkFileList (in target 'PostgREST' from project 'Supabase')
    cd /Users/xinyufang/Library/Developer/Xcode/DerivedData/Buzz-faillbpsmponqzeruhhvskovixzk/SourcePackages/checkouts/supabase-swift
    write-file /Users/xinyufang/Library/Developer/Xcode/DerivedData/Buzz-faillbpsmponqzeruhhvskovixzk/Build/Intermediates.noindex/Supabase.build/Debug-iphonesimulator/PostgREST.build/Objects-normal/arm64/PostgREST.LinkFileList

WriteAuxiliaryFile /Users/xinyufang/Library/Developer/Xcode/DerivedData/Buzz-faillbpsmponqzeruhhvskovixzk/Build/Intermediates.noindex/Supabase.build/Debug-iphonesimulator/PostgREST.build/Objects-normal/arm64/PostgREST-OutputFileMap.json (in target 'PostgREST' from project 'Supabase')
    cd /Users/xinyufang/Library/Developer/Xcode/DerivedData/Buzz-faillbpsmponqzeruhhvskovixzk/SourcePackages/checkouts/supabase-swift
    write-file /Users/xinyufang/Library/Developer/Xcode/DerivedData/Buzz-faillbpsmponqzeruhhvskovixzk/Build/Intermediates.noindex/Supabase.build/Debug-iphonesimulator/PostgREST.build/Objects-normal/arm64/PostgREST-OutputFileMap.json

Copy /Users/xinyufang/Library/Developer/Xcode/DerivedData/Buzz-faillbpsmponqzeruhhvskovixzk/Build/Intermediates.noindex/GeneratedModuleMaps-iphonesimulator/PostgREST.modulemap /Users/xinyufang/Library/Developer/Xcode/DerivedData/Buzz-faillbpsmponqzeruhhvskovixzk/Build/Intermediates.noindex/Supabase.build/Debug-iphonesimulator/PostgREST.build/PostgREST.modulemap (in target 'PostgREST' from project 'Supabase')
    cd /Users/xinyufang/Library/Developer/Xcode/DerivedData/Buzz-faillbpsmponqzeruhhvskovixzk/SourcePackages/checkouts/supabase-swift
    builtin-copy -exclude .DS_Store -exclude CVS -exclude .svn -exclude .git -exclude .hg -resolve-src-symlinks /Users/xinyufang/Library/Developer/Xcode/DerivedData/Buzz-faillbpsmponqzeruhhvskovixzk/Build/Intermediates.noindex/Supabase.build/Debug-iphonesimulator/PostgREST.build/PostgREST.modulemap /Users/xinyufang/Library/Developer/Xcode/DerivedData/Buzz-faillbpsmponqzeruhhvskovixzk/Build/Intermediates.noindex/GeneratedModuleMaps-iphonesimulator

WriteAuxiliaryFile /Users/xinyufang/Library/Developer/Xcode/DerivedData/Buzz-faillbpsmponqzeruhhvskovixzk/Build/Intermediates.noindex/xctest-dynamic-overlay.build/Debug-iphonesimulator/IssueReportingPackageSupport.build/Objects-normal/arm64/IssueReportingPackageSupport_const_extract_protocols.json (in target 'IssueReportingPackageSupport' from project 'xctest-dynamic-overlay')
    cd /Users/xinyufang/Library/Developer/Xcode/DerivedData/Buzz-faillbpsmponqzeruhhvskovixzk/SourcePackages/checkouts/xctest-dynamic-overlay
    write-file /Users/xinyufang/Library/Developer/Xcode/DerivedData/Buzz-faillbpsmponqzeruhhvskovixzk/Build/Intermediates.noindex/xctest-dynamic-overlay.build/Debug-iphonesimulator/IssueReportingPackageSupport.build/Objects-normal/arm64/IssueReportingPackageSupport_const_extract_protocols.json

WriteAuxiliaryFile /Users/xinyufang/Library/Developer/Xcode/DerivedData/Buzz-faillbpsmponqzeruhhvskovixzk/Build/Intermediates.noindex/xctest-dynamic-overlay.build/Debug-iphonesimulator/IssueReportingPackageSupport.build/Objects-normal/arm64/IssueReportingPackageSupport.SwiftFileList (in target 'IssueReportingPackageSupport' from project 'xctest-dynamic-overlay')
    cd /Users/xinyufang/Library/Developer/Xcode/DerivedData/Buzz-faillbpsmponqzeruhhvskovixzk/SourcePackages/checkouts/xctest-dynamic-overlay
    write-file /Users/xinyufang/Library/Developer/Xcode/DerivedData/Buzz-faillbpsmponqzeruhhvskovixzk/Build/Intermediates.noindex/xctest-dynamic-overlay.build/Debug-iphonesimulator/IssueReportingPackageSupport.build/Objects-normal/arm64/IssueReportingPackageSupport.SwiftFileList

WriteAuxiliaryFile /Users/xinyufang/Library/Developer/Xcode/DerivedData/Buzz-faillbpsmponqzeruhhvskovixzk/Build/Intermediates.noindex/xctest-dynamic-overlay.build/Debug-iphonesimulator/IssueReportingPackageSupport.build/Objects-normal/arm64/IssueReportingPackageSupport.SwiftConstValuesFileList (in target 'IssueReportingPackageSupport' from project 'xctest-dynamic-overlay')
    cd /Users/xinyufang/Library/Developer/Xcode/DerivedData/Buzz-faillbpsmponqzeruhhvskovixzk/SourcePackages/checkouts/xctest-dynamic-overlay
    write-file /Users/xinyufang/Library/Developer/Xcode/DerivedData/Buzz-faillbpsmponqzeruhhvskovixzk/Build/Intermediates.noindex/xctest-dynamic-overlay.build/Debug-iphonesimulator/IssueReportingPackageSupport.build/Objects-normal/arm64/IssueReportingPackageSupport.SwiftConstValuesFileList

WriteAuxiliaryFile /Users/xinyufang/Library/Developer/Xcode/DerivedData/Buzz-faillbpsmponqzeruhhvskovixzk/Build/Intermediates.noindex/xctest-dynamic-overlay.build/Debug-iphonesimulator/IssueReportingPackageSupport.build/Objects-normal/arm64/IssueReportingPackageSupport.LinkFileList (in target 'IssueReportingPackageSupport' from project 'xctest-dynamic-overlay')
    cd /Users/xinyufang/Library/Developer/Xcode/DerivedData/Buzz-faillbpsmponqzeruhhvskovixzk/SourcePackages/checkouts/xctest-dynamic-overlay
    write-file /Users/xinyufang/Library/Developer/Xcode/DerivedData/Buzz-faillbpsmponqzeruhhvskovixzk/Build/Intermediates.noindex/xctest-dynamic-overlay.build/Debug-iphonesimulator/IssueReportingPackageSupport.build/Objects-normal/arm64/IssueReportingPackageSupport.LinkFileList

WriteAuxiliaryFile /Users/xinyufang/Library/Developer/Xcode/DerivedData/Buzz-faillbpsmponqzeruhhvskovixzk/Build/Intermediates.noindex/xctest-dynamic-overlay.build/Debug-iphonesimulator/IssueReportingPackageSupport.build/Objects-normal/arm64/IssueReportingPackageSupport-OutputFileMap.json (in target 'IssueReportingPackageSupport' from project 'xctest-dynamic-overlay')
    cd /Users/xinyufang/Library/Developer/Xcode/DerivedData/Buzz-faillbpsmponqzeruhhvskovixzk/SourcePackages/checkouts/xctest-dynamic-overlay
    write-file /Users/xinyufang/Library/Developer/Xcode/DerivedData/Buzz-faillbpsmponqzeruhhvskovixzk/Build/Intermediates.noindex/xctest-dynamic-overlay.build/Debug-iphonesimulator/IssueReportingPackageSupport.build/Objects-normal/arm64/IssueReportingPackageSupport-OutputFileMap.json

WriteAuxiliaryFile /Users/xinyufang/Library/Developer/Xcode/DerivedData/Buzz-faillbpsmponqzeruhhvskovixzk/Build/Intermediates.noindex/xctest-dynamic-overlay.build/Debug-iphonesimulator/IssueReportingPackageSupport.build/IssueReportingPackageSupport.modulemap (in target 'IssueReportingPackageSupport' from project 'xctest-dynamic-overlay')
    cd /Users/xinyufang/Library/Developer/Xcode/DerivedData/Buzz-faillbpsmponqzeruhhvskovixzk/SourcePackages/checkouts/xctest-dynamic-overlay
    write-file /Users/xinyufang/Library/Developer/Xcode/DerivedData/Buzz-faillbpsmponqzeruhhvskovixzk/Build/Intermediates.noindex/xctest-dynamic-overlay.build/Debug-iphonesimulator/IssueReportingPackageSupport.build/IssueReportingPackageSupport.modulemap

WriteAuxiliaryFile /Users/xinyufang/Library/Developer/Xcode/DerivedData/Buzz-faillbpsmponqzeruhhvskovixzk/Build/Intermediates.noindex/xctest-dynamic-overlay.build/Debug-iphonesimulator/IssueReportingPackageSupport.build/IssueReportingPackageSupport.DependencyStaticMetadataFileList (in target 'IssueReportingPackageSupport' from project 'xctest-dynamic-overlay')
    cd /Users/xinyufang/Library/Developer/Xcode/DerivedData/Buzz-faillbpsmponqzeruhhvskovixzk/SourcePackages/checkouts/xctest-dynamic-overlay
    write-file /Users/xinyufang/Library/Developer/Xcode/DerivedData/Buzz-faillbpsmponqzeruhhvskovixzk/Build/Intermediates.noindex/xctest-dynamic-overlay.build/Debug-iphonesimulator/IssueReportingPackageSupport.build/IssueReportingPackageSupport.DependencyStaticMetadataFileList

WriteAuxiliaryFile /Users/xinyufang/Library/Developer/Xcode/DerivedData/Buzz-faillbpsmponqzeruhhvskovixzk/Build/Intermediates.noindex/xctest-dynamic-overlay.build/Debug-iphonesimulator/IssueReportingPackageSupport.build/IssueReportingPackageSupport.DependencyMetadataFileList (in target 'IssueReportingPackageSupport' from project 'xctest-dynamic-overlay')
    cd /Users/xinyufang/Library/Developer/Xcode/DerivedData/Buzz-faillbpsmponqzeruhhvskovixzk/SourcePackages/checkouts/xctest-dynamic-overlay
    write-file /Users/xinyufang/Library/Developer/Xcode/DerivedData/Buzz-faillbpsmponqzeruhhvskovixzk/Build/Intermediates.noindex/xctest-dynamic-overlay.build/Debug-iphonesimulator/IssueReportingPackageSupport.build/IssueReportingPackageSupport.DependencyMetadataFileList

WriteAuxiliaryFile /Users/xinyufang/Library/Developer/Xcode/DerivedData/Buzz-faillbpsmponqzeruhhvskovixzk/Build/Intermediates.noindex/xctest-dynamic-overlay.build/Debug-iphonesimulator/IssueReporting.build/Objects-normal/arm64/IssueReporting_const_extract_protocols.json (in target 'IssueReporting' from project 'xctest-dynamic-overlay')
    cd /Users/xinyufang/Library/Developer/Xcode/DerivedData/Buzz-faillbpsmponqzeruhhvskovixzk/SourcePackages/checkouts/xctest-dynamic-overlay
    write-file /Users/xinyufang/Library/Developer/Xcode/DerivedData/Buzz-faillbpsmponqzeruhhvskovixzk/Build/Intermediates.noindex/xctest-dynamic-overlay.build/Debug-iphonesimulator/IssueReporting.build/Objects-normal/arm64/IssueReporting_const_extract_protocols.json

WriteAuxiliaryFile /Users/xinyufang/Library/Developer/Xcode/DerivedData/Buzz-faillbpsmponqzeruhhvskovixzk/Build/Intermediates.noindex/xctest-dynamic-overlay.build/Debug-iphonesimulator/IssueReporting.build/Objects-normal/arm64/IssueReporting.SwiftFileList (in target 'IssueReporting' from project 'xctest-dynamic-overlay')
    cd /Users/xinyufang/Library/Developer/Xcode/DerivedData/Buzz-faillbpsmponqzeruhhvskovixzk/SourcePackages/checkouts/xctest-dynamic-overlay
    write-file /Users/xinyufang/Library/Developer/Xcode/DerivedData/Buzz-faillbpsmponqzeruhhvskovixzk/Build/Intermediates.noindex/xctest-dynamic-overlay.build/Debug-iphonesimulator/IssueReporting.build/Objects-normal/arm64/IssueReporting.SwiftFileList

WriteAuxiliaryFile /Users/xinyufang/Library/Developer/Xcode/DerivedData/Buzz-faillbpsmponqzeruhhvskovixzk/Build/Intermediates.noindex/xctest-dynamic-overlay.build/Debug-iphonesimulator/IssueReporting.build/Objects-normal/arm64/IssueReporting.SwiftConstValuesFileList (in target 'IssueReporting' from project 'xctest-dynamic-overlay')
    cd /Users/xinyufang/Library/Developer/Xcode/DerivedData/Buzz-faillbpsmponqzeruhhvskovixzk/SourcePackages/checkouts/xctest-dynamic-overlay
    write-file /Users/xinyufang/Library/Developer/Xcode/DerivedData/Buzz-faillbpsmponqzeruhhvskovixzk/Build/Intermediates.noindex/xctest-dynamic-overlay.build/Debug-iphonesimulator/IssueReporting.build/Objects-normal/arm64/IssueReporting.SwiftConstValuesFileList

WriteAuxiliaryFile /Users/xinyufang/Library/Developer/Xcode/DerivedData/Buzz-faillbpsmponqzeruhhvskovixzk/Build/Intermediates.noindex/xctest-dynamic-overlay.build/Debug-iphonesimulator/IssueReporting.build/Objects-normal/arm64/IssueReporting.LinkFileList (in target 'IssueReporting' from project 'xctest-dynamic-overlay')
    cd /Users/xinyufang/Library/Developer/Xcode/DerivedData/Buzz-faillbpsmponqzeruhhvskovixzk/SourcePackages/checkouts/xctest-dynamic-overlay
    write-file /Users/xinyufang/Library/Developer/Xcode/DerivedData/Buzz-faillbpsmponqzeruhhvskovixzk/Build/Intermediates.noindex/xctest-dynamic-overlay.build/Debug-iphonesimulator/IssueReporting.build/Objects-normal/arm64/IssueReporting.LinkFileList

WriteAuxiliaryFile /Users/xinyufang/Library/Developer/Xcode/DerivedData/Buzz-faillbpsmponqzeruhhvskovixzk/Build/Intermediates.noindex/xctest-dynamic-overlay.build/Debug-iphonesimulator/IssueReporting.build/Objects-normal/arm64/IssueReporting-OutputFileMap.json (in target 'IssueReporting' from project 'xctest-dynamic-overlay')
    cd /Users/xinyufang/Library/Developer/Xcode/DerivedData/Buzz-faillbpsmponqzeruhhvskovixzk/SourcePackages/checkouts/xctest-dynamic-overlay
    write-file /Users/xinyufang/Library/Developer/Xcode/DerivedData/Buzz-faillbpsmponqzeruhhvskovixzk/Build/Intermediates.noindex/xctest-dynamic-overlay.build/Debug-iphonesimulator/IssueReporting.build/Objects-normal/arm64/IssueReporting-OutputFileMap.json

Copy /Users/xinyufang/Library/Developer/Xcode/DerivedData/Buzz-faillbpsmponqzeruhhvskovixzk/Build/Intermediates.noindex/GeneratedModuleMaps-iphonesimulator/IssueReportingPackageSupport.modulemap /Users/xinyufang/Library/Developer/Xcode/DerivedData/Buzz-faillbpsmponqzeruhhvskovixzk/Build/Intermediates.noindex/xctest-dynamic-overlay.build/Debug-iphonesimulator/IssueReportingPackageSupport.build/IssueReportingPackageSupport.modulemap (in target 'IssueReportingPackageSupport' from project 'xctest-dynamic-overlay')
    cd /Users/xinyufang/Library/Developer/Xcode/DerivedData/Buzz-faillbpsmponqzeruhhvskovixzk/SourcePackages/checkouts/xctest-dynamic-overlay
    builtin-copy -exclude .DS_Store -exclude CVS -exclude .svn -exclude .git -exclude .hg -resolve-src-symlinks /Users/xinyufang/Library/Developer/Xcode/DerivedData/Buzz-faillbpsmponqzeruhhvskovixzk/Build/Intermediates.noindex/xctest-dynamic-overlay.build/Debug-iphonesimulator/IssueReportingPackageSupport.build/IssueReportingPackageSupport.modulemap /Users/xinyufang/Library/Developer/Xcode/DerivedData/Buzz-faillbpsmponqzeruhhvskovixzk/Build/Intermediates.noindex/GeneratedModuleMaps-iphonesimulator

WriteAuxiliaryFile /Users/xinyufang/Library/Developer/Xcode/DerivedData/Buzz-faillbpsmponqzeruhhvskovixzk/Build/Intermediates.noindex/xctest-dynamic-overlay.build/Debug-iphonesimulator/IssueReporting.build/IssueReporting.modulemap (in target 'IssueReporting' from project 'xctest-dynamic-overlay')
    cd /Users/xinyufang/Library/Developer/Xcode/DerivedData/Buzz-faillbpsmponqzeruhhvskovixzk/SourcePackages/checkouts/xctest-dynamic-overlay
    write-file /Users/xinyufang/Library/Developer/Xcode/DerivedData/Buzz-faillbpsmponqzeruhhvskovixzk/Build/Intermediates.noindex/xctest-dynamic-overlay.build/Debug-iphonesimulator/IssueReporting.build/IssueReporting.modulemap

WriteAuxiliaryFile /Users/xinyufang/Library/Developer/Xcode/DerivedData/Buzz-faillbpsmponqzeruhhvskovixzk/Build/Intermediates.noindex/xctest-dynamic-overlay.build/Debug-iphonesimulator/IssueReporting.build/IssueReporting.DependencyStaticMetadataFileList (in target 'IssueReporting' from project 'xctest-dynamic-overlay')
    cd /Users/xinyufang/Library/Developer/Xcode/DerivedData/Buzz-faillbpsmponqzeruhhvskovixzk/SourcePackages/checkouts/xctest-dynamic-overlay
    write-file /Users/xinyufang/Library/Developer/Xcode/DerivedData/Buzz-faillbpsmponqzeruhhvskovixzk/Build/Intermediates.noindex/xctest-dynamic-overlay.build/Debug-iphonesimulator/IssueReporting.build/IssueReporting.DependencyStaticMetadataFileList

WriteAuxiliaryFile /Users/xinyufang/Library/Developer/Xcode/DerivedData/Buzz-faillbpsmponqzeruhhvskovixzk/Build/Intermediates.noindex/xctest-dynamic-overlay.build/Debug-iphonesimulator/IssueReporting.build/IssueReporting.DependencyMetadataFileList (in target 'IssueReporting' from project 'xctest-dynamic-overlay')
    cd /Users/xinyufang/Library/Developer/Xcode/DerivedData/Buzz-faillbpsmponqzeruhhvskovixzk/SourcePackages/checkouts/xctest-dynamic-overlay
    write-file /Users/xinyufang/Library/Developer/Xcode/DerivedData/Buzz-faillbpsmponqzeruhhvskovixzk/Build/Intermediates.noindex/xctest-dynamic-overlay.build/Debug-iphonesimulator/IssueReporting.build/IssueReporting.DependencyMetadataFileList

WriteAuxiliaryFile /Users/xinyufang/Library/Developer/Xcode/DerivedData/Buzz-faillbpsmponqzeruhhvskovixzk/Build/Intermediates.noindex/Supabase.build/Debug-iphonesimulator/Helpers.build/Objects-normal/arm64/Helpers_const_extract_protocols.json (in target 'Helpers' from project 'Supabase')
    cd /Users/xinyufang/Library/Developer/Xcode/DerivedData/Buzz-faillbpsmponqzeruhhvskovixzk/SourcePackages/checkouts/supabase-swift
    write-file /Users/xinyufang/Library/Developer/Xcode/DerivedData/Buzz-faillbpsmponqzeruhhvskovixzk/Build/Intermediates.noindex/Supabase.build/Debug-iphonesimulator/Helpers.build/Objects-normal/arm64/Helpers_const_extract_protocols.json

WriteAuxiliaryFile /Users/xinyufang/Library/Developer/Xcode/DerivedData/Buzz-faillbpsmponqzeruhhvskovixzk/Build/Intermediates.noindex/Supabase.build/Debug-iphonesimulator/Helpers.build/Objects-normal/arm64/Helpers.SwiftFileList (in target 'Helpers' from project 'Supabase')
    cd /Users/xinyufang/Library/Developer/Xcode/DerivedData/Buzz-faillbpsmponqzeruhhvskovixzk/SourcePackages/checkouts/supabase-swift
    write-file /Users/xinyufang/Library/Developer/Xcode/DerivedData/Buzz-faillbpsmponqzeruhhvskovixzk/Build/Intermediates.noindex/Supabase.build/Debug-iphonesimulator/Helpers.build/Objects-normal/arm64/Helpers.SwiftFileList

WriteAuxiliaryFile /Users/xinyufang/Library/Developer/Xcode/DerivedData/Buzz-faillbpsmponqzeruhhvskovixzk/Build/Intermediates.noindex/Supabase.build/Debug-iphonesimulator/Helpers.build/Objects-normal/arm64/Helpers.SwiftConstValuesFileList (in target 'Helpers' from project 'Supabase')
    cd /Users/xinyufang/Library/Developer/Xcode/DerivedData/Buzz-faillbpsmponqzeruhhvskovixzk/SourcePackages/checkouts/supabase-swift
    write-file /Users/xinyufang/Library/Developer/Xcode/DerivedData/Buzz-faillbpsmponqzeruhhvskovixzk/Build/Intermediates.noindex/Supabase.build/Debug-iphonesimulator/Helpers.build/Objects-normal/arm64/Helpers.SwiftConstValuesFileList

WriteAuxiliaryFile /Users/xinyufang/Library/Developer/Xcode/DerivedData/Buzz-faillbpsmponqzeruhhvskovixzk/Build/Intermediates.noindex/Supabase.build/Debug-iphonesimulator/Helpers.build/Objects-normal/arm64/Helpers.LinkFileList (in target 'Helpers' from project 'Supabase')
    cd /Users/xinyufang/Library/Developer/Xcode/DerivedData/Buzz-faillbpsmponqzeruhhvskovixzk/SourcePackages/checkouts/supabase-swift
    write-file /Users/xinyufang/Library/Developer/Xcode/DerivedData/Buzz-faillbpsmponqzeruhhvskovixzk/Build/Intermediates.noindex/Supabase.build/Debug-iphonesimulator/Helpers.build/Objects-normal/arm64/Helpers.LinkFileList

Copy /Users/xinyufang/Library/Developer/Xcode/DerivedData/Buzz-faillbpsmponqzeruhhvskovixzk/Build/Intermediates.noindex/GeneratedModuleMaps-iphonesimulator/IssueReporting.modulemap /Users/xinyufang/Library/Developer/Xcode/DerivedData/Buzz-faillbpsmponqzeruhhvskovixzk/Build/Intermediates.noindex/xctest-dynamic-overlay.build/Debug-iphonesimulator/IssueReporting.build/IssueReporting.modulemap (in target 'IssueReporting' from project 'xctest-dynamic-overlay')
    cd /Users/xinyufang/Library/Developer/Xcode/DerivedData/Buzz-faillbpsmponqzeruhhvskovixzk/SourcePackages/checkouts/xctest-dynamic-overlay
    builtin-copy -exclude .DS_Store -exclude CVS -exclude .svn -exclude .git -exclude .hg -resolve-src-symlinks /Users/xinyufang/Library/Developer/Xcode/DerivedData/Buzz-faillbpsmponqzeruhhvskovixzk/Build/Intermediates.noindex/xctest-dynamic-overlay.build/Debug-iphonesimulator/IssueReporting.build/IssueReporting.modulemap /Users/xinyufang/Library/Developer/Xcode/DerivedData/Buzz-faillbpsmponqzeruhhvskovixzk/Build/Intermediates.noindex/GeneratedModuleMaps-iphonesimulator

WriteAuxiliaryFile /Users/xinyufang/Library/Developer/Xcode/DerivedData/Buzz-faillbpsmponqzeruhhvskovixzk/Build/Intermediates.noindex/Supabase.build/Debug-iphonesimulator/Helpers.build/Objects-normal/arm64/Helpers-OutputFileMap.json (in target 'Helpers' from project 'Supabase')
    cd /Users/xinyufang/Library/Developer/Xcode/DerivedData/Buzz-faillbpsmponqzeruhhvskovixzk/SourcePackages/checkouts/supabase-swift
    write-file /Users/xinyufang/Library/Developer/Xcode/DerivedData/Buzz-faillbpsmponqzeruhhvskovixzk/Build/Intermediates.noindex/Supabase.build/Debug-iphonesimulator/Helpers.build/Objects-normal/arm64/Helpers-OutputFileMap.json

WriteAuxiliaryFile /Users/xinyufang/Library/Developer/Xcode/DerivedData/Buzz-faillbpsmponqzeruhhvskovixzk/Build/Intermediates.noindex/Supabase.build/Debug-iphonesimulator/Helpers.build/Helpers.modulemap (in target 'Helpers' from project 'Supabase')
    cd /Users/xinyufang/Library/Developer/Xcode/DerivedData/Buzz-faillbpsmponqzeruhhvskovixzk/SourcePackages/checkouts/supabase-swift
    write-file /Users/xinyufang/Library/Developer/Xcode/DerivedData/Buzz-faillbpsmponqzeruhhvskovixzk/Build/Intermediates.noindex/Supabase.build/Debug-iphonesimulator/Helpers.build/Helpers.modulemap

WriteAuxiliaryFile /Users/xinyufang/Library/Developer/Xcode/DerivedData/Buzz-faillbpsmponqzeruhhvskovixzk/Build/Intermediates.noindex/Supabase.build/Debug-iphonesimulator/Helpers.build/Helpers.DependencyStaticMetadataFileList (in target 'Helpers' from project 'Supabase')
    cd /Users/xinyufang/Library/Developer/Xcode/DerivedData/Buzz-faillbpsmponqzeruhhvskovixzk/SourcePackages/checkouts/supabase-swift
    write-file /Users/xinyufang/Library/Developer/Xcode/DerivedData/Buzz-faillbpsmponqzeruhhvskovixzk/Build/Intermediates.noindex/Supabase.build/Debug-iphonesimulator/Helpers.build/Helpers.DependencyStaticMetadataFileList

WriteAuxiliaryFile /Users/xinyufang/Library/Developer/Xcode/DerivedData/Buzz-faillbpsmponqzeruhhvskovixzk/Build/Intermediates.noindex/Supabase.build/Debug-iphonesimulator/Helpers.build/Helpers.DependencyMetadataFileList (in target 'Helpers' from project 'Supabase')
    cd /Users/xinyufang/Library/Developer/Xcode/DerivedData/Buzz-faillbpsmponqzeruhhvskovixzk/SourcePackages/checkouts/supabase-swift
    write-file /Users/xinyufang/Library/Developer/Xcode/DerivedData/Buzz-faillbpsmponqzeruhhvskovixzk/Build/Intermediates.noindex/Supabase.build/Debug-iphonesimulator/Helpers.build/Helpers.DependencyMetadataFileList

WriteAuxiliaryFile /Users/xinyufang/Library/Developer/Xcode/DerivedData/Buzz-faillbpsmponqzeruhhvskovixzk/Build/Intermediates.noindex/swift-http-types.build/Debug-iphonesimulator/HTTPTypes.build/Objects-normal/arm64/HTTPTypes_const_extract_protocols.json (in target 'HTTPTypes' from project 'swift-http-types')
    cd /Users/xinyufang/Library/Developer/Xcode/DerivedData/Buzz-faillbpsmponqzeruhhvskovixzk/SourcePackages/checkouts/swift-http-types
    write-file /Users/xinyufang/Library/Developer/Xcode/DerivedData/Buzz-faillbpsmponqzeruhhvskovixzk/Build/Intermediates.noindex/swift-http-types.build/Debug-iphonesimulator/HTTPTypes.build/Objects-normal/arm64/HTTPTypes_const_extract_protocols.json

WriteAuxiliaryFile /Users/xinyufang/Library/Developer/Xcode/DerivedData/Buzz-faillbpsmponqzeruhhvskovixzk/Build/Intermediates.noindex/swift-http-types.build/Debug-iphonesimulator/HTTPTypes.build/Objects-normal/arm64/HTTPTypes.SwiftFileList (in target 'HTTPTypes' from project 'swift-http-types')
    cd /Users/xinyufang/Library/Developer/Xcode/DerivedData/Buzz-faillbpsmponqzeruhhvskovixzk/SourcePackages/checkouts/swift-http-types
    write-file /Users/xinyufang/Library/Developer/Xcode/DerivedData/Buzz-faillbpsmponqzeruhhvskovixzk/Build/Intermediates.noindex/swift-http-types.build/Debug-iphonesimulator/HTTPTypes.build/Objects-normal/arm64/HTTPTypes.SwiftFileList

WriteAuxiliaryFile /Users/xinyufang/Library/Developer/Xcode/DerivedData/Buzz-faillbpsmponqzeruhhvskovixzk/Build/Intermediates.noindex/swift-http-types.build/Debug-iphonesimulator/HTTPTypes.build/Objects-normal/arm64/HTTPTypes.SwiftConstValuesFileList (in target 'HTTPTypes' from project 'swift-http-types')
    cd /Users/xinyufang/Library/Developer/Xcode/DerivedData/Buzz-faillbpsmponqzeruhhvskovixzk/SourcePackages/checkouts/swift-http-types
    write-file /Users/xinyufang/Library/Developer/Xcode/DerivedData/Buzz-faillbpsmponqzeruhhvskovixzk/Build/Intermediates.noindex/swift-http-types.build/Debug-iphonesimulator/HTTPTypes.build/Objects-normal/arm64/HTTPTypes.SwiftConstValuesFileList

WriteAuxiliaryFile /Users/xinyufang/Library/Developer/Xcode/DerivedData/Buzz-faillbpsmponqzeruhhvskovixzk/Build/Intermediates.noindex/swift-http-types.build/Debug-iphonesimulator/HTTPTypes.build/Objects-normal/arm64/HTTPTypes.LinkFileList (in target 'HTTPTypes' from project 'swift-http-types')
    cd /Users/xinyufang/Library/Developer/Xcode/DerivedData/Buzz-faillbpsmponqzeruhhvskovixzk/SourcePackages/checkouts/swift-http-types
    write-file /Users/xinyufang/Library/Developer/Xcode/DerivedData/Buzz-faillbpsmponqzeruhhvskovixzk/Build/Intermediates.noindex/swift-http-types.build/Debug-iphonesimulator/HTTPTypes.build/Objects-normal/arm64/HTTPTypes.LinkFileList

Copy /Users/xinyufang/Library/Developer/Xcode/DerivedData/Buzz-faillbpsmponqzeruhhvskovixzk/Build/Intermediates.noindex/GeneratedModuleMaps-iphonesimulator/Helpers.modulemap /Users/xinyufang/Library/Developer/Xcode/DerivedData/Buzz-faillbpsmponqzeruhhvskovixzk/Build/Intermediates.noindex/Supabase.build/Debug-iphonesimulator/Helpers.build/Helpers.modulemap (in target 'Helpers' from project 'Supabase')
    cd /Users/xinyufang/Library/Developer/Xcode/DerivedData/Buzz-faillbpsmponqzeruhhvskovixzk/SourcePackages/checkouts/supabase-swift
    builtin-copy -exclude .DS_Store -exclude CVS -exclude .svn -exclude .git -exclude .hg -resolve-src-symlinks /Users/xinyufang/Library/Developer/Xcode/DerivedData/Buzz-faillbpsmponqzeruhhvskovixzk/Build/Intermediates.noindex/Supabase.build/Debug-iphonesimulator/Helpers.build/Helpers.modulemap /Users/xinyufang/Library/Developer/Xcode/DerivedData/Buzz-faillbpsmponqzeruhhvskovixzk/Build/Intermediates.noindex/GeneratedModuleMaps-iphonesimulator

WriteAuxiliaryFile /Users/xinyufang/Library/Developer/Xcode/DerivedData/Buzz-faillbpsmponqzeruhhvskovixzk/Build/Intermediates.noindex/swift-http-types.build/Debug-iphonesimulator/HTTPTypes.build/Objects-normal/arm64/HTTPTypes-OutputFileMap.json (in target 'HTTPTypes' from project 'swift-http-types')
    cd /Users/xinyufang/Library/Developer/Xcode/DerivedData/Buzz-faillbpsmponqzeruhhvskovixzk/SourcePackages/checkouts/swift-http-types
    write-file /Users/xinyufang/Library/Developer/Xcode/DerivedData/Buzz-faillbpsmponqzeruhhvskovixzk/Build/Intermediates.noindex/swift-http-types.build/Debug-iphonesimulator/HTTPTypes.build/Objects-normal/arm64/HTTPTypes-OutputFileMap.json

WriteAuxiliaryFile /Users/xinyufang/Library/Developer/Xcode/DerivedData/Buzz-faillbpsmponqzeruhhvskovixzk/Build/Intermediates.noindex/swift-http-types.build/Debug-iphonesimulator/HTTPTypes.build/HTTPTypes.modulemap (in target 'HTTPTypes' from project 'swift-http-types')
    cd /Users/xinyufang/Library/Developer/Xcode/DerivedData/Buzz-faillbpsmponqzeruhhvskovixzk/SourcePackages/checkouts/swift-http-types
    write-file /Users/xinyufang/Library/Developer/Xcode/DerivedData/Buzz-faillbpsmponqzeruhhvskovixzk/Build/Intermediates.noindex/swift-http-types.build/Debug-iphonesimulator/HTTPTypes.build/HTTPTypes.modulemap

WriteAuxiliaryFile /Users/xinyufang/Library/Developer/Xcode/DerivedData/Buzz-faillbpsmponqzeruhhvskovixzk/Build/Intermediates.noindex/swift-http-types.build/Debug-iphonesimulator/HTTPTypes.build/HTTPTypes.DependencyStaticMetadataFileList (in target 'HTTPTypes' from project 'swift-http-types')
    cd /Users/xinyufang/Library/Developer/Xcode/DerivedData/Buzz-faillbpsmponqzeruhhvskovixzk/SourcePackages/checkouts/swift-http-types
    write-file /Users/xinyufang/Library/Developer/Xcode/DerivedData/Buzz-faillbpsmponqzeruhhvskovixzk/Build/Intermediates.noindex/swift-http-types.build/Debug-iphonesimulator/HTTPTypes.build/HTTPTypes.DependencyStaticMetadataFileList

WriteAuxiliaryFile /Users/xinyufang/Library/Developer/Xcode/DerivedData/Buzz-faillbpsmponqzeruhhvskovixzk/Build/Intermediates.noindex/swift-http-types.build/Debug-iphonesimulator/HTTPTypes.build/HTTPTypes.DependencyMetadataFileList (in target 'HTTPTypes' from project 'swift-http-types')
    cd /Users/xinyufang/Library/Developer/Xcode/DerivedData/Buzz-faillbpsmponqzeruhhvskovixzk/SourcePackages/checkouts/swift-http-types
    write-file /Users/xinyufang/Library/Developer/Xcode/DerivedData/Buzz-faillbpsmponqzeruhhvskovixzk/Build/Intermediates.noindex/swift-http-types.build/Debug-iphonesimulator/HTTPTypes.build/HTTPTypes.DependencyMetadataFileList

WriteAuxiliaryFile /Users/xinyufang/Library/Developer/Xcode/DerivedData/Buzz-faillbpsmponqzeruhhvskovixzk/Build/Intermediates.noindex/GoogleUtilities.build/Debug-iphonesimulator/GoogleUtilities_GoogleUtilities-UserDefaults.build/GoogleUtilities_GoogleUtilities-UserDefaults.DependencyStaticMetadataFileList (in target 'GoogleUtilities_GoogleUtilities-UserDefaults' from project 'GoogleUtilities')
    cd /Users/xinyufang/Library/Developer/Xcode/DerivedData/Buzz-faillbpsmponqzeruhhvskovixzk/SourcePackages/checkouts/GoogleUtilities
    write-file /Users/xinyufang/Library/Developer/Xcode/DerivedData/Buzz-faillbpsmponqzeruhhvskovixzk/Build/Intermediates.noindex/GoogleUtilities.build/Debug-iphonesimulator/GoogleUtilities_GoogleUtilities-UserDefaults.build/GoogleUtilities_GoogleUtilities-UserDefaults.DependencyStaticMetadataFileList

WriteAuxiliaryFile /Users/xinyufang/Library/Developer/Xcode/DerivedData/Buzz-faillbpsmponqzeruhhvskovixzk/Build/Intermediates.noindex/GoogleUtilities.build/Debug-iphonesimulator/GoogleUtilities_GoogleUtilities-UserDefaults.build/empty-GoogleUtilities_GoogleUtilities-UserDefaults.plist (in target 'GoogleUtilities_GoogleUtilities-UserDefaults' from project 'GoogleUtilities')
    cd /Users/xinyufang/Library/Developer/Xcode/DerivedData/Buzz-faillbpsmponqzeruhhvskovixzk/SourcePackages/checkouts/GoogleUtilities
    write-file /Users/xinyufang/Library/Developer/Xcode/DerivedData/Buzz-faillbpsmponqzeruhhvskovixzk/Build/Intermediates.noindex/GoogleUtilities.build/Debug-iphonesimulator/GoogleUtilities_GoogleUtilities-UserDefaults.build/empty-GoogleUtilities_GoogleUtilities-UserDefaults.plist

WriteAuxiliaryFile /Users/xinyufang/Library/Developer/Xcode/DerivedData/Buzz-faillbpsmponqzeruhhvskovixzk/Build/Intermediates.noindex/GoogleUtilities.build/Debug-iphonesimulator/GoogleUtilities_GoogleUtilities-UserDefaults.build/GoogleUtilities_GoogleUtilities-UserDefaults.DependencyMetadataFileList (in target 'GoogleUtilities_GoogleUtilities-UserDefaults' from project 'GoogleUtilities')
    cd /Users/xinyufang/Library/Developer/Xcode/DerivedData/Buzz-faillbpsmponqzeruhhvskovixzk/SourcePackages/checkouts/GoogleUtilities
    write-file /Users/xinyufang/Library/Developer/Xcode/DerivedData/Buzz-faillbpsmponqzeruhhvskovixzk/Build/Intermediates.noindex/GoogleUtilities.build/Debug-iphonesimulator/GoogleUtilities_GoogleUtilities-UserDefaults.build/GoogleUtilities_GoogleUtilities-UserDefaults.DependencyMetadataFileList

WriteAuxiliaryFile /Users/xinyufang/Library/Developer/Xcode/DerivedData/Buzz-faillbpsmponqzeruhhvskovixzk/Build/Intermediates.noindex/GoogleUtilities.build/Debug-iphonesimulator/GoogleUtilities_GoogleUtilities-Logger.build/empty-GoogleUtilities_GoogleUtilities-Logger.plist (in target 'GoogleUtilities_GoogleUtilities-Logger' from project 'GoogleUtilities')
    cd /Users/xinyufang/Library/Developer/Xcode/DerivedData/Buzz-faillbpsmponqzeruhhvskovixzk/SourcePackages/checkouts/GoogleUtilities
    write-file /Users/xinyufang/Library/Developer/Xcode/DerivedData/Buzz-faillbpsmponqzeruhhvskovixzk/Build/Intermediates.noindex/GoogleUtilities.build/Debug-iphonesimulator/GoogleUtilities_GoogleUtilities-Logger.build/empty-GoogleUtilities_GoogleUtilities-Logger.plist

Copy /Users/xinyufang/Library/Developer/Xcode/DerivedData/Buzz-faillbpsmponqzeruhhvskovixzk/Build/Intermediates.noindex/GeneratedModuleMaps-iphonesimulator/HTTPTypes.modulemap /Users/xinyufang/Library/Developer/Xcode/DerivedData/Buzz-faillbpsmponqzeruhhvskovixzk/Build/Intermediates.noindex/swift-http-types.build/Debug-iphonesimulator/HTTPTypes.build/HTTPTypes.modulemap (in target 'HTTPTypes' from project 'swift-http-types')
    cd /Users/xinyufang/Library/Developer/Xcode/DerivedData/Buzz-faillbpsmponqzeruhhvskovixzk/SourcePackages/checkouts/swift-http-types
    builtin-copy -exclude .DS_Store -exclude CVS -exclude .svn -exclude .git -exclude .hg -resolve-src-symlinks /Users/xinyufang/Library/Developer/Xcode/DerivedData/Buzz-faillbpsmponqzeruhhvskovixzk/Build/Intermediates.noindex/swift-http-types.build/Debug-iphonesimulator/HTTPTypes.build/HTTPTypes.modulemap /Users/xinyufang/Library/Developer/Xcode/DerivedData/Buzz-faillbpsmponqzeruhhvskovixzk/Build/Intermediates.noindex/GeneratedModuleMaps-iphonesimulator

WriteAuxiliaryFile /Users/xinyufang/Library/Developer/Xcode/DerivedData/Buzz-faillbpsmponqzeruhhvskovixzk/Build/Intermediates.noindex/GoogleUtilities.build/Debug-iphonesimulator/GoogleUtilities_GoogleUtilities-Logger.build/GoogleUtilities_GoogleUtilities-Logger.DependencyStaticMetadataFileList (in target 'GoogleUtilities_GoogleUtilities-Logger' from project 'GoogleUtilities')
    cd /Users/xinyufang/Library/Developer/Xcode/DerivedData/Buzz-faillbpsmponqzeruhhvskovixzk/SourcePackages/checkouts/GoogleUtilities
    write-file /Users/xinyufang/Library/Developer/Xcode/DerivedData/Buzz-faillbpsmponqzeruhhvskovixzk/Build/Intermediates.noindex/GoogleUtilities.build/Debug-iphonesimulator/GoogleUtilities_GoogleUtilities-Logger.build/GoogleUtilities_GoogleUtilities-Logger.DependencyStaticMetadataFileList

WriteAuxiliaryFile /Users/xinyufang/Library/Developer/Xcode/DerivedData/Buzz-faillbpsmponqzeruhhvskovixzk/Build/Intermediates.noindex/GoogleUtilities.build/Debug-iphonesimulator/GoogleUtilities_GoogleUtilities-Logger.build/GoogleUtilities_GoogleUtilities-Logger.DependencyMetadataFileList (in target 'GoogleUtilities_GoogleUtilities-Logger' from project 'GoogleUtilities')
    cd /Users/xinyufang/Library/Developer/Xcode/DerivedData/Buzz-faillbpsmponqzeruhhvskovixzk/SourcePackages/checkouts/GoogleUtilities
    write-file /Users/xinyufang/Library/Developer/Xcode/DerivedData/Buzz-faillbpsmponqzeruhhvskovixzk/Build/Intermediates.noindex/GoogleUtilities.build/Debug-iphonesimulator/GoogleUtilities_GoogleUtilities-Logger.build/GoogleUtilities_GoogleUtilities-Logger.DependencyMetadataFileList

WriteAuxiliaryFile /Users/xinyufang/Library/Developer/Xcode/DerivedData/Buzz-faillbpsmponqzeruhhvskovixzk/Build/Intermediates.noindex/GoogleUtilities.build/Debug-iphonesimulator/GoogleUtilities_GoogleUtilities-Environment.build/empty-GoogleUtilities_GoogleUtilities-Environment.plist (in target 'GoogleUtilities_GoogleUtilities-Environment' from project 'GoogleUtilities')
    cd /Users/xinyufang/Library/Developer/Xcode/DerivedData/Buzz-faillbpsmponqzeruhhvskovixzk/SourcePackages/checkouts/GoogleUtilities
    write-file /Users/xinyufang/Library/Developer/Xcode/DerivedData/Buzz-faillbpsmponqzeruhhvskovixzk/Build/Intermediates.noindex/GoogleUtilities.build/Debug-iphonesimulator/GoogleUtilities_GoogleUtilities-Environment.build/empty-GoogleUtilities_GoogleUtilities-Environment.plist

WriteAuxiliaryFile /Users/xinyufang/Library/Developer/Xcode/DerivedData/Buzz-faillbpsmponqzeruhhvskovixzk/Build/Intermediates.noindex/GoogleUtilities.build/Debug-iphonesimulator/GoogleUtilities_GoogleUtilities-Environment.build/GoogleUtilities_GoogleUtilities-Environment.DependencyStaticMetadataFileList (in target 'GoogleUtilities_GoogleUtilities-Environment' from project 'GoogleUtilities')
    cd /Users/xinyufang/Library/Developer/Xcode/DerivedData/Buzz-faillbpsmponqzeruhhvskovixzk/SourcePackages/checkouts/GoogleUtilities
    write-file /Users/xinyufang/Library/Developer/Xcode/DerivedData/Buzz-faillbpsmponqzeruhhvskovixzk/Build/Intermediates.noindex/GoogleUtilities.build/Debug-iphonesimulator/GoogleUtilities_GoogleUtilities-Environment.build/GoogleUtilities_GoogleUtilities-Environment.DependencyStaticMetadataFileList

WriteAuxiliaryFile /Users/xinyufang/Library/Developer/Xcode/DerivedData/Buzz-faillbpsmponqzeruhhvskovixzk/Build/Intermediates.noindex/GoogleUtilities.build/Debug-iphonesimulator/GoogleUtilities_GoogleUtilities-Environment.build/GoogleUtilities_GoogleUtilities-Environment.DependencyMetadataFileList (in target 'GoogleUtilities_GoogleUtilities-Environment' from project 'GoogleUtilities')
    cd /Users/xinyufang/Library/Developer/Xcode/DerivedData/Buzz-faillbpsmponqzeruhhvskovixzk/SourcePackages/checkouts/GoogleUtilities
    write-file /Users/xinyufang/Library/Developer/Xcode/DerivedData/Buzz-faillbpsmponqzeruhhvskovixzk/Build/Intermediates.noindex/GoogleUtilities.build/Debug-iphonesimulator/GoogleUtilities_GoogleUtilities-Environment.build/GoogleUtilities_GoogleUtilities-Environment.DependencyMetadataFileList

WriteAuxiliaryFile /Users/xinyufang/Library/Developer/Xcode/DerivedData/Buzz-faillbpsmponqzeruhhvskovixzk/Build/Intermediates.noindex/GoogleUtilities.build/Debug-iphonesimulator/GoogleUtilities-UserDefaults.build/Objects-normal/arm64/GoogleUtilities-UserDefaults.LinkFileList (in target 'GoogleUtilities-UserDefaults' from project 'GoogleUtilities')
    cd /Users/xinyufang/Library/Developer/Xcode/DerivedData/Buzz-faillbpsmponqzeruhhvskovixzk/SourcePackages/checkouts/GoogleUtilities
    write-file /Users/xinyufang/Library/Developer/Xcode/DerivedData/Buzz-faillbpsmponqzeruhhvskovixzk/Build/Intermediates.noindex/GoogleUtilities.build/Debug-iphonesimulator/GoogleUtilities-UserDefaults.build/Objects-normal/arm64/GoogleUtilities-UserDefaults.LinkFileList

WriteAuxiliaryFile /Users/xinyufang/Library/Developer/Xcode/DerivedData/Buzz-faillbpsmponqzeruhhvskovixzk/Build/Intermediates.noindex/GoogleUtilities.build/Debug-iphonesimulator/GoogleUtilities-UserDefaults.build/Objects-normal/arm64/e6072d4f65d7061329687fe24e3d63a7-common-args.resp (in target 'GoogleUtilities-UserDefaults' from project 'GoogleUtilities')
    cd /Users/xinyufang/Library/Developer/Xcode/DerivedData/Buzz-faillbpsmponqzeruhhvskovixzk/SourcePackages/checkouts/GoogleUtilities
    write-file /Users/xinyufang/Library/Developer/Xcode/DerivedData/Buzz-faillbpsmponqzeruhhvskovixzk/Build/Intermediates.noindex/GoogleUtilities.build/Debug-iphonesimulator/GoogleUtilities-UserDefaults.build/Objects-normal/arm64/e6072d4f65d7061329687fe24e3d63a7-common-args.resp
-target arm64-apple-ios12.0-simulator '-std=c99' -fobjc-arc -fmodules -gmodules '-fmodules-cache-path=/Users/xinyufang/Library/Developer/Xcode/DerivedData/ModuleCache.noindex' '-fmodule-name=GoogleUtilities_UserDefaults' -fpascal-strings -O0 -DSWIFT_PACKAGE '-DDEBUG=1' '-DOBJC_OLD_DISPATCH_PROTOTYPES=1' -isysroot /Applications/Xcode.app/Contents/Developer/Platforms/iPhoneSimulator.platform/Developer/SDKs/iPhoneSimulator26.0.sdk -g '-fobjc-abi-version=2' -fobjc-legacy-dispatch -I/Users/xinyufang/Library/Developer/Xcode/DerivedData/Buzz-faillbpsmponqzeruhhvskovixzk/SourcePackages/checkouts/GoogleUtilities/GoogleUtilities/Logger/Public -I/Users/xinyufang/Library/Developer/Xcode/DerivedData/Buzz-faillbpsmponqzeruhhvskovixzk/SourcePackages/checkouts/GoogleUtilities/GoogleUtilities/Environment/Public -I/Users/xinyufang/Library/Developer/Xcode/DerivedData/Buzz-faillbpsmponqzeruhhvskovixzk/SourcePackages/checkouts/GoogleUtilities/third_party/IsAppEncrypted/Public -I/Users/xinyufang/Library/Developer/Xcode/DerivedData/Buzz-faillbpsmponqzeruhhvskovixzk/Build/Products/Debug-iphonesimulator/include -I/Users/xinyufang/Library/Developer/Xcode/DerivedData/Buzz-faillbpsmponqzeruhhvskovixzk/SourcePackages/checkouts/GoogleUtilities/GoogleUtilities/UserDefaults/Public -I/Users/xinyufang/Library/Developer/Xcode/DerivedData/Buzz-faillbpsmponqzeruhhvskovixzk/SourcePackages/checkouts/GoogleUtilities -I/Users/xinyufang/Library/Developer/Xcode/DerivedData/Buzz-faillbpsmponqzeruhhvskovixzk/Build/Intermediates.noindex/GoogleUtilities.build/Debug-iphonesimulator/GoogleUtilities-UserDefaults.build/DerivedSources-normal/arm64 -I/Users/xinyufang/Library/Developer/Xcode/DerivedData/Buzz-faillbpsmponqzeruhhvskovixzk/Build/Intermediates.noindex/GoogleUtilities.build/Debug-iphonesimulator/GoogleUtilities-UserDefaults.build/DerivedSources/arm64 -I/Users/xinyufang/Library/Developer/Xcode/DerivedData/Buzz-faillbpsmponqzeruhhvskovixzk/Build/Intermediates.noindex/GoogleUtilities.build/Debug-iphonesimulator/GoogleUtilities-UserDefaults.build/DerivedSources -F/Users/xinyufang/Library/Developer/Xcode/DerivedData/Buzz-faillbpsmponqzeruhhvskovixzk/Build/Products/Debug-iphonesimulator/PackageFrameworks -F/Users/xinyufang/Library/Developer/Xcode/DerivedData/Buzz-faillbpsmponqzeruhhvskovixzk/Build/Products/Debug-iphonesimulator/PackageFrameworks -F/Users/xinyufang/Library/Developer/Xcode/DerivedData/Buzz-faillbpsmponqzeruhhvskovixzk/Build/Products/Debug-iphonesimulator/PackageFrameworks -F/Users/xinyufang/Library/Developer/Xcode/DerivedData/Buzz-faillbpsmponqzeruhhvskovixzk/Build/Products/Debug-iphonesimulator -iframework /Applications/Xcode.app/Contents/Developer/Platforms/iPhoneSimulator.platform/Developer/Library/Frameworks -iframework /Applications/Xcode.app/Contents/Developer/Platforms/iPhoneSimulator.platform/Developer/SDKs/iPhoneSimulator26.0.sdk/Developer/Library/Frameworks '-fmodule-map-file=/Users/xinyufang/Library/Developer/Xcode/DerivedData/Buzz-faillbpsmponqzeruhhvskovixzk/Build/Intermediates.noindex/GeneratedModuleMaps-iphonesimulator/GoogleUtilities-Logger.modulemap' '-fmodule-map-file=/Users/xinyufang/Library/Developer/Xcode/DerivedData/Buzz-faillbpsmponqzeruhhvskovixzk/Build/Intermediates.noindex/GeneratedModuleMaps-iphonesimulator/GoogleUtilities-Environment.modulemap' '-fmodule-map-file=/Users/xinyufang/Library/Developer/Xcode/DerivedData/Buzz-faillbpsmponqzeruhhvskovixzk/Build/Intermediates.noindex/GeneratedModuleMaps-iphonesimulator/third-party-IsAppEncrypted.modulemap' -DXcode

WriteAuxiliaryFile /Users/xinyufang/Library/Developer/Xcode/DerivedData/Buzz-faillbpsmponqzeruhhvskovixzk/Build/Intermediates.noindex/GoogleUtilities.build/Debug-iphonesimulator/GoogleUtilities-UserDefaults.build/GoogleUtilities-UserDefaults.modulemap (in target 'GoogleUtilities-UserDefaults' from project 'GoogleUtilities')
    cd /Users/xinyufang/Library/Developer/Xcode/DerivedData/Buzz-faillbpsmponqzeruhhvskovixzk/SourcePackages/checkouts/GoogleUtilities
    write-file /Users/xinyufang/Library/Developer/Xcode/DerivedData/Buzz-faillbpsmponqzeruhhvskovixzk/Build/Intermediates.noindex/GoogleUtilities.build/Debug-iphonesimulator/GoogleUtilities-UserDefaults.build/GoogleUtilities-UserDefaults.modulemap

WriteAuxiliaryFile /Users/xinyufang/Library/Developer/Xcode/DerivedData/Buzz-faillbpsmponqzeruhhvskovixzk/Build/Intermediates.noindex/GoogleUtilities.build/Debug-iphonesimulator/GoogleUtilities-UserDefaults.build/GoogleUtilities-UserDefaults.DependencyStaticMetadataFileList (in target 'GoogleUtilities-UserDefaults' from project 'GoogleUtilities')
    cd /Users/xinyufang/Library/Developer/Xcode/DerivedData/Buzz-faillbpsmponqzeruhhvskovixzk/SourcePackages/checkouts/GoogleUtilities
    write-file /Users/xinyufang/Library/Developer/Xcode/DerivedData/Buzz-faillbpsmponqzeruhhvskovixzk/Build/Intermediates.noindex/GoogleUtilities.build/Debug-iphonesimulator/GoogleUtilities-UserDefaults.build/GoogleUtilities-UserDefaults.DependencyStaticMetadataFileList

WriteAuxiliaryFile /Users/xinyufang/Library/Developer/Xcode/DerivedData/Buzz-faillbpsmponqzeruhhvskovixzk/Build/Intermediates.noindex/GoogleUtilities.build/Debug-iphonesimulator/GoogleUtilities-UserDefaults.build/GoogleUtilities-UserDefaults.DependencyMetadataFileList (in target 'GoogleUtilities-UserDefaults' from project 'GoogleUtilities')
    cd /Users/xinyufang/Library/Developer/Xcode/DerivedData/Buzz-faillbpsmponqzeruhhvskovixzk/SourcePackages/checkouts/GoogleUtilities
    write-file /Users/xinyufang/Library/Developer/Xcode/DerivedData/Buzz-faillbpsmponqzeruhhvskovixzk/Build/Intermediates.noindex/GoogleUtilities.build/Debug-iphonesimulator/GoogleUtilities-UserDefaults.build/GoogleUtilities-UserDefaults.DependencyMetadataFileList

WriteAuxiliaryFile /Users/xinyufang/Library/Developer/Xcode/DerivedData/Buzz-faillbpsmponqzeruhhvskovixzk/Build/Intermediates.noindex/GoogleUtilities.build/Debug-iphonesimulator/GoogleUtilities-UserDefaults.build/DerivedSources/resource_bundle_accessor.m (in target 'GoogleUtilities-UserDefaults' from project 'GoogleUtilities')
    cd /Users/xinyufang/Library/Developer/Xcode/DerivedData/Buzz-faillbpsmponqzeruhhvskovixzk/SourcePackages/checkouts/GoogleUtilities
    write-file /Users/xinyufang/Library/Developer/Xcode/DerivedData/Buzz-faillbpsmponqzeruhhvskovixzk/Build/Intermediates.noindex/GoogleUtilities.build/Debug-iphonesimulator/GoogleUtilities-UserDefaults.build/DerivedSources/resource_bundle_accessor.m

WriteAuxiliaryFile /Users/xinyufang/Library/Developer/Xcode/DerivedData/Buzz-faillbpsmponqzeruhhvskovixzk/Build/Intermediates.noindex/GoogleUtilities.build/Debug-iphonesimulator/GoogleUtilities-UserDefaults.build/DerivedSources/resource_bundle_accessor.h (in target 'GoogleUtilities-UserDefaults' from project 'GoogleUtilities')
    cd /Users/xinyufang/Library/Developer/Xcode/DerivedData/Buzz-faillbpsmponqzeruhhvskovixzk/SourcePackages/checkouts/GoogleUtilities
    write-file /Users/xinyufang/Library/Developer/Xcode/DerivedData/Buzz-faillbpsmponqzeruhhvskovixzk/Build/Intermediates.noindex/GoogleUtilities.build/Debug-iphonesimulator/GoogleUtilities-UserDefaults.build/DerivedSources/resource_bundle_accessor.h

WriteAuxiliaryFile /Users/xinyufang/Library/Developer/Xcode/DerivedData/Buzz-faillbpsmponqzeruhhvskovixzk/Build/Intermediates.noindex/GoogleUtilities.build/Debug-iphonesimulator/GoogleUtilities-Logger.build/Objects-normal/arm64/GoogleUtilities-Logger.LinkFileList (in target 'GoogleUtilities-Logger' from project 'GoogleUtilities')
    cd /Users/xinyufang/Library/Developer/Xcode/DerivedData/Buzz-faillbpsmponqzeruhhvskovixzk/SourcePackages/checkouts/GoogleUtilities
    write-file /Users/xinyufang/Library/Developer/Xcode/DerivedData/Buzz-faillbpsmponqzeruhhvskovixzk/Build/Intermediates.noindex/GoogleUtilities.build/Debug-iphonesimulator/GoogleUtilities-Logger.build/Objects-normal/arm64/GoogleUtilities-Logger.LinkFileList

WriteAuxiliaryFile /Users/xinyufang/Library/Developer/Xcode/DerivedData/Buzz-faillbpsmponqzeruhhvskovixzk/Build/Intermediates.noindex/GoogleUtilities.build/Debug-iphonesimulator/GoogleUtilities-Logger.build/Objects-normal/arm64/e6072d4f65d7061329687fe24e3d63a7-common-args.resp (in target 'GoogleUtilities-Logger' from project 'GoogleUtilities')
    cd /Users/xinyufang/Library/Developer/Xcode/DerivedData/Buzz-faillbpsmponqzeruhhvskovixzk/SourcePackages/checkouts/GoogleUtilities
    write-file /Users/xinyufang/Library/Developer/Xcode/DerivedData/Buzz-faillbpsmponqzeruhhvskovixzk/Build/Intermediates.noindex/GoogleUtilities.build/Debug-iphonesimulator/GoogleUtilities-Logger.build/Objects-normal/arm64/e6072d4f65d7061329687fe24e3d63a7-common-args.resp
-target arm64-apple-ios12.0-simulator '-std=c99' -fobjc-arc -fmodules -gmodules '-fmodules-cache-path=/Users/xinyufang/Library/Developer/Xcode/DerivedData/ModuleCache.noindex' '-fmodule-name=GoogleUtilities_Logger' -fpascal-strings -O0 -DSWIFT_PACKAGE '-DDEBUG=1' '-DOBJC_OLD_DISPATCH_PROTOTYPES=1' -isysroot /Applications/Xcode.app/Contents/Developer/Platforms/iPhoneSimulator.platform/Developer/SDKs/iPhoneSimulator26.0.sdk -g '-fobjc-abi-version=2' -fobjc-legacy-dispatch -I/Users/xinyufang/Library/Developer/Xcode/DerivedData/Buzz-faillbpsmponqzeruhhvskovixzk/SourcePackages/checkouts/GoogleUtilities/GoogleUtilities/Environment/Public -I/Users/xinyufang/Library/Developer/Xcode/DerivedData/Buzz-faillbpsmponqzeruhhvskovixzk/SourcePackages/checkouts/GoogleUtilities/third_party/IsAppEncrypted/Public -I/Users/xinyufang/Library/Developer/Xcode/DerivedData/Buzz-faillbpsmponqzeruhhvskovixzk/Build/Products/Debug-iphonesimulator/include -I/Users/xinyufang/Library/Developer/Xcode/DerivedData/Buzz-faillbpsmponqzeruhhvskovixzk/SourcePackages/checkouts/GoogleUtilities/GoogleUtilities/Logger/Public -I/Users/xinyufang/Library/Developer/Xcode/DerivedData/Buzz-faillbpsmponqzeruhhvskovixzk/SourcePackages/checkouts/GoogleUtilities -I/Users/xinyufang/Library/Developer/Xcode/DerivedData/Buzz-faillbpsmponqzeruhhvskovixzk/Build/Intermediates.noindex/GoogleUtilities.build/Debug-iphonesimulator/GoogleUtilities-Logger.build/DerivedSources-normal/arm64 -I/Users/xinyufang/Library/Developer/Xcode/DerivedData/Buzz-faillbpsmponqzeruhhvskovixzk/Build/Intermediates.noindex/GoogleUtilities.build/Debug-iphonesimulator/GoogleUtilities-Logger.build/DerivedSources/arm64 -I/Users/xinyufang/Library/Developer/Xcode/DerivedData/Buzz-faillbpsmponqzeruhhvskovixzk/Build/Intermediates.noindex/GoogleUtilities.build/Debug-iphonesimulator/GoogleUtilities-Logger.build/DerivedSources -F/Users/xinyufang/Library/Developer/Xcode/DerivedData/Buzz-faillbpsmponqzeruhhvskovixzk/Build/Products/Debug-iphonesimulator/PackageFrameworks -F/Users/xinyufang/Library/Developer/Xcode/DerivedData/Buzz-faillbpsmponqzeruhhvskovixzk/Build/Products/Debug-iphonesimulator/PackageFrameworks -F/Users/xinyufang/Library/Developer/Xcode/DerivedData/Buzz-faillbpsmponqzeruhhvskovixzk/Build/Products/Debug-iphonesimulator -iframework /Applications/Xcode.app/Contents/Developer/Platforms/iPhoneSimulator.platform/Developer/Library/Frameworks -iframework /Applications/Xcode.app/Contents/Developer/Platforms/iPhoneSimulator.platform/Developer/SDKs/iPhoneSimulator26.0.sdk/Developer/Library/Frameworks '-fmodule-map-file=/Users/xinyufang/Library/Developer/Xcode/DerivedData/Buzz-faillbpsmponqzeruhhvskovixzk/Build/Intermediates.noindex/GeneratedModuleMaps-iphonesimulator/GoogleUtilities-Environment.modulemap' '-fmodule-map-file=/Users/xinyufang/Library/Developer/Xcode/DerivedData/Buzz-faillbpsmponqzeruhhvskovixzk/Build/Intermediates.noindex/GeneratedModuleMaps-iphonesimulator/third-party-IsAppEncrypted.modulemap' -DXcode

WriteAuxiliaryFile /Users/xinyufang/Library/Developer/Xcode/DerivedData/Buzz-faillbpsmponqzeruhhvskovixzk/Build/Intermediates.noindex/GoogleUtilities.build/Debug-iphonesimulator/GoogleUtilities-Logger.build/GoogleUtilities-Logger.modulemap (in target 'GoogleUtilities-Logger' from project 'GoogleUtilities')
    cd /Users/xinyufang/Library/Developer/Xcode/DerivedData/Buzz-faillbpsmponqzeruhhvskovixzk/SourcePackages/checkouts/GoogleUtilities
    write-file /Users/xinyufang/Library/Developer/Xcode/DerivedData/Buzz-faillbpsmponqzeruhhvskovixzk/Build/Intermediates.noindex/GoogleUtilities.build/Debug-iphonesimulator/GoogleUtilities-Logger.build/GoogleUtilities-Logger.modulemap

WriteAuxiliaryFile /Users/xinyufang/Library/Developer/Xcode/DerivedData/Buzz-faillbpsmponqzeruhhvskovixzk/Build/Intermediates.noindex/GoogleUtilities.build/Debug-iphonesimulator/GoogleUtilities-Logger.build/GoogleUtilities-Logger.DependencyStaticMetadataFileList (in target 'GoogleUtilities-Logger' from project 'GoogleUtilities')
    cd /Users/xinyufang/Library/Developer/Xcode/DerivedData/Buzz-faillbpsmponqzeruhhvskovixzk/SourcePackages/checkouts/GoogleUtilities
    write-file /Users/xinyufang/Library/Developer/Xcode/DerivedData/Buzz-faillbpsmponqzeruhhvskovixzk/Build/Intermediates.noindex/GoogleUtilities.build/Debug-iphonesimulator/GoogleUtilities-Logger.build/GoogleUtilities-Logger.DependencyStaticMetadataFileList

WriteAuxiliaryFile /Users/xinyufang/Library/Developer/Xcode/DerivedData/Buzz-faillbpsmponqzeruhhvskovixzk/Build/Intermediates.noindex/GoogleUtilities.build/Debug-iphonesimulator/GoogleUtilities-Logger.build/GoogleUtilities-Logger.DependencyMetadataFileList (in target 'GoogleUtilities-Logger' from project 'GoogleUtilities')
    cd /Users/xinyufang/Library/Developer/Xcode/DerivedData/Buzz-faillbpsmponqzeruhhvskovixzk/SourcePackages/checkouts/GoogleUtilities
    write-file /Users/xinyufang/Library/Developer/Xcode/DerivedData/Buzz-faillbpsmponqzeruhhvskovixzk/Build/Intermediates.noindex/GoogleUtilities.build/Debug-iphonesimulator/GoogleUtilities-Logger.build/GoogleUtilities-Logger.DependencyMetadataFileList

Copy /Users/xinyufang/Library/Developer/Xcode/DerivedData/Buzz-faillbpsmponqzeruhhvskovixzk/Build/Intermediates.noindex/GeneratedModuleMaps-iphonesimulator/GoogleUtilities-UserDefaults.modulemap /Users/xinyufang/Library/Developer/Xcode/DerivedData/Buzz-faillbpsmponqzeruhhvskovixzk/Build/Intermediates.noindex/GoogleUtilities.build/Debug-iphonesimulator/GoogleUtilities-UserDefaults.build/GoogleUtilities-UserDefaults.modulemap (in target 'GoogleUtilities-UserDefaults' from project 'GoogleUtilities')
    cd /Users/xinyufang/Library/Developer/Xcode/DerivedData/Buzz-faillbpsmponqzeruhhvskovixzk/SourcePackages/checkouts/GoogleUtilities
    builtin-copy -exclude .DS_Store -exclude CVS -exclude .svn -exclude .git -exclude .hg -resolve-src-symlinks /Users/xinyufang/Library/Developer/Xcode/DerivedData/Buzz-faillbpsmponqzeruhhvskovixzk/Build/Intermediates.noindex/GoogleUtilities.build/Debug-iphonesimulator/GoogleUtilities-UserDefaults.build/GoogleUtilities-UserDefaults.modulemap /Users/xinyufang/Library/Developer/Xcode/DerivedData/Buzz-faillbpsmponqzeruhhvskovixzk/Build/Intermediates.noindex/GeneratedModuleMaps-iphonesimulator

WriteAuxiliaryFile /Users/xinyufang/Library/Developer/Xcode/DerivedData/Buzz-faillbpsmponqzeruhhvskovixzk/Build/Intermediates.noindex/GoogleUtilities.build/Debug-iphonesimulator/GoogleUtilities-Logger.build/DerivedSources/resource_bundle_accessor.m (in target 'GoogleUtilities-Logger' from project 'GoogleUtilities')
    cd /Users/xinyufang/Library/Developer/Xcode/DerivedData/Buzz-faillbpsmponqzeruhhvskovixzk/SourcePackages/checkouts/GoogleUtilities
    write-file /Users/xinyufang/Library/Developer/Xcode/DerivedData/Buzz-faillbpsmponqzeruhhvskovixzk/Build/Intermediates.noindex/GoogleUtilities.build/Debug-iphonesimulator/GoogleUtilities-Logger.build/DerivedSources/resource_bundle_accessor.m

WriteAuxiliaryFile /Users/xinyufang/Library/Developer/Xcode/DerivedData/Buzz-faillbpsmponqzeruhhvskovixzk/Build/Intermediates.noindex/GoogleUtilities.build/Debug-iphonesimulator/GoogleUtilities-Logger.build/DerivedSources/resource_bundle_accessor.h (in target 'GoogleUtilities-Logger' from project 'GoogleUtilities')
    cd /Users/xinyufang/Library/Developer/Xcode/DerivedData/Buzz-faillbpsmponqzeruhhvskovixzk/SourcePackages/checkouts/GoogleUtilities
    write-file /Users/xinyufang/Library/Developer/Xcode/DerivedData/Buzz-faillbpsmponqzeruhhvskovixzk/Build/Intermediates.noindex/GoogleUtilities.build/Debug-iphonesimulator/GoogleUtilities-Logger.build/DerivedSources/resource_bundle_accessor.h

WriteAuxiliaryFile /Users/xinyufang/Library/Developer/Xcode/DerivedData/Buzz-faillbpsmponqzeruhhvskovixzk/Build/Intermediates.noindex/GoogleUtilities.build/Debug-iphonesimulator/GoogleUtilities-Environment.build/Objects-normal/arm64/e6072d4f65d7061329687fe24e3d63a7-common-args.resp (in target 'GoogleUtilities-Environment' from project 'GoogleUtilities')
    cd /Users/xinyufang/Library/Developer/Xcode/DerivedData/Buzz-faillbpsmponqzeruhhvskovixzk/SourcePackages/checkouts/GoogleUtilities
    write-file /Users/xinyufang/Library/Developer/Xcode/DerivedData/Buzz-faillbpsmponqzeruhhvskovixzk/Build/Intermediates.noindex/GoogleUtilities.build/Debug-iphonesimulator/GoogleUtilities-Environment.build/Objects-normal/arm64/e6072d4f65d7061329687fe24e3d63a7-common-args.resp
-target arm64-apple-ios12.0-simulator '-std=c99' -fobjc-arc -fmodules -gmodules '-fmodules-cache-path=/Users/xinyufang/Library/Developer/Xcode/DerivedData/ModuleCache.noindex' '-fmodule-name=GoogleUtilities_Environment' -fpascal-strings -O0 -DSWIFT_PACKAGE '-DDEBUG=1' '-DOBJC_OLD_DISPATCH_PROTOTYPES=1' -isysroot /Applications/Xcode.app/Contents/Developer/Platforms/iPhoneSimulator.platform/Developer/SDKs/iPhoneSimulator26.0.sdk -g '-fobjc-abi-version=2' -fobjc-legacy-dispatch -I/Users/xinyufang/Library/Developer/Xcode/DerivedData/Buzz-faillbpsmponqzeruhhvskovixzk/SourcePackages/checkouts/GoogleUtilities/third_party/IsAppEncrypted/Public -I/Users/xinyufang/Library/Developer/Xcode/DerivedData/Buzz-faillbpsmponqzeruhhvskovixzk/Build/Products/Debug-iphonesimulator/include -I/Users/xinyufang/Library/Developer/Xcode/DerivedData/Buzz-faillbpsmponqzeruhhvskovixzk/SourcePackages/checkouts/GoogleUtilities/GoogleUtilities/Environment/Public -I/Users/xinyufang/Library/Developer/Xcode/DerivedData/Buzz-faillbpsmponqzeruhhvskovixzk/SourcePackages/checkouts/GoogleUtilities -I/Users/xinyufang/Library/Developer/Xcode/DerivedData/Buzz-faillbpsmponqzeruhhvskovixzk/Build/Intermediates.noindex/GoogleUtilities.build/Debug-iphonesimulator/GoogleUtilities-Environment.build/DerivedSources-normal/arm64 -I/Users/xinyufang/Library/Developer/Xcode/DerivedData/Buzz-faillbpsmponqzeruhhvskovixzk/Build/Intermediates.noindex/GoogleUtilities.build/Debug-iphonesimulator/GoogleUtilities-Environment.build/DerivedSources/arm64 -I/Users/xinyufang/Library/Developer/Xcode/DerivedData/Buzz-faillbpsmponqzeruhhvskovixzk/Build/Intermediates.noindex/GoogleUtilities.build/Debug-iphonesimulator/GoogleUtilities-Environment.build/DerivedSources -F/Users/xinyufang/Library/Developer/Xcode/DerivedData/Buzz-faillbpsmponqzeruhhvskovixzk/Build/Products/Debug-iphonesimulator/PackageFrameworks -F/Users/xinyufang/Library/Developer/Xcode/DerivedData/Buzz-faillbpsmponqzeruhhvskovixzk/Build/Products/Debug-iphonesimulator -iframework /Applications/Xcode.app/Contents/Developer/Platforms/iPhoneSimulator.platform/Developer/Library/Frameworks -iframework /Applications/Xcode.app/Contents/Developer/Platforms/iPhoneSimulator.platform/Developer/SDKs/iPhoneSimulator26.0.sdk/Developer/Library/Frameworks '-fmodule-map-file=/Users/xinyufang/Library/Developer/Xcode/DerivedData/Buzz-faillbpsmponqzeruhhvskovixzk/Build/Intermediates.noindex/GeneratedModuleMaps-iphonesimulator/third-party-IsAppEncrypted.modulemap' -DXcode

WriteAuxiliaryFile /Users/xinyufang/Library/Developer/Xcode/DerivedData/Buzz-faillbpsmponqzeruhhvskovixzk/Build/Intermediates.noindex/GoogleUtilities.build/Debug-iphonesimulator/GoogleUtilities-Environment.build/Objects-normal/arm64/GoogleUtilities-Environment.LinkFileList (in target 'GoogleUtilities-Environment' from project 'GoogleUtilities')
    cd /Users/xinyufang/Library/Developer/Xcode/DerivedData/Buzz-faillbpsmponqzeruhhvskovixzk/SourcePackages/checkouts/GoogleUtilities
    write-file /Users/xinyufang/Library/Developer/Xcode/DerivedData/Buzz-faillbpsmponqzeruhhvskovixzk/Build/Intermediates.noindex/GoogleUtilities.build/Debug-iphonesimulator/GoogleUtilities-Environment.build/Objects-normal/arm64/GoogleUtilities-Environment.LinkFileList

WriteAuxiliaryFile /Users/xinyufang/Library/Developer/Xcode/DerivedData/Buzz-faillbpsmponqzeruhhvskovixzk/Build/Intermediates.noindex/GoogleUtilities.build/Debug-iphonesimulator/GoogleUtilities-Environment.build/GoogleUtilities-Environment.modulemap (in target 'GoogleUtilities-Environment' from project 'GoogleUtilities')
    cd /Users/xinyufang/Library/Developer/Xcode/DerivedData/Buzz-faillbpsmponqzeruhhvskovixzk/SourcePackages/checkouts/GoogleUtilities
    write-file /Users/xinyufang/Library/Developer/Xcode/DerivedData/Buzz-faillbpsmponqzeruhhvskovixzk/Build/Intermediates.noindex/GoogleUtilities.build/Debug-iphonesimulator/GoogleUtilities-Environment.build/GoogleUtilities-Environment.modulemap

WriteAuxiliaryFile /Users/xinyufang/Library/Developer/Xcode/DerivedData/Buzz-faillbpsmponqzeruhhvskovixzk/Build/Intermediates.noindex/GoogleUtilities.build/Debug-iphonesimulator/GoogleUtilities-Environment.build/GoogleUtilities-Environment.DependencyStaticMetadataFileList (in target 'GoogleUtilities-Environment' from project 'GoogleUtilities')
    cd /Users/xinyufang/Library/Developer/Xcode/DerivedData/Buzz-faillbpsmponqzeruhhvskovixzk/SourcePackages/checkouts/GoogleUtilities
    write-file /Users/xinyufang/Library/Developer/Xcode/DerivedData/Buzz-faillbpsmponqzeruhhvskovixzk/Build/Intermediates.noindex/GoogleUtilities.build/Debug-iphonesimulator/GoogleUtilities-Environment.build/GoogleUtilities-Environment.DependencyStaticMetadataFileList

Copy /Users/xinyufang/Library/Developer/Xcode/DerivedData/Buzz-faillbpsmponqzeruhhvskovixzk/Build/Intermediates.noindex/GeneratedModuleMaps-iphonesimulator/GoogleUtilities-Logger.modulemap /Users/xinyufang/Library/Developer/Xcode/DerivedData/Buzz-faillbpsmponqzeruhhvskovixzk/Build/Intermediates.noindex/GoogleUtilities.build/Debug-iphonesimulator/GoogleUtilities-Logger.build/GoogleUtilities-Logger.modulemap (in target 'GoogleUtilities-Logger' from project 'GoogleUtilities')
    cd /Users/xinyufang/Library/Developer/Xcode/DerivedData/Buzz-faillbpsmponqzeruhhvskovixzk/SourcePackages/checkouts/GoogleUtilities
    builtin-copy -exclude .DS_Store -exclude CVS -exclude .svn -exclude .git -exclude .hg -resolve-src-symlinks /Users/xinyufang/Library/Developer/Xcode/DerivedData/Buzz-faillbpsmponqzeruhhvskovixzk/Build/Intermediates.noindex/GoogleUtilities.build/Debug-iphonesimulator/GoogleUtilities-Logger.build/GoogleUtilities-Logger.modulemap /Users/xinyufang/Library/Developer/Xcode/DerivedData/Buzz-faillbpsmponqzeruhhvskovixzk/Build/Intermediates.noindex/GeneratedModuleMaps-iphonesimulator

WriteAuxiliaryFile /Users/xinyufang/Library/Developer/Xcode/DerivedData/Buzz-faillbpsmponqzeruhhvskovixzk/Build/Intermediates.noindex/GoogleUtilities.build/Debug-iphonesimulator/GoogleUtilities-Environment.build/GoogleUtilities-Environment.DependencyMetadataFileList (in target 'GoogleUtilities-Environment' from project 'GoogleUtilities')
    cd /Users/xinyufang/Library/Developer/Xcode/DerivedData/Buzz-faillbpsmponqzeruhhvskovixzk/SourcePackages/checkouts/GoogleUtilities
    write-file /Users/xinyufang/Library/Developer/Xcode/DerivedData/Buzz-faillbpsmponqzeruhhvskovixzk/Build/Intermediates.noindex/GoogleUtilities.build/Debug-iphonesimulator/GoogleUtilities-Environment.build/GoogleUtilities-Environment.DependencyMetadataFileList

WriteAuxiliaryFile /Users/xinyufang/Library/Developer/Xcode/DerivedData/Buzz-faillbpsmponqzeruhhvskovixzk/Build/Intermediates.noindex/GoogleUtilities.build/Debug-iphonesimulator/GoogleUtilities-Environment.build/DerivedSources/resource_bundle_accessor.m (in target 'GoogleUtilities-Environment' from project 'GoogleUtilities')
    cd /Users/xinyufang/Library/Developer/Xcode/DerivedData/Buzz-faillbpsmponqzeruhhvskovixzk/SourcePackages/checkouts/GoogleUtilities
    write-file /Users/xinyufang/Library/Developer/Xcode/DerivedData/Buzz-faillbpsmponqzeruhhvskovixzk/Build/Intermediates.noindex/GoogleUtilities.build/Debug-iphonesimulator/GoogleUtilities-Environment.build/DerivedSources/resource_bundle_accessor.m

WriteAuxiliaryFile /Users/xinyufang/Library/Developer/Xcode/DerivedData/Buzz-faillbpsmponqzeruhhvskovixzk/Build/Intermediates.noindex/GoogleUtilities.build/Debug-iphonesimulator/GoogleUtilities-Environment.build/DerivedSources/resource_bundle_accessor.h (in target 'GoogleUtilities-Environment' from project 'GoogleUtilities')
    cd /Users/xinyufang/Library/Developer/Xcode/DerivedData/Buzz-faillbpsmponqzeruhhvskovixzk/SourcePackages/checkouts/GoogleUtilities
    write-file /Users/xinyufang/Library/Developer/Xcode/DerivedData/Buzz-faillbpsmponqzeruhhvskovixzk/Build/Intermediates.noindex/GoogleUtilities.build/Debug-iphonesimulator/GoogleUtilities-Environment.build/DerivedSources/resource_bundle_accessor.h

WriteAuxiliaryFile /Users/xinyufang/Library/Developer/Xcode/DerivedData/Buzz-faillbpsmponqzeruhhvskovixzk/Build/Intermediates.noindex/GoogleSignIn.build/Debug-iphonesimulator/GoogleSignIn_GoogleSignInSwift.build/GoogleSignIn_GoogleSignInSwift.DependencyStaticMetadataFileList (in target 'GoogleSignIn_GoogleSignInSwift' from project 'GoogleSignIn')
    cd /Users/xinyufang/Library/Developer/Xcode/DerivedData/Buzz-faillbpsmponqzeruhhvskovixzk/SourcePackages/checkouts/GoogleSignIn-iOS
    write-file /Users/xinyufang/Library/Developer/Xcode/DerivedData/Buzz-faillbpsmponqzeruhhvskovixzk/Build/Intermediates.noindex/GoogleSignIn.build/Debug-iphonesimulator/GoogleSignIn_GoogleSignInSwift.build/GoogleSignIn_GoogleSignInSwift.DependencyStaticMetadataFileList

WriteAuxiliaryFile /Users/xinyufang/Library/Developer/Xcode/DerivedData/Buzz-faillbpsmponqzeruhhvskovixzk/Build/Intermediates.noindex/GoogleSignIn.build/Debug-iphonesimulator/GoogleSignIn_GoogleSignInSwift.build/empty-GoogleSignIn_GoogleSignInSwift.plist (in target 'GoogleSignIn_GoogleSignInSwift' from project 'GoogleSignIn')
    cd /Users/xinyufang/Library/Developer/Xcode/DerivedData/Buzz-faillbpsmponqzeruhhvskovixzk/SourcePackages/checkouts/GoogleSignIn-iOS
    write-file /Users/xinyufang/Library/Developer/Xcode/DerivedData/Buzz-faillbpsmponqzeruhhvskovixzk/Build/Intermediates.noindex/GoogleSignIn.build/Debug-iphonesimulator/GoogleSignIn_GoogleSignInSwift.build/empty-GoogleSignIn_GoogleSignInSwift.plist

WriteAuxiliaryFile /Users/xinyufang/Library/Developer/Xcode/DerivedData/Buzz-faillbpsmponqzeruhhvskovixzk/Build/Intermediates.noindex/GoogleSignIn.build/Debug-iphonesimulator/GoogleSignIn_GoogleSignInSwift.build/GoogleSignIn_GoogleSignInSwift.DependencyMetadataFileList (in target 'GoogleSignIn_GoogleSignInSwift' from project 'GoogleSignIn')
    cd /Users/xinyufang/Library/Developer/Xcode/DerivedData/Buzz-faillbpsmponqzeruhhvskovixzk/SourcePackages/checkouts/GoogleSignIn-iOS
    write-file /Users/xinyufang/Library/Developer/Xcode/DerivedData/Buzz-faillbpsmponqzeruhhvskovixzk/Build/Intermediates.noindex/GoogleSignIn.build/Debug-iphonesimulator/GoogleSignIn_GoogleSignInSwift.build/GoogleSignIn_GoogleSignInSwift.DependencyMetadataFileList

Copy /Users/xinyufang/Library/Developer/Xcode/DerivedData/Buzz-faillbpsmponqzeruhhvskovixzk/Build/Intermediates.noindex/GeneratedModuleMaps-iphonesimulator/GoogleUtilities-Environment.modulemap /Users/xinyufang/Library/Developer/Xcode/DerivedData/Buzz-faillbpsmponqzeruhhvskovixzk/Build/Intermediates.noindex/GoogleUtilities.build/Debug-iphonesimulator/GoogleUtilities-Environment.build/GoogleUtilities-Environment.modulemap (in target 'GoogleUtilities-Environment' from project 'GoogleUtilities')
    cd /Users/xinyufang/Library/Developer/Xcode/DerivedData/Buzz-faillbpsmponqzeruhhvskovixzk/SourcePackages/checkouts/GoogleUtilities
    builtin-copy -exclude .DS_Store -exclude CVS -exclude .svn -exclude .git -exclude .hg -resolve-src-symlinks /Users/xinyufang/Library/Developer/Xcode/DerivedData/Buzz-faillbpsmponqzeruhhvskovixzk/Build/Intermediates.noindex/GoogleUtilities.build/Debug-iphonesimulator/GoogleUtilities-Environment.build/GoogleUtilities-Environment.modulemap /Users/xinyufang/Library/Developer/Xcode/DerivedData/Buzz-faillbpsmponqzeruhhvskovixzk/Build/Intermediates.noindex/GeneratedModuleMaps-iphonesimulator

WriteAuxiliaryFile /Users/xinyufang/Library/Developer/Xcode/DerivedData/Buzz-faillbpsmponqzeruhhvskovixzk/Build/Intermediates.noindex/GoogleSignIn.build/Debug-iphonesimulator/GoogleSignIn_GoogleSignIn.build/GoogleSignIn_GoogleSignIn.DependencyStaticMetadataFileList (in target 'GoogleSignIn_GoogleSignIn' from project 'GoogleSignIn')
    cd /Users/xinyufang/Library/Developer/Xcode/DerivedData/Buzz-faillbpsmponqzeruhhvskovixzk/SourcePackages/checkouts/GoogleSignIn-iOS
    write-file /Users/xinyufang/Library/Developer/Xcode/DerivedData/Buzz-faillbpsmponqzeruhhvskovixzk/Build/Intermediates.noindex/GoogleSignIn.build/Debug-iphonesimulator/GoogleSignIn_GoogleSignIn.build/GoogleSignIn_GoogleSignIn.DependencyStaticMetadataFileList

WriteAuxiliaryFile /Users/xinyufang/Library/Developer/Xcode/DerivedData/Buzz-faillbpsmponqzeruhhvskovixzk/Build/Intermediates.noindex/GoogleSignIn.build/Debug-iphonesimulator/GoogleSignIn_GoogleSignIn.build/empty-GoogleSignIn_GoogleSignIn.plist (in target 'GoogleSignIn_GoogleSignIn' from project 'GoogleSignIn')
    cd /Users/xinyufang/Library/Developer/Xcode/DerivedData/Buzz-faillbpsmponqzeruhhvskovixzk/SourcePackages/checkouts/GoogleSignIn-iOS
    write-file /Users/xinyufang/Library/Developer/Xcode/DerivedData/Buzz-faillbpsmponqzeruhhvskovixzk/Build/Intermediates.noindex/GoogleSignIn.build/Debug-iphonesimulator/GoogleSignIn_GoogleSignIn.build/empty-GoogleSignIn_GoogleSignIn.plist

WriteAuxiliaryFile /Users/xinyufang/Library/Developer/Xcode/DerivedData/Buzz-faillbpsmponqzeruhhvskovixzk/Build/Intermediates.noindex/GoogleSignIn.build/Debug-iphonesimulator/GoogleSignIn_GoogleSignIn.build/GoogleSignIn_GoogleSignIn.DependencyMetadataFileList (in target 'GoogleSignIn_GoogleSignIn' from project 'GoogleSignIn')
    cd /Users/xinyufang/Library/Developer/Xcode/DerivedData/Buzz-faillbpsmponqzeruhhvskovixzk/SourcePackages/checkouts/GoogleSignIn-iOS
    write-file /Users/xinyufang/Library/Developer/Xcode/DerivedData/Buzz-faillbpsmponqzeruhhvskovixzk/Build/Intermediates.noindex/GoogleSignIn.build/Debug-iphonesimulator/GoogleSignIn_GoogleSignIn.build/GoogleSignIn_GoogleSignIn.DependencyMetadataFileList

WriteAuxiliaryFile /Users/xinyufang/Library/Developer/Xcode/DerivedData/Buzz-faillbpsmponqzeruhhvskovixzk/Build/Intermediates.noindex/GoogleSignIn.build/Debug-iphonesimulator/GoogleSignInSwift.build/Objects-normal/arm64/GoogleSignInSwift.SwiftFileList (in target 'GoogleSignInSwift' from project 'GoogleSignIn')
    cd /Users/xinyufang/Library/Developer/Xcode/DerivedData/Buzz-faillbpsmponqzeruhhvskovixzk/SourcePackages/checkouts/GoogleSignIn-iOS
    write-file /Users/xinyufang/Library/Developer/Xcode/DerivedData/Buzz-faillbpsmponqzeruhhvskovixzk/Build/Intermediates.noindex/GoogleSignIn.build/Debug-iphonesimulator/GoogleSignInSwift.build/Objects-normal/arm64/GoogleSignInSwift.SwiftFileList

WriteAuxiliaryFile /Users/xinyufang/Library/Developer/Xcode/DerivedData/Buzz-faillbpsmponqzeruhhvskovixzk/Build/Intermediates.noindex/GoogleSignIn.build/Debug-iphonesimulator/GoogleSignInSwift.build/Objects-normal/arm64/GoogleSignInSwift_const_extract_protocols.json (in target 'GoogleSignInSwift' from project 'GoogleSignIn')
    cd /Users/xinyufang/Library/Developer/Xcode/DerivedData/Buzz-faillbpsmponqzeruhhvskovixzk/SourcePackages/checkouts/GoogleSignIn-iOS
    write-file /Users/xinyufang/Library/Developer/Xcode/DerivedData/Buzz-faillbpsmponqzeruhhvskovixzk/Build/Intermediates.noindex/GoogleSignIn.build/Debug-iphonesimulator/GoogleSignInSwift.build/Objects-normal/arm64/GoogleSignInSwift_const_extract_protocols.json

WriteAuxiliaryFile /Users/xinyufang/Library/Developer/Xcode/DerivedData/Buzz-faillbpsmponqzeruhhvskovixzk/Build/Intermediates.noindex/GoogleSignIn.build/Debug-iphonesimulator/GoogleSignInSwift.build/Objects-normal/arm64/GoogleSignInSwift.SwiftConstValuesFileList (in target 'GoogleSignInSwift' from project 'GoogleSignIn')
    cd /Users/xinyufang/Library/Developer/Xcode/DerivedData/Buzz-faillbpsmponqzeruhhvskovixzk/SourcePackages/checkouts/GoogleSignIn-iOS
    write-file /Users/xinyufang/Library/Developer/Xcode/DerivedData/Buzz-faillbpsmponqzeruhhvskovixzk/Build/Intermediates.noindex/GoogleSignIn.build/Debug-iphonesimulator/GoogleSignInSwift.build/Objects-normal/arm64/GoogleSignInSwift.SwiftConstValuesFileList

WriteAuxiliaryFile /Users/xinyufang/Library/Developer/Xcode/DerivedData/Buzz-faillbpsmponqzeruhhvskovixzk/Build/Intermediates.noindex/GoogleSignIn.build/Debug-iphonesimulator/GoogleSignInSwift.build/Objects-normal/arm64/GoogleSignInSwift.LinkFileList (in target 'GoogleSignInSwift' from project 'GoogleSignIn')
    cd /Users/xinyufang/Library/Developer/Xcode/DerivedData/Buzz-faillbpsmponqzeruhhvskovixzk/SourcePackages/checkouts/GoogleSignIn-iOS
    write-file /Users/xinyufang/Library/Developer/Xcode/DerivedData/Buzz-faillbpsmponqzeruhhvskovixzk/Build/Intermediates.noindex/GoogleSignIn.build/Debug-iphonesimulator/GoogleSignInSwift.build/Objects-normal/arm64/GoogleSignInSwift.LinkFileList

WriteAuxiliaryFile /Users/xinyufang/Library/Developer/Xcode/DerivedData/Buzz-faillbpsmponqzeruhhvskovixzk/Build/Intermediates.noindex/GoogleSignIn.build/Debug-iphonesimulator/GoogleSignInSwift.build/Objects-normal/arm64/GoogleSignInSwift-OutputFileMap.json (in target 'GoogleSignInSwift' from project 'GoogleSignIn')
    cd /Users/xinyufang/Library/Developer/Xcode/DerivedData/Buzz-faillbpsmponqzeruhhvskovixzk/SourcePackages/checkouts/GoogleSignIn-iOS
    write-file /Users/xinyufang/Library/Developer/Xcode/DerivedData/Buzz-faillbpsmponqzeruhhvskovixzk/Build/Intermediates.noindex/GoogleSignIn.build/Debug-iphonesimulator/GoogleSignInSwift.build/Objects-normal/arm64/GoogleSignInSwift-OutputFileMap.json

WriteAuxiliaryFile /Users/xinyufang/Library/Developer/Xcode/DerivedData/Buzz-faillbpsmponqzeruhhvskovixzk/Build/Intermediates.noindex/GoogleSignIn.build/Debug-iphonesimulator/GoogleSignInSwift.build/GoogleSignInSwift.modulemap (in target 'GoogleSignInSwift' from project 'GoogleSignIn')
    cd /Users/xinyufang/Library/Developer/Xcode/DerivedData/Buzz-faillbpsmponqzeruhhvskovixzk/SourcePackages/checkouts/GoogleSignIn-iOS
    write-file /Users/xinyufang/Library/Developer/Xcode/DerivedData/Buzz-faillbpsmponqzeruhhvskovixzk/Build/Intermediates.noindex/GoogleSignIn.build/Debug-iphonesimulator/GoogleSignInSwift.build/GoogleSignInSwift.modulemap

WriteAuxiliaryFile /Users/xinyufang/Library/Developer/Xcode/DerivedData/Buzz-faillbpsmponqzeruhhvskovixzk/Build/Intermediates.noindex/GoogleSignIn.build/Debug-iphonesimulator/GoogleSignInSwift.build/GoogleSignInSwift.DependencyStaticMetadataFileList (in target 'GoogleSignInSwift' from project 'GoogleSignIn')
    cd /Users/xinyufang/Library/Developer/Xcode/DerivedData/Buzz-faillbpsmponqzeruhhvskovixzk/SourcePackages/checkouts/GoogleSignIn-iOS
    write-file /Users/xinyufang/Library/Developer/Xcode/DerivedData/Buzz-faillbpsmponqzeruhhvskovixzk/Build/Intermediates.noindex/GoogleSignIn.build/Debug-iphonesimulator/GoogleSignInSwift.build/GoogleSignInSwift.DependencyStaticMetadataFileList

WriteAuxiliaryFile /Users/xinyufang/Library/Developer/Xcode/DerivedData/Buzz-faillbpsmponqzeruhhvskovixzk/Build/Intermediates.noindex/GoogleSignIn.build/Debug-iphonesimulator/GoogleSignInSwift.build/GoogleSignInSwift.DependencyMetadataFileList (in target 'GoogleSignInSwift' from project 'GoogleSignIn')
    cd /Users/xinyufang/Library/Developer/Xcode/DerivedData/Buzz-faillbpsmponqzeruhhvskovixzk/SourcePackages/checkouts/GoogleSignIn-iOS
    write-file /Users/xinyufang/Library/Developer/Xcode/DerivedData/Buzz-faillbpsmponqzeruhhvskovixzk/Build/Intermediates.noindex/GoogleSignIn.build/Debug-iphonesimulator/GoogleSignInSwift.build/GoogleSignInSwift.DependencyMetadataFileList

WriteAuxiliaryFile /Users/xinyufang/Library/Developer/Xcode/DerivedData/Buzz-faillbpsmponqzeruhhvskovixzk/Build/Intermediates.noindex/GoogleSignIn.build/Debug-iphonesimulator/GoogleSignInSwift.build/DerivedSources/resource_bundle_accessor.swift (in target 'GoogleSignInSwift' from project 'GoogleSignIn')
    cd /Users/xinyufang/Library/Developer/Xcode/DerivedData/Buzz-faillbpsmponqzeruhhvskovixzk/SourcePackages/checkouts/GoogleSignIn-iOS
    write-file /Users/xinyufang/Library/Developer/Xcode/DerivedData/Buzz-faillbpsmponqzeruhhvskovixzk/Build/Intermediates.noindex/GoogleSignIn.build/Debug-iphonesimulator/GoogleSignInSwift.build/DerivedSources/resource_bundle_accessor.swift

WriteAuxiliaryFile /Users/xinyufang/Library/Developer/Xcode/DerivedData/Buzz-faillbpsmponqzeruhhvskovixzk/Build/Intermediates.noindex/GoogleSignIn.build/Debug-iphonesimulator/GoogleSignIn.build/Objects-normal/arm64/e6072d4f65d7061329687fe24e3d63a7-common-args.resp (in target 'GoogleSignIn' from project 'GoogleSignIn')
    cd /Users/xinyufang/Library/Developer/Xcode/DerivedData/Buzz-faillbpsmponqzeruhhvskovixzk/SourcePackages/checkouts/GoogleSignIn-iOS
    write-file /Users/xinyufang/Library/Developer/Xcode/DerivedData/Buzz-faillbpsmponqzeruhhvskovixzk/Build/Intermediates.noindex/GoogleSignIn.build/Debug-iphonesimulator/GoogleSignIn.build/Objects-normal/arm64/e6072d4f65d7061329687fe24e3d63a7-common-args.resp
-target arm64-apple-ios12.0-simulator -fobjc-arc -fmodules -gmodules '-fmodules-cache-path=/Users/xinyufang/Library/Developer/Xcode/DerivedData/ModuleCache.noindex' '-fmodule-name=GoogleSignIn' -fpascal-strings -O0 -DSWIFT_PACKAGE '-DDEBUG=1' '-DGID_SDK_VERSION=9.0.0' '-DOBJC_OLD_DISPATCH_PROTOTYPES=1' -isysroot /Applications/Xcode.app/Contents/Developer/Platforms/iPhoneSimulator.platform/Developer/SDKs/iPhoneSimulator26.0.sdk -g '-fobjc-abi-version=2' -fobjc-legacy-dispatch -I/Users/xinyufang/Library/Developer/Xcode/DerivedData/Buzz-faillbpsmponqzeruhhvskovixzk/SourcePackages/checkouts/AppAuth-iOS/Sources/AppAuth -I/Users/xinyufang/Library/Developer/Xcode/DerivedData/Buzz-faillbpsmponqzeruhhvskovixzk/SourcePackages/checkouts/AppAuth-iOS/Sources/AppAuthCore -I/Users/xinyufang/Library/Developer/Xcode/DerivedData/Buzz-faillbpsmponqzeruhhvskovixzk/SourcePackages/checkouts/promises/Sources/FBLPromises/include -I/Users/xinyufang/Library/Developer/Xcode/DerivedData/Buzz-faillbpsmponqzeruhhvskovixzk/SourcePackages/checkouts/GoogleUtilities/GoogleUtilities/Logger/Public -I/Users/xinyufang/Library/Developer/Xcode/DerivedData/Buzz-faillbpsmponqzeruhhvskovixzk/SourcePackages/checkouts/GoogleUtilities/GoogleUtilities/Environment/Public -I/Users/xinyufang/Library/Developer/Xcode/DerivedData/Buzz-faillbpsmponqzeruhhvskovixzk/SourcePackages/checkouts/GoogleUtilities/third_party/IsAppEncrypted/Public -I/Users/xinyufang/Library/Developer/Xcode/DerivedData/Buzz-faillbpsmponqzeruhhvskovixzk/SourcePackages/checkouts/GoogleUtilities/GoogleUtilities/UserDefaults/Public -I/Users/xinyufang/Library/Developer/Xcode/DerivedData/Buzz-faillbpsmponqzeruhhvskovixzk/SourcePackages/checkouts/app-check/AppCheckCore/Sources/Public -I/Users/xinyufang/Library/Developer/Xcode/DerivedData/Buzz-faillbpsmponqzeruhhvskovixzk/SourcePackages/checkouts/gtm-session-fetcher/Sources/Core/Public -I/Users/xinyufang/Library/Developer/Xcode/DerivedData/Buzz-faillbpsmponqzeruhhvskovixzk/Build/Products/Debug-iphonesimulator/include -I/Users/xinyufang/Library/Developer/Xcode/DerivedData/Buzz-faillbpsmponqzeruhhvskovixzk/SourcePackages/checkouts/GoogleSignIn-iOS/GoogleSignIn/Sources/Public -I/Users/xinyufang/Library/Developer/Xcode/DerivedData/Buzz-faillbpsmponqzeruhhvskovixzk/SourcePackages/checkouts/GoogleSignIn-iOS -I/Users/xinyufang/Library/Developer/Xcode/DerivedData/Buzz-faillbpsmponqzeruhhvskovixzk/Build/Intermediates.noindex/GoogleSignIn.build/Debug-iphonesimulator/GoogleSignIn.build/DerivedSources-normal/arm64 -I/Users/xinyufang/Library/Developer/Xcode/DerivedData/Buzz-faillbpsmponqzeruhhvskovixzk/Build/Intermediates.noindex/GoogleSignIn.build/Debug-iphonesimulator/GoogleSignIn.build/DerivedSources/arm64 -I/Users/xinyufang/Library/Developer/Xcode/DerivedData/Buzz-faillbpsmponqzeruhhvskovixzk/Build/Intermediates.noindex/GoogleSignIn.build/Debug-iphonesimulator/GoogleSignIn.build/DerivedSources -F/Users/xinyufang/Library/Developer/Xcode/DerivedData/Buzz-faillbpsmponqzeruhhvskovixzk/Build/Products/Debug-iphonesimulator/PackageFrameworks -F/Users/xinyufang/Library/Developer/Xcode/DerivedData/Buzz-faillbpsmponqzeruhhvskovixzk/Build/Products/Debug-iphonesimulator/PackageFrameworks -F/Users/xinyufang/Library/Developer/Xcode/DerivedData/Buzz-faillbpsmponqzeruhhvskovixzk/Build/Products/Debug-iphonesimulator/PackageFrameworks -F/Users/xinyufang/Library/Developer/Xcode/DerivedData/Buzz-faillbpsmponqzeruhhvskovixzk/Build/Products/Debug-iphonesimulator/PackageFrameworks -F/Users/xinyufang/Library/Developer/Xcode/DerivedData/Buzz-faillbpsmponqzeruhhvskovixzk/Build/Products/Debug-iphonesimulator/PackageFrameworks -F/Users/xinyufang/Library/Developer/Xcode/DerivedData/Buzz-faillbpsmponqzeruhhvskovixzk/Build/Products/Debug-iphonesimulator/PackageFrameworks -F/Users/xinyufang/Library/Developer/Xcode/DerivedData/Buzz-faillbpsmponqzeruhhvskovixzk/Build/Products/Debug-iphonesimulator/PackageFrameworks -F/Users/xinyufang/Library/Developer/Xcode/DerivedData/Buzz-faillbpsmponqzeruhhvskovixzk/Build/Products/Debug-iphonesimulator/PackageFrameworks -F/Users/xinyufang/Library/Developer/Xcode/DerivedData/Buzz-faillbpsmponqzeruhhvskovixzk/Build/Products/Debug-iphonesimulator/PackageFrameworks -F/Users/xinyufang/Library/Developer/Xcode/DerivedData/Buzz-faillbpsmponqzeruhhvskovixzk/Build/Products/Debug-iphonesimulator/PackageFrameworks -F/Users/xinyufang/Library/Developer/Xcode/DerivedData/Buzz-faillbpsmponqzeruhhvskovixzk/Build/Products/Debug-iphonesimulator -iframework /Applications/Xcode.app/Contents/Developer/Platforms/iPhoneSimulator.platform/Developer/Library/Frameworks -iframework /Applications/Xcode.app/Contents/Developer/Platforms/iPhoneSimulator.platform/Developer/SDKs/iPhoneSimulator26.0.sdk/Developer/Library/Frameworks '-fmodule-map-file=/Users/xinyufang/Library/Developer/Xcode/DerivedData/Buzz-faillbpsmponqzeruhhvskovixzk/Build/Intermediates.noindex/GeneratedModuleMaps-iphonesimulator/AppAuth.modulemap' '-fmodule-map-file=/Users/xinyufang/Library/Developer/Xcode/DerivedData/Buzz-faillbpsmponqzeruhhvskovixzk/Build/Intermediates.noindex/GeneratedModuleMaps-iphonesimulator/AppAuthCore.modulemap' '-fmodule-map-file=/Users/xinyufang/Library/Developer/Xcode/DerivedData/Buzz-faillbpsmponqzeruhhvskovixzk/Build/Intermediates.noindex/GeneratedModuleMaps-iphonesimulator/GoogleUtilities-Logger.modulemap' '-fmodule-map-file=/Users/xinyufang/Library/Developer/Xcode/DerivedData/Buzz-faillbpsmponqzeruhhvskovixzk/Build/Intermediates.noindex/GeneratedModuleMaps-iphonesimulator/GoogleUtilities-Environment.modulemap' '-fmodule-map-file=/Users/xinyufang/Library/Developer/Xcode/DerivedData/Buzz-faillbpsmponqzeruhhvskovixzk/Build/Intermediates.noindex/GeneratedModuleMaps-iphonesimulator/third-party-IsAppEncrypted.modulemap' '-fmodule-map-file=/Users/xinyufang/Library/Developer/Xcode/DerivedData/Buzz-faillbpsmponqzeruhhvskovixzk/Build/Intermediates.noindex/GeneratedModuleMaps-iphonesimulator/GoogleUtilities-UserDefaults.modulemap' '-fmodule-map-file=/Users/xinyufang/Library/Developer/Xcode/DerivedData/Buzz-faillbpsmponqzeruhhvskovixzk/Build/Intermediates.noindex/GeneratedModuleMaps-iphonesimulator/AppCheckCore.modulemap' '-fmodule-map-file=/Users/xinyufang/Library/Developer/Xcode/DerivedData/Buzz-faillbpsmponqzeruhhvskovixzk/Build/Intermediates.noindex/GeneratedModuleMaps-iphonesimulator/GTMAppAuth.modulemap' '-fmodule-map-file=/Users/xinyufang/Library/Developer/Xcode/DerivedData/Buzz-faillbpsmponqzeruhhvskovixzk/Build/Intermediates.noindex/GeneratedModuleMaps-iphonesimulator/GTMSessionFetcherCore.modulemap' -DXcode

WriteAuxiliaryFile /Users/xinyufang/Library/Developer/Xcode/DerivedData/Buzz-faillbpsmponqzeruhhvskovixzk/Build/Intermediates.noindex/GoogleSignIn.build/Debug-iphonesimulator/GoogleSignIn.build/Objects-normal/arm64/GoogleSignIn.LinkFileList (in target 'GoogleSignIn' from project 'GoogleSignIn')
    cd /Users/xinyufang/Library/Developer/Xcode/DerivedData/Buzz-faillbpsmponqzeruhhvskovixzk/SourcePackages/checkouts/GoogleSignIn-iOS
    write-file /Users/xinyufang/Library/Developer/Xcode/DerivedData/Buzz-faillbpsmponqzeruhhvskovixzk/Build/Intermediates.noindex/GoogleSignIn.build/Debug-iphonesimulator/GoogleSignIn.build/Objects-normal/arm64/GoogleSignIn.LinkFileList

WriteAuxiliaryFile /Users/xinyufang/Library/Developer/Xcode/DerivedData/Buzz-faillbpsmponqzeruhhvskovixzk/Build/Intermediates.noindex/GoogleSignIn.build/Debug-iphonesimulator/GoogleSignIn.build/GoogleSignIn.modulemap (in target 'GoogleSignIn' from project 'GoogleSignIn')
    cd /Users/xinyufang/Library/Developer/Xcode/DerivedData/Buzz-faillbpsmponqzeruhhvskovixzk/SourcePackages/checkouts/GoogleSignIn-iOS
    write-file /Users/xinyufang/Library/Developer/Xcode/DerivedData/Buzz-faillbpsmponqzeruhhvskovixzk/Build/Intermediates.noindex/GoogleSignIn.build/Debug-iphonesimulator/GoogleSignIn.build/GoogleSignIn.modulemap

WriteAuxiliaryFile /Users/xinyufang/Library/Developer/Xcode/DerivedData/Buzz-faillbpsmponqzeruhhvskovixzk/Build/Intermediates.noindex/GoogleSignIn.build/Debug-iphonesimulator/GoogleSignIn.build/GoogleSignIn.DependencyStaticMetadataFileList (in target 'GoogleSignIn' from project 'GoogleSignIn')
    cd /Users/xinyufang/Library/Developer/Xcode/DerivedData/Buzz-faillbpsmponqzeruhhvskovixzk/SourcePackages/checkouts/GoogleSignIn-iOS
    write-file /Users/xinyufang/Library/Developer/Xcode/DerivedData/Buzz-faillbpsmponqzeruhhvskovixzk/Build/Intermediates.noindex/GoogleSignIn.build/Debug-iphonesimulator/GoogleSignIn.build/GoogleSignIn.DependencyStaticMetadataFileList

WriteAuxiliaryFile /Users/xinyufang/Library/Developer/Xcode/DerivedData/Buzz-faillbpsmponqzeruhhvskovixzk/Build/Intermediates.noindex/GoogleSignIn.build/Debug-iphonesimulator/GoogleSignIn.build/GoogleSignIn.DependencyMetadataFileList (in target 'GoogleSignIn' from project 'GoogleSignIn')
    cd /Users/xinyufang/Library/Developer/Xcode/DerivedData/Buzz-faillbpsmponqzeruhhvskovixzk/SourcePackages/checkouts/GoogleSignIn-iOS
    write-file /Users/xinyufang/Library/Developer/Xcode/DerivedData/Buzz-faillbpsmponqzeruhhvskovixzk/Build/Intermediates.noindex/GoogleSignIn.build/Debug-iphonesimulator/GoogleSignIn.build/GoogleSignIn.DependencyMetadataFileList

WriteAuxiliaryFile /Users/xinyufang/Library/Developer/Xcode/DerivedData/Buzz-faillbpsmponqzeruhhvskovixzk/Build/Intermediates.noindex/GoogleSignIn.build/Debug-iphonesimulator/GoogleSignIn.build/DerivedSources/resource_bundle_accessor.m (in target 'GoogleSignIn' from project 'GoogleSignIn')
    cd /Users/xinyufang/Library/Developer/Xcode/DerivedData/Buzz-faillbpsmponqzeruhhvskovixzk/SourcePackages/checkouts/GoogleSignIn-iOS
    write-file /Users/xinyufang/Library/Developer/Xcode/DerivedData/Buzz-faillbpsmponqzeruhhvskovixzk/Build/Intermediates.noindex/GoogleSignIn.build/Debug-iphonesimulator/GoogleSignIn.build/DerivedSources/resource_bundle_accessor.m

Copy /Users/xinyufang/Library/Developer/Xcode/DerivedData/Buzz-faillbpsmponqzeruhhvskovixzk/Build/Intermediates.noindex/GeneratedModuleMaps-iphonesimulator/GoogleSignInSwift.modulemap /Users/xinyufang/Library/Developer/Xcode/DerivedData/Buzz-faillbpsmponqzeruhhvskovixzk/Build/Intermediates.noindex/GoogleSignIn.build/Debug-iphonesimulator/GoogleSignInSwift.build/GoogleSignInSwift.modulemap (in target 'GoogleSignInSwift' from project 'GoogleSignIn')
    cd /Users/xinyufang/Library/Developer/Xcode/DerivedData/Buzz-faillbpsmponqzeruhhvskovixzk/SourcePackages/checkouts/GoogleSignIn-iOS
    builtin-copy -exclude .DS_Store -exclude CVS -exclude .svn -exclude .git -exclude .hg -resolve-src-symlinks /Users/xinyufang/Library/Developer/Xcode/DerivedData/Buzz-faillbpsmponqzeruhhvskovixzk/Build/Intermediates.noindex/GoogleSignIn.build/Debug-iphonesimulator/GoogleSignInSwift.build/GoogleSignInSwift.modulemap /Users/xinyufang/Library/Developer/Xcode/DerivedData/Buzz-faillbpsmponqzeruhhvskovixzk/Build/Intermediates.noindex/GeneratedModuleMaps-iphonesimulator

WriteAuxiliaryFile /Users/xinyufang/Library/Developer/Xcode/DerivedData/Buzz-faillbpsmponqzeruhhvskovixzk/Build/Intermediates.noindex/GoogleSignIn.build/Debug-iphonesimulator/GoogleSignIn.build/DerivedSources/resource_bundle_accessor.h (in target 'GoogleSignIn' from project 'GoogleSignIn')
    cd /Users/xinyufang/Library/Developer/Xcode/DerivedData/Buzz-faillbpsmponqzeruhhvskovixzk/SourcePackages/checkouts/GoogleSignIn-iOS
    write-file /Users/xinyufang/Library/Developer/Xcode/DerivedData/Buzz-faillbpsmponqzeruhhvskovixzk/Build/Intermediates.noindex/GoogleSignIn.build/Debug-iphonesimulator/GoogleSignIn.build/DerivedSources/resource_bundle_accessor.h

WriteAuxiliaryFile /Users/xinyufang/Library/Developer/Xcode/DerivedData/Buzz-faillbpsmponqzeruhhvskovixzk/Build/Intermediates.noindex/GTMSessionFetcher.build/Debug-iphonesimulator/GTMSessionFetcher_GTMSessionFetcherCore.build/empty-GTMSessionFetcher_GTMSessionFetcherCore.plist (in target 'GTMSessionFetcher_GTMSessionFetcherCore' from project 'GTMSessionFetcher')
    cd /Users/xinyufang/Library/Developer/Xcode/DerivedData/Buzz-faillbpsmponqzeruhhvskovixzk/SourcePackages/checkouts/gtm-session-fetcher
    write-file /Users/xinyufang/Library/Developer/Xcode/DerivedData/Buzz-faillbpsmponqzeruhhvskovixzk/Build/Intermediates.noindex/GTMSessionFetcher.build/Debug-iphonesimulator/GTMSessionFetcher_GTMSessionFetcherCore.build/empty-GTMSessionFetcher_GTMSessionFetcherCore.plist

Copy /Users/xinyufang/Library/Developer/Xcode/DerivedData/Buzz-faillbpsmponqzeruhhvskovixzk/Build/Intermediates.noindex/GeneratedModuleMaps-iphonesimulator/GoogleSignIn.modulemap /Users/xinyufang/Library/Developer/Xcode/DerivedData/Buzz-faillbpsmponqzeruhhvskovixzk/Build/Intermediates.noindex/GoogleSignIn.build/Debug-iphonesimulator/GoogleSignIn.build/GoogleSignIn.modulemap (in target 'GoogleSignIn' from project 'GoogleSignIn')
    cd /Users/xinyufang/Library/Developer/Xcode/DerivedData/Buzz-faillbpsmponqzeruhhvskovixzk/SourcePackages/checkouts/GoogleSignIn-iOS
    builtin-copy -exclude .DS_Store -exclude CVS -exclude .svn -exclude .git -exclude .hg -resolve-src-symlinks /Users/xinyufang/Library/Developer/Xcode/DerivedData/Buzz-faillbpsmponqzeruhhvskovixzk/Build/Intermediates.noindex/GoogleSignIn.build/Debug-iphonesimulator/GoogleSignIn.build/GoogleSignIn.modulemap /Users/xinyufang/Library/Developer/Xcode/DerivedData/Buzz-faillbpsmponqzeruhhvskovixzk/Build/Intermediates.noindex/GeneratedModuleMaps-iphonesimulator

WriteAuxiliaryFile /Users/xinyufang/Library/Developer/Xcode/DerivedData/Buzz-faillbpsmponqzeruhhvskovixzk/Build/Intermediates.noindex/GTMSessionFetcher.build/Debug-iphonesimulator/GTMSessionFetcher_GTMSessionFetcherCore.build/GTMSessionFetcher_GTMSessionFetcherCore.DependencyStaticMetadataFileList (in target 'GTMSessionFetcher_GTMSessionFetcherCore' from project 'GTMSessionFetcher')
    cd /Users/xinyufang/Library/Developer/Xcode/DerivedData/Buzz-faillbpsmponqzeruhhvskovixzk/SourcePackages/checkouts/gtm-session-fetcher
    write-file /Users/xinyufang/Library/Developer/Xcode/DerivedData/Buzz-faillbpsmponqzeruhhvskovixzk/Build/Intermediates.noindex/GTMSessionFetcher.build/Debug-iphonesimulator/GTMSessionFetcher_GTMSessionFetcherCore.build/GTMSessionFetcher_GTMSessionFetcherCore.DependencyStaticMetadataFileList

WriteAuxiliaryFile /Users/xinyufang/Library/Developer/Xcode/DerivedData/Buzz-faillbpsmponqzeruhhvskovixzk/Build/Intermediates.noindex/GTMSessionFetcher.build/Debug-iphonesimulator/GTMSessionFetcher_GTMSessionFetcherCore.build/GTMSessionFetcher_GTMSessionFetcherCore.DependencyMetadataFileList (in target 'GTMSessionFetcher_GTMSessionFetcherCore' from project 'GTMSessionFetcher')
    cd /Users/xinyufang/Library/Developer/Xcode/DerivedData/Buzz-faillbpsmponqzeruhhvskovixzk/SourcePackages/checkouts/gtm-session-fetcher
    write-file /Users/xinyufang/Library/Developer/Xcode/DerivedData/Buzz-faillbpsmponqzeruhhvskovixzk/Build/Intermediates.noindex/GTMSessionFetcher.build/Debug-iphonesimulator/GTMSessionFetcher_GTMSessionFetcherCore.build/GTMSessionFetcher_GTMSessionFetcherCore.DependencyMetadataFileList

WriteAuxiliaryFile /Users/xinyufang/Library/Developer/Xcode/DerivedData/Buzz-faillbpsmponqzeruhhvskovixzk/Build/Intermediates.noindex/GTMSessionFetcher.build/Debug-iphonesimulator/GTMSessionFetcherCore.build/Objects-normal/arm64/e6072d4f65d7061329687fe24e3d63a7-common-args.resp (in target 'GTMSessionFetcherCore' from project 'GTMSessionFetcher')
    cd /Users/xinyufang/Library/Developer/Xcode/DerivedData/Buzz-faillbpsmponqzeruhhvskovixzk/SourcePackages/checkouts/gtm-session-fetcher
    write-file /Users/xinyufang/Library/Developer/Xcode/DerivedData/Buzz-faillbpsmponqzeruhhvskovixzk/Build/Intermediates.noindex/GTMSessionFetcher.build/Debug-iphonesimulator/GTMSessionFetcherCore.build/Objects-normal/arm64/e6072d4f65d7061329687fe24e3d63a7-common-args.resp
-target arm64-apple-ios12.0-simulator -fobjc-arc -fmodules -gmodules '-fmodules-cache-path=/Users/xinyufang/Library/Developer/Xcode/DerivedData/ModuleCache.noindex' '-fmodule-name=GTMSessionFetcherCore' -fpascal-strings -O0 -DSWIFT_PACKAGE '-DDEBUG=1' '-DOBJC_OLD_DISPATCH_PROTOTYPES=1' -isysroot /Applications/Xcode.app/Contents/Developer/Platforms/iPhoneSimulator.platform/Developer/SDKs/iPhoneSimulator26.0.sdk -g '-fobjc-abi-version=2' -fobjc-legacy-dispatch -I/Users/xinyufang/Library/Developer/Xcode/DerivedData/Buzz-faillbpsmponqzeruhhvskovixzk/Build/Products/Debug-iphonesimulator/include -I/Users/xinyufang/Library/Developer/Xcode/DerivedData/Buzz-faillbpsmponqzeruhhvskovixzk/SourcePackages/checkouts/gtm-session-fetcher/Sources/Core/Public -I/Users/xinyufang/Library/Developer/Xcode/DerivedData/Buzz-faillbpsmponqzeruhhvskovixzk/Build/Intermediates.noindex/GTMSessionFetcher.build/Debug-iphonesimulator/GTMSessionFetcherCore.build/DerivedSources-normal/arm64 -I/Users/xinyufang/Library/Developer/Xcode/DerivedData/Buzz-faillbpsmponqzeruhhvskovixzk/Build/Intermediates.noindex/GTMSessionFetcher.build/Debug-iphonesimulator/GTMSessionFetcherCore.build/DerivedSources/arm64 -I/Users/xinyufang/Library/Developer/Xcode/DerivedData/Buzz-faillbpsmponqzeruhhvskovixzk/Build/Intermediates.noindex/GTMSessionFetcher.build/Debug-iphonesimulator/GTMSessionFetcherCore.build/DerivedSources -F/Users/xinyufang/Library/Developer/Xcode/DerivedData/Buzz-faillbpsmponqzeruhhvskovixzk/Build/Products/Debug-iphonesimulator -iframework /Applications/Xcode.app/Contents/Developer/Platforms/iPhoneSimulator.platform/Developer/Library/Frameworks -iframework /Applications/Xcode.app/Contents/Developer/Platforms/iPhoneSimulator.platform/Developer/SDKs/iPhoneSimulator26.0.sdk/Developer/Library/Frameworks -DXcode

WriteAuxiliaryFile /Users/xinyufang/Library/Developer/Xcode/DerivedData/Buzz-faillbpsmponqzeruhhvskovixzk/Build/Intermediates.noindex/GTMSessionFetcher.build/Debug-iphonesimulator/GTMSessionFetcherCore.build/Objects-normal/arm64/GTMSessionFetcherCore.LinkFileList (in target 'GTMSessionFetcherCore' from project 'GTMSessionFetcher')
    cd /Users/xinyufang/Library/Developer/Xcode/DerivedData/Buzz-faillbpsmponqzeruhhvskovixzk/SourcePackages/checkouts/gtm-session-fetcher
    write-file /Users/xinyufang/Library/Developer/Xcode/DerivedData/Buzz-faillbpsmponqzeruhhvskovixzk/Build/Intermediates.noindex/GTMSessionFetcher.build/Debug-iphonesimulator/GTMSessionFetcherCore.build/Objects-normal/arm64/GTMSessionFetcherCore.LinkFileList

WriteAuxiliaryFile /Users/xinyufang/Library/Developer/Xcode/DerivedData/Buzz-faillbpsmponqzeruhhvskovixzk/Build/Intermediates.noindex/GTMSessionFetcher.build/Debug-iphonesimulator/GTMSessionFetcherCore.build/GTMSessionFetcherCore.modulemap (in target 'GTMSessionFetcherCore' from project 'GTMSessionFetcher')
    cd /Users/xinyufang/Library/Developer/Xcode/DerivedData/Buzz-faillbpsmponqzeruhhvskovixzk/SourcePackages/checkouts/gtm-session-fetcher
    write-file /Users/xinyufang/Library/Developer/Xcode/DerivedData/Buzz-faillbpsmponqzeruhhvskovixzk/Build/Intermediates.noindex/GTMSessionFetcher.build/Debug-iphonesimulator/GTMSessionFetcherCore.build/GTMSessionFetcherCore.modulemap

WriteAuxiliaryFile /Users/xinyufang/Library/Developer/Xcode/DerivedData/Buzz-faillbpsmponqzeruhhvskovixzk/Build/Intermediates.noindex/GTMSessionFetcher.build/Debug-iphonesimulator/GTMSessionFetcherCore.build/GTMSessionFetcherCore.DependencyStaticMetadataFileList (in target 'GTMSessionFetcherCore' from project 'GTMSessionFetcher')
    cd /Users/xinyufang/Library/Developer/Xcode/DerivedData/Buzz-faillbpsmponqzeruhhvskovixzk/SourcePackages/checkouts/gtm-session-fetcher
    write-file /Users/xinyufang/Library/Developer/Xcode/DerivedData/Buzz-faillbpsmponqzeruhhvskovixzk/Build/Intermediates.noindex/GTMSessionFetcher.build/Debug-iphonesimulator/GTMSessionFetcherCore.build/GTMSessionFetcherCore.DependencyStaticMetadataFileList

WriteAuxiliaryFile /Users/xinyufang/Library/Developer/Xcode/DerivedData/Buzz-faillbpsmponqzeruhhvskovixzk/Build/Intermediates.noindex/GTMSessionFetcher.build/Debug-iphonesimulator/GTMSessionFetcherCore.build/GTMSessionFetcherCore.DependencyMetadataFileList (in target 'GTMSessionFetcherCore' from project 'GTMSessionFetcher')
    cd /Users/xinyufang/Library/Developer/Xcode/DerivedData/Buzz-faillbpsmponqzeruhhvskovixzk/SourcePackages/checkouts/gtm-session-fetcher
    write-file /Users/xinyufang/Library/Developer/Xcode/DerivedData/Buzz-faillbpsmponqzeruhhvskovixzk/Build/Intermediates.noindex/GTMSessionFetcher.build/Debug-iphonesimulator/GTMSessionFetcherCore.build/GTMSessionFetcherCore.DependencyMetadataFileList

WriteAuxiliaryFile /Users/xinyufang/Library/Developer/Xcode/DerivedData/Buzz-faillbpsmponqzeruhhvskovixzk/Build/Intermediates.noindex/GTMSessionFetcher.build/Debug-iphonesimulator/GTMSessionFetcherCore.build/DerivedSources/resource_bundle_accessor.m (in target 'GTMSessionFetcherCore' from project 'GTMSessionFetcher')
    cd /Users/xinyufang/Library/Developer/Xcode/DerivedData/Buzz-faillbpsmponqzeruhhvskovixzk/SourcePackages/checkouts/gtm-session-fetcher
    write-file /Users/xinyufang/Library/Developer/Xcode/DerivedData/Buzz-faillbpsmponqzeruhhvskovixzk/Build/Intermediates.noindex/GTMSessionFetcher.build/Debug-iphonesimulator/GTMSessionFetcherCore.build/DerivedSources/resource_bundle_accessor.m

WriteAuxiliaryFile /Users/xinyufang/Library/Developer/Xcode/DerivedData/Buzz-faillbpsmponqzeruhhvskovixzk/Build/Intermediates.noindex/GTMSessionFetcher.build/Debug-iphonesimulator/GTMSessionFetcherCore.build/DerivedSources/resource_bundle_accessor.h (in target 'GTMSessionFetcherCore' from project 'GTMSessionFetcher')
    cd /Users/xinyufang/Library/Developer/Xcode/DerivedData/Buzz-faillbpsmponqzeruhhvskovixzk/SourcePackages/checkouts/gtm-session-fetcher
    write-file /Users/xinyufang/Library/Developer/Xcode/DerivedData/Buzz-faillbpsmponqzeruhhvskovixzk/Build/Intermediates.noindex/GTMSessionFetcher.build/Debug-iphonesimulator/GTMSessionFetcherCore.build/DerivedSources/resource_bundle_accessor.h

WriteAuxiliaryFile /Users/xinyufang/Library/Developer/Xcode/DerivedData/Buzz-faillbpsmponqzeruhhvskovixzk/Build/Intermediates.noindex/GTMAppAuth.build/Debug-iphonesimulator/GTMAppAuth_GTMAppAuth.build/empty-GTMAppAuth_GTMAppAuth.plist (in target 'GTMAppAuth_GTMAppAuth' from project 'GTMAppAuth')
    cd /Users/xinyufang/Library/Developer/Xcode/DerivedData/Buzz-faillbpsmponqzeruhhvskovixzk/SourcePackages/checkouts/GTMAppAuth
    write-file /Users/xinyufang/Library/Developer/Xcode/DerivedData/Buzz-faillbpsmponqzeruhhvskovixzk/Build/Intermediates.noindex/GTMAppAuth.build/Debug-iphonesimulator/GTMAppAuth_GTMAppAuth.build/empty-GTMAppAuth_GTMAppAuth.plist

WriteAuxiliaryFile /Users/xinyufang/Library/Developer/Xcode/DerivedData/Buzz-faillbpsmponqzeruhhvskovixzk/Build/Intermediates.noindex/GTMAppAuth.build/Debug-iphonesimulator/GTMAppAuth_GTMAppAuth.build/GTMAppAuth_GTMAppAuth.DependencyStaticMetadataFileList (in target 'GTMAppAuth_GTMAppAuth' from project 'GTMAppAuth')
    cd /Users/xinyufang/Library/Developer/Xcode/DerivedData/Buzz-faillbpsmponqzeruhhvskovixzk/SourcePackages/checkouts/GTMAppAuth
    write-file /Users/xinyufang/Library/Developer/Xcode/DerivedData/Buzz-faillbpsmponqzeruhhvskovixzk/Build/Intermediates.noindex/GTMAppAuth.build/Debug-iphonesimulator/GTMAppAuth_GTMAppAuth.build/GTMAppAuth_GTMAppAuth.DependencyStaticMetadataFileList

WriteAuxiliaryFile /Users/xinyufang/Library/Developer/Xcode/DerivedData/Buzz-faillbpsmponqzeruhhvskovixzk/Build/Intermediates.noindex/GTMAppAuth.build/Debug-iphonesimulator/GTMAppAuth_GTMAppAuth.build/GTMAppAuth_GTMAppAuth.DependencyMetadataFileList (in target 'GTMAppAuth_GTMAppAuth' from project 'GTMAppAuth')
    cd /Users/xinyufang/Library/Developer/Xcode/DerivedData/Buzz-faillbpsmponqzeruhhvskovixzk/SourcePackages/checkouts/GTMAppAuth
    write-file /Users/xinyufang/Library/Developer/Xcode/DerivedData/Buzz-faillbpsmponqzeruhhvskovixzk/Build/Intermediates.noindex/GTMAppAuth.build/Debug-iphonesimulator/GTMAppAuth_GTMAppAuth.build/GTMAppAuth_GTMAppAuth.DependencyMetadataFileList

Copy /Users/xinyufang/Library/Developer/Xcode/DerivedData/Buzz-faillbpsmponqzeruhhvskovixzk/Build/Intermediates.noindex/GeneratedModuleMaps-iphonesimulator/GTMSessionFetcherCore.modulemap /Users/xinyufang/Library/Developer/Xcode/DerivedData/Buzz-faillbpsmponqzeruhhvskovixzk/Build/Intermediates.noindex/GTMSessionFetcher.build/Debug-iphonesimulator/GTMSessionFetcherCore.build/GTMSessionFetcherCore.modulemap (in target 'GTMSessionFetcherCore' from project 'GTMSessionFetcher')
    cd /Users/xinyufang/Library/Developer/Xcode/DerivedData/Buzz-faillbpsmponqzeruhhvskovixzk/SourcePackages/checkouts/gtm-session-fetcher
    builtin-copy -exclude .DS_Store -exclude CVS -exclude .svn -exclude .git -exclude .hg -resolve-src-symlinks /Users/xinyufang/Library/Developer/Xcode/DerivedData/Buzz-faillbpsmponqzeruhhvskovixzk/Build/Intermediates.noindex/GTMSessionFetcher.build/Debug-iphonesimulator/GTMSessionFetcherCore.build/GTMSessionFetcherCore.modulemap /Users/xinyufang/Library/Developer/Xcode/DerivedData/Buzz-faillbpsmponqzeruhhvskovixzk/Build/Intermediates.noindex/GeneratedModuleMaps-iphonesimulator

WriteAuxiliaryFile /Users/xinyufang/Library/Developer/Xcode/DerivedData/Buzz-faillbpsmponqzeruhhvskovixzk/Build/Intermediates.noindex/GTMAppAuth.build/Debug-iphonesimulator/GTMAppAuth.build/Objects-normal/arm64/GTMAppAuth.SwiftFileList (in target 'GTMAppAuth' from project 'GTMAppAuth')
    cd /Users/xinyufang/Library/Developer/Xcode/DerivedData/Buzz-faillbpsmponqzeruhhvskovixzk/SourcePackages/checkouts/GTMAppAuth
    write-file /Users/xinyufang/Library/Developer/Xcode/DerivedData/Buzz-faillbpsmponqzeruhhvskovixzk/Build/Intermediates.noindex/GTMAppAuth.build/Debug-iphonesimulator/GTMAppAuth.build/Objects-normal/arm64/GTMAppAuth.SwiftFileList

WriteAuxiliaryFile /Users/xinyufang/Library/Developer/Xcode/DerivedData/Buzz-faillbpsmponqzeruhhvskovixzk/Build/Intermediates.noindex/GTMAppAuth.build/Debug-iphonesimulator/GTMAppAuth.build/Objects-normal/arm64/GTMAppAuth_const_extract_protocols.json (in target 'GTMAppAuth' from project 'GTMAppAuth')
    cd /Users/xinyufang/Library/Developer/Xcode/DerivedData/Buzz-faillbpsmponqzeruhhvskovixzk/SourcePackages/checkouts/GTMAppAuth
    write-file /Users/xinyufang/Library/Developer/Xcode/DerivedData/Buzz-faillbpsmponqzeruhhvskovixzk/Build/Intermediates.noindex/GTMAppAuth.build/Debug-iphonesimulator/GTMAppAuth.build/Objects-normal/arm64/GTMAppAuth_const_extract_protocols.json

WriteAuxiliaryFile /Users/xinyufang/Library/Developer/Xcode/DerivedData/Buzz-faillbpsmponqzeruhhvskovixzk/Build/Intermediates.noindex/GTMAppAuth.build/Debug-iphonesimulator/GTMAppAuth.build/Objects-normal/arm64/GTMAppAuth.SwiftConstValuesFileList (in target 'GTMAppAuth' from project 'GTMAppAuth')
    cd /Users/xinyufang/Library/Developer/Xcode/DerivedData/Buzz-faillbpsmponqzeruhhvskovixzk/SourcePackages/checkouts/GTMAppAuth
    write-file /Users/xinyufang/Library/Developer/Xcode/DerivedData/Buzz-faillbpsmponqzeruhhvskovixzk/Build/Intermediates.noindex/GTMAppAuth.build/Debug-iphonesimulator/GTMAppAuth.build/Objects-normal/arm64/GTMAppAuth.SwiftConstValuesFileList

WriteAuxiliaryFile /Users/xinyufang/Library/Developer/Xcode/DerivedData/Buzz-faillbpsmponqzeruhhvskovixzk/Build/Intermediates.noindex/GTMAppAuth.build/Debug-iphonesimulator/GTMAppAuth.build/Objects-normal/arm64/GTMAppAuth.LinkFileList (in target 'GTMAppAuth' from project 'GTMAppAuth')
    cd /Users/xinyufang/Library/Developer/Xcode/DerivedData/Buzz-faillbpsmponqzeruhhvskovixzk/SourcePackages/checkouts/GTMAppAuth
    write-file /Users/xinyufang/Library/Developer/Xcode/DerivedData/Buzz-faillbpsmponqzeruhhvskovixzk/Build/Intermediates.noindex/GTMAppAuth.build/Debug-iphonesimulator/GTMAppAuth.build/Objects-normal/arm64/GTMAppAuth.LinkFileList

WriteAuxiliaryFile /Users/xinyufang/Library/Developer/Xcode/DerivedData/Buzz-faillbpsmponqzeruhhvskovixzk/Build/Intermediates.noindex/GTMAppAuth.build/Debug-iphonesimulator/GTMAppAuth.build/Objects-normal/arm64/GTMAppAuth-OutputFileMap.json (in target 'GTMAppAuth' from project 'GTMAppAuth')
    cd /Users/xinyufang/Library/Developer/Xcode/DerivedData/Buzz-faillbpsmponqzeruhhvskovixzk/SourcePackages/checkouts/GTMAppAuth
    write-file /Users/xinyufang/Library/Developer/Xcode/DerivedData/Buzz-faillbpsmponqzeruhhvskovixzk/Build/Intermediates.noindex/GTMAppAuth.build/Debug-iphonesimulator/GTMAppAuth.build/Objects-normal/arm64/GTMAppAuth-OutputFileMap.json

WriteAuxiliaryFile /Users/xinyufang/Library/Developer/Xcode/DerivedData/Buzz-faillbpsmponqzeruhhvskovixzk/Build/Intermediates.noindex/GTMAppAuth.build/Debug-iphonesimulator/GTMAppAuth.build/GTMAppAuth.modulemap (in target 'GTMAppAuth' from project 'GTMAppAuth')
    cd /Users/xinyufang/Library/Developer/Xcode/DerivedData/Buzz-faillbpsmponqzeruhhvskovixzk/SourcePackages/checkouts/GTMAppAuth
    write-file /Users/xinyufang/Library/Developer/Xcode/DerivedData/Buzz-faillbpsmponqzeruhhvskovixzk/Build/Intermediates.noindex/GTMAppAuth.build/Debug-iphonesimulator/GTMAppAuth.build/GTMAppAuth.modulemap

WriteAuxiliaryFile /Users/xinyufang/Library/Developer/Xcode/DerivedData/Buzz-faillbpsmponqzeruhhvskovixzk/Build/Intermediates.noindex/GTMAppAuth.build/Debug-iphonesimulator/GTMAppAuth.build/GTMAppAuth.DependencyStaticMetadataFileList (in target 'GTMAppAuth' from project 'GTMAppAuth')
    cd /Users/xinyufang/Library/Developer/Xcode/DerivedData/Buzz-faillbpsmponqzeruhhvskovixzk/SourcePackages/checkouts/GTMAppAuth
    write-file /Users/xinyufang/Library/Developer/Xcode/DerivedData/Buzz-faillbpsmponqzeruhhvskovixzk/Build/Intermediates.noindex/GTMAppAuth.build/Debug-iphonesimulator/GTMAppAuth.build/GTMAppAuth.DependencyStaticMetadataFileList

WriteAuxiliaryFile /Users/xinyufang/Library/Developer/Xcode/DerivedData/Buzz-faillbpsmponqzeruhhvskovixzk/Build/Intermediates.noindex/GTMAppAuth.build/Debug-iphonesimulator/GTMAppAuth.build/GTMAppAuth.DependencyMetadataFileList (in target 'GTMAppAuth' from project 'GTMAppAuth')
    cd /Users/xinyufang/Library/Developer/Xcode/DerivedData/Buzz-faillbpsmponqzeruhhvskovixzk/SourcePackages/checkouts/GTMAppAuth
    write-file /Users/xinyufang/Library/Developer/Xcode/DerivedData/Buzz-faillbpsmponqzeruhhvskovixzk/Build/Intermediates.noindex/GTMAppAuth.build/Debug-iphonesimulator/GTMAppAuth.build/GTMAppAuth.DependencyMetadataFileList

WriteAuxiliaryFile /Users/xinyufang/Library/Developer/Xcode/DerivedData/Buzz-faillbpsmponqzeruhhvskovixzk/Build/Intermediates.noindex/GTMAppAuth.build/Debug-iphonesimulator/GTMAppAuth.build/DerivedSources/resource_bundle_accessor.swift (in target 'GTMAppAuth' from project 'GTMAppAuth')
    cd /Users/xinyufang/Library/Developer/Xcode/DerivedData/Buzz-faillbpsmponqzeruhhvskovixzk/SourcePackages/checkouts/GTMAppAuth
    write-file /Users/xinyufang/Library/Developer/Xcode/DerivedData/Buzz-faillbpsmponqzeruhhvskovixzk/Build/Intermediates.noindex/GTMAppAuth.build/Debug-iphonesimulator/GTMAppAuth.build/DerivedSources/resource_bundle_accessor.swift

WriteAuxiliaryFile /Users/xinyufang/Library/Developer/Xcode/DerivedData/Buzz-faillbpsmponqzeruhhvskovixzk/Build/Intermediates.noindex/Supabase.build/Debug-iphonesimulator/Functions.build/Objects-normal/arm64/Functions.SwiftFileList (in target 'Functions' from project 'Supabase')
    cd /Users/xinyufang/Library/Developer/Xcode/DerivedData/Buzz-faillbpsmponqzeruhhvskovixzk/SourcePackages/checkouts/supabase-swift
    write-file /Users/xinyufang/Library/Developer/Xcode/DerivedData/Buzz-faillbpsmponqzeruhhvskovixzk/Build/Intermediates.noindex/Supabase.build/Debug-iphonesimulator/Functions.build/Objects-normal/arm64/Functions.SwiftFileList

WriteAuxiliaryFile /Users/xinyufang/Library/Developer/Xcode/DerivedData/Buzz-faillbpsmponqzeruhhvskovixzk/Build/Intermediates.noindex/Supabase.build/Debug-iphonesimulator/Functions.build/Objects-normal/arm64/Functions_const_extract_protocols.json (in target 'Functions' from project 'Supabase')
    cd /Users/xinyufang/Library/Developer/Xcode/DerivedData/Buzz-faillbpsmponqzeruhhvskovixzk/SourcePackages/checkouts/supabase-swift
    write-file /Users/xinyufang/Library/Developer/Xcode/DerivedData/Buzz-faillbpsmponqzeruhhvskovixzk/Build/Intermediates.noindex/Supabase.build/Debug-iphonesimulator/Functions.build/Objects-normal/arm64/Functions_const_extract_protocols.json

WriteAuxiliaryFile /Users/xinyufang/Library/Developer/Xcode/DerivedData/Buzz-faillbpsmponqzeruhhvskovixzk/Build/Intermediates.noindex/Supabase.build/Debug-iphonesimulator/Functions.build/Objects-normal/arm64/Functions.SwiftConstValuesFileList (in target 'Functions' from project 'Supabase')
    cd /Users/xinyufang/Library/Developer/Xcode/DerivedData/Buzz-faillbpsmponqzeruhhvskovixzk/SourcePackages/checkouts/supabase-swift
    write-file /Users/xinyufang/Library/Developer/Xcode/DerivedData/Buzz-faillbpsmponqzeruhhvskovixzk/Build/Intermediates.noindex/Supabase.build/Debug-iphonesimulator/Functions.build/Objects-normal/arm64/Functions.SwiftConstValuesFileList

WriteAuxiliaryFile /Users/xinyufang/Library/Developer/Xcode/DerivedData/Buzz-faillbpsmponqzeruhhvskovixzk/Build/Intermediates.noindex/Supabase.build/Debug-iphonesimulator/Functions.build/Objects-normal/arm64/Functions.LinkFileList (in target 'Functions' from project 'Supabase')
    cd /Users/xinyufang/Library/Developer/Xcode/DerivedData/Buzz-faillbpsmponqzeruhhvskovixzk/SourcePackages/checkouts/supabase-swift
    write-file /Users/xinyufang/Library/Developer/Xcode/DerivedData/Buzz-faillbpsmponqzeruhhvskovixzk/Build/Intermediates.noindex/Supabase.build/Debug-iphonesimulator/Functions.build/Objects-normal/arm64/Functions.LinkFileList

Copy /Users/xinyufang/Library/Developer/Xcode/DerivedData/Buzz-faillbpsmponqzeruhhvskovixzk/Build/Intermediates.noindex/GeneratedModuleMaps-iphonesimulator/GTMAppAuth.modulemap /Users/xinyufang/Library/Developer/Xcode/DerivedData/Buzz-faillbpsmponqzeruhhvskovixzk/Build/Intermediates.noindex/GTMAppAuth.build/Debug-iphonesimulator/GTMAppAuth.build/GTMAppAuth.modulemap (in target 'GTMAppAuth' from project 'GTMAppAuth')
    cd /Users/xinyufang/Library/Developer/Xcode/DerivedData/Buzz-faillbpsmponqzeruhhvskovixzk/SourcePackages/checkouts/GTMAppAuth
    builtin-copy -exclude .DS_Store -exclude CVS -exclude .svn -exclude .git -exclude .hg -resolve-src-symlinks /Users/xinyufang/Library/Developer/Xcode/DerivedData/Buzz-faillbpsmponqzeruhhvskovixzk/Build/Intermediates.noindex/GTMAppAuth.build/Debug-iphonesimulator/GTMAppAuth.build/GTMAppAuth.modulemap /Users/xinyufang/Library/Developer/Xcode/DerivedData/Buzz-faillbpsmponqzeruhhvskovixzk/Build/Intermediates.noindex/GeneratedModuleMaps-iphonesimulator

WriteAuxiliaryFile /Users/xinyufang/Library/Developer/Xcode/DerivedData/Buzz-faillbpsmponqzeruhhvskovixzk/Build/Intermediates.noindex/Supabase.build/Debug-iphonesimulator/Functions.build/Objects-normal/arm64/Functions-OutputFileMap.json (in target 'Functions' from project 'Supabase')
    cd /Users/xinyufang/Library/Developer/Xcode/DerivedData/Buzz-faillbpsmponqzeruhhvskovixzk/SourcePackages/checkouts/supabase-swift
    write-file /Users/xinyufang/Library/Developer/Xcode/DerivedData/Buzz-faillbpsmponqzeruhhvskovixzk/Build/Intermediates.noindex/Supabase.build/Debug-iphonesimulator/Functions.build/Objects-normal/arm64/Functions-OutputFileMap.json

WriteAuxiliaryFile /Users/xinyufang/Library/Developer/Xcode/DerivedData/Buzz-faillbpsmponqzeruhhvskovixzk/Build/Intermediates.noindex/Supabase.build/Debug-iphonesimulator/Functions.build/Functions.modulemap (in target 'Functions' from project 'Supabase')
    cd /Users/xinyufang/Library/Developer/Xcode/DerivedData/Buzz-faillbpsmponqzeruhhvskovixzk/SourcePackages/checkouts/supabase-swift
    write-file /Users/xinyufang/Library/Developer/Xcode/DerivedData/Buzz-faillbpsmponqzeruhhvskovixzk/Build/Intermediates.noindex/Supabase.build/Debug-iphonesimulator/Functions.build/Functions.modulemap

WriteAuxiliaryFile /Users/xinyufang/Library/Developer/Xcode/DerivedData/Buzz-faillbpsmponqzeruhhvskovixzk/Build/Intermediates.noindex/Supabase.build/Debug-iphonesimulator/Functions.build/Functions.DependencyStaticMetadataFileList (in target 'Functions' from project 'Supabase')
    cd /Users/xinyufang/Library/Developer/Xcode/DerivedData/Buzz-faillbpsmponqzeruhhvskovixzk/SourcePackages/checkouts/supabase-swift
    write-file /Users/xinyufang/Library/Developer/Xcode/DerivedData/Buzz-faillbpsmponqzeruhhvskovixzk/Build/Intermediates.noindex/Supabase.build/Debug-iphonesimulator/Functions.build/Functions.DependencyStaticMetadataFileList

WriteAuxiliaryFile /Users/xinyufang/Library/Developer/Xcode/DerivedData/Buzz-faillbpsmponqzeruhhvskovixzk/Build/Intermediates.noindex/Supabase.build/Debug-iphonesimulator/Functions.build/Functions.DependencyMetadataFileList (in target 'Functions' from project 'Supabase')
    cd /Users/xinyufang/Library/Developer/Xcode/DerivedData/Buzz-faillbpsmponqzeruhhvskovixzk/SourcePackages/checkouts/supabase-swift
    write-file /Users/xinyufang/Library/Developer/Xcode/DerivedData/Buzz-faillbpsmponqzeruhhvskovixzk/Build/Intermediates.noindex/Supabase.build/Debug-iphonesimulator/Functions.build/Functions.DependencyMetadataFileList

WriteAuxiliaryFile /Users/xinyufang/Library/Developer/Xcode/DerivedData/Buzz-faillbpsmponqzeruhhvskovixzk/Build/Intermediates.noindex/Promises.build/Debug-iphonesimulator/FBLPromises.build/Objects-normal/arm64/e6072d4f65d7061329687fe24e3d63a7-common-args.resp (in target 'FBLPromises' from project 'Promises')
    cd /Users/xinyufang/Library/Developer/Xcode/DerivedData/Buzz-faillbpsmponqzeruhhvskovixzk/SourcePackages/checkouts/promises
    write-file /Users/xinyufang/Library/Developer/Xcode/DerivedData/Buzz-faillbpsmponqzeruhhvskovixzk/Build/Intermediates.noindex/Promises.build/Debug-iphonesimulator/FBLPromises.build/Objects-normal/arm64/e6072d4f65d7061329687fe24e3d63a7-common-args.resp
-target arm64-apple-ios12.0-simulator -fobjc-arc -fmodules -gmodules '-fmodules-cache-path=/Users/xinyufang/Library/Developer/Xcode/DerivedData/ModuleCache.noindex' '-fmodule-name=FBLPromises' -fpascal-strings -O0 -DSWIFT_PACKAGE '-DDEBUG=1' '-DOBJC_OLD_DISPATCH_PROTOTYPES=1' -isysroot /Applications/Xcode.app/Contents/Developer/Platforms/iPhoneSimulator.platform/Developer/SDKs/iPhoneSimulator26.0.sdk -g '-fobjc-abi-version=2' -fobjc-legacy-dispatch -I/Users/xinyufang/Library/Developer/Xcode/DerivedData/Buzz-faillbpsmponqzeruhhvskovixzk/Build/Products/Debug-iphonesimulator/include -I/Users/xinyufang/Library/Developer/Xcode/DerivedData/Buzz-faillbpsmponqzeruhhvskovixzk/SourcePackages/checkouts/promises/Sources/FBLPromises/include -I/Users/xinyufang/Library/Developer/Xcode/DerivedData/Buzz-faillbpsmponqzeruhhvskovixzk/Build/Intermediates.noindex/Promises.build/Debug-iphonesimulator/FBLPromises.build/DerivedSources-normal/arm64 -I/Users/xinyufang/Library/Developer/Xcode/DerivedData/Buzz-faillbpsmponqzeruhhvskovixzk/Build/Intermediates.noindex/Promises.build/Debug-iphonesimulator/FBLPromises.build/DerivedSources/arm64 -I/Users/xinyufang/Library/Developer/Xcode/DerivedData/Buzz-faillbpsmponqzeruhhvskovixzk/Build/Intermediates.noindex/Promises.build/Debug-iphonesimulator/FBLPromises.build/DerivedSources -F/Users/xinyufang/Library/Developer/Xcode/DerivedData/Buzz-faillbpsmponqzeruhhvskovixzk/Build/Products/Debug-iphonesimulator -iframework /Applications/Xcode.app/Contents/Developer/Platforms/iPhoneSimulator.platform/Developer/Library/Frameworks -iframework /Applications/Xcode.app/Contents/Developer/Platforms/iPhoneSimulator.platform/Developer/SDKs/iPhoneSimulator26.0.sdk/Developer/Library/Frameworks -DXcode

WriteAuxiliaryFile /Users/xinyufang/Library/Developer/Xcode/DerivedData/Buzz-faillbpsmponqzeruhhvskovixzk/Build/Intermediates.noindex/Promises.build/Debug-iphonesimulator/FBLPromises.build/Objects-normal/arm64/FBLPromises.LinkFileList (in target 'FBLPromises' from project 'Promises')
    cd /Users/xinyufang/Library/Developer/Xcode/DerivedData/Buzz-faillbpsmponqzeruhhvskovixzk/SourcePackages/checkouts/promises
    write-file /Users/xinyufang/Library/Developer/Xcode/DerivedData/Buzz-faillbpsmponqzeruhhvskovixzk/Build/Intermediates.noindex/Promises.build/Debug-iphonesimulator/FBLPromises.build/Objects-normal/arm64/FBLPromises.LinkFileList

WriteAuxiliaryFile /Users/xinyufang/Library/Developer/Xcode/DerivedData/Buzz-faillbpsmponqzeruhhvskovixzk/Build/Intermediates.noindex/Promises.build/Debug-iphonesimulator/FBLPromises.build/FBLPromises.DependencyStaticMetadataFileList (in target 'FBLPromises' from project 'Promises')
    cd /Users/xinyufang/Library/Developer/Xcode/DerivedData/Buzz-faillbpsmponqzeruhhvskovixzk/SourcePackages/checkouts/promises
    write-file /Users/xinyufang/Library/Developer/Xcode/DerivedData/Buzz-faillbpsmponqzeruhhvskovixzk/Build/Intermediates.noindex/Promises.build/Debug-iphonesimulator/FBLPromises.build/FBLPromises.DependencyStaticMetadataFileList

WriteAuxiliaryFile /Users/xinyufang/Library/Developer/Xcode/DerivedData/Buzz-faillbpsmponqzeruhhvskovixzk/Build/Intermediates.noindex/Promises.build/Debug-iphonesimulator/FBLPromises.build/FBLPromises.DependencyMetadataFileList (in target 'FBLPromises' from project 'Promises')
    cd /Users/xinyufang/Library/Developer/Xcode/DerivedData/Buzz-faillbpsmponqzeruhhvskovixzk/SourcePackages/checkouts/promises
    write-file /Users/xinyufang/Library/Developer/Xcode/DerivedData/Buzz-faillbpsmponqzeruhhvskovixzk/Build/Intermediates.noindex/Promises.build/Debug-iphonesimulator/FBLPromises.build/FBLPromises.DependencyMetadataFileList

Copy /Users/xinyufang/Library/Developer/Xcode/DerivedData/Buzz-faillbpsmponqzeruhhvskovixzk/Build/Intermediates.noindex/GeneratedModuleMaps-iphonesimulator/Functions.modulemap /Users/xinyufang/Library/Developer/Xcode/DerivedData/Buzz-faillbpsmponqzeruhhvskovixzk/Build/Intermediates.noindex/Supabase.build/Debug-iphonesimulator/Functions.build/Functions.modulemap (in target 'Functions' from project 'Supabase')
    cd /Users/xinyufang/Library/Developer/Xcode/DerivedData/Buzz-faillbpsmponqzeruhhvskovixzk/SourcePackages/checkouts/supabase-swift
    builtin-copy -exclude .DS_Store -exclude CVS -exclude .svn -exclude .git -exclude .hg -resolve-src-symlinks /Users/xinyufang/Library/Developer/Xcode/DerivedData/Buzz-faillbpsmponqzeruhhvskovixzk/Build/Intermediates.noindex/Supabase.build/Debug-iphonesimulator/Functions.build/Functions.modulemap /Users/xinyufang/Library/Developer/Xcode/DerivedData/Buzz-faillbpsmponqzeruhhvskovixzk/Build/Intermediates.noindex/GeneratedModuleMaps-iphonesimulator

WriteAuxiliaryFile /Users/xinyufang/Library/Developer/Xcode/DerivedData/Buzz-faillbpsmponqzeruhhvskovixzk/Build/Intermediates.noindex/Promises.build/Debug-iphonesimulator/FBLPromises.build/DerivedSources/resource_bundle_accessor.h (in target 'FBLPromises' from project 'Promises')
    cd /Users/xinyufang/Library/Developer/Xcode/DerivedData/Buzz-faillbpsmponqzeruhhvskovixzk/SourcePackages/checkouts/promises
    write-file /Users/xinyufang/Library/Developer/Xcode/DerivedData/Buzz-faillbpsmponqzeruhhvskovixzk/Build/Intermediates.noindex/Promises.build/Debug-iphonesimulator/FBLPromises.build/DerivedSources/resource_bundle_accessor.h

WriteAuxiliaryFile /Users/xinyufang/Library/Developer/Xcode/DerivedData/Buzz-faillbpsmponqzeruhhvskovixzk/Build/Intermediates.noindex/Promises.build/Debug-iphonesimulator/FBLPromises.build/DerivedSources/resource_bundle_accessor.m (in target 'FBLPromises' from project 'Promises')
    cd /Users/xinyufang/Library/Developer/Xcode/DerivedData/Buzz-faillbpsmponqzeruhhvskovixzk/SourcePackages/checkouts/promises
    write-file /Users/xinyufang/Library/Developer/Xcode/DerivedData/Buzz-faillbpsmponqzeruhhvskovixzk/Build/Intermediates.noindex/Promises.build/Debug-iphonesimulator/FBLPromises.build/DerivedSources/resource_bundle_accessor.m

WriteAuxiliaryFile /Users/xinyufang/Library/Developer/Xcode/DerivedData/Buzz-faillbpsmponqzeruhhvskovixzk/Build/Intermediates.noindex/swift-crypto.build/Debug-iphonesimulator/Crypto.build/Objects-normal/arm64/Crypto_const_extract_protocols.json (in target 'Crypto' from project 'swift-crypto')
    cd /Users/xinyufang/Library/Developer/Xcode/DerivedData/Buzz-faillbpsmponqzeruhhvskovixzk/SourcePackages/checkouts/swift-crypto
    write-file /Users/xinyufang/Library/Developer/Xcode/DerivedData/Buzz-faillbpsmponqzeruhhvskovixzk/Build/Intermediates.noindex/swift-crypto.build/Debug-iphonesimulator/Crypto.build/Objects-normal/arm64/Crypto_const_extract_protocols.json

WriteAuxiliaryFile /Users/xinyufang/Library/Developer/Xcode/DerivedData/Buzz-faillbpsmponqzeruhhvskovixzk/Build/Intermediates.noindex/swift-crypto.build/Debug-iphonesimulator/Crypto.build/Objects-normal/arm64/Crypto.SwiftFileList (in target 'Crypto' from project 'swift-crypto')
    cd /Users/xinyufang/Library/Developer/Xcode/DerivedData/Buzz-faillbpsmponqzeruhhvskovixzk/SourcePackages/checkouts/swift-crypto
    write-file /Users/xinyufang/Library/Developer/Xcode/DerivedData/Buzz-faillbpsmponqzeruhhvskovixzk/Build/Intermediates.noindex/swift-crypto.build/Debug-iphonesimulator/Crypto.build/Objects-normal/arm64/Crypto.SwiftFileList

WriteAuxiliaryFile /Users/xinyufang/Library/Developer/Xcode/DerivedData/Buzz-faillbpsmponqzeruhhvskovixzk/Build/Intermediates.noindex/swift-crypto.build/Debug-iphonesimulator/Crypto.build/Objects-normal/arm64/Crypto.SwiftConstValuesFileList (in target 'Crypto' from project 'swift-crypto')
    cd /Users/xinyufang/Library/Developer/Xcode/DerivedData/Buzz-faillbpsmponqzeruhhvskovixzk/SourcePackages/checkouts/swift-crypto
    write-file /Users/xinyufang/Library/Developer/Xcode/DerivedData/Buzz-faillbpsmponqzeruhhvskovixzk/Build/Intermediates.noindex/swift-crypto.build/Debug-iphonesimulator/Crypto.build/Objects-normal/arm64/Crypto.SwiftConstValuesFileList

WriteAuxiliaryFile /Users/xinyufang/Library/Developer/Xcode/DerivedData/Buzz-faillbpsmponqzeruhhvskovixzk/Build/Intermediates.noindex/swift-crypto.build/Debug-iphonesimulator/Crypto.build/Objects-normal/arm64/Crypto.LinkFileList (in target 'Crypto' from project 'swift-crypto')
    cd /Users/xinyufang/Library/Developer/Xcode/DerivedData/Buzz-faillbpsmponqzeruhhvskovixzk/SourcePackages/checkouts/swift-crypto
    write-file /Users/xinyufang/Library/Developer/Xcode/DerivedData/Buzz-faillbpsmponqzeruhhvskovixzk/Build/Intermediates.noindex/swift-crypto.build/Debug-iphonesimulator/Crypto.build/Objects-normal/arm64/Crypto.LinkFileList

WriteAuxiliaryFile /Users/xinyufang/Library/Developer/Xcode/DerivedData/Buzz-faillbpsmponqzeruhhvskovixzk/Build/Intermediates.noindex/swift-crypto.build/Debug-iphonesimulator/Crypto.build/Objects-normal/arm64/Crypto-OutputFileMap.json (in target 'Crypto' from project 'swift-crypto')
    cd /Users/xinyufang/Library/Developer/Xcode/DerivedData/Buzz-faillbpsmponqzeruhhvskovixzk/SourcePackages/checkouts/swift-crypto
    write-file /Users/xinyufang/Library/Developer/Xcode/DerivedData/Buzz-faillbpsmponqzeruhhvskovixzk/Build/Intermediates.noindex/swift-crypto.build/Debug-iphonesimulator/Crypto.build/Objects-normal/arm64/Crypto-OutputFileMap.json

WriteAuxiliaryFile /Users/xinyufang/Library/Developer/Xcode/DerivedData/Buzz-faillbpsmponqzeruhhvskovixzk/Build/Intermediates.noindex/swift-crypto.build/Debug-iphonesimulator/Crypto.build/Crypto.modulemap (in target 'Crypto' from project 'swift-crypto')
    cd /Users/xinyufang/Library/Developer/Xcode/DerivedData/Buzz-faillbpsmponqzeruhhvskovixzk/SourcePackages/checkouts/swift-crypto
    write-file /Users/xinyufang/Library/Developer/Xcode/DerivedData/Buzz-faillbpsmponqzeruhhvskovixzk/Build/Intermediates.noindex/swift-crypto.build/Debug-iphonesimulator/Crypto.build/Crypto.modulemap

WriteAuxiliaryFile /Users/xinyufang/Library/Developer/Xcode/DerivedData/Buzz-faillbpsmponqzeruhhvskovixzk/Build/Intermediates.noindex/swift-crypto.build/Debug-iphonesimulator/Crypto.build/DerivedSources/resource_bundle_accessor.swift (in target 'Crypto' from project 'swift-crypto')
    cd /Users/xinyufang/Library/Developer/Xcode/DerivedData/Buzz-faillbpsmponqzeruhhvskovixzk/SourcePackages/checkouts/swift-crypto
    write-file /Users/xinyufang/Library/Developer/Xcode/DerivedData/Buzz-faillbpsmponqzeruhhvskovixzk/Build/Intermediates.noindex/swift-crypto.build/Debug-iphonesimulator/Crypto.build/DerivedSources/resource_bundle_accessor.swift

WriteAuxiliaryFile /Users/xinyufang/Library/Developer/Xcode/DerivedData/Buzz-faillbpsmponqzeruhhvskovixzk/Build/Intermediates.noindex/swift-crypto.build/Debug-iphonesimulator/Crypto.build/Crypto.DependencyStaticMetadataFileList (in target 'Crypto' from project 'swift-crypto')
    cd /Users/xinyufang/Library/Developer/Xcode/DerivedData/Buzz-faillbpsmponqzeruhhvskovixzk/SourcePackages/checkouts/swift-crypto
    write-file /Users/xinyufang/Library/Developer/Xcode/DerivedData/Buzz-faillbpsmponqzeruhhvskovixzk/Build/Intermediates.noindex/swift-crypto.build/Debug-iphonesimulator/Crypto.build/Crypto.DependencyStaticMetadataFileList

WriteAuxiliaryFile /Users/xinyufang/Library/Developer/Xcode/DerivedData/Buzz-faillbpsmponqzeruhhvskovixzk/Build/Intermediates.noindex/swift-crypto.build/Debug-iphonesimulator/Crypto.build/Crypto.DependencyMetadataFileList (in target 'Crypto' from project 'swift-crypto')
    cd /Users/xinyufang/Library/Developer/Xcode/DerivedData/Buzz-faillbpsmponqzeruhhvskovixzk/SourcePackages/checkouts/swift-crypto
    write-file /Users/xinyufang/Library/Developer/Xcode/DerivedData/Buzz-faillbpsmponqzeruhhvskovixzk/Build/Intermediates.noindex/swift-crypto.build/Debug-iphonesimulator/Crypto.build/Crypto.DependencyMetadataFileList

WriteAuxiliaryFile /Users/xinyufang/Library/Developer/Xcode/DerivedData/Buzz-faillbpsmponqzeruhhvskovixzk/Build/Intermediates.noindex/swift-concurrency-extras.build/Debug-iphonesimulator/ConcurrencyExtras.build/Objects-normal/arm64/ConcurrencyExtras_const_extract_protocols.json (in target 'ConcurrencyExtras' from project 'swift-concurrency-extras')
    cd /Users/xinyufang/Library/Developer/Xcode/DerivedData/Buzz-faillbpsmponqzeruhhvskovixzk/SourcePackages/checkouts/swift-concurrency-extras
    write-file /Users/xinyufang/Library/Developer/Xcode/DerivedData/Buzz-faillbpsmponqzeruhhvskovixzk/Build/Intermediates.noindex/swift-concurrency-extras.build/Debug-iphonesimulator/ConcurrencyExtras.build/Objects-normal/arm64/ConcurrencyExtras_const_extract_protocols.json

WriteAuxiliaryFile /Users/xinyufang/Library/Developer/Xcode/DerivedData/Buzz-faillbpsmponqzeruhhvskovixzk/Build/Intermediates.noindex/swift-concurrency-extras.build/Debug-iphonesimulator/ConcurrencyExtras.build/Objects-normal/arm64/ConcurrencyExtras.SwiftFileList (in target 'ConcurrencyExtras' from project 'swift-concurrency-extras')
    cd /Users/xinyufang/Library/Developer/Xcode/DerivedData/Buzz-faillbpsmponqzeruhhvskovixzk/SourcePackages/checkouts/swift-concurrency-extras
    write-file /Users/xinyufang/Library/Developer/Xcode/DerivedData/Buzz-faillbpsmponqzeruhhvskovixzk/Build/Intermediates.noindex/swift-concurrency-extras.build/Debug-iphonesimulator/ConcurrencyExtras.build/Objects-normal/arm64/ConcurrencyExtras.SwiftFileList

WriteAuxiliaryFile /Users/xinyufang/Library/Developer/Xcode/DerivedData/Buzz-faillbpsmponqzeruhhvskovixzk/Build/Intermediates.noindex/swift-concurrency-extras.build/Debug-iphonesimulator/ConcurrencyExtras.build/Objects-normal/arm64/ConcurrencyExtras.SwiftConstValuesFileList (in target 'ConcurrencyExtras' from project 'swift-concurrency-extras')
    cd /Users/xinyufang/Library/Developer/Xcode/DerivedData/Buzz-faillbpsmponqzeruhhvskovixzk/SourcePackages/checkouts/swift-concurrency-extras
    write-file /Users/xinyufang/Library/Developer/Xcode/DerivedData/Buzz-faillbpsmponqzeruhhvskovixzk/Build/Intermediates.noindex/swift-concurrency-extras.build/Debug-iphonesimulator/ConcurrencyExtras.build/Objects-normal/arm64/ConcurrencyExtras.SwiftConstValuesFileList

WriteAuxiliaryFile /Users/xinyufang/Library/Developer/Xcode/DerivedData/Buzz-faillbpsmponqzeruhhvskovixzk/Build/Intermediates.noindex/swift-concurrency-extras.build/Debug-iphonesimulator/ConcurrencyExtras.build/Objects-normal/arm64/ConcurrencyExtras.LinkFileList (in target 'ConcurrencyExtras' from project 'swift-concurrency-extras')
    cd /Users/xinyufang/Library/Developer/Xcode/DerivedData/Buzz-faillbpsmponqzeruhhvskovixzk/SourcePackages/checkouts/swift-concurrency-extras
    write-file /Users/xinyufang/Library/Developer/Xcode/DerivedData/Buzz-faillbpsmponqzeruhhvskovixzk/Build/Intermediates.noindex/swift-concurrency-extras.build/Debug-iphonesimulator/ConcurrencyExtras.build/Objects-normal/arm64/ConcurrencyExtras.LinkFileList

WriteAuxiliaryFile /Users/xinyufang/Library/Developer/Xcode/DerivedData/Buzz-faillbpsmponqzeruhhvskovixzk/Build/Intermediates.noindex/swift-concurrency-extras.build/Debug-iphonesimulator/ConcurrencyExtras.build/Objects-normal/arm64/ConcurrencyExtras-OutputFileMap.json (in target 'ConcurrencyExtras' from project 'swift-concurrency-extras')
    cd /Users/xinyufang/Library/Developer/Xcode/DerivedData/Buzz-faillbpsmponqzeruhhvskovixzk/SourcePackages/checkouts/swift-concurrency-extras
    write-file /Users/xinyufang/Library/Developer/Xcode/DerivedData/Buzz-faillbpsmponqzeruhhvskovixzk/Build/Intermediates.noindex/swift-concurrency-extras.build/Debug-iphonesimulator/ConcurrencyExtras.build/Objects-normal/arm64/ConcurrencyExtras-OutputFileMap.json

Copy /Users/xinyufang/Library/Developer/Xcode/DerivedData/Buzz-faillbpsmponqzeruhhvskovixzk/Build/Intermediates.noindex/GeneratedModuleMaps-iphonesimulator/Crypto.modulemap /Users/xinyufang/Library/Developer/Xcode/DerivedData/Buzz-faillbpsmponqzeruhhvskovixzk/Build/Intermediates.noindex/swift-crypto.build/Debug-iphonesimulator/Crypto.build/Crypto.modulemap (in target 'Crypto' from project 'swift-crypto')
    cd /Users/xinyufang/Library/Developer/Xcode/DerivedData/Buzz-faillbpsmponqzeruhhvskovixzk/SourcePackages/checkouts/swift-crypto
    builtin-copy -exclude .DS_Store -exclude CVS -exclude .svn -exclude .git -exclude .hg -resolve-src-symlinks /Users/xinyufang/Library/Developer/Xcode/DerivedData/Buzz-faillbpsmponqzeruhhvskovixzk/Build/Intermediates.noindex/swift-crypto.build/Debug-iphonesimulator/Crypto.build/Crypto.modulemap /Users/xinyufang/Library/Developer/Xcode/DerivedData/Buzz-faillbpsmponqzeruhhvskovixzk/Build/Intermediates.noindex/GeneratedModuleMaps-iphonesimulator

WriteAuxiliaryFile /Users/xinyufang/Library/Developer/Xcode/DerivedData/Buzz-faillbpsmponqzeruhhvskovixzk/Build/Intermediates.noindex/swift-concurrency-extras.build/Debug-iphonesimulator/ConcurrencyExtras.build/ConcurrencyExtras.modulemap (in target 'ConcurrencyExtras' from project 'swift-concurrency-extras')
    cd /Users/xinyufang/Library/Developer/Xcode/DerivedData/Buzz-faillbpsmponqzeruhhvskovixzk/SourcePackages/checkouts/swift-concurrency-extras
    write-file /Users/xinyufang/Library/Developer/Xcode/DerivedData/Buzz-faillbpsmponqzeruhhvskovixzk/Build/Intermediates.noindex/swift-concurrency-extras.build/Debug-iphonesimulator/ConcurrencyExtras.build/ConcurrencyExtras.modulemap

WriteAuxiliaryFile /Users/xinyufang/Library/Developer/Xcode/DerivedData/Buzz-faillbpsmponqzeruhhvskovixzk/Build/Intermediates.noindex/swift-concurrency-extras.build/Debug-iphonesimulator/ConcurrencyExtras.build/ConcurrencyExtras.DependencyStaticMetadataFileList (in target 'ConcurrencyExtras' from project 'swift-concurrency-extras')
    cd /Users/xinyufang/Library/Developer/Xcode/DerivedData/Buzz-faillbpsmponqzeruhhvskovixzk/SourcePackages/checkouts/swift-concurrency-extras
    write-file /Users/xinyufang/Library/Developer/Xcode/DerivedData/Buzz-faillbpsmponqzeruhhvskovixzk/Build/Intermediates.noindex/swift-concurrency-extras.build/Debug-iphonesimulator/ConcurrencyExtras.build/ConcurrencyExtras.DependencyStaticMetadataFileList

WriteAuxiliaryFile /Users/xinyufang/Library/Developer/Xcode/DerivedData/Buzz-faillbpsmponqzeruhhvskovixzk/Build/Intermediates.noindex/swift-concurrency-extras.build/Debug-iphonesimulator/ConcurrencyExtras.build/ConcurrencyExtras.DependencyMetadataFileList (in target 'ConcurrencyExtras' from project 'swift-concurrency-extras')
    cd /Users/xinyufang/Library/Developer/Xcode/DerivedData/Buzz-faillbpsmponqzeruhhvskovixzk/SourcePackages/checkouts/swift-concurrency-extras
    write-file /Users/xinyufang/Library/Developer/Xcode/DerivedData/Buzz-faillbpsmponqzeruhhvskovixzk/Build/Intermediates.noindex/swift-concurrency-extras.build/Debug-iphonesimulator/ConcurrencyExtras.build/ConcurrencyExtras.DependencyMetadataFileList

WriteAuxiliaryFile /Users/xinyufang/Library/Developer/Xcode/DerivedData/Buzz-faillbpsmponqzeruhhvskovixzk/Build/Intermediates.noindex/swift-clocks.build/Debug-iphonesimulator/Clocks.build/Objects-normal/arm64/Clocks_const_extract_protocols.json (in target 'Clocks' from project 'swift-clocks')
    cd /Users/xinyufang/Library/Developer/Xcode/DerivedData/Buzz-faillbpsmponqzeruhhvskovixzk/SourcePackages/checkouts/swift-clocks
    write-file /Users/xinyufang/Library/Developer/Xcode/DerivedData/Buzz-faillbpsmponqzeruhhvskovixzk/Build/Intermediates.noindex/swift-clocks.build/Debug-iphonesimulator/Clocks.build/Objects-normal/arm64/Clocks_const_extract_protocols.json

WriteAuxiliaryFile /Users/xinyufang/Library/Developer/Xcode/DerivedData/Buzz-faillbpsmponqzeruhhvskovixzk/Build/Intermediates.noindex/swift-clocks.build/Debug-iphonesimulator/Clocks.build/Objects-normal/arm64/Clocks.SwiftFileList (in target 'Clocks' from project 'swift-clocks')
    cd /Users/xinyufang/Library/Developer/Xcode/DerivedData/Buzz-faillbpsmponqzeruhhvskovixzk/SourcePackages/checkouts/swift-clocks
    write-file /Users/xinyufang/Library/Developer/Xcode/DerivedData/Buzz-faillbpsmponqzeruhhvskovixzk/Build/Intermediates.noindex/swift-clocks.build/Debug-iphonesimulator/Clocks.build/Objects-normal/arm64/Clocks.SwiftFileList

WriteAuxiliaryFile /Users/xinyufang/Library/Developer/Xcode/DerivedData/Buzz-faillbpsmponqzeruhhvskovixzk/Build/Intermediates.noindex/swift-clocks.build/Debug-iphonesimulator/Clocks.build/Objects-normal/arm64/Clocks.SwiftConstValuesFileList (in target 'Clocks' from project 'swift-clocks')
    cd /Users/xinyufang/Library/Developer/Xcode/DerivedData/Buzz-faillbpsmponqzeruhhvskovixzk/SourcePackages/checkouts/swift-clocks
    write-file /Users/xinyufang/Library/Developer/Xcode/DerivedData/Buzz-faillbpsmponqzeruhhvskovixzk/Build/Intermediates.noindex/swift-clocks.build/Debug-iphonesimulator/Clocks.build/Objects-normal/arm64/Clocks.SwiftConstValuesFileList

WriteAuxiliaryFile /Users/xinyufang/Library/Developer/Xcode/DerivedData/Buzz-faillbpsmponqzeruhhvskovixzk/Build/Intermediates.noindex/swift-clocks.build/Debug-iphonesimulator/Clocks.build/Objects-normal/arm64/Clocks.LinkFileList (in target 'Clocks' from project 'swift-clocks')
    cd /Users/xinyufang/Library/Developer/Xcode/DerivedData/Buzz-faillbpsmponqzeruhhvskovixzk/SourcePackages/checkouts/swift-clocks
    write-file /Users/xinyufang/Library/Developer/Xcode/DerivedData/Buzz-faillbpsmponqzeruhhvskovixzk/Build/Intermediates.noindex/swift-clocks.build/Debug-iphonesimulator/Clocks.build/Objects-normal/arm64/Clocks.LinkFileList

Copy /Users/xinyufang/Library/Developer/Xcode/DerivedData/Buzz-faillbpsmponqzeruhhvskovixzk/Build/Intermediates.noindex/GeneratedModuleMaps-iphonesimulator/ConcurrencyExtras.modulemap /Users/xinyufang/Library/Developer/Xcode/DerivedData/Buzz-faillbpsmponqzeruhhvskovixzk/Build/Intermediates.noindex/swift-concurrency-extras.build/Debug-iphonesimulator/ConcurrencyExtras.build/ConcurrencyExtras.modulemap (in target 'ConcurrencyExtras' from project 'swift-concurrency-extras')
    cd /Users/xinyufang/Library/Developer/Xcode/DerivedData/Buzz-faillbpsmponqzeruhhvskovixzk/SourcePackages/checkouts/swift-concurrency-extras
    builtin-copy -exclude .DS_Store -exclude CVS -exclude .svn -exclude .git -exclude .hg -resolve-src-symlinks /Users/xinyufang/Library/Developer/Xcode/DerivedData/Buzz-faillbpsmponqzeruhhvskovixzk/Build/Intermediates.noindex/swift-concurrency-extras.build/Debug-iphonesimulator/ConcurrencyExtras.build/ConcurrencyExtras.modulemap /Users/xinyufang/Library/Developer/Xcode/DerivedData/Buzz-faillbpsmponqzeruhhvskovixzk/Build/Intermediates.noindex/GeneratedModuleMaps-iphonesimulator

WriteAuxiliaryFile /Users/xinyufang/Library/Developer/Xcode/DerivedData/Buzz-faillbpsmponqzeruhhvskovixzk/Build/Intermediates.noindex/swift-clocks.build/Debug-iphonesimulator/Clocks.build/Objects-normal/arm64/Clocks-OutputFileMap.json (in target 'Clocks' from project 'swift-clocks')
    cd /Users/xinyufang/Library/Developer/Xcode/DerivedData/Buzz-faillbpsmponqzeruhhvskovixzk/SourcePackages/checkouts/swift-clocks
    write-file /Users/xinyufang/Library/Developer/Xcode/DerivedData/Buzz-faillbpsmponqzeruhhvskovixzk/Build/Intermediates.noindex/swift-clocks.build/Debug-iphonesimulator/Clocks.build/Objects-normal/arm64/Clocks-OutputFileMap.json

WriteAuxiliaryFile /Users/xinyufang/Library/Developer/Xcode/DerivedData/Buzz-faillbpsmponqzeruhhvskovixzk/Build/Intermediates.noindex/swift-clocks.build/Debug-iphonesimulator/Clocks.build/Clocks.modulemap (in target 'Clocks' from project 'swift-clocks')
    cd /Users/xinyufang/Library/Developer/Xcode/DerivedData/Buzz-faillbpsmponqzeruhhvskovixzk/SourcePackages/checkouts/swift-clocks
    write-file /Users/xinyufang/Library/Developer/Xcode/DerivedData/Buzz-faillbpsmponqzeruhhvskovixzk/Build/Intermediates.noindex/swift-clocks.build/Debug-iphonesimulator/Clocks.build/Clocks.modulemap

WriteAuxiliaryFile /Users/xinyufang/Library/Developer/Xcode/DerivedData/Buzz-faillbpsmponqzeruhhvskovixzk/Build/Intermediates.noindex/swift-clocks.build/Debug-iphonesimulator/Clocks.build/Clocks.DependencyStaticMetadataFileList (in target 'Clocks' from project 'swift-clocks')
    cd /Users/xinyufang/Library/Developer/Xcode/DerivedData/Buzz-faillbpsmponqzeruhhvskovixzk/SourcePackages/checkouts/swift-clocks
    write-file /Users/xinyufang/Library/Developer/Xcode/DerivedData/Buzz-faillbpsmponqzeruhhvskovixzk/Build/Intermediates.noindex/swift-clocks.build/Debug-iphonesimulator/Clocks.build/Clocks.DependencyStaticMetadataFileList

WriteAuxiliaryFile /Users/xinyufang/Library/Developer/Xcode/DerivedData/Buzz-faillbpsmponqzeruhhvskovixzk/Build/Intermediates.noindex/swift-clocks.build/Debug-iphonesimulator/Clocks.build/Clocks.DependencyMetadataFileList (in target 'Clocks' from project 'swift-clocks')
    cd /Users/xinyufang/Library/Developer/Xcode/DerivedData/Buzz-faillbpsmponqzeruhhvskovixzk/SourcePackages/checkouts/swift-clocks
    write-file /Users/xinyufang/Library/Developer/Xcode/DerivedData/Buzz-faillbpsmponqzeruhhvskovixzk/Build/Intermediates.noindex/swift-clocks.build/Debug-iphonesimulator/Clocks.build/Clocks.DependencyMetadataFileList

WriteAuxiliaryFile /Users/xinyufang/Library/Developer/Xcode/DerivedData/Buzz-faillbpsmponqzeruhhvskovixzk/Build/Intermediates.noindex/Buzz.build/Debug-iphonesimulator/Buzz.build/Objects-normal/arm64/Buzz_const_extract_protocols.json (in target 'Buzz' from project 'Buzz')
    cd /Users/xinyufang/Documents/Buzz
    write-file /Users/xinyufang/Library/Developer/Xcode/DerivedData/Buzz-faillbpsmponqzeruhhvskovixzk/Build/Intermediates.noindex/Buzz.build/Debug-iphonesimulator/Buzz.build/Objects-normal/arm64/Buzz_const_extract_protocols.json

WriteAuxiliaryFile /Users/xinyufang/Library/Developer/Xcode/DerivedData/Buzz-faillbpsmponqzeruhhvskovixzk/Build/Intermediates.noindex/Buzz.build/Debug-iphonesimulator/Buzz.build/Objects-normal/arm64/Buzz.SwiftFileList (in target 'Buzz' from project 'Buzz')
    cd /Users/xinyufang/Documents/Buzz
    write-file /Users/xinyufang/Library/Developer/Xcode/DerivedData/Buzz-faillbpsmponqzeruhhvskovixzk/Build/Intermediates.noindex/Buzz.build/Debug-iphonesimulator/Buzz.build/Objects-normal/arm64/Buzz.SwiftFileList

WriteAuxiliaryFile /Users/xinyufang/Library/Developer/Xcode/DerivedData/Buzz-faillbpsmponqzeruhhvskovixzk/Build/Intermediates.noindex/Buzz.build/Debug-iphonesimulator/Buzz.build/Objects-normal/arm64/Buzz.SwiftConstValuesFileList (in target 'Buzz' from project 'Buzz')
    cd /Users/xinyufang/Documents/Buzz
    write-file /Users/xinyufang/Library/Developer/Xcode/DerivedData/Buzz-faillbpsmponqzeruhhvskovixzk/Build/Intermediates.noindex/Buzz.build/Debug-iphonesimulator/Buzz.build/Objects-normal/arm64/Buzz.SwiftConstValuesFileList

WriteAuxiliaryFile /Users/xinyufang/Library/Developer/Xcode/DerivedData/Buzz-faillbpsmponqzeruhhvskovixzk/Build/Intermediates.noindex/Buzz.build/Debug-iphonesimulator/Buzz.build/Objects-normal/arm64/Buzz.LinkFileList (in target 'Buzz' from project 'Buzz')
    cd /Users/xinyufang/Documents/Buzz
    write-file /Users/xinyufang/Library/Developer/Xcode/DerivedData/Buzz-faillbpsmponqzeruhhvskovixzk/Build/Intermediates.noindex/Buzz.build/Debug-iphonesimulator/Buzz.build/Objects-normal/arm64/Buzz.LinkFileList

WriteAuxiliaryFile /Users/xinyufang/Library/Developer/Xcode/DerivedData/Buzz-faillbpsmponqzeruhhvskovixzk/Build/Intermediates.noindex/Buzz.build/Debug-iphonesimulator/Buzz.build/Objects-normal/arm64/Buzz-OutputFileMap.json (in target 'Buzz' from project 'Buzz')
    cd /Users/xinyufang/Documents/Buzz
    write-file /Users/xinyufang/Library/Developer/Xcode/DerivedData/Buzz-faillbpsmponqzeruhhvskovixzk/Build/Intermediates.noindex/Buzz.build/Debug-iphonesimulator/Buzz.build/Objects-normal/arm64/Buzz-OutputFileMap.json

Copy /Users/xinyufang/Library/Developer/Xcode/DerivedData/Buzz-faillbpsmponqzeruhhvskovixzk/Build/Intermediates.noindex/GeneratedModuleMaps-iphonesimulator/Clocks.modulemap /Users/xinyufang/Library/Developer/Xcode/DerivedData/Buzz-faillbpsmponqzeruhhvskovixzk/Build/Intermediates.noindex/swift-clocks.build/Debug-iphonesimulator/Clocks.build/Clocks.modulemap (in target 'Clocks' from project 'swift-clocks')
    cd /Users/xinyufang/Library/Developer/Xcode/DerivedData/Buzz-faillbpsmponqzeruhhvskovixzk/SourcePackages/checkouts/swift-clocks
    builtin-copy -exclude .DS_Store -exclude CVS -exclude .svn -exclude .git -exclude .hg -resolve-src-symlinks /Users/xinyufang/Library/Developer/Xcode/DerivedData/Buzz-faillbpsmponqzeruhhvskovixzk/Build/Intermediates.noindex/swift-clocks.build/Debug-iphonesimulator/Clocks.build/Clocks.modulemap /Users/xinyufang/Library/Developer/Xcode/DerivedData/Buzz-faillbpsmponqzeruhhvskovixzk/Build/Intermediates.noindex/GeneratedModuleMaps-iphonesimulator

WriteAuxiliaryFile /Users/xinyufang/Library/Developer/Xcode/DerivedData/Buzz-faillbpsmponqzeruhhvskovixzk/Build/Intermediates.noindex/Buzz.build/Debug-iphonesimulator/Buzz.build/DerivedSources/Entitlements-Simulated.plist (in target 'Buzz' from project 'Buzz')
    cd /Users/xinyufang/Documents/Buzz
    write-file /Users/xinyufang/Library/Developer/Xcode/DerivedData/Buzz-faillbpsmponqzeruhhvskovixzk/Build/Intermediates.noindex/Buzz.build/Debug-iphonesimulator/Buzz.build/DerivedSources/Entitlements-Simulated.plist

WriteAuxiliaryFile /Users/xinyufang/Library/Developer/Xcode/DerivedData/Buzz-faillbpsmponqzeruhhvskovixzk/Build/Intermediates.noindex/Buzz.build/Debug-iphonesimulator/Buzz.build/Buzz.hmap (in target 'Buzz' from project 'Buzz')
    cd /Users/xinyufang/Documents/Buzz
    write-file /Users/xinyufang/Library/Developer/Xcode/DerivedData/Buzz-faillbpsmponqzeruhhvskovixzk/Build/Intermediates.noindex/Buzz.build/Debug-iphonesimulator/Buzz.build/Buzz.hmap

WriteAuxiliaryFile /Users/xinyufang/Library/Developer/Xcode/DerivedData/Buzz-faillbpsmponqzeruhhvskovixzk/Build/Intermediates.noindex/Buzz.build/Debug-iphonesimulator/Buzz.build/Buzz.DependencyStaticMetadataFileList (in target 'Buzz' from project 'Buzz')
    cd /Users/xinyufang/Documents/Buzz
    write-file /Users/xinyufang/Library/Developer/Xcode/DerivedData/Buzz-faillbpsmponqzeruhhvskovixzk/Build/Intermediates.noindex/Buzz.build/Debug-iphonesimulator/Buzz.build/Buzz.DependencyStaticMetadataFileList

WriteAuxiliaryFile /Users/xinyufang/Library/Developer/Xcode/DerivedData/Buzz-faillbpsmponqzeruhhvskovixzk/Build/Intermediates.noindex/Buzz.build/Debug-iphonesimulator/Buzz.build/Buzz.DependencyMetadataFileList (in target 'Buzz' from project 'Buzz')
    cd /Users/xinyufang/Documents/Buzz
    write-file /Users/xinyufang/Library/Developer/Xcode/DerivedData/Buzz-faillbpsmponqzeruhhvskovixzk/Build/Intermediates.noindex/Buzz.build/Debug-iphonesimulator/Buzz.build/Buzz.DependencyMetadataFileList

WriteAuxiliaryFile /Users/xinyufang/Library/Developer/Xcode/DerivedData/Buzz-faillbpsmponqzeruhhvskovixzk/Build/Intermediates.noindex/Buzz.build/Debug-iphonesimulator/Buzz.build/Buzz-project-headers.hmap (in target 'Buzz' from project 'Buzz')
    cd /Users/xinyufang/Documents/Buzz
    write-file /Users/xinyufang/Library/Developer/Xcode/DerivedData/Buzz-faillbpsmponqzeruhhvskovixzk/Build/Intermediates.noindex/Buzz.build/Debug-iphonesimulator/Buzz.build/Buzz-project-headers.hmap

WriteAuxiliaryFile /Users/xinyufang/Library/Developer/Xcode/DerivedData/Buzz-faillbpsmponqzeruhhvskovixzk/Build/Intermediates.noindex/Buzz.build/Debug-iphonesimulator/Buzz.build/Buzz-own-target-headers.hmap (in target 'Buzz' from project 'Buzz')
    cd /Users/xinyufang/Documents/Buzz
    write-file /Users/xinyufang/Library/Developer/Xcode/DerivedData/Buzz-faillbpsmponqzeruhhvskovixzk/Build/Intermediates.noindex/Buzz.build/Debug-iphonesimulator/Buzz.build/Buzz-own-target-headers.hmap

WriteAuxiliaryFile /Users/xinyufang/Library/Developer/Xcode/DerivedData/Buzz-faillbpsmponqzeruhhvskovixzk/Build/Intermediates.noindex/Buzz.build/Debug-iphonesimulator/Buzz.build/Buzz-generated-files.hmap (in target 'Buzz' from project 'Buzz')
    cd /Users/xinyufang/Documents/Buzz
    write-file /Users/xinyufang/Library/Developer/Xcode/DerivedData/Buzz-faillbpsmponqzeruhhvskovixzk/Build/Intermediates.noindex/Buzz.build/Debug-iphonesimulator/Buzz.build/Buzz-generated-files.hmap

WriteAuxiliaryFile /Users/xinyufang/Library/Developer/Xcode/DerivedData/Buzz-faillbpsmponqzeruhhvskovixzk/Build/Intermediates.noindex/Buzz.build/Debug-iphonesimulator/Buzz.build/Buzz-all-target-headers.hmap (in target 'Buzz' from project 'Buzz')
    cd /Users/xinyufang/Documents/Buzz
    write-file /Users/xinyufang/Library/Developer/Xcode/DerivedData/Buzz-faillbpsmponqzeruhhvskovixzk/Build/Intermediates.noindex/Buzz.build/Debug-iphonesimulator/Buzz.build/Buzz-all-target-headers.hmap

WriteAuxiliaryFile /Users/xinyufang/Library/Developer/Xcode/DerivedData/Buzz-faillbpsmponqzeruhhvskovixzk/Build/Intermediates.noindex/Buzz.build/Debug-iphonesimulator/Buzz.build/Buzz-DebugDylibPath-normal-arm64.txt (in target 'Buzz' from project 'Buzz')
    cd /Users/xinyufang/Documents/Buzz
    write-file /Users/xinyufang/Library/Developer/Xcode/DerivedData/Buzz-faillbpsmponqzeruhhvskovixzk/Build/Intermediates.noindex/Buzz.build/Debug-iphonesimulator/Buzz.build/Buzz-DebugDylibPath-normal-arm64.txt

WriteAuxiliaryFile /Users/xinyufang/Library/Developer/Xcode/DerivedData/Buzz-faillbpsmponqzeruhhvskovixzk/Build/Intermediates.noindex/Buzz.build/Debug-iphonesimulator/Buzz.build/Buzz-all-non-framework-target-headers.hmap (in target 'Buzz' from project 'Buzz')
    cd /Users/xinyufang/Documents/Buzz
    write-file /Users/xinyufang/Library/Developer/Xcode/DerivedData/Buzz-faillbpsmponqzeruhhvskovixzk/Build/Intermediates.noindex/Buzz.build/Debug-iphonesimulator/Buzz.build/Buzz-all-non-framework-target-headers.hmap

WriteAuxiliaryFile /Users/xinyufang/Library/Developer/Xcode/DerivedData/Buzz-faillbpsmponqzeruhhvskovixzk/Build/Intermediates.noindex/Buzz.build/Debug-iphonesimulator/Buzz.build/Buzz-DebugDylibInstallName-normal-arm64.txt (in target 'Buzz' from project 'Buzz')
    cd /Users/xinyufang/Documents/Buzz
    write-file /Users/xinyufang/Library/Developer/Xcode/DerivedData/Buzz-faillbpsmponqzeruhhvskovixzk/Build/Intermediates.noindex/Buzz.build/Debug-iphonesimulator/Buzz.build/Buzz-DebugDylibInstallName-normal-arm64.txt

WriteAuxiliaryFile /Users/xinyufang/Library/Developer/Xcode/DerivedData/Buzz-faillbpsmponqzeruhhvskovixzk/Build/Intermediates.noindex/Supabase.build/Debug-iphonesimulator/Auth.build/Objects-normal/arm64/Auth_const_extract_protocols.json (in target 'Auth' from project 'Supabase')
    cd /Users/xinyufang/Library/Developer/Xcode/DerivedData/Buzz-faillbpsmponqzeruhhvskovixzk/SourcePackages/checkouts/supabase-swift
    write-file /Users/xinyufang/Library/Developer/Xcode/DerivedData/Buzz-faillbpsmponqzeruhhvskovixzk/Build/Intermediates.noindex/Supabase.build/Debug-iphonesimulator/Auth.build/Objects-normal/arm64/Auth_const_extract_protocols.json

WriteAuxiliaryFile /Users/xinyufang/Library/Developer/Xcode/DerivedData/Buzz-faillbpsmponqzeruhhvskovixzk/Build/Intermediates.noindex/Supabase.build/Debug-iphonesimulator/Auth.build/Objects-normal/arm64/Auth.SwiftFileList (in target 'Auth' from project 'Supabase')
    cd /Users/xinyufang/Library/Developer/Xcode/DerivedData/Buzz-faillbpsmponqzeruhhvskovixzk/SourcePackages/checkouts/supabase-swift
    write-file /Users/xinyufang/Library/Developer/Xcode/DerivedData/Buzz-faillbpsmponqzeruhhvskovixzk/Build/Intermediates.noindex/Supabase.build/Debug-iphonesimulator/Auth.build/Objects-normal/arm64/Auth.SwiftFileList

WriteAuxiliaryFile /Users/xinyufang/Library/Developer/Xcode/DerivedData/Buzz-faillbpsmponqzeruhhvskovixzk/Build/Intermediates.noindex/Supabase.build/Debug-iphonesimulator/Auth.build/Objects-normal/arm64/Auth.SwiftConstValuesFileList (in target 'Auth' from project 'Supabase')
    cd /Users/xinyufang/Library/Developer/Xcode/DerivedData/Buzz-faillbpsmponqzeruhhvskovixzk/SourcePackages/checkouts/supabase-swift
    write-file /Users/xinyufang/Library/Developer/Xcode/DerivedData/Buzz-faillbpsmponqzeruhhvskovixzk/Build/Intermediates.noindex/Supabase.build/Debug-iphonesimulator/Auth.build/Objects-normal/arm64/Auth.SwiftConstValuesFileList

WriteAuxiliaryFile /Users/xinyufang/Library/Developer/Xcode/DerivedData/Buzz-faillbpsmponqzeruhhvskovixzk/Build/Intermediates.noindex/Supabase.build/Debug-iphonesimulator/Auth.build/Objects-normal/arm64/Auth.LinkFileList (in target 'Auth' from project 'Supabase')
    cd /Users/xinyufang/Library/Developer/Xcode/DerivedData/Buzz-faillbpsmponqzeruhhvskovixzk/SourcePackages/checkouts/supabase-swift
    write-file /Users/xinyufang/Library/Developer/Xcode/DerivedData/Buzz-faillbpsmponqzeruhhvskovixzk/Build/Intermediates.noindex/Supabase.build/Debug-iphonesimulator/Auth.build/Objects-normal/arm64/Auth.LinkFileList

WriteAuxiliaryFile /Users/xinyufang/Library/Developer/Xcode/DerivedData/Buzz-faillbpsmponqzeruhhvskovixzk/Build/Intermediates.noindex/Supabase.build/Debug-iphonesimulator/Auth.build/Objects-normal/arm64/Auth-OutputFileMap.json (in target 'Auth' from project 'Supabase')
    cd /Users/xinyufang/Library/Developer/Xcode/DerivedData/Buzz-faillbpsmponqzeruhhvskovixzk/SourcePackages/checkouts/supabase-swift
    write-file /Users/xinyufang/Library/Developer/Xcode/DerivedData/Buzz-faillbpsmponqzeruhhvskovixzk/Build/Intermediates.noindex/Supabase.build/Debug-iphonesimulator/Auth.build/Objects-normal/arm64/Auth-OutputFileMap.json

WriteAuxiliaryFile /Users/xinyufang/Library/Developer/Xcode/DerivedData/Buzz-faillbpsmponqzeruhhvskovixzk/Build/Intermediates.noindex/Supabase.build/Debug-iphonesimulator/Auth.build/Auth.modulemap (in target 'Auth' from project 'Supabase')
    cd /Users/xinyufang/Library/Developer/Xcode/DerivedData/Buzz-faillbpsmponqzeruhhvskovixzk/SourcePackages/checkouts/supabase-swift
    write-file /Users/xinyufang/Library/Developer/Xcode/DerivedData/Buzz-faillbpsmponqzeruhhvskovixzk/Build/Intermediates.noindex/Supabase.build/Debug-iphonesimulator/Auth.build/Auth.modulemap

WriteAuxiliaryFile /Users/xinyufang/Library/Developer/Xcode/DerivedData/Buzz-faillbpsmponqzeruhhvskovixzk/Build/Intermediates.noindex/Supabase.build/Debug-iphonesimulator/Auth.build/Auth.DependencyStaticMetadataFileList (in target 'Auth' from project 'Supabase')
    cd /Users/xinyufang/Library/Developer/Xcode/DerivedData/Buzz-faillbpsmponqzeruhhvskovixzk/SourcePackages/checkouts/supabase-swift
    write-file /Users/xinyufang/Library/Developer/Xcode/DerivedData/Buzz-faillbpsmponqzeruhhvskovixzk/Build/Intermediates.noindex/Supabase.build/Debug-iphonesimulator/Auth.build/Auth.DependencyStaticMetadataFileList

WriteAuxiliaryFile /Users/xinyufang/Library/Developer/Xcode/DerivedData/Buzz-faillbpsmponqzeruhhvskovixzk/Build/Intermediates.noindex/Supabase.build/Debug-iphonesimulator/Auth.build/Auth.DependencyMetadataFileList (in target 'Auth' from project 'Supabase')
    cd /Users/xinyufang/Library/Developer/Xcode/DerivedData/Buzz-faillbpsmponqzeruhhvskovixzk/SourcePackages/checkouts/supabase-swift
    write-file /Users/xinyufang/Library/Developer/Xcode/DerivedData/Buzz-faillbpsmponqzeruhhvskovixzk/Build/Intermediates.noindex/Supabase.build/Debug-iphonesimulator/Auth.build/Auth.DependencyMetadataFileList

WriteAuxiliaryFile /Users/xinyufang/Library/Developer/Xcode/DerivedData/Buzz-faillbpsmponqzeruhhvskovixzk/Build/Intermediates.noindex/AppCheck.build/Debug-iphonesimulator/AppCheckCore.build/Objects-normal/arm64/AppCheckCore.LinkFileList (in target 'AppCheckCore' from project 'AppCheck')
    cd /Users/xinyufang/Library/Developer/Xcode/DerivedData/Buzz-faillbpsmponqzeruhhvskovixzk/SourcePackages/checkouts/app-check
    write-file /Users/xinyufang/Library/Developer/Xcode/DerivedData/Buzz-faillbpsmponqzeruhhvskovixzk/Build/Intermediates.noindex/AppCheck.build/Debug-iphonesimulator/AppCheckCore.build/Objects-normal/arm64/AppCheckCore.LinkFileList

WriteAuxiliaryFile /Users/xinyufang/Library/Developer/Xcode/DerivedData/Buzz-faillbpsmponqzeruhhvskovixzk/Build/Intermediates.noindex/AppCheck.build/Debug-iphonesimulator/AppCheckCore.build/Objects-normal/arm64/e6072d4f65d7061329687fe24e3d63a7-common-args.resp (in target 'AppCheckCore' from project 'AppCheck')
    cd /Users/xinyufang/Library/Developer/Xcode/DerivedData/Buzz-faillbpsmponqzeruhhvskovixzk/SourcePackages/checkouts/app-check
    write-file /Users/xinyufang/Library/Developer/Xcode/DerivedData/Buzz-faillbpsmponqzeruhhvskovixzk/Build/Intermediates.noindex/AppCheck.build/Debug-iphonesimulator/AppCheckCore.build/Objects-normal/arm64/e6072d4f65d7061329687fe24e3d63a7-common-args.resp
-target arm64-apple-ios12.0-simulator -fobjc-arc -fmodules -gmodules '-fmodules-cache-path=/Users/xinyufang/Library/Developer/Xcode/DerivedData/ModuleCache.noindex' '-fmodule-name=AppCheckCore' -fpascal-strings -O0 -DSWIFT_PACKAGE '-DDEBUG=1' '-DOBJC_OLD_DISPATCH_PROTOTYPES=1' -isysroot /Applications/Xcode.app/Contents/Developer/Platforms/iPhoneSimulator.platform/Developer/SDKs/iPhoneSimulator26.0.sdk -g '-fobjc-abi-version=2' -fobjc-legacy-dispatch -I/Users/xinyufang/Library/Developer/Xcode/DerivedData/Buzz-faillbpsmponqzeruhhvskovixzk/SourcePackages/checkouts/promises/Sources/FBLPromises/include -I/Users/xinyufang/Library/Developer/Xcode/DerivedData/Buzz-faillbpsmponqzeruhhvskovixzk/SourcePackages/checkouts/GoogleUtilities/GoogleUtilities/Logger/Public -I/Users/xinyufang/Library/Developer/Xcode/DerivedData/Buzz-faillbpsmponqzeruhhvskovixzk/SourcePackages/checkouts/GoogleUtilities/GoogleUtilities/Environment/Public -I/Users/xinyufang/Library/Developer/Xcode/DerivedData/Buzz-faillbpsmponqzeruhhvskovixzk/SourcePackages/checkouts/GoogleUtilities/third_party/IsAppEncrypted/Public -I/Users/xinyufang/Library/Developer/Xcode/DerivedData/Buzz-faillbpsmponqzeruhhvskovixzk/SourcePackages/checkouts/GoogleUtilities/GoogleUtilities/UserDefaults/Public -I/Users/xinyufang/Library/Developer/Xcode/DerivedData/Buzz-faillbpsmponqzeruhhvskovixzk/Build/Products/Debug-iphonesimulator/include -I/Users/xinyufang/Library/Developer/Xcode/DerivedData/Buzz-faillbpsmponqzeruhhvskovixzk/SourcePackages/checkouts/app-check/AppCheckCore/Sources/Public -I/Users/xinyufang/Library/Developer/Xcode/DerivedData/Buzz-faillbpsmponqzeruhhvskovixzk/SourcePackages/checkouts/app-check -I/Users/xinyufang/Library/Developer/Xcode/DerivedData/Buzz-faillbpsmponqzeruhhvskovixzk/Build/Intermediates.noindex/AppCheck.build/Debug-iphonesimulator/AppCheckCore.build/DerivedSources-normal/arm64 -I/Users/xinyufang/Library/Developer/Xcode/DerivedData/Buzz-faillbpsmponqzeruhhvskovixzk/Build/Intermediates.noindex/AppCheck.build/Debug-iphonesimulator/AppCheckCore.build/DerivedSources/arm64 -I/Users/xinyufang/Library/Developer/Xcode/DerivedData/Buzz-faillbpsmponqzeruhhvskovixzk/Build/Intermediates.noindex/AppCheck.build/Debug-iphonesimulator/AppCheckCore.build/DerivedSources -F/Users/xinyufang/Library/Developer/Xcode/DerivedData/Buzz-faillbpsmponqzeruhhvskovixzk/Build/Products/Debug-iphonesimulator/PackageFrameworks -F/Users/xinyufang/Library/Developer/Xcode/DerivedData/Buzz-faillbpsmponqzeruhhvskovixzk/Build/Products/Debug-iphonesimulator/PackageFrameworks -F/Users/xinyufang/Library/Developer/Xcode/DerivedData/Buzz-faillbpsmponqzeruhhvskovixzk/Build/Products/Debug-iphonesimulator/PackageFrameworks -F/Users/xinyufang/Library/Developer/Xcode/DerivedData/Buzz-faillbpsmponqzeruhhvskovixzk/Build/Products/Debug-iphonesimulator/PackageFrameworks -F/Users/xinyufang/Library/Developer/Xcode/DerivedData/Buzz-faillbpsmponqzeruhhvskovixzk/Build/Products/Debug-iphonesimulator/PackageFrameworks -F/Users/xinyufang/Library/Developer/Xcode/DerivedData/Buzz-faillbpsmponqzeruhhvskovixzk/Build/Products/Debug-iphonesimulator -iframework /Applications/Xcode.app/Contents/Developer/Platforms/iPhoneSimulator.platform/Developer/Library/Frameworks -iframework /Applications/Xcode.app/Contents/Developer/Platforms/iPhoneSimulator.platform/Developer/SDKs/iPhoneSimulator26.0.sdk/Developer/Library/Frameworks '-fmodule-map-file=/Users/xinyufang/Library/Developer/Xcode/DerivedData/Buzz-faillbpsmponqzeruhhvskovixzk/Build/Intermediates.noindex/GeneratedModuleMaps-iphonesimulator/GoogleUtilities-Logger.modulemap' '-fmodule-map-file=/Users/xinyufang/Library/Developer/Xcode/DerivedData/Buzz-faillbpsmponqzeruhhvskovixzk/Build/Intermediates.noindex/GeneratedModuleMaps-iphonesimulator/GoogleUtilities-Environment.modulemap' '-fmodule-map-file=/Users/xinyufang/Library/Developer/Xcode/DerivedData/Buzz-faillbpsmponqzeruhhvskovixzk/Build/Intermediates.noindex/GeneratedModuleMaps-iphonesimulator/third-party-IsAppEncrypted.modulemap' '-fmodule-map-file=/Users/xinyufang/Library/Developer/Xcode/DerivedData/Buzz-faillbpsmponqzeruhhvskovixzk/Build/Intermediates.noindex/GeneratedModuleMaps-iphonesimulator/GoogleUtilities-UserDefaults.modulemap' -DXcode

WriteAuxiliaryFile /Users/xinyufang/Library/Developer/Xcode/DerivedData/Buzz-faillbpsmponqzeruhhvskovixzk/Build/Intermediates.noindex/AppCheck.build/Debug-iphonesimulator/AppCheckCore.build/AppCheckCore.modulemap (in target 'AppCheckCore' from project 'AppCheck')
    cd /Users/xinyufang/Library/Developer/Xcode/DerivedData/Buzz-faillbpsmponqzeruhhvskovixzk/SourcePackages/checkouts/app-check
    write-file /Users/xinyufang/Library/Developer/Xcode/DerivedData/Buzz-faillbpsmponqzeruhhvskovixzk/Build/Intermediates.noindex/AppCheck.build/Debug-iphonesimulator/AppCheckCore.build/AppCheckCore.modulemap

WriteAuxiliaryFile /Users/xinyufang/Library/Developer/Xcode/DerivedData/Buzz-faillbpsmponqzeruhhvskovixzk/Build/Intermediates.noindex/AppCheck.build/Debug-iphonesimulator/AppCheckCore.build/AppCheckCore.DependencyStaticMetadataFileList (in target 'AppCheckCore' from project 'AppCheck')
    cd /Users/xinyufang/Library/Developer/Xcode/DerivedData/Buzz-faillbpsmponqzeruhhvskovixzk/SourcePackages/checkouts/app-check
    write-file /Users/xinyufang/Library/Developer/Xcode/DerivedData/Buzz-faillbpsmponqzeruhhvskovixzk/Build/Intermediates.noindex/AppCheck.build/Debug-iphonesimulator/AppCheckCore.build/AppCheckCore.DependencyStaticMetadataFileList

Copy /Users/xinyufang/Library/Developer/Xcode/DerivedData/Buzz-faillbpsmponqzeruhhvskovixzk/Build/Intermediates.noindex/GeneratedModuleMaps-iphonesimulator/Auth.modulemap /Users/xinyufang/Library/Developer/Xcode/DerivedData/Buzz-faillbpsmponqzeruhhvskovixzk/Build/Intermediates.noindex/Supabase.build/Debug-iphonesimulator/Auth.build/Auth.modulemap (in target 'Auth' from project 'Supabase')
    cd /Users/xinyufang/Library/Developer/Xcode/DerivedData/Buzz-faillbpsmponqzeruhhvskovixzk/SourcePackages/checkouts/supabase-swift
    builtin-copy -exclude .DS_Store -exclude CVS -exclude .svn -exclude .git -exclude .hg -resolve-src-symlinks /Users/xinyufang/Library/Developer/Xcode/DerivedData/Buzz-faillbpsmponqzeruhhvskovixzk/Build/Intermediates.noindex/Supabase.build/Debug-iphonesimulator/Auth.build/Auth.modulemap /Users/xinyufang/Library/Developer/Xcode/DerivedData/Buzz-faillbpsmponqzeruhhvskovixzk/Build/Intermediates.noindex/GeneratedModuleMaps-iphonesimulator

WriteAuxiliaryFile /Users/xinyufang/Library/Developer/Xcode/DerivedData/Buzz-faillbpsmponqzeruhhvskovixzk/Build/Intermediates.noindex/AppCheck.build/Debug-iphonesimulator/AppCheckCore.build/AppCheckCore.DependencyMetadataFileList (in target 'AppCheckCore' from project 'AppCheck')
    cd /Users/xinyufang/Library/Developer/Xcode/DerivedData/Buzz-faillbpsmponqzeruhhvskovixzk/SourcePackages/checkouts/app-check
    write-file /Users/xinyufang/Library/Developer/Xcode/DerivedData/Buzz-faillbpsmponqzeruhhvskovixzk/Build/Intermediates.noindex/AppCheck.build/Debug-iphonesimulator/AppCheckCore.build/AppCheckCore.DependencyMetadataFileList

WriteAuxiliaryFile /Users/xinyufang/Library/Developer/Xcode/DerivedData/Buzz-faillbpsmponqzeruhhvskovixzk/Build/Intermediates.noindex/AppAuth.build/Debug-iphonesimulator/AppAuth_AppAuthCore.build/empty-AppAuth_AppAuthCore.plist (in target 'AppAuth_AppAuthCore' from project 'AppAuth')
    cd /Users/xinyufang/Library/Developer/Xcode/DerivedData/Buzz-faillbpsmponqzeruhhvskovixzk/SourcePackages/checkouts/AppAuth-iOS
    write-file /Users/xinyufang/Library/Developer/Xcode/DerivedData/Buzz-faillbpsmponqzeruhhvskovixzk/Build/Intermediates.noindex/AppAuth.build/Debug-iphonesimulator/AppAuth_AppAuthCore.build/empty-AppAuth_AppAuthCore.plist

WriteAuxiliaryFile /Users/xinyufang/Library/Developer/Xcode/DerivedData/Buzz-faillbpsmponqzeruhhvskovixzk/Build/Intermediates.noindex/AppAuth.build/Debug-iphonesimulator/AppAuth_AppAuthCore.build/AppAuth_AppAuthCore.DependencyStaticMetadataFileList (in target 'AppAuth_AppAuthCore' from project 'AppAuth')
    cd /Users/xinyufang/Library/Developer/Xcode/DerivedData/Buzz-faillbpsmponqzeruhhvskovixzk/SourcePackages/checkouts/AppAuth-iOS
    write-file /Users/xinyufang/Library/Developer/Xcode/DerivedData/Buzz-faillbpsmponqzeruhhvskovixzk/Build/Intermediates.noindex/AppAuth.build/Debug-iphonesimulator/AppAuth_AppAuthCore.build/AppAuth_AppAuthCore.DependencyStaticMetadataFileList

WriteAuxiliaryFile /Users/xinyufang/Library/Developer/Xcode/DerivedData/Buzz-faillbpsmponqzeruhhvskovixzk/Build/Intermediates.noindex/AppAuth.build/Debug-iphonesimulator/AppAuth_AppAuthCore.build/AppAuth_AppAuthCore.DependencyMetadataFileList (in target 'AppAuth_AppAuthCore' from project 'AppAuth')
    cd /Users/xinyufang/Library/Developer/Xcode/DerivedData/Buzz-faillbpsmponqzeruhhvskovixzk/SourcePackages/checkouts/AppAuth-iOS
    write-file /Users/xinyufang/Library/Developer/Xcode/DerivedData/Buzz-faillbpsmponqzeruhhvskovixzk/Build/Intermediates.noindex/AppAuth.build/Debug-iphonesimulator/AppAuth_AppAuthCore.build/AppAuth_AppAuthCore.DependencyMetadataFileList

WriteAuxiliaryFile /Users/xinyufang/Library/Developer/Xcode/DerivedData/Buzz-faillbpsmponqzeruhhvskovixzk/Build/Intermediates.noindex/AppAuth.build/Debug-iphonesimulator/AppAuth_AppAuth.build/empty-AppAuth_AppAuth.plist (in target 'AppAuth_AppAuth' from project 'AppAuth')
    cd /Users/xinyufang/Library/Developer/Xcode/DerivedData/Buzz-faillbpsmponqzeruhhvskovixzk/SourcePackages/checkouts/AppAuth-iOS
    write-file /Users/xinyufang/Library/Developer/Xcode/DerivedData/Buzz-faillbpsmponqzeruhhvskovixzk/Build/Intermediates.noindex/AppAuth.build/Debug-iphonesimulator/AppAuth_AppAuth.build/empty-AppAuth_AppAuth.plist

Copy /Users/xinyufang/Library/Developer/Xcode/DerivedData/Buzz-faillbpsmponqzeruhhvskovixzk/Build/Intermediates.noindex/GeneratedModuleMaps-iphonesimulator/AppCheckCore.modulemap /Users/xinyufang/Library/Developer/Xcode/DerivedData/Buzz-faillbpsmponqzeruhhvskovixzk/Build/Intermediates.noindex/AppCheck.build/Debug-iphonesimulator/AppCheckCore.build/AppCheckCore.modulemap (in target 'AppCheckCore' from project 'AppCheck')
    cd /Users/xinyufang/Library/Developer/Xcode/DerivedData/Buzz-faillbpsmponqzeruhhvskovixzk/SourcePackages/checkouts/app-check
    builtin-copy -exclude .DS_Store -exclude CVS -exclude .svn -exclude .git -exclude .hg -resolve-src-symlinks /Users/xinyufang/Library/Developer/Xcode/DerivedData/Buzz-faillbpsmponqzeruhhvskovixzk/Build/Intermediates.noindex/AppCheck.build/Debug-iphonesimulator/AppCheckCore.build/AppCheckCore.modulemap /Users/xinyufang/Library/Developer/Xcode/DerivedData/Buzz-faillbpsmponqzeruhhvskovixzk/Build/Intermediates.noindex/GeneratedModuleMaps-iphonesimulator

WriteAuxiliaryFile /Users/xinyufang/Library/Developer/Xcode/DerivedData/Buzz-faillbpsmponqzeruhhvskovixzk/Build/Intermediates.noindex/AppAuth.build/Debug-iphonesimulator/AppAuth_AppAuth.build/AppAuth_AppAuth.DependencyStaticMetadataFileList (in target 'AppAuth_AppAuth' from project 'AppAuth')
    cd /Users/xinyufang/Library/Developer/Xcode/DerivedData/Buzz-faillbpsmponqzeruhhvskovixzk/SourcePackages/checkouts/AppAuth-iOS
    write-file /Users/xinyufang/Library/Developer/Xcode/DerivedData/Buzz-faillbpsmponqzeruhhvskovixzk/Build/Intermediates.noindex/AppAuth.build/Debug-iphonesimulator/AppAuth_AppAuth.build/AppAuth_AppAuth.DependencyStaticMetadataFileList

WriteAuxiliaryFile /Users/xinyufang/Library/Developer/Xcode/DerivedData/Buzz-faillbpsmponqzeruhhvskovixzk/Build/Intermediates.noindex/AppAuth.build/Debug-iphonesimulator/AppAuth_AppAuth.build/AppAuth_AppAuth.DependencyMetadataFileList (in target 'AppAuth_AppAuth' from project 'AppAuth')
    cd /Users/xinyufang/Library/Developer/Xcode/DerivedData/Buzz-faillbpsmponqzeruhhvskovixzk/SourcePackages/checkouts/AppAuth-iOS
    write-file /Users/xinyufang/Library/Developer/Xcode/DerivedData/Buzz-faillbpsmponqzeruhhvskovixzk/Build/Intermediates.noindex/AppAuth.build/Debug-iphonesimulator/AppAuth_AppAuth.build/AppAuth_AppAuth.DependencyMetadataFileList

WriteAuxiliaryFile /Users/xinyufang/Library/Developer/Xcode/DerivedData/Buzz-faillbpsmponqzeruhhvskovixzk/Build/Intermediates.noindex/AppAuth.build/Debug-iphonesimulator/AppAuthCore.build/DerivedSources/resource_bundle_accessor.m (in target 'AppAuthCore' from project 'AppAuth')
    cd /Users/xinyufang/Library/Developer/Xcode/DerivedData/Buzz-faillbpsmponqzeruhhvskovixzk/SourcePackages/checkouts/AppAuth-iOS
    write-file /Users/xinyufang/Library/Developer/Xcode/DerivedData/Buzz-faillbpsmponqzeruhhvskovixzk/Build/Intermediates.noindex/AppAuth.build/Debug-iphonesimulator/AppAuthCore.build/DerivedSources/resource_bundle_accessor.m

WriteAuxiliaryFile /Users/xinyufang/Library/Developer/Xcode/DerivedData/Buzz-faillbpsmponqzeruhhvskovixzk/Build/Intermediates.noindex/AppAuth.build/Debug-iphonesimulator/AppAuthCore.build/Objects-normal/arm64/AppAuthCore.LinkFileList (in target 'AppAuthCore' from project 'AppAuth')
    cd /Users/xinyufang/Library/Developer/Xcode/DerivedData/Buzz-faillbpsmponqzeruhhvskovixzk/SourcePackages/checkouts/AppAuth-iOS
    write-file /Users/xinyufang/Library/Developer/Xcode/DerivedData/Buzz-faillbpsmponqzeruhhvskovixzk/Build/Intermediates.noindex/AppAuth.build/Debug-iphonesimulator/AppAuthCore.build/Objects-normal/arm64/AppAuthCore.LinkFileList

WriteAuxiliaryFile /Users/xinyufang/Library/Developer/Xcode/DerivedData/Buzz-faillbpsmponqzeruhhvskovixzk/Build/Intermediates.noindex/AppAuth.build/Debug-iphonesimulator/AppAuthCore.build/Objects-normal/arm64/e6072d4f65d7061329687fe24e3d63a7-common-args.resp (in target 'AppAuthCore' from project 'AppAuth')
    cd /Users/xinyufang/Library/Developer/Xcode/DerivedData/Buzz-faillbpsmponqzeruhhvskovixzk/SourcePackages/checkouts/AppAuth-iOS
    write-file /Users/xinyufang/Library/Developer/Xcode/DerivedData/Buzz-faillbpsmponqzeruhhvskovixzk/Build/Intermediates.noindex/AppAuth.build/Debug-iphonesimulator/AppAuthCore.build/Objects-normal/arm64/e6072d4f65d7061329687fe24e3d63a7-common-args.resp
-target arm64-apple-ios12.0-simulator -fobjc-arc -fmodules -gmodules '-fmodules-cache-path=/Users/xinyufang/Library/Developer/Xcode/DerivedData/ModuleCache.noindex' '-fmodule-name=AppAuthCore' -fpascal-strings -O0 -DSWIFT_PACKAGE '-DDEBUG=1' '-DOBJC_OLD_DISPATCH_PROTOTYPES=1' -isysroot /Applications/Xcode.app/Contents/Developer/Platforms/iPhoneSimulator.platform/Developer/SDKs/iPhoneSimulator26.0.sdk -g '-fobjc-abi-version=2' -fobjc-legacy-dispatch -I/Users/xinyufang/Library/Developer/Xcode/DerivedData/Buzz-faillbpsmponqzeruhhvskovixzk/Build/Products/Debug-iphonesimulator/include -I/Users/xinyufang/Library/Developer/Xcode/DerivedData/Buzz-faillbpsmponqzeruhhvskovixzk/SourcePackages/checkouts/AppAuth-iOS/Sources/AppAuthCore -I/Users/xinyufang/Library/Developer/Xcode/DerivedData/Buzz-faillbpsmponqzeruhhvskovixzk/Build/Intermediates.noindex/AppAuth.build/Debug-iphonesimulator/AppAuthCore.build/DerivedSources-normal/arm64 -I/Users/xinyufang/Library/Developer/Xcode/DerivedData/Buzz-faillbpsmponqzeruhhvskovixzk/Build/Intermediates.noindex/AppAuth.build/Debug-iphonesimulator/AppAuthCore.build/DerivedSources/arm64 -I/Users/xinyufang/Library/Developer/Xcode/DerivedData/Buzz-faillbpsmponqzeruhhvskovixzk/Build/Intermediates.noindex/AppAuth.build/Debug-iphonesimulator/AppAuthCore.build/DerivedSources -F/Users/xinyufang/Library/Developer/Xcode/DerivedData/Buzz-faillbpsmponqzeruhhvskovixzk/Build/Products/Debug-iphonesimulator -iframework /Applications/Xcode.app/Contents/Developer/Platforms/iPhoneSimulator.platform/Developer/Library/Frameworks -iframework /Applications/Xcode.app/Contents/Developer/Platforms/iPhoneSimulator.platform/Developer/SDKs/iPhoneSimulator26.0.sdk/Developer/Library/Frameworks -DXcode

WriteAuxiliaryFile /Users/xinyufang/Library/Developer/Xcode/DerivedData/Buzz-faillbpsmponqzeruhhvskovixzk/Build/Intermediates.noindex/AppAuth.build/Debug-iphonesimulator/AppAuthCore.build/DerivedSources/resource_bundle_accessor.h (in target 'AppAuthCore' from project 'AppAuth')
    cd /Users/xinyufang/Library/Developer/Xcode/DerivedData/Buzz-faillbpsmponqzeruhhvskovixzk/SourcePackages/checkouts/AppAuth-iOS
    write-file /Users/xinyufang/Library/Developer/Xcode/DerivedData/Buzz-faillbpsmponqzeruhhvskovixzk/Build/Intermediates.noindex/AppAuth.build/Debug-iphonesimulator/AppAuthCore.build/DerivedSources/resource_bundle_accessor.h

WriteAuxiliaryFile /Users/xinyufang/Library/Developer/Xcode/DerivedData/Buzz-faillbpsmponqzeruhhvskovixzk/Build/Intermediates.noindex/AppAuth.build/Debug-iphonesimulator/AppAuthCore.build/AppAuthCore.modulemap (in target 'AppAuthCore' from project 'AppAuth')
    cd /Users/xinyufang/Library/Developer/Xcode/DerivedData/Buzz-faillbpsmponqzeruhhvskovixzk/SourcePackages/checkouts/AppAuth-iOS
    write-file /Users/xinyufang/Library/Developer/Xcode/DerivedData/Buzz-faillbpsmponqzeruhhvskovixzk/Build/Intermediates.noindex/AppAuth.build/Debug-iphonesimulator/AppAuthCore.build/AppAuthCore.modulemap

WriteAuxiliaryFile /Users/xinyufang/Library/Developer/Xcode/DerivedData/Buzz-faillbpsmponqzeruhhvskovixzk/Build/Intermediates.noindex/AppAuth.build/Debug-iphonesimulator/AppAuthCore.build/AppAuthCore.DependencyStaticMetadataFileList (in target 'AppAuthCore' from project 'AppAuth')
    cd /Users/xinyufang/Library/Developer/Xcode/DerivedData/Buzz-faillbpsmponqzeruhhvskovixzk/SourcePackages/checkouts/AppAuth-iOS
    write-file /Users/xinyufang/Library/Developer/Xcode/DerivedData/Buzz-faillbpsmponqzeruhhvskovixzk/Build/Intermediates.noindex/AppAuth.build/Debug-iphonesimulator/AppAuthCore.build/AppAuthCore.DependencyStaticMetadataFileList

WriteAuxiliaryFile /Users/xinyufang/Library/Developer/Xcode/DerivedData/Buzz-faillbpsmponqzeruhhvskovixzk/Build/Intermediates.noindex/AppAuth.build/Debug-iphonesimulator/AppAuthCore.build/AppAuthCore.DependencyMetadataFileList (in target 'AppAuthCore' from project 'AppAuth')
    cd /Users/xinyufang/Library/Developer/Xcode/DerivedData/Buzz-faillbpsmponqzeruhhvskovixzk/SourcePackages/checkouts/AppAuth-iOS
    write-file /Users/xinyufang/Library/Developer/Xcode/DerivedData/Buzz-faillbpsmponqzeruhhvskovixzk/Build/Intermediates.noindex/AppAuth.build/Debug-iphonesimulator/AppAuthCore.build/AppAuthCore.DependencyMetadataFileList

WriteAuxiliaryFile /Users/xinyufang/Library/Developer/Xcode/DerivedData/Buzz-faillbpsmponqzeruhhvskovixzk/Build/Intermediates.noindex/AppAuth.build/Debug-iphonesimulator/AppAuth.build/Objects-normal/arm64/e6072d4f65d7061329687fe24e3d63a7-common-args.resp (in target 'AppAuth' from project 'AppAuth')
    cd /Users/xinyufang/Library/Developer/Xcode/DerivedData/Buzz-faillbpsmponqzeruhhvskovixzk/SourcePackages/checkouts/AppAuth-iOS
    write-file /Users/xinyufang/Library/Developer/Xcode/DerivedData/Buzz-faillbpsmponqzeruhhvskovixzk/Build/Intermediates.noindex/AppAuth.build/Debug-iphonesimulator/AppAuth.build/Objects-normal/arm64/e6072d4f65d7061329687fe24e3d63a7-common-args.resp
-target arm64-apple-ios12.0-simulator -fobjc-arc -fmodules -gmodules '-fmodules-cache-path=/Users/xinyufang/Library/Developer/Xcode/DerivedData/ModuleCache.noindex' '-fmodule-name=AppAuth' -fpascal-strings -O0 -DSWIFT_PACKAGE '-DDEBUG=1' '-DOBJC_OLD_DISPATCH_PROTOTYPES=1' -isysroot /Applications/Xcode.app/Contents/Developer/Platforms/iPhoneSimulator.platform/Developer/SDKs/iPhoneSimulator26.0.sdk -g '-fobjc-abi-version=2' -fobjc-legacy-dispatch -I/Users/xinyufang/Library/Developer/Xcode/DerivedData/Buzz-faillbpsmponqzeruhhvskovixzk/SourcePackages/checkouts/AppAuth-iOS/Sources/AppAuthCore -I/Users/xinyufang/Library/Developer/Xcode/DerivedData/Buzz-faillbpsmponqzeruhhvskovixzk/Build/Products/Debug-iphonesimulator/include -I/Users/xinyufang/Library/Developer/Xcode/DerivedData/Buzz-faillbpsmponqzeruhhvskovixzk/SourcePackages/checkouts/AppAuth-iOS/Sources/AppAuth -I/Users/xinyufang/Library/Developer/Xcode/DerivedData/Buzz-faillbpsmponqzeruhhvskovixzk/SourcePackages/checkouts/AppAuth-iOS/Sources/AppAuth/iOS -I/Users/xinyufang/Library/Developer/Xcode/DerivedData/Buzz-faillbpsmponqzeruhhvskovixzk/SourcePackages/checkouts/AppAuth-iOS/Sources/AppAuth/macOS -I/Users/xinyufang/Library/Developer/Xcode/DerivedData/Buzz-faillbpsmponqzeruhhvskovixzk/SourcePackages/checkouts/AppAuth-iOS/Sources/AppAuth/macOS/LoopbackHTTPServer -I/Users/xinyufang/Library/Developer/Xcode/DerivedData/Buzz-faillbpsmponqzeruhhvskovixzk/Build/Intermediates.noindex/AppAuth.build/Debug-iphonesimulator/AppAuth.build/DerivedSources-normal/arm64 -I/Users/xinyufang/Library/Developer/Xcode/DerivedData/Buzz-faillbpsmponqzeruhhvskovixzk/Build/Intermediates.noindex/AppAuth.build/Debug-iphonesimulator/AppAuth.build/DerivedSources/arm64 -I/Users/xinyufang/Library/Developer/Xcode/DerivedData/Buzz-faillbpsmponqzeruhhvskovixzk/Build/Intermediates.noindex/AppAuth.build/Debug-iphonesimulator/AppAuth.build/DerivedSources -F/Users/xinyufang/Library/Developer/Xcode/DerivedData/Buzz-faillbpsmponqzeruhhvskovixzk/Build/Products/Debug-iphonesimulator/PackageFrameworks -F/Users/xinyufang/Library/Developer/Xcode/DerivedData/Buzz-faillbpsmponqzeruhhvskovixzk/Build/Products/Debug-iphonesimulator -iframework /Applications/Xcode.app/Contents/Developer/Platforms/iPhoneSimulator.platform/Developer/Library/Frameworks -iframework /Applications/Xcode.app/Contents/Developer/Platforms/iPhoneSimulator.platform/Developer/SDKs/iPhoneSimulator26.0.sdk/Developer/Library/Frameworks '-fmodule-map-file=/Users/xinyufang/Library/Developer/Xcode/DerivedData/Buzz-faillbpsmponqzeruhhvskovixzk/Build/Intermediates.noindex/GeneratedModuleMaps-iphonesimulator/AppAuthCore.modulemap' -DXcode

WriteAuxiliaryFile /Users/xinyufang/Library/Developer/Xcode/DerivedData/Buzz-faillbpsmponqzeruhhvskovixzk/Build/Intermediates.noindex/AppAuth.build/Debug-iphonesimulator/AppAuth.build/Objects-normal/arm64/AppAuth.LinkFileList (in target 'AppAuth' from project 'AppAuth')
    cd /Users/xinyufang/Library/Developer/Xcode/DerivedData/Buzz-faillbpsmponqzeruhhvskovixzk/SourcePackages/checkouts/AppAuth-iOS
    write-file /Users/xinyufang/Library/Developer/Xcode/DerivedData/Buzz-faillbpsmponqzeruhhvskovixzk/Build/Intermediates.noindex/AppAuth.build/Debug-iphonesimulator/AppAuth.build/Objects-normal/arm64/AppAuth.LinkFileList

WriteAuxiliaryFile /Users/xinyufang/Library/Developer/Xcode/DerivedData/Buzz-faillbpsmponqzeruhhvskovixzk/Build/Intermediates.noindex/AppAuth.build/Debug-iphonesimulator/AppAuth.build/DerivedSources/resource_bundle_accessor.m (in target 'AppAuth' from project 'AppAuth')
    cd /Users/xinyufang/Library/Developer/Xcode/DerivedData/Buzz-faillbpsmponqzeruhhvskovixzk/SourcePackages/checkouts/AppAuth-iOS
    write-file /Users/xinyufang/Library/Developer/Xcode/DerivedData/Buzz-faillbpsmponqzeruhhvskovixzk/Build/Intermediates.noindex/AppAuth.build/Debug-iphonesimulator/AppAuth.build/DerivedSources/resource_bundle_accessor.m

WriteAuxiliaryFile /Users/xinyufang/Library/Developer/Xcode/DerivedData/Buzz-faillbpsmponqzeruhhvskovixzk/Build/Intermediates.noindex/AppAuth.build/Debug-iphonesimulator/AppAuth.build/DerivedSources/resource_bundle_accessor.h (in target 'AppAuth' from project 'AppAuth')
    cd /Users/xinyufang/Library/Developer/Xcode/DerivedData/Buzz-faillbpsmponqzeruhhvskovixzk/SourcePackages/checkouts/AppAuth-iOS
    write-file /Users/xinyufang/Library/Developer/Xcode/DerivedData/Buzz-faillbpsmponqzeruhhvskovixzk/Build/Intermediates.noindex/AppAuth.build/Debug-iphonesimulator/AppAuth.build/DerivedSources/resource_bundle_accessor.h

WriteAuxiliaryFile /Users/xinyufang/Library/Developer/Xcode/DerivedData/Buzz-faillbpsmponqzeruhhvskovixzk/Build/Intermediates.noindex/AppAuth.build/Debug-iphonesimulator/AppAuth.build/AppAuth.modulemap (in target 'AppAuth' from project 'AppAuth')
    cd /Users/xinyufang/Library/Developer/Xcode/DerivedData/Buzz-faillbpsmponqzeruhhvskovixzk/SourcePackages/checkouts/AppAuth-iOS
    write-file /Users/xinyufang/Library/Developer/Xcode/DerivedData/Buzz-faillbpsmponqzeruhhvskovixzk/Build/Intermediates.noindex/AppAuth.build/Debug-iphonesimulator/AppAuth.build/AppAuth.modulemap

Copy /Users/xinyufang/Library/Developer/Xcode/DerivedData/Buzz-faillbpsmponqzeruhhvskovixzk/Build/Intermediates.noindex/GeneratedModuleMaps-iphonesimulator/AppAuthCore.modulemap /Users/xinyufang/Library/Developer/Xcode/DerivedData/Buzz-faillbpsmponqzeruhhvskovixzk/Build/Intermediates.noindex/AppAuth.build/Debug-iphonesimulator/AppAuthCore.build/AppAuthCore.modulemap (in target 'AppAuthCore' from project 'AppAuth')
    cd /Users/xinyufang/Library/Developer/Xcode/DerivedData/Buzz-faillbpsmponqzeruhhvskovixzk/SourcePackages/checkouts/AppAuth-iOS
    builtin-copy -exclude .DS_Store -exclude CVS -exclude .svn -exclude .git -exclude .hg -resolve-src-symlinks /Users/xinyufang/Library/Developer/Xcode/DerivedData/Buzz-faillbpsmponqzeruhhvskovixzk/Build/Intermediates.noindex/AppAuth.build/Debug-iphonesimulator/AppAuthCore.build/AppAuthCore.modulemap /Users/xinyufang/Library/Developer/Xcode/DerivedData/Buzz-faillbpsmponqzeruhhvskovixzk/Build/Intermediates.noindex/GeneratedModuleMaps-iphonesimulator

WriteAuxiliaryFile /Users/xinyufang/Library/Developer/Xcode/DerivedData/Buzz-faillbpsmponqzeruhhvskovixzk/Build/Intermediates.noindex/AppAuth.build/Debug-iphonesimulator/AppAuth.build/AppAuth.DependencyStaticMetadataFileList (in target 'AppAuth' from project 'AppAuth')
    cd /Users/xinyufang/Library/Developer/Xcode/DerivedData/Buzz-faillbpsmponqzeruhhvskovixzk/SourcePackages/checkouts/AppAuth-iOS
    write-file /Users/xinyufang/Library/Developer/Xcode/DerivedData/Buzz-faillbpsmponqzeruhhvskovixzk/Build/Intermediates.noindex/AppAuth.build/Debug-iphonesimulator/AppAuth.build/AppAuth.DependencyStaticMetadataFileList

WriteAuxiliaryFile /Users/xinyufang/Library/Developer/Xcode/DerivedData/Buzz-faillbpsmponqzeruhhvskovixzk/Build/Intermediates.noindex/AppAuth.build/Debug-iphonesimulator/AppAuth.build/AppAuth.DependencyMetadataFileList (in target 'AppAuth' from project 'AppAuth')
    cd /Users/xinyufang/Library/Developer/Xcode/DerivedData/Buzz-faillbpsmponqzeruhhvskovixzk/SourcePackages/checkouts/AppAuth-iOS
    write-file /Users/xinyufang/Library/Developer/Xcode/DerivedData/Buzz-faillbpsmponqzeruhhvskovixzk/Build/Intermediates.noindex/AppAuth.build/Debug-iphonesimulator/AppAuth.build/AppAuth.DependencyMetadataFileList

MkDir /Users/xinyufang/Library/Developer/Xcode/DerivedData/Buzz-faillbpsmponqzeruhhvskovixzk/Build/Products/Debug-iphonesimulator/swift-crypto_Crypto.bundle (in target 'swift-crypto_Crypto' from project 'swift-crypto')
    cd /Users/xinyufang/Library/Developer/Xcode/DerivedData/Buzz-faillbpsmponqzeruhhvskovixzk/SourcePackages/checkouts/swift-crypto
    /bin/mkdir -p /Users/xinyufang/Library/Developer/Xcode/DerivedData/Buzz-faillbpsmponqzeruhhvskovixzk/Build/Products/Debug-iphonesimulator/swift-crypto_Crypto.bundle

Copy /Users/xinyufang/Library/Developer/Xcode/DerivedData/Buzz-faillbpsmponqzeruhhvskovixzk/Build/Intermediates.noindex/GeneratedModuleMaps-iphonesimulator/AppAuth.modulemap /Users/xinyufang/Library/Developer/Xcode/DerivedData/Buzz-faillbpsmponqzeruhhvskovixzk/Build/Intermediates.noindex/AppAuth.build/Debug-iphonesimulator/AppAuth.build/AppAuth.modulemap (in target 'AppAuth' from project 'AppAuth')
    cd /Users/xinyufang/Library/Developer/Xcode/DerivedData/Buzz-faillbpsmponqzeruhhvskovixzk/SourcePackages/checkouts/AppAuth-iOS
    builtin-copy -exclude .DS_Store -exclude CVS -exclude .svn -exclude .git -exclude .hg -resolve-src-symlinks /Users/xinyufang/Library/Developer/Xcode/DerivedData/Buzz-faillbpsmponqzeruhhvskovixzk/Build/Intermediates.noindex/AppAuth.build/Debug-iphonesimulator/AppAuth.build/AppAuth.modulemap /Users/xinyufang/Library/Developer/Xcode/DerivedData/Buzz-faillbpsmponqzeruhhvskovixzk/Build/Intermediates.noindex/GeneratedModuleMaps-iphonesimulator

MkDir /Users/xinyufang/Library/Developer/Xcode/DerivedData/Buzz-faillbpsmponqzeruhhvskovixzk/Build/Products/Debug-iphonesimulator/Stripe_StripeUICore.bundle (in target 'Stripe_StripeUICore' from project 'Stripe')
    cd /Users/xinyufang/Library/Developer/Xcode/DerivedData/Buzz-faillbpsmponqzeruhhvskovixzk/SourcePackages/checkouts/stripe-ios-spm
    /bin/mkdir -p /Users/xinyufang/Library/Developer/Xcode/DerivedData/Buzz-faillbpsmponqzeruhhvskovixzk/Build/Products/Debug-iphonesimulator/Stripe_StripeUICore.bundle

MkDir /Users/xinyufang/Library/Developer/Xcode/DerivedData/Buzz-faillbpsmponqzeruhhvskovixzk/Build/Products/Debug-iphonesimulator/Stripe_StripePaymentsUI.bundle (in target 'Stripe_StripePaymentsUI' from project 'Stripe')
    cd /Users/xinyufang/Library/Developer/Xcode/DerivedData/Buzz-faillbpsmponqzeruhhvskovixzk/SourcePackages/checkouts/stripe-ios-spm
    /bin/mkdir -p /Users/xinyufang/Library/Developer/Xcode/DerivedData/Buzz-faillbpsmponqzeruhhvskovixzk/Build/Products/Debug-iphonesimulator/Stripe_StripePaymentsUI.bundle

MkDir /Users/xinyufang/Library/Developer/Xcode/DerivedData/Buzz-faillbpsmponqzeruhhvskovixzk/Build/Products/Debug-iphonesimulator/Stripe_StripePayments.bundle (in target 'Stripe_StripePayments' from project 'Stripe')
    cd /Users/xinyufang/Library/Developer/Xcode/DerivedData/Buzz-faillbpsmponqzeruhhvskovixzk/SourcePackages/checkouts/stripe-ios-spm
    /bin/mkdir -p /Users/xinyufang/Library/Developer/Xcode/DerivedData/Buzz-faillbpsmponqzeruhhvskovixzk/Build/Products/Debug-iphonesimulator/Stripe_StripePayments.bundle

MkDir /Users/xinyufang/Library/Developer/Xcode/DerivedData/Buzz-faillbpsmponqzeruhhvskovixzk/Build/Products/Debug-iphonesimulator/Stripe_StripePaymentSheet.bundle (in target 'Stripe_StripePaymentSheet' from project 'Stripe')
    cd /Users/xinyufang/Library/Developer/Xcode/DerivedData/Buzz-faillbpsmponqzeruhhvskovixzk/SourcePackages/checkouts/stripe-ios-spm
    /bin/mkdir -p /Users/xinyufang/Library/Developer/Xcode/DerivedData/Buzz-faillbpsmponqzeruhhvskovixzk/Build/Products/Debug-iphonesimulator/Stripe_StripePaymentSheet.bundle

MkDir /Users/xinyufang/Library/Developer/Xcode/DerivedData/Buzz-faillbpsmponqzeruhhvskovixzk/Build/Products/Debug-iphonesimulator/Stripe_StripeIdentity.bundle (in target 'Stripe_StripeIdentity' from project 'Stripe')
    cd /Users/xinyufang/Library/Developer/Xcode/DerivedData/Buzz-faillbpsmponqzeruhhvskovixzk/SourcePackages/checkouts/stripe-ios-spm
    /bin/mkdir -p /Users/xinyufang/Library/Developer/Xcode/DerivedData/Buzz-faillbpsmponqzeruhhvskovixzk/Build/Products/Debug-iphonesimulator/Stripe_StripeIdentity.bundle

MkDir /Users/xinyufang/Library/Developer/Xcode/DerivedData/Buzz-faillbpsmponqzeruhhvskovixzk/Build/Products/Debug-iphonesimulator/Stripe_StripeFinancialConnections.bundle (in target 'Stripe_StripeFinancialConnections' from project 'Stripe')
    cd /Users/xinyufang/Library/Developer/Xcode/DerivedData/Buzz-faillbpsmponqzeruhhvskovixzk/SourcePackages/checkouts/stripe-ios-spm
    /bin/mkdir -p /Users/xinyufang/Library/Developer/Xcode/DerivedData/Buzz-faillbpsmponqzeruhhvskovixzk/Build/Products/Debug-iphonesimulator/Stripe_StripeFinancialConnections.bundle

MkDir /Users/xinyufang/Library/Developer/Xcode/DerivedData/Buzz-faillbpsmponqzeruhhvskovixzk/Build/Products/Debug-iphonesimulator/Stripe_StripeCore.bundle (in target 'Stripe_StripeCore' from project 'Stripe')
    cd /Users/xinyufang/Library/Developer/Xcode/DerivedData/Buzz-faillbpsmponqzeruhhvskovixzk/SourcePackages/checkouts/stripe-ios-spm
    /bin/mkdir -p /Users/xinyufang/Library/Developer/Xcode/DerivedData/Buzz-faillbpsmponqzeruhhvskovixzk/Build/Products/Debug-iphonesimulator/Stripe_StripeCore.bundle

MkDir /Users/xinyufang/Library/Developer/Xcode/DerivedData/Buzz-faillbpsmponqzeruhhvskovixzk/Build/Products/Debug-iphonesimulator/Stripe_StripeConnect.bundle (in target 'Stripe_StripeConnect' from project 'Stripe')
    cd /Users/xinyufang/Library/Developer/Xcode/DerivedData/Buzz-faillbpsmponqzeruhhvskovixzk/SourcePackages/checkouts/stripe-ios-spm
    /bin/mkdir -p /Users/xinyufang/Library/Developer/Xcode/DerivedData/Buzz-faillbpsmponqzeruhhvskovixzk/Build/Products/Debug-iphonesimulator/Stripe_StripeConnect.bundle

MkDir /Users/xinyufang/Library/Developer/Xcode/DerivedData/Buzz-faillbpsmponqzeruhhvskovixzk/Build/Products/Debug-iphonesimulator/Stripe_StripeCardScan.bundle (in target 'Stripe_StripeCardScan' from project 'Stripe')
    cd /Users/xinyufang/Library/Developer/Xcode/DerivedData/Buzz-faillbpsmponqzeruhhvskovixzk/SourcePackages/checkouts/stripe-ios-spm
    /bin/mkdir -p /Users/xinyufang/Library/Developer/Xcode/DerivedData/Buzz-faillbpsmponqzeruhhvskovixzk/Build/Products/Debug-iphonesimulator/Stripe_StripeCardScan.bundle

MkDir /Users/xinyufang/Library/Developer/Xcode/DerivedData/Buzz-faillbpsmponqzeruhhvskovixzk/Build/Products/Debug-iphonesimulator/Stripe_Stripe3DS2.bundle (in target 'Stripe_Stripe3DS2' from project 'Stripe')
    cd /Users/xinyufang/Library/Developer/Xcode/DerivedData/Buzz-faillbpsmponqzeruhhvskovixzk/SourcePackages/checkouts/stripe-ios-spm
    /bin/mkdir -p /Users/xinyufang/Library/Developer/Xcode/DerivedData/Buzz-faillbpsmponqzeruhhvskovixzk/Build/Products/Debug-iphonesimulator/Stripe_Stripe3DS2.bundle

MkDir /Users/xinyufang/Library/Developer/Xcode/DerivedData/Buzz-faillbpsmponqzeruhhvskovixzk/Build/Products/Debug-iphonesimulator/Stripe_Stripe.bundle (in target 'Stripe_Stripe' from project 'Stripe')
    cd /Users/xinyufang/Library/Developer/Xcode/DerivedData/Buzz-faillbpsmponqzeruhhvskovixzk/SourcePackages/checkouts/stripe-ios-spm
    /bin/mkdir -p /Users/xinyufang/Library/Developer/Xcode/DerivedData/Buzz-faillbpsmponqzeruhhvskovixzk/Build/Products/Debug-iphonesimulator/Stripe_Stripe.bundle

MkDir /Users/xinyufang/Library/Developer/Xcode/DerivedData/Buzz-faillbpsmponqzeruhhvskovixzk/Build/Products/Debug-iphonesimulator/Promises_FBLPromises.bundle (in target 'Promises_FBLPromises' from project 'Promises')
    cd /Users/xinyufang/Library/Developer/Xcode/DerivedData/Buzz-faillbpsmponqzeruhhvskovixzk/SourcePackages/checkouts/promises
    /bin/mkdir -p /Users/xinyufang/Library/Developer/Xcode/DerivedData/Buzz-faillbpsmponqzeruhhvskovixzk/Build/Products/Debug-iphonesimulator/Promises_FBLPromises.bundle

MkDir /Users/xinyufang/Library/Developer/Xcode/DerivedData/Buzz-faillbpsmponqzeruhhvskovixzk/Build/Products/Debug-iphonesimulator/GoogleUtilities_GoogleUtilities-UserDefaults.bundle (in target 'GoogleUtilities_GoogleUtilities-UserDefaults' from project 'GoogleUtilities')
    cd /Users/xinyufang/Library/Developer/Xcode/DerivedData/Buzz-faillbpsmponqzeruhhvskovixzk/SourcePackages/checkouts/GoogleUtilities
    /bin/mkdir -p /Users/xinyufang/Library/Developer/Xcode/DerivedData/Buzz-faillbpsmponqzeruhhvskovixzk/Build/Products/Debug-iphonesimulator/GoogleUtilities_GoogleUtilities-UserDefaults.bundle

MkDir /Users/xinyufang/Library/Developer/Xcode/DerivedData/Buzz-faillbpsmponqzeruhhvskovixzk/Build/Products/Debug-iphonesimulator/GoogleUtilities_GoogleUtilities-Logger.bundle (in target 'GoogleUtilities_GoogleUtilities-Logger' from project 'GoogleUtilities')
    cd /Users/xinyufang/Library/Developer/Xcode/DerivedData/Buzz-faillbpsmponqzeruhhvskovixzk/SourcePackages/checkouts/GoogleUtilities
    /bin/mkdir -p /Users/xinyufang/Library/Developer/Xcode/DerivedData/Buzz-faillbpsmponqzeruhhvskovixzk/Build/Products/Debug-iphonesimulator/GoogleUtilities_GoogleUtilities-Logger.bundle

MkDir /Users/xinyufang/Library/Developer/Xcode/DerivedData/Buzz-faillbpsmponqzeruhhvskovixzk/Build/Products/Debug-iphonesimulator/GoogleUtilities_GoogleUtilities-Environment.bundle (in target 'GoogleUtilities_GoogleUtilities-Environment' from project 'GoogleUtilities')
    cd /Users/xinyufang/Library/Developer/Xcode/DerivedData/Buzz-faillbpsmponqzeruhhvskovixzk/SourcePackages/checkouts/GoogleUtilities
    /bin/mkdir -p /Users/xinyufang/Library/Developer/Xcode/DerivedData/Buzz-faillbpsmponqzeruhhvskovixzk/Build/Products/Debug-iphonesimulator/GoogleUtilities_GoogleUtilities-Environment.bundle

MkDir /Users/xinyufang/Library/Developer/Xcode/DerivedData/Buzz-faillbpsmponqzeruhhvskovixzk/Build/Products/Debug-iphonesimulator/GoogleSignIn_GoogleSignInSwift.bundle (in target 'GoogleSignIn_GoogleSignInSwift' from project 'GoogleSignIn')
    cd /Users/xinyufang/Library/Developer/Xcode/DerivedData/Buzz-faillbpsmponqzeruhhvskovixzk/SourcePackages/checkouts/GoogleSignIn-iOS
    /bin/mkdir -p /Users/xinyufang/Library/Developer/Xcode/DerivedData/Buzz-faillbpsmponqzeruhhvskovixzk/Build/Products/Debug-iphonesimulator/GoogleSignIn_GoogleSignInSwift.bundle

MkDir /Users/xinyufang/Library/Developer/Xcode/DerivedData/Buzz-faillbpsmponqzeruhhvskovixzk/Build/Products/Debug-iphonesimulator/GoogleSignIn_GoogleSignIn.bundle (in target 'GoogleSignIn_GoogleSignIn' from project 'GoogleSignIn')
    cd /Users/xinyufang/Library/Developer/Xcode/DerivedData/Buzz-faillbpsmponqzeruhhvskovixzk/SourcePackages/checkouts/GoogleSignIn-iOS
    /bin/mkdir -p /Users/xinyufang/Library/Developer/Xcode/DerivedData/Buzz-faillbpsmponqzeruhhvskovixzk/Build/Products/Debug-iphonesimulator/GoogleSignIn_GoogleSignIn.bundle

MkDir /Users/xinyufang/Library/Developer/Xcode/DerivedData/Buzz-faillbpsmponqzeruhhvskovixzk/Build/Products/Debug-iphonesimulator/GTMSessionFetcher_GTMSessionFetcherCore.bundle (in target 'GTMSessionFetcher_GTMSessionFetcherCore' from project 'GTMSessionFetcher')
    cd /Users/xinyufang/Library/Developer/Xcode/DerivedData/Buzz-faillbpsmponqzeruhhvskovixzk/SourcePackages/checkouts/gtm-session-fetcher
    /bin/mkdir -p /Users/xinyufang/Library/Developer/Xcode/DerivedData/Buzz-faillbpsmponqzeruhhvskovixzk/Build/Products/Debug-iphonesimulator/GTMSessionFetcher_GTMSessionFetcherCore.bundle

MkDir /Users/xinyufang/Library/Developer/Xcode/DerivedData/Buzz-faillbpsmponqzeruhhvskovixzk/Build/Products/Debug-iphonesimulator/GTMAppAuth_GTMAppAuth.bundle (in target 'GTMAppAuth_GTMAppAuth' from project 'GTMAppAuth')
    cd /Users/xinyufang/Library/Developer/Xcode/DerivedData/Buzz-faillbpsmponqzeruhhvskovixzk/SourcePackages/checkouts/GTMAppAuth
    /bin/mkdir -p /Users/xinyufang/Library/Developer/Xcode/DerivedData/Buzz-faillbpsmponqzeruhhvskovixzk/Build/Products/Debug-iphonesimulator/GTMAppAuth_GTMAppAuth.bundle

MkDir /Users/xinyufang/Library/Developer/Xcode/DerivedData/Buzz-faillbpsmponqzeruhhvskovixzk/Build/Products/Debug-iphonesimulator/Buzz.app (in target 'Buzz' from project 'Buzz')
    cd /Users/xinyufang/Documents/Buzz
    /bin/mkdir -p /Users/xinyufang/Library/Developer/Xcode/DerivedData/Buzz-faillbpsmponqzeruhhvskovixzk/Build/Products/Debug-iphonesimulator/Buzz.app

MkDir /Users/xinyufang/Library/Developer/Xcode/DerivedData/Buzz-faillbpsmponqzeruhhvskovixzk/Build/Products/Debug-iphonesimulator/AppAuth_AppAuthCore.bundle (in target 'AppAuth_AppAuthCore' from project 'AppAuth')
    cd /Users/xinyufang/Library/Developer/Xcode/DerivedData/Buzz-faillbpsmponqzeruhhvskovixzk/SourcePackages/checkouts/AppAuth-iOS
    /bin/mkdir -p /Users/xinyufang/Library/Developer/Xcode/DerivedData/Buzz-faillbpsmponqzeruhhvskovixzk/Build/Products/Debug-iphonesimulator/AppAuth_AppAuthCore.bundle

MkDir /Users/xinyufang/Library/Developer/Xcode/DerivedData/Buzz-faillbpsmponqzeruhhvskovixzk/Build/Products/Debug-iphonesimulator/AppAuth_AppAuth.bundle (in target 'AppAuth_AppAuth' from project 'AppAuth')
    cd /Users/xinyufang/Library/Developer/Xcode/DerivedData/Buzz-faillbpsmponqzeruhhvskovixzk/SourcePackages/checkouts/AppAuth-iOS
    /bin/mkdir -p /Users/xinyufang/Library/Developer/Xcode/DerivedData/Buzz-faillbpsmponqzeruhhvskovixzk/Build/Products/Debug-iphonesimulator/AppAuth_AppAuth.bundle

ProcessInfoPlistFile /Users/xinyufang/Library/Developer/Xcode/DerivedData/Buzz-faillbpsmponqzeruhhvskovixzk/Build/Products/Debug-iphonesimulator/swift-crypto_Crypto.bundle/Info.plist /Users/xinyufang/Library/Developer/Xcode/DerivedData/Buzz-faillbpsmponqzeruhhvskovixzk/Build/Intermediates.noindex/swift-crypto.build/Debug-iphonesimulator/swift-crypto_Crypto.build/empty-swift-crypto_Crypto.plist (in target 'swift-crypto_Crypto' from project 'swift-crypto')
    cd /Users/xinyufang/Library/Developer/Xcode/DerivedData/Buzz-faillbpsmponqzeruhhvskovixzk/SourcePackages/checkouts/swift-crypto
    builtin-infoPlistUtility /Users/xinyufang/Library/Developer/Xcode/DerivedData/Buzz-faillbpsmponqzeruhhvskovixzk/Build/Intermediates.noindex/swift-crypto.build/Debug-iphonesimulator/swift-crypto_Crypto.build/empty-swift-crypto_Crypto.plist -producttype com.apple.product-type.bundle -expandbuildsettings -format binary -platform iphonesimulator -o /Users/xinyufang/Library/Developer/Xcode/DerivedData/Buzz-faillbpsmponqzeruhhvskovixzk/Build/Products/Debug-iphonesimulator/swift-crypto_Crypto.bundle/Info.plist

CpResource /Users/xinyufang/Library/Developer/Xcode/DerivedData/Buzz-faillbpsmponqzeruhhvskovixzk/Build/Products/Debug-iphonesimulator/swift-crypto_Crypto.bundle/PrivacyInfo.xcprivacy /Users/xinyufang/Library/Developer/Xcode/DerivedData/Buzz-faillbpsmponqzeruhhvskovixzk/SourcePackages/checkouts/swift-crypto/Sources/Crypto/PrivacyInfo.xcprivacy (in target 'swift-crypto_Crypto' from project 'swift-crypto')
    cd /Users/xinyufang/Library/Developer/Xcode/DerivedData/Buzz-faillbpsmponqzeruhhvskovixzk/SourcePackages/checkouts/swift-crypto
    builtin-copy -exclude .DS_Store -exclude CVS -exclude .svn -exclude .git -exclude .hg -resolve-src-symlinks /Users/xinyufang/Library/Developer/Xcode/DerivedData/Buzz-faillbpsmponqzeruhhvskovixzk/SourcePackages/checkouts/swift-crypto/Sources/Crypto/PrivacyInfo.xcprivacy /Users/xinyufang/Library/Developer/Xcode/DerivedData/Buzz-faillbpsmponqzeruhhvskovixzk/Build/Products/Debug-iphonesimulator/swift-crypto_Crypto.bundle

MkDir /Users/xinyufang/Library/Developer/Xcode/DerivedData/Buzz-faillbpsmponqzeruhhvskovixzk/Build/Intermediates.noindex/Stripe.build/Debug-iphonesimulator/Stripe_StripeUICore.build/assetcatalog_output/unthinned (in target 'Stripe_StripeUICore' from project 'Stripe')
    cd /Users/xinyufang/Library/Developer/Xcode/DerivedData/Buzz-faillbpsmponqzeruhhvskovixzk/SourcePackages/checkouts/stripe-ios-spm
    /bin/mkdir -p /Users/xinyufang/Library/Developer/Xcode/DerivedData/Buzz-faillbpsmponqzeruhhvskovixzk/Build/Intermediates.noindex/Stripe.build/Debug-iphonesimulator/Stripe_StripeUICore.build/assetcatalog_output/unthinned

MkDir /Users/xinyufang/Library/Developer/Xcode/DerivedData/Buzz-faillbpsmponqzeruhhvskovixzk/Build/Intermediates.noindex/Stripe.build/Debug-iphonesimulator/Stripe_StripeUICore.build/assetcatalog_output/thinned (in target 'Stripe_StripeUICore' from project 'Stripe')
    cd /Users/xinyufang/Library/Developer/Xcode/DerivedData/Buzz-faillbpsmponqzeruhhvskovixzk/SourcePackages/checkouts/stripe-ios-spm
    /bin/mkdir -p /Users/xinyufang/Library/Developer/Xcode/DerivedData/Buzz-faillbpsmponqzeruhhvskovixzk/Build/Intermediates.noindex/Stripe.build/Debug-iphonesimulator/Stripe_StripeUICore.build/assetcatalog_output/thinned

CpResource /Users/xinyufang/Library/Developer/Xcode/DerivedData/Buzz-faillbpsmponqzeruhhvskovixzk/Build/Products/Debug-iphonesimulator/Stripe_StripeUICore.bundle/zh-Hant.lproj/Localizable.strings /Users/xinyufang/Library/Developer/Xcode/DerivedData/Buzz-faillbpsmponqzeruhhvskovixzk/SourcePackages/checkouts/stripe-ios-spm/StripeUICore/StripeUICore/Resources/Localizations/zh-Hant.lproj/Localizable.strings (in target 'Stripe_StripeUICore' from project 'Stripe')
    cd /Users/xinyufang/Library/Developer/Xcode/DerivedData/Buzz-faillbpsmponqzeruhhvskovixzk/SourcePackages/checkouts/stripe-ios-spm
    builtin-copy -exclude .DS_Store -exclude CVS -exclude .svn -exclude .git -exclude .hg -resolve-src-symlinks /Users/xinyufang/Library/Developer/Xcode/DerivedData/Buzz-faillbpsmponqzeruhhvskovixzk/SourcePackages/checkouts/stripe-ios-spm/StripeUICore/StripeUICore/Resources/Localizations/zh-Hant.lproj/Localizable.strings /Users/xinyufang/Library/Developer/Xcode/DerivedData/Buzz-faillbpsmponqzeruhhvskovixzk/Build/Products/Debug-iphonesimulator/Stripe_StripeUICore.bundle/zh-Hant.lproj

CpResource /Users/xinyufang/Library/Developer/Xcode/DerivedData/Buzz-faillbpsmponqzeruhhvskovixzk/Build/Products/Debug-iphonesimulator/Stripe_StripeUICore.bundle/zh-Hans.lproj/Localizable.strings /Users/xinyufang/Library/Developer/Xcode/DerivedData/Buzz-faillbpsmponqzeruhhvskovixzk/SourcePackages/checkouts/stripe-ios-spm/StripeUICore/StripeUICore/Resources/Localizations/zh-Hans.lproj/Localizable.strings (in target 'Stripe_StripeUICore' from project 'Stripe')
    cd /Users/xinyufang/Library/Developer/Xcode/DerivedData/Buzz-faillbpsmponqzeruhhvskovixzk/SourcePackages/checkouts/stripe-ios-spm
    builtin-copy -exclude .DS_Store -exclude CVS -exclude .svn -exclude .git -exclude .hg -resolve-src-symlinks /Users/xinyufang/Library/Developer/Xcode/DerivedData/Buzz-faillbpsmponqzeruhhvskovixzk/SourcePackages/checkouts/stripe-ios-spm/StripeUICore/StripeUICore/Resources/Localizations/zh-Hans.lproj/Localizable.strings /Users/xinyufang/Library/Developer/Xcode/DerivedData/Buzz-faillbpsmponqzeruhhvskovixzk/Build/Products/Debug-iphonesimulator/Stripe_StripeUICore.bundle/zh-Hans.lproj

CpResource /Users/xinyufang/Library/Developer/Xcode/DerivedData/Buzz-faillbpsmponqzeruhhvskovixzk/Build/Products/Debug-iphonesimulator/Stripe_StripeUICore.bundle/zh-HK.lproj/Localizable.strings /Users/xinyufang/Library/Developer/Xcode/DerivedData/Buzz-faillbpsmponqzeruhhvskovixzk/SourcePackages/checkouts/stripe-ios-spm/StripeUICore/StripeUICore/Resources/Localizations/zh-HK.lproj/Localizable.strings (in target 'Stripe_StripeUICore' from project 'Stripe')
    cd /Users/xinyufang/Library/Developer/Xcode/DerivedData/Buzz-faillbpsmponqzeruhhvskovixzk/SourcePackages/checkouts/stripe-ios-spm
    builtin-copy -exclude .DS_Store -exclude CVS -exclude .svn -exclude .git -exclude .hg -resolve-src-symlinks /Users/xinyufang/Library/Developer/Xcode/DerivedData/Buzz-faillbpsmponqzeruhhvskovixzk/SourcePackages/checkouts/stripe-ios-spm/StripeUICore/StripeUICore/Resources/Localizations/zh-HK.lproj/Localizable.strings /Users/xinyufang/Library/Developer/Xcode/DerivedData/Buzz-faillbpsmponqzeruhhvskovixzk/Build/Products/Debug-iphonesimulator/Stripe_StripeUICore.bundle/zh-HK.lproj

CpResource /Users/xinyufang/Library/Developer/Xcode/DerivedData/Buzz-faillbpsmponqzeruhhvskovixzk/Build/Products/Debug-iphonesimulator/Stripe_StripeUICore.bundle/vi.lproj/Localizable.strings /Users/xinyufang/Library/Developer/Xcode/DerivedData/Buzz-faillbpsmponqzeruhhvskovixzk/SourcePackages/checkouts/stripe-ios-spm/StripeUICore/StripeUICore/Resources/Localizations/vi.lproj/Localizable.strings (in target 'Stripe_StripeUICore' from project 'Stripe')
    cd /Users/xinyufang/Library/Developer/Xcode/DerivedData/Buzz-faillbpsmponqzeruhhvskovixzk/SourcePackages/checkouts/stripe-ios-spm
    builtin-copy -exclude .DS_Store -exclude CVS -exclude .svn -exclude .git -exclude .hg -resolve-src-symlinks /Users/xinyufang/Library/Developer/Xcode/DerivedData/Buzz-faillbpsmponqzeruhhvskovixzk/SourcePackages/checkouts/stripe-ios-spm/StripeUICore/StripeUICore/Resources/Localizations/vi.lproj/Localizable.strings /Users/xinyufang/Library/Developer/Xcode/DerivedData/Buzz-faillbpsmponqzeruhhvskovixzk/Build/Products/Debug-iphonesimulator/Stripe_StripeUICore.bundle/vi.lproj

CpResource /Users/xinyufang/Library/Developer/Xcode/DerivedData/Buzz-faillbpsmponqzeruhhvskovixzk/Build/Products/Debug-iphonesimulator/Stripe_StripeUICore.bundle/tr.lproj/Localizable.strings /Users/xinyufang/Library/Developer/Xcode/DerivedData/Buzz-faillbpsmponqzeruhhvskovixzk/SourcePackages/checkouts/stripe-ios-spm/StripeUICore/StripeUICore/Resources/Localizations/tr.lproj/Localizable.strings (in target 'Stripe_StripeUICore' from project 'Stripe')
    cd /Users/xinyufang/Library/Developer/Xcode/DerivedData/Buzz-faillbpsmponqzeruhhvskovixzk/SourcePackages/checkouts/stripe-ios-spm
    builtin-copy -exclude .DS_Store -exclude CVS -exclude .svn -exclude .git -exclude .hg -resolve-src-symlinks /Users/xinyufang/Library/Developer/Xcode/DerivedData/Buzz-faillbpsmponqzeruhhvskovixzk/SourcePackages/checkouts/stripe-ios-spm/StripeUICore/StripeUICore/Resources/Localizations/tr.lproj/Localizable.strings /Users/xinyufang/Library/Developer/Xcode/DerivedData/Buzz-faillbpsmponqzeruhhvskovixzk/Build/Products/Debug-iphonesimulator/Stripe_StripeUICore.bundle/tr.lproj

CpResource /Users/xinyufang/Library/Developer/Xcode/DerivedData/Buzz-faillbpsmponqzeruhhvskovixzk/Build/Products/Debug-iphonesimulator/Stripe_StripeUICore.bundle/th.lproj/Localizable.strings /Users/xinyufang/Library/Developer/Xcode/DerivedData/Buzz-faillbpsmponqzeruhhvskovixzk/SourcePackages/checkouts/stripe-ios-spm/StripeUICore/StripeUICore/Resources/Localizations/th.lproj/Localizable.strings (in target 'Stripe_StripeUICore' from project 'Stripe')
    cd /Users/xinyufang/Library/Developer/Xcode/DerivedData/Buzz-faillbpsmponqzeruhhvskovixzk/SourcePackages/checkouts/stripe-ios-spm
    builtin-copy -exclude .DS_Store -exclude CVS -exclude .svn -exclude .git -exclude .hg -resolve-src-symlinks /Users/xinyufang/Library/Developer/Xcode/DerivedData/Buzz-faillbpsmponqzeruhhvskovixzk/SourcePackages/checkouts/stripe-ios-spm/StripeUICore/StripeUICore/Resources/Localizations/th.lproj/Localizable.strings /Users/xinyufang/Library/Developer/Xcode/DerivedData/Buzz-faillbpsmponqzeruhhvskovixzk/Build/Products/Debug-iphonesimulator/Stripe_StripeUICore.bundle/th.lproj

CpResource /Users/xinyufang/Library/Developer/Xcode/DerivedData/Buzz-faillbpsmponqzeruhhvskovixzk/Build/Products/Debug-iphonesimulator/Stripe_StripeUICore.bundle/sv.lproj/Localizable.strings /Users/xinyufang/Library/Developer/Xcode/DerivedData/Buzz-faillbpsmponqzeruhhvskovixzk/SourcePackages/checkouts/stripe-ios-spm/StripeUICore/StripeUICore/Resources/Localizations/sv.lproj/Localizable.strings (in target 'Stripe_StripeUICore' from project 'Stripe')
    cd /Users/xinyufang/Library/Developer/Xcode/DerivedData/Buzz-faillbpsmponqzeruhhvskovixzk/SourcePackages/checkouts/stripe-ios-spm
    builtin-copy -exclude .DS_Store -exclude CVS -exclude .svn -exclude .git -exclude .hg -resolve-src-symlinks /Users/xinyufang/Library/Developer/Xcode/DerivedData/Buzz-faillbpsmponqzeruhhvskovixzk/SourcePackages/checkouts/stripe-ios-spm/StripeUICore/StripeUICore/Resources/Localizations/sv.lproj/Localizable.strings /Users/xinyufang/Library/Developer/Xcode/DerivedData/Buzz-faillbpsmponqzeruhhvskovixzk/Build/Products/Debug-iphonesimulator/Stripe_StripeUICore.bundle/sv.lproj

CpResource /Users/xinyufang/Library/Developer/Xcode/DerivedData/Buzz-faillbpsmponqzeruhhvskovixzk/Build/Products/Debug-iphonesimulator/Stripe_StripeUICore.bundle/sl-SI.lproj/Localizable.strings /Users/xinyufang/Library/Developer/Xcode/DerivedData/Buzz-faillbpsmponqzeruhhvskovixzk/SourcePackages/checkouts/stripe-ios-spm/StripeUICore/StripeUICore/Resources/Localizations/sl-SI.lproj/Localizable.strings (in target 'Stripe_StripeUICore' from project 'Stripe')
    cd /Users/xinyufang/Library/Developer/Xcode/DerivedData/Buzz-faillbpsmponqzeruhhvskovixzk/SourcePackages/checkouts/stripe-ios-spm
    builtin-copy -exclude .DS_Store -exclude CVS -exclude .svn -exclude .git -exclude .hg -resolve-src-symlinks /Users/xinyufang/Library/Developer/Xcode/DerivedData/Buzz-faillbpsmponqzeruhhvskovixzk/SourcePackages/checkouts/stripe-ios-spm/StripeUICore/StripeUICore/Resources/Localizations/sl-SI.lproj/Localizable.strings /Users/xinyufang/Library/Developer/Xcode/DerivedData/Buzz-faillbpsmponqzeruhhvskovixzk/Build/Products/Debug-iphonesimulator/Stripe_StripeUICore.bundle/sl-SI.lproj

CpResource /Users/xinyufang/Library/Developer/Xcode/DerivedData/Buzz-faillbpsmponqzeruhhvskovixzk/Build/Products/Debug-iphonesimulator/Stripe_StripeUICore.bundle/sk-SK.lproj/Localizable.strings /Users/xinyufang/Library/Developer/Xcode/DerivedData/Buzz-faillbpsmponqzeruhhvskovixzk/SourcePackages/checkouts/stripe-ios-spm/StripeUICore/StripeUICore/Resources/Localizations/sk-SK.lproj/Localizable.strings (in target 'Stripe_StripeUICore' from project 'Stripe')
    cd /Users/xinyufang/Library/Developer/Xcode/DerivedData/Buzz-faillbpsmponqzeruhhvskovixzk/SourcePackages/checkouts/stripe-ios-spm
    builtin-copy -exclude .DS_Store -exclude CVS -exclude .svn -exclude .git -exclude .hg -resolve-src-symlinks /Users/xinyufang/Library/Developer/Xcode/DerivedData/Buzz-faillbpsmponqzeruhhvskovixzk/SourcePackages/checkouts/stripe-ios-spm/StripeUICore/StripeUICore/Resources/Localizations/sk-SK.lproj/Localizable.strings /Users/xinyufang/Library/Developer/Xcode/DerivedData/Buzz-faillbpsmponqzeruhhvskovixzk/Build/Products/Debug-iphonesimulator/Stripe_StripeUICore.bundle/sk-SK.lproj

CpResource /Users/xinyufang/Library/Developer/Xcode/DerivedData/Buzz-faillbpsmponqzeruhhvskovixzk/Build/Products/Debug-iphonesimulator/Stripe_StripeUICore.bundle/ru.lproj/Localizable.strings /Users/xinyufang/Library/Developer/Xcode/DerivedData/Buzz-faillbpsmponqzeruhhvskovixzk/SourcePackages/checkouts/stripe-ios-spm/StripeUICore/StripeUICore/Resources/Localizations/ru.lproj/Localizable.strings (in target 'Stripe_StripeUICore' from project 'Stripe')
    cd /Users/xinyufang/Library/Developer/Xcode/DerivedData/Buzz-faillbpsmponqzeruhhvskovixzk/SourcePackages/checkouts/stripe-ios-spm
    builtin-copy -exclude .DS_Store -exclude CVS -exclude .svn -exclude .git -exclude .hg -resolve-src-symlinks /Users/xinyufang/Library/Developer/Xcode/DerivedData/Buzz-faillbpsmponqzeruhhvskovixzk/SourcePackages/checkouts/stripe-ios-spm/StripeUICore/StripeUICore/Resources/Localizations/ru.lproj/Localizable.strings /Users/xinyufang/Library/Developer/Xcode/DerivedData/Buzz-faillbpsmponqzeruhhvskovixzk/Build/Products/Debug-iphonesimulator/Stripe_StripeUICore.bundle/ru.lproj

CpResource /Users/xinyufang/Library/Developer/Xcode/DerivedData/Buzz-faillbpsmponqzeruhhvskovixzk/Build/Products/Debug-iphonesimulator/Stripe_StripeUICore.bundle/ro-RO.lproj/Localizable.strings /Users/xinyufang/Library/Developer/Xcode/DerivedData/Buzz-faillbpsmponqzeruhhvskovixzk/SourcePackages/checkouts/stripe-ios-spm/StripeUICore/StripeUICore/Resources/Localizations/ro-RO.lproj/Localizable.strings (in target 'Stripe_StripeUICore' from project 'Stripe')
    cd /Users/xinyufang/Library/Developer/Xcode/DerivedData/Buzz-faillbpsmponqzeruhhvskovixzk/SourcePackages/checkouts/stripe-ios-spm
    builtin-copy -exclude .DS_Store -exclude CVS -exclude .svn -exclude .git -exclude .hg -resolve-src-symlinks /Users/xinyufang/Library/Developer/Xcode/DerivedData/Buzz-faillbpsmponqzeruhhvskovixzk/SourcePackages/checkouts/stripe-ios-spm/StripeUICore/StripeUICore/Resources/Localizations/ro-RO.lproj/Localizable.strings /Users/xinyufang/Library/Developer/Xcode/DerivedData/Buzz-faillbpsmponqzeruhhvskovixzk/Build/Products/Debug-iphonesimulator/Stripe_StripeUICore.bundle/ro-RO.lproj

CpResource /Users/xinyufang/Library/Developer/Xcode/DerivedData/Buzz-faillbpsmponqzeruhhvskovixzk/Build/Products/Debug-iphonesimulator/Stripe_StripeUICore.bundle/pt-PT.lproj/Localizable.strings /Users/xinyufang/Library/Developer/Xcode/DerivedData/Buzz-faillbpsmponqzeruhhvskovixzk/SourcePackages/checkouts/stripe-ios-spm/StripeUICore/StripeUICore/Resources/Localizations/pt-PT.lproj/Localizable.strings (in target 'Stripe_StripeUICore' from project 'Stripe')
    cd /Users/xinyufang/Library/Developer/Xcode/DerivedData/Buzz-faillbpsmponqzeruhhvskovixzk/SourcePackages/checkouts/stripe-ios-spm
    builtin-copy -exclude .DS_Store -exclude CVS -exclude .svn -exclude .git -exclude .hg -resolve-src-symlinks /Users/xinyufang/Library/Developer/Xcode/DerivedData/Buzz-faillbpsmponqzeruhhvskovixzk/SourcePackages/checkouts/stripe-ios-spm/StripeUICore/StripeUICore/Resources/Localizations/pt-PT.lproj/Localizable.strings /Users/xinyufang/Library/Developer/Xcode/DerivedData/Buzz-faillbpsmponqzeruhhvskovixzk/Build/Products/Debug-iphonesimulator/Stripe_StripeUICore.bundle/pt-PT.lproj

CpResource /Users/xinyufang/Library/Developer/Xcode/DerivedData/Buzz-faillbpsmponqzeruhhvskovixzk/Build/Products/Debug-iphonesimulator/Stripe_StripeUICore.bundle/pt-BR.lproj/Localizable.strings /Users/xinyufang/Library/Developer/Xcode/DerivedData/Buzz-faillbpsmponqzeruhhvskovixzk/SourcePackages/checkouts/stripe-ios-spm/StripeUICore/StripeUICore/Resources/Localizations/pt-BR.lproj/Localizable.strings (in target 'Stripe_StripeUICore' from project 'Stripe')
    cd /Users/xinyufang/Library/Developer/Xcode/DerivedData/Buzz-faillbpsmponqzeruhhvskovixzk/SourcePackages/checkouts/stripe-ios-spm
    builtin-copy -exclude .DS_Store -exclude CVS -exclude .svn -exclude .git -exclude .hg -resolve-src-symlinks /Users/xinyufang/Library/Developer/Xcode/DerivedData/Buzz-faillbpsmponqzeruhhvskovixzk/SourcePackages/checkouts/stripe-ios-spm/StripeUICore/StripeUICore/Resources/Localizations/pt-BR.lproj/Localizable.strings /Users/xinyufang/Library/Developer/Xcode/DerivedData/Buzz-faillbpsmponqzeruhhvskovixzk/Build/Products/Debug-iphonesimulator/Stripe_StripeUICore.bundle/pt-BR.lproj

CpResource /Users/xinyufang/Library/Developer/Xcode/DerivedData/Buzz-faillbpsmponqzeruhhvskovixzk/Build/Products/Debug-iphonesimulator/Stripe_StripeUICore.bundle/nl.lproj/Localizable.strings /Users/xinyufang/Library/Developer/Xcode/DerivedData/Buzz-faillbpsmponqzeruhhvskovixzk/SourcePackages/checkouts/stripe-ios-spm/StripeUICore/StripeUICore/Resources/Localizations/nl.lproj/Localizable.strings (in target 'Stripe_StripeUICore' from project 'Stripe')
    cd /Users/xinyufang/Library/Developer/Xcode/DerivedData/Buzz-faillbpsmponqzeruhhvskovixzk/SourcePackages/checkouts/stripe-ios-spm
    builtin-copy -exclude .DS_Store -exclude CVS -exclude .svn -exclude .git -exclude .hg -resolve-src-symlinks /Users/xinyufang/Library/Developer/Xcode/DerivedData/Buzz-faillbpsmponqzeruhhvskovixzk/SourcePackages/checkouts/stripe-ios-spm/StripeUICore/StripeUICore/Resources/Localizations/nl.lproj/Localizable.strings /Users/xinyufang/Library/Developer/Xcode/DerivedData/Buzz-faillbpsmponqzeruhhvskovixzk/Build/Products/Debug-iphonesimulator/Stripe_StripeUICore.bundle/nl.lproj

CpResource /Users/xinyufang/Library/Developer/Xcode/DerivedData/Buzz-faillbpsmponqzeruhhvskovixzk/Build/Products/Debug-iphonesimulator/Stripe_StripeUICore.bundle/pl-PL.lproj/Localizable.strings /Users/xinyufang/Library/Developer/Xcode/DerivedData/Buzz-faillbpsmponqzeruhhvskovixzk/SourcePackages/checkouts/stripe-ios-spm/StripeUICore/StripeUICore/Resources/Localizations/pl-PL.lproj/Localizable.strings (in target 'Stripe_StripeUICore' from project 'Stripe')
    cd /Users/xinyufang/Library/Developer/Xcode/DerivedData/Buzz-faillbpsmponqzeruhhvskovixzk/SourcePackages/checkouts/stripe-ios-spm
    builtin-copy -exclude .DS_Store -exclude CVS -exclude .svn -exclude .git -exclude .hg -resolve-src-symlinks /Users/xinyufang/Library/Developer/Xcode/DerivedData/Buzz-faillbpsmponqzeruhhvskovixzk/SourcePackages/checkouts/stripe-ios-spm/StripeUICore/StripeUICore/Resources/Localizations/pl-PL.lproj/Localizable.strings /Users/xinyufang/Library/Developer/Xcode/DerivedData/Buzz-faillbpsmponqzeruhhvskovixzk/Build/Products/Debug-iphonesimulator/Stripe_StripeUICore.bundle/pl-PL.lproj

CpResource /Users/xinyufang/Library/Developer/Xcode/DerivedData/Buzz-faillbpsmponqzeruhhvskovixzk/Build/Products/Debug-iphonesimulator/Stripe_StripeUICore.bundle/nb.lproj/Localizable.strings /Users/xinyufang/Library/Developer/Xcode/DerivedData/Buzz-faillbpsmponqzeruhhvskovixzk/SourcePackages/checkouts/stripe-ios-spm/StripeUICore/StripeUICore/Resources/Localizations/nb.lproj/Localizable.strings (in target 'Stripe_StripeUICore' from project 'Stripe')
    cd /Users/xinyufang/Library/Developer/Xcode/DerivedData/Buzz-faillbpsmponqzeruhhvskovixzk/SourcePackages/checkouts/stripe-ios-spm
    builtin-copy -exclude .DS_Store -exclude CVS -exclude .svn -exclude .git -exclude .hg -resolve-src-symlinks /Users/xinyufang/Library/Developer/Xcode/DerivedData/Buzz-faillbpsmponqzeruhhvskovixzk/SourcePackages/checkouts/stripe-ios-spm/StripeUICore/StripeUICore/Resources/Localizations/nb.lproj/Localizable.strings /Users/xinyufang/Library/Developer/Xcode/DerivedData/Buzz-faillbpsmponqzeruhhvskovixzk/Build/Products/Debug-iphonesimulator/Stripe_StripeUICore.bundle/nb.lproj

CpResource /Users/xinyufang/Library/Developer/Xcode/DerivedData/Buzz-faillbpsmponqzeruhhvskovixzk/Build/Products/Debug-iphonesimulator/Stripe_StripeUICore.bundle/mt.lproj/Localizable.strings /Users/xinyufang/Library/Developer/Xcode/DerivedData/Buzz-faillbpsmponqzeruhhvskovixzk/SourcePackages/checkouts/stripe-ios-spm/StripeUICore/StripeUICore/Resources/Localizations/mt.lproj/Localizable.strings (in target 'Stripe_StripeUICore' from project 'Stripe')
    cd /Users/xinyufang/Library/Developer/Xcode/DerivedData/Buzz-faillbpsmponqzeruhhvskovixzk/SourcePackages/checkouts/stripe-ios-spm
    builtin-copy -exclude .DS_Store -exclude CVS -exclude .svn -exclude .git -exclude .hg -resolve-src-symlinks /Users/xinyufang/Library/Developer/Xcode/DerivedData/Buzz-faillbpsmponqzeruhhvskovixzk/SourcePackages/checkouts/stripe-ios-spm/StripeUICore/StripeUICore/Resources/Localizations/mt.lproj/Localizable.strings /Users/xinyufang/Library/Developer/Xcode/DerivedData/Buzz-faillbpsmponqzeruhhvskovixzk/Build/Products/Debug-iphonesimulator/Stripe_StripeUICore.bundle/mt.lproj

CpResource /Users/xinyufang/Library/Developer/Xcode/DerivedData/Buzz-faillbpsmponqzeruhhvskovixzk/Build/Products/Debug-iphonesimulator/Stripe_StripeUICore.bundle/ms-MY.lproj/Localizable.strings /Users/xinyufang/Library/Developer/Xcode/DerivedData/Buzz-faillbpsmponqzeruhhvskovixzk/SourcePackages/checkouts/stripe-ios-spm/StripeUICore/StripeUICore/Resources/Localizations/ms-MY.lproj/Localizable.strings (in target 'Stripe_StripeUICore' from project 'Stripe')
    cd /Users/xinyufang/Library/Developer/Xcode/DerivedData/Buzz-faillbpsmponqzeruhhvskovixzk/SourcePackages/checkouts/stripe-ios-spm
    builtin-copy -exclude .DS_Store -exclude CVS -exclude .svn -exclude .git -exclude .hg -resolve-src-symlinks /Users/xinyufang/Library/Developer/Xcode/DerivedData/Buzz-faillbpsmponqzeruhhvskovixzk/SourcePackages/checkouts/stripe-ios-spm/StripeUICore/StripeUICore/Resources/Localizations/ms-MY.lproj/Localizable.strings /Users/xinyufang/Library/Developer/Xcode/DerivedData/Buzz-faillbpsmponqzeruhhvskovixzk/Build/Products/Debug-iphonesimulator/Stripe_StripeUICore.bundle/ms-MY.lproj

CpResource /Users/xinyufang/Library/Developer/Xcode/DerivedData/Buzz-faillbpsmponqzeruhhvskovixzk/Build/Products/Debug-iphonesimulator/Stripe_StripeUICore.bundle/lv-LV.lproj/Localizable.strings /Users/xinyufang/Library/Developer/Xcode/DerivedData/Buzz-faillbpsmponqzeruhhvskovixzk/SourcePackages/checkouts/stripe-ios-spm/StripeUICore/StripeUICore/Resources/Localizations/lv-LV.lproj/Localizable.strings (in target 'Stripe_StripeUICore' from project 'Stripe')
    cd /Users/xinyufang/Library/Developer/Xcode/DerivedData/Buzz-faillbpsmponqzeruhhvskovixzk/SourcePackages/checkouts/stripe-ios-spm
    builtin-copy -exclude .DS_Store -exclude CVS -exclude .svn -exclude .git -exclude .hg -resolve-src-symlinks /Users/xinyufang/Library/Developer/Xcode/DerivedData/Buzz-faillbpsmponqzeruhhvskovixzk/SourcePackages/checkouts/stripe-ios-spm/StripeUICore/StripeUICore/Resources/Localizations/lv-LV.lproj/Localizable.strings /Users/xinyufang/Library/Developer/Xcode/DerivedData/Buzz-faillbpsmponqzeruhhvskovixzk/Build/Products/Debug-iphonesimulator/Stripe_StripeUICore.bundle/lv-LV.lproj

CpResource /Users/xinyufang/Library/Developer/Xcode/DerivedData/Buzz-faillbpsmponqzeruhhvskovixzk/Build/Products/Debug-iphonesimulator/Stripe_StripeUICore.bundle/lt-LT.lproj/Localizable.strings /Users/xinyufang/Library/Developer/Xcode/DerivedData/Buzz-faillbpsmponqzeruhhvskovixzk/SourcePackages/checkouts/stripe-ios-spm/StripeUICore/StripeUICore/Resources/Localizations/lt-LT.lproj/Localizable.strings (in target 'Stripe_StripeUICore' from project 'Stripe')
    cd /Users/xinyufang/Library/Developer/Xcode/DerivedData/Buzz-faillbpsmponqzeruhhvskovixzk/SourcePackages/checkouts/stripe-ios-spm
    builtin-copy -exclude .DS_Store -exclude CVS -exclude .svn -exclude .git -exclude .hg -resolve-src-symlinks /Users/xinyufang/Library/Developer/Xcode/DerivedData/Buzz-faillbpsmponqzeruhhvskovixzk/SourcePackages/checkouts/stripe-ios-spm/StripeUICore/StripeUICore/Resources/Localizations/lt-LT.lproj/Localizable.strings /Users/xinyufang/Library/Developer/Xcode/DerivedData/Buzz-faillbpsmponqzeruhhvskovixzk/Build/Products/Debug-iphonesimulator/Stripe_StripeUICore.bundle/lt-LT.lproj

CpResource /Users/xinyufang/Library/Developer/Xcode/DerivedData/Buzz-faillbpsmponqzeruhhvskovixzk/Build/Products/Debug-iphonesimulator/Stripe_StripeUICore.bundle/localized_address_data.json /Users/xinyufang/Library/Developer/Xcode/DerivedData/Buzz-faillbpsmponqzeruhhvskovixzk/SourcePackages/checkouts/stripe-ios-spm/StripeUICore/StripeUICore/Resources/JSON/localized_address_data.json (in target 'Stripe_StripeUICore' from project 'Stripe')
    cd /Users/xinyufang/Library/Developer/Xcode/DerivedData/Buzz-faillbpsmponqzeruhhvskovixzk/SourcePackages/checkouts/stripe-ios-spm
    builtin-copy -exclude .DS_Store -exclude CVS -exclude .svn -exclude .git -exclude .hg -resolve-src-symlinks /Users/xinyufang/Library/Developer/Xcode/DerivedData/Buzz-faillbpsmponqzeruhhvskovixzk/SourcePackages/checkouts/stripe-ios-spm/StripeUICore/StripeUICore/Resources/JSON/localized_address_data.json /Users/xinyufang/Library/Developer/Xcode/DerivedData/Buzz-faillbpsmponqzeruhhvskovixzk/Build/Products/Debug-iphonesimulator/Stripe_StripeUICore.bundle

CpResource /Users/xinyufang/Library/Developer/Xcode/DerivedData/Buzz-faillbpsmponqzeruhhvskovixzk/Build/Products/Debug-iphonesimulator/Stripe_StripeUICore.bundle/ko.lproj/Localizable.strings /Users/xinyufang/Library/Developer/Xcode/DerivedData/Buzz-faillbpsmponqzeruhhvskovixzk/SourcePackages/checkouts/stripe-ios-spm/StripeUICore/StripeUICore/Resources/Localizations/ko.lproj/Localizable.strings (in target 'Stripe_StripeUICore' from project 'Stripe')
    cd /Users/xinyufang/Library/Developer/Xcode/DerivedData/Buzz-faillbpsmponqzeruhhvskovixzk/SourcePackages/checkouts/stripe-ios-spm
    builtin-copy -exclude .DS_Store -exclude CVS -exclude .svn -exclude .git -exclude .hg -resolve-src-symlinks /Users/xinyufang/Library/Developer/Xcode/DerivedData/Buzz-faillbpsmponqzeruhhvskovixzk/SourcePackages/checkouts/stripe-ios-spm/StripeUICore/StripeUICore/Resources/Localizations/ko.lproj/Localizable.strings /Users/xinyufang/Library/Developer/Xcode/DerivedData/Buzz-faillbpsmponqzeruhhvskovixzk/Build/Products/Debug-iphonesimulator/Stripe_StripeUICore.bundle/ko.lproj

CpResource /Users/xinyufang/Library/Developer/Xcode/DerivedData/Buzz-faillbpsmponqzeruhhvskovixzk/Build/Products/Debug-iphonesimulator/Stripe_StripeUICore.bundle/ja.lproj/Localizable.strings /Users/xinyufang/Library/Developer/Xcode/DerivedData/Buzz-faillbpsmponqzeruhhvskovixzk/SourcePackages/checkouts/stripe-ios-spm/StripeUICore/StripeUICore/Resources/Localizations/ja.lproj/Localizable.strings (in target 'Stripe_StripeUICore' from project 'Stripe')
    cd /Users/xinyufang/Library/Developer/Xcode/DerivedData/Buzz-faillbpsmponqzeruhhvskovixzk/SourcePackages/checkouts/stripe-ios-spm
    builtin-copy -exclude .DS_Store -exclude CVS -exclude .svn -exclude .git -exclude .hg -resolve-src-symlinks /Users/xinyufang/Library/Developer/Xcode/DerivedData/Buzz-faillbpsmponqzeruhhvskovixzk/SourcePackages/checkouts/stripe-ios-spm/StripeUICore/StripeUICore/Resources/Localizations/ja.lproj/Localizable.strings /Users/xinyufang/Library/Developer/Xcode/DerivedData/Buzz-faillbpsmponqzeruhhvskovixzk/Build/Products/Debug-iphonesimulator/Stripe_StripeUICore.bundle/ja.lproj

CpResource /Users/xinyufang/Library/Developer/Xcode/DerivedData/Buzz-faillbpsmponqzeruhhvskovixzk/Build/Products/Debug-iphonesimulator/Stripe_StripeUICore.bundle/it.lproj/Localizable.strings /Users/xinyufang/Library/Developer/Xcode/DerivedData/Buzz-faillbpsmponqzeruhhvskovixzk/SourcePackages/checkouts/stripe-ios-spm/StripeUICore/StripeUICore/Resources/Localizations/it.lproj/Localizable.strings (in target 'Stripe_StripeUICore' from project 'Stripe')
    cd /Users/xinyufang/Library/Developer/Xcode/DerivedData/Buzz-faillbpsmponqzeruhhvskovixzk/SourcePackages/checkouts/stripe-ios-spm
    builtin-copy -exclude .DS_Store -exclude CVS -exclude .svn -exclude .git -exclude .hg -resolve-src-symlinks /Users/xinyufang/Library/Developer/Xcode/DerivedData/Buzz-faillbpsmponqzeruhhvskovixzk/SourcePackages/checkouts/stripe-ios-spm/StripeUICore/StripeUICore/Resources/Localizations/it.lproj/Localizable.strings /Users/xinyufang/Library/Developer/Xcode/DerivedData/Buzz-faillbpsmponqzeruhhvskovixzk/Build/Products/Debug-iphonesimulator/Stripe_StripeUICore.bundle/it.lproj

CpResource /Users/xinyufang/Library/Developer/Xcode/DerivedData/Buzz-faillbpsmponqzeruhhvskovixzk/Build/Products/Debug-iphonesimulator/Stripe_StripeUICore.bundle/id.lproj/Localizable.strings /Users/xinyufang/Library/Developer/Xcode/DerivedData/Buzz-faillbpsmponqzeruhhvskovixzk/SourcePackages/checkouts/stripe-ios-spm/StripeUICore/StripeUICore/Resources/Localizations/id.lproj/Localizable.strings (in target 'Stripe_StripeUICore' from project 'Stripe')
    cd /Users/xinyufang/Library/Developer/Xcode/DerivedData/Buzz-faillbpsmponqzeruhhvskovixzk/SourcePackages/checkouts/stripe-ios-spm
    builtin-copy -exclude .DS_Store -exclude CVS -exclude .svn -exclude .git -exclude .hg -resolve-src-symlinks /Users/xinyufang/Library/Developer/Xcode/DerivedData/Buzz-faillbpsmponqzeruhhvskovixzk/SourcePackages/checkouts/stripe-ios-spm/StripeUICore/StripeUICore/Resources/Localizations/id.lproj/Localizable.strings /Users/xinyufang/Library/Developer/Xcode/DerivedData/Buzz-faillbpsmponqzeruhhvskovixzk/Build/Products/Debug-iphonesimulator/Stripe_StripeUICore.bundle/id.lproj

CpResource /Users/xinyufang/Library/Developer/Xcode/DerivedData/Buzz-faillbpsmponqzeruhhvskovixzk/Build/Products/Debug-iphonesimulator/Stripe_StripeUICore.bundle/hu.lproj/Localizable.strings /Users/xinyufang/Library/Developer/Xcode/DerivedData/Buzz-faillbpsmponqzeruhhvskovixzk/SourcePackages/checkouts/stripe-ios-spm/StripeUICore/StripeUICore/Resources/Localizations/hu.lproj/Localizable.strings (in target 'Stripe_StripeUICore' from project 'Stripe')
    cd /Users/xinyufang/Library/Developer/Xcode/DerivedData/Buzz-faillbpsmponqzeruhhvskovixzk/SourcePackages/checkouts/stripe-ios-spm
    builtin-copy -exclude .DS_Store -exclude CVS -exclude .svn -exclude .git -exclude .hg -resolve-src-symlinks /Users/xinyufang/Library/Developer/Xcode/DerivedData/Buzz-faillbpsmponqzeruhhvskovixzk/SourcePackages/checkouts/stripe-ios-spm/StripeUICore/StripeUICore/Resources/Localizations/hu.lproj/Localizable.strings /Users/xinyufang/Library/Developer/Xcode/DerivedData/Buzz-faillbpsmponqzeruhhvskovixzk/Build/Products/Debug-iphonesimulator/Stripe_StripeUICore.bundle/hu.lproj

CpResource /Users/xinyufang/Library/Developer/Xcode/DerivedData/Buzz-faillbpsmponqzeruhhvskovixzk/Build/Products/Debug-iphonesimulator/Stripe_StripeUICore.bundle/hr.lproj/Localizable.strings /Users/xinyufang/Library/Developer/Xcode/DerivedData/Buzz-faillbpsmponqzeruhhvskovixzk/SourcePackages/checkouts/stripe-ios-spm/StripeUICore/StripeUICore/Resources/Localizations/hr.lproj/Localizable.strings (in target 'Stripe_StripeUICore' from project 'Stripe')
    cd /Users/xinyufang/Library/Developer/Xcode/DerivedData/Buzz-faillbpsmponqzeruhhvskovixzk/SourcePackages/checkouts/stripe-ios-spm
    builtin-copy -exclude .DS_Store -exclude CVS -exclude .svn -exclude .git -exclude .hg -resolve-src-symlinks /Users/xinyufang/Library/Developer/Xcode/DerivedData/Buzz-faillbpsmponqzeruhhvskovixzk/SourcePackages/checkouts/stripe-ios-spm/StripeUICore/StripeUICore/Resources/Localizations/hr.lproj/Localizable.strings /Users/xinyufang/Library/Developer/Xcode/DerivedData/Buzz-faillbpsmponqzeruhhvskovixzk/Build/Products/Debug-iphonesimulator/Stripe_StripeUICore.bundle/hr.lproj

CpResource /Users/xinyufang/Library/Developer/Xcode/DerivedData/Buzz-faillbpsmponqzeruhhvskovixzk/Build/Products/Debug-iphonesimulator/Stripe_StripeUICore.bundle/fr.lproj/Localizable.strings /Users/xinyufang/Library/Developer/Xcode/DerivedData/Buzz-faillbpsmponqzeruhhvskovixzk/SourcePackages/checkouts/stripe-ios-spm/StripeUICore/StripeUICore/Resources/Localizations/fr.lproj/Localizable.strings (in target 'Stripe_StripeUICore' from project 'Stripe')
    cd /Users/xinyufang/Library/Developer/Xcode/DerivedData/Buzz-faillbpsmponqzeruhhvskovixzk/SourcePackages/checkouts/stripe-ios-spm
    builtin-copy -exclude .DS_Store -exclude CVS -exclude .svn -exclude .git -exclude .hg -resolve-src-symlinks /Users/xinyufang/Library/Developer/Xcode/DerivedData/Buzz-faillbpsmponqzeruhhvskovixzk/SourcePackages/checkouts/stripe-ios-spm/StripeUICore/StripeUICore/Resources/Localizations/fr.lproj/Localizable.strings /Users/xinyufang/Library/Developer/Xcode/DerivedData/Buzz-faillbpsmponqzeruhhvskovixzk/Build/Products/Debug-iphonesimulator/Stripe_StripeUICore.bundle/fr.lproj

CpResource /Users/xinyufang/Library/Developer/Xcode/DerivedData/Buzz-faillbpsmponqzeruhhvskovixzk/Build/Products/Debug-iphonesimulator/Stripe_StripeUICore.bundle/fr-CA.lproj/Localizable.strings /Users/xinyufang/Library/Developer/Xcode/DerivedData/Buzz-faillbpsmponqzeruhhvskovixzk/SourcePackages/checkouts/stripe-ios-spm/StripeUICore/StripeUICore/Resources/Localizations/fr-CA.lproj/Localizable.strings (in target 'Stripe_StripeUICore' from project 'Stripe')
    cd /Users/xinyufang/Library/Developer/Xcode/DerivedData/Buzz-faillbpsmponqzeruhhvskovixzk/SourcePackages/checkouts/stripe-ios-spm
    builtin-copy -exclude .DS_Store -exclude CVS -exclude .svn -exclude .git -exclude .hg -resolve-src-symlinks /Users/xinyufang/Library/Developer/Xcode/DerivedData/Buzz-faillbpsmponqzeruhhvskovixzk/SourcePackages/checkouts/stripe-ios-spm/StripeUICore/StripeUICore/Resources/Localizations/fr-CA.lproj/Localizable.strings /Users/xinyufang/Library/Developer/Xcode/DerivedData/Buzz-faillbpsmponqzeruhhvskovixzk/Build/Products/Debug-iphonesimulator/Stripe_StripeUICore.bundle/fr-CA.lproj

CpResource /Users/xinyufang/Library/Developer/Xcode/DerivedData/Buzz-faillbpsmponqzeruhhvskovixzk/Build/Products/Debug-iphonesimulator/Stripe_StripeUICore.bundle/fil.lproj/Localizable.strings /Users/xinyufang/Library/Developer/Xcode/DerivedData/Buzz-faillbpsmponqzeruhhvskovixzk/SourcePackages/checkouts/stripe-ios-spm/StripeUICore/StripeUICore/Resources/Localizations/fil.lproj/Localizable.strings (in target 'Stripe_StripeUICore' from project 'Stripe')
    cd /Users/xinyufang/Library/Developer/Xcode/DerivedData/Buzz-faillbpsmponqzeruhhvskovixzk/SourcePackages/checkouts/stripe-ios-spm
    builtin-copy -exclude .DS_Store -exclude CVS -exclude .svn -exclude .git -exclude .hg -resolve-src-symlinks /Users/xinyufang/Library/Developer/Xcode/DerivedData/Buzz-faillbpsmponqzeruhhvskovixzk/SourcePackages/checkouts/stripe-ios-spm/StripeUICore/StripeUICore/Resources/Localizations/fil.lproj/Localizable.strings /Users/xinyufang/Library/Developer/Xcode/DerivedData/Buzz-faillbpsmponqzeruhhvskovixzk/Build/Products/Debug-iphonesimulator/Stripe_StripeUICore.bundle/fil.lproj

CpResource /Users/xinyufang/Library/Developer/Xcode/DerivedData/Buzz-faillbpsmponqzeruhhvskovixzk/Build/Products/Debug-iphonesimulator/Stripe_StripeUICore.bundle/fi.lproj/Localizable.strings /Users/xinyufang/Library/Developer/Xcode/DerivedData/Buzz-faillbpsmponqzeruhhvskovixzk/SourcePackages/checkouts/stripe-ios-spm/StripeUICore/StripeUICore/Resources/Localizations/fi.lproj/Localizable.strings (in target 'Stripe_StripeUICore' from project 'Stripe')
    cd /Users/xinyufang/Library/Developer/Xcode/DerivedData/Buzz-faillbpsmponqzeruhhvskovixzk/SourcePackages/checkouts/stripe-ios-spm
    builtin-copy -exclude .DS_Store -exclude CVS -exclude .svn -exclude .git -exclude .hg -resolve-src-symlinks /Users/xinyufang/Library/Developer/Xcode/DerivedData/Buzz-faillbpsmponqzeruhhvskovixzk/SourcePackages/checkouts/stripe-ios-spm/StripeUICore/StripeUICore/Resources/Localizations/fi.lproj/Localizable.strings /Users/xinyufang/Library/Developer/Xcode/DerivedData/Buzz-faillbpsmponqzeruhhvskovixzk/Build/Products/Debug-iphonesimulator/Stripe_StripeUICore.bundle/fi.lproj

CpResource /Users/xinyufang/Library/Developer/Xcode/DerivedData/Buzz-faillbpsmponqzeruhhvskovixzk/Build/Products/Debug-iphonesimulator/Stripe_StripeUICore.bundle/et-EE.lproj/Localizable.strings /Users/xinyufang/Library/Developer/Xcode/DerivedData/Buzz-faillbpsmponqzeruhhvskovixzk/SourcePackages/checkouts/stripe-ios-spm/StripeUICore/StripeUICore/Resources/Localizations/et-EE.lproj/Localizable.strings (in target 'Stripe_StripeUICore' from project 'Stripe')
    cd /Users/xinyufang/Library/Developer/Xcode/DerivedData/Buzz-faillbpsmponqzeruhhvskovixzk/SourcePackages/checkouts/stripe-ios-spm
    builtin-copy -exclude .DS_Store -exclude CVS -exclude .svn -exclude .git -exclude .hg -resolve-src-symlinks /Users/xinyufang/Library/Developer/Xcode/DerivedData/Buzz-faillbpsmponqzeruhhvskovixzk/SourcePackages/checkouts/stripe-ios-spm/StripeUICore/StripeUICore/Resources/Localizations/et-EE.lproj/Localizable.strings /Users/xinyufang/Library/Developer/Xcode/DerivedData/Buzz-faillbpsmponqzeruhhvskovixzk/Build/Products/Debug-iphonesimulator/Stripe_StripeUICore.bundle/et-EE.lproj

CpResource /Users/xinyufang/Library/Developer/Xcode/DerivedData/Buzz-faillbpsmponqzeruhhvskovixzk/Build/Products/Debug-iphonesimulator/Stripe_StripeUICore.bundle/es.lproj/Localizable.strings /Users/xinyufang/Library/Developer/Xcode/DerivedData/Buzz-faillbpsmponqzeruhhvskovixzk/SourcePackages/checkouts/stripe-ios-spm/StripeUICore/StripeUICore/Resources/Localizations/es.lproj/Localizable.strings (in target 'Stripe_StripeUICore' from project 'Stripe')
    cd /Users/xinyufang/Library/Developer/Xcode/DerivedData/Buzz-faillbpsmponqzeruhhvskovixzk/SourcePackages/checkouts/stripe-ios-spm
    builtin-copy -exclude .DS_Store -exclude CVS -exclude .svn -exclude .git -exclude .hg -resolve-src-symlinks /Users/xinyufang/Library/Developer/Xcode/DerivedData/Buzz-faillbpsmponqzeruhhvskovixzk/SourcePackages/checkouts/stripe-ios-spm/StripeUICore/StripeUICore/Resources/Localizations/es.lproj/Localizable.strings /Users/xinyufang/Library/Developer/Xcode/DerivedData/Buzz-faillbpsmponqzeruhhvskovixzk/Build/Products/Debug-iphonesimulator/Stripe_StripeUICore.bundle/es.lproj

CpResource /Users/xinyufang/Library/Developer/Xcode/DerivedData/Buzz-faillbpsmponqzeruhhvskovixzk/Build/Products/Debug-iphonesimulator/Stripe_StripeUICore.bundle/es-419.lproj/Localizable.strings /Users/xinyufang/Library/Developer/Xcode/DerivedData/Buzz-faillbpsmponqzeruhhvskovixzk/SourcePackages/checkouts/stripe-ios-spm/StripeUICore/StripeUICore/Resources/Localizations/es-419.lproj/Localizable.strings (in target 'Stripe_StripeUICore' from project 'Stripe')
    cd /Users/xinyufang/Library/Developer/Xcode/DerivedData/Buzz-faillbpsmponqzeruhhvskovixzk/SourcePackages/checkouts/stripe-ios-spm
    builtin-copy -exclude .DS_Store -exclude CVS -exclude .svn -exclude .git -exclude .hg -resolve-src-symlinks /Users/xinyufang/Library/Developer/Xcode/DerivedData/Buzz-faillbpsmponqzeruhhvskovixzk/SourcePackages/checkouts/stripe-ios-spm/StripeUICore/StripeUICore/Resources/Localizations/es-419.lproj/Localizable.strings /Users/xinyufang/Library/Developer/Xcode/DerivedData/Buzz-faillbpsmponqzeruhhvskovixzk/Build/Products/Debug-iphonesimulator/Stripe_StripeUICore.bundle/es-419.lproj

CpResource /Users/xinyufang/Library/Developer/Xcode/DerivedData/Buzz-faillbpsmponqzeruhhvskovixzk/Build/Products/Debug-iphonesimulator/Stripe_StripeUICore.bundle/en.lproj/Localizable.strings /Users/xinyufang/Library/Developer/Xcode/DerivedData/Buzz-faillbpsmponqzeruhhvskovixzk/SourcePackages/checkouts/stripe-ios-spm/StripeUICore/StripeUICore/Resources/Localizations/en.lproj/Localizable.strings (in target 'Stripe_StripeUICore' from project 'Stripe')
    cd /Users/xinyufang/Library/Developer/Xcode/DerivedData/Buzz-faillbpsmponqzeruhhvskovixzk/SourcePackages/checkouts/stripe-ios-spm
    builtin-copy -exclude .DS_Store -exclude CVS -exclude .svn -exclude .git -exclude .hg -resolve-src-symlinks /Users/xinyufang/Library/Developer/Xcode/DerivedData/Buzz-faillbpsmponqzeruhhvskovixzk/SourcePackages/checkouts/stripe-ios-spm/StripeUICore/StripeUICore/Resources/Localizations/en.lproj/Localizable.strings /Users/xinyufang/Library/Developer/Xcode/DerivedData/Buzz-faillbpsmponqzeruhhvskovixzk/Build/Products/Debug-iphonesimulator/Stripe_StripeUICore.bundle/en.lproj

CpResource /Users/xinyufang/Library/Developer/Xcode/DerivedData/Buzz-faillbpsmponqzeruhhvskovixzk/Build/Products/Debug-iphonesimulator/Stripe_StripeUICore.bundle/en-GB.lproj/Localizable.strings /Users/xinyufang/Library/Developer/Xcode/DerivedData/Buzz-faillbpsmponqzeruhhvskovixzk/SourcePackages/checkouts/stripe-ios-spm/StripeUICore/StripeUICore/Resources/Localizations/en-GB.lproj/Localizable.strings (in target 'Stripe_StripeUICore' from project 'Stripe')
    cd /Users/xinyufang/Library/Developer/Xcode/DerivedData/Buzz-faillbpsmponqzeruhhvskovixzk/SourcePackages/checkouts/stripe-ios-spm
    builtin-copy -exclude .DS_Store -exclude CVS -exclude .svn -exclude .git -exclude .hg -resolve-src-symlinks /Users/xinyufang/Library/Developer/Xcode/DerivedData/Buzz-faillbpsmponqzeruhhvskovixzk/SourcePackages/checkouts/stripe-ios-spm/StripeUICore/StripeUICore/Resources/Localizations/en-GB.lproj/Localizable.strings /Users/xinyufang/Library/Developer/Xcode/DerivedData/Buzz-faillbpsmponqzeruhhvskovixzk/Build/Products/Debug-iphonesimulator/Stripe_StripeUICore.bundle/en-GB.lproj

CpResource /Users/xinyufang/Library/Developer/Xcode/DerivedData/Buzz-faillbpsmponqzeruhhvskovixzk/Build/Products/Debug-iphonesimulator/Stripe_StripeUICore.bundle/el-GR.lproj/Localizable.strings /Users/xinyufang/Library/Developer/Xcode/DerivedData/Buzz-faillbpsmponqzeruhhvskovixzk/SourcePackages/checkouts/stripe-ios-spm/StripeUICore/StripeUICore/Resources/Localizations/el-GR.lproj/Localizable.strings (in target 'Stripe_StripeUICore' from project 'Stripe')
    cd /Users/xinyufang/Library/Developer/Xcode/DerivedData/Buzz-faillbpsmponqzeruhhvskovixzk/SourcePackages/checkouts/stripe-ios-spm
    builtin-copy -exclude .DS_Store -exclude CVS -exclude .svn -exclude .git -exclude .hg -resolve-src-symlinks /Users/xinyufang/Library/Developer/Xcode/DerivedData/Buzz-faillbpsmponqzeruhhvskovixzk/SourcePackages/checkouts/stripe-ios-spm/StripeUICore/StripeUICore/Resources/Localizations/el-GR.lproj/Localizable.strings /Users/xinyufang/Library/Developer/Xcode/DerivedData/Buzz-faillbpsmponqzeruhhvskovixzk/Build/Products/Debug-iphonesimulator/Stripe_StripeUICore.bundle/el-GR.lproj

CpResource /Users/xinyufang/Library/Developer/Xcode/DerivedData/Buzz-faillbpsmponqzeruhhvskovixzk/Build/Products/Debug-iphonesimulator/Stripe_StripeUICore.bundle/de.lproj/Localizable.strings /Users/xinyufang/Library/Developer/Xcode/DerivedData/Buzz-faillbpsmponqzeruhhvskovixzk/SourcePackages/checkouts/stripe-ios-spm/StripeUICore/StripeUICore/Resources/Localizations/de.lproj/Localizable.strings (in target 'Stripe_StripeUICore' from project 'Stripe')
    cd /Users/xinyufang/Library/Developer/Xcode/DerivedData/Buzz-faillbpsmponqzeruhhvskovixzk/SourcePackages/checkouts/stripe-ios-spm
    builtin-copy -exclude .DS_Store -exclude CVS -exclude .svn -exclude .git -exclude .hg -resolve-src-symlinks /Users/xinyufang/Library/Developer/Xcode/DerivedData/Buzz-faillbpsmponqzeruhhvskovixzk/SourcePackages/checkouts/stripe-ios-spm/StripeUICore/StripeUICore/Resources/Localizations/de.lproj/Localizable.strings /Users/xinyufang/Library/Developer/Xcode/DerivedData/Buzz-faillbpsmponqzeruhhvskovixzk/Build/Products/Debug-iphonesimulator/Stripe_StripeUICore.bundle/de.lproj

CpResource /Users/xinyufang/Library/Developer/Xcode/DerivedData/Buzz-faillbpsmponqzeruhhvskovixzk/Build/Products/Debug-iphonesimulator/Stripe_StripeUICore.bundle/da.lproj/Localizable.strings /Users/xinyufang/Library/Developer/Xcode/DerivedData/Buzz-faillbpsmponqzeruhhvskovixzk/SourcePackages/checkouts/stripe-ios-spm/StripeUICore/StripeUICore/Resources/Localizations/da.lproj/Localizable.strings (in target 'Stripe_StripeUICore' from project 'Stripe')
    cd /Users/xinyufang/Library/Developer/Xcode/DerivedData/Buzz-faillbpsmponqzeruhhvskovixzk/SourcePackages/checkouts/stripe-ios-spm
    builtin-copy -exclude .DS_Store -exclude CVS -exclude .svn -exclude .git -exclude .hg -resolve-src-symlinks /Users/xinyufang/Library/Developer/Xcode/DerivedData/Buzz-faillbpsmponqzeruhhvskovixzk/SourcePackages/checkouts/stripe-ios-spm/StripeUICore/StripeUICore/Resources/Localizations/da.lproj/Localizable.strings /Users/xinyufang/Library/Developer/Xcode/DerivedData/Buzz-faillbpsmponqzeruhhvskovixzk/Build/Products/Debug-iphonesimulator/Stripe_StripeUICore.bundle/da.lproj

CpResource /Users/xinyufang/Library/Developer/Xcode/DerivedData/Buzz-faillbpsmponqzeruhhvskovixzk/Build/Products/Debug-iphonesimulator/Stripe_StripeUICore.bundle/cs-CZ.lproj/Localizable.strings /Users/xinyufang/Library/Developer/Xcode/DerivedData/Buzz-faillbpsmponqzeruhhvskovixzk/SourcePackages/checkouts/stripe-ios-spm/StripeUICore/StripeUICore/Resources/Localizations/cs-CZ.lproj/Localizable.strings (in target 'Stripe_StripeUICore' from project 'Stripe')
    cd /Users/xinyufang/Library/Developer/Xcode/DerivedData/Buzz-faillbpsmponqzeruhhvskovixzk/SourcePackages/checkouts/stripe-ios-spm
    builtin-copy -exclude .DS_Store -exclude CVS -exclude .svn -exclude .git -exclude .hg -resolve-src-symlinks /Users/xinyufang/Library/Developer/Xcode/DerivedData/Buzz-faillbpsmponqzeruhhvskovixzk/SourcePackages/checkouts/stripe-ios-spm/StripeUICore/StripeUICore/Resources/Localizations/cs-CZ.lproj/Localizable.strings /Users/xinyufang/Library/Developer/Xcode/DerivedData/Buzz-faillbpsmponqzeruhhvskovixzk/Build/Products/Debug-iphonesimulator/Stripe_StripeUICore.bundle/cs-CZ.lproj

CpResource /Users/xinyufang/Library/Developer/Xcode/DerivedData/Buzz-faillbpsmponqzeruhhvskovixzk/Build/Products/Debug-iphonesimulator/Stripe_StripeUICore.bundle/ca-ES.lproj/Localizable.strings /Users/xinyufang/Library/Developer/Xcode/DerivedData/Buzz-faillbpsmponqzeruhhvskovixzk/SourcePackages/checkouts/stripe-ios-spm/StripeUICore/StripeUICore/Resources/Localizations/ca-ES.lproj/Localizable.strings (in target 'Stripe_StripeUICore' from project 'Stripe')
    cd /Users/xinyufang/Library/Developer/Xcode/DerivedData/Buzz-faillbpsmponqzeruhhvskovixzk/SourcePackages/checkouts/stripe-ios-spm
    builtin-copy -exclude .DS_Store -exclude CVS -exclude .svn -exclude .git -exclude .hg -resolve-src-symlinks /Users/xinyufang/Library/Developer/Xcode/DerivedData/Buzz-faillbpsmponqzeruhhvskovixzk/SourcePackages/checkouts/stripe-ios-spm/StripeUICore/StripeUICore/Resources/Localizations/ca-ES.lproj/Localizable.strings /Users/xinyufang/Library/Developer/Xcode/DerivedData/Buzz-faillbpsmponqzeruhhvskovixzk/Build/Products/Debug-iphonesimulator/Stripe_StripeUICore.bundle/ca-ES.lproj

CpResource /Users/xinyufang/Library/Developer/Xcode/DerivedData/Buzz-faillbpsmponqzeruhhvskovixzk/Build/Products/Debug-iphonesimulator/Stripe_StripeUICore.bundle/bg-BG.lproj/Localizable.strings /Users/xinyufang/Library/Developer/Xcode/DerivedData/Buzz-faillbpsmponqzeruhhvskovixzk/SourcePackages/checkouts/stripe-ios-spm/StripeUICore/StripeUICore/Resources/Localizations/bg-BG.lproj/Localizable.strings (in target 'Stripe_StripeUICore' from project 'Stripe')
    cd /Users/xinyufang/Library/Developer/Xcode/DerivedData/Buzz-faillbpsmponqzeruhhvskovixzk/SourcePackages/checkouts/stripe-ios-spm
    builtin-copy -exclude .DS_Store -exclude CVS -exclude .svn -exclude .git -exclude .hg -resolve-src-symlinks /Users/xinyufang/Library/Developer/Xcode/DerivedData/Buzz-faillbpsmponqzeruhhvskovixzk/SourcePackages/checkouts/stripe-ios-spm/StripeUICore/StripeUICore/Resources/Localizations/bg-BG.lproj/Localizable.strings /Users/xinyufang/Library/Developer/Xcode/DerivedData/Buzz-faillbpsmponqzeruhhvskovixzk/Build/Products/Debug-iphonesimulator/Stripe_StripeUICore.bundle/bg-BG.lproj

CpResource /Users/xinyufang/Library/Developer/Xcode/DerivedData/Buzz-faillbpsmponqzeruhhvskovixzk/Build/Products/Debug-iphonesimulator/Stripe_StripeUICore.bundle/au_becs_bsb.json /Users/xinyufang/Library/Developer/Xcode/DerivedData/Buzz-faillbpsmponqzeruhhvskovixzk/SourcePackages/checkouts/stripe-ios-spm/StripeUICore/StripeUICore/Resources/JSON/au_becs_bsb.json (in target 'Stripe_StripeUICore' from project 'Stripe')
    cd /Users/xinyufang/Library/Developer/Xcode/DerivedData/Buzz-faillbpsmponqzeruhhvskovixzk/SourcePackages/checkouts/stripe-ios-spm
    builtin-copy -exclude .DS_Store -exclude CVS -exclude .svn -exclude .git -exclude .hg -resolve-src-symlinks /Users/xinyufang/Library/Developer/Xcode/DerivedData/Buzz-faillbpsmponqzeruhhvskovixzk/SourcePackages/checkouts/stripe-ios-spm/StripeUICore/StripeUICore/Resources/JSON/au_becs_bsb.json /Users/xinyufang/Library/Developer/Xcode/DerivedData/Buzz-faillbpsmponqzeruhhvskovixzk/Build/Products/Debug-iphonesimulator/Stripe_StripeUICore.bundle

CompileAssetCatalogVariant thinned /Users/xinyufang/Library/Developer/Xcode/DerivedData/Buzz-faillbpsmponqzeruhhvskovixzk/Build/Products/Debug-iphonesimulator/Stripe_StripeUICore.bundle /Users/xinyufang/Library/Developer/Xcode/DerivedData/Buzz-faillbpsmponqzeruhhvskovixzk/SourcePackages/checkouts/stripe-ios-spm/StripeUICore/StripeUICore/Resources/StripeUICore.xcassets (in target 'Stripe_StripeUICore' from project 'Stripe')
    cd /Users/xinyufang/Library/Developer/Xcode/DerivedData/Buzz-faillbpsmponqzeruhhvskovixzk/SourcePackages/checkouts/stripe-ios-spm
    /Applications/Xcode.app/Contents/Developer/usr/bin/actool /Users/xinyufang/Library/Developer/Xcode/DerivedData/Buzz-faillbpsmponqzeruhhvskovixzk/SourcePackages/checkouts/stripe-ios-spm/StripeUICore/StripeUICore/Resources/StripeUICore.xcassets --compile /Users/xinyufang/Library/Developer/Xcode/DerivedData/Buzz-faillbpsmponqzeruhhvskovixzk/Build/Intermediates.noindex/Stripe.build/Debug-iphonesimulator/Stripe_StripeUICore.build/assetcatalog_output/thinned --output-format human-readable-text --notices --warnings --export-dependency-info /Users/xinyufang/Library/Developer/Xcode/DerivedData/Buzz-faillbpsmponqzeruhhvskovixzk/Build/Intermediates.noindex/Stripe.build/Debug-iphonesimulator/Stripe_StripeUICore.build/assetcatalog_dependencies_thinned --output-partial-info-plist /Users/xinyufang/Library/Developer/Xcode/DerivedData/Buzz-faillbpsmponqzeruhhvskovixzk/Build/Intermediates.noindex/Stripe.build/Debug-iphonesimulator/Stripe_StripeUICore.build/assetcatalog_generated_info.plist_thinned --compress-pngs --enable-on-demand-resources NO --filter-for-thinning-device-configuration iPhone18,3 --filter-for-device-os-version 26.0.1 --development-region en --target-device iphone --target-device ipad --minimum-deployment-target 13.0 --platform iphonesimulator
objc[63721]: Class _NoAnimationDelegate is implemented in both /Library/Developer/CoreSimulator/Volumes/iOS_23A8464/Library/Developer/CoreSimulator/Profiles/Runtimes/iOS 26.0.simruntime/Contents/Resources/RuntimeRoot/System/Library/Frameworks/SwiftUICore.framework/SwiftUICore (0x145588130) and /Library/Developer/CoreSimulator/Volumes/iOS_23A8464/Library/Developer/CoreSimulator/Profiles/Runtimes/iOS 26.0.simruntime/Contents/Resources/RuntimeRoot/System/Library/PrivateFrameworks/UIKitCore.framework/UIKitCore (0x1426f1198). This may cause spurious casting failures and mysterious crashes. One of the duplicates must be removed or renamed.
/* com.apple.actool.compilation-results */
/Users/xinyufang/Library/Developer/Xcode/DerivedData/Buzz-faillbpsmponqzeruhhvskovixzk/Build/Intermediates.noindex/Stripe.build/Debug-iphonesimulator/Stripe_StripeUICore.build/assetcatalog_generated_info.plist_thinned
/Users/xinyufang/Library/Developer/Xcode/DerivedData/Buzz-faillbpsmponqzeruhhvskovixzk/Build/Intermediates.noindex/Stripe.build/Debug-iphonesimulator/Stripe_StripeUICore.build/assetcatalog_output/thinned/Assets.car


MkDir /Users/xinyufang/Library/Developer/Xcode/DerivedData/Buzz-faillbpsmponqzeruhhvskovixzk/Build/Intermediates.noindex/Stripe.build/Debug-iphonesimulator/Stripe_StripePaymentsUI.build/assetcatalog_output/thinned (in target 'Stripe_StripePaymentsUI' from project 'Stripe')
    cd /Users/xinyufang/Library/Developer/Xcode/DerivedData/Buzz-faillbpsmponqzeruhhvskovixzk/SourcePackages/checkouts/stripe-ios-spm
    /bin/mkdir -p /Users/xinyufang/Library/Developer/Xcode/DerivedData/Buzz-faillbpsmponqzeruhhvskovixzk/Build/Intermediates.noindex/Stripe.build/Debug-iphonesimulator/Stripe_StripePaymentsUI.build/assetcatalog_output/thinned

MkDir /Users/xinyufang/Library/Developer/Xcode/DerivedData/Buzz-faillbpsmponqzeruhhvskovixzk/Build/Intermediates.noindex/Stripe.build/Debug-iphonesimulator/Stripe_StripePaymentsUI.build/assetcatalog_output/unthinned (in target 'Stripe_StripePaymentsUI' from project 'Stripe')
    cd /Users/xinyufang/Library/Developer/Xcode/DerivedData/Buzz-faillbpsmponqzeruhhvskovixzk/SourcePackages/checkouts/stripe-ios-spm
    /bin/mkdir -p /Users/xinyufang/Library/Developer/Xcode/DerivedData/Buzz-faillbpsmponqzeruhhvskovixzk/Build/Intermediates.noindex/Stripe.build/Debug-iphonesimulator/Stripe_StripePaymentsUI.build/assetcatalog_output/unthinned

CpResource /Users/xinyufang/Library/Developer/Xcode/DerivedData/Buzz-faillbpsmponqzeruhhvskovixzk/Build/Products/Debug-iphonesimulator/Stripe_StripePaymentsUI.bundle/zh-Hant.lproj/Localizable.strings /Users/xinyufang/Library/Developer/Xcode/DerivedData/Buzz-faillbpsmponqzeruhhvskovixzk/SourcePackages/checkouts/stripe-ios-spm/StripePaymentsUI/StripePaymentsUI/Resources/Localizations/zh-Hant.lproj/Localizable.strings (in target 'Stripe_StripePaymentsUI' from project 'Stripe')
    cd /Users/xinyufang/Library/Developer/Xcode/DerivedData/Buzz-faillbpsmponqzeruhhvskovixzk/SourcePackages/checkouts/stripe-ios-spm
    builtin-copy -exclude .DS_Store -exclude CVS -exclude .svn -exclude .git -exclude .hg -resolve-src-symlinks /Users/xinyufang/Library/Developer/Xcode/DerivedData/Buzz-faillbpsmponqzeruhhvskovixzk/SourcePackages/checkouts/stripe-ios-spm/StripePaymentsUI/StripePaymentsUI/Resources/Localizations/zh-Hant.lproj/Localizable.strings /Users/xinyufang/Library/Developer/Xcode/DerivedData/Buzz-faillbpsmponqzeruhhvskovixzk/Build/Products/Debug-iphonesimulator/Stripe_StripePaymentsUI.bundle/zh-Hant.lproj

CpResource /Users/xinyufang/Library/Developer/Xcode/DerivedData/Buzz-faillbpsmponqzeruhhvskovixzk/Build/Products/Debug-iphonesimulator/Stripe_StripePaymentsUI.bundle/zh-Hans.lproj/Localizable.strings /Users/xinyufang/Library/Developer/Xcode/DerivedData/Buzz-faillbpsmponqzeruhhvskovixzk/SourcePackages/checkouts/stripe-ios-spm/StripePaymentsUI/StripePaymentsUI/Resources/Localizations/zh-Hans.lproj/Localizable.strings (in target 'Stripe_StripePaymentsUI' from project 'Stripe')
    cd /Users/xinyufang/Library/Developer/Xcode/DerivedData/Buzz-faillbpsmponqzeruhhvskovixzk/SourcePackages/checkouts/stripe-ios-spm
    builtin-copy -exclude .DS_Store -exclude CVS -exclude .svn -exclude .git -exclude .hg -resolve-src-symlinks /Users/xinyufang/Library/Developer/Xcode/DerivedData/Buzz-faillbpsmponqzeruhhvskovixzk/SourcePackages/checkouts/stripe-ios-spm/StripePaymentsUI/StripePaymentsUI/Resources/Localizations/zh-Hans.lproj/Localizable.strings /Users/xinyufang/Library/Developer/Xcode/DerivedData/Buzz-faillbpsmponqzeruhhvskovixzk/Build/Products/Debug-iphonesimulator/Stripe_StripePaymentsUI.bundle/zh-Hans.lproj

CpResource /Users/xinyufang/Library/Developer/Xcode/DerivedData/Buzz-faillbpsmponqzeruhhvskovixzk/Build/Products/Debug-iphonesimulator/Stripe_StripePaymentsUI.bundle/zh-HK.lproj/Localizable.strings /Users/xinyufang/Library/Developer/Xcode/DerivedData/Buzz-faillbpsmponqzeruhhvskovixzk/SourcePackages/checkouts/stripe-ios-spm/StripePaymentsUI/StripePaymentsUI/Resources/Localizations/zh-HK.lproj/Localizable.strings (in target 'Stripe_StripePaymentsUI' from project 'Stripe')
    cd /Users/xinyufang/Library/Developer/Xcode/DerivedData/Buzz-faillbpsmponqzeruhhvskovixzk/SourcePackages/checkouts/stripe-ios-spm
    builtin-copy -exclude .DS_Store -exclude CVS -exclude .svn -exclude .git -exclude .hg -resolve-src-symlinks /Users/xinyufang/Library/Developer/Xcode/DerivedData/Buzz-faillbpsmponqzeruhhvskovixzk/SourcePackages/checkouts/stripe-ios-spm/StripePaymentsUI/StripePaymentsUI/Resources/Localizations/zh-HK.lproj/Localizable.strings /Users/xinyufang/Library/Developer/Xcode/DerivedData/Buzz-faillbpsmponqzeruhhvskovixzk/Build/Products/Debug-iphonesimulator/Stripe_StripePaymentsUI.bundle/zh-HK.lproj

CpResource /Users/xinyufang/Library/Developer/Xcode/DerivedData/Buzz-faillbpsmponqzeruhhvskovixzk/Build/Products/Debug-iphonesimulator/Stripe_StripePaymentsUI.bundle/vi.lproj/Localizable.strings /Users/xinyufang/Library/Developer/Xcode/DerivedData/Buzz-faillbpsmponqzeruhhvskovixzk/SourcePackages/checkouts/stripe-ios-spm/StripePaymentsUI/StripePaymentsUI/Resources/Localizations/vi.lproj/Localizable.strings (in target 'Stripe_StripePaymentsUI' from project 'Stripe')
    cd /Users/xinyufang/Library/Developer/Xcode/DerivedData/Buzz-faillbpsmponqzeruhhvskovixzk/SourcePackages/checkouts/stripe-ios-spm
    builtin-copy -exclude .DS_Store -exclude CVS -exclude .svn -exclude .git -exclude .hg -resolve-src-symlinks /Users/xinyufang/Library/Developer/Xcode/DerivedData/Buzz-faillbpsmponqzeruhhvskovixzk/SourcePackages/checkouts/stripe-ios-spm/StripePaymentsUI/StripePaymentsUI/Resources/Localizations/vi.lproj/Localizable.strings /Users/xinyufang/Library/Developer/Xcode/DerivedData/Buzz-faillbpsmponqzeruhhvskovixzk/Build/Products/Debug-iphonesimulator/Stripe_StripePaymentsUI.bundle/vi.lproj

CpResource /Users/xinyufang/Library/Developer/Xcode/DerivedData/Buzz-faillbpsmponqzeruhhvskovixzk/Build/Products/Debug-iphonesimulator/Stripe_StripePaymentsUI.bundle/tr.lproj/Localizable.strings /Users/xinyufang/Library/Developer/Xcode/DerivedData/Buzz-faillbpsmponqzeruhhvskovixzk/SourcePackages/checkouts/stripe-ios-spm/StripePaymentsUI/StripePaymentsUI/Resources/Localizations/tr.lproj/Localizable.strings (in target 'Stripe_StripePaymentsUI' from project 'Stripe')
    cd /Users/xinyufang/Library/Developer/Xcode/DerivedData/Buzz-faillbpsmponqzeruhhvskovixzk/SourcePackages/checkouts/stripe-ios-spm
    builtin-copy -exclude .DS_Store -exclude CVS -exclude .svn -exclude .git -exclude .hg -resolve-src-symlinks /Users/xinyufang/Library/Developer/Xcode/DerivedData/Buzz-faillbpsmponqzeruhhvskovixzk/SourcePackages/checkouts/stripe-ios-spm/StripePaymentsUI/StripePaymentsUI/Resources/Localizations/tr.lproj/Localizable.strings /Users/xinyufang/Library/Developer/Xcode/DerivedData/Buzz-faillbpsmponqzeruhhvskovixzk/Build/Products/Debug-iphonesimulator/Stripe_StripePaymentsUI.bundle/tr.lproj

CpResource /Users/xinyufang/Library/Developer/Xcode/DerivedData/Buzz-faillbpsmponqzeruhhvskovixzk/Build/Products/Debug-iphonesimulator/Stripe_StripePaymentsUI.bundle/tk.lproj/Localizable.strings /Users/xinyufang/Library/Developer/Xcode/DerivedData/Buzz-faillbpsmponqzeruhhvskovixzk/SourcePackages/checkouts/stripe-ios-spm/StripePaymentsUI/StripePaymentsUI/Resources/Localizations/tk.lproj/Localizable.strings (in target 'Stripe_StripePaymentsUI' from project 'Stripe')
    cd /Users/xinyufang/Library/Developer/Xcode/DerivedData/Buzz-faillbpsmponqzeruhhvskovixzk/SourcePackages/checkouts/stripe-ios-spm
    builtin-copy -exclude .DS_Store -exclude CVS -exclude .svn -exclude .git -exclude .hg -resolve-src-symlinks /Users/xinyufang/Library/Developer/Xcode/DerivedData/Buzz-faillbpsmponqzeruhhvskovixzk/SourcePackages/checkouts/stripe-ios-spm/StripePaymentsUI/StripePaymentsUI/Resources/Localizations/tk.lproj/Localizable.strings /Users/xinyufang/Library/Developer/Xcode/DerivedData/Buzz-faillbpsmponqzeruhhvskovixzk/Build/Products/Debug-iphonesimulator/Stripe_StripePaymentsUI.bundle/tk.lproj

CpResource /Users/xinyufang/Library/Developer/Xcode/DerivedData/Buzz-faillbpsmponqzeruhhvskovixzk/Build/Products/Debug-iphonesimulator/Stripe_StripePaymentsUI.bundle/th.lproj/Localizable.strings /Users/xinyufang/Library/Developer/Xcode/DerivedData/Buzz-faillbpsmponqzeruhhvskovixzk/SourcePackages/checkouts/stripe-ios-spm/StripePaymentsUI/StripePaymentsUI/Resources/Localizations/th.lproj/Localizable.strings (in target 'Stripe_StripePaymentsUI' from project 'Stripe')
    cd /Users/xinyufang/Library/Developer/Xcode/DerivedData/Buzz-faillbpsmponqzeruhhvskovixzk/SourcePackages/checkouts/stripe-ios-spm
    builtin-copy -exclude .DS_Store -exclude CVS -exclude .svn -exclude .git -exclude .hg -resolve-src-symlinks /Users/xinyufang/Library/Developer/Xcode/DerivedData/Buzz-faillbpsmponqzeruhhvskovixzk/SourcePackages/checkouts/stripe-ios-spm/StripePaymentsUI/StripePaymentsUI/Resources/Localizations/th.lproj/Localizable.strings /Users/xinyufang/Library/Developer/Xcode/DerivedData/Buzz-faillbpsmponqzeruhhvskovixzk/Build/Products/Debug-iphonesimulator/Stripe_StripePaymentsUI.bundle/th.lproj

CpResource /Users/xinyufang/Library/Developer/Xcode/DerivedData/Buzz-faillbpsmponqzeruhhvskovixzk/Build/Products/Debug-iphonesimulator/Stripe_StripePaymentsUI.bundle/sv.lproj/Localizable.strings /Users/xinyufang/Library/Developer/Xcode/DerivedData/Buzz-faillbpsmponqzeruhhvskovixzk/SourcePackages/checkouts/stripe-ios-spm/StripePaymentsUI/StripePaymentsUI/Resources/Localizations/sv.lproj/Localizable.strings (in target 'Stripe_StripePaymentsUI' from project 'Stripe')
    cd /Users/xinyufang/Library/Developer/Xcode/DerivedData/Buzz-faillbpsmponqzeruhhvskovixzk/SourcePackages/checkouts/stripe-ios-spm
    builtin-copy -exclude .DS_Store -exclude CVS -exclude .svn -exclude .git -exclude .hg -resolve-src-symlinks /Users/xinyufang/Library/Developer/Xcode/DerivedData/Buzz-faillbpsmponqzeruhhvskovixzk/SourcePackages/checkouts/stripe-ios-spm/StripePaymentsUI/StripePaymentsUI/Resources/Localizations/sv.lproj/Localizable.strings /Users/xinyufang/Library/Developer/Xcode/DerivedData/Buzz-faillbpsmponqzeruhhvskovixzk/Build/Products/Debug-iphonesimulator/Stripe_StripePaymentsUI.bundle/sv.lproj

CpResource /Users/xinyufang/Library/Developer/Xcode/DerivedData/Buzz-faillbpsmponqzeruhhvskovixzk/Build/Products/Debug-iphonesimulator/Stripe_StripePaymentsUI.bundle/sl-SI.lproj/Localizable.strings /Users/xinyufang/Library/Developer/Xcode/DerivedData/Buzz-faillbpsmponqzeruhhvskovixzk/SourcePackages/checkouts/stripe-ios-spm/StripePaymentsUI/StripePaymentsUI/Resources/Localizations/sl-SI.lproj/Localizable.strings (in target 'Stripe_StripePaymentsUI' from project 'Stripe')
    cd /Users/xinyufang/Library/Developer/Xcode/DerivedData/Buzz-faillbpsmponqzeruhhvskovixzk/SourcePackages/checkouts/stripe-ios-spm
    builtin-copy -exclude .DS_Store -exclude CVS -exclude .svn -exclude .git -exclude .hg -resolve-src-symlinks /Users/xinyufang/Library/Developer/Xcode/DerivedData/Buzz-faillbpsmponqzeruhhvskovixzk/SourcePackages/checkouts/stripe-ios-spm/StripePaymentsUI/StripePaymentsUI/Resources/Localizations/sl-SI.lproj/Localizable.strings /Users/xinyufang/Library/Developer/Xcode/DerivedData/Buzz-faillbpsmponqzeruhhvskovixzk/Build/Products/Debug-iphonesimulator/Stripe_StripePaymentsUI.bundle/sl-SI.lproj

CpResource /Users/xinyufang/Library/Developer/Xcode/DerivedData/Buzz-faillbpsmponqzeruhhvskovixzk/Build/Products/Debug-iphonesimulator/Stripe_StripePaymentsUI.bundle/sk-SK.lproj/Localizable.strings /Users/xinyufang/Library/Developer/Xcode/DerivedData/Buzz-faillbpsmponqzeruhhvskovixzk/SourcePackages/checkouts/stripe-ios-spm/StripePaymentsUI/StripePaymentsUI/Resources/Localizations/sk-SK.lproj/Localizable.strings (in target 'Stripe_StripePaymentsUI' from project 'Stripe')
    cd /Users/xinyufang/Library/Developer/Xcode/DerivedData/Buzz-faillbpsmponqzeruhhvskovixzk/SourcePackages/checkouts/stripe-ios-spm
    builtin-copy -exclude .DS_Store -exclude CVS -exclude .svn -exclude .git -exclude .hg -resolve-src-symlinks /Users/xinyufang/Library/Developer/Xcode/DerivedData/Buzz-faillbpsmponqzeruhhvskovixzk/SourcePackages/checkouts/stripe-ios-spm/StripePaymentsUI/StripePaymentsUI/Resources/Localizations/sk-SK.lproj/Localizable.strings /Users/xinyufang/Library/Developer/Xcode/DerivedData/Buzz-faillbpsmponqzeruhhvskovixzk/Build/Products/Debug-iphonesimulator/Stripe_StripePaymentsUI.bundle/sk-SK.lproj

CpResource /Users/xinyufang/Library/Developer/Xcode/DerivedData/Buzz-faillbpsmponqzeruhhvskovixzk/Build/Products/Debug-iphonesimulator/Stripe_StripePaymentsUI.bundle/ru.lproj/Localizable.strings /Users/xinyufang/Library/Developer/Xcode/DerivedData/Buzz-faillbpsmponqzeruhhvskovixzk/SourcePackages/checkouts/stripe-ios-spm/StripePaymentsUI/StripePaymentsUI/Resources/Localizations/ru.lproj/Localizable.strings (in target 'Stripe_StripePaymentsUI' from project 'Stripe')
    cd /Users/xinyufang/Library/Developer/Xcode/DerivedData/Buzz-faillbpsmponqzeruhhvskovixzk/SourcePackages/checkouts/stripe-ios-spm
    builtin-copy -exclude .DS_Store -exclude CVS -exclude .svn -exclude .git -exclude .hg -resolve-src-symlinks /Users/xinyufang/Library/Developer/Xcode/DerivedData/Buzz-faillbpsmponqzeruhhvskovixzk/SourcePackages/checkouts/stripe-ios-spm/StripePaymentsUI/StripePaymentsUI/Resources/Localizations/ru.lproj/Localizable.strings /Users/xinyufang/Library/Developer/Xcode/DerivedData/Buzz-faillbpsmponqzeruhhvskovixzk/Build/Products/Debug-iphonesimulator/Stripe_StripePaymentsUI.bundle/ru.lproj

CpResource /Users/xinyufang/Library/Developer/Xcode/DerivedData/Buzz-faillbpsmponqzeruhhvskovixzk/Build/Products/Debug-iphonesimulator/Stripe_StripePaymentsUI.bundle/ro-RO.lproj/Localizable.strings /Users/xinyufang/Library/Developer/Xcode/DerivedData/Buzz-faillbpsmponqzeruhhvskovixzk/SourcePackages/checkouts/stripe-ios-spm/StripePaymentsUI/StripePaymentsUI/Resources/Localizations/ro-RO.lproj/Localizable.strings (in target 'Stripe_StripePaymentsUI' from project 'Stripe')
    cd /Users/xinyufang/Library/Developer/Xcode/DerivedData/Buzz-faillbpsmponqzeruhhvskovixzk/SourcePackages/checkouts/stripe-ios-spm
    builtin-copy -exclude .DS_Store -exclude CVS -exclude .svn -exclude .git -exclude .hg -resolve-src-symlinks /Users/xinyufang/Library/Developer/Xcode/DerivedData/Buzz-faillbpsmponqzeruhhvskovixzk/SourcePackages/checkouts/stripe-ios-spm/StripePaymentsUI/StripePaymentsUI/Resources/Localizations/ro-RO.lproj/Localizable.strings /Users/xinyufang/Library/Developer/Xcode/DerivedData/Buzz-faillbpsmponqzeruhhvskovixzk/Build/Products/Debug-iphonesimulator/Stripe_StripePaymentsUI.bundle/ro-RO.lproj

CpResource /Users/xinyufang/Library/Developer/Xcode/DerivedData/Buzz-faillbpsmponqzeruhhvskovixzk/Build/Products/Debug-iphonesimulator/Stripe_StripePaymentsUI.bundle/pt-PT.lproj/Localizable.strings /Users/xinyufang/Library/Developer/Xcode/DerivedData/Buzz-faillbpsmponqzeruhhvskovixzk/SourcePackages/checkouts/stripe-ios-spm/StripePaymentsUI/StripePaymentsUI/Resources/Localizations/pt-PT.lproj/Localizable.strings (in target 'Stripe_StripePaymentsUI' from project 'Stripe')
    cd /Users/xinyufang/Library/Developer/Xcode/DerivedData/Buzz-faillbpsmponqzeruhhvskovixzk/SourcePackages/checkouts/stripe-ios-spm
    builtin-copy -exclude .DS_Store -exclude CVS -exclude .svn -exclude .git -exclude .hg -resolve-src-symlinks /Users/xinyufang/Library/Developer/Xcode/DerivedData/Buzz-faillbpsmponqzeruhhvskovixzk/SourcePackages/checkouts/stripe-ios-spm/StripePaymentsUI/StripePaymentsUI/Resources/Localizations/pt-PT.lproj/Localizable.strings /Users/xinyufang/Library/Developer/Xcode/DerivedData/Buzz-faillbpsmponqzeruhhvskovixzk/Build/Products/Debug-iphonesimulator/Stripe_StripePaymentsUI.bundle/pt-PT.lproj

CpResource /Users/xinyufang/Library/Developer/Xcode/DerivedData/Buzz-faillbpsmponqzeruhhvskovixzk/Build/Products/Debug-iphonesimulator/Stripe_StripePaymentsUI.bundle/pt-BR.lproj/Localizable.strings /Users/xinyufang/Library/Developer/Xcode/DerivedData/Buzz-faillbpsmponqzeruhhvskovixzk/SourcePackages/checkouts/stripe-ios-spm/StripePaymentsUI/StripePaymentsUI/Resources/Localizations/pt-BR.lproj/Localizable.strings (in target 'Stripe_StripePaymentsUI' from project 'Stripe')
    cd /Users/xinyufang/Library/Developer/Xcode/DerivedData/Buzz-faillbpsmponqzeruhhvskovixzk/SourcePackages/checkouts/stripe-ios-spm
    builtin-copy -exclude .DS_Store -exclude CVS -exclude .svn -exclude .git -exclude .hg -resolve-src-symlinks /Users/xinyufang/Library/Developer/Xcode/DerivedData/Buzz-faillbpsmponqzeruhhvskovixzk/SourcePackages/checkouts/stripe-ios-spm/StripePaymentsUI/StripePaymentsUI/Resources/Localizations/pt-BR.lproj/Localizable.strings /Users/xinyufang/Library/Developer/Xcode/DerivedData/Buzz-faillbpsmponqzeruhhvskovixzk/Build/Products/Debug-iphonesimulator/Stripe_StripePaymentsUI.bundle/pt-BR.lproj

CpResource /Users/xinyufang/Library/Developer/Xcode/DerivedData/Buzz-faillbpsmponqzeruhhvskovixzk/Build/Products/Debug-iphonesimulator/Stripe_StripePaymentsUI.bundle/pl-PL.lproj/Localizable.strings /Users/xinyufang/Library/Developer/Xcode/DerivedData/Buzz-faillbpsmponqzeruhhvskovixzk/SourcePackages/checkouts/stripe-ios-spm/StripePaymentsUI/StripePaymentsUI/Resources/Localizations/pl-PL.lproj/Localizable.strings (in target 'Stripe_StripePaymentsUI' from project 'Stripe')
    cd /Users/xinyufang/Library/Developer/Xcode/DerivedData/Buzz-faillbpsmponqzeruhhvskovixzk/SourcePackages/checkouts/stripe-ios-spm
    builtin-copy -exclude .DS_Store -exclude CVS -exclude .svn -exclude .git -exclude .hg -resolve-src-symlinks /Users/xinyufang/Library/Developer/Xcode/DerivedData/Buzz-faillbpsmponqzeruhhvskovixzk/SourcePackages/checkouts/stripe-ios-spm/StripePaymentsUI/StripePaymentsUI/Resources/Localizations/pl-PL.lproj/Localizable.strings /Users/xinyufang/Library/Developer/Xcode/DerivedData/Buzz-faillbpsmponqzeruhhvskovixzk/Build/Products/Debug-iphonesimulator/Stripe_StripePaymentsUI.bundle/pl-PL.lproj

CpResource /Users/xinyufang/Library/Developer/Xcode/DerivedData/Buzz-faillbpsmponqzeruhhvskovixzk/Build/Products/Debug-iphonesimulator/Stripe_StripePaymentsUI.bundle/nl.lproj/Localizable.strings /Users/xinyufang/Library/Developer/Xcode/DerivedData/Buzz-faillbpsmponqzeruhhvskovixzk/SourcePackages/checkouts/stripe-ios-spm/StripePaymentsUI/StripePaymentsUI/Resources/Localizations/nl.lproj/Localizable.strings (in target 'Stripe_StripePaymentsUI' from project 'Stripe')
    cd /Users/xinyufang/Library/Developer/Xcode/DerivedData/Buzz-faillbpsmponqzeruhhvskovixzk/SourcePackages/checkouts/stripe-ios-spm
    builtin-copy -exclude .DS_Store -exclude CVS -exclude .svn -exclude .git -exclude .hg -resolve-src-symlinks /Users/xinyufang/Library/Developer/Xcode/DerivedData/Buzz-faillbpsmponqzeruhhvskovixzk/SourcePackages/checkouts/stripe-ios-spm/StripePaymentsUI/StripePaymentsUI/Resources/Localizations/nl.lproj/Localizable.strings /Users/xinyufang/Library/Developer/Xcode/DerivedData/Buzz-faillbpsmponqzeruhhvskovixzk/Build/Products/Debug-iphonesimulator/Stripe_StripePaymentsUI.bundle/nl.lproj

CpResource /Users/xinyufang/Library/Developer/Xcode/DerivedData/Buzz-faillbpsmponqzeruhhvskovixzk/Build/Products/Debug-iphonesimulator/Stripe_StripePaymentsUI.bundle/nb.lproj/Localizable.strings /Users/xinyufang/Library/Developer/Xcode/DerivedData/Buzz-faillbpsmponqzeruhhvskovixzk/SourcePackages/checkouts/stripe-ios-spm/StripePaymentsUI/StripePaymentsUI/Resources/Localizations/nb.lproj/Localizable.strings (in target 'Stripe_StripePaymentsUI' from project 'Stripe')
    cd /Users/xinyufang/Library/Developer/Xcode/DerivedData/Buzz-faillbpsmponqzeruhhvskovixzk/SourcePackages/checkouts/stripe-ios-spm
    builtin-copy -exclude .DS_Store -exclude CVS -exclude .svn -exclude .git -exclude .hg -resolve-src-symlinks /Users/xinyufang/Library/Developer/Xcode/DerivedData/Buzz-faillbpsmponqzeruhhvskovixzk/SourcePackages/checkouts/stripe-ios-spm/StripePaymentsUI/StripePaymentsUI/Resources/Localizations/nb.lproj/Localizable.strings /Users/xinyufang/Library/Developer/Xcode/DerivedData/Buzz-faillbpsmponqzeruhhvskovixzk/Build/Products/Debug-iphonesimulator/Stripe_StripePaymentsUI.bundle/nb.lproj

CpResource /Users/xinyufang/Library/Developer/Xcode/DerivedData/Buzz-faillbpsmponqzeruhhvskovixzk/Build/Products/Debug-iphonesimulator/Stripe_StripePaymentsUI.bundle/mt.lproj/Localizable.strings /Users/xinyufang/Library/Developer/Xcode/DerivedData/Buzz-faillbpsmponqzeruhhvskovixzk/SourcePackages/checkouts/stripe-ios-spm/StripePaymentsUI/StripePaymentsUI/Resources/Localizations/mt.lproj/Localizable.strings (in target 'Stripe_StripePaymentsUI' from project 'Stripe')
    cd /Users/xinyufang/Library/Developer/Xcode/DerivedData/Buzz-faillbpsmponqzeruhhvskovixzk/SourcePackages/checkouts/stripe-ios-spm
    builtin-copy -exclude .DS_Store -exclude CVS -exclude .svn -exclude .git -exclude .hg -resolve-src-symlinks /Users/xinyufang/Library/Developer/Xcode/DerivedData/Buzz-faillbpsmponqzeruhhvskovixzk/SourcePackages/checkouts/stripe-ios-spm/StripePaymentsUI/StripePaymentsUI/Resources/Localizations/mt.lproj/Localizable.strings /Users/xinyufang/Library/Developer/Xcode/DerivedData/Buzz-faillbpsmponqzeruhhvskovixzk/Build/Products/Debug-iphonesimulator/Stripe_StripePaymentsUI.bundle/mt.lproj

CpResource /Users/xinyufang/Library/Developer/Xcode/DerivedData/Buzz-faillbpsmponqzeruhhvskovixzk/Build/Products/Debug-iphonesimulator/Stripe_StripePaymentsUI.bundle/ms-MY.lproj/Localizable.strings /Users/xinyufang/Library/Developer/Xcode/DerivedData/Buzz-faillbpsmponqzeruhhvskovixzk/SourcePackages/checkouts/stripe-ios-spm/StripePaymentsUI/StripePaymentsUI/Resources/Localizations/ms-MY.lproj/Localizable.strings (in target 'Stripe_StripePaymentsUI' from project 'Stripe')
    cd /Users/xinyufang/Library/Developer/Xcode/DerivedData/Buzz-faillbpsmponqzeruhhvskovixzk/SourcePackages/checkouts/stripe-ios-spm
    builtin-copy -exclude .DS_Store -exclude CVS -exclude .svn -exclude .git -exclude .hg -resolve-src-symlinks /Users/xinyufang/Library/Developer/Xcode/DerivedData/Buzz-faillbpsmponqzeruhhvskovixzk/SourcePackages/checkouts/stripe-ios-spm/StripePaymentsUI/StripePaymentsUI/Resources/Localizations/ms-MY.lproj/Localizable.strings /Users/xinyufang/Library/Developer/Xcode/DerivedData/Buzz-faillbpsmponqzeruhhvskovixzk/Build/Products/Debug-iphonesimulator/Stripe_StripePaymentsUI.bundle/ms-MY.lproj

CpResource /Users/xinyufang/Library/Developer/Xcode/DerivedData/Buzz-faillbpsmponqzeruhhvskovixzk/Build/Products/Debug-iphonesimulator/Stripe_StripePaymentsUI.bundle/lv-LV.lproj/Localizable.strings /Users/xinyufang/Library/Developer/Xcode/DerivedData/Buzz-faillbpsmponqzeruhhvskovixzk/SourcePackages/checkouts/stripe-ios-spm/StripePaymentsUI/StripePaymentsUI/Resources/Localizations/lv-LV.lproj/Localizable.strings (in target 'Stripe_StripePaymentsUI' from project 'Stripe')
    cd /Users/xinyufang/Library/Developer/Xcode/DerivedData/Buzz-faillbpsmponqzeruhhvskovixzk/SourcePackages/checkouts/stripe-ios-spm
    builtin-copy -exclude .DS_Store -exclude CVS -exclude .svn -exclude .git -exclude .hg -resolve-src-symlinks /Users/xinyufang/Library/Developer/Xcode/DerivedData/Buzz-faillbpsmponqzeruhhvskovixzk/SourcePackages/checkouts/stripe-ios-spm/StripePaymentsUI/StripePaymentsUI/Resources/Localizations/lv-LV.lproj/Localizable.strings /Users/xinyufang/Library/Developer/Xcode/DerivedData/Buzz-faillbpsmponqzeruhhvskovixzk/Build/Products/Debug-iphonesimulator/Stripe_StripePaymentsUI.bundle/lv-LV.lproj

CpResource /Users/xinyufang/Library/Developer/Xcode/DerivedData/Buzz-faillbpsmponqzeruhhvskovixzk/Build/Products/Debug-iphonesimulator/Stripe_StripePaymentsUI.bundle/lt-LT.lproj/Localizable.strings /Users/xinyufang/Library/Developer/Xcode/DerivedData/Buzz-faillbpsmponqzeruhhvskovixzk/SourcePackages/checkouts/stripe-ios-spm/StripePaymentsUI/StripePaymentsUI/Resources/Localizations/lt-LT.lproj/Localizable.strings (in target 'Stripe_StripePaymentsUI' from project 'Stripe')
    cd /Users/xinyufang/Library/Developer/Xcode/DerivedData/Buzz-faillbpsmponqzeruhhvskovixzk/SourcePackages/checkouts/stripe-ios-spm
    builtin-copy -exclude .DS_Store -exclude CVS -exclude .svn -exclude .git -exclude .hg -resolve-src-symlinks /Users/xinyufang/Library/Developer/Xcode/DerivedData/Buzz-faillbpsmponqzeruhhvskovixzk/SourcePackages/checkouts/stripe-ios-spm/StripePaymentsUI/StripePaymentsUI/Resources/Localizations/lt-LT.lproj/Localizable.strings /Users/xinyufang/Library/Developer/Xcode/DerivedData/Buzz-faillbpsmponqzeruhhvskovixzk/Build/Products/Debug-iphonesimulator/Stripe_StripePaymentsUI.bundle/lt-LT.lproj

CpResource /Users/xinyufang/Library/Developer/Xcode/DerivedData/Buzz-faillbpsmponqzeruhhvskovixzk/Build/Products/Debug-iphonesimulator/Stripe_StripePaymentsUI.bundle/ko.lproj/Localizable.strings /Users/xinyufang/Library/Developer/Xcode/DerivedData/Buzz-faillbpsmponqzeruhhvskovixzk/SourcePackages/checkouts/stripe-ios-spm/StripePaymentsUI/StripePaymentsUI/Resources/Localizations/ko.lproj/Localizable.strings (in target 'Stripe_StripePaymentsUI' from project 'Stripe')
    cd /Users/xinyufang/Library/Developer/Xcode/DerivedData/Buzz-faillbpsmponqzeruhhvskovixzk/SourcePackages/checkouts/stripe-ios-spm
    builtin-copy -exclude .DS_Store -exclude CVS -exclude .svn -exclude .git -exclude .hg -resolve-src-symlinks /Users/xinyufang/Library/Developer/Xcode/DerivedData/Buzz-faillbpsmponqzeruhhvskovixzk/SourcePackages/checkouts/stripe-ios-spm/StripePaymentsUI/StripePaymentsUI/Resources/Localizations/ko.lproj/Localizable.strings /Users/xinyufang/Library/Developer/Xcode/DerivedData/Buzz-faillbpsmponqzeruhhvskovixzk/Build/Products/Debug-iphonesimulator/Stripe_StripePaymentsUI.bundle/ko.lproj

CpResource /Users/xinyufang/Library/Developer/Xcode/DerivedData/Buzz-faillbpsmponqzeruhhvskovixzk/Build/Products/Debug-iphonesimulator/Stripe_StripePaymentsUI.bundle/ja.lproj/Localizable.strings /Users/xinyufang/Library/Developer/Xcode/DerivedData/Buzz-faillbpsmponqzeruhhvskovixzk/SourcePackages/checkouts/stripe-ios-spm/StripePaymentsUI/StripePaymentsUI/Resources/Localizations/ja.lproj/Localizable.strings (in target 'Stripe_StripePaymentsUI' from project 'Stripe')
    cd /Users/xinyufang/Library/Developer/Xcode/DerivedData/Buzz-faillbpsmponqzeruhhvskovixzk/SourcePackages/checkouts/stripe-ios-spm
    builtin-copy -exclude .DS_Store -exclude CVS -exclude .svn -exclude .git -exclude .hg -resolve-src-symlinks /Users/xinyufang/Library/Developer/Xcode/DerivedData/Buzz-faillbpsmponqzeruhhvskovixzk/SourcePackages/checkouts/stripe-ios-spm/StripePaymentsUI/StripePaymentsUI/Resources/Localizations/ja.lproj/Localizable.strings /Users/xinyufang/Library/Developer/Xcode/DerivedData/Buzz-faillbpsmponqzeruhhvskovixzk/Build/Products/Debug-iphonesimulator/Stripe_StripePaymentsUI.bundle/ja.lproj

CpResource /Users/xinyufang/Library/Developer/Xcode/DerivedData/Buzz-faillbpsmponqzeruhhvskovixzk/Build/Products/Debug-iphonesimulator/Stripe_StripePaymentsUI.bundle/it.lproj/Localizable.strings /Users/xinyufang/Library/Developer/Xcode/DerivedData/Buzz-faillbpsmponqzeruhhvskovixzk/SourcePackages/checkouts/stripe-ios-spm/StripePaymentsUI/StripePaymentsUI/Resources/Localizations/it.lproj/Localizable.strings (in target 'Stripe_StripePaymentsUI' from project 'Stripe')
    cd /Users/xinyufang/Library/Developer/Xcode/DerivedData/Buzz-faillbpsmponqzeruhhvskovixzk/SourcePackages/checkouts/stripe-ios-spm
    builtin-copy -exclude .DS_Store -exclude CVS -exclude .svn -exclude .git -exclude .hg -resolve-src-symlinks /Users/xinyufang/Library/Developer/Xcode/DerivedData/Buzz-faillbpsmponqzeruhhvskovixzk/SourcePackages/checkouts/stripe-ios-spm/StripePaymentsUI/StripePaymentsUI/Resources/Localizations/it.lproj/Localizable.strings /Users/xinyufang/Library/Developer/Xcode/DerivedData/Buzz-faillbpsmponqzeruhhvskovixzk/Build/Products/Debug-iphonesimulator/Stripe_StripePaymentsUI.bundle/it.lproj

CpResource /Users/xinyufang/Library/Developer/Xcode/DerivedData/Buzz-faillbpsmponqzeruhhvskovixzk/Build/Products/Debug-iphonesimulator/Stripe_StripePaymentsUI.bundle/id.lproj/Localizable.strings /Users/xinyufang/Library/Developer/Xcode/DerivedData/Buzz-faillbpsmponqzeruhhvskovixzk/SourcePackages/checkouts/stripe-ios-spm/StripePaymentsUI/StripePaymentsUI/Resources/Localizations/id.lproj/Localizable.strings (in target 'Stripe_StripePaymentsUI' from project 'Stripe')
    cd /Users/xinyufang/Library/Developer/Xcode/DerivedData/Buzz-faillbpsmponqzeruhhvskovixzk/SourcePackages/checkouts/stripe-ios-spm
    builtin-copy -exclude .DS_Store -exclude CVS -exclude .svn -exclude .git -exclude .hg -resolve-src-symlinks /Users/xinyufang/Library/Developer/Xcode/DerivedData/Buzz-faillbpsmponqzeruhhvskovixzk/SourcePackages/checkouts/stripe-ios-spm/StripePaymentsUI/StripePaymentsUI/Resources/Localizations/id.lproj/Localizable.strings /Users/xinyufang/Library/Developer/Xcode/DerivedData/Buzz-faillbpsmponqzeruhhvskovixzk/Build/Products/Debug-iphonesimulator/Stripe_StripePaymentsUI.bundle/id.lproj

CpResource /Users/xinyufang/Library/Developer/Xcode/DerivedData/Buzz-faillbpsmponqzeruhhvskovixzk/Build/Products/Debug-iphonesimulator/Stripe_StripePaymentsUI.bundle/hu.lproj/Localizable.strings /Users/xinyufang/Library/Developer/Xcode/DerivedData/Buzz-faillbpsmponqzeruhhvskovixzk/SourcePackages/checkouts/stripe-ios-spm/StripePaymentsUI/StripePaymentsUI/Resources/Localizations/hu.lproj/Localizable.strings (in target 'Stripe_StripePaymentsUI' from project 'Stripe')
    cd /Users/xinyufang/Library/Developer/Xcode/DerivedData/Buzz-faillbpsmponqzeruhhvskovixzk/SourcePackages/checkouts/stripe-ios-spm
    builtin-copy -exclude .DS_Store -exclude CVS -exclude .svn -exclude .git -exclude .hg -resolve-src-symlinks /Users/xinyufang/Library/Developer/Xcode/DerivedData/Buzz-faillbpsmponqzeruhhvskovixzk/SourcePackages/checkouts/stripe-ios-spm/StripePaymentsUI/StripePaymentsUI/Resources/Localizations/hu.lproj/Localizable.strings /Users/xinyufang/Library/Developer/Xcode/DerivedData/Buzz-faillbpsmponqzeruhhvskovixzk/Build/Products/Debug-iphonesimulator/Stripe_StripePaymentsUI.bundle/hu.lproj

CpResource /Users/xinyufang/Library/Developer/Xcode/DerivedData/Buzz-faillbpsmponqzeruhhvskovixzk/Build/Products/Debug-iphonesimulator/Stripe_StripePaymentsUI.bundle/hr.lproj/Localizable.strings /Users/xinyufang/Library/Developer/Xcode/DerivedData/Buzz-faillbpsmponqzeruhhvskovixzk/SourcePackages/checkouts/stripe-ios-spm/StripePaymentsUI/StripePaymentsUI/Resources/Localizations/hr.lproj/Localizable.strings (in target 'Stripe_StripePaymentsUI' from project 'Stripe')
    cd /Users/xinyufang/Library/Developer/Xcode/DerivedData/Buzz-faillbpsmponqzeruhhvskovixzk/SourcePackages/checkouts/stripe-ios-spm
    builtin-copy -exclude .DS_Store -exclude CVS -exclude .svn -exclude .git -exclude .hg -resolve-src-symlinks /Users/xinyufang/Library/Developer/Xcode/DerivedData/Buzz-faillbpsmponqzeruhhvskovixzk/SourcePackages/checkouts/stripe-ios-spm/StripePaymentsUI/StripePaymentsUI/Resources/Localizations/hr.lproj/Localizable.strings /Users/xinyufang/Library/Developer/Xcode/DerivedData/Buzz-faillbpsmponqzeruhhvskovixzk/Build/Products/Debug-iphonesimulator/Stripe_StripePaymentsUI.bundle/hr.lproj

CpResource /Users/xinyufang/Library/Developer/Xcode/DerivedData/Buzz-faillbpsmponqzeruhhvskovixzk/Build/Products/Debug-iphonesimulator/Stripe_StripePaymentsUI.bundle/fr.lproj/Localizable.strings /Users/xinyufang/Library/Developer/Xcode/DerivedData/Buzz-faillbpsmponqzeruhhvskovixzk/SourcePackages/checkouts/stripe-ios-spm/StripePaymentsUI/StripePaymentsUI/Resources/Localizations/fr.lproj/Localizable.strings (in target 'Stripe_StripePaymentsUI' from project 'Stripe')
    cd /Users/xinyufang/Library/Developer/Xcode/DerivedData/Buzz-faillbpsmponqzeruhhvskovixzk/SourcePackages/checkouts/stripe-ios-spm
    builtin-copy -exclude .DS_Store -exclude CVS -exclude .svn -exclude .git -exclude .hg -resolve-src-symlinks /Users/xinyufang/Library/Developer/Xcode/DerivedData/Buzz-faillbpsmponqzeruhhvskovixzk/SourcePackages/checkouts/stripe-ios-spm/StripePaymentsUI/StripePaymentsUI/Resources/Localizations/fr.lproj/Localizable.strings /Users/xinyufang/Library/Developer/Xcode/DerivedData/Buzz-faillbpsmponqzeruhhvskovixzk/Build/Products/Debug-iphonesimulator/Stripe_StripePaymentsUI.bundle/fr.lproj

CpResource /Users/xinyufang/Library/Developer/Xcode/DerivedData/Buzz-faillbpsmponqzeruhhvskovixzk/Build/Products/Debug-iphonesimulator/Stripe_StripePaymentsUI.bundle/fr-CA.lproj/Localizable.strings /Users/xinyufang/Library/Developer/Xcode/DerivedData/Buzz-faillbpsmponqzeruhhvskovixzk/SourcePackages/checkouts/stripe-ios-spm/StripePaymentsUI/StripePaymentsUI/Resources/Localizations/fr-CA.lproj/Localizable.strings (in target 'Stripe_StripePaymentsUI' from project 'Stripe')
    cd /Users/xinyufang/Library/Developer/Xcode/DerivedData/Buzz-faillbpsmponqzeruhhvskovixzk/SourcePackages/checkouts/stripe-ios-spm
    builtin-copy -exclude .DS_Store -exclude CVS -exclude .svn -exclude .git -exclude .hg -resolve-src-symlinks /Users/xinyufang/Library/Developer/Xcode/DerivedData/Buzz-faillbpsmponqzeruhhvskovixzk/SourcePackages/checkouts/stripe-ios-spm/StripePaymentsUI/StripePaymentsUI/Resources/Localizations/fr-CA.lproj/Localizable.strings /Users/xinyufang/Library/Developer/Xcode/DerivedData/Buzz-faillbpsmponqzeruhhvskovixzk/Build/Products/Debug-iphonesimulator/Stripe_StripePaymentsUI.bundle/fr-CA.lproj

CpResource /Users/xinyufang/Library/Developer/Xcode/DerivedData/Buzz-faillbpsmponqzeruhhvskovixzk/Build/Products/Debug-iphonesimulator/Stripe_StripePaymentsUI.bundle/fil.lproj/Localizable.strings /Users/xinyufang/Library/Developer/Xcode/DerivedData/Buzz-faillbpsmponqzeruhhvskovixzk/SourcePackages/checkouts/stripe-ios-spm/StripePaymentsUI/StripePaymentsUI/Resources/Localizations/fil.lproj/Localizable.strings (in target 'Stripe_StripePaymentsUI' from project 'Stripe')
    cd /Users/xinyufang/Library/Developer/Xcode/DerivedData/Buzz-faillbpsmponqzeruhhvskovixzk/SourcePackages/checkouts/stripe-ios-spm
    builtin-copy -exclude .DS_Store -exclude CVS -exclude .svn -exclude .git -exclude .hg -resolve-src-symlinks /Users/xinyufang/Library/Developer/Xcode/DerivedData/Buzz-faillbpsmponqzeruhhvskovixzk/SourcePackages/checkouts/stripe-ios-spm/StripePaymentsUI/StripePaymentsUI/Resources/Localizations/fil.lproj/Localizable.strings /Users/xinyufang/Library/Developer/Xcode/DerivedData/Buzz-faillbpsmponqzeruhhvskovixzk/Build/Products/Debug-iphonesimulator/Stripe_StripePaymentsUI.bundle/fil.lproj

CpResource /Users/xinyufang/Library/Developer/Xcode/DerivedData/Buzz-faillbpsmponqzeruhhvskovixzk/Build/Products/Debug-iphonesimulator/Stripe_StripePaymentsUI.bundle/fi.lproj/Localizable.strings /Users/xinyufang/Library/Developer/Xcode/DerivedData/Buzz-faillbpsmponqzeruhhvskovixzk/SourcePackages/checkouts/stripe-ios-spm/StripePaymentsUI/StripePaymentsUI/Resources/Localizations/fi.lproj/Localizable.strings (in target 'Stripe_StripePaymentsUI' from project 'Stripe')
    cd /Users/xinyufang/Library/Developer/Xcode/DerivedData/Buzz-faillbpsmponqzeruhhvskovixzk/SourcePackages/checkouts/stripe-ios-spm
    builtin-copy -exclude .DS_Store -exclude CVS -exclude .svn -exclude .git -exclude .hg -resolve-src-symlinks /Users/xinyufang/Library/Developer/Xcode/DerivedData/Buzz-faillbpsmponqzeruhhvskovixzk/SourcePackages/checkouts/stripe-ios-spm/StripePaymentsUI/StripePaymentsUI/Resources/Localizations/fi.lproj/Localizable.strings /Users/xinyufang/Library/Developer/Xcode/DerivedData/Buzz-faillbpsmponqzeruhhvskovixzk/Build/Products/Debug-iphonesimulator/Stripe_StripePaymentsUI.bundle/fi.lproj

CpResource /Users/xinyufang/Library/Developer/Xcode/DerivedData/Buzz-faillbpsmponqzeruhhvskovixzk/Build/Products/Debug-iphonesimulator/Stripe_StripePaymentsUI.bundle/et-EE.lproj/Localizable.strings /Users/xinyufang/Library/Developer/Xcode/DerivedData/Buzz-faillbpsmponqzeruhhvskovixzk/SourcePackages/checkouts/stripe-ios-spm/StripePaymentsUI/StripePaymentsUI/Resources/Localizations/et-EE.lproj/Localizable.strings (in target 'Stripe_StripePaymentsUI' from project 'Stripe')
    cd /Users/xinyufang/Library/Developer/Xcode/DerivedData/Buzz-faillbpsmponqzeruhhvskovixzk/SourcePackages/checkouts/stripe-ios-spm
    builtin-copy -exclude .DS_Store -exclude CVS -exclude .svn -exclude .git -exclude .hg -resolve-src-symlinks /Users/xinyufang/Library/Developer/Xcode/DerivedData/Buzz-faillbpsmponqzeruhhvskovixzk/SourcePackages/checkouts/stripe-ios-spm/StripePaymentsUI/StripePaymentsUI/Resources/Localizations/et-EE.lproj/Localizable.strings /Users/xinyufang/Library/Developer/Xcode/DerivedData/Buzz-faillbpsmponqzeruhhvskovixzk/Build/Products/Debug-iphonesimulator/Stripe_StripePaymentsUI.bundle/et-EE.lproj

CpResource /Users/xinyufang/Library/Developer/Xcode/DerivedData/Buzz-faillbpsmponqzeruhhvskovixzk/Build/Products/Debug-iphonesimulator/Stripe_StripePaymentsUI.bundle/es.lproj/Localizable.strings /Users/xinyufang/Library/Developer/Xcode/DerivedData/Buzz-faillbpsmponqzeruhhvskovixzk/SourcePackages/checkouts/stripe-ios-spm/StripePaymentsUI/StripePaymentsUI/Resources/Localizations/es.lproj/Localizable.strings (in target 'Stripe_StripePaymentsUI' from project 'Stripe')
    cd /Users/xinyufang/Library/Developer/Xcode/DerivedData/Buzz-faillbpsmponqzeruhhvskovixzk/SourcePackages/checkouts/stripe-ios-spm
    builtin-copy -exclude .DS_Store -exclude CVS -exclude .svn -exclude .git -exclude .hg -resolve-src-symlinks /Users/xinyufang/Library/Developer/Xcode/DerivedData/Buzz-faillbpsmponqzeruhhvskovixzk/SourcePackages/checkouts/stripe-ios-spm/StripePaymentsUI/StripePaymentsUI/Resources/Localizations/es.lproj/Localizable.strings /Users/xinyufang/Library/Developer/Xcode/DerivedData/Buzz-faillbpsmponqzeruhhvskovixzk/Build/Products/Debug-iphonesimulator/Stripe_StripePaymentsUI.bundle/es.lproj

CpResource /Users/xinyufang/Library/Developer/Xcode/DerivedData/Buzz-faillbpsmponqzeruhhvskovixzk/Build/Products/Debug-iphonesimulator/Stripe_StripePaymentsUI.bundle/es-419.lproj/Localizable.strings /Users/xinyufang/Library/Developer/Xcode/DerivedData/Buzz-faillbpsmponqzeruhhvskovixzk/SourcePackages/checkouts/stripe-ios-spm/StripePaymentsUI/StripePaymentsUI/Resources/Localizations/es-419.lproj/Localizable.strings (in target 'Stripe_StripePaymentsUI' from project 'Stripe')
    cd /Users/xinyufang/Library/Developer/Xcode/DerivedData/Buzz-faillbpsmponqzeruhhvskovixzk/SourcePackages/checkouts/stripe-ios-spm
    builtin-copy -exclude .DS_Store -exclude CVS -exclude .svn -exclude .git -exclude .hg -resolve-src-symlinks /Users/xinyufang/Library/Developer/Xcode/DerivedData/Buzz-faillbpsmponqzeruhhvskovixzk/SourcePackages/checkouts/stripe-ios-spm/StripePaymentsUI/StripePaymentsUI/Resources/Localizations/es-419.lproj/Localizable.strings /Users/xinyufang/Library/Developer/Xcode/DerivedData/Buzz-faillbpsmponqzeruhhvskovixzk/Build/Products/Debug-iphonesimulator/Stripe_StripePaymentsUI.bundle/es-419.lproj

CpResource /Users/xinyufang/Library/Developer/Xcode/DerivedData/Buzz-faillbpsmponqzeruhhvskovixzk/Build/Products/Debug-iphonesimulator/Stripe_StripePaymentsUI.bundle/en.lproj/Localizable.strings /Users/xinyufang/Library/Developer/Xcode/DerivedData/Buzz-faillbpsmponqzeruhhvskovixzk/SourcePackages/checkouts/stripe-ios-spm/StripePaymentsUI/StripePaymentsUI/Resources/Localizations/en.lproj/Localizable.strings (in target 'Stripe_StripePaymentsUI' from project 'Stripe')
    cd /Users/xinyufang/Library/Developer/Xcode/DerivedData/Buzz-faillbpsmponqzeruhhvskovixzk/SourcePackages/checkouts/stripe-ios-spm
    builtin-copy -exclude .DS_Store -exclude CVS -exclude .svn -exclude .git -exclude .hg -resolve-src-symlinks /Users/xinyufang/Library/Developer/Xcode/DerivedData/Buzz-faillbpsmponqzeruhhvskovixzk/SourcePackages/checkouts/stripe-ios-spm/StripePaymentsUI/StripePaymentsUI/Resources/Localizations/en.lproj/Localizable.strings /Users/xinyufang/Library/Developer/Xcode/DerivedData/Buzz-faillbpsmponqzeruhhvskovixzk/Build/Products/Debug-iphonesimulator/Stripe_StripePaymentsUI.bundle/en.lproj

CpResource /Users/xinyufang/Library/Developer/Xcode/DerivedData/Buzz-faillbpsmponqzeruhhvskovixzk/Build/Products/Debug-iphonesimulator/Stripe_StripePaymentsUI.bundle/en-GB.lproj/Localizable.strings /Users/xinyufang/Library/Developer/Xcode/DerivedData/Buzz-faillbpsmponqzeruhhvskovixzk/SourcePackages/checkouts/stripe-ios-spm/StripePaymentsUI/StripePaymentsUI/Resources/Localizations/en-GB.lproj/Localizable.strings (in target 'Stripe_StripePaymentsUI' from project 'Stripe')
    cd /Users/xinyufang/Library/Developer/Xcode/DerivedData/Buzz-faillbpsmponqzeruhhvskovixzk/SourcePackages/checkouts/stripe-ios-spm
    builtin-copy -exclude .DS_Store -exclude CVS -exclude .svn -exclude .git -exclude .hg -resolve-src-symlinks /Users/xinyufang/Library/Developer/Xcode/DerivedData/Buzz-faillbpsmponqzeruhhvskovixzk/SourcePackages/checkouts/stripe-ios-spm/StripePaymentsUI/StripePaymentsUI/Resources/Localizations/en-GB.lproj/Localizable.strings /Users/xinyufang/Library/Developer/Xcode/DerivedData/Buzz-faillbpsmponqzeruhhvskovixzk/Build/Products/Debug-iphonesimulator/Stripe_StripePaymentsUI.bundle/en-GB.lproj

CpResource /Users/xinyufang/Library/Developer/Xcode/DerivedData/Buzz-faillbpsmponqzeruhhvskovixzk/Build/Products/Debug-iphonesimulator/Stripe_StripePaymentsUI.bundle/de.lproj/Localizable.strings /Users/xinyufang/Library/Developer/Xcode/DerivedData/Buzz-faillbpsmponqzeruhhvskovixzk/SourcePackages/checkouts/stripe-ios-spm/StripePaymentsUI/StripePaymentsUI/Resources/Localizations/de.lproj/Localizable.strings (in target 'Stripe_StripePaymentsUI' from project 'Stripe')
    cd /Users/xinyufang/Library/Developer/Xcode/DerivedData/Buzz-faillbpsmponqzeruhhvskovixzk/SourcePackages/checkouts/stripe-ios-spm
    builtin-copy -exclude .DS_Store -exclude CVS -exclude .svn -exclude .git -exclude .hg -resolve-src-symlinks /Users/xinyufang/Library/Developer/Xcode/DerivedData/Buzz-faillbpsmponqzeruhhvskovixzk/SourcePackages/checkouts/stripe-ios-spm/StripePaymentsUI/StripePaymentsUI/Resources/Localizations/de.lproj/Localizable.strings /Users/xinyufang/Library/Developer/Xcode/DerivedData/Buzz-faillbpsmponqzeruhhvskovixzk/Build/Products/Debug-iphonesimulator/Stripe_StripePaymentsUI.bundle/de.lproj

CpResource /Users/xinyufang/Library/Developer/Xcode/DerivedData/Buzz-faillbpsmponqzeruhhvskovixzk/Build/Products/Debug-iphonesimulator/Stripe_StripePaymentsUI.bundle/el-GR.lproj/Localizable.strings /Users/xinyufang/Library/Developer/Xcode/DerivedData/Buzz-faillbpsmponqzeruhhvskovixzk/SourcePackages/checkouts/stripe-ios-spm/StripePaymentsUI/StripePaymentsUI/Resources/Localizations/el-GR.lproj/Localizable.strings (in target 'Stripe_StripePaymentsUI' from project 'Stripe')
    cd /Users/xinyufang/Library/Developer/Xcode/DerivedData/Buzz-faillbpsmponqzeruhhvskovixzk/SourcePackages/checkouts/stripe-ios-spm
    builtin-copy -exclude .DS_Store -exclude CVS -exclude .svn -exclude .git -exclude .hg -resolve-src-symlinks /Users/xinyufang/Library/Developer/Xcode/DerivedData/Buzz-faillbpsmponqzeruhhvskovixzk/SourcePackages/checkouts/stripe-ios-spm/StripePaymentsUI/StripePaymentsUI/Resources/Localizations/el-GR.lproj/Localizable.strings /Users/xinyufang/Library/Developer/Xcode/DerivedData/Buzz-faillbpsmponqzeruhhvskovixzk/Build/Products/Debug-iphonesimulator/Stripe_StripePaymentsUI.bundle/el-GR.lproj

CpResource /Users/xinyufang/Library/Developer/Xcode/DerivedData/Buzz-faillbpsmponqzeruhhvskovixzk/Build/Products/Debug-iphonesimulator/Stripe_StripePaymentsUI.bundle/da.lproj/Localizable.strings /Users/xinyufang/Library/Developer/Xcode/DerivedData/Buzz-faillbpsmponqzeruhhvskovixzk/SourcePackages/checkouts/stripe-ios-spm/StripePaymentsUI/StripePaymentsUI/Resources/Localizations/da.lproj/Localizable.strings (in target 'Stripe_StripePaymentsUI' from project 'Stripe')
    cd /Users/xinyufang/Library/Developer/Xcode/DerivedData/Buzz-faillbpsmponqzeruhhvskovixzk/SourcePackages/checkouts/stripe-ios-spm
    builtin-copy -exclude .DS_Store -exclude CVS -exclude .svn -exclude .git -exclude .hg -resolve-src-symlinks /Users/xinyufang/Library/Developer/Xcode/DerivedData/Buzz-faillbpsmponqzeruhhvskovixzk/SourcePackages/checkouts/stripe-ios-spm/StripePaymentsUI/StripePaymentsUI/Resources/Localizations/da.lproj/Localizable.strings /Users/xinyufang/Library/Developer/Xcode/DerivedData/Buzz-faillbpsmponqzeruhhvskovixzk/Build/Products/Debug-iphonesimulator/Stripe_StripePaymentsUI.bundle/da.lproj

CpResource /Users/xinyufang/Library/Developer/Xcode/DerivedData/Buzz-faillbpsmponqzeruhhvskovixzk/Build/Products/Debug-iphonesimulator/Stripe_StripePaymentsUI.bundle/cs-CZ.lproj/Localizable.strings /Users/xinyufang/Library/Developer/Xcode/DerivedData/Buzz-faillbpsmponqzeruhhvskovixzk/SourcePackages/checkouts/stripe-ios-spm/StripePaymentsUI/StripePaymentsUI/Resources/Localizations/cs-CZ.lproj/Localizable.strings (in target 'Stripe_StripePaymentsUI' from project 'Stripe')
    cd /Users/xinyufang/Library/Developer/Xcode/DerivedData/Buzz-faillbpsmponqzeruhhvskovixzk/SourcePackages/checkouts/stripe-ios-spm
    builtin-copy -exclude .DS_Store -exclude CVS -exclude .svn -exclude .git -exclude .hg -resolve-src-symlinks /Users/xinyufang/Library/Developer/Xcode/DerivedData/Buzz-faillbpsmponqzeruhhvskovixzk/SourcePackages/checkouts/stripe-ios-spm/StripePaymentsUI/StripePaymentsUI/Resources/Localizations/cs-CZ.lproj/Localizable.strings /Users/xinyufang/Library/Developer/Xcode/DerivedData/Buzz-faillbpsmponqzeruhhvskovixzk/Build/Products/Debug-iphonesimulator/Stripe_StripePaymentsUI.bundle/cs-CZ.lproj

CpResource /Users/xinyufang/Library/Developer/Xcode/DerivedData/Buzz-faillbpsmponqzeruhhvskovixzk/Build/Products/Debug-iphonesimulator/Stripe_StripePaymentsUI.bundle/ca-ES.lproj/Localizable.strings /Users/xinyufang/Library/Developer/Xcode/DerivedData/Buzz-faillbpsmponqzeruhhvskovixzk/SourcePackages/checkouts/stripe-ios-spm/StripePaymentsUI/StripePaymentsUI/Resources/Localizations/ca-ES.lproj/Localizable.strings (in target 'Stripe_StripePaymentsUI' from project 'Stripe')
    cd /Users/xinyufang/Library/Developer/Xcode/DerivedData/Buzz-faillbpsmponqzeruhhvskovixzk/SourcePackages/checkouts/stripe-ios-spm
    builtin-copy -exclude .DS_Store -exclude CVS -exclude .svn -exclude .git -exclude .hg -resolve-src-symlinks /Users/xinyufang/Library/Developer/Xcode/DerivedData/Buzz-faillbpsmponqzeruhhvskovixzk/SourcePackages/checkouts/stripe-ios-spm/StripePaymentsUI/StripePaymentsUI/Resources/Localizations/ca-ES.lproj/Localizable.strings /Users/xinyufang/Library/Developer/Xcode/DerivedData/Buzz-faillbpsmponqzeruhhvskovixzk/Build/Products/Debug-iphonesimulator/Stripe_StripePaymentsUI.bundle/ca-ES.lproj

CpResource /Users/xinyufang/Library/Developer/Xcode/DerivedData/Buzz-faillbpsmponqzeruhhvskovixzk/Build/Products/Debug-iphonesimulator/Stripe_StripePaymentsUI.bundle/bg-BG.lproj/Localizable.strings /Users/xinyufang/Library/Developer/Xcode/DerivedData/Buzz-faillbpsmponqzeruhhvskovixzk/SourcePackages/checkouts/stripe-ios-spm/StripePaymentsUI/StripePaymentsUI/Resources/Localizations/bg-BG.lproj/Localizable.strings (in target 'Stripe_StripePaymentsUI' from project 'Stripe')
    cd /Users/xinyufang/Library/Developer/Xcode/DerivedData/Buzz-faillbpsmponqzeruhhvskovixzk/SourcePackages/checkouts/stripe-ios-spm
    builtin-copy -exclude .DS_Store -exclude CVS -exclude .svn -exclude .git -exclude .hg -resolve-src-symlinks /Users/xinyufang/Library/Developer/Xcode/DerivedData/Buzz-faillbpsmponqzeruhhvskovixzk/SourcePackages/checkouts/stripe-ios-spm/StripePaymentsUI/StripePaymentsUI/Resources/Localizations/bg-BG.lproj/Localizable.strings /Users/xinyufang/Library/Developer/Xcode/DerivedData/Buzz-faillbpsmponqzeruhhvskovixzk/Build/Products/Debug-iphonesimulator/Stripe_StripePaymentsUI.bundle/bg-BG.lproj

CpResource /Users/xinyufang/Library/Developer/Xcode/DerivedData/Buzz-faillbpsmponqzeruhhvskovixzk/Build/Products/Debug-iphonesimulator/Stripe_StripePaymentsUI.bundle/au_becs_bsb.json /Users/xinyufang/Library/Developer/Xcode/DerivedData/Buzz-faillbpsmponqzeruhhvskovixzk/SourcePackages/checkouts/stripe-ios-spm/StripePaymentsUI/StripePaymentsUI/Resources/JSON/au_becs_bsb.json (in target 'Stripe_StripePaymentsUI' from project 'Stripe')
    cd /Users/xinyufang/Library/Developer/Xcode/DerivedData/Buzz-faillbpsmponqzeruhhvskovixzk/SourcePackages/checkouts/stripe-ios-spm
    builtin-copy -exclude .DS_Store -exclude CVS -exclude .svn -exclude .git -exclude .hg -resolve-src-symlinks /Users/xinyufang/Library/Developer/Xcode/DerivedData/Buzz-faillbpsmponqzeruhhvskovixzk/SourcePackages/checkouts/stripe-ios-spm/StripePaymentsUI/StripePaymentsUI/Resources/JSON/au_becs_bsb.json /Users/xinyufang/Library/Developer/Xcode/DerivedData/Buzz-faillbpsmponqzeruhhvskovixzk/Build/Products/Debug-iphonesimulator/Stripe_StripePaymentsUI.bundle

CompileAssetCatalogVariant thinned /Users/xinyufang/Library/Developer/Xcode/DerivedData/Buzz-faillbpsmponqzeruhhvskovixzk/Build/Products/Debug-iphonesimulator/Stripe_StripePaymentsUI.bundle /Users/xinyufang/Library/Developer/Xcode/DerivedData/Buzz-faillbpsmponqzeruhhvskovixzk/SourcePackages/checkouts/stripe-ios-spm/StripePaymentsUI/StripePaymentsUI/Resources/StripePaymentsUI.xcassets (in target 'Stripe_StripePaymentsUI' from project 'Stripe')
    cd /Users/xinyufang/Library/Developer/Xcode/DerivedData/Buzz-faillbpsmponqzeruhhvskovixzk/SourcePackages/checkouts/stripe-ios-spm
    /Applications/Xcode.app/Contents/Developer/usr/bin/actool /Users/xinyufang/Library/Developer/Xcode/DerivedData/Buzz-faillbpsmponqzeruhhvskovixzk/SourcePackages/checkouts/stripe-ios-spm/StripePaymentsUI/StripePaymentsUI/Resources/StripePaymentsUI.xcassets --compile /Users/xinyufang/Library/Developer/Xcode/DerivedData/Buzz-faillbpsmponqzeruhhvskovixzk/Build/Intermediates.noindex/Stripe.build/Debug-iphonesimulator/Stripe_StripePaymentsUI.build/assetcatalog_output/thinned --output-format human-readable-text --notices --warnings --export-dependency-info /Users/xinyufang/Library/Developer/Xcode/DerivedData/Buzz-faillbpsmponqzeruhhvskovixzk/Build/Intermediates.noindex/Stripe.build/Debug-iphonesimulator/Stripe_StripePaymentsUI.build/assetcatalog_dependencies_thinned --output-partial-info-plist /Users/xinyufang/Library/Developer/Xcode/DerivedData/Buzz-faillbpsmponqzeruhhvskovixzk/Build/Intermediates.noindex/Stripe.build/Debug-iphonesimulator/Stripe_StripePaymentsUI.build/assetcatalog_generated_info.plist_thinned --compress-pngs --enable-on-demand-resources NO --filter-for-thinning-device-configuration iPhone18,3 --filter-for-device-os-version 26.0.1 --development-region en --target-device iphone --target-device ipad --minimum-deployment-target 13.0 --platform iphonesimulator
objc[63722]: Class _NoAnimationDelegate is implemented in both /Library/Developer/CoreSimulator/Volumes/iOS_23A8464/Library/Developer/CoreSimulator/Profiles/Runtimes/iOS 26.0.simruntime/Contents/Resources/RuntimeRoot/System/Library/Frameworks/SwiftUICore.framework/SwiftUICore (0x141afc130) and /Library/Developer/CoreSimulator/Volumes/iOS_23A8464/Library/Developer/CoreSimulator/Profiles/Runtimes/iOS 26.0.simruntime/Contents/Resources/RuntimeRoot/System/Library/PrivateFrameworks/UIKitCore.framework/UIKitCore (0x13ec65198). This may cause spurious casting failures and mysterious crashes. One of the duplicates must be removed or renamed.
/* com.apple.actool.compilation-results */
/Users/xinyufang/Library/Developer/Xcode/DerivedData/Buzz-faillbpsmponqzeruhhvskovixzk/Build/Intermediates.noindex/Stripe.build/Debug-iphonesimulator/Stripe_StripePaymentsUI.build/assetcatalog_generated_info.plist_thinned
/Users/xinyufang/Library/Developer/Xcode/DerivedData/Buzz-faillbpsmponqzeruhhvskovixzk/Build/Intermediates.noindex/Stripe.build/Debug-iphonesimulator/Stripe_StripePaymentsUI.build/assetcatalog_output/thinned/Assets.car


ProcessInfoPlistFile /Users/xinyufang/Library/Developer/Xcode/DerivedData/Buzz-faillbpsmponqzeruhhvskovixzk/Build/Products/Debug-iphonesimulator/Stripe_StripePayments.bundle/Info.plist /Users/xinyufang/Library/Developer/Xcode/DerivedData/Buzz-faillbpsmponqzeruhhvskovixzk/Build/Intermediates.noindex/Stripe.build/Debug-iphonesimulator/Stripe_StripePayments.build/empty-Stripe_StripePayments.plist (in target 'Stripe_StripePayments' from project 'Stripe')
    cd /Users/xinyufang/Library/Developer/Xcode/DerivedData/Buzz-faillbpsmponqzeruhhvskovixzk/SourcePackages/checkouts/stripe-ios-spm
    builtin-infoPlistUtility /Users/xinyufang/Library/Developer/Xcode/DerivedData/Buzz-faillbpsmponqzeruhhvskovixzk/Build/Intermediates.noindex/Stripe.build/Debug-iphonesimulator/Stripe_StripePayments.build/empty-Stripe_StripePayments.plist -producttype com.apple.product-type.bundle -expandbuildsettings -format binary -platform iphonesimulator -o /Users/xinyufang/Library/Developer/Xcode/DerivedData/Buzz-faillbpsmponqzeruhhvskovixzk/Build/Products/Debug-iphonesimulator/Stripe_StripePayments.bundle/Info.plist

CpResource /Users/xinyufang/Library/Developer/Xcode/DerivedData/Buzz-faillbpsmponqzeruhhvskovixzk/Build/Products/Debug-iphonesimulator/Stripe_StripePayments.bundle/zh-Hant.lproj/Localizable.strings /Users/xinyufang/Library/Developer/Xcode/DerivedData/Buzz-faillbpsmponqzeruhhvskovixzk/SourcePackages/checkouts/stripe-ios-spm/StripePayments/StripePayments/Resources/Localizations/zh-Hant.lproj/Localizable.strings (in target 'Stripe_StripePayments' from project 'Stripe')
    cd /Users/xinyufang/Library/Developer/Xcode/DerivedData/Buzz-faillbpsmponqzeruhhvskovixzk/SourcePackages/checkouts/stripe-ios-spm
    builtin-copy -exclude .DS_Store -exclude CVS -exclude .svn -exclude .git -exclude .hg -resolve-src-symlinks /Users/xinyufang/Library/Developer/Xcode/DerivedData/Buzz-faillbpsmponqzeruhhvskovixzk/SourcePackages/checkouts/stripe-ios-spm/StripePayments/StripePayments/Resources/Localizations/zh-Hant.lproj/Localizable.strings /Users/xinyufang/Library/Developer/Xcode/DerivedData/Buzz-faillbpsmponqzeruhhvskovixzk/Build/Products/Debug-iphonesimulator/Stripe_StripePayments.bundle/zh-Hant.lproj

CpResource /Users/xinyufang/Library/Developer/Xcode/DerivedData/Buzz-faillbpsmponqzeruhhvskovixzk/Build/Products/Debug-iphonesimulator/Stripe_StripePayments.bundle/zh-Hans.lproj/Localizable.strings /Users/xinyufang/Library/Developer/Xcode/DerivedData/Buzz-faillbpsmponqzeruhhvskovixzk/SourcePackages/checkouts/stripe-ios-spm/StripePayments/StripePayments/Resources/Localizations/zh-Hans.lproj/Localizable.strings (in target 'Stripe_StripePayments' from project 'Stripe')
    cd /Users/xinyufang/Library/Developer/Xcode/DerivedData/Buzz-faillbpsmponqzeruhhvskovixzk/SourcePackages/checkouts/stripe-ios-spm
    builtin-copy -exclude .DS_Store -exclude CVS -exclude .svn -exclude .git -exclude .hg -resolve-src-symlinks /Users/xinyufang/Library/Developer/Xcode/DerivedData/Buzz-faillbpsmponqzeruhhvskovixzk/SourcePackages/checkouts/stripe-ios-spm/StripePayments/StripePayments/Resources/Localizations/zh-Hans.lproj/Localizable.strings /Users/xinyufang/Library/Developer/Xcode/DerivedData/Buzz-faillbpsmponqzeruhhvskovixzk/Build/Products/Debug-iphonesimulator/Stripe_StripePayments.bundle/zh-Hans.lproj

CpResource /Users/xinyufang/Library/Developer/Xcode/DerivedData/Buzz-faillbpsmponqzeruhhvskovixzk/Build/Products/Debug-iphonesimulator/Stripe_StripePayments.bundle/zh-HK.lproj/Localizable.strings /Users/xinyufang/Library/Developer/Xcode/DerivedData/Buzz-faillbpsmponqzeruhhvskovixzk/SourcePackages/checkouts/stripe-ios-spm/StripePayments/StripePayments/Resources/Localizations/zh-HK.lproj/Localizable.strings (in target 'Stripe_StripePayments' from project 'Stripe')
    cd /Users/xinyufang/Library/Developer/Xcode/DerivedData/Buzz-faillbpsmponqzeruhhvskovixzk/SourcePackages/checkouts/stripe-ios-spm
    builtin-copy -exclude .DS_Store -exclude CVS -exclude .svn -exclude .git -exclude .hg -resolve-src-symlinks /Users/xinyufang/Library/Developer/Xcode/DerivedData/Buzz-faillbpsmponqzeruhhvskovixzk/SourcePackages/checkouts/stripe-ios-spm/StripePayments/StripePayments/Resources/Localizations/zh-HK.lproj/Localizable.strings /Users/xinyufang/Library/Developer/Xcode/DerivedData/Buzz-faillbpsmponqzeruhhvskovixzk/Build/Products/Debug-iphonesimulator/Stripe_StripePayments.bundle/zh-HK.lproj

CpResource /Users/xinyufang/Library/Developer/Xcode/DerivedData/Buzz-faillbpsmponqzeruhhvskovixzk/Build/Products/Debug-iphonesimulator/Stripe_StripePayments.bundle/vi.lproj/Localizable.strings /Users/xinyufang/Library/Developer/Xcode/DerivedData/Buzz-faillbpsmponqzeruhhvskovixzk/SourcePackages/checkouts/stripe-ios-spm/StripePayments/StripePayments/Resources/Localizations/vi.lproj/Localizable.strings (in target 'Stripe_StripePayments' from project 'Stripe')
    cd /Users/xinyufang/Library/Developer/Xcode/DerivedData/Buzz-faillbpsmponqzeruhhvskovixzk/SourcePackages/checkouts/stripe-ios-spm
    builtin-copy -exclude .DS_Store -exclude CVS -exclude .svn -exclude .git -exclude .hg -resolve-src-symlinks /Users/xinyufang/Library/Developer/Xcode/DerivedData/Buzz-faillbpsmponqzeruhhvskovixzk/SourcePackages/checkouts/stripe-ios-spm/StripePayments/StripePayments/Resources/Localizations/vi.lproj/Localizable.strings /Users/xinyufang/Library/Developer/Xcode/DerivedData/Buzz-faillbpsmponqzeruhhvskovixzk/Build/Products/Debug-iphonesimulator/Stripe_StripePayments.bundle/vi.lproj

CpResource /Users/xinyufang/Library/Developer/Xcode/DerivedData/Buzz-faillbpsmponqzeruhhvskovixzk/Build/Products/Debug-iphonesimulator/Stripe_StripePayments.bundle/tr.lproj/Localizable.strings /Users/xinyufang/Library/Developer/Xcode/DerivedData/Buzz-faillbpsmponqzeruhhvskovixzk/SourcePackages/checkouts/stripe-ios-spm/StripePayments/StripePayments/Resources/Localizations/tr.lproj/Localizable.strings (in target 'Stripe_StripePayments' from project 'Stripe')
    cd /Users/xinyufang/Library/Developer/Xcode/DerivedData/Buzz-faillbpsmponqzeruhhvskovixzk/SourcePackages/checkouts/stripe-ios-spm
    builtin-copy -exclude .DS_Store -exclude CVS -exclude .svn -exclude .git -exclude .hg -resolve-src-symlinks /Users/xinyufang/Library/Developer/Xcode/DerivedData/Buzz-faillbpsmponqzeruhhvskovixzk/SourcePackages/checkouts/stripe-ios-spm/StripePayments/StripePayments/Resources/Localizations/tr.lproj/Localizable.strings /Users/xinyufang/Library/Developer/Xcode/DerivedData/Buzz-faillbpsmponqzeruhhvskovixzk/Build/Products/Debug-iphonesimulator/Stripe_StripePayments.bundle/tr.lproj

CpResource /Users/xinyufang/Library/Developer/Xcode/DerivedData/Buzz-faillbpsmponqzeruhhvskovixzk/Build/Products/Debug-iphonesimulator/Stripe_StripePayments.bundle/tk.lproj/Localizable.strings /Users/xinyufang/Library/Developer/Xcode/DerivedData/Buzz-faillbpsmponqzeruhhvskovixzk/SourcePackages/checkouts/stripe-ios-spm/StripePayments/StripePayments/Resources/Localizations/tk.lproj/Localizable.strings (in target 'Stripe_StripePayments' from project 'Stripe')
    cd /Users/xinyufang/Library/Developer/Xcode/DerivedData/Buzz-faillbpsmponqzeruhhvskovixzk/SourcePackages/checkouts/stripe-ios-spm
    builtin-copy -exclude .DS_Store -exclude CVS -exclude .svn -exclude .git -exclude .hg -resolve-src-symlinks /Users/xinyufang/Library/Developer/Xcode/DerivedData/Buzz-faillbpsmponqzeruhhvskovixzk/SourcePackages/checkouts/stripe-ios-spm/StripePayments/StripePayments/Resources/Localizations/tk.lproj/Localizable.strings /Users/xinyufang/Library/Developer/Xcode/DerivedData/Buzz-faillbpsmponqzeruhhvskovixzk/Build/Products/Debug-iphonesimulator/Stripe_StripePayments.bundle/tk.lproj

CpResource /Users/xinyufang/Library/Developer/Xcode/DerivedData/Buzz-faillbpsmponqzeruhhvskovixzk/Build/Products/Debug-iphonesimulator/Stripe_StripePayments.bundle/th.lproj/Localizable.strings /Users/xinyufang/Library/Developer/Xcode/DerivedData/Buzz-faillbpsmponqzeruhhvskovixzk/SourcePackages/checkouts/stripe-ios-spm/StripePayments/StripePayments/Resources/Localizations/th.lproj/Localizable.strings (in target 'Stripe_StripePayments' from project 'Stripe')
    cd /Users/xinyufang/Library/Developer/Xcode/DerivedData/Buzz-faillbpsmponqzeruhhvskovixzk/SourcePackages/checkouts/stripe-ios-spm
    builtin-copy -exclude .DS_Store -exclude CVS -exclude .svn -exclude .git -exclude .hg -resolve-src-symlinks /Users/xinyufang/Library/Developer/Xcode/DerivedData/Buzz-faillbpsmponqzeruhhvskovixzk/SourcePackages/checkouts/stripe-ios-spm/StripePayments/StripePayments/Resources/Localizations/th.lproj/Localizable.strings /Users/xinyufang/Library/Developer/Xcode/DerivedData/Buzz-faillbpsmponqzeruhhvskovixzk/Build/Products/Debug-iphonesimulator/Stripe_StripePayments.bundle/th.lproj

CpResource /Users/xinyufang/Library/Developer/Xcode/DerivedData/Buzz-faillbpsmponqzeruhhvskovixzk/Build/Products/Debug-iphonesimulator/Stripe_StripePayments.bundle/sv.lproj/Localizable.strings /Users/xinyufang/Library/Developer/Xcode/DerivedData/Buzz-faillbpsmponqzeruhhvskovixzk/SourcePackages/checkouts/stripe-ios-spm/StripePayments/StripePayments/Resources/Localizations/sv.lproj/Localizable.strings (in target 'Stripe_StripePayments' from project 'Stripe')
    cd /Users/xinyufang/Library/Developer/Xcode/DerivedData/Buzz-faillbpsmponqzeruhhvskovixzk/SourcePackages/checkouts/stripe-ios-spm
    builtin-copy -exclude .DS_Store -exclude CVS -exclude .svn -exclude .git -exclude .hg -resolve-src-symlinks /Users/xinyufang/Library/Developer/Xcode/DerivedData/Buzz-faillbpsmponqzeruhhvskovixzk/SourcePackages/checkouts/stripe-ios-spm/StripePayments/StripePayments/Resources/Localizations/sv.lproj/Localizable.strings /Users/xinyufang/Library/Developer/Xcode/DerivedData/Buzz-faillbpsmponqzeruhhvskovixzk/Build/Products/Debug-iphonesimulator/Stripe_StripePayments.bundle/sv.lproj

CpResource /Users/xinyufang/Library/Developer/Xcode/DerivedData/Buzz-faillbpsmponqzeruhhvskovixzk/Build/Products/Debug-iphonesimulator/Stripe_StripePayments.bundle/sl-SI.lproj/Localizable.strings /Users/xinyufang/Library/Developer/Xcode/DerivedData/Buzz-faillbpsmponqzeruhhvskovixzk/SourcePackages/checkouts/stripe-ios-spm/StripePayments/StripePayments/Resources/Localizations/sl-SI.lproj/Localizable.strings (in target 'Stripe_StripePayments' from project 'Stripe')
    cd /Users/xinyufang/Library/Developer/Xcode/DerivedData/Buzz-faillbpsmponqzeruhhvskovixzk/SourcePackages/checkouts/stripe-ios-spm
    builtin-copy -exclude .DS_Store -exclude CVS -exclude .svn -exclude .git -exclude .hg -resolve-src-symlinks /Users/xinyufang/Library/Developer/Xcode/DerivedData/Buzz-faillbpsmponqzeruhhvskovixzk/SourcePackages/checkouts/stripe-ios-spm/StripePayments/StripePayments/Resources/Localizations/sl-SI.lproj/Localizable.strings /Users/xinyufang/Library/Developer/Xcode/DerivedData/Buzz-faillbpsmponqzeruhhvskovixzk/Build/Products/Debug-iphonesimulator/Stripe_StripePayments.bundle/sl-SI.lproj

CpResource /Users/xinyufang/Library/Developer/Xcode/DerivedData/Buzz-faillbpsmponqzeruhhvskovixzk/Build/Products/Debug-iphonesimulator/Stripe_StripePayments.bundle/sk-SK.lproj/Localizable.strings /Users/xinyufang/Library/Developer/Xcode/DerivedData/Buzz-faillbpsmponqzeruhhvskovixzk/SourcePackages/checkouts/stripe-ios-spm/StripePayments/StripePayments/Resources/Localizations/sk-SK.lproj/Localizable.strings (in target 'Stripe_StripePayments' from project 'Stripe')
    cd /Users/xinyufang/Library/Developer/Xcode/DerivedData/Buzz-faillbpsmponqzeruhhvskovixzk/SourcePackages/checkouts/stripe-ios-spm
    builtin-copy -exclude .DS_Store -exclude CVS -exclude .svn -exclude .git -exclude .hg -resolve-src-symlinks /Users/xinyufang/Library/Developer/Xcode/DerivedData/Buzz-faillbpsmponqzeruhhvskovixzk/SourcePackages/checkouts/stripe-ios-spm/StripePayments/StripePayments/Resources/Localizations/sk-SK.lproj/Localizable.strings /Users/xinyufang/Library/Developer/Xcode/DerivedData/Buzz-faillbpsmponqzeruhhvskovixzk/Build/Products/Debug-iphonesimulator/Stripe_StripePayments.bundle/sk-SK.lproj

CpResource /Users/xinyufang/Library/Developer/Xcode/DerivedData/Buzz-faillbpsmponqzeruhhvskovixzk/Build/Products/Debug-iphonesimulator/Stripe_StripePayments.bundle/ru.lproj/Localizable.strings /Users/xinyufang/Library/Developer/Xcode/DerivedData/Buzz-faillbpsmponqzeruhhvskovixzk/SourcePackages/checkouts/stripe-ios-spm/StripePayments/StripePayments/Resources/Localizations/ru.lproj/Localizable.strings (in target 'Stripe_StripePayments' from project 'Stripe')
    cd /Users/xinyufang/Library/Developer/Xcode/DerivedData/Buzz-faillbpsmponqzeruhhvskovixzk/SourcePackages/checkouts/stripe-ios-spm
    builtin-copy -exclude .DS_Store -exclude CVS -exclude .svn -exclude .git -exclude .hg -resolve-src-symlinks /Users/xinyufang/Library/Developer/Xcode/DerivedData/Buzz-faillbpsmponqzeruhhvskovixzk/SourcePackages/checkouts/stripe-ios-spm/StripePayments/StripePayments/Resources/Localizations/ru.lproj/Localizable.strings /Users/xinyufang/Library/Developer/Xcode/DerivedData/Buzz-faillbpsmponqzeruhhvskovixzk/Build/Products/Debug-iphonesimulator/Stripe_StripePayments.bundle/ru.lproj

CpResource /Users/xinyufang/Library/Developer/Xcode/DerivedData/Buzz-faillbpsmponqzeruhhvskovixzk/Build/Products/Debug-iphonesimulator/Stripe_StripePayments.bundle/ro-RO.lproj/Localizable.strings /Users/xinyufang/Library/Developer/Xcode/DerivedData/Buzz-faillbpsmponqzeruhhvskovixzk/SourcePackages/checkouts/stripe-ios-spm/StripePayments/StripePayments/Resources/Localizations/ro-RO.lproj/Localizable.strings (in target 'Stripe_StripePayments' from project 'Stripe')
    cd /Users/xinyufang/Library/Developer/Xcode/DerivedData/Buzz-faillbpsmponqzeruhhvskovixzk/SourcePackages/checkouts/stripe-ios-spm
    builtin-copy -exclude .DS_Store -exclude CVS -exclude .svn -exclude .git -exclude .hg -resolve-src-symlinks /Users/xinyufang/Library/Developer/Xcode/DerivedData/Buzz-faillbpsmponqzeruhhvskovixzk/SourcePackages/checkouts/stripe-ios-spm/StripePayments/StripePayments/Resources/Localizations/ro-RO.lproj/Localizable.strings /Users/xinyufang/Library/Developer/Xcode/DerivedData/Buzz-faillbpsmponqzeruhhvskovixzk/Build/Products/Debug-iphonesimulator/Stripe_StripePayments.bundle/ro-RO.lproj

CpResource /Users/xinyufang/Library/Developer/Xcode/DerivedData/Buzz-faillbpsmponqzeruhhvskovixzk/Build/Products/Debug-iphonesimulator/Stripe_StripePayments.bundle/pt-PT.lproj/Localizable.strings /Users/xinyufang/Library/Developer/Xcode/DerivedData/Buzz-faillbpsmponqzeruhhvskovixzk/SourcePackages/checkouts/stripe-ios-spm/StripePayments/StripePayments/Resources/Localizations/pt-PT.lproj/Localizable.strings (in target 'Stripe_StripePayments' from project 'Stripe')
    cd /Users/xinyufang/Library/Developer/Xcode/DerivedData/Buzz-faillbpsmponqzeruhhvskovixzk/SourcePackages/checkouts/stripe-ios-spm
    builtin-copy -exclude .DS_Store -exclude CVS -exclude .svn -exclude .git -exclude .hg -resolve-src-symlinks /Users/xinyufang/Library/Developer/Xcode/DerivedData/Buzz-faillbpsmponqzeruhhvskovixzk/SourcePackages/checkouts/stripe-ios-spm/StripePayments/StripePayments/Resources/Localizations/pt-PT.lproj/Localizable.strings /Users/xinyufang/Library/Developer/Xcode/DerivedData/Buzz-faillbpsmponqzeruhhvskovixzk/Build/Products/Debug-iphonesimulator/Stripe_StripePayments.bundle/pt-PT.lproj

CpResource /Users/xinyufang/Library/Developer/Xcode/DerivedData/Buzz-faillbpsmponqzeruhhvskovixzk/Build/Products/Debug-iphonesimulator/Stripe_StripePayments.bundle/pt-BR.lproj/Localizable.strings /Users/xinyufang/Library/Developer/Xcode/DerivedData/Buzz-faillbpsmponqzeruhhvskovixzk/SourcePackages/checkouts/stripe-ios-spm/StripePayments/StripePayments/Resources/Localizations/pt-BR.lproj/Localizable.strings (in target 'Stripe_StripePayments' from project 'Stripe')
    cd /Users/xinyufang/Library/Developer/Xcode/DerivedData/Buzz-faillbpsmponqzeruhhvskovixzk/SourcePackages/checkouts/stripe-ios-spm
    builtin-copy -exclude .DS_Store -exclude CVS -exclude .svn -exclude .git -exclude .hg -resolve-src-symlinks /Users/xinyufang/Library/Developer/Xcode/DerivedData/Buzz-faillbpsmponqzeruhhvskovixzk/SourcePackages/checkouts/stripe-ios-spm/StripePayments/StripePayments/Resources/Localizations/pt-BR.lproj/Localizable.strings /Users/xinyufang/Library/Developer/Xcode/DerivedData/Buzz-faillbpsmponqzeruhhvskovixzk/Build/Products/Debug-iphonesimulator/Stripe_StripePayments.bundle/pt-BR.lproj

CpResource /Users/xinyufang/Library/Developer/Xcode/DerivedData/Buzz-faillbpsmponqzeruhhvskovixzk/Build/Products/Debug-iphonesimulator/Stripe_StripePayments.bundle/pl-PL.lproj/Localizable.strings /Users/xinyufang/Library/Developer/Xcode/DerivedData/Buzz-faillbpsmponqzeruhhvskovixzk/SourcePackages/checkouts/stripe-ios-spm/StripePayments/StripePayments/Resources/Localizations/pl-PL.lproj/Localizable.strings (in target 'Stripe_StripePayments' from project 'Stripe')
    cd /Users/xinyufang/Library/Developer/Xcode/DerivedData/Buzz-faillbpsmponqzeruhhvskovixzk/SourcePackages/checkouts/stripe-ios-spm
    builtin-copy -exclude .DS_Store -exclude CVS -exclude .svn -exclude .git -exclude .hg -resolve-src-symlinks /Users/xinyufang/Library/Developer/Xcode/DerivedData/Buzz-faillbpsmponqzeruhhvskovixzk/SourcePackages/checkouts/stripe-ios-spm/StripePayments/StripePayments/Resources/Localizations/pl-PL.lproj/Localizable.strings /Users/xinyufang/Library/Developer/Xcode/DerivedData/Buzz-faillbpsmponqzeruhhvskovixzk/Build/Products/Debug-iphonesimulator/Stripe_StripePayments.bundle/pl-PL.lproj

CpResource /Users/xinyufang/Library/Developer/Xcode/DerivedData/Buzz-faillbpsmponqzeruhhvskovixzk/Build/Products/Debug-iphonesimulator/Stripe_StripePayments.bundle/nl.lproj/Localizable.strings /Users/xinyufang/Library/Developer/Xcode/DerivedData/Buzz-faillbpsmponqzeruhhvskovixzk/SourcePackages/checkouts/stripe-ios-spm/StripePayments/StripePayments/Resources/Localizations/nl.lproj/Localizable.strings (in target 'Stripe_StripePayments' from project 'Stripe')
    cd /Users/xinyufang/Library/Developer/Xcode/DerivedData/Buzz-faillbpsmponqzeruhhvskovixzk/SourcePackages/checkouts/stripe-ios-spm
    builtin-copy -exclude .DS_Store -exclude CVS -exclude .svn -exclude .git -exclude .hg -resolve-src-symlinks /Users/xinyufang/Library/Developer/Xcode/DerivedData/Buzz-faillbpsmponqzeruhhvskovixzk/SourcePackages/checkouts/stripe-ios-spm/StripePayments/StripePayments/Resources/Localizations/nl.lproj/Localizable.strings /Users/xinyufang/Library/Developer/Xcode/DerivedData/Buzz-faillbpsmponqzeruhhvskovixzk/Build/Products/Debug-iphonesimulator/Stripe_StripePayments.bundle/nl.lproj

CpResource /Users/xinyufang/Library/Developer/Xcode/DerivedData/Buzz-faillbpsmponqzeruhhvskovixzk/Build/Products/Debug-iphonesimulator/Stripe_StripePayments.bundle/nb.lproj/Localizable.strings /Users/xinyufang/Library/Developer/Xcode/DerivedData/Buzz-faillbpsmponqzeruhhvskovixzk/SourcePackages/checkouts/stripe-ios-spm/StripePayments/StripePayments/Resources/Localizations/nb.lproj/Localizable.strings (in target 'Stripe_StripePayments' from project 'Stripe')
    cd /Users/xinyufang/Library/Developer/Xcode/DerivedData/Buzz-faillbpsmponqzeruhhvskovixzk/SourcePackages/checkouts/stripe-ios-spm
    builtin-copy -exclude .DS_Store -exclude CVS -exclude .svn -exclude .git -exclude .hg -resolve-src-symlinks /Users/xinyufang/Library/Developer/Xcode/DerivedData/Buzz-faillbpsmponqzeruhhvskovixzk/SourcePackages/checkouts/stripe-ios-spm/StripePayments/StripePayments/Resources/Localizations/nb.lproj/Localizable.strings /Users/xinyufang/Library/Developer/Xcode/DerivedData/Buzz-faillbpsmponqzeruhhvskovixzk/Build/Products/Debug-iphonesimulator/Stripe_StripePayments.bundle/nb.lproj

CpResource /Users/xinyufang/Library/Developer/Xcode/DerivedData/Buzz-faillbpsmponqzeruhhvskovixzk/Build/Products/Debug-iphonesimulator/Stripe_StripePayments.bundle/mt.lproj/Localizable.strings /Users/xinyufang/Library/Developer/Xcode/DerivedData/Buzz-faillbpsmponqzeruhhvskovixzk/SourcePackages/checkouts/stripe-ios-spm/StripePayments/StripePayments/Resources/Localizations/mt.lproj/Localizable.strings (in target 'Stripe_StripePayments' from project 'Stripe')
    cd /Users/xinyufang/Library/Developer/Xcode/DerivedData/Buzz-faillbpsmponqzeruhhvskovixzk/SourcePackages/checkouts/stripe-ios-spm
    builtin-copy -exclude .DS_Store -exclude CVS -exclude .svn -exclude .git -exclude .hg -resolve-src-symlinks /Users/xinyufang/Library/Developer/Xcode/DerivedData/Buzz-faillbpsmponqzeruhhvskovixzk/SourcePackages/checkouts/stripe-ios-spm/StripePayments/StripePayments/Resources/Localizations/mt.lproj/Localizable.strings /Users/xinyufang/Library/Developer/Xcode/DerivedData/Buzz-faillbpsmponqzeruhhvskovixzk/Build/Products/Debug-iphonesimulator/Stripe_StripePayments.bundle/mt.lproj

CpResource /Users/xinyufang/Library/Developer/Xcode/DerivedData/Buzz-faillbpsmponqzeruhhvskovixzk/Build/Products/Debug-iphonesimulator/Stripe_StripePayments.bundle/ms-MY.lproj/Localizable.strings /Users/xinyufang/Library/Developer/Xcode/DerivedData/Buzz-faillbpsmponqzeruhhvskovixzk/SourcePackages/checkouts/stripe-ios-spm/StripePayments/StripePayments/Resources/Localizations/ms-MY.lproj/Localizable.strings (in target 'Stripe_StripePayments' from project 'Stripe')
    cd /Users/xinyufang/Library/Developer/Xcode/DerivedData/Buzz-faillbpsmponqzeruhhvskovixzk/SourcePackages/checkouts/stripe-ios-spm
    builtin-copy -exclude .DS_Store -exclude CVS -exclude .svn -exclude .git -exclude .hg -resolve-src-symlinks /Users/xinyufang/Library/Developer/Xcode/DerivedData/Buzz-faillbpsmponqzeruhhvskovixzk/SourcePackages/checkouts/stripe-ios-spm/StripePayments/StripePayments/Resources/Localizations/ms-MY.lproj/Localizable.strings /Users/xinyufang/Library/Developer/Xcode/DerivedData/Buzz-faillbpsmponqzeruhhvskovixzk/Build/Products/Debug-iphonesimulator/Stripe_StripePayments.bundle/ms-MY.lproj

CpResource /Users/xinyufang/Library/Developer/Xcode/DerivedData/Buzz-faillbpsmponqzeruhhvskovixzk/Build/Products/Debug-iphonesimulator/Stripe_StripePayments.bundle/lv-LV.lproj/Localizable.strings /Users/xinyufang/Library/Developer/Xcode/DerivedData/Buzz-faillbpsmponqzeruhhvskovixzk/SourcePackages/checkouts/stripe-ios-spm/StripePayments/StripePayments/Resources/Localizations/lv-LV.lproj/Localizable.strings (in target 'Stripe_StripePayments' from project 'Stripe')
    cd /Users/xinyufang/Library/Developer/Xcode/DerivedData/Buzz-faillbpsmponqzeruhhvskovixzk/SourcePackages/checkouts/stripe-ios-spm
    builtin-copy -exclude .DS_Store -exclude CVS -exclude .svn -exclude .git -exclude .hg -resolve-src-symlinks /Users/xinyufang/Library/Developer/Xcode/DerivedData/Buzz-faillbpsmponqzeruhhvskovixzk/SourcePackages/checkouts/stripe-ios-spm/StripePayments/StripePayments/Resources/Localizations/lv-LV.lproj/Localizable.strings /Users/xinyufang/Library/Developer/Xcode/DerivedData/Buzz-faillbpsmponqzeruhhvskovixzk/Build/Products/Debug-iphonesimulator/Stripe_StripePayments.bundle/lv-LV.lproj

CpResource /Users/xinyufang/Library/Developer/Xcode/DerivedData/Buzz-faillbpsmponqzeruhhvskovixzk/Build/Products/Debug-iphonesimulator/Stripe_StripePayments.bundle/lt-LT.lproj/Localizable.strings /Users/xinyufang/Library/Developer/Xcode/DerivedData/Buzz-faillbpsmponqzeruhhvskovixzk/SourcePackages/checkouts/stripe-ios-spm/StripePayments/StripePayments/Resources/Localizations/lt-LT.lproj/Localizable.strings (in target 'Stripe_StripePayments' from project 'Stripe')
    cd /Users/xinyufang/Library/Developer/Xcode/DerivedData/Buzz-faillbpsmponqzeruhhvskovixzk/SourcePackages/checkouts/stripe-ios-spm
    builtin-copy -exclude .DS_Store -exclude CVS -exclude .svn -exclude .git -exclude .hg -resolve-src-symlinks /Users/xinyufang/Library/Developer/Xcode/DerivedData/Buzz-faillbpsmponqzeruhhvskovixzk/SourcePackages/checkouts/stripe-ios-spm/StripePayments/StripePayments/Resources/Localizations/lt-LT.lproj/Localizable.strings /Users/xinyufang/Library/Developer/Xcode/DerivedData/Buzz-faillbpsmponqzeruhhvskovixzk/Build/Products/Debug-iphonesimulator/Stripe_StripePayments.bundle/lt-LT.lproj

CpResource /Users/xinyufang/Library/Developer/Xcode/DerivedData/Buzz-faillbpsmponqzeruhhvskovixzk/Build/Products/Debug-iphonesimulator/Stripe_StripePayments.bundle/ko.lproj/Localizable.strings /Users/xinyufang/Library/Developer/Xcode/DerivedData/Buzz-faillbpsmponqzeruhhvskovixzk/SourcePackages/checkouts/stripe-ios-spm/StripePayments/StripePayments/Resources/Localizations/ko.lproj/Localizable.strings (in target 'Stripe_StripePayments' from project 'Stripe')
    cd /Users/xinyufang/Library/Developer/Xcode/DerivedData/Buzz-faillbpsmponqzeruhhvskovixzk/SourcePackages/checkouts/stripe-ios-spm
    builtin-copy -exclude .DS_Store -exclude CVS -exclude .svn -exclude .git -exclude .hg -resolve-src-symlinks /Users/xinyufang/Library/Developer/Xcode/DerivedData/Buzz-faillbpsmponqzeruhhvskovixzk/SourcePackages/checkouts/stripe-ios-spm/StripePayments/StripePayments/Resources/Localizations/ko.lproj/Localizable.strings /Users/xinyufang/Library/Developer/Xcode/DerivedData/Buzz-faillbpsmponqzeruhhvskovixzk/Build/Products/Debug-iphonesimulator/Stripe_StripePayments.bundle/ko.lproj

CpResource /Users/xinyufang/Library/Developer/Xcode/DerivedData/Buzz-faillbpsmponqzeruhhvskovixzk/Build/Products/Debug-iphonesimulator/Stripe_StripePayments.bundle/ja.lproj/Localizable.strings /Users/xinyufang/Library/Developer/Xcode/DerivedData/Buzz-faillbpsmponqzeruhhvskovixzk/SourcePackages/checkouts/stripe-ios-spm/StripePayments/StripePayments/Resources/Localizations/ja.lproj/Localizable.strings (in target 'Stripe_StripePayments' from project 'Stripe')
    cd /Users/xinyufang/Library/Developer/Xcode/DerivedData/Buzz-faillbpsmponqzeruhhvskovixzk/SourcePackages/checkouts/stripe-ios-spm
    builtin-copy -exclude .DS_Store -exclude CVS -exclude .svn -exclude .git -exclude .hg -resolve-src-symlinks /Users/xinyufang/Library/Developer/Xcode/DerivedData/Buzz-faillbpsmponqzeruhhvskovixzk/SourcePackages/checkouts/stripe-ios-spm/StripePayments/StripePayments/Resources/Localizations/ja.lproj/Localizable.strings /Users/xinyufang/Library/Developer/Xcode/DerivedData/Buzz-faillbpsmponqzeruhhvskovixzk/Build/Products/Debug-iphonesimulator/Stripe_StripePayments.bundle/ja.lproj

CpResource /Users/xinyufang/Library/Developer/Xcode/DerivedData/Buzz-faillbpsmponqzeruhhvskovixzk/Build/Products/Debug-iphonesimulator/Stripe_StripePayments.bundle/it.lproj/Localizable.strings /Users/xinyufang/Library/Developer/Xcode/DerivedData/Buzz-faillbpsmponqzeruhhvskovixzk/SourcePackages/checkouts/stripe-ios-spm/StripePayments/StripePayments/Resources/Localizations/it.lproj/Localizable.strings (in target 'Stripe_StripePayments' from project 'Stripe')
    cd /Users/xinyufang/Library/Developer/Xcode/DerivedData/Buzz-faillbpsmponqzeruhhvskovixzk/SourcePackages/checkouts/stripe-ios-spm
    builtin-copy -exclude .DS_Store -exclude CVS -exclude .svn -exclude .git -exclude .hg -resolve-src-symlinks /Users/xinyufang/Library/Developer/Xcode/DerivedData/Buzz-faillbpsmponqzeruhhvskovixzk/SourcePackages/checkouts/stripe-ios-spm/StripePayments/StripePayments/Resources/Localizations/it.lproj/Localizable.strings /Users/xinyufang/Library/Developer/Xcode/DerivedData/Buzz-faillbpsmponqzeruhhvskovixzk/Build/Products/Debug-iphonesimulator/Stripe_StripePayments.bundle/it.lproj

CpResource /Users/xinyufang/Library/Developer/Xcode/DerivedData/Buzz-faillbpsmponqzeruhhvskovixzk/Build/Products/Debug-iphonesimulator/Stripe_StripePayments.bundle/id.lproj/Localizable.strings /Users/xinyufang/Library/Developer/Xcode/DerivedData/Buzz-faillbpsmponqzeruhhvskovixzk/SourcePackages/checkouts/stripe-ios-spm/StripePayments/StripePayments/Resources/Localizations/id.lproj/Localizable.strings (in target 'Stripe_StripePayments' from project 'Stripe')
    cd /Users/xinyufang/Library/Developer/Xcode/DerivedData/Buzz-faillbpsmponqzeruhhvskovixzk/SourcePackages/checkouts/stripe-ios-spm
    builtin-copy -exclude .DS_Store -exclude CVS -exclude .svn -exclude .git -exclude .hg -resolve-src-symlinks /Users/xinyufang/Library/Developer/Xcode/DerivedData/Buzz-faillbpsmponqzeruhhvskovixzk/SourcePackages/checkouts/stripe-ios-spm/StripePayments/StripePayments/Resources/Localizations/id.lproj/Localizable.strings /Users/xinyufang/Library/Developer/Xcode/DerivedData/Buzz-faillbpsmponqzeruhhvskovixzk/Build/Products/Debug-iphonesimulator/Stripe_StripePayments.bundle/id.lproj

CpResource /Users/xinyufang/Library/Developer/Xcode/DerivedData/Buzz-faillbpsmponqzeruhhvskovixzk/Build/Products/Debug-iphonesimulator/Stripe_StripePayments.bundle/hu.lproj/Localizable.strings /Users/xinyufang/Library/Developer/Xcode/DerivedData/Buzz-faillbpsmponqzeruhhvskovixzk/SourcePackages/checkouts/stripe-ios-spm/StripePayments/StripePayments/Resources/Localizations/hu.lproj/Localizable.strings (in target 'Stripe_StripePayments' from project 'Stripe')
    cd /Users/xinyufang/Library/Developer/Xcode/DerivedData/Buzz-faillbpsmponqzeruhhvskovixzk/SourcePackages/checkouts/stripe-ios-spm
    builtin-copy -exclude .DS_Store -exclude CVS -exclude .svn -exclude .git -exclude .hg -resolve-src-symlinks /Users/xinyufang/Library/Developer/Xcode/DerivedData/Buzz-faillbpsmponqzeruhhvskovixzk/SourcePackages/checkouts/stripe-ios-spm/StripePayments/StripePayments/Resources/Localizations/hu.lproj/Localizable.strings /Users/xinyufang/Library/Developer/Xcode/DerivedData/Buzz-faillbpsmponqzeruhhvskovixzk/Build/Products/Debug-iphonesimulator/Stripe_StripePayments.bundle/hu.lproj

CpResource /Users/xinyufang/Library/Developer/Xcode/DerivedData/Buzz-faillbpsmponqzeruhhvskovixzk/Build/Products/Debug-iphonesimulator/Stripe_StripePayments.bundle/hr.lproj/Localizable.strings /Users/xinyufang/Library/Developer/Xcode/DerivedData/Buzz-faillbpsmponqzeruhhvskovixzk/SourcePackages/checkouts/stripe-ios-spm/StripePayments/StripePayments/Resources/Localizations/hr.lproj/Localizable.strings (in target 'Stripe_StripePayments' from project 'Stripe')
    cd /Users/xinyufang/Library/Developer/Xcode/DerivedData/Buzz-faillbpsmponqzeruhhvskovixzk/SourcePackages/checkouts/stripe-ios-spm
    builtin-copy -exclude .DS_Store -exclude CVS -exclude .svn -exclude .git -exclude .hg -resolve-src-symlinks /Users/xinyufang/Library/Developer/Xcode/DerivedData/Buzz-faillbpsmponqzeruhhvskovixzk/SourcePackages/checkouts/stripe-ios-spm/StripePayments/StripePayments/Resources/Localizations/hr.lproj/Localizable.strings /Users/xinyufang/Library/Developer/Xcode/DerivedData/Buzz-faillbpsmponqzeruhhvskovixzk/Build/Products/Debug-iphonesimulator/Stripe_StripePayments.bundle/hr.lproj

CpResource /Users/xinyufang/Library/Developer/Xcode/DerivedData/Buzz-faillbpsmponqzeruhhvskovixzk/Build/Products/Debug-iphonesimulator/Stripe_StripePayments.bundle/fr.lproj/Localizable.strings /Users/xinyufang/Library/Developer/Xcode/DerivedData/Buzz-faillbpsmponqzeruhhvskovixzk/SourcePackages/checkouts/stripe-ios-spm/StripePayments/StripePayments/Resources/Localizations/fr.lproj/Localizable.strings (in target 'Stripe_StripePayments' from project 'Stripe')
    cd /Users/xinyufang/Library/Developer/Xcode/DerivedData/Buzz-faillbpsmponqzeruhhvskovixzk/SourcePackages/checkouts/stripe-ios-spm
    builtin-copy -exclude .DS_Store -exclude CVS -exclude .svn -exclude .git -exclude .hg -resolve-src-symlinks /Users/xinyufang/Library/Developer/Xcode/DerivedData/Buzz-faillbpsmponqzeruhhvskovixzk/SourcePackages/checkouts/stripe-ios-spm/StripePayments/StripePayments/Resources/Localizations/fr.lproj/Localizable.strings /Users/xinyufang/Library/Developer/Xcode/DerivedData/Buzz-faillbpsmponqzeruhhvskovixzk/Build/Products/Debug-iphonesimulator/Stripe_StripePayments.bundle/fr.lproj

CpResource /Users/xinyufang/Library/Developer/Xcode/DerivedData/Buzz-faillbpsmponqzeruhhvskovixzk/Build/Products/Debug-iphonesimulator/Stripe_StripePayments.bundle/fr-CA.lproj/Localizable.strings /Users/xinyufang/Library/Developer/Xcode/DerivedData/Buzz-faillbpsmponqzeruhhvskovixzk/SourcePackages/checkouts/stripe-ios-spm/StripePayments/StripePayments/Resources/Localizations/fr-CA.lproj/Localizable.strings (in target 'Stripe_StripePayments' from project 'Stripe')
    cd /Users/xinyufang/Library/Developer/Xcode/DerivedData/Buzz-faillbpsmponqzeruhhvskovixzk/SourcePackages/checkouts/stripe-ios-spm
    builtin-copy -exclude .DS_Store -exclude CVS -exclude .svn -exclude .git -exclude .hg -resolve-src-symlinks /Users/xinyufang/Library/Developer/Xcode/DerivedData/Buzz-faillbpsmponqzeruhhvskovixzk/SourcePackages/checkouts/stripe-ios-spm/StripePayments/StripePayments/Resources/Localizations/fr-CA.lproj/Localizable.strings /Users/xinyufang/Library/Developer/Xcode/DerivedData/Buzz-faillbpsmponqzeruhhvskovixzk/Build/Products/Debug-iphonesimulator/Stripe_StripePayments.bundle/fr-CA.lproj

CpResource /Users/xinyufang/Library/Developer/Xcode/DerivedData/Buzz-faillbpsmponqzeruhhvskovixzk/Build/Products/Debug-iphonesimulator/Stripe_StripePayments.bundle/fil.lproj/Localizable.strings /Users/xinyufang/Library/Developer/Xcode/DerivedData/Buzz-faillbpsmponqzeruhhvskovixzk/SourcePackages/checkouts/stripe-ios-spm/StripePayments/StripePayments/Resources/Localizations/fil.lproj/Localizable.strings (in target 'Stripe_StripePayments' from project 'Stripe')
    cd /Users/xinyufang/Library/Developer/Xcode/DerivedData/Buzz-faillbpsmponqzeruhhvskovixzk/SourcePackages/checkouts/stripe-ios-spm
    builtin-copy -exclude .DS_Store -exclude CVS -exclude .svn -exclude .git -exclude .hg -resolve-src-symlinks /Users/xinyufang/Library/Developer/Xcode/DerivedData/Buzz-faillbpsmponqzeruhhvskovixzk/SourcePackages/checkouts/stripe-ios-spm/StripePayments/StripePayments/Resources/Localizations/fil.lproj/Localizable.strings /Users/xinyufang/Library/Developer/Xcode/DerivedData/Buzz-faillbpsmponqzeruhhvskovixzk/Build/Products/Debug-iphonesimulator/Stripe_StripePayments.bundle/fil.lproj

CpResource /Users/xinyufang/Library/Developer/Xcode/DerivedData/Buzz-faillbpsmponqzeruhhvskovixzk/Build/Products/Debug-iphonesimulator/Stripe_StripePayments.bundle/et-EE.lproj/Localizable.strings /Users/xinyufang/Library/Developer/Xcode/DerivedData/Buzz-faillbpsmponqzeruhhvskovixzk/SourcePackages/checkouts/stripe-ios-spm/StripePayments/StripePayments/Resources/Localizations/et-EE.lproj/Localizable.strings (in target 'Stripe_StripePayments' from project 'Stripe')
    cd /Users/xinyufang/Library/Developer/Xcode/DerivedData/Buzz-faillbpsmponqzeruhhvskovixzk/SourcePackages/checkouts/stripe-ios-spm
    builtin-copy -exclude .DS_Store -exclude CVS -exclude .svn -exclude .git -exclude .hg -resolve-src-symlinks /Users/xinyufang/Library/Developer/Xcode/DerivedData/Buzz-faillbpsmponqzeruhhvskovixzk/SourcePackages/checkouts/stripe-ios-spm/StripePayments/StripePayments/Resources/Localizations/et-EE.lproj/Localizable.strings /Users/xinyufang/Library/Developer/Xcode/DerivedData/Buzz-faillbpsmponqzeruhhvskovixzk/Build/Products/Debug-iphonesimulator/Stripe_StripePayments.bundle/et-EE.lproj

CpResource /Users/xinyufang/Library/Developer/Xcode/DerivedData/Buzz-faillbpsmponqzeruhhvskovixzk/Build/Products/Debug-iphonesimulator/Stripe_StripePayments.bundle/es.lproj/Localizable.strings /Users/xinyufang/Library/Developer/Xcode/DerivedData/Buzz-faillbpsmponqzeruhhvskovixzk/SourcePackages/checkouts/stripe-ios-spm/StripePayments/StripePayments/Resources/Localizations/es.lproj/Localizable.strings (in target 'Stripe_StripePayments' from project 'Stripe')
    cd /Users/xinyufang/Library/Developer/Xcode/DerivedData/Buzz-faillbpsmponqzeruhhvskovixzk/SourcePackages/checkouts/stripe-ios-spm
    builtin-copy -exclude .DS_Store -exclude CVS -exclude .svn -exclude .git -exclude .hg -resolve-src-symlinks /Users/xinyufang/Library/Developer/Xcode/DerivedData/Buzz-faillbpsmponqzeruhhvskovixzk/SourcePackages/checkouts/stripe-ios-spm/StripePayments/StripePayments/Resources/Localizations/es.lproj/Localizable.strings /Users/xinyufang/Library/Developer/Xcode/DerivedData/Buzz-faillbpsmponqzeruhhvskovixzk/Build/Products/Debug-iphonesimulator/Stripe_StripePayments.bundle/es.lproj

CpResource /Users/xinyufang/Library/Developer/Xcode/DerivedData/Buzz-faillbpsmponqzeruhhvskovixzk/Build/Products/Debug-iphonesimulator/Stripe_StripePayments.bundle/fi.lproj/Localizable.strings /Users/xinyufang/Library/Developer/Xcode/DerivedData/Buzz-faillbpsmponqzeruhhvskovixzk/SourcePackages/checkouts/stripe-ios-spm/StripePayments/StripePayments/Resources/Localizations/fi.lproj/Localizable.strings (in target 'Stripe_StripePayments' from project 'Stripe')
    cd /Users/xinyufang/Library/Developer/Xcode/DerivedData/Buzz-faillbpsmponqzeruhhvskovixzk/SourcePackages/checkouts/stripe-ios-spm
    builtin-copy -exclude .DS_Store -exclude CVS -exclude .svn -exclude .git -exclude .hg -resolve-src-symlinks /Users/xinyufang/Library/Developer/Xcode/DerivedData/Buzz-faillbpsmponqzeruhhvskovixzk/SourcePackages/checkouts/stripe-ios-spm/StripePayments/StripePayments/Resources/Localizations/fi.lproj/Localizable.strings /Users/xinyufang/Library/Developer/Xcode/DerivedData/Buzz-faillbpsmponqzeruhhvskovixzk/Build/Products/Debug-iphonesimulator/Stripe_StripePayments.bundle/fi.lproj

CpResource /Users/xinyufang/Library/Developer/Xcode/DerivedData/Buzz-faillbpsmponqzeruhhvskovixzk/Build/Products/Debug-iphonesimulator/Stripe_StripePayments.bundle/es-419.lproj/Localizable.strings /Users/xinyufang/Library/Developer/Xcode/DerivedData/Buzz-faillbpsmponqzeruhhvskovixzk/SourcePackages/checkouts/stripe-ios-spm/StripePayments/StripePayments/Resources/Localizations/es-419.lproj/Localizable.strings (in target 'Stripe_StripePayments' from project 'Stripe')
    cd /Users/xinyufang/Library/Developer/Xcode/DerivedData/Buzz-faillbpsmponqzeruhhvskovixzk/SourcePackages/checkouts/stripe-ios-spm
    builtin-copy -exclude .DS_Store -exclude CVS -exclude .svn -exclude .git -exclude .hg -resolve-src-symlinks /Users/xinyufang/Library/Developer/Xcode/DerivedData/Buzz-faillbpsmponqzeruhhvskovixzk/SourcePackages/checkouts/stripe-ios-spm/StripePayments/StripePayments/Resources/Localizations/es-419.lproj/Localizable.strings /Users/xinyufang/Library/Developer/Xcode/DerivedData/Buzz-faillbpsmponqzeruhhvskovixzk/Build/Products/Debug-iphonesimulator/Stripe_StripePayments.bundle/es-419.lproj

CpResource /Users/xinyufang/Library/Developer/Xcode/DerivedData/Buzz-faillbpsmponqzeruhhvskovixzk/Build/Products/Debug-iphonesimulator/Stripe_StripePayments.bundle/en.lproj/Localizable.strings /Users/xinyufang/Library/Developer/Xcode/DerivedData/Buzz-faillbpsmponqzeruhhvskovixzk/SourcePackages/checkouts/stripe-ios-spm/StripePayments/StripePayments/Resources/Localizations/en.lproj/Localizable.strings (in target 'Stripe_StripePayments' from project 'Stripe')
    cd /Users/xinyufang/Library/Developer/Xcode/DerivedData/Buzz-faillbpsmponqzeruhhvskovixzk/SourcePackages/checkouts/stripe-ios-spm
    builtin-copy -exclude .DS_Store -exclude CVS -exclude .svn -exclude .git -exclude .hg -resolve-src-symlinks /Users/xinyufang/Library/Developer/Xcode/DerivedData/Buzz-faillbpsmponqzeruhhvskovixzk/SourcePackages/checkouts/stripe-ios-spm/StripePayments/StripePayments/Resources/Localizations/en.lproj/Localizable.strings /Users/xinyufang/Library/Developer/Xcode/DerivedData/Buzz-faillbpsmponqzeruhhvskovixzk/Build/Products/Debug-iphonesimulator/Stripe_StripePayments.bundle/en.lproj

CpResource /Users/xinyufang/Library/Developer/Xcode/DerivedData/Buzz-faillbpsmponqzeruhhvskovixzk/Build/Products/Debug-iphonesimulator/Stripe_StripePayments.bundle/en-GB.lproj/Localizable.strings /Users/xinyufang/Library/Developer/Xcode/DerivedData/Buzz-faillbpsmponqzeruhhvskovixzk/SourcePackages/checkouts/stripe-ios-spm/StripePayments/StripePayments/Resources/Localizations/en-GB.lproj/Localizable.strings (in target 'Stripe_StripePayments' from project 'Stripe')
    cd /Users/xinyufang/Library/Developer/Xcode/DerivedData/Buzz-faillbpsmponqzeruhhvskovixzk/SourcePackages/checkouts/stripe-ios-spm
    builtin-copy -exclude .DS_Store -exclude CVS -exclude .svn -exclude .git -exclude .hg -resolve-src-symlinks /Users/xinyufang/Library/Developer/Xcode/DerivedData/Buzz-faillbpsmponqzeruhhvskovixzk/SourcePackages/checkouts/stripe-ios-spm/StripePayments/StripePayments/Resources/Localizations/en-GB.lproj/Localizable.strings /Users/xinyufang/Library/Developer/Xcode/DerivedData/Buzz-faillbpsmponqzeruhhvskovixzk/Build/Products/Debug-iphonesimulator/Stripe_StripePayments.bundle/en-GB.lproj

CpResource /Users/xinyufang/Library/Developer/Xcode/DerivedData/Buzz-faillbpsmponqzeruhhvskovixzk/Build/Products/Debug-iphonesimulator/Stripe_StripePayments.bundle/el-GR.lproj/Localizable.strings /Users/xinyufang/Library/Developer/Xcode/DerivedData/Buzz-faillbpsmponqzeruhhvskovixzk/SourcePackages/checkouts/stripe-ios-spm/StripePayments/StripePayments/Resources/Localizations/el-GR.lproj/Localizable.strings (in target 'Stripe_StripePayments' from project 'Stripe')
    cd /Users/xinyufang/Library/Developer/Xcode/DerivedData/Buzz-faillbpsmponqzeruhhvskovixzk/SourcePackages/checkouts/stripe-ios-spm
    builtin-copy -exclude .DS_Store -exclude CVS -exclude .svn -exclude .git -exclude .hg -resolve-src-symlinks /Users/xinyufang/Library/Developer/Xcode/DerivedData/Buzz-faillbpsmponqzeruhhvskovixzk/SourcePackages/checkouts/stripe-ios-spm/StripePayments/StripePayments/Resources/Localizations/el-GR.lproj/Localizable.strings /Users/xinyufang/Library/Developer/Xcode/DerivedData/Buzz-faillbpsmponqzeruhhvskovixzk/Build/Products/Debug-iphonesimulator/Stripe_StripePayments.bundle/el-GR.lproj

CpResource /Users/xinyufang/Library/Developer/Xcode/DerivedData/Buzz-faillbpsmponqzeruhhvskovixzk/Build/Products/Debug-iphonesimulator/Stripe_StripePayments.bundle/de.lproj/Localizable.strings /Users/xinyufang/Library/Developer/Xcode/DerivedData/Buzz-faillbpsmponqzeruhhvskovixzk/SourcePackages/checkouts/stripe-ios-spm/StripePayments/StripePayments/Resources/Localizations/de.lproj/Localizable.strings (in target 'Stripe_StripePayments' from project 'Stripe')
    cd /Users/xinyufang/Library/Developer/Xcode/DerivedData/Buzz-faillbpsmponqzeruhhvskovixzk/SourcePackages/checkouts/stripe-ios-spm
    builtin-copy -exclude .DS_Store -exclude CVS -exclude .svn -exclude .git -exclude .hg -resolve-src-symlinks /Users/xinyufang/Library/Developer/Xcode/DerivedData/Buzz-faillbpsmponqzeruhhvskovixzk/SourcePackages/checkouts/stripe-ios-spm/StripePayments/StripePayments/Resources/Localizations/de.lproj/Localizable.strings /Users/xinyufang/Library/Developer/Xcode/DerivedData/Buzz-faillbpsmponqzeruhhvskovixzk/Build/Products/Debug-iphonesimulator/Stripe_StripePayments.bundle/de.lproj

CpResource /Users/xinyufang/Library/Developer/Xcode/DerivedData/Buzz-faillbpsmponqzeruhhvskovixzk/Build/Products/Debug-iphonesimulator/Stripe_StripePayments.bundle/da.lproj/Localizable.strings /Users/xinyufang/Library/Developer/Xcode/DerivedData/Buzz-faillbpsmponqzeruhhvskovixzk/SourcePackages/checkouts/stripe-ios-spm/StripePayments/StripePayments/Resources/Localizations/da.lproj/Localizable.strings (in target 'Stripe_StripePayments' from project 'Stripe')
    cd /Users/xinyufang/Library/Developer/Xcode/DerivedData/Buzz-faillbpsmponqzeruhhvskovixzk/SourcePackages/checkouts/stripe-ios-spm
    builtin-copy -exclude .DS_Store -exclude CVS -exclude .svn -exclude .git -exclude .hg -resolve-src-symlinks /Users/xinyufang/Library/Developer/Xcode/DerivedData/Buzz-faillbpsmponqzeruhhvskovixzk/SourcePackages/checkouts/stripe-ios-spm/StripePayments/StripePayments/Resources/Localizations/da.lproj/Localizable.strings /Users/xinyufang/Library/Developer/Xcode/DerivedData/Buzz-faillbpsmponqzeruhhvskovixzk/Build/Products/Debug-iphonesimulator/Stripe_StripePayments.bundle/da.lproj

CpResource /Users/xinyufang/Library/Developer/Xcode/DerivedData/Buzz-faillbpsmponqzeruhhvskovixzk/Build/Products/Debug-iphonesimulator/Stripe_StripePayments.bundle/cs-CZ.lproj/Localizable.strings /Users/xinyufang/Library/Developer/Xcode/DerivedData/Buzz-faillbpsmponqzeruhhvskovixzk/SourcePackages/checkouts/stripe-ios-spm/StripePayments/StripePayments/Resources/Localizations/cs-CZ.lproj/Localizable.strings (in target 'Stripe_StripePayments' from project 'Stripe')
    cd /Users/xinyufang/Library/Developer/Xcode/DerivedData/Buzz-faillbpsmponqzeruhhvskovixzk/SourcePackages/checkouts/stripe-ios-spm
    builtin-copy -exclude .DS_Store -exclude CVS -exclude .svn -exclude .git -exclude .hg -resolve-src-symlinks /Users/xinyufang/Library/Developer/Xcode/DerivedData/Buzz-faillbpsmponqzeruhhvskovixzk/SourcePackages/checkouts/stripe-ios-spm/StripePayments/StripePayments/Resources/Localizations/cs-CZ.lproj/Localizable.strings /Users/xinyufang/Library/Developer/Xcode/DerivedData/Buzz-faillbpsmponqzeruhhvskovixzk/Build/Products/Debug-iphonesimulator/Stripe_StripePayments.bundle/cs-CZ.lproj

CpResource /Users/xinyufang/Library/Developer/Xcode/DerivedData/Buzz-faillbpsmponqzeruhhvskovixzk/Build/Products/Debug-iphonesimulator/Stripe_StripePayments.bundle/ca-ES.lproj/Localizable.strings /Users/xinyufang/Library/Developer/Xcode/DerivedData/Buzz-faillbpsmponqzeruhhvskovixzk/SourcePackages/checkouts/stripe-ios-spm/StripePayments/StripePayments/Resources/Localizations/ca-ES.lproj/Localizable.strings (in target 'Stripe_StripePayments' from project 'Stripe')
    cd /Users/xinyufang/Library/Developer/Xcode/DerivedData/Buzz-faillbpsmponqzeruhhvskovixzk/SourcePackages/checkouts/stripe-ios-spm
    builtin-copy -exclude .DS_Store -exclude CVS -exclude .svn -exclude .git -exclude .hg -resolve-src-symlinks /Users/xinyufang/Library/Developer/Xcode/DerivedData/Buzz-faillbpsmponqzeruhhvskovixzk/SourcePackages/checkouts/stripe-ios-spm/StripePayments/StripePayments/Resources/Localizations/ca-ES.lproj/Localizable.strings /Users/xinyufang/Library/Developer/Xcode/DerivedData/Buzz-faillbpsmponqzeruhhvskovixzk/Build/Products/Debug-iphonesimulator/Stripe_StripePayments.bundle/ca-ES.lproj

CpResource /Users/xinyufang/Library/Developer/Xcode/DerivedData/Buzz-faillbpsmponqzeruhhvskovixzk/Build/Products/Debug-iphonesimulator/Stripe_StripePayments.bundle/bg-BG.lproj/Localizable.strings /Users/xinyufang/Library/Developer/Xcode/DerivedData/Buzz-faillbpsmponqzeruhhvskovixzk/SourcePackages/checkouts/stripe-ios-spm/StripePayments/StripePayments/Resources/Localizations/bg-BG.lproj/Localizable.strings (in target 'Stripe_StripePayments' from project 'Stripe')
    cd /Users/xinyufang/Library/Developer/Xcode/DerivedData/Buzz-faillbpsmponqzeruhhvskovixzk/SourcePackages/checkouts/stripe-ios-spm
    builtin-copy -exclude .DS_Store -exclude CVS -exclude .svn -exclude .git -exclude .hg -resolve-src-symlinks /Users/xinyufang/Library/Developer/Xcode/DerivedData/Buzz-faillbpsmponqzeruhhvskovixzk/SourcePackages/checkouts/stripe-ios-spm/StripePayments/StripePayments/Resources/Localizations/bg-BG.lproj/Localizable.strings /Users/xinyufang/Library/Developer/Xcode/DerivedData/Buzz-faillbpsmponqzeruhhvskovixzk/Build/Products/Debug-iphonesimulator/Stripe_StripePayments.bundle/bg-BG.lproj

CodeSign /Users/xinyufang/Library/Developer/Xcode/DerivedData/Buzz-faillbpsmponqzeruhhvskovixzk/Build/Products/Debug-iphonesimulator/swift-crypto_Crypto.bundle (in target 'swift-crypto_Crypto' from project 'swift-crypto')
    cd /Users/xinyufang/Library/Developer/Xcode/DerivedData/Buzz-faillbpsmponqzeruhhvskovixzk/SourcePackages/checkouts/swift-crypto
    
    Signing Identity:     "Sign to Run Locally"
    
    /usr/bin/codesign --force --sign - --timestamp\=none --generate-entitlement-der /Users/xinyufang/Library/Developer/Xcode/DerivedData/Buzz-faillbpsmponqzeruhhvskovixzk/Build/Products/Debug-iphonesimulator/swift-crypto_Crypto.bundle

MkDir /Users/xinyufang/Library/Developer/Xcode/DerivedData/Buzz-faillbpsmponqzeruhhvskovixzk/Build/Intermediates.noindex/Stripe.build/Debug-iphonesimulator/Stripe_StripePaymentSheet.build/assetcatalog_output/unthinned (in target 'Stripe_StripePaymentSheet' from project 'Stripe')
    cd /Users/xinyufang/Library/Developer/Xcode/DerivedData/Buzz-faillbpsmponqzeruhhvskovixzk/SourcePackages/checkouts/stripe-ios-spm
    /bin/mkdir -p /Users/xinyufang/Library/Developer/Xcode/DerivedData/Buzz-faillbpsmponqzeruhhvskovixzk/Build/Intermediates.noindex/Stripe.build/Debug-iphonesimulator/Stripe_StripePaymentSheet.build/assetcatalog_output/unthinned

MkDir /Users/xinyufang/Library/Developer/Xcode/DerivedData/Buzz-faillbpsmponqzeruhhvskovixzk/Build/Intermediates.noindex/Stripe.build/Debug-iphonesimulator/Stripe_StripePaymentSheet.build/assetcatalog_output/thinned (in target 'Stripe_StripePaymentSheet' from project 'Stripe')
    cd /Users/xinyufang/Library/Developer/Xcode/DerivedData/Buzz-faillbpsmponqzeruhhvskovixzk/SourcePackages/checkouts/stripe-ios-spm
    /bin/mkdir -p /Users/xinyufang/Library/Developer/Xcode/DerivedData/Buzz-faillbpsmponqzeruhhvskovixzk/Build/Intermediates.noindex/Stripe.build/Debug-iphonesimulator/Stripe_StripePaymentSheet.build/assetcatalog_output/thinned

CpResource /Users/xinyufang/Library/Developer/Xcode/DerivedData/Buzz-faillbpsmponqzeruhhvskovixzk/Build/Products/Debug-iphonesimulator/Stripe_StripePaymentSheet.bundle/zh-Hant.lproj/Localizable.strings /Users/xinyufang/Library/Developer/Xcode/DerivedData/Buzz-faillbpsmponqzeruhhvskovixzk/SourcePackages/checkouts/stripe-ios-spm/StripePaymentSheet/StripePaymentSheet/Resources/Localizations/zh-Hant.lproj/Localizable.strings (in target 'Stripe_StripePaymentSheet' from project 'Stripe')
    cd /Users/xinyufang/Library/Developer/Xcode/DerivedData/Buzz-faillbpsmponqzeruhhvskovixzk/SourcePackages/checkouts/stripe-ios-spm
    builtin-copy -exclude .DS_Store -exclude CVS -exclude .svn -exclude .git -exclude .hg -resolve-src-symlinks /Users/xinyufang/Library/Developer/Xcode/DerivedData/Buzz-faillbpsmponqzeruhhvskovixzk/SourcePackages/checkouts/stripe-ios-spm/StripePaymentSheet/StripePaymentSheet/Resources/Localizations/zh-Hant.lproj/Localizable.strings /Users/xinyufang/Library/Developer/Xcode/DerivedData/Buzz-faillbpsmponqzeruhhvskovixzk/Build/Products/Debug-iphonesimulator/Stripe_StripePaymentSheet.bundle/zh-Hant.lproj

CpResource /Users/xinyufang/Library/Developer/Xcode/DerivedData/Buzz-faillbpsmponqzeruhhvskovixzk/Build/Products/Debug-iphonesimulator/Stripe_StripePaymentSheet.bundle/zh-Hans.lproj/Localizable.strings /Users/xinyufang/Library/Developer/Xcode/DerivedData/Buzz-faillbpsmponqzeruhhvskovixzk/SourcePackages/checkouts/stripe-ios-spm/StripePaymentSheet/StripePaymentSheet/Resources/Localizations/zh-Hans.lproj/Localizable.strings (in target 'Stripe_StripePaymentSheet' from project 'Stripe')
    cd /Users/xinyufang/Library/Developer/Xcode/DerivedData/Buzz-faillbpsmponqzeruhhvskovixzk/SourcePackages/checkouts/stripe-ios-spm
    builtin-copy -exclude .DS_Store -exclude CVS -exclude .svn -exclude .git -exclude .hg -resolve-src-symlinks /Users/xinyufang/Library/Developer/Xcode/DerivedData/Buzz-faillbpsmponqzeruhhvskovixzk/SourcePackages/checkouts/stripe-ios-spm/StripePaymentSheet/StripePaymentSheet/Resources/Localizations/zh-Hans.lproj/Localizable.strings /Users/xinyufang/Library/Developer/Xcode/DerivedData/Buzz-faillbpsmponqzeruhhvskovixzk/Build/Products/Debug-iphonesimulator/Stripe_StripePaymentSheet.bundle/zh-Hans.lproj

CpResource /Users/xinyufang/Library/Developer/Xcode/DerivedData/Buzz-faillbpsmponqzeruhhvskovixzk/Build/Products/Debug-iphonesimulator/Stripe_StripePaymentSheet.bundle/zh-HK.lproj/Localizable.strings /Users/xinyufang/Library/Developer/Xcode/DerivedData/Buzz-faillbpsmponqzeruhhvskovixzk/SourcePackages/checkouts/stripe-ios-spm/StripePaymentSheet/StripePaymentSheet/Resources/Localizations/zh-HK.lproj/Localizable.strings (in target 'Stripe_StripePaymentSheet' from project 'Stripe')
    cd /Users/xinyufang/Library/Developer/Xcode/DerivedData/Buzz-faillbpsmponqzeruhhvskovixzk/SourcePackages/checkouts/stripe-ios-spm
    builtin-copy -exclude .DS_Store -exclude CVS -exclude .svn -exclude .git -exclude .hg -resolve-src-symlinks /Users/xinyufang/Library/Developer/Xcode/DerivedData/Buzz-faillbpsmponqzeruhhvskovixzk/SourcePackages/checkouts/stripe-ios-spm/StripePaymentSheet/StripePaymentSheet/Resources/Localizations/zh-HK.lproj/Localizable.strings /Users/xinyufang/Library/Developer/Xcode/DerivedData/Buzz-faillbpsmponqzeruhhvskovixzk/Build/Products/Debug-iphonesimulator/Stripe_StripePaymentSheet.bundle/zh-HK.lproj

CpResource /Users/xinyufang/Library/Developer/Xcode/DerivedData/Buzz-faillbpsmponqzeruhhvskovixzk/Build/Products/Debug-iphonesimulator/Stripe_StripePaymentSheet.bundle/tr.lproj/Localizable.strings /Users/xinyufang/Library/Developer/Xcode/DerivedData/Buzz-faillbpsmponqzeruhhvskovixzk/SourcePackages/checkouts/stripe-ios-spm/StripePaymentSheet/StripePaymentSheet/Resources/Localizations/tr.lproj/Localizable.strings (in target 'Stripe_StripePaymentSheet' from project 'Stripe')
    cd /Users/xinyufang/Library/Developer/Xcode/DerivedData/Buzz-faillbpsmponqzeruhhvskovixzk/SourcePackages/checkouts/stripe-ios-spm
    builtin-copy -exclude .DS_Store -exclude CVS -exclude .svn -exclude .git -exclude .hg -resolve-src-symlinks /Users/xinyufang/Library/Developer/Xcode/DerivedData/Buzz-faillbpsmponqzeruhhvskovixzk/SourcePackages/checkouts/stripe-ios-spm/StripePaymentSheet/StripePaymentSheet/Resources/Localizations/tr.lproj/Localizable.strings /Users/xinyufang/Library/Developer/Xcode/DerivedData/Buzz-faillbpsmponqzeruhhvskovixzk/Build/Products/Debug-iphonesimulator/Stripe_StripePaymentSheet.bundle/tr.lproj

CpResource /Users/xinyufang/Library/Developer/Xcode/DerivedData/Buzz-faillbpsmponqzeruhhvskovixzk/Build/Products/Debug-iphonesimulator/Stripe_StripePaymentSheet.bundle/vi.lproj/Localizable.strings /Users/xinyufang/Library/Developer/Xcode/DerivedData/Buzz-faillbpsmponqzeruhhvskovixzk/SourcePackages/checkouts/stripe-ios-spm/StripePaymentSheet/StripePaymentSheet/Resources/Localizations/vi.lproj/Localizable.strings (in target 'Stripe_StripePaymentSheet' from project 'Stripe')
    cd /Users/xinyufang/Library/Developer/Xcode/DerivedData/Buzz-faillbpsmponqzeruhhvskovixzk/SourcePackages/checkouts/stripe-ios-spm
    builtin-copy -exclude .DS_Store -exclude CVS -exclude .svn -exclude .git -exclude .hg -resolve-src-symlinks /Users/xinyufang/Library/Developer/Xcode/DerivedData/Buzz-faillbpsmponqzeruhhvskovixzk/SourcePackages/checkouts/stripe-ios-spm/StripePaymentSheet/StripePaymentSheet/Resources/Localizations/vi.lproj/Localizable.strings /Users/xinyufang/Library/Developer/Xcode/DerivedData/Buzz-faillbpsmponqzeruhhvskovixzk/Build/Products/Debug-iphonesimulator/Stripe_StripePaymentSheet.bundle/vi.lproj

CpResource /Users/xinyufang/Library/Developer/Xcode/DerivedData/Buzz-faillbpsmponqzeruhhvskovixzk/Build/Products/Debug-iphonesimulator/Stripe_StripePaymentSheet.bundle/tk.lproj/Localizable.strings /Users/xinyufang/Library/Developer/Xcode/DerivedData/Buzz-faillbpsmponqzeruhhvskovixzk/SourcePackages/checkouts/stripe-ios-spm/StripePaymentSheet/StripePaymentSheet/Resources/Localizations/tk.lproj/Localizable.strings (in target 'Stripe_StripePaymentSheet' from project 'Stripe')
    cd /Users/xinyufang/Library/Developer/Xcode/DerivedData/Buzz-faillbpsmponqzeruhhvskovixzk/SourcePackages/checkouts/stripe-ios-spm
    builtin-copy -exclude .DS_Store -exclude CVS -exclude .svn -exclude .git -exclude .hg -resolve-src-symlinks /Users/xinyufang/Library/Developer/Xcode/DerivedData/Buzz-faillbpsmponqzeruhhvskovixzk/SourcePackages/checkouts/stripe-ios-spm/StripePaymentSheet/StripePaymentSheet/Resources/Localizations/tk.lproj/Localizable.strings /Users/xinyufang/Library/Developer/Xcode/DerivedData/Buzz-faillbpsmponqzeruhhvskovixzk/Build/Products/Debug-iphonesimulator/Stripe_StripePaymentSheet.bundle/tk.lproj

CpResource /Users/xinyufang/Library/Developer/Xcode/DerivedData/Buzz-faillbpsmponqzeruhhvskovixzk/Build/Products/Debug-iphonesimulator/Stripe_StripePaymentSheet.bundle/th.lproj/Localizable.strings /Users/xinyufang/Library/Developer/Xcode/DerivedData/Buzz-faillbpsmponqzeruhhvskovixzk/SourcePackages/checkouts/stripe-ios-spm/StripePaymentSheet/StripePaymentSheet/Resources/Localizations/th.lproj/Localizable.strings (in target 'Stripe_StripePaymentSheet' from project 'Stripe')
    cd /Users/xinyufang/Library/Developer/Xcode/DerivedData/Buzz-faillbpsmponqzeruhhvskovixzk/SourcePackages/checkouts/stripe-ios-spm
    builtin-copy -exclude .DS_Store -exclude CVS -exclude .svn -exclude .git -exclude .hg -resolve-src-symlinks /Users/xinyufang/Library/Developer/Xcode/DerivedData/Buzz-faillbpsmponqzeruhhvskovixzk/SourcePackages/checkouts/stripe-ios-spm/StripePaymentSheet/StripePaymentSheet/Resources/Localizations/th.lproj/Localizable.strings /Users/xinyufang/Library/Developer/Xcode/DerivedData/Buzz-faillbpsmponqzeruhhvskovixzk/Build/Products/Debug-iphonesimulator/Stripe_StripePaymentSheet.bundle/th.lproj

CpResource /Users/xinyufang/Library/Developer/Xcode/DerivedData/Buzz-faillbpsmponqzeruhhvskovixzk/Build/Products/Debug-iphonesimulator/Stripe_StripePaymentSheet.bundle/sv.lproj/Localizable.strings /Users/xinyufang/Library/Developer/Xcode/DerivedData/Buzz-faillbpsmponqzeruhhvskovixzk/SourcePackages/checkouts/stripe-ios-spm/StripePaymentSheet/StripePaymentSheet/Resources/Localizations/sv.lproj/Localizable.strings (in target 'Stripe_StripePaymentSheet' from project 'Stripe')
    cd /Users/xinyufang/Library/Developer/Xcode/DerivedData/Buzz-faillbpsmponqzeruhhvskovixzk/SourcePackages/checkouts/stripe-ios-spm
    builtin-copy -exclude .DS_Store -exclude CVS -exclude .svn -exclude .git -exclude .hg -resolve-src-symlinks /Users/xinyufang/Library/Developer/Xcode/DerivedData/Buzz-faillbpsmponqzeruhhvskovixzk/SourcePackages/checkouts/stripe-ios-spm/StripePaymentSheet/StripePaymentSheet/Resources/Localizations/sv.lproj/Localizable.strings /Users/xinyufang/Library/Developer/Xcode/DerivedData/Buzz-faillbpsmponqzeruhhvskovixzk/Build/Products/Debug-iphonesimulator/Stripe_StripePaymentSheet.bundle/sv.lproj

CpResource /Users/xinyufang/Library/Developer/Xcode/DerivedData/Buzz-faillbpsmponqzeruhhvskovixzk/Build/Products/Debug-iphonesimulator/Stripe_StripePaymentSheet.bundle/sl-SI.lproj/Localizable.strings /Users/xinyufang/Library/Developer/Xcode/DerivedData/Buzz-faillbpsmponqzeruhhvskovixzk/SourcePackages/checkouts/stripe-ios-spm/StripePaymentSheet/StripePaymentSheet/Resources/Localizations/sl-SI.lproj/Localizable.strings (in target 'Stripe_StripePaymentSheet' from project 'Stripe')
    cd /Users/xinyufang/Library/Developer/Xcode/DerivedData/Buzz-faillbpsmponqzeruhhvskovixzk/SourcePackages/checkouts/stripe-ios-spm
    builtin-copy -exclude .DS_Store -exclude CVS -exclude .svn -exclude .git -exclude .hg -resolve-src-symlinks /Users/xinyufang/Library/Developer/Xcode/DerivedData/Buzz-faillbpsmponqzeruhhvskovixzk/SourcePackages/checkouts/stripe-ios-spm/StripePaymentSheet/StripePaymentSheet/Resources/Localizations/sl-SI.lproj/Localizable.strings /Users/xinyufang/Library/Developer/Xcode/DerivedData/Buzz-faillbpsmponqzeruhhvskovixzk/Build/Products/Debug-iphonesimulator/Stripe_StripePaymentSheet.bundle/sl-SI.lproj

CpResource /Users/xinyufang/Library/Developer/Xcode/DerivedData/Buzz-faillbpsmponqzeruhhvskovixzk/Build/Products/Debug-iphonesimulator/Stripe_StripePaymentSheet.bundle/sk-SK.lproj/Localizable.strings /Users/xinyufang/Library/Developer/Xcode/DerivedData/Buzz-faillbpsmponqzeruhhvskovixzk/SourcePackages/checkouts/stripe-ios-spm/StripePaymentSheet/StripePaymentSheet/Resources/Localizations/sk-SK.lproj/Localizable.strings (in target 'Stripe_StripePaymentSheet' from project 'Stripe')
    cd /Users/xinyufang/Library/Developer/Xcode/DerivedData/Buzz-faillbpsmponqzeruhhvskovixzk/SourcePackages/checkouts/stripe-ios-spm
    builtin-copy -exclude .DS_Store -exclude CVS -exclude .svn -exclude .git -exclude .hg -resolve-src-symlinks /Users/xinyufang/Library/Developer/Xcode/DerivedData/Buzz-faillbpsmponqzeruhhvskovixzk/SourcePackages/checkouts/stripe-ios-spm/StripePaymentSheet/StripePaymentSheet/Resources/Localizations/sk-SK.lproj/Localizable.strings /Users/xinyufang/Library/Developer/Xcode/DerivedData/Buzz-faillbpsmponqzeruhhvskovixzk/Build/Products/Debug-iphonesimulator/Stripe_StripePaymentSheet.bundle/sk-SK.lproj

CpResource /Users/xinyufang/Library/Developer/Xcode/DerivedData/Buzz-faillbpsmponqzeruhhvskovixzk/Build/Products/Debug-iphonesimulator/Stripe_StripePaymentSheet.bundle/ru.lproj/Localizable.strings /Users/xinyufang/Library/Developer/Xcode/DerivedData/Buzz-faillbpsmponqzeruhhvskovixzk/SourcePackages/checkouts/stripe-ios-spm/StripePaymentSheet/StripePaymentSheet/Resources/Localizations/ru.lproj/Localizable.strings (in target 'Stripe_StripePaymentSheet' from project 'Stripe')
    cd /Users/xinyufang/Library/Developer/Xcode/DerivedData/Buzz-faillbpsmponqzeruhhvskovixzk/SourcePackages/checkouts/stripe-ios-spm
    builtin-copy -exclude .DS_Store -exclude CVS -exclude .svn -exclude .git -exclude .hg -resolve-src-symlinks /Users/xinyufang/Library/Developer/Xcode/DerivedData/Buzz-faillbpsmponqzeruhhvskovixzk/SourcePackages/checkouts/stripe-ios-spm/StripePaymentSheet/StripePaymentSheet/Resources/Localizations/ru.lproj/Localizable.strings /Users/xinyufang/Library/Developer/Xcode/DerivedData/Buzz-faillbpsmponqzeruhhvskovixzk/Build/Products/Debug-iphonesimulator/Stripe_StripePaymentSheet.bundle/ru.lproj

CpResource /Users/xinyufang/Library/Developer/Xcode/DerivedData/Buzz-faillbpsmponqzeruhhvskovixzk/Build/Products/Debug-iphonesimulator/Stripe_StripePaymentSheet.bundle/ro-RO.lproj/Localizable.strings /Users/xinyufang/Library/Developer/Xcode/DerivedData/Buzz-faillbpsmponqzeruhhvskovixzk/SourcePackages/checkouts/stripe-ios-spm/StripePaymentSheet/StripePaymentSheet/Resources/Localizations/ro-RO.lproj/Localizable.strings (in target 'Stripe_StripePaymentSheet' from project 'Stripe')
    cd /Users/xinyufang/Library/Developer/Xcode/DerivedData/Buzz-faillbpsmponqzeruhhvskovixzk/SourcePackages/checkouts/stripe-ios-spm
    builtin-copy -exclude .DS_Store -exclude CVS -exclude .svn -exclude .git -exclude .hg -resolve-src-symlinks /Users/xinyufang/Library/Developer/Xcode/DerivedData/Buzz-faillbpsmponqzeruhhvskovixzk/SourcePackages/checkouts/stripe-ios-spm/StripePaymentSheet/StripePaymentSheet/Resources/Localizations/ro-RO.lproj/Localizable.strings /Users/xinyufang/Library/Developer/Xcode/DerivedData/Buzz-faillbpsmponqzeruhhvskovixzk/Build/Products/Debug-iphonesimulator/Stripe_StripePaymentSheet.bundle/ro-RO.lproj

CpResource /Users/xinyufang/Library/Developer/Xcode/DerivedData/Buzz-faillbpsmponqzeruhhvskovixzk/Build/Products/Debug-iphonesimulator/Stripe_StripePaymentSheet.bundle/pt-PT.lproj/Localizable.strings /Users/xinyufang/Library/Developer/Xcode/DerivedData/Buzz-faillbpsmponqzeruhhvskovixzk/SourcePackages/checkouts/stripe-ios-spm/StripePaymentSheet/StripePaymentSheet/Resources/Localizations/pt-PT.lproj/Localizable.strings (in target 'Stripe_StripePaymentSheet' from project 'Stripe')
    cd /Users/xinyufang/Library/Developer/Xcode/DerivedData/Buzz-faillbpsmponqzeruhhvskovixzk/SourcePackages/checkouts/stripe-ios-spm
    builtin-copy -exclude .DS_Store -exclude CVS -exclude .svn -exclude .git -exclude .hg -resolve-src-symlinks /Users/xinyufang/Library/Developer/Xcode/DerivedData/Buzz-faillbpsmponqzeruhhvskovixzk/SourcePackages/checkouts/stripe-ios-spm/StripePaymentSheet/StripePaymentSheet/Resources/Localizations/pt-PT.lproj/Localizable.strings /Users/xinyufang/Library/Developer/Xcode/DerivedData/Buzz-faillbpsmponqzeruhhvskovixzk/Build/Products/Debug-iphonesimulator/Stripe_StripePaymentSheet.bundle/pt-PT.lproj

CpResource /Users/xinyufang/Library/Developer/Xcode/DerivedData/Buzz-faillbpsmponqzeruhhvskovixzk/Build/Products/Debug-iphonesimulator/Stripe_StripePaymentSheet.bundle/pt-BR.lproj/Localizable.strings /Users/xinyufang/Library/Developer/Xcode/DerivedData/Buzz-faillbpsmponqzeruhhvskovixzk/SourcePackages/checkouts/stripe-ios-spm/StripePaymentSheet/StripePaymentSheet/Resources/Localizations/pt-BR.lproj/Localizable.strings (in target 'Stripe_StripePaymentSheet' from project 'Stripe')
    cd /Users/xinyufang/Library/Developer/Xcode/DerivedData/Buzz-faillbpsmponqzeruhhvskovixzk/SourcePackages/checkouts/stripe-ios-spm
    builtin-copy -exclude .DS_Store -exclude CVS -exclude .svn -exclude .git -exclude .hg -resolve-src-symlinks /Users/xinyufang/Library/Developer/Xcode/DerivedData/Buzz-faillbpsmponqzeruhhvskovixzk/SourcePackages/checkouts/stripe-ios-spm/StripePaymentSheet/StripePaymentSheet/Resources/Localizations/pt-BR.lproj/Localizable.strings /Users/xinyufang/Library/Developer/Xcode/DerivedData/Buzz-faillbpsmponqzeruhhvskovixzk/Build/Products/Debug-iphonesimulator/Stripe_StripePaymentSheet.bundle/pt-BR.lproj

CpResource /Users/xinyufang/Library/Developer/Xcode/DerivedData/Buzz-faillbpsmponqzeruhhvskovixzk/Build/Products/Debug-iphonesimulator/Stripe_StripePaymentSheet.bundle/pl-PL.lproj/Localizable.strings /Users/xinyufang/Library/Developer/Xcode/DerivedData/Buzz-faillbpsmponqzeruhhvskovixzk/SourcePackages/checkouts/stripe-ios-spm/StripePaymentSheet/StripePaymentSheet/Resources/Localizations/pl-PL.lproj/Localizable.strings (in target 'Stripe_StripePaymentSheet' from project 'Stripe')
    cd /Users/xinyufang/Library/Developer/Xcode/DerivedData/Buzz-faillbpsmponqzeruhhvskovixzk/SourcePackages/checkouts/stripe-ios-spm
    builtin-copy -exclude .DS_Store -exclude CVS -exclude .svn -exclude .git -exclude .hg -resolve-src-symlinks /Users/xinyufang/Library/Developer/Xcode/DerivedData/Buzz-faillbpsmponqzeruhhvskovixzk/SourcePackages/checkouts/stripe-ios-spm/StripePaymentSheet/StripePaymentSheet/Resources/Localizations/pl-PL.lproj/Localizable.strings /Users/xinyufang/Library/Developer/Xcode/DerivedData/Buzz-faillbpsmponqzeruhhvskovixzk/Build/Products/Debug-iphonesimulator/Stripe_StripePaymentSheet.bundle/pl-PL.lproj

CpResource /Users/xinyufang/Library/Developer/Xcode/DerivedData/Buzz-faillbpsmponqzeruhhvskovixzk/Build/Products/Debug-iphonesimulator/Stripe_StripePaymentSheet.bundle/nl.lproj/Localizable.strings /Users/xinyufang/Library/Developer/Xcode/DerivedData/Buzz-faillbpsmponqzeruhhvskovixzk/SourcePackages/checkouts/stripe-ios-spm/StripePaymentSheet/StripePaymentSheet/Resources/Localizations/nl.lproj/Localizable.strings (in target 'Stripe_StripePaymentSheet' from project 'Stripe')
    cd /Users/xinyufang/Library/Developer/Xcode/DerivedData/Buzz-faillbpsmponqzeruhhvskovixzk/SourcePackages/checkouts/stripe-ios-spm
    builtin-copy -exclude .DS_Store -exclude CVS -exclude .svn -exclude .git -exclude .hg -resolve-src-symlinks /Users/xinyufang/Library/Developer/Xcode/DerivedData/Buzz-faillbpsmponqzeruhhvskovixzk/SourcePackages/checkouts/stripe-ios-spm/StripePaymentSheet/StripePaymentSheet/Resources/Localizations/nl.lproj/Localizable.strings /Users/xinyufang/Library/Developer/Xcode/DerivedData/Buzz-faillbpsmponqzeruhhvskovixzk/Build/Products/Debug-iphonesimulator/Stripe_StripePaymentSheet.bundle/nl.lproj

CpResource /Users/xinyufang/Library/Developer/Xcode/DerivedData/Buzz-faillbpsmponqzeruhhvskovixzk/Build/Products/Debug-iphonesimulator/Stripe_StripePaymentSheet.bundle/nb.lproj/Localizable.strings /Users/xinyufang/Library/Developer/Xcode/DerivedData/Buzz-faillbpsmponqzeruhhvskovixzk/SourcePackages/checkouts/stripe-ios-spm/StripePaymentSheet/StripePaymentSheet/Resources/Localizations/nb.lproj/Localizable.strings (in target 'Stripe_StripePaymentSheet' from project 'Stripe')
    cd /Users/xinyufang/Library/Developer/Xcode/DerivedData/Buzz-faillbpsmponqzeruhhvskovixzk/SourcePackages/checkouts/stripe-ios-spm
    builtin-copy -exclude .DS_Store -exclude CVS -exclude .svn -exclude .git -exclude .hg -resolve-src-symlinks /Users/xinyufang/Library/Developer/Xcode/DerivedData/Buzz-faillbpsmponqzeruhhvskovixzk/SourcePackages/checkouts/stripe-ios-spm/StripePaymentSheet/StripePaymentSheet/Resources/Localizations/nb.lproj/Localizable.strings /Users/xinyufang/Library/Developer/Xcode/DerivedData/Buzz-faillbpsmponqzeruhhvskovixzk/Build/Products/Debug-iphonesimulator/Stripe_StripePaymentSheet.bundle/nb.lproj

CpResource /Users/xinyufang/Library/Developer/Xcode/DerivedData/Buzz-faillbpsmponqzeruhhvskovixzk/Build/Products/Debug-iphonesimulator/Stripe_StripePaymentSheet.bundle/mt.lproj/Localizable.strings /Users/xinyufang/Library/Developer/Xcode/DerivedData/Buzz-faillbpsmponqzeruhhvskovixzk/SourcePackages/checkouts/stripe-ios-spm/StripePaymentSheet/StripePaymentSheet/Resources/Localizations/mt.lproj/Localizable.strings (in target 'Stripe_StripePaymentSheet' from project 'Stripe')
    cd /Users/xinyufang/Library/Developer/Xcode/DerivedData/Buzz-faillbpsmponqzeruhhvskovixzk/SourcePackages/checkouts/stripe-ios-spm
    builtin-copy -exclude .DS_Store -exclude CVS -exclude .svn -exclude .git -exclude .hg -resolve-src-symlinks /Users/xinyufang/Library/Developer/Xcode/DerivedData/Buzz-faillbpsmponqzeruhhvskovixzk/SourcePackages/checkouts/stripe-ios-spm/StripePaymentSheet/StripePaymentSheet/Resources/Localizations/mt.lproj/Localizable.strings /Users/xinyufang/Library/Developer/Xcode/DerivedData/Buzz-faillbpsmponqzeruhhvskovixzk/Build/Products/Debug-iphonesimulator/Stripe_StripePaymentSheet.bundle/mt.lproj

CpResource /Users/xinyufang/Library/Developer/Xcode/DerivedData/Buzz-faillbpsmponqzeruhhvskovixzk/Build/Products/Debug-iphonesimulator/Stripe_StripePaymentSheet.bundle/ms-MY.lproj/Localizable.strings /Users/xinyufang/Library/Developer/Xcode/DerivedData/Buzz-faillbpsmponqzeruhhvskovixzk/SourcePackages/checkouts/stripe-ios-spm/StripePaymentSheet/StripePaymentSheet/Resources/Localizations/ms-MY.lproj/Localizable.strings (in target 'Stripe_StripePaymentSheet' from project 'Stripe')
    cd /Users/xinyufang/Library/Developer/Xcode/DerivedData/Buzz-faillbpsmponqzeruhhvskovixzk/SourcePackages/checkouts/stripe-ios-spm
    builtin-copy -exclude .DS_Store -exclude CVS -exclude .svn -exclude .git -exclude .hg -resolve-src-symlinks /Users/xinyufang/Library/Developer/Xcode/DerivedData/Buzz-faillbpsmponqzeruhhvskovixzk/SourcePackages/checkouts/stripe-ios-spm/StripePaymentSheet/StripePaymentSheet/Resources/Localizations/ms-MY.lproj/Localizable.strings /Users/xinyufang/Library/Developer/Xcode/DerivedData/Buzz-faillbpsmponqzeruhhvskovixzk/Build/Products/Debug-iphonesimulator/Stripe_StripePaymentSheet.bundle/ms-MY.lproj

CpResource /Users/xinyufang/Library/Developer/Xcode/DerivedData/Buzz-faillbpsmponqzeruhhvskovixzk/Build/Products/Debug-iphonesimulator/Stripe_StripePaymentSheet.bundle/lv-LV.lproj/Localizable.strings /Users/xinyufang/Library/Developer/Xcode/DerivedData/Buzz-faillbpsmponqzeruhhvskovixzk/SourcePackages/checkouts/stripe-ios-spm/StripePaymentSheet/StripePaymentSheet/Resources/Localizations/lv-LV.lproj/Localizable.strings (in target 'Stripe_StripePaymentSheet' from project 'Stripe')
    cd /Users/xinyufang/Library/Developer/Xcode/DerivedData/Buzz-faillbpsmponqzeruhhvskovixzk/SourcePackages/checkouts/stripe-ios-spm
    builtin-copy -exclude .DS_Store -exclude CVS -exclude .svn -exclude .git -exclude .hg -resolve-src-symlinks /Users/xinyufang/Library/Developer/Xcode/DerivedData/Buzz-faillbpsmponqzeruhhvskovixzk/SourcePackages/checkouts/stripe-ios-spm/StripePaymentSheet/StripePaymentSheet/Resources/Localizations/lv-LV.lproj/Localizable.strings /Users/xinyufang/Library/Developer/Xcode/DerivedData/Buzz-faillbpsmponqzeruhhvskovixzk/Build/Products/Debug-iphonesimulator/Stripe_StripePaymentSheet.bundle/lv-LV.lproj

CpResource /Users/xinyufang/Library/Developer/Xcode/DerivedData/Buzz-faillbpsmponqzeruhhvskovixzk/Build/Products/Debug-iphonesimulator/Stripe_StripePaymentSheet.bundle/lt-LT.lproj/Localizable.strings /Users/xinyufang/Library/Developer/Xcode/DerivedData/Buzz-faillbpsmponqzeruhhvskovixzk/SourcePackages/checkouts/stripe-ios-spm/StripePaymentSheet/StripePaymentSheet/Resources/Localizations/lt-LT.lproj/Localizable.strings (in target 'Stripe_StripePaymentSheet' from project 'Stripe')
    cd /Users/xinyufang/Library/Developer/Xcode/DerivedData/Buzz-faillbpsmponqzeruhhvskovixzk/SourcePackages/checkouts/stripe-ios-spm
    builtin-copy -exclude .DS_Store -exclude CVS -exclude .svn -exclude .git -exclude .hg -resolve-src-symlinks /Users/xinyufang/Library/Developer/Xcode/DerivedData/Buzz-faillbpsmponqzeruhhvskovixzk/SourcePackages/checkouts/stripe-ios-spm/StripePaymentSheet/StripePaymentSheet/Resources/Localizations/lt-LT.lproj/Localizable.strings /Users/xinyufang/Library/Developer/Xcode/DerivedData/Buzz-faillbpsmponqzeruhhvskovixzk/Build/Products/Debug-iphonesimulator/Stripe_StripePaymentSheet.bundle/lt-LT.lproj

CpResource /Users/xinyufang/Library/Developer/Xcode/DerivedData/Buzz-faillbpsmponqzeruhhvskovixzk/Build/Products/Debug-iphonesimulator/Stripe_StripePaymentSheet.bundle/ko.lproj/Localizable.strings /Users/xinyufang/Library/Developer/Xcode/DerivedData/Buzz-faillbpsmponqzeruhhvskovixzk/SourcePackages/checkouts/stripe-ios-spm/StripePaymentSheet/StripePaymentSheet/Resources/Localizations/ko.lproj/Localizable.strings (in target 'Stripe_StripePaymentSheet' from project 'Stripe')
    cd /Users/xinyufang/Library/Developer/Xcode/DerivedData/Buzz-faillbpsmponqzeruhhvskovixzk/SourcePackages/checkouts/stripe-ios-spm
    builtin-copy -exclude .DS_Store -exclude CVS -exclude .svn -exclude .git -exclude .hg -resolve-src-symlinks /Users/xinyufang/Library/Developer/Xcode/DerivedData/Buzz-faillbpsmponqzeruhhvskovixzk/SourcePackages/checkouts/stripe-ios-spm/StripePaymentSheet/StripePaymentSheet/Resources/Localizations/ko.lproj/Localizable.strings /Users/xinyufang/Library/Developer/Xcode/DerivedData/Buzz-faillbpsmponqzeruhhvskovixzk/Build/Products/Debug-iphonesimulator/Stripe_StripePaymentSheet.bundle/ko.lproj

CpResource /Users/xinyufang/Library/Developer/Xcode/DerivedData/Buzz-faillbpsmponqzeruhhvskovixzk/Build/Products/Debug-iphonesimulator/Stripe_StripePaymentSheet.bundle/ja.lproj/Localizable.strings /Users/xinyufang/Library/Developer/Xcode/DerivedData/Buzz-faillbpsmponqzeruhhvskovixzk/SourcePackages/checkouts/stripe-ios-spm/StripePaymentSheet/StripePaymentSheet/Resources/Localizations/ja.lproj/Localizable.strings (in target 'Stripe_StripePaymentSheet' from project 'Stripe')
    cd /Users/xinyufang/Library/Developer/Xcode/DerivedData/Buzz-faillbpsmponqzeruhhvskovixzk/SourcePackages/checkouts/stripe-ios-spm
    builtin-copy -exclude .DS_Store -exclude CVS -exclude .svn -exclude .git -exclude .hg -resolve-src-symlinks /Users/xinyufang/Library/Developer/Xcode/DerivedData/Buzz-faillbpsmponqzeruhhvskovixzk/SourcePackages/checkouts/stripe-ios-spm/StripePaymentSheet/StripePaymentSheet/Resources/Localizations/ja.lproj/Localizable.strings /Users/xinyufang/Library/Developer/Xcode/DerivedData/Buzz-faillbpsmponqzeruhhvskovixzk/Build/Products/Debug-iphonesimulator/Stripe_StripePaymentSheet.bundle/ja.lproj

CpResource /Users/xinyufang/Library/Developer/Xcode/DerivedData/Buzz-faillbpsmponqzeruhhvskovixzk/Build/Products/Debug-iphonesimulator/Stripe_StripePaymentSheet.bundle/it.lproj/Localizable.strings /Users/xinyufang/Library/Developer/Xcode/DerivedData/Buzz-faillbpsmponqzeruhhvskovixzk/SourcePackages/checkouts/stripe-ios-spm/StripePaymentSheet/StripePaymentSheet/Resources/Localizations/it.lproj/Localizable.strings (in target 'Stripe_StripePaymentSheet' from project 'Stripe')
    cd /Users/xinyufang/Library/Developer/Xcode/DerivedData/Buzz-faillbpsmponqzeruhhvskovixzk/SourcePackages/checkouts/stripe-ios-spm
    builtin-copy -exclude .DS_Store -exclude CVS -exclude .svn -exclude .git -exclude .hg -resolve-src-symlinks /Users/xinyufang/Library/Developer/Xcode/DerivedData/Buzz-faillbpsmponqzeruhhvskovixzk/SourcePackages/checkouts/stripe-ios-spm/StripePaymentSheet/StripePaymentSheet/Resources/Localizations/it.lproj/Localizable.strings /Users/xinyufang/Library/Developer/Xcode/DerivedData/Buzz-faillbpsmponqzeruhhvskovixzk/Build/Products/Debug-iphonesimulator/Stripe_StripePaymentSheet.bundle/it.lproj

CpResource /Users/xinyufang/Library/Developer/Xcode/DerivedData/Buzz-faillbpsmponqzeruhhvskovixzk/Build/Products/Debug-iphonesimulator/Stripe_StripePaymentSheet.bundle/id.lproj/Localizable.strings /Users/xinyufang/Library/Developer/Xcode/DerivedData/Buzz-faillbpsmponqzeruhhvskovixzk/SourcePackages/checkouts/stripe-ios-spm/StripePaymentSheet/StripePaymentSheet/Resources/Localizations/id.lproj/Localizable.strings (in target 'Stripe_StripePaymentSheet' from project 'Stripe')
    cd /Users/xinyufang/Library/Developer/Xcode/DerivedData/Buzz-faillbpsmponqzeruhhvskovixzk/SourcePackages/checkouts/stripe-ios-spm
    builtin-copy -exclude .DS_Store -exclude CVS -exclude .svn -exclude .git -exclude .hg -resolve-src-symlinks /Users/xinyufang/Library/Developer/Xcode/DerivedData/Buzz-faillbpsmponqzeruhhvskovixzk/SourcePackages/checkouts/stripe-ios-spm/StripePaymentSheet/StripePaymentSheet/Resources/Localizations/id.lproj/Localizable.strings /Users/xinyufang/Library/Developer/Xcode/DerivedData/Buzz-faillbpsmponqzeruhhvskovixzk/Build/Products/Debug-iphonesimulator/Stripe_StripePaymentSheet.bundle/id.lproj

CpResource /Users/xinyufang/Library/Developer/Xcode/DerivedData/Buzz-faillbpsmponqzeruhhvskovixzk/Build/Products/Debug-iphonesimulator/Stripe_StripePaymentSheet.bundle/hu.lproj/Localizable.strings /Users/xinyufang/Library/Developer/Xcode/DerivedData/Buzz-faillbpsmponqzeruhhvskovixzk/SourcePackages/checkouts/stripe-ios-spm/StripePaymentSheet/StripePaymentSheet/Resources/Localizations/hu.lproj/Localizable.strings (in target 'Stripe_StripePaymentSheet' from project 'Stripe')
    cd /Users/xinyufang/Library/Developer/Xcode/DerivedData/Buzz-faillbpsmponqzeruhhvskovixzk/SourcePackages/checkouts/stripe-ios-spm
    builtin-copy -exclude .DS_Store -exclude CVS -exclude .svn -exclude .git -exclude .hg -resolve-src-symlinks /Users/xinyufang/Library/Developer/Xcode/DerivedData/Buzz-faillbpsmponqzeruhhvskovixzk/SourcePackages/checkouts/stripe-ios-spm/StripePaymentSheet/StripePaymentSheet/Resources/Localizations/hu.lproj/Localizable.strings /Users/xinyufang/Library/Developer/Xcode/DerivedData/Buzz-faillbpsmponqzeruhhvskovixzk/Build/Products/Debug-iphonesimulator/Stripe_StripePaymentSheet.bundle/hu.lproj

CpResource /Users/xinyufang/Library/Developer/Xcode/DerivedData/Buzz-faillbpsmponqzeruhhvskovixzk/Build/Products/Debug-iphonesimulator/Stripe_StripePaymentSheet.bundle/hr.lproj/Localizable.strings /Users/xinyufang/Library/Developer/Xcode/DerivedData/Buzz-faillbpsmponqzeruhhvskovixzk/SourcePackages/checkouts/stripe-ios-spm/StripePaymentSheet/StripePaymentSheet/Resources/Localizations/hr.lproj/Localizable.strings (in target 'Stripe_StripePaymentSheet' from project 'Stripe')
    cd /Users/xinyufang/Library/Developer/Xcode/DerivedData/Buzz-faillbpsmponqzeruhhvskovixzk/SourcePackages/checkouts/stripe-ios-spm
    builtin-copy -exclude .DS_Store -exclude CVS -exclude .svn -exclude .git -exclude .hg -resolve-src-symlinks /Users/xinyufang/Library/Developer/Xcode/DerivedData/Buzz-faillbpsmponqzeruhhvskovixzk/SourcePackages/checkouts/stripe-ios-spm/StripePaymentSheet/StripePaymentSheet/Resources/Localizations/hr.lproj/Localizable.strings /Users/xinyufang/Library/Developer/Xcode/DerivedData/Buzz-faillbpsmponqzeruhhvskovixzk/Build/Products/Debug-iphonesimulator/Stripe_StripePaymentSheet.bundle/hr.lproj

CpResource /Users/xinyufang/Library/Developer/Xcode/DerivedData/Buzz-faillbpsmponqzeruhhvskovixzk/Build/Products/Debug-iphonesimulator/Stripe_StripePaymentSheet.bundle/fr.lproj/Localizable.strings /Users/xinyufang/Library/Developer/Xcode/DerivedData/Buzz-faillbpsmponqzeruhhvskovixzk/SourcePackages/checkouts/stripe-ios-spm/StripePaymentSheet/StripePaymentSheet/Resources/Localizations/fr.lproj/Localizable.strings (in target 'Stripe_StripePaymentSheet' from project 'Stripe')
    cd /Users/xinyufang/Library/Developer/Xcode/DerivedData/Buzz-faillbpsmponqzeruhhvskovixzk/SourcePackages/checkouts/stripe-ios-spm
    builtin-copy -exclude .DS_Store -exclude CVS -exclude .svn -exclude .git -exclude .hg -resolve-src-symlinks /Users/xinyufang/Library/Developer/Xcode/DerivedData/Buzz-faillbpsmponqzeruhhvskovixzk/SourcePackages/checkouts/stripe-ios-spm/StripePaymentSheet/StripePaymentSheet/Resources/Localizations/fr.lproj/Localizable.strings /Users/xinyufang/Library/Developer/Xcode/DerivedData/Buzz-faillbpsmponqzeruhhvskovixzk/Build/Products/Debug-iphonesimulator/Stripe_StripePaymentSheet.bundle/fr.lproj

CpResource /Users/xinyufang/Library/Developer/Xcode/DerivedData/Buzz-faillbpsmponqzeruhhvskovixzk/Build/Products/Debug-iphonesimulator/Stripe_StripePaymentSheet.bundle/fr-CA.lproj/Localizable.strings /Users/xinyufang/Library/Developer/Xcode/DerivedData/Buzz-faillbpsmponqzeruhhvskovixzk/SourcePackages/checkouts/stripe-ios-spm/StripePaymentSheet/StripePaymentSheet/Resources/Localizations/fr-CA.lproj/Localizable.strings (in target 'Stripe_StripePaymentSheet' from project 'Stripe')
    cd /Users/xinyufang/Library/Developer/Xcode/DerivedData/Buzz-faillbpsmponqzeruhhvskovixzk/SourcePackages/checkouts/stripe-ios-spm
    builtin-copy -exclude .DS_Store -exclude CVS -exclude .svn -exclude .git -exclude .hg -resolve-src-symlinks /Users/xinyufang/Library/Developer/Xcode/DerivedData/Buzz-faillbpsmponqzeruhhvskovixzk/SourcePackages/checkouts/stripe-ios-spm/StripePaymentSheet/StripePaymentSheet/Resources/Localizations/fr-CA.lproj/Localizable.strings /Users/xinyufang/Library/Developer/Xcode/DerivedData/Buzz-faillbpsmponqzeruhhvskovixzk/Build/Products/Debug-iphonesimulator/Stripe_StripePaymentSheet.bundle/fr-CA.lproj

CpResource /Users/xinyufang/Library/Developer/Xcode/DerivedData/Buzz-faillbpsmponqzeruhhvskovixzk/Build/Products/Debug-iphonesimulator/Stripe_StripePaymentSheet.bundle/form_specs.json /Users/xinyufang/Library/Developer/Xcode/DerivedData/Buzz-faillbpsmponqzeruhhvskovixzk/SourcePackages/checkouts/stripe-ios-spm/StripePaymentSheet/StripePaymentSheet/Resources/JSON/form_specs.json (in target 'Stripe_StripePaymentSheet' from project 'Stripe')
    cd /Users/xinyufang/Library/Developer/Xcode/DerivedData/Buzz-faillbpsmponqzeruhhvskovixzk/SourcePackages/checkouts/stripe-ios-spm
    builtin-copy -exclude .DS_Store -exclude CVS -exclude .svn -exclude .git -exclude .hg -resolve-src-symlinks /Users/xinyufang/Library/Developer/Xcode/DerivedData/Buzz-faillbpsmponqzeruhhvskovixzk/SourcePackages/checkouts/stripe-ios-spm/StripePaymentSheet/StripePaymentSheet/Resources/JSON/form_specs.json /Users/xinyufang/Library/Developer/Xcode/DerivedData/Buzz-faillbpsmponqzeruhhvskovixzk/Build/Products/Debug-iphonesimulator/Stripe_StripePaymentSheet.bundle

CpResource /Users/xinyufang/Library/Developer/Xcode/DerivedData/Buzz-faillbpsmponqzeruhhvskovixzk/Build/Products/Debug-iphonesimulator/Stripe_StripePaymentSheet.bundle/fil.lproj/Localizable.strings /Users/xinyufang/Library/Developer/Xcode/DerivedData/Buzz-faillbpsmponqzeruhhvskovixzk/SourcePackages/checkouts/stripe-ios-spm/StripePaymentSheet/StripePaymentSheet/Resources/Localizations/fil.lproj/Localizable.strings (in target 'Stripe_StripePaymentSheet' from project 'Stripe')
    cd /Users/xinyufang/Library/Developer/Xcode/DerivedData/Buzz-faillbpsmponqzeruhhvskovixzk/SourcePackages/checkouts/stripe-ios-spm
    builtin-copy -exclude .DS_Store -exclude CVS -exclude .svn -exclude .git -exclude .hg -resolve-src-symlinks /Users/xinyufang/Library/Developer/Xcode/DerivedData/Buzz-faillbpsmponqzeruhhvskovixzk/SourcePackages/checkouts/stripe-ios-spm/StripePaymentSheet/StripePaymentSheet/Resources/Localizations/fil.lproj/Localizable.strings /Users/xinyufang/Library/Developer/Xcode/DerivedData/Buzz-faillbpsmponqzeruhhvskovixzk/Build/Products/Debug-iphonesimulator/Stripe_StripePaymentSheet.bundle/fil.lproj

CpResource /Users/xinyufang/Library/Developer/Xcode/DerivedData/Buzz-faillbpsmponqzeruhhvskovixzk/Build/Products/Debug-iphonesimulator/Stripe_StripePaymentSheet.bundle/fi.lproj/Localizable.strings /Users/xinyufang/Library/Developer/Xcode/DerivedData/Buzz-faillbpsmponqzeruhhvskovixzk/SourcePackages/checkouts/stripe-ios-spm/StripePaymentSheet/StripePaymentSheet/Resources/Localizations/fi.lproj/Localizable.strings (in target 'Stripe_StripePaymentSheet' from project 'Stripe')
    cd /Users/xinyufang/Library/Developer/Xcode/DerivedData/Buzz-faillbpsmponqzeruhhvskovixzk/SourcePackages/checkouts/stripe-ios-spm
    builtin-copy -exclude .DS_Store -exclude CVS -exclude .svn -exclude .git -exclude .hg -resolve-src-symlinks /Users/xinyufang/Library/Developer/Xcode/DerivedData/Buzz-faillbpsmponqzeruhhvskovixzk/SourcePackages/checkouts/stripe-ios-spm/StripePaymentSheet/StripePaymentSheet/Resources/Localizations/fi.lproj/Localizable.strings /Users/xinyufang/Library/Developer/Xcode/DerivedData/Buzz-faillbpsmponqzeruhhvskovixzk/Build/Products/Debug-iphonesimulator/Stripe_StripePaymentSheet.bundle/fi.lproj

CpResource /Users/xinyufang/Library/Developer/Xcode/DerivedData/Buzz-faillbpsmponqzeruhhvskovixzk/Build/Products/Debug-iphonesimulator/Stripe_StripePaymentSheet.bundle/et-EE.lproj/Localizable.strings /Users/xinyufang/Library/Developer/Xcode/DerivedData/Buzz-faillbpsmponqzeruhhvskovixzk/SourcePackages/checkouts/stripe-ios-spm/StripePaymentSheet/StripePaymentSheet/Resources/Localizations/et-EE.lproj/Localizable.strings (in target 'Stripe_StripePaymentSheet' from project 'Stripe')
    cd /Users/xinyufang/Library/Developer/Xcode/DerivedData/Buzz-faillbpsmponqzeruhhvskovixzk/SourcePackages/checkouts/stripe-ios-spm
    builtin-copy -exclude .DS_Store -exclude CVS -exclude .svn -exclude .git -exclude .hg -resolve-src-symlinks /Users/xinyufang/Library/Developer/Xcode/DerivedData/Buzz-faillbpsmponqzeruhhvskovixzk/SourcePackages/checkouts/stripe-ios-spm/StripePaymentSheet/StripePaymentSheet/Resources/Localizations/et-EE.lproj/Localizable.strings /Users/xinyufang/Library/Developer/Xcode/DerivedData/Buzz-faillbpsmponqzeruhhvskovixzk/Build/Products/Debug-iphonesimulator/Stripe_StripePaymentSheet.bundle/et-EE.lproj

CpResource /Users/xinyufang/Library/Developer/Xcode/DerivedData/Buzz-faillbpsmponqzeruhhvskovixzk/Build/Products/Debug-iphonesimulator/Stripe_StripePaymentSheet.bundle/es.lproj/Localizable.strings /Users/xinyufang/Library/Developer/Xcode/DerivedData/Buzz-faillbpsmponqzeruhhvskovixzk/SourcePackages/checkouts/stripe-ios-spm/StripePaymentSheet/StripePaymentSheet/Resources/Localizations/es.lproj/Localizable.strings (in target 'Stripe_StripePaymentSheet' from project 'Stripe')
    cd /Users/xinyufang/Library/Developer/Xcode/DerivedData/Buzz-faillbpsmponqzeruhhvskovixzk/SourcePackages/checkouts/stripe-ios-spm
    builtin-copy -exclude .DS_Store -exclude CVS -exclude .svn -exclude .git -exclude .hg -resolve-src-symlinks /Users/xinyufang/Library/Developer/Xcode/DerivedData/Buzz-faillbpsmponqzeruhhvskovixzk/SourcePackages/checkouts/stripe-ios-spm/StripePaymentSheet/StripePaymentSheet/Resources/Localizations/es.lproj/Localizable.strings /Users/xinyufang/Library/Developer/Xcode/DerivedData/Buzz-faillbpsmponqzeruhhvskovixzk/Build/Products/Debug-iphonesimulator/Stripe_StripePaymentSheet.bundle/es.lproj

CpResource /Users/xinyufang/Library/Developer/Xcode/DerivedData/Buzz-faillbpsmponqzeruhhvskovixzk/Build/Products/Debug-iphonesimulator/Stripe_StripePaymentSheet.bundle/es-419.lproj/Localizable.strings /Users/xinyufang/Library/Developer/Xcode/DerivedData/Buzz-faillbpsmponqzeruhhvskovixzk/SourcePackages/checkouts/stripe-ios-spm/StripePaymentSheet/StripePaymentSheet/Resources/Localizations/es-419.lproj/Localizable.strings (in target 'Stripe_StripePaymentSheet' from project 'Stripe')
    cd /Users/xinyufang/Library/Developer/Xcode/DerivedData/Buzz-faillbpsmponqzeruhhvskovixzk/SourcePackages/checkouts/stripe-ios-spm
    builtin-copy -exclude .DS_Store -exclude CVS -exclude .svn -exclude .git -exclude .hg -resolve-src-symlinks /Users/xinyufang/Library/Developer/Xcode/DerivedData/Buzz-faillbpsmponqzeruhhvskovixzk/SourcePackages/checkouts/stripe-ios-spm/StripePaymentSheet/StripePaymentSheet/Resources/Localizations/es-419.lproj/Localizable.strings /Users/xinyufang/Library/Developer/Xcode/DerivedData/Buzz-faillbpsmponqzeruhhvskovixzk/Build/Products/Debug-iphonesimulator/Stripe_StripePaymentSheet.bundle/es-419.lproj

CpResource /Users/xinyufang/Library/Developer/Xcode/DerivedData/Buzz-faillbpsmponqzeruhhvskovixzk/Build/Products/Debug-iphonesimulator/Stripe_StripePaymentSheet.bundle/en.lproj/Localizable.strings /Users/xinyufang/Library/Developer/Xcode/DerivedData/Buzz-faillbpsmponqzeruhhvskovixzk/SourcePackages/checkouts/stripe-ios-spm/StripePaymentSheet/StripePaymentSheet/Resources/Localizations/en.lproj/Localizable.strings (in target 'Stripe_StripePaymentSheet' from project 'Stripe')
    cd /Users/xinyufang/Library/Developer/Xcode/DerivedData/Buzz-faillbpsmponqzeruhhvskovixzk/SourcePackages/checkouts/stripe-ios-spm
    builtin-copy -exclude .DS_Store -exclude CVS -exclude .svn -exclude .git -exclude .hg -resolve-src-symlinks /Users/xinyufang/Library/Developer/Xcode/DerivedData/Buzz-faillbpsmponqzeruhhvskovixzk/SourcePackages/checkouts/stripe-ios-spm/StripePaymentSheet/StripePaymentSheet/Resources/Localizations/en.lproj/Localizable.strings /Users/xinyufang/Library/Developer/Xcode/DerivedData/Buzz-faillbpsmponqzeruhhvskovixzk/Build/Products/Debug-iphonesimulator/Stripe_StripePaymentSheet.bundle/en.lproj

CpResource /Users/xinyufang/Library/Developer/Xcode/DerivedData/Buzz-faillbpsmponqzeruhhvskovixzk/Build/Products/Debug-iphonesimulator/Stripe_StripePaymentSheet.bundle/en-GB.lproj/Localizable.strings /Users/xinyufang/Library/Developer/Xcode/DerivedData/Buzz-faillbpsmponqzeruhhvskovixzk/SourcePackages/checkouts/stripe-ios-spm/StripePaymentSheet/StripePaymentSheet/Resources/Localizations/en-GB.lproj/Localizable.strings (in target 'Stripe_StripePaymentSheet' from project 'Stripe')
    cd /Users/xinyufang/Library/Developer/Xcode/DerivedData/Buzz-faillbpsmponqzeruhhvskovixzk/SourcePackages/checkouts/stripe-ios-spm
    builtin-copy -exclude .DS_Store -exclude CVS -exclude .svn -exclude .git -exclude .hg -resolve-src-symlinks /Users/xinyufang/Library/Developer/Xcode/DerivedData/Buzz-faillbpsmponqzeruhhvskovixzk/SourcePackages/checkouts/stripe-ios-spm/StripePaymentSheet/StripePaymentSheet/Resources/Localizations/en-GB.lproj/Localizable.strings /Users/xinyufang/Library/Developer/Xcode/DerivedData/Buzz-faillbpsmponqzeruhhvskovixzk/Build/Products/Debug-iphonesimulator/Stripe_StripePaymentSheet.bundle/en-GB.lproj

CpResource /Users/xinyufang/Library/Developer/Xcode/DerivedData/Buzz-faillbpsmponqzeruhhvskovixzk/Build/Products/Debug-iphonesimulator/Stripe_StripePaymentSheet.bundle/el-GR.lproj/Localizable.strings /Users/xinyufang/Library/Developer/Xcode/DerivedData/Buzz-faillbpsmponqzeruhhvskovixzk/SourcePackages/checkouts/stripe-ios-spm/StripePaymentSheet/StripePaymentSheet/Resources/Localizations/el-GR.lproj/Localizable.strings (in target 'Stripe_StripePaymentSheet' from project 'Stripe')
    cd /Users/xinyufang/Library/Developer/Xcode/DerivedData/Buzz-faillbpsmponqzeruhhvskovixzk/SourcePackages/checkouts/stripe-ios-spm
    builtin-copy -exclude .DS_Store -exclude CVS -exclude .svn -exclude .git -exclude .hg -resolve-src-symlinks /Users/xinyufang/Library/Developer/Xcode/DerivedData/Buzz-faillbpsmponqzeruhhvskovixzk/SourcePackages/checkouts/stripe-ios-spm/StripePaymentSheet/StripePaymentSheet/Resources/Localizations/el-GR.lproj/Localizable.strings /Users/xinyufang/Library/Developer/Xcode/DerivedData/Buzz-faillbpsmponqzeruhhvskovixzk/Build/Products/Debug-iphonesimulator/Stripe_StripePaymentSheet.bundle/el-GR.lproj

CpResource /Users/xinyufang/Library/Developer/Xcode/DerivedData/Buzz-faillbpsmponqzeruhhvskovixzk/Build/Products/Debug-iphonesimulator/Stripe_StripePaymentSheet.bundle/de.lproj/Localizable.strings /Users/xinyufang/Library/Developer/Xcode/DerivedData/Buzz-faillbpsmponqzeruhhvskovixzk/SourcePackages/checkouts/stripe-ios-spm/StripePaymentSheet/StripePaymentSheet/Resources/Localizations/de.lproj/Localizable.strings (in target 'Stripe_StripePaymentSheet' from project 'Stripe')
    cd /Users/xinyufang/Library/Developer/Xcode/DerivedData/Buzz-faillbpsmponqzeruhhvskovixzk/SourcePackages/checkouts/stripe-ios-spm
    builtin-copy -exclude .DS_Store -exclude CVS -exclude .svn -exclude .git -exclude .hg -resolve-src-symlinks /Users/xinyufang/Library/Developer/Xcode/DerivedData/Buzz-faillbpsmponqzeruhhvskovixzk/SourcePackages/checkouts/stripe-ios-spm/StripePaymentSheet/StripePaymentSheet/Resources/Localizations/de.lproj/Localizable.strings /Users/xinyufang/Library/Developer/Xcode/DerivedData/Buzz-faillbpsmponqzeruhhvskovixzk/Build/Products/Debug-iphonesimulator/Stripe_StripePaymentSheet.bundle/de.lproj

CpResource /Users/xinyufang/Library/Developer/Xcode/DerivedData/Buzz-faillbpsmponqzeruhhvskovixzk/Build/Products/Debug-iphonesimulator/Stripe_StripePaymentSheet.bundle/da.lproj/Localizable.strings /Users/xinyufang/Library/Developer/Xcode/DerivedData/Buzz-faillbpsmponqzeruhhvskovixzk/SourcePackages/checkouts/stripe-ios-spm/StripePaymentSheet/StripePaymentSheet/Resources/Localizations/da.lproj/Localizable.strings (in target 'Stripe_StripePaymentSheet' from project 'Stripe')
    cd /Users/xinyufang/Library/Developer/Xcode/DerivedData/Buzz-faillbpsmponqzeruhhvskovixzk/SourcePackages/checkouts/stripe-ios-spm
    builtin-copy -exclude .DS_Store -exclude CVS -exclude .svn -exclude .git -exclude .hg -resolve-src-symlinks /Users/xinyufang/Library/Developer/Xcode/DerivedData/Buzz-faillbpsmponqzeruhhvskovixzk/SourcePackages/checkouts/stripe-ios-spm/StripePaymentSheet/StripePaymentSheet/Resources/Localizations/da.lproj/Localizable.strings /Users/xinyufang/Library/Developer/Xcode/DerivedData/Buzz-faillbpsmponqzeruhhvskovixzk/Build/Products/Debug-iphonesimulator/Stripe_StripePaymentSheet.bundle/da.lproj

CpResource /Users/xinyufang/Library/Developer/Xcode/DerivedData/Buzz-faillbpsmponqzeruhhvskovixzk/Build/Products/Debug-iphonesimulator/Stripe_StripePaymentSheet.bundle/cs-CZ.lproj/Localizable.strings /Users/xinyufang/Library/Developer/Xcode/DerivedData/Buzz-faillbpsmponqzeruhhvskovixzk/SourcePackages/checkouts/stripe-ios-spm/StripePaymentSheet/StripePaymentSheet/Resources/Localizations/cs-CZ.lproj/Localizable.strings (in target 'Stripe_StripePaymentSheet' from project 'Stripe')
    cd /Users/xinyufang/Library/Developer/Xcode/DerivedData/Buzz-faillbpsmponqzeruhhvskovixzk/SourcePackages/checkouts/stripe-ios-spm
    builtin-copy -exclude .DS_Store -exclude CVS -exclude .svn -exclude .git -exclude .hg -resolve-src-symlinks /Users/xinyufang/Library/Developer/Xcode/DerivedData/Buzz-faillbpsmponqzeruhhvskovixzk/SourcePackages/checkouts/stripe-ios-spm/StripePaymentSheet/StripePaymentSheet/Resources/Localizations/cs-CZ.lproj/Localizable.strings /Users/xinyufang/Library/Developer/Xcode/DerivedData/Buzz-faillbpsmponqzeruhhvskovixzk/Build/Products/Debug-iphonesimulator/Stripe_StripePaymentSheet.bundle/cs-CZ.lproj

CpResource /Users/xinyufang/Library/Developer/Xcode/DerivedData/Buzz-faillbpsmponqzeruhhvskovixzk/Build/Products/Debug-iphonesimulator/Stripe_StripePaymentSheet.bundle/ca-ES.lproj/Localizable.strings /Users/xinyufang/Library/Developer/Xcode/DerivedData/Buzz-faillbpsmponqzeruhhvskovixzk/SourcePackages/checkouts/stripe-ios-spm/StripePaymentSheet/StripePaymentSheet/Resources/Localizations/ca-ES.lproj/Localizable.strings (in target 'Stripe_StripePaymentSheet' from project 'Stripe')
    cd /Users/xinyufang/Library/Developer/Xcode/DerivedData/Buzz-faillbpsmponqzeruhhvskovixzk/SourcePackages/checkouts/stripe-ios-spm
    builtin-copy -exclude .DS_Store -exclude CVS -exclude .svn -exclude .git -exclude .hg -resolve-src-symlinks /Users/xinyufang/Library/Developer/Xcode/DerivedData/Buzz-faillbpsmponqzeruhhvskovixzk/SourcePackages/checkouts/stripe-ios-spm/StripePaymentSheet/StripePaymentSheet/Resources/Localizations/ca-ES.lproj/Localizable.strings /Users/xinyufang/Library/Developer/Xcode/DerivedData/Buzz-faillbpsmponqzeruhhvskovixzk/Build/Products/Debug-iphonesimulator/Stripe_StripePaymentSheet.bundle/ca-ES.lproj

CpResource /Users/xinyufang/Library/Developer/Xcode/DerivedData/Buzz-faillbpsmponqzeruhhvskovixzk/Build/Products/Debug-iphonesimulator/Stripe_StripePaymentSheet.bundle/bg-BG.lproj/Localizable.strings /Users/xinyufang/Library/Developer/Xcode/DerivedData/Buzz-faillbpsmponqzeruhhvskovixzk/SourcePackages/checkouts/stripe-ios-spm/StripePaymentSheet/StripePaymentSheet/Resources/Localizations/bg-BG.lproj/Localizable.strings (in target 'Stripe_StripePaymentSheet' from project 'Stripe')
    cd /Users/xinyufang/Library/Developer/Xcode/DerivedData/Buzz-faillbpsmponqzeruhhvskovixzk/SourcePackages/checkouts/stripe-ios-spm
    builtin-copy -exclude .DS_Store -exclude CVS -exclude .svn -exclude .git -exclude .hg -resolve-src-symlinks /Users/xinyufang/Library/Developer/Xcode/DerivedData/Buzz-faillbpsmponqzeruhhvskovixzk/SourcePackages/checkouts/stripe-ios-spm/StripePaymentSheet/StripePaymentSheet/Resources/Localizations/bg-BG.lproj/Localizable.strings /Users/xinyufang/Library/Developer/Xcode/DerivedData/Buzz-faillbpsmponqzeruhhvskovixzk/Build/Products/Debug-iphonesimulator/Stripe_StripePaymentSheet.bundle/bg-BG.lproj

CpResource /Users/xinyufang/Library/Developer/Xcode/DerivedData/Buzz-faillbpsmponqzeruhhvskovixzk/Build/Products/Debug-iphonesimulator/Stripe_StripePaymentSheet.bundle/PrivacyInfo.xcprivacy /Users/xinyufang/Library/Developer/Xcode/DerivedData/Buzz-faillbpsmponqzeruhhvskovixzk/SourcePackages/checkouts/stripe-ios-spm/StripePaymentSheet/StripePaymentSheet/PrivacyInfo.xcprivacy (in target 'Stripe_StripePaymentSheet' from project 'Stripe')
    cd /Users/xinyufang/Library/Developer/Xcode/DerivedData/Buzz-faillbpsmponqzeruhhvskovixzk/SourcePackages/checkouts/stripe-ios-spm
    builtin-copy -exclude .DS_Store -exclude CVS -exclude .svn -exclude .git -exclude .hg -resolve-src-symlinks /Users/xinyufang/Library/Developer/Xcode/DerivedData/Buzz-faillbpsmponqzeruhhvskovixzk/SourcePackages/checkouts/stripe-ios-spm/StripePaymentSheet/StripePaymentSheet/PrivacyInfo.xcprivacy /Users/xinyufang/Library/Developer/Xcode/DerivedData/Buzz-faillbpsmponqzeruhhvskovixzk/Build/Products/Debug-iphonesimulator/Stripe_StripePaymentSheet.bundle

CompileAssetCatalogVariant thinned /Users/xinyufang/Library/Developer/Xcode/DerivedData/Buzz-faillbpsmponqzeruhhvskovixzk/Build/Products/Debug-iphonesimulator/Stripe_StripePaymentSheet.bundle /Users/xinyufang/Library/Developer/Xcode/DerivedData/Buzz-faillbpsmponqzeruhhvskovixzk/SourcePackages/checkouts/stripe-ios-spm/StripePaymentSheet/StripePaymentSheet/Resources/StripePaymentSheet.xcassets (in target 'Stripe_StripePaymentSheet' from project 'Stripe')
    cd /Users/xinyufang/Library/Developer/Xcode/DerivedData/Buzz-faillbpsmponqzeruhhvskovixzk/SourcePackages/checkouts/stripe-ios-spm
    /Applications/Xcode.app/Contents/Developer/usr/bin/actool /Users/xinyufang/Library/Developer/Xcode/DerivedData/Buzz-faillbpsmponqzeruhhvskovixzk/SourcePackages/checkouts/stripe-ios-spm/StripePaymentSheet/StripePaymentSheet/Resources/StripePaymentSheet.xcassets --compile /Users/xinyufang/Library/Developer/Xcode/DerivedData/Buzz-faillbpsmponqzeruhhvskovixzk/Build/Intermediates.noindex/Stripe.build/Debug-iphonesimulator/Stripe_StripePaymentSheet.build/assetcatalog_output/thinned --output-format human-readable-text --notices --warnings --export-dependency-info /Users/xinyufang/Library/Developer/Xcode/DerivedData/Buzz-faillbpsmponqzeruhhvskovixzk/Build/Intermediates.noindex/Stripe.build/Debug-iphonesimulator/Stripe_StripePaymentSheet.build/assetcatalog_dependencies_thinned --output-partial-info-plist /Users/xinyufang/Library/Developer/Xcode/DerivedData/Buzz-faillbpsmponqzeruhhvskovixzk/Build/Intermediates.noindex/Stripe.build/Debug-iphonesimulator/Stripe_StripePaymentSheet.build/assetcatalog_generated_info.plist_thinned --compress-pngs --enable-on-demand-resources NO --filter-for-thinning-device-configuration iPhone18,3 --filter-for-device-os-version 26.0.1 --development-region en --target-device iphone --target-device ipad --minimum-deployment-target 13.0 --platform iphonesimulator
objc[63764]: Class _NoAnimationDelegate is implemented in both /Library/Developer/CoreSimulator/Volumes/iOS_23A8464/Library/Developer/CoreSimulator/Profiles/Runtimes/iOS 26.0.simruntime/Contents/Resources/RuntimeRoot/System/Library/Frameworks/SwiftUICore.framework/SwiftUICore (0x145710130) and /Library/Developer/CoreSimulator/Volumes/iOS_23A8464/Library/Developer/CoreSimulator/Profiles/Runtimes/iOS 26.0.simruntime/Contents/Resources/RuntimeRoot/System/Library/PrivateFrameworks/UIKitCore.framework/UIKitCore (0x142879198). This may cause spurious casting failures and mysterious crashes. One of the duplicates must be removed or renamed.
CoreSVG has logged an error. Set environment variable "CORESVG_VERBOSE" to learn more.
/* com.apple.actool.compilation-results */
/Users/xinyufang/Library/Developer/Xcode/DerivedData/Buzz-faillbpsmponqzeruhhvskovixzk/Build/Intermediates.noindex/Stripe.build/Debug-iphonesimulator/Stripe_StripePaymentSheet.build/assetcatalog_generated_info.plist_thinned
/Users/xinyufang/Library/Developer/Xcode/DerivedData/Buzz-faillbpsmponqzeruhhvskovixzk/Build/Intermediates.noindex/Stripe.build/Debug-iphonesimulator/Stripe_StripePaymentSheet.build/assetcatalog_output/thinned/Assets.car


ProcessInfoPlistFile /Users/xinyufang/Library/Developer/Xcode/DerivedData/Buzz-faillbpsmponqzeruhhvskovixzk/Build/Products/Debug-iphonesimulator/Stripe_StripeIdentity.bundle/Info.plist /Users/xinyufang/Library/Developer/Xcode/DerivedData/Buzz-faillbpsmponqzeruhhvskovixzk/Build/Intermediates.noindex/Stripe.build/Debug-iphonesimulator/Stripe_StripeIdentity.build/empty-Stripe_StripeIdentity.plist (in target 'Stripe_StripeIdentity' from project 'Stripe')
    cd /Users/xinyufang/Library/Developer/Xcode/DerivedData/Buzz-faillbpsmponqzeruhhvskovixzk/SourcePackages/checkouts/stripe-ios-spm
    builtin-infoPlistUtility /Users/xinyufang/Library/Developer/Xcode/DerivedData/Buzz-faillbpsmponqzeruhhvskovixzk/Build/Intermediates.noindex/Stripe.build/Debug-iphonesimulator/Stripe_StripeIdentity.build/empty-Stripe_StripeIdentity.plist -producttype com.apple.product-type.bundle -expandbuildsettings -format binary -platform iphonesimulator -o /Users/xinyufang/Library/Developer/Xcode/DerivedData/Buzz-faillbpsmponqzeruhhvskovixzk/Build/Products/Debug-iphonesimulator/Stripe_StripeIdentity.bundle/Info.plist

CpResource /Users/xinyufang/Library/Developer/Xcode/DerivedData/Buzz-faillbpsmponqzeruhhvskovixzk/Build/Products/Debug-iphonesimulator/Stripe_StripeIdentity.bundle/zh-Hans.lproj/Localizable.strings /Users/xinyufang/Library/Developer/Xcode/DerivedData/Buzz-faillbpsmponqzeruhhvskovixzk/SourcePackages/checkouts/stripe-ios-spm/StripeIdentity/StripeIdentity/Resources/Localizations/zh-Hans.lproj/Localizable.strings (in target 'Stripe_StripeIdentity' from project 'Stripe')
    cd /Users/xinyufang/Library/Developer/Xcode/DerivedData/Buzz-faillbpsmponqzeruhhvskovixzk/SourcePackages/checkouts/stripe-ios-spm
    builtin-copy -exclude .DS_Store -exclude CVS -exclude .svn -exclude .git -exclude .hg -resolve-src-symlinks /Users/xinyufang/Library/Developer/Xcode/DerivedData/Buzz-faillbpsmponqzeruhhvskovixzk/SourcePackages/checkouts/stripe-ios-spm/StripeIdentity/StripeIdentity/Resources/Localizations/zh-Hans.lproj/Localizable.strings /Users/xinyufang/Library/Developer/Xcode/DerivedData/Buzz-faillbpsmponqzeruhhvskovixzk/Build/Products/Debug-iphonesimulator/Stripe_StripeIdentity.bundle/zh-Hans.lproj

CpResource /Users/xinyufang/Library/Developer/Xcode/DerivedData/Buzz-faillbpsmponqzeruhhvskovixzk/Build/Products/Debug-iphonesimulator/Stripe_StripeIdentity.bundle/zh-HK.lproj/Localizable.strings /Users/xinyufang/Library/Developer/Xcode/DerivedData/Buzz-faillbpsmponqzeruhhvskovixzk/SourcePackages/checkouts/stripe-ios-spm/StripeIdentity/StripeIdentity/Resources/Localizations/zh-HK.lproj/Localizable.strings (in target 'Stripe_StripeIdentity' from project 'Stripe')
    cd /Users/xinyufang/Library/Developer/Xcode/DerivedData/Buzz-faillbpsmponqzeruhhvskovixzk/SourcePackages/checkouts/stripe-ios-spm
    builtin-copy -exclude .DS_Store -exclude CVS -exclude .svn -exclude .git -exclude .hg -resolve-src-symlinks /Users/xinyufang/Library/Developer/Xcode/DerivedData/Buzz-faillbpsmponqzeruhhvskovixzk/SourcePackages/checkouts/stripe-ios-spm/StripeIdentity/StripeIdentity/Resources/Localizations/zh-HK.lproj/Localizable.strings /Users/xinyufang/Library/Developer/Xcode/DerivedData/Buzz-faillbpsmponqzeruhhvskovixzk/Build/Products/Debug-iphonesimulator/Stripe_StripeIdentity.bundle/zh-HK.lproj

CpResource /Users/xinyufang/Library/Developer/Xcode/DerivedData/Buzz-faillbpsmponqzeruhhvskovixzk/Build/Products/Debug-iphonesimulator/Stripe_StripeIdentity.bundle/zh-Hant.lproj/Localizable.strings /Users/xinyufang/Library/Developer/Xcode/DerivedData/Buzz-faillbpsmponqzeruhhvskovixzk/SourcePackages/checkouts/stripe-ios-spm/StripeIdentity/StripeIdentity/Resources/Localizations/zh-Hant.lproj/Localizable.strings (in target 'Stripe_StripeIdentity' from project 'Stripe')
    cd /Users/xinyufang/Library/Developer/Xcode/DerivedData/Buzz-faillbpsmponqzeruhhvskovixzk/SourcePackages/checkouts/stripe-ios-spm
    builtin-copy -exclude .DS_Store -exclude CVS -exclude .svn -exclude .git -exclude .hg -resolve-src-symlinks /Users/xinyufang/Library/Developer/Xcode/DerivedData/Buzz-faillbpsmponqzeruhhvskovixzk/SourcePackages/checkouts/stripe-ios-spm/StripeIdentity/StripeIdentity/Resources/Localizations/zh-Hant.lproj/Localizable.strings /Users/xinyufang/Library/Developer/Xcode/DerivedData/Buzz-faillbpsmponqzeruhhvskovixzk/Build/Products/Debug-iphonesimulator/Stripe_StripeIdentity.bundle/zh-Hant.lproj

CpResource /Users/xinyufang/Library/Developer/Xcode/DerivedData/Buzz-faillbpsmponqzeruhhvskovixzk/Build/Products/Debug-iphonesimulator/Stripe_StripeIdentity.bundle/vi.lproj/Localizable.strings /Users/xinyufang/Library/Developer/Xcode/DerivedData/Buzz-faillbpsmponqzeruhhvskovixzk/SourcePackages/checkouts/stripe-ios-spm/StripeIdentity/StripeIdentity/Resources/Localizations/vi.lproj/Localizable.strings (in target 'Stripe_StripeIdentity' from project 'Stripe')
    cd /Users/xinyufang/Library/Developer/Xcode/DerivedData/Buzz-faillbpsmponqzeruhhvskovixzk/SourcePackages/checkouts/stripe-ios-spm
    builtin-copy -exclude .DS_Store -exclude CVS -exclude .svn -exclude .git -exclude .hg -resolve-src-symlinks /Users/xinyufang/Library/Developer/Xcode/DerivedData/Buzz-faillbpsmponqzeruhhvskovixzk/SourcePackages/checkouts/stripe-ios-spm/StripeIdentity/StripeIdentity/Resources/Localizations/vi.lproj/Localizable.strings /Users/xinyufang/Library/Developer/Xcode/DerivedData/Buzz-faillbpsmponqzeruhhvskovixzk/Build/Products/Debug-iphonesimulator/Stripe_StripeIdentity.bundle/vi.lproj

CpResource /Users/xinyufang/Library/Developer/Xcode/DerivedData/Buzz-faillbpsmponqzeruhhvskovixzk/Build/Products/Debug-iphonesimulator/Stripe_StripeIdentity.bundle/tr.lproj/Localizable.strings /Users/xinyufang/Library/Developer/Xcode/DerivedData/Buzz-faillbpsmponqzeruhhvskovixzk/SourcePackages/checkouts/stripe-ios-spm/StripeIdentity/StripeIdentity/Resources/Localizations/tr.lproj/Localizable.strings (in target 'Stripe_StripeIdentity' from project 'Stripe')
    cd /Users/xinyufang/Library/Developer/Xcode/DerivedData/Buzz-faillbpsmponqzeruhhvskovixzk/SourcePackages/checkouts/stripe-ios-spm
    builtin-copy -exclude .DS_Store -exclude CVS -exclude .svn -exclude .git -exclude .hg -resolve-src-symlinks /Users/xinyufang/Library/Developer/Xcode/DerivedData/Buzz-faillbpsmponqzeruhhvskovixzk/SourcePackages/checkouts/stripe-ios-spm/StripeIdentity/StripeIdentity/Resources/Localizations/tr.lproj/Localizable.strings /Users/xinyufang/Library/Developer/Xcode/DerivedData/Buzz-faillbpsmponqzeruhhvskovixzk/Build/Products/Debug-iphonesimulator/Stripe_StripeIdentity.bundle/tr.lproj

CpResource /Users/xinyufang/Library/Developer/Xcode/DerivedData/Buzz-faillbpsmponqzeruhhvskovixzk/Build/Products/Debug-iphonesimulator/Stripe_StripeIdentity.bundle/th.lproj/Localizable.strings /Users/xinyufang/Library/Developer/Xcode/DerivedData/Buzz-faillbpsmponqzeruhhvskovixzk/SourcePackages/checkouts/stripe-ios-spm/StripeIdentity/StripeIdentity/Resources/Localizations/th.lproj/Localizable.strings (in target 'Stripe_StripeIdentity' from project 'Stripe')
    cd /Users/xinyufang/Library/Developer/Xcode/DerivedData/Buzz-faillbpsmponqzeruhhvskovixzk/SourcePackages/checkouts/stripe-ios-spm
    builtin-copy -exclude .DS_Store -exclude CVS -exclude .svn -exclude .git -exclude .hg -resolve-src-symlinks /Users/xinyufang/Library/Developer/Xcode/DerivedData/Buzz-faillbpsmponqzeruhhvskovixzk/SourcePackages/checkouts/stripe-ios-spm/StripeIdentity/StripeIdentity/Resources/Localizations/th.lproj/Localizable.strings /Users/xinyufang/Library/Developer/Xcode/DerivedData/Buzz-faillbpsmponqzeruhhvskovixzk/Build/Products/Debug-iphonesimulator/Stripe_StripeIdentity.bundle/th.lproj

CpResource /Users/xinyufang/Library/Developer/Xcode/DerivedData/Buzz-faillbpsmponqzeruhhvskovixzk/Build/Products/Debug-iphonesimulator/Stripe_StripeIdentity.bundle/sv.lproj/Localizable.strings /Users/xinyufang/Library/Developer/Xcode/DerivedData/Buzz-faillbpsmponqzeruhhvskovixzk/SourcePackages/checkouts/stripe-ios-spm/StripeIdentity/StripeIdentity/Resources/Localizations/sv.lproj/Localizable.strings (in target 'Stripe_StripeIdentity' from project 'Stripe')
    cd /Users/xinyufang/Library/Developer/Xcode/DerivedData/Buzz-faillbpsmponqzeruhhvskovixzk/SourcePackages/checkouts/stripe-ios-spm
    builtin-copy -exclude .DS_Store -exclude CVS -exclude .svn -exclude .git -exclude .hg -resolve-src-symlinks /Users/xinyufang/Library/Developer/Xcode/DerivedData/Buzz-faillbpsmponqzeruhhvskovixzk/SourcePackages/checkouts/stripe-ios-spm/StripeIdentity/StripeIdentity/Resources/Localizations/sv.lproj/Localizable.strings /Users/xinyufang/Library/Developer/Xcode/DerivedData/Buzz-faillbpsmponqzeruhhvskovixzk/Build/Products/Debug-iphonesimulator/Stripe_StripeIdentity.bundle/sv.lproj

CpResource /Users/xinyufang/Library/Developer/Xcode/DerivedData/Buzz-faillbpsmponqzeruhhvskovixzk/Build/Products/Debug-iphonesimulator/Stripe_StripeIdentity.bundle/sl-SI.lproj/Localizable.strings /Users/xinyufang/Library/Developer/Xcode/DerivedData/Buzz-faillbpsmponqzeruhhvskovixzk/SourcePackages/checkouts/stripe-ios-spm/StripeIdentity/StripeIdentity/Resources/Localizations/sl-SI.lproj/Localizable.strings (in target 'Stripe_StripeIdentity' from project 'Stripe')
    cd /Users/xinyufang/Library/Developer/Xcode/DerivedData/Buzz-faillbpsmponqzeruhhvskovixzk/SourcePackages/checkouts/stripe-ios-spm
    builtin-copy -exclude .DS_Store -exclude CVS -exclude .svn -exclude .git -exclude .hg -resolve-src-symlinks /Users/xinyufang/Library/Developer/Xcode/DerivedData/Buzz-faillbpsmponqzeruhhvskovixzk/SourcePackages/checkouts/stripe-ios-spm/StripeIdentity/StripeIdentity/Resources/Localizations/sl-SI.lproj/Localizable.strings /Users/xinyufang/Library/Developer/Xcode/DerivedData/Buzz-faillbpsmponqzeruhhvskovixzk/Build/Products/Debug-iphonesimulator/Stripe_StripeIdentity.bundle/sl-SI.lproj

CpResource /Users/xinyufang/Library/Developer/Xcode/DerivedData/Buzz-faillbpsmponqzeruhhvskovixzk/Build/Products/Debug-iphonesimulator/Stripe_StripeIdentity.bundle/sk-SK.lproj/Localizable.strings /Users/xinyufang/Library/Developer/Xcode/DerivedData/Buzz-faillbpsmponqzeruhhvskovixzk/SourcePackages/checkouts/stripe-ios-spm/StripeIdentity/StripeIdentity/Resources/Localizations/sk-SK.lproj/Localizable.strings (in target 'Stripe_StripeIdentity' from project 'Stripe')
    cd /Users/xinyufang/Library/Developer/Xcode/DerivedData/Buzz-faillbpsmponqzeruhhvskovixzk/SourcePackages/checkouts/stripe-ios-spm
    builtin-copy -exclude .DS_Store -exclude CVS -exclude .svn -exclude .git -exclude .hg -resolve-src-symlinks /Users/xinyufang/Library/Developer/Xcode/DerivedData/Buzz-faillbpsmponqzeruhhvskovixzk/SourcePackages/checkouts/stripe-ios-spm/StripeIdentity/StripeIdentity/Resources/Localizations/sk-SK.lproj/Localizable.strings /Users/xinyufang/Library/Developer/Xcode/DerivedData/Buzz-faillbpsmponqzeruhhvskovixzk/Build/Products/Debug-iphonesimulator/Stripe_StripeIdentity.bundle/sk-SK.lproj

CpResource /Users/xinyufang/Library/Developer/Xcode/DerivedData/Buzz-faillbpsmponqzeruhhvskovixzk/Build/Products/Debug-iphonesimulator/Stripe_StripeIdentity.bundle/ru.lproj/Localizable.strings /Users/xinyufang/Library/Developer/Xcode/DerivedData/Buzz-faillbpsmponqzeruhhvskovixzk/SourcePackages/checkouts/stripe-ios-spm/StripeIdentity/StripeIdentity/Resources/Localizations/ru.lproj/Localizable.strings (in target 'Stripe_StripeIdentity' from project 'Stripe')
    cd /Users/xinyufang/Library/Developer/Xcode/DerivedData/Buzz-faillbpsmponqzeruhhvskovixzk/SourcePackages/checkouts/stripe-ios-spm
    builtin-copy -exclude .DS_Store -exclude CVS -exclude .svn -exclude .git -exclude .hg -resolve-src-symlinks /Users/xinyufang/Library/Developer/Xcode/DerivedData/Buzz-faillbpsmponqzeruhhvskovixzk/SourcePackages/checkouts/stripe-ios-spm/StripeIdentity/StripeIdentity/Resources/Localizations/ru.lproj/Localizable.strings /Users/xinyufang/Library/Developer/Xcode/DerivedData/Buzz-faillbpsmponqzeruhhvskovixzk/Build/Products/Debug-iphonesimulator/Stripe_StripeIdentity.bundle/ru.lproj

CpResource /Users/xinyufang/Library/Developer/Xcode/DerivedData/Buzz-faillbpsmponqzeruhhvskovixzk/Build/Products/Debug-iphonesimulator/Stripe_StripeIdentity.bundle/ro-RO.lproj/Localizable.strings /Users/xinyufang/Library/Developer/Xcode/DerivedData/Buzz-faillbpsmponqzeruhhvskovixzk/SourcePackages/checkouts/stripe-ios-spm/StripeIdentity/StripeIdentity/Resources/Localizations/ro-RO.lproj/Localizable.strings (in target 'Stripe_StripeIdentity' from project 'Stripe')
    cd /Users/xinyufang/Library/Developer/Xcode/DerivedData/Buzz-faillbpsmponqzeruhhvskovixzk/SourcePackages/checkouts/stripe-ios-spm
    builtin-copy -exclude .DS_Store -exclude CVS -exclude .svn -exclude .git -exclude .hg -resolve-src-symlinks /Users/xinyufang/Library/Developer/Xcode/DerivedData/Buzz-faillbpsmponqzeruhhvskovixzk/SourcePackages/checkouts/stripe-ios-spm/StripeIdentity/StripeIdentity/Resources/Localizations/ro-RO.lproj/Localizable.strings /Users/xinyufang/Library/Developer/Xcode/DerivedData/Buzz-faillbpsmponqzeruhhvskovixzk/Build/Products/Debug-iphonesimulator/Stripe_StripeIdentity.bundle/ro-RO.lproj

CpResource /Users/xinyufang/Library/Developer/Xcode/DerivedData/Buzz-faillbpsmponqzeruhhvskovixzk/Build/Products/Debug-iphonesimulator/Stripe_StripeIdentity.bundle/pt-PT.lproj/Localizable.strings /Users/xinyufang/Library/Developer/Xcode/DerivedData/Buzz-faillbpsmponqzeruhhvskovixzk/SourcePackages/checkouts/stripe-ios-spm/StripeIdentity/StripeIdentity/Resources/Localizations/pt-PT.lproj/Localizable.strings (in target 'Stripe_StripeIdentity' from project 'Stripe')
    cd /Users/xinyufang/Library/Developer/Xcode/DerivedData/Buzz-faillbpsmponqzeruhhvskovixzk/SourcePackages/checkouts/stripe-ios-spm
    builtin-copy -exclude .DS_Store -exclude CVS -exclude .svn -exclude .git -exclude .hg -resolve-src-symlinks /Users/xinyufang/Library/Developer/Xcode/DerivedData/Buzz-faillbpsmponqzeruhhvskovixzk/SourcePackages/checkouts/stripe-ios-spm/StripeIdentity/StripeIdentity/Resources/Localizations/pt-PT.lproj/Localizable.strings /Users/xinyufang/Library/Developer/Xcode/DerivedData/Buzz-faillbpsmponqzeruhhvskovixzk/Build/Products/Debug-iphonesimulator/Stripe_StripeIdentity.bundle/pt-PT.lproj

CpResource /Users/xinyufang/Library/Developer/Xcode/DerivedData/Buzz-faillbpsmponqzeruhhvskovixzk/Build/Products/Debug-iphonesimulator/Stripe_StripeIdentity.bundle/pt-BR.lproj/Localizable.strings /Users/xinyufang/Library/Developer/Xcode/DerivedData/Buzz-faillbpsmponqzeruhhvskovixzk/SourcePackages/checkouts/stripe-ios-spm/StripeIdentity/StripeIdentity/Resources/Localizations/pt-BR.lproj/Localizable.strings (in target 'Stripe_StripeIdentity' from project 'Stripe')
    cd /Users/xinyufang/Library/Developer/Xcode/DerivedData/Buzz-faillbpsmponqzeruhhvskovixzk/SourcePackages/checkouts/stripe-ios-spm
    builtin-copy -exclude .DS_Store -exclude CVS -exclude .svn -exclude .git -exclude .hg -resolve-src-symlinks /Users/xinyufang/Library/Developer/Xcode/DerivedData/Buzz-faillbpsmponqzeruhhvskovixzk/SourcePackages/checkouts/stripe-ios-spm/StripeIdentity/StripeIdentity/Resources/Localizations/pt-BR.lproj/Localizable.strings /Users/xinyufang/Library/Developer/Xcode/DerivedData/Buzz-faillbpsmponqzeruhhvskovixzk/Build/Products/Debug-iphonesimulator/Stripe_StripeIdentity.bundle/pt-BR.lproj

CpResource /Users/xinyufang/Library/Developer/Xcode/DerivedData/Buzz-faillbpsmponqzeruhhvskovixzk/Build/Products/Debug-iphonesimulator/Stripe_StripeIdentity.bundle/pl-PL.lproj/Localizable.strings /Users/xinyufang/Library/Developer/Xcode/DerivedData/Buzz-faillbpsmponqzeruhhvskovixzk/SourcePackages/checkouts/stripe-ios-spm/StripeIdentity/StripeIdentity/Resources/Localizations/pl-PL.lproj/Localizable.strings (in target 'Stripe_StripeIdentity' from project 'Stripe')
    cd /Users/xinyufang/Library/Developer/Xcode/DerivedData/Buzz-faillbpsmponqzeruhhvskovixzk/SourcePackages/checkouts/stripe-ios-spm
    builtin-copy -exclude .DS_Store -exclude CVS -exclude .svn -exclude .git -exclude .hg -resolve-src-symlinks /Users/xinyufang/Library/Developer/Xcode/DerivedData/Buzz-faillbpsmponqzeruhhvskovixzk/SourcePackages/checkouts/stripe-ios-spm/StripeIdentity/StripeIdentity/Resources/Localizations/pl-PL.lproj/Localizable.strings /Users/xinyufang/Library/Developer/Xcode/DerivedData/Buzz-faillbpsmponqzeruhhvskovixzk/Build/Products/Debug-iphonesimulator/Stripe_StripeIdentity.bundle/pl-PL.lproj

CpResource /Users/xinyufang/Library/Developer/Xcode/DerivedData/Buzz-faillbpsmponqzeruhhvskovixzk/Build/Products/Debug-iphonesimulator/Stripe_StripeIdentity.bundle/nl.lproj/Localizable.strings /Users/xinyufang/Library/Developer/Xcode/DerivedData/Buzz-faillbpsmponqzeruhhvskovixzk/SourcePackages/checkouts/stripe-ios-spm/StripeIdentity/StripeIdentity/Resources/Localizations/nl.lproj/Localizable.strings (in target 'Stripe_StripeIdentity' from project 'Stripe')
    cd /Users/xinyufang/Library/Developer/Xcode/DerivedData/Buzz-faillbpsmponqzeruhhvskovixzk/SourcePackages/checkouts/stripe-ios-spm
    builtin-copy -exclude .DS_Store -exclude CVS -exclude .svn -exclude .git -exclude .hg -resolve-src-symlinks /Users/xinyufang/Library/Developer/Xcode/DerivedData/Buzz-faillbpsmponqzeruhhvskovixzk/SourcePackages/checkouts/stripe-ios-spm/StripeIdentity/StripeIdentity/Resources/Localizations/nl.lproj/Localizable.strings /Users/xinyufang/Library/Developer/Xcode/DerivedData/Buzz-faillbpsmponqzeruhhvskovixzk/Build/Products/Debug-iphonesimulator/Stripe_StripeIdentity.bundle/nl.lproj

CpResource /Users/xinyufang/Library/Developer/Xcode/DerivedData/Buzz-faillbpsmponqzeruhhvskovixzk/Build/Products/Debug-iphonesimulator/Stripe_StripeIdentity.bundle/nb.lproj/Localizable.strings /Users/xinyufang/Library/Developer/Xcode/DerivedData/Buzz-faillbpsmponqzeruhhvskovixzk/SourcePackages/checkouts/stripe-ios-spm/StripeIdentity/StripeIdentity/Resources/Localizations/nb.lproj/Localizable.strings (in target 'Stripe_StripeIdentity' from project 'Stripe')
    cd /Users/xinyufang/Library/Developer/Xcode/DerivedData/Buzz-faillbpsmponqzeruhhvskovixzk/SourcePackages/checkouts/stripe-ios-spm
    builtin-copy -exclude .DS_Store -exclude CVS -exclude .svn -exclude .git -exclude .hg -resolve-src-symlinks /Users/xinyufang/Library/Developer/Xcode/DerivedData/Buzz-faillbpsmponqzeruhhvskovixzk/SourcePackages/checkouts/stripe-ios-spm/StripeIdentity/StripeIdentity/Resources/Localizations/nb.lproj/Localizable.strings /Users/xinyufang/Library/Developer/Xcode/DerivedData/Buzz-faillbpsmponqzeruhhvskovixzk/Build/Products/Debug-iphonesimulator/Stripe_StripeIdentity.bundle/nb.lproj

CpResource /Users/xinyufang/Library/Developer/Xcode/DerivedData/Buzz-faillbpsmponqzeruhhvskovixzk/Build/Products/Debug-iphonesimulator/Stripe_StripeIdentity.bundle/mt.lproj/Localizable.strings /Users/xinyufang/Library/Developer/Xcode/DerivedData/Buzz-faillbpsmponqzeruhhvskovixzk/SourcePackages/checkouts/stripe-ios-spm/StripeIdentity/StripeIdentity/Resources/Localizations/mt.lproj/Localizable.strings (in target 'Stripe_StripeIdentity' from project 'Stripe')
    cd /Users/xinyufang/Library/Developer/Xcode/DerivedData/Buzz-faillbpsmponqzeruhhvskovixzk/SourcePackages/checkouts/stripe-ios-spm
    builtin-copy -exclude .DS_Store -exclude CVS -exclude .svn -exclude .git -exclude .hg -resolve-src-symlinks /Users/xinyufang/Library/Developer/Xcode/DerivedData/Buzz-faillbpsmponqzeruhhvskovixzk/SourcePackages/checkouts/stripe-ios-spm/StripeIdentity/StripeIdentity/Resources/Localizations/mt.lproj/Localizable.strings /Users/xinyufang/Library/Developer/Xcode/DerivedData/Buzz-faillbpsmponqzeruhhvskovixzk/Build/Products/Debug-iphonesimulator/Stripe_StripeIdentity.bundle/mt.lproj

CpResource /Users/xinyufang/Library/Developer/Xcode/DerivedData/Buzz-faillbpsmponqzeruhhvskovixzk/Build/Products/Debug-iphonesimulator/Stripe_StripeIdentity.bundle/ms-MY.lproj/Localizable.strings /Users/xinyufang/Library/Developer/Xcode/DerivedData/Buzz-faillbpsmponqzeruhhvskovixzk/SourcePackages/checkouts/stripe-ios-spm/StripeIdentity/StripeIdentity/Resources/Localizations/ms-MY.lproj/Localizable.strings (in target 'Stripe_StripeIdentity' from project 'Stripe')
    cd /Users/xinyufang/Library/Developer/Xcode/DerivedData/Buzz-faillbpsmponqzeruhhvskovixzk/SourcePackages/checkouts/stripe-ios-spm
    builtin-copy -exclude .DS_Store -exclude CVS -exclude .svn -exclude .git -exclude .hg -resolve-src-symlinks /Users/xinyufang/Library/Developer/Xcode/DerivedData/Buzz-faillbpsmponqzeruhhvskovixzk/SourcePackages/checkouts/stripe-ios-spm/StripeIdentity/StripeIdentity/Resources/Localizations/ms-MY.lproj/Localizable.strings /Users/xinyufang/Library/Developer/Xcode/DerivedData/Buzz-faillbpsmponqzeruhhvskovixzk/Build/Products/Debug-iphonesimulator/Stripe_StripeIdentity.bundle/ms-MY.lproj

CpResource /Users/xinyufang/Library/Developer/Xcode/DerivedData/Buzz-faillbpsmponqzeruhhvskovixzk/Build/Products/Debug-iphonesimulator/Stripe_StripeIdentity.bundle/lv-LV.lproj/Localizable.strings /Users/xinyufang/Library/Developer/Xcode/DerivedData/Buzz-faillbpsmponqzeruhhvskovixzk/SourcePackages/checkouts/stripe-ios-spm/StripeIdentity/StripeIdentity/Resources/Localizations/lv-LV.lproj/Localizable.strings (in target 'Stripe_StripeIdentity' from project 'Stripe')
    cd /Users/xinyufang/Library/Developer/Xcode/DerivedData/Buzz-faillbpsmponqzeruhhvskovixzk/SourcePackages/checkouts/stripe-ios-spm
    builtin-copy -exclude .DS_Store -exclude CVS -exclude .svn -exclude .git -exclude .hg -resolve-src-symlinks /Users/xinyufang/Library/Developer/Xcode/DerivedData/Buzz-faillbpsmponqzeruhhvskovixzk/SourcePackages/checkouts/stripe-ios-spm/StripeIdentity/StripeIdentity/Resources/Localizations/lv-LV.lproj/Localizable.strings /Users/xinyufang/Library/Developer/Xcode/DerivedData/Buzz-faillbpsmponqzeruhhvskovixzk/Build/Products/Debug-iphonesimulator/Stripe_StripeIdentity.bundle/lv-LV.lproj

CpResource /Users/xinyufang/Library/Developer/Xcode/DerivedData/Buzz-faillbpsmponqzeruhhvskovixzk/Build/Products/Debug-iphonesimulator/Stripe_StripeIdentity.bundle/lt-LT.lproj/Localizable.strings /Users/xinyufang/Library/Developer/Xcode/DerivedData/Buzz-faillbpsmponqzeruhhvskovixzk/SourcePackages/checkouts/stripe-ios-spm/StripeIdentity/StripeIdentity/Resources/Localizations/lt-LT.lproj/Localizable.strings (in target 'Stripe_StripeIdentity' from project 'Stripe')
    cd /Users/xinyufang/Library/Developer/Xcode/DerivedData/Buzz-faillbpsmponqzeruhhvskovixzk/SourcePackages/checkouts/stripe-ios-spm
    builtin-copy -exclude .DS_Store -exclude CVS -exclude .svn -exclude .git -exclude .hg -resolve-src-symlinks /Users/xinyufang/Library/Developer/Xcode/DerivedData/Buzz-faillbpsmponqzeruhhvskovixzk/SourcePackages/checkouts/stripe-ios-spm/StripeIdentity/StripeIdentity/Resources/Localizations/lt-LT.lproj/Localizable.strings /Users/xinyufang/Library/Developer/Xcode/DerivedData/Buzz-faillbpsmponqzeruhhvskovixzk/Build/Products/Debug-iphonesimulator/Stripe_StripeIdentity.bundle/lt-LT.lproj

CpResource /Users/xinyufang/Library/Developer/Xcode/DerivedData/Buzz-faillbpsmponqzeruhhvskovixzk/Build/Products/Debug-iphonesimulator/Stripe_StripeIdentity.bundle/ko.lproj/Localizable.strings /Users/xinyufang/Library/Developer/Xcode/DerivedData/Buzz-faillbpsmponqzeruhhvskovixzk/SourcePackages/checkouts/stripe-ios-spm/StripeIdentity/StripeIdentity/Resources/Localizations/ko.lproj/Localizable.strings (in target 'Stripe_StripeIdentity' from project 'Stripe')
    cd /Users/xinyufang/Library/Developer/Xcode/DerivedData/Buzz-faillbpsmponqzeruhhvskovixzk/SourcePackages/checkouts/stripe-ios-spm
    builtin-copy -exclude .DS_Store -exclude CVS -exclude .svn -exclude .git -exclude .hg -resolve-src-symlinks /Users/xinyufang/Library/Developer/Xcode/DerivedData/Buzz-faillbpsmponqzeruhhvskovixzk/SourcePackages/checkouts/stripe-ios-spm/StripeIdentity/StripeIdentity/Resources/Localizations/ko.lproj/Localizable.strings /Users/xinyufang/Library/Developer/Xcode/DerivedData/Buzz-faillbpsmponqzeruhhvskovixzk/Build/Products/Debug-iphonesimulator/Stripe_StripeIdentity.bundle/ko.lproj

CpResource /Users/xinyufang/Library/Developer/Xcode/DerivedData/Buzz-faillbpsmponqzeruhhvskovixzk/Build/Products/Debug-iphonesimulator/Stripe_StripeIdentity.bundle/ja.lproj/Localizable.strings /Users/xinyufang/Library/Developer/Xcode/DerivedData/Buzz-faillbpsmponqzeruhhvskovixzk/SourcePackages/checkouts/stripe-ios-spm/StripeIdentity/StripeIdentity/Resources/Localizations/ja.lproj/Localizable.strings (in target 'Stripe_StripeIdentity' from project 'Stripe')
    cd /Users/xinyufang/Library/Developer/Xcode/DerivedData/Buzz-faillbpsmponqzeruhhvskovixzk/SourcePackages/checkouts/stripe-ios-spm
    builtin-copy -exclude .DS_Store -exclude CVS -exclude .svn -exclude .git -exclude .hg -resolve-src-symlinks /Users/xinyufang/Library/Developer/Xcode/DerivedData/Buzz-faillbpsmponqzeruhhvskovixzk/SourcePackages/checkouts/stripe-ios-spm/StripeIdentity/StripeIdentity/Resources/Localizations/ja.lproj/Localizable.strings /Users/xinyufang/Library/Developer/Xcode/DerivedData/Buzz-faillbpsmponqzeruhhvskovixzk/Build/Products/Debug-iphonesimulator/Stripe_StripeIdentity.bundle/ja.lproj

CpResource /Users/xinyufang/Library/Developer/Xcode/DerivedData/Buzz-faillbpsmponqzeruhhvskovixzk/Build/Products/Debug-iphonesimulator/Stripe_StripeIdentity.bundle/it.lproj/Localizable.strings /Users/xinyufang/Library/Developer/Xcode/DerivedData/Buzz-faillbpsmponqzeruhhvskovixzk/SourcePackages/checkouts/stripe-ios-spm/StripeIdentity/StripeIdentity/Resources/Localizations/it.lproj/Localizable.strings (in target 'Stripe_StripeIdentity' from project 'Stripe')
    cd /Users/xinyufang/Library/Developer/Xcode/DerivedData/Buzz-faillbpsmponqzeruhhvskovixzk/SourcePackages/checkouts/stripe-ios-spm
    builtin-copy -exclude .DS_Store -exclude CVS -exclude .svn -exclude .git -exclude .hg -resolve-src-symlinks /Users/xinyufang/Library/Developer/Xcode/DerivedData/Buzz-faillbpsmponqzeruhhvskovixzk/SourcePackages/checkouts/stripe-ios-spm/StripeIdentity/StripeIdentity/Resources/Localizations/it.lproj/Localizable.strings /Users/xinyufang/Library/Developer/Xcode/DerivedData/Buzz-faillbpsmponqzeruhhvskovixzk/Build/Products/Debug-iphonesimulator/Stripe_StripeIdentity.bundle/it.lproj

CpResource /Users/xinyufang/Library/Developer/Xcode/DerivedData/Buzz-faillbpsmponqzeruhhvskovixzk/Build/Products/Debug-iphonesimulator/Stripe_StripeIdentity.bundle/id.lproj/Localizable.strings /Users/xinyufang/Library/Developer/Xcode/DerivedData/Buzz-faillbpsmponqzeruhhvskovixzk/SourcePackages/checkouts/stripe-ios-spm/StripeIdentity/StripeIdentity/Resources/Localizations/id.lproj/Localizable.strings (in target 'Stripe_StripeIdentity' from project 'Stripe')
    cd /Users/xinyufang/Library/Developer/Xcode/DerivedData/Buzz-faillbpsmponqzeruhhvskovixzk/SourcePackages/checkouts/stripe-ios-spm
    builtin-copy -exclude .DS_Store -exclude CVS -exclude .svn -exclude .git -exclude .hg -resolve-src-symlinks /Users/xinyufang/Library/Developer/Xcode/DerivedData/Buzz-faillbpsmponqzeruhhvskovixzk/SourcePackages/checkouts/stripe-ios-spm/StripeIdentity/StripeIdentity/Resources/Localizations/id.lproj/Localizable.strings /Users/xinyufang/Library/Developer/Xcode/DerivedData/Buzz-faillbpsmponqzeruhhvskovixzk/Build/Products/Debug-iphonesimulator/Stripe_StripeIdentity.bundle/id.lproj

CpResource /Users/xinyufang/Library/Developer/Xcode/DerivedData/Buzz-faillbpsmponqzeruhhvskovixzk/Build/Products/Debug-iphonesimulator/Stripe_StripeIdentity.bundle/icon_warning_92@3x.png /Users/xinyufang/Library/Developer/Xcode/DerivedData/Buzz-faillbpsmponqzeruhhvskovixzk/SourcePackages/checkouts/stripe-ios-spm/StripeIdentity/StripeIdentity/Resources/Images/icon_warning_92@3x.png (in target 'Stripe_StripeIdentity' from project 'Stripe')
    cd /Users/xinyufang/Library/Developer/Xcode/DerivedData/Buzz-faillbpsmponqzeruhhvskovixzk/SourcePackages/checkouts/stripe-ios-spm
    builtin-copy -exclude .DS_Store -exclude CVS -exclude .svn -exclude .git -exclude .hg -resolve-src-symlinks /Users/xinyufang/Library/Developer/Xcode/DerivedData/Buzz-faillbpsmponqzeruhhvskovixzk/SourcePackages/checkouts/stripe-ios-spm/StripeIdentity/StripeIdentity/Resources/Images/icon_warning_92@3x.png /Users/xinyufang/Library/Developer/Xcode/DerivedData/Buzz-faillbpsmponqzeruhhvskovixzk/Build/Products/Debug-iphonesimulator/Stripe_StripeIdentity.bundle

CpResource /Users/xinyufang/Library/Developer/Xcode/DerivedData/Buzz-faillbpsmponqzeruhhvskovixzk/Build/Products/Debug-iphonesimulator/Stripe_StripeIdentity.bundle/icon_warning@3x.png /Users/xinyufang/Library/Developer/Xcode/DerivedData/Buzz-faillbpsmponqzeruhhvskovixzk/SourcePackages/checkouts/stripe-ios-spm/StripeIdentity/StripeIdentity/Resources/Images/icon_warning@3x.png (in target 'Stripe_StripeIdentity' from project 'Stripe')
    cd /Users/xinyufang/Library/Developer/Xcode/DerivedData/Buzz-faillbpsmponqzeruhhvskovixzk/SourcePackages/checkouts/stripe-ios-spm
    builtin-copy -exclude .DS_Store -exclude CVS -exclude .svn -exclude .git -exclude .hg -resolve-src-symlinks /Users/xinyufang/Library/Developer/Xcode/DerivedData/Buzz-faillbpsmponqzeruhhvskovixzk/SourcePackages/checkouts/stripe-ios-spm/StripeIdentity/StripeIdentity/Resources/Images/icon_warning@3x.png /Users/xinyufang/Library/Developer/Xcode/DerivedData/Buzz-faillbpsmponqzeruhhvskovixzk/Build/Products/Debug-iphonesimulator/Stripe_StripeIdentity.bundle

CpResource /Users/xinyufang/Library/Developer/Xcode/DerivedData/Buzz-faillbpsmponqzeruhhvskovixzk/Build/Products/Debug-iphonesimulator/Stripe_StripeIdentity.bundle/icon_warning2@3x.png /Users/xinyufang/Library/Developer/Xcode/DerivedData/Buzz-faillbpsmponqzeruhhvskovixzk/SourcePackages/checkouts/stripe-ios-spm/StripeIdentity/StripeIdentity/Resources/Images/icon_warning2@3x.png (in target 'Stripe_StripeIdentity' from project 'Stripe')
    cd /Users/xinyufang/Library/Developer/Xcode/DerivedData/Buzz-faillbpsmponqzeruhhvskovixzk/SourcePackages/checkouts/stripe-ios-spm
    builtin-copy -exclude .DS_Store -exclude CVS -exclude .svn -exclude .git -exclude .hg -resolve-src-symlinks /Users/xinyufang/Library/Developer/Xcode/DerivedData/Buzz-faillbpsmponqzeruhhvskovixzk/SourcePackages/checkouts/stripe-ios-spm/StripeIdentity/StripeIdentity/Resources/Images/icon_warning2@3x.png /Users/xinyufang/Library/Developer/Xcode/DerivedData/Buzz-faillbpsmponqzeruhhvskovixzk/Build/Products/Debug-iphonesimulator/Stripe_StripeIdentity.bundle

CpResource /Users/xinyufang/Library/Developer/Xcode/DerivedData/Buzz-faillbpsmponqzeruhhvskovixzk/Build/Products/Debug-iphonesimulator/Stripe_StripeIdentity.bundle/icon_wallet@3x.png /Users/xinyufang/Library/Developer/Xcode/DerivedData/Buzz-faillbpsmponqzeruhhvskovixzk/SourcePackages/checkouts/stripe-ios-spm/StripeIdentity/StripeIdentity/Resources/Images/icon_wallet@3x.png (in target 'Stripe_StripeIdentity' from project 'Stripe')
    cd /Users/xinyufang/Library/Developer/Xcode/DerivedData/Buzz-faillbpsmponqzeruhhvskovixzk/SourcePackages/checkouts/stripe-ios-spm
    builtin-copy -exclude .DS_Store -exclude CVS -exclude .svn -exclude .git -exclude .hg -resolve-src-symlinks /Users/xinyufang/Library/Developer/Xcode/DerivedData/Buzz-faillbpsmponqzeruhhvskovixzk/SourcePackages/checkouts/stripe-ios-spm/StripeIdentity/StripeIdentity/Resources/Images/icon_wallet@3x.png /Users/xinyufang/Library/Developer/Xcode/DerivedData/Buzz-faillbpsmponqzeruhhvskovixzk/Build/Products/Debug-iphonesimulator/Stripe_StripeIdentity.bundle

CpResource /Users/xinyufang/Library/Developer/Xcode/DerivedData/Buzz-faillbpsmponqzeruhhvskovixzk/Build/Products/Debug-iphonesimulator/Stripe_StripeIdentity.bundle/icon_selfie_warmup@3x.png /Users/xinyufang/Library/Developer/Xcode/DerivedData/Buzz-faillbpsmponqzeruhhvskovixzk/SourcePackages/checkouts/stripe-ios-spm/StripeIdentity/StripeIdentity/Resources/Images/icon_selfie_warmup@3x.png (in target 'Stripe_StripeIdentity' from project 'Stripe')
    cd /Users/xinyufang/Library/Developer/Xcode/DerivedData/Buzz-faillbpsmponqzeruhhvskovixzk/SourcePackages/checkouts/stripe-ios-spm
    builtin-copy -exclude .DS_Store -exclude CVS -exclude .svn -exclude .git -exclude .hg -resolve-src-symlinks /Users/xinyufang/Library/Developer/Xcode/DerivedData/Buzz-faillbpsmponqzeruhhvskovixzk/SourcePackages/checkouts/stripe-ios-spm/StripeIdentity/StripeIdentity/Resources/Images/icon_selfie_warmup@3x.png /Users/xinyufang/Library/Developer/Xcode/DerivedData/Buzz-faillbpsmponqzeruhhvskovixzk/Build/Products/Debug-iphonesimulator/Stripe_StripeIdentity.bundle

CpResource /Users/xinyufang/Library/Developer/Xcode/DerivedData/Buzz-faillbpsmponqzeruhhvskovixzk/Build/Products/Debug-iphonesimulator/Stripe_StripeIdentity.bundle/icon_phone@3x.png /Users/xinyufang/Library/Developer/Xcode/DerivedData/Buzz-faillbpsmponqzeruhhvskovixzk/SourcePackages/checkouts/stripe-ios-spm/StripeIdentity/StripeIdentity/Resources/Images/icon_phone@3x.png (in target 'Stripe_StripeIdentity' from project 'Stripe')
    cd /Users/xinyufang/Library/Developer/Xcode/DerivedData/Buzz-faillbpsmponqzeruhhvskovixzk/SourcePackages/checkouts/stripe-ios-spm
    builtin-copy -exclude .DS_Store -exclude CVS -exclude .svn -exclude .git -exclude .hg -resolve-src-symlinks /Users/xinyufang/Library/Developer/Xcode/DerivedData/Buzz-faillbpsmponqzeruhhvskovixzk/SourcePackages/checkouts/stripe-ios-spm/StripeIdentity/StripeIdentity/Resources/Images/icon_phone@3x.png /Users/xinyufang/Library/Developer/Xcode/DerivedData/Buzz-faillbpsmponqzeruhhvskovixzk/Build/Products/Debug-iphonesimulator/Stripe_StripeIdentity.bundle

CpResource /Users/xinyufang/Library/Developer/Xcode/DerivedData/Buzz-faillbpsmponqzeruhhvskovixzk/Build/Products/Debug-iphonesimulator/Stripe_StripeIdentity.bundle/icon_moved@3x.png /Users/xinyufang/Library/Developer/Xcode/DerivedData/Buzz-faillbpsmponqzeruhhvskovixzk/SourcePackages/checkouts/stripe-ios-spm/StripeIdentity/StripeIdentity/Resources/Images/icon_moved@3x.png (in target 'Stripe_StripeIdentity' from project 'Stripe')
    cd /Users/xinyufang/Library/Developer/Xcode/DerivedData/Buzz-faillbpsmponqzeruhhvskovixzk/SourcePackages/checkouts/stripe-ios-spm
    builtin-copy -exclude .DS_Store -exclude CVS -exclude .svn -exclude .git -exclude .hg -resolve-src-symlinks /Users/xinyufang/Library/Developer/Xcode/DerivedData/Buzz-faillbpsmponqzeruhhvskovixzk/SourcePackages/checkouts/stripe-ios-spm/StripeIdentity/StripeIdentity/Resources/Images/icon_moved@3x.png /Users/xinyufang/Library/Developer/Xcode/DerivedData/Buzz-faillbpsmponqzeruhhvskovixzk/Build/Products/Debug-iphonesimulator/Stripe_StripeIdentity.bundle

CpResource /Users/xinyufang/Library/Developer/Xcode/DerivedData/Buzz-faillbpsmponqzeruhhvskovixzk/Build/Products/Debug-iphonesimulator/Stripe_StripeIdentity.bundle/icon_lock@3x.png /Users/xinyufang/Library/Developer/Xcode/DerivedData/Buzz-faillbpsmponqzeruhhvskovixzk/SourcePackages/checkouts/stripe-ios-spm/StripeIdentity/StripeIdentity/Resources/Images/icon_lock@3x.png (in target 'Stripe_StripeIdentity' from project 'Stripe')
    cd /Users/xinyufang/Library/Developer/Xcode/DerivedData/Buzz-faillbpsmponqzeruhhvskovixzk/SourcePackages/checkouts/stripe-ios-spm
    builtin-copy -exclude .DS_Store -exclude CVS -exclude .svn -exclude .git -exclude .hg -resolve-src-symlinks /Users/xinyufang/Library/Developer/Xcode/DerivedData/Buzz-faillbpsmponqzeruhhvskovixzk/SourcePackages/checkouts/stripe-ios-spm/StripeIdentity/StripeIdentity/Resources/Images/icon_lock@3x.png /Users/xinyufang/Library/Developer/Xcode/DerivedData/Buzz-faillbpsmponqzeruhhvskovixzk/Build/Products/Debug-iphonesimulator/Stripe_StripeIdentity.bundle

CpResource /Users/xinyufang/Library/Developer/Xcode/DerivedData/Buzz-faillbpsmponqzeruhhvskovixzk/Build/Products/Debug-iphonesimulator/Stripe_StripeIdentity.bundle/icon_info@3x.png /Users/xinyufang/Library/Developer/Xcode/DerivedData/Buzz-faillbpsmponqzeruhhvskovixzk/SourcePackages/checkouts/stripe-ios-spm/StripeIdentity/StripeIdentity/Resources/Images/icon_info@3x.png (in target 'Stripe_StripeIdentity' from project 'Stripe')
    cd /Users/xinyufang/Library/Developer/Xcode/DerivedData/Buzz-faillbpsmponqzeruhhvskovixzk/SourcePackages/checkouts/stripe-ios-spm
    builtin-copy -exclude .DS_Store -exclude CVS -exclude .svn -exclude .git -exclude .hg -resolve-src-symlinks /Users/xinyufang/Library/Developer/Xcode/DerivedData/Buzz-faillbpsmponqzeruhhvskovixzk/SourcePackages/checkouts/stripe-ios-spm/StripeIdentity/StripeIdentity/Resources/Images/icon_info@3x.png /Users/xinyufang/Library/Developer/Xcode/DerivedData/Buzz-faillbpsmponqzeruhhvskovixzk/Build/Products/Debug-iphonesimulator/Stripe_StripeIdentity.bundle

CpResource /Users/xinyufang/Library/Developer/Xcode/DerivedData/Buzz-faillbpsmponqzeruhhvskovixzk/Build/Products/Debug-iphonesimulator/Stripe_StripeIdentity.bundle/icon_id_front@3x.png /Users/xinyufang/Library/Developer/Xcode/DerivedData/Buzz-faillbpsmponqzeruhhvskovixzk/SourcePackages/checkouts/stripe-ios-spm/StripeIdentity/StripeIdentity/Resources/Images/icon_id_front@3x.png (in target 'Stripe_StripeIdentity' from project 'Stripe')
    cd /Users/xinyufang/Library/Developer/Xcode/DerivedData/Buzz-faillbpsmponqzeruhhvskovixzk/SourcePackages/checkouts/stripe-ios-spm
    builtin-copy -exclude .DS_Store -exclude CVS -exclude .svn -exclude .git -exclude .hg -resolve-src-symlinks /Users/xinyufang/Library/Developer/Xcode/DerivedData/Buzz-faillbpsmponqzeruhhvskovixzk/SourcePackages/checkouts/stripe-ios-spm/StripeIdentity/StripeIdentity/Resources/Images/icon_id_front@3x.png /Users/xinyufang/Library/Developer/Xcode/DerivedData/Buzz-faillbpsmponqzeruhhvskovixzk/Build/Products/Debug-iphonesimulator/Stripe_StripeIdentity.bundle

CpResource /Users/xinyufang/Library/Developer/Xcode/DerivedData/Buzz-faillbpsmponqzeruhhvskovixzk/Build/Products/Debug-iphonesimulator/Stripe_StripeIdentity.bundle/icon_ellipsis@3x.png /Users/xinyufang/Library/Developer/Xcode/DerivedData/Buzz-faillbpsmponqzeruhhvskovixzk/SourcePackages/checkouts/stripe-ios-spm/StripeIdentity/StripeIdentity/Resources/Images/icon_ellipsis@3x.png (in target 'Stripe_StripeIdentity' from project 'Stripe')
    cd /Users/xinyufang/Library/Developer/Xcode/DerivedData/Buzz-faillbpsmponqzeruhhvskovixzk/SourcePackages/checkouts/stripe-ios-spm
    builtin-copy -exclude .DS_Store -exclude CVS -exclude .svn -exclude .git -exclude .hg -resolve-src-symlinks /Users/xinyufang/Library/Developer/Xcode/DerivedData/Buzz-faillbpsmponqzeruhhvskovixzk/SourcePackages/checkouts/stripe-ios-spm/StripeIdentity/StripeIdentity/Resources/Images/icon_ellipsis@3x.png /Users/xinyufang/Library/Developer/Xcode/DerivedData/Buzz-faillbpsmponqzeruhhvskovixzk/Build/Products/Debug-iphonesimulator/Stripe_StripeIdentity.bundle

CpResource /Users/xinyufang/Library/Developer/Xcode/DerivedData/Buzz-faillbpsmponqzeruhhvskovixzk/Build/Products/Debug-iphonesimulator/Stripe_StripeIdentity.bundle/icon_document@3x.png /Users/xinyufang/Library/Developer/Xcode/DerivedData/Buzz-faillbpsmponqzeruhhvskovixzk/SourcePackages/checkouts/stripe-ios-spm/StripeIdentity/StripeIdentity/Resources/Images/icon_document@3x.png (in target 'Stripe_StripeIdentity' from project 'Stripe')
    cd /Users/xinyufang/Library/Developer/Xcode/DerivedData/Buzz-faillbpsmponqzeruhhvskovixzk/SourcePackages/checkouts/stripe-ios-spm
    builtin-copy -exclude .DS_Store -exclude CVS -exclude .svn -exclude .git -exclude .hg -resolve-src-symlinks /Users/xinyufang/Library/Developer/Xcode/DerivedData/Buzz-faillbpsmponqzeruhhvskovixzk/SourcePackages/checkouts/stripe-ios-spm/StripeIdentity/StripeIdentity/Resources/Images/icon_document@3x.png /Users/xinyufang/Library/Developer/Xcode/DerivedData/Buzz-faillbpsmponqzeruhhvskovixzk/Build/Products/Debug-iphonesimulator/Stripe_StripeIdentity.bundle

CpResource /Users/xinyufang/Library/Developer/Xcode/DerivedData/Buzz-faillbpsmponqzeruhhvskovixzk/Build/Products/Debug-iphonesimulator/Stripe_StripeIdentity.bundle/icon_dispute_protection@3x.png /Users/xinyufang/Library/Developer/Xcode/DerivedData/Buzz-faillbpsmponqzeruhhvskovixzk/SourcePackages/checkouts/stripe-ios-spm/StripeIdentity/StripeIdentity/Resources/Images/icon_dispute_protection@3x.png (in target 'Stripe_StripeIdentity' from project 'Stripe')
    cd /Users/xinyufang/Library/Developer/Xcode/DerivedData/Buzz-faillbpsmponqzeruhhvskovixzk/SourcePackages/checkouts/stripe-ios-spm
    builtin-copy -exclude .DS_Store -exclude CVS -exclude .svn -exclude .git -exclude .hg -resolve-src-symlinks /Users/xinyufang/Library/Developer/Xcode/DerivedData/Buzz-faillbpsmponqzeruhhvskovixzk/SourcePackages/checkouts/stripe-ios-spm/StripeIdentity/StripeIdentity/Resources/Images/icon_dispute_protection@3x.png /Users/xinyufang/Library/Developer/Xcode/DerivedData/Buzz-faillbpsmponqzeruhhvskovixzk/Build/Products/Debug-iphonesimulator/Stripe_StripeIdentity.bundle

CpResource /Users/xinyufang/Library/Developer/Xcode/DerivedData/Buzz-faillbpsmponqzeruhhvskovixzk/Build/Products/Debug-iphonesimulator/Stripe_StripeIdentity.bundle/icon_create_identity_verification@3x.png /Users/xinyufang/Library/Developer/Xcode/DerivedData/Buzz-faillbpsmponqzeruhhvskovixzk/SourcePackages/checkouts/stripe-ios-spm/StripeIdentity/StripeIdentity/Resources/Images/icon_create_identity_verification@3x.png (in target 'Stripe_StripeIdentity' from project 'Stripe')
    cd /Users/xinyufang/Library/Developer/Xcode/DerivedData/Buzz-faillbpsmponqzeruhhvskovixzk/SourcePackages/checkouts/stripe-ios-spm
    builtin-copy -exclude .DS_Store -exclude CVS -exclude .svn -exclude .git -exclude .hg -resolve-src-symlinks /Users/xinyufang/Library/Developer/Xcode/DerivedData/Buzz-faillbpsmponqzeruhhvskovixzk/SourcePackages/checkouts/stripe-ios-spm/StripeIdentity/StripeIdentity/Resources/Images/icon_create_identity_verification@3x.png /Users/xinyufang/Library/Developer/Xcode/DerivedData/Buzz-faillbpsmponqzeruhhvskovixzk/Build/Products/Debug-iphonesimulator/Stripe_StripeIdentity.bundle

CpResource /Users/xinyufang/Library/Developer/Xcode/DerivedData/Buzz-faillbpsmponqzeruhhvskovixzk/Build/Products/Debug-iphonesimulator/Stripe_StripeIdentity.bundle/icon_cloud@3x.png /Users/xinyufang/Library/Developer/Xcode/DerivedData/Buzz-faillbpsmponqzeruhhvskovixzk/SourcePackages/checkouts/stripe-ios-spm/StripeIdentity/StripeIdentity/Resources/Images/icon_cloud@3x.png (in target 'Stripe_StripeIdentity' from project 'Stripe')
    cd /Users/xinyufang/Library/Developer/Xcode/DerivedData/Buzz-faillbpsmponqzeruhhvskovixzk/SourcePackages/checkouts/stripe-ios-spm
    builtin-copy -exclude .DS_Store -exclude CVS -exclude .svn -exclude .git -exclude .hg -resolve-src-symlinks /Users/xinyufang/Library/Developer/Xcode/DerivedData/Buzz-faillbpsmponqzeruhhvskovixzk/SourcePackages/checkouts/stripe-ios-spm/StripeIdentity/StripeIdentity/Resources/Images/icon_cloud@3x.png /Users/xinyufang/Library/Developer/Xcode/DerivedData/Buzz-faillbpsmponqzeruhhvskovixzk/Build/Products/Debug-iphonesimulator/Stripe_StripeIdentity.bundle

CpResource /Users/xinyufang/Library/Developer/Xcode/DerivedData/Buzz-faillbpsmponqzeruhhvskovixzk/Build/Products/Debug-iphonesimulator/Stripe_StripeIdentity.bundle/icon_clock@3x.png /Users/xinyufang/Library/Developer/Xcode/DerivedData/Buzz-faillbpsmponqzeruhhvskovixzk/SourcePackages/checkouts/stripe-ios-spm/StripeIdentity/StripeIdentity/Resources/Images/icon_clock@3x.png (in target 'Stripe_StripeIdentity' from project 'Stripe')
    cd /Users/xinyufang/Library/Developer/Xcode/DerivedData/Buzz-faillbpsmponqzeruhhvskovixzk/SourcePackages/checkouts/stripe-ios-spm
    builtin-copy -exclude .DS_Store -exclude CVS -exclude .svn -exclude .git -exclude .hg -resolve-src-symlinks /Users/xinyufang/Library/Developer/Xcode/DerivedData/Buzz-faillbpsmponqzeruhhvskovixzk/SourcePackages/checkouts/stripe-ios-spm/StripeIdentity/StripeIdentity/Resources/Images/icon_clock@3x.png /Users/xinyufang/Library/Developer/Xcode/DerivedData/Buzz-faillbpsmponqzeruhhvskovixzk/Build/Products/Debug-iphonesimulator/Stripe_StripeIdentity.bundle

CpResource /Users/xinyufang/Library/Developer/Xcode/DerivedData/Buzz-faillbpsmponqzeruhhvskovixzk/Build/Products/Debug-iphonesimulator/Stripe_StripeIdentity.bundle/icon_checkmark_92@3x.png /Users/xinyufang/Library/Developer/Xcode/DerivedData/Buzz-faillbpsmponqzeruhhvskovixzk/SourcePackages/checkouts/stripe-ios-spm/StripeIdentity/StripeIdentity/Resources/Images/icon_checkmark_92@3x.png (in target 'Stripe_StripeIdentity' from project 'Stripe')
    cd /Users/xinyufang/Library/Developer/Xcode/DerivedData/Buzz-faillbpsmponqzeruhhvskovixzk/SourcePackages/checkouts/stripe-ios-spm
    builtin-copy -exclude .DS_Store -exclude CVS -exclude .svn -exclude .git -exclude .hg -resolve-src-symlinks /Users/xinyufang/Library/Developer/Xcode/DerivedData/Buzz-faillbpsmponqzeruhhvskovixzk/SourcePackages/checkouts/stripe-ios-spm/StripeIdentity/StripeIdentity/Resources/Images/icon_checkmark_92@3x.png /Users/xinyufang/Library/Developer/Xcode/DerivedData/Buzz-faillbpsmponqzeruhhvskovixzk/Build/Products/Debug-iphonesimulator/Stripe_StripeIdentity.bundle

CpResource /Users/xinyufang/Library/Developer/Xcode/DerivedData/Buzz-faillbpsmponqzeruhhvskovixzk/Build/Products/Debug-iphonesimulator/Stripe_StripeIdentity.bundle/icon_checkmark@3x.png /Users/xinyufang/Library/Developer/Xcode/DerivedData/Buzz-faillbpsmponqzeruhhvskovixzk/SourcePackages/checkouts/stripe-ios-spm/StripeIdentity/StripeIdentity/Resources/Images/icon_checkmark@3x.png (in target 'Stripe_StripeIdentity' from project 'Stripe')
    cd /Users/xinyufang/Library/Developer/Xcode/DerivedData/Buzz-faillbpsmponqzeruhhvskovixzk/SourcePackages/checkouts/stripe-ios-spm
    builtin-copy -exclude .DS_Store -exclude CVS -exclude .svn -exclude .git -exclude .hg -resolve-src-symlinks /Users/xinyufang/Library/Developer/Xcode/DerivedData/Buzz-faillbpsmponqzeruhhvskovixzk/SourcePackages/checkouts/stripe-ios-spm/StripeIdentity/StripeIdentity/Resources/Images/icon_checkmark@3x.png /Users/xinyufang/Library/Developer/Xcode/DerivedData/Buzz-faillbpsmponqzeruhhvskovixzk/Build/Products/Debug-iphonesimulator/Stripe_StripeIdentity.bundle

CpResource /Users/xinyufang/Library/Developer/Xcode/DerivedData/Buzz-faillbpsmponqzeruhhvskovixzk/Build/Products/Debug-iphonesimulator/Stripe_StripeIdentity.bundle/icon_camera_classic@3x.png /Users/xinyufang/Library/Developer/Xcode/DerivedData/Buzz-faillbpsmponqzeruhhvskovixzk/SourcePackages/checkouts/stripe-ios-spm/StripeIdentity/StripeIdentity/Resources/Images/icon_camera_classic@3x.png (in target 'Stripe_StripeIdentity' from project 'Stripe')
    cd /Users/xinyufang/Library/Developer/Xcode/DerivedData/Buzz-faillbpsmponqzeruhhvskovixzk/SourcePackages/checkouts/stripe-ios-spm
    builtin-copy -exclude .DS_Store -exclude CVS -exclude .svn -exclude .git -exclude .hg -resolve-src-symlinks /Users/xinyufang/Library/Developer/Xcode/DerivedData/Buzz-faillbpsmponqzeruhhvskovixzk/SourcePackages/checkouts/stripe-ios-spm/StripeIdentity/StripeIdentity/Resources/Images/icon_camera_classic@3x.png /Users/xinyufang/Library/Developer/Xcode/DerivedData/Buzz-faillbpsmponqzeruhhvskovixzk/Build/Products/Debug-iphonesimulator/Stripe_StripeIdentity.bundle

CpResource /Users/xinyufang/Library/Developer/Xcode/DerivedData/Buzz-faillbpsmponqzeruhhvskovixzk/Build/Products/Debug-iphonesimulator/Stripe_StripeIdentity.bundle/icon_camera@3x.png /Users/xinyufang/Library/Developer/Xcode/DerivedData/Buzz-faillbpsmponqzeruhhvskovixzk/SourcePackages/checkouts/stripe-ios-spm/StripeIdentity/StripeIdentity/Resources/Images/icon_camera@3x.png (in target 'Stripe_StripeIdentity' from project 'Stripe')
    cd /Users/xinyufang/Library/Developer/Xcode/DerivedData/Buzz-faillbpsmponqzeruhhvskovixzk/SourcePackages/checkouts/stripe-ios-spm
    builtin-copy -exclude .DS_Store -exclude CVS -exclude .svn -exclude .git -exclude .hg -resolve-src-symlinks /Users/xinyufang/Library/Developer/Xcode/DerivedData/Buzz-faillbpsmponqzeruhhvskovixzk/SourcePackages/checkouts/stripe-ios-spm/StripeIdentity/StripeIdentity/Resources/Images/icon_camera@3x.png /Users/xinyufang/Library/Developer/Xcode/DerivedData/Buzz-faillbpsmponqzeruhhvskovixzk/Build/Products/Debug-iphonesimulator/Stripe_StripeIdentity.bundle

CpResource /Users/xinyufang/Library/Developer/Xcode/DerivedData/Buzz-faillbpsmponqzeruhhvskovixzk/Build/Products/Debug-iphonesimulator/Stripe_StripeIdentity.bundle/icon_add@3x.png /Users/xinyufang/Library/Developer/Xcode/DerivedData/Buzz-faillbpsmponqzeruhhvskovixzk/SourcePackages/checkouts/stripe-ios-spm/StripeIdentity/StripeIdentity/Resources/Images/icon_add@3x.png (in target 'Stripe_StripeIdentity' from project 'Stripe')
    cd /Users/xinyufang/Library/Developer/Xcode/DerivedData/Buzz-faillbpsmponqzeruhhvskovixzk/SourcePackages/checkouts/stripe-ios-spm
    builtin-copy -exclude .DS_Store -exclude CVS -exclude .svn -exclude .git -exclude .hg -resolve-src-symlinks /Users/xinyufang/Library/Developer/Xcode/DerivedData/Buzz-faillbpsmponqzeruhhvskovixzk/SourcePackages/checkouts/stripe-ios-spm/StripeIdentity/StripeIdentity/Resources/Images/icon_add@3x.png /Users/xinyufang/Library/Developer/Xcode/DerivedData/Buzz-faillbpsmponqzeruhhvskovixzk/Build/Products/Debug-iphonesimulator/Stripe_StripeIdentity.bundle

CpResource /Users/xinyufang/Library/Developer/Xcode/DerivedData/Buzz-faillbpsmponqzeruhhvskovixzk/Build/Products/Debug-iphonesimulator/Stripe_StripeIdentity.bundle/hu.lproj/Localizable.strings /Users/xinyufang/Library/Developer/Xcode/DerivedData/Buzz-faillbpsmponqzeruhhvskovixzk/SourcePackages/checkouts/stripe-ios-spm/StripeIdentity/StripeIdentity/Resources/Localizations/hu.lproj/Localizable.strings (in target 'Stripe_StripeIdentity' from project 'Stripe')
    cd /Users/xinyufang/Library/Developer/Xcode/DerivedData/Buzz-faillbpsmponqzeruhhvskovixzk/SourcePackages/checkouts/stripe-ios-spm
    builtin-copy -exclude .DS_Store -exclude CVS -exclude .svn -exclude .git -exclude .hg -resolve-src-symlinks /Users/xinyufang/Library/Developer/Xcode/DerivedData/Buzz-faillbpsmponqzeruhhvskovixzk/SourcePackages/checkouts/stripe-ios-spm/StripeIdentity/StripeIdentity/Resources/Localizations/hu.lproj/Localizable.strings /Users/xinyufang/Library/Developer/Xcode/DerivedData/Buzz-faillbpsmponqzeruhhvskovixzk/Build/Products/Debug-iphonesimulator/Stripe_StripeIdentity.bundle/hu.lproj

CpResource /Users/xinyufang/Library/Developer/Xcode/DerivedData/Buzz-faillbpsmponqzeruhhvskovixzk/Build/Products/Debug-iphonesimulator/Stripe_StripeIdentity.bundle/hr.lproj/Localizable.strings /Users/xinyufang/Library/Developer/Xcode/DerivedData/Buzz-faillbpsmponqzeruhhvskovixzk/SourcePackages/checkouts/stripe-ios-spm/StripeIdentity/StripeIdentity/Resources/Localizations/hr.lproj/Localizable.strings (in target 'Stripe_StripeIdentity' from project 'Stripe')
    cd /Users/xinyufang/Library/Developer/Xcode/DerivedData/Buzz-faillbpsmponqzeruhhvskovixzk/SourcePackages/checkouts/stripe-ios-spm
    builtin-copy -exclude .DS_Store -exclude CVS -exclude .svn -exclude .git -exclude .hg -resolve-src-symlinks /Users/xinyufang/Library/Developer/Xcode/DerivedData/Buzz-faillbpsmponqzeruhhvskovixzk/SourcePackages/checkouts/stripe-ios-spm/StripeIdentity/StripeIdentity/Resources/Localizations/hr.lproj/Localizable.strings /Users/xinyufang/Library/Developer/Xcode/DerivedData/Buzz-faillbpsmponqzeruhhvskovixzk/Build/Products/Debug-iphonesimulator/Stripe_StripeIdentity.bundle/hr.lproj

CpResource /Users/xinyufang/Library/Developer/Xcode/DerivedData/Buzz-faillbpsmponqzeruhhvskovixzk/Build/Products/Debug-iphonesimulator/Stripe_StripeIdentity.bundle/fr.lproj/Localizable.strings /Users/xinyufang/Library/Developer/Xcode/DerivedData/Buzz-faillbpsmponqzeruhhvskovixzk/SourcePackages/checkouts/stripe-ios-spm/StripeIdentity/StripeIdentity/Resources/Localizations/fr.lproj/Localizable.strings (in target 'Stripe_StripeIdentity' from project 'Stripe')
    cd /Users/xinyufang/Library/Developer/Xcode/DerivedData/Buzz-faillbpsmponqzeruhhvskovixzk/SourcePackages/checkouts/stripe-ios-spm
    builtin-copy -exclude .DS_Store -exclude CVS -exclude .svn -exclude .git -exclude .hg -resolve-src-symlinks /Users/xinyufang/Library/Developer/Xcode/DerivedData/Buzz-faillbpsmponqzeruhhvskovixzk/SourcePackages/checkouts/stripe-ios-spm/StripeIdentity/StripeIdentity/Resources/Localizations/fr.lproj/Localizable.strings /Users/xinyufang/Library/Developer/Xcode/DerivedData/Buzz-faillbpsmponqzeruhhvskovixzk/Build/Products/Debug-iphonesimulator/Stripe_StripeIdentity.bundle/fr.lproj

CpResource /Users/xinyufang/Library/Developer/Xcode/DerivedData/Buzz-faillbpsmponqzeruhhvskovixzk/Build/Products/Debug-iphonesimulator/Stripe_StripeIdentity.bundle/fr-CA.lproj/Localizable.strings /Users/xinyufang/Library/Developer/Xcode/DerivedData/Buzz-faillbpsmponqzeruhhvskovixzk/SourcePackages/checkouts/stripe-ios-spm/StripeIdentity/StripeIdentity/Resources/Localizations/fr-CA.lproj/Localizable.strings (in target 'Stripe_StripeIdentity' from project 'Stripe')
    cd /Users/xinyufang/Library/Developer/Xcode/DerivedData/Buzz-faillbpsmponqzeruhhvskovixzk/SourcePackages/checkouts/stripe-ios-spm
    builtin-copy -exclude .DS_Store -exclude CVS -exclude .svn -exclude .git -exclude .hg -resolve-src-symlinks /Users/xinyufang/Library/Developer/Xcode/DerivedData/Buzz-faillbpsmponqzeruhhvskovixzk/SourcePackages/checkouts/stripe-ios-spm/StripeIdentity/StripeIdentity/Resources/Localizations/fr-CA.lproj/Localizable.strings /Users/xinyufang/Library/Developer/Xcode/DerivedData/Buzz-faillbpsmponqzeruhhvskovixzk/Build/Products/Debug-iphonesimulator/Stripe_StripeIdentity.bundle/fr-CA.lproj

CpResource /Users/xinyufang/Library/Developer/Xcode/DerivedData/Buzz-faillbpsmponqzeruhhvskovixzk/Build/Products/Debug-iphonesimulator/Stripe_StripeIdentity.bundle/fil.lproj/Localizable.strings /Users/xinyufang/Library/Developer/Xcode/DerivedData/Buzz-faillbpsmponqzeruhhvskovixzk/SourcePackages/checkouts/stripe-ios-spm/StripeIdentity/StripeIdentity/Resources/Localizations/fil.lproj/Localizable.strings (in target 'Stripe_StripeIdentity' from project 'Stripe')
    cd /Users/xinyufang/Library/Developer/Xcode/DerivedData/Buzz-faillbpsmponqzeruhhvskovixzk/SourcePackages/checkouts/stripe-ios-spm
    builtin-copy -exclude .DS_Store -exclude CVS -exclude .svn -exclude .git -exclude .hg -resolve-src-symlinks /Users/xinyufang/Library/Developer/Xcode/DerivedData/Buzz-faillbpsmponqzeruhhvskovixzk/SourcePackages/checkouts/stripe-ios-spm/StripeIdentity/StripeIdentity/Resources/Localizations/fil.lproj/Localizable.strings /Users/xinyufang/Library/Developer/Xcode/DerivedData/Buzz-faillbpsmponqzeruhhvskovixzk/Build/Products/Debug-iphonesimulator/Stripe_StripeIdentity.bundle/fil.lproj

CpResource /Users/xinyufang/Library/Developer/Xcode/DerivedData/Buzz-faillbpsmponqzeruhhvskovixzk/Build/Products/Debug-iphonesimulator/Stripe_StripeIdentity.bundle/fi.lproj/Localizable.strings /Users/xinyufang/Library/Developer/Xcode/DerivedData/Buzz-faillbpsmponqzeruhhvskovixzk/SourcePackages/checkouts/stripe-ios-spm/StripeIdentity/StripeIdentity/Resources/Localizations/fi.lproj/Localizable.strings (in target 'Stripe_StripeIdentity' from project 'Stripe')
    cd /Users/xinyufang/Library/Developer/Xcode/DerivedData/Buzz-faillbpsmponqzeruhhvskovixzk/SourcePackages/checkouts/stripe-ios-spm
    builtin-copy -exclude .DS_Store -exclude CVS -exclude .svn -exclude .git -exclude .hg -resolve-src-symlinks /Users/xinyufang/Library/Developer/Xcode/DerivedData/Buzz-faillbpsmponqzeruhhvskovixzk/SourcePackages/checkouts/stripe-ios-spm/StripeIdentity/StripeIdentity/Resources/Localizations/fi.lproj/Localizable.strings /Users/xinyufang/Library/Developer/Xcode/DerivedData/Buzz-faillbpsmponqzeruhhvskovixzk/Build/Products/Debug-iphonesimulator/Stripe_StripeIdentity.bundle/fi.lproj

CpResource /Users/xinyufang/Library/Developer/Xcode/DerivedData/Buzz-faillbpsmponqzeruhhvskovixzk/Build/Products/Debug-iphonesimulator/Stripe_StripeIdentity.bundle/et-EE.lproj/Localizable.strings /Users/xinyufang/Library/Developer/Xcode/DerivedData/Buzz-faillbpsmponqzeruhhvskovixzk/SourcePackages/checkouts/stripe-ios-spm/StripeIdentity/StripeIdentity/Resources/Localizations/et-EE.lproj/Localizable.strings (in target 'Stripe_StripeIdentity' from project 'Stripe')
    cd /Users/xinyufang/Library/Developer/Xcode/DerivedData/Buzz-faillbpsmponqzeruhhvskovixzk/SourcePackages/checkouts/stripe-ios-spm
    builtin-copy -exclude .DS_Store -exclude CVS -exclude .svn -exclude .git -exclude .hg -resolve-src-symlinks /Users/xinyufang/Library/Developer/Xcode/DerivedData/Buzz-faillbpsmponqzeruhhvskovixzk/SourcePackages/checkouts/stripe-ios-spm/StripeIdentity/StripeIdentity/Resources/Localizations/et-EE.lproj/Localizable.strings /Users/xinyufang/Library/Developer/Xcode/DerivedData/Buzz-faillbpsmponqzeruhhvskovixzk/Build/Products/Debug-iphonesimulator/Stripe_StripeIdentity.bundle/et-EE.lproj

CpResource /Users/xinyufang/Library/Developer/Xcode/DerivedData/Buzz-faillbpsmponqzeruhhvskovixzk/Build/Products/Debug-iphonesimulator/Stripe_StripeIdentity.bundle/es.lproj/Localizable.strings /Users/xinyufang/Library/Developer/Xcode/DerivedData/Buzz-faillbpsmponqzeruhhvskovixzk/SourcePackages/checkouts/stripe-ios-spm/StripeIdentity/StripeIdentity/Resources/Localizations/es.lproj/Localizable.strings (in target 'Stripe_StripeIdentity' from project 'Stripe')
    cd /Users/xinyufang/Library/Developer/Xcode/DerivedData/Buzz-faillbpsmponqzeruhhvskovixzk/SourcePackages/checkouts/stripe-ios-spm
    builtin-copy -exclude .DS_Store -exclude CVS -exclude .svn -exclude .git -exclude .hg -resolve-src-symlinks /Users/xinyufang/Library/Developer/Xcode/DerivedData/Buzz-faillbpsmponqzeruhhvskovixzk/SourcePackages/checkouts/stripe-ios-spm/StripeIdentity/StripeIdentity/Resources/Localizations/es.lproj/Localizable.strings /Users/xinyufang/Library/Developer/Xcode/DerivedData/Buzz-faillbpsmponqzeruhhvskovixzk/Build/Products/Debug-iphonesimulator/Stripe_StripeIdentity.bundle/es.lproj

CpResource /Users/xinyufang/Library/Developer/Xcode/DerivedData/Buzz-faillbpsmponqzeruhhvskovixzk/Build/Products/Debug-iphonesimulator/Stripe_StripeIdentity.bundle/es-419.lproj/Localizable.strings /Users/xinyufang/Library/Developer/Xcode/DerivedData/Buzz-faillbpsmponqzeruhhvskovixzk/SourcePackages/checkouts/stripe-ios-spm/StripeIdentity/StripeIdentity/Resources/Localizations/es-419.lproj/Localizable.strings (in target 'Stripe_StripeIdentity' from project 'Stripe')
    cd /Users/xinyufang/Library/Developer/Xcode/DerivedData/Buzz-faillbpsmponqzeruhhvskovixzk/SourcePackages/checkouts/stripe-ios-spm
    builtin-copy -exclude .DS_Store -exclude CVS -exclude .svn -exclude .git -exclude .hg -resolve-src-symlinks /Users/xinyufang/Library/Developer/Xcode/DerivedData/Buzz-faillbpsmponqzeruhhvskovixzk/SourcePackages/checkouts/stripe-ios-spm/StripeIdentity/StripeIdentity/Resources/Localizations/es-419.lproj/Localizable.strings /Users/xinyufang/Library/Developer/Xcode/DerivedData/Buzz-faillbpsmponqzeruhhvskovixzk/Build/Products/Debug-iphonesimulator/Stripe_StripeIdentity.bundle/es-419.lproj

CpResource /Users/xinyufang/Library/Developer/Xcode/DerivedData/Buzz-faillbpsmponqzeruhhvskovixzk/Build/Products/Debug-iphonesimulator/Stripe_StripeIdentity.bundle/en.lproj/Localizable.strings /Users/xinyufang/Library/Developer/Xcode/DerivedData/Buzz-faillbpsmponqzeruhhvskovixzk/SourcePackages/checkouts/stripe-ios-spm/StripeIdentity/StripeIdentity/Resources/Localizations/en.lproj/Localizable.strings (in target 'Stripe_StripeIdentity' from project 'Stripe')
    cd /Users/xinyufang/Library/Developer/Xcode/DerivedData/Buzz-faillbpsmponqzeruhhvskovixzk/SourcePackages/checkouts/stripe-ios-spm
    builtin-copy -exclude .DS_Store -exclude CVS -exclude .svn -exclude .git -exclude .hg -resolve-src-symlinks /Users/xinyufang/Library/Developer/Xcode/DerivedData/Buzz-faillbpsmponqzeruhhvskovixzk/SourcePackages/checkouts/stripe-ios-spm/StripeIdentity/StripeIdentity/Resources/Localizations/en.lproj/Localizable.strings /Users/xinyufang/Library/Developer/Xcode/DerivedData/Buzz-faillbpsmponqzeruhhvskovixzk/Build/Products/Debug-iphonesimulator/Stripe_StripeIdentity.bundle/en.lproj

CpResource /Users/xinyufang/Library/Developer/Xcode/DerivedData/Buzz-faillbpsmponqzeruhhvskovixzk/Build/Products/Debug-iphonesimulator/Stripe_StripeIdentity.bundle/en-GB.lproj/Localizable.strings /Users/xinyufang/Library/Developer/Xcode/DerivedData/Buzz-faillbpsmponqzeruhhvskovixzk/SourcePackages/checkouts/stripe-ios-spm/StripeIdentity/StripeIdentity/Resources/Localizations/en-GB.lproj/Localizable.strings (in target 'Stripe_StripeIdentity' from project 'Stripe')
    cd /Users/xinyufang/Library/Developer/Xcode/DerivedData/Buzz-faillbpsmponqzeruhhvskovixzk/SourcePackages/checkouts/stripe-ios-spm
    builtin-copy -exclude .DS_Store -exclude CVS -exclude .svn -exclude .git -exclude .hg -resolve-src-symlinks /Users/xinyufang/Library/Developer/Xcode/DerivedData/Buzz-faillbpsmponqzeruhhvskovixzk/SourcePackages/checkouts/stripe-ios-spm/StripeIdentity/StripeIdentity/Resources/Localizations/en-GB.lproj/Localizable.strings /Users/xinyufang/Library/Developer/Xcode/DerivedData/Buzz-faillbpsmponqzeruhhvskovixzk/Build/Products/Debug-iphonesimulator/Stripe_StripeIdentity.bundle/en-GB.lproj

CpResource /Users/xinyufang/Library/Developer/Xcode/DerivedData/Buzz-faillbpsmponqzeruhhvskovixzk/Build/Products/Debug-iphonesimulator/Stripe_StripeIdentity.bundle/el-GR.lproj/Localizable.strings /Users/xinyufang/Library/Developer/Xcode/DerivedData/Buzz-faillbpsmponqzeruhhvskovixzk/SourcePackages/checkouts/stripe-ios-spm/StripeIdentity/StripeIdentity/Resources/Localizations/el-GR.lproj/Localizable.strings (in target 'Stripe_StripeIdentity' from project 'Stripe')
    cd /Users/xinyufang/Library/Developer/Xcode/DerivedData/Buzz-faillbpsmponqzeruhhvskovixzk/SourcePackages/checkouts/stripe-ios-spm
    builtin-copy -exclude .DS_Store -exclude CVS -exclude .svn -exclude .git -exclude .hg -resolve-src-symlinks /Users/xinyufang/Library/Developer/Xcode/DerivedData/Buzz-faillbpsmponqzeruhhvskovixzk/SourcePackages/checkouts/stripe-ios-spm/StripeIdentity/StripeIdentity/Resources/Localizations/el-GR.lproj/Localizable.strings /Users/xinyufang/Library/Developer/Xcode/DerivedData/Buzz-faillbpsmponqzeruhhvskovixzk/Build/Products/Debug-iphonesimulator/Stripe_StripeIdentity.bundle/el-GR.lproj

CpResource /Users/xinyufang/Library/Developer/Xcode/DerivedData/Buzz-faillbpsmponqzeruhhvskovixzk/Build/Products/Debug-iphonesimulator/Stripe_StripeIdentity.bundle/de.lproj/Localizable.strings /Users/xinyufang/Library/Developer/Xcode/DerivedData/Buzz-faillbpsmponqzeruhhvskovixzk/SourcePackages/checkouts/stripe-ios-spm/StripeIdentity/StripeIdentity/Resources/Localizations/de.lproj/Localizable.strings (in target 'Stripe_StripeIdentity' from project 'Stripe')
    cd /Users/xinyufang/Library/Developer/Xcode/DerivedData/Buzz-faillbpsmponqzeruhhvskovixzk/SourcePackages/checkouts/stripe-ios-spm
    builtin-copy -exclude .DS_Store -exclude CVS -exclude .svn -exclude .git -exclude .hg -resolve-src-symlinks /Users/xinyufang/Library/Developer/Xcode/DerivedData/Buzz-faillbpsmponqzeruhhvskovixzk/SourcePackages/checkouts/stripe-ios-spm/StripeIdentity/StripeIdentity/Resources/Localizations/de.lproj/Localizable.strings /Users/xinyufang/Library/Developer/Xcode/DerivedData/Buzz-faillbpsmponqzeruhhvskovixzk/Build/Products/Debug-iphonesimulator/Stripe_StripeIdentity.bundle/de.lproj

CpResource /Users/xinyufang/Library/Developer/Xcode/DerivedData/Buzz-faillbpsmponqzeruhhvskovixzk/Build/Products/Debug-iphonesimulator/Stripe_StripeIdentity.bundle/da.lproj/Localizable.strings /Users/xinyufang/Library/Developer/Xcode/DerivedData/Buzz-faillbpsmponqzeruhhvskovixzk/SourcePackages/checkouts/stripe-ios-spm/StripeIdentity/StripeIdentity/Resources/Localizations/da.lproj/Localizable.strings (in target 'Stripe_StripeIdentity' from project 'Stripe')
    cd /Users/xinyufang/Library/Developer/Xcode/DerivedData/Buzz-faillbpsmponqzeruhhvskovixzk/SourcePackages/checkouts/stripe-ios-spm
    builtin-copy -exclude .DS_Store -exclude CVS -exclude .svn -exclude .git -exclude .hg -resolve-src-symlinks /Users/xinyufang/Library/Developer/Xcode/DerivedData/Buzz-faillbpsmponqzeruhhvskovixzk/SourcePackages/checkouts/stripe-ios-spm/StripeIdentity/StripeIdentity/Resources/Localizations/da.lproj/Localizable.strings /Users/xinyufang/Library/Developer/Xcode/DerivedData/Buzz-faillbpsmponqzeruhhvskovixzk/Build/Products/Debug-iphonesimulator/Stripe_StripeIdentity.bundle/da.lproj

CpResource /Users/xinyufang/Library/Developer/Xcode/DerivedData/Buzz-faillbpsmponqzeruhhvskovixzk/Build/Products/Debug-iphonesimulator/Stripe_StripeIdentity.bundle/cs-CZ.lproj/Localizable.strings /Users/xinyufang/Library/Developer/Xcode/DerivedData/Buzz-faillbpsmponqzeruhhvskovixzk/SourcePackages/checkouts/stripe-ios-spm/StripeIdentity/StripeIdentity/Resources/Localizations/cs-CZ.lproj/Localizable.strings (in target 'Stripe_StripeIdentity' from project 'Stripe')
    cd /Users/xinyufang/Library/Developer/Xcode/DerivedData/Buzz-faillbpsmponqzeruhhvskovixzk/SourcePackages/checkouts/stripe-ios-spm
    builtin-copy -exclude .DS_Store -exclude CVS -exclude .svn -exclude .git -exclude .hg -resolve-src-symlinks /Users/xinyufang/Library/Developer/Xcode/DerivedData/Buzz-faillbpsmponqzeruhhvskovixzk/SourcePackages/checkouts/stripe-ios-spm/StripeIdentity/StripeIdentity/Resources/Localizations/cs-CZ.lproj/Localizable.strings /Users/xinyufang/Library/Developer/Xcode/DerivedData/Buzz-faillbpsmponqzeruhhvskovixzk/Build/Products/Debug-iphonesimulator/Stripe_StripeIdentity.bundle/cs-CZ.lproj

CpResource /Users/xinyufang/Library/Developer/Xcode/DerivedData/Buzz-faillbpsmponqzeruhhvskovixzk/Build/Products/Debug-iphonesimulator/Stripe_StripeIdentity.bundle/ca-ES.lproj/Localizable.strings /Users/xinyufang/Library/Developer/Xcode/DerivedData/Buzz-faillbpsmponqzeruhhvskovixzk/SourcePackages/checkouts/stripe-ios-spm/StripeIdentity/StripeIdentity/Resources/Localizations/ca-ES.lproj/Localizable.strings (in target 'Stripe_StripeIdentity' from project 'Stripe')
    cd /Users/xinyufang/Library/Developer/Xcode/DerivedData/Buzz-faillbpsmponqzeruhhvskovixzk/SourcePackages/checkouts/stripe-ios-spm
    builtin-copy -exclude .DS_Store -exclude CVS -exclude .svn -exclude .git -exclude .hg -resolve-src-symlinks /Users/xinyufang/Library/Developer/Xcode/DerivedData/Buzz-faillbpsmponqzeruhhvskovixzk/SourcePackages/checkouts/stripe-ios-spm/StripeIdentity/StripeIdentity/Resources/Localizations/ca-ES.lproj/Localizable.strings /Users/xinyufang/Library/Developer/Xcode/DerivedData/Buzz-faillbpsmponqzeruhhvskovixzk/Build/Products/Debug-iphonesimulator/Stripe_StripeIdentity.bundle/ca-ES.lproj

CpResource /Users/xinyufang/Library/Developer/Xcode/DerivedData/Buzz-faillbpsmponqzeruhhvskovixzk/Build/Products/Debug-iphonesimulator/Stripe_StripeIdentity.bundle/bg-BG.lproj/Localizable.strings /Users/xinyufang/Library/Developer/Xcode/DerivedData/Buzz-faillbpsmponqzeruhhvskovixzk/SourcePackages/checkouts/stripe-ios-spm/StripeIdentity/StripeIdentity/Resources/Localizations/bg-BG.lproj/Localizable.strings (in target 'Stripe_StripeIdentity' from project 'Stripe')
    cd /Users/xinyufang/Library/Developer/Xcode/DerivedData/Buzz-faillbpsmponqzeruhhvskovixzk/SourcePackages/checkouts/stripe-ios-spm
    builtin-copy -exclude .DS_Store -exclude CVS -exclude .svn -exclude .git -exclude .hg -resolve-src-symlinks /Users/xinyufang/Library/Developer/Xcode/DerivedData/Buzz-faillbpsmponqzeruhhvskovixzk/SourcePackages/checkouts/stripe-ios-spm/StripeIdentity/StripeIdentity/Resources/Localizations/bg-BG.lproj/Localizable.strings /Users/xinyufang/Library/Developer/Xcode/DerivedData/Buzz-faillbpsmponqzeruhhvskovixzk/Build/Products/Debug-iphonesimulator/Stripe_StripeIdentity.bundle/bg-BG.lproj

ProcessInfoPlistFile /Users/xinyufang/Library/Developer/Xcode/DerivedData/Buzz-faillbpsmponqzeruhhvskovixzk/Build/Products/Debug-iphonesimulator/Stripe_StripeFinancialConnections.bundle/Info.plist /Users/xinyufang/Library/Developer/Xcode/DerivedData/Buzz-faillbpsmponqzeruhhvskovixzk/Build/Intermediates.noindex/Stripe.build/Debug-iphonesimulator/Stripe_StripeFinancialConnections.build/empty-Stripe_StripeFinancialConnections.plist (in target 'Stripe_StripeFinancialConnections' from project 'Stripe')
    cd /Users/xinyufang/Library/Developer/Xcode/DerivedData/Buzz-faillbpsmponqzeruhhvskovixzk/SourcePackages/checkouts/stripe-ios-spm
    builtin-infoPlistUtility /Users/xinyufang/Library/Developer/Xcode/DerivedData/Buzz-faillbpsmponqzeruhhvskovixzk/Build/Intermediates.noindex/Stripe.build/Debug-iphonesimulator/Stripe_StripeFinancialConnections.build/empty-Stripe_StripeFinancialConnections.plist -producttype com.apple.product-type.bundle -expandbuildsettings -format binary -platform iphonesimulator -o /Users/xinyufang/Library/Developer/Xcode/DerivedData/Buzz-faillbpsmponqzeruhhvskovixzk/Build/Products/Debug-iphonesimulator/Stripe_StripeFinancialConnections.bundle/Info.plist

CpResource /Users/xinyufang/Library/Developer/Xcode/DerivedData/Buzz-faillbpsmponqzeruhhvskovixzk/Build/Products/Debug-iphonesimulator/Stripe_StripeFinancialConnections.bundle/zh-Hant.lproj/Localizable.strings /Users/xinyufang/Library/Developer/Xcode/DerivedData/Buzz-faillbpsmponqzeruhhvskovixzk/SourcePackages/checkouts/stripe-ios-spm/StripeFinancialConnections/StripeFinancialConnections/Resources/Localizations/zh-Hant.lproj/Localizable.strings (in target 'Stripe_StripeFinancialConnections' from project 'Stripe')
    cd /Users/xinyufang/Library/Developer/Xcode/DerivedData/Buzz-faillbpsmponqzeruhhvskovixzk/SourcePackages/checkouts/stripe-ios-spm
    builtin-copy -exclude .DS_Store -exclude CVS -exclude .svn -exclude .git -exclude .hg -resolve-src-symlinks /Users/xinyufang/Library/Developer/Xcode/DerivedData/Buzz-faillbpsmponqzeruhhvskovixzk/SourcePackages/checkouts/stripe-ios-spm/StripeFinancialConnections/StripeFinancialConnections/Resources/Localizations/zh-Hant.lproj/Localizable.strings /Users/xinyufang/Library/Developer/Xcode/DerivedData/Buzz-faillbpsmponqzeruhhvskovixzk/Build/Products/Debug-iphonesimulator/Stripe_StripeFinancialConnections.bundle/zh-Hant.lproj

CpResource /Users/xinyufang/Library/Developer/Xcode/DerivedData/Buzz-faillbpsmponqzeruhhvskovixzk/Build/Products/Debug-iphonesimulator/Stripe_StripeFinancialConnections.bundle/zh-Hans.lproj/Localizable.strings /Users/xinyufang/Library/Developer/Xcode/DerivedData/Buzz-faillbpsmponqzeruhhvskovixzk/SourcePackages/checkouts/stripe-ios-spm/StripeFinancialConnections/StripeFinancialConnections/Resources/Localizations/zh-Hans.lproj/Localizable.strings (in target 'Stripe_StripeFinancialConnections' from project 'Stripe')
    cd /Users/xinyufang/Library/Developer/Xcode/DerivedData/Buzz-faillbpsmponqzeruhhvskovixzk/SourcePackages/checkouts/stripe-ios-spm
    builtin-copy -exclude .DS_Store -exclude CVS -exclude .svn -exclude .git -exclude .hg -resolve-src-symlinks /Users/xinyufang/Library/Developer/Xcode/DerivedData/Buzz-faillbpsmponqzeruhhvskovixzk/SourcePackages/checkouts/stripe-ios-spm/StripeFinancialConnections/StripeFinancialConnections/Resources/Localizations/zh-Hans.lproj/Localizable.strings /Users/xinyufang/Library/Developer/Xcode/DerivedData/Buzz-faillbpsmponqzeruhhvskovixzk/Build/Products/Debug-iphonesimulator/Stripe_StripeFinancialConnections.bundle/zh-Hans.lproj

CpResource /Users/xinyufang/Library/Developer/Xcode/DerivedData/Buzz-faillbpsmponqzeruhhvskovixzk/Build/Products/Debug-iphonesimulator/Stripe_StripeFinancialConnections.bundle/zh-HK.lproj/Localizable.strings /Users/xinyufang/Library/Developer/Xcode/DerivedData/Buzz-faillbpsmponqzeruhhvskovixzk/SourcePackages/checkouts/stripe-ios-spm/StripeFinancialConnections/StripeFinancialConnections/Resources/Localizations/zh-HK.lproj/Localizable.strings (in target 'Stripe_StripeFinancialConnections' from project 'Stripe')
    cd /Users/xinyufang/Library/Developer/Xcode/DerivedData/Buzz-faillbpsmponqzeruhhvskovixzk/SourcePackages/checkouts/stripe-ios-spm
    builtin-copy -exclude .DS_Store -exclude CVS -exclude .svn -exclude .git -exclude .hg -resolve-src-symlinks /Users/xinyufang/Library/Developer/Xcode/DerivedData/Buzz-faillbpsmponqzeruhhvskovixzk/SourcePackages/checkouts/stripe-ios-spm/StripeFinancialConnections/StripeFinancialConnections/Resources/Localizations/zh-HK.lproj/Localizable.strings /Users/xinyufang/Library/Developer/Xcode/DerivedData/Buzz-faillbpsmponqzeruhhvskovixzk/Build/Products/Debug-iphonesimulator/Stripe_StripeFinancialConnections.bundle/zh-HK.lproj

CpResource /Users/xinyufang/Library/Developer/Xcode/DerivedData/Buzz-faillbpsmponqzeruhhvskovixzk/Build/Products/Debug-iphonesimulator/Stripe_StripeFinancialConnections.bundle/warning_triangle@3x.png /Users/xinyufang/Library/Developer/Xcode/DerivedData/Buzz-faillbpsmponqzeruhhvskovixzk/SourcePackages/checkouts/stripe-ios-spm/StripeFinancialConnections/StripeFinancialConnections/Resources/Images/warning_triangle@3x.png (in target 'Stripe_StripeFinancialConnections' from project 'Stripe')
    cd /Users/xinyufang/Library/Developer/Xcode/DerivedData/Buzz-faillbpsmponqzeruhhvskovixzk/SourcePackages/checkouts/stripe-ios-spm
    builtin-copy -exclude .DS_Store -exclude CVS -exclude .svn -exclude .git -exclude .hg -resolve-src-symlinks /Users/xinyufang/Library/Developer/Xcode/DerivedData/Buzz-faillbpsmponqzeruhhvskovixzk/SourcePackages/checkouts/stripe-ios-spm/StripeFinancialConnections/StripeFinancialConnections/Resources/Images/warning_triangle@3x.png /Users/xinyufang/Library/Developer/Xcode/DerivedData/Buzz-faillbpsmponqzeruhhvskovixzk/Build/Products/Debug-iphonesimulator/Stripe_StripeFinancialConnections.bundle

CpResource /Users/xinyufang/Library/Developer/Xcode/DerivedData/Buzz-faillbpsmponqzeruhhvskovixzk/Build/Products/Debug-iphonesimulator/Stripe_StripeFinancialConnections.bundle/vi.lproj/Localizable.strings /Users/xinyufang/Library/Developer/Xcode/DerivedData/Buzz-faillbpsmponqzeruhhvskovixzk/SourcePackages/checkouts/stripe-ios-spm/StripeFinancialConnections/StripeFinancialConnections/Resources/Localizations/vi.lproj/Localizable.strings (in target 'Stripe_StripeFinancialConnections' from project 'Stripe')
    cd /Users/xinyufang/Library/Developer/Xcode/DerivedData/Buzz-faillbpsmponqzeruhhvskovixzk/SourcePackages/checkouts/stripe-ios-spm
    builtin-copy -exclude .DS_Store -exclude CVS -exclude .svn -exclude .git -exclude .hg -resolve-src-symlinks /Users/xinyufang/Library/Developer/Xcode/DerivedData/Buzz-faillbpsmponqzeruhhvskovixzk/SourcePackages/checkouts/stripe-ios-spm/StripeFinancialConnections/StripeFinancialConnections/Resources/Localizations/vi.lproj/Localizable.strings /Users/xinyufang/Library/Developer/Xcode/DerivedData/Buzz-faillbpsmponqzeruhhvskovixzk/Build/Products/Debug-iphonesimulator/Stripe_StripeFinancialConnections.bundle/vi.lproj

CpResource /Users/xinyufang/Library/Developer/Xcode/DerivedData/Buzz-faillbpsmponqzeruhhvskovixzk/Build/Products/Debug-iphonesimulator/Stripe_StripeFinancialConnections.bundle/tr.lproj/Localizable.strings /Users/xinyufang/Library/Developer/Xcode/DerivedData/Buzz-faillbpsmponqzeruhhvskovixzk/SourcePackages/checkouts/stripe-ios-spm/StripeFinancialConnections/StripeFinancialConnections/Resources/Localizations/tr.lproj/Localizable.strings (in target 'Stripe_StripeFinancialConnections' from project 'Stripe')
    cd /Users/xinyufang/Library/Developer/Xcode/DerivedData/Buzz-faillbpsmponqzeruhhvskovixzk/SourcePackages/checkouts/stripe-ios-spm
    builtin-copy -exclude .DS_Store -exclude CVS -exclude .svn -exclude .git -exclude .hg -resolve-src-symlinks /Users/xinyufang/Library/Developer/Xcode/DerivedData/Buzz-faillbpsmponqzeruhhvskovixzk/SourcePackages/checkouts/stripe-ios-spm/StripeFinancialConnections/StripeFinancialConnections/Resources/Localizations/tr.lproj/Localizable.strings /Users/xinyufang/Library/Developer/Xcode/DerivedData/Buzz-faillbpsmponqzeruhhvskovixzk/Build/Products/Debug-iphonesimulator/Stripe_StripeFinancialConnections.bundle/tr.lproj

CpResource /Users/xinyufang/Library/Developer/Xcode/DerivedData/Buzz-faillbpsmponqzeruhhvskovixzk/Build/Products/Debug-iphonesimulator/Stripe_StripeFinancialConnections.bundle/testmode@3x.png /Users/xinyufang/Library/Developer/Xcode/DerivedData/Buzz-faillbpsmponqzeruhhvskovixzk/SourcePackages/checkouts/stripe-ios-spm/StripeFinancialConnections/StripeFinancialConnections/Resources/Images/testmode@3x.png (in target 'Stripe_StripeFinancialConnections' from project 'Stripe')
    cd /Users/xinyufang/Library/Developer/Xcode/DerivedData/Buzz-faillbpsmponqzeruhhvskovixzk/SourcePackages/checkouts/stripe-ios-spm
    builtin-copy -exclude .DS_Store -exclude CVS -exclude .svn -exclude .git -exclude .hg -resolve-src-symlinks /Users/xinyufang/Library/Developer/Xcode/DerivedData/Buzz-faillbpsmponqzeruhhvskovixzk/SourcePackages/checkouts/stripe-ios-spm/StripeFinancialConnections/StripeFinancialConnections/Resources/Images/testmode@3x.png /Users/xinyufang/Library/Developer/Xcode/DerivedData/Buzz-faillbpsmponqzeruhhvskovixzk/Build/Products/Debug-iphonesimulator/Stripe_StripeFinancialConnections.bundle

CpResource /Users/xinyufang/Library/Developer/Xcode/DerivedData/Buzz-faillbpsmponqzeruhhvskovixzk/Build/Products/Debug-iphonesimulator/Stripe_StripeFinancialConnections.bundle/sv.lproj/Localizable.strings /Users/xinyufang/Library/Developer/Xcode/DerivedData/Buzz-faillbpsmponqzeruhhvskovixzk/SourcePackages/checkouts/stripe-ios-spm/StripeFinancialConnections/StripeFinancialConnections/Resources/Localizations/sv.lproj/Localizable.strings (in target 'Stripe_StripeFinancialConnections' from project 'Stripe')
    cd /Users/xinyufang/Library/Developer/Xcode/DerivedData/Buzz-faillbpsmponqzeruhhvskovixzk/SourcePackages/checkouts/stripe-ios-spm
    builtin-copy -exclude .DS_Store -exclude CVS -exclude .svn -exclude .git -exclude .hg -resolve-src-symlinks /Users/xinyufang/Library/Developer/Xcode/DerivedData/Buzz-faillbpsmponqzeruhhvskovixzk/SourcePackages/checkouts/stripe-ios-spm/StripeFinancialConnections/StripeFinancialConnections/Resources/Localizations/sv.lproj/Localizable.strings /Users/xinyufang/Library/Developer/Xcode/DerivedData/Buzz-faillbpsmponqzeruhhvskovixzk/Build/Products/Debug-iphonesimulator/Stripe_StripeFinancialConnections.bundle/sv.lproj

CpResource /Users/xinyufang/Library/Developer/Xcode/DerivedData/Buzz-faillbpsmponqzeruhhvskovixzk/Build/Products/Debug-iphonesimulator/Stripe_StripeFinancialConnections.bundle/stripe_logo@3x.png /Users/xinyufang/Library/Developer/Xcode/DerivedData/Buzz-faillbpsmponqzeruhhvskovixzk/SourcePackages/checkouts/stripe-ios-spm/StripeFinancialConnections/StripeFinancialConnections/Resources/Images/stripe_logo@3x.png (in target 'Stripe_StripeFinancialConnections' from project 'Stripe')
    cd /Users/xinyufang/Library/Developer/Xcode/DerivedData/Buzz-faillbpsmponqzeruhhvskovixzk/SourcePackages/checkouts/stripe-ios-spm
    builtin-copy -exclude .DS_Store -exclude CVS -exclude .svn -exclude .git -exclude .hg -resolve-src-symlinks /Users/xinyufang/Library/Developer/Xcode/DerivedData/Buzz-faillbpsmponqzeruhhvskovixzk/SourcePackages/checkouts/stripe-ios-spm/StripeFinancialConnections/StripeFinancialConnections/Resources/Images/stripe_logo@3x.png /Users/xinyufang/Library/Developer/Xcode/DerivedData/Buzz-faillbpsmponqzeruhhvskovixzk/Build/Products/Debug-iphonesimulator/Stripe_StripeFinancialConnections.bundle

CpResource /Users/xinyufang/Library/Developer/Xcode/DerivedData/Buzz-faillbpsmponqzeruhhvskovixzk/Build/Products/Debug-iphonesimulator/Stripe_StripeFinancialConnections.bundle/spinner@3x.png /Users/xinyufang/Library/Developer/Xcode/DerivedData/Buzz-faillbpsmponqzeruhhvskovixzk/SourcePackages/checkouts/stripe-ios-spm/StripeFinancialConnections/StripeFinancialConnections/Resources/Images/spinner@3x.png (in target 'Stripe_StripeFinancialConnections' from project 'Stripe')
    cd /Users/xinyufang/Library/Developer/Xcode/DerivedData/Buzz-faillbpsmponqzeruhhvskovixzk/SourcePackages/checkouts/stripe-ios-spm
    builtin-copy -exclude .DS_Store -exclude CVS -exclude .svn -exclude .git -exclude .hg -resolve-src-symlinks /Users/xinyufang/Library/Developer/Xcode/DerivedData/Buzz-faillbpsmponqzeruhhvskovixzk/SourcePackages/checkouts/stripe-ios-spm/StripeFinancialConnections/StripeFinancialConnections/Resources/Images/spinner@3x.png /Users/xinyufang/Library/Developer/Xcode/DerivedData/Buzz-faillbpsmponqzeruhhvskovixzk/Build/Products/Debug-iphonesimulator/Stripe_StripeFinancialConnections.bundle

CpResource /Users/xinyufang/Library/Developer/Xcode/DerivedData/Buzz-faillbpsmponqzeruhhvskovixzk/Build/Products/Debug-iphonesimulator/Stripe_StripeFinancialConnections.bundle/sl-SI.lproj/Localizable.strings /Users/xinyufang/Library/Developer/Xcode/DerivedData/Buzz-faillbpsmponqzeruhhvskovixzk/SourcePackages/checkouts/stripe-ios-spm/StripeFinancialConnections/StripeFinancialConnections/Resources/Localizations/sl-SI.lproj/Localizable.strings (in target 'Stripe_StripeFinancialConnections' from project 'Stripe')
    cd /Users/xinyufang/Library/Developer/Xcode/DerivedData/Buzz-faillbpsmponqzeruhhvskovixzk/SourcePackages/checkouts/stripe-ios-spm
    builtin-copy -exclude .DS_Store -exclude CVS -exclude .svn -exclude .git -exclude .hg -resolve-src-symlinks /Users/xinyufang/Library/Developer/Xcode/DerivedData/Buzz-faillbpsmponqzeruhhvskovixzk/SourcePackages/checkouts/stripe-ios-spm/StripeFinancialConnections/StripeFinancialConnections/Resources/Localizations/sl-SI.lproj/Localizable.strings /Users/xinyufang/Library/Developer/Xcode/DerivedData/Buzz-faillbpsmponqzeruhhvskovixzk/Build/Products/Debug-iphonesimulator/Stripe_StripeFinancialConnections.bundle/sl-SI.lproj

CpResource /Users/xinyufang/Library/Developer/Xcode/DerivedData/Buzz-faillbpsmponqzeruhhvskovixzk/Build/Products/Debug-iphonesimulator/Stripe_StripeFinancialConnections.bundle/sk-SK.lproj/Localizable.strings /Users/xinyufang/Library/Developer/Xcode/DerivedData/Buzz-faillbpsmponqzeruhhvskovixzk/SourcePackages/checkouts/stripe-ios-spm/StripeFinancialConnections/StripeFinancialConnections/Resources/Localizations/sk-SK.lproj/Localizable.strings (in target 'Stripe_StripeFinancialConnections' from project 'Stripe')
    cd /Users/xinyufang/Library/Developer/Xcode/DerivedData/Buzz-faillbpsmponqzeruhhvskovixzk/SourcePackages/checkouts/stripe-ios-spm
    builtin-copy -exclude .DS_Store -exclude CVS -exclude .svn -exclude .git -exclude .hg -resolve-src-symlinks /Users/xinyufang/Library/Developer/Xcode/DerivedData/Buzz-faillbpsmponqzeruhhvskovixzk/SourcePackages/checkouts/stripe-ios-spm/StripeFinancialConnections/StripeFinancialConnections/Resources/Localizations/sk-SK.lproj/Localizable.strings /Users/xinyufang/Library/Developer/Xcode/DerivedData/Buzz-faillbpsmponqzeruhhvskovixzk/Build/Products/Debug-iphonesimulator/Stripe_StripeFinancialConnections.bundle/sk-SK.lproj

CpResource /Users/xinyufang/Library/Developer/Xcode/DerivedData/Buzz-faillbpsmponqzeruhhvskovixzk/Build/Products/Debug-iphonesimulator/Stripe_StripeFinancialConnections.bundle/search@3x.png /Users/xinyufang/Library/Developer/Xcode/DerivedData/Buzz-faillbpsmponqzeruhhvskovixzk/SourcePackages/checkouts/stripe-ios-spm/StripeFinancialConnections/StripeFinancialConnections/Resources/Images/search@3x.png (in target 'Stripe_StripeFinancialConnections' from project 'Stripe')
    cd /Users/xinyufang/Library/Developer/Xcode/DerivedData/Buzz-faillbpsmponqzeruhhvskovixzk/SourcePackages/checkouts/stripe-ios-spm
    builtin-copy -exclude .DS_Store -exclude CVS -exclude .svn -exclude .git -exclude .hg -resolve-src-symlinks /Users/xinyufang/Library/Developer/Xcode/DerivedData/Buzz-faillbpsmponqzeruhhvskovixzk/SourcePackages/checkouts/stripe-ios-spm/StripeFinancialConnections/StripeFinancialConnections/Resources/Images/search@3x.png /Users/xinyufang/Library/Developer/Xcode/DerivedData/Buzz-faillbpsmponqzeruhhvskovixzk/Build/Products/Debug-iphonesimulator/Stripe_StripeFinancialConnections.bundle

CpResource /Users/xinyufang/Library/Developer/Xcode/DerivedData/Buzz-faillbpsmponqzeruhhvskovixzk/Build/Products/Debug-iphonesimulator/Stripe_StripeFinancialConnections.bundle/ru.lproj/Localizable.strings /Users/xinyufang/Library/Developer/Xcode/DerivedData/Buzz-faillbpsmponqzeruhhvskovixzk/SourcePackages/checkouts/stripe-ios-spm/StripeFinancialConnections/StripeFinancialConnections/Resources/Localizations/ru.lproj/Localizable.strings (in target 'Stripe_StripeFinancialConnections' from project 'Stripe')
    cd /Users/xinyufang/Library/Developer/Xcode/DerivedData/Buzz-faillbpsmponqzeruhhvskovixzk/SourcePackages/checkouts/stripe-ios-spm
    builtin-copy -exclude .DS_Store -exclude CVS -exclude .svn -exclude .git -exclude .hg -resolve-src-symlinks /Users/xinyufang/Library/Developer/Xcode/DerivedData/Buzz-faillbpsmponqzeruhhvskovixzk/SourcePackages/checkouts/stripe-ios-spm/StripeFinancialConnections/StripeFinancialConnections/Resources/Localizations/ru.lproj/Localizable.strings /Users/xinyufang/Library/Developer/Xcode/DerivedData/Buzz-faillbpsmponqzeruhhvskovixzk/Build/Products/Debug-iphonesimulator/Stripe_StripeFinancialConnections.bundle/ru.lproj

CpResource /Users/xinyufang/Library/Developer/Xcode/DerivedData/Buzz-faillbpsmponqzeruhhvskovixzk/Build/Products/Debug-iphonesimulator/Stripe_StripeFinancialConnections.bundle/ro-RO.lproj/Localizable.strings /Users/xinyufang/Library/Developer/Xcode/DerivedData/Buzz-faillbpsmponqzeruhhvskovixzk/SourcePackages/checkouts/stripe-ios-spm/StripeFinancialConnections/StripeFinancialConnections/Resources/Localizations/ro-RO.lproj/Localizable.strings (in target 'Stripe_StripeFinancialConnections' from project 'Stripe')
    cd /Users/xinyufang/Library/Developer/Xcode/DerivedData/Buzz-faillbpsmponqzeruhhvskovixzk/SourcePackages/checkouts/stripe-ios-spm
    builtin-copy -exclude .DS_Store -exclude CVS -exclude .svn -exclude .git -exclude .hg -resolve-src-symlinks /Users/xinyufang/Library/Developer/Xcode/DerivedData/Buzz-faillbpsmponqzeruhhvskovixzk/SourcePackages/checkouts/stripe-ios-spm/StripeFinancialConnections/StripeFinancialConnections/Resources/Localizations/ro-RO.lproj/Localizable.strings /Users/xinyufang/Library/Developer/Xcode/DerivedData/Buzz-faillbpsmponqzeruhhvskovixzk/Build/Products/Debug-iphonesimulator/Stripe_StripeFinancialConnections.bundle/ro-RO.lproj

CpResource /Users/xinyufang/Library/Developer/Xcode/DerivedData/Buzz-faillbpsmponqzeruhhvskovixzk/Build/Products/Debug-iphonesimulator/Stripe_StripeFinancialConnections.bundle/pt-PT.lproj/Localizable.strings /Users/xinyufang/Library/Developer/Xcode/DerivedData/Buzz-faillbpsmponqzeruhhvskovixzk/SourcePackages/checkouts/stripe-ios-spm/StripeFinancialConnections/StripeFinancialConnections/Resources/Localizations/pt-PT.lproj/Localizable.strings (in target 'Stripe_StripeFinancialConnections' from project 'Stripe')
    cd /Users/xinyufang/Library/Developer/Xcode/DerivedData/Buzz-faillbpsmponqzeruhhvskovixzk/SourcePackages/checkouts/stripe-ios-spm
    builtin-copy -exclude .DS_Store -exclude CVS -exclude .svn -exclude .git -exclude .hg -resolve-src-symlinks /Users/xinyufang/Library/Developer/Xcode/DerivedData/Buzz-faillbpsmponqzeruhhvskovixzk/SourcePackages/checkouts/stripe-ios-spm/StripeFinancialConnections/StripeFinancialConnections/Resources/Localizations/pt-PT.lproj/Localizable.strings /Users/xinyufang/Library/Developer/Xcode/DerivedData/Buzz-faillbpsmponqzeruhhvskovixzk/Build/Products/Debug-iphonesimulator/Stripe_StripeFinancialConnections.bundle/pt-PT.lproj

CpResource /Users/xinyufang/Library/Developer/Xcode/DerivedData/Buzz-faillbpsmponqzeruhhvskovixzk/Build/Products/Debug-iphonesimulator/Stripe_StripeFinancialConnections.bundle/pt-BR.lproj/Localizable.strings /Users/xinyufang/Library/Developer/Xcode/DerivedData/Buzz-faillbpsmponqzeruhhvskovixzk/SourcePackages/checkouts/stripe-ios-spm/StripeFinancialConnections/StripeFinancialConnections/Resources/Localizations/pt-BR.lproj/Localizable.strings (in target 'Stripe_StripeFinancialConnections' from project 'Stripe')
    cd /Users/xinyufang/Library/Developer/Xcode/DerivedData/Buzz-faillbpsmponqzeruhhvskovixzk/SourcePackages/checkouts/stripe-ios-spm
    builtin-copy -exclude .DS_Store -exclude CVS -exclude .svn -exclude .git -exclude .hg -resolve-src-symlinks /Users/xinyufang/Library/Developer/Xcode/DerivedData/Buzz-faillbpsmponqzeruhhvskovixzk/SourcePackages/checkouts/stripe-ios-spm/StripeFinancialConnections/StripeFinancialConnections/Resources/Localizations/pt-BR.lproj/Localizable.strings /Users/xinyufang/Library/Developer/Xcode/DerivedData/Buzz-faillbpsmponqzeruhhvskovixzk/Build/Products/Debug-iphonesimulator/Stripe_StripeFinancialConnections.bundle/pt-BR.lproj

CpResource /Users/xinyufang/Library/Developer/Xcode/DerivedData/Buzz-faillbpsmponqzeruhhvskovixzk/Build/Products/Debug-iphonesimulator/Stripe_StripeFinancialConnections.bundle/pl-PL.lproj/Localizable.strings /Users/xinyufang/Library/Developer/Xcode/DerivedData/Buzz-faillbpsmponqzeruhhvskovixzk/SourcePackages/checkouts/stripe-ios-spm/StripeFinancialConnections/StripeFinancialConnections/Resources/Localizations/pl-PL.lproj/Localizable.strings (in target 'Stripe_StripeFinancialConnections' from project 'Stripe')
    cd /Users/xinyufang/Library/Developer/Xcode/DerivedData/Buzz-faillbpsmponqzeruhhvskovixzk/SourcePackages/checkouts/stripe-ios-spm
    builtin-copy -exclude .DS_Store -exclude CVS -exclude .svn -exclude .git -exclude .hg -resolve-src-symlinks /Users/xinyufang/Library/Developer/Xcode/DerivedData/Buzz-faillbpsmponqzeruhhvskovixzk/SourcePackages/checkouts/stripe-ios-spm/StripeFinancialConnections/StripeFinancialConnections/Resources/Localizations/pl-PL.lproj/Localizable.strings /Users/xinyufang/Library/Developer/Xcode/DerivedData/Buzz-faillbpsmponqzeruhhvskovixzk/Build/Products/Debug-iphonesimulator/Stripe_StripeFinancialConnections.bundle/pl-PL.lproj

CpResource /Users/xinyufang/Library/Developer/Xcode/DerivedData/Buzz-faillbpsmponqzeruhhvskovixzk/Build/Products/Debug-iphonesimulator/Stripe_StripeFinancialConnections.bundle/person@3x.png /Users/xinyufang/Library/Developer/Xcode/DerivedData/Buzz-faillbpsmponqzeruhhvskovixzk/SourcePackages/checkouts/stripe-ios-spm/StripeFinancialConnections/StripeFinancialConnections/Resources/Images/person@3x.png (in target 'Stripe_StripeFinancialConnections' from project 'Stripe')
    cd /Users/xinyufang/Library/Developer/Xcode/DerivedData/Buzz-faillbpsmponqzeruhhvskovixzk/SourcePackages/checkouts/stripe-ios-spm
    builtin-copy -exclude .DS_Store -exclude CVS -exclude .svn -exclude .git -exclude .hg -resolve-src-symlinks /Users/xinyufang/Library/Developer/Xcode/DerivedData/Buzz-faillbpsmponqzeruhhvskovixzk/SourcePackages/checkouts/stripe-ios-spm/StripeFinancialConnections/StripeFinancialConnections/Resources/Images/person@3x.png /Users/xinyufang/Library/Developer/Xcode/DerivedData/Buzz-faillbpsmponqzeruhhvskovixzk/Build/Products/Debug-iphonesimulator/Stripe_StripeFinancialConnections.bundle

CpResource /Users/xinyufang/Library/Developer/Xcode/DerivedData/Buzz-faillbpsmponqzeruhhvskovixzk/Build/Products/Debug-iphonesimulator/Stripe_StripeFinancialConnections.bundle/panel_arrow_right@3x.png /Users/xinyufang/Library/Developer/Xcode/DerivedData/Buzz-faillbpsmponqzeruhhvskovixzk/SourcePackages/checkouts/stripe-ios-spm/StripeFinancialConnections/StripeFinancialConnections/Resources/Images/panel_arrow_right@3x.png (in target 'Stripe_StripeFinancialConnections' from project 'Stripe')
    cd /Users/xinyufang/Library/Developer/Xcode/DerivedData/Buzz-faillbpsmponqzeruhhvskovixzk/SourcePackages/checkouts/stripe-ios-spm
    builtin-copy -exclude .DS_Store -exclude CVS -exclude .svn -exclude .git -exclude .hg -resolve-src-symlinks /Users/xinyufang/Library/Developer/Xcode/DerivedData/Buzz-faillbpsmponqzeruhhvskovixzk/SourcePackages/checkouts/stripe-ios-spm/StripeFinancialConnections/StripeFinancialConnections/Resources/Images/panel_arrow_right@3x.png /Users/xinyufang/Library/Developer/Xcode/DerivedData/Buzz-faillbpsmponqzeruhhvskovixzk/Build/Products/Debug-iphonesimulator/Stripe_StripeFinancialConnections.bundle

CpResource /Users/xinyufang/Library/Developer/Xcode/DerivedData/Buzz-faillbpsmponqzeruhhvskovixzk/Build/Products/Debug-iphonesimulator/Stripe_StripeFinancialConnections.bundle/nl.lproj/Localizable.strings /Users/xinyufang/Library/Developer/Xcode/DerivedData/Buzz-faillbpsmponqzeruhhvskovixzk/SourcePackages/checkouts/stripe-ios-spm/StripeFinancialConnections/StripeFinancialConnections/Resources/Localizations/nl.lproj/Localizable.strings (in target 'Stripe_StripeFinancialConnections' from project 'Stripe')
    cd /Users/xinyufang/Library/Developer/Xcode/DerivedData/Buzz-faillbpsmponqzeruhhvskovixzk/SourcePackages/checkouts/stripe-ios-spm
    builtin-copy -exclude .DS_Store -exclude CVS -exclude .svn -exclude .git -exclude .hg -resolve-src-symlinks /Users/xinyufang/Library/Developer/Xcode/DerivedData/Buzz-faillbpsmponqzeruhhvskovixzk/SourcePackages/checkouts/stripe-ios-spm/StripeFinancialConnections/StripeFinancialConnections/Resources/Localizations/nl.lproj/Localizable.strings /Users/xinyufang/Library/Developer/Xcode/DerivedData/Buzz-faillbpsmponqzeruhhvskovixzk/Build/Products/Debug-iphonesimulator/Stripe_StripeFinancialConnections.bundle/nl.lproj

CpResource /Users/xinyufang/Library/Developer/Xcode/DerivedData/Buzz-faillbpsmponqzeruhhvskovixzk/Build/Products/Debug-iphonesimulator/Stripe_StripeFinancialConnections.bundle/nb.lproj/Localizable.strings /Users/xinyufang/Library/Developer/Xcode/DerivedData/Buzz-faillbpsmponqzeruhhvskovixzk/SourcePackages/checkouts/stripe-ios-spm/StripeFinancialConnections/StripeFinancialConnections/Resources/Localizations/nb.lproj/Localizable.strings (in target 'Stripe_StripeFinancialConnections' from project 'Stripe')
    cd /Users/xinyufang/Library/Developer/Xcode/DerivedData/Buzz-faillbpsmponqzeruhhvskovixzk/SourcePackages/checkouts/stripe-ios-spm
    builtin-copy -exclude .DS_Store -exclude CVS -exclude .svn -exclude .git -exclude .hg -resolve-src-symlinks /Users/xinyufang/Library/Developer/Xcode/DerivedData/Buzz-faillbpsmponqzeruhhvskovixzk/SourcePackages/checkouts/stripe-ios-spm/StripeFinancialConnections/StripeFinancialConnections/Resources/Localizations/nb.lproj/Localizable.strings /Users/xinyufang/Library/Developer/Xcode/DerivedData/Buzz-faillbpsmponqzeruhhvskovixzk/Build/Products/Debug-iphonesimulator/Stripe_StripeFinancialConnections.bundle/nb.lproj

CpResource /Users/xinyufang/Library/Developer/Xcode/DerivedData/Buzz-faillbpsmponqzeruhhvskovixzk/Build/Products/Debug-iphonesimulator/Stripe_StripeFinancialConnections.bundle/mt.lproj/Localizable.strings /Users/xinyufang/Library/Developer/Xcode/DerivedData/Buzz-faillbpsmponqzeruhhvskovixzk/SourcePackages/checkouts/stripe-ios-spm/StripeFinancialConnections/StripeFinancialConnections/Resources/Localizations/mt.lproj/Localizable.strings (in target 'Stripe_StripeFinancialConnections' from project 'Stripe')
    cd /Users/xinyufang/Library/Developer/Xcode/DerivedData/Buzz-faillbpsmponqzeruhhvskovixzk/SourcePackages/checkouts/stripe-ios-spm
    builtin-copy -exclude .DS_Store -exclude CVS -exclude .svn -exclude .git -exclude .hg -resolve-src-symlinks /Users/xinyufang/Library/Developer/Xcode/DerivedData/Buzz-faillbpsmponqzeruhhvskovixzk/SourcePackages/checkouts/stripe-ios-spm/StripeFinancialConnections/StripeFinancialConnections/Resources/Localizations/mt.lproj/Localizable.strings /Users/xinyufang/Library/Developer/Xcode/DerivedData/Buzz-faillbpsmponqzeruhhvskovixzk/Build/Products/Debug-iphonesimulator/Stripe_StripeFinancialConnections.bundle/mt.lproj

CpResource /Users/xinyufang/Library/Developer/Xcode/DerivedData/Buzz-faillbpsmponqzeruhhvskovixzk/Build/Products/Debug-iphonesimulator/Stripe_StripeFinancialConnections.bundle/ms-MY.lproj/Localizable.strings /Users/xinyufang/Library/Developer/Xcode/DerivedData/Buzz-faillbpsmponqzeruhhvskovixzk/SourcePackages/checkouts/stripe-ios-spm/StripeFinancialConnections/StripeFinancialConnections/Resources/Localizations/ms-MY.lproj/Localizable.strings (in target 'Stripe_StripeFinancialConnections' from project 'Stripe')
    cd /Users/xinyufang/Library/Developer/Xcode/DerivedData/Buzz-faillbpsmponqzeruhhvskovixzk/SourcePackages/checkouts/stripe-ios-spm
    builtin-copy -exclude .DS_Store -exclude CVS -exclude .svn -exclude .git -exclude .hg -resolve-src-symlinks /Users/xinyufang/Library/Developer/Xcode/DerivedData/Buzz-faillbpsmponqzeruhhvskovixzk/SourcePackages/checkouts/stripe-ios-spm/StripeFinancialConnections/StripeFinancialConnections/Resources/Localizations/ms-MY.lproj/Localizable.strings /Users/xinyufang/Library/Developer/Xcode/DerivedData/Buzz-faillbpsmponqzeruhhvskovixzk/Build/Products/Debug-iphonesimulator/Stripe_StripeFinancialConnections.bundle/ms-MY.lproj

CpResource /Users/xinyufang/Library/Developer/Xcode/DerivedData/Buzz-faillbpsmponqzeruhhvskovixzk/Build/Products/Debug-iphonesimulator/Stripe_StripeFinancialConnections.bundle/lv-LV.lproj/Localizable.strings /Users/xinyufang/Library/Developer/Xcode/DerivedData/Buzz-faillbpsmponqzeruhhvskovixzk/SourcePackages/checkouts/stripe-ios-spm/StripeFinancialConnections/StripeFinancialConnections/Resources/Localizations/lv-LV.lproj/Localizable.strings (in target 'Stripe_StripeFinancialConnections' from project 'Stripe')
    cd /Users/xinyufang/Library/Developer/Xcode/DerivedData/Buzz-faillbpsmponqzeruhhvskovixzk/SourcePackages/checkouts/stripe-ios-spm
    builtin-copy -exclude .DS_Store -exclude CVS -exclude .svn -exclude .git -exclude .hg -resolve-src-symlinks /Users/xinyufang/Library/Developer/Xcode/DerivedData/Buzz-faillbpsmponqzeruhhvskovixzk/SourcePackages/checkouts/stripe-ios-spm/StripeFinancialConnections/StripeFinancialConnections/Resources/Localizations/lv-LV.lproj/Localizable.strings /Users/xinyufang/Library/Developer/Xcode/DerivedData/Buzz-faillbpsmponqzeruhhvskovixzk/Build/Products/Debug-iphonesimulator/Stripe_StripeFinancialConnections.bundle/lv-LV.lproj

CpResource /Users/xinyufang/Library/Developer/Xcode/DerivedData/Buzz-faillbpsmponqzeruhhvskovixzk/Build/Products/Debug-iphonesimulator/Stripe_StripeFinancialConnections.bundle/lt-LT.lproj/Localizable.strings /Users/xinyufang/Library/Developer/Xcode/DerivedData/Buzz-faillbpsmponqzeruhhvskovixzk/SourcePackages/checkouts/stripe-ios-spm/StripeFinancialConnections/StripeFinancialConnections/Resources/Localizations/lt-LT.lproj/Localizable.strings (in target 'Stripe_StripeFinancialConnections' from project 'Stripe')
    cd /Users/xinyufang/Library/Developer/Xcode/DerivedData/Buzz-faillbpsmponqzeruhhvskovixzk/SourcePackages/checkouts/stripe-ios-spm
    builtin-copy -exclude .DS_Store -exclude CVS -exclude .svn -exclude .git -exclude .hg -resolve-src-symlinks /Users/xinyufang/Library/Developer/Xcode/DerivedData/Buzz-faillbpsmponqzeruhhvskovixzk/SourcePackages/checkouts/stripe-ios-spm/StripeFinancialConnections/StripeFinancialConnections/Resources/Localizations/lt-LT.lproj/Localizable.strings /Users/xinyufang/Library/Developer/Xcode/DerivedData/Buzz-faillbpsmponqzeruhhvskovixzk/Build/Products/Debug-iphonesimulator/Stripe_StripeFinancialConnections.bundle/lt-LT.lproj

CpResource /Users/xinyufang/Library/Developer/Xcode/DerivedData/Buzz-faillbpsmponqzeruhhvskovixzk/Build/Products/Debug-iphonesimulator/Stripe_StripeFinancialConnections.bundle/link_logo@3x.png /Users/xinyufang/Library/Developer/Xcode/DerivedData/Buzz-faillbpsmponqzeruhhvskovixzk/SourcePackages/checkouts/stripe-ios-spm/StripeFinancialConnections/StripeFinancialConnections/Resources/Images/link_logo@3x.png (in target 'Stripe_StripeFinancialConnections' from project 'Stripe')
    cd /Users/xinyufang/Library/Developer/Xcode/DerivedData/Buzz-faillbpsmponqzeruhhvskovixzk/SourcePackages/checkouts/stripe-ios-spm
    builtin-copy -exclude .DS_Store -exclude CVS -exclude .svn -exclude .git -exclude .hg -resolve-src-symlinks /Users/xinyufang/Library/Developer/Xcode/DerivedData/Buzz-faillbpsmponqzeruhhvskovixzk/SourcePackages/checkouts/stripe-ios-spm/StripeFinancialConnections/StripeFinancialConnections/Resources/Images/link_logo@3x.png /Users/xinyufang/Library/Developer/Xcode/DerivedData/Buzz-faillbpsmponqzeruhhvskovixzk/Build/Products/Debug-iphonesimulator/Stripe_StripeFinancialConnections.bundle

CpResource /Users/xinyufang/Library/Developer/Xcode/DerivedData/Buzz-faillbpsmponqzeruhhvskovixzk/Build/Products/Debug-iphonesimulator/Stripe_StripeFinancialConnections.bundle/ko.lproj/Localizable.strings /Users/xinyufang/Library/Developer/Xcode/DerivedData/Buzz-faillbpsmponqzeruhhvskovixzk/SourcePackages/checkouts/stripe-ios-spm/StripeFinancialConnections/StripeFinancialConnections/Resources/Localizations/ko.lproj/Localizable.strings (in target 'Stripe_StripeFinancialConnections' from project 'Stripe')
    cd /Users/xinyufang/Library/Developer/Xcode/DerivedData/Buzz-faillbpsmponqzeruhhvskovixzk/SourcePackages/checkouts/stripe-ios-spm
    builtin-copy -exclude .DS_Store -exclude CVS -exclude .svn -exclude .git -exclude .hg -resolve-src-symlinks /Users/xinyufang/Library/Developer/Xcode/DerivedData/Buzz-faillbpsmponqzeruhhvskovixzk/SourcePackages/checkouts/stripe-ios-spm/StripeFinancialConnections/StripeFinancialConnections/Resources/Localizations/ko.lproj/Localizable.strings /Users/xinyufang/Library/Developer/Xcode/DerivedData/Buzz-faillbpsmponqzeruhhvskovixzk/Build/Products/Debug-iphonesimulator/Stripe_StripeFinancialConnections.bundle/ko.lproj

CpResource /Users/xinyufang/Library/Developer/Xcode/DerivedData/Buzz-faillbpsmponqzeruhhvskovixzk/Build/Products/Debug-iphonesimulator/Stripe_StripeFinancialConnections.bundle/ja.lproj/Localizable.strings /Users/xinyufang/Library/Developer/Xcode/DerivedData/Buzz-faillbpsmponqzeruhhvskovixzk/SourcePackages/checkouts/stripe-ios-spm/StripeFinancialConnections/StripeFinancialConnections/Resources/Localizations/ja.lproj/Localizable.strings (in target 'Stripe_StripeFinancialConnections' from project 'Stripe')
    cd /Users/xinyufang/Library/Developer/Xcode/DerivedData/Buzz-faillbpsmponqzeruhhvskovixzk/SourcePackages/checkouts/stripe-ios-spm
    builtin-copy -exclude .DS_Store -exclude CVS -exclude .svn -exclude .git -exclude .hg -resolve-src-symlinks /Users/xinyufang/Library/Developer/Xcode/DerivedData/Buzz-faillbpsmponqzeruhhvskovixzk/SourcePackages/checkouts/stripe-ios-spm/StripeFinancialConnections/StripeFinancialConnections/Resources/Localizations/ja.lproj/Localizable.strings /Users/xinyufang/Library/Developer/Xcode/DerivedData/Buzz-faillbpsmponqzeruhhvskovixzk/Build/Products/Debug-iphonesimulator/Stripe_StripeFinancialConnections.bundle/ja.lproj

CpResource /Users/xinyufang/Library/Developer/Xcode/DerivedData/Buzz-faillbpsmponqzeruhhvskovixzk/Build/Products/Debug-iphonesimulator/Stripe_StripeFinancialConnections.bundle/it.lproj/Localizable.strings /Users/xinyufang/Library/Developer/Xcode/DerivedData/Buzz-faillbpsmponqzeruhhvskovixzk/SourcePackages/checkouts/stripe-ios-spm/StripeFinancialConnections/StripeFinancialConnections/Resources/Localizations/it.lproj/Localizable.strings (in target 'Stripe_StripeFinancialConnections' from project 'Stripe')
    cd /Users/xinyufang/Library/Developer/Xcode/DerivedData/Buzz-faillbpsmponqzeruhhvskovixzk/SourcePackages/checkouts/stripe-ios-spm
    builtin-copy -exclude .DS_Store -exclude CVS -exclude .svn -exclude .git -exclude .hg -resolve-src-symlinks /Users/xinyufang/Library/Developer/Xcode/DerivedData/Buzz-faillbpsmponqzeruhhvskovixzk/SourcePackages/checkouts/stripe-ios-spm/StripeFinancialConnections/StripeFinancialConnections/Resources/Localizations/it.lproj/Localizable.strings /Users/xinyufang/Library/Developer/Xcode/DerivedData/Buzz-faillbpsmponqzeruhhvskovixzk/Build/Products/Debug-iphonesimulator/Stripe_StripeFinancialConnections.bundle/it.lproj

CpResource /Users/xinyufang/Library/Developer/Xcode/DerivedData/Buzz-faillbpsmponqzeruhhvskovixzk/Build/Products/Debug-iphonesimulator/Stripe_StripeFinancialConnections.bundle/info@3x.png /Users/xinyufang/Library/Developer/Xcode/DerivedData/Buzz-faillbpsmponqzeruhhvskovixzk/SourcePackages/checkouts/stripe-ios-spm/StripeFinancialConnections/StripeFinancialConnections/Resources/Images/info@3x.png (in target 'Stripe_StripeFinancialConnections' from project 'Stripe')
    cd /Users/xinyufang/Library/Developer/Xcode/DerivedData/Buzz-faillbpsmponqzeruhhvskovixzk/SourcePackages/checkouts/stripe-ios-spm
    builtin-copy -exclude .DS_Store -exclude CVS -exclude .svn -exclude .git -exclude .hg -resolve-src-symlinks /Users/xinyufang/Library/Developer/Xcode/DerivedData/Buzz-faillbpsmponqzeruhhvskovixzk/SourcePackages/checkouts/stripe-ios-spm/StripeFinancialConnections/StripeFinancialConnections/Resources/Images/info@3x.png /Users/xinyufang/Library/Developer/Xcode/DerivedData/Buzz-faillbpsmponqzeruhhvskovixzk/Build/Products/Debug-iphonesimulator/Stripe_StripeFinancialConnections.bundle

CpResource /Users/xinyufang/Library/Developer/Xcode/DerivedData/Buzz-faillbpsmponqzeruhhvskovixzk/Build/Products/Debug-iphonesimulator/Stripe_StripeFinancialConnections.bundle/id.lproj/Localizable.strings /Users/xinyufang/Library/Developer/Xcode/DerivedData/Buzz-faillbpsmponqzeruhhvskovixzk/SourcePackages/checkouts/stripe-ios-spm/StripeFinancialConnections/StripeFinancialConnections/Resources/Localizations/id.lproj/Localizable.strings (in target 'Stripe_StripeFinancialConnections' from project 'Stripe')
    cd /Users/xinyufang/Library/Developer/Xcode/DerivedData/Buzz-faillbpsmponqzeruhhvskovixzk/SourcePackages/checkouts/stripe-ios-spm
    builtin-copy -exclude .DS_Store -exclude CVS -exclude .svn -exclude .git -exclude .hg -resolve-src-symlinks /Users/xinyufang/Library/Developer/Xcode/DerivedData/Buzz-faillbpsmponqzeruhhvskovixzk/SourcePackages/checkouts/stripe-ios-spm/StripeFinancialConnections/StripeFinancialConnections/Resources/Localizations/id.lproj/Localizable.strings /Users/xinyufang/Library/Developer/Xcode/DerivedData/Buzz-faillbpsmponqzeruhhvskovixzk/Build/Products/Debug-iphonesimulator/Stripe_StripeFinancialConnections.bundle/id.lproj

CpResource /Users/xinyufang/Library/Developer/Xcode/DerivedData/Buzz-faillbpsmponqzeruhhvskovixzk/Build/Products/Debug-iphonesimulator/Stripe_StripeFinancialConnections.bundle/hu.lproj/Localizable.strings /Users/xinyufang/Library/Developer/Xcode/DerivedData/Buzz-faillbpsmponqzeruhhvskovixzk/SourcePackages/checkouts/stripe-ios-spm/StripeFinancialConnections/StripeFinancialConnections/Resources/Localizations/hu.lproj/Localizable.strings (in target 'Stripe_StripeFinancialConnections' from project 'Stripe')
    cd /Users/xinyufang/Library/Developer/Xcode/DerivedData/Buzz-faillbpsmponqzeruhhvskovixzk/SourcePackages/checkouts/stripe-ios-spm
    builtin-copy -exclude .DS_Store -exclude CVS -exclude .svn -exclude .git -exclude .hg -resolve-src-symlinks /Users/xinyufang/Library/Developer/Xcode/DerivedData/Buzz-faillbpsmponqzeruhhvskovixzk/SourcePackages/checkouts/stripe-ios-spm/StripeFinancialConnections/StripeFinancialConnections/Resources/Localizations/hu.lproj/Localizable.strings /Users/xinyufang/Library/Developer/Xcode/DerivedData/Buzz-faillbpsmponqzeruhhvskovixzk/Build/Products/Debug-iphonesimulator/Stripe_StripeFinancialConnections.bundle/hu.lproj

CpResource /Users/xinyufang/Library/Developer/Xcode/DerivedData/Buzz-faillbpsmponqzeruhhvskovixzk/Build/Products/Debug-iphonesimulator/Stripe_StripeFinancialConnections.bundle/hr.lproj/Localizable.strings /Users/xinyufang/Library/Developer/Xcode/DerivedData/Buzz-faillbpsmponqzeruhhvskovixzk/SourcePackages/checkouts/stripe-ios-spm/StripeFinancialConnections/StripeFinancialConnections/Resources/Localizations/hr.lproj/Localizable.strings (in target 'Stripe_StripeFinancialConnections' from project 'Stripe')
    cd /Users/xinyufang/Library/Developer/Xcode/DerivedData/Buzz-faillbpsmponqzeruhhvskovixzk/SourcePackages/checkouts/stripe-ios-spm
    builtin-copy -exclude .DS_Store -exclude CVS -exclude .svn -exclude .git -exclude .hg -resolve-src-symlinks /Users/xinyufang/Library/Developer/Xcode/DerivedData/Buzz-faillbpsmponqzeruhhvskovixzk/SourcePackages/checkouts/stripe-ios-spm/StripeFinancialConnections/StripeFinancialConnections/Resources/Localizations/hr.lproj/Localizable.strings /Users/xinyufang/Library/Developer/Xcode/DerivedData/Buzz-faillbpsmponqzeruhhvskovixzk/Build/Products/Debug-iphonesimulator/Stripe_StripeFinancialConnections.bundle/hr.lproj

CpResource /Users/xinyufang/Library/Developer/Xcode/DerivedData/Buzz-faillbpsmponqzeruhhvskovixzk/Build/Products/Debug-iphonesimulator/Stripe_StripeFinancialConnections.bundle/generic_error@3x.png /Users/xinyufang/Library/Developer/Xcode/DerivedData/Buzz-faillbpsmponqzeruhhvskovixzk/SourcePackages/checkouts/stripe-ios-spm/StripeFinancialConnections/StripeFinancialConnections/Resources/Images/generic_error@3x.png (in target 'Stripe_StripeFinancialConnections' from project 'Stripe')
    cd /Users/xinyufang/Library/Developer/Xcode/DerivedData/Buzz-faillbpsmponqzeruhhvskovixzk/SourcePackages/checkouts/stripe-ios-spm
    builtin-copy -exclude .DS_Store -exclude CVS -exclude .svn -exclude .git -exclude .hg -resolve-src-symlinks /Users/xinyufang/Library/Developer/Xcode/DerivedData/Buzz-faillbpsmponqzeruhhvskovixzk/SourcePackages/checkouts/stripe-ios-spm/StripeFinancialConnections/StripeFinancialConnections/Resources/Images/generic_error@3x.png /Users/xinyufang/Library/Developer/Xcode/DerivedData/Buzz-faillbpsmponqzeruhhvskovixzk/Build/Products/Debug-iphonesimulator/Stripe_StripeFinancialConnections.bundle

CpResource /Users/xinyufang/Library/Developer/Xcode/DerivedData/Buzz-faillbpsmponqzeruhhvskovixzk/Build/Products/Debug-iphonesimulator/Stripe_StripeFinancialConnections.bundle/fr-CA.lproj/Localizable.strings /Users/xinyufang/Library/Developer/Xcode/DerivedData/Buzz-faillbpsmponqzeruhhvskovixzk/SourcePackages/checkouts/stripe-ios-spm/StripeFinancialConnections/StripeFinancialConnections/Resources/Localizations/fr-CA.lproj/Localizable.strings (in target 'Stripe_StripeFinancialConnections' from project 'Stripe')
    cd /Users/xinyufang/Library/Developer/Xcode/DerivedData/Buzz-faillbpsmponqzeruhhvskovixzk/SourcePackages/checkouts/stripe-ios-spm
    builtin-copy -exclude .DS_Store -exclude CVS -exclude .svn -exclude .git -exclude .hg -resolve-src-symlinks /Users/xinyufang/Library/Developer/Xcode/DerivedData/Buzz-faillbpsmponqzeruhhvskovixzk/SourcePackages/checkouts/stripe-ios-spm/StripeFinancialConnections/StripeFinancialConnections/Resources/Localizations/fr-CA.lproj/Localizable.strings /Users/xinyufang/Library/Developer/Xcode/DerivedData/Buzz-faillbpsmponqzeruhhvskovixzk/Build/Products/Debug-iphonesimulator/Stripe_StripeFinancialConnections.bundle/fr-CA.lproj

CpResource /Users/xinyufang/Library/Developer/Xcode/DerivedData/Buzz-faillbpsmponqzeruhhvskovixzk/Build/Products/Debug-iphonesimulator/Stripe_StripeFinancialConnections.bundle/fr.lproj/Localizable.strings /Users/xinyufang/Library/Developer/Xcode/DerivedData/Buzz-faillbpsmponqzeruhhvskovixzk/SourcePackages/checkouts/stripe-ios-spm/StripeFinancialConnections/StripeFinancialConnections/Resources/Localizations/fr.lproj/Localizable.strings (in target 'Stripe_StripeFinancialConnections' from project 'Stripe')
    cd /Users/xinyufang/Library/Developer/Xcode/DerivedData/Buzz-faillbpsmponqzeruhhvskovixzk/SourcePackages/checkouts/stripe-ios-spm
    builtin-copy -exclude .DS_Store -exclude CVS -exclude .svn -exclude .git -exclude .hg -resolve-src-symlinks /Users/xinyufang/Library/Developer/Xcode/DerivedData/Buzz-faillbpsmponqzeruhhvskovixzk/SourcePackages/checkouts/stripe-ios-spm/StripeFinancialConnections/StripeFinancialConnections/Resources/Localizations/fr.lproj/Localizable.strings /Users/xinyufang/Library/Developer/Xcode/DerivedData/Buzz-faillbpsmponqzeruhhvskovixzk/Build/Products/Debug-iphonesimulator/Stripe_StripeFinancialConnections.bundle/fr.lproj

CpResource /Users/xinyufang/Library/Developer/Xcode/DerivedData/Buzz-faillbpsmponqzeruhhvskovixzk/Build/Products/Debug-iphonesimulator/Stripe_StripeFinancialConnections.bundle/fil.lproj/Localizable.strings /Users/xinyufang/Library/Developer/Xcode/DerivedData/Buzz-faillbpsmponqzeruhhvskovixzk/SourcePackages/checkouts/stripe-ios-spm/StripeFinancialConnections/StripeFinancialConnections/Resources/Localizations/fil.lproj/Localizable.strings (in target 'Stripe_StripeFinancialConnections' from project 'Stripe')
    cd /Users/xinyufang/Library/Developer/Xcode/DerivedData/Buzz-faillbpsmponqzeruhhvskovixzk/SourcePackages/checkouts/stripe-ios-spm
    builtin-copy -exclude .DS_Store -exclude CVS -exclude .svn -exclude .git -exclude .hg -resolve-src-symlinks /Users/xinyufang/Library/Developer/Xcode/DerivedData/Buzz-faillbpsmponqzeruhhvskovixzk/SourcePackages/checkouts/stripe-ios-spm/StripeFinancialConnections/StripeFinancialConnections/Resources/Localizations/fil.lproj/Localizable.strings /Users/xinyufang/Library/Developer/Xcode/DerivedData/Buzz-faillbpsmponqzeruhhvskovixzk/Build/Products/Debug-iphonesimulator/Stripe_StripeFinancialConnections.bundle/fil.lproj

CpResource /Users/xinyufang/Library/Developer/Xcode/DerivedData/Buzz-faillbpsmponqzeruhhvskovixzk/Build/Products/Debug-iphonesimulator/Stripe_StripeFinancialConnections.bundle/fi.lproj/Localizable.strings /Users/xinyufang/Library/Developer/Xcode/DerivedData/Buzz-faillbpsmponqzeruhhvskovixzk/SourcePackages/checkouts/stripe-ios-spm/StripeFinancialConnections/StripeFinancialConnections/Resources/Localizations/fi.lproj/Localizable.strings (in target 'Stripe_StripeFinancialConnections' from project 'Stripe')
    cd /Users/xinyufang/Library/Developer/Xcode/DerivedData/Buzz-faillbpsmponqzeruhhvskovixzk/SourcePackages/checkouts/stripe-ios-spm
    builtin-copy -exclude .DS_Store -exclude CVS -exclude .svn -exclude .git -exclude .hg -resolve-src-symlinks /Users/xinyufang/Library/Developer/Xcode/DerivedData/Buzz-faillbpsmponqzeruhhvskovixzk/SourcePackages/checkouts/stripe-ios-spm/StripeFinancialConnections/StripeFinancialConnections/Resources/Localizations/fi.lproj/Localizable.strings /Users/xinyufang/Library/Developer/Xcode/DerivedData/Buzz-faillbpsmponqzeruhhvskovixzk/Build/Products/Debug-iphonesimulator/Stripe_StripeFinancialConnections.bundle/fi.lproj

CpResource /Users/xinyufang/Library/Developer/Xcode/DerivedData/Buzz-faillbpsmponqzeruhhvskovixzk/Build/Products/Debug-iphonesimulator/Stripe_StripeFinancialConnections.bundle/et-EE.lproj/Localizable.strings /Users/xinyufang/Library/Developer/Xcode/DerivedData/Buzz-faillbpsmponqzeruhhvskovixzk/SourcePackages/checkouts/stripe-ios-spm/StripeFinancialConnections/StripeFinancialConnections/Resources/Localizations/et-EE.lproj/Localizable.strings (in target 'Stripe_StripeFinancialConnections' from project 'Stripe')
    cd /Users/xinyufang/Library/Developer/Xcode/DerivedData/Buzz-faillbpsmponqzeruhhvskovixzk/SourcePackages/checkouts/stripe-ios-spm
    builtin-copy -exclude .DS_Store -exclude CVS -exclude .svn -exclude .git -exclude .hg -resolve-src-symlinks /Users/xinyufang/Library/Developer/Xcode/DerivedData/Buzz-faillbpsmponqzeruhhvskovixzk/SourcePackages/checkouts/stripe-ios-spm/StripeFinancialConnections/StripeFinancialConnections/Resources/Localizations/et-EE.lproj/Localizable.strings /Users/xinyufang/Library/Developer/Xcode/DerivedData/Buzz-faillbpsmponqzeruhhvskovixzk/Build/Products/Debug-iphonesimulator/Stripe_StripeFinancialConnections.bundle/et-EE.lproj

CpResource /Users/xinyufang/Library/Developer/Xcode/DerivedData/Buzz-faillbpsmponqzeruhhvskovixzk/Build/Products/Debug-iphonesimulator/Stripe_StripeFinancialConnections.bundle/es.lproj/Localizable.strings /Users/xinyufang/Library/Developer/Xcode/DerivedData/Buzz-faillbpsmponqzeruhhvskovixzk/SourcePackages/checkouts/stripe-ios-spm/StripeFinancialConnections/StripeFinancialConnections/Resources/Localizations/es.lproj/Localizable.strings (in target 'Stripe_StripeFinancialConnections' from project 'Stripe')
    cd /Users/xinyufang/Library/Developer/Xcode/DerivedData/Buzz-faillbpsmponqzeruhhvskovixzk/SourcePackages/checkouts/stripe-ios-spm
    builtin-copy -exclude .DS_Store -exclude CVS -exclude .svn -exclude .git -exclude .hg -resolve-src-symlinks /Users/xinyufang/Library/Developer/Xcode/DerivedData/Buzz-faillbpsmponqzeruhhvskovixzk/SourcePackages/checkouts/stripe-ios-spm/StripeFinancialConnections/StripeFinancialConnections/Resources/Localizations/es.lproj/Localizable.strings /Users/xinyufang/Library/Developer/Xcode/DerivedData/Buzz-faillbpsmponqzeruhhvskovixzk/Build/Products/Debug-iphonesimulator/Stripe_StripeFinancialConnections.bundle/es.lproj

CpResource /Users/xinyufang/Library/Developer/Xcode/DerivedData/Buzz-faillbpsmponqzeruhhvskovixzk/Build/Products/Debug-iphonesimulator/Stripe_StripeFinancialConnections.bundle/es-419.lproj/Localizable.strings /Users/xinyufang/Library/Developer/Xcode/DerivedData/Buzz-faillbpsmponqzeruhhvskovixzk/SourcePackages/checkouts/stripe-ios-spm/StripeFinancialConnections/StripeFinancialConnections/Resources/Localizations/es-419.lproj/Localizable.strings (in target 'Stripe_StripeFinancialConnections' from project 'Stripe')
    cd /Users/xinyufang/Library/Developer/Xcode/DerivedData/Buzz-faillbpsmponqzeruhhvskovixzk/SourcePackages/checkouts/stripe-ios-spm
    builtin-copy -exclude .DS_Store -exclude CVS -exclude .svn -exclude .git -exclude .hg -resolve-src-symlinks /Users/xinyufang/Library/Developer/Xcode/DerivedData/Buzz-faillbpsmponqzeruhhvskovixzk/SourcePackages/checkouts/stripe-ios-spm/StripeFinancialConnections/StripeFinancialConnections/Resources/Localizations/es-419.lproj/Localizable.strings /Users/xinyufang/Library/Developer/Xcode/DerivedData/Buzz-faillbpsmponqzeruhhvskovixzk/Build/Products/Debug-iphonesimulator/Stripe_StripeFinancialConnections.bundle/es-419.lproj

CpResource /Users/xinyufang/Library/Developer/Xcode/DerivedData/Buzz-faillbpsmponqzeruhhvskovixzk/Build/Products/Debug-iphonesimulator/Stripe_StripeFinancialConnections.bundle/en.lproj/Localizable.strings /Users/xinyufang/Library/Developer/Xcode/DerivedData/Buzz-faillbpsmponqzeruhhvskovixzk/SourcePackages/checkouts/stripe-ios-spm/StripeFinancialConnections/StripeFinancialConnections/Resources/Localizations/en.lproj/Localizable.strings (in target 'Stripe_StripeFinancialConnections' from project 'Stripe')
    cd /Users/xinyufang/Library/Developer/Xcode/DerivedData/Buzz-faillbpsmponqzeruhhvskovixzk/SourcePackages/checkouts/stripe-ios-spm
    builtin-copy -exclude .DS_Store -exclude CVS -exclude .svn -exclude .git -exclude .hg -resolve-src-symlinks /Users/xinyufang/Library/Developer/Xcode/DerivedData/Buzz-faillbpsmponqzeruhhvskovixzk/SourcePackages/checkouts/stripe-ios-spm/StripeFinancialConnections/StripeFinancialConnections/Resources/Localizations/en.lproj/Localizable.strings /Users/xinyufang/Library/Developer/Xcode/DerivedData/Buzz-faillbpsmponqzeruhhvskovixzk/Build/Products/Debug-iphonesimulator/Stripe_StripeFinancialConnections.bundle/en.lproj

CpResource /Users/xinyufang/Library/Developer/Xcode/DerivedData/Buzz-faillbpsmponqzeruhhvskovixzk/Build/Products/Debug-iphonesimulator/Stripe_StripeFinancialConnections.bundle/en-GB.lproj/Localizable.strings /Users/xinyufang/Library/Developer/Xcode/DerivedData/Buzz-faillbpsmponqzeruhhvskovixzk/SourcePackages/checkouts/stripe-ios-spm/StripeFinancialConnections/StripeFinancialConnections/Resources/Localizations/en-GB.lproj/Localizable.strings (in target 'Stripe_StripeFinancialConnections' from project 'Stripe')
    cd /Users/xinyufang/Library/Developer/Xcode/DerivedData/Buzz-faillbpsmponqzeruhhvskovixzk/SourcePackages/checkouts/stripe-ios-spm
    builtin-copy -exclude .DS_Store -exclude CVS -exclude .svn -exclude .git -exclude .hg -resolve-src-symlinks /Users/xinyufang/Library/Developer/Xcode/DerivedData/Buzz-faillbpsmponqzeruhhvskovixzk/SourcePackages/checkouts/stripe-ios-spm/StripeFinancialConnections/StripeFinancialConnections/Resources/Localizations/en-GB.lproj/Localizable.strings /Users/xinyufang/Library/Developer/Xcode/DerivedData/Buzz-faillbpsmponqzeruhhvskovixzk/Build/Products/Debug-iphonesimulator/Stripe_StripeFinancialConnections.bundle/en-GB.lproj

CpResource /Users/xinyufang/Library/Developer/Xcode/DerivedData/Buzz-faillbpsmponqzeruhhvskovixzk/Build/Products/Debug-iphonesimulator/Stripe_StripeFinancialConnections.bundle/el-GR.lproj/Localizable.strings /Users/xinyufang/Library/Developer/Xcode/DerivedData/Buzz-faillbpsmponqzeruhhvskovixzk/SourcePackages/checkouts/stripe-ios-spm/StripeFinancialConnections/StripeFinancialConnections/Resources/Localizations/el-GR.lproj/Localizable.strings (in target 'Stripe_StripeFinancialConnections' from project 'Stripe')
    cd /Users/xinyufang/Library/Developer/Xcode/DerivedData/Buzz-faillbpsmponqzeruhhvskovixzk/SourcePackages/checkouts/stripe-ios-spm
    builtin-copy -exclude .DS_Store -exclude CVS -exclude .svn -exclude .git -exclude .hg -resolve-src-symlinks /Users/xinyufang/Library/Developer/Xcode/DerivedData/Buzz-faillbpsmponqzeruhhvskovixzk/SourcePackages/checkouts/stripe-ios-spm/StripeFinancialConnections/StripeFinancialConnections/Resources/Localizations/el-GR.lproj/Localizable.strings /Users/xinyufang/Library/Developer/Xcode/DerivedData/Buzz-faillbpsmponqzeruhhvskovixzk/Build/Products/Debug-iphonesimulator/Stripe_StripeFinancialConnections.bundle/el-GR.lproj

CpResource /Users/xinyufang/Library/Developer/Xcode/DerivedData/Buzz-faillbpsmponqzeruhhvskovixzk/Build/Products/Debug-iphonesimulator/Stripe_StripeFinancialConnections.bundle/de.lproj/Localizable.strings /Users/xinyufang/Library/Developer/Xcode/DerivedData/Buzz-faillbpsmponqzeruhhvskovixzk/SourcePackages/checkouts/stripe-ios-spm/StripeFinancialConnections/StripeFinancialConnections/Resources/Localizations/de.lproj/Localizable.strings (in target 'Stripe_StripeFinancialConnections' from project 'Stripe')
    cd /Users/xinyufang/Library/Developer/Xcode/DerivedData/Buzz-faillbpsmponqzeruhhvskovixzk/SourcePackages/checkouts/stripe-ios-spm
    builtin-copy -exclude .DS_Store -exclude CVS -exclude .svn -exclude .git -exclude .hg -resolve-src-symlinks /Users/xinyufang/Library/Developer/Xcode/DerivedData/Buzz-faillbpsmponqzeruhhvskovixzk/SourcePackages/checkouts/stripe-ios-spm/StripeFinancialConnections/StripeFinancialConnections/Resources/Localizations/de.lproj/Localizable.strings /Users/xinyufang/Library/Developer/Xcode/DerivedData/Buzz-faillbpsmponqzeruhhvskovixzk/Build/Products/Debug-iphonesimulator/Stripe_StripeFinancialConnections.bundle/de.lproj

CpResource /Users/xinyufang/Library/Developer/Xcode/DerivedData/Buzz-faillbpsmponqzeruhhvskovixzk/Build/Products/Debug-iphonesimulator/Stripe_StripeFinancialConnections.bundle/da.lproj/Localizable.strings /Users/xinyufang/Library/Developer/Xcode/DerivedData/Buzz-faillbpsmponqzeruhhvskovixzk/SourcePackages/checkouts/stripe-ios-spm/StripeFinancialConnections/StripeFinancialConnections/Resources/Localizations/da.lproj/Localizable.strings (in target 'Stripe_StripeFinancialConnections' from project 'Stripe')
    cd /Users/xinyufang/Library/Developer/Xcode/DerivedData/Buzz-faillbpsmponqzeruhhvskovixzk/SourcePackages/checkouts/stripe-ios-spm
    builtin-copy -exclude .DS_Store -exclude CVS -exclude .svn -exclude .git -exclude .hg -resolve-src-symlinks /Users/xinyufang/Library/Developer/Xcode/DerivedData/Buzz-faillbpsmponqzeruhhvskovixzk/SourcePackages/checkouts/stripe-ios-spm/StripeFinancialConnections/StripeFinancialConnections/Resources/Localizations/da.lproj/Localizable.strings /Users/xinyufang/Library/Developer/Xcode/DerivedData/Buzz-faillbpsmponqzeruhhvskovixzk/Build/Products/Debug-iphonesimulator/Stripe_StripeFinancialConnections.bundle/da.lproj

CpResource /Users/xinyufang/Library/Developer/Xcode/DerivedData/Buzz-faillbpsmponqzeruhhvskovixzk/Build/Products/Debug-iphonesimulator/Stripe_StripeFinancialConnections.bundle/cs-CZ.lproj/Localizable.strings /Users/xinyufang/Library/Developer/Xcode/DerivedData/Buzz-faillbpsmponqzeruhhvskovixzk/SourcePackages/checkouts/stripe-ios-spm/StripeFinancialConnections/StripeFinancialConnections/Resources/Localizations/cs-CZ.lproj/Localizable.strings (in target 'Stripe_StripeFinancialConnections' from project 'Stripe')
    cd /Users/xinyufang/Library/Developer/Xcode/DerivedData/Buzz-faillbpsmponqzeruhhvskovixzk/SourcePackages/checkouts/stripe-ios-spm
    builtin-copy -exclude .DS_Store -exclude CVS -exclude .svn -exclude .git -exclude .hg -resolve-src-symlinks /Users/xinyufang/Library/Developer/Xcode/DerivedData/Buzz-faillbpsmponqzeruhhvskovixzk/SourcePackages/checkouts/stripe-ios-spm/StripeFinancialConnections/StripeFinancialConnections/Resources/Localizations/cs-CZ.lproj/Localizable.strings /Users/xinyufang/Library/Developer/Xcode/DerivedData/Buzz-faillbpsmponqzeruhhvskovixzk/Build/Products/Debug-iphonesimulator/Stripe_StripeFinancialConnections.bundle/cs-CZ.lproj

CpResource /Users/xinyufang/Library/Developer/Xcode/DerivedData/Buzz-faillbpsmponqzeruhhvskovixzk/Build/Products/Debug-iphonesimulator/Stripe_StripeFinancialConnections.bundle/close@3x.png /Users/xinyufang/Library/Developer/Xcode/DerivedData/Buzz-faillbpsmponqzeruhhvskovixzk/SourcePackages/checkouts/stripe-ios-spm/StripeFinancialConnections/StripeFinancialConnections/Resources/Images/close@3x.png (in target 'Stripe_StripeFinancialConnections' from project 'Stripe')
    cd /Users/xinyufang/Library/Developer/Xcode/DerivedData/Buzz-faillbpsmponqzeruhhvskovixzk/SourcePackages/checkouts/stripe-ios-spm
    builtin-copy -exclude .DS_Store -exclude CVS -exclude .svn -exclude .git -exclude .hg -resolve-src-symlinks /Users/xinyufang/Library/Developer/Xcode/DerivedData/Buzz-faillbpsmponqzeruhhvskovixzk/SourcePackages/checkouts/stripe-ios-spm/StripeFinancialConnections/StripeFinancialConnections/Resources/Images/close@3x.png /Users/xinyufang/Library/Developer/Xcode/DerivedData/Buzz-faillbpsmponqzeruhhvskovixzk/Build/Products/Debug-iphonesimulator/Stripe_StripeFinancialConnections.bundle

CpResource /Users/xinyufang/Library/Developer/Xcode/DerivedData/Buzz-faillbpsmponqzeruhhvskovixzk/Build/Products/Debug-iphonesimulator/Stripe_StripeFinancialConnections.bundle/chevron_down@3x.png /Users/xinyufang/Library/Developer/Xcode/DerivedData/Buzz-faillbpsmponqzeruhhvskovixzk/SourcePackages/checkouts/stripe-ios-spm/StripeFinancialConnections/StripeFinancialConnections/Resources/Images/chevron_down@3x.png (in target 'Stripe_StripeFinancialConnections' from project 'Stripe')
    cd /Users/xinyufang/Library/Developer/Xcode/DerivedData/Buzz-faillbpsmponqzeruhhvskovixzk/SourcePackages/checkouts/stripe-ios-spm
    builtin-copy -exclude .DS_Store -exclude CVS -exclude .svn -exclude .git -exclude .hg -resolve-src-symlinks /Users/xinyufang/Library/Developer/Xcode/DerivedData/Buzz-faillbpsmponqzeruhhvskovixzk/SourcePackages/checkouts/stripe-ios-spm/StripeFinancialConnections/StripeFinancialConnections/Resources/Images/chevron_down@3x.png /Users/xinyufang/Library/Developer/Xcode/DerivedData/Buzz-faillbpsmponqzeruhhvskovixzk/Build/Products/Debug-iphonesimulator/Stripe_StripeFinancialConnections.bundle

CpResource /Users/xinyufang/Library/Developer/Xcode/DerivedData/Buzz-faillbpsmponqzeruhhvskovixzk/Build/Products/Debug-iphonesimulator/Stripe_StripeFinancialConnections.bundle/check@3x.png /Users/xinyufang/Library/Developer/Xcode/DerivedData/Buzz-faillbpsmponqzeruhhvskovixzk/SourcePackages/checkouts/stripe-ios-spm/StripeFinancialConnections/StripeFinancialConnections/Resources/Images/check@3x.png (in target 'Stripe_StripeFinancialConnections' from project 'Stripe')
    cd /Users/xinyufang/Library/Developer/Xcode/DerivedData/Buzz-faillbpsmponqzeruhhvskovixzk/SourcePackages/checkouts/stripe-ios-spm
    builtin-copy -exclude .DS_Store -exclude CVS -exclude .svn -exclude .git -exclude .hg -resolve-src-symlinks /Users/xinyufang/Library/Developer/Xcode/DerivedData/Buzz-faillbpsmponqzeruhhvskovixzk/SourcePackages/checkouts/stripe-ios-spm/StripeFinancialConnections/StripeFinancialConnections/Resources/Images/check@3x.png /Users/xinyufang/Library/Developer/Xcode/DerivedData/Buzz-faillbpsmponqzeruhhvskovixzk/Build/Products/Debug-iphonesimulator/Stripe_StripeFinancialConnections.bundle

CpResource /Users/xinyufang/Library/Developer/Xcode/DerivedData/Buzz-faillbpsmponqzeruhhvskovixzk/Build/Products/Debug-iphonesimulator/Stripe_StripeFinancialConnections.bundle/cancel_circle@3x.png /Users/xinyufang/Library/Developer/Xcode/DerivedData/Buzz-faillbpsmponqzeruhhvskovixzk/SourcePackages/checkouts/stripe-ios-spm/StripeFinancialConnections/StripeFinancialConnections/Resources/Images/cancel_circle@3x.png (in target 'Stripe_StripeFinancialConnections' from project 'Stripe')
    cd /Users/xinyufang/Library/Developer/Xcode/DerivedData/Buzz-faillbpsmponqzeruhhvskovixzk/SourcePackages/checkouts/stripe-ios-spm
    builtin-copy -exclude .DS_Store -exclude CVS -exclude .svn -exclude .git -exclude .hg -resolve-src-symlinks /Users/xinyufang/Library/Developer/Xcode/DerivedData/Buzz-faillbpsmponqzeruhhvskovixzk/SourcePackages/checkouts/stripe-ios-spm/StripeFinancialConnections/StripeFinancialConnections/Resources/Images/cancel_circle@3x.png /Users/xinyufang/Library/Developer/Xcode/DerivedData/Buzz-faillbpsmponqzeruhhvskovixzk/Build/Products/Debug-iphonesimulator/Stripe_StripeFinancialConnections.bundle

CpResource /Users/xinyufang/Library/Developer/Xcode/DerivedData/Buzz-faillbpsmponqzeruhhvskovixzk/Build/Products/Debug-iphonesimulator/Stripe_StripeFinancialConnections.bundle/ca-ES.lproj/Localizable.strings /Users/xinyufang/Library/Developer/Xcode/DerivedData/Buzz-faillbpsmponqzeruhhvskovixzk/SourcePackages/checkouts/stripe-ios-spm/StripeFinancialConnections/StripeFinancialConnections/Resources/Localizations/ca-ES.lproj/Localizable.strings (in target 'Stripe_StripeFinancialConnections' from project 'Stripe')
    cd /Users/xinyufang/Library/Developer/Xcode/DerivedData/Buzz-faillbpsmponqzeruhhvskovixzk/SourcePackages/checkouts/stripe-ios-spm
    builtin-copy -exclude .DS_Store -exclude CVS -exclude .svn -exclude .git -exclude .hg -resolve-src-symlinks /Users/xinyufang/Library/Developer/Xcode/DerivedData/Buzz-faillbpsmponqzeruhhvskovixzk/SourcePackages/checkouts/stripe-ios-spm/StripeFinancialConnections/StripeFinancialConnections/Resources/Localizations/ca-ES.lproj/Localizable.strings /Users/xinyufang/Library/Developer/Xcode/DerivedData/Buzz-faillbpsmponqzeruhhvskovixzk/Build/Products/Debug-iphonesimulator/Stripe_StripeFinancialConnections.bundle/ca-ES.lproj

CpResource /Users/xinyufang/Library/Developer/Xcode/DerivedData/Buzz-faillbpsmponqzeruhhvskovixzk/Build/Products/Debug-iphonesimulator/Stripe_StripeFinancialConnections.bundle/bullet@3x.png /Users/xinyufang/Library/Developer/Xcode/DerivedData/Buzz-faillbpsmponqzeruhhvskovixzk/SourcePackages/checkouts/stripe-ios-spm/StripeFinancialConnections/StripeFinancialConnections/Resources/Images/bullet@3x.png (in target 'Stripe_StripeFinancialConnections' from project 'Stripe')
    cd /Users/xinyufang/Library/Developer/Xcode/DerivedData/Buzz-faillbpsmponqzeruhhvskovixzk/SourcePackages/checkouts/stripe-ios-spm
    builtin-copy -exclude .DS_Store -exclude CVS -exclude .svn -exclude .git -exclude .hg -resolve-src-symlinks /Users/xinyufang/Library/Developer/Xcode/DerivedData/Buzz-faillbpsmponqzeruhhvskovixzk/SourcePackages/checkouts/stripe-ios-spm/StripeFinancialConnections/StripeFinancialConnections/Resources/Images/bullet@3x.png /Users/xinyufang/Library/Developer/Xcode/DerivedData/Buzz-faillbpsmponqzeruhhvskovixzk/Build/Products/Debug-iphonesimulator/Stripe_StripeFinancialConnections.bundle

CpResource /Users/xinyufang/Library/Developer/Xcode/DerivedData/Buzz-faillbpsmponqzeruhhvskovixzk/Build/Products/Debug-iphonesimulator/Stripe_StripeFinancialConnections.bundle/bank@3x.png /Users/xinyufang/Library/Developer/Xcode/DerivedData/Buzz-faillbpsmponqzeruhhvskovixzk/SourcePackages/checkouts/stripe-ios-spm/StripeFinancialConnections/StripeFinancialConnections/Resources/Images/bank@3x.png (in target 'Stripe_StripeFinancialConnections' from project 'Stripe')
    cd /Users/xinyufang/Library/Developer/Xcode/DerivedData/Buzz-faillbpsmponqzeruhhvskovixzk/SourcePackages/checkouts/stripe-ios-spm
    builtin-copy -exclude .DS_Store -exclude CVS -exclude .svn -exclude .git -exclude .hg -resolve-src-symlinks /Users/xinyufang/Library/Developer/Xcode/DerivedData/Buzz-faillbpsmponqzeruhhvskovixzk/SourcePackages/checkouts/stripe-ios-spm/StripeFinancialConnections/StripeFinancialConnections/Resources/Images/bank@3x.png /Users/xinyufang/Library/Developer/Xcode/DerivedData/Buzz-faillbpsmponqzeruhhvskovixzk/Build/Products/Debug-iphonesimulator/Stripe_StripeFinancialConnections.bundle

CpResource /Users/xinyufang/Library/Developer/Xcode/DerivedData/Buzz-faillbpsmponqzeruhhvskovixzk/Build/Products/Debug-iphonesimulator/Stripe_StripeFinancialConnections.bundle/bg-BG.lproj/Localizable.strings /Users/xinyufang/Library/Developer/Xcode/DerivedData/Buzz-faillbpsmponqzeruhhvskovixzk/SourcePackages/checkouts/stripe-ios-spm/StripeFinancialConnections/StripeFinancialConnections/Resources/Localizations/bg-BG.lproj/Localizable.strings (in target 'Stripe_StripeFinancialConnections' from project 'Stripe')
    cd /Users/xinyufang/Library/Developer/Xcode/DerivedData/Buzz-faillbpsmponqzeruhhvskovixzk/SourcePackages/checkouts/stripe-ios-spm
    builtin-copy -exclude .DS_Store -exclude CVS -exclude .svn -exclude .git -exclude .hg -resolve-src-symlinks /Users/xinyufang/Library/Developer/Xcode/DerivedData/Buzz-faillbpsmponqzeruhhvskovixzk/SourcePackages/checkouts/stripe-ios-spm/StripeFinancialConnections/StripeFinancialConnections/Resources/Localizations/bg-BG.lproj/Localizable.strings /Users/xinyufang/Library/Developer/Xcode/DerivedData/Buzz-faillbpsmponqzeruhhvskovixzk/Build/Products/Debug-iphonesimulator/Stripe_StripeFinancialConnections.bundle/bg-BG.lproj

CpResource /Users/xinyufang/Library/Developer/Xcode/DerivedData/Buzz-faillbpsmponqzeruhhvskovixzk/Build/Products/Debug-iphonesimulator/Stripe_StripeFinancialConnections.bundle/back_arrow@3x.png /Users/xinyufang/Library/Developer/Xcode/DerivedData/Buzz-faillbpsmponqzeruhhvskovixzk/SourcePackages/checkouts/stripe-ios-spm/StripeFinancialConnections/StripeFinancialConnections/Resources/Images/back_arrow@3x.png (in target 'Stripe_StripeFinancialConnections' from project 'Stripe')
    cd /Users/xinyufang/Library/Developer/Xcode/DerivedData/Buzz-faillbpsmponqzeruhhvskovixzk/SourcePackages/checkouts/stripe-ios-spm
    builtin-copy -exclude .DS_Store -exclude CVS -exclude .svn -exclude .git -exclude .hg -resolve-src-symlinks /Users/xinyufang/Library/Developer/Xcode/DerivedData/Buzz-faillbpsmponqzeruhhvskovixzk/SourcePackages/checkouts/stripe-ios-spm/StripeFinancialConnections/StripeFinancialConnections/Resources/Images/back_arrow@3x.png /Users/xinyufang/Library/Developer/Xcode/DerivedData/Buzz-faillbpsmponqzeruhhvskovixzk/Build/Products/Debug-iphonesimulator/Stripe_StripeFinancialConnections.bundle

CpResource /Users/xinyufang/Library/Developer/Xcode/DerivedData/Buzz-faillbpsmponqzeruhhvskovixzk/Build/Products/Debug-iphonesimulator/Stripe_StripeFinancialConnections.bundle/add@3x.png /Users/xinyufang/Library/Developer/Xcode/DerivedData/Buzz-faillbpsmponqzeruhhvskovixzk/SourcePackages/checkouts/stripe-ios-spm/StripeFinancialConnections/StripeFinancialConnections/Resources/Images/add@3x.png (in target 'Stripe_StripeFinancialConnections' from project 'Stripe')
    cd /Users/xinyufang/Library/Developer/Xcode/DerivedData/Buzz-faillbpsmponqzeruhhvskovixzk/SourcePackages/checkouts/stripe-ios-spm
    builtin-copy -exclude .DS_Store -exclude CVS -exclude .svn -exclude .git -exclude .hg -resolve-src-symlinks /Users/xinyufang/Library/Developer/Xcode/DerivedData/Buzz-faillbpsmponqzeruhhvskovixzk/SourcePackages/checkouts/stripe-ios-spm/StripeFinancialConnections/StripeFinancialConnections/Resources/Images/add@3x.png /Users/xinyufang/Library/Developer/Xcode/DerivedData/Buzz-faillbpsmponqzeruhhvskovixzk/Build/Products/Debug-iphonesimulator/Stripe_StripeFinancialConnections.bundle

CpResource /Users/xinyufang/Library/Developer/Xcode/DerivedData/Buzz-faillbpsmponqzeruhhvskovixzk/Build/Products/Debug-iphonesimulator/Stripe_StripeFinancialConnections.bundle/PrivacyInfo.xcprivacy /Users/xinyufang/Library/Developer/Xcode/DerivedData/Buzz-faillbpsmponqzeruhhvskovixzk/SourcePackages/checkouts/stripe-ios-spm/StripeFinancialConnections/StripeFinancialConnections/PrivacyInfo.xcprivacy (in target 'Stripe_StripeFinancialConnections' from project 'Stripe')
    cd /Users/xinyufang/Library/Developer/Xcode/DerivedData/Buzz-faillbpsmponqzeruhhvskovixzk/SourcePackages/checkouts/stripe-ios-spm
    builtin-copy -exclude .DS_Store -exclude CVS -exclude .svn -exclude .git -exclude .hg -resolve-src-symlinks /Users/xinyufang/Library/Developer/Xcode/DerivedData/Buzz-faillbpsmponqzeruhhvskovixzk/SourcePackages/checkouts/stripe-ios-spm/StripeFinancialConnections/StripeFinancialConnections/PrivacyInfo.xcprivacy /Users/xinyufang/Library/Developer/Xcode/DerivedData/Buzz-faillbpsmponqzeruhhvskovixzk/Build/Products/Debug-iphonesimulator/Stripe_StripeFinancialConnections.bundle

ProcessInfoPlistFile /Users/xinyufang/Library/Developer/Xcode/DerivedData/Buzz-faillbpsmponqzeruhhvskovixzk/Build/Products/Debug-iphonesimulator/Stripe_StripeCore.bundle/Info.plist /Users/xinyufang/Library/Developer/Xcode/DerivedData/Buzz-faillbpsmponqzeruhhvskovixzk/Build/Intermediates.noindex/Stripe.build/Debug-iphonesimulator/Stripe_StripeCore.build/empty-Stripe_StripeCore.plist (in target 'Stripe_StripeCore' from project 'Stripe')
    cd /Users/xinyufang/Library/Developer/Xcode/DerivedData/Buzz-faillbpsmponqzeruhhvskovixzk/SourcePackages/checkouts/stripe-ios-spm
    builtin-infoPlistUtility /Users/xinyufang/Library/Developer/Xcode/DerivedData/Buzz-faillbpsmponqzeruhhvskovixzk/Build/Intermediates.noindex/Stripe.build/Debug-iphonesimulator/Stripe_StripeCore.build/empty-Stripe_StripeCore.plist -producttype com.apple.product-type.bundle -expandbuildsettings -format binary -platform iphonesimulator -o /Users/xinyufang/Library/Developer/Xcode/DerivedData/Buzz-faillbpsmponqzeruhhvskovixzk/Build/Products/Debug-iphonesimulator/Stripe_StripeCore.bundle/Info.plist

CpResource /Users/xinyufang/Library/Developer/Xcode/DerivedData/Buzz-faillbpsmponqzeruhhvskovixzk/Build/Products/Debug-iphonesimulator/Stripe_StripeCore.bundle/zh-Hant.lproj/Localizable.strings /Users/xinyufang/Library/Developer/Xcode/DerivedData/Buzz-faillbpsmponqzeruhhvskovixzk/SourcePackages/checkouts/stripe-ios-spm/StripeCore/StripeCore/Resources/Localizations/zh-Hant.lproj/Localizable.strings (in target 'Stripe_StripeCore' from project 'Stripe')
    cd /Users/xinyufang/Library/Developer/Xcode/DerivedData/Buzz-faillbpsmponqzeruhhvskovixzk/SourcePackages/checkouts/stripe-ios-spm
    builtin-copy -exclude .DS_Store -exclude CVS -exclude .svn -exclude .git -exclude .hg -resolve-src-symlinks /Users/xinyufang/Library/Developer/Xcode/DerivedData/Buzz-faillbpsmponqzeruhhvskovixzk/SourcePackages/checkouts/stripe-ios-spm/StripeCore/StripeCore/Resources/Localizations/zh-Hant.lproj/Localizable.strings /Users/xinyufang/Library/Developer/Xcode/DerivedData/Buzz-faillbpsmponqzeruhhvskovixzk/Build/Products/Debug-iphonesimulator/Stripe_StripeCore.bundle/zh-Hant.lproj

CpResource /Users/xinyufang/Library/Developer/Xcode/DerivedData/Buzz-faillbpsmponqzeruhhvskovixzk/Build/Products/Debug-iphonesimulator/Stripe_StripeCore.bundle/zh-Hans.lproj/Localizable.strings /Users/xinyufang/Library/Developer/Xcode/DerivedData/Buzz-faillbpsmponqzeruhhvskovixzk/SourcePackages/checkouts/stripe-ios-spm/StripeCore/StripeCore/Resources/Localizations/zh-Hans.lproj/Localizable.strings (in target 'Stripe_StripeCore' from project 'Stripe')
    cd /Users/xinyufang/Library/Developer/Xcode/DerivedData/Buzz-faillbpsmponqzeruhhvskovixzk/SourcePackages/checkouts/stripe-ios-spm
    builtin-copy -exclude .DS_Store -exclude CVS -exclude .svn -exclude .git -exclude .hg -resolve-src-symlinks /Users/xinyufang/Library/Developer/Xcode/DerivedData/Buzz-faillbpsmponqzeruhhvskovixzk/SourcePackages/checkouts/stripe-ios-spm/StripeCore/StripeCore/Resources/Localizations/zh-Hans.lproj/Localizable.strings /Users/xinyufang/Library/Developer/Xcode/DerivedData/Buzz-faillbpsmponqzeruhhvskovixzk/Build/Products/Debug-iphonesimulator/Stripe_StripeCore.bundle/zh-Hans.lproj

CpResource /Users/xinyufang/Library/Developer/Xcode/DerivedData/Buzz-faillbpsmponqzeruhhvskovixzk/Build/Products/Debug-iphonesimulator/Stripe_StripeCore.bundle/zh-HK.lproj/Localizable.strings /Users/xinyufang/Library/Developer/Xcode/DerivedData/Buzz-faillbpsmponqzeruhhvskovixzk/SourcePackages/checkouts/stripe-ios-spm/StripeCore/StripeCore/Resources/Localizations/zh-HK.lproj/Localizable.strings (in target 'Stripe_StripeCore' from project 'Stripe')
    cd /Users/xinyufang/Library/Developer/Xcode/DerivedData/Buzz-faillbpsmponqzeruhhvskovixzk/SourcePackages/checkouts/stripe-ios-spm
    builtin-copy -exclude .DS_Store -exclude CVS -exclude .svn -exclude .git -exclude .hg -resolve-src-symlinks /Users/xinyufang/Library/Developer/Xcode/DerivedData/Buzz-faillbpsmponqzeruhhvskovixzk/SourcePackages/checkouts/stripe-ios-spm/StripeCore/StripeCore/Resources/Localizations/zh-HK.lproj/Localizable.strings /Users/xinyufang/Library/Developer/Xcode/DerivedData/Buzz-faillbpsmponqzeruhhvskovixzk/Build/Products/Debug-iphonesimulator/Stripe_StripeCore.bundle/zh-HK.lproj

CpResource /Users/xinyufang/Library/Developer/Xcode/DerivedData/Buzz-faillbpsmponqzeruhhvskovixzk/Build/Products/Debug-iphonesimulator/Stripe_StripeCore.bundle/vi.lproj/Localizable.strings /Users/xinyufang/Library/Developer/Xcode/DerivedData/Buzz-faillbpsmponqzeruhhvskovixzk/SourcePackages/checkouts/stripe-ios-spm/StripeCore/StripeCore/Resources/Localizations/vi.lproj/Localizable.strings (in target 'Stripe_StripeCore' from project 'Stripe')
    cd /Users/xinyufang/Library/Developer/Xcode/DerivedData/Buzz-faillbpsmponqzeruhhvskovixzk/SourcePackages/checkouts/stripe-ios-spm
    builtin-copy -exclude .DS_Store -exclude CVS -exclude .svn -exclude .git -exclude .hg -resolve-src-symlinks /Users/xinyufang/Library/Developer/Xcode/DerivedData/Buzz-faillbpsmponqzeruhhvskovixzk/SourcePackages/checkouts/stripe-ios-spm/StripeCore/StripeCore/Resources/Localizations/vi.lproj/Localizable.strings /Users/xinyufang/Library/Developer/Xcode/DerivedData/Buzz-faillbpsmponqzeruhhvskovixzk/Build/Products/Debug-iphonesimulator/Stripe_StripeCore.bundle/vi.lproj

CpResource /Users/xinyufang/Library/Developer/Xcode/DerivedData/Buzz-faillbpsmponqzeruhhvskovixzk/Build/Products/Debug-iphonesimulator/Stripe_StripeCore.bundle/tr.lproj/Localizable.strings /Users/xinyufang/Library/Developer/Xcode/DerivedData/Buzz-faillbpsmponqzeruhhvskovixzk/SourcePackages/checkouts/stripe-ios-spm/StripeCore/StripeCore/Resources/Localizations/tr.lproj/Localizable.strings (in target 'Stripe_StripeCore' from project 'Stripe')
    cd /Users/xinyufang/Library/Developer/Xcode/DerivedData/Buzz-faillbpsmponqzeruhhvskovixzk/SourcePackages/checkouts/stripe-ios-spm
    builtin-copy -exclude .DS_Store -exclude CVS -exclude .svn -exclude .git -exclude .hg -resolve-src-symlinks /Users/xinyufang/Library/Developer/Xcode/DerivedData/Buzz-faillbpsmponqzeruhhvskovixzk/SourcePackages/checkouts/stripe-ios-spm/StripeCore/StripeCore/Resources/Localizations/tr.lproj/Localizable.strings /Users/xinyufang/Library/Developer/Xcode/DerivedData/Buzz-faillbpsmponqzeruhhvskovixzk/Build/Products/Debug-iphonesimulator/Stripe_StripeCore.bundle/tr.lproj

CpResource /Users/xinyufang/Library/Developer/Xcode/DerivedData/Buzz-faillbpsmponqzeruhhvskovixzk/Build/Products/Debug-iphonesimulator/Stripe_StripeCore.bundle/th.lproj/Localizable.strings /Users/xinyufang/Library/Developer/Xcode/DerivedData/Buzz-faillbpsmponqzeruhhvskovixzk/SourcePackages/checkouts/stripe-ios-spm/StripeCore/StripeCore/Resources/Localizations/th.lproj/Localizable.strings (in target 'Stripe_StripeCore' from project 'Stripe')
    cd /Users/xinyufang/Library/Developer/Xcode/DerivedData/Buzz-faillbpsmponqzeruhhvskovixzk/SourcePackages/checkouts/stripe-ios-spm
    builtin-copy -exclude .DS_Store -exclude CVS -exclude .svn -exclude .git -exclude .hg -resolve-src-symlinks /Users/xinyufang/Library/Developer/Xcode/DerivedData/Buzz-faillbpsmponqzeruhhvskovixzk/SourcePackages/checkouts/stripe-ios-spm/StripeCore/StripeCore/Resources/Localizations/th.lproj/Localizable.strings /Users/xinyufang/Library/Developer/Xcode/DerivedData/Buzz-faillbpsmponqzeruhhvskovixzk/Build/Products/Debug-iphonesimulator/Stripe_StripeCore.bundle/th.lproj

CpResource /Users/xinyufang/Library/Developer/Xcode/DerivedData/Buzz-faillbpsmponqzeruhhvskovixzk/Build/Products/Debug-iphonesimulator/Stripe_StripeCore.bundle/sv.lproj/Localizable.strings /Users/xinyufang/Library/Developer/Xcode/DerivedData/Buzz-faillbpsmponqzeruhhvskovixzk/SourcePackages/checkouts/stripe-ios-spm/StripeCore/StripeCore/Resources/Localizations/sv.lproj/Localizable.strings (in target 'Stripe_StripeCore' from project 'Stripe')
    cd /Users/xinyufang/Library/Developer/Xcode/DerivedData/Buzz-faillbpsmponqzeruhhvskovixzk/SourcePackages/checkouts/stripe-ios-spm
    builtin-copy -exclude .DS_Store -exclude CVS -exclude .svn -exclude .git -exclude .hg -resolve-src-symlinks /Users/xinyufang/Library/Developer/Xcode/DerivedData/Buzz-faillbpsmponqzeruhhvskovixzk/SourcePackages/checkouts/stripe-ios-spm/StripeCore/StripeCore/Resources/Localizations/sv.lproj/Localizable.strings /Users/xinyufang/Library/Developer/Xcode/DerivedData/Buzz-faillbpsmponqzeruhhvskovixzk/Build/Products/Debug-iphonesimulator/Stripe_StripeCore.bundle/sv.lproj

CpResource /Users/xinyufang/Library/Developer/Xcode/DerivedData/Buzz-faillbpsmponqzeruhhvskovixzk/Build/Products/Debug-iphonesimulator/Stripe_StripeCore.bundle/sl-SI.lproj/Localizable.strings /Users/xinyufang/Library/Developer/Xcode/DerivedData/Buzz-faillbpsmponqzeruhhvskovixzk/SourcePackages/checkouts/stripe-ios-spm/StripeCore/StripeCore/Resources/Localizations/sl-SI.lproj/Localizable.strings (in target 'Stripe_StripeCore' from project 'Stripe')
    cd /Users/xinyufang/Library/Developer/Xcode/DerivedData/Buzz-faillbpsmponqzeruhhvskovixzk/SourcePackages/checkouts/stripe-ios-spm
    builtin-copy -exclude .DS_Store -exclude CVS -exclude .svn -exclude .git -exclude .hg -resolve-src-symlinks /Users/xinyufang/Library/Developer/Xcode/DerivedData/Buzz-faillbpsmponqzeruhhvskovixzk/SourcePackages/checkouts/stripe-ios-spm/StripeCore/StripeCore/Resources/Localizations/sl-SI.lproj/Localizable.strings /Users/xinyufang/Library/Developer/Xcode/DerivedData/Buzz-faillbpsmponqzeruhhvskovixzk/Build/Products/Debug-iphonesimulator/Stripe_StripeCore.bundle/sl-SI.lproj

CpResource /Users/xinyufang/Library/Developer/Xcode/DerivedData/Buzz-faillbpsmponqzeruhhvskovixzk/Build/Products/Debug-iphonesimulator/Stripe_StripeCore.bundle/sk-SK.lproj/Localizable.strings /Users/xinyufang/Library/Developer/Xcode/DerivedData/Buzz-faillbpsmponqzeruhhvskovixzk/SourcePackages/checkouts/stripe-ios-spm/StripeCore/StripeCore/Resources/Localizations/sk-SK.lproj/Localizable.strings (in target 'Stripe_StripeCore' from project 'Stripe')
    cd /Users/xinyufang/Library/Developer/Xcode/DerivedData/Buzz-faillbpsmponqzeruhhvskovixzk/SourcePackages/checkouts/stripe-ios-spm
    builtin-copy -exclude .DS_Store -exclude CVS -exclude .svn -exclude .git -exclude .hg -resolve-src-symlinks /Users/xinyufang/Library/Developer/Xcode/DerivedData/Buzz-faillbpsmponqzeruhhvskovixzk/SourcePackages/checkouts/stripe-ios-spm/StripeCore/StripeCore/Resources/Localizations/sk-SK.lproj/Localizable.strings /Users/xinyufang/Library/Developer/Xcode/DerivedData/Buzz-faillbpsmponqzeruhhvskovixzk/Build/Products/Debug-iphonesimulator/Stripe_StripeCore.bundle/sk-SK.lproj

CpResource /Users/xinyufang/Library/Developer/Xcode/DerivedData/Buzz-faillbpsmponqzeruhhvskovixzk/Build/Products/Debug-iphonesimulator/Stripe_StripeCore.bundle/ru.lproj/Localizable.strings /Users/xinyufang/Library/Developer/Xcode/DerivedData/Buzz-faillbpsmponqzeruhhvskovixzk/SourcePackages/checkouts/stripe-ios-spm/StripeCore/StripeCore/Resources/Localizations/ru.lproj/Localizable.strings (in target 'Stripe_StripeCore' from project 'Stripe')
    cd /Users/xinyufang/Library/Developer/Xcode/DerivedData/Buzz-faillbpsmponqzeruhhvskovixzk/SourcePackages/checkouts/stripe-ios-spm
    builtin-copy -exclude .DS_Store -exclude CVS -exclude .svn -exclude .git -exclude .hg -resolve-src-symlinks /Users/xinyufang/Library/Developer/Xcode/DerivedData/Buzz-faillbpsmponqzeruhhvskovixzk/SourcePackages/checkouts/stripe-ios-spm/StripeCore/StripeCore/Resources/Localizations/ru.lproj/Localizable.strings /Users/xinyufang/Library/Developer/Xcode/DerivedData/Buzz-faillbpsmponqzeruhhvskovixzk/Build/Products/Debug-iphonesimulator/Stripe_StripeCore.bundle/ru.lproj

CpResource /Users/xinyufang/Library/Developer/Xcode/DerivedData/Buzz-faillbpsmponqzeruhhvskovixzk/Build/Products/Debug-iphonesimulator/Stripe_StripeCore.bundle/ro-RO.lproj/Localizable.strings /Users/xinyufang/Library/Developer/Xcode/DerivedData/Buzz-faillbpsmponqzeruhhvskovixzk/SourcePackages/checkouts/stripe-ios-spm/StripeCore/StripeCore/Resources/Localizations/ro-RO.lproj/Localizable.strings (in target 'Stripe_StripeCore' from project 'Stripe')
    cd /Users/xinyufang/Library/Developer/Xcode/DerivedData/Buzz-faillbpsmponqzeruhhvskovixzk/SourcePackages/checkouts/stripe-ios-spm
    builtin-copy -exclude .DS_Store -exclude CVS -exclude .svn -exclude .git -exclude .hg -resolve-src-symlinks /Users/xinyufang/Library/Developer/Xcode/DerivedData/Buzz-faillbpsmponqzeruhhvskovixzk/SourcePackages/checkouts/stripe-ios-spm/StripeCore/StripeCore/Resources/Localizations/ro-RO.lproj/Localizable.strings /Users/xinyufang/Library/Developer/Xcode/DerivedData/Buzz-faillbpsmponqzeruhhvskovixzk/Build/Products/Debug-iphonesimulator/Stripe_StripeCore.bundle/ro-RO.lproj

CpResource /Users/xinyufang/Library/Developer/Xcode/DerivedData/Buzz-faillbpsmponqzeruhhvskovixzk/Build/Products/Debug-iphonesimulator/Stripe_StripeCore.bundle/pt-PT.lproj/Localizable.strings /Users/xinyufang/Library/Developer/Xcode/DerivedData/Buzz-faillbpsmponqzeruhhvskovixzk/SourcePackages/checkouts/stripe-ios-spm/StripeCore/StripeCore/Resources/Localizations/pt-PT.lproj/Localizable.strings (in target 'Stripe_StripeCore' from project 'Stripe')
    cd /Users/xinyufang/Library/Developer/Xcode/DerivedData/Buzz-faillbpsmponqzeruhhvskovixzk/SourcePackages/checkouts/stripe-ios-spm
    builtin-copy -exclude .DS_Store -exclude CVS -exclude .svn -exclude .git -exclude .hg -resolve-src-symlinks /Users/xinyufang/Library/Developer/Xcode/DerivedData/Buzz-faillbpsmponqzeruhhvskovixzk/SourcePackages/checkouts/stripe-ios-spm/StripeCore/StripeCore/Resources/Localizations/pt-PT.lproj/Localizable.strings /Users/xinyufang/Library/Developer/Xcode/DerivedData/Buzz-faillbpsmponqzeruhhvskovixzk/Build/Products/Debug-iphonesimulator/Stripe_StripeCore.bundle/pt-PT.lproj

CpResource /Users/xinyufang/Library/Developer/Xcode/DerivedData/Buzz-faillbpsmponqzeruhhvskovixzk/Build/Products/Debug-iphonesimulator/Stripe_StripeCore.bundle/pt-BR.lproj/Localizable.strings /Users/xinyufang/Library/Developer/Xcode/DerivedData/Buzz-faillbpsmponqzeruhhvskovixzk/SourcePackages/checkouts/stripe-ios-spm/StripeCore/StripeCore/Resources/Localizations/pt-BR.lproj/Localizable.strings (in target 'Stripe_StripeCore' from project 'Stripe')
    cd /Users/xinyufang/Library/Developer/Xcode/DerivedData/Buzz-faillbpsmponqzeruhhvskovixzk/SourcePackages/checkouts/stripe-ios-spm
    builtin-copy -exclude .DS_Store -exclude CVS -exclude .svn -exclude .git -exclude .hg -resolve-src-symlinks /Users/xinyufang/Library/Developer/Xcode/DerivedData/Buzz-faillbpsmponqzeruhhvskovixzk/SourcePackages/checkouts/stripe-ios-spm/StripeCore/StripeCore/Resources/Localizations/pt-BR.lproj/Localizable.strings /Users/xinyufang/Library/Developer/Xcode/DerivedData/Buzz-faillbpsmponqzeruhhvskovixzk/Build/Products/Debug-iphonesimulator/Stripe_StripeCore.bundle/pt-BR.lproj

CpResource /Users/xinyufang/Library/Developer/Xcode/DerivedData/Buzz-faillbpsmponqzeruhhvskovixzk/Build/Products/Debug-iphonesimulator/Stripe_StripeCore.bundle/pl-PL.lproj/Localizable.strings /Users/xinyufang/Library/Developer/Xcode/DerivedData/Buzz-faillbpsmponqzeruhhvskovixzk/SourcePackages/checkouts/stripe-ios-spm/StripeCore/StripeCore/Resources/Localizations/pl-PL.lproj/Localizable.strings (in target 'Stripe_StripeCore' from project 'Stripe')
    cd /Users/xinyufang/Library/Developer/Xcode/DerivedData/Buzz-faillbpsmponqzeruhhvskovixzk/SourcePackages/checkouts/stripe-ios-spm
    builtin-copy -exclude .DS_Store -exclude CVS -exclude .svn -exclude .git -exclude .hg -resolve-src-symlinks /Users/xinyufang/Library/Developer/Xcode/DerivedData/Buzz-faillbpsmponqzeruhhvskovixzk/SourcePackages/checkouts/stripe-ios-spm/StripeCore/StripeCore/Resources/Localizations/pl-PL.lproj/Localizable.strings /Users/xinyufang/Library/Developer/Xcode/DerivedData/Buzz-faillbpsmponqzeruhhvskovixzk/Build/Products/Debug-iphonesimulator/Stripe_StripeCore.bundle/pl-PL.lproj

CpResource /Users/xinyufang/Library/Developer/Xcode/DerivedData/Buzz-faillbpsmponqzeruhhvskovixzk/Build/Products/Debug-iphonesimulator/Stripe_StripeCore.bundle/nl.lproj/Localizable.strings /Users/xinyufang/Library/Developer/Xcode/DerivedData/Buzz-faillbpsmponqzeruhhvskovixzk/SourcePackages/checkouts/stripe-ios-spm/StripeCore/StripeCore/Resources/Localizations/nl.lproj/Localizable.strings (in target 'Stripe_StripeCore' from project 'Stripe')
    cd /Users/xinyufang/Library/Developer/Xcode/DerivedData/Buzz-faillbpsmponqzeruhhvskovixzk/SourcePackages/checkouts/stripe-ios-spm
    builtin-copy -exclude .DS_Store -exclude CVS -exclude .svn -exclude .git -exclude .hg -resolve-src-symlinks /Users/xinyufang/Library/Developer/Xcode/DerivedData/Buzz-faillbpsmponqzeruhhvskovixzk/SourcePackages/checkouts/stripe-ios-spm/StripeCore/StripeCore/Resources/Localizations/nl.lproj/Localizable.strings /Users/xinyufang/Library/Developer/Xcode/DerivedData/Buzz-faillbpsmponqzeruhhvskovixzk/Build/Products/Debug-iphonesimulator/Stripe_StripeCore.bundle/nl.lproj

CpResource /Users/xinyufang/Library/Developer/Xcode/DerivedData/Buzz-faillbpsmponqzeruhhvskovixzk/Build/Products/Debug-iphonesimulator/Stripe_StripeCore.bundle/nb.lproj/Localizable.strings /Users/xinyufang/Library/Developer/Xcode/DerivedData/Buzz-faillbpsmponqzeruhhvskovixzk/SourcePackages/checkouts/stripe-ios-spm/StripeCore/StripeCore/Resources/Localizations/nb.lproj/Localizable.strings (in target 'Stripe_StripeCore' from project 'Stripe')
    cd /Users/xinyufang/Library/Developer/Xcode/DerivedData/Buzz-faillbpsmponqzeruhhvskovixzk/SourcePackages/checkouts/stripe-ios-spm
    builtin-copy -exclude .DS_Store -exclude CVS -exclude .svn -exclude .git -exclude .hg -resolve-src-symlinks /Users/xinyufang/Library/Developer/Xcode/DerivedData/Buzz-faillbpsmponqzeruhhvskovixzk/SourcePackages/checkouts/stripe-ios-spm/StripeCore/StripeCore/Resources/Localizations/nb.lproj/Localizable.strings /Users/xinyufang/Library/Developer/Xcode/DerivedData/Buzz-faillbpsmponqzeruhhvskovixzk/Build/Products/Debug-iphonesimulator/Stripe_StripeCore.bundle/nb.lproj

CpResource /Users/xinyufang/Library/Developer/Xcode/DerivedData/Buzz-faillbpsmponqzeruhhvskovixzk/Build/Products/Debug-iphonesimulator/Stripe_StripeCore.bundle/mt.lproj/Localizable.strings /Users/xinyufang/Library/Developer/Xcode/DerivedData/Buzz-faillbpsmponqzeruhhvskovixzk/SourcePackages/checkouts/stripe-ios-spm/StripeCore/StripeCore/Resources/Localizations/mt.lproj/Localizable.strings (in target 'Stripe_StripeCore' from project 'Stripe')
    cd /Users/xinyufang/Library/Developer/Xcode/DerivedData/Buzz-faillbpsmponqzeruhhvskovixzk/SourcePackages/checkouts/stripe-ios-spm
    builtin-copy -exclude .DS_Store -exclude CVS -exclude .svn -exclude .git -exclude .hg -resolve-src-symlinks /Users/xinyufang/Library/Developer/Xcode/DerivedData/Buzz-faillbpsmponqzeruhhvskovixzk/SourcePackages/checkouts/stripe-ios-spm/StripeCore/StripeCore/Resources/Localizations/mt.lproj/Localizable.strings /Users/xinyufang/Library/Developer/Xcode/DerivedData/Buzz-faillbpsmponqzeruhhvskovixzk/Build/Products/Debug-iphonesimulator/Stripe_StripeCore.bundle/mt.lproj

CpResource /Users/xinyufang/Library/Developer/Xcode/DerivedData/Buzz-faillbpsmponqzeruhhvskovixzk/Build/Products/Debug-iphonesimulator/Stripe_StripeCore.bundle/ms-MY.lproj/Localizable.strings /Users/xinyufang/Library/Developer/Xcode/DerivedData/Buzz-faillbpsmponqzeruhhvskovixzk/SourcePackages/checkouts/stripe-ios-spm/StripeCore/StripeCore/Resources/Localizations/ms-MY.lproj/Localizable.strings (in target 'Stripe_StripeCore' from project 'Stripe')
    cd /Users/xinyufang/Library/Developer/Xcode/DerivedData/Buzz-faillbpsmponqzeruhhvskovixzk/SourcePackages/checkouts/stripe-ios-spm
    builtin-copy -exclude .DS_Store -exclude CVS -exclude .svn -exclude .git -exclude .hg -resolve-src-symlinks /Users/xinyufang/Library/Developer/Xcode/DerivedData/Buzz-faillbpsmponqzeruhhvskovixzk/SourcePackages/checkouts/stripe-ios-spm/StripeCore/StripeCore/Resources/Localizations/ms-MY.lproj/Localizable.strings /Users/xinyufang/Library/Developer/Xcode/DerivedData/Buzz-faillbpsmponqzeruhhvskovixzk/Build/Products/Debug-iphonesimulator/Stripe_StripeCore.bundle/ms-MY.lproj

CpResource /Users/xinyufang/Library/Developer/Xcode/DerivedData/Buzz-faillbpsmponqzeruhhvskovixzk/Build/Products/Debug-iphonesimulator/Stripe_StripeCore.bundle/lv-LV.lproj/Localizable.strings /Users/xinyufang/Library/Developer/Xcode/DerivedData/Buzz-faillbpsmponqzeruhhvskovixzk/SourcePackages/checkouts/stripe-ios-spm/StripeCore/StripeCore/Resources/Localizations/lv-LV.lproj/Localizable.strings (in target 'Stripe_StripeCore' from project 'Stripe')
    cd /Users/xinyufang/Library/Developer/Xcode/DerivedData/Buzz-faillbpsmponqzeruhhvskovixzk/SourcePackages/checkouts/stripe-ios-spm
    builtin-copy -exclude .DS_Store -exclude CVS -exclude .svn -exclude .git -exclude .hg -resolve-src-symlinks /Users/xinyufang/Library/Developer/Xcode/DerivedData/Buzz-faillbpsmponqzeruhhvskovixzk/SourcePackages/checkouts/stripe-ios-spm/StripeCore/StripeCore/Resources/Localizations/lv-LV.lproj/Localizable.strings /Users/xinyufang/Library/Developer/Xcode/DerivedData/Buzz-faillbpsmponqzeruhhvskovixzk/Build/Products/Debug-iphonesimulator/Stripe_StripeCore.bundle/lv-LV.lproj

CpResource /Users/xinyufang/Library/Developer/Xcode/DerivedData/Buzz-faillbpsmponqzeruhhvskovixzk/Build/Products/Debug-iphonesimulator/Stripe_StripeCore.bundle/lt-LT.lproj/Localizable.strings /Users/xinyufang/Library/Developer/Xcode/DerivedData/Buzz-faillbpsmponqzeruhhvskovixzk/SourcePackages/checkouts/stripe-ios-spm/StripeCore/StripeCore/Resources/Localizations/lt-LT.lproj/Localizable.strings (in target 'Stripe_StripeCore' from project 'Stripe')
    cd /Users/xinyufang/Library/Developer/Xcode/DerivedData/Buzz-faillbpsmponqzeruhhvskovixzk/SourcePackages/checkouts/stripe-ios-spm
    builtin-copy -exclude .DS_Store -exclude CVS -exclude .svn -exclude .git -exclude .hg -resolve-src-symlinks /Users/xinyufang/Library/Developer/Xcode/DerivedData/Buzz-faillbpsmponqzeruhhvskovixzk/SourcePackages/checkouts/stripe-ios-spm/StripeCore/StripeCore/Resources/Localizations/lt-LT.lproj/Localizable.strings /Users/xinyufang/Library/Developer/Xcode/DerivedData/Buzz-faillbpsmponqzeruhhvskovixzk/Build/Products/Debug-iphonesimulator/Stripe_StripeCore.bundle/lt-LT.lproj

CpResource /Users/xinyufang/Library/Developer/Xcode/DerivedData/Buzz-faillbpsmponqzeruhhvskovixzk/Build/Products/Debug-iphonesimulator/Stripe_StripeCore.bundle/ko.lproj/Localizable.strings /Users/xinyufang/Library/Developer/Xcode/DerivedData/Buzz-faillbpsmponqzeruhhvskovixzk/SourcePackages/checkouts/stripe-ios-spm/StripeCore/StripeCore/Resources/Localizations/ko.lproj/Localizable.strings (in target 'Stripe_StripeCore' from project 'Stripe')
    cd /Users/xinyufang/Library/Developer/Xcode/DerivedData/Buzz-faillbpsmponqzeruhhvskovixzk/SourcePackages/checkouts/stripe-ios-spm
    builtin-copy -exclude .DS_Store -exclude CVS -exclude .svn -exclude .git -exclude .hg -resolve-src-symlinks /Users/xinyufang/Library/Developer/Xcode/DerivedData/Buzz-faillbpsmponqzeruhhvskovixzk/SourcePackages/checkouts/stripe-ios-spm/StripeCore/StripeCore/Resources/Localizations/ko.lproj/Localizable.strings /Users/xinyufang/Library/Developer/Xcode/DerivedData/Buzz-faillbpsmponqzeruhhvskovixzk/Build/Products/Debug-iphonesimulator/Stripe_StripeCore.bundle/ko.lproj

CpResource /Users/xinyufang/Library/Developer/Xcode/DerivedData/Buzz-faillbpsmponqzeruhhvskovixzk/Build/Products/Debug-iphonesimulator/Stripe_StripeCore.bundle/ja.lproj/Localizable.strings /Users/xinyufang/Library/Developer/Xcode/DerivedData/Buzz-faillbpsmponqzeruhhvskovixzk/SourcePackages/checkouts/stripe-ios-spm/StripeCore/StripeCore/Resources/Localizations/ja.lproj/Localizable.strings (in target 'Stripe_StripeCore' from project 'Stripe')
    cd /Users/xinyufang/Library/Developer/Xcode/DerivedData/Buzz-faillbpsmponqzeruhhvskovixzk/SourcePackages/checkouts/stripe-ios-spm
    builtin-copy -exclude .DS_Store -exclude CVS -exclude .svn -exclude .git -exclude .hg -resolve-src-symlinks /Users/xinyufang/Library/Developer/Xcode/DerivedData/Buzz-faillbpsmponqzeruhhvskovixzk/SourcePackages/checkouts/stripe-ios-spm/StripeCore/StripeCore/Resources/Localizations/ja.lproj/Localizable.strings /Users/xinyufang/Library/Developer/Xcode/DerivedData/Buzz-faillbpsmponqzeruhhvskovixzk/Build/Products/Debug-iphonesimulator/Stripe_StripeCore.bundle/ja.lproj

CpResource /Users/xinyufang/Library/Developer/Xcode/DerivedData/Buzz-faillbpsmponqzeruhhvskovixzk/Build/Products/Debug-iphonesimulator/Stripe_StripeCore.bundle/it.lproj/Localizable.strings /Users/xinyufang/Library/Developer/Xcode/DerivedData/Buzz-faillbpsmponqzeruhhvskovixzk/SourcePackages/checkouts/stripe-ios-spm/StripeCore/StripeCore/Resources/Localizations/it.lproj/Localizable.strings (in target 'Stripe_StripeCore' from project 'Stripe')
    cd /Users/xinyufang/Library/Developer/Xcode/DerivedData/Buzz-faillbpsmponqzeruhhvskovixzk/SourcePackages/checkouts/stripe-ios-spm
    builtin-copy -exclude .DS_Store -exclude CVS -exclude .svn -exclude .git -exclude .hg -resolve-src-symlinks /Users/xinyufang/Library/Developer/Xcode/DerivedData/Buzz-faillbpsmponqzeruhhvskovixzk/SourcePackages/checkouts/stripe-ios-spm/StripeCore/StripeCore/Resources/Localizations/it.lproj/Localizable.strings /Users/xinyufang/Library/Developer/Xcode/DerivedData/Buzz-faillbpsmponqzeruhhvskovixzk/Build/Products/Debug-iphonesimulator/Stripe_StripeCore.bundle/it.lproj

CpResource /Users/xinyufang/Library/Developer/Xcode/DerivedData/Buzz-faillbpsmponqzeruhhvskovixzk/Build/Products/Debug-iphonesimulator/Stripe_StripeCore.bundle/id.lproj/Localizable.strings /Users/xinyufang/Library/Developer/Xcode/DerivedData/Buzz-faillbpsmponqzeruhhvskovixzk/SourcePackages/checkouts/stripe-ios-spm/StripeCore/StripeCore/Resources/Localizations/id.lproj/Localizable.strings (in target 'Stripe_StripeCore' from project 'Stripe')
    cd /Users/xinyufang/Library/Developer/Xcode/DerivedData/Buzz-faillbpsmponqzeruhhvskovixzk/SourcePackages/checkouts/stripe-ios-spm
    builtin-copy -exclude .DS_Store -exclude CVS -exclude .svn -exclude .git -exclude .hg -resolve-src-symlinks /Users/xinyufang/Library/Developer/Xcode/DerivedData/Buzz-faillbpsmponqzeruhhvskovixzk/SourcePackages/checkouts/stripe-ios-spm/StripeCore/StripeCore/Resources/Localizations/id.lproj/Localizable.strings /Users/xinyufang/Library/Developer/Xcode/DerivedData/Buzz-faillbpsmponqzeruhhvskovixzk/Build/Products/Debug-iphonesimulator/Stripe_StripeCore.bundle/id.lproj

CpResource /Users/xinyufang/Library/Developer/Xcode/DerivedData/Buzz-faillbpsmponqzeruhhvskovixzk/Build/Products/Debug-iphonesimulator/Stripe_StripeCore.bundle/hu.lproj/Localizable.strings /Users/xinyufang/Library/Developer/Xcode/DerivedData/Buzz-faillbpsmponqzeruhhvskovixzk/SourcePackages/checkouts/stripe-ios-spm/StripeCore/StripeCore/Resources/Localizations/hu.lproj/Localizable.strings (in target 'Stripe_StripeCore' from project 'Stripe')
    cd /Users/xinyufang/Library/Developer/Xcode/DerivedData/Buzz-faillbpsmponqzeruhhvskovixzk/SourcePackages/checkouts/stripe-ios-spm
    builtin-copy -exclude .DS_Store -exclude CVS -exclude .svn -exclude .git -exclude .hg -resolve-src-symlinks /Users/xinyufang/Library/Developer/Xcode/DerivedData/Buzz-faillbpsmponqzeruhhvskovixzk/SourcePackages/checkouts/stripe-ios-spm/StripeCore/StripeCore/Resources/Localizations/hu.lproj/Localizable.strings /Users/xinyufang/Library/Developer/Xcode/DerivedData/Buzz-faillbpsmponqzeruhhvskovixzk/Build/Products/Debug-iphonesimulator/Stripe_StripeCore.bundle/hu.lproj

CpResource /Users/xinyufang/Library/Developer/Xcode/DerivedData/Buzz-faillbpsmponqzeruhhvskovixzk/Build/Products/Debug-iphonesimulator/Stripe_StripeCore.bundle/hr.lproj/Localizable.strings /Users/xinyufang/Library/Developer/Xcode/DerivedData/Buzz-faillbpsmponqzeruhhvskovixzk/SourcePackages/checkouts/stripe-ios-spm/StripeCore/StripeCore/Resources/Localizations/hr.lproj/Localizable.strings (in target 'Stripe_StripeCore' from project 'Stripe')
    cd /Users/xinyufang/Library/Developer/Xcode/DerivedData/Buzz-faillbpsmponqzeruhhvskovixzk/SourcePackages/checkouts/stripe-ios-spm
    builtin-copy -exclude .DS_Store -exclude CVS -exclude .svn -exclude .git -exclude .hg -resolve-src-symlinks /Users/xinyufang/Library/Developer/Xcode/DerivedData/Buzz-faillbpsmponqzeruhhvskovixzk/SourcePackages/checkouts/stripe-ios-spm/StripeCore/StripeCore/Resources/Localizations/hr.lproj/Localizable.strings /Users/xinyufang/Library/Developer/Xcode/DerivedData/Buzz-faillbpsmponqzeruhhvskovixzk/Build/Products/Debug-iphonesimulator/Stripe_StripeCore.bundle/hr.lproj

CpResource /Users/xinyufang/Library/Developer/Xcode/DerivedData/Buzz-faillbpsmponqzeruhhvskovixzk/Build/Products/Debug-iphonesimulator/Stripe_StripeCore.bundle/fr.lproj/Localizable.strings /Users/xinyufang/Library/Developer/Xcode/DerivedData/Buzz-faillbpsmponqzeruhhvskovixzk/SourcePackages/checkouts/stripe-ios-spm/StripeCore/StripeCore/Resources/Localizations/fr.lproj/Localizable.strings (in target 'Stripe_StripeCore' from project 'Stripe')
    cd /Users/xinyufang/Library/Developer/Xcode/DerivedData/Buzz-faillbpsmponqzeruhhvskovixzk/SourcePackages/checkouts/stripe-ios-spm
    builtin-copy -exclude .DS_Store -exclude CVS -exclude .svn -exclude .git -exclude .hg -resolve-src-symlinks /Users/xinyufang/Library/Developer/Xcode/DerivedData/Buzz-faillbpsmponqzeruhhvskovixzk/SourcePackages/checkouts/stripe-ios-spm/StripeCore/StripeCore/Resources/Localizations/fr.lproj/Localizable.strings /Users/xinyufang/Library/Developer/Xcode/DerivedData/Buzz-faillbpsmponqzeruhhvskovixzk/Build/Products/Debug-iphonesimulator/Stripe_StripeCore.bundle/fr.lproj

CpResource /Users/xinyufang/Library/Developer/Xcode/DerivedData/Buzz-faillbpsmponqzeruhhvskovixzk/Build/Products/Debug-iphonesimulator/Stripe_StripeCore.bundle/fr-CA.lproj/Localizable.strings /Users/xinyufang/Library/Developer/Xcode/DerivedData/Buzz-faillbpsmponqzeruhhvskovixzk/SourcePackages/checkouts/stripe-ios-spm/StripeCore/StripeCore/Resources/Localizations/fr-CA.lproj/Localizable.strings (in target 'Stripe_StripeCore' from project 'Stripe')
    cd /Users/xinyufang/Library/Developer/Xcode/DerivedData/Buzz-faillbpsmponqzeruhhvskovixzk/SourcePackages/checkouts/stripe-ios-spm
    builtin-copy -exclude .DS_Store -exclude CVS -exclude .svn -exclude .git -exclude .hg -resolve-src-symlinks /Users/xinyufang/Library/Developer/Xcode/DerivedData/Buzz-faillbpsmponqzeruhhvskovixzk/SourcePackages/checkouts/stripe-ios-spm/StripeCore/StripeCore/Resources/Localizations/fr-CA.lproj/Localizable.strings /Users/xinyufang/Library/Developer/Xcode/DerivedData/Buzz-faillbpsmponqzeruhhvskovixzk/Build/Products/Debug-iphonesimulator/Stripe_StripeCore.bundle/fr-CA.lproj

CpResource /Users/xinyufang/Library/Developer/Xcode/DerivedData/Buzz-faillbpsmponqzeruhhvskovixzk/Build/Products/Debug-iphonesimulator/Stripe_StripeCore.bundle/fil.lproj/Localizable.strings /Users/xinyufang/Library/Developer/Xcode/DerivedData/Buzz-faillbpsmponqzeruhhvskovixzk/SourcePackages/checkouts/stripe-ios-spm/StripeCore/StripeCore/Resources/Localizations/fil.lproj/Localizable.strings (in target 'Stripe_StripeCore' from project 'Stripe')
    cd /Users/xinyufang/Library/Developer/Xcode/DerivedData/Buzz-faillbpsmponqzeruhhvskovixzk/SourcePackages/checkouts/stripe-ios-spm
    builtin-copy -exclude .DS_Store -exclude CVS -exclude .svn -exclude .git -exclude .hg -resolve-src-symlinks /Users/xinyufang/Library/Developer/Xcode/DerivedData/Buzz-faillbpsmponqzeruhhvskovixzk/SourcePackages/checkouts/stripe-ios-spm/StripeCore/StripeCore/Resources/Localizations/fil.lproj/Localizable.strings /Users/xinyufang/Library/Developer/Xcode/DerivedData/Buzz-faillbpsmponqzeruhhvskovixzk/Build/Products/Debug-iphonesimulator/Stripe_StripeCore.bundle/fil.lproj

CpResource /Users/xinyufang/Library/Developer/Xcode/DerivedData/Buzz-faillbpsmponqzeruhhvskovixzk/Build/Products/Debug-iphonesimulator/Stripe_StripeCore.bundle/fi.lproj/Localizable.strings /Users/xinyufang/Library/Developer/Xcode/DerivedData/Buzz-faillbpsmponqzeruhhvskovixzk/SourcePackages/checkouts/stripe-ios-spm/StripeCore/StripeCore/Resources/Localizations/fi.lproj/Localizable.strings (in target 'Stripe_StripeCore' from project 'Stripe')
    cd /Users/xinyufang/Library/Developer/Xcode/DerivedData/Buzz-faillbpsmponqzeruhhvskovixzk/SourcePackages/checkouts/stripe-ios-spm
    builtin-copy -exclude .DS_Store -exclude CVS -exclude .svn -exclude .git -exclude .hg -resolve-src-symlinks /Users/xinyufang/Library/Developer/Xcode/DerivedData/Buzz-faillbpsmponqzeruhhvskovixzk/SourcePackages/checkouts/stripe-ios-spm/StripeCore/StripeCore/Resources/Localizations/fi.lproj/Localizable.strings /Users/xinyufang/Library/Developer/Xcode/DerivedData/Buzz-faillbpsmponqzeruhhvskovixzk/Build/Products/Debug-iphonesimulator/Stripe_StripeCore.bundle/fi.lproj

CpResource /Users/xinyufang/Library/Developer/Xcode/DerivedData/Buzz-faillbpsmponqzeruhhvskovixzk/Build/Products/Debug-iphonesimulator/Stripe_StripeCore.bundle/et-EE.lproj/Localizable.strings /Users/xinyufang/Library/Developer/Xcode/DerivedData/Buzz-faillbpsmponqzeruhhvskovixzk/SourcePackages/checkouts/stripe-ios-spm/StripeCore/StripeCore/Resources/Localizations/et-EE.lproj/Localizable.strings (in target 'Stripe_StripeCore' from project 'Stripe')
    cd /Users/xinyufang/Library/Developer/Xcode/DerivedData/Buzz-faillbpsmponqzeruhhvskovixzk/SourcePackages/checkouts/stripe-ios-spm
    builtin-copy -exclude .DS_Store -exclude CVS -exclude .svn -exclude .git -exclude .hg -resolve-src-symlinks /Users/xinyufang/Library/Developer/Xcode/DerivedData/Buzz-faillbpsmponqzeruhhvskovixzk/SourcePackages/checkouts/stripe-ios-spm/StripeCore/StripeCore/Resources/Localizations/et-EE.lproj/Localizable.strings /Users/xinyufang/Library/Developer/Xcode/DerivedData/Buzz-faillbpsmponqzeruhhvskovixzk/Build/Products/Debug-iphonesimulator/Stripe_StripeCore.bundle/et-EE.lproj

CpResource /Users/xinyufang/Library/Developer/Xcode/DerivedData/Buzz-faillbpsmponqzeruhhvskovixzk/Build/Products/Debug-iphonesimulator/Stripe_StripeCore.bundle/es.lproj/Localizable.strings /Users/xinyufang/Library/Developer/Xcode/DerivedData/Buzz-faillbpsmponqzeruhhvskovixzk/SourcePackages/checkouts/stripe-ios-spm/StripeCore/StripeCore/Resources/Localizations/es.lproj/Localizable.strings (in target 'Stripe_StripeCore' from project 'Stripe')
    cd /Users/xinyufang/Library/Developer/Xcode/DerivedData/Buzz-faillbpsmponqzeruhhvskovixzk/SourcePackages/checkouts/stripe-ios-spm
    builtin-copy -exclude .DS_Store -exclude CVS -exclude .svn -exclude .git -exclude .hg -resolve-src-symlinks /Users/xinyufang/Library/Developer/Xcode/DerivedData/Buzz-faillbpsmponqzeruhhvskovixzk/SourcePackages/checkouts/stripe-ios-spm/StripeCore/StripeCore/Resources/Localizations/es.lproj/Localizable.strings /Users/xinyufang/Library/Developer/Xcode/DerivedData/Buzz-faillbpsmponqzeruhhvskovixzk/Build/Products/Debug-iphonesimulator/Stripe_StripeCore.bundle/es.lproj

CpResource /Users/xinyufang/Library/Developer/Xcode/DerivedData/Buzz-faillbpsmponqzeruhhvskovixzk/Build/Products/Debug-iphonesimulator/Stripe_StripeCore.bundle/es-419.lproj/Localizable.strings /Users/xinyufang/Library/Developer/Xcode/DerivedData/Buzz-faillbpsmponqzeruhhvskovixzk/SourcePackages/checkouts/stripe-ios-spm/StripeCore/StripeCore/Resources/Localizations/es-419.lproj/Localizable.strings (in target 'Stripe_StripeCore' from project 'Stripe')
    cd /Users/xinyufang/Library/Developer/Xcode/DerivedData/Buzz-faillbpsmponqzeruhhvskovixzk/SourcePackages/checkouts/stripe-ios-spm
    builtin-copy -exclude .DS_Store -exclude CVS -exclude .svn -exclude .git -exclude .hg -resolve-src-symlinks /Users/xinyufang/Library/Developer/Xcode/DerivedData/Buzz-faillbpsmponqzeruhhvskovixzk/SourcePackages/checkouts/stripe-ios-spm/StripeCore/StripeCore/Resources/Localizations/es-419.lproj/Localizable.strings /Users/xinyufang/Library/Developer/Xcode/DerivedData/Buzz-faillbpsmponqzeruhhvskovixzk/Build/Products/Debug-iphonesimulator/Stripe_StripeCore.bundle/es-419.lproj

CpResource /Users/xinyufang/Library/Developer/Xcode/DerivedData/Buzz-faillbpsmponqzeruhhvskovixzk/Build/Products/Debug-iphonesimulator/Stripe_StripeCore.bundle/en.lproj/Localizable.strings /Users/xinyufang/Library/Developer/Xcode/DerivedData/Buzz-faillbpsmponqzeruhhvskovixzk/SourcePackages/checkouts/stripe-ios-spm/StripeCore/StripeCore/Resources/Localizations/en.lproj/Localizable.strings (in target 'Stripe_StripeCore' from project 'Stripe')
    cd /Users/xinyufang/Library/Developer/Xcode/DerivedData/Buzz-faillbpsmponqzeruhhvskovixzk/SourcePackages/checkouts/stripe-ios-spm
    builtin-copy -exclude .DS_Store -exclude CVS -exclude .svn -exclude .git -exclude .hg -resolve-src-symlinks /Users/xinyufang/Library/Developer/Xcode/DerivedData/Buzz-faillbpsmponqzeruhhvskovixzk/SourcePackages/checkouts/stripe-ios-spm/StripeCore/StripeCore/Resources/Localizations/en.lproj/Localizable.strings /Users/xinyufang/Library/Developer/Xcode/DerivedData/Buzz-faillbpsmponqzeruhhvskovixzk/Build/Products/Debug-iphonesimulator/Stripe_StripeCore.bundle/en.lproj

CpResource /Users/xinyufang/Library/Developer/Xcode/DerivedData/Buzz-faillbpsmponqzeruhhvskovixzk/Build/Products/Debug-iphonesimulator/Stripe_StripeCore.bundle/en-GB.lproj/Localizable.strings /Users/xinyufang/Library/Developer/Xcode/DerivedData/Buzz-faillbpsmponqzeruhhvskovixzk/SourcePackages/checkouts/stripe-ios-spm/StripeCore/StripeCore/Resources/Localizations/en-GB.lproj/Localizable.strings (in target 'Stripe_StripeCore' from project 'Stripe')
    cd /Users/xinyufang/Library/Developer/Xcode/DerivedData/Buzz-faillbpsmponqzeruhhvskovixzk/SourcePackages/checkouts/stripe-ios-spm
    builtin-copy -exclude .DS_Store -exclude CVS -exclude .svn -exclude .git -exclude .hg -resolve-src-symlinks /Users/xinyufang/Library/Developer/Xcode/DerivedData/Buzz-faillbpsmponqzeruhhvskovixzk/SourcePackages/checkouts/stripe-ios-spm/StripeCore/StripeCore/Resources/Localizations/en-GB.lproj/Localizable.strings /Users/xinyufang/Library/Developer/Xcode/DerivedData/Buzz-faillbpsmponqzeruhhvskovixzk/Build/Products/Debug-iphonesimulator/Stripe_StripeCore.bundle/en-GB.lproj

CpResource /Users/xinyufang/Library/Developer/Xcode/DerivedData/Buzz-faillbpsmponqzeruhhvskovixzk/Build/Products/Debug-iphonesimulator/Stripe_StripeCore.bundle/el-GR.lproj/Localizable.strings /Users/xinyufang/Library/Developer/Xcode/DerivedData/Buzz-faillbpsmponqzeruhhvskovixzk/SourcePackages/checkouts/stripe-ios-spm/StripeCore/StripeCore/Resources/Localizations/el-GR.lproj/Localizable.strings (in target 'Stripe_StripeCore' from project 'Stripe')
    cd /Users/xinyufang/Library/Developer/Xcode/DerivedData/Buzz-faillbpsmponqzeruhhvskovixzk/SourcePackages/checkouts/stripe-ios-spm
    builtin-copy -exclude .DS_Store -exclude CVS -exclude .svn -exclude .git -exclude .hg -resolve-src-symlinks /Users/xinyufang/Library/Developer/Xcode/DerivedData/Buzz-faillbpsmponqzeruhhvskovixzk/SourcePackages/checkouts/stripe-ios-spm/StripeCore/StripeCore/Resources/Localizations/el-GR.lproj/Localizable.strings /Users/xinyufang/Library/Developer/Xcode/DerivedData/Buzz-faillbpsmponqzeruhhvskovixzk/Build/Products/Debug-iphonesimulator/Stripe_StripeCore.bundle/el-GR.lproj

CpResource /Users/xinyufang/Library/Developer/Xcode/DerivedData/Buzz-faillbpsmponqzeruhhvskovixzk/Build/Products/Debug-iphonesimulator/Stripe_StripeCore.bundle/de.lproj/Localizable.strings /Users/xinyufang/Library/Developer/Xcode/DerivedData/Buzz-faillbpsmponqzeruhhvskovixzk/SourcePackages/checkouts/stripe-ios-spm/StripeCore/StripeCore/Resources/Localizations/de.lproj/Localizable.strings (in target 'Stripe_StripeCore' from project 'Stripe')
    cd /Users/xinyufang/Library/Developer/Xcode/DerivedData/Buzz-faillbpsmponqzeruhhvskovixzk/SourcePackages/checkouts/stripe-ios-spm
    builtin-copy -exclude .DS_Store -exclude CVS -exclude .svn -exclude .git -exclude .hg -resolve-src-symlinks /Users/xinyufang/Library/Developer/Xcode/DerivedData/Buzz-faillbpsmponqzeruhhvskovixzk/SourcePackages/checkouts/stripe-ios-spm/StripeCore/StripeCore/Resources/Localizations/de.lproj/Localizable.strings /Users/xinyufang/Library/Developer/Xcode/DerivedData/Buzz-faillbpsmponqzeruhhvskovixzk/Build/Products/Debug-iphonesimulator/Stripe_StripeCore.bundle/de.lproj

CpResource /Users/xinyufang/Library/Developer/Xcode/DerivedData/Buzz-faillbpsmponqzeruhhvskovixzk/Build/Products/Debug-iphonesimulator/Stripe_StripeCore.bundle/da.lproj/Localizable.strings /Users/xinyufang/Library/Developer/Xcode/DerivedData/Buzz-faillbpsmponqzeruhhvskovixzk/SourcePackages/checkouts/stripe-ios-spm/StripeCore/StripeCore/Resources/Localizations/da.lproj/Localizable.strings (in target 'Stripe_StripeCore' from project 'Stripe')
    cd /Users/xinyufang/Library/Developer/Xcode/DerivedData/Buzz-faillbpsmponqzeruhhvskovixzk/SourcePackages/checkouts/stripe-ios-spm
    builtin-copy -exclude .DS_Store -exclude CVS -exclude .svn -exclude .git -exclude .hg -resolve-src-symlinks /Users/xinyufang/Library/Developer/Xcode/DerivedData/Buzz-faillbpsmponqzeruhhvskovixzk/SourcePackages/checkouts/stripe-ios-spm/StripeCore/StripeCore/Resources/Localizations/da.lproj/Localizable.strings /Users/xinyufang/Library/Developer/Xcode/DerivedData/Buzz-faillbpsmponqzeruhhvskovixzk/Build/Products/Debug-iphonesimulator/Stripe_StripeCore.bundle/da.lproj

CpResource /Users/xinyufang/Library/Developer/Xcode/DerivedData/Buzz-faillbpsmponqzeruhhvskovixzk/Build/Products/Debug-iphonesimulator/Stripe_StripeCore.bundle/cs-CZ.lproj/Localizable.strings /Users/xinyufang/Library/Developer/Xcode/DerivedData/Buzz-faillbpsmponqzeruhhvskovixzk/SourcePackages/checkouts/stripe-ios-spm/StripeCore/StripeCore/Resources/Localizations/cs-CZ.lproj/Localizable.strings (in target 'Stripe_StripeCore' from project 'Stripe')
    cd /Users/xinyufang/Library/Developer/Xcode/DerivedData/Buzz-faillbpsmponqzeruhhvskovixzk/SourcePackages/checkouts/stripe-ios-spm
    builtin-copy -exclude .DS_Store -exclude CVS -exclude .svn -exclude .git -exclude .hg -resolve-src-symlinks /Users/xinyufang/Library/Developer/Xcode/DerivedData/Buzz-faillbpsmponqzeruhhvskovixzk/SourcePackages/checkouts/stripe-ios-spm/StripeCore/StripeCore/Resources/Localizations/cs-CZ.lproj/Localizable.strings /Users/xinyufang/Library/Developer/Xcode/DerivedData/Buzz-faillbpsmponqzeruhhvskovixzk/Build/Products/Debug-iphonesimulator/Stripe_StripeCore.bundle/cs-CZ.lproj

CpResource /Users/xinyufang/Library/Developer/Xcode/DerivedData/Buzz-faillbpsmponqzeruhhvskovixzk/Build/Products/Debug-iphonesimulator/Stripe_StripeCore.bundle/ca-ES.lproj/Localizable.strings /Users/xinyufang/Library/Developer/Xcode/DerivedData/Buzz-faillbpsmponqzeruhhvskovixzk/SourcePackages/checkouts/stripe-ios-spm/StripeCore/StripeCore/Resources/Localizations/ca-ES.lproj/Localizable.strings (in target 'Stripe_StripeCore' from project 'Stripe')
    cd /Users/xinyufang/Library/Developer/Xcode/DerivedData/Buzz-faillbpsmponqzeruhhvskovixzk/SourcePackages/checkouts/stripe-ios-spm
    builtin-copy -exclude .DS_Store -exclude CVS -exclude .svn -exclude .git -exclude .hg -resolve-src-symlinks /Users/xinyufang/Library/Developer/Xcode/DerivedData/Buzz-faillbpsmponqzeruhhvskovixzk/SourcePackages/checkouts/stripe-ios-spm/StripeCore/StripeCore/Resources/Localizations/ca-ES.lproj/Localizable.strings /Users/xinyufang/Library/Developer/Xcode/DerivedData/Buzz-faillbpsmponqzeruhhvskovixzk/Build/Products/Debug-iphonesimulator/Stripe_StripeCore.bundle/ca-ES.lproj

CpResource /Users/xinyufang/Library/Developer/Xcode/DerivedData/Buzz-faillbpsmponqzeruhhvskovixzk/Build/Products/Debug-iphonesimulator/Stripe_StripeCore.bundle/bg-BG.lproj/Localizable.strings /Users/xinyufang/Library/Developer/Xcode/DerivedData/Buzz-faillbpsmponqzeruhhvskovixzk/SourcePackages/checkouts/stripe-ios-spm/StripeCore/StripeCore/Resources/Localizations/bg-BG.lproj/Localizable.strings (in target 'Stripe_StripeCore' from project 'Stripe')
    cd /Users/xinyufang/Library/Developer/Xcode/DerivedData/Buzz-faillbpsmponqzeruhhvskovixzk/SourcePackages/checkouts/stripe-ios-spm
    builtin-copy -exclude .DS_Store -exclude CVS -exclude .svn -exclude .git -exclude .hg -resolve-src-symlinks /Users/xinyufang/Library/Developer/Xcode/DerivedData/Buzz-faillbpsmponqzeruhhvskovixzk/SourcePackages/checkouts/stripe-ios-spm/StripeCore/StripeCore/Resources/Localizations/bg-BG.lproj/Localizable.strings /Users/xinyufang/Library/Developer/Xcode/DerivedData/Buzz-faillbpsmponqzeruhhvskovixzk/Build/Products/Debug-iphonesimulator/Stripe_StripeCore.bundle/bg-BG.lproj

CpResource /Users/xinyufang/Library/Developer/Xcode/DerivedData/Buzz-faillbpsmponqzeruhhvskovixzk/Build/Products/Debug-iphonesimulator/Stripe_StripeCore.bundle/PrivacyInfo.xcprivacy /Users/xinyufang/Library/Developer/Xcode/DerivedData/Buzz-faillbpsmponqzeruhhvskovixzk/SourcePackages/checkouts/stripe-ios-spm/StripeCore/StripeCore/PrivacyInfo.xcprivacy (in target 'Stripe_StripeCore' from project 'Stripe')
    cd /Users/xinyufang/Library/Developer/Xcode/DerivedData/Buzz-faillbpsmponqzeruhhvskovixzk/SourcePackages/checkouts/stripe-ios-spm
    builtin-copy -exclude .DS_Store -exclude CVS -exclude .svn -exclude .git -exclude .hg -resolve-src-symlinks /Users/xinyufang/Library/Developer/Xcode/DerivedData/Buzz-faillbpsmponqzeruhhvskovixzk/SourcePackages/checkouts/stripe-ios-spm/StripeCore/StripeCore/PrivacyInfo.xcprivacy /Users/xinyufang/Library/Developer/Xcode/DerivedData/Buzz-faillbpsmponqzeruhhvskovixzk/Build/Products/Debug-iphonesimulator/Stripe_StripeCore.bundle

RegisterExecutionPolicyException /Users/xinyufang/Library/Developer/Xcode/DerivedData/Buzz-faillbpsmponqzeruhhvskovixzk/Build/Products/Debug-iphonesimulator/swift-crypto_Crypto.bundle (in target 'swift-crypto_Crypto' from project 'swift-crypto')
    cd /Users/xinyufang/Library/Developer/Xcode/DerivedData/Buzz-faillbpsmponqzeruhhvskovixzk/SourcePackages/checkouts/swift-crypto
    builtin-RegisterExecutionPolicyException /Users/xinyufang/Library/Developer/Xcode/DerivedData/Buzz-faillbpsmponqzeruhhvskovixzk/Build/Products/Debug-iphonesimulator/swift-crypto_Crypto.bundle

CodeSign /Users/xinyufang/Library/Developer/Xcode/DerivedData/Buzz-faillbpsmponqzeruhhvskovixzk/Build/Products/Debug-iphonesimulator/Stripe_StripePayments.bundle (in target 'Stripe_StripePayments' from project 'Stripe')
    cd /Users/xinyufang/Library/Developer/Xcode/DerivedData/Buzz-faillbpsmponqzeruhhvskovixzk/SourcePackages/checkouts/stripe-ios-spm
    
    Signing Identity:     "Sign to Run Locally"
    
    /usr/bin/codesign --force --sign - --timestamp\=none --generate-entitlement-der /Users/xinyufang/Library/Developer/Xcode/DerivedData/Buzz-faillbpsmponqzeruhhvskovixzk/Build/Products/Debug-iphonesimulator/Stripe_StripePayments.bundle

CodeSign /Users/xinyufang/Library/Developer/Xcode/DerivedData/Buzz-faillbpsmponqzeruhhvskovixzk/Build/Products/Debug-iphonesimulator/Stripe_StripeIdentity.bundle (in target 'Stripe_StripeIdentity' from project 'Stripe')
    cd /Users/xinyufang/Library/Developer/Xcode/DerivedData/Buzz-faillbpsmponqzeruhhvskovixzk/SourcePackages/checkouts/stripe-ios-spm
    
    Signing Identity:     "Sign to Run Locally"
    
    /usr/bin/codesign --force --sign - --timestamp\=none --generate-entitlement-der /Users/xinyufang/Library/Developer/Xcode/DerivedData/Buzz-faillbpsmponqzeruhhvskovixzk/Build/Products/Debug-iphonesimulator/Stripe_StripeIdentity.bundle

CodeSign /Users/xinyufang/Library/Developer/Xcode/DerivedData/Buzz-faillbpsmponqzeruhhvskovixzk/Build/Products/Debug-iphonesimulator/Stripe_StripeFinancialConnections.bundle (in target 'Stripe_StripeFinancialConnections' from project 'Stripe')
    cd /Users/xinyufang/Library/Developer/Xcode/DerivedData/Buzz-faillbpsmponqzeruhhvskovixzk/SourcePackages/checkouts/stripe-ios-spm
    
    Signing Identity:     "Sign to Run Locally"
    
    /usr/bin/codesign --force --sign - --timestamp\=none --generate-entitlement-der /Users/xinyufang/Library/Developer/Xcode/DerivedData/Buzz-faillbpsmponqzeruhhvskovixzk/Build/Products/Debug-iphonesimulator/Stripe_StripeFinancialConnections.bundle

Touch /Users/xinyufang/Library/Developer/Xcode/DerivedData/Buzz-faillbpsmponqzeruhhvskovixzk/Build/Products/Debug-iphonesimulator/swift-crypto_Crypto.bundle (in target 'swift-crypto_Crypto' from project 'swift-crypto')
    cd /Users/xinyufang/Library/Developer/Xcode/DerivedData/Buzz-faillbpsmponqzeruhhvskovixzk/SourcePackages/checkouts/swift-crypto
    /usr/bin/touch -c /Users/xinyufang/Library/Developer/Xcode/DerivedData/Buzz-faillbpsmponqzeruhhvskovixzk/Build/Products/Debug-iphonesimulator/swift-crypto_Crypto.bundle

ProcessInfoPlistFile /Users/xinyufang/Library/Developer/Xcode/DerivedData/Buzz-faillbpsmponqzeruhhvskovixzk/Build/Products/Debug-iphonesimulator/Stripe_StripeConnect.bundle/Info.plist /Users/xinyufang/Library/Developer/Xcode/DerivedData/Buzz-faillbpsmponqzeruhhvskovixzk/Build/Intermediates.noindex/Stripe.build/Debug-iphonesimulator/Stripe_StripeConnect.build/empty-Stripe_StripeConnect.plist (in target 'Stripe_StripeConnect' from project 'Stripe')
    cd /Users/xinyufang/Library/Developer/Xcode/DerivedData/Buzz-faillbpsmponqzeruhhvskovixzk/SourcePackages/checkouts/stripe-ios-spm
    builtin-infoPlistUtility /Users/xinyufang/Library/Developer/Xcode/DerivedData/Buzz-faillbpsmponqzeruhhvskovixzk/Build/Intermediates.noindex/Stripe.build/Debug-iphonesimulator/Stripe_StripeConnect.build/empty-Stripe_StripeConnect.plist -producttype com.apple.product-type.bundle -expandbuildsettings -format binary -platform iphonesimulator -o /Users/xinyufang/Library/Developer/Xcode/DerivedData/Buzz-faillbpsmponqzeruhhvskovixzk/Build/Products/Debug-iphonesimulator/Stripe_StripeConnect.bundle/Info.plist

CpResource /Users/xinyufang/Library/Developer/Xcode/DerivedData/Buzz-faillbpsmponqzeruhhvskovixzk/Build/Products/Debug-iphonesimulator/Stripe_StripeConnect.bundle/zh-Hant.lproj/Localizable.strings /Users/xinyufang/Library/Developer/Xcode/DerivedData/Buzz-faillbpsmponqzeruhhvskovixzk/SourcePackages/checkouts/stripe-ios-spm/StripeConnect/StripeConnect/Resources/Localizations/zh-Hant.lproj/Localizable.strings (in target 'Stripe_StripeConnect' from project 'Stripe')
    cd /Users/xinyufang/Library/Developer/Xcode/DerivedData/Buzz-faillbpsmponqzeruhhvskovixzk/SourcePackages/checkouts/stripe-ios-spm
    builtin-copy -exclude .DS_Store -exclude CVS -exclude .svn -exclude .git -exclude .hg -resolve-src-symlinks /Users/xinyufang/Library/Developer/Xcode/DerivedData/Buzz-faillbpsmponqzeruhhvskovixzk/SourcePackages/checkouts/stripe-ios-spm/StripeConnect/StripeConnect/Resources/Localizations/zh-Hant.lproj/Localizable.strings /Users/xinyufang/Library/Developer/Xcode/DerivedData/Buzz-faillbpsmponqzeruhhvskovixzk/Build/Products/Debug-iphonesimulator/Stripe_StripeConnect.bundle/zh-Hant.lproj

CpResource /Users/xinyufang/Library/Developer/Xcode/DerivedData/Buzz-faillbpsmponqzeruhhvskovixzk/Build/Products/Debug-iphonesimulator/Stripe_StripeConnect.bundle/zh-Hans.lproj/Localizable.strings /Users/xinyufang/Library/Developer/Xcode/DerivedData/Buzz-faillbpsmponqzeruhhvskovixzk/SourcePackages/checkouts/stripe-ios-spm/StripeConnect/StripeConnect/Resources/Localizations/zh-Hans.lproj/Localizable.strings (in target 'Stripe_StripeConnect' from project 'Stripe')
    cd /Users/xinyufang/Library/Developer/Xcode/DerivedData/Buzz-faillbpsmponqzeruhhvskovixzk/SourcePackages/checkouts/stripe-ios-spm
    builtin-copy -exclude .DS_Store -exclude CVS -exclude .svn -exclude .git -exclude .hg -resolve-src-symlinks /Users/xinyufang/Library/Developer/Xcode/DerivedData/Buzz-faillbpsmponqzeruhhvskovixzk/SourcePackages/checkouts/stripe-ios-spm/StripeConnect/StripeConnect/Resources/Localizations/zh-Hans.lproj/Localizable.strings /Users/xinyufang/Library/Developer/Xcode/DerivedData/Buzz-faillbpsmponqzeruhhvskovixzk/Build/Products/Debug-iphonesimulator/Stripe_StripeConnect.bundle/zh-Hans.lproj

CpResource /Users/xinyufang/Library/Developer/Xcode/DerivedData/Buzz-faillbpsmponqzeruhhvskovixzk/Build/Products/Debug-iphonesimulator/Stripe_StripeConnect.bundle/zh-HK.lproj/Localizable.strings /Users/xinyufang/Library/Developer/Xcode/DerivedData/Buzz-faillbpsmponqzeruhhvskovixzk/SourcePackages/checkouts/stripe-ios-spm/StripeConnect/StripeConnect/Resources/Localizations/zh-HK.lproj/Localizable.strings (in target 'Stripe_StripeConnect' from project 'Stripe')
    cd /Users/xinyufang/Library/Developer/Xcode/DerivedData/Buzz-faillbpsmponqzeruhhvskovixzk/SourcePackages/checkouts/stripe-ios-spm
    builtin-copy -exclude .DS_Store -exclude CVS -exclude .svn -exclude .git -exclude .hg -resolve-src-symlinks /Users/xinyufang/Library/Developer/Xcode/DerivedData/Buzz-faillbpsmponqzeruhhvskovixzk/SourcePackages/checkouts/stripe-ios-spm/StripeConnect/StripeConnect/Resources/Localizations/zh-HK.lproj/Localizable.strings /Users/xinyufang/Library/Developer/Xcode/DerivedData/Buzz-faillbpsmponqzeruhhvskovixzk/Build/Products/Debug-iphonesimulator/Stripe_StripeConnect.bundle/zh-HK.lproj

CpResource /Users/xinyufang/Library/Developer/Xcode/DerivedData/Buzz-faillbpsmponqzeruhhvskovixzk/Build/Products/Debug-iphonesimulator/Stripe_StripeConnect.bundle/vi.lproj/Localizable.strings /Users/xinyufang/Library/Developer/Xcode/DerivedData/Buzz-faillbpsmponqzeruhhvskovixzk/SourcePackages/checkouts/stripe-ios-spm/StripeConnect/StripeConnect/Resources/Localizations/vi.lproj/Localizable.strings (in target 'Stripe_StripeConnect' from project 'Stripe')
    cd /Users/xinyufang/Library/Developer/Xcode/DerivedData/Buzz-faillbpsmponqzeruhhvskovixzk/SourcePackages/checkouts/stripe-ios-spm
    builtin-copy -exclude .DS_Store -exclude CVS -exclude .svn -exclude .git -exclude .hg -resolve-src-symlinks /Users/xinyufang/Library/Developer/Xcode/DerivedData/Buzz-faillbpsmponqzeruhhvskovixzk/SourcePackages/checkouts/stripe-ios-spm/StripeConnect/StripeConnect/Resources/Localizations/vi.lproj/Localizable.strings /Users/xinyufang/Library/Developer/Xcode/DerivedData/Buzz-faillbpsmponqzeruhhvskovixzk/Build/Products/Debug-iphonesimulator/Stripe_StripeConnect.bundle/vi.lproj

CpResource /Users/xinyufang/Library/Developer/Xcode/DerivedData/Buzz-faillbpsmponqzeruhhvskovixzk/Build/Products/Debug-iphonesimulator/Stripe_StripeConnect.bundle/tr.lproj/Localizable.strings /Users/xinyufang/Library/Developer/Xcode/DerivedData/Buzz-faillbpsmponqzeruhhvskovixzk/SourcePackages/checkouts/stripe-ios-spm/StripeConnect/StripeConnect/Resources/Localizations/tr.lproj/Localizable.strings (in target 'Stripe_StripeConnect' from project 'Stripe')
    cd /Users/xinyufang/Library/Developer/Xcode/DerivedData/Buzz-faillbpsmponqzeruhhvskovixzk/SourcePackages/checkouts/stripe-ios-spm
    builtin-copy -exclude .DS_Store -exclude CVS -exclude .svn -exclude .git -exclude .hg -resolve-src-symlinks /Users/xinyufang/Library/Developer/Xcode/DerivedData/Buzz-faillbpsmponqzeruhhvskovixzk/SourcePackages/checkouts/stripe-ios-spm/StripeConnect/StripeConnect/Resources/Localizations/tr.lproj/Localizable.strings /Users/xinyufang/Library/Developer/Xcode/DerivedData/Buzz-faillbpsmponqzeruhhvskovixzk/Build/Products/Debug-iphonesimulator/Stripe_StripeConnect.bundle/tr.lproj

CpResource /Users/xinyufang/Library/Developer/Xcode/DerivedData/Buzz-faillbpsmponqzeruhhvskovixzk/Build/Products/Debug-iphonesimulator/Stripe_StripeConnect.bundle/th.lproj/Localizable.strings /Users/xinyufang/Library/Developer/Xcode/DerivedData/Buzz-faillbpsmponqzeruhhvskovixzk/SourcePackages/checkouts/stripe-ios-spm/StripeConnect/StripeConnect/Resources/Localizations/th.lproj/Localizable.strings (in target 'Stripe_StripeConnect' from project 'Stripe')
    cd /Users/xinyufang/Library/Developer/Xcode/DerivedData/Buzz-faillbpsmponqzeruhhvskovixzk/SourcePackages/checkouts/stripe-ios-spm
    builtin-copy -exclude .DS_Store -exclude CVS -exclude .svn -exclude .git -exclude .hg -resolve-src-symlinks /Users/xinyufang/Library/Developer/Xcode/DerivedData/Buzz-faillbpsmponqzeruhhvskovixzk/SourcePackages/checkouts/stripe-ios-spm/StripeConnect/StripeConnect/Resources/Localizations/th.lproj/Localizable.strings /Users/xinyufang/Library/Developer/Xcode/DerivedData/Buzz-faillbpsmponqzeruhhvskovixzk/Build/Products/Debug-iphonesimulator/Stripe_StripeConnect.bundle/th.lproj

CpResource /Users/xinyufang/Library/Developer/Xcode/DerivedData/Buzz-faillbpsmponqzeruhhvskovixzk/Build/Products/Debug-iphonesimulator/Stripe_StripeConnect.bundle/sv.lproj/Localizable.strings /Users/xinyufang/Library/Developer/Xcode/DerivedData/Buzz-faillbpsmponqzeruhhvskovixzk/SourcePackages/checkouts/stripe-ios-spm/StripeConnect/StripeConnect/Resources/Localizations/sv.lproj/Localizable.strings (in target 'Stripe_StripeConnect' from project 'Stripe')
    cd /Users/xinyufang/Library/Developer/Xcode/DerivedData/Buzz-faillbpsmponqzeruhhvskovixzk/SourcePackages/checkouts/stripe-ios-spm
    builtin-copy -exclude .DS_Store -exclude CVS -exclude .svn -exclude .git -exclude .hg -resolve-src-symlinks /Users/xinyufang/Library/Developer/Xcode/DerivedData/Buzz-faillbpsmponqzeruhhvskovixzk/SourcePackages/checkouts/stripe-ios-spm/StripeConnect/StripeConnect/Resources/Localizations/sv.lproj/Localizable.strings /Users/xinyufang/Library/Developer/Xcode/DerivedData/Buzz-faillbpsmponqzeruhhvskovixzk/Build/Products/Debug-iphonesimulator/Stripe_StripeConnect.bundle/sv.lproj

CpResource /Users/xinyufang/Library/Developer/Xcode/DerivedData/Buzz-faillbpsmponqzeruhhvskovixzk/Build/Products/Debug-iphonesimulator/Stripe_StripeConnect.bundle/sl-SI.lproj/Localizable.strings /Users/xinyufang/Library/Developer/Xcode/DerivedData/Buzz-faillbpsmponqzeruhhvskovixzk/SourcePackages/checkouts/stripe-ios-spm/StripeConnect/StripeConnect/Resources/Localizations/sl-SI.lproj/Localizable.strings (in target 'Stripe_StripeConnect' from project 'Stripe')
    cd /Users/xinyufang/Library/Developer/Xcode/DerivedData/Buzz-faillbpsmponqzeruhhvskovixzk/SourcePackages/checkouts/stripe-ios-spm
    builtin-copy -exclude .DS_Store -exclude CVS -exclude .svn -exclude .git -exclude .hg -resolve-src-symlinks /Users/xinyufang/Library/Developer/Xcode/DerivedData/Buzz-faillbpsmponqzeruhhvskovixzk/SourcePackages/checkouts/stripe-ios-spm/StripeConnect/StripeConnect/Resources/Localizations/sl-SI.lproj/Localizable.strings /Users/xinyufang/Library/Developer/Xcode/DerivedData/Buzz-faillbpsmponqzeruhhvskovixzk/Build/Products/Debug-iphonesimulator/Stripe_StripeConnect.bundle/sl-SI.lproj

CpResource /Users/xinyufang/Library/Developer/Xcode/DerivedData/Buzz-faillbpsmponqzeruhhvskovixzk/Build/Products/Debug-iphonesimulator/Stripe_StripeConnect.bundle/sk-SK.lproj/Localizable.strings /Users/xinyufang/Library/Developer/Xcode/DerivedData/Buzz-faillbpsmponqzeruhhvskovixzk/SourcePackages/checkouts/stripe-ios-spm/StripeConnect/StripeConnect/Resources/Localizations/sk-SK.lproj/Localizable.strings (in target 'Stripe_StripeConnect' from project 'Stripe')
    cd /Users/xinyufang/Library/Developer/Xcode/DerivedData/Buzz-faillbpsmponqzeruhhvskovixzk/SourcePackages/checkouts/stripe-ios-spm
    builtin-copy -exclude .DS_Store -exclude CVS -exclude .svn -exclude .git -exclude .hg -resolve-src-symlinks /Users/xinyufang/Library/Developer/Xcode/DerivedData/Buzz-faillbpsmponqzeruhhvskovixzk/SourcePackages/checkouts/stripe-ios-spm/StripeConnect/StripeConnect/Resources/Localizations/sk-SK.lproj/Localizable.strings /Users/xinyufang/Library/Developer/Xcode/DerivedData/Buzz-faillbpsmponqzeruhhvskovixzk/Build/Products/Debug-iphonesimulator/Stripe_StripeConnect.bundle/sk-SK.lproj

CpResource /Users/xinyufang/Library/Developer/Xcode/DerivedData/Buzz-faillbpsmponqzeruhhvskovixzk/Build/Products/Debug-iphonesimulator/Stripe_StripeConnect.bundle/ru.lproj/Localizable.strings /Users/xinyufang/Library/Developer/Xcode/DerivedData/Buzz-faillbpsmponqzeruhhvskovixzk/SourcePackages/checkouts/stripe-ios-spm/StripeConnect/StripeConnect/Resources/Localizations/ru.lproj/Localizable.strings (in target 'Stripe_StripeConnect' from project 'Stripe')
    cd /Users/xinyufang/Library/Developer/Xcode/DerivedData/Buzz-faillbpsmponqzeruhhvskovixzk/SourcePackages/checkouts/stripe-ios-spm
    builtin-copy -exclude .DS_Store -exclude CVS -exclude .svn -exclude .git -exclude .hg -resolve-src-symlinks /Users/xinyufang/Library/Developer/Xcode/DerivedData/Buzz-faillbpsmponqzeruhhvskovixzk/SourcePackages/checkouts/stripe-ios-spm/StripeConnect/StripeConnect/Resources/Localizations/ru.lproj/Localizable.strings /Users/xinyufang/Library/Developer/Xcode/DerivedData/Buzz-faillbpsmponqzeruhhvskovixzk/Build/Products/Debug-iphonesimulator/Stripe_StripeConnect.bundle/ru.lproj

CpResource /Users/xinyufang/Library/Developer/Xcode/DerivedData/Buzz-faillbpsmponqzeruhhvskovixzk/Build/Products/Debug-iphonesimulator/Stripe_StripeConnect.bundle/ro-RO.lproj/Localizable.strings /Users/xinyufang/Library/Developer/Xcode/DerivedData/Buzz-faillbpsmponqzeruhhvskovixzk/SourcePackages/checkouts/stripe-ios-spm/StripeConnect/StripeConnect/Resources/Localizations/ro-RO.lproj/Localizable.strings (in target 'Stripe_StripeConnect' from project 'Stripe')
    cd /Users/xinyufang/Library/Developer/Xcode/DerivedData/Buzz-faillbpsmponqzeruhhvskovixzk/SourcePackages/checkouts/stripe-ios-spm
    builtin-copy -exclude .DS_Store -exclude CVS -exclude .svn -exclude .git -exclude .hg -resolve-src-symlinks /Users/xinyufang/Library/Developer/Xcode/DerivedData/Buzz-faillbpsmponqzeruhhvskovixzk/SourcePackages/checkouts/stripe-ios-spm/StripeConnect/StripeConnect/Resources/Localizations/ro-RO.lproj/Localizable.strings /Users/xinyufang/Library/Developer/Xcode/DerivedData/Buzz-faillbpsmponqzeruhhvskovixzk/Build/Products/Debug-iphonesimulator/Stripe_StripeConnect.bundle/ro-RO.lproj

CpResource /Users/xinyufang/Library/Developer/Xcode/DerivedData/Buzz-faillbpsmponqzeruhhvskovixzk/Build/Products/Debug-iphonesimulator/Stripe_StripeConnect.bundle/pt-PT.lproj/Localizable.strings /Users/xinyufang/Library/Developer/Xcode/DerivedData/Buzz-faillbpsmponqzeruhhvskovixzk/SourcePackages/checkouts/stripe-ios-spm/StripeConnect/StripeConnect/Resources/Localizations/pt-PT.lproj/Localizable.strings (in target 'Stripe_StripeConnect' from project 'Stripe')
    cd /Users/xinyufang/Library/Developer/Xcode/DerivedData/Buzz-faillbpsmponqzeruhhvskovixzk/SourcePackages/checkouts/stripe-ios-spm
    builtin-copy -exclude .DS_Store -exclude CVS -exclude .svn -exclude .git -exclude .hg -resolve-src-symlinks /Users/xinyufang/Library/Developer/Xcode/DerivedData/Buzz-faillbpsmponqzeruhhvskovixzk/SourcePackages/checkouts/stripe-ios-spm/StripeConnect/StripeConnect/Resources/Localizations/pt-PT.lproj/Localizable.strings /Users/xinyufang/Library/Developer/Xcode/DerivedData/Buzz-faillbpsmponqzeruhhvskovixzk/Build/Products/Debug-iphonesimulator/Stripe_StripeConnect.bundle/pt-PT.lproj

CpResource /Users/xinyufang/Library/Developer/Xcode/DerivedData/Buzz-faillbpsmponqzeruhhvskovixzk/Build/Products/Debug-iphonesimulator/Stripe_StripeConnect.bundle/pt-BR.lproj/Localizable.strings /Users/xinyufang/Library/Developer/Xcode/DerivedData/Buzz-faillbpsmponqzeruhhvskovixzk/SourcePackages/checkouts/stripe-ios-spm/StripeConnect/StripeConnect/Resources/Localizations/pt-BR.lproj/Localizable.strings (in target 'Stripe_StripeConnect' from project 'Stripe')
    cd /Users/xinyufang/Library/Developer/Xcode/DerivedData/Buzz-faillbpsmponqzeruhhvskovixzk/SourcePackages/checkouts/stripe-ios-spm
    builtin-copy -exclude .DS_Store -exclude CVS -exclude .svn -exclude .git -exclude .hg -resolve-src-symlinks /Users/xinyufang/Library/Developer/Xcode/DerivedData/Buzz-faillbpsmponqzeruhhvskovixzk/SourcePackages/checkouts/stripe-ios-spm/StripeConnect/StripeConnect/Resources/Localizations/pt-BR.lproj/Localizable.strings /Users/xinyufang/Library/Developer/Xcode/DerivedData/Buzz-faillbpsmponqzeruhhvskovixzk/Build/Products/Debug-iphonesimulator/Stripe_StripeConnect.bundle/pt-BR.lproj

CpResource /Users/xinyufang/Library/Developer/Xcode/DerivedData/Buzz-faillbpsmponqzeruhhvskovixzk/Build/Products/Debug-iphonesimulator/Stripe_StripeConnect.bundle/pl-PL.lproj/Localizable.strings /Users/xinyufang/Library/Developer/Xcode/DerivedData/Buzz-faillbpsmponqzeruhhvskovixzk/SourcePackages/checkouts/stripe-ios-spm/StripeConnect/StripeConnect/Resources/Localizations/pl-PL.lproj/Localizable.strings (in target 'Stripe_StripeConnect' from project 'Stripe')
    cd /Users/xinyufang/Library/Developer/Xcode/DerivedData/Buzz-faillbpsmponqzeruhhvskovixzk/SourcePackages/checkouts/stripe-ios-spm
    builtin-copy -exclude .DS_Store -exclude CVS -exclude .svn -exclude .git -exclude .hg -resolve-src-symlinks /Users/xinyufang/Library/Developer/Xcode/DerivedData/Buzz-faillbpsmponqzeruhhvskovixzk/SourcePackages/checkouts/stripe-ios-spm/StripeConnect/StripeConnect/Resources/Localizations/pl-PL.lproj/Localizable.strings /Users/xinyufang/Library/Developer/Xcode/DerivedData/Buzz-faillbpsmponqzeruhhvskovixzk/Build/Products/Debug-iphonesimulator/Stripe_StripeConnect.bundle/pl-PL.lproj

CpResource /Users/xinyufang/Library/Developer/Xcode/DerivedData/Buzz-faillbpsmponqzeruhhvskovixzk/Build/Products/Debug-iphonesimulator/Stripe_StripeConnect.bundle/nl.lproj/Localizable.strings /Users/xinyufang/Library/Developer/Xcode/DerivedData/Buzz-faillbpsmponqzeruhhvskovixzk/SourcePackages/checkouts/stripe-ios-spm/StripeConnect/StripeConnect/Resources/Localizations/nl.lproj/Localizable.strings (in target 'Stripe_StripeConnect' from project 'Stripe')
    cd /Users/xinyufang/Library/Developer/Xcode/DerivedData/Buzz-faillbpsmponqzeruhhvskovixzk/SourcePackages/checkouts/stripe-ios-spm
    builtin-copy -exclude .DS_Store -exclude CVS -exclude .svn -exclude .git -exclude .hg -resolve-src-symlinks /Users/xinyufang/Library/Developer/Xcode/DerivedData/Buzz-faillbpsmponqzeruhhvskovixzk/SourcePackages/checkouts/stripe-ios-spm/StripeConnect/StripeConnect/Resources/Localizations/nl.lproj/Localizable.strings /Users/xinyufang/Library/Developer/Xcode/DerivedData/Buzz-faillbpsmponqzeruhhvskovixzk/Build/Products/Debug-iphonesimulator/Stripe_StripeConnect.bundle/nl.lproj

CpResource /Users/xinyufang/Library/Developer/Xcode/DerivedData/Buzz-faillbpsmponqzeruhhvskovixzk/Build/Products/Debug-iphonesimulator/Stripe_StripeConnect.bundle/nb.lproj/Localizable.strings /Users/xinyufang/Library/Developer/Xcode/DerivedData/Buzz-faillbpsmponqzeruhhvskovixzk/SourcePackages/checkouts/stripe-ios-spm/StripeConnect/StripeConnect/Resources/Localizations/nb.lproj/Localizable.strings (in target 'Stripe_StripeConnect' from project 'Stripe')
    cd /Users/xinyufang/Library/Developer/Xcode/DerivedData/Buzz-faillbpsmponqzeruhhvskovixzk/SourcePackages/checkouts/stripe-ios-spm
    builtin-copy -exclude .DS_Store -exclude CVS -exclude .svn -exclude .git -exclude .hg -resolve-src-symlinks /Users/xinyufang/Library/Developer/Xcode/DerivedData/Buzz-faillbpsmponqzeruhhvskovixzk/SourcePackages/checkouts/stripe-ios-spm/StripeConnect/StripeConnect/Resources/Localizations/nb.lproj/Localizable.strings /Users/xinyufang/Library/Developer/Xcode/DerivedData/Buzz-faillbpsmponqzeruhhvskovixzk/Build/Products/Debug-iphonesimulator/Stripe_StripeConnect.bundle/nb.lproj

CpResource /Users/xinyufang/Library/Developer/Xcode/DerivedData/Buzz-faillbpsmponqzeruhhvskovixzk/Build/Products/Debug-iphonesimulator/Stripe_StripeConnect.bundle/mt.lproj/Localizable.strings /Users/xinyufang/Library/Developer/Xcode/DerivedData/Buzz-faillbpsmponqzeruhhvskovixzk/SourcePackages/checkouts/stripe-ios-spm/StripeConnect/StripeConnect/Resources/Localizations/mt.lproj/Localizable.strings (in target 'Stripe_StripeConnect' from project 'Stripe')
    cd /Users/xinyufang/Library/Developer/Xcode/DerivedData/Buzz-faillbpsmponqzeruhhvskovixzk/SourcePackages/checkouts/stripe-ios-spm
    builtin-copy -exclude .DS_Store -exclude CVS -exclude .svn -exclude .git -exclude .hg -resolve-src-symlinks /Users/xinyufang/Library/Developer/Xcode/DerivedData/Buzz-faillbpsmponqzeruhhvskovixzk/SourcePackages/checkouts/stripe-ios-spm/StripeConnect/StripeConnect/Resources/Localizations/mt.lproj/Localizable.strings /Users/xinyufang/Library/Developer/Xcode/DerivedData/Buzz-faillbpsmponqzeruhhvskovixzk/Build/Products/Debug-iphonesimulator/Stripe_StripeConnect.bundle/mt.lproj

CpResource /Users/xinyufang/Library/Developer/Xcode/DerivedData/Buzz-faillbpsmponqzeruhhvskovixzk/Build/Products/Debug-iphonesimulator/Stripe_StripeConnect.bundle/lv-LV.lproj/Localizable.strings /Users/xinyufang/Library/Developer/Xcode/DerivedData/Buzz-faillbpsmponqzeruhhvskovixzk/SourcePackages/checkouts/stripe-ios-spm/StripeConnect/StripeConnect/Resources/Localizations/lv-LV.lproj/Localizable.strings (in target 'Stripe_StripeConnect' from project 'Stripe')
    cd /Users/xinyufang/Library/Developer/Xcode/DerivedData/Buzz-faillbpsmponqzeruhhvskovixzk/SourcePackages/checkouts/stripe-ios-spm
    builtin-copy -exclude .DS_Store -exclude CVS -exclude .svn -exclude .git -exclude .hg -resolve-src-symlinks /Users/xinyufang/Library/Developer/Xcode/DerivedData/Buzz-faillbpsmponqzeruhhvskovixzk/SourcePackages/checkouts/stripe-ios-spm/StripeConnect/StripeConnect/Resources/Localizations/lv-LV.lproj/Localizable.strings /Users/xinyufang/Library/Developer/Xcode/DerivedData/Buzz-faillbpsmponqzeruhhvskovixzk/Build/Products/Debug-iphonesimulator/Stripe_StripeConnect.bundle/lv-LV.lproj

CpResource /Users/xinyufang/Library/Developer/Xcode/DerivedData/Buzz-faillbpsmponqzeruhhvskovixzk/Build/Products/Debug-iphonesimulator/Stripe_StripeConnect.bundle/ms-MY.lproj/Localizable.strings /Users/xinyufang/Library/Developer/Xcode/DerivedData/Buzz-faillbpsmponqzeruhhvskovixzk/SourcePackages/checkouts/stripe-ios-spm/StripeConnect/StripeConnect/Resources/Localizations/ms-MY.lproj/Localizable.strings (in target 'Stripe_StripeConnect' from project 'Stripe')
    cd /Users/xinyufang/Library/Developer/Xcode/DerivedData/Buzz-faillbpsmponqzeruhhvskovixzk/SourcePackages/checkouts/stripe-ios-spm
    builtin-copy -exclude .DS_Store -exclude CVS -exclude .svn -exclude .git -exclude .hg -resolve-src-symlinks /Users/xinyufang/Library/Developer/Xcode/DerivedData/Buzz-faillbpsmponqzeruhhvskovixzk/SourcePackages/checkouts/stripe-ios-spm/StripeConnect/StripeConnect/Resources/Localizations/ms-MY.lproj/Localizable.strings /Users/xinyufang/Library/Developer/Xcode/DerivedData/Buzz-faillbpsmponqzeruhhvskovixzk/Build/Products/Debug-iphonesimulator/Stripe_StripeConnect.bundle/ms-MY.lproj

CpResource /Users/xinyufang/Library/Developer/Xcode/DerivedData/Buzz-faillbpsmponqzeruhhvskovixzk/Build/Products/Debug-iphonesimulator/Stripe_StripeConnect.bundle/lt-LT.lproj/Localizable.strings /Users/xinyufang/Library/Developer/Xcode/DerivedData/Buzz-faillbpsmponqzeruhhvskovixzk/SourcePackages/checkouts/stripe-ios-spm/StripeConnect/StripeConnect/Resources/Localizations/lt-LT.lproj/Localizable.strings (in target 'Stripe_StripeConnect' from project 'Stripe')
    cd /Users/xinyufang/Library/Developer/Xcode/DerivedData/Buzz-faillbpsmponqzeruhhvskovixzk/SourcePackages/checkouts/stripe-ios-spm
    builtin-copy -exclude .DS_Store -exclude CVS -exclude .svn -exclude .git -exclude .hg -resolve-src-symlinks /Users/xinyufang/Library/Developer/Xcode/DerivedData/Buzz-faillbpsmponqzeruhhvskovixzk/SourcePackages/checkouts/stripe-ios-spm/StripeConnect/StripeConnect/Resources/Localizations/lt-LT.lproj/Localizable.strings /Users/xinyufang/Library/Developer/Xcode/DerivedData/Buzz-faillbpsmponqzeruhhvskovixzk/Build/Products/Debug-iphonesimulator/Stripe_StripeConnect.bundle/lt-LT.lproj

CpResource /Users/xinyufang/Library/Developer/Xcode/DerivedData/Buzz-faillbpsmponqzeruhhvskovixzk/Build/Products/Debug-iphonesimulator/Stripe_StripeConnect.bundle/ko.lproj/Localizable.strings /Users/xinyufang/Library/Developer/Xcode/DerivedData/Buzz-faillbpsmponqzeruhhvskovixzk/SourcePackages/checkouts/stripe-ios-spm/StripeConnect/StripeConnect/Resources/Localizations/ko.lproj/Localizable.strings (in target 'Stripe_StripeConnect' from project 'Stripe')
    cd /Users/xinyufang/Library/Developer/Xcode/DerivedData/Buzz-faillbpsmponqzeruhhvskovixzk/SourcePackages/checkouts/stripe-ios-spm
    builtin-copy -exclude .DS_Store -exclude CVS -exclude .svn -exclude .git -exclude .hg -resolve-src-symlinks /Users/xinyufang/Library/Developer/Xcode/DerivedData/Buzz-faillbpsmponqzeruhhvskovixzk/SourcePackages/checkouts/stripe-ios-spm/StripeConnect/StripeConnect/Resources/Localizations/ko.lproj/Localizable.strings /Users/xinyufang/Library/Developer/Xcode/DerivedData/Buzz-faillbpsmponqzeruhhvskovixzk/Build/Products/Debug-iphonesimulator/Stripe_StripeConnect.bundle/ko.lproj

CpResource /Users/xinyufang/Library/Developer/Xcode/DerivedData/Buzz-faillbpsmponqzeruhhvskovixzk/Build/Products/Debug-iphonesimulator/Stripe_StripeConnect.bundle/ja.lproj/Localizable.strings /Users/xinyufang/Library/Developer/Xcode/DerivedData/Buzz-faillbpsmponqzeruhhvskovixzk/SourcePackages/checkouts/stripe-ios-spm/StripeConnect/StripeConnect/Resources/Localizations/ja.lproj/Localizable.strings (in target 'Stripe_StripeConnect' from project 'Stripe')
    cd /Users/xinyufang/Library/Developer/Xcode/DerivedData/Buzz-faillbpsmponqzeruhhvskovixzk/SourcePackages/checkouts/stripe-ios-spm
    builtin-copy -exclude .DS_Store -exclude CVS -exclude .svn -exclude .git -exclude .hg -resolve-src-symlinks /Users/xinyufang/Library/Developer/Xcode/DerivedData/Buzz-faillbpsmponqzeruhhvskovixzk/SourcePackages/checkouts/stripe-ios-spm/StripeConnect/StripeConnect/Resources/Localizations/ja.lproj/Localizable.strings /Users/xinyufang/Library/Developer/Xcode/DerivedData/Buzz-faillbpsmponqzeruhhvskovixzk/Build/Products/Debug-iphonesimulator/Stripe_StripeConnect.bundle/ja.lproj

CpResource /Users/xinyufang/Library/Developer/Xcode/DerivedData/Buzz-faillbpsmponqzeruhhvskovixzk/Build/Products/Debug-iphonesimulator/Stripe_StripeConnect.bundle/it.lproj/Localizable.strings /Users/xinyufang/Library/Developer/Xcode/DerivedData/Buzz-faillbpsmponqzeruhhvskovixzk/SourcePackages/checkouts/stripe-ios-spm/StripeConnect/StripeConnect/Resources/Localizations/it.lproj/Localizable.strings (in target 'Stripe_StripeConnect' from project 'Stripe')
    cd /Users/xinyufang/Library/Developer/Xcode/DerivedData/Buzz-faillbpsmponqzeruhhvskovixzk/SourcePackages/checkouts/stripe-ios-spm
    builtin-copy -exclude .DS_Store -exclude CVS -exclude .svn -exclude .git -exclude .hg -resolve-src-symlinks /Users/xinyufang/Library/Developer/Xcode/DerivedData/Buzz-faillbpsmponqzeruhhvskovixzk/SourcePackages/checkouts/stripe-ios-spm/StripeConnect/StripeConnect/Resources/Localizations/it.lproj/Localizable.strings /Users/xinyufang/Library/Developer/Xcode/DerivedData/Buzz-faillbpsmponqzeruhhvskovixzk/Build/Products/Debug-iphonesimulator/Stripe_StripeConnect.bundle/it.lproj

CpResource /Users/xinyufang/Library/Developer/Xcode/DerivedData/Buzz-faillbpsmponqzeruhhvskovixzk/Build/Products/Debug-iphonesimulator/Stripe_StripeConnect.bundle/id.lproj/Localizable.strings /Users/xinyufang/Library/Developer/Xcode/DerivedData/Buzz-faillbpsmponqzeruhhvskovixzk/SourcePackages/checkouts/stripe-ios-spm/StripeConnect/StripeConnect/Resources/Localizations/id.lproj/Localizable.strings (in target 'Stripe_StripeConnect' from project 'Stripe')
    cd /Users/xinyufang/Library/Developer/Xcode/DerivedData/Buzz-faillbpsmponqzeruhhvskovixzk/SourcePackages/checkouts/stripe-ios-spm
    builtin-copy -exclude .DS_Store -exclude CVS -exclude .svn -exclude .git -exclude .hg -resolve-src-symlinks /Users/xinyufang/Library/Developer/Xcode/DerivedData/Buzz-faillbpsmponqzeruhhvskovixzk/SourcePackages/checkouts/stripe-ios-spm/StripeConnect/StripeConnect/Resources/Localizations/id.lproj/Localizable.strings /Users/xinyufang/Library/Developer/Xcode/DerivedData/Buzz-faillbpsmponqzeruhhvskovixzk/Build/Products/Debug-iphonesimulator/Stripe_StripeConnect.bundle/id.lproj

CpResource /Users/xinyufang/Library/Developer/Xcode/DerivedData/Buzz-faillbpsmponqzeruhhvskovixzk/Build/Products/Debug-iphonesimulator/Stripe_StripeConnect.bundle/hu.lproj/Localizable.strings /Users/xinyufang/Library/Developer/Xcode/DerivedData/Buzz-faillbpsmponqzeruhhvskovixzk/SourcePackages/checkouts/stripe-ios-spm/StripeConnect/StripeConnect/Resources/Localizations/hu.lproj/Localizable.strings (in target 'Stripe_StripeConnect' from project 'Stripe')
    cd /Users/xinyufang/Library/Developer/Xcode/DerivedData/Buzz-faillbpsmponqzeruhhvskovixzk/SourcePackages/checkouts/stripe-ios-spm
    builtin-copy -exclude .DS_Store -exclude CVS -exclude .svn -exclude .git -exclude .hg -resolve-src-symlinks /Users/xinyufang/Library/Developer/Xcode/DerivedData/Buzz-faillbpsmponqzeruhhvskovixzk/SourcePackages/checkouts/stripe-ios-spm/StripeConnect/StripeConnect/Resources/Localizations/hu.lproj/Localizable.strings /Users/xinyufang/Library/Developer/Xcode/DerivedData/Buzz-faillbpsmponqzeruhhvskovixzk/Build/Products/Debug-iphonesimulator/Stripe_StripeConnect.bundle/hu.lproj

CpResource /Users/xinyufang/Library/Developer/Xcode/DerivedData/Buzz-faillbpsmponqzeruhhvskovixzk/Build/Products/Debug-iphonesimulator/Stripe_StripeConnect.bundle/hr.lproj/Localizable.strings /Users/xinyufang/Library/Developer/Xcode/DerivedData/Buzz-faillbpsmponqzeruhhvskovixzk/SourcePackages/checkouts/stripe-ios-spm/StripeConnect/StripeConnect/Resources/Localizations/hr.lproj/Localizable.strings (in target 'Stripe_StripeConnect' from project 'Stripe')
    cd /Users/xinyufang/Library/Developer/Xcode/DerivedData/Buzz-faillbpsmponqzeruhhvskovixzk/SourcePackages/checkouts/stripe-ios-spm
    builtin-copy -exclude .DS_Store -exclude CVS -exclude .svn -exclude .git -exclude .hg -resolve-src-symlinks /Users/xinyufang/Library/Developer/Xcode/DerivedData/Buzz-faillbpsmponqzeruhhvskovixzk/SourcePackages/checkouts/stripe-ios-spm/StripeConnect/StripeConnect/Resources/Localizations/hr.lproj/Localizable.strings /Users/xinyufang/Library/Developer/Xcode/DerivedData/Buzz-faillbpsmponqzeruhhvskovixzk/Build/Products/Debug-iphonesimulator/Stripe_StripeConnect.bundle/hr.lproj

CpResource /Users/xinyufang/Library/Developer/Xcode/DerivedData/Buzz-faillbpsmponqzeruhhvskovixzk/Build/Products/Debug-iphonesimulator/Stripe_StripeConnect.bundle/fr.lproj/Localizable.strings /Users/xinyufang/Library/Developer/Xcode/DerivedData/Buzz-faillbpsmponqzeruhhvskovixzk/SourcePackages/checkouts/stripe-ios-spm/StripeConnect/StripeConnect/Resources/Localizations/fr.lproj/Localizable.strings (in target 'Stripe_StripeConnect' from project 'Stripe')
    cd /Users/xinyufang/Library/Developer/Xcode/DerivedData/Buzz-faillbpsmponqzeruhhvskovixzk/SourcePackages/checkouts/stripe-ios-spm
    builtin-copy -exclude .DS_Store -exclude CVS -exclude .svn -exclude .git -exclude .hg -resolve-src-symlinks /Users/xinyufang/Library/Developer/Xcode/DerivedData/Buzz-faillbpsmponqzeruhhvskovixzk/SourcePackages/checkouts/stripe-ios-spm/StripeConnect/StripeConnect/Resources/Localizations/fr.lproj/Localizable.strings /Users/xinyufang/Library/Developer/Xcode/DerivedData/Buzz-faillbpsmponqzeruhhvskovixzk/Build/Products/Debug-iphonesimulator/Stripe_StripeConnect.bundle/fr.lproj

CpResource /Users/xinyufang/Library/Developer/Xcode/DerivedData/Buzz-faillbpsmponqzeruhhvskovixzk/Build/Products/Debug-iphonesimulator/Stripe_StripeConnect.bundle/fr-CA.lproj/Localizable.strings /Users/xinyufang/Library/Developer/Xcode/DerivedData/Buzz-faillbpsmponqzeruhhvskovixzk/SourcePackages/checkouts/stripe-ios-spm/StripeConnect/StripeConnect/Resources/Localizations/fr-CA.lproj/Localizable.strings (in target 'Stripe_StripeConnect' from project 'Stripe')
    cd /Users/xinyufang/Library/Developer/Xcode/DerivedData/Buzz-faillbpsmponqzeruhhvskovixzk/SourcePackages/checkouts/stripe-ios-spm
    builtin-copy -exclude .DS_Store -exclude CVS -exclude .svn -exclude .git -exclude .hg -resolve-src-symlinks /Users/xinyufang/Library/Developer/Xcode/DerivedData/Buzz-faillbpsmponqzeruhhvskovixzk/SourcePackages/checkouts/stripe-ios-spm/StripeConnect/StripeConnect/Resources/Localizations/fr-CA.lproj/Localizable.strings /Users/xinyufang/Library/Developer/Xcode/DerivedData/Buzz-faillbpsmponqzeruhhvskovixzk/Build/Products/Debug-iphonesimulator/Stripe_StripeConnect.bundle/fr-CA.lproj

CpResource /Users/xinyufang/Library/Developer/Xcode/DerivedData/Buzz-faillbpsmponqzeruhhvskovixzk/Build/Products/Debug-iphonesimulator/Stripe_StripeConnect.bundle/fil.lproj/Localizable.strings /Users/xinyufang/Library/Developer/Xcode/DerivedData/Buzz-faillbpsmponqzeruhhvskovixzk/SourcePackages/checkouts/stripe-ios-spm/StripeConnect/StripeConnect/Resources/Localizations/fil.lproj/Localizable.strings (in target 'Stripe_StripeConnect' from project 'Stripe')
    cd /Users/xinyufang/Library/Developer/Xcode/DerivedData/Buzz-faillbpsmponqzeruhhvskovixzk/SourcePackages/checkouts/stripe-ios-spm
    builtin-copy -exclude .DS_Store -exclude CVS -exclude .svn -exclude .git -exclude .hg -resolve-src-symlinks /Users/xinyufang/Library/Developer/Xcode/DerivedData/Buzz-faillbpsmponqzeruhhvskovixzk/SourcePackages/checkouts/stripe-ios-spm/StripeConnect/StripeConnect/Resources/Localizations/fil.lproj/Localizable.strings /Users/xinyufang/Library/Developer/Xcode/DerivedData/Buzz-faillbpsmponqzeruhhvskovixzk/Build/Products/Debug-iphonesimulator/Stripe_StripeConnect.bundle/fil.lproj

CpResource /Users/xinyufang/Library/Developer/Xcode/DerivedData/Buzz-faillbpsmponqzeruhhvskovixzk/Build/Products/Debug-iphonesimulator/Stripe_StripeConnect.bundle/fi.lproj/Localizable.strings /Users/xinyufang/Library/Developer/Xcode/DerivedData/Buzz-faillbpsmponqzeruhhvskovixzk/SourcePackages/checkouts/stripe-ios-spm/StripeConnect/StripeConnect/Resources/Localizations/fi.lproj/Localizable.strings (in target 'Stripe_StripeConnect' from project 'Stripe')
    cd /Users/xinyufang/Library/Developer/Xcode/DerivedData/Buzz-faillbpsmponqzeruhhvskovixzk/SourcePackages/checkouts/stripe-ios-spm
    builtin-copy -exclude .DS_Store -exclude CVS -exclude .svn -exclude .git -exclude .hg -resolve-src-symlinks /Users/xinyufang/Library/Developer/Xcode/DerivedData/Buzz-faillbpsmponqzeruhhvskovixzk/SourcePackages/checkouts/stripe-ios-spm/StripeConnect/StripeConnect/Resources/Localizations/fi.lproj/Localizable.strings /Users/xinyufang/Library/Developer/Xcode/DerivedData/Buzz-faillbpsmponqzeruhhvskovixzk/Build/Products/Debug-iphonesimulator/Stripe_StripeConnect.bundle/fi.lproj

CpResource /Users/xinyufang/Library/Developer/Xcode/DerivedData/Buzz-faillbpsmponqzeruhhvskovixzk/Build/Products/Debug-iphonesimulator/Stripe_StripeConnect.bundle/et-EE.lproj/Localizable.strings /Users/xinyufang/Library/Developer/Xcode/DerivedData/Buzz-faillbpsmponqzeruhhvskovixzk/SourcePackages/checkouts/stripe-ios-spm/StripeConnect/StripeConnect/Resources/Localizations/et-EE.lproj/Localizable.strings (in target 'Stripe_StripeConnect' from project 'Stripe')
    cd /Users/xinyufang/Library/Developer/Xcode/DerivedData/Buzz-faillbpsmponqzeruhhvskovixzk/SourcePackages/checkouts/stripe-ios-spm
    builtin-copy -exclude .DS_Store -exclude CVS -exclude .svn -exclude .git -exclude .hg -resolve-src-symlinks /Users/xinyufang/Library/Developer/Xcode/DerivedData/Buzz-faillbpsmponqzeruhhvskovixzk/SourcePackages/checkouts/stripe-ios-spm/StripeConnect/StripeConnect/Resources/Localizations/et-EE.lproj/Localizable.strings /Users/xinyufang/Library/Developer/Xcode/DerivedData/Buzz-faillbpsmponqzeruhhvskovixzk/Build/Products/Debug-iphonesimulator/Stripe_StripeConnect.bundle/et-EE.lproj

CpResource /Users/xinyufang/Library/Developer/Xcode/DerivedData/Buzz-faillbpsmponqzeruhhvskovixzk/Build/Products/Debug-iphonesimulator/Stripe_StripeConnect.bundle/es.lproj/Localizable.strings /Users/xinyufang/Library/Developer/Xcode/DerivedData/Buzz-faillbpsmponqzeruhhvskovixzk/SourcePackages/checkouts/stripe-ios-spm/StripeConnect/StripeConnect/Resources/Localizations/es.lproj/Localizable.strings (in target 'Stripe_StripeConnect' from project 'Stripe')
    cd /Users/xinyufang/Library/Developer/Xcode/DerivedData/Buzz-faillbpsmponqzeruhhvskovixzk/SourcePackages/checkouts/stripe-ios-spm
    builtin-copy -exclude .DS_Store -exclude CVS -exclude .svn -exclude .git -exclude .hg -resolve-src-symlinks /Users/xinyufang/Library/Developer/Xcode/DerivedData/Buzz-faillbpsmponqzeruhhvskovixzk/SourcePackages/checkouts/stripe-ios-spm/StripeConnect/StripeConnect/Resources/Localizations/es.lproj/Localizable.strings /Users/xinyufang/Library/Developer/Xcode/DerivedData/Buzz-faillbpsmponqzeruhhvskovixzk/Build/Products/Debug-iphonesimulator/Stripe_StripeConnect.bundle/es.lproj

CpResource /Users/xinyufang/Library/Developer/Xcode/DerivedData/Buzz-faillbpsmponqzeruhhvskovixzk/Build/Products/Debug-iphonesimulator/Stripe_StripeConnect.bundle/es-419.lproj/Localizable.strings /Users/xinyufang/Library/Developer/Xcode/DerivedData/Buzz-faillbpsmponqzeruhhvskovixzk/SourcePackages/checkouts/stripe-ios-spm/StripeConnect/StripeConnect/Resources/Localizations/es-419.lproj/Localizable.strings (in target 'Stripe_StripeConnect' from project 'Stripe')
    cd /Users/xinyufang/Library/Developer/Xcode/DerivedData/Buzz-faillbpsmponqzeruhhvskovixzk/SourcePackages/checkouts/stripe-ios-spm
    builtin-copy -exclude .DS_Store -exclude CVS -exclude .svn -exclude .git -exclude .hg -resolve-src-symlinks /Users/xinyufang/Library/Developer/Xcode/DerivedData/Buzz-faillbpsmponqzeruhhvskovixzk/SourcePackages/checkouts/stripe-ios-spm/StripeConnect/StripeConnect/Resources/Localizations/es-419.lproj/Localizable.strings /Users/xinyufang/Library/Developer/Xcode/DerivedData/Buzz-faillbpsmponqzeruhhvskovixzk/Build/Products/Debug-iphonesimulator/Stripe_StripeConnect.bundle/es-419.lproj

CpResource /Users/xinyufang/Library/Developer/Xcode/DerivedData/Buzz-faillbpsmponqzeruhhvskovixzk/Build/Products/Debug-iphonesimulator/Stripe_StripeConnect.bundle/en.lproj/Localizable.strings /Users/xinyufang/Library/Developer/Xcode/DerivedData/Buzz-faillbpsmponqzeruhhvskovixzk/SourcePackages/checkouts/stripe-ios-spm/StripeConnect/StripeConnect/Resources/Localizations/en.lproj/Localizable.strings (in target 'Stripe_StripeConnect' from project 'Stripe')
    cd /Users/xinyufang/Library/Developer/Xcode/DerivedData/Buzz-faillbpsmponqzeruhhvskovixzk/SourcePackages/checkouts/stripe-ios-spm
    builtin-copy -exclude .DS_Store -exclude CVS -exclude .svn -exclude .git -exclude .hg -resolve-src-symlinks /Users/xinyufang/Library/Developer/Xcode/DerivedData/Buzz-faillbpsmponqzeruhhvskovixzk/SourcePackages/checkouts/stripe-ios-spm/StripeConnect/StripeConnect/Resources/Localizations/en.lproj/Localizable.strings /Users/xinyufang/Library/Developer/Xcode/DerivedData/Buzz-faillbpsmponqzeruhhvskovixzk/Build/Products/Debug-iphonesimulator/Stripe_StripeConnect.bundle/en.lproj

CpResource /Users/xinyufang/Library/Developer/Xcode/DerivedData/Buzz-faillbpsmponqzeruhhvskovixzk/Build/Products/Debug-iphonesimulator/Stripe_StripeConnect.bundle/en-GB.lproj/Localizable.strings /Users/xinyufang/Library/Developer/Xcode/DerivedData/Buzz-faillbpsmponqzeruhhvskovixzk/SourcePackages/checkouts/stripe-ios-spm/StripeConnect/StripeConnect/Resources/Localizations/en-GB.lproj/Localizable.strings (in target 'Stripe_StripeConnect' from project 'Stripe')
    cd /Users/xinyufang/Library/Developer/Xcode/DerivedData/Buzz-faillbpsmponqzeruhhvskovixzk/SourcePackages/checkouts/stripe-ios-spm
    builtin-copy -exclude .DS_Store -exclude CVS -exclude .svn -exclude .git -exclude .hg -resolve-src-symlinks /Users/xinyufang/Library/Developer/Xcode/DerivedData/Buzz-faillbpsmponqzeruhhvskovixzk/SourcePackages/checkouts/stripe-ios-spm/StripeConnect/StripeConnect/Resources/Localizations/en-GB.lproj/Localizable.strings /Users/xinyufang/Library/Developer/Xcode/DerivedData/Buzz-faillbpsmponqzeruhhvskovixzk/Build/Products/Debug-iphonesimulator/Stripe_StripeConnect.bundle/en-GB.lproj

CpResource /Users/xinyufang/Library/Developer/Xcode/DerivedData/Buzz-faillbpsmponqzeruhhvskovixzk/Build/Products/Debug-iphonesimulator/Stripe_StripeConnect.bundle/el-GR.lproj/Localizable.strings /Users/xinyufang/Library/Developer/Xcode/DerivedData/Buzz-faillbpsmponqzeruhhvskovixzk/SourcePackages/checkouts/stripe-ios-spm/StripeConnect/StripeConnect/Resources/Localizations/el-GR.lproj/Localizable.strings (in target 'Stripe_StripeConnect' from project 'Stripe')
    cd /Users/xinyufang/Library/Developer/Xcode/DerivedData/Buzz-faillbpsmponqzeruhhvskovixzk/SourcePackages/checkouts/stripe-ios-spm
    builtin-copy -exclude .DS_Store -exclude CVS -exclude .svn -exclude .git -exclude .hg -resolve-src-symlinks /Users/xinyufang/Library/Developer/Xcode/DerivedData/Buzz-faillbpsmponqzeruhhvskovixzk/SourcePackages/checkouts/stripe-ios-spm/StripeConnect/StripeConnect/Resources/Localizations/el-GR.lproj/Localizable.strings /Users/xinyufang/Library/Developer/Xcode/DerivedData/Buzz-faillbpsmponqzeruhhvskovixzk/Build/Products/Debug-iphonesimulator/Stripe_StripeConnect.bundle/el-GR.lproj

CpResource /Users/xinyufang/Library/Developer/Xcode/DerivedData/Buzz-faillbpsmponqzeruhhvskovixzk/Build/Products/Debug-iphonesimulator/Stripe_StripeConnect.bundle/de.lproj/Localizable.strings /Users/xinyufang/Library/Developer/Xcode/DerivedData/Buzz-faillbpsmponqzeruhhvskovixzk/SourcePackages/checkouts/stripe-ios-spm/StripeConnect/StripeConnect/Resources/Localizations/de.lproj/Localizable.strings (in target 'Stripe_StripeConnect' from project 'Stripe')
    cd /Users/xinyufang/Library/Developer/Xcode/DerivedData/Buzz-faillbpsmponqzeruhhvskovixzk/SourcePackages/checkouts/stripe-ios-spm
    builtin-copy -exclude .DS_Store -exclude CVS -exclude .svn -exclude .git -exclude .hg -resolve-src-symlinks /Users/xinyufang/Library/Developer/Xcode/DerivedData/Buzz-faillbpsmponqzeruhhvskovixzk/SourcePackages/checkouts/stripe-ios-spm/StripeConnect/StripeConnect/Resources/Localizations/de.lproj/Localizable.strings /Users/xinyufang/Library/Developer/Xcode/DerivedData/Buzz-faillbpsmponqzeruhhvskovixzk/Build/Products/Debug-iphonesimulator/Stripe_StripeConnect.bundle/de.lproj

CpResource /Users/xinyufang/Library/Developer/Xcode/DerivedData/Buzz-faillbpsmponqzeruhhvskovixzk/Build/Products/Debug-iphonesimulator/Stripe_StripeConnect.bundle/da.lproj/Localizable.strings /Users/xinyufang/Library/Developer/Xcode/DerivedData/Buzz-faillbpsmponqzeruhhvskovixzk/SourcePackages/checkouts/stripe-ios-spm/StripeConnect/StripeConnect/Resources/Localizations/da.lproj/Localizable.strings (in target 'Stripe_StripeConnect' from project 'Stripe')
    cd /Users/xinyufang/Library/Developer/Xcode/DerivedData/Buzz-faillbpsmponqzeruhhvskovixzk/SourcePackages/checkouts/stripe-ios-spm
    builtin-copy -exclude .DS_Store -exclude CVS -exclude .svn -exclude .git -exclude .hg -resolve-src-symlinks /Users/xinyufang/Library/Developer/Xcode/DerivedData/Buzz-faillbpsmponqzeruhhvskovixzk/SourcePackages/checkouts/stripe-ios-spm/StripeConnect/StripeConnect/Resources/Localizations/da.lproj/Localizable.strings /Users/xinyufang/Library/Developer/Xcode/DerivedData/Buzz-faillbpsmponqzeruhhvskovixzk/Build/Products/Debug-iphonesimulator/Stripe_StripeConnect.bundle/da.lproj

CpResource /Users/xinyufang/Library/Developer/Xcode/DerivedData/Buzz-faillbpsmponqzeruhhvskovixzk/Build/Products/Debug-iphonesimulator/Stripe_StripeConnect.bundle/cs-CZ.lproj/Localizable.strings /Users/xinyufang/Library/Developer/Xcode/DerivedData/Buzz-faillbpsmponqzeruhhvskovixzk/SourcePackages/checkouts/stripe-ios-spm/StripeConnect/StripeConnect/Resources/Localizations/cs-CZ.lproj/Localizable.strings (in target 'Stripe_StripeConnect' from project 'Stripe')
    cd /Users/xinyufang/Library/Developer/Xcode/DerivedData/Buzz-faillbpsmponqzeruhhvskovixzk/SourcePackages/checkouts/stripe-ios-spm
    builtin-copy -exclude .DS_Store -exclude CVS -exclude .svn -exclude .git -exclude .hg -resolve-src-symlinks /Users/xinyufang/Library/Developer/Xcode/DerivedData/Buzz-faillbpsmponqzeruhhvskovixzk/SourcePackages/checkouts/stripe-ios-spm/StripeConnect/StripeConnect/Resources/Localizations/cs-CZ.lproj/Localizable.strings /Users/xinyufang/Library/Developer/Xcode/DerivedData/Buzz-faillbpsmponqzeruhhvskovixzk/Build/Products/Debug-iphonesimulator/Stripe_StripeConnect.bundle/cs-CZ.lproj

CpResource /Users/xinyufang/Library/Developer/Xcode/DerivedData/Buzz-faillbpsmponqzeruhhvskovixzk/Build/Products/Debug-iphonesimulator/Stripe_StripeConnect.bundle/ca-ES.lproj/Localizable.strings /Users/xinyufang/Library/Developer/Xcode/DerivedData/Buzz-faillbpsmponqzeruhhvskovixzk/SourcePackages/checkouts/stripe-ios-spm/StripeConnect/StripeConnect/Resources/Localizations/ca-ES.lproj/Localizable.strings (in target 'Stripe_StripeConnect' from project 'Stripe')
    cd /Users/xinyufang/Library/Developer/Xcode/DerivedData/Buzz-faillbpsmponqzeruhhvskovixzk/SourcePackages/checkouts/stripe-ios-spm
    builtin-copy -exclude .DS_Store -exclude CVS -exclude .svn -exclude .git -exclude .hg -resolve-src-symlinks /Users/xinyufang/Library/Developer/Xcode/DerivedData/Buzz-faillbpsmponqzeruhhvskovixzk/SourcePackages/checkouts/stripe-ios-spm/StripeConnect/StripeConnect/Resources/Localizations/ca-ES.lproj/Localizable.strings /Users/xinyufang/Library/Developer/Xcode/DerivedData/Buzz-faillbpsmponqzeruhhvskovixzk/Build/Products/Debug-iphonesimulator/Stripe_StripeConnect.bundle/ca-ES.lproj

CpResource /Users/xinyufang/Library/Developer/Xcode/DerivedData/Buzz-faillbpsmponqzeruhhvskovixzk/Build/Products/Debug-iphonesimulator/Stripe_StripeConnect.bundle/bg-BG.lproj/Localizable.strings /Users/xinyufang/Library/Developer/Xcode/DerivedData/Buzz-faillbpsmponqzeruhhvskovixzk/SourcePackages/checkouts/stripe-ios-spm/StripeConnect/StripeConnect/Resources/Localizations/bg-BG.lproj/Localizable.strings (in target 'Stripe_StripeConnect' from project 'Stripe')
    cd /Users/xinyufang/Library/Developer/Xcode/DerivedData/Buzz-faillbpsmponqzeruhhvskovixzk/SourcePackages/checkouts/stripe-ios-spm
    builtin-copy -exclude .DS_Store -exclude CVS -exclude .svn -exclude .git -exclude .hg -resolve-src-symlinks /Users/xinyufang/Library/Developer/Xcode/DerivedData/Buzz-faillbpsmponqzeruhhvskovixzk/SourcePackages/checkouts/stripe-ios-spm/StripeConnect/StripeConnect/Resources/Localizations/bg-BG.lproj/Localizable.strings /Users/xinyufang/Library/Developer/Xcode/DerivedData/Buzz-faillbpsmponqzeruhhvskovixzk/Build/Products/Debug-iphonesimulator/Stripe_StripeConnect.bundle/bg-BG.lproj

RegisterExecutionPolicyException /Users/xinyufang/Library/Developer/Xcode/DerivedData/Buzz-faillbpsmponqzeruhhvskovixzk/Build/Products/Debug-iphonesimulator/Stripe_StripePayments.bundle (in target 'Stripe_StripePayments' from project 'Stripe')
    cd /Users/xinyufang/Library/Developer/Xcode/DerivedData/Buzz-faillbpsmponqzeruhhvskovixzk/SourcePackages/checkouts/stripe-ios-spm
    builtin-RegisterExecutionPolicyException /Users/xinyufang/Library/Developer/Xcode/DerivedData/Buzz-faillbpsmponqzeruhhvskovixzk/Build/Products/Debug-iphonesimulator/Stripe_StripePayments.bundle

RegisterExecutionPolicyException /Users/xinyufang/Library/Developer/Xcode/DerivedData/Buzz-faillbpsmponqzeruhhvskovixzk/Build/Products/Debug-iphonesimulator/Stripe_StripeIdentity.bundle (in target 'Stripe_StripeIdentity' from project 'Stripe')
    cd /Users/xinyufang/Library/Developer/Xcode/DerivedData/Buzz-faillbpsmponqzeruhhvskovixzk/SourcePackages/checkouts/stripe-ios-spm
    builtin-RegisterExecutionPolicyException /Users/xinyufang/Library/Developer/Xcode/DerivedData/Buzz-faillbpsmponqzeruhhvskovixzk/Build/Products/Debug-iphonesimulator/Stripe_StripeIdentity.bundle

RegisterExecutionPolicyException /Users/xinyufang/Library/Developer/Xcode/DerivedData/Buzz-faillbpsmponqzeruhhvskovixzk/Build/Products/Debug-iphonesimulator/Stripe_StripeFinancialConnections.bundle (in target 'Stripe_StripeFinancialConnections' from project 'Stripe')
    cd /Users/xinyufang/Library/Developer/Xcode/DerivedData/Buzz-faillbpsmponqzeruhhvskovixzk/SourcePackages/checkouts/stripe-ios-spm
    builtin-RegisterExecutionPolicyException /Users/xinyufang/Library/Developer/Xcode/DerivedData/Buzz-faillbpsmponqzeruhhvskovixzk/Build/Products/Debug-iphonesimulator/Stripe_StripeFinancialConnections.bundle

CodeSign /Users/xinyufang/Library/Developer/Xcode/DerivedData/Buzz-faillbpsmponqzeruhhvskovixzk/Build/Products/Debug-iphonesimulator/Stripe_StripeCore.bundle (in target 'Stripe_StripeCore' from project 'Stripe')
    cd /Users/xinyufang/Library/Developer/Xcode/DerivedData/Buzz-faillbpsmponqzeruhhvskovixzk/SourcePackages/checkouts/stripe-ios-spm
    
    Signing Identity:     "Sign to Run Locally"
    
    /usr/bin/codesign --force --sign - --timestamp\=none --generate-entitlement-der /Users/xinyufang/Library/Developer/Xcode/DerivedData/Buzz-faillbpsmponqzeruhhvskovixzk/Build/Products/Debug-iphonesimulator/Stripe_StripeCore.bundle

Touch /Users/xinyufang/Library/Developer/Xcode/DerivedData/Buzz-faillbpsmponqzeruhhvskovixzk/Build/Products/Debug-iphonesimulator/Stripe_StripePayments.bundle (in target 'Stripe_StripePayments' from project 'Stripe')
    cd /Users/xinyufang/Library/Developer/Xcode/DerivedData/Buzz-faillbpsmponqzeruhhvskovixzk/SourcePackages/checkouts/stripe-ios-spm
    /usr/bin/touch -c /Users/xinyufang/Library/Developer/Xcode/DerivedData/Buzz-faillbpsmponqzeruhhvskovixzk/Build/Products/Debug-iphonesimulator/Stripe_StripePayments.bundle

ProcessInfoPlistFile /Users/xinyufang/Library/Developer/Xcode/DerivedData/Buzz-faillbpsmponqzeruhhvskovixzk/Build/Products/Debug-iphonesimulator/Stripe_StripeCardScan.bundle/Info.plist /Users/xinyufang/Library/Developer/Xcode/DerivedData/Buzz-faillbpsmponqzeruhhvskovixzk/Build/Intermediates.noindex/Stripe.build/Debug-iphonesimulator/Stripe_StripeCardScan.build/empty-Stripe_StripeCardScan.plist (in target 'Stripe_StripeCardScan' from project 'Stripe')
    cd /Users/xinyufang/Library/Developer/Xcode/DerivedData/Buzz-faillbpsmponqzeruhhvskovixzk/SourcePackages/checkouts/stripe-ios-spm
    builtin-infoPlistUtility /Users/xinyufang/Library/Developer/Xcode/DerivedData/Buzz-faillbpsmponqzeruhhvskovixzk/Build/Intermediates.noindex/Stripe.build/Debug-iphonesimulator/Stripe_StripeCardScan.build/empty-Stripe_StripeCardScan.plist -producttype com.apple.product-type.bundle -expandbuildsettings -format binary -platform iphonesimulator -o /Users/xinyufang/Library/Developer/Xcode/DerivedData/Buzz-faillbpsmponqzeruhhvskovixzk/Build/Products/Debug-iphonesimulator/Stripe_StripeCardScan.bundle/Info.plist

CpResource /Users/xinyufang/Library/Developer/Xcode/DerivedData/Buzz-faillbpsmponqzeruhhvskovixzk/Build/Products/Debug-iphonesimulator/Stripe_StripeCardScan.bundle/zh-Hant.lproj/Localizable.strings /Users/xinyufang/Library/Developer/Xcode/DerivedData/Buzz-faillbpsmponqzeruhhvskovixzk/SourcePackages/checkouts/stripe-ios-spm/StripeCardScan/StripeCardScan/Resources/Localizations/zh-Hant.lproj/Localizable.strings (in target 'Stripe_StripeCardScan' from project 'Stripe')
    cd /Users/xinyufang/Library/Developer/Xcode/DerivedData/Buzz-faillbpsmponqzeruhhvskovixzk/SourcePackages/checkouts/stripe-ios-spm
    builtin-copy -exclude .DS_Store -exclude CVS -exclude .svn -exclude .git -exclude .hg -resolve-src-symlinks /Users/xinyufang/Library/Developer/Xcode/DerivedData/Buzz-faillbpsmponqzeruhhvskovixzk/SourcePackages/checkouts/stripe-ios-spm/StripeCardScan/StripeCardScan/Resources/Localizations/zh-Hant.lproj/Localizable.strings /Users/xinyufang/Library/Developer/Xcode/DerivedData/Buzz-faillbpsmponqzeruhhvskovixzk/Build/Products/Debug-iphonesimulator/Stripe_StripeCardScan.bundle/zh-Hant.lproj

CpResource /Users/xinyufang/Library/Developer/Xcode/DerivedData/Buzz-faillbpsmponqzeruhhvskovixzk/Build/Products/Debug-iphonesimulator/Stripe_StripeCardScan.bundle/zh-Hans.lproj/Localizable.strings /Users/xinyufang/Library/Developer/Xcode/DerivedData/Buzz-faillbpsmponqzeruhhvskovixzk/SourcePackages/checkouts/stripe-ios-spm/StripeCardScan/StripeCardScan/Resources/Localizations/zh-Hans.lproj/Localizable.strings (in target 'Stripe_StripeCardScan' from project 'Stripe')
    cd /Users/xinyufang/Library/Developer/Xcode/DerivedData/Buzz-faillbpsmponqzeruhhvskovixzk/SourcePackages/checkouts/stripe-ios-spm
    builtin-copy -exclude .DS_Store -exclude CVS -exclude .svn -exclude .git -exclude .hg -resolve-src-symlinks /Users/xinyufang/Library/Developer/Xcode/DerivedData/Buzz-faillbpsmponqzeruhhvskovixzk/SourcePackages/checkouts/stripe-ios-spm/StripeCardScan/StripeCardScan/Resources/Localizations/zh-Hans.lproj/Localizable.strings /Users/xinyufang/Library/Developer/Xcode/DerivedData/Buzz-faillbpsmponqzeruhhvskovixzk/Build/Products/Debug-iphonesimulator/Stripe_StripeCardScan.bundle/zh-Hans.lproj

CpResource /Users/xinyufang/Library/Developer/Xcode/DerivedData/Buzz-faillbpsmponqzeruhhvskovixzk/Build/Products/Debug-iphonesimulator/Stripe_StripeCardScan.bundle/zh-HK.lproj/Localizable.strings /Users/xinyufang/Library/Developer/Xcode/DerivedData/Buzz-faillbpsmponqzeruhhvskovixzk/SourcePackages/checkouts/stripe-ios-spm/StripeCardScan/StripeCardScan/Resources/Localizations/zh-HK.lproj/Localizable.strings (in target 'Stripe_StripeCardScan' from project 'Stripe')
    cd /Users/xinyufang/Library/Developer/Xcode/DerivedData/Buzz-faillbpsmponqzeruhhvskovixzk/SourcePackages/checkouts/stripe-ios-spm
    builtin-copy -exclude .DS_Store -exclude CVS -exclude .svn -exclude .git -exclude .hg -resolve-src-symlinks /Users/xinyufang/Library/Developer/Xcode/DerivedData/Buzz-faillbpsmponqzeruhhvskovixzk/SourcePackages/checkouts/stripe-ios-spm/StripeCardScan/StripeCardScan/Resources/Localizations/zh-HK.lproj/Localizable.strings /Users/xinyufang/Library/Developer/Xcode/DerivedData/Buzz-faillbpsmponqzeruhhvskovixzk/Build/Products/Debug-iphonesimulator/Stripe_StripeCardScan.bundle/zh-HK.lproj

CpResource /Users/xinyufang/Library/Developer/Xcode/DerivedData/Buzz-faillbpsmponqzeruhhvskovixzk/Build/Products/Debug-iphonesimulator/Stripe_StripeCardScan.bundle/vi.lproj/Localizable.strings /Users/xinyufang/Library/Developer/Xcode/DerivedData/Buzz-faillbpsmponqzeruhhvskovixzk/SourcePackages/checkouts/stripe-ios-spm/StripeCardScan/StripeCardScan/Resources/Localizations/vi.lproj/Localizable.strings (in target 'Stripe_StripeCardScan' from project 'Stripe')
    cd /Users/xinyufang/Library/Developer/Xcode/DerivedData/Buzz-faillbpsmponqzeruhhvskovixzk/SourcePackages/checkouts/stripe-ios-spm
    builtin-copy -exclude .DS_Store -exclude CVS -exclude .svn -exclude .git -exclude .hg -resolve-src-symlinks /Users/xinyufang/Library/Developer/Xcode/DerivedData/Buzz-faillbpsmponqzeruhhvskovixzk/SourcePackages/checkouts/stripe-ios-spm/StripeCardScan/StripeCardScan/Resources/Localizations/vi.lproj/Localizable.strings /Users/xinyufang/Library/Developer/Xcode/DerivedData/Buzz-faillbpsmponqzeruhhvskovixzk/Build/Products/Debug-iphonesimulator/Stripe_StripeCardScan.bundle/vi.lproj

CpResource /Users/xinyufang/Library/Developer/Xcode/DerivedData/Buzz-faillbpsmponqzeruhhvskovixzk/Build/Products/Debug-iphonesimulator/Stripe_StripeCardScan.bundle/tr.lproj/Localizable.strings /Users/xinyufang/Library/Developer/Xcode/DerivedData/Buzz-faillbpsmponqzeruhhvskovixzk/SourcePackages/checkouts/stripe-ios-spm/StripeCardScan/StripeCardScan/Resources/Localizations/tr.lproj/Localizable.strings (in target 'Stripe_StripeCardScan' from project 'Stripe')
    cd /Users/xinyufang/Library/Developer/Xcode/DerivedData/Buzz-faillbpsmponqzeruhhvskovixzk/SourcePackages/checkouts/stripe-ios-spm
    builtin-copy -exclude .DS_Store -exclude CVS -exclude .svn -exclude .git -exclude .hg -resolve-src-symlinks /Users/xinyufang/Library/Developer/Xcode/DerivedData/Buzz-faillbpsmponqzeruhhvskovixzk/SourcePackages/checkouts/stripe-ios-spm/StripeCardScan/StripeCardScan/Resources/Localizations/tr.lproj/Localizable.strings /Users/xinyufang/Library/Developer/Xcode/DerivedData/Buzz-faillbpsmponqzeruhhvskovixzk/Build/Products/Debug-iphonesimulator/Stripe_StripeCardScan.bundle/tr.lproj

CpResource /Users/xinyufang/Library/Developer/Xcode/DerivedData/Buzz-faillbpsmponqzeruhhvskovixzk/Build/Products/Debug-iphonesimulator/Stripe_StripeCardScan.bundle/th.lproj/Localizable.strings /Users/xinyufang/Library/Developer/Xcode/DerivedData/Buzz-faillbpsmponqzeruhhvskovixzk/SourcePackages/checkouts/stripe-ios-spm/StripeCardScan/StripeCardScan/Resources/Localizations/th.lproj/Localizable.strings (in target 'Stripe_StripeCardScan' from project 'Stripe')
    cd /Users/xinyufang/Library/Developer/Xcode/DerivedData/Buzz-faillbpsmponqzeruhhvskovixzk/SourcePackages/checkouts/stripe-ios-spm
    builtin-copy -exclude .DS_Store -exclude CVS -exclude .svn -exclude .git -exclude .hg -resolve-src-symlinks /Users/xinyufang/Library/Developer/Xcode/DerivedData/Buzz-faillbpsmponqzeruhhvskovixzk/SourcePackages/checkouts/stripe-ios-spm/StripeCardScan/StripeCardScan/Resources/Localizations/th.lproj/Localizable.strings /Users/xinyufang/Library/Developer/Xcode/DerivedData/Buzz-faillbpsmponqzeruhhvskovixzk/Build/Products/Debug-iphonesimulator/Stripe_StripeCardScan.bundle/th.lproj

CpResource /Users/xinyufang/Library/Developer/Xcode/DerivedData/Buzz-faillbpsmponqzeruhhvskovixzk/Build/Products/Debug-iphonesimulator/Stripe_StripeCardScan.bundle/sv.lproj/Localizable.strings /Users/xinyufang/Library/Developer/Xcode/DerivedData/Buzz-faillbpsmponqzeruhhvskovixzk/SourcePackages/checkouts/stripe-ios-spm/StripeCardScan/StripeCardScan/Resources/Localizations/sv.lproj/Localizable.strings (in target 'Stripe_StripeCardScan' from project 'Stripe')
    cd /Users/xinyufang/Library/Developer/Xcode/DerivedData/Buzz-faillbpsmponqzeruhhvskovixzk/SourcePackages/checkouts/stripe-ios-spm
    builtin-copy -exclude .DS_Store -exclude CVS -exclude .svn -exclude .git -exclude .hg -resolve-src-symlinks /Users/xinyufang/Library/Developer/Xcode/DerivedData/Buzz-faillbpsmponqzeruhhvskovixzk/SourcePackages/checkouts/stripe-ios-spm/StripeCardScan/StripeCardScan/Resources/Localizations/sv.lproj/Localizable.strings /Users/xinyufang/Library/Developer/Xcode/DerivedData/Buzz-faillbpsmponqzeruhhvskovixzk/Build/Products/Debug-iphonesimulator/Stripe_StripeCardScan.bundle/sv.lproj

CpResource /Users/xinyufang/Library/Developer/Xcode/DerivedData/Buzz-faillbpsmponqzeruhhvskovixzk/Build/Products/Debug-iphonesimulator/Stripe_StripeCardScan.bundle/sl-SI.lproj/Localizable.strings /Users/xinyufang/Library/Developer/Xcode/DerivedData/Buzz-faillbpsmponqzeruhhvskovixzk/SourcePackages/checkouts/stripe-ios-spm/StripeCardScan/StripeCardScan/Resources/Localizations/sl-SI.lproj/Localizable.strings (in target 'Stripe_StripeCardScan' from project 'Stripe')
    cd /Users/xinyufang/Library/Developer/Xcode/DerivedData/Buzz-faillbpsmponqzeruhhvskovixzk/SourcePackages/checkouts/stripe-ios-spm
    builtin-copy -exclude .DS_Store -exclude CVS -exclude .svn -exclude .git -exclude .hg -resolve-src-symlinks /Users/xinyufang/Library/Developer/Xcode/DerivedData/Buzz-faillbpsmponqzeruhhvskovixzk/SourcePackages/checkouts/stripe-ios-spm/StripeCardScan/StripeCardScan/Resources/Localizations/sl-SI.lproj/Localizable.strings /Users/xinyufang/Library/Developer/Xcode/DerivedData/Buzz-faillbpsmponqzeruhhvskovixzk/Build/Products/Debug-iphonesimulator/Stripe_StripeCardScan.bundle/sl-SI.lproj

CpResource /Users/xinyufang/Library/Developer/Xcode/DerivedData/Buzz-faillbpsmponqzeruhhvskovixzk/Build/Products/Debug-iphonesimulator/Stripe_StripeCardScan.bundle/sk-SK.lproj/Localizable.strings /Users/xinyufang/Library/Developer/Xcode/DerivedData/Buzz-faillbpsmponqzeruhhvskovixzk/SourcePackages/checkouts/stripe-ios-spm/StripeCardScan/StripeCardScan/Resources/Localizations/sk-SK.lproj/Localizable.strings (in target 'Stripe_StripeCardScan' from project 'Stripe')
    cd /Users/xinyufang/Library/Developer/Xcode/DerivedData/Buzz-faillbpsmponqzeruhhvskovixzk/SourcePackages/checkouts/stripe-ios-spm
    builtin-copy -exclude .DS_Store -exclude CVS -exclude .svn -exclude .git -exclude .hg -resolve-src-symlinks /Users/xinyufang/Library/Developer/Xcode/DerivedData/Buzz-faillbpsmponqzeruhhvskovixzk/SourcePackages/checkouts/stripe-ios-spm/StripeCardScan/StripeCardScan/Resources/Localizations/sk-SK.lproj/Localizable.strings /Users/xinyufang/Library/Developer/Xcode/DerivedData/Buzz-faillbpsmponqzeruhhvskovixzk/Build/Products/Debug-iphonesimulator/Stripe_StripeCardScan.bundle/sk-SK.lproj

CpResource /Users/xinyufang/Library/Developer/Xcode/DerivedData/Buzz-faillbpsmponqzeruhhvskovixzk/Build/Products/Debug-iphonesimulator/Stripe_StripeCardScan.bundle/ru.lproj/Localizable.strings /Users/xinyufang/Library/Developer/Xcode/DerivedData/Buzz-faillbpsmponqzeruhhvskovixzk/SourcePackages/checkouts/stripe-ios-spm/StripeCardScan/StripeCardScan/Resources/Localizations/ru.lproj/Localizable.strings (in target 'Stripe_StripeCardScan' from project 'Stripe')
    cd /Users/xinyufang/Library/Developer/Xcode/DerivedData/Buzz-faillbpsmponqzeruhhvskovixzk/SourcePackages/checkouts/stripe-ios-spm
    builtin-copy -exclude .DS_Store -exclude CVS -exclude .svn -exclude .git -exclude .hg -resolve-src-symlinks /Users/xinyufang/Library/Developer/Xcode/DerivedData/Buzz-faillbpsmponqzeruhhvskovixzk/SourcePackages/checkouts/stripe-ios-spm/StripeCardScan/StripeCardScan/Resources/Localizations/ru.lproj/Localizable.strings /Users/xinyufang/Library/Developer/Xcode/DerivedData/Buzz-faillbpsmponqzeruhhvskovixzk/Build/Products/Debug-iphonesimulator/Stripe_StripeCardScan.bundle/ru.lproj

CpResource /Users/xinyufang/Library/Developer/Xcode/DerivedData/Buzz-faillbpsmponqzeruhhvskovixzk/Build/Products/Debug-iphonesimulator/Stripe_StripeCardScan.bundle/ro-RO.lproj/Localizable.strings /Users/xinyufang/Library/Developer/Xcode/DerivedData/Buzz-faillbpsmponqzeruhhvskovixzk/SourcePackages/checkouts/stripe-ios-spm/StripeCardScan/StripeCardScan/Resources/Localizations/ro-RO.lproj/Localizable.strings (in target 'Stripe_StripeCardScan' from project 'Stripe')
    cd /Users/xinyufang/Library/Developer/Xcode/DerivedData/Buzz-faillbpsmponqzeruhhvskovixzk/SourcePackages/checkouts/stripe-ios-spm
    builtin-copy -exclude .DS_Store -exclude CVS -exclude .svn -exclude .git -exclude .hg -resolve-src-symlinks /Users/xinyufang/Library/Developer/Xcode/DerivedData/Buzz-faillbpsmponqzeruhhvskovixzk/SourcePackages/checkouts/stripe-ios-spm/StripeCardScan/StripeCardScan/Resources/Localizations/ro-RO.lproj/Localizable.strings /Users/xinyufang/Library/Developer/Xcode/DerivedData/Buzz-faillbpsmponqzeruhhvskovixzk/Build/Products/Debug-iphonesimulator/Stripe_StripeCardScan.bundle/ro-RO.lproj

CpResource /Users/xinyufang/Library/Developer/Xcode/DerivedData/Buzz-faillbpsmponqzeruhhvskovixzk/Build/Products/Debug-iphonesimulator/Stripe_StripeCardScan.bundle/pt-PT.lproj/Localizable.strings /Users/xinyufang/Library/Developer/Xcode/DerivedData/Buzz-faillbpsmponqzeruhhvskovixzk/SourcePackages/checkouts/stripe-ios-spm/StripeCardScan/StripeCardScan/Resources/Localizations/pt-PT.lproj/Localizable.strings (in target 'Stripe_StripeCardScan' from project 'Stripe')
    cd /Users/xinyufang/Library/Developer/Xcode/DerivedData/Buzz-faillbpsmponqzeruhhvskovixzk/SourcePackages/checkouts/stripe-ios-spm
    builtin-copy -exclude .DS_Store -exclude CVS -exclude .svn -exclude .git -exclude .hg -resolve-src-symlinks /Users/xinyufang/Library/Developer/Xcode/DerivedData/Buzz-faillbpsmponqzeruhhvskovixzk/SourcePackages/checkouts/stripe-ios-spm/StripeCardScan/StripeCardScan/Resources/Localizations/pt-PT.lproj/Localizable.strings /Users/xinyufang/Library/Developer/Xcode/DerivedData/Buzz-faillbpsmponqzeruhhvskovixzk/Build/Products/Debug-iphonesimulator/Stripe_StripeCardScan.bundle/pt-PT.lproj

CpResource /Users/xinyufang/Library/Developer/Xcode/DerivedData/Buzz-faillbpsmponqzeruhhvskovixzk/Build/Products/Debug-iphonesimulator/Stripe_StripeCardScan.bundle/pt-BR.lproj/Localizable.strings /Users/xinyufang/Library/Developer/Xcode/DerivedData/Buzz-faillbpsmponqzeruhhvskovixzk/SourcePackages/checkouts/stripe-ios-spm/StripeCardScan/StripeCardScan/Resources/Localizations/pt-BR.lproj/Localizable.strings (in target 'Stripe_StripeCardScan' from project 'Stripe')
    cd /Users/xinyufang/Library/Developer/Xcode/DerivedData/Buzz-faillbpsmponqzeruhhvskovixzk/SourcePackages/checkouts/stripe-ios-spm
    builtin-copy -exclude .DS_Store -exclude CVS -exclude .svn -exclude .git -exclude .hg -resolve-src-symlinks /Users/xinyufang/Library/Developer/Xcode/DerivedData/Buzz-faillbpsmponqzeruhhvskovixzk/SourcePackages/checkouts/stripe-ios-spm/StripeCardScan/StripeCardScan/Resources/Localizations/pt-BR.lproj/Localizable.strings /Users/xinyufang/Library/Developer/Xcode/DerivedData/Buzz-faillbpsmponqzeruhhvskovixzk/Build/Products/Debug-iphonesimulator/Stripe_StripeCardScan.bundle/pt-BR.lproj

CpResource /Users/xinyufang/Library/Developer/Xcode/DerivedData/Buzz-faillbpsmponqzeruhhvskovixzk/Build/Products/Debug-iphonesimulator/Stripe_StripeCardScan.bundle/pl-PL.lproj/Localizable.strings /Users/xinyufang/Library/Developer/Xcode/DerivedData/Buzz-faillbpsmponqzeruhhvskovixzk/SourcePackages/checkouts/stripe-ios-spm/StripeCardScan/StripeCardScan/Resources/Localizations/pl-PL.lproj/Localizable.strings (in target 'Stripe_StripeCardScan' from project 'Stripe')
    cd /Users/xinyufang/Library/Developer/Xcode/DerivedData/Buzz-faillbpsmponqzeruhhvskovixzk/SourcePackages/checkouts/stripe-ios-spm
    builtin-copy -exclude .DS_Store -exclude CVS -exclude .svn -exclude .git -exclude .hg -resolve-src-symlinks /Users/xinyufang/Library/Developer/Xcode/DerivedData/Buzz-faillbpsmponqzeruhhvskovixzk/SourcePackages/checkouts/stripe-ios-spm/StripeCardScan/StripeCardScan/Resources/Localizations/pl-PL.lproj/Localizable.strings /Users/xinyufang/Library/Developer/Xcode/DerivedData/Buzz-faillbpsmponqzeruhhvskovixzk/Build/Products/Debug-iphonesimulator/Stripe_StripeCardScan.bundle/pl-PL.lproj

CpResource /Users/xinyufang/Library/Developer/Xcode/DerivedData/Buzz-faillbpsmponqzeruhhvskovixzk/Build/Products/Debug-iphonesimulator/Stripe_StripeCardScan.bundle/nl.lproj/Localizable.strings /Users/xinyufang/Library/Developer/Xcode/DerivedData/Buzz-faillbpsmponqzeruhhvskovixzk/SourcePackages/checkouts/stripe-ios-spm/StripeCardScan/StripeCardScan/Resources/Localizations/nl.lproj/Localizable.strings (in target 'Stripe_StripeCardScan' from project 'Stripe')
    cd /Users/xinyufang/Library/Developer/Xcode/DerivedData/Buzz-faillbpsmponqzeruhhvskovixzk/SourcePackages/checkouts/stripe-ios-spm
    builtin-copy -exclude .DS_Store -exclude CVS -exclude .svn -exclude .git -exclude .hg -resolve-src-symlinks /Users/xinyufang/Library/Developer/Xcode/DerivedData/Buzz-faillbpsmponqzeruhhvskovixzk/SourcePackages/checkouts/stripe-ios-spm/StripeCardScan/StripeCardScan/Resources/Localizations/nl.lproj/Localizable.strings /Users/xinyufang/Library/Developer/Xcode/DerivedData/Buzz-faillbpsmponqzeruhhvskovixzk/Build/Products/Debug-iphonesimulator/Stripe_StripeCardScan.bundle/nl.lproj

CpResource /Users/xinyufang/Library/Developer/Xcode/DerivedData/Buzz-faillbpsmponqzeruhhvskovixzk/Build/Products/Debug-iphonesimulator/Stripe_StripeCardScan.bundle/nb.lproj/Localizable.strings /Users/xinyufang/Library/Developer/Xcode/DerivedData/Buzz-faillbpsmponqzeruhhvskovixzk/SourcePackages/checkouts/stripe-ios-spm/StripeCardScan/StripeCardScan/Resources/Localizations/nb.lproj/Localizable.strings (in target 'Stripe_StripeCardScan' from project 'Stripe')
    cd /Users/xinyufang/Library/Developer/Xcode/DerivedData/Buzz-faillbpsmponqzeruhhvskovixzk/SourcePackages/checkouts/stripe-ios-spm
    builtin-copy -exclude .DS_Store -exclude CVS -exclude .svn -exclude .git -exclude .hg -resolve-src-symlinks /Users/xinyufang/Library/Developer/Xcode/DerivedData/Buzz-faillbpsmponqzeruhhvskovixzk/SourcePackages/checkouts/stripe-ios-spm/StripeCardScan/StripeCardScan/Resources/Localizations/nb.lproj/Localizable.strings /Users/xinyufang/Library/Developer/Xcode/DerivedData/Buzz-faillbpsmponqzeruhhvskovixzk/Build/Products/Debug-iphonesimulator/Stripe_StripeCardScan.bundle/nb.lproj

CpResource /Users/xinyufang/Library/Developer/Xcode/DerivedData/Buzz-faillbpsmponqzeruhhvskovixzk/Build/Products/Debug-iphonesimulator/Stripe_StripeCardScan.bundle/mt.lproj/Localizable.strings /Users/xinyufang/Library/Developer/Xcode/DerivedData/Buzz-faillbpsmponqzeruhhvskovixzk/SourcePackages/checkouts/stripe-ios-spm/StripeCardScan/StripeCardScan/Resources/Localizations/mt.lproj/Localizable.strings (in target 'Stripe_StripeCardScan' from project 'Stripe')
    cd /Users/xinyufang/Library/Developer/Xcode/DerivedData/Buzz-faillbpsmponqzeruhhvskovixzk/SourcePackages/checkouts/stripe-ios-spm
    builtin-copy -exclude .DS_Store -exclude CVS -exclude .svn -exclude .git -exclude .hg -resolve-src-symlinks /Users/xinyufang/Library/Developer/Xcode/DerivedData/Buzz-faillbpsmponqzeruhhvskovixzk/SourcePackages/checkouts/stripe-ios-spm/StripeCardScan/StripeCardScan/Resources/Localizations/mt.lproj/Localizable.strings /Users/xinyufang/Library/Developer/Xcode/DerivedData/Buzz-faillbpsmponqzeruhhvskovixzk/Build/Products/Debug-iphonesimulator/Stripe_StripeCardScan.bundle/mt.lproj

CpResource /Users/xinyufang/Library/Developer/Xcode/DerivedData/Buzz-faillbpsmponqzeruhhvskovixzk/Build/Products/Debug-iphonesimulator/Stripe_StripeCardScan.bundle/ms-MY.lproj/Localizable.strings /Users/xinyufang/Library/Developer/Xcode/DerivedData/Buzz-faillbpsmponqzeruhhvskovixzk/SourcePackages/checkouts/stripe-ios-spm/StripeCardScan/StripeCardScan/Resources/Localizations/ms-MY.lproj/Localizable.strings (in target 'Stripe_StripeCardScan' from project 'Stripe')
    cd /Users/xinyufang/Library/Developer/Xcode/DerivedData/Buzz-faillbpsmponqzeruhhvskovixzk/SourcePackages/checkouts/stripe-ios-spm
    builtin-copy -exclude .DS_Store -exclude CVS -exclude .svn -exclude .git -exclude .hg -resolve-src-symlinks /Users/xinyufang/Library/Developer/Xcode/DerivedData/Buzz-faillbpsmponqzeruhhvskovixzk/SourcePackages/checkouts/stripe-ios-spm/StripeCardScan/StripeCardScan/Resources/Localizations/ms-MY.lproj/Localizable.strings /Users/xinyufang/Library/Developer/Xcode/DerivedData/Buzz-faillbpsmponqzeruhhvskovixzk/Build/Products/Debug-iphonesimulator/Stripe_StripeCardScan.bundle/ms-MY.lproj

CpResource /Users/xinyufang/Library/Developer/Xcode/DerivedData/Buzz-faillbpsmponqzeruhhvskovixzk/Build/Products/Debug-iphonesimulator/Stripe_StripeCardScan.bundle/lv-LV.lproj/Localizable.strings /Users/xinyufang/Library/Developer/Xcode/DerivedData/Buzz-faillbpsmponqzeruhhvskovixzk/SourcePackages/checkouts/stripe-ios-spm/StripeCardScan/StripeCardScan/Resources/Localizations/lv-LV.lproj/Localizable.strings (in target 'Stripe_StripeCardScan' from project 'Stripe')
    cd /Users/xinyufang/Library/Developer/Xcode/DerivedData/Buzz-faillbpsmponqzeruhhvskovixzk/SourcePackages/checkouts/stripe-ios-spm
    builtin-copy -exclude .DS_Store -exclude CVS -exclude .svn -exclude .git -exclude .hg -resolve-src-symlinks /Users/xinyufang/Library/Developer/Xcode/DerivedData/Buzz-faillbpsmponqzeruhhvskovixzk/SourcePackages/checkouts/stripe-ios-spm/StripeCardScan/StripeCardScan/Resources/Localizations/lv-LV.lproj/Localizable.strings /Users/xinyufang/Library/Developer/Xcode/DerivedData/Buzz-faillbpsmponqzeruhhvskovixzk/Build/Products/Debug-iphonesimulator/Stripe_StripeCardScan.bundle/lv-LV.lproj

CpResource /Users/xinyufang/Library/Developer/Xcode/DerivedData/Buzz-faillbpsmponqzeruhhvskovixzk/Build/Products/Debug-iphonesimulator/Stripe_StripeCardScan.bundle/lt-LT.lproj/Localizable.strings /Users/xinyufang/Library/Developer/Xcode/DerivedData/Buzz-faillbpsmponqzeruhhvskovixzk/SourcePackages/checkouts/stripe-ios-spm/StripeCardScan/StripeCardScan/Resources/Localizations/lt-LT.lproj/Localizable.strings (in target 'Stripe_StripeCardScan' from project 'Stripe')
    cd /Users/xinyufang/Library/Developer/Xcode/DerivedData/Buzz-faillbpsmponqzeruhhvskovixzk/SourcePackages/checkouts/stripe-ios-spm
    builtin-copy -exclude .DS_Store -exclude CVS -exclude .svn -exclude .git -exclude .hg -resolve-src-symlinks /Users/xinyufang/Library/Developer/Xcode/DerivedData/Buzz-faillbpsmponqzeruhhvskovixzk/SourcePackages/checkouts/stripe-ios-spm/StripeCardScan/StripeCardScan/Resources/Localizations/lt-LT.lproj/Localizable.strings /Users/xinyufang/Library/Developer/Xcode/DerivedData/Buzz-faillbpsmponqzeruhhvskovixzk/Build/Products/Debug-iphonesimulator/Stripe_StripeCardScan.bundle/lt-LT.lproj

CpResource /Users/xinyufang/Library/Developer/Xcode/DerivedData/Buzz-faillbpsmponqzeruhhvskovixzk/Build/Products/Debug-iphonesimulator/Stripe_StripeCardScan.bundle/ko.lproj/Localizable.strings /Users/xinyufang/Library/Developer/Xcode/DerivedData/Buzz-faillbpsmponqzeruhhvskovixzk/SourcePackages/checkouts/stripe-ios-spm/StripeCardScan/StripeCardScan/Resources/Localizations/ko.lproj/Localizable.strings (in target 'Stripe_StripeCardScan' from project 'Stripe')
    cd /Users/xinyufang/Library/Developer/Xcode/DerivedData/Buzz-faillbpsmponqzeruhhvskovixzk/SourcePackages/checkouts/stripe-ios-spm
    builtin-copy -exclude .DS_Store -exclude CVS -exclude .svn -exclude .git -exclude .hg -resolve-src-symlinks /Users/xinyufang/Library/Developer/Xcode/DerivedData/Buzz-faillbpsmponqzeruhhvskovixzk/SourcePackages/checkouts/stripe-ios-spm/StripeCardScan/StripeCardScan/Resources/Localizations/ko.lproj/Localizable.strings /Users/xinyufang/Library/Developer/Xcode/DerivedData/Buzz-faillbpsmponqzeruhhvskovixzk/Build/Products/Debug-iphonesimulator/Stripe_StripeCardScan.bundle/ko.lproj

CpResource /Users/xinyufang/Library/Developer/Xcode/DerivedData/Buzz-faillbpsmponqzeruhhvskovixzk/Build/Products/Debug-iphonesimulator/Stripe_StripeCardScan.bundle/ja.lproj/Localizable.strings /Users/xinyufang/Library/Developer/Xcode/DerivedData/Buzz-faillbpsmponqzeruhhvskovixzk/SourcePackages/checkouts/stripe-ios-spm/StripeCardScan/StripeCardScan/Resources/Localizations/ja.lproj/Localizable.strings (in target 'Stripe_StripeCardScan' from project 'Stripe')
    cd /Users/xinyufang/Library/Developer/Xcode/DerivedData/Buzz-faillbpsmponqzeruhhvskovixzk/SourcePackages/checkouts/stripe-ios-spm
    builtin-copy -exclude .DS_Store -exclude CVS -exclude .svn -exclude .git -exclude .hg -resolve-src-symlinks /Users/xinyufang/Library/Developer/Xcode/DerivedData/Buzz-faillbpsmponqzeruhhvskovixzk/SourcePackages/checkouts/stripe-ios-spm/StripeCardScan/StripeCardScan/Resources/Localizations/ja.lproj/Localizable.strings /Users/xinyufang/Library/Developer/Xcode/DerivedData/Buzz-faillbpsmponqzeruhhvskovixzk/Build/Products/Debug-iphonesimulator/Stripe_StripeCardScan.bundle/ja.lproj

CpResource /Users/xinyufang/Library/Developer/Xcode/DerivedData/Buzz-faillbpsmponqzeruhhvskovixzk/Build/Products/Debug-iphonesimulator/Stripe_StripeCardScan.bundle/it.lproj/Localizable.strings /Users/xinyufang/Library/Developer/Xcode/DerivedData/Buzz-faillbpsmponqzeruhhvskovixzk/SourcePackages/checkouts/stripe-ios-spm/StripeCardScan/StripeCardScan/Resources/Localizations/it.lproj/Localizable.strings (in target 'Stripe_StripeCardScan' from project 'Stripe')
    cd /Users/xinyufang/Library/Developer/Xcode/DerivedData/Buzz-faillbpsmponqzeruhhvskovixzk/SourcePackages/checkouts/stripe-ios-spm
    builtin-copy -exclude .DS_Store -exclude CVS -exclude .svn -exclude .git -exclude .hg -resolve-src-symlinks /Users/xinyufang/Library/Developer/Xcode/DerivedData/Buzz-faillbpsmponqzeruhhvskovixzk/SourcePackages/checkouts/stripe-ios-spm/StripeCardScan/StripeCardScan/Resources/Localizations/it.lproj/Localizable.strings /Users/xinyufang/Library/Developer/Xcode/DerivedData/Buzz-faillbpsmponqzeruhhvskovixzk/Build/Products/Debug-iphonesimulator/Stripe_StripeCardScan.bundle/it.lproj

CpResource /Users/xinyufang/Library/Developer/Xcode/DerivedData/Buzz-faillbpsmponqzeruhhvskovixzk/Build/Products/Debug-iphonesimulator/Stripe_StripeCardScan.bundle/id.lproj/Localizable.strings /Users/xinyufang/Library/Developer/Xcode/DerivedData/Buzz-faillbpsmponqzeruhhvskovixzk/SourcePackages/checkouts/stripe-ios-spm/StripeCardScan/StripeCardScan/Resources/Localizations/id.lproj/Localizable.strings (in target 'Stripe_StripeCardScan' from project 'Stripe')
    cd /Users/xinyufang/Library/Developer/Xcode/DerivedData/Buzz-faillbpsmponqzeruhhvskovixzk/SourcePackages/checkouts/stripe-ios-spm
    builtin-copy -exclude .DS_Store -exclude CVS -exclude .svn -exclude .git -exclude .hg -resolve-src-symlinks /Users/xinyufang/Library/Developer/Xcode/DerivedData/Buzz-faillbpsmponqzeruhhvskovixzk/SourcePackages/checkouts/stripe-ios-spm/StripeCardScan/StripeCardScan/Resources/Localizations/id.lproj/Localizable.strings /Users/xinyufang/Library/Developer/Xcode/DerivedData/Buzz-faillbpsmponqzeruhhvskovixzk/Build/Products/Debug-iphonesimulator/Stripe_StripeCardScan.bundle/id.lproj

CpResource /Users/xinyufang/Library/Developer/Xcode/DerivedData/Buzz-faillbpsmponqzeruhhvskovixzk/Build/Products/Debug-iphonesimulator/Stripe_StripeCardScan.bundle/hu.lproj/Localizable.strings /Users/xinyufang/Library/Developer/Xcode/DerivedData/Buzz-faillbpsmponqzeruhhvskovixzk/SourcePackages/checkouts/stripe-ios-spm/StripeCardScan/StripeCardScan/Resources/Localizations/hu.lproj/Localizable.strings (in target 'Stripe_StripeCardScan' from project 'Stripe')
    cd /Users/xinyufang/Library/Developer/Xcode/DerivedData/Buzz-faillbpsmponqzeruhhvskovixzk/SourcePackages/checkouts/stripe-ios-spm
    builtin-copy -exclude .DS_Store -exclude CVS -exclude .svn -exclude .git -exclude .hg -resolve-src-symlinks /Users/xinyufang/Library/Developer/Xcode/DerivedData/Buzz-faillbpsmponqzeruhhvskovixzk/SourcePackages/checkouts/stripe-ios-spm/StripeCardScan/StripeCardScan/Resources/Localizations/hu.lproj/Localizable.strings /Users/xinyufang/Library/Developer/Xcode/DerivedData/Buzz-faillbpsmponqzeruhhvskovixzk/Build/Products/Debug-iphonesimulator/Stripe_StripeCardScan.bundle/hu.lproj

CpResource /Users/xinyufang/Library/Developer/Xcode/DerivedData/Buzz-faillbpsmponqzeruhhvskovixzk/Build/Products/Debug-iphonesimulator/Stripe_StripeCardScan.bundle/fr.lproj/Localizable.strings /Users/xinyufang/Library/Developer/Xcode/DerivedData/Buzz-faillbpsmponqzeruhhvskovixzk/SourcePackages/checkouts/stripe-ios-spm/StripeCardScan/StripeCardScan/Resources/Localizations/fr.lproj/Localizable.strings (in target 'Stripe_StripeCardScan' from project 'Stripe')
    cd /Users/xinyufang/Library/Developer/Xcode/DerivedData/Buzz-faillbpsmponqzeruhhvskovixzk/SourcePackages/checkouts/stripe-ios-spm
    builtin-copy -exclude .DS_Store -exclude CVS -exclude .svn -exclude .git -exclude .hg -resolve-src-symlinks /Users/xinyufang/Library/Developer/Xcode/DerivedData/Buzz-faillbpsmponqzeruhhvskovixzk/SourcePackages/checkouts/stripe-ios-spm/StripeCardScan/StripeCardScan/Resources/Localizations/fr.lproj/Localizable.strings /Users/xinyufang/Library/Developer/Xcode/DerivedData/Buzz-faillbpsmponqzeruhhvskovixzk/Build/Products/Debug-iphonesimulator/Stripe_StripeCardScan.bundle/fr.lproj

CpResource /Users/xinyufang/Library/Developer/Xcode/DerivedData/Buzz-faillbpsmponqzeruhhvskovixzk/Build/Products/Debug-iphonesimulator/Stripe_StripeCardScan.bundle/hr.lproj/Localizable.strings /Users/xinyufang/Library/Developer/Xcode/DerivedData/Buzz-faillbpsmponqzeruhhvskovixzk/SourcePackages/checkouts/stripe-ios-spm/StripeCardScan/StripeCardScan/Resources/Localizations/hr.lproj/Localizable.strings (in target 'Stripe_StripeCardScan' from project 'Stripe')
    cd /Users/xinyufang/Library/Developer/Xcode/DerivedData/Buzz-faillbpsmponqzeruhhvskovixzk/SourcePackages/checkouts/stripe-ios-spm
    builtin-copy -exclude .DS_Store -exclude CVS -exclude .svn -exclude .git -exclude .hg -resolve-src-symlinks /Users/xinyufang/Library/Developer/Xcode/DerivedData/Buzz-faillbpsmponqzeruhhvskovixzk/SourcePackages/checkouts/stripe-ios-spm/StripeCardScan/StripeCardScan/Resources/Localizations/hr.lproj/Localizable.strings /Users/xinyufang/Library/Developer/Xcode/DerivedData/Buzz-faillbpsmponqzeruhhvskovixzk/Build/Products/Debug-iphonesimulator/Stripe_StripeCardScan.bundle/hr.lproj

CpResource /Users/xinyufang/Library/Developer/Xcode/DerivedData/Buzz-faillbpsmponqzeruhhvskovixzk/Build/Products/Debug-iphonesimulator/Stripe_StripeCardScan.bundle/fr-CA.lproj/Localizable.strings /Users/xinyufang/Library/Developer/Xcode/DerivedData/Buzz-faillbpsmponqzeruhhvskovixzk/SourcePackages/checkouts/stripe-ios-spm/StripeCardScan/StripeCardScan/Resources/Localizations/fr-CA.lproj/Localizable.strings (in target 'Stripe_StripeCardScan' from project 'Stripe')
    cd /Users/xinyufang/Library/Developer/Xcode/DerivedData/Buzz-faillbpsmponqzeruhhvskovixzk/SourcePackages/checkouts/stripe-ios-spm
    builtin-copy -exclude .DS_Store -exclude CVS -exclude .svn -exclude .git -exclude .hg -resolve-src-symlinks /Users/xinyufang/Library/Developer/Xcode/DerivedData/Buzz-faillbpsmponqzeruhhvskovixzk/SourcePackages/checkouts/stripe-ios-spm/StripeCardScan/StripeCardScan/Resources/Localizations/fr-CA.lproj/Localizable.strings /Users/xinyufang/Library/Developer/Xcode/DerivedData/Buzz-faillbpsmponqzeruhhvskovixzk/Build/Products/Debug-iphonesimulator/Stripe_StripeCardScan.bundle/fr-CA.lproj

CpResource /Users/xinyufang/Library/Developer/Xcode/DerivedData/Buzz-faillbpsmponqzeruhhvskovixzk/Build/Products/Debug-iphonesimulator/Stripe_StripeCardScan.bundle/fil.lproj/Localizable.strings /Users/xinyufang/Library/Developer/Xcode/DerivedData/Buzz-faillbpsmponqzeruhhvskovixzk/SourcePackages/checkouts/stripe-ios-spm/StripeCardScan/StripeCardScan/Resources/Localizations/fil.lproj/Localizable.strings (in target 'Stripe_StripeCardScan' from project 'Stripe')
    cd /Users/xinyufang/Library/Developer/Xcode/DerivedData/Buzz-faillbpsmponqzeruhhvskovixzk/SourcePackages/checkouts/stripe-ios-spm
    builtin-copy -exclude .DS_Store -exclude CVS -exclude .svn -exclude .git -exclude .hg -resolve-src-symlinks /Users/xinyufang/Library/Developer/Xcode/DerivedData/Buzz-faillbpsmponqzeruhhvskovixzk/SourcePackages/checkouts/stripe-ios-spm/StripeCardScan/StripeCardScan/Resources/Localizations/fil.lproj/Localizable.strings /Users/xinyufang/Library/Developer/Xcode/DerivedData/Buzz-faillbpsmponqzeruhhvskovixzk/Build/Products/Debug-iphonesimulator/Stripe_StripeCardScan.bundle/fil.lproj

CpResource /Users/xinyufang/Library/Developer/Xcode/DerivedData/Buzz-faillbpsmponqzeruhhvskovixzk/Build/Products/Debug-iphonesimulator/Stripe_StripeCardScan.bundle/fi.lproj/Localizable.strings /Users/xinyufang/Library/Developer/Xcode/DerivedData/Buzz-faillbpsmponqzeruhhvskovixzk/SourcePackages/checkouts/stripe-ios-spm/StripeCardScan/StripeCardScan/Resources/Localizations/fi.lproj/Localizable.strings (in target 'Stripe_StripeCardScan' from project 'Stripe')
    cd /Users/xinyufang/Library/Developer/Xcode/DerivedData/Buzz-faillbpsmponqzeruhhvskovixzk/SourcePackages/checkouts/stripe-ios-spm
    builtin-copy -exclude .DS_Store -exclude CVS -exclude .svn -exclude .git -exclude .hg -resolve-src-symlinks /Users/xinyufang/Library/Developer/Xcode/DerivedData/Buzz-faillbpsmponqzeruhhvskovixzk/SourcePackages/checkouts/stripe-ios-spm/StripeCardScan/StripeCardScan/Resources/Localizations/fi.lproj/Localizable.strings /Users/xinyufang/Library/Developer/Xcode/DerivedData/Buzz-faillbpsmponqzeruhhvskovixzk/Build/Products/Debug-iphonesimulator/Stripe_StripeCardScan.bundle/fi.lproj

CpResource /Users/xinyufang/Library/Developer/Xcode/DerivedData/Buzz-faillbpsmponqzeruhhvskovixzk/Build/Products/Debug-iphonesimulator/Stripe_StripeCardScan.bundle/et-EE.lproj/Localizable.strings /Users/xinyufang/Library/Developer/Xcode/DerivedData/Buzz-faillbpsmponqzeruhhvskovixzk/SourcePackages/checkouts/stripe-ios-spm/StripeCardScan/StripeCardScan/Resources/Localizations/et-EE.lproj/Localizable.strings (in target 'Stripe_StripeCardScan' from project 'Stripe')
    cd /Users/xinyufang/Library/Developer/Xcode/DerivedData/Buzz-faillbpsmponqzeruhhvskovixzk/SourcePackages/checkouts/stripe-ios-spm
    builtin-copy -exclude .DS_Store -exclude CVS -exclude .svn -exclude .git -exclude .hg -resolve-src-symlinks /Users/xinyufang/Library/Developer/Xcode/DerivedData/Buzz-faillbpsmponqzeruhhvskovixzk/SourcePackages/checkouts/stripe-ios-spm/StripeCardScan/StripeCardScan/Resources/Localizations/et-EE.lproj/Localizable.strings /Users/xinyufang/Library/Developer/Xcode/DerivedData/Buzz-faillbpsmponqzeruhhvskovixzk/Build/Products/Debug-iphonesimulator/Stripe_StripeCardScan.bundle/et-EE.lproj

CpResource /Users/xinyufang/Library/Developer/Xcode/DerivedData/Buzz-faillbpsmponqzeruhhvskovixzk/Build/Products/Debug-iphonesimulator/Stripe_StripeCardScan.bundle/es-419.lproj/Localizable.strings /Users/xinyufang/Library/Developer/Xcode/DerivedData/Buzz-faillbpsmponqzeruhhvskovixzk/SourcePackages/checkouts/stripe-ios-spm/StripeCardScan/StripeCardScan/Resources/Localizations/es-419.lproj/Localizable.strings (in target 'Stripe_StripeCardScan' from project 'Stripe')
    cd /Users/xinyufang/Library/Developer/Xcode/DerivedData/Buzz-faillbpsmponqzeruhhvskovixzk/SourcePackages/checkouts/stripe-ios-spm
    builtin-copy -exclude .DS_Store -exclude CVS -exclude .svn -exclude .git -exclude .hg -resolve-src-symlinks /Users/xinyufang/Library/Developer/Xcode/DerivedData/Buzz-faillbpsmponqzeruhhvskovixzk/SourcePackages/checkouts/stripe-ios-spm/StripeCardScan/StripeCardScan/Resources/Localizations/es-419.lproj/Localizable.strings /Users/xinyufang/Library/Developer/Xcode/DerivedData/Buzz-faillbpsmponqzeruhhvskovixzk/Build/Products/Debug-iphonesimulator/Stripe_StripeCardScan.bundle/es-419.lproj

CpResource /Users/xinyufang/Library/Developer/Xcode/DerivedData/Buzz-faillbpsmponqzeruhhvskovixzk/Build/Products/Debug-iphonesimulator/Stripe_StripeCardScan.bundle/es.lproj/Localizable.strings /Users/xinyufang/Library/Developer/Xcode/DerivedData/Buzz-faillbpsmponqzeruhhvskovixzk/SourcePackages/checkouts/stripe-ios-spm/StripeCardScan/StripeCardScan/Resources/Localizations/es.lproj/Localizable.strings (in target 'Stripe_StripeCardScan' from project 'Stripe')
    cd /Users/xinyufang/Library/Developer/Xcode/DerivedData/Buzz-faillbpsmponqzeruhhvskovixzk/SourcePackages/checkouts/stripe-ios-spm
    builtin-copy -exclude .DS_Store -exclude CVS -exclude .svn -exclude .git -exclude .hg -resolve-src-symlinks /Users/xinyufang/Library/Developer/Xcode/DerivedData/Buzz-faillbpsmponqzeruhhvskovixzk/SourcePackages/checkouts/stripe-ios-spm/StripeCardScan/StripeCardScan/Resources/Localizations/es.lproj/Localizable.strings /Users/xinyufang/Library/Developer/Xcode/DerivedData/Buzz-faillbpsmponqzeruhhvskovixzk/Build/Products/Debug-iphonesimulator/Stripe_StripeCardScan.bundle/es.lproj

CpResource /Users/xinyufang/Library/Developer/Xcode/DerivedData/Buzz-faillbpsmponqzeruhhvskovixzk/Build/Products/Debug-iphonesimulator/Stripe_StripeCardScan.bundle/en.lproj/Localizable.strings /Users/xinyufang/Library/Developer/Xcode/DerivedData/Buzz-faillbpsmponqzeruhhvskovixzk/SourcePackages/checkouts/stripe-ios-spm/StripeCardScan/StripeCardScan/Resources/Localizations/en.lproj/Localizable.strings (in target 'Stripe_StripeCardScan' from project 'Stripe')
    cd /Users/xinyufang/Library/Developer/Xcode/DerivedData/Buzz-faillbpsmponqzeruhhvskovixzk/SourcePackages/checkouts/stripe-ios-spm
    builtin-copy -exclude .DS_Store -exclude CVS -exclude .svn -exclude .git -exclude .hg -resolve-src-symlinks /Users/xinyufang/Library/Developer/Xcode/DerivedData/Buzz-faillbpsmponqzeruhhvskovixzk/SourcePackages/checkouts/stripe-ios-spm/StripeCardScan/StripeCardScan/Resources/Localizations/en.lproj/Localizable.strings /Users/xinyufang/Library/Developer/Xcode/DerivedData/Buzz-faillbpsmponqzeruhhvskovixzk/Build/Products/Debug-iphonesimulator/Stripe_StripeCardScan.bundle/en.lproj

CpResource /Users/xinyufang/Library/Developer/Xcode/DerivedData/Buzz-faillbpsmponqzeruhhvskovixzk/Build/Products/Debug-iphonesimulator/Stripe_StripeCardScan.bundle/en-GB.lproj/Localizable.strings /Users/xinyufang/Library/Developer/Xcode/DerivedData/Buzz-faillbpsmponqzeruhhvskovixzk/SourcePackages/checkouts/stripe-ios-spm/StripeCardScan/StripeCardScan/Resources/Localizations/en-GB.lproj/Localizable.strings (in target 'Stripe_StripeCardScan' from project 'Stripe')
    cd /Users/xinyufang/Library/Developer/Xcode/DerivedData/Buzz-faillbpsmponqzeruhhvskovixzk/SourcePackages/checkouts/stripe-ios-spm
    builtin-copy -exclude .DS_Store -exclude CVS -exclude .svn -exclude .git -exclude .hg -resolve-src-symlinks /Users/xinyufang/Library/Developer/Xcode/DerivedData/Buzz-faillbpsmponqzeruhhvskovixzk/SourcePackages/checkouts/stripe-ios-spm/StripeCardScan/StripeCardScan/Resources/Localizations/en-GB.lproj/Localizable.strings /Users/xinyufang/Library/Developer/Xcode/DerivedData/Buzz-faillbpsmponqzeruhhvskovixzk/Build/Products/Debug-iphonesimulator/Stripe_StripeCardScan.bundle/en-GB.lproj

CpResource /Users/xinyufang/Library/Developer/Xcode/DerivedData/Buzz-faillbpsmponqzeruhhvskovixzk/Build/Products/Debug-iphonesimulator/Stripe_StripeCardScan.bundle/el-GR.lproj/Localizable.strings /Users/xinyufang/Library/Developer/Xcode/DerivedData/Buzz-faillbpsmponqzeruhhvskovixzk/SourcePackages/checkouts/stripe-ios-spm/StripeCardScan/StripeCardScan/Resources/Localizations/el-GR.lproj/Localizable.strings (in target 'Stripe_StripeCardScan' from project 'Stripe')
    cd /Users/xinyufang/Library/Developer/Xcode/DerivedData/Buzz-faillbpsmponqzeruhhvskovixzk/SourcePackages/checkouts/stripe-ios-spm
    builtin-copy -exclude .DS_Store -exclude CVS -exclude .svn -exclude .git -exclude .hg -resolve-src-symlinks /Users/xinyufang/Library/Developer/Xcode/DerivedData/Buzz-faillbpsmponqzeruhhvskovixzk/SourcePackages/checkouts/stripe-ios-spm/StripeCardScan/StripeCardScan/Resources/Localizations/el-GR.lproj/Localizable.strings /Users/xinyufang/Library/Developer/Xcode/DerivedData/Buzz-faillbpsmponqzeruhhvskovixzk/Build/Products/Debug-iphonesimulator/Stripe_StripeCardScan.bundle/el-GR.lproj

CpResource /Users/xinyufang/Library/Developer/Xcode/DerivedData/Buzz-faillbpsmponqzeruhhvskovixzk/Build/Products/Debug-iphonesimulator/Stripe_StripeCardScan.bundle/de.lproj/Localizable.strings /Users/xinyufang/Library/Developer/Xcode/DerivedData/Buzz-faillbpsmponqzeruhhvskovixzk/SourcePackages/checkouts/stripe-ios-spm/StripeCardScan/StripeCardScan/Resources/Localizations/de.lproj/Localizable.strings (in target 'Stripe_StripeCardScan' from project 'Stripe')
    cd /Users/xinyufang/Library/Developer/Xcode/DerivedData/Buzz-faillbpsmponqzeruhhvskovixzk/SourcePackages/checkouts/stripe-ios-spm
    builtin-copy -exclude .DS_Store -exclude CVS -exclude .svn -exclude .git -exclude .hg -resolve-src-symlinks /Users/xinyufang/Library/Developer/Xcode/DerivedData/Buzz-faillbpsmponqzeruhhvskovixzk/SourcePackages/checkouts/stripe-ios-spm/StripeCardScan/StripeCardScan/Resources/Localizations/de.lproj/Localizable.strings /Users/xinyufang/Library/Developer/Xcode/DerivedData/Buzz-faillbpsmponqzeruhhvskovixzk/Build/Products/Debug-iphonesimulator/Stripe_StripeCardScan.bundle/de.lproj

CpResource /Users/xinyufang/Library/Developer/Xcode/DerivedData/Buzz-faillbpsmponqzeruhhvskovixzk/Build/Products/Debug-iphonesimulator/Stripe_StripeCardScan.bundle/da.lproj/Localizable.strings /Users/xinyufang/Library/Developer/Xcode/DerivedData/Buzz-faillbpsmponqzeruhhvskovixzk/SourcePackages/checkouts/stripe-ios-spm/StripeCardScan/StripeCardScan/Resources/Localizations/da.lproj/Localizable.strings (in target 'Stripe_StripeCardScan' from project 'Stripe')
    cd /Users/xinyufang/Library/Developer/Xcode/DerivedData/Buzz-faillbpsmponqzeruhhvskovixzk/SourcePackages/checkouts/stripe-ios-spm
    builtin-copy -exclude .DS_Store -exclude CVS -exclude .svn -exclude .git -exclude .hg -resolve-src-symlinks /Users/xinyufang/Library/Developer/Xcode/DerivedData/Buzz-faillbpsmponqzeruhhvskovixzk/SourcePackages/checkouts/stripe-ios-spm/StripeCardScan/StripeCardScan/Resources/Localizations/da.lproj/Localizable.strings /Users/xinyufang/Library/Developer/Xcode/DerivedData/Buzz-faillbpsmponqzeruhhvskovixzk/Build/Products/Debug-iphonesimulator/Stripe_StripeCardScan.bundle/da.lproj

CpResource /Users/xinyufang/Library/Developer/Xcode/DerivedData/Buzz-faillbpsmponqzeruhhvskovixzk/Build/Products/Debug-iphonesimulator/Stripe_StripeCardScan.bundle/cs-CZ.lproj/Localizable.strings /Users/xinyufang/Library/Developer/Xcode/DerivedData/Buzz-faillbpsmponqzeruhhvskovixzk/SourcePackages/checkouts/stripe-ios-spm/StripeCardScan/StripeCardScan/Resources/Localizations/cs-CZ.lproj/Localizable.strings (in target 'Stripe_StripeCardScan' from project 'Stripe')
    cd /Users/xinyufang/Library/Developer/Xcode/DerivedData/Buzz-faillbpsmponqzeruhhvskovixzk/SourcePackages/checkouts/stripe-ios-spm
    builtin-copy -exclude .DS_Store -exclude CVS -exclude .svn -exclude .git -exclude .hg -resolve-src-symlinks /Users/xinyufang/Library/Developer/Xcode/DerivedData/Buzz-faillbpsmponqzeruhhvskovixzk/SourcePackages/checkouts/stripe-ios-spm/StripeCardScan/StripeCardScan/Resources/Localizations/cs-CZ.lproj/Localizable.strings /Users/xinyufang/Library/Developer/Xcode/DerivedData/Buzz-faillbpsmponqzeruhhvskovixzk/Build/Products/Debug-iphonesimulator/Stripe_StripeCardScan.bundle/cs-CZ.lproj

CpResource /Users/xinyufang/Library/Developer/Xcode/DerivedData/Buzz-faillbpsmponqzeruhhvskovixzk/Build/Products/Debug-iphonesimulator/Stripe_StripeCardScan.bundle/ca-ES.lproj/Localizable.strings /Users/xinyufang/Library/Developer/Xcode/DerivedData/Buzz-faillbpsmponqzeruhhvskovixzk/SourcePackages/checkouts/stripe-ios-spm/StripeCardScan/StripeCardScan/Resources/Localizations/ca-ES.lproj/Localizable.strings (in target 'Stripe_StripeCardScan' from project 'Stripe')
    cd /Users/xinyufang/Library/Developer/Xcode/DerivedData/Buzz-faillbpsmponqzeruhhvskovixzk/SourcePackages/checkouts/stripe-ios-spm
    builtin-copy -exclude .DS_Store -exclude CVS -exclude .svn -exclude .git -exclude .hg -resolve-src-symlinks /Users/xinyufang/Library/Developer/Xcode/DerivedData/Buzz-faillbpsmponqzeruhhvskovixzk/SourcePackages/checkouts/stripe-ios-spm/StripeCardScan/StripeCardScan/Resources/Localizations/ca-ES.lproj/Localizable.strings /Users/xinyufang/Library/Developer/Xcode/DerivedData/Buzz-faillbpsmponqzeruhhvskovixzk/Build/Products/Debug-iphonesimulator/Stripe_StripeCardScan.bundle/ca-ES.lproj

CpResource /Users/xinyufang/Library/Developer/Xcode/DerivedData/Buzz-faillbpsmponqzeruhhvskovixzk/Build/Products/Debug-iphonesimulator/Stripe_StripeCardScan.bundle/bg-BG.lproj/Localizable.strings /Users/xinyufang/Library/Developer/Xcode/DerivedData/Buzz-faillbpsmponqzeruhhvskovixzk/SourcePackages/checkouts/stripe-ios-spm/StripeCardScan/StripeCardScan/Resources/Localizations/bg-BG.lproj/Localizable.strings (in target 'Stripe_StripeCardScan' from project 'Stripe')
    cd /Users/xinyufang/Library/Developer/Xcode/DerivedData/Buzz-faillbpsmponqzeruhhvskovixzk/SourcePackages/checkouts/stripe-ios-spm
    builtin-copy -exclude .DS_Store -exclude CVS -exclude .svn -exclude .git -exclude .hg -resolve-src-symlinks /Users/xinyufang/Library/Developer/Xcode/DerivedData/Buzz-faillbpsmponqzeruhhvskovixzk/SourcePackages/checkouts/stripe-ios-spm/StripeCardScan/StripeCardScan/Resources/Localizations/bg-BG.lproj/Localizable.strings /Users/xinyufang/Library/Developer/Xcode/DerivedData/Buzz-faillbpsmponqzeruhhvskovixzk/Build/Products/Debug-iphonesimulator/Stripe_StripeCardScan.bundle/bg-BG.lproj

CpResource /Users/xinyufang/Library/Developer/Xcode/DerivedData/Buzz-faillbpsmponqzeruhhvskovixzk/Build/Products/Debug-iphonesimulator/Stripe_StripeCardScan.bundle/UxModel.mlmodelc /Users/xinyufang/Library/Developer/Xcode/DerivedData/Buzz-faillbpsmponqzeruhhvskovixzk/SourcePackages/checkouts/stripe-ios-spm/StripeCardScan/StripeCardScan/Resources/CompiledModels/UxModel.mlmodelc (in target 'Stripe_StripeCardScan' from project 'Stripe')
    cd /Users/xinyufang/Library/Developer/Xcode/DerivedData/Buzz-faillbpsmponqzeruhhvskovixzk/SourcePackages/checkouts/stripe-ios-spm
    builtin-copy -exclude .DS_Store -exclude CVS -exclude .svn -exclude .git -exclude .hg -resolve-src-symlinks /Users/xinyufang/Library/Developer/Xcode/DerivedData/Buzz-faillbpsmponqzeruhhvskovixzk/SourcePackages/checkouts/stripe-ios-spm/StripeCardScan/StripeCardScan/Resources/CompiledModels/UxModel.mlmodelc /Users/xinyufang/Library/Developer/Xcode/DerivedData/Buzz-faillbpsmponqzeruhhvskovixzk/Build/Products/Debug-iphonesimulator/Stripe_StripeCardScan.bundle

CpResource /Users/xinyufang/Library/Developer/Xcode/DerivedData/Buzz-faillbpsmponqzeruhhvskovixzk/Build/Products/Debug-iphonesimulator/Stripe_StripeCardScan.bundle/SSDOcr.mlmodelc /Users/xinyufang/Library/Developer/Xcode/DerivedData/Buzz-faillbpsmponqzeruhhvskovixzk/SourcePackages/checkouts/stripe-ios-spm/StripeCardScan/StripeCardScan/Resources/CompiledModels/SSDOcr.mlmodelc (in target 'Stripe_StripeCardScan' from project 'Stripe')
    cd /Users/xinyufang/Library/Developer/Xcode/DerivedData/Buzz-faillbpsmponqzeruhhvskovixzk/SourcePackages/checkouts/stripe-ios-spm
    builtin-copy -exclude .DS_Store -exclude CVS -exclude .svn -exclude .git -exclude .hg -resolve-src-symlinks /Users/xinyufang/Library/Developer/Xcode/DerivedData/Buzz-faillbpsmponqzeruhhvskovixzk/SourcePackages/checkouts/stripe-ios-spm/StripeCardScan/StripeCardScan/Resources/CompiledModels/SSDOcr.mlmodelc /Users/xinyufang/Library/Developer/Xcode/DerivedData/Buzz-faillbpsmponqzeruhhvskovixzk/Build/Products/Debug-iphonesimulator/Stripe_StripeCardScan.bundle

Touch /Users/xinyufang/Library/Developer/Xcode/DerivedData/Buzz-faillbpsmponqzeruhhvskovixzk/Build/Products/Debug-iphonesimulator/Stripe_StripeIdentity.bundle (in target 'Stripe_StripeIdentity' from project 'Stripe')
    cd /Users/xinyufang/Library/Developer/Xcode/DerivedData/Buzz-faillbpsmponqzeruhhvskovixzk/SourcePackages/checkouts/stripe-ios-spm
    /usr/bin/touch -c /Users/xinyufang/Library/Developer/Xcode/DerivedData/Buzz-faillbpsmponqzeruhhvskovixzk/Build/Products/Debug-iphonesimulator/Stripe_StripeIdentity.bundle

RegisterExecutionPolicyException /Users/xinyufang/Library/Developer/Xcode/DerivedData/Buzz-faillbpsmponqzeruhhvskovixzk/Build/Products/Debug-iphonesimulator/Stripe_StripeCore.bundle (in target 'Stripe_StripeCore' from project 'Stripe')
    cd /Users/xinyufang/Library/Developer/Xcode/DerivedData/Buzz-faillbpsmponqzeruhhvskovixzk/SourcePackages/checkouts/stripe-ios-spm
    builtin-RegisterExecutionPolicyException /Users/xinyufang/Library/Developer/Xcode/DerivedData/Buzz-faillbpsmponqzeruhhvskovixzk/Build/Products/Debug-iphonesimulator/Stripe_StripeCore.bundle

Touch /Users/xinyufang/Library/Developer/Xcode/DerivedData/Buzz-faillbpsmponqzeruhhvskovixzk/Build/Products/Debug-iphonesimulator/Stripe_StripeFinancialConnections.bundle (in target 'Stripe_StripeFinancialConnections' from project 'Stripe')
    cd /Users/xinyufang/Library/Developer/Xcode/DerivedData/Buzz-faillbpsmponqzeruhhvskovixzk/SourcePackages/checkouts/stripe-ios-spm
    /usr/bin/touch -c /Users/xinyufang/Library/Developer/Xcode/DerivedData/Buzz-faillbpsmponqzeruhhvskovixzk/Build/Products/Debug-iphonesimulator/Stripe_StripeFinancialConnections.bundle

CodeSign /Users/xinyufang/Library/Developer/Xcode/DerivedData/Buzz-faillbpsmponqzeruhhvskovixzk/Build/Products/Debug-iphonesimulator/Stripe_StripeConnect.bundle (in target 'Stripe_StripeConnect' from project 'Stripe')
    cd /Users/xinyufang/Library/Developer/Xcode/DerivedData/Buzz-faillbpsmponqzeruhhvskovixzk/SourcePackages/checkouts/stripe-ios-spm
    
    Signing Identity:     "Sign to Run Locally"
    
    /usr/bin/codesign --force --sign - --timestamp\=none --generate-entitlement-der /Users/xinyufang/Library/Developer/Xcode/DerivedData/Buzz-faillbpsmponqzeruhhvskovixzk/Build/Products/Debug-iphonesimulator/Stripe_StripeConnect.bundle

MkDir /Users/xinyufang/Library/Developer/Xcode/DerivedData/Buzz-faillbpsmponqzeruhhvskovixzk/Build/Intermediates.noindex/Stripe.build/Debug-iphonesimulator/Stripe_Stripe3DS2.build/assetcatalog_output/unthinned (in target 'Stripe_Stripe3DS2' from project 'Stripe')
    cd /Users/xinyufang/Library/Developer/Xcode/DerivedData/Buzz-faillbpsmponqzeruhhvskovixzk/SourcePackages/checkouts/stripe-ios-spm
    /bin/mkdir -p /Users/xinyufang/Library/Developer/Xcode/DerivedData/Buzz-faillbpsmponqzeruhhvskovixzk/Build/Intermediates.noindex/Stripe.build/Debug-iphonesimulator/Stripe_Stripe3DS2.build/assetcatalog_output/unthinned

MkDir /Users/xinyufang/Library/Developer/Xcode/DerivedData/Buzz-faillbpsmponqzeruhhvskovixzk/Build/Intermediates.noindex/Stripe.build/Debug-iphonesimulator/Stripe_Stripe3DS2.build/assetcatalog_output/thinned (in target 'Stripe_Stripe3DS2' from project 'Stripe')
    cd /Users/xinyufang/Library/Developer/Xcode/DerivedData/Buzz-faillbpsmponqzeruhhvskovixzk/SourcePackages/checkouts/stripe-ios-spm
    /bin/mkdir -p /Users/xinyufang/Library/Developer/Xcode/DerivedData/Buzz-faillbpsmponqzeruhhvskovixzk/Build/Intermediates.noindex/Stripe.build/Debug-iphonesimulator/Stripe_Stripe3DS2.build/assetcatalog_output/thinned

CpResource /Users/xinyufang/Library/Developer/Xcode/DerivedData/Buzz-faillbpsmponqzeruhhvskovixzk/Build/Products/Debug-iphonesimulator/Stripe_Stripe3DS2.bundle/zh-Hant.lproj/Localizable.strings /Users/xinyufang/Library/Developer/Xcode/DerivedData/Buzz-faillbpsmponqzeruhhvskovixzk/SourcePackages/checkouts/stripe-ios-spm/Stripe3DS2/Stripe3DS2/Resources/zh-Hant.lproj/Localizable.strings (in target 'Stripe_Stripe3DS2' from project 'Stripe')
    cd /Users/xinyufang/Library/Developer/Xcode/DerivedData/Buzz-faillbpsmponqzeruhhvskovixzk/SourcePackages/checkouts/stripe-ios-spm
    builtin-copy -exclude .DS_Store -exclude CVS -exclude .svn -exclude .git -exclude .hg -resolve-src-symlinks /Users/xinyufang/Library/Developer/Xcode/DerivedData/Buzz-faillbpsmponqzeruhhvskovixzk/SourcePackages/checkouts/stripe-ios-spm/Stripe3DS2/Stripe3DS2/Resources/zh-Hant.lproj/Localizable.strings /Users/xinyufang/Library/Developer/Xcode/DerivedData/Buzz-faillbpsmponqzeruhhvskovixzk/Build/Products/Debug-iphonesimulator/Stripe_Stripe3DS2.bundle/zh-Hant.lproj

CpResource /Users/xinyufang/Library/Developer/Xcode/DerivedData/Buzz-faillbpsmponqzeruhhvskovixzk/Build/Products/Debug-iphonesimulator/Stripe_Stripe3DS2.bundle/zh-Hans.lproj/Localizable.strings /Users/xinyufang/Library/Developer/Xcode/DerivedData/Buzz-faillbpsmponqzeruhhvskovixzk/SourcePackages/checkouts/stripe-ios-spm/Stripe3DS2/Stripe3DS2/Resources/zh-Hans.lproj/Localizable.strings (in target 'Stripe_Stripe3DS2' from project 'Stripe')
    cd /Users/xinyufang/Library/Developer/Xcode/DerivedData/Buzz-faillbpsmponqzeruhhvskovixzk/SourcePackages/checkouts/stripe-ios-spm
    builtin-copy -exclude .DS_Store -exclude CVS -exclude .svn -exclude .git -exclude .hg -resolve-src-symlinks /Users/xinyufang/Library/Developer/Xcode/DerivedData/Buzz-faillbpsmponqzeruhhvskovixzk/SourcePackages/checkouts/stripe-ios-spm/Stripe3DS2/Stripe3DS2/Resources/zh-Hans.lproj/Localizable.strings /Users/xinyufang/Library/Developer/Xcode/DerivedData/Buzz-faillbpsmponqzeruhhvskovixzk/Build/Products/Debug-iphonesimulator/Stripe_Stripe3DS2.bundle/zh-Hans.lproj

CpResource /Users/xinyufang/Library/Developer/Xcode/DerivedData/Buzz-faillbpsmponqzeruhhvskovixzk/Build/Products/Debug-iphonesimulator/Stripe_Stripe3DS2.bundle/zh-HK.lproj/Localizable.strings /Users/xinyufang/Library/Developer/Xcode/DerivedData/Buzz-faillbpsmponqzeruhhvskovixzk/SourcePackages/checkouts/stripe-ios-spm/Stripe3DS2/Stripe3DS2/Resources/zh-HK.lproj/Localizable.strings (in target 'Stripe_Stripe3DS2' from project 'Stripe')
    cd /Users/xinyufang/Library/Developer/Xcode/DerivedData/Buzz-faillbpsmponqzeruhhvskovixzk/SourcePackages/checkouts/stripe-ios-spm
    builtin-copy -exclude .DS_Store -exclude CVS -exclude .svn -exclude .git -exclude .hg -resolve-src-symlinks /Users/xinyufang/Library/Developer/Xcode/DerivedData/Buzz-faillbpsmponqzeruhhvskovixzk/SourcePackages/checkouts/stripe-ios-spm/Stripe3DS2/Stripe3DS2/Resources/zh-HK.lproj/Localizable.strings /Users/xinyufang/Library/Developer/Xcode/DerivedData/Buzz-faillbpsmponqzeruhhvskovixzk/Build/Products/Debug-iphonesimulator/Stripe_Stripe3DS2.bundle/zh-HK.lproj

CpResource /Users/xinyufang/Library/Developer/Xcode/DerivedData/Buzz-faillbpsmponqzeruhhvskovixzk/Build/Products/Debug-iphonesimulator/Stripe_Stripe3DS2.bundle/vi.lproj/Localizable.strings /Users/xinyufang/Library/Developer/Xcode/DerivedData/Buzz-faillbpsmponqzeruhhvskovixzk/SourcePackages/checkouts/stripe-ios-spm/Stripe3DS2/Stripe3DS2/Resources/vi.lproj/Localizable.strings (in target 'Stripe_Stripe3DS2' from project 'Stripe')
    cd /Users/xinyufang/Library/Developer/Xcode/DerivedData/Buzz-faillbpsmponqzeruhhvskovixzk/SourcePackages/checkouts/stripe-ios-spm
    builtin-copy -exclude .DS_Store -exclude CVS -exclude .svn -exclude .git -exclude .hg -resolve-src-symlinks /Users/xinyufang/Library/Developer/Xcode/DerivedData/Buzz-faillbpsmponqzeruhhvskovixzk/SourcePackages/checkouts/stripe-ios-spm/Stripe3DS2/Stripe3DS2/Resources/vi.lproj/Localizable.strings /Users/xinyufang/Library/Developer/Xcode/DerivedData/Buzz-faillbpsmponqzeruhhvskovixzk/Build/Products/Debug-iphonesimulator/Stripe_Stripe3DS2.bundle/vi.lproj

CpResource /Users/xinyufang/Library/Developer/Xcode/DerivedData/Buzz-faillbpsmponqzeruhhvskovixzk/Build/Products/Debug-iphonesimulator/Stripe_Stripe3DS2.bundle/tr.lproj/Localizable.strings /Users/xinyufang/Library/Developer/Xcode/DerivedData/Buzz-faillbpsmponqzeruhhvskovixzk/SourcePackages/checkouts/stripe-ios-spm/Stripe3DS2/Stripe3DS2/Resources/tr.lproj/Localizable.strings (in target 'Stripe_Stripe3DS2' from project 'Stripe')
    cd /Users/xinyufang/Library/Developer/Xcode/DerivedData/Buzz-faillbpsmponqzeruhhvskovixzk/SourcePackages/checkouts/stripe-ios-spm
    builtin-copy -exclude .DS_Store -exclude CVS -exclude .svn -exclude .git -exclude .hg -resolve-src-symlinks /Users/xinyufang/Library/Developer/Xcode/DerivedData/Buzz-faillbpsmponqzeruhhvskovixzk/SourcePackages/checkouts/stripe-ios-spm/Stripe3DS2/Stripe3DS2/Resources/tr.lproj/Localizable.strings /Users/xinyufang/Library/Developer/Xcode/DerivedData/Buzz-faillbpsmponqzeruhhvskovixzk/Build/Products/Debug-iphonesimulator/Stripe_Stripe3DS2.bundle/tr.lproj

CpResource /Users/xinyufang/Library/Developer/Xcode/DerivedData/Buzz-faillbpsmponqzeruhhvskovixzk/Build/Products/Debug-iphonesimulator/Stripe_Stripe3DS2.bundle/sv.lproj/Localizable.strings /Users/xinyufang/Library/Developer/Xcode/DerivedData/Buzz-faillbpsmponqzeruhhvskovixzk/SourcePackages/checkouts/stripe-ios-spm/Stripe3DS2/Stripe3DS2/Resources/sv.lproj/Localizable.strings (in target 'Stripe_Stripe3DS2' from project 'Stripe')
    cd /Users/xinyufang/Library/Developer/Xcode/DerivedData/Buzz-faillbpsmponqzeruhhvskovixzk/SourcePackages/checkouts/stripe-ios-spm
    builtin-copy -exclude .DS_Store -exclude CVS -exclude .svn -exclude .git -exclude .hg -resolve-src-symlinks /Users/xinyufang/Library/Developer/Xcode/DerivedData/Buzz-faillbpsmponqzeruhhvskovixzk/SourcePackages/checkouts/stripe-ios-spm/Stripe3DS2/Stripe3DS2/Resources/sv.lproj/Localizable.strings /Users/xinyufang/Library/Developer/Xcode/DerivedData/Buzz-faillbpsmponqzeruhhvskovixzk/Build/Products/Debug-iphonesimulator/Stripe_Stripe3DS2.bundle/sv.lproj

CpResource /Users/xinyufang/Library/Developer/Xcode/DerivedData/Buzz-faillbpsmponqzeruhhvskovixzk/Build/Products/Debug-iphonesimulator/Stripe_Stripe3DS2.bundle/sl-SI.lproj/Localizable.strings /Users/xinyufang/Library/Developer/Xcode/DerivedData/Buzz-faillbpsmponqzeruhhvskovixzk/SourcePackages/checkouts/stripe-ios-spm/Stripe3DS2/Stripe3DS2/Resources/sl-SI.lproj/Localizable.strings (in target 'Stripe_Stripe3DS2' from project 'Stripe')
    cd /Users/xinyufang/Library/Developer/Xcode/DerivedData/Buzz-faillbpsmponqzeruhhvskovixzk/SourcePackages/checkouts/stripe-ios-spm
    builtin-copy -exclude .DS_Store -exclude CVS -exclude .svn -exclude .git -exclude .hg -resolve-src-symlinks /Users/xinyufang/Library/Developer/Xcode/DerivedData/Buzz-faillbpsmponqzeruhhvskovixzk/SourcePackages/checkouts/stripe-ios-spm/Stripe3DS2/Stripe3DS2/Resources/sl-SI.lproj/Localizable.strings /Users/xinyufang/Library/Developer/Xcode/DerivedData/Buzz-faillbpsmponqzeruhhvskovixzk/Build/Products/Debug-iphonesimulator/Stripe_Stripe3DS2.bundle/sl-SI.lproj

CpResource /Users/xinyufang/Library/Developer/Xcode/DerivedData/Buzz-faillbpsmponqzeruhhvskovixzk/Build/Products/Debug-iphonesimulator/Stripe_Stripe3DS2.bundle/sk-SK.lproj/Localizable.strings /Users/xinyufang/Library/Developer/Xcode/DerivedData/Buzz-faillbpsmponqzeruhhvskovixzk/SourcePackages/checkouts/stripe-ios-spm/Stripe3DS2/Stripe3DS2/Resources/sk-SK.lproj/Localizable.strings (in target 'Stripe_Stripe3DS2' from project 'Stripe')
    cd /Users/xinyufang/Library/Developer/Xcode/DerivedData/Buzz-faillbpsmponqzeruhhvskovixzk/SourcePackages/checkouts/stripe-ios-spm
    builtin-copy -exclude .DS_Store -exclude CVS -exclude .svn -exclude .git -exclude .hg -resolve-src-symlinks /Users/xinyufang/Library/Developer/Xcode/DerivedData/Buzz-faillbpsmponqzeruhhvskovixzk/SourcePackages/checkouts/stripe-ios-spm/Stripe3DS2/Stripe3DS2/Resources/sk-SK.lproj/Localizable.strings /Users/xinyufang/Library/Developer/Xcode/DerivedData/Buzz-faillbpsmponqzeruhhvskovixzk/Build/Products/Debug-iphonesimulator/Stripe_Stripe3DS2.bundle/sk-SK.lproj

CpResource /Users/xinyufang/Library/Developer/Xcode/DerivedData/Buzz-faillbpsmponqzeruhhvskovixzk/Build/Products/Debug-iphonesimulator/Stripe_Stripe3DS2.bundle/ru.lproj/Localizable.strings /Users/xinyufang/Library/Developer/Xcode/DerivedData/Buzz-faillbpsmponqzeruhhvskovixzk/SourcePackages/checkouts/stripe-ios-spm/Stripe3DS2/Stripe3DS2/Resources/ru.lproj/Localizable.strings (in target 'Stripe_Stripe3DS2' from project 'Stripe')
    cd /Users/xinyufang/Library/Developer/Xcode/DerivedData/Buzz-faillbpsmponqzeruhhvskovixzk/SourcePackages/checkouts/stripe-ios-spm
    builtin-copy -exclude .DS_Store -exclude CVS -exclude .svn -exclude .git -exclude .hg -resolve-src-symlinks /Users/xinyufang/Library/Developer/Xcode/DerivedData/Buzz-faillbpsmponqzeruhhvskovixzk/SourcePackages/checkouts/stripe-ios-spm/Stripe3DS2/Stripe3DS2/Resources/ru.lproj/Localizable.strings /Users/xinyufang/Library/Developer/Xcode/DerivedData/Buzz-faillbpsmponqzeruhhvskovixzk/Build/Products/Debug-iphonesimulator/Stripe_Stripe3DS2.bundle/ru.lproj

ScanDependencies /Users/xinyufang/Library/Developer/Xcode/DerivedData/Buzz-faillbpsmponqzeruhhvskovixzk/Build/Intermediates.noindex/GoogleUtilities.build/Debug-iphonesimulator/third-party-IsAppEncrypted.build/Objects-normal/arm64/IsAppEncrypted.o /Users/xinyufang/Library/Developer/Xcode/DerivedData/Buzz-faillbpsmponqzeruhhvskovixzk/SourcePackages/checkouts/GoogleUtilities/third_party/IsAppEncrypted/IsAppEncrypted.m normal arm64 objective-c com.apple.compilers.llvm.clang.1_0.compiler (in target 'third-party-IsAppEncrypted' from project 'GoogleUtilities')
    cd /Users/xinyufang/Documents/Buzz/Buzz.xcodeproj
    
    Using response file: /Users/xinyufang/Library/Developer/Xcode/DerivedData/Buzz-faillbpsmponqzeruhhvskovixzk/Build/Intermediates.noindex/GoogleUtilities.build/Debug-iphonesimulator/third-party-IsAppEncrypted.build/Objects-normal/arm64/e6072d4f65d7061329687fe24e3d63a7-common-args.resp
    
    builtin-ScanDependencies -o /Users/xinyufang/Library/Developer/Xcode/DerivedData/Buzz-faillbpsmponqzeruhhvskovixzk/Build/Intermediates.noindex/GoogleUtilities.build/Debug-iphonesimulator/third-party-IsAppEncrypted.build/Objects-normal/arm64/IsAppEncrypted.o.scan -- /Applications/Xcode.app/Contents/Developer/Toolchains/XcodeDefault.xctoolchain/usr/bin/clang -x objective-c -ivfsstatcache /Users/xinyufang/Library/Developer/Xcode/DerivedData/SDKStatCaches.noindex/iphonesimulator26.0-23A339-26257891a6c027eb51374368541b8346.sdkstatcache -fmessage-length\=0 -fdiagnostics-show-note-include-stack -fmacro-backtrace-limit\=0 -fno-color-diagnostics -fmodules-prune-interval\=86400 -fmodules-prune-after\=345600 -fbuild-session-file\=/Users/xinyufang/Library/Developer/Xcode/DerivedData/ModuleCache.noindex/Session.modulevalidation -fmodules-validate-once-per-build-session -Wnon-modular-include-in-framework-module -Werror\=non-modular-include-in-framework-module -Wno-trigraphs -Wno-missing-field-initializers -Wno-missing-prototypes -Wno-return-type -Wno-implicit-atomic-properties -Wno-objc-interface-ivars -Wno-arc-repeated-use-of-weak -Wno-missing-braces -Wparentheses -Wswitch -Wno-unused-function -Wno-unused-label -Wno-unused-parameter -Wno-unused-variable -Wunused-value -Wno-empty-body -Wno-uninitialized -Wno-unknown-pragmas -w -Wno-shadow -Wno-four-char-constants -Wno-conversion -Wno-constant-conversion -Wno-int-conversion -Wno-bool-conversion -Wno-enum-conversion -Wno-float-conversion -Wno-non-literal-null-conversion -Wno-objc-literal-conversion -Wshorten-64-to-32 -Wpointer-sign -Wno-newline-eof -Wno-selector -Wno-strict-selector-match -Wno-undeclared-selector -Wno-deprecated-implementations -Wno-implicit-fallthrough -fstrict-aliasing -Wprotocol -Wdeprecated-declarations -Wno-sign-conversion -Wno-infinite-recursion -Wno-comma -Wno-block-capture-autoreleasing -Wno-strict-prototypes -Wno-semicolon-before-method-body -index-store-path /Users/xinyufang/Library/Developer/Xcode/DerivedData/Buzz-faillbpsmponqzeruhhvskovixzk/Index.noindex/DataStore @/Users/xinyufang/Library/Developer/Xcode/DerivedData/Buzz-faillbpsmponqzeruhhvskovixzk/Build/Intermediates.noindex/GoogleUtilities.build/Debug-iphonesimulator/third-party-IsAppEncrypted.build/Objects-normal/arm64/e6072d4f65d7061329687fe24e3d63a7-common-args.resp -MMD -MT dependencies -MF /Users/xinyufang/Library/Developer/Xcode/DerivedData/Buzz-faillbpsmponqzeruhhvskovixzk/Build/Intermediates.noindex/GoogleUtilities.build/Debug-iphonesimulator/third-party-IsAppEncrypted.build/Objects-normal/arm64/IsAppEncrypted.d --serialize-diagnostics /Users/xinyufang/Library/Developer/Xcode/DerivedData/Buzz-faillbpsmponqzeruhhvskovixzk/Build/Intermediates.noindex/GoogleUtilities.build/Debug-iphonesimulator/third-party-IsAppEncrypted.build/Objects-normal/arm64/IsAppEncrypted.dia -c /Users/xinyufang/Library/Developer/Xcode/DerivedData/Buzz-faillbpsmponqzeruhhvskovixzk/SourcePackages/checkouts/GoogleUtilities/third_party/IsAppEncrypted/IsAppEncrypted.m -o /Users/xinyufang/Library/Developer/Xcode/DerivedData/Buzz-faillbpsmponqzeruhhvskovixzk/Build/Intermediates.noindex/GoogleUtilities.build/Debug-iphonesimulator/third-party-IsAppEncrypted.build/Objects-normal/arm64/IsAppEncrypted.o -index-unit-output-path /GoogleUtilities.build/Debug-iphonesimulator/third-party-IsAppEncrypted.build/Objects-normal/arm64/IsAppEncrypted.o

CpResource /Users/xinyufang/Library/Developer/Xcode/DerivedData/Buzz-faillbpsmponqzeruhhvskovixzk/Build/Products/Debug-iphonesimulator/Stripe_Stripe3DS2.bundle/ro-RO.lproj/Localizable.strings /Users/xinyufang/Library/Developer/Xcode/DerivedData/Buzz-faillbpsmponqzeruhhvskovixzk/SourcePackages/checkouts/stripe-ios-spm/Stripe3DS2/Stripe3DS2/Resources/ro-RO.lproj/Localizable.strings (in target 'Stripe_Stripe3DS2' from project 'Stripe')
    cd /Users/xinyufang/Library/Developer/Xcode/DerivedData/Buzz-faillbpsmponqzeruhhvskovixzk/SourcePackages/checkouts/stripe-ios-spm
    builtin-copy -exclude .DS_Store -exclude CVS -exclude .svn -exclude .git -exclude .hg -resolve-src-symlinks /Users/xinyufang/Library/Developer/Xcode/DerivedData/Buzz-faillbpsmponqzeruhhvskovixzk/SourcePackages/checkouts/stripe-ios-spm/Stripe3DS2/Stripe3DS2/Resources/ro-RO.lproj/Localizable.strings /Users/xinyufang/Library/Developer/Xcode/DerivedData/Buzz-faillbpsmponqzeruhhvskovixzk/Build/Products/Debug-iphonesimulator/Stripe_Stripe3DS2.bundle/ro-RO.lproj

CpResource /Users/xinyufang/Library/Developer/Xcode/DerivedData/Buzz-faillbpsmponqzeruhhvskovixzk/Build/Products/Debug-iphonesimulator/Stripe_Stripe3DS2.bundle/pt-PT.lproj/Localizable.strings /Users/xinyufang/Library/Developer/Xcode/DerivedData/Buzz-faillbpsmponqzeruhhvskovixzk/SourcePackages/checkouts/stripe-ios-spm/Stripe3DS2/Stripe3DS2/Resources/pt-PT.lproj/Localizable.strings (in target 'Stripe_Stripe3DS2' from project 'Stripe')
    cd /Users/xinyufang/Library/Developer/Xcode/DerivedData/Buzz-faillbpsmponqzeruhhvskovixzk/SourcePackages/checkouts/stripe-ios-spm
    builtin-copy -exclude .DS_Store -exclude CVS -exclude .svn -exclude .git -exclude .hg -resolve-src-symlinks /Users/xinyufang/Library/Developer/Xcode/DerivedData/Buzz-faillbpsmponqzeruhhvskovixzk/SourcePackages/checkouts/stripe-ios-spm/Stripe3DS2/Stripe3DS2/Resources/pt-PT.lproj/Localizable.strings /Users/xinyufang/Library/Developer/Xcode/DerivedData/Buzz-faillbpsmponqzeruhhvskovixzk/Build/Products/Debug-iphonesimulator/Stripe_Stripe3DS2.bundle/pt-PT.lproj

CpResource /Users/xinyufang/Library/Developer/Xcode/DerivedData/Buzz-faillbpsmponqzeruhhvskovixzk/Build/Products/Debug-iphonesimulator/Stripe_Stripe3DS2.bundle/pt-BR.lproj/Localizable.strings /Users/xinyufang/Library/Developer/Xcode/DerivedData/Buzz-faillbpsmponqzeruhhvskovixzk/SourcePackages/checkouts/stripe-ios-spm/Stripe3DS2/Stripe3DS2/Resources/pt-BR.lproj/Localizable.strings (in target 'Stripe_Stripe3DS2' from project 'Stripe')
    cd /Users/xinyufang/Library/Developer/Xcode/DerivedData/Buzz-faillbpsmponqzeruhhvskovixzk/SourcePackages/checkouts/stripe-ios-spm
    builtin-copy -exclude .DS_Store -exclude CVS -exclude .svn -exclude .git -exclude .hg -resolve-src-symlinks /Users/xinyufang/Library/Developer/Xcode/DerivedData/Buzz-faillbpsmponqzeruhhvskovixzk/SourcePackages/checkouts/stripe-ios-spm/Stripe3DS2/Stripe3DS2/Resources/pt-BR.lproj/Localizable.strings /Users/xinyufang/Library/Developer/Xcode/DerivedData/Buzz-faillbpsmponqzeruhhvskovixzk/Build/Products/Debug-iphonesimulator/Stripe_Stripe3DS2.bundle/pt-BR.lproj

CpResource /Users/xinyufang/Library/Developer/Xcode/DerivedData/Buzz-faillbpsmponqzeruhhvskovixzk/Build/Products/Debug-iphonesimulator/Stripe_Stripe3DS2.bundle/pl-PL.lproj/Localizable.strings /Users/xinyufang/Library/Developer/Xcode/DerivedData/Buzz-faillbpsmponqzeruhhvskovixzk/SourcePackages/checkouts/stripe-ios-spm/Stripe3DS2/Stripe3DS2/Resources/pl-PL.lproj/Localizable.strings (in target 'Stripe_Stripe3DS2' from project 'Stripe')
    cd /Users/xinyufang/Library/Developer/Xcode/DerivedData/Buzz-faillbpsmponqzeruhhvskovixzk/SourcePackages/checkouts/stripe-ios-spm
    builtin-copy -exclude .DS_Store -exclude CVS -exclude .svn -exclude .git -exclude .hg -resolve-src-symlinks /Users/xinyufang/Library/Developer/Xcode/DerivedData/Buzz-faillbpsmponqzeruhhvskovixzk/SourcePackages/checkouts/stripe-ios-spm/Stripe3DS2/Stripe3DS2/Resources/pl-PL.lproj/Localizable.strings /Users/xinyufang/Library/Developer/Xcode/DerivedData/Buzz-faillbpsmponqzeruhhvskovixzk/Build/Products/Debug-iphonesimulator/Stripe_Stripe3DS2.bundle/pl-PL.lproj

CpResource /Users/xinyufang/Library/Developer/Xcode/DerivedData/Buzz-faillbpsmponqzeruhhvskovixzk/Build/Products/Debug-iphonesimulator/Stripe_Stripe3DS2.bundle/nl.lproj/Localizable.strings /Users/xinyufang/Library/Developer/Xcode/DerivedData/Buzz-faillbpsmponqzeruhhvskovixzk/SourcePackages/checkouts/stripe-ios-spm/Stripe3DS2/Stripe3DS2/Resources/nl.lproj/Localizable.strings (in target 'Stripe_Stripe3DS2' from project 'Stripe')
    cd /Users/xinyufang/Library/Developer/Xcode/DerivedData/Buzz-faillbpsmponqzeruhhvskovixzk/SourcePackages/checkouts/stripe-ios-spm
    builtin-copy -exclude .DS_Store -exclude CVS -exclude .svn -exclude .git -exclude .hg -resolve-src-symlinks /Users/xinyufang/Library/Developer/Xcode/DerivedData/Buzz-faillbpsmponqzeruhhvskovixzk/SourcePackages/checkouts/stripe-ios-spm/Stripe3DS2/Stripe3DS2/Resources/nl.lproj/Localizable.strings /Users/xinyufang/Library/Developer/Xcode/DerivedData/Buzz-faillbpsmponqzeruhhvskovixzk/Build/Products/Debug-iphonesimulator/Stripe_Stripe3DS2.bundle/nl.lproj

CpResource /Users/xinyufang/Library/Developer/Xcode/DerivedData/Buzz-faillbpsmponqzeruhhvskovixzk/Build/Products/Debug-iphonesimulator/Stripe_Stripe3DS2.bundle/nb.lproj/Localizable.strings /Users/xinyufang/Library/Developer/Xcode/DerivedData/Buzz-faillbpsmponqzeruhhvskovixzk/SourcePackages/checkouts/stripe-ios-spm/Stripe3DS2/Stripe3DS2/Resources/nb.lproj/Localizable.strings (in target 'Stripe_Stripe3DS2' from project 'Stripe')
    cd /Users/xinyufang/Library/Developer/Xcode/DerivedData/Buzz-faillbpsmponqzeruhhvskovixzk/SourcePackages/checkouts/stripe-ios-spm
    builtin-copy -exclude .DS_Store -exclude CVS -exclude .svn -exclude .git -exclude .hg -resolve-src-symlinks /Users/xinyufang/Library/Developer/Xcode/DerivedData/Buzz-faillbpsmponqzeruhhvskovixzk/SourcePackages/checkouts/stripe-ios-spm/Stripe3DS2/Stripe3DS2/Resources/nb.lproj/Localizable.strings /Users/xinyufang/Library/Developer/Xcode/DerivedData/Buzz-faillbpsmponqzeruhhvskovixzk/Build/Products/Debug-iphonesimulator/Stripe_Stripe3DS2.bundle/nb.lproj

CpResource /Users/xinyufang/Library/Developer/Xcode/DerivedData/Buzz-faillbpsmponqzeruhhvskovixzk/Build/Products/Debug-iphonesimulator/Stripe_Stripe3DS2.bundle/mt.lproj/Localizable.strings /Users/xinyufang/Library/Developer/Xcode/DerivedData/Buzz-faillbpsmponqzeruhhvskovixzk/SourcePackages/checkouts/stripe-ios-spm/Stripe3DS2/Stripe3DS2/Resources/mt.lproj/Localizable.strings (in target 'Stripe_Stripe3DS2' from project 'Stripe')
    cd /Users/xinyufang/Library/Developer/Xcode/DerivedData/Buzz-faillbpsmponqzeruhhvskovixzk/SourcePackages/checkouts/stripe-ios-spm
    builtin-copy -exclude .DS_Store -exclude CVS -exclude .svn -exclude .git -exclude .hg -resolve-src-symlinks /Users/xinyufang/Library/Developer/Xcode/DerivedData/Buzz-faillbpsmponqzeruhhvskovixzk/SourcePackages/checkouts/stripe-ios-spm/Stripe3DS2/Stripe3DS2/Resources/mt.lproj/Localizable.strings /Users/xinyufang/Library/Developer/Xcode/DerivedData/Buzz-faillbpsmponqzeruhhvskovixzk/Build/Products/Debug-iphonesimulator/Stripe_Stripe3DS2.bundle/mt.lproj

CpResource /Users/xinyufang/Library/Developer/Xcode/DerivedData/Buzz-faillbpsmponqzeruhhvskovixzk/Build/Products/Debug-iphonesimulator/Stripe_Stripe3DS2.bundle/ms-MY.lproj/Localizable.strings /Users/xinyufang/Library/Developer/Xcode/DerivedData/Buzz-faillbpsmponqzeruhhvskovixzk/SourcePackages/checkouts/stripe-ios-spm/Stripe3DS2/Stripe3DS2/Resources/ms-MY.lproj/Localizable.strings (in target 'Stripe_Stripe3DS2' from project 'Stripe')
    cd /Users/xinyufang/Library/Developer/Xcode/DerivedData/Buzz-faillbpsmponqzeruhhvskovixzk/SourcePackages/checkouts/stripe-ios-spm
    builtin-copy -exclude .DS_Store -exclude CVS -exclude .svn -exclude .git -exclude .hg -resolve-src-symlinks /Users/xinyufang/Library/Developer/Xcode/DerivedData/Buzz-faillbpsmponqzeruhhvskovixzk/SourcePackages/checkouts/stripe-ios-spm/Stripe3DS2/Stripe3DS2/Resources/ms-MY.lproj/Localizable.strings /Users/xinyufang/Library/Developer/Xcode/DerivedData/Buzz-faillbpsmponqzeruhhvskovixzk/Build/Products/Debug-iphonesimulator/Stripe_Stripe3DS2.bundle/ms-MY.lproj

CpResource /Users/xinyufang/Library/Developer/Xcode/DerivedData/Buzz-faillbpsmponqzeruhhvskovixzk/Build/Products/Debug-iphonesimulator/Stripe_Stripe3DS2.bundle/lv-LV.lproj/Localizable.strings /Users/xinyufang/Library/Developer/Xcode/DerivedData/Buzz-faillbpsmponqzeruhhvskovixzk/SourcePackages/checkouts/stripe-ios-spm/Stripe3DS2/Stripe3DS2/Resources/lv-LV.lproj/Localizable.strings (in target 'Stripe_Stripe3DS2' from project 'Stripe')
    cd /Users/xinyufang/Library/Developer/Xcode/DerivedData/Buzz-faillbpsmponqzeruhhvskovixzk/SourcePackages/checkouts/stripe-ios-spm
    builtin-copy -exclude .DS_Store -exclude CVS -exclude .svn -exclude .git -exclude .hg -resolve-src-symlinks /Users/xinyufang/Library/Developer/Xcode/DerivedData/Buzz-faillbpsmponqzeruhhvskovixzk/SourcePackages/checkouts/stripe-ios-spm/Stripe3DS2/Stripe3DS2/Resources/lv-LV.lproj/Localizable.strings /Users/xinyufang/Library/Developer/Xcode/DerivedData/Buzz-faillbpsmponqzeruhhvskovixzk/Build/Products/Debug-iphonesimulator/Stripe_Stripe3DS2.bundle/lv-LV.lproj

CpResource /Users/xinyufang/Library/Developer/Xcode/DerivedData/Buzz-faillbpsmponqzeruhhvskovixzk/Build/Products/Debug-iphonesimulator/Stripe_Stripe3DS2.bundle/lt-LT.lproj/Localizable.strings /Users/xinyufang/Library/Developer/Xcode/DerivedData/Buzz-faillbpsmponqzeruhhvskovixzk/SourcePackages/checkouts/stripe-ios-spm/Stripe3DS2/Stripe3DS2/Resources/lt-LT.lproj/Localizable.strings (in target 'Stripe_Stripe3DS2' from project 'Stripe')
    cd /Users/xinyufang/Library/Developer/Xcode/DerivedData/Buzz-faillbpsmponqzeruhhvskovixzk/SourcePackages/checkouts/stripe-ios-spm
    builtin-copy -exclude .DS_Store -exclude CVS -exclude .svn -exclude .git -exclude .hg -resolve-src-symlinks /Users/xinyufang/Library/Developer/Xcode/DerivedData/Buzz-faillbpsmponqzeruhhvskovixzk/SourcePackages/checkouts/stripe-ios-spm/Stripe3DS2/Stripe3DS2/Resources/lt-LT.lproj/Localizable.strings /Users/xinyufang/Library/Developer/Xcode/DerivedData/Buzz-faillbpsmponqzeruhhvskovixzk/Build/Products/Debug-iphonesimulator/Stripe_Stripe3DS2.bundle/lt-LT.lproj

CpResource /Users/xinyufang/Library/Developer/Xcode/DerivedData/Buzz-faillbpsmponqzeruhhvskovixzk/Build/Products/Debug-iphonesimulator/Stripe_Stripe3DS2.bundle/ko.lproj/Localizable.strings /Users/xinyufang/Library/Developer/Xcode/DerivedData/Buzz-faillbpsmponqzeruhhvskovixzk/SourcePackages/checkouts/stripe-ios-spm/Stripe3DS2/Stripe3DS2/Resources/ko.lproj/Localizable.strings (in target 'Stripe_Stripe3DS2' from project 'Stripe')
    cd /Users/xinyufang/Library/Developer/Xcode/DerivedData/Buzz-faillbpsmponqzeruhhvskovixzk/SourcePackages/checkouts/stripe-ios-spm
    builtin-copy -exclude .DS_Store -exclude CVS -exclude .svn -exclude .git -exclude .hg -resolve-src-symlinks /Users/xinyufang/Library/Developer/Xcode/DerivedData/Buzz-faillbpsmponqzeruhhvskovixzk/SourcePackages/checkouts/stripe-ios-spm/Stripe3DS2/Stripe3DS2/Resources/ko.lproj/Localizable.strings /Users/xinyufang/Library/Developer/Xcode/DerivedData/Buzz-faillbpsmponqzeruhhvskovixzk/Build/Products/Debug-iphonesimulator/Stripe_Stripe3DS2.bundle/ko.lproj

CpResource /Users/xinyufang/Library/Developer/Xcode/DerivedData/Buzz-faillbpsmponqzeruhhvskovixzk/Build/Products/Debug-iphonesimulator/Stripe_Stripe3DS2.bundle/ja.lproj/Localizable.strings /Users/xinyufang/Library/Developer/Xcode/DerivedData/Buzz-faillbpsmponqzeruhhvskovixzk/SourcePackages/checkouts/stripe-ios-spm/Stripe3DS2/Stripe3DS2/Resources/ja.lproj/Localizable.strings (in target 'Stripe_Stripe3DS2' from project 'Stripe')
    cd /Users/xinyufang/Library/Developer/Xcode/DerivedData/Buzz-faillbpsmponqzeruhhvskovixzk/SourcePackages/checkouts/stripe-ios-spm
    builtin-copy -exclude .DS_Store -exclude CVS -exclude .svn -exclude .git -exclude .hg -resolve-src-symlinks /Users/xinyufang/Library/Developer/Xcode/DerivedData/Buzz-faillbpsmponqzeruhhvskovixzk/SourcePackages/checkouts/stripe-ios-spm/Stripe3DS2/Stripe3DS2/Resources/ja.lproj/Localizable.strings /Users/xinyufang/Library/Developer/Xcode/DerivedData/Buzz-faillbpsmponqzeruhhvskovixzk/Build/Products/Debug-iphonesimulator/Stripe_Stripe3DS2.bundle/ja.lproj

CpResource /Users/xinyufang/Library/Developer/Xcode/DerivedData/Buzz-faillbpsmponqzeruhhvskovixzk/Build/Products/Debug-iphonesimulator/Stripe_Stripe3DS2.bundle/it.lproj/Localizable.strings /Users/xinyufang/Library/Developer/Xcode/DerivedData/Buzz-faillbpsmponqzeruhhvskovixzk/SourcePackages/checkouts/stripe-ios-spm/Stripe3DS2/Stripe3DS2/Resources/it.lproj/Localizable.strings (in target 'Stripe_Stripe3DS2' from project 'Stripe')
    cd /Users/xinyufang/Library/Developer/Xcode/DerivedData/Buzz-faillbpsmponqzeruhhvskovixzk/SourcePackages/checkouts/stripe-ios-spm
    builtin-copy -exclude .DS_Store -exclude CVS -exclude .svn -exclude .git -exclude .hg -resolve-src-symlinks /Users/xinyufang/Library/Developer/Xcode/DerivedData/Buzz-faillbpsmponqzeruhhvskovixzk/SourcePackages/checkouts/stripe-ios-spm/Stripe3DS2/Stripe3DS2/Resources/it.lproj/Localizable.strings /Users/xinyufang/Library/Developer/Xcode/DerivedData/Buzz-faillbpsmponqzeruhhvskovixzk/Build/Products/Debug-iphonesimulator/Stripe_Stripe3DS2.bundle/it.lproj

CpResource /Users/xinyufang/Library/Developer/Xcode/DerivedData/Buzz-faillbpsmponqzeruhhvskovixzk/Build/Products/Debug-iphonesimulator/Stripe_Stripe3DS2.bundle/id.lproj/Localizable.strings /Users/xinyufang/Library/Developer/Xcode/DerivedData/Buzz-faillbpsmponqzeruhhvskovixzk/SourcePackages/checkouts/stripe-ios-spm/Stripe3DS2/Stripe3DS2/Resources/id.lproj/Localizable.strings (in target 'Stripe_Stripe3DS2' from project 'Stripe')
    cd /Users/xinyufang/Library/Developer/Xcode/DerivedData/Buzz-faillbpsmponqzeruhhvskovixzk/SourcePackages/checkouts/stripe-ios-spm
    builtin-copy -exclude .DS_Store -exclude CVS -exclude .svn -exclude .git -exclude .hg -resolve-src-symlinks /Users/xinyufang/Library/Developer/Xcode/DerivedData/Buzz-faillbpsmponqzeruhhvskovixzk/SourcePackages/checkouts/stripe-ios-spm/Stripe3DS2/Stripe3DS2/Resources/id.lproj/Localizable.strings /Users/xinyufang/Library/Developer/Xcode/DerivedData/Buzz-faillbpsmponqzeruhhvskovixzk/Build/Products/Debug-iphonesimulator/Stripe_Stripe3DS2.bundle/id.lproj

CpResource /Users/xinyufang/Library/Developer/Xcode/DerivedData/Buzz-faillbpsmponqzeruhhvskovixzk/Build/Products/Debug-iphonesimulator/Stripe_Stripe3DS2.bundle/hu.lproj/Localizable.strings /Users/xinyufang/Library/Developer/Xcode/DerivedData/Buzz-faillbpsmponqzeruhhvskovixzk/SourcePackages/checkouts/stripe-ios-spm/Stripe3DS2/Stripe3DS2/Resources/hu.lproj/Localizable.strings (in target 'Stripe_Stripe3DS2' from project 'Stripe')
    cd /Users/xinyufang/Library/Developer/Xcode/DerivedData/Buzz-faillbpsmponqzeruhhvskovixzk/SourcePackages/checkouts/stripe-ios-spm
    builtin-copy -exclude .DS_Store -exclude CVS -exclude .svn -exclude .git -exclude .hg -resolve-src-symlinks /Users/xinyufang/Library/Developer/Xcode/DerivedData/Buzz-faillbpsmponqzeruhhvskovixzk/SourcePackages/checkouts/stripe-ios-spm/Stripe3DS2/Stripe3DS2/Resources/hu.lproj/Localizable.strings /Users/xinyufang/Library/Developer/Xcode/DerivedData/Buzz-faillbpsmponqzeruhhvskovixzk/Build/Products/Debug-iphonesimulator/Stripe_Stripe3DS2.bundle/hu.lproj

CpResource /Users/xinyufang/Library/Developer/Xcode/DerivedData/Buzz-faillbpsmponqzeruhhvskovixzk/Build/Products/Debug-iphonesimulator/Stripe_Stripe3DS2.bundle/hr.lproj/Localizable.strings /Users/xinyufang/Library/Developer/Xcode/DerivedData/Buzz-faillbpsmponqzeruhhvskovixzk/SourcePackages/checkouts/stripe-ios-spm/Stripe3DS2/Stripe3DS2/Resources/hr.lproj/Localizable.strings (in target 'Stripe_Stripe3DS2' from project 'Stripe')
    cd /Users/xinyufang/Library/Developer/Xcode/DerivedData/Buzz-faillbpsmponqzeruhhvskovixzk/SourcePackages/checkouts/stripe-ios-spm
    builtin-copy -exclude .DS_Store -exclude CVS -exclude .svn -exclude .git -exclude .hg -resolve-src-symlinks /Users/xinyufang/Library/Developer/Xcode/DerivedData/Buzz-faillbpsmponqzeruhhvskovixzk/SourcePackages/checkouts/stripe-ios-spm/Stripe3DS2/Stripe3DS2/Resources/hr.lproj/Localizable.strings /Users/xinyufang/Library/Developer/Xcode/DerivedData/Buzz-faillbpsmponqzeruhhvskovixzk/Build/Products/Debug-iphonesimulator/Stripe_Stripe3DS2.bundle/hr.lproj

CpResource /Users/xinyufang/Library/Developer/Xcode/DerivedData/Buzz-faillbpsmponqzeruhhvskovixzk/Build/Products/Debug-iphonesimulator/Stripe_Stripe3DS2.bundle/fr.lproj/Localizable.strings /Users/xinyufang/Library/Developer/Xcode/DerivedData/Buzz-faillbpsmponqzeruhhvskovixzk/SourcePackages/checkouts/stripe-ios-spm/Stripe3DS2/Stripe3DS2/Resources/fr.lproj/Localizable.strings (in target 'Stripe_Stripe3DS2' from project 'Stripe')
    cd /Users/xinyufang/Library/Developer/Xcode/DerivedData/Buzz-faillbpsmponqzeruhhvskovixzk/SourcePackages/checkouts/stripe-ios-spm
    builtin-copy -exclude .DS_Store -exclude CVS -exclude .svn -exclude .git -exclude .hg -resolve-src-symlinks /Users/xinyufang/Library/Developer/Xcode/DerivedData/Buzz-faillbpsmponqzeruhhvskovixzk/SourcePackages/checkouts/stripe-ios-spm/Stripe3DS2/Stripe3DS2/Resources/fr.lproj/Localizable.strings /Users/xinyufang/Library/Developer/Xcode/DerivedData/Buzz-faillbpsmponqzeruhhvskovixzk/Build/Products/Debug-iphonesimulator/Stripe_Stripe3DS2.bundle/fr.lproj

CpResource /Users/xinyufang/Library/Developer/Xcode/DerivedData/Buzz-faillbpsmponqzeruhhvskovixzk/Build/Products/Debug-iphonesimulator/Stripe_Stripe3DS2.bundle/fr-CA.lproj/Localizable.strings /Users/xinyufang/Library/Developer/Xcode/DerivedData/Buzz-faillbpsmponqzeruhhvskovixzk/SourcePackages/checkouts/stripe-ios-spm/Stripe3DS2/Stripe3DS2/Resources/fr-CA.lproj/Localizable.strings (in target 'Stripe_Stripe3DS2' from project 'Stripe')
    cd /Users/xinyufang/Library/Developer/Xcode/DerivedData/Buzz-faillbpsmponqzeruhhvskovixzk/SourcePackages/checkouts/stripe-ios-spm
    builtin-copy -exclude .DS_Store -exclude CVS -exclude .svn -exclude .git -exclude .hg -resolve-src-symlinks /Users/xinyufang/Library/Developer/Xcode/DerivedData/Buzz-faillbpsmponqzeruhhvskovixzk/SourcePackages/checkouts/stripe-ios-spm/Stripe3DS2/Stripe3DS2/Resources/fr-CA.lproj/Localizable.strings /Users/xinyufang/Library/Developer/Xcode/DerivedData/Buzz-faillbpsmponqzeruhhvskovixzk/Build/Products/Debug-iphonesimulator/Stripe_Stripe3DS2.bundle/fr-CA.lproj

CpResource /Users/xinyufang/Library/Developer/Xcode/DerivedData/Buzz-faillbpsmponqzeruhhvskovixzk/Build/Products/Debug-iphonesimulator/Stripe_Stripe3DS2.bundle/fil.lproj/Localizable.strings /Users/xinyufang/Library/Developer/Xcode/DerivedData/Buzz-faillbpsmponqzeruhhvskovixzk/SourcePackages/checkouts/stripe-ios-spm/Stripe3DS2/Stripe3DS2/Resources/fil.lproj/Localizable.strings (in target 'Stripe_Stripe3DS2' from project 'Stripe')
    cd /Users/xinyufang/Library/Developer/Xcode/DerivedData/Buzz-faillbpsmponqzeruhhvskovixzk/SourcePackages/checkouts/stripe-ios-spm
    builtin-copy -exclude .DS_Store -exclude CVS -exclude .svn -exclude .git -exclude .hg -resolve-src-symlinks /Users/xinyufang/Library/Developer/Xcode/DerivedData/Buzz-faillbpsmponqzeruhhvskovixzk/SourcePackages/checkouts/stripe-ios-spm/Stripe3DS2/Stripe3DS2/Resources/fil.lproj/Localizable.strings /Users/xinyufang/Library/Developer/Xcode/DerivedData/Buzz-faillbpsmponqzeruhhvskovixzk/Build/Products/Debug-iphonesimulator/Stripe_Stripe3DS2.bundle/fil.lproj

CpResource /Users/xinyufang/Library/Developer/Xcode/DerivedData/Buzz-faillbpsmponqzeruhhvskovixzk/Build/Products/Debug-iphonesimulator/Stripe_Stripe3DS2.bundle/fi.lproj/Localizable.strings /Users/xinyufang/Library/Developer/Xcode/DerivedData/Buzz-faillbpsmponqzeruhhvskovixzk/SourcePackages/checkouts/stripe-ios-spm/Stripe3DS2/Stripe3DS2/Resources/fi.lproj/Localizable.strings (in target 'Stripe_Stripe3DS2' from project 'Stripe')
    cd /Users/xinyufang/Library/Developer/Xcode/DerivedData/Buzz-faillbpsmponqzeruhhvskovixzk/SourcePackages/checkouts/stripe-ios-spm
    builtin-copy -exclude .DS_Store -exclude CVS -exclude .svn -exclude .git -exclude .hg -resolve-src-symlinks /Users/xinyufang/Library/Developer/Xcode/DerivedData/Buzz-faillbpsmponqzeruhhvskovixzk/SourcePackages/checkouts/stripe-ios-spm/Stripe3DS2/Stripe3DS2/Resources/fi.lproj/Localizable.strings /Users/xinyufang/Library/Developer/Xcode/DerivedData/Buzz-faillbpsmponqzeruhhvskovixzk/Build/Products/Debug-iphonesimulator/Stripe_Stripe3DS2.bundle/fi.lproj

CpResource /Users/xinyufang/Library/Developer/Xcode/DerivedData/Buzz-faillbpsmponqzeruhhvskovixzk/Build/Products/Debug-iphonesimulator/Stripe_Stripe3DS2.bundle/et-EE.lproj/Localizable.strings /Users/xinyufang/Library/Developer/Xcode/DerivedData/Buzz-faillbpsmponqzeruhhvskovixzk/SourcePackages/checkouts/stripe-ios-spm/Stripe3DS2/Stripe3DS2/Resources/et-EE.lproj/Localizable.strings (in target 'Stripe_Stripe3DS2' from project 'Stripe')
    cd /Users/xinyufang/Library/Developer/Xcode/DerivedData/Buzz-faillbpsmponqzeruhhvskovixzk/SourcePackages/checkouts/stripe-ios-spm
    builtin-copy -exclude .DS_Store -exclude CVS -exclude .svn -exclude .git -exclude .hg -resolve-src-symlinks /Users/xinyufang/Library/Developer/Xcode/DerivedData/Buzz-faillbpsmponqzeruhhvskovixzk/SourcePackages/checkouts/stripe-ios-spm/Stripe3DS2/Stripe3DS2/Resources/et-EE.lproj/Localizable.strings /Users/xinyufang/Library/Developer/Xcode/DerivedData/Buzz-faillbpsmponqzeruhhvskovixzk/Build/Products/Debug-iphonesimulator/Stripe_Stripe3DS2.bundle/et-EE.lproj

CpResource /Users/xinyufang/Library/Developer/Xcode/DerivedData/Buzz-faillbpsmponqzeruhhvskovixzk/Build/Products/Debug-iphonesimulator/Stripe_Stripe3DS2.bundle/es.lproj/Localizable.strings /Users/xinyufang/Library/Developer/Xcode/DerivedData/Buzz-faillbpsmponqzeruhhvskovixzk/SourcePackages/checkouts/stripe-ios-spm/Stripe3DS2/Stripe3DS2/Resources/es.lproj/Localizable.strings (in target 'Stripe_Stripe3DS2' from project 'Stripe')
    cd /Users/xinyufang/Library/Developer/Xcode/DerivedData/Buzz-faillbpsmponqzeruhhvskovixzk/SourcePackages/checkouts/stripe-ios-spm
    builtin-copy -exclude .DS_Store -exclude CVS -exclude .svn -exclude .git -exclude .hg -resolve-src-symlinks /Users/xinyufang/Library/Developer/Xcode/DerivedData/Buzz-faillbpsmponqzeruhhvskovixzk/SourcePackages/checkouts/stripe-ios-spm/Stripe3DS2/Stripe3DS2/Resources/es.lproj/Localizable.strings /Users/xinyufang/Library/Developer/Xcode/DerivedData/Buzz-faillbpsmponqzeruhhvskovixzk/Build/Products/Debug-iphonesimulator/Stripe_Stripe3DS2.bundle/es.lproj

CpResource /Users/xinyufang/Library/Developer/Xcode/DerivedData/Buzz-faillbpsmponqzeruhhvskovixzk/Build/Products/Debug-iphonesimulator/Stripe_Stripe3DS2.bundle/es-419.lproj/Localizable.strings /Users/xinyufang/Library/Developer/Xcode/DerivedData/Buzz-faillbpsmponqzeruhhvskovixzk/SourcePackages/checkouts/stripe-ios-spm/Stripe3DS2/Stripe3DS2/Resources/es-419.lproj/Localizable.strings (in target 'Stripe_Stripe3DS2' from project 'Stripe')
    cd /Users/xinyufang/Library/Developer/Xcode/DerivedData/Buzz-faillbpsmponqzeruhhvskovixzk/SourcePackages/checkouts/stripe-ios-spm
    builtin-copy -exclude .DS_Store -exclude CVS -exclude .svn -exclude .git -exclude .hg -resolve-src-symlinks /Users/xinyufang/Library/Developer/Xcode/DerivedData/Buzz-faillbpsmponqzeruhhvskovixzk/SourcePackages/checkouts/stripe-ios-spm/Stripe3DS2/Stripe3DS2/Resources/es-419.lproj/Localizable.strings /Users/xinyufang/Library/Developer/Xcode/DerivedData/Buzz-faillbpsmponqzeruhhvskovixzk/Build/Products/Debug-iphonesimulator/Stripe_Stripe3DS2.bundle/es-419.lproj

CpResource /Users/xinyufang/Library/Developer/Xcode/DerivedData/Buzz-faillbpsmponqzeruhhvskovixzk/Build/Products/Debug-iphonesimulator/Stripe_Stripe3DS2.bundle/en.lproj/Localizable.strings /Users/xinyufang/Library/Developer/Xcode/DerivedData/Buzz-faillbpsmponqzeruhhvskovixzk/SourcePackages/checkouts/stripe-ios-spm/Stripe3DS2/Stripe3DS2/Resources/en.lproj/Localizable.strings (in target 'Stripe_Stripe3DS2' from project 'Stripe')
    cd /Users/xinyufang/Library/Developer/Xcode/DerivedData/Buzz-faillbpsmponqzeruhhvskovixzk/SourcePackages/checkouts/stripe-ios-spm
    builtin-copy -exclude .DS_Store -exclude CVS -exclude .svn -exclude .git -exclude .hg -resolve-src-symlinks /Users/xinyufang/Library/Developer/Xcode/DerivedData/Buzz-faillbpsmponqzeruhhvskovixzk/SourcePackages/checkouts/stripe-ios-spm/Stripe3DS2/Stripe3DS2/Resources/en.lproj/Localizable.strings /Users/xinyufang/Library/Developer/Xcode/DerivedData/Buzz-faillbpsmponqzeruhhvskovixzk/Build/Products/Debug-iphonesimulator/Stripe_Stripe3DS2.bundle/en.lproj

CpResource /Users/xinyufang/Library/Developer/Xcode/DerivedData/Buzz-faillbpsmponqzeruhhvskovixzk/Build/Products/Debug-iphonesimulator/Stripe_Stripe3DS2.bundle/en-GB.lproj/Localizable.strings /Users/xinyufang/Library/Developer/Xcode/DerivedData/Buzz-faillbpsmponqzeruhhvskovixzk/SourcePackages/checkouts/stripe-ios-spm/Stripe3DS2/Stripe3DS2/Resources/en-GB.lproj/Localizable.strings (in target 'Stripe_Stripe3DS2' from project 'Stripe')
    cd /Users/xinyufang/Library/Developer/Xcode/DerivedData/Buzz-faillbpsmponqzeruhhvskovixzk/SourcePackages/checkouts/stripe-ios-spm
    builtin-copy -exclude .DS_Store -exclude CVS -exclude .svn -exclude .git -exclude .hg -resolve-src-symlinks /Users/xinyufang/Library/Developer/Xcode/DerivedData/Buzz-faillbpsmponqzeruhhvskovixzk/SourcePackages/checkouts/stripe-ios-spm/Stripe3DS2/Stripe3DS2/Resources/en-GB.lproj/Localizable.strings /Users/xinyufang/Library/Developer/Xcode/DerivedData/Buzz-faillbpsmponqzeruhhvskovixzk/Build/Products/Debug-iphonesimulator/Stripe_Stripe3DS2.bundle/en-GB.lproj

CpResource /Users/xinyufang/Library/Developer/Xcode/DerivedData/Buzz-faillbpsmponqzeruhhvskovixzk/Build/Products/Debug-iphonesimulator/Stripe_Stripe3DS2.bundle/el-GR.lproj/Localizable.strings /Users/xinyufang/Library/Developer/Xcode/DerivedData/Buzz-faillbpsmponqzeruhhvskovixzk/SourcePackages/checkouts/stripe-ios-spm/Stripe3DS2/Stripe3DS2/Resources/el-GR.lproj/Localizable.strings (in target 'Stripe_Stripe3DS2' from project 'Stripe')
    cd /Users/xinyufang/Library/Developer/Xcode/DerivedData/Buzz-faillbpsmponqzeruhhvskovixzk/SourcePackages/checkouts/stripe-ios-spm
    builtin-copy -exclude .DS_Store -exclude CVS -exclude .svn -exclude .git -exclude .hg -resolve-src-symlinks /Users/xinyufang/Library/Developer/Xcode/DerivedData/Buzz-faillbpsmponqzeruhhvskovixzk/SourcePackages/checkouts/stripe-ios-spm/Stripe3DS2/Stripe3DS2/Resources/el-GR.lproj/Localizable.strings /Users/xinyufang/Library/Developer/Xcode/DerivedData/Buzz-faillbpsmponqzeruhhvskovixzk/Build/Products/Debug-iphonesimulator/Stripe_Stripe3DS2.bundle/el-GR.lproj

CpResource /Users/xinyufang/Library/Developer/Xcode/DerivedData/Buzz-faillbpsmponqzeruhhvskovixzk/Build/Products/Debug-iphonesimulator/Stripe_Stripe3DS2.bundle/de.lproj/Localizable.strings /Users/xinyufang/Library/Developer/Xcode/DerivedData/Buzz-faillbpsmponqzeruhhvskovixzk/SourcePackages/checkouts/stripe-ios-spm/Stripe3DS2/Stripe3DS2/Resources/de.lproj/Localizable.strings (in target 'Stripe_Stripe3DS2' from project 'Stripe')
    cd /Users/xinyufang/Library/Developer/Xcode/DerivedData/Buzz-faillbpsmponqzeruhhvskovixzk/SourcePackages/checkouts/stripe-ios-spm
    builtin-copy -exclude .DS_Store -exclude CVS -exclude .svn -exclude .git -exclude .hg -resolve-src-symlinks /Users/xinyufang/Library/Developer/Xcode/DerivedData/Buzz-faillbpsmponqzeruhhvskovixzk/SourcePackages/checkouts/stripe-ios-spm/Stripe3DS2/Stripe3DS2/Resources/de.lproj/Localizable.strings /Users/xinyufang/Library/Developer/Xcode/DerivedData/Buzz-faillbpsmponqzeruhhvskovixzk/Build/Products/Debug-iphonesimulator/Stripe_Stripe3DS2.bundle/de.lproj

CpResource /Users/xinyufang/Library/Developer/Xcode/DerivedData/Buzz-faillbpsmponqzeruhhvskovixzk/Build/Products/Debug-iphonesimulator/Stripe_Stripe3DS2.bundle/da.lproj/Localizable.strings /Users/xinyufang/Library/Developer/Xcode/DerivedData/Buzz-faillbpsmponqzeruhhvskovixzk/SourcePackages/checkouts/stripe-ios-spm/Stripe3DS2/Stripe3DS2/Resources/da.lproj/Localizable.strings (in target 'Stripe_Stripe3DS2' from project 'Stripe')
    cd /Users/xinyufang/Library/Developer/Xcode/DerivedData/Buzz-faillbpsmponqzeruhhvskovixzk/SourcePackages/checkouts/stripe-ios-spm
    builtin-copy -exclude .DS_Store -exclude CVS -exclude .svn -exclude .git -exclude .hg -resolve-src-symlinks /Users/xinyufang/Library/Developer/Xcode/DerivedData/Buzz-faillbpsmponqzeruhhvskovixzk/SourcePackages/checkouts/stripe-ios-spm/Stripe3DS2/Stripe3DS2/Resources/da.lproj/Localizable.strings /Users/xinyufang/Library/Developer/Xcode/DerivedData/Buzz-faillbpsmponqzeruhhvskovixzk/Build/Products/Debug-iphonesimulator/Stripe_Stripe3DS2.bundle/da.lproj

CpResource /Users/xinyufang/Library/Developer/Xcode/DerivedData/Buzz-faillbpsmponqzeruhhvskovixzk/Build/Products/Debug-iphonesimulator/Stripe_Stripe3DS2.bundle/cs-CZ.lproj/Localizable.strings /Users/xinyufang/Library/Developer/Xcode/DerivedData/Buzz-faillbpsmponqzeruhhvskovixzk/SourcePackages/checkouts/stripe-ios-spm/Stripe3DS2/Stripe3DS2/Resources/cs-CZ.lproj/Localizable.strings (in target 'Stripe_Stripe3DS2' from project 'Stripe')
    cd /Users/xinyufang/Library/Developer/Xcode/DerivedData/Buzz-faillbpsmponqzeruhhvskovixzk/SourcePackages/checkouts/stripe-ios-spm
    builtin-copy -exclude .DS_Store -exclude CVS -exclude .svn -exclude .git -exclude .hg -resolve-src-symlinks /Users/xinyufang/Library/Developer/Xcode/DerivedData/Buzz-faillbpsmponqzeruhhvskovixzk/SourcePackages/checkouts/stripe-ios-spm/Stripe3DS2/Stripe3DS2/Resources/cs-CZ.lproj/Localizable.strings /Users/xinyufang/Library/Developer/Xcode/DerivedData/Buzz-faillbpsmponqzeruhhvskovixzk/Build/Products/Debug-iphonesimulator/Stripe_Stripe3DS2.bundle/cs-CZ.lproj

CpResource /Users/xinyufang/Library/Developer/Xcode/DerivedData/Buzz-faillbpsmponqzeruhhvskovixzk/Build/Products/Debug-iphonesimulator/Stripe_Stripe3DS2.bundle/ca-ES.lproj/Localizable.strings /Users/xinyufang/Library/Developer/Xcode/DerivedData/Buzz-faillbpsmponqzeruhhvskovixzk/SourcePackages/checkouts/stripe-ios-spm/Stripe3DS2/Stripe3DS2/Resources/ca-ES.lproj/Localizable.strings (in target 'Stripe_Stripe3DS2' from project 'Stripe')
    cd /Users/xinyufang/Library/Developer/Xcode/DerivedData/Buzz-faillbpsmponqzeruhhvskovixzk/SourcePackages/checkouts/stripe-ios-spm
    builtin-copy -exclude .DS_Store -exclude CVS -exclude .svn -exclude .git -exclude .hg -resolve-src-symlinks /Users/xinyufang/Library/Developer/Xcode/DerivedData/Buzz-faillbpsmponqzeruhhvskovixzk/SourcePackages/checkouts/stripe-ios-spm/Stripe3DS2/Stripe3DS2/Resources/ca-ES.lproj/Localizable.strings /Users/xinyufang/Library/Developer/Xcode/DerivedData/Buzz-faillbpsmponqzeruhhvskovixzk/Build/Products/Debug-iphonesimulator/Stripe_Stripe3DS2.bundle/ca-ES.lproj

CpResource /Users/xinyufang/Library/Developer/Xcode/DerivedData/Buzz-faillbpsmponqzeruhhvskovixzk/Build/Products/Debug-iphonesimulator/Stripe_Stripe3DS2.bundle/bg-BG.lproj/Localizable.strings /Users/xinyufang/Library/Developer/Xcode/DerivedData/Buzz-faillbpsmponqzeruhhvskovixzk/SourcePackages/checkouts/stripe-ios-spm/Stripe3DS2/Stripe3DS2/Resources/bg-BG.lproj/Localizable.strings (in target 'Stripe_Stripe3DS2' from project 'Stripe')
    cd /Users/xinyufang/Library/Developer/Xcode/DerivedData/Buzz-faillbpsmponqzeruhhvskovixzk/SourcePackages/checkouts/stripe-ios-spm
    builtin-copy -exclude .DS_Store -exclude CVS -exclude .svn -exclude .git -exclude .hg -resolve-src-symlinks /Users/xinyufang/Library/Developer/Xcode/DerivedData/Buzz-faillbpsmponqzeruhhvskovixzk/SourcePackages/checkouts/stripe-ios-spm/Stripe3DS2/Stripe3DS2/Resources/bg-BG.lproj/Localizable.strings /Users/xinyufang/Library/Developer/Xcode/DerivedData/Buzz-faillbpsmponqzeruhhvskovixzk/Build/Products/Debug-iphonesimulator/Stripe_Stripe3DS2.bundle/bg-BG.lproj

CpResource /Users/xinyufang/Library/Developer/Xcode/DerivedData/Buzz-faillbpsmponqzeruhhvskovixzk/Build/Products/Debug-iphonesimulator/Stripe_Stripe3DS2.bundle/PrivacyInfo.xcprivacy /Users/xinyufang/Library/Developer/Xcode/DerivedData/Buzz-faillbpsmponqzeruhhvskovixzk/SourcePackages/checkouts/stripe-ios-spm/Stripe3DS2/Stripe3DS2/PrivacyInfo.xcprivacy (in target 'Stripe_Stripe3DS2' from project 'Stripe')
    cd /Users/xinyufang/Library/Developer/Xcode/DerivedData/Buzz-faillbpsmponqzeruhhvskovixzk/SourcePackages/checkouts/stripe-ios-spm
    builtin-copy -exclude .DS_Store -exclude CVS -exclude .svn -exclude .git -exclude .hg -resolve-src-symlinks /Users/xinyufang/Library/Developer/Xcode/DerivedData/Buzz-faillbpsmponqzeruhhvskovixzk/SourcePackages/checkouts/stripe-ios-spm/Stripe3DS2/Stripe3DS2/PrivacyInfo.xcprivacy /Users/xinyufang/Library/Developer/Xcode/DerivedData/Buzz-faillbpsmponqzeruhhvskovixzk/Build/Products/Debug-iphonesimulator/Stripe_Stripe3DS2.bundle

CompileAssetCatalogVariant thinned /Users/xinyufang/Library/Developer/Xcode/DerivedData/Buzz-faillbpsmponqzeruhhvskovixzk/Build/Products/Debug-iphonesimulator/Stripe_Stripe3DS2.bundle /Users/xinyufang/Library/Developer/Xcode/DerivedData/Buzz-faillbpsmponqzeruhhvskovixzk/SourcePackages/checkouts/stripe-ios-spm/Stripe3DS2/Stripe3DS2/Resources/Stripe3DS2.xcassets (in target 'Stripe_Stripe3DS2' from project 'Stripe')
    cd /Users/xinyufang/Library/Developer/Xcode/DerivedData/Buzz-faillbpsmponqzeruhhvskovixzk/SourcePackages/checkouts/stripe-ios-spm
    /Applications/Xcode.app/Contents/Developer/usr/bin/actool /Users/xinyufang/Library/Developer/Xcode/DerivedData/Buzz-faillbpsmponqzeruhhvskovixzk/SourcePackages/checkouts/stripe-ios-spm/Stripe3DS2/Stripe3DS2/Resources/Stripe3DS2.xcassets --compile /Users/xinyufang/Library/Developer/Xcode/DerivedData/Buzz-faillbpsmponqzeruhhvskovixzk/Build/Intermediates.noindex/Stripe.build/Debug-iphonesimulator/Stripe_Stripe3DS2.build/assetcatalog_output/thinned --output-format human-readable-text --notices --warnings --export-dependency-info /Users/xinyufang/Library/Developer/Xcode/DerivedData/Buzz-faillbpsmponqzeruhhvskovixzk/Build/Intermediates.noindex/Stripe.build/Debug-iphonesimulator/Stripe_Stripe3DS2.build/assetcatalog_dependencies_thinned --output-partial-info-plist /Users/xinyufang/Library/Developer/Xcode/DerivedData/Buzz-faillbpsmponqzeruhhvskovixzk/Build/Intermediates.noindex/Stripe.build/Debug-iphonesimulator/Stripe_Stripe3DS2.build/assetcatalog_generated_info.plist_thinned --compress-pngs --enable-on-demand-resources NO --filter-for-thinning-device-configuration iPhone18,3 --filter-for-device-os-version 26.0.1 --development-region en --target-device iphone --target-device ipad --minimum-deployment-target 13.0 --platform iphonesimulator
objc[63768]: Class _NoAnimationDelegate is implemented in both /Library/Developer/CoreSimulator/Volumes/iOS_23A8464/Library/Developer/CoreSimulator/Profiles/Runtimes/iOS 26.0.simruntime/Contents/Resources/RuntimeRoot/System/Library/Frameworks/SwiftUICore.framework/SwiftUICore (0x141338130) and /Library/Developer/CoreSimulator/Volumes/iOS_23A8464/Library/Developer/CoreSimulator/Profiles/Runtimes/iOS 26.0.simruntime/Contents/Resources/RuntimeRoot/System/Library/PrivateFrameworks/UIKitCore.framework/UIKitCore (0x13e4a1198). This may cause spurious casting failures and mysterious crashes. One of the duplicates must be removed or renamed.
/* com.apple.actool.compilation-results */
/Users/xinyufang/Library/Developer/Xcode/DerivedData/Buzz-faillbpsmponqzeruhhvskovixzk/Build/Intermediates.noindex/Stripe.build/Debug-iphonesimulator/Stripe_Stripe3DS2.build/assetcatalog_generated_info.plist_thinned
/Users/xinyufang/Library/Developer/Xcode/DerivedData/Buzz-faillbpsmponqzeruhhvskovixzk/Build/Intermediates.noindex/Stripe.build/Debug-iphonesimulator/Stripe_Stripe3DS2.build/assetcatalog_output/thinned/Assets.car


RegisterExecutionPolicyException /Users/xinyufang/Library/Developer/Xcode/DerivedData/Buzz-faillbpsmponqzeruhhvskovixzk/Build/Products/Debug-iphonesimulator/Stripe_StripeConnect.bundle (in target 'Stripe_StripeConnect' from project 'Stripe')
    cd /Users/xinyufang/Library/Developer/Xcode/DerivedData/Buzz-faillbpsmponqzeruhhvskovixzk/SourcePackages/checkouts/stripe-ios-spm
    builtin-RegisterExecutionPolicyException /Users/xinyufang/Library/Developer/Xcode/DerivedData/Buzz-faillbpsmponqzeruhhvskovixzk/Build/Products/Debug-iphonesimulator/Stripe_StripeConnect.bundle

Touch /Users/xinyufang/Library/Developer/Xcode/DerivedData/Buzz-faillbpsmponqzeruhhvskovixzk/Build/Products/Debug-iphonesimulator/Stripe_StripeCore.bundle (in target 'Stripe_StripeCore' from project 'Stripe')
    cd /Users/xinyufang/Library/Developer/Xcode/DerivedData/Buzz-faillbpsmponqzeruhhvskovixzk/SourcePackages/checkouts/stripe-ios-spm
    /usr/bin/touch -c /Users/xinyufang/Library/Developer/Xcode/DerivedData/Buzz-faillbpsmponqzeruhhvskovixzk/Build/Products/Debug-iphonesimulator/Stripe_StripeCore.bundle

CodeSign /Users/xinyufang/Library/Developer/Xcode/DerivedData/Buzz-faillbpsmponqzeruhhvskovixzk/Build/Products/Debug-iphonesimulator/Stripe_StripeCardScan.bundle (in target 'Stripe_StripeCardScan' from project 'Stripe')
    cd /Users/xinyufang/Library/Developer/Xcode/DerivedData/Buzz-faillbpsmponqzeruhhvskovixzk/SourcePackages/checkouts/stripe-ios-spm
    
    Signing Identity:     "Sign to Run Locally"
    
    /usr/bin/codesign --force --sign - --timestamp\=none --generate-entitlement-der /Users/xinyufang/Library/Developer/Xcode/DerivedData/Buzz-faillbpsmponqzeruhhvskovixzk/Build/Products/Debug-iphonesimulator/Stripe_StripeCardScan.bundle

MkDir /Users/xinyufang/Library/Developer/Xcode/DerivedData/Buzz-faillbpsmponqzeruhhvskovixzk/Build/Intermediates.noindex/Stripe.build/Debug-iphonesimulator/Stripe_Stripe.build/assetcatalog_output/unthinned (in target 'Stripe_Stripe' from project 'Stripe')
    cd /Users/xinyufang/Library/Developer/Xcode/DerivedData/Buzz-faillbpsmponqzeruhhvskovixzk/SourcePackages/checkouts/stripe-ios-spm
    /bin/mkdir -p /Users/xinyufang/Library/Developer/Xcode/DerivedData/Buzz-faillbpsmponqzeruhhvskovixzk/Build/Intermediates.noindex/Stripe.build/Debug-iphonesimulator/Stripe_Stripe.build/assetcatalog_output/unthinned

MkDir /Users/xinyufang/Library/Developer/Xcode/DerivedData/Buzz-faillbpsmponqzeruhhvskovixzk/Build/Intermediates.noindex/Stripe.build/Debug-iphonesimulator/Stripe_Stripe.build/assetcatalog_output/thinned (in target 'Stripe_Stripe' from project 'Stripe')
    cd /Users/xinyufang/Library/Developer/Xcode/DerivedData/Buzz-faillbpsmponqzeruhhvskovixzk/SourcePackages/checkouts/stripe-ios-spm
    /bin/mkdir -p /Users/xinyufang/Library/Developer/Xcode/DerivedData/Buzz-faillbpsmponqzeruhhvskovixzk/Build/Intermediates.noindex/Stripe.build/Debug-iphonesimulator/Stripe_Stripe.build/assetcatalog_output/thinned

CpResource /Users/xinyufang/Library/Developer/Xcode/DerivedData/Buzz-faillbpsmponqzeruhhvskovixzk/Build/Products/Debug-iphonesimulator/Stripe_Stripe.bundle/PrivacyInfo.xcprivacy /Users/xinyufang/Library/Developer/Xcode/DerivedData/Buzz-faillbpsmponqzeruhhvskovixzk/SourcePackages/checkouts/stripe-ios-spm/Stripe/StripeiOS/PrivacyInfo.xcprivacy (in target 'Stripe_Stripe' from project 'Stripe')
    cd /Users/xinyufang/Library/Developer/Xcode/DerivedData/Buzz-faillbpsmponqzeruhhvskovixzk/SourcePackages/checkouts/stripe-ios-spm
    builtin-copy -exclude .DS_Store -exclude CVS -exclude .svn -exclude .git -exclude .hg -resolve-src-symlinks /Users/xinyufang/Library/Developer/Xcode/DerivedData/Buzz-faillbpsmponqzeruhhvskovixzk/SourcePackages/checkouts/stripe-ios-spm/Stripe/StripeiOS/PrivacyInfo.xcprivacy /Users/xinyufang/Library/Developer/Xcode/DerivedData/Buzz-faillbpsmponqzeruhhvskovixzk/Build/Products/Debug-iphonesimulator/Stripe_Stripe.bundle

CompileAssetCatalogVariant thinned /Users/xinyufang/Library/Developer/Xcode/DerivedData/Buzz-faillbpsmponqzeruhhvskovixzk/Build/Products/Debug-iphonesimulator/Stripe_Stripe.bundle /Users/xinyufang/Library/Developer/Xcode/DerivedData/Buzz-faillbpsmponqzeruhhvskovixzk/SourcePackages/checkouts/stripe-ios-spm/Stripe/StripeiOS/Resources/StripeiOS.xcassets (in target 'Stripe_Stripe' from project 'Stripe')
    cd /Users/xinyufang/Library/Developer/Xcode/DerivedData/Buzz-faillbpsmponqzeruhhvskovixzk/SourcePackages/checkouts/stripe-ios-spm
    /Applications/Xcode.app/Contents/Developer/usr/bin/actool /Users/xinyufang/Library/Developer/Xcode/DerivedData/Buzz-faillbpsmponqzeruhhvskovixzk/SourcePackages/checkouts/stripe-ios-spm/Stripe/StripeiOS/Resources/StripeiOS.xcassets --compile /Users/xinyufang/Library/Developer/Xcode/DerivedData/Buzz-faillbpsmponqzeruhhvskovixzk/Build/Intermediates.noindex/Stripe.build/Debug-iphonesimulator/Stripe_Stripe.build/assetcatalog_output/thinned --output-format human-readable-text --notices --warnings --export-dependency-info /Users/xinyufang/Library/Developer/Xcode/DerivedData/Buzz-faillbpsmponqzeruhhvskovixzk/Build/Intermediates.noindex/Stripe.build/Debug-iphonesimulator/Stripe_Stripe.build/assetcatalog_dependencies_thinned --output-partial-info-plist /Users/xinyufang/Library/Developer/Xcode/DerivedData/Buzz-faillbpsmponqzeruhhvskovixzk/Build/Intermediates.noindex/Stripe.build/Debug-iphonesimulator/Stripe_Stripe.build/assetcatalog_generated_info.plist_thinned --compress-pngs --enable-on-demand-resources NO --filter-for-thinning-device-configuration iPhone18,3 --filter-for-device-os-version 26.0.1 --development-region en --target-device iphone --target-device ipad --minimum-deployment-target 13.0 --platform iphonesimulator
objc[63770]: Class _NoAnimationDelegate is implemented in both /Library/Developer/CoreSimulator/Volumes/iOS_23A8464/Library/Developer/CoreSimulator/Profiles/Runtimes/iOS 26.0.simruntime/Contents/Resources/RuntimeRoot/System/Library/Frameworks/SwiftUICore.framework/SwiftUICore (0x1432fc130) and /Library/Developer/CoreSimulator/Volumes/iOS_23A8464/Library/Developer/CoreSimulator/Profiles/Runtimes/iOS 26.0.simruntime/Contents/Resources/RuntimeRoot/System/Library/PrivateFrameworks/UIKitCore.framework/UIKitCore (0x140465198). This may cause spurious casting failures and mysterious crashes. One of the duplicates must be removed or renamed.
/* com.apple.actool.compilation-results */
/Users/xinyufang/Library/Developer/Xcode/DerivedData/Buzz-faillbpsmponqzeruhhvskovixzk/Build/Intermediates.noindex/Stripe.build/Debug-iphonesimulator/Stripe_Stripe.build/assetcatalog_generated_info.plist_thinned
/Users/xinyufang/Library/Developer/Xcode/DerivedData/Buzz-faillbpsmponqzeruhhvskovixzk/Build/Intermediates.noindex/Stripe.build/Debug-iphonesimulator/Stripe_Stripe.build/assetcatalog_output/thinned/Assets.car


Touch /Users/xinyufang/Library/Developer/Xcode/DerivedData/Buzz-faillbpsmponqzeruhhvskovixzk/Build/Products/Debug-iphonesimulator/Stripe_StripeConnect.bundle (in target 'Stripe_StripeConnect' from project 'Stripe')
    cd /Users/xinyufang/Library/Developer/Xcode/DerivedData/Buzz-faillbpsmponqzeruhhvskovixzk/SourcePackages/checkouts/stripe-ios-spm
    /usr/bin/touch -c /Users/xinyufang/Library/Developer/Xcode/DerivedData/Buzz-faillbpsmponqzeruhhvskovixzk/Build/Products/Debug-iphonesimulator/Stripe_StripeConnect.bundle

SwiftDriver StripeCore normal arm64 com.apple.xcode.tools.swift.compiler (in target 'StripeCore' from project 'Stripe')
    cd /Users/xinyufang/Documents/Buzz/Buzz.xcodeproj
    builtin-SwiftDriver -- /Applications/Xcode.app/Contents/Developer/Toolchains/XcodeDefault.xctoolchain/usr/bin/swiftc -module-name StripeCore -Onone -enforce-exclusivity\=checked @/Users/xinyufang/Library/Developer/Xcode/DerivedData/Buzz-faillbpsmponqzeruhhvskovixzk/Build/Intermediates.noindex/Stripe.build/Debug-iphonesimulator/StripeCore.build/Objects-normal/arm64/StripeCore.SwiftFileList -DSWIFT_PACKAGE -DDEBUG -DSWIFT_MODULE_RESOURCE_BUNDLE_AVAILABLE -DXcode -plugin-path /Applications/Xcode.app/Contents/Developer/Toolchains/XcodeDefault.xctoolchain/usr/lib/swift/host/plugins/testing -enable-experimental-feature DebugDescriptionMacro -sdk /Applications/Xcode.app/Contents/Developer/Platforms/iPhoneSimulator.platform/Developer/SDKs/iPhoneSimulator26.0.sdk -target arm64-apple-ios13.0-simulator -g -module-cache-path /Users/xinyufang/Library/Developer/Xcode/DerivedData/ModuleCache.noindex -Xfrontend -serialize-debugging-options -enable-testing -suppress-warnings -index-store-path /Users/xinyufang/Library/Developer/Xcode/DerivedData/Buzz-faillbpsmponqzeruhhvskovixzk/Index.noindex/DataStore -Xcc -D_LIBCPP_HARDENING_MODE\=_LIBCPP_HARDENING_MODE_DEBUG -swift-version 5 -I /Users/xinyufang/Library/Developer/Xcode/DerivedData/Buzz-faillbpsmponqzeruhhvskovixzk/Build/Products/Debug-iphonesimulator -Isystem /Applications/Xcode.app/Contents/Developer/Platforms/iPhoneSimulator.platform/Developer/usr/lib -F /Users/xinyufang/Library/Developer/Xcode/DerivedData/Buzz-faillbpsmponqzeruhhvskovixzk/Build/Products/Debug-iphonesimulator -F /Applications/Xcode.app/Contents/Developer/Platforms/iPhoneSimulator.platform/Developer/Library/Frameworks -F /Applications/Xcode.app/Contents/Developer/Platforms/iPhoneSimulator.platform/Developer/SDKs/iPhoneSimulator26.0.sdk/Developer/Library/Frameworks -emit-localized-strings -emit-localized-strings-path /Users/xinyufang/Library/Developer/Xcode/DerivedData/Buzz-faillbpsmponqzeruhhvskovixzk/Build/Intermediates.noindex/Stripe.build/Debug-iphonesimulator/StripeCore.build/Objects-normal/arm64 -c -j8 -enable-batch-mode -incremental -Xcc -ivfsstatcache -Xcc /Users/xinyufang/Library/Developer/Xcode/DerivedData/SDKStatCaches.noindex/iphonesimulator26.0-23A339-26257891a6c027eb51374368541b8346.sdkstatcache -output-file-map /Users/xinyufang/Library/Developer/Xcode/DerivedData/Buzz-faillbpsmponqzeruhhvskovixzk/Build/Intermediates.noindex/Stripe.build/Debug-iphonesimulator/StripeCore.build/Objects-normal/arm64/StripeCore-OutputFileMap.json -use-frontend-parseable-output -save-temps -no-color-diagnostics -explicit-module-build -module-cache-path /Users/xinyufang/Library/Developer/Xcode/DerivedData/Buzz-faillbpsmponqzeruhhvskovixzk/Build/Intermediates.noindex/SwiftExplicitPrecompiledModules -clang-scanner-module-cache-path /Users/xinyufang/Library/Developer/Xcode/DerivedData/ModuleCache.noindex -sdk-module-cache-path /Users/xinyufang/Library/Developer/Xcode/DerivedData/ModuleCache.noindex -serialize-diagnostics -emit-dependencies -emit-module -emit-module-path /Users/xinyufang/Library/Developer/Xcode/DerivedData/Buzz-faillbpsmponqzeruhhvskovixzk/Build/Intermediates.noindex/Stripe.build/Debug-iphonesimulator/StripeCore.build/Objects-normal/arm64/StripeCore.swiftmodule -validate-clang-modules-once -clang-build-session-file /Users/xinyufang/Library/Developer/Xcode/DerivedData/ModuleCache.noindex/Session.modulevalidation -Xcc -I/Users/xinyufang/Library/Developer/Xcode/DerivedData/Buzz-faillbpsmponqzeruhhvskovixzk/Build/Intermediates.noindex/Stripe.build/Debug-iphonesimulator/StripeCore.build/swift-overrides.hmap -emit-const-values -Xfrontend -const-gather-protocols-file -Xfrontend /Users/xinyufang/Library/Developer/Xcode/DerivedData/Buzz-faillbpsmponqzeruhhvskovixzk/Build/Intermediates.noindex/Stripe.build/Debug-iphonesimulator/StripeCore.build/Objects-normal/arm64/StripeCore_const_extract_protocols.json -Xcc -I/Users/xinyufang/Library/Developer/Xcode/DerivedData/Buzz-faillbpsmponqzeruhhvskovixzk/Build/Products/Debug-iphonesimulator/include -Xcc -I/Users/xinyufang/Library/Developer/Xcode/DerivedData/Buzz-faillbpsmponqzeruhhvskovixzk/Build/Intermediates.noindex/Stripe.build/Debug-iphonesimulator/StripeCore.build/DerivedSources-normal/arm64 -Xcc -I/Users/xinyufang/Library/Developer/Xcode/DerivedData/Buzz-faillbpsmponqzeruhhvskovixzk/Build/Intermediates.noindex/Stripe.build/Debug-iphonesimulator/StripeCore.build/DerivedSources/arm64 -Xcc -I/Users/xinyufang/Library/Developer/Xcode/DerivedData/Buzz-faillbpsmponqzeruhhvskovixzk/Build/Intermediates.noindex/Stripe.build/Debug-iphonesimulator/StripeCore.build/DerivedSources -Xcc -DSWIFT_PACKAGE -Xcc -DDEBUG\=1 -emit-objc-header -emit-objc-header-path /Users/xinyufang/Library/Developer/Xcode/DerivedData/Buzz-faillbpsmponqzeruhhvskovixzk/Build/Intermediates.noindex/Stripe.build/Debug-iphonesimulator/StripeCore.build/Objects-normal/arm64/StripeCore-Swift.h -working-directory /Users/xinyufang/Documents/Buzz/Buzz.xcodeproj -experimental-emit-module-separately -disable-cmo

RegisterExecutionPolicyException /Users/xinyufang/Library/Developer/Xcode/DerivedData/Buzz-faillbpsmponqzeruhhvskovixzk/Build/Products/Debug-iphonesimulator/Stripe_StripeCardScan.bundle (in target 'Stripe_StripeCardScan' from project 'Stripe')
    cd /Users/xinyufang/Library/Developer/Xcode/DerivedData/Buzz-faillbpsmponqzeruhhvskovixzk/SourcePackages/checkouts/stripe-ios-spm
    builtin-RegisterExecutionPolicyException /Users/xinyufang/Library/Developer/Xcode/DerivedData/Buzz-faillbpsmponqzeruhhvskovixzk/Build/Products/Debug-iphonesimulator/Stripe_StripeCardScan.bundle

Touch /Users/xinyufang/Library/Developer/Xcode/DerivedData/Buzz-faillbpsmponqzeruhhvskovixzk/Build/Products/Debug-iphonesimulator/Stripe_StripeCardScan.bundle (in target 'Stripe_StripeCardScan' from project 'Stripe')
    cd /Users/xinyufang/Library/Developer/Xcode/DerivedData/Buzz-faillbpsmponqzeruhhvskovixzk/SourcePackages/checkouts/stripe-ios-spm
    /usr/bin/touch -c /Users/xinyufang/Library/Developer/Xcode/DerivedData/Buzz-faillbpsmponqzeruhhvskovixzk/Build/Products/Debug-iphonesimulator/Stripe_StripeCardScan.bundle

GenerateAssetSymbols /Users/xinyufang/Library/Developer/Xcode/DerivedData/Buzz-faillbpsmponqzeruhhvskovixzk/SourcePackages/checkouts/stripe-ios-spm/Stripe3DS2/Stripe3DS2/Resources/Stripe3DS2.xcassets (in target 'Stripe3DS2' from project 'Stripe')
    cd /Users/xinyufang/Library/Developer/Xcode/DerivedData/Buzz-faillbpsmponqzeruhhvskovixzk/SourcePackages/checkouts/stripe-ios-spm
    /Applications/Xcode.app/Contents/Developer/usr/bin/actool /Users/xinyufang/Library/Developer/Xcode/DerivedData/Buzz-faillbpsmponqzeruhhvskovixzk/SourcePackages/checkouts/stripe-ios-spm/Stripe3DS2/Stripe3DS2/Resources/Stripe3DS2.xcassets --compile /Users/xinyufang/Library/Developer/Xcode/DerivedData/Buzz-faillbpsmponqzeruhhvskovixzk/Build/Products/Debug-iphonesimulator --output-format human-readable-text --notices --warnings --export-dependency-info /Users/xinyufang/Library/Developer/Xcode/DerivedData/Buzz-faillbpsmponqzeruhhvskovixzk/Build/Intermediates.noindex/Stripe.build/Debug-iphonesimulator/Stripe3DS2.build/assetcatalog_dependencies --output-partial-info-plist /Users/xinyufang/Library/Developer/Xcode/DerivedData/Buzz-faillbpsmponqzeruhhvskovixzk/Build/Intermediates.noindex/Stripe.build/Debug-iphonesimulator/Stripe3DS2.build/assetcatalog_generated_info.plist --compress-pngs --enable-on-demand-resources NO --development-region en --target-device iphone --target-device ipad --minimum-deployment-target 13.0 --platform iphonesimulator --bundle-identifier stripe-ios-spm.Stripe3DS2 --generate-objc-asset-symbols /Users/xinyufang/Library/Developer/Xcode/DerivedData/Buzz-faillbpsmponqzeruhhvskovixzk/Build/Intermediates.noindex/Stripe.build/Debug-iphonesimulator/Stripe3DS2.build/DerivedSources/GeneratedAssetSymbols.h --generate-asset-symbol-index /Users/xinyufang/Library/Developer/Xcode/DerivedData/Buzz-faillbpsmponqzeruhhvskovixzk/Build/Intermediates.noindex/Stripe.build/Debug-iphonesimulator/Stripe3DS2.build/DerivedSources/GeneratedAssetSymbols-Index.plist
/* com.apple.actool.compilation-results */
/Users/xinyufang/Library/Developer/Xcode/DerivedData/Buzz-faillbpsmponqzeruhhvskovixzk/Build/Intermediates.noindex/Stripe.build/Debug-iphonesimulator/Stripe3DS2.build/DerivedSources/GeneratedAssetSymbols-Index.plist
/Users/xinyufang/Library/Developer/Xcode/DerivedData/Buzz-faillbpsmponqzeruhhvskovixzk/Build/Intermediates.noindex/Stripe.build/Debug-iphonesimulator/Stripe3DS2.build/DerivedSources/GeneratedAssetSymbols.h


PrecompileModule /Users/xinyufang/Library/Developer/Xcode/DerivedData/Buzz-faillbpsmponqzeruhhvskovixzk/Build/Intermediates.noindex/ExplicitPrecompiledModules/_Builtin_stddef-RI9IEGNQVXFNIWTJ0CRYSCZZ.scan
    cd /
    builtin-precompileModule /Users/xinyufang/Library/Developer/Xcode/DerivedData/Buzz-faillbpsmponqzeruhhvskovixzk/Build/Intermediates.noindex/ExplicitPrecompiledModules/_Builtin_stddef-RI9IEGNQVXFNIWTJ0CRYSCZZ.scan

PrecompileModule /Users/xinyufang/Library/Developer/Xcode/DerivedData/Buzz-faillbpsmponqzeruhhvskovixzk/Build/Intermediates.noindex/ExplicitPrecompiledModules/ptrcheck-ELQOAQYOB8VAIRV5S16UJBARG.scan
    cd /
    builtin-precompileModule /Users/xinyufang/Library/Developer/Xcode/DerivedData/Buzz-faillbpsmponqzeruhhvskovixzk/Build/Intermediates.noindex/ExplicitPrecompiledModules/ptrcheck-ELQOAQYOB8VAIRV5S16UJBARG.scan

PrecompileModule /Users/xinyufang/Library/Developer/Xcode/DerivedData/Buzz-faillbpsmponqzeruhhvskovixzk/Build/Intermediates.noindex/ExplicitPrecompiledModules/_Builtin_stdarg-8ITZQJ6PD7MX7UKBK3J90V5E5.scan
    cd /
    builtin-precompileModule /Users/xinyufang/Library/Developer/Xcode/DerivedData/Buzz-faillbpsmponqzeruhhvskovixzk/Build/Intermediates.noindex/ExplicitPrecompiledModules/_Builtin_stdarg-8ITZQJ6PD7MX7UKBK3J90V5E5.scan

PrecompileModule /Users/xinyufang/Library/Developer/Xcode/DerivedData/Buzz-faillbpsmponqzeruhhvskovixzk/Build/Intermediates.noindex/ExplicitPrecompiledModules/_AvailabilityInternal-A4OEAVJW4G4CE1DT0U5G9DKCT.scan
    cd /
    builtin-precompileModule /Users/xinyufang/Library/Developer/Xcode/DerivedData/Buzz-faillbpsmponqzeruhhvskovixzk/Build/Intermediates.noindex/ExplicitPrecompiledModules/_AvailabilityInternal-A4OEAVJW4G4CE1DT0U5G9DKCT.scan

PrecompileModule /Users/xinyufang/Library/Developer/Xcode/DerivedData/Buzz-faillbpsmponqzeruhhvskovixzk/Build/Intermediates.noindex/ExplicitPrecompiledModules/_Builtin_stdbool-7B0GMLB7MR0HRR5CJTPN93VWK.scan
    cd /
    builtin-precompileModule /Users/xinyufang/Library/Developer/Xcode/DerivedData/Buzz-faillbpsmponqzeruhhvskovixzk/Build/Intermediates.noindex/ExplicitPrecompiledModules/_Builtin_stdbool-7B0GMLB7MR0HRR5CJTPN93VWK.scan

PrecompileModule /Users/xinyufang/Library/Developer/Xcode/DerivedData/Buzz-faillbpsmponqzeruhhvskovixzk/Build/Intermediates.noindex/ExplicitPrecompiledModules/_DarwinFoundation1-ED7EZM5OKJI357K8OIKNI6KI9.scan
    cd /
    builtin-precompileModule /Users/xinyufang/Library/Developer/Xcode/DerivedData/Buzz-faillbpsmponqzeruhhvskovixzk/Build/Intermediates.noindex/ExplicitPrecompiledModules/_DarwinFoundation1-ED7EZM5OKJI357K8OIKNI6KI9.scan

PrecompileModule /Users/xinyufang/Library/Developer/Xcode/DerivedData/Buzz-faillbpsmponqzeruhhvskovixzk/Build/Intermediates.noindex/ExplicitPrecompiledModules/_Builtin_limits-3KHQCPL9UB6JCZG4ICSZJHT9.scan
    cd /
    builtin-precompileModule /Users/xinyufang/Library/Developer/Xcode/DerivedData/Buzz-faillbpsmponqzeruhhvskovixzk/Build/Intermediates.noindex/ExplicitPrecompiledModules/_Builtin_limits-3KHQCPL9UB6JCZG4ICSZJHT9.scan

PrecompileModule /Users/xinyufang/Library/Developer/Xcode/DerivedData/Buzz-faillbpsmponqzeruhhvskovixzk/Build/Intermediates.noindex/ExplicitPrecompiledModules/_DarwinFoundation2-4ZXFB4WY6E7428CM8IME1O0MT.scan
    cd /
    builtin-precompileModule /Users/xinyufang/Library/Developer/Xcode/DerivedData/Buzz-faillbpsmponqzeruhhvskovixzk/Build/Intermediates.noindex/ExplicitPrecompiledModules/_DarwinFoundation2-4ZXFB4WY6E7428CM8IME1O0MT.scan

PrecompileModule /Users/xinyufang/Library/Developer/Xcode/DerivedData/Buzz-faillbpsmponqzeruhhvskovixzk/Build/Intermediates.noindex/ExplicitPrecompiledModules/_Builtin_stdint-4ZC0XPDLY20SQYWSR3RPIJSWG.scan
    cd /
    builtin-precompileModule /Users/xinyufang/Library/Developer/Xcode/DerivedData/Buzz-faillbpsmponqzeruhhvskovixzk/Build/Intermediates.noindex/ExplicitPrecompiledModules/_Builtin_stdint-4ZC0XPDLY20SQYWSR3RPIJSWG.scan

PrecompileModule /Users/xinyufang/Library/Developer/Xcode/DerivedData/Buzz-faillbpsmponqzeruhhvskovixzk/Build/Intermediates.noindex/ExplicitPrecompiledModules/_DarwinFoundation3-14CVLRTT5R3ST8BTKGZGWWLT3.scan
    cd /
    builtin-precompileModule /Users/xinyufang/Library/Developer/Xcode/DerivedData/Buzz-faillbpsmponqzeruhhvskovixzk/Build/Intermediates.noindex/ExplicitPrecompiledModules/_DarwinFoundation3-14CVLRTT5R3ST8BTKGZGWWLT3.scan

PrecompileModule /Users/xinyufang/Library/Developer/Xcode/DerivedData/Buzz-faillbpsmponqzeruhhvskovixzk/Build/Intermediates.noindex/ExplicitPrecompiledModules/_Builtin_inttypes-ATIUVZAWPKI1TL2QS88MICDK0.scan
    cd /
    builtin-precompileModule /Users/xinyufang/Library/Developer/Xcode/DerivedData/Buzz-faillbpsmponqzeruhhvskovixzk/Build/Intermediates.noindex/ExplicitPrecompiledModules/_Builtin_inttypes-ATIUVZAWPKI1TL2QS88MICDK0.scan

ProcessInfoPlistFile /Users/xinyufang/Library/Developer/Xcode/DerivedData/Buzz-faillbpsmponqzeruhhvskovixzk/Build/Products/Debug-iphonesimulator/Promises_FBLPromises.bundle/Info.plist /Users/xinyufang/Library/Developer/Xcode/DerivedData/Buzz-faillbpsmponqzeruhhvskovixzk/Build/Intermediates.noindex/Promises.build/Debug-iphonesimulator/Promises_FBLPromises.build/empty-Promises_FBLPromises.plist (in target 'Promises_FBLPromises' from project 'Promises')
    cd /Users/xinyufang/Library/Developer/Xcode/DerivedData/Buzz-faillbpsmponqzeruhhvskovixzk/SourcePackages/checkouts/promises
    builtin-infoPlistUtility /Users/xinyufang/Library/Developer/Xcode/DerivedData/Buzz-faillbpsmponqzeruhhvskovixzk/Build/Intermediates.noindex/Promises.build/Debug-iphonesimulator/Promises_FBLPromises.build/empty-Promises_FBLPromises.plist -producttype com.apple.product-type.bundle -expandbuildsettings -format binary -platform iphonesimulator -o /Users/xinyufang/Library/Developer/Xcode/DerivedData/Buzz-faillbpsmponqzeruhhvskovixzk/Build/Products/Debug-iphonesimulator/Promises_FBLPromises.bundle/Info.plist

PrecompileModule /Users/xinyufang/Library/Developer/Xcode/DerivedData/Buzz-faillbpsmponqzeruhhvskovixzk/Build/Intermediates.noindex/ExplicitPrecompiledModules/Darwin-D8GJ7JRSB7VJLD0QNES730A68.scan
    cd /
    builtin-precompileModule /Users/xinyufang/Library/Developer/Xcode/DerivedData/Buzz-faillbpsmponqzeruhhvskovixzk/Build/Intermediates.noindex/ExplicitPrecompiledModules/Darwin-D8GJ7JRSB7VJLD0QNES730A68.scan

CpResource /Users/xinyufang/Library/Developer/Xcode/DerivedData/Buzz-faillbpsmponqzeruhhvskovixzk/Build/Products/Debug-iphonesimulator/Promises_FBLPromises.bundle/PrivacyInfo.xcprivacy /Users/xinyufang/Library/Developer/Xcode/DerivedData/Buzz-faillbpsmponqzeruhhvskovixzk/SourcePackages/checkouts/promises/Sources/FBLPromises/Resources/PrivacyInfo.xcprivacy (in target 'Promises_FBLPromises' from project 'Promises')
    cd /Users/xinyufang/Library/Developer/Xcode/DerivedData/Buzz-faillbpsmponqzeruhhvskovixzk/SourcePackages/checkouts/promises
    builtin-copy -exclude .DS_Store -exclude CVS -exclude .svn -exclude .git -exclude .hg -resolve-src-symlinks /Users/xinyufang/Library/Developer/Xcode/DerivedData/Buzz-faillbpsmponqzeruhhvskovixzk/SourcePackages/checkouts/promises/Sources/FBLPromises/Resources/PrivacyInfo.xcprivacy /Users/xinyufang/Library/Developer/Xcode/DerivedData/Buzz-faillbpsmponqzeruhhvskovixzk/Build/Products/Debug-iphonesimulator/Promises_FBLPromises.bundle

SwiftEmitModule normal arm64 Emitting\ module\ for\ StripeCore (in target 'StripeCore' from project 'Stripe')

EmitSwiftModule normal arm64 (in target 'StripeCore' from project 'Stripe')
    cd /Users/xinyufang/Documents/Buzz/Buzz.xcodeproj
    

SwiftCompile normal arm64 Compiling\ NSArray+Stripe.swift,\ NSBundle+Stripe_AppName.swift,\ NSCharacterSet+StripeCore.swift,\ NSError+Stripe.swift,\ NSError+StripeCore.swift,\ NSMutableURLRequest+Stripe.swift,\ NSURLComponents+Stripe.swift,\ String+StripeCore.swift,\ UIImage+StripeCore.swift,\ StripeCodable.swift,\ StripeJSONDecoder.swift /Users/xinyufang/Library/Developer/Xcode/DerivedData/Buzz-faillbpsmponqzeruhhvskovixzk/SourcePackages/checkouts/stripe-ios-spm/StripeCore/StripeCore/Source/Categories/NSArray+Stripe.swift /Users/xinyufang/Library/Developer/Xcode/DerivedData/Buzz-faillbpsmponqzeruhhvskovixzk/SourcePackages/checkouts/stripe-ios-spm/StripeCore/StripeCore/Source/Categories/NSBundle+Stripe_AppName.swift /Users/xinyufang/Library/Developer/Xcode/DerivedData/Buzz-faillbpsmponqzeruhhvskovixzk/SourcePackages/checkouts/stripe-ios-spm/StripeCore/StripeCore/Source/Categories/NSCharacterSet+StripeCore.swift /Users/xinyufang/Library/Developer/Xcode/DerivedData/Buzz-faillbpsmponqzeruhhvskovixzk/SourcePackages/checkouts/stripe-ios-spm/StripeCore/StripeCore/Source/Categories/NSError+Stripe.swift /Users/xinyufang/Library/Developer/Xcode/DerivedData/Buzz-faillbpsmponqzeruhhvskovixzk/SourcePackages/checkouts/stripe-ios-spm/StripeCore/StripeCore/Source/Categories/NSError+StripeCore.swift /Users/xinyufang/Library/Developer/Xcode/DerivedData/Buzz-faillbpsmponqzeruhhvskovixzk/SourcePackages/checkouts/stripe-ios-spm/StripeCore/StripeCore/Source/Categories/NSMutableURLRequest+Stripe.swift /Users/xinyufang/Library/Developer/Xcode/DerivedData/Buzz-faillbpsmponqzeruhhvskovixzk/SourcePackages/checkouts/stripe-ios-spm/StripeCore/StripeCore/Source/Categories/NSURLComponents+Stripe.swift /Users/xinyufang/Library/Developer/Xcode/DerivedData/Buzz-faillbpsmponqzeruhhvskovixzk/SourcePackages/checkouts/stripe-ios-spm/StripeCore/StripeCore/Source/Categories/String+StripeCore.swift /Users/xinyufang/Library/Developer/Xcode/DerivedData/Buzz-faillbpsmponqzeruhhvskovixzk/SourcePackages/checkouts/stripe-ios-spm/StripeCore/StripeCore/Source/Categories/UIImage+StripeCore.swift /Users/xinyufang/Library/Developer/Xcode/DerivedData/Buzz-faillbpsmponqzeruhhvskovixzk/SourcePackages/checkouts/stripe-ios-spm/StripeCore/StripeCore/Source/Coder/StripeCodable.swift /Users/xinyufang/Library/Developer/Xcode/DerivedData/Buzz-faillbpsmponqzeruhhvskovixzk/SourcePackages/checkouts/stripe-ios-spm/StripeCore/StripeCore/Source/Coder/StripeJSONDecoder.swift (in target 'StripeCore' from project 'Stripe')

SwiftCompile normal arm64 /Users/xinyufang/Library/Developer/Xcode/DerivedData/Buzz-faillbpsmponqzeruhhvskovixzk/SourcePackages/checkouts/stripe-ios-spm/StripeCore/StripeCore/Source/Categories/NSArray+Stripe.swift (in target 'StripeCore' from project 'Stripe')
    cd /Users/xinyufang/Documents/Buzz/Buzz.xcodeproj
    

SwiftCompile normal arm64 /Users/xinyufang/Library/Developer/Xcode/DerivedData/Buzz-faillbpsmponqzeruhhvskovixzk/SourcePackages/checkouts/stripe-ios-spm/StripeCore/StripeCore/Source/Categories/NSBundle+Stripe_AppName.swift (in target 'StripeCore' from project 'Stripe')
    cd /Users/xinyufang/Documents/Buzz/Buzz.xcodeproj
    

SwiftCompile normal arm64 /Users/xinyufang/Library/Developer/Xcode/DerivedData/Buzz-faillbpsmponqzeruhhvskovixzk/SourcePackages/checkouts/stripe-ios-spm/StripeCore/StripeCore/Source/Categories/NSCharacterSet+StripeCore.swift (in target 'StripeCore' from project 'Stripe')
    cd /Users/xinyufang/Documents/Buzz/Buzz.xcodeproj
    

SwiftCompile normal arm64 /Users/xinyufang/Library/Developer/Xcode/DerivedData/Buzz-faillbpsmponqzeruhhvskovixzk/SourcePackages/checkouts/stripe-ios-spm/StripeCore/StripeCore/Source/Categories/NSError+Stripe.swift (in target 'StripeCore' from project 'Stripe')
    cd /Users/xinyufang/Documents/Buzz/Buzz.xcodeproj
    

SwiftCompile normal arm64 /Users/xinyufang/Library/Developer/Xcode/DerivedData/Buzz-faillbpsmponqzeruhhvskovixzk/SourcePackages/checkouts/stripe-ios-spm/StripeCore/StripeCore/Source/Categories/NSError+StripeCore.swift (in target 'StripeCore' from project 'Stripe')
    cd /Users/xinyufang/Documents/Buzz/Buzz.xcodeproj
    

SwiftCompile normal arm64 /Users/xinyufang/Library/Developer/Xcode/DerivedData/Buzz-faillbpsmponqzeruhhvskovixzk/SourcePackages/checkouts/stripe-ios-spm/StripeCore/StripeCore/Source/Categories/NSMutableURLRequest+Stripe.swift (in target 'StripeCore' from project 'Stripe')
    cd /Users/xinyufang/Documents/Buzz/Buzz.xcodeproj
    

SwiftCompile normal arm64 /Users/xinyufang/Library/Developer/Xcode/DerivedData/Buzz-faillbpsmponqzeruhhvskovixzk/SourcePackages/checkouts/stripe-ios-spm/StripeCore/StripeCore/Source/Categories/NSURLComponents+Stripe.swift (in target 'StripeCore' from project 'Stripe')
    cd /Users/xinyufang/Documents/Buzz/Buzz.xcodeproj
    

SwiftCompile normal arm64 /Users/xinyufang/Library/Developer/Xcode/DerivedData/Buzz-faillbpsmponqzeruhhvskovixzk/SourcePackages/checkouts/stripe-ios-spm/StripeCore/StripeCore/Source/Categories/String+StripeCore.swift (in target 'StripeCore' from project 'Stripe')
    cd /Users/xinyufang/Documents/Buzz/Buzz.xcodeproj
    

SwiftCompile normal arm64 /Users/xinyufang/Library/Developer/Xcode/DerivedData/Buzz-faillbpsmponqzeruhhvskovixzk/SourcePackages/checkouts/stripe-ios-spm/StripeCore/StripeCore/Source/Categories/UIImage+StripeCore.swift (in target 'StripeCore' from project 'Stripe')
    cd /Users/xinyufang/Documents/Buzz/Buzz.xcodeproj
    

SwiftCompile normal arm64 /Users/xinyufang/Library/Developer/Xcode/DerivedData/Buzz-faillbpsmponqzeruhhvskovixzk/SourcePackages/checkouts/stripe-ios-spm/StripeCore/StripeCore/Source/Coder/StripeCodable.swift (in target 'StripeCore' from project 'Stripe')
    cd /Users/xinyufang/Documents/Buzz/Buzz.xcodeproj
    

SwiftCompile normal arm64 /Users/xinyufang/Library/Developer/Xcode/DerivedData/Buzz-faillbpsmponqzeruhhvskovixzk/SourcePackages/checkouts/stripe-ios-spm/StripeCore/StripeCore/Source/Coder/StripeJSONDecoder.swift (in target 'StripeCore' from project 'Stripe')
    cd /Users/xinyufang/Documents/Buzz/Buzz.xcodeproj
    

PrecompileModule /Users/xinyufang/Library/Developer/Xcode/DerivedData/Buzz-faillbpsmponqzeruhhvskovixzk/Build/Intermediates.noindex/ExplicitPrecompiledModules/ObjectiveC-ML42M3QGF93FOIPR5XF20O6B.scan
    cd /
    builtin-precompileModule /Users/xinyufang/Library/Developer/Xcode/DerivedData/Buzz-faillbpsmponqzeruhhvskovixzk/Build/Intermediates.noindex/ExplicitPrecompiledModules/ObjectiveC-ML42M3QGF93FOIPR5XF20O6B.scan

PrecompileModule /Users/xinyufang/Library/Developer/Xcode/DerivedData/Buzz-faillbpsmponqzeruhhvskovixzk/Build/Intermediates.noindex/ExplicitPrecompiledModules/MachO-DLOL0T6QCWV7WOT48VMW4XYBB.scan
    cd /
    builtin-precompileModule /Users/xinyufang/Library/Developer/Xcode/DerivedData/Buzz-faillbpsmponqzeruhhvskovixzk/Build/Intermediates.noindex/ExplicitPrecompiledModules/MachO-DLOL0T6QCWV7WOT48VMW4XYBB.scan

SwiftCompile normal arm64 Compiling\ PaymentsSDKVariant.swift,\ Result+Extensions.swift,\ STPAssert.swift,\ STPDeviceUtils.swift,\ STPDispatchFunctions.swift,\ STPError.swift,\ STPNumericStringValidator.swift,\ STPURLCallbackHandler.swift,\ ServerErrorMapper.swift,\ StripeCoreBundleLocator.swift /Users/xinyufang/Library/Developer/Xcode/DerivedData/Buzz-faillbpsmponqzeruhhvskovixzk/SourcePackages/checkouts/stripe-ios-spm/StripeCore/StripeCore/Source/Helpers/PaymentsSDKVariant.swift /Users/xinyufang/Library/Developer/Xcode/DerivedData/Buzz-faillbpsmponqzeruhhvskovixzk/SourcePackages/checkouts/stripe-ios-spm/StripeCore/StripeCore/Source/Helpers/Result+Extensions.swift /Users/xinyufang/Library/Developer/Xcode/DerivedData/Buzz-faillbpsmponqzeruhhvskovixzk/SourcePackages/checkouts/stripe-ios-spm/StripeCore/StripeCore/Source/Helpers/STPAssert.swift /Users/xinyufang/Library/Developer/Xcode/DerivedData/Buzz-faillbpsmponqzeruhhvskovixzk/SourcePackages/checkouts/stripe-ios-spm/StripeCore/StripeCore/Source/Helpers/STPDeviceUtils.swift /Users/xinyufang/Library/Developer/Xcode/DerivedData/Buzz-faillbpsmponqzeruhhvskovixzk/SourcePackages/checkouts/stripe-ios-spm/StripeCore/StripeCore/Source/Helpers/STPDispatchFunctions.swift /Users/xinyufang/Library/Developer/Xcode/DerivedData/Buzz-faillbpsmponqzeruhhvskovixzk/SourcePackages/checkouts/stripe-ios-spm/StripeCore/StripeCore/Source/Helpers/STPError.swift /Users/xinyufang/Library/Developer/Xcode/DerivedData/Buzz-faillbpsmponqzeruhhvskovixzk/SourcePackages/checkouts/stripe-ios-spm/StripeCore/StripeCore/Source/Helpers/STPNumericStringValidator.swift /Users/xinyufang/Library/Developer/Xcode/DerivedData/Buzz-faillbpsmponqzeruhhvskovixzk/SourcePackages/checkouts/stripe-ios-spm/StripeCore/StripeCore/Source/Helpers/STPURLCallbackHandler.swift /Users/xinyufang/Library/Developer/Xcode/DerivedData/Buzz-faillbpsmponqzeruhhvskovixzk/SourcePackages/checkouts/stripe-ios-spm/StripeCore/StripeCore/Source/Helpers/ServerErrorMapper.swift /Users/xinyufang/Library/Developer/Xcode/DerivedData/Buzz-faillbpsmponqzeruhhvskovixzk/SourcePackages/checkouts/stripe-ios-spm/StripeCore/StripeCore/Source/Helpers/StripeCoreBundleLocator.swift (in target 'StripeCore' from project 'Stripe')

SwiftCompile normal arm64 /Users/xinyufang/Library/Developer/Xcode/DerivedData/Buzz-faillbpsmponqzeruhhvskovixzk/SourcePackages/checkouts/stripe-ios-spm/StripeCore/StripeCore/Source/Helpers/PaymentsSDKVariant.swift (in target 'StripeCore' from project 'Stripe')
    cd /Users/xinyufang/Documents/Buzz/Buzz.xcodeproj
    

SwiftCompile normal arm64 /Users/xinyufang/Library/Developer/Xcode/DerivedData/Buzz-faillbpsmponqzeruhhvskovixzk/SourcePackages/checkouts/stripe-ios-spm/StripeCore/StripeCore/Source/Helpers/Result+Extensions.swift (in target 'StripeCore' from project 'Stripe')
    cd /Users/xinyufang/Documents/Buzz/Buzz.xcodeproj
    

SwiftCompile normal arm64 /Users/xinyufang/Library/Developer/Xcode/DerivedData/Buzz-faillbpsmponqzeruhhvskovixzk/SourcePackages/checkouts/stripe-ios-spm/StripeCore/StripeCore/Source/Helpers/STPAssert.swift (in target 'StripeCore' from project 'Stripe')
    cd /Users/xinyufang/Documents/Buzz/Buzz.xcodeproj
    

SwiftCompile normal arm64 /Users/xinyufang/Library/Developer/Xcode/DerivedData/Buzz-faillbpsmponqzeruhhvskovixzk/SourcePackages/checkouts/stripe-ios-spm/StripeCore/StripeCore/Source/Helpers/STPDeviceUtils.swift (in target 'StripeCore' from project 'Stripe')
    cd /Users/xinyufang/Documents/Buzz/Buzz.xcodeproj
    

SwiftCompile normal arm64 /Users/xinyufang/Library/Developer/Xcode/DerivedData/Buzz-faillbpsmponqzeruhhvskovixzk/SourcePackages/checkouts/stripe-ios-spm/StripeCore/StripeCore/Source/Helpers/STPDispatchFunctions.swift (in target 'StripeCore' from project 'Stripe')
    cd /Users/xinyufang/Documents/Buzz/Buzz.xcodeproj
    

SwiftCompile normal arm64 /Users/xinyufang/Library/Developer/Xcode/DerivedData/Buzz-faillbpsmponqzeruhhvskovixzk/SourcePackages/checkouts/stripe-ios-spm/StripeCore/StripeCore/Source/Helpers/STPError.swift (in target 'StripeCore' from project 'Stripe')
    cd /Users/xinyufang/Documents/Buzz/Buzz.xcodeproj
    

SwiftCompile normal arm64 /Users/xinyufang/Library/Developer/Xcode/DerivedData/Buzz-faillbpsmponqzeruhhvskovixzk/SourcePackages/checkouts/stripe-ios-spm/StripeCore/StripeCore/Source/Helpers/STPNumericStringValidator.swift (in target 'StripeCore' from project 'Stripe')
    cd /Users/xinyufang/Documents/Buzz/Buzz.xcodeproj
    

SwiftCompile normal arm64 /Users/xinyufang/Library/Developer/Xcode/DerivedData/Buzz-faillbpsmponqzeruhhvskovixzk/SourcePackages/checkouts/stripe-ios-spm/StripeCore/StripeCore/Source/Helpers/STPURLCallbackHandler.swift (in target 'StripeCore' from project 'Stripe')
    cd /Users/xinyufang/Documents/Buzz/Buzz.xcodeproj
    

SwiftCompile normal arm64 /Users/xinyufang/Library/Developer/Xcode/DerivedData/Buzz-faillbpsmponqzeruhhvskovixzk/SourcePackages/checkouts/stripe-ios-spm/StripeCore/StripeCore/Source/Helpers/ServerErrorMapper.swift (in target 'StripeCore' from project 'Stripe')
    cd /Users/xinyufang/Documents/Buzz/Buzz.xcodeproj
    

SwiftCompile normal arm64 /Users/xinyufang/Library/Developer/Xcode/DerivedData/Buzz-faillbpsmponqzeruhhvskovixzk/SourcePackages/checkouts/stripe-ios-spm/StripeCore/StripeCore/Source/Helpers/StripeCoreBundleLocator.swift (in target 'StripeCore' from project 'Stripe')
    cd /Users/xinyufang/Documents/Buzz/Buzz.xcodeproj
    

CompileC /Users/xinyufang/Library/Developer/Xcode/DerivedData/Buzz-faillbpsmponqzeruhhvskovixzk/Build/Intermediates.noindex/GoogleUtilities.build/Debug-iphonesimulator/third-party-IsAppEncrypted.build/Objects-normal/arm64/IsAppEncrypted.o /Users/xinyufang/Library/Developer/Xcode/DerivedData/Buzz-faillbpsmponqzeruhhvskovixzk/SourcePackages/checkouts/GoogleUtilities/third_party/IsAppEncrypted/IsAppEncrypted.m normal arm64 objective-c com.apple.compilers.llvm.clang.1_0.compiler (in target 'third-party-IsAppEncrypted' from project 'GoogleUtilities')
    cd /Users/xinyufang/Documents/Buzz/Buzz.xcodeproj
    
    Using response file: /Users/xinyufang/Library/Developer/Xcode/DerivedData/Buzz-faillbpsmponqzeruhhvskovixzk/Build/Intermediates.noindex/GoogleUtilities.build/Debug-iphonesimulator/third-party-IsAppEncrypted.build/Objects-normal/arm64/e6072d4f65d7061329687fe24e3d63a7-common-args.resp
    
    /Applications/Xcode.app/Contents/Developer/Toolchains/XcodeDefault.xctoolchain/usr/bin/clang -x objective-c -ivfsstatcache /Users/xinyufang/Library/Developer/Xcode/DerivedData/SDKStatCaches.noindex/iphonesimulator26.0-23A339-26257891a6c027eb51374368541b8346.sdkstatcache -fmessage-length\=0 -fdiagnostics-show-note-include-stack -fmacro-backtrace-limit\=0 -fno-color-diagnostics -fmodules-prune-interval\=86400 -fmodules-prune-after\=345600 -fbuild-session-file\=/Users/xinyufang/Library/Developer/Xcode/DerivedData/ModuleCache.noindex/Session.modulevalidation -fmodules-validate-once-per-build-session -Wnon-modular-include-in-framework-module -Werror\=non-modular-include-in-framework-module -Wno-trigraphs -Wno-missing-field-initializers -Wno-missing-prototypes -Wno-return-type -Wno-implicit-atomic-properties -Wno-objc-interface-ivars -Wno-arc-repeated-use-of-weak -Wno-missing-braces -Wparentheses -Wswitch -Wno-unused-function -Wno-unused-label -Wno-unused-parameter -Wno-unused-variable -Wunused-value -Wno-empty-body -Wno-uninitialized -Wno-unknown-pragmas -w -Wno-shadow -Wno-four-char-constants -Wno-conversion -Wno-constant-conversion -Wno-int-conversion -Wno-bool-conversion -Wno-enum-conversion -Wno-float-conversion -Wno-non-literal-null-conversion -Wno-objc-literal-conversion -Wshorten-64-to-32 -Wpointer-sign -Wno-newline-eof -Wno-selector -Wno-strict-selector-match -Wno-undeclared-selector -Wno-deprecated-implementations -Wno-implicit-fallthrough -fstrict-aliasing -Wprotocol -Wdeprecated-declarations -Wno-sign-conversion -Wno-infinite-recursion -Wno-comma -Wno-block-capture-autoreleasing -Wno-strict-prototypes -Wno-semicolon-before-method-body -index-store-path /Users/xinyufang/Library/Developer/Xcode/DerivedData/Buzz-faillbpsmponqzeruhhvskovixzk/Index.noindex/DataStore @/Users/xinyufang/Library/Developer/Xcode/DerivedData/Buzz-faillbpsmponqzeruhhvskovixzk/Build/Intermediates.noindex/GoogleUtilities.build/Debug-iphonesimulator/third-party-IsAppEncrypted.build/Objects-normal/arm64/e6072d4f65d7061329687fe24e3d63a7-common-args.resp -MMD -MT dependencies -MF /Users/xinyufang/Library/Developer/Xcode/DerivedData/Buzz-faillbpsmponqzeruhhvskovixzk/Build/Intermediates.noindex/GoogleUtilities.build/Debug-iphonesimulator/third-party-IsAppEncrypted.build/Objects-normal/arm64/IsAppEncrypted.d --serialize-diagnostics /Users/xinyufang/Library/Developer/Xcode/DerivedData/Buzz-faillbpsmponqzeruhhvskovixzk/Build/Intermediates.noindex/GoogleUtilities.build/Debug-iphonesimulator/third-party-IsAppEncrypted.build/Objects-normal/arm64/IsAppEncrypted.dia -c /Users/xinyufang/Library/Developer/Xcode/DerivedData/Buzz-faillbpsmponqzeruhhvskovixzk/SourcePackages/checkouts/GoogleUtilities/third_party/IsAppEncrypted/IsAppEncrypted.m -o /Users/xinyufang/Library/Developer/Xcode/DerivedData/Buzz-faillbpsmponqzeruhhvskovixzk/Build/Intermediates.noindex/GoogleUtilities.build/Debug-iphonesimulator/third-party-IsAppEncrypted.build/Objects-normal/arm64/IsAppEncrypted.o -index-unit-output-path /GoogleUtilities.build/Debug-iphonesimulator/third-party-IsAppEncrypted.build/Objects-normal/arm64/IsAppEncrypted.o

SwiftDriverJobDiscovery normal arm64 Emitting module for StripeCore (in target 'StripeCore' from project 'Stripe')

SwiftDriver\ Compilation\ Requirements StripeCore normal arm64 com.apple.xcode.tools.swift.compiler (in target 'StripeCore' from project 'Stripe')
    cd /Users/xinyufang/Documents/Buzz/Buzz.xcodeproj
    builtin-Swift-Compilation-Requirements -- /Applications/Xcode.app/Contents/Developer/Toolchains/XcodeDefault.xctoolchain/usr/bin/swiftc -module-name StripeCore -Onone -enforce-exclusivity\=checked @/Users/xinyufang/Library/Developer/Xcode/DerivedData/Buzz-faillbpsmponqzeruhhvskovixzk/Build/Intermediates.noindex/Stripe.build/Debug-iphonesimulator/StripeCore.build/Objects-normal/arm64/StripeCore.SwiftFileList -DSWIFT_PACKAGE -DDEBUG -DSWIFT_MODULE_RESOURCE_BUNDLE_AVAILABLE -DXcode -plugin-path /Applications/Xcode.app/Contents/Developer/Toolchains/XcodeDefault.xctoolchain/usr/lib/swift/host/plugins/testing -enable-experimental-feature DebugDescriptionMacro -sdk /Applications/Xcode.app/Contents/Developer/Platforms/iPhoneSimulator.platform/Developer/SDKs/iPhoneSimulator26.0.sdk -target arm64-apple-ios13.0-simulator -g -module-cache-path /Users/xinyufang/Library/Developer/Xcode/DerivedData/ModuleCache.noindex -Xfrontend -serialize-debugging-options -enable-testing -suppress-warnings -index-store-path /Users/xinyufang/Library/Developer/Xcode/DerivedData/Buzz-faillbpsmponqzeruhhvskovixzk/Index.noindex/DataStore -Xcc -D_LIBCPP_HARDENING_MODE\=_LIBCPP_HARDENING_MODE_DEBUG -swift-version 5 -I /Users/xinyufang/Library/Developer/Xcode/DerivedData/Buzz-faillbpsmponqzeruhhvskovixzk/Build/Products/Debug-iphonesimulator -Isystem /Applications/Xcode.app/Contents/Developer/Platforms/iPhoneSimulator.platform/Developer/usr/lib -F /Users/xinyufang/Library/Developer/Xcode/DerivedData/Buzz-faillbpsmponqzeruhhvskovixzk/Build/Products/Debug-iphonesimulator -F /Applications/Xcode.app/Contents/Developer/Platforms/iPhoneSimulator.platform/Developer/Library/Frameworks -F /Applications/Xcode.app/Contents/Developer/Platforms/iPhoneSimulator.platform/Developer/SDKs/iPhoneSimulator26.0.sdk/Developer/Library/Frameworks -emit-localized-strings -emit-localized-strings-path /Users/xinyufang/Library/Developer/Xcode/DerivedData/Buzz-faillbpsmponqzeruhhvskovixzk/Build/Intermediates.noindex/Stripe.build/Debug-iphonesimulator/StripeCore.build/Objects-normal/arm64 -c -j8 -enable-batch-mode -incremental -Xcc -ivfsstatcache -Xcc /Users/xinyufang/Library/Developer/Xcode/DerivedData/SDKStatCaches.noindex/iphonesimulator26.0-23A339-26257891a6c027eb51374368541b8346.sdkstatcache -output-file-map /Users/xinyufang/Library/Developer/Xcode/DerivedData/Buzz-faillbpsmponqzeruhhvskovixzk/Build/Intermediates.noindex/Stripe.build/Debug-iphonesimulator/StripeCore.build/Objects-normal/arm64/StripeCore-OutputFileMap.json -use-frontend-parseable-output -save-temps -no-color-diagnostics -explicit-module-build -module-cache-path /Users/xinyufang/Library/Developer/Xcode/DerivedData/Buzz-faillbpsmponqzeruhhvskovixzk/Build/Intermediates.noindex/SwiftExplicitPrecompiledModules -clang-scanner-module-cache-path /Users/xinyufang/Library/Developer/Xcode/DerivedData/ModuleCache.noindex -sdk-module-cache-path /Users/xinyufang/Library/Developer/Xcode/DerivedData/ModuleCache.noindex -serialize-diagnostics -emit-dependencies -emit-module -emit-module-path /Users/xinyufang/Library/Developer/Xcode/DerivedData/Buzz-faillbpsmponqzeruhhvskovixzk/Build/Intermediates.noindex/Stripe.build/Debug-iphonesimulator/StripeCore.build/Objects-normal/arm64/StripeCore.swiftmodule -validate-clang-modules-once -clang-build-session-file /Users/xinyufang/Library/Developer/Xcode/DerivedData/ModuleCache.noindex/Session.modulevalidation -Xcc -I/Users/xinyufang/Library/Developer/Xcode/DerivedData/Buzz-faillbpsmponqzeruhhvskovixzk/Build/Intermediates.noindex/Stripe.build/Debug-iphonesimulator/StripeCore.build/swift-overrides.hmap -emit-const-values -Xfrontend -const-gather-protocols-file -Xfrontend /Users/xinyufang/Library/Developer/Xcode/DerivedData/Buzz-faillbpsmponqzeruhhvskovixzk/Build/Intermediates.noindex/Stripe.build/Debug-iphonesimulator/StripeCore.build/Objects-normal/arm64/StripeCore_const_extract_protocols.json -Xcc -I/Users/xinyufang/Library/Developer/Xcode/DerivedData/Buzz-faillbpsmponqzeruhhvskovixzk/Build/Products/Debug-iphonesimulator/include -Xcc -I/Users/xinyufang/Library/Developer/Xcode/DerivedData/Buzz-faillbpsmponqzeruhhvskovixzk/Build/Intermediates.noindex/Stripe.build/Debug-iphonesimulator/StripeCore.build/DerivedSources-normal/arm64 -Xcc -I/Users/xinyufang/Library/Developer/Xcode/DerivedData/Buzz-faillbpsmponqzeruhhvskovixzk/Build/Intermediates.noindex/Stripe.build/Debug-iphonesimulator/StripeCore.build/DerivedSources/arm64 -Xcc -I/Users/xinyufang/Library/Developer/Xcode/DerivedData/Buzz-faillbpsmponqzeruhhvskovixzk/Build/Intermediates.noindex/Stripe.build/Debug-iphonesimulator/StripeCore.build/DerivedSources -Xcc -DSWIFT_PACKAGE -Xcc -DDEBUG\=1 -emit-objc-header -emit-objc-header-path /Users/xinyufang/Library/Developer/Xcode/DerivedData/Buzz-faillbpsmponqzeruhhvskovixzk/Build/Intermediates.noindex/Stripe.build/Debug-iphonesimulator/StripeCore.build/Objects-normal/arm64/StripeCore-Swift.h -working-directory /Users/xinyufang/Documents/Buzz/Buzz.xcodeproj -experimental-emit-module-separately -disable-cmo

Ld /Users/xinyufang/Library/Developer/Xcode/DerivedData/Buzz-faillbpsmponqzeruhhvskovixzk/Build/Products/Debug-iphonesimulator/third-party-IsAppEncrypted.o normal (in target 'third-party-IsAppEncrypted' from project 'GoogleUtilities')
    cd /Users/xinyufang/Library/Developer/Xcode/DerivedData/Buzz-faillbpsmponqzeruhhvskovixzk/SourcePackages/checkouts/GoogleUtilities
    /Applications/Xcode.app/Contents/Developer/Toolchains/XcodeDefault.xctoolchain/usr/bin/clang -Xlinker -reproducible -target arm64-apple-ios12.0-simulator -r -isysroot /Applications/Xcode.app/Contents/Developer/Platforms/iPhoneSimulator.platform/Developer/SDKs/iPhoneSimulator26.0.sdk -O0 -w -L/Users/xinyufang/Library/Developer/Xcode/DerivedData/Buzz-faillbpsmponqzeruhhvskovixzk/Build/Intermediates.noindex/EagerLinkingTBDs/Debug-iphonesimulator -L/Users/xinyufang/Library/Developer/Xcode/DerivedData/Buzz-faillbpsmponqzeruhhvskovixzk/Build/Products/Debug-iphonesimulator -L/Applications/Xcode.app/Contents/Developer/Platforms/iPhoneSimulator.platform/Developer/usr/lib -F/Users/xinyufang/Library/Developer/Xcode/DerivedData/Buzz-faillbpsmponqzeruhhvskovixzk/Build/Intermediates.noindex/EagerLinkingTBDs/Debug-iphonesimulator -F/Users/xinyufang/Library/Developer/Xcode/DerivedData/Buzz-faillbpsmponqzeruhhvskovixzk/Build/Products/Debug-iphonesimulator -iframework /Applications/Xcode.app/Contents/Developer/Platforms/iPhoneSimulator.platform/Developer/Library/Frameworks -iframework /Applications/Xcode.app/Contents/Developer/Platforms/iPhoneSimulator.platform/Developer/SDKs/iPhoneSimulator26.0.sdk/Developer/Library/Frameworks -filelist /Users/xinyufang/Library/Developer/Xcode/DerivedData/Buzz-faillbpsmponqzeruhhvskovixzk/Build/Intermediates.noindex/GoogleUtilities.build/Debug-iphonesimulator/third-party-IsAppEncrypted.build/Objects-normal/arm64/third-party-IsAppEncrypted.LinkFileList -nostdlib -Xlinker -object_path_lto -Xlinker /Users/xinyufang/Library/Developer/Xcode/DerivedData/Buzz-faillbpsmponqzeruhhvskovixzk/Build/Intermediates.noindex/GoogleUtilities.build/Debug-iphonesimulator/third-party-IsAppEncrypted.build/Objects-normal/arm64/third-party-IsAppEncrypted_lto.o -rdynamic -Xlinker -no_deduplicate -Xlinker -objc_abi_version -Xlinker 2 -Xlinker -dependency_info -Xlinker /Users/xinyufang/Library/Developer/Xcode/DerivedData/Buzz-faillbpsmponqzeruhhvskovixzk/Build/Intermediates.noindex/GoogleUtilities.build/Debug-iphonesimulator/third-party-IsAppEncrypted.build/Objects-normal/arm64/third-party-IsAppEncrypted_dependency_info.dat -fobjc-arc -fobjc-link-runtime -o /Users/xinyufang/Library/Developer/Xcode/DerivedData/Buzz-faillbpsmponqzeruhhvskovixzk/Build/Products/Debug-iphonesimulator/third-party-IsAppEncrypted.o

SwiftMergeGeneratedHeaders /Users/xinyufang/Library/Developer/Xcode/DerivedData/Buzz-faillbpsmponqzeruhhvskovixzk/Build/Intermediates.noindex/GeneratedModuleMaps-iphonesimulator/StripeCore-Swift.h /Users/xinyufang/Library/Developer/Xcode/DerivedData/Buzz-faillbpsmponqzeruhhvskovixzk/Build/Intermediates.noindex/Stripe.build/Debug-iphonesimulator/StripeCore.build/Objects-normal/arm64/StripeCore-Swift.h (in target 'StripeCore' from project 'Stripe')
    cd /Users/xinyufang/Library/Developer/Xcode/DerivedData/Buzz-faillbpsmponqzeruhhvskovixzk/SourcePackages/checkouts/stripe-ios-spm
    builtin-swiftHeaderTool -arch arm64 /Users/xinyufang/Library/Developer/Xcode/DerivedData/Buzz-faillbpsmponqzeruhhvskovixzk/Build/Intermediates.noindex/Stripe.build/Debug-iphonesimulator/StripeCore.build/Objects-normal/arm64/StripeCore-Swift.h -o /Users/xinyufang/Library/Developer/Xcode/DerivedData/Buzz-faillbpsmponqzeruhhvskovixzk/Build/Intermediates.noindex/GeneratedModuleMaps-iphonesimulator/StripeCore-Swift.h

Copy /Users/xinyufang/Library/Developer/Xcode/DerivedData/Buzz-faillbpsmponqzeruhhvskovixzk/Build/Products/Debug-iphonesimulator/StripeCore.swiftmodule/arm64-apple-ios-simulator.swiftmodule /Users/xinyufang/Library/Developer/Xcode/DerivedData/Buzz-faillbpsmponqzeruhhvskovixzk/Build/Intermediates.noindex/Stripe.build/Debug-iphonesimulator/StripeCore.build/Objects-normal/arm64/StripeCore.swiftmodule (in target 'StripeCore' from project 'Stripe')
    cd /Users/xinyufang/Library/Developer/Xcode/DerivedData/Buzz-faillbpsmponqzeruhhvskovixzk/SourcePackages/checkouts/stripe-ios-spm
    builtin-copy -exclude .DS_Store -exclude CVS -exclude .svn -exclude .git -exclude .hg -resolve-src-symlinks -rename /Users/xinyufang/Library/Developer/Xcode/DerivedData/Buzz-faillbpsmponqzeruhhvskovixzk/Build/Intermediates.noindex/Stripe.build/Debug-iphonesimulator/StripeCore.build/Objects-normal/arm64/StripeCore.swiftmodule /Users/xinyufang/Library/Developer/Xcode/DerivedData/Buzz-faillbpsmponqzeruhhvskovixzk/Build/Products/Debug-iphonesimulator/StripeCore.swiftmodule/arm64-apple-ios-simulator.swiftmodule

Copy /Users/xinyufang/Library/Developer/Xcode/DerivedData/Buzz-faillbpsmponqzeruhhvskovixzk/Build/Products/Debug-iphonesimulator/StripeCore.swiftmodule/arm64-apple-ios-simulator.swiftdoc /Users/xinyufang/Library/Developer/Xcode/DerivedData/Buzz-faillbpsmponqzeruhhvskovixzk/Build/Intermediates.noindex/Stripe.build/Debug-iphonesimulator/StripeCore.build/Objects-normal/arm64/StripeCore.swiftdoc (in target 'StripeCore' from project 'Stripe')
    cd /Users/xinyufang/Library/Developer/Xcode/DerivedData/Buzz-faillbpsmponqzeruhhvskovixzk/SourcePackages/checkouts/stripe-ios-spm
    builtin-copy -exclude .DS_Store -exclude CVS -exclude .svn -exclude .git -exclude .hg -resolve-src-symlinks -rename /Users/xinyufang/Library/Developer/Xcode/DerivedData/Buzz-faillbpsmponqzeruhhvskovixzk/Build/Intermediates.noindex/Stripe.build/Debug-iphonesimulator/StripeCore.build/Objects-normal/arm64/StripeCore.swiftdoc /Users/xinyufang/Library/Developer/Xcode/DerivedData/Buzz-faillbpsmponqzeruhhvskovixzk/Build/Products/Debug-iphonesimulator/StripeCore.swiftmodule/arm64-apple-ios-simulator.swiftdoc

Copy /Users/xinyufang/Library/Developer/Xcode/DerivedData/Buzz-faillbpsmponqzeruhhvskovixzk/Build/Products/Debug-iphonesimulator/StripeCore.swiftmodule/arm64-apple-ios-simulator.abi.json /Users/xinyufang/Library/Developer/Xcode/DerivedData/Buzz-faillbpsmponqzeruhhvskovixzk/Build/Intermediates.noindex/Stripe.build/Debug-iphonesimulator/StripeCore.build/Objects-normal/arm64/StripeCore.abi.json (in target 'StripeCore' from project 'Stripe')
    cd /Users/xinyufang/Library/Developer/Xcode/DerivedData/Buzz-faillbpsmponqzeruhhvskovixzk/SourcePackages/checkouts/stripe-ios-spm
    builtin-copy -exclude .DS_Store -exclude CVS -exclude .svn -exclude .git -exclude .hg -resolve-src-symlinks -rename /Users/xinyufang/Library/Developer/Xcode/DerivedData/Buzz-faillbpsmponqzeruhhvskovixzk/Build/Intermediates.noindex/Stripe.build/Debug-iphonesimulator/StripeCore.build/Objects-normal/arm64/StripeCore.abi.json /Users/xinyufang/Library/Developer/Xcode/DerivedData/Buzz-faillbpsmponqzeruhhvskovixzk/Build/Products/Debug-iphonesimulator/StripeCore.swiftmodule/arm64-apple-ios-simulator.abi.json

Copy /Users/xinyufang/Library/Developer/Xcode/DerivedData/Buzz-faillbpsmponqzeruhhvskovixzk/Build/Products/Debug-iphonesimulator/StripeCore.swiftmodule/Project/arm64-apple-ios-simulator.swiftsourceinfo /Users/xinyufang/Library/Developer/Xcode/DerivedData/Buzz-faillbpsmponqzeruhhvskovixzk/Build/Intermediates.noindex/Stripe.build/Debug-iphonesimulator/StripeCore.build/Objects-normal/arm64/StripeCore.swiftsourceinfo (in target 'StripeCore' from project 'Stripe')
    cd /Users/xinyufang/Library/Developer/Xcode/DerivedData/Buzz-faillbpsmponqzeruhhvskovixzk/SourcePackages/checkouts/stripe-ios-spm
    builtin-copy -exclude .DS_Store -exclude CVS -exclude .svn -exclude .git -exclude .hg -resolve-src-symlinks -rename /Users/xinyufang/Library/Developer/Xcode/DerivedData/Buzz-faillbpsmponqzeruhhvskovixzk/Build/Intermediates.noindex/Stripe.build/Debug-iphonesimulator/StripeCore.build/Objects-normal/arm64/StripeCore.swiftsourceinfo /Users/xinyufang/Library/Developer/Xcode/DerivedData/Buzz-faillbpsmponqzeruhhvskovixzk/Build/Products/Debug-iphonesimulator/StripeCore.swiftmodule/Project/arm64-apple-ios-simulator.swiftsourceinfo

SwiftCompile normal arm64 Compiling\ StripeJSONEncoder.swift,\ StripeJSONShared.swift,\ UnknownFields.swift,\ AvailableIncentives.swift,\ BillingAddress.swift,\ ElementsSessionContext.swift,\ FinancialConnectionsConsumer.swift,\ FinancialConnectionsEvent.swift,\ FinancialConnectionsLinkedBank.swift,\ FinancialConnectionsSDKInterface.swift,\ FinancialConnectionsSDKResult.swift /Users/xinyufang/Library/Developer/Xcode/DerivedData/Buzz-faillbpsmponqzeruhhvskovixzk/SourcePackages/checkouts/stripe-ios-spm/StripeCore/StripeCore/Source/Coder/StripeJSONEncoder.swift /Users/xinyufang/Library/Developer/Xcode/DerivedData/Buzz-faillbpsmponqzeruhhvskovixzk/SourcePackages/checkouts/stripe-ios-spm/StripeCore/StripeCore/Source/Coder/StripeJSONShared.swift /Users/xinyufang/Library/Developer/Xcode/DerivedData/Buzz-faillbpsmponqzeruhhvskovixzk/SourcePackages/checkouts/stripe-ios-spm/StripeCore/StripeCore/Source/Coder/UnknownFields.swift /Users/xinyufang/Library/Developer/Xcode/DerivedData/Buzz-faillbpsmponqzeruhhvskovixzk/SourcePackages/checkouts/stripe-ios-spm/StripeCore/StripeCore/Source/Connections\ Bindings/AvailableIncentives.swift /Users/xinyufang/Library/Developer/Xcode/DerivedData/Buzz-faillbpsmponqzeruhhvskovixzk/SourcePackages/checkouts/stripe-ios-spm/StripeCore/StripeCore/Source/Connections\ Bindings/BillingAddress.swift /Users/xinyufang/Library/Developer/Xcode/DerivedData/Buzz-faillbpsmponqzeruhhvskovixzk/SourcePackages/checkouts/stripe-ios-spm/StripeCore/StripeCore/Source/Connections\ Bindings/ElementsSessionContext.swift /Users/xinyufang/Library/Developer/Xcode/DerivedData/Buzz-faillbpsmponqzeruhhvskovixzk/SourcePackages/checkouts/stripe-ios-spm/StripeCore/StripeCore/Source/Connections\ Bindings/FinancialConnectionsConsumer.swift /Users/xinyufang/Library/Developer/Xcode/DerivedData/Buzz-faillbpsmponqzeruhhvskovixzk/SourcePackages/checkouts/stripe-ios-spm/StripeCore/StripeCore/Source/Connections\ Bindings/FinancialConnectionsEvent.swift /Users/xinyufang/Library/Developer/Xcode/DerivedData/Buzz-faillbpsmponqzeruhhvskovixzk/SourcePackages/checkouts/stripe-ios-spm/StripeCore/StripeCore/Source/Connections\ Bindings/FinancialConnectionsLinkedBank.swift /Users/xinyufang/Library/Developer/Xcode/DerivedData/Buzz-faillbpsmponqzeruhhvskovixzk/SourcePackages/checkouts/stripe-ios-spm/StripeCore/StripeCore/Source/Connections\ Bindings/FinancialConnectionsSDKInterface.swift /Users/xinyufang/Library/Developer/Xcode/DerivedData/Buzz-faillbpsmponqzeruhhvskovixzk/SourcePackages/checkouts/stripe-ios-spm/StripeCore/StripeCore/Source/Connections\ Bindings/FinancialConnectionsSDKResult.swift (in target 'StripeCore' from project 'Stripe')

SwiftCompile normal arm64 /Users/xinyufang/Library/Developer/Xcode/DerivedData/Buzz-faillbpsmponqzeruhhvskovixzk/SourcePackages/checkouts/stripe-ios-spm/StripeCore/StripeCore/Source/Coder/StripeJSONEncoder.swift (in target 'StripeCore' from project 'Stripe')
    cd /Users/xinyufang/Documents/Buzz/Buzz.xcodeproj
    

SwiftCompile normal arm64 /Users/xinyufang/Library/Developer/Xcode/DerivedData/Buzz-faillbpsmponqzeruhhvskovixzk/SourcePackages/checkouts/stripe-ios-spm/StripeCore/StripeCore/Source/Coder/StripeJSONShared.swift (in target 'StripeCore' from project 'Stripe')
    cd /Users/xinyufang/Documents/Buzz/Buzz.xcodeproj
    

SwiftCompile normal arm64 /Users/xinyufang/Library/Developer/Xcode/DerivedData/Buzz-faillbpsmponqzeruhhvskovixzk/SourcePackages/checkouts/stripe-ios-spm/StripeCore/StripeCore/Source/Coder/UnknownFields.swift (in target 'StripeCore' from project 'Stripe')
    cd /Users/xinyufang/Documents/Buzz/Buzz.xcodeproj
    

SwiftCompile normal arm64 /Users/xinyufang/Library/Developer/Xcode/DerivedData/Buzz-faillbpsmponqzeruhhvskovixzk/SourcePackages/checkouts/stripe-ios-spm/StripeCore/StripeCore/Source/Connections\ Bindings/AvailableIncentives.swift (in target 'StripeCore' from project 'Stripe')
    cd /Users/xinyufang/Documents/Buzz/Buzz.xcodeproj
    

SwiftCompile normal arm64 /Users/xinyufang/Library/Developer/Xcode/DerivedData/Buzz-faillbpsmponqzeruhhvskovixzk/SourcePackages/checkouts/stripe-ios-spm/StripeCore/StripeCore/Source/Connections\ Bindings/BillingAddress.swift (in target 'StripeCore' from project 'Stripe')
    cd /Users/xinyufang/Documents/Buzz/Buzz.xcodeproj
    

SwiftCompile normal arm64 /Users/xinyufang/Library/Developer/Xcode/DerivedData/Buzz-faillbpsmponqzeruhhvskovixzk/SourcePackages/checkouts/stripe-ios-spm/StripeCore/StripeCore/Source/Connections\ Bindings/ElementsSessionContext.swift (in target 'StripeCore' from project 'Stripe')
    cd /Users/xinyufang/Documents/Buzz/Buzz.xcodeproj
    

SwiftCompile normal arm64 /Users/xinyufang/Library/Developer/Xcode/DerivedData/Buzz-faillbpsmponqzeruhhvskovixzk/SourcePackages/checkouts/stripe-ios-spm/StripeCore/StripeCore/Source/Connections\ Bindings/FinancialConnectionsConsumer.swift (in target 'StripeCore' from project 'Stripe')
    cd /Users/xinyufang/Documents/Buzz/Buzz.xcodeproj
    

SwiftCompile normal arm64 /Users/xinyufang/Library/Developer/Xcode/DerivedData/Buzz-faillbpsmponqzeruhhvskovixzk/SourcePackages/checkouts/stripe-ios-spm/StripeCore/StripeCore/Source/Connections\ Bindings/FinancialConnectionsEvent.swift (in target 'StripeCore' from project 'Stripe')
    cd /Users/xinyufang/Documents/Buzz/Buzz.xcodeproj
    

SwiftCompile normal arm64 /Users/xinyufang/Library/Developer/Xcode/DerivedData/Buzz-faillbpsmponqzeruhhvskovixzk/SourcePackages/checkouts/stripe-ios-spm/StripeCore/StripeCore/Source/Connections\ Bindings/FinancialConnectionsLinkedBank.swift (in target 'StripeCore' from project 'Stripe')
    cd /Users/xinyufang/Documents/Buzz/Buzz.xcodeproj
    

SwiftCompile normal arm64 /Users/xinyufang/Library/Developer/Xcode/DerivedData/Buzz-faillbpsmponqzeruhhvskovixzk/SourcePackages/checkouts/stripe-ios-spm/StripeCore/StripeCore/Source/Connections\ Bindings/FinancialConnectionsSDKInterface.swift (in target 'StripeCore' from project 'Stripe')
    cd /Users/xinyufang/Documents/Buzz/Buzz.xcodeproj
    

SwiftCompile normal arm64 /Users/xinyufang/Library/Developer/Xcode/DerivedData/Buzz-faillbpsmponqzeruhhvskovixzk/SourcePackages/checkouts/stripe-ios-spm/StripeCore/StripeCore/Source/Connections\ Bindings/FinancialConnectionsSDKResult.swift (in target 'StripeCore' from project 'Stripe')
    cd /Users/xinyufang/Documents/Buzz/Buzz.xcodeproj
    

SwiftCompile normal arm64 Compiling\ resource_bundle_accessor.swift,\ EmptyResponse.swift,\ StripeFile.swift,\ STPAPIClient+FileUpload.swift,\ STPAPIClient.swift,\ STPAppInfo.swift,\ STPClientAttributionMetadata.swift,\ STPMultipartFormDataEncoder.swift,\ STPMultipartFormDataPart.swift,\ StripeAPI.swift,\ StripeAPIConfiguration+Version.swift /Users/xinyufang/Library/Developer/Xcode/DerivedData/Buzz-faillbpsmponqzeruhhvskovixzk/Build/Intermediates.noindex/Stripe.build/Debug-iphonesimulator/StripeCore.build/DerivedSources/resource_bundle_accessor.swift /Users/xinyufang/Library/Developer/Xcode/DerivedData/Buzz-faillbpsmponqzeruhhvskovixzk/SourcePackages/checkouts/stripe-ios-spm/StripeCore/StripeCore/Source/API\ Bindings/Models/EmptyResponse.swift /Users/xinyufang/Library/Developer/Xcode/DerivedData/Buzz-faillbpsmponqzeruhhvskovixzk/SourcePackages/checkouts/stripe-ios-spm/StripeCore/StripeCore/Source/API\ Bindings/Models/StripeFile.swift /Users/xinyufang/Library/Developer/Xcode/DerivedData/Buzz-faillbpsmponqzeruhhvskovixzk/SourcePackages/checkouts/stripe-ios-spm/StripeCore/StripeCore/Source/API\ Bindings/STPAPIClient+FileUpload.swift /Users/xinyufang/Library/Developer/Xcode/DerivedData/Buzz-faillbpsmponqzeruhhvskovixzk/SourcePackages/checkouts/stripe-ios-spm/StripeCore/StripeCore/Source/API\ Bindings/STPAPIClient.swift /Users/xinyufang/Library/Developer/Xcode/DerivedData/Buzz-faillbpsmponqzeruhhvskovixzk/SourcePackages/checkouts/stripe-ios-spm/StripeCore/StripeCore/Source/API\ Bindings/STPAppInfo.swift /Users/xinyufang/Library/Developer/Xcode/DerivedData/Buzz-faillbpsmponqzeruhhvskovixzk/SourcePackages/checkouts/stripe-ios-spm/StripeCore/StripeCore/Source/API\ Bindings/STPClientAttributionMetadata.swift /Users/xinyufang/Library/Developer/Xcode/DerivedData/Buzz-faillbpsmponqzeruhhvskovixzk/SourcePackages/checkouts/stripe-ios-spm/StripeCore/StripeCore/Source/API\ Bindings/STPMultipartFormDataEncoder.swift /Users/xinyufang/Library/Developer/Xcode/DerivedData/Buzz-faillbpsmponqzeruhhvskovixzk/SourcePackages/checkouts/stripe-ios-spm/StripeCore/StripeCore/Source/API\ Bindings/STPMultipartFormDataPart.swift /Users/xinyufang/Library/Developer/Xcode/DerivedData/Buzz-faillbpsmponqzeruhhvskovixzk/SourcePackages/checkouts/stripe-ios-spm/StripeCore/StripeCore/Source/API\ Bindings/StripeAPI.swift /Users/xinyufang/Library/Developer/Xcode/DerivedData/Buzz-faillbpsmponqzeruhhvskovixzk/SourcePackages/checkouts/stripe-ios-spm/StripeCore/StripeCore/Source/API\ Bindings/StripeAPIConfiguration+Version.swift (in target 'StripeCore' from project 'Stripe')

SwiftCompile normal arm64 /Users/xinyufang/Library/Developer/Xcode/DerivedData/Buzz-faillbpsmponqzeruhhvskovixzk/Build/Intermediates.noindex/Stripe.build/Debug-iphonesimulator/StripeCore.build/DerivedSources/resource_bundle_accessor.swift (in target 'StripeCore' from project 'Stripe')
    cd /Users/xinyufang/Documents/Buzz/Buzz.xcodeproj
    

SwiftCompile normal arm64 /Users/xinyufang/Library/Developer/Xcode/DerivedData/Buzz-faillbpsmponqzeruhhvskovixzk/SourcePackages/checkouts/stripe-ios-spm/StripeCore/StripeCore/Source/API\ Bindings/Models/EmptyResponse.swift (in target 'StripeCore' from project 'Stripe')
    cd /Users/xinyufang/Documents/Buzz/Buzz.xcodeproj
    

SwiftCompile normal arm64 /Users/xinyufang/Library/Developer/Xcode/DerivedData/Buzz-faillbpsmponqzeruhhvskovixzk/SourcePackages/checkouts/stripe-ios-spm/StripeCore/StripeCore/Source/API\ Bindings/Models/StripeFile.swift (in target 'StripeCore' from project 'Stripe')
    cd /Users/xinyufang/Documents/Buzz/Buzz.xcodeproj
    

SwiftCompile normal arm64 /Users/xinyufang/Library/Developer/Xcode/DerivedData/Buzz-faillbpsmponqzeruhhvskovixzk/SourcePackages/checkouts/stripe-ios-spm/StripeCore/StripeCore/Source/API\ Bindings/STPAPIClient+FileUpload.swift (in target 'StripeCore' from project 'Stripe')
    cd /Users/xinyufang/Documents/Buzz/Buzz.xcodeproj
    

SwiftCompile normal arm64 /Users/xinyufang/Library/Developer/Xcode/DerivedData/Buzz-faillbpsmponqzeruhhvskovixzk/SourcePackages/checkouts/stripe-ios-spm/StripeCore/StripeCore/Source/API\ Bindings/STPAPIClient.swift (in target 'StripeCore' from project 'Stripe')
    cd /Users/xinyufang/Documents/Buzz/Buzz.xcodeproj
    

SwiftCompile normal arm64 /Users/xinyufang/Library/Developer/Xcode/DerivedData/Buzz-faillbpsmponqzeruhhvskovixzk/SourcePackages/checkouts/stripe-ios-spm/StripeCore/StripeCore/Source/API\ Bindings/STPAppInfo.swift (in target 'StripeCore' from project 'Stripe')
    cd /Users/xinyufang/Documents/Buzz/Buzz.xcodeproj
    

SwiftCompile normal arm64 /Users/xinyufang/Library/Developer/Xcode/DerivedData/Buzz-faillbpsmponqzeruhhvskovixzk/SourcePackages/checkouts/stripe-ios-spm/StripeCore/StripeCore/Source/API\ Bindings/STPClientAttributionMetadata.swift (in target 'StripeCore' from project 'Stripe')
    cd /Users/xinyufang/Documents/Buzz/Buzz.xcodeproj
    

SwiftCompile normal arm64 /Users/xinyufang/Library/Developer/Xcode/DerivedData/Buzz-faillbpsmponqzeruhhvskovixzk/SourcePackages/checkouts/stripe-ios-spm/StripeCore/StripeCore/Source/API\ Bindings/STPMultipartFormDataEncoder.swift (in target 'StripeCore' from project 'Stripe')
    cd /Users/xinyufang/Documents/Buzz/Buzz.xcodeproj
    

SwiftCompile normal arm64 /Users/xinyufang/Library/Developer/Xcode/DerivedData/Buzz-faillbpsmponqzeruhhvskovixzk/SourcePackages/checkouts/stripe-ios-spm/StripeCore/StripeCore/Source/API\ Bindings/STPMultipartFormDataPart.swift (in target 'StripeCore' from project 'Stripe')
    cd /Users/xinyufang/Documents/Buzz/Buzz.xcodeproj
    

SwiftCompile normal arm64 /Users/xinyufang/Library/Developer/Xcode/DerivedData/Buzz-faillbpsmponqzeruhhvskovixzk/SourcePackages/checkouts/stripe-ios-spm/StripeCore/StripeCore/Source/API\ Bindings/StripeAPI.swift (in target 'StripeCore' from project 'Stripe')
    cd /Users/xinyufang/Documents/Buzz/Buzz.xcodeproj
    

SwiftCompile normal arm64 /Users/xinyufang/Library/Developer/Xcode/DerivedData/Buzz-faillbpsmponqzeruhhvskovixzk/SourcePackages/checkouts/stripe-ios-spm/StripeCore/StripeCore/Source/API\ Bindings/StripeAPIConfiguration+Version.swift (in target 'StripeCore' from project 'Stripe')
    cd /Users/xinyufang/Documents/Buzz/Buzz.xcodeproj
    

SwiftDriverJobDiscovery normal arm64 Compiling NSArray+Stripe.swift, NSBundle+Stripe_AppName.swift, NSCharacterSet+StripeCore.swift, NSError+Stripe.swift, NSError+StripeCore.swift, NSMutableURLRequest+Stripe.swift, NSURLComponents+Stripe.swift, String+StripeCore.swift, UIImage+StripeCore.swift, StripeCodable.swift, StripeJSONDecoder.swift (in target 'StripeCore' from project 'Stripe')

SwiftCompile normal arm64 Compiling\ URLEncoder.swift,\ URLSession+Retry.swift,\ STPLocalizationUtils.swift,\ STPLocalizedString.swift,\ String+Localized.swift,\ FraudDetectionData.swift,\ STPTelemetryClient.swift,\ UserDefaults+PaymentsCore.swift,\ UIActivityIndicatorView+Stripe.swift,\ UIFont+Stripe.swift /Users/xinyufang/Library/Developer/Xcode/DerivedData/Buzz-faillbpsmponqzeruhhvskovixzk/SourcePackages/checkouts/stripe-ios-spm/StripeCore/StripeCore/Source/Helpers/URLEncoder.swift /Users/xinyufang/Library/Developer/Xcode/DerivedData/Buzz-faillbpsmponqzeruhhvskovixzk/SourcePackages/checkouts/stripe-ios-spm/StripeCore/StripeCore/Source/Helpers/URLSession+Retry.swift /Users/xinyufang/Library/Developer/Xcode/DerivedData/Buzz-faillbpsmponqzeruhhvskovixzk/SourcePackages/checkouts/stripe-ios-spm/StripeCore/StripeCore/Source/Localization/STPLocalizationUtils.swift /Users/xinyufang/Library/Developer/Xcode/DerivedData/Buzz-faillbpsmponqzeruhhvskovixzk/SourcePackages/checkouts/stripe-ios-spm/StripeCore/StripeCore/Source/Localization/STPLocalizedString.swift /Users/xinyufang/Library/Developer/Xcode/DerivedData/Buzz-faillbpsmponqzeruhhvskovixzk/SourcePackages/checkouts/stripe-ios-spm/StripeCore/StripeCore/Source/Localization/String+Localized.swift /Users/xinyufang/Library/Developer/Xcode/DerivedData/Buzz-faillbpsmponqzeruhhvskovixzk/SourcePackages/checkouts/stripe-ios-spm/StripeCore/StripeCore/Source/Telemetry/FraudDetectionData.swift /Users/xinyufang/Library/Developer/Xcode/DerivedData/Buzz-faillbpsmponqzeruhhvskovixzk/SourcePackages/checkouts/stripe-ios-spm/StripeCore/StripeCore/Source/Telemetry/STPTelemetryClient.swift /Users/xinyufang/Library/Developer/Xcode/DerivedData/Buzz-faillbpsmponqzeruhhvskovixzk/SourcePackages/checkouts/stripe-ios-spm/StripeCore/StripeCore/Source/Telemetry/UserDefaults+PaymentsCore.swift /Users/xinyufang/Library/Developer/Xcode/DerivedData/Buzz-faillbpsmponqzeruhhvskovixzk/SourcePackages/checkouts/stripe-ios-spm/StripeCore/StripeCore/Source/UI/UIActivityIndicatorView+Stripe.swift /Users/xinyufang/Library/Developer/Xcode/DerivedData/Buzz-faillbpsmponqzeruhhvskovixzk/SourcePackages/checkouts/stripe-ios-spm/StripeCore/StripeCore/Source/UI/UIFont+Stripe.swift (in target 'StripeCore' from project 'Stripe')

SwiftCompile normal arm64 /Users/xinyufang/Library/Developer/Xcode/DerivedData/Buzz-faillbpsmponqzeruhhvskovixzk/SourcePackages/checkouts/stripe-ios-spm/StripeCore/StripeCore/Source/Helpers/URLEncoder.swift (in target 'StripeCore' from project 'Stripe')
    cd /Users/xinyufang/Documents/Buzz/Buzz.xcodeproj
    

SwiftCompile normal arm64 /Users/xinyufang/Library/Developer/Xcode/DerivedData/Buzz-faillbpsmponqzeruhhvskovixzk/SourcePackages/checkouts/stripe-ios-spm/StripeCore/StripeCore/Source/Helpers/URLSession+Retry.swift (in target 'StripeCore' from project 'Stripe')
    cd /Users/xinyufang/Documents/Buzz/Buzz.xcodeproj
    

SwiftCompile normal arm64 /Users/xinyufang/Library/Developer/Xcode/DerivedData/Buzz-faillbpsmponqzeruhhvskovixzk/SourcePackages/checkouts/stripe-ios-spm/StripeCore/StripeCore/Source/Localization/STPLocalizationUtils.swift (in target 'StripeCore' from project 'Stripe')
    cd /Users/xinyufang/Documents/Buzz/Buzz.xcodeproj
    

SwiftCompile normal arm64 /Users/xinyufang/Library/Developer/Xcode/DerivedData/Buzz-faillbpsmponqzeruhhvskovixzk/SourcePackages/checkouts/stripe-ios-spm/StripeCore/StripeCore/Source/Localization/STPLocalizedString.swift (in target 'StripeCore' from project 'Stripe')
    cd /Users/xinyufang/Documents/Buzz/Buzz.xcodeproj
    

SwiftCompile normal arm64 /Users/xinyufang/Library/Developer/Xcode/DerivedData/Buzz-faillbpsmponqzeruhhvskovixzk/SourcePackages/checkouts/stripe-ios-spm/StripeCore/StripeCore/Source/Localization/String+Localized.swift (in target 'StripeCore' from project 'Stripe')
    cd /Users/xinyufang/Documents/Buzz/Buzz.xcodeproj
    

SwiftCompile normal arm64 /Users/xinyufang/Library/Developer/Xcode/DerivedData/Buzz-faillbpsmponqzeruhhvskovixzk/SourcePackages/checkouts/stripe-ios-spm/StripeCore/StripeCore/Source/Telemetry/FraudDetectionData.swift (in target 'StripeCore' from project 'Stripe')
    cd /Users/xinyufang/Documents/Buzz/Buzz.xcodeproj
    

SwiftCompile normal arm64 /Users/xinyufang/Library/Developer/Xcode/DerivedData/Buzz-faillbpsmponqzeruhhvskovixzk/SourcePackages/checkouts/stripe-ios-spm/StripeCore/StripeCore/Source/Telemetry/STPTelemetryClient.swift (in target 'StripeCore' from project 'Stripe')
    cd /Users/xinyufang/Documents/Buzz/Buzz.xcodeproj
    

SwiftCompile normal arm64 /Users/xinyufang/Library/Developer/Xcode/DerivedData/Buzz-faillbpsmponqzeruhhvskovixzk/SourcePackages/checkouts/stripe-ios-spm/StripeCore/StripeCore/Source/Telemetry/UserDefaults+PaymentsCore.swift (in target 'StripeCore' from project 'Stripe')
    cd /Users/xinyufang/Documents/Buzz/Buzz.xcodeproj
    

SwiftCompile normal arm64 /Users/xinyufang/Library/Developer/Xcode/DerivedData/Buzz-faillbpsmponqzeruhhvskovixzk/SourcePackages/checkouts/stripe-ios-spm/StripeCore/StripeCore/Source/UI/UIActivityIndicatorView+Stripe.swift (in target 'StripeCore' from project 'Stripe')
    cd /Users/xinyufang/Documents/Buzz/Buzz.xcodeproj
    

SwiftCompile normal arm64 /Users/xinyufang/Library/Developer/Xcode/DerivedData/Buzz-faillbpsmponqzeruhhvskovixzk/SourcePackages/checkouts/stripe-ios-spm/StripeCore/StripeCore/Source/UI/UIFont+Stripe.swift (in target 'StripeCore' from project 'Stripe')
    cd /Users/xinyufang/Documents/Buzz/Buzz.xcodeproj
    

SwiftDriverJobDiscovery normal arm64 Compiling PaymentsSDKVariant.swift, Result+Extensions.swift, STPAssert.swift, STPDeviceUtils.swift, STPDispatchFunctions.swift, STPError.swift, STPNumericStringValidator.swift, STPURLCallbackHandler.swift, ServerErrorMapper.swift, StripeCoreBundleLocator.swift (in target 'StripeCore' from project 'Stripe')

SwiftDriverJobDiscovery normal arm64 Compiling StripeJSONEncoder.swift, StripeJSONShared.swift, UnknownFields.swift, AvailableIncentives.swift, BillingAddress.swift, ElementsSessionContext.swift, FinancialConnectionsConsumer.swift, FinancialConnectionsEvent.swift, FinancialConnectionsLinkedBank.swift, FinancialConnectionsSDKInterface.swift, FinancialConnectionsSDKResult.swift (in target 'StripeCore' from project 'Stripe')

SwiftCompile normal arm64 Compiling\ FinancialConnectionsStyle.swift,\ HostedAuthUrlBuilder.swift,\ InstantDebitsLinkedBank.swift,\ LinkBankPaymentMethod.swift,\ LinkConsumerIncentive.swift,\ LinkMode.swift,\ PrefillDetails.swift,\ Async.swift,\ BundleLocatorProtocol.swift,\ InstallMethod.swift,\ KeyedEncodingContainer+Extensions.swift /Users/xinyufang/Library/Developer/Xcode/DerivedData/Buzz-faillbpsmponqzeruhhvskovixzk/SourcePackages/checkouts/stripe-ios-spm/StripeCore/StripeCore/Source/Connections\ Bindings/FinancialConnectionsStyle.swift /Users/xinyufang/Library/Developer/Xcode/DerivedData/Buzz-faillbpsmponqzeruhhvskovixzk/SourcePackages/checkouts/stripe-ios-spm/StripeCore/StripeCore/Source/Connections\ Bindings/HostedAuthUrlBuilder.swift /Users/xinyufang/Library/Developer/Xcode/DerivedData/Buzz-faillbpsmponqzeruhhvskovixzk/SourcePackages/checkouts/stripe-ios-spm/StripeCore/StripeCore/Source/Connections\ Bindings/InstantDebitsLinkedBank.swift /Users/xinyufang/Library/Developer/Xcode/DerivedData/Buzz-faillbpsmponqzeruhhvskovixzk/SourcePackages/checkouts/stripe-ios-spm/StripeCore/StripeCore/Source/Connections\ Bindings/LinkBankPaymentMethod.swift /Users/xinyufang/Library/Developer/Xcode/DerivedData/Buzz-faillbpsmponqzeruhhvskovixzk/SourcePackages/checkouts/stripe-ios-spm/StripeCore/StripeCore/Source/Connections\ Bindings/LinkConsumerIncentive.swift /Users/xinyufang/Library/Developer/Xcode/DerivedData/Buzz-faillbpsmponqzeruhhvskovixzk/SourcePackages/checkouts/stripe-ios-spm/StripeCore/StripeCore/Source/Connections\ Bindings/LinkMode.swift /Users/xinyufang/Library/Developer/Xcode/DerivedData/Buzz-faillbpsmponqzeruhhvskovixzk/SourcePackages/checkouts/stripe-ios-spm/StripeCore/StripeCore/Source/Connections\ Bindings/PrefillDetails.swift /Users/xinyufang/Library/Developer/Xcode/DerivedData/Buzz-faillbpsmponqzeruhhvskovixzk/SourcePackages/checkouts/stripe-ios-spm/StripeCore/StripeCore/Source/Helpers/Async.swift /Users/xinyufang/Library/Developer/Xcode/DerivedData/Buzz-faillbpsmponqzeruhhvskovixzk/SourcePackages/checkouts/stripe-ios-spm/StripeCore/StripeCore/Source/Helpers/BundleLocatorProtocol.swift /Users/xinyufang/Library/Developer/Xcode/DerivedData/Buzz-faillbpsmponqzeruhhvskovixzk/SourcePackages/checkouts/stripe-ios-spm/StripeCore/StripeCore/Source/Helpers/InstallMethod.swift /Users/xinyufang/Library/Developer/Xcode/DerivedData/Buzz-faillbpsmponqzeruhhvskovixzk/SourcePackages/checkouts/stripe-ios-spm/StripeCore/StripeCore/Source/Helpers/KeyedEncodingContainer+Extensions.swift (in target 'StripeCore' from project 'Stripe')

SwiftCompile normal arm64 /Users/xinyufang/Library/Developer/Xcode/DerivedData/Buzz-faillbpsmponqzeruhhvskovixzk/SourcePackages/checkouts/stripe-ios-spm/StripeCore/StripeCore/Source/Connections\ Bindings/FinancialConnectionsStyle.swift (in target 'StripeCore' from project 'Stripe')
    cd /Users/xinyufang/Documents/Buzz/Buzz.xcodeproj
    

SwiftCompile normal arm64 /Users/xinyufang/Library/Developer/Xcode/DerivedData/Buzz-faillbpsmponqzeruhhvskovixzk/SourcePackages/checkouts/stripe-ios-spm/StripeCore/StripeCore/Source/Connections\ Bindings/HostedAuthUrlBuilder.swift (in target 'StripeCore' from project 'Stripe')
    cd /Users/xinyufang/Documents/Buzz/Buzz.xcodeproj
    

SwiftCompile normal arm64 /Users/xinyufang/Library/Developer/Xcode/DerivedData/Buzz-faillbpsmponqzeruhhvskovixzk/SourcePackages/checkouts/stripe-ios-spm/StripeCore/StripeCore/Source/Connections\ Bindings/InstantDebitsLinkedBank.swift (in target 'StripeCore' from project 'Stripe')
    cd /Users/xinyufang/Documents/Buzz/Buzz.xcodeproj
    

SwiftCompile normal arm64 /Users/xinyufang/Library/Developer/Xcode/DerivedData/Buzz-faillbpsmponqzeruhhvskovixzk/SourcePackages/checkouts/stripe-ios-spm/StripeCore/StripeCore/Source/Connections\ Bindings/LinkBankPaymentMethod.swift (in target 'StripeCore' from project 'Stripe')
    cd /Users/xinyufang/Documents/Buzz/Buzz.xcodeproj
    

SwiftCompile normal arm64 /Users/xinyufang/Library/Developer/Xcode/DerivedData/Buzz-faillbpsmponqzeruhhvskovixzk/SourcePackages/checkouts/stripe-ios-spm/StripeCore/StripeCore/Source/Connections\ Bindings/LinkConsumerIncentive.swift (in target 'StripeCore' from project 'Stripe')
    cd /Users/xinyufang/Documents/Buzz/Buzz.xcodeproj
    

SwiftCompile normal arm64 /Users/xinyufang/Library/Developer/Xcode/DerivedData/Buzz-faillbpsmponqzeruhhvskovixzk/SourcePackages/checkouts/stripe-ios-spm/StripeCore/StripeCore/Source/Connections\ Bindings/LinkMode.swift (in target 'StripeCore' from project 'Stripe')
    cd /Users/xinyufang/Documents/Buzz/Buzz.xcodeproj
    

SwiftCompile normal arm64 /Users/xinyufang/Library/Developer/Xcode/DerivedData/Buzz-faillbpsmponqzeruhhvskovixzk/SourcePackages/checkouts/stripe-ios-spm/StripeCore/StripeCore/Source/Connections\ Bindings/PrefillDetails.swift (in target 'StripeCore' from project 'Stripe')
    cd /Users/xinyufang/Documents/Buzz/Buzz.xcodeproj
    

SwiftCompile normal arm64 /Users/xinyufang/Library/Developer/Xcode/DerivedData/Buzz-faillbpsmponqzeruhhvskovixzk/SourcePackages/checkouts/stripe-ios-spm/StripeCore/StripeCore/Source/Helpers/Async.swift (in target 'StripeCore' from project 'Stripe')
    cd /Users/xinyufang/Documents/Buzz/Buzz.xcodeproj
    

SwiftCompile normal arm64 /Users/xinyufang/Library/Developer/Xcode/DerivedData/Buzz-faillbpsmponqzeruhhvskovixzk/SourcePackages/checkouts/stripe-ios-spm/StripeCore/StripeCore/Source/Helpers/BundleLocatorProtocol.swift (in target 'StripeCore' from project 'Stripe')
    cd /Users/xinyufang/Documents/Buzz/Buzz.xcodeproj
    

SwiftCompile normal arm64 /Users/xinyufang/Library/Developer/Xcode/DerivedData/Buzz-faillbpsmponqzeruhhvskovixzk/SourcePackages/checkouts/stripe-ios-spm/StripeCore/StripeCore/Source/Helpers/InstallMethod.swift (in target 'StripeCore' from project 'Stripe')
    cd /Users/xinyufang/Documents/Buzz/Buzz.xcodeproj
    

SwiftCompile normal arm64 /Users/xinyufang/Library/Developer/Xcode/DerivedData/Buzz-faillbpsmponqzeruhhvskovixzk/SourcePackages/checkouts/stripe-ios-spm/StripeCore/StripeCore/Source/Helpers/KeyedEncodingContainer+Extensions.swift (in target 'StripeCore' from project 'Stripe')
    cd /Users/xinyufang/Documents/Buzz/Buzz.xcodeproj
    

SwiftDriverJobDiscovery normal arm64 Compiling URLEncoder.swift, URLSession+Retry.swift, STPLocalizationUtils.swift, STPLocalizedString.swift, String+Localized.swift, FraudDetectionData.swift, STPTelemetryClient.swift, UserDefaults+PaymentsCore.swift, UIActivityIndicatorView+Stripe.swift, UIFont+Stripe.swift (in target 'StripeCore' from project 'Stripe')

SwiftCompile normal arm64 Compiling\ PluginDetector.swift,\ STPAnalyticEvent.swift,\ STPAnalyticsClient+Error.swift,\ STPAnalyticsClient.swift,\ AppAttestService.swift,\ StripeAttest.swift,\ StripeAttestBackend.swift,\ Decimal+StripeCore.swift,\ Dictionary+Stripe.swift,\ Enums+CustomStringConvertible.swift,\ Locale+StripeCore.swift /Users/xinyufang/Library/Developer/Xcode/DerivedData/Buzz-faillbpsmponqzeruhhvskovixzk/SourcePackages/checkouts/stripe-ios-spm/StripeCore/StripeCore/Source/Analytics/PluginDetector.swift /Users/xinyufang/Library/Developer/Xcode/DerivedData/Buzz-faillbpsmponqzeruhhvskovixzk/SourcePackages/checkouts/stripe-ios-spm/StripeCore/StripeCore/Source/Analytics/STPAnalyticEvent.swift /Users/xinyufang/Library/Developer/Xcode/DerivedData/Buzz-faillbpsmponqzeruhhvskovixzk/SourcePackages/checkouts/stripe-ios-spm/StripeCore/StripeCore/Source/Analytics/STPAnalyticsClient+Error.swift /Users/xinyufang/Library/Developer/Xcode/DerivedData/Buzz-faillbpsmponqzeruhhvskovixzk/SourcePackages/checkouts/stripe-ios-spm/StripeCore/StripeCore/Source/Analytics/STPAnalyticsClient.swift /Users/xinyufang/Library/Developer/Xcode/DerivedData/Buzz-faillbpsmponqzeruhhvskovixzk/SourcePackages/checkouts/stripe-ios-spm/StripeCore/StripeCore/Source/Attestation/AppAttestService.swift /Users/xinyufang/Library/Developer/Xcode/DerivedData/Buzz-faillbpsmponqzeruhhvskovixzk/SourcePackages/checkouts/stripe-ios-spm/StripeCore/StripeCore/Source/Attestation/StripeAttest.swift /Users/xinyufang/Library/Developer/Xcode/DerivedData/Buzz-faillbpsmponqzeruhhvskovixzk/SourcePackages/checkouts/stripe-ios-spm/StripeCore/StripeCore/Source/Attestation/StripeAttestBackend.swift /Users/xinyufang/Library/Developer/Xcode/DerivedData/Buzz-faillbpsmponqzeruhhvskovixzk/SourcePackages/checkouts/stripe-ios-spm/StripeCore/StripeCore/Source/Categories/Decimal+StripeCore.swift /Users/xinyufang/Library/Developer/Xcode/DerivedData/Buzz-faillbpsmponqzeruhhvskovixzk/SourcePackages/checkouts/stripe-ios-spm/StripeCore/StripeCore/Source/Categories/Dictionary+Stripe.swift /Users/xinyufang/Library/Developer/Xcode/DerivedData/Buzz-faillbpsmponqzeruhhvskovixzk/SourcePackages/checkouts/stripe-ios-spm/StripeCore/StripeCore/Source/Categories/Enums+CustomStringConvertible.swift /Users/xinyufang/Library/Developer/Xcode/DerivedData/Buzz-faillbpsmponqzeruhhvskovixzk/SourcePackages/checkouts/stripe-ios-spm/StripeCore/StripeCore/Source/Categories/Locale+StripeCore.swift (in target 'StripeCore' from project 'Stripe')

SwiftCompile normal arm64 /Users/xinyufang/Library/Developer/Xcode/DerivedData/Buzz-faillbpsmponqzeruhhvskovixzk/SourcePackages/checkouts/stripe-ios-spm/StripeCore/StripeCore/Source/Analytics/PluginDetector.swift (in target 'StripeCore' from project 'Stripe')
    cd /Users/xinyufang/Documents/Buzz/Buzz.xcodeproj
    

SwiftCompile normal arm64 /Users/xinyufang/Library/Developer/Xcode/DerivedData/Buzz-faillbpsmponqzeruhhvskovixzk/SourcePackages/checkouts/stripe-ios-spm/StripeCore/StripeCore/Source/Analytics/STPAnalyticEvent.swift (in target 'StripeCore' from project 'Stripe')
    cd /Users/xinyufang/Documents/Buzz/Buzz.xcodeproj
    

SwiftCompile normal arm64 /Users/xinyufang/Library/Developer/Xcode/DerivedData/Buzz-faillbpsmponqzeruhhvskovixzk/SourcePackages/checkouts/stripe-ios-spm/StripeCore/StripeCore/Source/Analytics/STPAnalyticsClient+Error.swift (in target 'StripeCore' from project 'Stripe')
    cd /Users/xinyufang/Documents/Buzz/Buzz.xcodeproj
    

SwiftCompile normal arm64 /Users/xinyufang/Library/Developer/Xcode/DerivedData/Buzz-faillbpsmponqzeruhhvskovixzk/SourcePackages/checkouts/stripe-ios-spm/StripeCore/StripeCore/Source/Analytics/STPAnalyticsClient.swift (in target 'StripeCore' from project 'Stripe')
    cd /Users/xinyufang/Documents/Buzz/Buzz.xcodeproj
    

SwiftCompile normal arm64 /Users/xinyufang/Library/Developer/Xcode/DerivedData/Buzz-faillbpsmponqzeruhhvskovixzk/SourcePackages/checkouts/stripe-ios-spm/StripeCore/StripeCore/Source/Attestation/AppAttestService.swift (in target 'StripeCore' from project 'Stripe')
    cd /Users/xinyufang/Documents/Buzz/Buzz.xcodeproj
    

SwiftCompile normal arm64 /Users/xinyufang/Library/Developer/Xcode/DerivedData/Buzz-faillbpsmponqzeruhhvskovixzk/SourcePackages/checkouts/stripe-ios-spm/StripeCore/StripeCore/Source/Attestation/StripeAttest.swift (in target 'StripeCore' from project 'Stripe')
    cd /Users/xinyufang/Documents/Buzz/Buzz.xcodeproj
    

SwiftCompile normal arm64 /Users/xinyufang/Library/Developer/Xcode/DerivedData/Buzz-faillbpsmponqzeruhhvskovixzk/SourcePackages/checkouts/stripe-ios-spm/StripeCore/StripeCore/Source/Attestation/StripeAttestBackend.swift (in target 'StripeCore' from project 'Stripe')
    cd /Users/xinyufang/Documents/Buzz/Buzz.xcodeproj
    

SwiftCompile normal arm64 /Users/xinyufang/Library/Developer/Xcode/DerivedData/Buzz-faillbpsmponqzeruhhvskovixzk/SourcePackages/checkouts/stripe-ios-spm/StripeCore/StripeCore/Source/Categories/Decimal+StripeCore.swift (in target 'StripeCore' from project 'Stripe')
    cd /Users/xinyufang/Documents/Buzz/Buzz.xcodeproj
    

SwiftCompile normal arm64 /Users/xinyufang/Library/Developer/Xcode/DerivedData/Buzz-faillbpsmponqzeruhhvskovixzk/SourcePackages/checkouts/stripe-ios-spm/StripeCore/StripeCore/Source/Categories/Dictionary+Stripe.swift (in target 'StripeCore' from project 'Stripe')
    cd /Users/xinyufang/Documents/Buzz/Buzz.xcodeproj
    

SwiftCompile normal arm64 /Users/xinyufang/Library/Developer/Xcode/DerivedData/Buzz-faillbpsmponqzeruhhvskovixzk/SourcePackages/checkouts/stripe-ios-spm/StripeCore/StripeCore/Source/Categories/Enums+CustomStringConvertible.swift (in target 'StripeCore' from project 'Stripe')
    cd /Users/xinyufang/Documents/Buzz/Buzz.xcodeproj
    

SwiftCompile normal arm64 /Users/xinyufang/Library/Developer/Xcode/DerivedData/Buzz-faillbpsmponqzeruhhvskovixzk/SourcePackages/checkouts/stripe-ios-spm/StripeCore/StripeCore/Source/Categories/Locale+StripeCore.swift (in target 'StripeCore' from project 'Stripe')
    cd /Users/xinyufang/Documents/Buzz/Buzz.xcodeproj
    

SwiftCompile normal arm64 Compiling\ StripeAPIConfiguration.swift,\ StripeError.swift,\ StripeServiceError.swift,\ Analytic.swift,\ AnalyticLoggableError.swift,\ AnalyticLoggableErrorV2.swift,\ AnalyticsClientV2.swift,\ AnalyticsHelper.swift,\ Notification+Stripe.swift,\ STPAnalyticsEventTranslator.swift,\ NetworkDetector.swift /Users/xinyufang/Library/Developer/Xcode/DerivedData/Buzz-faillbpsmponqzeruhhvskovixzk/SourcePackages/checkouts/stripe-ios-spm/StripeCore/StripeCore/Source/API\ Bindings/StripeAPIConfiguration.swift /Users/xinyufang/Library/Developer/Xcode/DerivedData/Buzz-faillbpsmponqzeruhhvskovixzk/SourcePackages/checkouts/stripe-ios-spm/StripeCore/StripeCore/Source/API\ Bindings/StripeError.swift /Users/xinyufang/Library/Developer/Xcode/DerivedData/Buzz-faillbpsmponqzeruhhvskovixzk/SourcePackages/checkouts/stripe-ios-spm/StripeCore/StripeCore/Source/API\ Bindings/StripeServiceError.swift /Users/xinyufang/Library/Developer/Xcode/DerivedData/Buzz-faillbpsmponqzeruhhvskovixzk/SourcePackages/checkouts/stripe-ios-spm/StripeCore/StripeCore/Source/Analytics/Analytic.swift /Users/xinyufang/Library/Developer/Xcode/DerivedData/Buzz-faillbpsmponqzeruhhvskovixzk/SourcePackages/checkouts/stripe-ios-spm/StripeCore/StripeCore/Source/Analytics/AnalyticLoggableError.swift /Users/xinyufang/Library/Developer/Xcode/DerivedData/Buzz-faillbpsmponqzeruhhvskovixzk/SourcePackages/checkouts/stripe-ios-spm/StripeCore/StripeCore/Source/Analytics/AnalyticLoggableErrorV2.swift /Users/xinyufang/Library/Developer/Xcode/DerivedData/Buzz-faillbpsmponqzeruhhvskovixzk/SourcePackages/checkouts/stripe-ios-spm/StripeCore/StripeCore/Source/Analytics/AnalyticsClientV2.swift /Users/xinyufang/Library/Developer/Xcode/DerivedData/Buzz-faillbpsmponqzeruhhvskovixzk/SourcePackages/checkouts/stripe-ios-spm/StripeCore/StripeCore/Source/Analytics/AnalyticsHelper.swift /Users/xinyufang/Library/Developer/Xcode/DerivedData/Buzz-faillbpsmponqzeruhhvskovixzk/SourcePackages/checkouts/stripe-ios-spm/StripeCore/StripeCore/Source/Analytics/Eventing/Notification+Stripe.swift /Users/xinyufang/Library/Developer/Xcode/DerivedData/Buzz-faillbpsmponqzeruhhvskovixzk/SourcePackages/checkouts/stripe-ios-spm/StripeCore/StripeCore/Source/Analytics/Eventing/STPAnalyticsEventTranslator.swift /Users/xinyufang/Library/Developer/Xcode/DerivedData/Buzz-faillbpsmponqzeruhhvskovixzk/SourcePackages/checkouts/stripe-ios-spm/StripeCore/StripeCore/Source/Analytics/NetworkDetector.swift (in target 'StripeCore' from project 'Stripe')

SwiftCompile normal arm64 /Users/xinyufang/Library/Developer/Xcode/DerivedData/Buzz-faillbpsmponqzeruhhvskovixzk/SourcePackages/checkouts/stripe-ios-spm/StripeCore/StripeCore/Source/API\ Bindings/StripeAPIConfiguration.swift (in target 'StripeCore' from project 'Stripe')
    cd /Users/xinyufang/Documents/Buzz/Buzz.xcodeproj
    

SwiftCompile normal arm64 /Users/xinyufang/Library/Developer/Xcode/DerivedData/Buzz-faillbpsmponqzeruhhvskovixzk/SourcePackages/checkouts/stripe-ios-spm/StripeCore/StripeCore/Source/API\ Bindings/StripeError.swift (in target 'StripeCore' from project 'Stripe')
    cd /Users/xinyufang/Documents/Buzz/Buzz.xcodeproj
    

SwiftCompile normal arm64 /Users/xinyufang/Library/Developer/Xcode/DerivedData/Buzz-faillbpsmponqzeruhhvskovixzk/SourcePackages/checkouts/stripe-ios-spm/StripeCore/StripeCore/Source/API\ Bindings/StripeServiceError.swift (in target 'StripeCore' from project 'Stripe')
    cd /Users/xinyufang/Documents/Buzz/Buzz.xcodeproj
    

SwiftCompile normal arm64 /Users/xinyufang/Library/Developer/Xcode/DerivedData/Buzz-faillbpsmponqzeruhhvskovixzk/SourcePackages/checkouts/stripe-ios-spm/StripeCore/StripeCore/Source/Analytics/Analytic.swift (in target 'StripeCore' from project 'Stripe')
    cd /Users/xinyufang/Documents/Buzz/Buzz.xcodeproj
    

SwiftCompile normal arm64 /Users/xinyufang/Library/Developer/Xcode/DerivedData/Buzz-faillbpsmponqzeruhhvskovixzk/SourcePackages/checkouts/stripe-ios-spm/StripeCore/StripeCore/Source/Analytics/AnalyticLoggableError.swift (in target 'StripeCore' from project 'Stripe')
    cd /Users/xinyufang/Documents/Buzz/Buzz.xcodeproj
    

SwiftCompile normal arm64 /Users/xinyufang/Library/Developer/Xcode/DerivedData/Buzz-faillbpsmponqzeruhhvskovixzk/SourcePackages/checkouts/stripe-ios-spm/StripeCore/StripeCore/Source/Analytics/AnalyticLoggableErrorV2.swift (in target 'StripeCore' from project 'Stripe')
    cd /Users/xinyufang/Documents/Buzz/Buzz.xcodeproj
    

SwiftCompile normal arm64 /Users/xinyufang/Library/Developer/Xcode/DerivedData/Buzz-faillbpsmponqzeruhhvskovixzk/SourcePackages/checkouts/stripe-ios-spm/StripeCore/StripeCore/Source/Analytics/AnalyticsClientV2.swift (in target 'StripeCore' from project 'Stripe')
    cd /Users/xinyufang/Documents/Buzz/Buzz.xcodeproj
    

SwiftCompile normal arm64 /Users/xinyufang/Library/Developer/Xcode/DerivedData/Buzz-faillbpsmponqzeruhhvskovixzk/SourcePackages/checkouts/stripe-ios-spm/StripeCore/StripeCore/Source/Analytics/AnalyticsHelper.swift (in target 'StripeCore' from project 'Stripe')
    cd /Users/xinyufang/Documents/Buzz/Buzz.xcodeproj
    

SwiftCompile normal arm64 /Users/xinyufang/Library/Developer/Xcode/DerivedData/Buzz-faillbpsmponqzeruhhvskovixzk/SourcePackages/checkouts/stripe-ios-spm/StripeCore/StripeCore/Source/Analytics/Eventing/Notification+Stripe.swift (in target 'StripeCore' from project 'Stripe')
    cd /Users/xinyufang/Documents/Buzz/Buzz.xcodeproj
    

SwiftCompile normal arm64 /Users/xinyufang/Library/Developer/Xcode/DerivedData/Buzz-faillbpsmponqzeruhhvskovixzk/SourcePackages/checkouts/stripe-ios-spm/StripeCore/StripeCore/Source/Analytics/Eventing/STPAnalyticsEventTranslator.swift (in target 'StripeCore' from project 'Stripe')
    cd /Users/xinyufang/Documents/Buzz/Buzz.xcodeproj
    

SwiftCompile normal arm64 /Users/xinyufang/Library/Developer/Xcode/DerivedData/Buzz-faillbpsmponqzeruhhvskovixzk/SourcePackages/checkouts/stripe-ios-spm/StripeCore/StripeCore/Source/Analytics/NetworkDetector.swift (in target 'StripeCore' from project 'Stripe')
    cd /Users/xinyufang/Documents/Buzz/Buzz.xcodeproj
    

SwiftDriverJobDiscovery normal arm64 Compiling resource_bundle_accessor.swift, EmptyResponse.swift, StripeFile.swift, STPAPIClient+FileUpload.swift, STPAPIClient.swift, STPAppInfo.swift, STPClientAttributionMetadata.swift, STPMultipartFormDataEncoder.swift, STPMultipartFormDataPart.swift, StripeAPI.swift, StripeAPIConfiguration+Version.swift (in target 'StripeCore' from project 'Stripe')

SwiftDriverJobDiscovery normal arm64 Compiling FinancialConnectionsStyle.swift, HostedAuthUrlBuilder.swift, InstantDebitsLinkedBank.swift, LinkBankPaymentMethod.swift, LinkConsumerIncentive.swift, LinkMode.swift, PrefillDetails.swift, Async.swift, BundleLocatorProtocol.swift, InstallMethod.swift, KeyedEncodingContainer+Extensions.swift (in target 'StripeCore' from project 'Stripe')

ScanDependencies /Users/xinyufang/Library/Developer/Xcode/DerivedData/Buzz-faillbpsmponqzeruhhvskovixzk/Build/Intermediates.noindex/Stripe.build/Debug-iphonesimulator/Stripe3DS2.build/Objects-normal/arm64/resource_bundle_accessor.o /Users/xinyufang/Library/Developer/Xcode/DerivedData/Buzz-faillbpsmponqzeruhhvskovixzk/Build/Intermediates.noindex/Stripe.build/Debug-iphonesimulator/Stripe3DS2.build/DerivedSources/resource_bundle_accessor.m normal arm64 objective-c com.apple.compilers.llvm.clang.1_0.compiler (in target 'Stripe3DS2' from project 'Stripe')
    cd /Users/xinyufang/Documents/Buzz/Buzz.xcodeproj
    
    Using response file: /Users/xinyufang/Library/Developer/Xcode/DerivedData/Buzz-faillbpsmponqzeruhhvskovixzk/Build/Intermediates.noindex/Stripe.build/Debug-iphonesimulator/Stripe3DS2.build/Objects-normal/arm64/e6072d4f65d7061329687fe24e3d63a7-common-args.resp
    
    builtin-ScanDependencies -o /Users/xinyufang/Library/Developer/Xcode/DerivedData/Buzz-faillbpsmponqzeruhhvskovixzk/Build/Intermediates.noindex/Stripe.build/Debug-iphonesimulator/Stripe3DS2.build/Objects-normal/arm64/resource_bundle_accessor.o.scan -- /Applications/Xcode.app/Contents/Developer/Toolchains/XcodeDefault.xctoolchain/usr/bin/clang -x objective-c -ivfsstatcache /Users/xinyufang/Library/Developer/Xcode/DerivedData/SDKStatCaches.noindex/iphonesimulator26.0-23A339-26257891a6c027eb51374368541b8346.sdkstatcache -fmessage-length\=0 -fdiagnostics-show-note-include-stack -fmacro-backtrace-limit\=0 -fno-color-diagnostics -fmodules-prune-interval\=86400 -fmodules-prune-after\=345600 -fbuild-session-file\=/Users/xinyufang/Library/Developer/Xcode/DerivedData/ModuleCache.noindex/Session.modulevalidation -fmodules-validate-once-per-build-session -Wnon-modular-include-in-framework-module -Werror\=non-modular-include-in-framework-module -Wno-trigraphs -Wno-missing-field-initializers -Wno-missing-prototypes -Wno-return-type -Wno-implicit-atomic-properties -Wno-objc-interface-ivars -Wno-arc-repeated-use-of-weak -Wno-missing-braces -Wparentheses -Wswitch -Wno-unused-function -Wno-unused-label -Wno-unused-parameter -Wno-unused-variable -Wunused-value -Wno-empty-body -Wno-uninitialized -Wno-unknown-pragmas -w -Wno-shadow -Wno-four-char-constants -Wno-conversion -Wno-constant-conversion -Wno-int-conversion -Wno-bool-conversion -Wno-enum-conversion -Wno-float-conversion -Wno-non-literal-null-conversion -Wno-objc-literal-conversion -Wshorten-64-to-32 -Wpointer-sign -Wno-newline-eof -Wno-selector -Wno-strict-selector-match -Wno-undeclared-selector -Wno-deprecated-implementations -Wno-implicit-fallthrough -fstrict-aliasing -Wprotocol -Wdeprecated-declarations -Wno-sign-conversion -Wno-infinite-recursion -Wno-comma -Wno-block-capture-autoreleasing -Wno-strict-prototypes -Wno-semicolon-before-method-body -index-store-path /Users/xinyufang/Library/Developer/Xcode/DerivedData/Buzz-faillbpsmponqzeruhhvskovixzk/Index.noindex/DataStore @/Users/xinyufang/Library/Developer/Xcode/DerivedData/Buzz-faillbpsmponqzeruhhvskovixzk/Build/Intermediates.noindex/Stripe.build/Debug-iphonesimulator/Stripe3DS2.build/Objects-normal/arm64/e6072d4f65d7061329687fe24e3d63a7-common-args.resp -include /Users/xinyufang/Library/Developer/Xcode/DerivedData/Buzz-faillbpsmponqzeruhhvskovixzk/Build/Intermediates.noindex/Stripe.build/Debug-iphonesimulator/Stripe3DS2.build/DerivedSources/resource_bundle_accessor.h -MMD -MT dependencies -MF /Users/xinyufang/Library/Developer/Xcode/DerivedData/Buzz-faillbpsmponqzeruhhvskovixzk/Build/Intermediates.noindex/Stripe.build/Debug-iphonesimulator/Stripe3DS2.build/Objects-normal/arm64/resource_bundle_accessor.d --serialize-diagnostics /Users/xinyufang/Library/Developer/Xcode/DerivedData/Buzz-faillbpsmponqzeruhhvskovixzk/Build/Intermediates.noindex/Stripe.build/Debug-iphonesimulator/Stripe3DS2.build/Objects-normal/arm64/resource_bundle_accessor.dia -c /Users/xinyufang/Library/Developer/Xcode/DerivedData/Buzz-faillbpsmponqzeruhhvskovixzk/Build/Intermediates.noindex/Stripe.build/Debug-iphonesimulator/Stripe3DS2.build/DerivedSources/resource_bundle_accessor.m -o /Users/xinyufang/Library/Developer/Xcode/DerivedData/Buzz-faillbpsmponqzeruhhvskovixzk/Build/Intermediates.noindex/Stripe.build/Debug-iphonesimulator/Stripe3DS2.build/Objects-normal/arm64/resource_bundle_accessor.o -index-unit-output-path /Stripe.build/Debug-iphonesimulator/Stripe3DS2.build/Objects-normal/arm64/resource_bundle_accessor.o

ScanDependencies /Users/xinyufang/Library/Developer/Xcode/DerivedData/Buzz-faillbpsmponqzeruhhvskovixzk/Build/Intermediates.noindex/Stripe.build/Debug-iphonesimulator/Stripe3DS2.build/Objects-normal/arm64/UIViewController+Stripe3DS2.o /Users/xinyufang/Library/Developer/Xcode/DerivedData/Buzz-faillbpsmponqzeruhhvskovixzk/SourcePackages/checkouts/stripe-ios-spm/Stripe3DS2/Stripe3DS2/UIViewController+Stripe3DS2.m normal arm64 objective-c com.apple.compilers.llvm.clang.1_0.compiler (in target 'Stripe3DS2' from project 'Stripe')
    cd /Users/xinyufang/Documents/Buzz/Buzz.xcodeproj
    
    Using response file: /Users/xinyufang/Library/Developer/Xcode/DerivedData/Buzz-faillbpsmponqzeruhhvskovixzk/Build/Intermediates.noindex/Stripe.build/Debug-iphonesimulator/Stripe3DS2.build/Objects-normal/arm64/e6072d4f65d7061329687fe24e3d63a7-common-args.resp
    
    builtin-ScanDependencies -o /Users/xinyufang/Library/Developer/Xcode/DerivedData/Buzz-faillbpsmponqzeruhhvskovixzk/Build/Intermediates.noindex/Stripe.build/Debug-iphonesimulator/Stripe3DS2.build/Objects-normal/arm64/UIViewController+Stripe3DS2.o.scan -- /Applications/Xcode.app/Contents/Developer/Toolchains/XcodeDefault.xctoolchain/usr/bin/clang -x objective-c -ivfsstatcache /Users/xinyufang/Library/Developer/Xcode/DerivedData/SDKStatCaches.noindex/iphonesimulator26.0-23A339-26257891a6c027eb51374368541b8346.sdkstatcache -fmessage-length\=0 -fdiagnostics-show-note-include-stack -fmacro-backtrace-limit\=0 -fno-color-diagnostics -fmodules-prune-interval\=86400 -fmodules-prune-after\=345600 -fbuild-session-file\=/Users/xinyufang/Library/Developer/Xcode/DerivedData/ModuleCache.noindex/Session.modulevalidation -fmodules-validate-once-per-build-session -Wnon-modular-include-in-framework-module -Werror\=non-modular-include-in-framework-module -Wno-trigraphs -Wno-missing-field-initializers -Wno-missing-prototypes -Wno-return-type -Wno-implicit-atomic-properties -Wno-objc-interface-ivars -Wno-arc-repeated-use-of-weak -Wno-missing-braces -Wparentheses -Wswitch -Wno-unused-function -Wno-unused-label -Wno-unused-parameter -Wno-unused-variable -Wunused-value -Wno-empty-body -Wno-uninitialized -Wno-unknown-pragmas -w -Wno-shadow -Wno-four-char-constants -Wno-conversion -Wno-constant-conversion -Wno-int-conversion -Wno-bool-conversion -Wno-enum-conversion -Wno-float-conversion -Wno-non-literal-null-conversion -Wno-objc-literal-conversion -Wshorten-64-to-32 -Wpointer-sign -Wno-newline-eof -Wno-selector -Wno-strict-selector-match -Wno-undeclared-selector -Wno-deprecated-implementations -Wno-implicit-fallthrough -fstrict-aliasing -Wprotocol -Wdeprecated-declarations -Wno-sign-conversion -Wno-infinite-recursion -Wno-comma -Wno-block-capture-autoreleasing -Wno-strict-prototypes -Wno-semicolon-before-method-body -index-store-path /Users/xinyufang/Library/Developer/Xcode/DerivedData/Buzz-faillbpsmponqzeruhhvskovixzk/Index.noindex/DataStore @/Users/xinyufang/Library/Developer/Xcode/DerivedData/Buzz-faillbpsmponqzeruhhvskovixzk/Build/Intermediates.noindex/Stripe.build/Debug-iphonesimulator/Stripe3DS2.build/Objects-normal/arm64/e6072d4f65d7061329687fe24e3d63a7-common-args.resp -include /Users/xinyufang/Library/Developer/Xcode/DerivedData/Buzz-faillbpsmponqzeruhhvskovixzk/Build/Intermediates.noindex/Stripe.build/Debug-iphonesimulator/Stripe3DS2.build/DerivedSources/resource_bundle_accessor.h -MMD -MT dependencies -MF /Users/xinyufang/Library/Developer/Xcode/DerivedData/Buzz-faillbpsmponqzeruhhvskovixzk/Build/Intermediates.noindex/Stripe.build/Debug-iphonesimulator/Stripe3DS2.build/Objects-normal/arm64/UIViewController+Stripe3DS2.d --serialize-diagnostics /Users/xinyufang/Library/Developer/Xcode/DerivedData/Buzz-faillbpsmponqzeruhhvskovixzk/Build/Intermediates.noindex/Stripe.build/Debug-iphonesimulator/Stripe3DS2.build/Objects-normal/arm64/UIViewController+Stripe3DS2.dia -c /Users/xinyufang/Library/Developer/Xcode/DerivedData/Buzz-faillbpsmponqzeruhhvskovixzk/SourcePackages/checkouts/stripe-ios-spm/Stripe3DS2/Stripe3DS2/UIViewController+Stripe3DS2.m -o /Users/xinyufang/Library/Developer/Xcode/DerivedData/Buzz-faillbpsmponqzeruhhvskovixzk/Build/Intermediates.noindex/Stripe.build/Debug-iphonesimulator/Stripe3DS2.build/Objects-normal/arm64/UIViewController+Stripe3DS2.o -index-unit-output-path /Stripe.build/Debug-iphonesimulator/Stripe3DS2.build/Objects-normal/arm64/UIViewController+Stripe3DS2.o

PrecompileModule /Users/xinyufang/Library/Developer/Xcode/DerivedData/Buzz-faillbpsmponqzeruhhvskovixzk/Build/Intermediates.noindex/ExplicitPrecompiledModules/ptrauth-75I3S2DPMFSNJL31KINICY90G.scan
    cd /
    builtin-precompileModule /Users/xinyufang/Library/Developer/Xcode/DerivedData/Buzz-faillbpsmponqzeruhhvskovixzk/Build/Intermediates.noindex/ExplicitPrecompiledModules/ptrauth-75I3S2DPMFSNJL31KINICY90G.scan

PrecompileModule /Users/xinyufang/Library/Developer/Xcode/DerivedData/Buzz-faillbpsmponqzeruhhvskovixzk/Build/Intermediates.noindex/ExplicitPrecompiledModules/_Builtin_stdarg-LS9XU9PGYHHH4FL6GUQYHNVD.scan
    cd /
    builtin-precompileModule /Users/xinyufang/Library/Developer/Xcode/DerivedData/Buzz-faillbpsmponqzeruhhvskovixzk/Build/Intermediates.noindex/ExplicitPrecompiledModules/_Builtin_stdarg-LS9XU9PGYHHH4FL6GUQYHNVD.scan

PrecompileModule /Users/xinyufang/Library/Developer/Xcode/DerivedData/Buzz-faillbpsmponqzeruhhvskovixzk/Build/Intermediates.noindex/ExplicitPrecompiledModules/_AvailabilityInternal-6GE5ZQV1O2GY2Y76KTS7YHP3C.scan
    cd /
    builtin-precompileModule /Users/xinyufang/Library/Developer/Xcode/DerivedData/Buzz-faillbpsmponqzeruhhvskovixzk/Build/Intermediates.noindex/ExplicitPrecompiledModules/_AvailabilityInternal-6GE5ZQV1O2GY2Y76KTS7YHP3C.scan

PrecompileModule /Users/xinyufang/Library/Developer/Xcode/DerivedData/Buzz-faillbpsmponqzeruhhvskovixzk/Build/Intermediates.noindex/ExplicitPrecompiledModules/_Builtin_stdbool-A9DDQME328BP7JPO6DVPJDDYB.scan
    cd /
    builtin-precompileModule /Users/xinyufang/Library/Developer/Xcode/DerivedData/Buzz-faillbpsmponqzeruhhvskovixzk/Build/Intermediates.noindex/ExplicitPrecompiledModules/_Builtin_stdbool-A9DDQME328BP7JPO6DVPJDDYB.scan

PrecompileModule /Users/xinyufang/Library/Developer/Xcode/DerivedData/Buzz-faillbpsmponqzeruhhvskovixzk/Build/Intermediates.noindex/ExplicitPrecompiledModules/ptrcheck-30SCJYC3HSLSNFTAR52X1LWJ0.scan
    cd /
    builtin-precompileModule /Users/xinyufang/Library/Developer/Xcode/DerivedData/Buzz-faillbpsmponqzeruhhvskovixzk/Build/Intermediates.noindex/ExplicitPrecompiledModules/ptrcheck-30SCJYC3HSLSNFTAR52X1LWJ0.scan

PrecompileModule /Users/xinyufang/Library/Developer/Xcode/DerivedData/Buzz-faillbpsmponqzeruhhvskovixzk/Build/Intermediates.noindex/ExplicitPrecompiledModules/_Builtin_float-F27YOXEI305H3PTXKRNLWF3R9.scan
    cd /
    builtin-precompileModule /Users/xinyufang/Library/Developer/Xcode/DerivedData/Buzz-faillbpsmponqzeruhhvskovixzk/Build/Intermediates.noindex/ExplicitPrecompiledModules/_Builtin_float-F27YOXEI305H3PTXKRNLWF3R9.scan

PrecompileModule /Users/xinyufang/Library/Developer/Xcode/DerivedData/Buzz-faillbpsmponqzeruhhvskovixzk/Build/Intermediates.noindex/ExplicitPrecompiledModules/_DarwinFoundation1-S60QN5N7P5NKD9LA2VIYFV2U.scan
    cd /
    builtin-precompileModule /Users/xinyufang/Library/Developer/Xcode/DerivedData/Buzz-faillbpsmponqzeruhhvskovixzk/Build/Intermediates.noindex/ExplicitPrecompiledModules/_DarwinFoundation1-S60QN5N7P5NKD9LA2VIYFV2U.scan

PrecompileModule /Users/xinyufang/Library/Developer/Xcode/DerivedData/Buzz-faillbpsmponqzeruhhvskovixzk/Build/Intermediates.noindex/ExplicitPrecompiledModules/_Builtin_stddef-DSFO63Q6MEO3HGBS4GVFNHH0Q.scan
    cd /
    builtin-precompileModule /Users/xinyufang/Library/Developer/Xcode/DerivedData/Buzz-faillbpsmponqzeruhhvskovixzk/Build/Intermediates.noindex/ExplicitPrecompiledModules/_Builtin_stddef-DSFO63Q6MEO3HGBS4GVFNHH0Q.scan

PrecompileModule /Users/xinyufang/Library/Developer/Xcode/DerivedData/Buzz-faillbpsmponqzeruhhvskovixzk/Build/Intermediates.noindex/ExplicitPrecompiledModules/_Builtin_limits-BISQXZBAPP5UV551YWU8KATUV.scan
    cd /
    builtin-precompileModule /Users/xinyufang/Library/Developer/Xcode/DerivedData/Buzz-faillbpsmponqzeruhhvskovixzk/Build/Intermediates.noindex/ExplicitPrecompiledModules/_Builtin_limits-BISQXZBAPP5UV551YWU8KATUV.scan

PrecompileModule /Users/xinyufang/Library/Developer/Xcode/DerivedData/Buzz-faillbpsmponqzeruhhvskovixzk/Build/Intermediates.noindex/ExplicitPrecompiledModules/_DarwinFoundation2-E7C84R7VDH8QKZMPKRAKHZCUM.scan
    cd /
    builtin-precompileModule /Users/xinyufang/Library/Developer/Xcode/DerivedData/Buzz-faillbpsmponqzeruhhvskovixzk/Build/Intermediates.noindex/ExplicitPrecompiledModules/_DarwinFoundation2-E7C84R7VDH8QKZMPKRAKHZCUM.scan

ScanDependencies /Users/xinyufang/Library/Developer/Xcode/DerivedData/Buzz-faillbpsmponqzeruhhvskovixzk/Build/Intermediates.noindex/Stripe.build/Debug-iphonesimulator/Stripe3DS2.build/Objects-normal/arm64/UIView+LayoutSupport.o /Users/xinyufang/Library/Developer/Xcode/DerivedData/Buzz-faillbpsmponqzeruhhvskovixzk/SourcePackages/checkouts/stripe-ios-spm/Stripe3DS2/Stripe3DS2/UIView+LayoutSupport.m normal arm64 objective-c com.apple.compilers.llvm.clang.1_0.compiler (in target 'Stripe3DS2' from project 'Stripe')
    cd /Users/xinyufang/Documents/Buzz/Buzz.xcodeproj
    
    Using response file: /Users/xinyufang/Library/Developer/Xcode/DerivedData/Buzz-faillbpsmponqzeruhhvskovixzk/Build/Intermediates.noindex/Stripe.build/Debug-iphonesimulator/Stripe3DS2.build/Objects-normal/arm64/e6072d4f65d7061329687fe24e3d63a7-common-args.resp
    
    builtin-ScanDependencies -o /Users/xinyufang/Library/Developer/Xcode/DerivedData/Buzz-faillbpsmponqzeruhhvskovixzk/Build/Intermediates.noindex/Stripe.build/Debug-iphonesimulator/Stripe3DS2.build/Objects-normal/arm64/UIView+LayoutSupport.o.scan -- /Applications/Xcode.app/Contents/Developer/Toolchains/XcodeDefault.xctoolchain/usr/bin/clang -x objective-c -ivfsstatcache /Users/xinyufang/Library/Developer/Xcode/DerivedData/SDKStatCaches.noindex/iphonesimulator26.0-23A339-26257891a6c027eb51374368541b8346.sdkstatcache -fmessage-length\=0 -fdiagnostics-show-note-include-stack -fmacro-backtrace-limit\=0 -fno-color-diagnostics -fmodules-prune-interval\=86400 -fmodules-prune-after\=345600 -fbuild-session-file\=/Users/xinyufang/Library/Developer/Xcode/DerivedData/ModuleCache.noindex/Session.modulevalidation -fmodules-validate-once-per-build-session -Wnon-modular-include-in-framework-module -Werror\=non-modular-include-in-framework-module -Wno-trigraphs -Wno-missing-field-initializers -Wno-missing-prototypes -Wno-return-type -Wno-implicit-atomic-properties -Wno-objc-interface-ivars -Wno-arc-repeated-use-of-weak -Wno-missing-braces -Wparentheses -Wswitch -Wno-unused-function -Wno-unused-label -Wno-unused-parameter -Wno-unused-variable -Wunused-value -Wno-empty-body -Wno-uninitialized -Wno-unknown-pragmas -w -Wno-shadow -Wno-four-char-constants -Wno-conversion -Wno-constant-conversion -Wno-int-conversion -Wno-bool-conversion -Wno-enum-conversion -Wno-float-conversion -Wno-non-literal-null-conversion -Wno-objc-literal-conversion -Wshorten-64-to-32 -Wpointer-sign -Wno-newline-eof -Wno-selector -Wno-strict-selector-match -Wno-undeclared-selector -Wno-deprecated-implementations -Wno-implicit-fallthrough -fstrict-aliasing -Wprotocol -Wdeprecated-declarations -Wno-sign-conversion -Wno-infinite-recursion -Wno-comma -Wno-block-capture-autoreleasing -Wno-strict-prototypes -Wno-semicolon-before-method-body -index-store-path /Users/xinyufang/Library/Developer/Xcode/DerivedData/Buzz-faillbpsmponqzeruhhvskovixzk/Index.noindex/DataStore @/Users/xinyufang/Library/Developer/Xcode/DerivedData/Buzz-faillbpsmponqzeruhhvskovixzk/Build/Intermediates.noindex/Stripe.build/Debug-iphonesimulator/Stripe3DS2.build/Objects-normal/arm64/e6072d4f65d7061329687fe24e3d63a7-common-args.resp -include /Users/xinyufang/Library/Developer/Xcode/DerivedData/Buzz-faillbpsmponqzeruhhvskovixzk/Build/Intermediates.noindex/Stripe.build/Debug-iphonesimulator/Stripe3DS2.build/DerivedSources/resource_bundle_accessor.h -MMD -MT dependencies -MF /Users/xinyufang/Library/Developer/Xcode/DerivedData/Buzz-faillbpsmponqzeruhhvskovixzk/Build/Intermediates.noindex/Stripe.build/Debug-iphonesimulator/Stripe3DS2.build/Objects-normal/arm64/UIView+LayoutSupport.d --serialize-diagnostics /Users/xinyufang/Library/Developer/Xcode/DerivedData/Buzz-faillbpsmponqzeruhhvskovixzk/Build/Intermediates.noindex/Stripe.build/Debug-iphonesimulator/Stripe3DS2.build/Objects-normal/arm64/UIView+LayoutSupport.dia -c /Users/xinyufang/Library/Developer/Xcode/DerivedData/Buzz-faillbpsmponqzeruhhvskovixzk/SourcePackages/checkouts/stripe-ios-spm/Stripe3DS2/Stripe3DS2/UIView+LayoutSupport.m -o /Users/xinyufang/Library/Developer/Xcode/DerivedData/Buzz-faillbpsmponqzeruhhvskovixzk/Build/Intermediates.noindex/Stripe.build/Debug-iphonesimulator/Stripe3DS2.build/Objects-normal/arm64/UIView+LayoutSupport.o -index-unit-output-path /Stripe.build/Debug-iphonesimulator/Stripe3DS2.build/Objects-normal/arm64/UIView+LayoutSupport.o

PrecompileModule /Users/xinyufang/Library/Developer/Xcode/DerivedData/Buzz-faillbpsmponqzeruhhvskovixzk/Build/Intermediates.noindex/ExplicitPrecompiledModules/_Builtin_stdint-AN761HUW7VW16CAUD94C2N8T5.scan
    cd /
    builtin-precompileModule /Users/xinyufang/Library/Developer/Xcode/DerivedData/Buzz-faillbpsmponqzeruhhvskovixzk/Build/Intermediates.noindex/ExplicitPrecompiledModules/_Builtin_stdint-AN761HUW7VW16CAUD94C2N8T5.scan

ScanDependencies /Users/xinyufang/Library/Developer/Xcode/DerivedData/Buzz-faillbpsmponqzeruhhvskovixzk/Build/Intermediates.noindex/Stripe.build/Debug-iphonesimulator/Stripe3DS2.build/Objects-normal/arm64/UIFont+DefaultFonts.o /Users/xinyufang/Library/Developer/Xcode/DerivedData/Buzz-faillbpsmponqzeruhhvskovixzk/SourcePackages/checkouts/stripe-ios-spm/Stripe3DS2/Stripe3DS2/UIFont+DefaultFonts.m normal arm64 objective-c com.apple.compilers.llvm.clang.1_0.compiler (in target 'Stripe3DS2' from project 'Stripe')
    cd /Users/xinyufang/Documents/Buzz/Buzz.xcodeproj
    
    Using response file: /Users/xinyufang/Library/Developer/Xcode/DerivedData/Buzz-faillbpsmponqzeruhhvskovixzk/Build/Intermediates.noindex/Stripe.build/Debug-iphonesimulator/Stripe3DS2.build/Objects-normal/arm64/e6072d4f65d7061329687fe24e3d63a7-common-args.resp
    
    builtin-ScanDependencies -o /Users/xinyufang/Library/Developer/Xcode/DerivedData/Buzz-faillbpsmponqzeruhhvskovixzk/Build/Intermediates.noindex/Stripe.build/Debug-iphonesimulator/Stripe3DS2.build/Objects-normal/arm64/UIFont+DefaultFonts.o.scan -- /Applications/Xcode.app/Contents/Developer/Toolchains/XcodeDefault.xctoolchain/usr/bin/clang -x objective-c -ivfsstatcache /Users/xinyufang/Library/Developer/Xcode/DerivedData/SDKStatCaches.noindex/iphonesimulator26.0-23A339-26257891a6c027eb51374368541b8346.sdkstatcache -fmessage-length\=0 -fdiagnostics-show-note-include-stack -fmacro-backtrace-limit\=0 -fno-color-diagnostics -fmodules-prune-interval\=86400 -fmodules-prune-after\=345600 -fbuild-session-file\=/Users/xinyufang/Library/Developer/Xcode/DerivedData/ModuleCache.noindex/Session.modulevalidation -fmodules-validate-once-per-build-session -Wnon-modular-include-in-framework-module -Werror\=non-modular-include-in-framework-module -Wno-trigraphs -Wno-missing-field-initializers -Wno-missing-prototypes -Wno-return-type -Wno-implicit-atomic-properties -Wno-objc-interface-ivars -Wno-arc-repeated-use-of-weak -Wno-missing-braces -Wparentheses -Wswitch -Wno-unused-function -Wno-unused-label -Wno-unused-parameter -Wno-unused-variable -Wunused-value -Wno-empty-body -Wno-uninitialized -Wno-unknown-pragmas -w -Wno-shadow -Wno-four-char-constants -Wno-conversion -Wno-constant-conversion -Wno-int-conversion -Wno-bool-conversion -Wno-enum-conversion -Wno-float-conversion -Wno-non-literal-null-conversion -Wno-objc-literal-conversion -Wshorten-64-to-32 -Wpointer-sign -Wno-newline-eof -Wno-selector -Wno-strict-selector-match -Wno-undeclared-selector -Wno-deprecated-implementations -Wno-implicit-fallthrough -fstrict-aliasing -Wprotocol -Wdeprecated-declarations -Wno-sign-conversion -Wno-infinite-recursion -Wno-comma -Wno-block-capture-autoreleasing -Wno-strict-prototypes -Wno-semicolon-before-method-body -index-store-path /Users/xinyufang/Library/Developer/Xcode/DerivedData/Buzz-faillbpsmponqzeruhhvskovixzk/Index.noindex/DataStore @/Users/xinyufang/Library/Developer/Xcode/DerivedData/Buzz-faillbpsmponqzeruhhvskovixzk/Build/Intermediates.noindex/Stripe.build/Debug-iphonesimulator/Stripe3DS2.build/Objects-normal/arm64/e6072d4f65d7061329687fe24e3d63a7-common-args.resp -include /Users/xinyufang/Library/Developer/Xcode/DerivedData/Buzz-faillbpsmponqzeruhhvskovixzk/Build/Intermediates.noindex/Stripe.build/Debug-iphonesimulator/Stripe3DS2.build/DerivedSources/resource_bundle_accessor.h -MMD -MT dependencies -MF /Users/xinyufang/Library/Developer/Xcode/DerivedData/Buzz-faillbpsmponqzeruhhvskovixzk/Build/Intermediates.noindex/Stripe.build/Debug-iphonesimulator/Stripe3DS2.build/Objects-normal/arm64/UIFont+DefaultFonts.d --serialize-diagnostics /Users/xinyufang/Library/Developer/Xcode/DerivedData/Buzz-faillbpsmponqzeruhhvskovixzk/Build/Intermediates.noindex/Stripe.build/Debug-iphonesimulator/Stripe3DS2.build/Objects-normal/arm64/UIFont+DefaultFonts.dia -c /Users/xinyufang/Library/Developer/Xcode/DerivedData/Buzz-faillbpsmponqzeruhhvskovixzk/SourcePackages/checkouts/stripe-ios-spm/Stripe3DS2/Stripe3DS2/UIFont+DefaultFonts.m -o /Users/xinyufang/Library/Developer/Xcode/DerivedData/Buzz-faillbpsmponqzeruhhvskovixzk/Build/Intermediates.noindex/Stripe.build/Debug-iphonesimulator/Stripe3DS2.build/Objects-normal/arm64/UIFont+DefaultFonts.o -index-unit-output-path /Stripe.build/Debug-iphonesimulator/Stripe3DS2.build/Objects-normal/arm64/UIFont+DefaultFonts.o

PrecompileModule /Users/xinyufang/Library/Developer/Xcode/DerivedData/Buzz-faillbpsmponqzeruhhvskovixzk/Build/Intermediates.noindex/ExplicitPrecompiledModules/_DarwinFoundation3-AC0L51IK661EVTGK8RAZZQTZM.scan
    cd /
    builtin-precompileModule /Users/xinyufang/Library/Developer/Xcode/DerivedData/Buzz-faillbpsmponqzeruhhvskovixzk/Build/Intermediates.noindex/ExplicitPrecompiledModules/_DarwinFoundation3-AC0L51IK661EVTGK8RAZZQTZM.scan

ScanDependencies /Users/xinyufang/Library/Developer/Xcode/DerivedData/Buzz-faillbpsmponqzeruhhvskovixzk/Build/Intermediates.noindex/Stripe.build/Debug-iphonesimulator/Stripe3DS2.build/Objects-normal/arm64/UIColor+ThirteenSupport.o /Users/xinyufang/Library/Developer/Xcode/DerivedData/Buzz-faillbpsmponqzeruhhvskovixzk/SourcePackages/checkouts/stripe-ios-spm/Stripe3DS2/Stripe3DS2/UIColor+ThirteenSupport.m normal arm64 objective-c com.apple.compilers.llvm.clang.1_0.compiler (in target 'Stripe3DS2' from project 'Stripe')
    cd /Users/xinyufang/Documents/Buzz/Buzz.xcodeproj
    
    Using response file: /Users/xinyufang/Library/Developer/Xcode/DerivedData/Buzz-faillbpsmponqzeruhhvskovixzk/Build/Intermediates.noindex/Stripe.build/Debug-iphonesimulator/Stripe3DS2.build/Objects-normal/arm64/e6072d4f65d7061329687fe24e3d63a7-common-args.resp
    
    builtin-ScanDependencies -o /Users/xinyufang/Library/Developer/Xcode/DerivedData/Buzz-faillbpsmponqzeruhhvskovixzk/Build/Intermediates.noindex/Stripe.build/Debug-iphonesimulator/Stripe3DS2.build/Objects-normal/arm64/UIColor+ThirteenSupport.o.scan -- /Applications/Xcode.app/Contents/Developer/Toolchains/XcodeDefault.xctoolchain/usr/bin/clang -x objective-c -ivfsstatcache /Users/xinyufang/Library/Developer/Xcode/DerivedData/SDKStatCaches.noindex/iphonesimulator26.0-23A339-26257891a6c027eb51374368541b8346.sdkstatcache -fmessage-length\=0 -fdiagnostics-show-note-include-stack -fmacro-backtrace-limit\=0 -fno-color-diagnostics -fmodules-prune-interval\=86400 -fmodules-prune-after\=345600 -fbuild-session-file\=/Users/xinyufang/Library/Developer/Xcode/DerivedData/ModuleCache.noindex/Session.modulevalidation -fmodules-validate-once-per-build-session -Wnon-modular-include-in-framework-module -Werror\=non-modular-include-in-framework-module -Wno-trigraphs -Wno-missing-field-initializers -Wno-missing-prototypes -Wno-return-type -Wno-implicit-atomic-properties -Wno-objc-interface-ivars -Wno-arc-repeated-use-of-weak -Wno-missing-braces -Wparentheses -Wswitch -Wno-unused-function -Wno-unused-label -Wno-unused-parameter -Wno-unused-variable -Wunused-value -Wno-empty-body -Wno-uninitialized -Wno-unknown-pragmas -w -Wno-shadow -Wno-four-char-constants -Wno-conversion -Wno-constant-conversion -Wno-int-conversion -Wno-bool-conversion -Wno-enum-conversion -Wno-float-conversion -Wno-non-literal-null-conversion -Wno-objc-literal-conversion -Wshorten-64-to-32 -Wpointer-sign -Wno-newline-eof -Wno-selector -Wno-strict-selector-match -Wno-undeclared-selector -Wno-deprecated-implementations -Wno-implicit-fallthrough -fstrict-aliasing -Wprotocol -Wdeprecated-declarations -Wno-sign-conversion -Wno-infinite-recursion -Wno-comma -Wno-block-capture-autoreleasing -Wno-strict-prototypes -Wno-semicolon-before-method-body -index-store-path /Users/xinyufang/Library/Developer/Xcode/DerivedData/Buzz-faillbpsmponqzeruhhvskovixzk/Index.noindex/DataStore @/Users/xinyufang/Library/Developer/Xcode/DerivedData/Buzz-faillbpsmponqzeruhhvskovixzk/Build/Intermediates.noindex/Stripe.build/Debug-iphonesimulator/Stripe3DS2.build/Objects-normal/arm64/e6072d4f65d7061329687fe24e3d63a7-common-args.resp -include /Users/xinyufang/Library/Developer/Xcode/DerivedData/Buzz-faillbpsmponqzeruhhvskovixzk/Build/Intermediates.noindex/Stripe.build/Debug-iphonesimulator/Stripe3DS2.build/DerivedSources/resource_bundle_accessor.h -MMD -MT dependencies -MF /Users/xinyufang/Library/Developer/Xcode/DerivedData/Buzz-faillbpsmponqzeruhhvskovixzk/Build/Intermediates.noindex/Stripe.build/Debug-iphonesimulator/Stripe3DS2.build/Objects-normal/arm64/UIColor+ThirteenSupport.d --serialize-diagnostics /Users/xinyufang/Library/Developer/Xcode/DerivedData/Buzz-faillbpsmponqzeruhhvskovixzk/Build/Intermediates.noindex/Stripe.build/Debug-iphonesimulator/Stripe3DS2.build/Objects-normal/arm64/UIColor+ThirteenSupport.dia -c /Users/xinyufang/Library/Developer/Xcode/DerivedData/Buzz-faillbpsmponqzeruhhvskovixzk/SourcePackages/checkouts/stripe-ios-spm/Stripe3DS2/Stripe3DS2/UIColor+ThirteenSupport.m -o /Users/xinyufang/Library/Developer/Xcode/DerivedData/Buzz-faillbpsmponqzeruhhvskovixzk/Build/Intermediates.noindex/Stripe.build/Debug-iphonesimulator/Stripe3DS2.build/Objects-normal/arm64/UIColor+ThirteenSupport.o -index-unit-output-path /Stripe.build/Debug-iphonesimulator/Stripe3DS2.build/Objects-normal/arm64/UIColor+ThirteenSupport.o

LinkAssetCatalog /Users/xinyufang/Library/Developer/Xcode/DerivedData/Buzz-faillbpsmponqzeruhhvskovixzk/SourcePackages/checkouts/stripe-ios-spm/Stripe/StripeiOS/Resources/StripeiOS.xcassets (in target 'Stripe_Stripe' from project 'Stripe')
    cd /Users/xinyufang/Library/Developer/Xcode/DerivedData/Buzz-faillbpsmponqzeruhhvskovixzk/SourcePackages/checkouts/stripe-ios-spm
    builtin-linkAssetCatalog --thinned /Users/xinyufang/Library/Developer/Xcode/DerivedData/Buzz-faillbpsmponqzeruhhvskovixzk/Build/Intermediates.noindex/Stripe.build/Debug-iphonesimulator/Stripe_Stripe.build/assetcatalog_output/thinned --thinned-dependencies /Users/xinyufang/Library/Developer/Xcode/DerivedData/Buzz-faillbpsmponqzeruhhvskovixzk/Build/Intermediates.noindex/Stripe.build/Debug-iphonesimulator/Stripe_Stripe.build/assetcatalog_dependencies_thinned --thinned-info-plist-content /Users/xinyufang/Library/Developer/Xcode/DerivedData/Buzz-faillbpsmponqzeruhhvskovixzk/Build/Intermediates.noindex/Stripe.build/Debug-iphonesimulator/Stripe_Stripe.build/assetcatalog_generated_info.plist_thinned --unthinned /Users/xinyufang/Library/Developer/Xcode/DerivedData/Buzz-faillbpsmponqzeruhhvskovixzk/Build/Intermediates.noindex/Stripe.build/Debug-iphonesimulator/Stripe_Stripe.build/assetcatalog_output/unthinned --unthinned-dependencies /Users/xinyufang/Library/Developer/Xcode/DerivedData/Buzz-faillbpsmponqzeruhhvskovixzk/Build/Intermediates.noindex/Stripe.build/Debug-iphonesimulator/Stripe_Stripe.build/assetcatalog_dependencies_unthinned --unthinned-info-plist-content /Users/xinyufang/Library/Developer/Xcode/DerivedData/Buzz-faillbpsmponqzeruhhvskovixzk/Build/Intermediates.noindex/Stripe.build/Debug-iphonesimulator/Stripe_Stripe.build/assetcatalog_generated_info.plist_unthinned --output /Users/xinyufang/Library/Developer/Xcode/DerivedData/Buzz-faillbpsmponqzeruhhvskovixzk/Build/Products/Debug-iphonesimulator/Stripe_Stripe.bundle --plist-output /Users/xinyufang/Library/Developer/Xcode/DerivedData/Buzz-faillbpsmponqzeruhhvskovixzk/Build/Intermediates.noindex/Stripe.build/Debug-iphonesimulator/Stripe_Stripe.build/assetcatalog_generated_info.plist
note: Emplaced /Users/xinyufang/Library/Developer/Xcode/DerivedData/Buzz-faillbpsmponqzeruhhvskovixzk/Build/Products/Debug-iphonesimulator/Stripe_Stripe.bundle/Assets.car (in target 'Stripe_Stripe' from project 'Stripe')

SwiftDriverJobDiscovery normal arm64 Compiling StripeAPIConfiguration.swift, StripeError.swift, StripeServiceError.swift, Analytic.swift, AnalyticLoggableError.swift, AnalyticLoggableErrorV2.swift, AnalyticsClientV2.swift, AnalyticsHelper.swift, Notification+Stripe.swift, STPAnalyticsEventTranslator.swift, NetworkDetector.swift (in target 'StripeCore' from project 'Stripe')

ScanDependencies /Users/xinyufang/Library/Developer/Xcode/DerivedData/Buzz-faillbpsmponqzeruhhvskovixzk/Build/Intermediates.noindex/Stripe.build/Debug-iphonesimulator/Stripe3DS2.build/Objects-normal/arm64/UIColor+DefaultColors.o /Users/xinyufang/Library/Developer/Xcode/DerivedData/Buzz-faillbpsmponqzeruhhvskovixzk/SourcePackages/checkouts/stripe-ios-spm/Stripe3DS2/Stripe3DS2/UIColor+DefaultColors.m normal arm64 objective-c com.apple.compilers.llvm.clang.1_0.compiler (in target 'Stripe3DS2' from project 'Stripe')
    cd /Users/xinyufang/Documents/Buzz/Buzz.xcodeproj
    
    Using response file: /Users/xinyufang/Library/Developer/Xcode/DerivedData/Buzz-faillbpsmponqzeruhhvskovixzk/Build/Intermediates.noindex/Stripe.build/Debug-iphonesimulator/Stripe3DS2.build/Objects-normal/arm64/e6072d4f65d7061329687fe24e3d63a7-common-args.resp
    
    builtin-ScanDependencies -o /Users/xinyufang/Library/Developer/Xcode/DerivedData/Buzz-faillbpsmponqzeruhhvskovixzk/Build/Intermediates.noindex/Stripe.build/Debug-iphonesimulator/Stripe3DS2.build/Objects-normal/arm64/UIColor+DefaultColors.o.scan -- /Applications/Xcode.app/Contents/Developer/Toolchains/XcodeDefault.xctoolchain/usr/bin/clang -x objective-c -ivfsstatcache /Users/xinyufang/Library/Developer/Xcode/DerivedData/SDKStatCaches.noindex/iphonesimulator26.0-23A339-26257891a6c027eb51374368541b8346.sdkstatcache -fmessage-length\=0 -fdiagnostics-show-note-include-stack -fmacro-backtrace-limit\=0 -fno-color-diagnostics -fmodules-prune-interval\=86400 -fmodules-prune-after\=345600 -fbuild-session-file\=/Users/xinyufang/Library/Developer/Xcode/DerivedData/ModuleCache.noindex/Session.modulevalidation -fmodules-validate-once-per-build-session -Wnon-modular-include-in-framework-module -Werror\=non-modular-include-in-framework-module -Wno-trigraphs -Wno-missing-field-initializers -Wno-missing-prototypes -Wno-return-type -Wno-implicit-atomic-properties -Wno-objc-interface-ivars -Wno-arc-repeated-use-of-weak -Wno-missing-braces -Wparentheses -Wswitch -Wno-unused-function -Wno-unused-label -Wno-unused-parameter -Wno-unused-variable -Wunused-value -Wno-empty-body -Wno-uninitialized -Wno-unknown-pragmas -w -Wno-shadow -Wno-four-char-constants -Wno-conversion -Wno-constant-conversion -Wno-int-conversion -Wno-bool-conversion -Wno-enum-conversion -Wno-float-conversion -Wno-non-literal-null-conversion -Wno-objc-literal-conversion -Wshorten-64-to-32 -Wpointer-sign -Wno-newline-eof -Wno-selector -Wno-strict-selector-match -Wno-undeclared-selector -Wno-deprecated-implementations -Wno-implicit-fallthrough -fstrict-aliasing -Wprotocol -Wdeprecated-declarations -Wno-sign-conversion -Wno-infinite-recursion -Wno-comma -Wno-block-capture-autoreleasing -Wno-strict-prototypes -Wno-semicolon-before-method-body -index-store-path /Users/xinyufang/Library/Developer/Xcode/DerivedData/Buzz-faillbpsmponqzeruhhvskovixzk/Index.noindex/DataStore @/Users/xinyufang/Library/Developer/Xcode/DerivedData/Buzz-faillbpsmponqzeruhhvskovixzk/Build/Intermediates.noindex/Stripe.build/Debug-iphonesimulator/Stripe3DS2.build/Objects-normal/arm64/e6072d4f65d7061329687fe24e3d63a7-common-args.resp -include /Users/xinyufang/Library/Developer/Xcode/DerivedData/Buzz-faillbpsmponqzeruhhvskovixzk/Build/Intermediates.noindex/Stripe.build/Debug-iphonesimulator/Stripe3DS2.build/DerivedSources/resource_bundle_accessor.h -MMD -MT dependencies -MF /Users/xinyufang/Library/Developer/Xcode/DerivedData/Buzz-faillbpsmponqzeruhhvskovixzk/Build/Intermediates.noindex/Stripe.build/Debug-iphonesimulator/Stripe3DS2.build/Objects-normal/arm64/UIColor+DefaultColors.d --serialize-diagnostics /Users/xinyufang/Library/Developer/Xcode/DerivedData/Buzz-faillbpsmponqzeruhhvskovixzk/Build/Intermediates.noindex/Stripe.build/Debug-iphonesimulator/Stripe3DS2.build/Objects-normal/arm64/UIColor+DefaultColors.dia -c /Users/xinyufang/Library/Developer/Xcode/DerivedData/Buzz-faillbpsmponqzeruhhvskovixzk/SourcePackages/checkouts/stripe-ios-spm/Stripe3DS2/Stripe3DS2/UIColor+DefaultColors.m -o /Users/xinyufang/Library/Developer/Xcode/DerivedData/Buzz-faillbpsmponqzeruhhvskovixzk/Build/Intermediates.noindex/Stripe.build/Debug-iphonesimulator/Stripe3DS2.build/Objects-normal/arm64/UIColor+DefaultColors.o -index-unit-output-path /Stripe.build/Debug-iphonesimulator/Stripe3DS2.build/Objects-normal/arm64/UIColor+DefaultColors.o

ScanDependencies /Users/xinyufang/Library/Developer/Xcode/DerivedData/Buzz-faillbpsmponqzeruhhvskovixzk/Build/Intermediates.noindex/Stripe.build/Debug-iphonesimulator/Stripe3DS2.build/Objects-normal/arm64/UIButton+CustomInitialization.o /Users/xinyufang/Library/Developer/Xcode/DerivedData/Buzz-faillbpsmponqzeruhhvskovixzk/SourcePackages/checkouts/stripe-ios-spm/Stripe3DS2/Stripe3DS2/UIButton+CustomInitialization.m normal arm64 objective-c com.apple.compilers.llvm.clang.1_0.compiler (in target 'Stripe3DS2' from project 'Stripe')
    cd /Users/xinyufang/Documents/Buzz/Buzz.xcodeproj
    
    Using response file: /Users/xinyufang/Library/Developer/Xcode/DerivedData/Buzz-faillbpsmponqzeruhhvskovixzk/Build/Intermediates.noindex/Stripe.build/Debug-iphonesimulator/Stripe3DS2.build/Objects-normal/arm64/e6072d4f65d7061329687fe24e3d63a7-common-args.resp
    
    builtin-ScanDependencies -o /Users/xinyufang/Library/Developer/Xcode/DerivedData/Buzz-faillbpsmponqzeruhhvskovixzk/Build/Intermediates.noindex/Stripe.build/Debug-iphonesimulator/Stripe3DS2.build/Objects-normal/arm64/UIButton+CustomInitialization.o.scan -- /Applications/Xcode.app/Contents/Developer/Toolchains/XcodeDefault.xctoolchain/usr/bin/clang -x objective-c -ivfsstatcache /Users/xinyufang/Library/Developer/Xcode/DerivedData/SDKStatCaches.noindex/iphonesimulator26.0-23A339-26257891a6c027eb51374368541b8346.sdkstatcache -fmessage-length\=0 -fdiagnostics-show-note-include-stack -fmacro-backtrace-limit\=0 -fno-color-diagnostics -fmodules-prune-interval\=86400 -fmodules-prune-after\=345600 -fbuild-session-file\=/Users/xinyufang/Library/Developer/Xcode/DerivedData/ModuleCache.noindex/Session.modulevalidation -fmodules-validate-once-per-build-session -Wnon-modular-include-in-framework-module -Werror\=non-modular-include-in-framework-module -Wno-trigraphs -Wno-missing-field-initializers -Wno-missing-prototypes -Wno-return-type -Wno-implicit-atomic-properties -Wno-objc-interface-ivars -Wno-arc-repeated-use-of-weak -Wno-missing-braces -Wparentheses -Wswitch -Wno-unused-function -Wno-unused-label -Wno-unused-parameter -Wno-unused-variable -Wunused-value -Wno-empty-body -Wno-uninitialized -Wno-unknown-pragmas -w -Wno-shadow -Wno-four-char-constants -Wno-conversion -Wno-constant-conversion -Wno-int-conversion -Wno-bool-conversion -Wno-enum-conversion -Wno-float-conversion -Wno-non-literal-null-conversion -Wno-objc-literal-conversion -Wshorten-64-to-32 -Wpointer-sign -Wno-newline-eof -Wno-selector -Wno-strict-selector-match -Wno-undeclared-selector -Wno-deprecated-implementations -Wno-implicit-fallthrough -fstrict-aliasing -Wprotocol -Wdeprecated-declarations -Wno-sign-conversion -Wno-infinite-recursion -Wno-comma -Wno-block-capture-autoreleasing -Wno-strict-prototypes -Wno-semicolon-before-method-body -index-store-path /Users/xinyufang/Library/Developer/Xcode/DerivedData/Buzz-faillbpsmponqzeruhhvskovixzk/Index.noindex/DataStore @/Users/xinyufang/Library/Developer/Xcode/DerivedData/Buzz-faillbpsmponqzeruhhvskovixzk/Build/Intermediates.noindex/Stripe.build/Debug-iphonesimulator/Stripe3DS2.build/Objects-normal/arm64/e6072d4f65d7061329687fe24e3d63a7-common-args.resp -include /Users/xinyufang/Library/Developer/Xcode/DerivedData/Buzz-faillbpsmponqzeruhhvskovixzk/Build/Intermediates.noindex/Stripe.build/Debug-iphonesimulator/Stripe3DS2.build/DerivedSources/resource_bundle_accessor.h -MMD -MT dependencies -MF /Users/xinyufang/Library/Developer/Xcode/DerivedData/Buzz-faillbpsmponqzeruhhvskovixzk/Build/Intermediates.noindex/Stripe.build/Debug-iphonesimulator/Stripe3DS2.build/Objects-normal/arm64/UIButton+CustomInitialization.d --serialize-diagnostics /Users/xinyufang/Library/Developer/Xcode/DerivedData/Buzz-faillbpsmponqzeruhhvskovixzk/Build/Intermediates.noindex/Stripe.build/Debug-iphonesimulator/Stripe3DS2.build/Objects-normal/arm64/UIButton+CustomInitialization.dia -c /Users/xinyufang/Library/Developer/Xcode/DerivedData/Buzz-faillbpsmponqzeruhhvskovixzk/SourcePackages/checkouts/stripe-ios-spm/Stripe3DS2/Stripe3DS2/UIButton+CustomInitialization.m -o /Users/xinyufang/Library/Developer/Xcode/DerivedData/Buzz-faillbpsmponqzeruhhvskovixzk/Build/Intermediates.noindex/Stripe.build/Debug-iphonesimulator/Stripe3DS2.build/Objects-normal/arm64/UIButton+CustomInitialization.o -index-unit-output-path /Stripe.build/Debug-iphonesimulator/Stripe3DS2.build/Objects-normal/arm64/UIButton+CustomInitialization.o

ProcessInfoPlistFile /Users/xinyufang/Library/Developer/Xcode/DerivedData/Buzz-faillbpsmponqzeruhhvskovixzk/Build/Products/Debug-iphonesimulator/Stripe_Stripe.bundle/Info.plist /Users/xinyufang/Library/Developer/Xcode/DerivedData/Buzz-faillbpsmponqzeruhhvskovixzk/Build/Intermediates.noindex/Stripe.build/Debug-iphonesimulator/Stripe_Stripe.build/empty-Stripe_Stripe.plist (in target 'Stripe_Stripe' from project 'Stripe')
    cd /Users/xinyufang/Library/Developer/Xcode/DerivedData/Buzz-faillbpsmponqzeruhhvskovixzk/SourcePackages/checkouts/stripe-ios-spm
    builtin-infoPlistUtility /Users/xinyufang/Library/Developer/Xcode/DerivedData/Buzz-faillbpsmponqzeruhhvskovixzk/Build/Intermediates.noindex/Stripe.build/Debug-iphonesimulator/Stripe_Stripe.build/empty-Stripe_Stripe.plist -producttype com.apple.product-type.bundle -expandbuildsettings -format binary -platform iphonesimulator -additionalcontentfile /Users/xinyufang/Library/Developer/Xcode/DerivedData/Buzz-faillbpsmponqzeruhhvskovixzk/Build/Intermediates.noindex/Stripe.build/Debug-iphonesimulator/Stripe_Stripe.build/assetcatalog_generated_info.plist -o /Users/xinyufang/Library/Developer/Xcode/DerivedData/Buzz-faillbpsmponqzeruhhvskovixzk/Build/Products/Debug-iphonesimulator/Stripe_Stripe.bundle/Info.plist

PrecompileModule /Users/xinyufang/Library/Developer/Xcode/DerivedData/Buzz-faillbpsmponqzeruhhvskovixzk/Build/Intermediates.noindex/ExplicitPrecompiledModules/_Builtin_inttypes-EENJZHZWAL6XH6RKRML6LZK21.scan
    cd /
    builtin-precompileModule /Users/xinyufang/Library/Developer/Xcode/DerivedData/Buzz-faillbpsmponqzeruhhvskovixzk/Build/Intermediates.noindex/ExplicitPrecompiledModules/_Builtin_inttypes-EENJZHZWAL6XH6RKRML6LZK21.scan

ScanDependencies /Users/xinyufang/Library/Developer/Xcode/DerivedData/Buzz-faillbpsmponqzeruhhvskovixzk/Build/Intermediates.noindex/Stripe.build/Debug-iphonesimulator/Stripe3DS2.build/Objects-normal/arm64/STDSWhitelistView.o /Users/xinyufang/Library/Developer/Xcode/DerivedData/Buzz-faillbpsmponqzeruhhvskovixzk/SourcePackages/checkouts/stripe-ios-spm/Stripe3DS2/Stripe3DS2/STDSWhitelistView.m normal arm64 objective-c com.apple.compilers.llvm.clang.1_0.compiler (in target 'Stripe3DS2' from project 'Stripe')
    cd /Users/xinyufang/Documents/Buzz/Buzz.xcodeproj
    
    Using response file: /Users/xinyufang/Library/Developer/Xcode/DerivedData/Buzz-faillbpsmponqzeruhhvskovixzk/Build/Intermediates.noindex/Stripe.build/Debug-iphonesimulator/Stripe3DS2.build/Objects-normal/arm64/e6072d4f65d7061329687fe24e3d63a7-common-args.resp
    
    builtin-ScanDependencies -o /Users/xinyufang/Library/Developer/Xcode/DerivedData/Buzz-faillbpsmponqzeruhhvskovixzk/Build/Intermediates.noindex/Stripe.build/Debug-iphonesimulator/Stripe3DS2.build/Objects-normal/arm64/STDSWhitelistView.o.scan -- /Applications/Xcode.app/Contents/Developer/Toolchains/XcodeDefault.xctoolchain/usr/bin/clang -x objective-c -ivfsstatcache /Users/xinyufang/Library/Developer/Xcode/DerivedData/SDKStatCaches.noindex/iphonesimulator26.0-23A339-26257891a6c027eb51374368541b8346.sdkstatcache -fmessage-length\=0 -fdiagnostics-show-note-include-stack -fmacro-backtrace-limit\=0 -fno-color-diagnostics -fmodules-prune-interval\=86400 -fmodules-prune-after\=345600 -fbuild-session-file\=/Users/xinyufang/Library/Developer/Xcode/DerivedData/ModuleCache.noindex/Session.modulevalidation -fmodules-validate-once-per-build-session -Wnon-modular-include-in-framework-module -Werror\=non-modular-include-in-framework-module -Wno-trigraphs -Wno-missing-field-initializers -Wno-missing-prototypes -Wno-return-type -Wno-implicit-atomic-properties -Wno-objc-interface-ivars -Wno-arc-repeated-use-of-weak -Wno-missing-braces -Wparentheses -Wswitch -Wno-unused-function -Wno-unused-label -Wno-unused-parameter -Wno-unused-variable -Wunused-value -Wno-empty-body -Wno-uninitialized -Wno-unknown-pragmas -w -Wno-shadow -Wno-four-char-constants -Wno-conversion -Wno-constant-conversion -Wno-int-conversion -Wno-bool-conversion -Wno-enum-conversion -Wno-float-conversion -Wno-non-literal-null-conversion -Wno-objc-literal-conversion -Wshorten-64-to-32 -Wpointer-sign -Wno-newline-eof -Wno-selector -Wno-strict-selector-match -Wno-undeclared-selector -Wno-deprecated-implementations -Wno-implicit-fallthrough -fstrict-aliasing -Wprotocol -Wdeprecated-declarations -Wno-sign-conversion -Wno-infinite-recursion -Wno-comma -Wno-block-capture-autoreleasing -Wno-strict-prototypes -Wno-semicolon-before-method-body -index-store-path /Users/xinyufang/Library/Developer/Xcode/DerivedData/Buzz-faillbpsmponqzeruhhvskovixzk/Index.noindex/DataStore @/Users/xinyufang/Library/Developer/Xcode/DerivedData/Buzz-faillbpsmponqzeruhhvskovixzk/Build/Intermediates.noindex/Stripe.build/Debug-iphonesimulator/Stripe3DS2.build/Objects-normal/arm64/e6072d4f65d7061329687fe24e3d63a7-common-args.resp -include /Users/xinyufang/Library/Developer/Xcode/DerivedData/Buzz-faillbpsmponqzeruhhvskovixzk/Build/Intermediates.noindex/Stripe.build/Debug-iphonesimulator/Stripe3DS2.build/DerivedSources/resource_bundle_accessor.h -MMD -MT dependencies -MF /Users/xinyufang/Library/Developer/Xcode/DerivedData/Buzz-faillbpsmponqzeruhhvskovixzk/Build/Intermediates.noindex/Stripe.build/Debug-iphonesimulator/Stripe3DS2.build/Objects-normal/arm64/STDSWhitelistView.d --serialize-diagnostics /Users/xinyufang/Library/Developer/Xcode/DerivedData/Buzz-faillbpsmponqzeruhhvskovixzk/Build/Intermediates.noindex/Stripe.build/Debug-iphonesimulator/Stripe3DS2.build/Objects-normal/arm64/STDSWhitelistView.dia -c /Users/xinyufang/Library/Developer/Xcode/DerivedData/Buzz-faillbpsmponqzeruhhvskovixzk/SourcePackages/checkouts/stripe-ios-spm/Stripe3DS2/Stripe3DS2/STDSWhitelistView.m -o /Users/xinyufang/Library/Developer/Xcode/DerivedData/Buzz-faillbpsmponqzeruhhvskovixzk/Build/Intermediates.noindex/Stripe.build/Debug-iphonesimulator/Stripe3DS2.build/Objects-normal/arm64/STDSWhitelistView.o -index-unit-output-path /Stripe.build/Debug-iphonesimulator/Stripe3DS2.build/Objects-normal/arm64/STDSWhitelistView.o

LinkAssetCatalog /Users/xinyufang/Library/Developer/Xcode/DerivedData/Buzz-faillbpsmponqzeruhhvskovixzk/SourcePackages/checkouts/stripe-ios-spm/StripeUICore/StripeUICore/Resources/StripeUICore.xcassets (in target 'Stripe_StripeUICore' from project 'Stripe')
    cd /Users/xinyufang/Library/Developer/Xcode/DerivedData/Buzz-faillbpsmponqzeruhhvskovixzk/SourcePackages/checkouts/stripe-ios-spm
    builtin-linkAssetCatalog --thinned /Users/xinyufang/Library/Developer/Xcode/DerivedData/Buzz-faillbpsmponqzeruhhvskovixzk/Build/Intermediates.noindex/Stripe.build/Debug-iphonesimulator/Stripe_StripeUICore.build/assetcatalog_output/thinned --thinned-dependencies /Users/xinyufang/Library/Developer/Xcode/DerivedData/Buzz-faillbpsmponqzeruhhvskovixzk/Build/Intermediates.noindex/Stripe.build/Debug-iphonesimulator/Stripe_StripeUICore.build/assetcatalog_dependencies_thinned --thinned-info-plist-content /Users/xinyufang/Library/Developer/Xcode/DerivedData/Buzz-faillbpsmponqzeruhhvskovixzk/Build/Intermediates.noindex/Stripe.build/Debug-iphonesimulator/Stripe_StripeUICore.build/assetcatalog_generated_info.plist_thinned --unthinned /Users/xinyufang/Library/Developer/Xcode/DerivedData/Buzz-faillbpsmponqzeruhhvskovixzk/Build/Intermediates.noindex/Stripe.build/Debug-iphonesimulator/Stripe_StripeUICore.build/assetcatalog_output/unthinned --unthinned-dependencies /Users/xinyufang/Library/Developer/Xcode/DerivedData/Buzz-faillbpsmponqzeruhhvskovixzk/Build/Intermediates.noindex/Stripe.build/Debug-iphonesimulator/Stripe_StripeUICore.build/assetcatalog_dependencies_unthinned --unthinned-info-plist-content /Users/xinyufang/Library/Developer/Xcode/DerivedData/Buzz-faillbpsmponqzeruhhvskovixzk/Build/Intermediates.noindex/Stripe.build/Debug-iphonesimulator/Stripe_StripeUICore.build/assetcatalog_generated_info.plist_unthinned --output /Users/xinyufang/Library/Developer/Xcode/DerivedData/Buzz-faillbpsmponqzeruhhvskovixzk/Build/Products/Debug-iphonesimulator/Stripe_StripeUICore.bundle --plist-output /Users/xinyufang/Library/Developer/Xcode/DerivedData/Buzz-faillbpsmponqzeruhhvskovixzk/Build/Intermediates.noindex/Stripe.build/Debug-iphonesimulator/Stripe_StripeUICore.build/assetcatalog_generated_info.plist
note: Emplaced /Users/xinyufang/Library/Developer/Xcode/DerivedData/Buzz-faillbpsmponqzeruhhvskovixzk/Build/Products/Debug-iphonesimulator/Stripe_StripeUICore.bundle/Assets.car (in target 'Stripe_StripeUICore' from project 'Stripe')

ScanDependencies /Users/xinyufang/Library/Developer/Xcode/DerivedData/Buzz-faillbpsmponqzeruhhvskovixzk/Build/Intermediates.noindex/Stripe.build/Debug-iphonesimulator/Stripe3DS2.build/Objects-normal/arm64/STDSWebView.o /Users/xinyufang/Library/Developer/Xcode/DerivedData/Buzz-faillbpsmponqzeruhhvskovixzk/SourcePackages/checkouts/stripe-ios-spm/Stripe3DS2/Stripe3DS2/STDSWebView.m normal arm64 objective-c com.apple.compilers.llvm.clang.1_0.compiler (in target 'Stripe3DS2' from project 'Stripe')
    cd /Users/xinyufang/Documents/Buzz/Buzz.xcodeproj
    
    Using response file: /Users/xinyufang/Library/Developer/Xcode/DerivedData/Buzz-faillbpsmponqzeruhhvskovixzk/Build/Intermediates.noindex/Stripe.build/Debug-iphonesimulator/Stripe3DS2.build/Objects-normal/arm64/e6072d4f65d7061329687fe24e3d63a7-common-args.resp
    
    builtin-ScanDependencies -o /Users/xinyufang/Library/Developer/Xcode/DerivedData/Buzz-faillbpsmponqzeruhhvskovixzk/Build/Intermediates.noindex/Stripe.build/Debug-iphonesimulator/Stripe3DS2.build/Objects-normal/arm64/STDSWebView.o.scan -- /Applications/Xcode.app/Contents/Developer/Toolchains/XcodeDefault.xctoolchain/usr/bin/clang -x objective-c -ivfsstatcache /Users/xinyufang/Library/Developer/Xcode/DerivedData/SDKStatCaches.noindex/iphonesimulator26.0-23A339-26257891a6c027eb51374368541b8346.sdkstatcache -fmessage-length\=0 -fdiagnostics-show-note-include-stack -fmacro-backtrace-limit\=0 -fno-color-diagnostics -fmodules-prune-interval\=86400 -fmodules-prune-after\=345600 -fbuild-session-file\=/Users/xinyufang/Library/Developer/Xcode/DerivedData/ModuleCache.noindex/Session.modulevalidation -fmodules-validate-once-per-build-session -Wnon-modular-include-in-framework-module -Werror\=non-modular-include-in-framework-module -Wno-trigraphs -Wno-missing-field-initializers -Wno-missing-prototypes -Wno-return-type -Wno-implicit-atomic-properties -Wno-objc-interface-ivars -Wno-arc-repeated-use-of-weak -Wno-missing-braces -Wparentheses -Wswitch -Wno-unused-function -Wno-unused-label -Wno-unused-parameter -Wno-unused-variable -Wunused-value -Wno-empty-body -Wno-uninitialized -Wno-unknown-pragmas -w -Wno-shadow -Wno-four-char-constants -Wno-conversion -Wno-constant-conversion -Wno-int-conversion -Wno-bool-conversion -Wno-enum-conversion -Wno-float-conversion -Wno-non-literal-null-conversion -Wno-objc-literal-conversion -Wshorten-64-to-32 -Wpointer-sign -Wno-newline-eof -Wno-selector -Wno-strict-selector-match -Wno-undeclared-selector -Wno-deprecated-implementations -Wno-implicit-fallthrough -fstrict-aliasing -Wprotocol -Wdeprecated-declarations -Wno-sign-conversion -Wno-infinite-recursion -Wno-comma -Wno-block-capture-autoreleasing -Wno-strict-prototypes -Wno-semicolon-before-method-body -index-store-path /Users/xinyufang/Library/Developer/Xcode/DerivedData/Buzz-faillbpsmponqzeruhhvskovixzk/Index.noindex/DataStore @/Users/xinyufang/Library/Developer/Xcode/DerivedData/Buzz-faillbpsmponqzeruhhvskovixzk/Build/Intermediates.noindex/Stripe.build/Debug-iphonesimulator/Stripe3DS2.build/Objects-normal/arm64/e6072d4f65d7061329687fe24e3d63a7-common-args.resp -include /Users/xinyufang/Library/Developer/Xcode/DerivedData/Buzz-faillbpsmponqzeruhhvskovixzk/Build/Intermediates.noindex/Stripe.build/Debug-iphonesimulator/Stripe3DS2.build/DerivedSources/resource_bundle_accessor.h -MMD -MT dependencies -MF /Users/xinyufang/Library/Developer/Xcode/DerivedData/Buzz-faillbpsmponqzeruhhvskovixzk/Build/Intermediates.noindex/Stripe.build/Debug-iphonesimulator/Stripe3DS2.build/Objects-normal/arm64/STDSWebView.d --serialize-diagnostics /Users/xinyufang/Library/Developer/Xcode/DerivedData/Buzz-faillbpsmponqzeruhhvskovixzk/Build/Intermediates.noindex/Stripe.build/Debug-iphonesimulator/Stripe3DS2.build/Objects-normal/arm64/STDSWebView.dia -c /Users/xinyufang/Library/Developer/Xcode/DerivedData/Buzz-faillbpsmponqzeruhhvskovixzk/SourcePackages/checkouts/stripe-ios-spm/Stripe3DS2/Stripe3DS2/STDSWebView.m -o /Users/xinyufang/Library/Developer/Xcode/DerivedData/Buzz-faillbpsmponqzeruhhvskovixzk/Build/Intermediates.noindex/Stripe.build/Debug-iphonesimulator/Stripe3DS2.build/Objects-normal/arm64/STDSWebView.o -index-unit-output-path /Stripe.build/Debug-iphonesimulator/Stripe3DS2.build/Objects-normal/arm64/STDSWebView.o

ScanDependencies /Users/xinyufang/Library/Developer/Xcode/DerivedData/Buzz-faillbpsmponqzeruhhvskovixzk/Build/Intermediates.noindex/Stripe.build/Debug-iphonesimulator/Stripe3DS2.build/Objects-normal/arm64/STDSWarning.o /Users/xinyufang/Library/Developer/Xcode/DerivedData/Buzz-faillbpsmponqzeruhhvskovixzk/SourcePackages/checkouts/stripe-ios-spm/Stripe3DS2/Stripe3DS2/include/STDSWarning.m normal arm64 objective-c com.apple.compilers.llvm.clang.1_0.compiler (in target 'Stripe3DS2' from project 'Stripe')
    cd /Users/xinyufang/Documents/Buzz/Buzz.xcodeproj
    
    Using response file: /Users/xinyufang/Library/Developer/Xcode/DerivedData/Buzz-faillbpsmponqzeruhhvskovixzk/Build/Intermediates.noindex/Stripe.build/Debug-iphonesimulator/Stripe3DS2.build/Objects-normal/arm64/e6072d4f65d7061329687fe24e3d63a7-common-args.resp
    
    builtin-ScanDependencies -o /Users/xinyufang/Library/Developer/Xcode/DerivedData/Buzz-faillbpsmponqzeruhhvskovixzk/Build/Intermediates.noindex/Stripe.build/Debug-iphonesimulator/Stripe3DS2.build/Objects-normal/arm64/STDSWarning.o.scan -- /Applications/Xcode.app/Contents/Developer/Toolchains/XcodeDefault.xctoolchain/usr/bin/clang -x objective-c -ivfsstatcache /Users/xinyufang/Library/Developer/Xcode/DerivedData/SDKStatCaches.noindex/iphonesimulator26.0-23A339-26257891a6c027eb51374368541b8346.sdkstatcache -fmessage-length\=0 -fdiagnostics-show-note-include-stack -fmacro-backtrace-limit\=0 -fno-color-diagnostics -fmodules-prune-interval\=86400 -fmodules-prune-after\=345600 -fbuild-session-file\=/Users/xinyufang/Library/Developer/Xcode/DerivedData/ModuleCache.noindex/Session.modulevalidation -fmodules-validate-once-per-build-session -Wnon-modular-include-in-framework-module -Werror\=non-modular-include-in-framework-module -Wno-trigraphs -Wno-missing-field-initializers -Wno-missing-prototypes -Wno-return-type -Wno-implicit-atomic-properties -Wno-objc-interface-ivars -Wno-arc-repeated-use-of-weak -Wno-missing-braces -Wparentheses -Wswitch -Wno-unused-function -Wno-unused-label -Wno-unused-parameter -Wno-unused-variable -Wunused-value -Wno-empty-body -Wno-uninitialized -Wno-unknown-pragmas -w -Wno-shadow -Wno-four-char-constants -Wno-conversion -Wno-constant-conversion -Wno-int-conversion -Wno-bool-conversion -Wno-enum-conversion -Wno-float-conversion -Wno-non-literal-null-conversion -Wno-objc-literal-conversion -Wshorten-64-to-32 -Wpointer-sign -Wno-newline-eof -Wno-selector -Wno-strict-selector-match -Wno-undeclared-selector -Wno-deprecated-implementations -Wno-implicit-fallthrough -fstrict-aliasing -Wprotocol -Wdeprecated-declarations -Wno-sign-conversion -Wno-infinite-recursion -Wno-comma -Wno-block-capture-autoreleasing -Wno-strict-prototypes -Wno-semicolon-before-method-body -index-store-path /Users/xinyufang/Library/Developer/Xcode/DerivedData/Buzz-faillbpsmponqzeruhhvskovixzk/Index.noindex/DataStore @/Users/xinyufang/Library/Developer/Xcode/DerivedData/Buzz-faillbpsmponqzeruhhvskovixzk/Build/Intermediates.noindex/Stripe.build/Debug-iphonesimulator/Stripe3DS2.build/Objects-normal/arm64/e6072d4f65d7061329687fe24e3d63a7-common-args.resp -include /Users/xinyufang/Library/Developer/Xcode/DerivedData/Buzz-faillbpsmponqzeruhhvskovixzk/Build/Intermediates.noindex/Stripe.build/Debug-iphonesimulator/Stripe3DS2.build/DerivedSources/resource_bundle_accessor.h -MMD -MT dependencies -MF /Users/xinyufang/Library/Developer/Xcode/DerivedData/Buzz-faillbpsmponqzeruhhvskovixzk/Build/Intermediates.noindex/Stripe.build/Debug-iphonesimulator/Stripe3DS2.build/Objects-normal/arm64/STDSWarning.d --serialize-diagnostics /Users/xinyufang/Library/Developer/Xcode/DerivedData/Buzz-faillbpsmponqzeruhhvskovixzk/Build/Intermediates.noindex/Stripe.build/Debug-iphonesimulator/Stripe3DS2.build/Objects-normal/arm64/STDSWarning.dia -c /Users/xinyufang/Library/Developer/Xcode/DerivedData/Buzz-faillbpsmponqzeruhhvskovixzk/SourcePackages/checkouts/stripe-ios-spm/Stripe3DS2/Stripe3DS2/include/STDSWarning.m -o /Users/xinyufang/Library/Developer/Xcode/DerivedData/Buzz-faillbpsmponqzeruhhvskovixzk/Build/Intermediates.noindex/Stripe.build/Debug-iphonesimulator/Stripe3DS2.build/Objects-normal/arm64/STDSWarning.o -index-unit-output-path /Stripe.build/Debug-iphonesimulator/Stripe3DS2.build/Objects-normal/arm64/STDSWarning.o

ProcessInfoPlistFile /Users/xinyufang/Library/Developer/Xcode/DerivedData/Buzz-faillbpsmponqzeruhhvskovixzk/Build/Products/Debug-iphonesimulator/Stripe_StripeUICore.bundle/Info.plist /Users/xinyufang/Library/Developer/Xcode/DerivedData/Buzz-faillbpsmponqzeruhhvskovixzk/Build/Intermediates.noindex/Stripe.build/Debug-iphonesimulator/Stripe_StripeUICore.build/empty-Stripe_StripeUICore.plist (in target 'Stripe_StripeUICore' from project 'Stripe')
    cd /Users/xinyufang/Library/Developer/Xcode/DerivedData/Buzz-faillbpsmponqzeruhhvskovixzk/SourcePackages/checkouts/stripe-ios-spm
    builtin-infoPlistUtility /Users/xinyufang/Library/Developer/Xcode/DerivedData/Buzz-faillbpsmponqzeruhhvskovixzk/Build/Intermediates.noindex/Stripe.build/Debug-iphonesimulator/Stripe_StripeUICore.build/empty-Stripe_StripeUICore.plist -producttype com.apple.product-type.bundle -expandbuildsettings -format binary -platform iphonesimulator -additionalcontentfile /Users/xinyufang/Library/Developer/Xcode/DerivedData/Buzz-faillbpsmponqzeruhhvskovixzk/Build/Intermediates.noindex/Stripe.build/Debug-iphonesimulator/Stripe_StripeUICore.build/assetcatalog_generated_info.plist -o /Users/xinyufang/Library/Developer/Xcode/DerivedData/Buzz-faillbpsmponqzeruhhvskovixzk/Build/Products/Debug-iphonesimulator/Stripe_StripeUICore.bundle/Info.plist

PrecompileModule /Users/xinyufang/Library/Developer/Xcode/DerivedData/Buzz-faillbpsmponqzeruhhvskovixzk/Build/Intermediates.noindex/ExplicitPrecompiledModules/Darwin-9EGNK7M6W4Y8VML66LXJIJ5TT.scan
    cd /
    builtin-precompileModule /Users/xinyufang/Library/Developer/Xcode/DerivedData/Buzz-faillbpsmponqzeruhhvskovixzk/Build/Intermediates.noindex/ExplicitPrecompiledModules/Darwin-9EGNK7M6W4Y8VML66LXJIJ5TT.scan

ScanDependencies /Users/xinyufang/Library/Developer/Xcode/DerivedData/Buzz-faillbpsmponqzeruhhvskovixzk/Build/Intermediates.noindex/Stripe.build/Debug-iphonesimulator/Stripe3DS2.build/Objects-normal/arm64/STDSUICustomization.o /Users/xinyufang/Library/Developer/Xcode/DerivedData/Buzz-faillbpsmponqzeruhhvskovixzk/SourcePackages/checkouts/stripe-ios-spm/Stripe3DS2/Stripe3DS2/include/STDSUICustomization.m normal arm64 objective-c com.apple.compilers.llvm.clang.1_0.compiler (in target 'Stripe3DS2' from project 'Stripe')
    cd /Users/xinyufang/Documents/Buzz/Buzz.xcodeproj
    
    Using response file: /Users/xinyufang/Library/Developer/Xcode/DerivedData/Buzz-faillbpsmponqzeruhhvskovixzk/Build/Intermediates.noindex/Stripe.build/Debug-iphonesimulator/Stripe3DS2.build/Objects-normal/arm64/e6072d4f65d7061329687fe24e3d63a7-common-args.resp
    
    builtin-ScanDependencies -o /Users/xinyufang/Library/Developer/Xcode/DerivedData/Buzz-faillbpsmponqzeruhhvskovixzk/Build/Intermediates.noindex/Stripe.build/Debug-iphonesimulator/Stripe3DS2.build/Objects-normal/arm64/STDSUICustomization.o.scan -- /Applications/Xcode.app/Contents/Developer/Toolchains/XcodeDefault.xctoolchain/usr/bin/clang -x objective-c -ivfsstatcache /Users/xinyufang/Library/Developer/Xcode/DerivedData/SDKStatCaches.noindex/iphonesimulator26.0-23A339-26257891a6c027eb51374368541b8346.sdkstatcache -fmessage-length\=0 -fdiagnostics-show-note-include-stack -fmacro-backtrace-limit\=0 -fno-color-diagnostics -fmodules-prune-interval\=86400 -fmodules-prune-after\=345600 -fbuild-session-file\=/Users/xinyufang/Library/Developer/Xcode/DerivedData/ModuleCache.noindex/Session.modulevalidation -fmodules-validate-once-per-build-session -Wnon-modular-include-in-framework-module -Werror\=non-modular-include-in-framework-module -Wno-trigraphs -Wno-missing-field-initializers -Wno-missing-prototypes -Wno-return-type -Wno-implicit-atomic-properties -Wno-objc-interface-ivars -Wno-arc-repeated-use-of-weak -Wno-missing-braces -Wparentheses -Wswitch -Wno-unused-function -Wno-unused-label -Wno-unused-parameter -Wno-unused-variable -Wunused-value -Wno-empty-body -Wno-uninitialized -Wno-unknown-pragmas -w -Wno-shadow -Wno-four-char-constants -Wno-conversion -Wno-constant-conversion -Wno-int-conversion -Wno-bool-conversion -Wno-enum-conversion -Wno-float-conversion -Wno-non-literal-null-conversion -Wno-objc-literal-conversion -Wshorten-64-to-32 -Wpointer-sign -Wno-newline-eof -Wno-selector -Wno-strict-selector-match -Wno-undeclared-selector -Wno-deprecated-implementations -Wno-implicit-fallthrough -fstrict-aliasing -Wprotocol -Wdeprecated-declarations -Wno-sign-conversion -Wno-infinite-recursion -Wno-comma -Wno-block-capture-autoreleasing -Wno-strict-prototypes -Wno-semicolon-before-method-body -index-store-path /Users/xinyufang/Library/Developer/Xcode/DerivedData/Buzz-faillbpsmponqzeruhhvskovixzk/Index.noindex/DataStore @/Users/xinyufang/Library/Developer/Xcode/DerivedData/Buzz-faillbpsmponqzeruhhvskovixzk/Build/Intermediates.noindex/Stripe.build/Debug-iphonesimulator/Stripe3DS2.build/Objects-normal/arm64/e6072d4f65d7061329687fe24e3d63a7-common-args.resp -include /Users/xinyufang/Library/Developer/Xcode/DerivedData/Buzz-faillbpsmponqzeruhhvskovixzk/Build/Intermediates.noindex/Stripe.build/Debug-iphonesimulator/Stripe3DS2.build/DerivedSources/resource_bundle_accessor.h -MMD -MT dependencies -MF /Users/xinyufang/Library/Developer/Xcode/DerivedData/Buzz-faillbpsmponqzeruhhvskovixzk/Build/Intermediates.noindex/Stripe.build/Debug-iphonesimulator/Stripe3DS2.build/Objects-normal/arm64/STDSUICustomization.d --serialize-diagnostics /Users/xinyufang/Library/Developer/Xcode/DerivedData/Buzz-faillbpsmponqzeruhhvskovixzk/Build/Intermediates.noindex/Stripe.build/Debug-iphonesimulator/Stripe3DS2.build/Objects-normal/arm64/STDSUICustomization.dia -c /Users/xinyufang/Library/Developer/Xcode/DerivedData/Buzz-faillbpsmponqzeruhhvskovixzk/SourcePackages/checkouts/stripe-ios-spm/Stripe3DS2/Stripe3DS2/include/STDSUICustomization.m -o /Users/xinyufang/Library/Developer/Xcode/DerivedData/Buzz-faillbpsmponqzeruhhvskovixzk/Build/Intermediates.noindex/Stripe.build/Debug-iphonesimulator/Stripe3DS2.build/Objects-normal/arm64/STDSUICustomization.o -index-unit-output-path /Stripe.build/Debug-iphonesimulator/Stripe3DS2.build/Objects-normal/arm64/STDSUICustomization.o

ScanDependencies /Users/xinyufang/Library/Developer/Xcode/DerivedData/Buzz-faillbpsmponqzeruhhvskovixzk/Build/Intermediates.noindex/Stripe.build/Debug-iphonesimulator/Stripe3DS2.build/Objects-normal/arm64/STDSTransaction.o /Users/xinyufang/Library/Developer/Xcode/DerivedData/Buzz-faillbpsmponqzeruhhvskovixzk/SourcePackages/checkouts/stripe-ios-spm/Stripe3DS2/Stripe3DS2/include/STDSTransaction.m normal arm64 objective-c com.apple.compilers.llvm.clang.1_0.compiler (in target 'Stripe3DS2' from project 'Stripe')
    cd /Users/xinyufang/Documents/Buzz/Buzz.xcodeproj
    
    Using response file: /Users/xinyufang/Library/Developer/Xcode/DerivedData/Buzz-faillbpsmponqzeruhhvskovixzk/Build/Intermediates.noindex/Stripe.build/Debug-iphonesimulator/Stripe3DS2.build/Objects-normal/arm64/e6072d4f65d7061329687fe24e3d63a7-common-args.resp
    
    builtin-ScanDependencies -o /Users/xinyufang/Library/Developer/Xcode/DerivedData/Buzz-faillbpsmponqzeruhhvskovixzk/Build/Intermediates.noindex/Stripe.build/Debug-iphonesimulator/Stripe3DS2.build/Objects-normal/arm64/STDSTransaction.o.scan -- /Applications/Xcode.app/Contents/Developer/Toolchains/XcodeDefault.xctoolchain/usr/bin/clang -x objective-c -ivfsstatcache /Users/xinyufang/Library/Developer/Xcode/DerivedData/SDKStatCaches.noindex/iphonesimulator26.0-23A339-26257891a6c027eb51374368541b8346.sdkstatcache -fmessage-length\=0 -fdiagnostics-show-note-include-stack -fmacro-backtrace-limit\=0 -fno-color-diagnostics -fmodules-prune-interval\=86400 -fmodules-prune-after\=345600 -fbuild-session-file\=/Users/xinyufang/Library/Developer/Xcode/DerivedData/ModuleCache.noindex/Session.modulevalidation -fmodules-validate-once-per-build-session -Wnon-modular-include-in-framework-module -Werror\=non-modular-include-in-framework-module -Wno-trigraphs -Wno-missing-field-initializers -Wno-missing-prototypes -Wno-return-type -Wno-implicit-atomic-properties -Wno-objc-interface-ivars -Wno-arc-repeated-use-of-weak -Wno-missing-braces -Wparentheses -Wswitch -Wno-unused-function -Wno-unused-label -Wno-unused-parameter -Wno-unused-variable -Wunused-value -Wno-empty-body -Wno-uninitialized -Wno-unknown-pragmas -w -Wno-shadow -Wno-four-char-constants -Wno-conversion -Wno-constant-conversion -Wno-int-conversion -Wno-bool-conversion -Wno-enum-conversion -Wno-float-conversion -Wno-non-literal-null-conversion -Wno-objc-literal-conversion -Wshorten-64-to-32 -Wpointer-sign -Wno-newline-eof -Wno-selector -Wno-strict-selector-match -Wno-undeclared-selector -Wno-deprecated-implementations -Wno-implicit-fallthrough -fstrict-aliasing -Wprotocol -Wdeprecated-declarations -Wno-sign-conversion -Wno-infinite-recursion -Wno-comma -Wno-block-capture-autoreleasing -Wno-strict-prototypes -Wno-semicolon-before-method-body -index-store-path /Users/xinyufang/Library/Developer/Xcode/DerivedData/Buzz-faillbpsmponqzeruhhvskovixzk/Index.noindex/DataStore @/Users/xinyufang/Library/Developer/Xcode/DerivedData/Buzz-faillbpsmponqzeruhhvskovixzk/Build/Intermediates.noindex/Stripe.build/Debug-iphonesimulator/Stripe3DS2.build/Objects-normal/arm64/e6072d4f65d7061329687fe24e3d63a7-common-args.resp -include /Users/xinyufang/Library/Developer/Xcode/DerivedData/Buzz-faillbpsmponqzeruhhvskovixzk/Build/Intermediates.noindex/Stripe.build/Debug-iphonesimulator/Stripe3DS2.build/DerivedSources/resource_bundle_accessor.h -MMD -MT dependencies -MF /Users/xinyufang/Library/Developer/Xcode/DerivedData/Buzz-faillbpsmponqzeruhhvskovixzk/Build/Intermediates.noindex/Stripe.build/Debug-iphonesimulator/Stripe3DS2.build/Objects-normal/arm64/STDSTransaction.d --serialize-diagnostics /Users/xinyufang/Library/Developer/Xcode/DerivedData/Buzz-faillbpsmponqzeruhhvskovixzk/Build/Intermediates.noindex/Stripe.build/Debug-iphonesimulator/Stripe3DS2.build/Objects-normal/arm64/STDSTransaction.dia -c /Users/xinyufang/Library/Developer/Xcode/DerivedData/Buzz-faillbpsmponqzeruhhvskovixzk/SourcePackages/checkouts/stripe-ios-spm/Stripe3DS2/Stripe3DS2/include/STDSTransaction.m -o /Users/xinyufang/Library/Developer/Xcode/DerivedData/Buzz-faillbpsmponqzeruhhvskovixzk/Build/Intermediates.noindex/Stripe.build/Debug-iphonesimulator/Stripe3DS2.build/Objects-normal/arm64/STDSTransaction.o -index-unit-output-path /Stripe.build/Debug-iphonesimulator/Stripe3DS2.build/Objects-normal/arm64/STDSTransaction.o

ScanDependencies /Users/xinyufang/Library/Developer/Xcode/DerivedData/Buzz-faillbpsmponqzeruhhvskovixzk/Build/Intermediates.noindex/Stripe.build/Debug-iphonesimulator/Stripe3DS2.build/Objects-normal/arm64/STDSThreeDSProtocolVersion.o /Users/xinyufang/Library/Developer/Xcode/DerivedData/Buzz-faillbpsmponqzeruhhvskovixzk/SourcePackages/checkouts/stripe-ios-spm/Stripe3DS2/Stripe3DS2/STDSThreeDSProtocolVersion.m normal arm64 objective-c com.apple.compilers.llvm.clang.1_0.compiler (in target 'Stripe3DS2' from project 'Stripe')
    cd /Users/xinyufang/Documents/Buzz/Buzz.xcodeproj
    
    Using response file: /Users/xinyufang/Library/Developer/Xcode/DerivedData/Buzz-faillbpsmponqzeruhhvskovixzk/Build/Intermediates.noindex/Stripe.build/Debug-iphonesimulator/Stripe3DS2.build/Objects-normal/arm64/e6072d4f65d7061329687fe24e3d63a7-common-args.resp
    
    builtin-ScanDependencies -o /Users/xinyufang/Library/Developer/Xcode/DerivedData/Buzz-faillbpsmponqzeruhhvskovixzk/Build/Intermediates.noindex/Stripe.build/Debug-iphonesimulator/Stripe3DS2.build/Objects-normal/arm64/STDSThreeDSProtocolVersion.o.scan -- /Applications/Xcode.app/Contents/Developer/Toolchains/XcodeDefault.xctoolchain/usr/bin/clang -x objective-c -ivfsstatcache /Users/xinyufang/Library/Developer/Xcode/DerivedData/SDKStatCaches.noindex/iphonesimulator26.0-23A339-26257891a6c027eb51374368541b8346.sdkstatcache -fmessage-length\=0 -fdiagnostics-show-note-include-stack -fmacro-backtrace-limit\=0 -fno-color-diagnostics -fmodules-prune-interval\=86400 -fmodules-prune-after\=345600 -fbuild-session-file\=/Users/xinyufang/Library/Developer/Xcode/DerivedData/ModuleCache.noindex/Session.modulevalidation -fmodules-validate-once-per-build-session -Wnon-modular-include-in-framework-module -Werror\=non-modular-include-in-framework-module -Wno-trigraphs -Wno-missing-field-initializers -Wno-missing-prototypes -Wno-return-type -Wno-implicit-atomic-properties -Wno-objc-interface-ivars -Wno-arc-repeated-use-of-weak -Wno-missing-braces -Wparentheses -Wswitch -Wno-unused-function -Wno-unused-label -Wno-unused-parameter -Wno-unused-variable -Wunused-value -Wno-empty-body -Wno-uninitialized -Wno-unknown-pragmas -w -Wno-shadow -Wno-four-char-constants -Wno-conversion -Wno-constant-conversion -Wno-int-conversion -Wno-bool-conversion -Wno-enum-conversion -Wno-float-conversion -Wno-non-literal-null-conversion -Wno-objc-literal-conversion -Wshorten-64-to-32 -Wpointer-sign -Wno-newline-eof -Wno-selector -Wno-strict-selector-match -Wno-undeclared-selector -Wno-deprecated-implementations -Wno-implicit-fallthrough -fstrict-aliasing -Wprotocol -Wdeprecated-declarations -Wno-sign-conversion -Wno-infinite-recursion -Wno-comma -Wno-block-capture-autoreleasing -Wno-strict-prototypes -Wno-semicolon-before-method-body -index-store-path /Users/xinyufang/Library/Developer/Xcode/DerivedData/Buzz-faillbpsmponqzeruhhvskovixzk/Index.noindex/DataStore @/Users/xinyufang/Library/Developer/Xcode/DerivedData/Buzz-faillbpsmponqzeruhhvskovixzk/Build/Intermediates.noindex/Stripe.build/Debug-iphonesimulator/Stripe3DS2.build/Objects-normal/arm64/e6072d4f65d7061329687fe24e3d63a7-common-args.resp -include /Users/xinyufang/Library/Developer/Xcode/DerivedData/Buzz-faillbpsmponqzeruhhvskovixzk/Build/Intermediates.noindex/Stripe.build/Debug-iphonesimulator/Stripe3DS2.build/DerivedSources/resource_bundle_accessor.h -MMD -MT dependencies -MF /Users/xinyufang/Library/Developer/Xcode/DerivedData/Buzz-faillbpsmponqzeruhhvskovixzk/Build/Intermediates.noindex/Stripe.build/Debug-iphonesimulator/Stripe3DS2.build/Objects-normal/arm64/STDSThreeDSProtocolVersion.d --serialize-diagnostics /Users/xinyufang/Library/Developer/Xcode/DerivedData/Buzz-faillbpsmponqzeruhhvskovixzk/Build/Intermediates.noindex/Stripe.build/Debug-iphonesimulator/Stripe3DS2.build/Objects-normal/arm64/STDSThreeDSProtocolVersion.dia -c /Users/xinyufang/Library/Developer/Xcode/DerivedData/Buzz-faillbpsmponqzeruhhvskovixzk/SourcePackages/checkouts/stripe-ios-spm/Stripe3DS2/Stripe3DS2/STDSThreeDSProtocolVersion.m -o /Users/xinyufang/Library/Developer/Xcode/DerivedData/Buzz-faillbpsmponqzeruhhvskovixzk/Build/Intermediates.noindex/Stripe.build/Debug-iphonesimulator/Stripe3DS2.build/Objects-normal/arm64/STDSThreeDSProtocolVersion.o -index-unit-output-path /Stripe.build/Debug-iphonesimulator/Stripe3DS2.build/Objects-normal/arm64/STDSThreeDSProtocolVersion.o

ScanDependencies /Users/xinyufang/Library/Developer/Xcode/DerivedData/Buzz-faillbpsmponqzeruhhvskovixzk/Build/Intermediates.noindex/Stripe.build/Debug-iphonesimulator/Stripe3DS2.build/Objects-normal/arm64/STDSThreeDS2Service.o /Users/xinyufang/Library/Developer/Xcode/DerivedData/Buzz-faillbpsmponqzeruhhvskovixzk/SourcePackages/checkouts/stripe-ios-spm/Stripe3DS2/Stripe3DS2/include/STDSThreeDS2Service.m normal arm64 objective-c com.apple.compilers.llvm.clang.1_0.compiler (in target 'Stripe3DS2' from project 'Stripe')
    cd /Users/xinyufang/Documents/Buzz/Buzz.xcodeproj
    
    Using response file: /Users/xinyufang/Library/Developer/Xcode/DerivedData/Buzz-faillbpsmponqzeruhhvskovixzk/Build/Intermediates.noindex/Stripe.build/Debug-iphonesimulator/Stripe3DS2.build/Objects-normal/arm64/e6072d4f65d7061329687fe24e3d63a7-common-args.resp
    
    builtin-ScanDependencies -o /Users/xinyufang/Library/Developer/Xcode/DerivedData/Buzz-faillbpsmponqzeruhhvskovixzk/Build/Intermediates.noindex/Stripe.build/Debug-iphonesimulator/Stripe3DS2.build/Objects-normal/arm64/STDSThreeDS2Service.o.scan -- /Applications/Xcode.app/Contents/Developer/Toolchains/XcodeDefault.xctoolchain/usr/bin/clang -x objective-c -ivfsstatcache /Users/xinyufang/Library/Developer/Xcode/DerivedData/SDKStatCaches.noindex/iphonesimulator26.0-23A339-26257891a6c027eb51374368541b8346.sdkstatcache -fmessage-length\=0 -fdiagnostics-show-note-include-stack -fmacro-backtrace-limit\=0 -fno-color-diagnostics -fmodules-prune-interval\=86400 -fmodules-prune-after\=345600 -fbuild-session-file\=/Users/xinyufang/Library/Developer/Xcode/DerivedData/ModuleCache.noindex/Session.modulevalidation -fmodules-validate-once-per-build-session -Wnon-modular-include-in-framework-module -Werror\=non-modular-include-in-framework-module -Wno-trigraphs -Wno-missing-field-initializers -Wno-missing-prototypes -Wno-return-type -Wno-implicit-atomic-properties -Wno-objc-interface-ivars -Wno-arc-repeated-use-of-weak -Wno-missing-braces -Wparentheses -Wswitch -Wno-unused-function -Wno-unused-label -Wno-unused-parameter -Wno-unused-variable -Wunused-value -Wno-empty-body -Wno-uninitialized -Wno-unknown-pragmas -w -Wno-shadow -Wno-four-char-constants -Wno-conversion -Wno-constant-conversion -Wno-int-conversion -Wno-bool-conversion -Wno-enum-conversion -Wno-float-conversion -Wno-non-literal-null-conversion -Wno-objc-literal-conversion -Wshorten-64-to-32 -Wpointer-sign -Wno-newline-eof -Wno-selector -Wno-strict-selector-match -Wno-undeclared-selector -Wno-deprecated-implementations -Wno-implicit-fallthrough -fstrict-aliasing -Wprotocol -Wdeprecated-declarations -Wno-sign-conversion -Wno-infinite-recursion -Wno-comma -Wno-block-capture-autoreleasing -Wno-strict-prototypes -Wno-semicolon-before-method-body -index-store-path /Users/xinyufang/Library/Developer/Xcode/DerivedData/Buzz-faillbpsmponqzeruhhvskovixzk/Index.noindex/DataStore @/Users/xinyufang/Library/Developer/Xcode/DerivedData/Buzz-faillbpsmponqzeruhhvskovixzk/Build/Intermediates.noindex/Stripe.build/Debug-iphonesimulator/Stripe3DS2.build/Objects-normal/arm64/e6072d4f65d7061329687fe24e3d63a7-common-args.resp -include /Users/xinyufang/Library/Developer/Xcode/DerivedData/Buzz-faillbpsmponqzeruhhvskovixzk/Build/Intermediates.noindex/Stripe.build/Debug-iphonesimulator/Stripe3DS2.build/DerivedSources/resource_bundle_accessor.h -MMD -MT dependencies -MF /Users/xinyufang/Library/Developer/Xcode/DerivedData/Buzz-faillbpsmponqzeruhhvskovixzk/Build/Intermediates.noindex/Stripe.build/Debug-iphonesimulator/Stripe3DS2.build/Objects-normal/arm64/STDSThreeDS2Service.d --serialize-diagnostics /Users/xinyufang/Library/Developer/Xcode/DerivedData/Buzz-faillbpsmponqzeruhhvskovixzk/Build/Intermediates.noindex/Stripe.build/Debug-iphonesimulator/Stripe3DS2.build/Objects-normal/arm64/STDSThreeDS2Service.dia -c /Users/xinyufang/Library/Developer/Xcode/DerivedData/Buzz-faillbpsmponqzeruhhvskovixzk/SourcePackages/checkouts/stripe-ios-spm/Stripe3DS2/Stripe3DS2/include/STDSThreeDS2Service.m -o /Users/xinyufang/Library/Developer/Xcode/DerivedData/Buzz-faillbpsmponqzeruhhvskovixzk/Build/Intermediates.noindex/Stripe.build/Debug-iphonesimulator/Stripe3DS2.build/Objects-normal/arm64/STDSThreeDS2Service.o -index-unit-output-path /Stripe.build/Debug-iphonesimulator/Stripe3DS2.build/Objects-normal/arm64/STDSThreeDS2Service.o

ScanDependencies /Users/xinyufang/Library/Developer/Xcode/DerivedData/Buzz-faillbpsmponqzeruhhvskovixzk/Build/Intermediates.noindex/Stripe.build/Debug-iphonesimulator/Stripe3DS2.build/Objects-normal/arm64/STDSTextFieldCustomization.o /Users/xinyufang/Library/Developer/Xcode/DerivedData/Buzz-faillbpsmponqzeruhhvskovixzk/SourcePackages/checkouts/stripe-ios-spm/Stripe3DS2/Stripe3DS2/include/STDSTextFieldCustomization.m normal arm64 objective-c com.apple.compilers.llvm.clang.1_0.compiler (in target 'Stripe3DS2' from project 'Stripe')
    cd /Users/xinyufang/Documents/Buzz/Buzz.xcodeproj
    
    Using response file: /Users/xinyufang/Library/Developer/Xcode/DerivedData/Buzz-faillbpsmponqzeruhhvskovixzk/Build/Intermediates.noindex/Stripe.build/Debug-iphonesimulator/Stripe3DS2.build/Objects-normal/arm64/e6072d4f65d7061329687fe24e3d63a7-common-args.resp
    
    builtin-ScanDependencies -o /Users/xinyufang/Library/Developer/Xcode/DerivedData/Buzz-faillbpsmponqzeruhhvskovixzk/Build/Intermediates.noindex/Stripe.build/Debug-iphonesimulator/Stripe3DS2.build/Objects-normal/arm64/STDSTextFieldCustomization.o.scan -- /Applications/Xcode.app/Contents/Developer/Toolchains/XcodeDefault.xctoolchain/usr/bin/clang -x objective-c -ivfsstatcache /Users/xinyufang/Library/Developer/Xcode/DerivedData/SDKStatCaches.noindex/iphonesimulator26.0-23A339-26257891a6c027eb51374368541b8346.sdkstatcache -fmessage-length\=0 -fdiagnostics-show-note-include-stack -fmacro-backtrace-limit\=0 -fno-color-diagnostics -fmodules-prune-interval\=86400 -fmodules-prune-after\=345600 -fbuild-session-file\=/Users/xinyufang/Library/Developer/Xcode/DerivedData/ModuleCache.noindex/Session.modulevalidation -fmodules-validate-once-per-build-session -Wnon-modular-include-in-framework-module -Werror\=non-modular-include-in-framework-module -Wno-trigraphs -Wno-missing-field-initializers -Wno-missing-prototypes -Wno-return-type -Wno-implicit-atomic-properties -Wno-objc-interface-ivars -Wno-arc-repeated-use-of-weak -Wno-missing-braces -Wparentheses -Wswitch -Wno-unused-function -Wno-unused-label -Wno-unused-parameter -Wno-unused-variable -Wunused-value -Wno-empty-body -Wno-uninitialized -Wno-unknown-pragmas -w -Wno-shadow -Wno-four-char-constants -Wno-conversion -Wno-constant-conversion -Wno-int-conversion -Wno-bool-conversion -Wno-enum-conversion -Wno-float-conversion -Wno-non-literal-null-conversion -Wno-objc-literal-conversion -Wshorten-64-to-32 -Wpointer-sign -Wno-newline-eof -Wno-selector -Wno-strict-selector-match -Wno-undeclared-selector -Wno-deprecated-implementations -Wno-implicit-fallthrough -fstrict-aliasing -Wprotocol -Wdeprecated-declarations -Wno-sign-conversion -Wno-infinite-recursion -Wno-comma -Wno-block-capture-autoreleasing -Wno-strict-prototypes -Wno-semicolon-before-method-body -index-store-path /Users/xinyufang/Library/Developer/Xcode/DerivedData/Buzz-faillbpsmponqzeruhhvskovixzk/Index.noindex/DataStore @/Users/xinyufang/Library/Developer/Xcode/DerivedData/Buzz-faillbpsmponqzeruhhvskovixzk/Build/Intermediates.noindex/Stripe.build/Debug-iphonesimulator/Stripe3DS2.build/Objects-normal/arm64/e6072d4f65d7061329687fe24e3d63a7-common-args.resp -include /Users/xinyufang/Library/Developer/Xcode/DerivedData/Buzz-faillbpsmponqzeruhhvskovixzk/Build/Intermediates.noindex/Stripe.build/Debug-iphonesimulator/Stripe3DS2.build/DerivedSources/resource_bundle_accessor.h -MMD -MT dependencies -MF /Users/xinyufang/Library/Developer/Xcode/DerivedData/Buzz-faillbpsmponqzeruhhvskovixzk/Build/Intermediates.noindex/Stripe.build/Debug-iphonesimulator/Stripe3DS2.build/Objects-normal/arm64/STDSTextFieldCustomization.d --serialize-diagnostics /Users/xinyufang/Library/Developer/Xcode/DerivedData/Buzz-faillbpsmponqzeruhhvskovixzk/Build/Intermediates.noindex/Stripe.build/Debug-iphonesimulator/Stripe3DS2.build/Objects-normal/arm64/STDSTextFieldCustomization.dia -c /Users/xinyufang/Library/Developer/Xcode/DerivedData/Buzz-faillbpsmponqzeruhhvskovixzk/SourcePackages/checkouts/stripe-ios-spm/Stripe3DS2/Stripe3DS2/include/STDSTextFieldCustomization.m -o /Users/xinyufang/Library/Developer/Xcode/DerivedData/Buzz-faillbpsmponqzeruhhvskovixzk/Build/Intermediates.noindex/Stripe.build/Debug-iphonesimulator/Stripe3DS2.build/Objects-normal/arm64/STDSTextFieldCustomization.o -index-unit-output-path /Stripe.build/Debug-iphonesimulator/Stripe3DS2.build/Objects-normal/arm64/STDSTextFieldCustomization.o

ScanDependencies /Users/xinyufang/Library/Developer/Xcode/DerivedData/Buzz-faillbpsmponqzeruhhvskovixzk/Build/Intermediates.noindex/Stripe.build/Debug-iphonesimulator/Stripe3DS2.build/Objects-normal/arm64/STDSTextChallengeView.o /Users/xinyufang/Library/Developer/Xcode/DerivedData/Buzz-faillbpsmponqzeruhhvskovixzk/SourcePackages/checkouts/stripe-ios-spm/Stripe3DS2/Stripe3DS2/STDSTextChallengeView.m normal arm64 objective-c com.apple.compilers.llvm.clang.1_0.compiler (in target 'Stripe3DS2' from project 'Stripe')
    cd /Users/xinyufang/Documents/Buzz/Buzz.xcodeproj
    
    Using response file: /Users/xinyufang/Library/Developer/Xcode/DerivedData/Buzz-faillbpsmponqzeruhhvskovixzk/Build/Intermediates.noindex/Stripe.build/Debug-iphonesimulator/Stripe3DS2.build/Objects-normal/arm64/e6072d4f65d7061329687fe24e3d63a7-common-args.resp
    
    builtin-ScanDependencies -o /Users/xinyufang/Library/Developer/Xcode/DerivedData/Buzz-faillbpsmponqzeruhhvskovixzk/Build/Intermediates.noindex/Stripe.build/Debug-iphonesimulator/Stripe3DS2.build/Objects-normal/arm64/STDSTextChallengeView.o.scan -- /Applications/Xcode.app/Contents/Developer/Toolchains/XcodeDefault.xctoolchain/usr/bin/clang -x objective-c -ivfsstatcache /Users/xinyufang/Library/Developer/Xcode/DerivedData/SDKStatCaches.noindex/iphonesimulator26.0-23A339-26257891a6c027eb51374368541b8346.sdkstatcache -fmessage-length\=0 -fdiagnostics-show-note-include-stack -fmacro-backtrace-limit\=0 -fno-color-diagnostics -fmodules-prune-interval\=86400 -fmodules-prune-after\=345600 -fbuild-session-file\=/Users/xinyufang/Library/Developer/Xcode/DerivedData/ModuleCache.noindex/Session.modulevalidation -fmodules-validate-once-per-build-session -Wnon-modular-include-in-framework-module -Werror\=non-modular-include-in-framework-module -Wno-trigraphs -Wno-missing-field-initializers -Wno-missing-prototypes -Wno-return-type -Wno-implicit-atomic-properties -Wno-objc-interface-ivars -Wno-arc-repeated-use-of-weak -Wno-missing-braces -Wparentheses -Wswitch -Wno-unused-function -Wno-unused-label -Wno-unused-parameter -Wno-unused-variable -Wunused-value -Wno-empty-body -Wno-uninitialized -Wno-unknown-pragmas -w -Wno-shadow -Wno-four-char-constants -Wno-conversion -Wno-constant-conversion -Wno-int-conversion -Wno-bool-conversion -Wno-enum-conversion -Wno-float-conversion -Wno-non-literal-null-conversion -Wno-objc-literal-conversion -Wshorten-64-to-32 -Wpointer-sign -Wno-newline-eof -Wno-selector -Wno-strict-selector-match -Wno-undeclared-selector -Wno-deprecated-implementations -Wno-implicit-fallthrough -fstrict-aliasing -Wprotocol -Wdeprecated-declarations -Wno-sign-conversion -Wno-infinite-recursion -Wno-comma -Wno-block-capture-autoreleasing -Wno-strict-prototypes -Wno-semicolon-before-method-body -index-store-path /Users/xinyufang/Library/Developer/Xcode/DerivedData/Buzz-faillbpsmponqzeruhhvskovixzk/Index.noindex/DataStore @/Users/xinyufang/Library/Developer/Xcode/DerivedData/Buzz-faillbpsmponqzeruhhvskovixzk/Build/Intermediates.noindex/Stripe.build/Debug-iphonesimulator/Stripe3DS2.build/Objects-normal/arm64/e6072d4f65d7061329687fe24e3d63a7-common-args.resp -include /Users/xinyufang/Library/Developer/Xcode/DerivedData/Buzz-faillbpsmponqzeruhhvskovixzk/Build/Intermediates.noindex/Stripe.build/Debug-iphonesimulator/Stripe3DS2.build/DerivedSources/resource_bundle_accessor.h -MMD -MT dependencies -MF /Users/xinyufang/Library/Developer/Xcode/DerivedData/Buzz-faillbpsmponqzeruhhvskovixzk/Build/Intermediates.noindex/Stripe.build/Debug-iphonesimulator/Stripe3DS2.build/Objects-normal/arm64/STDSTextChallengeView.d --serialize-diagnostics /Users/xinyufang/Library/Developer/Xcode/DerivedData/Buzz-faillbpsmponqzeruhhvskovixzk/Build/Intermediates.noindex/Stripe.build/Debug-iphonesimulator/Stripe3DS2.build/Objects-normal/arm64/STDSTextChallengeView.dia -c /Users/xinyufang/Library/Developer/Xcode/DerivedData/Buzz-faillbpsmponqzeruhhvskovixzk/SourcePackages/checkouts/stripe-ios-spm/Stripe3DS2/Stripe3DS2/STDSTextChallengeView.m -o /Users/xinyufang/Library/Developer/Xcode/DerivedData/Buzz-faillbpsmponqzeruhhvskovixzk/Build/Intermediates.noindex/Stripe.build/Debug-iphonesimulator/Stripe3DS2.build/Objects-normal/arm64/STDSTextChallengeView.o -index-unit-output-path /Stripe.build/Debug-iphonesimulator/Stripe3DS2.build/Objects-normal/arm64/STDSTextChallengeView.o

ScanDependencies /Users/xinyufang/Library/Developer/Xcode/DerivedData/Buzz-faillbpsmponqzeruhhvskovixzk/Build/Intermediates.noindex/Stripe.build/Debug-iphonesimulator/Stripe3DS2.build/Objects-normal/arm64/STDSSynchronousLocationManager.o /Users/xinyufang/Library/Developer/Xcode/DerivedData/Buzz-faillbpsmponqzeruhhvskovixzk/SourcePackages/checkouts/stripe-ios-spm/Stripe3DS2/Stripe3DS2/STDSSynchronousLocationManager.m normal arm64 objective-c com.apple.compilers.llvm.clang.1_0.compiler (in target 'Stripe3DS2' from project 'Stripe')
    cd /Users/xinyufang/Documents/Buzz/Buzz.xcodeproj
    
    Using response file: /Users/xinyufang/Library/Developer/Xcode/DerivedData/Buzz-faillbpsmponqzeruhhvskovixzk/Build/Intermediates.noindex/Stripe.build/Debug-iphonesimulator/Stripe3DS2.build/Objects-normal/arm64/e6072d4f65d7061329687fe24e3d63a7-common-args.resp
    
    builtin-ScanDependencies -o /Users/xinyufang/Library/Developer/Xcode/DerivedData/Buzz-faillbpsmponqzeruhhvskovixzk/Build/Intermediates.noindex/Stripe.build/Debug-iphonesimulator/Stripe3DS2.build/Objects-normal/arm64/STDSSynchronousLocationManager.o.scan -- /Applications/Xcode.app/Contents/Developer/Toolchains/XcodeDefault.xctoolchain/usr/bin/clang -x objective-c -ivfsstatcache /Users/xinyufang/Library/Developer/Xcode/DerivedData/SDKStatCaches.noindex/iphonesimulator26.0-23A339-26257891a6c027eb51374368541b8346.sdkstatcache -fmessage-length\=0 -fdiagnostics-show-note-include-stack -fmacro-backtrace-limit\=0 -fno-color-diagnostics -fmodules-prune-interval\=86400 -fmodules-prune-after\=345600 -fbuild-session-file\=/Users/xinyufang/Library/Developer/Xcode/DerivedData/ModuleCache.noindex/Session.modulevalidation -fmodules-validate-once-per-build-session -Wnon-modular-include-in-framework-module -Werror\=non-modular-include-in-framework-module -Wno-trigraphs -Wno-missing-field-initializers -Wno-missing-prototypes -Wno-return-type -Wno-implicit-atomic-properties -Wno-objc-interface-ivars -Wno-arc-repeated-use-of-weak -Wno-missing-braces -Wparentheses -Wswitch -Wno-unused-function -Wno-unused-label -Wno-unused-parameter -Wno-unused-variable -Wunused-value -Wno-empty-body -Wno-uninitialized -Wno-unknown-pragmas -w -Wno-shadow -Wno-four-char-constants -Wno-conversion -Wno-constant-conversion -Wno-int-conversion -Wno-bool-conversion -Wno-enum-conversion -Wno-float-conversion -Wno-non-literal-null-conversion -Wno-objc-literal-conversion -Wshorten-64-to-32 -Wpointer-sign -Wno-newline-eof -Wno-selector -Wno-strict-selector-match -Wno-undeclared-selector -Wno-deprecated-implementations -Wno-implicit-fallthrough -fstrict-aliasing -Wprotocol -Wdeprecated-declarations -Wno-sign-conversion -Wno-infinite-recursion -Wno-comma -Wno-block-capture-autoreleasing -Wno-strict-prototypes -Wno-semicolon-before-method-body -index-store-path /Users/xinyufang/Library/Developer/Xcode/DerivedData/Buzz-faillbpsmponqzeruhhvskovixzk/Index.noindex/DataStore @/Users/xinyufang/Library/Developer/Xcode/DerivedData/Buzz-faillbpsmponqzeruhhvskovixzk/Build/Intermediates.noindex/Stripe.build/Debug-iphonesimulator/Stripe3DS2.build/Objects-normal/arm64/e6072d4f65d7061329687fe24e3d63a7-common-args.resp -include /Users/xinyufang/Library/Developer/Xcode/DerivedData/Buzz-faillbpsmponqzeruhhvskovixzk/Build/Intermediates.noindex/Stripe.build/Debug-iphonesimulator/Stripe3DS2.build/DerivedSources/resource_bundle_accessor.h -MMD -MT dependencies -MF /Users/xinyufang/Library/Developer/Xcode/DerivedData/Buzz-faillbpsmponqzeruhhvskovixzk/Build/Intermediates.noindex/Stripe.build/Debug-iphonesimulator/Stripe3DS2.build/Objects-normal/arm64/STDSSynchronousLocationManager.d --serialize-diagnostics /Users/xinyufang/Library/Developer/Xcode/DerivedData/Buzz-faillbpsmponqzeruhhvskovixzk/Build/Intermediates.noindex/Stripe.build/Debug-iphonesimulator/Stripe3DS2.build/Objects-normal/arm64/STDSSynchronousLocationManager.dia -c /Users/xinyufang/Library/Developer/Xcode/DerivedData/Buzz-faillbpsmponqzeruhhvskovixzk/SourcePackages/checkouts/stripe-ios-spm/Stripe3DS2/Stripe3DS2/STDSSynchronousLocationManager.m -o /Users/xinyufang/Library/Developer/Xcode/DerivedData/Buzz-faillbpsmponqzeruhhvskovixzk/Build/Intermediates.noindex/Stripe.build/Debug-iphonesimulator/Stripe3DS2.build/Objects-normal/arm64/STDSSynchronousLocationManager.o -index-unit-output-path /Stripe.build/Debug-iphonesimulator/Stripe3DS2.build/Objects-normal/arm64/STDSSynchronousLocationManager.o

ScanDependencies /Users/xinyufang/Library/Developer/Xcode/DerivedData/Buzz-faillbpsmponqzeruhhvskovixzk/Build/Intermediates.noindex/Stripe.build/Debug-iphonesimulator/Stripe3DS2.build/Objects-normal/arm64/STDSSwiftTryCatch.o /Users/xinyufang/Library/Developer/Xcode/DerivedData/Buzz-faillbpsmponqzeruhhvskovixzk/SourcePackages/checkouts/stripe-ios-spm/Stripe3DS2/Stripe3DS2/include/STDSSwiftTryCatch.m normal arm64 objective-c com.apple.compilers.llvm.clang.1_0.compiler (in target 'Stripe3DS2' from project 'Stripe')
    cd /Users/xinyufang/Documents/Buzz/Buzz.xcodeproj
    
    Using response file: /Users/xinyufang/Library/Developer/Xcode/DerivedData/Buzz-faillbpsmponqzeruhhvskovixzk/Build/Intermediates.noindex/Stripe.build/Debug-iphonesimulator/Stripe3DS2.build/Objects-normal/arm64/e6072d4f65d7061329687fe24e3d63a7-common-args.resp
    
    builtin-ScanDependencies -o /Users/xinyufang/Library/Developer/Xcode/DerivedData/Buzz-faillbpsmponqzeruhhvskovixzk/Build/Intermediates.noindex/Stripe.build/Debug-iphonesimulator/Stripe3DS2.build/Objects-normal/arm64/STDSSwiftTryCatch.o.scan -- /Applications/Xcode.app/Contents/Developer/Toolchains/XcodeDefault.xctoolchain/usr/bin/clang -x objective-c -ivfsstatcache /Users/xinyufang/Library/Developer/Xcode/DerivedData/SDKStatCaches.noindex/iphonesimulator26.0-23A339-26257891a6c027eb51374368541b8346.sdkstatcache -fmessage-length\=0 -fdiagnostics-show-note-include-stack -fmacro-backtrace-limit\=0 -fno-color-diagnostics -fmodules-prune-interval\=86400 -fmodules-prune-after\=345600 -fbuild-session-file\=/Users/xinyufang/Library/Developer/Xcode/DerivedData/ModuleCache.noindex/Session.modulevalidation -fmodules-validate-once-per-build-session -Wnon-modular-include-in-framework-module -Werror\=non-modular-include-in-framework-module -Wno-trigraphs -Wno-missing-field-initializers -Wno-missing-prototypes -Wno-return-type -Wno-implicit-atomic-properties -Wno-objc-interface-ivars -Wno-arc-repeated-use-of-weak -Wno-missing-braces -Wparentheses -Wswitch -Wno-unused-function -Wno-unused-label -Wno-unused-parameter -Wno-unused-variable -Wunused-value -Wno-empty-body -Wno-uninitialized -Wno-unknown-pragmas -w -Wno-shadow -Wno-four-char-constants -Wno-conversion -Wno-constant-conversion -Wno-int-conversion -Wno-bool-conversion -Wno-enum-conversion -Wno-float-conversion -Wno-non-literal-null-conversion -Wno-objc-literal-conversion -Wshorten-64-to-32 -Wpointer-sign -Wno-newline-eof -Wno-selector -Wno-strict-selector-match -Wno-undeclared-selector -Wno-deprecated-implementations -Wno-implicit-fallthrough -fstrict-aliasing -Wprotocol -Wdeprecated-declarations -Wno-sign-conversion -Wno-infinite-recursion -Wno-comma -Wno-block-capture-autoreleasing -Wno-strict-prototypes -Wno-semicolon-before-method-body -index-store-path /Users/xinyufang/Library/Developer/Xcode/DerivedData/Buzz-faillbpsmponqzeruhhvskovixzk/Index.noindex/DataStore @/Users/xinyufang/Library/Developer/Xcode/DerivedData/Buzz-faillbpsmponqzeruhhvskovixzk/Build/Intermediates.noindex/Stripe.build/Debug-iphonesimulator/Stripe3DS2.build/Objects-normal/arm64/e6072d4f65d7061329687fe24e3d63a7-common-args.resp -include /Users/xinyufang/Library/Developer/Xcode/DerivedData/Buzz-faillbpsmponqzeruhhvskovixzk/Build/Intermediates.noindex/Stripe.build/Debug-iphonesimulator/Stripe3DS2.build/DerivedSources/resource_bundle_accessor.h -MMD -MT dependencies -MF /Users/xinyufang/Library/Developer/Xcode/DerivedData/Buzz-faillbpsmponqzeruhhvskovixzk/Build/Intermediates.noindex/Stripe.build/Debug-iphonesimulator/Stripe3DS2.build/Objects-normal/arm64/STDSSwiftTryCatch.d --serialize-diagnostics /Users/xinyufang/Library/Developer/Xcode/DerivedData/Buzz-faillbpsmponqzeruhhvskovixzk/Build/Intermediates.noindex/Stripe.build/Debug-iphonesimulator/Stripe3DS2.build/Objects-normal/arm64/STDSSwiftTryCatch.dia -c /Users/xinyufang/Library/Developer/Xcode/DerivedData/Buzz-faillbpsmponqzeruhhvskovixzk/SourcePackages/checkouts/stripe-ios-spm/Stripe3DS2/Stripe3DS2/include/STDSSwiftTryCatch.m -o /Users/xinyufang/Library/Developer/Xcode/DerivedData/Buzz-faillbpsmponqzeruhhvskovixzk/Build/Intermediates.noindex/Stripe.build/Debug-iphonesimulator/Stripe3DS2.build/Objects-normal/arm64/STDSSwiftTryCatch.o -index-unit-output-path /Stripe.build/Debug-iphonesimulator/Stripe3DS2.build/Objects-normal/arm64/STDSSwiftTryCatch.o

PrecompileModule /Users/xinyufang/Library/Developer/Xcode/DerivedData/Buzz-faillbpsmponqzeruhhvskovixzk/Build/Intermediates.noindex/ExplicitPrecompiledModules/_Builtin_stdatomic-8QEBE51IUN89UIGCUUPWG9PAE.scan
    cd /
    builtin-precompileModule /Users/xinyufang/Library/Developer/Xcode/DerivedData/Buzz-faillbpsmponqzeruhhvskovixzk/Build/Intermediates.noindex/ExplicitPrecompiledModules/_Builtin_stdatomic-8QEBE51IUN89UIGCUUPWG9PAE.scan

ScanDependencies /Users/xinyufang/Library/Developer/Xcode/DerivedData/Buzz-faillbpsmponqzeruhhvskovixzk/Build/Intermediates.noindex/Stripe.build/Debug-iphonesimulator/Stripe3DS2.build/Objects-normal/arm64/STDSStripe3DS2Error.o /Users/xinyufang/Library/Developer/Xcode/DerivedData/Buzz-faillbpsmponqzeruhhvskovixzk/SourcePackages/checkouts/stripe-ios-spm/Stripe3DS2/Stripe3DS2/include/STDSStripe3DS2Error.m normal arm64 objective-c com.apple.compilers.llvm.clang.1_0.compiler (in target 'Stripe3DS2' from project 'Stripe')
    cd /Users/xinyufang/Documents/Buzz/Buzz.xcodeproj
    
    Using response file: /Users/xinyufang/Library/Developer/Xcode/DerivedData/Buzz-faillbpsmponqzeruhhvskovixzk/Build/Intermediates.noindex/Stripe.build/Debug-iphonesimulator/Stripe3DS2.build/Objects-normal/arm64/e6072d4f65d7061329687fe24e3d63a7-common-args.resp
    
    builtin-ScanDependencies -o /Users/xinyufang/Library/Developer/Xcode/DerivedData/Buzz-faillbpsmponqzeruhhvskovixzk/Build/Intermediates.noindex/Stripe.build/Debug-iphonesimulator/Stripe3DS2.build/Objects-normal/arm64/STDSStripe3DS2Error.o.scan -- /Applications/Xcode.app/Contents/Developer/Toolchains/XcodeDefault.xctoolchain/usr/bin/clang -x objective-c -ivfsstatcache /Users/xinyufang/Library/Developer/Xcode/DerivedData/SDKStatCaches.noindex/iphonesimulator26.0-23A339-26257891a6c027eb51374368541b8346.sdkstatcache -fmessage-length\=0 -fdiagnostics-show-note-include-stack -fmacro-backtrace-limit\=0 -fno-color-diagnostics -fmodules-prune-interval\=86400 -fmodules-prune-after\=345600 -fbuild-session-file\=/Users/xinyufang/Library/Developer/Xcode/DerivedData/ModuleCache.noindex/Session.modulevalidation -fmodules-validate-once-per-build-session -Wnon-modular-include-in-framework-module -Werror\=non-modular-include-in-framework-module -Wno-trigraphs -Wno-missing-field-initializers -Wno-missing-prototypes -Wno-return-type -Wno-implicit-atomic-properties -Wno-objc-interface-ivars -Wno-arc-repeated-use-of-weak -Wno-missing-braces -Wparentheses -Wswitch -Wno-unused-function -Wno-unused-label -Wno-unused-parameter -Wno-unused-variable -Wunused-value -Wno-empty-body -Wno-uninitialized -Wno-unknown-pragmas -w -Wno-shadow -Wno-four-char-constants -Wno-conversion -Wno-constant-conversion -Wno-int-conversion -Wno-bool-conversion -Wno-enum-conversion -Wno-float-conversion -Wno-non-literal-null-conversion -Wno-objc-literal-conversion -Wshorten-64-to-32 -Wpointer-sign -Wno-newline-eof -Wno-selector -Wno-strict-selector-match -Wno-undeclared-selector -Wno-deprecated-implementations -Wno-implicit-fallthrough -fstrict-aliasing -Wprotocol -Wdeprecated-declarations -Wno-sign-conversion -Wno-infinite-recursion -Wno-comma -Wno-block-capture-autoreleasing -Wno-strict-prototypes -Wno-semicolon-before-method-body -index-store-path /Users/xinyufang/Library/Developer/Xcode/DerivedData/Buzz-faillbpsmponqzeruhhvskovixzk/Index.noindex/DataStore @/Users/xinyufang/Library/Developer/Xcode/DerivedData/Buzz-faillbpsmponqzeruhhvskovixzk/Build/Intermediates.noindex/Stripe.build/Debug-iphonesimulator/Stripe3DS2.build/Objects-normal/arm64/e6072d4f65d7061329687fe24e3d63a7-common-args.resp -include /Users/xinyufang/Library/Developer/Xcode/DerivedData/Buzz-faillbpsmponqzeruhhvskovixzk/Build/Intermediates.noindex/Stripe.build/Debug-iphonesimulator/Stripe3DS2.build/DerivedSources/resource_bundle_accessor.h -MMD -MT dependencies -MF /Users/xinyufang/Library/Developer/Xcode/DerivedData/Buzz-faillbpsmponqzeruhhvskovixzk/Build/Intermediates.noindex/Stripe.build/Debug-iphonesimulator/Stripe3DS2.build/Objects-normal/arm64/STDSStripe3DS2Error.d --serialize-diagnostics /Users/xinyufang/Library/Developer/Xcode/DerivedData/Buzz-faillbpsmponqzeruhhvskovixzk/Build/Intermediates.noindex/Stripe.build/Debug-iphonesimulator/Stripe3DS2.build/Objects-normal/arm64/STDSStripe3DS2Error.dia -c /Users/xinyufang/Library/Developer/Xcode/DerivedData/Buzz-faillbpsmponqzeruhhvskovixzk/SourcePackages/checkouts/stripe-ios-spm/Stripe3DS2/Stripe3DS2/include/STDSStripe3DS2Error.m -o /Users/xinyufang/Library/Developer/Xcode/DerivedData/Buzz-faillbpsmponqzeruhhvskovixzk/Build/Intermediates.noindex/Stripe.build/Debug-iphonesimulator/Stripe3DS2.build/Objects-normal/arm64/STDSStripe3DS2Error.o -index-unit-output-path /Stripe.build/Debug-iphonesimulator/Stripe3DS2.build/Objects-normal/arm64/STDSStripe3DS2Error.o

SwiftDriverJobDiscovery normal arm64 Compiling PluginDetector.swift, STPAnalyticEvent.swift, STPAnalyticsClient+Error.swift, STPAnalyticsClient.swift, AppAttestService.swift, StripeAttest.swift, StripeAttestBackend.swift, Decimal+StripeCore.swift, Dictionary+Stripe.swift, Enums+CustomStringConvertible.swift, Locale+StripeCore.swift (in target 'StripeCore' from project 'Stripe')

ScanDependencies /Users/xinyufang/Library/Developer/Xcode/DerivedData/Buzz-faillbpsmponqzeruhhvskovixzk/Build/Intermediates.noindex/Stripe.build/Debug-iphonesimulator/Stripe3DS2.build/Objects-normal/arm64/STDSStackView.o /Users/xinyufang/Library/Developer/Xcode/DerivedData/Buzz-faillbpsmponqzeruhhvskovixzk/SourcePackages/checkouts/stripe-ios-spm/Stripe3DS2/Stripe3DS2/STDSStackView.m normal arm64 objective-c com.apple.compilers.llvm.clang.1_0.compiler (in target 'Stripe3DS2' from project 'Stripe')
    cd /Users/xinyufang/Documents/Buzz/Buzz.xcodeproj
    
    Using response file: /Users/xinyufang/Library/Developer/Xcode/DerivedData/Buzz-faillbpsmponqzeruhhvskovixzk/Build/Intermediates.noindex/Stripe.build/Debug-iphonesimulator/Stripe3DS2.build/Objects-normal/arm64/e6072d4f65d7061329687fe24e3d63a7-common-args.resp
    
    builtin-ScanDependencies -o /Users/xinyufang/Library/Developer/Xcode/DerivedData/Buzz-faillbpsmponqzeruhhvskovixzk/Build/Intermediates.noindex/Stripe.build/Debug-iphonesimulator/Stripe3DS2.build/Objects-normal/arm64/STDSStackView.o.scan -- /Applications/Xcode.app/Contents/Developer/Toolchains/XcodeDefault.xctoolchain/usr/bin/clang -x objective-c -ivfsstatcache /Users/xinyufang/Library/Developer/Xcode/DerivedData/SDKStatCaches.noindex/iphonesimulator26.0-23A339-26257891a6c027eb51374368541b8346.sdkstatcache -fmessage-length\=0 -fdiagnostics-show-note-include-stack -fmacro-backtrace-limit\=0 -fno-color-diagnostics -fmodules-prune-interval\=86400 -fmodules-prune-after\=345600 -fbuild-session-file\=/Users/xinyufang/Library/Developer/Xcode/DerivedData/ModuleCache.noindex/Session.modulevalidation -fmodules-validate-once-per-build-session -Wnon-modular-include-in-framework-module -Werror\=non-modular-include-in-framework-module -Wno-trigraphs -Wno-missing-field-initializers -Wno-missing-prototypes -Wno-return-type -Wno-implicit-atomic-properties -Wno-objc-interface-ivars -Wno-arc-repeated-use-of-weak -Wno-missing-braces -Wparentheses -Wswitch -Wno-unused-function -Wno-unused-label -Wno-unused-parameter -Wno-unused-variable -Wunused-value -Wno-empty-body -Wno-uninitialized -Wno-unknown-pragmas -w -Wno-shadow -Wno-four-char-constants -Wno-conversion -Wno-constant-conversion -Wno-int-conversion -Wno-bool-conversion -Wno-enum-conversion -Wno-float-conversion -Wno-non-literal-null-conversion -Wno-objc-literal-conversion -Wshorten-64-to-32 -Wpointer-sign -Wno-newline-eof -Wno-selector -Wno-strict-selector-match -Wno-undeclared-selector -Wno-deprecated-implementations -Wno-implicit-fallthrough -fstrict-aliasing -Wprotocol -Wdeprecated-declarations -Wno-sign-conversion -Wno-infinite-recursion -Wno-comma -Wno-block-capture-autoreleasing -Wno-strict-prototypes -Wno-semicolon-before-method-body -index-store-path /Users/xinyufang/Library/Developer/Xcode/DerivedData/Buzz-faillbpsmponqzeruhhvskovixzk/Index.noindex/DataStore @/Users/xinyufang/Library/Developer/Xcode/DerivedData/Buzz-faillbpsmponqzeruhhvskovixzk/Build/Intermediates.noindex/Stripe.build/Debug-iphonesimulator/Stripe3DS2.build/Objects-normal/arm64/e6072d4f65d7061329687fe24e3d63a7-common-args.resp -include /Users/xinyufang/Library/Developer/Xcode/DerivedData/Buzz-faillbpsmponqzeruhhvskovixzk/Build/Intermediates.noindex/Stripe.build/Debug-iphonesimulator/Stripe3DS2.build/DerivedSources/resource_bundle_accessor.h -MMD -MT dependencies -MF /Users/xinyufang/Library/Developer/Xcode/DerivedData/Buzz-faillbpsmponqzeruhhvskovixzk/Build/Intermediates.noindex/Stripe.build/Debug-iphonesimulator/Stripe3DS2.build/Objects-normal/arm64/STDSStackView.d --serialize-diagnostics /Users/xinyufang/Library/Developer/Xcode/DerivedData/Buzz-faillbpsmponqzeruhhvskovixzk/Build/Intermediates.noindex/Stripe.build/Debug-iphonesimulator/Stripe3DS2.build/Objects-normal/arm64/STDSStackView.dia -c /Users/xinyufang/Library/Developer/Xcode/DerivedData/Buzz-faillbpsmponqzeruhhvskovixzk/SourcePackages/checkouts/stripe-ios-spm/Stripe3DS2/Stripe3DS2/STDSStackView.m -o /Users/xinyufang/Library/Developer/Xcode/DerivedData/Buzz-faillbpsmponqzeruhhvskovixzk/Build/Intermediates.noindex/Stripe.build/Debug-iphonesimulator/Stripe3DS2.build/Objects-normal/arm64/STDSStackView.o -index-unit-output-path /Stripe.build/Debug-iphonesimulator/Stripe3DS2.build/Objects-normal/arm64/STDSStackView.o

ScanDependencies /Users/xinyufang/Library/Developer/Xcode/DerivedData/Buzz-faillbpsmponqzeruhhvskovixzk/Build/Intermediates.noindex/Stripe.build/Debug-iphonesimulator/Stripe3DS2.build/Objects-normal/arm64/STDSSpacerView.o /Users/xinyufang/Library/Developer/Xcode/DerivedData/Buzz-faillbpsmponqzeruhhvskovixzk/SourcePackages/checkouts/stripe-ios-spm/Stripe3DS2/Stripe3DS2/STDSSpacerView.m normal arm64 objective-c com.apple.compilers.llvm.clang.1_0.compiler (in target 'Stripe3DS2' from project 'Stripe')
    cd /Users/xinyufang/Documents/Buzz/Buzz.xcodeproj
    
    Using response file: /Users/xinyufang/Library/Developer/Xcode/DerivedData/Buzz-faillbpsmponqzeruhhvskovixzk/Build/Intermediates.noindex/Stripe.build/Debug-iphonesimulator/Stripe3DS2.build/Objects-normal/arm64/e6072d4f65d7061329687fe24e3d63a7-common-args.resp
    
    builtin-ScanDependencies -o /Users/xinyufang/Library/Developer/Xcode/DerivedData/Buzz-faillbpsmponqzeruhhvskovixzk/Build/Intermediates.noindex/Stripe.build/Debug-iphonesimulator/Stripe3DS2.build/Objects-normal/arm64/STDSSpacerView.o.scan -- /Applications/Xcode.app/Contents/Developer/Toolchains/XcodeDefault.xctoolchain/usr/bin/clang -x objective-c -ivfsstatcache /Users/xinyufang/Library/Developer/Xcode/DerivedData/SDKStatCaches.noindex/iphonesimulator26.0-23A339-26257891a6c027eb51374368541b8346.sdkstatcache -fmessage-length\=0 -fdiagnostics-show-note-include-stack -fmacro-backtrace-limit\=0 -fno-color-diagnostics -fmodules-prune-interval\=86400 -fmodules-prune-after\=345600 -fbuild-session-file\=/Users/xinyufang/Library/Developer/Xcode/DerivedData/ModuleCache.noindex/Session.modulevalidation -fmodules-validate-once-per-build-session -Wnon-modular-include-in-framework-module -Werror\=non-modular-include-in-framework-module -Wno-trigraphs -Wno-missing-field-initializers -Wno-missing-prototypes -Wno-return-type -Wno-implicit-atomic-properties -Wno-objc-interface-ivars -Wno-arc-repeated-use-of-weak -Wno-missing-braces -Wparentheses -Wswitch -Wno-unused-function -Wno-unused-label -Wno-unused-parameter -Wno-unused-variable -Wunused-value -Wno-empty-body -Wno-uninitialized -Wno-unknown-pragmas -w -Wno-shadow -Wno-four-char-constants -Wno-conversion -Wno-constant-conversion -Wno-int-conversion -Wno-bool-conversion -Wno-enum-conversion -Wno-float-conversion -Wno-non-literal-null-conversion -Wno-objc-literal-conversion -Wshorten-64-to-32 -Wpointer-sign -Wno-newline-eof -Wno-selector -Wno-strict-selector-match -Wno-undeclared-selector -Wno-deprecated-implementations -Wno-implicit-fallthrough -fstrict-aliasing -Wprotocol -Wdeprecated-declarations -Wno-sign-conversion -Wno-infinite-recursion -Wno-comma -Wno-block-capture-autoreleasing -Wno-strict-prototypes -Wno-semicolon-before-method-body -index-store-path /Users/xinyufang/Library/Developer/Xcode/DerivedData/Buzz-faillbpsmponqzeruhhvskovixzk/Index.noindex/DataStore @/Users/xinyufang/Library/Developer/Xcode/DerivedData/Buzz-faillbpsmponqzeruhhvskovixzk/Build/Intermediates.noindex/Stripe.build/Debug-iphonesimulator/Stripe3DS2.build/Objects-normal/arm64/e6072d4f65d7061329687fe24e3d63a7-common-args.resp -include /Users/xinyufang/Library/Developer/Xcode/DerivedData/Buzz-faillbpsmponqzeruhhvskovixzk/Build/Intermediates.noindex/Stripe.build/Debug-iphonesimulator/Stripe3DS2.build/DerivedSources/resource_bundle_accessor.h -MMD -MT dependencies -MF /Users/xinyufang/Library/Developer/Xcode/DerivedData/Buzz-faillbpsmponqzeruhhvskovixzk/Build/Intermediates.noindex/Stripe.build/Debug-iphonesimulator/Stripe3DS2.build/Objects-normal/arm64/STDSSpacerView.d --serialize-diagnostics /Users/xinyufang/Library/Developer/Xcode/DerivedData/Buzz-faillbpsmponqzeruhhvskovixzk/Build/Intermediates.noindex/Stripe.build/Debug-iphonesimulator/Stripe3DS2.build/Objects-normal/arm64/STDSSpacerView.dia -c /Users/xinyufang/Library/Developer/Xcode/DerivedData/Buzz-faillbpsmponqzeruhhvskovixzk/SourcePackages/checkouts/stripe-ios-spm/Stripe3DS2/Stripe3DS2/STDSSpacerView.m -o /Users/xinyufang/Library/Developer/Xcode/DerivedData/Buzz-faillbpsmponqzeruhhvskovixzk/Build/Intermediates.noindex/Stripe.build/Debug-iphonesimulator/Stripe3DS2.build/Objects-normal/arm64/STDSSpacerView.o -index-unit-output-path /Stripe.build/Debug-iphonesimulator/Stripe3DS2.build/Objects-normal/arm64/STDSSpacerView.o

ScanDependencies /Users/xinyufang/Library/Developer/Xcode/DerivedData/Buzz-faillbpsmponqzeruhhvskovixzk/Build/Intermediates.noindex/Stripe.build/Debug-iphonesimulator/Stripe3DS2.build/Objects-normal/arm64/STDSSimulatorChecker.o /Users/xinyufang/Library/Developer/Xcode/DerivedData/Buzz-faillbpsmponqzeruhhvskovixzk/SourcePackages/checkouts/stripe-ios-spm/Stripe3DS2/Stripe3DS2/STDSSimulatorChecker.m normal arm64 objective-c com.apple.compilers.llvm.clang.1_0.compiler (in target 'Stripe3DS2' from project 'Stripe')
    cd /Users/xinyufang/Documents/Buzz/Buzz.xcodeproj
    
    Using response file: /Users/xinyufang/Library/Developer/Xcode/DerivedData/Buzz-faillbpsmponqzeruhhvskovixzk/Build/Intermediates.noindex/Stripe.build/Debug-iphonesimulator/Stripe3DS2.build/Objects-normal/arm64/e6072d4f65d7061329687fe24e3d63a7-common-args.resp
    
    builtin-ScanDependencies -o /Users/xinyufang/Library/Developer/Xcode/DerivedData/Buzz-faillbpsmponqzeruhhvskovixzk/Build/Intermediates.noindex/Stripe.build/Debug-iphonesimulator/Stripe3DS2.build/Objects-normal/arm64/STDSSimulatorChecker.o.scan -- /Applications/Xcode.app/Contents/Developer/Toolchains/XcodeDefault.xctoolchain/usr/bin/clang -x objective-c -ivfsstatcache /Users/xinyufang/Library/Developer/Xcode/DerivedData/SDKStatCaches.noindex/iphonesimulator26.0-23A339-26257891a6c027eb51374368541b8346.sdkstatcache -fmessage-length\=0 -fdiagnostics-show-note-include-stack -fmacro-backtrace-limit\=0 -fno-color-diagnostics -fmodules-prune-interval\=86400 -fmodules-prune-after\=345600 -fbuild-session-file\=/Users/xinyufang/Library/Developer/Xcode/DerivedData/ModuleCache.noindex/Session.modulevalidation -fmodules-validate-once-per-build-session -Wnon-modular-include-in-framework-module -Werror\=non-modular-include-in-framework-module -Wno-trigraphs -Wno-missing-field-initializers -Wno-missing-prototypes -Wno-return-type -Wno-implicit-atomic-properties -Wno-objc-interface-ivars -Wno-arc-repeated-use-of-weak -Wno-missing-braces -Wparentheses -Wswitch -Wno-unused-function -Wno-unused-label -Wno-unused-parameter -Wno-unused-variable -Wunused-value -Wno-empty-body -Wno-uninitialized -Wno-unknown-pragmas -w -Wno-shadow -Wno-four-char-constants -Wno-conversion -Wno-constant-conversion -Wno-int-conversion -Wno-bool-conversion -Wno-enum-conversion -Wno-float-conversion -Wno-non-literal-null-conversion -Wno-objc-literal-conversion -Wshorten-64-to-32 -Wpointer-sign -Wno-newline-eof -Wno-selector -Wno-strict-selector-match -Wno-undeclared-selector -Wno-deprecated-implementations -Wno-implicit-fallthrough -fstrict-aliasing -Wprotocol -Wdeprecated-declarations -Wno-sign-conversion -Wno-infinite-recursion -Wno-comma -Wno-block-capture-autoreleasing -Wno-strict-prototypes -Wno-semicolon-before-method-body -index-store-path /Users/xinyufang/Library/Developer/Xcode/DerivedData/Buzz-faillbpsmponqzeruhhvskovixzk/Index.noindex/DataStore @/Users/xinyufang/Library/Developer/Xcode/DerivedData/Buzz-faillbpsmponqzeruhhvskovixzk/Build/Intermediates.noindex/Stripe.build/Debug-iphonesimulator/Stripe3DS2.build/Objects-normal/arm64/e6072d4f65d7061329687fe24e3d63a7-common-args.resp -include /Users/xinyufang/Library/Developer/Xcode/DerivedData/Buzz-faillbpsmponqzeruhhvskovixzk/Build/Intermediates.noindex/Stripe.build/Debug-iphonesimulator/Stripe3DS2.build/DerivedSources/resource_bundle_accessor.h -MMD -MT dependencies -MF /Users/xinyufang/Library/Developer/Xcode/DerivedData/Buzz-faillbpsmponqzeruhhvskovixzk/Build/Intermediates.noindex/Stripe.build/Debug-iphonesimulator/Stripe3DS2.build/Objects-normal/arm64/STDSSimulatorChecker.d --serialize-diagnostics /Users/xinyufang/Library/Developer/Xcode/DerivedData/Buzz-faillbpsmponqzeruhhvskovixzk/Build/Intermediates.noindex/Stripe.build/Debug-iphonesimulator/Stripe3DS2.build/Objects-normal/arm64/STDSSimulatorChecker.dia -c /Users/xinyufang/Library/Developer/Xcode/DerivedData/Buzz-faillbpsmponqzeruhhvskovixzk/SourcePackages/checkouts/stripe-ios-spm/Stripe3DS2/Stripe3DS2/STDSSimulatorChecker.m -o /Users/xinyufang/Library/Developer/Xcode/DerivedData/Buzz-faillbpsmponqzeruhhvskovixzk/Build/Intermediates.noindex/Stripe.build/Debug-iphonesimulator/Stripe3DS2.build/Objects-normal/arm64/STDSSimulatorChecker.o -index-unit-output-path /Stripe.build/Debug-iphonesimulator/Stripe3DS2.build/Objects-normal/arm64/STDSSimulatorChecker.o

ScanDependencies /Users/xinyufang/Library/Developer/Xcode/DerivedData/Buzz-faillbpsmponqzeruhhvskovixzk/Build/Intermediates.noindex/Stripe.build/Debug-iphonesimulator/Stripe3DS2.build/Objects-normal/arm64/STDSSelectionCustomization.o /Users/xinyufang/Library/Developer/Xcode/DerivedData/Buzz-faillbpsmponqzeruhhvskovixzk/SourcePackages/checkouts/stripe-ios-spm/Stripe3DS2/Stripe3DS2/include/STDSSelectionCustomization.m normal arm64 objective-c com.apple.compilers.llvm.clang.1_0.compiler (in target 'Stripe3DS2' from project 'Stripe')
    cd /Users/xinyufang/Documents/Buzz/Buzz.xcodeproj
    
    Using response file: /Users/xinyufang/Library/Developer/Xcode/DerivedData/Buzz-faillbpsmponqzeruhhvskovixzk/Build/Intermediates.noindex/Stripe.build/Debug-iphonesimulator/Stripe3DS2.build/Objects-normal/arm64/e6072d4f65d7061329687fe24e3d63a7-common-args.resp
    
    builtin-ScanDependencies -o /Users/xinyufang/Library/Developer/Xcode/DerivedData/Buzz-faillbpsmponqzeruhhvskovixzk/Build/Intermediates.noindex/Stripe.build/Debug-iphonesimulator/Stripe3DS2.build/Objects-normal/arm64/STDSSelectionCustomization.o.scan -- /Applications/Xcode.app/Contents/Developer/Toolchains/XcodeDefault.xctoolchain/usr/bin/clang -x objective-c -ivfsstatcache /Users/xinyufang/Library/Developer/Xcode/DerivedData/SDKStatCaches.noindex/iphonesimulator26.0-23A339-26257891a6c027eb51374368541b8346.sdkstatcache -fmessage-length\=0 -fdiagnostics-show-note-include-stack -fmacro-backtrace-limit\=0 -fno-color-diagnostics -fmodules-prune-interval\=86400 -fmodules-prune-after\=345600 -fbuild-session-file\=/Users/xinyufang/Library/Developer/Xcode/DerivedData/ModuleCache.noindex/Session.modulevalidation -fmodules-validate-once-per-build-session -Wnon-modular-include-in-framework-module -Werror\=non-modular-include-in-framework-module -Wno-trigraphs -Wno-missing-field-initializers -Wno-missing-prototypes -Wno-return-type -Wno-implicit-atomic-properties -Wno-objc-interface-ivars -Wno-arc-repeated-use-of-weak -Wno-missing-braces -Wparentheses -Wswitch -Wno-unused-function -Wno-unused-label -Wno-unused-parameter -Wno-unused-variable -Wunused-value -Wno-empty-body -Wno-uninitialized -Wno-unknown-pragmas -w -Wno-shadow -Wno-four-char-constants -Wno-conversion -Wno-constant-conversion -Wno-int-conversion -Wno-bool-conversion -Wno-enum-conversion -Wno-float-conversion -Wno-non-literal-null-conversion -Wno-objc-literal-conversion -Wshorten-64-to-32 -Wpointer-sign -Wno-newline-eof -Wno-selector -Wno-strict-selector-match -Wno-undeclared-selector -Wno-deprecated-implementations -Wno-implicit-fallthrough -fstrict-aliasing -Wprotocol -Wdeprecated-declarations -Wno-sign-conversion -Wno-infinite-recursion -Wno-comma -Wno-block-capture-autoreleasing -Wno-strict-prototypes -Wno-semicolon-before-method-body -index-store-path /Users/xinyufang/Library/Developer/Xcode/DerivedData/Buzz-faillbpsmponqzeruhhvskovixzk/Index.noindex/DataStore @/Users/xinyufang/Library/Developer/Xcode/DerivedData/Buzz-faillbpsmponqzeruhhvskovixzk/Build/Intermediates.noindex/Stripe.build/Debug-iphonesimulator/Stripe3DS2.build/Objects-normal/arm64/e6072d4f65d7061329687fe24e3d63a7-common-args.resp -include /Users/xinyufang/Library/Developer/Xcode/DerivedData/Buzz-faillbpsmponqzeruhhvskovixzk/Build/Intermediates.noindex/Stripe.build/Debug-iphonesimulator/Stripe3DS2.build/DerivedSources/resource_bundle_accessor.h -MMD -MT dependencies -MF /Users/xinyufang/Library/Developer/Xcode/DerivedData/Buzz-faillbpsmponqzeruhhvskovixzk/Build/Intermediates.noindex/Stripe.build/Debug-iphonesimulator/Stripe3DS2.build/Objects-normal/arm64/STDSSelectionCustomization.d --serialize-diagnostics /Users/xinyufang/Library/Developer/Xcode/DerivedData/Buzz-faillbpsmponqzeruhhvskovixzk/Build/Intermediates.noindex/Stripe.build/Debug-iphonesimulator/Stripe3DS2.build/Objects-normal/arm64/STDSSelectionCustomization.dia -c /Users/xinyufang/Library/Developer/Xcode/DerivedData/Buzz-faillbpsmponqzeruhhvskovixzk/SourcePackages/checkouts/stripe-ios-spm/Stripe3DS2/Stripe3DS2/include/STDSSelectionCustomization.m -o /Users/xinyufang/Library/Developer/Xcode/DerivedData/Buzz-faillbpsmponqzeruhhvskovixzk/Build/Intermediates.noindex/Stripe.build/Debug-iphonesimulator/Stripe3DS2.build/Objects-normal/arm64/STDSSelectionCustomization.o -index-unit-output-path /Stripe.build/Debug-iphonesimulator/Stripe3DS2.build/Objects-normal/arm64/STDSSelectionCustomization.o

SwiftDriver\ Compilation StripeCore normal arm64 com.apple.xcode.tools.swift.compiler (in target 'StripeCore' from project 'Stripe')
    cd /Users/xinyufang/Documents/Buzz/Buzz.xcodeproj
    builtin-Swift-Compilation -- /Applications/Xcode.app/Contents/Developer/Toolchains/XcodeDefault.xctoolchain/usr/bin/swiftc -module-name StripeCore -Onone -enforce-exclusivity\=checked @/Users/xinyufang/Library/Developer/Xcode/DerivedData/Buzz-faillbpsmponqzeruhhvskovixzk/Build/Intermediates.noindex/Stripe.build/Debug-iphonesimulator/StripeCore.build/Objects-normal/arm64/StripeCore.SwiftFileList -DSWIFT_PACKAGE -DDEBUG -DSWIFT_MODULE_RESOURCE_BUNDLE_AVAILABLE -DXcode -plugin-path /Applications/Xcode.app/Contents/Developer/Toolchains/XcodeDefault.xctoolchain/usr/lib/swift/host/plugins/testing -enable-experimental-feature DebugDescriptionMacro -sdk /Applications/Xcode.app/Contents/Developer/Platforms/iPhoneSimulator.platform/Developer/SDKs/iPhoneSimulator26.0.sdk -target arm64-apple-ios13.0-simulator -g -module-cache-path /Users/xinyufang/Library/Developer/Xcode/DerivedData/ModuleCache.noindex -Xfrontend -serialize-debugging-options -enable-testing -suppress-warnings -index-store-path /Users/xinyufang/Library/Developer/Xcode/DerivedData/Buzz-faillbpsmponqzeruhhvskovixzk/Index.noindex/DataStore -Xcc -D_LIBCPP_HARDENING_MODE\=_LIBCPP_HARDENING_MODE_DEBUG -swift-version 5 -I /Users/xinyufang/Library/Developer/Xcode/DerivedData/Buzz-faillbpsmponqzeruhhvskovixzk/Build/Products/Debug-iphonesimulator -Isystem /Applications/Xcode.app/Contents/Developer/Platforms/iPhoneSimulator.platform/Developer/usr/lib -F /Users/xinyufang/Library/Developer/Xcode/DerivedData/Buzz-faillbpsmponqzeruhhvskovixzk/Build/Products/Debug-iphonesimulator -F /Applications/Xcode.app/Contents/Developer/Platforms/iPhoneSimulator.platform/Developer/Library/Frameworks -F /Applications/Xcode.app/Contents/Developer/Platforms/iPhoneSimulator.platform/Developer/SDKs/iPhoneSimulator26.0.sdk/Developer/Library/Frameworks -emit-localized-strings -emit-localized-strings-path /Users/xinyufang/Library/Developer/Xcode/DerivedData/Buzz-faillbpsmponqzeruhhvskovixzk/Build/Intermediates.noindex/Stripe.build/Debug-iphonesimulator/StripeCore.build/Objects-normal/arm64 -c -j8 -enable-batch-mode -incremental -Xcc -ivfsstatcache -Xcc /Users/xinyufang/Library/Developer/Xcode/DerivedData/SDKStatCaches.noindex/iphonesimulator26.0-23A339-26257891a6c027eb51374368541b8346.sdkstatcache -output-file-map /Users/xinyufang/Library/Developer/Xcode/DerivedData/Buzz-faillbpsmponqzeruhhvskovixzk/Build/Intermediates.noindex/Stripe.build/Debug-iphonesimulator/StripeCore.build/Objects-normal/arm64/StripeCore-OutputFileMap.json -use-frontend-parseable-output -save-temps -no-color-diagnostics -explicit-module-build -module-cache-path /Users/xinyufang/Library/Developer/Xcode/DerivedData/Buzz-faillbpsmponqzeruhhvskovixzk/Build/Intermediates.noindex/SwiftExplicitPrecompiledModules -clang-scanner-module-cache-path /Users/xinyufang/Library/Developer/Xcode/DerivedData/ModuleCache.noindex -sdk-module-cache-path /Users/xinyufang/Library/Developer/Xcode/DerivedData/ModuleCache.noindex -serialize-diagnostics -emit-dependencies -emit-module -emit-module-path /Users/xinyufang/Library/Developer/Xcode/DerivedData/Buzz-faillbpsmponqzeruhhvskovixzk/Build/Intermediates.noindex/Stripe.build/Debug-iphonesimulator/StripeCore.build/Objects-normal/arm64/StripeCore.swiftmodule -validate-clang-modules-once -clang-build-session-file /Users/xinyufang/Library/Developer/Xcode/DerivedData/ModuleCache.noindex/Session.modulevalidation -Xcc -I/Users/xinyufang/Library/Developer/Xcode/DerivedData/Buzz-faillbpsmponqzeruhhvskovixzk/Build/Intermediates.noindex/Stripe.build/Debug-iphonesimulator/StripeCore.build/swift-overrides.hmap -emit-const-values -Xfrontend -const-gather-protocols-file -Xfrontend /Users/xinyufang/Library/Developer/Xcode/DerivedData/Buzz-faillbpsmponqzeruhhvskovixzk/Build/Intermediates.noindex/Stripe.build/Debug-iphonesimulator/StripeCore.build/Objects-normal/arm64/StripeCore_const_extract_protocols.json -Xcc -I/Users/xinyufang/Library/Developer/Xcode/DerivedData/Buzz-faillbpsmponqzeruhhvskovixzk/Build/Products/Debug-iphonesimulator/include -Xcc -I/Users/xinyufang/Library/Developer/Xcode/DerivedData/Buzz-faillbpsmponqzeruhhvskovixzk/Build/Intermediates.noindex/Stripe.build/Debug-iphonesimulator/StripeCore.build/DerivedSources-normal/arm64 -Xcc -I/Users/xinyufang/Library/Developer/Xcode/DerivedData/Buzz-faillbpsmponqzeruhhvskovixzk/Build/Intermediates.noindex/Stripe.build/Debug-iphonesimulator/StripeCore.build/DerivedSources/arm64 -Xcc -I/Users/xinyufang/Library/Developer/Xcode/DerivedData/Buzz-faillbpsmponqzeruhhvskovixzk/Build/Intermediates.noindex/Stripe.build/Debug-iphonesimulator/StripeCore.build/DerivedSources -Xcc -DSWIFT_PACKAGE -Xcc -DDEBUG\=1 -emit-objc-header -emit-objc-header-path /Users/xinyufang/Library/Developer/Xcode/DerivedData/Buzz-faillbpsmponqzeruhhvskovixzk/Build/Intermediates.noindex/Stripe.build/Debug-iphonesimulator/StripeCore.build/Objects-normal/arm64/StripeCore-Swift.h -working-directory /Users/xinyufang/Documents/Buzz/Buzz.xcodeproj -experimental-emit-module-separately -disable-cmo

ScanDependencies /Users/xinyufang/Library/Developer/Xcode/DerivedData/Buzz-faillbpsmponqzeruhhvskovixzk/Build/Intermediates.noindex/Stripe.build/Debug-iphonesimulator/Stripe3DS2.build/Objects-normal/arm64/STDSSelectionButton.o /Users/xinyufang/Library/Developer/Xcode/DerivedData/Buzz-faillbpsmponqzeruhhvskovixzk/SourcePackages/checkouts/stripe-ios-spm/Stripe3DS2/Stripe3DS2/STDSSelectionButton.m normal arm64 objective-c com.apple.compilers.llvm.clang.1_0.compiler (in target 'Stripe3DS2' from project 'Stripe')
    cd /Users/xinyufang/Documents/Buzz/Buzz.xcodeproj
    
    Using response file: /Users/xinyufang/Library/Developer/Xcode/DerivedData/Buzz-faillbpsmponqzeruhhvskovixzk/Build/Intermediates.noindex/Stripe.build/Debug-iphonesimulator/Stripe3DS2.build/Objects-normal/arm64/e6072d4f65d7061329687fe24e3d63a7-common-args.resp
    
    builtin-ScanDependencies -o /Users/xinyufang/Library/Developer/Xcode/DerivedData/Buzz-faillbpsmponqzeruhhvskovixzk/Build/Intermediates.noindex/Stripe.build/Debug-iphonesimulator/Stripe3DS2.build/Objects-normal/arm64/STDSSelectionButton.o.scan -- /Applications/Xcode.app/Contents/Developer/Toolchains/XcodeDefault.xctoolchain/usr/bin/clang -x objective-c -ivfsstatcache /Users/xinyufang/Library/Developer/Xcode/DerivedData/SDKStatCaches.noindex/iphonesimulator26.0-23A339-26257891a6c027eb51374368541b8346.sdkstatcache -fmessage-length\=0 -fdiagnostics-show-note-include-stack -fmacro-backtrace-limit\=0 -fno-color-diagnostics -fmodules-prune-interval\=86400 -fmodules-prune-after\=345600 -fbuild-session-file\=/Users/xinyufang/Library/Developer/Xcode/DerivedData/ModuleCache.noindex/Session.modulevalidation -fmodules-validate-once-per-build-session -Wnon-modular-include-in-framework-module -Werror\=non-modular-include-in-framework-module -Wno-trigraphs -Wno-missing-field-initializers -Wno-missing-prototypes -Wno-return-type -Wno-implicit-atomic-properties -Wno-objc-interface-ivars -Wno-arc-repeated-use-of-weak -Wno-missing-braces -Wparentheses -Wswitch -Wno-unused-function -Wno-unused-label -Wno-unused-parameter -Wno-unused-variable -Wunused-value -Wno-empty-body -Wno-uninitialized -Wno-unknown-pragmas -w -Wno-shadow -Wno-four-char-constants -Wno-conversion -Wno-constant-conversion -Wno-int-conversion -Wno-bool-conversion -Wno-enum-conversion -Wno-float-conversion -Wno-non-literal-null-conversion -Wno-objc-literal-conversion -Wshorten-64-to-32 -Wpointer-sign -Wno-newline-eof -Wno-selector -Wno-strict-selector-match -Wno-undeclared-selector -Wno-deprecated-implementations -Wno-implicit-fallthrough -fstrict-aliasing -Wprotocol -Wdeprecated-declarations -Wno-sign-conversion -Wno-infinite-recursion -Wno-comma -Wno-block-capture-autoreleasing -Wno-strict-prototypes -Wno-semicolon-before-method-body -index-store-path /Users/xinyufang/Library/Developer/Xcode/DerivedData/Buzz-faillbpsmponqzeruhhvskovixzk/Index.noindex/DataStore @/Users/xinyufang/Library/Developer/Xcode/DerivedData/Buzz-faillbpsmponqzeruhhvskovixzk/Build/Intermediates.noindex/Stripe.build/Debug-iphonesimulator/Stripe3DS2.build/Objects-normal/arm64/e6072d4f65d7061329687fe24e3d63a7-common-args.resp -include /Users/xinyufang/Library/Developer/Xcode/DerivedData/Buzz-faillbpsmponqzeruhhvskovixzk/Build/Intermediates.noindex/Stripe.build/Debug-iphonesimulator/Stripe3DS2.build/DerivedSources/resource_bundle_accessor.h -MMD -MT dependencies -MF /Users/xinyufang/Library/Developer/Xcode/DerivedData/Buzz-faillbpsmponqzeruhhvskovixzk/Build/Intermediates.noindex/Stripe.build/Debug-iphonesimulator/Stripe3DS2.build/Objects-normal/arm64/STDSSelectionButton.d --serialize-diagnostics /Users/xinyufang/Library/Developer/Xcode/DerivedData/Buzz-faillbpsmponqzeruhhvskovixzk/Build/Intermediates.noindex/Stripe.build/Debug-iphonesimulator/Stripe3DS2.build/Objects-normal/arm64/STDSSelectionButton.dia -c /Users/xinyufang/Library/Developer/Xcode/DerivedData/Buzz-faillbpsmponqzeruhhvskovixzk/SourcePackages/checkouts/stripe-ios-spm/Stripe3DS2/Stripe3DS2/STDSSelectionButton.m -o /Users/xinyufang/Library/Developer/Xcode/DerivedData/Buzz-faillbpsmponqzeruhhvskovixzk/Build/Intermediates.noindex/Stripe.build/Debug-iphonesimulator/Stripe3DS2.build/Objects-normal/arm64/STDSSelectionButton.o -index-unit-output-path /Stripe.build/Debug-iphonesimulator/Stripe3DS2.build/Objects-normal/arm64/STDSSelectionButton.o

ScanDependencies /Users/xinyufang/Library/Developer/Xcode/DerivedData/Buzz-faillbpsmponqzeruhhvskovixzk/Build/Intermediates.noindex/Stripe.build/Debug-iphonesimulator/Stripe3DS2.build/Objects-normal/arm64/STDSSecTypeUtilities.o /Users/xinyufang/Library/Developer/Xcode/DerivedData/Buzz-faillbpsmponqzeruhhvskovixzk/SourcePackages/checkouts/stripe-ios-spm/Stripe3DS2/Stripe3DS2/STDSSecTypeUtilities.m normal arm64 objective-c com.apple.compilers.llvm.clang.1_0.compiler (in target 'Stripe3DS2' from project 'Stripe')
    cd /Users/xinyufang/Documents/Buzz/Buzz.xcodeproj
    
    Using response file: /Users/xinyufang/Library/Developer/Xcode/DerivedData/Buzz-faillbpsmponqzeruhhvskovixzk/Build/Intermediates.noindex/Stripe.build/Debug-iphonesimulator/Stripe3DS2.build/Objects-normal/arm64/e6072d4f65d7061329687fe24e3d63a7-common-args.resp
    
    builtin-ScanDependencies -o /Users/xinyufang/Library/Developer/Xcode/DerivedData/Buzz-faillbpsmponqzeruhhvskovixzk/Build/Intermediates.noindex/Stripe.build/Debug-iphonesimulator/Stripe3DS2.build/Objects-normal/arm64/STDSSecTypeUtilities.o.scan -- /Applications/Xcode.app/Contents/Developer/Toolchains/XcodeDefault.xctoolchain/usr/bin/clang -x objective-c -ivfsstatcache /Users/xinyufang/Library/Developer/Xcode/DerivedData/SDKStatCaches.noindex/iphonesimulator26.0-23A339-26257891a6c027eb51374368541b8346.sdkstatcache -fmessage-length\=0 -fdiagnostics-show-note-include-stack -fmacro-backtrace-limit\=0 -fno-color-diagnostics -fmodules-prune-interval\=86400 -fmodules-prune-after\=345600 -fbuild-session-file\=/Users/xinyufang/Library/Developer/Xcode/DerivedData/ModuleCache.noindex/Session.modulevalidation -fmodules-validate-once-per-build-session -Wnon-modular-include-in-framework-module -Werror\=non-modular-include-in-framework-module -Wno-trigraphs -Wno-missing-field-initializers -Wno-missing-prototypes -Wno-return-type -Wno-implicit-atomic-properties -Wno-objc-interface-ivars -Wno-arc-repeated-use-of-weak -Wno-missing-braces -Wparentheses -Wswitch -Wno-unused-function -Wno-unused-label -Wno-unused-parameter -Wno-unused-variable -Wunused-value -Wno-empty-body -Wno-uninitialized -Wno-unknown-pragmas -w -Wno-shadow -Wno-four-char-constants -Wno-conversion -Wno-constant-conversion -Wno-int-conversion -Wno-bool-conversion -Wno-enum-conversion -Wno-float-conversion -Wno-non-literal-null-conversion -Wno-objc-literal-conversion -Wshorten-64-to-32 -Wpointer-sign -Wno-newline-eof -Wno-selector -Wno-strict-selector-match -Wno-undeclared-selector -Wno-deprecated-implementations -Wno-implicit-fallthrough -fstrict-aliasing -Wprotocol -Wdeprecated-declarations -Wno-sign-conversion -Wno-infinite-recursion -Wno-comma -Wno-block-capture-autoreleasing -Wno-strict-prototypes -Wno-semicolon-before-method-body -index-store-path /Users/xinyufang/Library/Developer/Xcode/DerivedData/Buzz-faillbpsmponqzeruhhvskovixzk/Index.noindex/DataStore @/Users/xinyufang/Library/Developer/Xcode/DerivedData/Buzz-faillbpsmponqzeruhhvskovixzk/Build/Intermediates.noindex/Stripe.build/Debug-iphonesimulator/Stripe3DS2.build/Objects-normal/arm64/e6072d4f65d7061329687fe24e3d63a7-common-args.resp -include /Users/xinyufang/Library/Developer/Xcode/DerivedData/Buzz-faillbpsmponqzeruhhvskovixzk/Build/Intermediates.noindex/Stripe.build/Debug-iphonesimulator/Stripe3DS2.build/DerivedSources/resource_bundle_accessor.h -MMD -MT dependencies -MF /Users/xinyufang/Library/Developer/Xcode/DerivedData/Buzz-faillbpsmponqzeruhhvskovixzk/Build/Intermediates.noindex/Stripe.build/Debug-iphonesimulator/Stripe3DS2.build/Objects-normal/arm64/STDSSecTypeUtilities.d --serialize-diagnostics /Users/xinyufang/Library/Developer/Xcode/DerivedData/Buzz-faillbpsmponqzeruhhvskovixzk/Build/Intermediates.noindex/Stripe.build/Debug-iphonesimulator/Stripe3DS2.build/Objects-normal/arm64/STDSSecTypeUtilities.dia -c /Users/xinyufang/Library/Developer/Xcode/DerivedData/Buzz-faillbpsmponqzeruhhvskovixzk/SourcePackages/checkouts/stripe-ios-spm/Stripe3DS2/Stripe3DS2/STDSSecTypeUtilities.m -o /Users/xinyufang/Library/Developer/Xcode/DerivedData/Buzz-faillbpsmponqzeruhhvskovixzk/Build/Intermediates.noindex/Stripe.build/Debug-iphonesimulator/Stripe3DS2.build/Objects-normal/arm64/STDSSecTypeUtilities.o -index-unit-output-path /Stripe.build/Debug-iphonesimulator/Stripe3DS2.build/Objects-normal/arm64/STDSSecTypeUtilities.o

ScanDependencies /Users/xinyufang/Library/Developer/Xcode/DerivedData/Buzz-faillbpsmponqzeruhhvskovixzk/Build/Intermediates.noindex/Stripe.build/Debug-iphonesimulator/Stripe3DS2.build/Objects-normal/arm64/STDSRuntimeException.o /Users/xinyufang/Library/Developer/Xcode/DerivedData/Buzz-faillbpsmponqzeruhhvskovixzk/SourcePackages/checkouts/stripe-ios-spm/Stripe3DS2/Stripe3DS2/include/STDSRuntimeException.m normal arm64 objective-c com.apple.compilers.llvm.clang.1_0.compiler (in target 'Stripe3DS2' from project 'Stripe')
    cd /Users/xinyufang/Documents/Buzz/Buzz.xcodeproj
    
    Using response file: /Users/xinyufang/Library/Developer/Xcode/DerivedData/Buzz-faillbpsmponqzeruhhvskovixzk/Build/Intermediates.noindex/Stripe.build/Debug-iphonesimulator/Stripe3DS2.build/Objects-normal/arm64/e6072d4f65d7061329687fe24e3d63a7-common-args.resp
    
    builtin-ScanDependencies -o /Users/xinyufang/Library/Developer/Xcode/DerivedData/Buzz-faillbpsmponqzeruhhvskovixzk/Build/Intermediates.noindex/Stripe.build/Debug-iphonesimulator/Stripe3DS2.build/Objects-normal/arm64/STDSRuntimeException.o.scan -- /Applications/Xcode.app/Contents/Developer/Toolchains/XcodeDefault.xctoolchain/usr/bin/clang -x objective-c -ivfsstatcache /Users/xinyufang/Library/Developer/Xcode/DerivedData/SDKStatCaches.noindex/iphonesimulator26.0-23A339-26257891a6c027eb51374368541b8346.sdkstatcache -fmessage-length\=0 -fdiagnostics-show-note-include-stack -fmacro-backtrace-limit\=0 -fno-color-diagnostics -fmodules-prune-interval\=86400 -fmodules-prune-after\=345600 -fbuild-session-file\=/Users/xinyufang/Library/Developer/Xcode/DerivedData/ModuleCache.noindex/Session.modulevalidation -fmodules-validate-once-per-build-session -Wnon-modular-include-in-framework-module -Werror\=non-modular-include-in-framework-module -Wno-trigraphs -Wno-missing-field-initializers -Wno-missing-prototypes -Wno-return-type -Wno-implicit-atomic-properties -Wno-objc-interface-ivars -Wno-arc-repeated-use-of-weak -Wno-missing-braces -Wparentheses -Wswitch -Wno-unused-function -Wno-unused-label -Wno-unused-parameter -Wno-unused-variable -Wunused-value -Wno-empty-body -Wno-uninitialized -Wno-unknown-pragmas -w -Wno-shadow -Wno-four-char-constants -Wno-conversion -Wno-constant-conversion -Wno-int-conversion -Wno-bool-conversion -Wno-enum-conversion -Wno-float-conversion -Wno-non-literal-null-conversion -Wno-objc-literal-conversion -Wshorten-64-to-32 -Wpointer-sign -Wno-newline-eof -Wno-selector -Wno-strict-selector-match -Wno-undeclared-selector -Wno-deprecated-implementations -Wno-implicit-fallthrough -fstrict-aliasing -Wprotocol -Wdeprecated-declarations -Wno-sign-conversion -Wno-infinite-recursion -Wno-comma -Wno-block-capture-autoreleasing -Wno-strict-prototypes -Wno-semicolon-before-method-body -index-store-path /Users/xinyufang/Library/Developer/Xcode/DerivedData/Buzz-faillbpsmponqzeruhhvskovixzk/Index.noindex/DataStore @/Users/xinyufang/Library/Developer/Xcode/DerivedData/Buzz-faillbpsmponqzeruhhvskovixzk/Build/Intermediates.noindex/Stripe.build/Debug-iphonesimulator/Stripe3DS2.build/Objects-normal/arm64/e6072d4f65d7061329687fe24e3d63a7-common-args.resp -include /Users/xinyufang/Library/Developer/Xcode/DerivedData/Buzz-faillbpsmponqzeruhhvskovixzk/Build/Intermediates.noindex/Stripe.build/Debug-iphonesimulator/Stripe3DS2.build/DerivedSources/resource_bundle_accessor.h -MMD -MT dependencies -MF /Users/xinyufang/Library/Developer/Xcode/DerivedData/Buzz-faillbpsmponqzeruhhvskovixzk/Build/Intermediates.noindex/Stripe.build/Debug-iphonesimulator/Stripe3DS2.build/Objects-normal/arm64/STDSRuntimeException.d --serialize-diagnostics /Users/xinyufang/Library/Developer/Xcode/DerivedData/Buzz-faillbpsmponqzeruhhvskovixzk/Build/Intermediates.noindex/Stripe.build/Debug-iphonesimulator/Stripe3DS2.build/Objects-normal/arm64/STDSRuntimeException.dia -c /Users/xinyufang/Library/Developer/Xcode/DerivedData/Buzz-faillbpsmponqzeruhhvskovixzk/SourcePackages/checkouts/stripe-ios-spm/Stripe3DS2/Stripe3DS2/include/STDSRuntimeException.m -o /Users/xinyufang/Library/Developer/Xcode/DerivedData/Buzz-faillbpsmponqzeruhhvskovixzk/Build/Intermediates.noindex/Stripe.build/Debug-iphonesimulator/Stripe3DS2.build/Objects-normal/arm64/STDSRuntimeException.o -index-unit-output-path /Stripe.build/Debug-iphonesimulator/Stripe3DS2.build/Objects-normal/arm64/STDSRuntimeException.o

Ld /Users/xinyufang/Library/Developer/Xcode/DerivedData/Buzz-faillbpsmponqzeruhhvskovixzk/Build/Products/Debug-iphonesimulator/StripeCore.o normal (in target 'StripeCore' from project 'Stripe')
    cd /Users/xinyufang/Library/Developer/Xcode/DerivedData/Buzz-faillbpsmponqzeruhhvskovixzk/SourcePackages/checkouts/stripe-ios-spm
    /Applications/Xcode.app/Contents/Developer/Toolchains/XcodeDefault.xctoolchain/usr/bin/clang -Xlinker -reproducible -target arm64-apple-ios13.0-simulator -r -isysroot /Applications/Xcode.app/Contents/Developer/Platforms/iPhoneSimulator.platform/Developer/SDKs/iPhoneSimulator26.0.sdk -O0 -w -L/Users/xinyufang/Library/Developer/Xcode/DerivedData/Buzz-faillbpsmponqzeruhhvskovixzk/Build/Intermediates.noindex/EagerLinkingTBDs/Debug-iphonesimulator -L/Users/xinyufang/Library/Developer/Xcode/DerivedData/Buzz-faillbpsmponqzeruhhvskovixzk/Build/Products/Debug-iphonesimulator -L/Applications/Xcode.app/Contents/Developer/Platforms/iPhoneSimulator.platform/Developer/usr/lib -F/Users/xinyufang/Library/Developer/Xcode/DerivedData/Buzz-faillbpsmponqzeruhhvskovixzk/Build/Intermediates.noindex/EagerLinkingTBDs/Debug-iphonesimulator -F/Users/xinyufang/Library/Developer/Xcode/DerivedData/Buzz-faillbpsmponqzeruhhvskovixzk/Build/Products/Debug-iphonesimulator -iframework /Applications/Xcode.app/Contents/Developer/Platforms/iPhoneSimulator.platform/Developer/Library/Frameworks -iframework /Applications/Xcode.app/Contents/Developer/Platforms/iPhoneSimulator.platform/Developer/SDKs/iPhoneSimulator26.0.sdk/Developer/Library/Frameworks -filelist /Users/xinyufang/Library/Developer/Xcode/DerivedData/Buzz-faillbpsmponqzeruhhvskovixzk/Build/Intermediates.noindex/Stripe.build/Debug-iphonesimulator/StripeCore.build/Objects-normal/arm64/StripeCore.LinkFileList -nostdlib -Xlinker -object_path_lto -Xlinker /Users/xinyufang/Library/Developer/Xcode/DerivedData/Buzz-faillbpsmponqzeruhhvskovixzk/Build/Intermediates.noindex/Stripe.build/Debug-iphonesimulator/StripeCore.build/Objects-normal/arm64/StripeCore_lto.o -rdynamic -Xlinker -no_deduplicate -Xlinker -objc_abi_version -Xlinker 2 -Xlinker -dependency_info -Xlinker /Users/xinyufang/Library/Developer/Xcode/DerivedData/Buzz-faillbpsmponqzeruhhvskovixzk/Build/Intermediates.noindex/Stripe.build/Debug-iphonesimulator/StripeCore.build/Objects-normal/arm64/StripeCore_dependency_info.dat -fobjc-link-runtime -L/Applications/Xcode.app/Contents/Developer/Toolchains/XcodeDefault.xctoolchain/usr/lib/swift/iphonesimulator -L/usr/lib/swift -Xlinker -add_ast_path -Xlinker /Users/xinyufang/Library/Developer/Xcode/DerivedData/Buzz-faillbpsmponqzeruhhvskovixzk/Build/Intermediates.noindex/Stripe.build/Debug-iphonesimulator/StripeCore.build/Objects-normal/arm64/StripeCore.swiftmodule @/Users/xinyufang/Library/Developer/Xcode/DerivedData/Buzz-faillbpsmponqzeruhhvskovixzk/Build/Intermediates.noindex/Stripe.build/Debug-iphonesimulator/StripeCore.build/Objects-normal/arm64/StripeCore-linker-args.resp -o /Users/xinyufang/Library/Developer/Xcode/DerivedData/Buzz-faillbpsmponqzeruhhvskovixzk/Build/Products/Debug-iphonesimulator/StripeCore.o

ScanDependencies /Users/xinyufang/Library/Developer/Xcode/DerivedData/Buzz-faillbpsmponqzeruhhvskovixzk/Build/Intermediates.noindex/Stripe.build/Debug-iphonesimulator/Stripe3DS2.build/Objects-normal/arm64/STDSRuntimeErrorEvent.o /Users/xinyufang/Library/Developer/Xcode/DerivedData/Buzz-faillbpsmponqzeruhhvskovixzk/SourcePackages/checkouts/stripe-ios-spm/Stripe3DS2/Stripe3DS2/include/STDSRuntimeErrorEvent.m normal arm64 objective-c com.apple.compilers.llvm.clang.1_0.compiler (in target 'Stripe3DS2' from project 'Stripe')
    cd /Users/xinyufang/Documents/Buzz/Buzz.xcodeproj
    
    Using response file: /Users/xinyufang/Library/Developer/Xcode/DerivedData/Buzz-faillbpsmponqzeruhhvskovixzk/Build/Intermediates.noindex/Stripe.build/Debug-iphonesimulator/Stripe3DS2.build/Objects-normal/arm64/e6072d4f65d7061329687fe24e3d63a7-common-args.resp
    
    builtin-ScanDependencies -o /Users/xinyufang/Library/Developer/Xcode/DerivedData/Buzz-faillbpsmponqzeruhhvskovixzk/Build/Intermediates.noindex/Stripe.build/Debug-iphonesimulator/Stripe3DS2.build/Objects-normal/arm64/STDSRuntimeErrorEvent.o.scan -- /Applications/Xcode.app/Contents/Developer/Toolchains/XcodeDefault.xctoolchain/usr/bin/clang -x objective-c -ivfsstatcache /Users/xinyufang/Library/Developer/Xcode/DerivedData/SDKStatCaches.noindex/iphonesimulator26.0-23A339-26257891a6c027eb51374368541b8346.sdkstatcache -fmessage-length\=0 -fdiagnostics-show-note-include-stack -fmacro-backtrace-limit\=0 -fno-color-diagnostics -fmodules-prune-interval\=86400 -fmodules-prune-after\=345600 -fbuild-session-file\=/Users/xinyufang/Library/Developer/Xcode/DerivedData/ModuleCache.noindex/Session.modulevalidation -fmodules-validate-once-per-build-session -Wnon-modular-include-in-framework-module -Werror\=non-modular-include-in-framework-module -Wno-trigraphs -Wno-missing-field-initializers -Wno-missing-prototypes -Wno-return-type -Wno-implicit-atomic-properties -Wno-objc-interface-ivars -Wno-arc-repeated-use-of-weak -Wno-missing-braces -Wparentheses -Wswitch -Wno-unused-function -Wno-unused-label -Wno-unused-parameter -Wno-unused-variable -Wunused-value -Wno-empty-body -Wno-uninitialized -Wno-unknown-pragmas -w -Wno-shadow -Wno-four-char-constants -Wno-conversion -Wno-constant-conversion -Wno-int-conversion -Wno-bool-conversion -Wno-enum-conversion -Wno-float-conversion -Wno-non-literal-null-conversion -Wno-objc-literal-conversion -Wshorten-64-to-32 -Wpointer-sign -Wno-newline-eof -Wno-selector -Wno-strict-selector-match -Wno-undeclared-selector -Wno-deprecated-implementations -Wno-implicit-fallthrough -fstrict-aliasing -Wprotocol -Wdeprecated-declarations -Wno-sign-conversion -Wno-infinite-recursion -Wno-comma -Wno-block-capture-autoreleasing -Wno-strict-prototypes -Wno-semicolon-before-method-body -index-store-path /Users/xinyufang/Library/Developer/Xcode/DerivedData/Buzz-faillbpsmponqzeruhhvskovixzk/Index.noindex/DataStore @/Users/xinyufang/Library/Developer/Xcode/DerivedData/Buzz-faillbpsmponqzeruhhvskovixzk/Build/Intermediates.noindex/Stripe.build/Debug-iphonesimulator/Stripe3DS2.build/Objects-normal/arm64/e6072d4f65d7061329687fe24e3d63a7-common-args.resp -include /Users/xinyufang/Library/Developer/Xcode/DerivedData/Buzz-faillbpsmponqzeruhhvskovixzk/Build/Intermediates.noindex/Stripe.build/Debug-iphonesimulator/Stripe3DS2.build/DerivedSources/resource_bundle_accessor.h -MMD -MT dependencies -MF /Users/xinyufang/Library/Developer/Xcode/DerivedData/Buzz-faillbpsmponqzeruhhvskovixzk/Build/Intermediates.noindex/Stripe.build/Debug-iphonesimulator/Stripe3DS2.build/Objects-normal/arm64/STDSRuntimeErrorEvent.d --serialize-diagnostics /Users/xinyufang/Library/Developer/Xcode/DerivedData/Buzz-faillbpsmponqzeruhhvskovixzk/Build/Intermediates.noindex/Stripe.build/Debug-iphonesimulator/Stripe3DS2.build/Objects-normal/arm64/STDSRuntimeErrorEvent.dia -c /Users/xinyufang/Library/Developer/Xcode/DerivedData/Buzz-faillbpsmponqzeruhhvskovixzk/SourcePackages/checkouts/stripe-ios-spm/Stripe3DS2/Stripe3DS2/include/STDSRuntimeErrorEvent.m -o /Users/xinyufang/Library/Developer/Xcode/DerivedData/Buzz-faillbpsmponqzeruhhvskovixzk/Build/Intermediates.noindex/Stripe.build/Debug-iphonesimulator/Stripe3DS2.build/Objects-normal/arm64/STDSRuntimeErrorEvent.o -index-unit-output-path /Stripe.build/Debug-iphonesimulator/Stripe3DS2.build/Objects-normal/arm64/STDSRuntimeErrorEvent.o

ScanDependencies /Users/xinyufang/Library/Developer/Xcode/DerivedData/Buzz-faillbpsmponqzeruhhvskovixzk/Build/Intermediates.noindex/Stripe.build/Debug-iphonesimulator/Stripe3DS2.build/Objects-normal/arm64/STDSProtocolErrorEvent.o /Users/xinyufang/Library/Developer/Xcode/DerivedData/Buzz-faillbpsmponqzeruhhvskovixzk/SourcePackages/checkouts/stripe-ios-spm/Stripe3DS2/Stripe3DS2/include/STDSProtocolErrorEvent.m normal arm64 objective-c com.apple.compilers.llvm.clang.1_0.compiler (in target 'Stripe3DS2' from project 'Stripe')
    cd /Users/xinyufang/Documents/Buzz/Buzz.xcodeproj
    
    Using response file: /Users/xinyufang/Library/Developer/Xcode/DerivedData/Buzz-faillbpsmponqzeruhhvskovixzk/Build/Intermediates.noindex/Stripe.build/Debug-iphonesimulator/Stripe3DS2.build/Objects-normal/arm64/e6072d4f65d7061329687fe24e3d63a7-common-args.resp
    
    builtin-ScanDependencies -o /Users/xinyufang/Library/Developer/Xcode/DerivedData/Buzz-faillbpsmponqzeruhhvskovixzk/Build/Intermediates.noindex/Stripe.build/Debug-iphonesimulator/Stripe3DS2.build/Objects-normal/arm64/STDSProtocolErrorEvent.o.scan -- /Applications/Xcode.app/Contents/Developer/Toolchains/XcodeDefault.xctoolchain/usr/bin/clang -x objective-c -ivfsstatcache /Users/xinyufang/Library/Developer/Xcode/DerivedData/SDKStatCaches.noindex/iphonesimulator26.0-23A339-26257891a6c027eb51374368541b8346.sdkstatcache -fmessage-length\=0 -fdiagnostics-show-note-include-stack -fmacro-backtrace-limit\=0 -fno-color-diagnostics -fmodules-prune-interval\=86400 -fmodules-prune-after\=345600 -fbuild-session-file\=/Users/xinyufang/Library/Developer/Xcode/DerivedData/ModuleCache.noindex/Session.modulevalidation -fmodules-validate-once-per-build-session -Wnon-modular-include-in-framework-module -Werror\=non-modular-include-in-framework-module -Wno-trigraphs -Wno-missing-field-initializers -Wno-missing-prototypes -Wno-return-type -Wno-implicit-atomic-properties -Wno-objc-interface-ivars -Wno-arc-repeated-use-of-weak -Wno-missing-braces -Wparentheses -Wswitch -Wno-unused-function -Wno-unused-label -Wno-unused-parameter -Wno-unused-variable -Wunused-value -Wno-empty-body -Wno-uninitialized -Wno-unknown-pragmas -w -Wno-shadow -Wno-four-char-constants -Wno-conversion -Wno-constant-conversion -Wno-int-conversion -Wno-bool-conversion -Wno-enum-conversion -Wno-float-conversion -Wno-non-literal-null-conversion -Wno-objc-literal-conversion -Wshorten-64-to-32 -Wpointer-sign -Wno-newline-eof -Wno-selector -Wno-strict-selector-match -Wno-undeclared-selector -Wno-deprecated-implementations -Wno-implicit-fallthrough -fstrict-aliasing -Wprotocol -Wdeprecated-declarations -Wno-sign-conversion -Wno-infinite-recursion -Wno-comma -Wno-block-capture-autoreleasing -Wno-strict-prototypes -Wno-semicolon-before-method-body -index-store-path /Users/xinyufang/Library/Developer/Xcode/DerivedData/Buzz-faillbpsmponqzeruhhvskovixzk/Index.noindex/DataStore @/Users/xinyufang/Library/Developer/Xcode/DerivedData/Buzz-faillbpsmponqzeruhhvskovixzk/Build/Intermediates.noindex/Stripe.build/Debug-iphonesimulator/Stripe3DS2.build/Objects-normal/arm64/e6072d4f65d7061329687fe24e3d63a7-common-args.resp -include /Users/xinyufang/Library/Developer/Xcode/DerivedData/Buzz-faillbpsmponqzeruhhvskovixzk/Build/Intermediates.noindex/Stripe.build/Debug-iphonesimulator/Stripe3DS2.build/DerivedSources/resource_bundle_accessor.h -MMD -MT dependencies -MF /Users/xinyufang/Library/Developer/Xcode/DerivedData/Buzz-faillbpsmponqzeruhhvskovixzk/Build/Intermediates.noindex/Stripe.build/Debug-iphonesimulator/Stripe3DS2.build/Objects-normal/arm64/STDSProtocolErrorEvent.d --serialize-diagnostics /Users/xinyufang/Library/Developer/Xcode/DerivedData/Buzz-faillbpsmponqzeruhhvskovixzk/Build/Intermediates.noindex/Stripe.build/Debug-iphonesimulator/Stripe3DS2.build/Objects-normal/arm64/STDSProtocolErrorEvent.dia -c /Users/xinyufang/Library/Developer/Xcode/DerivedData/Buzz-faillbpsmponqzeruhhvskovixzk/SourcePackages/checkouts/stripe-ios-spm/Stripe3DS2/Stripe3DS2/include/STDSProtocolErrorEvent.m -o /Users/xinyufang/Library/Developer/Xcode/DerivedData/Buzz-faillbpsmponqzeruhhvskovixzk/Build/Intermediates.noindex/Stripe.build/Debug-iphonesimulator/Stripe3DS2.build/Objects-normal/arm64/STDSProtocolErrorEvent.o -index-unit-output-path /Stripe.build/Debug-iphonesimulator/Stripe3DS2.build/Objects-normal/arm64/STDSProtocolErrorEvent.o

ScanDependencies /Users/xinyufang/Library/Developer/Xcode/DerivedData/Buzz-faillbpsmponqzeruhhvskovixzk/Build/Intermediates.noindex/Stripe.build/Debug-iphonesimulator/Stripe3DS2.build/Objects-normal/arm64/STDSProgressViewController.o /Users/xinyufang/Library/Developer/Xcode/DerivedData/Buzz-faillbpsmponqzeruhhvskovixzk/SourcePackages/checkouts/stripe-ios-spm/Stripe3DS2/Stripe3DS2/STDSProgressViewController.m normal arm64 objective-c com.apple.compilers.llvm.clang.1_0.compiler (in target 'Stripe3DS2' from project 'Stripe')
    cd /Users/xinyufang/Documents/Buzz/Buzz.xcodeproj
    
    Using response file: /Users/xinyufang/Library/Developer/Xcode/DerivedData/Buzz-faillbpsmponqzeruhhvskovixzk/Build/Intermediates.noindex/Stripe.build/Debug-iphonesimulator/Stripe3DS2.build/Objects-normal/arm64/e6072d4f65d7061329687fe24e3d63a7-common-args.resp
    
    builtin-ScanDependencies -o /Users/xinyufang/Library/Developer/Xcode/DerivedData/Buzz-faillbpsmponqzeruhhvskovixzk/Build/Intermediates.noindex/Stripe.build/Debug-iphonesimulator/Stripe3DS2.build/Objects-normal/arm64/STDSProgressViewController.o.scan -- /Applications/Xcode.app/Contents/Developer/Toolchains/XcodeDefault.xctoolchain/usr/bin/clang -x objective-c -ivfsstatcache /Users/xinyufang/Library/Developer/Xcode/DerivedData/SDKStatCaches.noindex/iphonesimulator26.0-23A339-26257891a6c027eb51374368541b8346.sdkstatcache -fmessage-length\=0 -fdiagnostics-show-note-include-stack -fmacro-backtrace-limit\=0 -fno-color-diagnostics -fmodules-prune-interval\=86400 -fmodules-prune-after\=345600 -fbuild-session-file\=/Users/xinyufang/Library/Developer/Xcode/DerivedData/ModuleCache.noindex/Session.modulevalidation -fmodules-validate-once-per-build-session -Wnon-modular-include-in-framework-module -Werror\=non-modular-include-in-framework-module -Wno-trigraphs -Wno-missing-field-initializers -Wno-missing-prototypes -Wno-return-type -Wno-implicit-atomic-properties -Wno-objc-interface-ivars -Wno-arc-repeated-use-of-weak -Wno-missing-braces -Wparentheses -Wswitch -Wno-unused-function -Wno-unused-label -Wno-unused-parameter -Wno-unused-variable -Wunused-value -Wno-empty-body -Wno-uninitialized -Wno-unknown-pragmas -w -Wno-shadow -Wno-four-char-constants -Wno-conversion -Wno-constant-conversion -Wno-int-conversion -Wno-bool-conversion -Wno-enum-conversion -Wno-float-conversion -Wno-non-literal-null-conversion -Wno-objc-literal-conversion -Wshorten-64-to-32 -Wpointer-sign -Wno-newline-eof -Wno-selector -Wno-strict-selector-match -Wno-undeclared-selector -Wno-deprecated-implementations -Wno-implicit-fallthrough -fstrict-aliasing -Wprotocol -Wdeprecated-declarations -Wno-sign-conversion -Wno-infinite-recursion -Wno-comma -Wno-block-capture-autoreleasing -Wno-strict-prototypes -Wno-semicolon-before-method-body -index-store-path /Users/xinyufang/Library/Developer/Xcode/DerivedData/Buzz-faillbpsmponqzeruhhvskovixzk/Index.noindex/DataStore @/Users/xinyufang/Library/Developer/Xcode/DerivedData/Buzz-faillbpsmponqzeruhhvskovixzk/Build/Intermediates.noindex/Stripe.build/Debug-iphonesimulator/Stripe3DS2.build/Objects-normal/arm64/e6072d4f65d7061329687fe24e3d63a7-common-args.resp -include /Users/xinyufang/Library/Developer/Xcode/DerivedData/Buzz-faillbpsmponqzeruhhvskovixzk/Build/Intermediates.noindex/Stripe.build/Debug-iphonesimulator/Stripe3DS2.build/DerivedSources/resource_bundle_accessor.h -MMD -MT dependencies -MF /Users/xinyufang/Library/Developer/Xcode/DerivedData/Buzz-faillbpsmponqzeruhhvskovixzk/Build/Intermediates.noindex/Stripe.build/Debug-iphonesimulator/Stripe3DS2.build/Objects-normal/arm64/STDSProgressViewController.d --serialize-diagnostics /Users/xinyufang/Library/Developer/Xcode/DerivedData/Buzz-faillbpsmponqzeruhhvskovixzk/Build/Intermediates.noindex/Stripe.build/Debug-iphonesimulator/Stripe3DS2.build/Objects-normal/arm64/STDSProgressViewController.dia -c /Users/xinyufang/Library/Developer/Xcode/DerivedData/Buzz-faillbpsmponqzeruhhvskovixzk/SourcePackages/checkouts/stripe-ios-spm/Stripe3DS2/Stripe3DS2/STDSProgressViewController.m -o /Users/xinyufang/Library/Developer/Xcode/DerivedData/Buzz-faillbpsmponqzeruhhvskovixzk/Build/Intermediates.noindex/Stripe.build/Debug-iphonesimulator/Stripe3DS2.build/Objects-normal/arm64/STDSProgressViewController.o -index-unit-output-path /Stripe.build/Debug-iphonesimulator/Stripe3DS2.build/Objects-normal/arm64/STDSProgressViewController.o

PrecompileModule /Users/xinyufang/Library/Developer/Xcode/DerivedData/Buzz-faillbpsmponqzeruhhvskovixzk/Build/Intermediates.noindex/ExplicitPrecompiledModules/CommonCrypto-A9441Q7NULXJNTQWX4URAMGEA.scan
    cd /
    builtin-precompileModule /Users/xinyufang/Library/Developer/Xcode/DerivedData/Buzz-faillbpsmponqzeruhhvskovixzk/Build/Intermediates.noindex/ExplicitPrecompiledModules/CommonCrypto-A9441Q7NULXJNTQWX4URAMGEA.scan

ScanDependencies /Users/xinyufang/Library/Developer/Xcode/DerivedData/Buzz-faillbpsmponqzeruhhvskovixzk/Build/Intermediates.noindex/Stripe.build/Debug-iphonesimulator/Stripe3DS2.build/Objects-normal/arm64/STDSProcessingView.o /Users/xinyufang/Library/Developer/Xcode/DerivedData/Buzz-faillbpsmponqzeruhhvskovixzk/SourcePackages/checkouts/stripe-ios-spm/Stripe3DS2/Stripe3DS2/STDSProcessingView.m normal arm64 objective-c com.apple.compilers.llvm.clang.1_0.compiler (in target 'Stripe3DS2' from project 'Stripe')
    cd /Users/xinyufang/Documents/Buzz/Buzz.xcodeproj
    
    Using response file: /Users/xinyufang/Library/Developer/Xcode/DerivedData/Buzz-faillbpsmponqzeruhhvskovixzk/Build/Intermediates.noindex/Stripe.build/Debug-iphonesimulator/Stripe3DS2.build/Objects-normal/arm64/e6072d4f65d7061329687fe24e3d63a7-common-args.resp
    
    builtin-ScanDependencies -o /Users/xinyufang/Library/Developer/Xcode/DerivedData/Buzz-faillbpsmponqzeruhhvskovixzk/Build/Intermediates.noindex/Stripe.build/Debug-iphonesimulator/Stripe3DS2.build/Objects-normal/arm64/STDSProcessingView.o.scan -- /Applications/Xcode.app/Contents/Developer/Toolchains/XcodeDefault.xctoolchain/usr/bin/clang -x objective-c -ivfsstatcache /Users/xinyufang/Library/Developer/Xcode/DerivedData/SDKStatCaches.noindex/iphonesimulator26.0-23A339-26257891a6c027eb51374368541b8346.sdkstatcache -fmessage-length\=0 -fdiagnostics-show-note-include-stack -fmacro-backtrace-limit\=0 -fno-color-diagnostics -fmodules-prune-interval\=86400 -fmodules-prune-after\=345600 -fbuild-session-file\=/Users/xinyufang/Library/Developer/Xcode/DerivedData/ModuleCache.noindex/Session.modulevalidation -fmodules-validate-once-per-build-session -Wnon-modular-include-in-framework-module -Werror\=non-modular-include-in-framework-module -Wno-trigraphs -Wno-missing-field-initializers -Wno-missing-prototypes -Wno-return-type -Wno-implicit-atomic-properties -Wno-objc-interface-ivars -Wno-arc-repeated-use-of-weak -Wno-missing-braces -Wparentheses -Wswitch -Wno-unused-function -Wno-unused-label -Wno-unused-parameter -Wno-unused-variable -Wunused-value -Wno-empty-body -Wno-uninitialized -Wno-unknown-pragmas -w -Wno-shadow -Wno-four-char-constants -Wno-conversion -Wno-constant-conversion -Wno-int-conversion -Wno-bool-conversion -Wno-enum-conversion -Wno-float-conversion -Wno-non-literal-null-conversion -Wno-objc-literal-conversion -Wshorten-64-to-32 -Wpointer-sign -Wno-newline-eof -Wno-selector -Wno-strict-selector-match -Wno-undeclared-selector -Wno-deprecated-implementations -Wno-implicit-fallthrough -fstrict-aliasing -Wprotocol -Wdeprecated-declarations -Wno-sign-conversion -Wno-infinite-recursion -Wno-comma -Wno-block-capture-autoreleasing -Wno-strict-prototypes -Wno-semicolon-before-method-body -index-store-path /Users/xinyufang/Library/Developer/Xcode/DerivedData/Buzz-faillbpsmponqzeruhhvskovixzk/Index.noindex/DataStore @/Users/xinyufang/Library/Developer/Xcode/DerivedData/Buzz-faillbpsmponqzeruhhvskovixzk/Build/Intermediates.noindex/Stripe.build/Debug-iphonesimulator/Stripe3DS2.build/Objects-normal/arm64/e6072d4f65d7061329687fe24e3d63a7-common-args.resp -include /Users/xinyufang/Library/Developer/Xcode/DerivedData/Buzz-faillbpsmponqzeruhhvskovixzk/Build/Intermediates.noindex/Stripe.build/Debug-iphonesimulator/Stripe3DS2.build/DerivedSources/resource_bundle_accessor.h -MMD -MT dependencies -MF /Users/xinyufang/Library/Developer/Xcode/DerivedData/Buzz-faillbpsmponqzeruhhvskovixzk/Build/Intermediates.noindex/Stripe.build/Debug-iphonesimulator/Stripe3DS2.build/Objects-normal/arm64/STDSProcessingView.d --serialize-diagnostics /Users/xinyufang/Library/Developer/Xcode/DerivedData/Buzz-faillbpsmponqzeruhhvskovixzk/Build/Intermediates.noindex/Stripe.build/Debug-iphonesimulator/Stripe3DS2.build/Objects-normal/arm64/STDSProcessingView.dia -c /Users/xinyufang/Library/Developer/Xcode/DerivedData/Buzz-faillbpsmponqzeruhhvskovixzk/SourcePackages/checkouts/stripe-ios-spm/Stripe3DS2/Stripe3DS2/STDSProcessingView.m -o /Users/xinyufang/Library/Developer/Xcode/DerivedData/Buzz-faillbpsmponqzeruhhvskovixzk/Build/Intermediates.noindex/Stripe.build/Debug-iphonesimulator/Stripe3DS2.build/Objects-normal/arm64/STDSProcessingView.o -index-unit-output-path /Stripe.build/Debug-iphonesimulator/Stripe3DS2.build/Objects-normal/arm64/STDSProcessingView.o

ScanDependencies /Users/xinyufang/Library/Developer/Xcode/DerivedData/Buzz-faillbpsmponqzeruhhvskovixzk/Build/Intermediates.noindex/Stripe.build/Debug-iphonesimulator/Stripe3DS2.build/Objects-normal/arm64/STDSOSVersionChecker.o /Users/xinyufang/Library/Developer/Xcode/DerivedData/Buzz-faillbpsmponqzeruhhvskovixzk/SourcePackages/checkouts/stripe-ios-spm/Stripe3DS2/Stripe3DS2/STDSOSVersionChecker.m normal arm64 objective-c com.apple.compilers.llvm.clang.1_0.compiler (in target 'Stripe3DS2' from project 'Stripe')
    cd /Users/xinyufang/Documents/Buzz/Buzz.xcodeproj
    
    Using response file: /Users/xinyufang/Library/Developer/Xcode/DerivedData/Buzz-faillbpsmponqzeruhhvskovixzk/Build/Intermediates.noindex/Stripe.build/Debug-iphonesimulator/Stripe3DS2.build/Objects-normal/arm64/e6072d4f65d7061329687fe24e3d63a7-common-args.resp
    
    builtin-ScanDependencies -o /Users/xinyufang/Library/Developer/Xcode/DerivedData/Buzz-faillbpsmponqzeruhhvskovixzk/Build/Intermediates.noindex/Stripe.build/Debug-iphonesimulator/Stripe3DS2.build/Objects-normal/arm64/STDSOSVersionChecker.o.scan -- /Applications/Xcode.app/Contents/Developer/Toolchains/XcodeDefault.xctoolchain/usr/bin/clang -x objective-c -ivfsstatcache /Users/xinyufang/Library/Developer/Xcode/DerivedData/SDKStatCaches.noindex/iphonesimulator26.0-23A339-26257891a6c027eb51374368541b8346.sdkstatcache -fmessage-length\=0 -fdiagnostics-show-note-include-stack -fmacro-backtrace-limit\=0 -fno-color-diagnostics -fmodules-prune-interval\=86400 -fmodules-prune-after\=345600 -fbuild-session-file\=/Users/xinyufang/Library/Developer/Xcode/DerivedData/ModuleCache.noindex/Session.modulevalidation -fmodules-validate-once-per-build-session -Wnon-modular-include-in-framework-module -Werror\=non-modular-include-in-framework-module -Wno-trigraphs -Wno-missing-field-initializers -Wno-missing-prototypes -Wno-return-type -Wno-implicit-atomic-properties -Wno-objc-interface-ivars -Wno-arc-repeated-use-of-weak -Wno-missing-braces -Wparentheses -Wswitch -Wno-unused-function -Wno-unused-label -Wno-unused-parameter -Wno-unused-variable -Wunused-value -Wno-empty-body -Wno-uninitialized -Wno-unknown-pragmas -w -Wno-shadow -Wno-four-char-constants -Wno-conversion -Wno-constant-conversion -Wno-int-conversion -Wno-bool-conversion -Wno-enum-conversion -Wno-float-conversion -Wno-non-literal-null-conversion -Wno-objc-literal-conversion -Wshorten-64-to-32 -Wpointer-sign -Wno-newline-eof -Wno-selector -Wno-strict-selector-match -Wno-undeclared-selector -Wno-deprecated-implementations -Wno-implicit-fallthrough -fstrict-aliasing -Wprotocol -Wdeprecated-declarations -Wno-sign-conversion -Wno-infinite-recursion -Wno-comma -Wno-block-capture-autoreleasing -Wno-strict-prototypes -Wno-semicolon-before-method-body -index-store-path /Users/xinyufang/Library/Developer/Xcode/DerivedData/Buzz-faillbpsmponqzeruhhvskovixzk/Index.noindex/DataStore @/Users/xinyufang/Library/Developer/Xcode/DerivedData/Buzz-faillbpsmponqzeruhhvskovixzk/Build/Intermediates.noindex/Stripe.build/Debug-iphonesimulator/Stripe3DS2.build/Objects-normal/arm64/e6072d4f65d7061329687fe24e3d63a7-common-args.resp -include /Users/xinyufang/Library/Developer/Xcode/DerivedData/Buzz-faillbpsmponqzeruhhvskovixzk/Build/Intermediates.noindex/Stripe.build/Debug-iphonesimulator/Stripe3DS2.build/DerivedSources/resource_bundle_accessor.h -MMD -MT dependencies -MF /Users/xinyufang/Library/Developer/Xcode/DerivedData/Buzz-faillbpsmponqzeruhhvskovixzk/Build/Intermediates.noindex/Stripe.build/Debug-iphonesimulator/Stripe3DS2.build/Objects-normal/arm64/STDSOSVersionChecker.d --serialize-diagnostics /Users/xinyufang/Library/Developer/Xcode/DerivedData/Buzz-faillbpsmponqzeruhhvskovixzk/Build/Intermediates.noindex/Stripe.build/Debug-iphonesimulator/Stripe3DS2.build/Objects-normal/arm64/STDSOSVersionChecker.dia -c /Users/xinyufang/Library/Developer/Xcode/DerivedData/Buzz-faillbpsmponqzeruhhvskovixzk/SourcePackages/checkouts/stripe-ios-spm/Stripe3DS2/Stripe3DS2/STDSOSVersionChecker.m -o /Users/xinyufang/Library/Developer/Xcode/DerivedData/Buzz-faillbpsmponqzeruhhvskovixzk/Build/Intermediates.noindex/Stripe.build/Debug-iphonesimulator/Stripe3DS2.build/Objects-normal/arm64/STDSOSVersionChecker.o -index-unit-output-path /Stripe.build/Debug-iphonesimulator/Stripe3DS2.build/Objects-normal/arm64/STDSOSVersionChecker.o

LinkAssetCatalog /Users/xinyufang/Library/Developer/Xcode/DerivedData/Buzz-faillbpsmponqzeruhhvskovixzk/SourcePackages/checkouts/stripe-ios-spm/Stripe3DS2/Stripe3DS2/Resources/Stripe3DS2.xcassets (in target 'Stripe_Stripe3DS2' from project 'Stripe')
    cd /Users/xinyufang/Library/Developer/Xcode/DerivedData/Buzz-faillbpsmponqzeruhhvskovixzk/SourcePackages/checkouts/stripe-ios-spm
    builtin-linkAssetCatalog --thinned /Users/xinyufang/Library/Developer/Xcode/DerivedData/Buzz-faillbpsmponqzeruhhvskovixzk/Build/Intermediates.noindex/Stripe.build/Debug-iphonesimulator/Stripe_Stripe3DS2.build/assetcatalog_output/thinned --thinned-dependencies /Users/xinyufang/Library/Developer/Xcode/DerivedData/Buzz-faillbpsmponqzeruhhvskovixzk/Build/Intermediates.noindex/Stripe.build/Debug-iphonesimulator/Stripe_Stripe3DS2.build/assetcatalog_dependencies_thinned --thinned-info-plist-content /Users/xinyufang/Library/Developer/Xcode/DerivedData/Buzz-faillbpsmponqzeruhhvskovixzk/Build/Intermediates.noindex/Stripe.build/Debug-iphonesimulator/Stripe_Stripe3DS2.build/assetcatalog_generated_info.plist_thinned --unthinned /Users/xinyufang/Library/Developer/Xcode/DerivedData/Buzz-faillbpsmponqzeruhhvskovixzk/Build/Intermediates.noindex/Stripe.build/Debug-iphonesimulator/Stripe_Stripe3DS2.build/assetcatalog_output/unthinned --unthinned-dependencies /Users/xinyufang/Library/Developer/Xcode/DerivedData/Buzz-faillbpsmponqzeruhhvskovixzk/Build/Intermediates.noindex/Stripe.build/Debug-iphonesimulator/Stripe_Stripe3DS2.build/assetcatalog_dependencies_unthinned --unthinned-info-plist-content /Users/xinyufang/Library/Developer/Xcode/DerivedData/Buzz-faillbpsmponqzeruhhvskovixzk/Build/Intermediates.noindex/Stripe.build/Debug-iphonesimulator/Stripe_Stripe3DS2.build/assetcatalog_generated_info.plist_unthinned --output /Users/xinyufang/Library/Developer/Xcode/DerivedData/Buzz-faillbpsmponqzeruhhvskovixzk/Build/Products/Debug-iphonesimulator/Stripe_Stripe3DS2.bundle --plist-output /Users/xinyufang/Library/Developer/Xcode/DerivedData/Buzz-faillbpsmponqzeruhhvskovixzk/Build/Intermediates.noindex/Stripe.build/Debug-iphonesimulator/Stripe_Stripe3DS2.build/assetcatalog_generated_info.plist
note: Emplaced /Users/xinyufang/Library/Developer/Xcode/DerivedData/Buzz-faillbpsmponqzeruhhvskovixzk/Build/Products/Debug-iphonesimulator/Stripe_Stripe3DS2.bundle/Assets.car (in target 'Stripe_Stripe3DS2' from project 'Stripe')

ScanDependencies /Users/xinyufang/Library/Developer/Xcode/DerivedData/Buzz-faillbpsmponqzeruhhvskovixzk/Build/Intermediates.noindex/Stripe.build/Debug-iphonesimulator/Stripe3DS2.build/Objects-normal/arm64/STDSNotInitializedException.o /Users/xinyufang/Library/Developer/Xcode/DerivedData/Buzz-faillbpsmponqzeruhhvskovixzk/SourcePackages/checkouts/stripe-ios-spm/Stripe3DS2/Stripe3DS2/include/STDSNotInitializedException.m normal arm64 objective-c com.apple.compilers.llvm.clang.1_0.compiler (in target 'Stripe3DS2' from project 'Stripe')
    cd /Users/xinyufang/Documents/Buzz/Buzz.xcodeproj
    
    Using response file: /Users/xinyufang/Library/Developer/Xcode/DerivedData/Buzz-faillbpsmponqzeruhhvskovixzk/Build/Intermediates.noindex/Stripe.build/Debug-iphonesimulator/Stripe3DS2.build/Objects-normal/arm64/e6072d4f65d7061329687fe24e3d63a7-common-args.resp
    
    builtin-ScanDependencies -o /Users/xinyufang/Library/Developer/Xcode/DerivedData/Buzz-faillbpsmponqzeruhhvskovixzk/Build/Intermediates.noindex/Stripe.build/Debug-iphonesimulator/Stripe3DS2.build/Objects-normal/arm64/STDSNotInitializedException.o.scan -- /Applications/Xcode.app/Contents/Developer/Toolchains/XcodeDefault.xctoolchain/usr/bin/clang -x objective-c -ivfsstatcache /Users/xinyufang/Library/Developer/Xcode/DerivedData/SDKStatCaches.noindex/iphonesimulator26.0-23A339-26257891a6c027eb51374368541b8346.sdkstatcache -fmessage-length\=0 -fdiagnostics-show-note-include-stack -fmacro-backtrace-limit\=0 -fno-color-diagnostics -fmodules-prune-interval\=86400 -fmodules-prune-after\=345600 -fbuild-session-file\=/Users/xinyufang/Library/Developer/Xcode/DerivedData/ModuleCache.noindex/Session.modulevalidation -fmodules-validate-once-per-build-session -Wnon-modular-include-in-framework-module -Werror\=non-modular-include-in-framework-module -Wno-trigraphs -Wno-missing-field-initializers -Wno-missing-prototypes -Wno-return-type -Wno-implicit-atomic-properties -Wno-objc-interface-ivars -Wno-arc-repeated-use-of-weak -Wno-missing-braces -Wparentheses -Wswitch -Wno-unused-function -Wno-unused-label -Wno-unused-parameter -Wno-unused-variable -Wunused-value -Wno-empty-body -Wno-uninitialized -Wno-unknown-pragmas -w -Wno-shadow -Wno-four-char-constants -Wno-conversion -Wno-constant-conversion -Wno-int-conversion -Wno-bool-conversion -Wno-enum-conversion -Wno-float-conversion -Wno-non-literal-null-conversion -Wno-objc-literal-conversion -Wshorten-64-to-32 -Wpointer-sign -Wno-newline-eof -Wno-selector -Wno-strict-selector-match -Wno-undeclared-selector -Wno-deprecated-implementations -Wno-implicit-fallthrough -fstrict-aliasing -Wprotocol -Wdeprecated-declarations -Wno-sign-conversion -Wno-infinite-recursion -Wno-comma -Wno-block-capture-autoreleasing -Wno-strict-prototypes -Wno-semicolon-before-method-body -index-store-path /Users/xinyufang/Library/Developer/Xcode/DerivedData/Buzz-faillbpsmponqzeruhhvskovixzk/Index.noindex/DataStore @/Users/xinyufang/Library/Developer/Xcode/DerivedData/Buzz-faillbpsmponqzeruhhvskovixzk/Build/Intermediates.noindex/Stripe.build/Debug-iphonesimulator/Stripe3DS2.build/Objects-normal/arm64/e6072d4f65d7061329687fe24e3d63a7-common-args.resp -include /Users/xinyufang/Library/Developer/Xcode/DerivedData/Buzz-faillbpsmponqzeruhhvskovixzk/Build/Intermediates.noindex/Stripe.build/Debug-iphonesimulator/Stripe3DS2.build/DerivedSources/resource_bundle_accessor.h -MMD -MT dependencies -MF /Users/xinyufang/Library/Developer/Xcode/DerivedData/Buzz-faillbpsmponqzeruhhvskovixzk/Build/Intermediates.noindex/Stripe.build/Debug-iphonesimulator/Stripe3DS2.build/Objects-normal/arm64/STDSNotInitializedException.d --serialize-diagnostics /Users/xinyufang/Library/Developer/Xcode/DerivedData/Buzz-faillbpsmponqzeruhhvskovixzk/Build/Intermediates.noindex/Stripe.build/Debug-iphonesimulator/Stripe3DS2.build/Objects-normal/arm64/STDSNotInitializedException.dia -c /Users/xinyufang/Library/Developer/Xcode/DerivedData/Buzz-faillbpsmponqzeruhhvskovixzk/SourcePackages/checkouts/stripe-ios-spm/Stripe3DS2/Stripe3DS2/include/STDSNotInitializedException.m -o /Users/xinyufang/Library/Developer/Xcode/DerivedData/Buzz-faillbpsmponqzeruhhvskovixzk/Build/Intermediates.noindex/Stripe.build/Debug-iphonesimulator/Stripe3DS2.build/Objects-normal/arm64/STDSNotInitializedException.o -index-unit-output-path /Stripe.build/Debug-iphonesimulator/Stripe3DS2.build/Objects-normal/arm64/STDSNotInitializedException.o

ProcessInfoPlistFile /Users/xinyufang/Library/Developer/Xcode/DerivedData/Buzz-faillbpsmponqzeruhhvskovixzk/Build/Products/Debug-iphonesimulator/Stripe_Stripe3DS2.bundle/Info.plist /Users/xinyufang/Library/Developer/Xcode/DerivedData/Buzz-faillbpsmponqzeruhhvskovixzk/Build/Intermediates.noindex/Stripe.build/Debug-iphonesimulator/Stripe_Stripe3DS2.build/empty-Stripe_Stripe3DS2.plist (in target 'Stripe_Stripe3DS2' from project 'Stripe')
    cd /Users/xinyufang/Library/Developer/Xcode/DerivedData/Buzz-faillbpsmponqzeruhhvskovixzk/SourcePackages/checkouts/stripe-ios-spm
    builtin-infoPlistUtility /Users/xinyufang/Library/Developer/Xcode/DerivedData/Buzz-faillbpsmponqzeruhhvskovixzk/Build/Intermediates.noindex/Stripe.build/Debug-iphonesimulator/Stripe_Stripe3DS2.build/empty-Stripe_Stripe3DS2.plist -producttype com.apple.product-type.bundle -expandbuildsettings -format binary -platform iphonesimulator -additionalcontentfile /Users/xinyufang/Library/Developer/Xcode/DerivedData/Buzz-faillbpsmponqzeruhhvskovixzk/Build/Intermediates.noindex/Stripe.build/Debug-iphonesimulator/Stripe_Stripe3DS2.build/assetcatalog_generated_info.plist -o /Users/xinyufang/Library/Developer/Xcode/DerivedData/Buzz-faillbpsmponqzeruhhvskovixzk/Build/Products/Debug-iphonesimulator/Stripe_Stripe3DS2.bundle/Info.plist

ScanDependencies /Users/xinyufang/Library/Developer/Xcode/DerivedData/Buzz-faillbpsmponqzeruhhvskovixzk/Build/Intermediates.noindex/Stripe.build/Debug-iphonesimulator/Stripe3DS2.build/Objects-normal/arm64/STDSNavigationBarCustomization.o /Users/xinyufang/Library/Developer/Xcode/DerivedData/Buzz-faillbpsmponqzeruhhvskovixzk/SourcePackages/checkouts/stripe-ios-spm/Stripe3DS2/Stripe3DS2/include/STDSNavigationBarCustomization.m normal arm64 objective-c com.apple.compilers.llvm.clang.1_0.compiler (in target 'Stripe3DS2' from project 'Stripe')
    cd /Users/xinyufang/Documents/Buzz/Buzz.xcodeproj
    
    Using response file: /Users/xinyufang/Library/Developer/Xcode/DerivedData/Buzz-faillbpsmponqzeruhhvskovixzk/Build/Intermediates.noindex/Stripe.build/Debug-iphonesimulator/Stripe3DS2.build/Objects-normal/arm64/e6072d4f65d7061329687fe24e3d63a7-common-args.resp
    
    builtin-ScanDependencies -o /Users/xinyufang/Library/Developer/Xcode/DerivedData/Buzz-faillbpsmponqzeruhhvskovixzk/Build/Intermediates.noindex/Stripe.build/Debug-iphonesimulator/Stripe3DS2.build/Objects-normal/arm64/STDSNavigationBarCustomization.o.scan -- /Applications/Xcode.app/Contents/Developer/Toolchains/XcodeDefault.xctoolchain/usr/bin/clang -x objective-c -ivfsstatcache /Users/xinyufang/Library/Developer/Xcode/DerivedData/SDKStatCaches.noindex/iphonesimulator26.0-23A339-26257891a6c027eb51374368541b8346.sdkstatcache -fmessage-length\=0 -fdiagnostics-show-note-include-stack -fmacro-backtrace-limit\=0 -fno-color-diagnostics -fmodules-prune-interval\=86400 -fmodules-prune-after\=345600 -fbuild-session-file\=/Users/xinyufang/Library/Developer/Xcode/DerivedData/ModuleCache.noindex/Session.modulevalidation -fmodules-validate-once-per-build-session -Wnon-modular-include-in-framework-module -Werror\=non-modular-include-in-framework-module -Wno-trigraphs -Wno-missing-field-initializers -Wno-missing-prototypes -Wno-return-type -Wno-implicit-atomic-properties -Wno-objc-interface-ivars -Wno-arc-repeated-use-of-weak -Wno-missing-braces -Wparentheses -Wswitch -Wno-unused-function -Wno-unused-label -Wno-unused-parameter -Wno-unused-variable -Wunused-value -Wno-empty-body -Wno-uninitialized -Wno-unknown-pragmas -w -Wno-shadow -Wno-four-char-constants -Wno-conversion -Wno-constant-conversion -Wno-int-conversion -Wno-bool-conversion -Wno-enum-conversion -Wno-float-conversion -Wno-non-literal-null-conversion -Wno-objc-literal-conversion -Wshorten-64-to-32 -Wpointer-sign -Wno-newline-eof -Wno-selector -Wno-strict-selector-match -Wno-undeclared-selector -Wno-deprecated-implementations -Wno-implicit-fallthrough -fstrict-aliasing -Wprotocol -Wdeprecated-declarations -Wno-sign-conversion -Wno-infinite-recursion -Wno-comma -Wno-block-capture-autoreleasing -Wno-strict-prototypes -Wno-semicolon-before-method-body -index-store-path /Users/xinyufang/Library/Developer/Xcode/DerivedData/Buzz-faillbpsmponqzeruhhvskovixzk/Index.noindex/DataStore @/Users/xinyufang/Library/Developer/Xcode/DerivedData/Buzz-faillbpsmponqzeruhhvskovixzk/Build/Intermediates.noindex/Stripe.build/Debug-iphonesimulator/Stripe3DS2.build/Objects-normal/arm64/e6072d4f65d7061329687fe24e3d63a7-common-args.resp -include /Users/xinyufang/Library/Developer/Xcode/DerivedData/Buzz-faillbpsmponqzeruhhvskovixzk/Build/Intermediates.noindex/Stripe.build/Debug-iphonesimulator/Stripe3DS2.build/DerivedSources/resource_bundle_accessor.h -MMD -MT dependencies -MF /Users/xinyufang/Library/Developer/Xcode/DerivedData/Buzz-faillbpsmponqzeruhhvskovixzk/Build/Intermediates.noindex/Stripe.build/Debug-iphonesimulator/Stripe3DS2.build/Objects-normal/arm64/STDSNavigationBarCustomization.d --serialize-diagnostics /Users/xinyufang/Library/Developer/Xcode/DerivedData/Buzz-faillbpsmponqzeruhhvskovixzk/Build/Intermediates.noindex/Stripe.build/Debug-iphonesimulator/Stripe3DS2.build/Objects-normal/arm64/STDSNavigationBarCustomization.dia -c /Users/xinyufang/Library/Developer/Xcode/DerivedData/Buzz-faillbpsmponqzeruhhvskovixzk/SourcePackages/checkouts/stripe-ios-spm/Stripe3DS2/Stripe3DS2/include/STDSNavigationBarCustomization.m -o /Users/xinyufang/Library/Developer/Xcode/DerivedData/Buzz-faillbpsmponqzeruhhvskovixzk/Build/Intermediates.noindex/Stripe.build/Debug-iphonesimulator/Stripe3DS2.build/Objects-normal/arm64/STDSNavigationBarCustomization.o -index-unit-output-path /Stripe.build/Debug-iphonesimulator/Stripe3DS2.build/Objects-normal/arm64/STDSNavigationBarCustomization.o

ScanDependencies /Users/xinyufang/Library/Developer/Xcode/DerivedData/Buzz-faillbpsmponqzeruhhvskovixzk/Build/Intermediates.noindex/Stripe.build/Debug-iphonesimulator/Stripe3DS2.build/Objects-normal/arm64/STDSLabelCustomization.o /Users/xinyufang/Library/Developer/Xcode/DerivedData/Buzz-faillbpsmponqzeruhhvskovixzk/SourcePackages/checkouts/stripe-ios-spm/Stripe3DS2/Stripe3DS2/include/STDSLabelCustomization.m normal arm64 objective-c com.apple.compilers.llvm.clang.1_0.compiler (in target 'Stripe3DS2' from project 'Stripe')
    cd /Users/xinyufang/Documents/Buzz/Buzz.xcodeproj
    
    Using response file: /Users/xinyufang/Library/Developer/Xcode/DerivedData/Buzz-faillbpsmponqzeruhhvskovixzk/Build/Intermediates.noindex/Stripe.build/Debug-iphonesimulator/Stripe3DS2.build/Objects-normal/arm64/e6072d4f65d7061329687fe24e3d63a7-common-args.resp
    
    builtin-ScanDependencies -o /Users/xinyufang/Library/Developer/Xcode/DerivedData/Buzz-faillbpsmponqzeruhhvskovixzk/Build/Intermediates.noindex/Stripe.build/Debug-iphonesimulator/Stripe3DS2.build/Objects-normal/arm64/STDSLabelCustomization.o.scan -- /Applications/Xcode.app/Contents/Developer/Toolchains/XcodeDefault.xctoolchain/usr/bin/clang -x objective-c -ivfsstatcache /Users/xinyufang/Library/Developer/Xcode/DerivedData/SDKStatCaches.noindex/iphonesimulator26.0-23A339-26257891a6c027eb51374368541b8346.sdkstatcache -fmessage-length\=0 -fdiagnostics-show-note-include-stack -fmacro-backtrace-limit\=0 -fno-color-diagnostics -fmodules-prune-interval\=86400 -fmodules-prune-after\=345600 -fbuild-session-file\=/Users/xinyufang/Library/Developer/Xcode/DerivedData/ModuleCache.noindex/Session.modulevalidation -fmodules-validate-once-per-build-session -Wnon-modular-include-in-framework-module -Werror\=non-modular-include-in-framework-module -Wno-trigraphs -Wno-missing-field-initializers -Wno-missing-prototypes -Wno-return-type -Wno-implicit-atomic-properties -Wno-objc-interface-ivars -Wno-arc-repeated-use-of-weak -Wno-missing-braces -Wparentheses -Wswitch -Wno-unused-function -Wno-unused-label -Wno-unused-parameter -Wno-unused-variable -Wunused-value -Wno-empty-body -Wno-uninitialized -Wno-unknown-pragmas -w -Wno-shadow -Wno-four-char-constants -Wno-conversion -Wno-constant-conversion -Wno-int-conversion -Wno-bool-conversion -Wno-enum-conversion -Wno-float-conversion -Wno-non-literal-null-conversion -Wno-objc-literal-conversion -Wshorten-64-to-32 -Wpointer-sign -Wno-newline-eof -Wno-selector -Wno-strict-selector-match -Wno-undeclared-selector -Wno-deprecated-implementations -Wno-implicit-fallthrough -fstrict-aliasing -Wprotocol -Wdeprecated-declarations -Wno-sign-conversion -Wno-infinite-recursion -Wno-comma -Wno-block-capture-autoreleasing -Wno-strict-prototypes -Wno-semicolon-before-method-body -index-store-path /Users/xinyufang/Library/Developer/Xcode/DerivedData/Buzz-faillbpsmponqzeruhhvskovixzk/Index.noindex/DataStore @/Users/xinyufang/Library/Developer/Xcode/DerivedData/Buzz-faillbpsmponqzeruhhvskovixzk/Build/Intermediates.noindex/Stripe.build/Debug-iphonesimulator/Stripe3DS2.build/Objects-normal/arm64/e6072d4f65d7061329687fe24e3d63a7-common-args.resp -include /Users/xinyufang/Library/Developer/Xcode/DerivedData/Buzz-faillbpsmponqzeruhhvskovixzk/Build/Intermediates.noindex/Stripe.build/Debug-iphonesimulator/Stripe3DS2.build/DerivedSources/resource_bundle_accessor.h -MMD -MT dependencies -MF /Users/xinyufang/Library/Developer/Xcode/DerivedData/Buzz-faillbpsmponqzeruhhvskovixzk/Build/Intermediates.noindex/Stripe.build/Debug-iphonesimulator/Stripe3DS2.build/Objects-normal/arm64/STDSLabelCustomization.d --serialize-diagnostics /Users/xinyufang/Library/Developer/Xcode/DerivedData/Buzz-faillbpsmponqzeruhhvskovixzk/Build/Intermediates.noindex/Stripe.build/Debug-iphonesimulator/Stripe3DS2.build/Objects-normal/arm64/STDSLabelCustomization.dia -c /Users/xinyufang/Library/Developer/Xcode/DerivedData/Buzz-faillbpsmponqzeruhhvskovixzk/SourcePackages/checkouts/stripe-ios-spm/Stripe3DS2/Stripe3DS2/include/STDSLabelCustomization.m -o /Users/xinyufang/Library/Developer/Xcode/DerivedData/Buzz-faillbpsmponqzeruhhvskovixzk/Build/Intermediates.noindex/Stripe.build/Debug-iphonesimulator/Stripe3DS2.build/Objects-normal/arm64/STDSLabelCustomization.o -index-unit-output-path /Stripe.build/Debug-iphonesimulator/Stripe3DS2.build/Objects-normal/arm64/STDSLabelCustomization.o

ScanDependencies /Users/xinyufang/Library/Developer/Xcode/DerivedData/Buzz-faillbpsmponqzeruhhvskovixzk/Build/Intermediates.noindex/Stripe.build/Debug-iphonesimulator/Stripe3DS2.build/Objects-normal/arm64/STDSJailbreakChecker.o /Users/xinyufang/Library/Developer/Xcode/DerivedData/Buzz-faillbpsmponqzeruhhvskovixzk/SourcePackages/checkouts/stripe-ios-spm/Stripe3DS2/Stripe3DS2/STDSJailbreakChecker.m normal arm64 objective-c com.apple.compilers.llvm.clang.1_0.compiler (in target 'Stripe3DS2' from project 'Stripe')
    cd /Users/xinyufang/Documents/Buzz/Buzz.xcodeproj
    
    Using response file: /Users/xinyufang/Library/Developer/Xcode/DerivedData/Buzz-faillbpsmponqzeruhhvskovixzk/Build/Intermediates.noindex/Stripe.build/Debug-iphonesimulator/Stripe3DS2.build/Objects-normal/arm64/e6072d4f65d7061329687fe24e3d63a7-common-args.resp
    
    builtin-ScanDependencies -o /Users/xinyufang/Library/Developer/Xcode/DerivedData/Buzz-faillbpsmponqzeruhhvskovixzk/Build/Intermediates.noindex/Stripe.build/Debug-iphonesimulator/Stripe3DS2.build/Objects-normal/arm64/STDSJailbreakChecker.o.scan -- /Applications/Xcode.app/Contents/Developer/Toolchains/XcodeDefault.xctoolchain/usr/bin/clang -x objective-c -ivfsstatcache /Users/xinyufang/Library/Developer/Xcode/DerivedData/SDKStatCaches.noindex/iphonesimulator26.0-23A339-26257891a6c027eb51374368541b8346.sdkstatcache -fmessage-length\=0 -fdiagnostics-show-note-include-stack -fmacro-backtrace-limit\=0 -fno-color-diagnostics -fmodules-prune-interval\=86400 -fmodules-prune-after\=345600 -fbuild-session-file\=/Users/xinyufang/Library/Developer/Xcode/DerivedData/ModuleCache.noindex/Session.modulevalidation -fmodules-validate-once-per-build-session -Wnon-modular-include-in-framework-module -Werror\=non-modular-include-in-framework-module -Wno-trigraphs -Wno-missing-field-initializers -Wno-missing-prototypes -Wno-return-type -Wno-implicit-atomic-properties -Wno-objc-interface-ivars -Wno-arc-repeated-use-of-weak -Wno-missing-braces -Wparentheses -Wswitch -Wno-unused-function -Wno-unused-label -Wno-unused-parameter -Wno-unused-variable -Wunused-value -Wno-empty-body -Wno-uninitialized -Wno-unknown-pragmas -w -Wno-shadow -Wno-four-char-constants -Wno-conversion -Wno-constant-conversion -Wno-int-conversion -Wno-bool-conversion -Wno-enum-conversion -Wno-float-conversion -Wno-non-literal-null-conversion -Wno-objc-literal-conversion -Wshorten-64-to-32 -Wpointer-sign -Wno-newline-eof -Wno-selector -Wno-strict-selector-match -Wno-undeclared-selector -Wno-deprecated-implementations -Wno-implicit-fallthrough -fstrict-aliasing -Wprotocol -Wdeprecated-declarations -Wno-sign-conversion -Wno-infinite-recursion -Wno-comma -Wno-block-capture-autoreleasing -Wno-strict-prototypes -Wno-semicolon-before-method-body -index-store-path /Users/xinyufang/Library/Developer/Xcode/DerivedData/Buzz-faillbpsmponqzeruhhvskovixzk/Index.noindex/DataStore @/Users/xinyufang/Library/Developer/Xcode/DerivedData/Buzz-faillbpsmponqzeruhhvskovixzk/Build/Intermediates.noindex/Stripe.build/Debug-iphonesimulator/Stripe3DS2.build/Objects-normal/arm64/e6072d4f65d7061329687fe24e3d63a7-common-args.resp -include /Users/xinyufang/Library/Developer/Xcode/DerivedData/Buzz-faillbpsmponqzeruhhvskovixzk/Build/Intermediates.noindex/Stripe.build/Debug-iphonesimulator/Stripe3DS2.build/DerivedSources/resource_bundle_accessor.h -MMD -MT dependencies -MF /Users/xinyufang/Library/Developer/Xcode/DerivedData/Buzz-faillbpsmponqzeruhhvskovixzk/Build/Intermediates.noindex/Stripe.build/Debug-iphonesimulator/Stripe3DS2.build/Objects-normal/arm64/STDSJailbreakChecker.d --serialize-diagnostics /Users/xinyufang/Library/Developer/Xcode/DerivedData/Buzz-faillbpsmponqzeruhhvskovixzk/Build/Intermediates.noindex/Stripe.build/Debug-iphonesimulator/Stripe3DS2.build/Objects-normal/arm64/STDSJailbreakChecker.dia -c /Users/xinyufang/Library/Developer/Xcode/DerivedData/Buzz-faillbpsmponqzeruhhvskovixzk/SourcePackages/checkouts/stripe-ios-spm/Stripe3DS2/Stripe3DS2/STDSJailbreakChecker.m -o /Users/xinyufang/Library/Developer/Xcode/DerivedData/Buzz-faillbpsmponqzeruhhvskovixzk/Build/Intermediates.noindex/Stripe.build/Debug-iphonesimulator/Stripe3DS2.build/Objects-normal/arm64/STDSJailbreakChecker.o -index-unit-output-path /Stripe.build/Debug-iphonesimulator/Stripe3DS2.build/Objects-normal/arm64/STDSJailbreakChecker.o

ScanDependencies /Users/xinyufang/Library/Developer/Xcode/DerivedData/Buzz-faillbpsmponqzeruhhvskovixzk/Build/Intermediates.noindex/Stripe.build/Debug-iphonesimulator/Stripe3DS2.build/Objects-normal/arm64/STDSJSONWebSignature.o /Users/xinyufang/Library/Developer/Xcode/DerivedData/Buzz-faillbpsmponqzeruhhvskovixzk/SourcePackages/checkouts/stripe-ios-spm/Stripe3DS2/Stripe3DS2/STDSJSONWebSignature.m normal arm64 objective-c com.apple.compilers.llvm.clang.1_0.compiler (in target 'Stripe3DS2' from project 'Stripe')
    cd /Users/xinyufang/Documents/Buzz/Buzz.xcodeproj
    
    Using response file: /Users/xinyufang/Library/Developer/Xcode/DerivedData/Buzz-faillbpsmponqzeruhhvskovixzk/Build/Intermediates.noindex/Stripe.build/Debug-iphonesimulator/Stripe3DS2.build/Objects-normal/arm64/e6072d4f65d7061329687fe24e3d63a7-common-args.resp
    
    builtin-ScanDependencies -o /Users/xinyufang/Library/Developer/Xcode/DerivedData/Buzz-faillbpsmponqzeruhhvskovixzk/Build/Intermediates.noindex/Stripe.build/Debug-iphonesimulator/Stripe3DS2.build/Objects-normal/arm64/STDSJSONWebSignature.o.scan -- /Applications/Xcode.app/Contents/Developer/Toolchains/XcodeDefault.xctoolchain/usr/bin/clang -x objective-c -ivfsstatcache /Users/xinyufang/Library/Developer/Xcode/DerivedData/SDKStatCaches.noindex/iphonesimulator26.0-23A339-26257891a6c027eb51374368541b8346.sdkstatcache -fmessage-length\=0 -fdiagnostics-show-note-include-stack -fmacro-backtrace-limit\=0 -fno-color-diagnostics -fmodules-prune-interval\=86400 -fmodules-prune-after\=345600 -fbuild-session-file\=/Users/xinyufang/Library/Developer/Xcode/DerivedData/ModuleCache.noindex/Session.modulevalidation -fmodules-validate-once-per-build-session -Wnon-modular-include-in-framework-module -Werror\=non-modular-include-in-framework-module -Wno-trigraphs -Wno-missing-field-initializers -Wno-missing-prototypes -Wno-return-type -Wno-implicit-atomic-properties -Wno-objc-interface-ivars -Wno-arc-repeated-use-of-weak -Wno-missing-braces -Wparentheses -Wswitch -Wno-unused-function -Wno-unused-label -Wno-unused-parameter -Wno-unused-variable -Wunused-value -Wno-empty-body -Wno-uninitialized -Wno-unknown-pragmas -w -Wno-shadow -Wno-four-char-constants -Wno-conversion -Wno-constant-conversion -Wno-int-conversion -Wno-bool-conversion -Wno-enum-conversion -Wno-float-conversion -Wno-non-literal-null-conversion -Wno-objc-literal-conversion -Wshorten-64-to-32 -Wpointer-sign -Wno-newline-eof -Wno-selector -Wno-strict-selector-match -Wno-undeclared-selector -Wno-deprecated-implementations -Wno-implicit-fallthrough -fstrict-aliasing -Wprotocol -Wdeprecated-declarations -Wno-sign-conversion -Wno-infinite-recursion -Wno-comma -Wno-block-capture-autoreleasing -Wno-strict-prototypes -Wno-semicolon-before-method-body -index-store-path /Users/xinyufang/Library/Developer/Xcode/DerivedData/Buzz-faillbpsmponqzeruhhvskovixzk/Index.noindex/DataStore @/Users/xinyufang/Library/Developer/Xcode/DerivedData/Buzz-faillbpsmponqzeruhhvskovixzk/Build/Intermediates.noindex/Stripe.build/Debug-iphonesimulator/Stripe3DS2.build/Objects-normal/arm64/e6072d4f65d7061329687fe24e3d63a7-common-args.resp -include /Users/xinyufang/Library/Developer/Xcode/DerivedData/Buzz-faillbpsmponqzeruhhvskovixzk/Build/Intermediates.noindex/Stripe.build/Debug-iphonesimulator/Stripe3DS2.build/DerivedSources/resource_bundle_accessor.h -MMD -MT dependencies -MF /Users/xinyufang/Library/Developer/Xcode/DerivedData/Buzz-faillbpsmponqzeruhhvskovixzk/Build/Intermediates.noindex/Stripe.build/Debug-iphonesimulator/Stripe3DS2.build/Objects-normal/arm64/STDSJSONWebSignature.d --serialize-diagnostics /Users/xinyufang/Library/Developer/Xcode/DerivedData/Buzz-faillbpsmponqzeruhhvskovixzk/Build/Intermediates.noindex/Stripe.build/Debug-iphonesimulator/Stripe3DS2.build/Objects-normal/arm64/STDSJSONWebSignature.dia -c /Users/xinyufang/Library/Developer/Xcode/DerivedData/Buzz-faillbpsmponqzeruhhvskovixzk/SourcePackages/checkouts/stripe-ios-spm/Stripe3DS2/Stripe3DS2/STDSJSONWebSignature.m -o /Users/xinyufang/Library/Developer/Xcode/DerivedData/Buzz-faillbpsmponqzeruhhvskovixzk/Build/Intermediates.noindex/Stripe.build/Debug-iphonesimulator/Stripe3DS2.build/Objects-normal/arm64/STDSJSONWebSignature.o -index-unit-output-path /Stripe.build/Debug-iphonesimulator/Stripe3DS2.build/Objects-normal/arm64/STDSJSONWebSignature.o

ScanDependencies /Users/xinyufang/Library/Developer/Xcode/DerivedData/Buzz-faillbpsmponqzeruhhvskovixzk/Build/Intermediates.noindex/Stripe.build/Debug-iphonesimulator/Stripe3DS2.build/Objects-normal/arm64/STDSJSONWebEncryption.o /Users/xinyufang/Library/Developer/Xcode/DerivedData/Buzz-faillbpsmponqzeruhhvskovixzk/SourcePackages/checkouts/stripe-ios-spm/Stripe3DS2/Stripe3DS2/STDSJSONWebEncryption.m normal arm64 objective-c com.apple.compilers.llvm.clang.1_0.compiler (in target 'Stripe3DS2' from project 'Stripe')
    cd /Users/xinyufang/Documents/Buzz/Buzz.xcodeproj
    
    Using response file: /Users/xinyufang/Library/Developer/Xcode/DerivedData/Buzz-faillbpsmponqzeruhhvskovixzk/Build/Intermediates.noindex/Stripe.build/Debug-iphonesimulator/Stripe3DS2.build/Objects-normal/arm64/e6072d4f65d7061329687fe24e3d63a7-common-args.resp
    
    builtin-ScanDependencies -o /Users/xinyufang/Library/Developer/Xcode/DerivedData/Buzz-faillbpsmponqzeruhhvskovixzk/Build/Intermediates.noindex/Stripe.build/Debug-iphonesimulator/Stripe3DS2.build/Objects-normal/arm64/STDSJSONWebEncryption.o.scan -- /Applications/Xcode.app/Contents/Developer/Toolchains/XcodeDefault.xctoolchain/usr/bin/clang -x objective-c -ivfsstatcache /Users/xinyufang/Library/Developer/Xcode/DerivedData/SDKStatCaches.noindex/iphonesimulator26.0-23A339-26257891a6c027eb51374368541b8346.sdkstatcache -fmessage-length\=0 -fdiagnostics-show-note-include-stack -fmacro-backtrace-limit\=0 -fno-color-diagnostics -fmodules-prune-interval\=86400 -fmodules-prune-after\=345600 -fbuild-session-file\=/Users/xinyufang/Library/Developer/Xcode/DerivedData/ModuleCache.noindex/Session.modulevalidation -fmodules-validate-once-per-build-session -Wnon-modular-include-in-framework-module -Werror\=non-modular-include-in-framework-module -Wno-trigraphs -Wno-missing-field-initializers -Wno-missing-prototypes -Wno-return-type -Wno-implicit-atomic-properties -Wno-objc-interface-ivars -Wno-arc-repeated-use-of-weak -Wno-missing-braces -Wparentheses -Wswitch -Wno-unused-function -Wno-unused-label -Wno-unused-parameter -Wno-unused-variable -Wunused-value -Wno-empty-body -Wno-uninitialized -Wno-unknown-pragmas -w -Wno-shadow -Wno-four-char-constants -Wno-conversion -Wno-constant-conversion -Wno-int-conversion -Wno-bool-conversion -Wno-enum-conversion -Wno-float-conversion -Wno-non-literal-null-conversion -Wno-objc-literal-conversion -Wshorten-64-to-32 -Wpointer-sign -Wno-newline-eof -Wno-selector -Wno-strict-selector-match -Wno-undeclared-selector -Wno-deprecated-implementations -Wno-implicit-fallthrough -fstrict-aliasing -Wprotocol -Wdeprecated-declarations -Wno-sign-conversion -Wno-infinite-recursion -Wno-comma -Wno-block-capture-autoreleasing -Wno-strict-prototypes -Wno-semicolon-before-method-body -index-store-path /Users/xinyufang/Library/Developer/Xcode/DerivedData/Buzz-faillbpsmponqzeruhhvskovixzk/Index.noindex/DataStore @/Users/xinyufang/Library/Developer/Xcode/DerivedData/Buzz-faillbpsmponqzeruhhvskovixzk/Build/Intermediates.noindex/Stripe.build/Debug-iphonesimulator/Stripe3DS2.build/Objects-normal/arm64/e6072d4f65d7061329687fe24e3d63a7-common-args.resp -include /Users/xinyufang/Library/Developer/Xcode/DerivedData/Buzz-faillbpsmponqzeruhhvskovixzk/Build/Intermediates.noindex/Stripe.build/Debug-iphonesimulator/Stripe3DS2.build/DerivedSources/resource_bundle_accessor.h -MMD -MT dependencies -MF /Users/xinyufang/Library/Developer/Xcode/DerivedData/Buzz-faillbpsmponqzeruhhvskovixzk/Build/Intermediates.noindex/Stripe.build/Debug-iphonesimulator/Stripe3DS2.build/Objects-normal/arm64/STDSJSONWebEncryption.d --serialize-diagnostics /Users/xinyufang/Library/Developer/Xcode/DerivedData/Buzz-faillbpsmponqzeruhhvskovixzk/Build/Intermediates.noindex/Stripe.build/Debug-iphonesimulator/Stripe3DS2.build/Objects-normal/arm64/STDSJSONWebEncryption.dia -c /Users/xinyufang/Library/Developer/Xcode/DerivedData/Buzz-faillbpsmponqzeruhhvskovixzk/SourcePackages/checkouts/stripe-ios-spm/Stripe3DS2/Stripe3DS2/STDSJSONWebEncryption.m -o /Users/xinyufang/Library/Developer/Xcode/DerivedData/Buzz-faillbpsmponqzeruhhvskovixzk/Build/Intermediates.noindex/Stripe.build/Debug-iphonesimulator/Stripe3DS2.build/Objects-normal/arm64/STDSJSONWebEncryption.o -index-unit-output-path /Stripe.build/Debug-iphonesimulator/Stripe3DS2.build/Objects-normal/arm64/STDSJSONWebEncryption.o

ScanDependencies /Users/xinyufang/Library/Developer/Xcode/DerivedData/Buzz-faillbpsmponqzeruhhvskovixzk/Build/Intermediates.noindex/Stripe.build/Debug-iphonesimulator/Stripe3DS2.build/Objects-normal/arm64/STDSJSONEncoder.o /Users/xinyufang/Library/Developer/Xcode/DerivedData/Buzz-faillbpsmponqzeruhhvskovixzk/SourcePackages/checkouts/stripe-ios-spm/Stripe3DS2/Stripe3DS2/include/STDSJSONEncoder.m normal arm64 objective-c com.apple.compilers.llvm.clang.1_0.compiler (in target 'Stripe3DS2' from project 'Stripe')
    cd /Users/xinyufang/Documents/Buzz/Buzz.xcodeproj
    
    Using response file: /Users/xinyufang/Library/Developer/Xcode/DerivedData/Buzz-faillbpsmponqzeruhhvskovixzk/Build/Intermediates.noindex/Stripe.build/Debug-iphonesimulator/Stripe3DS2.build/Objects-normal/arm64/e6072d4f65d7061329687fe24e3d63a7-common-args.resp
    
    builtin-ScanDependencies -o /Users/xinyufang/Library/Developer/Xcode/DerivedData/Buzz-faillbpsmponqzeruhhvskovixzk/Build/Intermediates.noindex/Stripe.build/Debug-iphonesimulator/Stripe3DS2.build/Objects-normal/arm64/STDSJSONEncoder.o.scan -- /Applications/Xcode.app/Contents/Developer/Toolchains/XcodeDefault.xctoolchain/usr/bin/clang -x objective-c -ivfsstatcache /Users/xinyufang/Library/Developer/Xcode/DerivedData/SDKStatCaches.noindex/iphonesimulator26.0-23A339-26257891a6c027eb51374368541b8346.sdkstatcache -fmessage-length\=0 -fdiagnostics-show-note-include-stack -fmacro-backtrace-limit\=0 -fno-color-diagnostics -fmodules-prune-interval\=86400 -fmodules-prune-after\=345600 -fbuild-session-file\=/Users/xinyufang/Library/Developer/Xcode/DerivedData/ModuleCache.noindex/Session.modulevalidation -fmodules-validate-once-per-build-session -Wnon-modular-include-in-framework-module -Werror\=non-modular-include-in-framework-module -Wno-trigraphs -Wno-missing-field-initializers -Wno-missing-prototypes -Wno-return-type -Wno-implicit-atomic-properties -Wno-objc-interface-ivars -Wno-arc-repeated-use-of-weak -Wno-missing-braces -Wparentheses -Wswitch -Wno-unused-function -Wno-unused-label -Wno-unused-parameter -Wno-unused-variable -Wunused-value -Wno-empty-body -Wno-uninitialized -Wno-unknown-pragmas -w -Wno-shadow -Wno-four-char-constants -Wno-conversion -Wno-constant-conversion -Wno-int-conversion -Wno-bool-conversion -Wno-enum-conversion -Wno-float-conversion -Wno-non-literal-null-conversion -Wno-objc-literal-conversion -Wshorten-64-to-32 -Wpointer-sign -Wno-newline-eof -Wno-selector -Wno-strict-selector-match -Wno-undeclared-selector -Wno-deprecated-implementations -Wno-implicit-fallthrough -fstrict-aliasing -Wprotocol -Wdeprecated-declarations -Wno-sign-conversion -Wno-infinite-recursion -Wno-comma -Wno-block-capture-autoreleasing -Wno-strict-prototypes -Wno-semicolon-before-method-body -index-store-path /Users/xinyufang/Library/Developer/Xcode/DerivedData/Buzz-faillbpsmponqzeruhhvskovixzk/Index.noindex/DataStore @/Users/xinyufang/Library/Developer/Xcode/DerivedData/Buzz-faillbpsmponqzeruhhvskovixzk/Build/Intermediates.noindex/Stripe.build/Debug-iphonesimulator/Stripe3DS2.build/Objects-normal/arm64/e6072d4f65d7061329687fe24e3d63a7-common-args.resp -include /Users/xinyufang/Library/Developer/Xcode/DerivedData/Buzz-faillbpsmponqzeruhhvskovixzk/Build/Intermediates.noindex/Stripe.build/Debug-iphonesimulator/Stripe3DS2.build/DerivedSources/resource_bundle_accessor.h -MMD -MT dependencies -MF /Users/xinyufang/Library/Developer/Xcode/DerivedData/Buzz-faillbpsmponqzeruhhvskovixzk/Build/Intermediates.noindex/Stripe.build/Debug-iphonesimulator/Stripe3DS2.build/Objects-normal/arm64/STDSJSONEncoder.d --serialize-diagnostics /Users/xinyufang/Library/Developer/Xcode/DerivedData/Buzz-faillbpsmponqzeruhhvskovixzk/Build/Intermediates.noindex/Stripe.build/Debug-iphonesimulator/Stripe3DS2.build/Objects-normal/arm64/STDSJSONEncoder.dia -c /Users/xinyufang/Library/Developer/Xcode/DerivedData/Buzz-faillbpsmponqzeruhhvskovixzk/SourcePackages/checkouts/stripe-ios-spm/Stripe3DS2/Stripe3DS2/include/STDSJSONEncoder.m -o /Users/xinyufang/Library/Developer/Xcode/DerivedData/Buzz-faillbpsmponqzeruhhvskovixzk/Build/Intermediates.noindex/Stripe.build/Debug-iphonesimulator/Stripe3DS2.build/Objects-normal/arm64/STDSJSONEncoder.o -index-unit-output-path /Stripe.build/Debug-iphonesimulator/Stripe3DS2.build/Objects-normal/arm64/STDSJSONEncoder.o

PrecompileModule /Users/xinyufang/Library/Developer/Xcode/DerivedData/Buzz-faillbpsmponqzeruhhvskovixzk/Build/Intermediates.noindex/ExplicitPrecompiledModules/ObjectiveC-CZKSWJ9XL3OFQ5X9IXVCCJOWB.scan
    cd /
    builtin-precompileModule /Users/xinyufang/Library/Developer/Xcode/DerivedData/Buzz-faillbpsmponqzeruhhvskovixzk/Build/Intermediates.noindex/ExplicitPrecompiledModules/ObjectiveC-CZKSWJ9XL3OFQ5X9IXVCCJOWB.scan

ScanDependencies /Users/xinyufang/Library/Developer/Xcode/DerivedData/Buzz-faillbpsmponqzeruhhvskovixzk/Build/Intermediates.noindex/Stripe.build/Debug-iphonesimulator/Stripe3DS2.build/Objects-normal/arm64/STDSInvalidInputException.o /Users/xinyufang/Library/Developer/Xcode/DerivedData/Buzz-faillbpsmponqzeruhhvskovixzk/SourcePackages/checkouts/stripe-ios-spm/Stripe3DS2/Stripe3DS2/include/STDSInvalidInputException.m normal arm64 objective-c com.apple.compilers.llvm.clang.1_0.compiler (in target 'Stripe3DS2' from project 'Stripe')
    cd /Users/xinyufang/Documents/Buzz/Buzz.xcodeproj
    
    Using response file: /Users/xinyufang/Library/Developer/Xcode/DerivedData/Buzz-faillbpsmponqzeruhhvskovixzk/Build/Intermediates.noindex/Stripe.build/Debug-iphonesimulator/Stripe3DS2.build/Objects-normal/arm64/e6072d4f65d7061329687fe24e3d63a7-common-args.resp
    
    builtin-ScanDependencies -o /Users/xinyufang/Library/Developer/Xcode/DerivedData/Buzz-faillbpsmponqzeruhhvskovixzk/Build/Intermediates.noindex/Stripe.build/Debug-iphonesimulator/Stripe3DS2.build/Objects-normal/arm64/STDSInvalidInputException.o.scan -- /Applications/Xcode.app/Contents/Developer/Toolchains/XcodeDefault.xctoolchain/usr/bin/clang -x objective-c -ivfsstatcache /Users/xinyufang/Library/Developer/Xcode/DerivedData/SDKStatCaches.noindex/iphonesimulator26.0-23A339-26257891a6c027eb51374368541b8346.sdkstatcache -fmessage-length\=0 -fdiagnostics-show-note-include-stack -fmacro-backtrace-limit\=0 -fno-color-diagnostics -fmodules-prune-interval\=86400 -fmodules-prune-after\=345600 -fbuild-session-file\=/Users/xinyufang/Library/Developer/Xcode/DerivedData/ModuleCache.noindex/Session.modulevalidation -fmodules-validate-once-per-build-session -Wnon-modular-include-in-framework-module -Werror\=non-modular-include-in-framework-module -Wno-trigraphs -Wno-missing-field-initializers -Wno-missing-prototypes -Wno-return-type -Wno-implicit-atomic-properties -Wno-objc-interface-ivars -Wno-arc-repeated-use-of-weak -Wno-missing-braces -Wparentheses -Wswitch -Wno-unused-function -Wno-unused-label -Wno-unused-parameter -Wno-unused-variable -Wunused-value -Wno-empty-body -Wno-uninitialized -Wno-unknown-pragmas -w -Wno-shadow -Wno-four-char-constants -Wno-conversion -Wno-constant-conversion -Wno-int-conversion -Wno-bool-conversion -Wno-enum-conversion -Wno-float-conversion -Wno-non-literal-null-conversion -Wno-objc-literal-conversion -Wshorten-64-to-32 -Wpointer-sign -Wno-newline-eof -Wno-selector -Wno-strict-selector-match -Wno-undeclared-selector -Wno-deprecated-implementations -Wno-implicit-fallthrough -fstrict-aliasing -Wprotocol -Wdeprecated-declarations -Wno-sign-conversion -Wno-infinite-recursion -Wno-comma -Wno-block-capture-autoreleasing -Wno-strict-prototypes -Wno-semicolon-before-method-body -index-store-path /Users/xinyufang/Library/Developer/Xcode/DerivedData/Buzz-faillbpsmponqzeruhhvskovixzk/Index.noindex/DataStore @/Users/xinyufang/Library/Developer/Xcode/DerivedData/Buzz-faillbpsmponqzeruhhvskovixzk/Build/Intermediates.noindex/Stripe.build/Debug-iphonesimulator/Stripe3DS2.build/Objects-normal/arm64/e6072d4f65d7061329687fe24e3d63a7-common-args.resp -include /Users/xinyufang/Library/Developer/Xcode/DerivedData/Buzz-faillbpsmponqzeruhhvskovixzk/Build/Intermediates.noindex/Stripe.build/Debug-iphonesimulator/Stripe3DS2.build/DerivedSources/resource_bundle_accessor.h -MMD -MT dependencies -MF /Users/xinyufang/Library/Developer/Xcode/DerivedData/Buzz-faillbpsmponqzeruhhvskovixzk/Build/Intermediates.noindex/Stripe.build/Debug-iphonesimulator/Stripe3DS2.build/Objects-normal/arm64/STDSInvalidInputException.d --serialize-diagnostics /Users/xinyufang/Library/Developer/Xcode/DerivedData/Buzz-faillbpsmponqzeruhhvskovixzk/Build/Intermediates.noindex/Stripe.build/Debug-iphonesimulator/Stripe3DS2.build/Objects-normal/arm64/STDSInvalidInputException.dia -c /Users/xinyufang/Library/Developer/Xcode/DerivedData/Buzz-faillbpsmponqzeruhhvskovixzk/SourcePackages/checkouts/stripe-ios-spm/Stripe3DS2/Stripe3DS2/include/STDSInvalidInputException.m -o /Users/xinyufang/Library/Developer/Xcode/DerivedData/Buzz-faillbpsmponqzeruhhvskovixzk/Build/Intermediates.noindex/Stripe.build/Debug-iphonesimulator/Stripe3DS2.build/Objects-normal/arm64/STDSInvalidInputException.o -index-unit-output-path /Stripe.build/Debug-iphonesimulator/Stripe3DS2.build/Objects-normal/arm64/STDSInvalidInputException.o

ScanDependencies /Users/xinyufang/Library/Developer/Xcode/DerivedData/Buzz-faillbpsmponqzeruhhvskovixzk/Build/Intermediates.noindex/Stripe.build/Debug-iphonesimulator/Stripe3DS2.build/Objects-normal/arm64/STDSIntegrityChecker.o /Users/xinyufang/Library/Developer/Xcode/DerivedData/Buzz-faillbpsmponqzeruhhvskovixzk/SourcePackages/checkouts/stripe-ios-spm/Stripe3DS2/Stripe3DS2/STDSIntegrityChecker.m normal arm64 objective-c com.apple.compilers.llvm.clang.1_0.compiler (in target 'Stripe3DS2' from project 'Stripe')
    cd /Users/xinyufang/Documents/Buzz/Buzz.xcodeproj
    
    Using response file: /Users/xinyufang/Library/Developer/Xcode/DerivedData/Buzz-faillbpsmponqzeruhhvskovixzk/Build/Intermediates.noindex/Stripe.build/Debug-iphonesimulator/Stripe3DS2.build/Objects-normal/arm64/e6072d4f65d7061329687fe24e3d63a7-common-args.resp
    
    builtin-ScanDependencies -o /Users/xinyufang/Library/Developer/Xcode/DerivedData/Buzz-faillbpsmponqzeruhhvskovixzk/Build/Intermediates.noindex/Stripe.build/Debug-iphonesimulator/Stripe3DS2.build/Objects-normal/arm64/STDSIntegrityChecker.o.scan -- /Applications/Xcode.app/Contents/Developer/Toolchains/XcodeDefault.xctoolchain/usr/bin/clang -x objective-c -ivfsstatcache /Users/xinyufang/Library/Developer/Xcode/DerivedData/SDKStatCaches.noindex/iphonesimulator26.0-23A339-26257891a6c027eb51374368541b8346.sdkstatcache -fmessage-length\=0 -fdiagnostics-show-note-include-stack -fmacro-backtrace-limit\=0 -fno-color-diagnostics -fmodules-prune-interval\=86400 -fmodules-prune-after\=345600 -fbuild-session-file\=/Users/xinyufang/Library/Developer/Xcode/DerivedData/ModuleCache.noindex/Session.modulevalidation -fmodules-validate-once-per-build-session -Wnon-modular-include-in-framework-module -Werror\=non-modular-include-in-framework-module -Wno-trigraphs -Wno-missing-field-initializers -Wno-missing-prototypes -Wno-return-type -Wno-implicit-atomic-properties -Wno-objc-interface-ivars -Wno-arc-repeated-use-of-weak -Wno-missing-braces -Wparentheses -Wswitch -Wno-unused-function -Wno-unused-label -Wno-unused-parameter -Wno-unused-variable -Wunused-value -Wno-empty-body -Wno-uninitialized -Wno-unknown-pragmas -w -Wno-shadow -Wno-four-char-constants -Wno-conversion -Wno-constant-conversion -Wno-int-conversion -Wno-bool-conversion -Wno-enum-conversion -Wno-float-conversion -Wno-non-literal-null-conversion -Wno-objc-literal-conversion -Wshorten-64-to-32 -Wpointer-sign -Wno-newline-eof -Wno-selector -Wno-strict-selector-match -Wno-undeclared-selector -Wno-deprecated-implementations -Wno-implicit-fallthrough -fstrict-aliasing -Wprotocol -Wdeprecated-declarations -Wno-sign-conversion -Wno-infinite-recursion -Wno-comma -Wno-block-capture-autoreleasing -Wno-strict-prototypes -Wno-semicolon-before-method-body -index-store-path /Users/xinyufang/Library/Developer/Xcode/DerivedData/Buzz-faillbpsmponqzeruhhvskovixzk/Index.noindex/DataStore @/Users/xinyufang/Library/Developer/Xcode/DerivedData/Buzz-faillbpsmponqzeruhhvskovixzk/Build/Intermediates.noindex/Stripe.build/Debug-iphonesimulator/Stripe3DS2.build/Objects-normal/arm64/e6072d4f65d7061329687fe24e3d63a7-common-args.resp -include /Users/xinyufang/Library/Developer/Xcode/DerivedData/Buzz-faillbpsmponqzeruhhvskovixzk/Build/Intermediates.noindex/Stripe.build/Debug-iphonesimulator/Stripe3DS2.build/DerivedSources/resource_bundle_accessor.h -MMD -MT dependencies -MF /Users/xinyufang/Library/Developer/Xcode/DerivedData/Buzz-faillbpsmponqzeruhhvskovixzk/Build/Intermediates.noindex/Stripe.build/Debug-iphonesimulator/Stripe3DS2.build/Objects-normal/arm64/STDSIntegrityChecker.d --serialize-diagnostics /Users/xinyufang/Library/Developer/Xcode/DerivedData/Buzz-faillbpsmponqzeruhhvskovixzk/Build/Intermediates.noindex/Stripe.build/Debug-iphonesimulator/Stripe3DS2.build/Objects-normal/arm64/STDSIntegrityChecker.dia -c /Users/xinyufang/Library/Developer/Xcode/DerivedData/Buzz-faillbpsmponqzeruhhvskovixzk/SourcePackages/checkouts/stripe-ios-spm/Stripe3DS2/Stripe3DS2/STDSIntegrityChecker.m -o /Users/xinyufang/Library/Developer/Xcode/DerivedData/Buzz-faillbpsmponqzeruhhvskovixzk/Build/Intermediates.noindex/Stripe.build/Debug-iphonesimulator/Stripe3DS2.build/Objects-normal/arm64/STDSIntegrityChecker.o -index-unit-output-path /Stripe.build/Debug-iphonesimulator/Stripe3DS2.build/Objects-normal/arm64/STDSIntegrityChecker.o

ScanDependencies /Users/xinyufang/Library/Developer/Xcode/DerivedData/Buzz-faillbpsmponqzeruhhvskovixzk/Build/Intermediates.noindex/Stripe.build/Debug-iphonesimulator/Stripe3DS2.build/Objects-normal/arm64/STDSImageLoader.o /Users/xinyufang/Library/Developer/Xcode/DerivedData/Buzz-faillbpsmponqzeruhhvskovixzk/SourcePackages/checkouts/stripe-ios-spm/Stripe3DS2/Stripe3DS2/STDSImageLoader.m normal arm64 objective-c com.apple.compilers.llvm.clang.1_0.compiler (in target 'Stripe3DS2' from project 'Stripe')
    cd /Users/xinyufang/Documents/Buzz/Buzz.xcodeproj
    
    Using response file: /Users/xinyufang/Library/Developer/Xcode/DerivedData/Buzz-faillbpsmponqzeruhhvskovixzk/Build/Intermediates.noindex/Stripe.build/Debug-iphonesimulator/Stripe3DS2.build/Objects-normal/arm64/e6072d4f65d7061329687fe24e3d63a7-common-args.resp
    
    builtin-ScanDependencies -o /Users/xinyufang/Library/Developer/Xcode/DerivedData/Buzz-faillbpsmponqzeruhhvskovixzk/Build/Intermediates.noindex/Stripe.build/Debug-iphonesimulator/Stripe3DS2.build/Objects-normal/arm64/STDSImageLoader.o.scan -- /Applications/Xcode.app/Contents/Developer/Toolchains/XcodeDefault.xctoolchain/usr/bin/clang -x objective-c -ivfsstatcache /Users/xinyufang/Library/Developer/Xcode/DerivedData/SDKStatCaches.noindex/iphonesimulator26.0-23A339-26257891a6c027eb51374368541b8346.sdkstatcache -fmessage-length\=0 -fdiagnostics-show-note-include-stack -fmacro-backtrace-limit\=0 -fno-color-diagnostics -fmodules-prune-interval\=86400 -fmodules-prune-after\=345600 -fbuild-session-file\=/Users/xinyufang/Library/Developer/Xcode/DerivedData/ModuleCache.noindex/Session.modulevalidation -fmodules-validate-once-per-build-session -Wnon-modular-include-in-framework-module -Werror\=non-modular-include-in-framework-module -Wno-trigraphs -Wno-missing-field-initializers -Wno-missing-prototypes -Wno-return-type -Wno-implicit-atomic-properties -Wno-objc-interface-ivars -Wno-arc-repeated-use-of-weak -Wno-missing-braces -Wparentheses -Wswitch -Wno-unused-function -Wno-unused-label -Wno-unused-parameter -Wno-unused-variable -Wunused-value -Wno-empty-body -Wno-uninitialized -Wno-unknown-pragmas -w -Wno-shadow -Wno-four-char-constants -Wno-conversion -Wno-constant-conversion -Wno-int-conversion -Wno-bool-conversion -Wno-enum-conversion -Wno-float-conversion -Wno-non-literal-null-conversion -Wno-objc-literal-conversion -Wshorten-64-to-32 -Wpointer-sign -Wno-newline-eof -Wno-selector -Wno-strict-selector-match -Wno-undeclared-selector -Wno-deprecated-implementations -Wno-implicit-fallthrough -fstrict-aliasing -Wprotocol -Wdeprecated-declarations -Wno-sign-conversion -Wno-infinite-recursion -Wno-comma -Wno-block-capture-autoreleasing -Wno-strict-prototypes -Wno-semicolon-before-method-body -index-store-path /Users/xinyufang/Library/Developer/Xcode/DerivedData/Buzz-faillbpsmponqzeruhhvskovixzk/Index.noindex/DataStore @/Users/xinyufang/Library/Developer/Xcode/DerivedData/Buzz-faillbpsmponqzeruhhvskovixzk/Build/Intermediates.noindex/Stripe.build/Debug-iphonesimulator/Stripe3DS2.build/Objects-normal/arm64/e6072d4f65d7061329687fe24e3d63a7-common-args.resp -include /Users/xinyufang/Library/Developer/Xcode/DerivedData/Buzz-faillbpsmponqzeruhhvskovixzk/Build/Intermediates.noindex/Stripe.build/Debug-iphonesimulator/Stripe3DS2.build/DerivedSources/resource_bundle_accessor.h -MMD -MT dependencies -MF /Users/xinyufang/Library/Developer/Xcode/DerivedData/Buzz-faillbpsmponqzeruhhvskovixzk/Build/Intermediates.noindex/Stripe.build/Debug-iphonesimulator/Stripe3DS2.build/Objects-normal/arm64/STDSImageLoader.d --serialize-diagnostics /Users/xinyufang/Library/Developer/Xcode/DerivedData/Buzz-faillbpsmponqzeruhhvskovixzk/Build/Intermediates.noindex/Stripe.build/Debug-iphonesimulator/Stripe3DS2.build/Objects-normal/arm64/STDSImageLoader.dia -c /Users/xinyufang/Library/Developer/Xcode/DerivedData/Buzz-faillbpsmponqzeruhhvskovixzk/SourcePackages/checkouts/stripe-ios-spm/Stripe3DS2/Stripe3DS2/STDSImageLoader.m -o /Users/xinyufang/Library/Developer/Xcode/DerivedData/Buzz-faillbpsmponqzeruhhvskovixzk/Build/Intermediates.noindex/Stripe.build/Debug-iphonesimulator/Stripe3DS2.build/Objects-normal/arm64/STDSImageLoader.o -index-unit-output-path /Stripe.build/Debug-iphonesimulator/Stripe3DS2.build/Objects-normal/arm64/STDSImageLoader.o

ScanDependencies /Users/xinyufang/Library/Developer/Xcode/DerivedData/Buzz-faillbpsmponqzeruhhvskovixzk/Build/Intermediates.noindex/Stripe.build/Debug-iphonesimulator/Stripe3DS2.build/Objects-normal/arm64/STDSIPAddress.o /Users/xinyufang/Library/Developer/Xcode/DerivedData/Buzz-faillbpsmponqzeruhhvskovixzk/SourcePackages/checkouts/stripe-ios-spm/Stripe3DS2/Stripe3DS2/STDSIPAddress.m normal arm64 objective-c com.apple.compilers.llvm.clang.1_0.compiler (in target 'Stripe3DS2' from project 'Stripe')
    cd /Users/xinyufang/Documents/Buzz/Buzz.xcodeproj
    
    Using response file: /Users/xinyufang/Library/Developer/Xcode/DerivedData/Buzz-faillbpsmponqzeruhhvskovixzk/Build/Intermediates.noindex/Stripe.build/Debug-iphonesimulator/Stripe3DS2.build/Objects-normal/arm64/e6072d4f65d7061329687fe24e3d63a7-common-args.resp
    
    builtin-ScanDependencies -o /Users/xinyufang/Library/Developer/Xcode/DerivedData/Buzz-faillbpsmponqzeruhhvskovixzk/Build/Intermediates.noindex/Stripe.build/Debug-iphonesimulator/Stripe3DS2.build/Objects-normal/arm64/STDSIPAddress.o.scan -- /Applications/Xcode.app/Contents/Developer/Toolchains/XcodeDefault.xctoolchain/usr/bin/clang -x objective-c -ivfsstatcache /Users/xinyufang/Library/Developer/Xcode/DerivedData/SDKStatCaches.noindex/iphonesimulator26.0-23A339-26257891a6c027eb51374368541b8346.sdkstatcache -fmessage-length\=0 -fdiagnostics-show-note-include-stack -fmacro-backtrace-limit\=0 -fno-color-diagnostics -fmodules-prune-interval\=86400 -fmodules-prune-after\=345600 -fbuild-session-file\=/Users/xinyufang/Library/Developer/Xcode/DerivedData/ModuleCache.noindex/Session.modulevalidation -fmodules-validate-once-per-build-session -Wnon-modular-include-in-framework-module -Werror\=non-modular-include-in-framework-module -Wno-trigraphs -Wno-missing-field-initializers -Wno-missing-prototypes -Wno-return-type -Wno-implicit-atomic-properties -Wno-objc-interface-ivars -Wno-arc-repeated-use-of-weak -Wno-missing-braces -Wparentheses -Wswitch -Wno-unused-function -Wno-unused-label -Wno-unused-parameter -Wno-unused-variable -Wunused-value -Wno-empty-body -Wno-uninitialized -Wno-unknown-pragmas -w -Wno-shadow -Wno-four-char-constants -Wno-conversion -Wno-constant-conversion -Wno-int-conversion -Wno-bool-conversion -Wno-enum-conversion -Wno-float-conversion -Wno-non-literal-null-conversion -Wno-objc-literal-conversion -Wshorten-64-to-32 -Wpointer-sign -Wno-newline-eof -Wno-selector -Wno-strict-selector-match -Wno-undeclared-selector -Wno-deprecated-implementations -Wno-implicit-fallthrough -fstrict-aliasing -Wprotocol -Wdeprecated-declarations -Wno-sign-conversion -Wno-infinite-recursion -Wno-comma -Wno-block-capture-autoreleasing -Wno-strict-prototypes -Wno-semicolon-before-method-body -index-store-path /Users/xinyufang/Library/Developer/Xcode/DerivedData/Buzz-faillbpsmponqzeruhhvskovixzk/Index.noindex/DataStore @/Users/xinyufang/Library/Developer/Xcode/DerivedData/Buzz-faillbpsmponqzeruhhvskovixzk/Build/Intermediates.noindex/Stripe.build/Debug-iphonesimulator/Stripe3DS2.build/Objects-normal/arm64/e6072d4f65d7061329687fe24e3d63a7-common-args.resp -include /Users/xinyufang/Library/Developer/Xcode/DerivedData/Buzz-faillbpsmponqzeruhhvskovixzk/Build/Intermediates.noindex/Stripe.build/Debug-iphonesimulator/Stripe3DS2.build/DerivedSources/resource_bundle_accessor.h -MMD -MT dependencies -MF /Users/xinyufang/Library/Developer/Xcode/DerivedData/Buzz-faillbpsmponqzeruhhvskovixzk/Build/Intermediates.noindex/Stripe.build/Debug-iphonesimulator/Stripe3DS2.build/Objects-normal/arm64/STDSIPAddress.d --serialize-diagnostics /Users/xinyufang/Library/Developer/Xcode/DerivedData/Buzz-faillbpsmponqzeruhhvskovixzk/Build/Intermediates.noindex/Stripe.build/Debug-iphonesimulator/Stripe3DS2.build/Objects-normal/arm64/STDSIPAddress.dia -c /Users/xinyufang/Library/Developer/Xcode/DerivedData/Buzz-faillbpsmponqzeruhhvskovixzk/SourcePackages/checkouts/stripe-ios-spm/Stripe3DS2/Stripe3DS2/STDSIPAddress.m -o /Users/xinyufang/Library/Developer/Xcode/DerivedData/Buzz-faillbpsmponqzeruhhvskovixzk/Build/Intermediates.noindex/Stripe.build/Debug-iphonesimulator/Stripe3DS2.build/Objects-normal/arm64/STDSIPAddress.o -index-unit-output-path /Stripe.build/Debug-iphonesimulator/Stripe3DS2.build/Objects-normal/arm64/STDSIPAddress.o

ScanDependencies /Users/xinyufang/Library/Developer/Xcode/DerivedData/Buzz-faillbpsmponqzeruhhvskovixzk/Build/Intermediates.noindex/Stripe.build/Debug-iphonesimulator/Stripe3DS2.build/Objects-normal/arm64/STDSFooterCustomization.o /Users/xinyufang/Library/Developer/Xcode/DerivedData/Buzz-faillbpsmponqzeruhhvskovixzk/SourcePackages/checkouts/stripe-ios-spm/Stripe3DS2/Stripe3DS2/include/STDSFooterCustomization.m normal arm64 objective-c com.apple.compilers.llvm.clang.1_0.compiler (in target 'Stripe3DS2' from project 'Stripe')
    cd /Users/xinyufang/Documents/Buzz/Buzz.xcodeproj
    
    Using response file: /Users/xinyufang/Library/Developer/Xcode/DerivedData/Buzz-faillbpsmponqzeruhhvskovixzk/Build/Intermediates.noindex/Stripe.build/Debug-iphonesimulator/Stripe3DS2.build/Objects-normal/arm64/e6072d4f65d7061329687fe24e3d63a7-common-args.resp
    
    builtin-ScanDependencies -o /Users/xinyufang/Library/Developer/Xcode/DerivedData/Buzz-faillbpsmponqzeruhhvskovixzk/Build/Intermediates.noindex/Stripe.build/Debug-iphonesimulator/Stripe3DS2.build/Objects-normal/arm64/STDSFooterCustomization.o.scan -- /Applications/Xcode.app/Contents/Developer/Toolchains/XcodeDefault.xctoolchain/usr/bin/clang -x objective-c -ivfsstatcache /Users/xinyufang/Library/Developer/Xcode/DerivedData/SDKStatCaches.noindex/iphonesimulator26.0-23A339-26257891a6c027eb51374368541b8346.sdkstatcache -fmessage-length\=0 -fdiagnostics-show-note-include-stack -fmacro-backtrace-limit\=0 -fno-color-diagnostics -fmodules-prune-interval\=86400 -fmodules-prune-after\=345600 -fbuild-session-file\=/Users/xinyufang/Library/Developer/Xcode/DerivedData/ModuleCache.noindex/Session.modulevalidation -fmodules-validate-once-per-build-session -Wnon-modular-include-in-framework-module -Werror\=non-modular-include-in-framework-module -Wno-trigraphs -Wno-missing-field-initializers -Wno-missing-prototypes -Wno-return-type -Wno-implicit-atomic-properties -Wno-objc-interface-ivars -Wno-arc-repeated-use-of-weak -Wno-missing-braces -Wparentheses -Wswitch -Wno-unused-function -Wno-unused-label -Wno-unused-parameter -Wno-unused-variable -Wunused-value -Wno-empty-body -Wno-uninitialized -Wno-unknown-pragmas -w -Wno-shadow -Wno-four-char-constants -Wno-conversion -Wno-constant-conversion -Wno-int-conversion -Wno-bool-conversion -Wno-enum-conversion -Wno-float-conversion -Wno-non-literal-null-conversion -Wno-objc-literal-conversion -Wshorten-64-to-32 -Wpointer-sign -Wno-newline-eof -Wno-selector -Wno-strict-selector-match -Wno-undeclared-selector -Wno-deprecated-implementations -Wno-implicit-fallthrough -fstrict-aliasing -Wprotocol -Wdeprecated-declarations -Wno-sign-conversion -Wno-infinite-recursion -Wno-comma -Wno-block-capture-autoreleasing -Wno-strict-prototypes -Wno-semicolon-before-method-body -index-store-path /Users/xinyufang/Library/Developer/Xcode/DerivedData/Buzz-faillbpsmponqzeruhhvskovixzk/Index.noindex/DataStore @/Users/xinyufang/Library/Developer/Xcode/DerivedData/Buzz-faillbpsmponqzeruhhvskovixzk/Build/Intermediates.noindex/Stripe.build/Debug-iphonesimulator/Stripe3DS2.build/Objects-normal/arm64/e6072d4f65d7061329687fe24e3d63a7-common-args.resp -include /Users/xinyufang/Library/Developer/Xcode/DerivedData/Buzz-faillbpsmponqzeruhhvskovixzk/Build/Intermediates.noindex/Stripe.build/Debug-iphonesimulator/Stripe3DS2.build/DerivedSources/resource_bundle_accessor.h -MMD -MT dependencies -MF /Users/xinyufang/Library/Developer/Xcode/DerivedData/Buzz-faillbpsmponqzeruhhvskovixzk/Build/Intermediates.noindex/Stripe.build/Debug-iphonesimulator/Stripe3DS2.build/Objects-normal/arm64/STDSFooterCustomization.d --serialize-diagnostics /Users/xinyufang/Library/Developer/Xcode/DerivedData/Buzz-faillbpsmponqzeruhhvskovixzk/Build/Intermediates.noindex/Stripe.build/Debug-iphonesimulator/Stripe3DS2.build/Objects-normal/arm64/STDSFooterCustomization.dia -c /Users/xinyufang/Library/Developer/Xcode/DerivedData/Buzz-faillbpsmponqzeruhhvskovixzk/SourcePackages/checkouts/stripe-ios-spm/Stripe3DS2/Stripe3DS2/include/STDSFooterCustomization.m -o /Users/xinyufang/Library/Developer/Xcode/DerivedData/Buzz-faillbpsmponqzeruhhvskovixzk/Build/Intermediates.noindex/Stripe.build/Debug-iphonesimulator/Stripe3DS2.build/Objects-normal/arm64/STDSFooterCustomization.o -index-unit-output-path /Stripe.build/Debug-iphonesimulator/Stripe3DS2.build/Objects-normal/arm64/STDSFooterCustomization.o

ScanDependencies /Users/xinyufang/Library/Developer/Xcode/DerivedData/Buzz-faillbpsmponqzeruhhvskovixzk/Build/Intermediates.noindex/Stripe.build/Debug-iphonesimulator/Stripe3DS2.build/Objects-normal/arm64/STDSExpandableInformationView.o /Users/xinyufang/Library/Developer/Xcode/DerivedData/Buzz-faillbpsmponqzeruhhvskovixzk/SourcePackages/checkouts/stripe-ios-spm/Stripe3DS2/Stripe3DS2/STDSExpandableInformationView.m normal arm64 objective-c com.apple.compilers.llvm.clang.1_0.compiler (in target 'Stripe3DS2' from project 'Stripe')
    cd /Users/xinyufang/Documents/Buzz/Buzz.xcodeproj
    
    Using response file: /Users/xinyufang/Library/Developer/Xcode/DerivedData/Buzz-faillbpsmponqzeruhhvskovixzk/Build/Intermediates.noindex/Stripe.build/Debug-iphonesimulator/Stripe3DS2.build/Objects-normal/arm64/e6072d4f65d7061329687fe24e3d63a7-common-args.resp
    
    builtin-ScanDependencies -o /Users/xinyufang/Library/Developer/Xcode/DerivedData/Buzz-faillbpsmponqzeruhhvskovixzk/Build/Intermediates.noindex/Stripe.build/Debug-iphonesimulator/Stripe3DS2.build/Objects-normal/arm64/STDSExpandableInformationView.o.scan -- /Applications/Xcode.app/Contents/Developer/Toolchains/XcodeDefault.xctoolchain/usr/bin/clang -x objective-c -ivfsstatcache /Users/xinyufang/Library/Developer/Xcode/DerivedData/SDKStatCaches.noindex/iphonesimulator26.0-23A339-26257891a6c027eb51374368541b8346.sdkstatcache -fmessage-length\=0 -fdiagnostics-show-note-include-stack -fmacro-backtrace-limit\=0 -fno-color-diagnostics -fmodules-prune-interval\=86400 -fmodules-prune-after\=345600 -fbuild-session-file\=/Users/xinyufang/Library/Developer/Xcode/DerivedData/ModuleCache.noindex/Session.modulevalidation -fmodules-validate-once-per-build-session -Wnon-modular-include-in-framework-module -Werror\=non-modular-include-in-framework-module -Wno-trigraphs -Wno-missing-field-initializers -Wno-missing-prototypes -Wno-return-type -Wno-implicit-atomic-properties -Wno-objc-interface-ivars -Wno-arc-repeated-use-of-weak -Wno-missing-braces -Wparentheses -Wswitch -Wno-unused-function -Wno-unused-label -Wno-unused-parameter -Wno-unused-variable -Wunused-value -Wno-empty-body -Wno-uninitialized -Wno-unknown-pragmas -w -Wno-shadow -Wno-four-char-constants -Wno-conversion -Wno-constant-conversion -Wno-int-conversion -Wno-bool-conversion -Wno-enum-conversion -Wno-float-conversion -Wno-non-literal-null-conversion -Wno-objc-literal-conversion -Wshorten-64-to-32 -Wpointer-sign -Wno-newline-eof -Wno-selector -Wno-strict-selector-match -Wno-undeclared-selector -Wno-deprecated-implementations -Wno-implicit-fallthrough -fstrict-aliasing -Wprotocol -Wdeprecated-declarations -Wno-sign-conversion -Wno-infinite-recursion -Wno-comma -Wno-block-capture-autoreleasing -Wno-strict-prototypes -Wno-semicolon-before-method-body -index-store-path /Users/xinyufang/Library/Developer/Xcode/DerivedData/Buzz-faillbpsmponqzeruhhvskovixzk/Index.noindex/DataStore @/Users/xinyufang/Library/Developer/Xcode/DerivedData/Buzz-faillbpsmponqzeruhhvskovixzk/Build/Intermediates.noindex/Stripe.build/Debug-iphonesimulator/Stripe3DS2.build/Objects-normal/arm64/e6072d4f65d7061329687fe24e3d63a7-common-args.resp -include /Users/xinyufang/Library/Developer/Xcode/DerivedData/Buzz-faillbpsmponqzeruhhvskovixzk/Build/Intermediates.noindex/Stripe.build/Debug-iphonesimulator/Stripe3DS2.build/DerivedSources/resource_bundle_accessor.h -MMD -MT dependencies -MF /Users/xinyufang/Library/Developer/Xcode/DerivedData/Buzz-faillbpsmponqzeruhhvskovixzk/Build/Intermediates.noindex/Stripe.build/Debug-iphonesimulator/Stripe3DS2.build/Objects-normal/arm64/STDSExpandableInformationView.d --serialize-diagnostics /Users/xinyufang/Library/Developer/Xcode/DerivedData/Buzz-faillbpsmponqzeruhhvskovixzk/Build/Intermediates.noindex/Stripe.build/Debug-iphonesimulator/Stripe3DS2.build/Objects-normal/arm64/STDSExpandableInformationView.dia -c /Users/xinyufang/Library/Developer/Xcode/DerivedData/Buzz-faillbpsmponqzeruhhvskovixzk/SourcePackages/checkouts/stripe-ios-spm/Stripe3DS2/Stripe3DS2/STDSExpandableInformationView.m -o /Users/xinyufang/Library/Developer/Xcode/DerivedData/Buzz-faillbpsmponqzeruhhvskovixzk/Build/Intermediates.noindex/Stripe.build/Debug-iphonesimulator/Stripe3DS2.build/Objects-normal/arm64/STDSExpandableInformationView.o -index-unit-output-path /Stripe.build/Debug-iphonesimulator/Stripe3DS2.build/Objects-normal/arm64/STDSExpandableInformationView.o

PrecompileModule /Users/xinyufang/Library/Developer/Xcode/DerivedData/Buzz-faillbpsmponqzeruhhvskovixzk/Build/Intermediates.noindex/ExplicitPrecompiledModules/os_object-1I00G071SMKGX6XUUS2I1HIE2.scan
    cd /
    builtin-precompileModule /Users/xinyufang/Library/Developer/Xcode/DerivedData/Buzz-faillbpsmponqzeruhhvskovixzk/Build/Intermediates.noindex/ExplicitPrecompiledModules/os_object-1I00G071SMKGX6XUUS2I1HIE2.scan

ScanDependencies /Users/xinyufang/Library/Developer/Xcode/DerivedData/Buzz-faillbpsmponqzeruhhvskovixzk/Build/Intermediates.noindex/Stripe.build/Debug-iphonesimulator/Stripe3DS2.build/Objects-normal/arm64/STDSException.o /Users/xinyufang/Library/Developer/Xcode/DerivedData/Buzz-faillbpsmponqzeruhhvskovixzk/SourcePackages/checkouts/stripe-ios-spm/Stripe3DS2/Stripe3DS2/include/STDSException.m normal arm64 objective-c com.apple.compilers.llvm.clang.1_0.compiler (in target 'Stripe3DS2' from project 'Stripe')
    cd /Users/xinyufang/Documents/Buzz/Buzz.xcodeproj
    
    Using response file: /Users/xinyufang/Library/Developer/Xcode/DerivedData/Buzz-faillbpsmponqzeruhhvskovixzk/Build/Intermediates.noindex/Stripe.build/Debug-iphonesimulator/Stripe3DS2.build/Objects-normal/arm64/e6072d4f65d7061329687fe24e3d63a7-common-args.resp
    
    builtin-ScanDependencies -o /Users/xinyufang/Library/Developer/Xcode/DerivedData/Buzz-faillbpsmponqzeruhhvskovixzk/Build/Intermediates.noindex/Stripe.build/Debug-iphonesimulator/Stripe3DS2.build/Objects-normal/arm64/STDSException.o.scan -- /Applications/Xcode.app/Contents/Developer/Toolchains/XcodeDefault.xctoolchain/usr/bin/clang -x objective-c -ivfsstatcache /Users/xinyufang/Library/Developer/Xcode/DerivedData/SDKStatCaches.noindex/iphonesimulator26.0-23A339-26257891a6c027eb51374368541b8346.sdkstatcache -fmessage-length\=0 -fdiagnostics-show-note-include-stack -fmacro-backtrace-limit\=0 -fno-color-diagnostics -fmodules-prune-interval\=86400 -fmodules-prune-after\=345600 -fbuild-session-file\=/Users/xinyufang/Library/Developer/Xcode/DerivedData/ModuleCache.noindex/Session.modulevalidation -fmodules-validate-once-per-build-session -Wnon-modular-include-in-framework-module -Werror\=non-modular-include-in-framework-module -Wno-trigraphs -Wno-missing-field-initializers -Wno-missing-prototypes -Wno-return-type -Wno-implicit-atomic-properties -Wno-objc-interface-ivars -Wno-arc-repeated-use-of-weak -Wno-missing-braces -Wparentheses -Wswitch -Wno-unused-function -Wno-unused-label -Wno-unused-parameter -Wno-unused-variable -Wunused-value -Wno-empty-body -Wno-uninitialized -Wno-unknown-pragmas -w -Wno-shadow -Wno-four-char-constants -Wno-conversion -Wno-constant-conversion -Wno-int-conversion -Wno-bool-conversion -Wno-enum-conversion -Wno-float-conversion -Wno-non-literal-null-conversion -Wno-objc-literal-conversion -Wshorten-64-to-32 -Wpointer-sign -Wno-newline-eof -Wno-selector -Wno-strict-selector-match -Wno-undeclared-selector -Wno-deprecated-implementations -Wno-implicit-fallthrough -fstrict-aliasing -Wprotocol -Wdeprecated-declarations -Wno-sign-conversion -Wno-infinite-recursion -Wno-comma -Wno-block-capture-autoreleasing -Wno-strict-prototypes -Wno-semicolon-before-method-body -index-store-path /Users/xinyufang/Library/Developer/Xcode/DerivedData/Buzz-faillbpsmponqzeruhhvskovixzk/Index.noindex/DataStore @/Users/xinyufang/Library/Developer/Xcode/DerivedData/Buzz-faillbpsmponqzeruhhvskovixzk/Build/Intermediates.noindex/Stripe.build/Debug-iphonesimulator/Stripe3DS2.build/Objects-normal/arm64/e6072d4f65d7061329687fe24e3d63a7-common-args.resp -include /Users/xinyufang/Library/Developer/Xcode/DerivedData/Buzz-faillbpsmponqzeruhhvskovixzk/Build/Intermediates.noindex/Stripe.build/Debug-iphonesimulator/Stripe3DS2.build/DerivedSources/resource_bundle_accessor.h -MMD -MT dependencies -MF /Users/xinyufang/Library/Developer/Xcode/DerivedData/Buzz-faillbpsmponqzeruhhvskovixzk/Build/Intermediates.noindex/Stripe.build/Debug-iphonesimulator/Stripe3DS2.build/Objects-normal/arm64/STDSException.d --serialize-diagnostics /Users/xinyufang/Library/Developer/Xcode/DerivedData/Buzz-faillbpsmponqzeruhhvskovixzk/Build/Intermediates.noindex/Stripe.build/Debug-iphonesimulator/Stripe3DS2.build/Objects-normal/arm64/STDSException.dia -c /Users/xinyufang/Library/Developer/Xcode/DerivedData/Buzz-faillbpsmponqzeruhhvskovixzk/SourcePackages/checkouts/stripe-ios-spm/Stripe3DS2/Stripe3DS2/include/STDSException.m -o /Users/xinyufang/Library/Developer/Xcode/DerivedData/Buzz-faillbpsmponqzeruhhvskovixzk/Build/Intermediates.noindex/Stripe.build/Debug-iphonesimulator/Stripe3DS2.build/Objects-normal/arm64/STDSException.o -index-unit-output-path /Stripe.build/Debug-iphonesimulator/Stripe3DS2.build/Objects-normal/arm64/STDSException.o

ScanDependencies /Users/xinyufang/Library/Developer/Xcode/DerivedData/Buzz-faillbpsmponqzeruhhvskovixzk/Build/Intermediates.noindex/Stripe.build/Debug-iphonesimulator/Stripe3DS2.build/Objects-normal/arm64/STDSErrorMessage.o /Users/xinyufang/Library/Developer/Xcode/DerivedData/Buzz-faillbpsmponqzeruhhvskovixzk/SourcePackages/checkouts/stripe-ios-spm/Stripe3DS2/Stripe3DS2/include/STDSErrorMessage.m normal arm64 objective-c com.apple.compilers.llvm.clang.1_0.compiler (in target 'Stripe3DS2' from project 'Stripe')
    cd /Users/xinyufang/Documents/Buzz/Buzz.xcodeproj
    
    Using response file: /Users/xinyufang/Library/Developer/Xcode/DerivedData/Buzz-faillbpsmponqzeruhhvskovixzk/Build/Intermediates.noindex/Stripe.build/Debug-iphonesimulator/Stripe3DS2.build/Objects-normal/arm64/e6072d4f65d7061329687fe24e3d63a7-common-args.resp
    
    builtin-ScanDependencies -o /Users/xinyufang/Library/Developer/Xcode/DerivedData/Buzz-faillbpsmponqzeruhhvskovixzk/Build/Intermediates.noindex/Stripe.build/Debug-iphonesimulator/Stripe3DS2.build/Objects-normal/arm64/STDSErrorMessage.o.scan -- /Applications/Xcode.app/Contents/Developer/Toolchains/XcodeDefault.xctoolchain/usr/bin/clang -x objective-c -ivfsstatcache /Users/xinyufang/Library/Developer/Xcode/DerivedData/SDKStatCaches.noindex/iphonesimulator26.0-23A339-26257891a6c027eb51374368541b8346.sdkstatcache -fmessage-length\=0 -fdiagnostics-show-note-include-stack -fmacro-backtrace-limit\=0 -fno-color-diagnostics -fmodules-prune-interval\=86400 -fmodules-prune-after\=345600 -fbuild-session-file\=/Users/xinyufang/Library/Developer/Xcode/DerivedData/ModuleCache.noindex/Session.modulevalidation -fmodules-validate-once-per-build-session -Wnon-modular-include-in-framework-module -Werror\=non-modular-include-in-framework-module -Wno-trigraphs -Wno-missing-field-initializers -Wno-missing-prototypes -Wno-return-type -Wno-implicit-atomic-properties -Wno-objc-interface-ivars -Wno-arc-repeated-use-of-weak -Wno-missing-braces -Wparentheses -Wswitch -Wno-unused-function -Wno-unused-label -Wno-unused-parameter -Wno-unused-variable -Wunused-value -Wno-empty-body -Wno-uninitialized -Wno-unknown-pragmas -w -Wno-shadow -Wno-four-char-constants -Wno-conversion -Wno-constant-conversion -Wno-int-conversion -Wno-bool-conversion -Wno-enum-conversion -Wno-float-conversion -Wno-non-literal-null-conversion -Wno-objc-literal-conversion -Wshorten-64-to-32 -Wpointer-sign -Wno-newline-eof -Wno-selector -Wno-strict-selector-match -Wno-undeclared-selector -Wno-deprecated-implementations -Wno-implicit-fallthrough -fstrict-aliasing -Wprotocol -Wdeprecated-declarations -Wno-sign-conversion -Wno-infinite-recursion -Wno-comma -Wno-block-capture-autoreleasing -Wno-strict-prototypes -Wno-semicolon-before-method-body -index-store-path /Users/xinyufang/Library/Developer/Xcode/DerivedData/Buzz-faillbpsmponqzeruhhvskovixzk/Index.noindex/DataStore @/Users/xinyufang/Library/Developer/Xcode/DerivedData/Buzz-faillbpsmponqzeruhhvskovixzk/Build/Intermediates.noindex/Stripe.build/Debug-iphonesimulator/Stripe3DS2.build/Objects-normal/arm64/e6072d4f65d7061329687fe24e3d63a7-common-args.resp -include /Users/xinyufang/Library/Developer/Xcode/DerivedData/Buzz-faillbpsmponqzeruhhvskovixzk/Build/Intermediates.noindex/Stripe.build/Debug-iphonesimulator/Stripe3DS2.build/DerivedSources/resource_bundle_accessor.h -MMD -MT dependencies -MF /Users/xinyufang/Library/Developer/Xcode/DerivedData/Buzz-faillbpsmponqzeruhhvskovixzk/Build/Intermediates.noindex/Stripe.build/Debug-iphonesimulator/Stripe3DS2.build/Objects-normal/arm64/STDSErrorMessage.d --serialize-diagnostics /Users/xinyufang/Library/Developer/Xcode/DerivedData/Buzz-faillbpsmponqzeruhhvskovixzk/Build/Intermediates.noindex/Stripe.build/Debug-iphonesimulator/Stripe3DS2.build/Objects-normal/arm64/STDSErrorMessage.dia -c /Users/xinyufang/Library/Developer/Xcode/DerivedData/Buzz-faillbpsmponqzeruhhvskovixzk/SourcePackages/checkouts/stripe-ios-spm/Stripe3DS2/Stripe3DS2/include/STDSErrorMessage.m -o /Users/xinyufang/Library/Developer/Xcode/DerivedData/Buzz-faillbpsmponqzeruhhvskovixzk/Build/Intermediates.noindex/Stripe.build/Debug-iphonesimulator/Stripe3DS2.build/Objects-normal/arm64/STDSErrorMessage.o -index-unit-output-path /Stripe.build/Debug-iphonesimulator/Stripe3DS2.build/Objects-normal/arm64/STDSErrorMessage.o

ScanDependencies /Users/xinyufang/Library/Developer/Xcode/DerivedData/Buzz-faillbpsmponqzeruhhvskovixzk/Build/Intermediates.noindex/Stripe.build/Debug-iphonesimulator/Stripe3DS2.build/Objects-normal/arm64/STDSErrorMessage+Internal.o /Users/xinyufang/Library/Developer/Xcode/DerivedData/Buzz-faillbpsmponqzeruhhvskovixzk/SourcePackages/checkouts/stripe-ios-spm/Stripe3DS2/Stripe3DS2/STDSErrorMessage+Internal.m normal arm64 objective-c com.apple.compilers.llvm.clang.1_0.compiler (in target 'Stripe3DS2' from project 'Stripe')
    cd /Users/xinyufang/Documents/Buzz/Buzz.xcodeproj
    
    Using response file: /Users/xinyufang/Library/Developer/Xcode/DerivedData/Buzz-faillbpsmponqzeruhhvskovixzk/Build/Intermediates.noindex/Stripe.build/Debug-iphonesimulator/Stripe3DS2.build/Objects-normal/arm64/e6072d4f65d7061329687fe24e3d63a7-common-args.resp
    
    builtin-ScanDependencies -o /Users/xinyufang/Library/Developer/Xcode/DerivedData/Buzz-faillbpsmponqzeruhhvskovixzk/Build/Intermediates.noindex/Stripe.build/Debug-iphonesimulator/Stripe3DS2.build/Objects-normal/arm64/STDSErrorMessage+Internal.o.scan -- /Applications/Xcode.app/Contents/Developer/Toolchains/XcodeDefault.xctoolchain/usr/bin/clang -x objective-c -ivfsstatcache /Users/xinyufang/Library/Developer/Xcode/DerivedData/SDKStatCaches.noindex/iphonesimulator26.0-23A339-26257891a6c027eb51374368541b8346.sdkstatcache -fmessage-length\=0 -fdiagnostics-show-note-include-stack -fmacro-backtrace-limit\=0 -fno-color-diagnostics -fmodules-prune-interval\=86400 -fmodules-prune-after\=345600 -fbuild-session-file\=/Users/xinyufang/Library/Developer/Xcode/DerivedData/ModuleCache.noindex/Session.modulevalidation -fmodules-validate-once-per-build-session -Wnon-modular-include-in-framework-module -Werror\=non-modular-include-in-framework-module -Wno-trigraphs -Wno-missing-field-initializers -Wno-missing-prototypes -Wno-return-type -Wno-implicit-atomic-properties -Wno-objc-interface-ivars -Wno-arc-repeated-use-of-weak -Wno-missing-braces -Wparentheses -Wswitch -Wno-unused-function -Wno-unused-label -Wno-unused-parameter -Wno-unused-variable -Wunused-value -Wno-empty-body -Wno-uninitialized -Wno-unknown-pragmas -w -Wno-shadow -Wno-four-char-constants -Wno-conversion -Wno-constant-conversion -Wno-int-conversion -Wno-bool-conversion -Wno-enum-conversion -Wno-float-conversion -Wno-non-literal-null-conversion -Wno-objc-literal-conversion -Wshorten-64-to-32 -Wpointer-sign -Wno-newline-eof -Wno-selector -Wno-strict-selector-match -Wno-undeclared-selector -Wno-deprecated-implementations -Wno-implicit-fallthrough -fstrict-aliasing -Wprotocol -Wdeprecated-declarations -Wno-sign-conversion -Wno-infinite-recursion -Wno-comma -Wno-block-capture-autoreleasing -Wno-strict-prototypes -Wno-semicolon-before-method-body -index-store-path /Users/xinyufang/Library/Developer/Xcode/DerivedData/Buzz-faillbpsmponqzeruhhvskovixzk/Index.noindex/DataStore @/Users/xinyufang/Library/Developer/Xcode/DerivedData/Buzz-faillbpsmponqzeruhhvskovixzk/Build/Intermediates.noindex/Stripe.build/Debug-iphonesimulator/Stripe3DS2.build/Objects-normal/arm64/e6072d4f65d7061329687fe24e3d63a7-common-args.resp -include /Users/xinyufang/Library/Developer/Xcode/DerivedData/Buzz-faillbpsmponqzeruhhvskovixzk/Build/Intermediates.noindex/Stripe.build/Debug-iphonesimulator/Stripe3DS2.build/DerivedSources/resource_bundle_accessor.h -MMD -MT dependencies -MF /Users/xinyufang/Library/Developer/Xcode/DerivedData/Buzz-faillbpsmponqzeruhhvskovixzk/Build/Intermediates.noindex/Stripe.build/Debug-iphonesimulator/Stripe3DS2.build/Objects-normal/arm64/STDSErrorMessage+Internal.d --serialize-diagnostics /Users/xinyufang/Library/Developer/Xcode/DerivedData/Buzz-faillbpsmponqzeruhhvskovixzk/Build/Intermediates.noindex/Stripe.build/Debug-iphonesimulator/Stripe3DS2.build/Objects-normal/arm64/STDSErrorMessage+Internal.dia -c /Users/xinyufang/Library/Developer/Xcode/DerivedData/Buzz-faillbpsmponqzeruhhvskovixzk/SourcePackages/checkouts/stripe-ios-spm/Stripe3DS2/Stripe3DS2/STDSErrorMessage+Internal.m -o /Users/xinyufang/Library/Developer/Xcode/DerivedData/Buzz-faillbpsmponqzeruhhvskovixzk/Build/Intermediates.noindex/Stripe.build/Debug-iphonesimulator/Stripe3DS2.build/Objects-normal/arm64/STDSErrorMessage+Internal.o -index-unit-output-path /Stripe.build/Debug-iphonesimulator/Stripe3DS2.build/Objects-normal/arm64/STDSErrorMessage+Internal.o

ScanDependencies /Users/xinyufang/Library/Developer/Xcode/DerivedData/Buzz-faillbpsmponqzeruhhvskovixzk/Build/Intermediates.noindex/Stripe.build/Debug-iphonesimulator/Stripe3DS2.build/Objects-normal/arm64/STDSEphemeralKeyPair.o /Users/xinyufang/Library/Developer/Xcode/DerivedData/Buzz-faillbpsmponqzeruhhvskovixzk/SourcePackages/checkouts/stripe-ios-spm/Stripe3DS2/Stripe3DS2/STDSEphemeralKeyPair.m normal arm64 objective-c com.apple.compilers.llvm.clang.1_0.compiler (in target 'Stripe3DS2' from project 'Stripe')
    cd /Users/xinyufang/Documents/Buzz/Buzz.xcodeproj
    
    Using response file: /Users/xinyufang/Library/Developer/Xcode/DerivedData/Buzz-faillbpsmponqzeruhhvskovixzk/Build/Intermediates.noindex/Stripe.build/Debug-iphonesimulator/Stripe3DS2.build/Objects-normal/arm64/e6072d4f65d7061329687fe24e3d63a7-common-args.resp
    
    builtin-ScanDependencies -o /Users/xinyufang/Library/Developer/Xcode/DerivedData/Buzz-faillbpsmponqzeruhhvskovixzk/Build/Intermediates.noindex/Stripe.build/Debug-iphonesimulator/Stripe3DS2.build/Objects-normal/arm64/STDSEphemeralKeyPair.o.scan -- /Applications/Xcode.app/Contents/Developer/Toolchains/XcodeDefault.xctoolchain/usr/bin/clang -x objective-c -ivfsstatcache /Users/xinyufang/Library/Developer/Xcode/DerivedData/SDKStatCaches.noindex/iphonesimulator26.0-23A339-26257891a6c027eb51374368541b8346.sdkstatcache -fmessage-length\=0 -fdiagnostics-show-note-include-stack -fmacro-backtrace-limit\=0 -fno-color-diagnostics -fmodules-prune-interval\=86400 -fmodules-prune-after\=345600 -fbuild-session-file\=/Users/xinyufang/Library/Developer/Xcode/DerivedData/ModuleCache.noindex/Session.modulevalidation -fmodules-validate-once-per-build-session -Wnon-modular-include-in-framework-module -Werror\=non-modular-include-in-framework-module -Wno-trigraphs -Wno-missing-field-initializers -Wno-missing-prototypes -Wno-return-type -Wno-implicit-atomic-properties -Wno-objc-interface-ivars -Wno-arc-repeated-use-of-weak -Wno-missing-braces -Wparentheses -Wswitch -Wno-unused-function -Wno-unused-label -Wno-unused-parameter -Wno-unused-variable -Wunused-value -Wno-empty-body -Wno-uninitialized -Wno-unknown-pragmas -w -Wno-shadow -Wno-four-char-constants -Wno-conversion -Wno-constant-conversion -Wno-int-conversion -Wno-bool-conversion -Wno-enum-conversion -Wno-float-conversion -Wno-non-literal-null-conversion -Wno-objc-literal-conversion -Wshorten-64-to-32 -Wpointer-sign -Wno-newline-eof -Wno-selector -Wno-strict-selector-match -Wno-undeclared-selector -Wno-deprecated-implementations -Wno-implicit-fallthrough -fstrict-aliasing -Wprotocol -Wdeprecated-declarations -Wno-sign-conversion -Wno-infinite-recursion -Wno-comma -Wno-block-capture-autoreleasing -Wno-strict-prototypes -Wno-semicolon-before-method-body -index-store-path /Users/xinyufang/Library/Developer/Xcode/DerivedData/Buzz-faillbpsmponqzeruhhvskovixzk/Index.noindex/DataStore @/Users/xinyufang/Library/Developer/Xcode/DerivedData/Buzz-faillbpsmponqzeruhhvskovixzk/Build/Intermediates.noindex/Stripe.build/Debug-iphonesimulator/Stripe3DS2.build/Objects-normal/arm64/e6072d4f65d7061329687fe24e3d63a7-common-args.resp -include /Users/xinyufang/Library/Developer/Xcode/DerivedData/Buzz-faillbpsmponqzeruhhvskovixzk/Build/Intermediates.noindex/Stripe.build/Debug-iphonesimulator/Stripe3DS2.build/DerivedSources/resource_bundle_accessor.h -MMD -MT dependencies -MF /Users/xinyufang/Library/Developer/Xcode/DerivedData/Buzz-faillbpsmponqzeruhhvskovixzk/Build/Intermediates.noindex/Stripe.build/Debug-iphonesimulator/Stripe3DS2.build/Objects-normal/arm64/STDSEphemeralKeyPair.d --serialize-diagnostics /Users/xinyufang/Library/Developer/Xcode/DerivedData/Buzz-faillbpsmponqzeruhhvskovixzk/Build/Intermediates.noindex/Stripe.build/Debug-iphonesimulator/Stripe3DS2.build/Objects-normal/arm64/STDSEphemeralKeyPair.dia -c /Users/xinyufang/Library/Developer/Xcode/DerivedData/Buzz-faillbpsmponqzeruhhvskovixzk/SourcePackages/checkouts/stripe-ios-spm/Stripe3DS2/Stripe3DS2/STDSEphemeralKeyPair.m -o /Users/xinyufang/Library/Developer/Xcode/DerivedData/Buzz-faillbpsmponqzeruhhvskovixzk/Build/Intermediates.noindex/Stripe.build/Debug-iphonesimulator/Stripe3DS2.build/Objects-normal/arm64/STDSEphemeralKeyPair.o -index-unit-output-path /Stripe.build/Debug-iphonesimulator/Stripe3DS2.build/Objects-normal/arm64/STDSEphemeralKeyPair.o

ScanDependencies /Users/xinyufang/Library/Developer/Xcode/DerivedData/Buzz-faillbpsmponqzeruhhvskovixzk/Build/Intermediates.noindex/Stripe.build/Debug-iphonesimulator/Stripe3DS2.build/Objects-normal/arm64/STDSEllipticCurvePoint.o /Users/xinyufang/Library/Developer/Xcode/DerivedData/Buzz-faillbpsmponqzeruhhvskovixzk/SourcePackages/checkouts/stripe-ios-spm/Stripe3DS2/Stripe3DS2/STDSEllipticCurvePoint.m normal arm64 objective-c com.apple.compilers.llvm.clang.1_0.compiler (in target 'Stripe3DS2' from project 'Stripe')
    cd /Users/xinyufang/Documents/Buzz/Buzz.xcodeproj
    
    Using response file: /Users/xinyufang/Library/Developer/Xcode/DerivedData/Buzz-faillbpsmponqzeruhhvskovixzk/Build/Intermediates.noindex/Stripe.build/Debug-iphonesimulator/Stripe3DS2.build/Objects-normal/arm64/e6072d4f65d7061329687fe24e3d63a7-common-args.resp
    
    builtin-ScanDependencies -o /Users/xinyufang/Library/Developer/Xcode/DerivedData/Buzz-faillbpsmponqzeruhhvskovixzk/Build/Intermediates.noindex/Stripe.build/Debug-iphonesimulator/Stripe3DS2.build/Objects-normal/arm64/STDSEllipticCurvePoint.o.scan -- /Applications/Xcode.app/Contents/Developer/Toolchains/XcodeDefault.xctoolchain/usr/bin/clang -x objective-c -ivfsstatcache /Users/xinyufang/Library/Developer/Xcode/DerivedData/SDKStatCaches.noindex/iphonesimulator26.0-23A339-26257891a6c027eb51374368541b8346.sdkstatcache -fmessage-length\=0 -fdiagnostics-show-note-include-stack -fmacro-backtrace-limit\=0 -fno-color-diagnostics -fmodules-prune-interval\=86400 -fmodules-prune-after\=345600 -fbuild-session-file\=/Users/xinyufang/Library/Developer/Xcode/DerivedData/ModuleCache.noindex/Session.modulevalidation -fmodules-validate-once-per-build-session -Wnon-modular-include-in-framework-module -Werror\=non-modular-include-in-framework-module -Wno-trigraphs -Wno-missing-field-initializers -Wno-missing-prototypes -Wno-return-type -Wno-implicit-atomic-properties -Wno-objc-interface-ivars -Wno-arc-repeated-use-of-weak -Wno-missing-braces -Wparentheses -Wswitch -Wno-unused-function -Wno-unused-label -Wno-unused-parameter -Wno-unused-variable -Wunused-value -Wno-empty-body -Wno-uninitialized -Wno-unknown-pragmas -w -Wno-shadow -Wno-four-char-constants -Wno-conversion -Wno-constant-conversion -Wno-int-conversion -Wno-bool-conversion -Wno-enum-conversion -Wno-float-conversion -Wno-non-literal-null-conversion -Wno-objc-literal-conversion -Wshorten-64-to-32 -Wpointer-sign -Wno-newline-eof -Wno-selector -Wno-strict-selector-match -Wno-undeclared-selector -Wno-deprecated-implementations -Wno-implicit-fallthrough -fstrict-aliasing -Wprotocol -Wdeprecated-declarations -Wno-sign-conversion -Wno-infinite-recursion -Wno-comma -Wno-block-capture-autoreleasing -Wno-strict-prototypes -Wno-semicolon-before-method-body -index-store-path /Users/xinyufang/Library/Developer/Xcode/DerivedData/Buzz-faillbpsmponqzeruhhvskovixzk/Index.noindex/DataStore @/Users/xinyufang/Library/Developer/Xcode/DerivedData/Buzz-faillbpsmponqzeruhhvskovixzk/Build/Intermediates.noindex/Stripe.build/Debug-iphonesimulator/Stripe3DS2.build/Objects-normal/arm64/e6072d4f65d7061329687fe24e3d63a7-common-args.resp -include /Users/xinyufang/Library/Developer/Xcode/DerivedData/Buzz-faillbpsmponqzeruhhvskovixzk/Build/Intermediates.noindex/Stripe.build/Debug-iphonesimulator/Stripe3DS2.build/DerivedSources/resource_bundle_accessor.h -MMD -MT dependencies -MF /Users/xinyufang/Library/Developer/Xcode/DerivedData/Buzz-faillbpsmponqzeruhhvskovixzk/Build/Intermediates.noindex/Stripe.build/Debug-iphonesimulator/Stripe3DS2.build/Objects-normal/arm64/STDSEllipticCurvePoint.d --serialize-diagnostics /Users/xinyufang/Library/Developer/Xcode/DerivedData/Buzz-faillbpsmponqzeruhhvskovixzk/Build/Intermediates.noindex/Stripe.build/Debug-iphonesimulator/Stripe3DS2.build/Objects-normal/arm64/STDSEllipticCurvePoint.dia -c /Users/xinyufang/Library/Developer/Xcode/DerivedData/Buzz-faillbpsmponqzeruhhvskovixzk/SourcePackages/checkouts/stripe-ios-spm/Stripe3DS2/Stripe3DS2/STDSEllipticCurvePoint.m -o /Users/xinyufang/Library/Developer/Xcode/DerivedData/Buzz-faillbpsmponqzeruhhvskovixzk/Build/Intermediates.noindex/Stripe.build/Debug-iphonesimulator/Stripe3DS2.build/Objects-normal/arm64/STDSEllipticCurvePoint.o -index-unit-output-path /Stripe.build/Debug-iphonesimulator/Stripe3DS2.build/Objects-normal/arm64/STDSEllipticCurvePoint.o

ScanDependencies /Users/xinyufang/Library/Developer/Xcode/DerivedData/Buzz-faillbpsmponqzeruhhvskovixzk/Build/Intermediates.noindex/Stripe.build/Debug-iphonesimulator/Stripe3DS2.build/Objects-normal/arm64/STDSDirectoryServerCertificate.o /Users/xinyufang/Library/Developer/Xcode/DerivedData/Buzz-faillbpsmponqzeruhhvskovixzk/SourcePackages/checkouts/stripe-ios-spm/Stripe3DS2/Stripe3DS2/STDSDirectoryServerCertificate.m normal arm64 objective-c com.apple.compilers.llvm.clang.1_0.compiler (in target 'Stripe3DS2' from project 'Stripe')
    cd /Users/xinyufang/Documents/Buzz/Buzz.xcodeproj
    
    Using response file: /Users/xinyufang/Library/Developer/Xcode/DerivedData/Buzz-faillbpsmponqzeruhhvskovixzk/Build/Intermediates.noindex/Stripe.build/Debug-iphonesimulator/Stripe3DS2.build/Objects-normal/arm64/e6072d4f65d7061329687fe24e3d63a7-common-args.resp
    
    builtin-ScanDependencies -o /Users/xinyufang/Library/Developer/Xcode/DerivedData/Buzz-faillbpsmponqzeruhhvskovixzk/Build/Intermediates.noindex/Stripe.build/Debug-iphonesimulator/Stripe3DS2.build/Objects-normal/arm64/STDSDirectoryServerCertificate.o.scan -- /Applications/Xcode.app/Contents/Developer/Toolchains/XcodeDefault.xctoolchain/usr/bin/clang -x objective-c -ivfsstatcache /Users/xinyufang/Library/Developer/Xcode/DerivedData/SDKStatCaches.noindex/iphonesimulator26.0-23A339-26257891a6c027eb51374368541b8346.sdkstatcache -fmessage-length\=0 -fdiagnostics-show-note-include-stack -fmacro-backtrace-limit\=0 -fno-color-diagnostics -fmodules-prune-interval\=86400 -fmodules-prune-after\=345600 -fbuild-session-file\=/Users/xinyufang/Library/Developer/Xcode/DerivedData/ModuleCache.noindex/Session.modulevalidation -fmodules-validate-once-per-build-session -Wnon-modular-include-in-framework-module -Werror\=non-modular-include-in-framework-module -Wno-trigraphs -Wno-missing-field-initializers -Wno-missing-prototypes -Wno-return-type -Wno-implicit-atomic-properties -Wno-objc-interface-ivars -Wno-arc-repeated-use-of-weak -Wno-missing-braces -Wparentheses -Wswitch -Wno-unused-function -Wno-unused-label -Wno-unused-parameter -Wno-unused-variable -Wunused-value -Wno-empty-body -Wno-uninitialized -Wno-unknown-pragmas -w -Wno-shadow -Wno-four-char-constants -Wno-conversion -Wno-constant-conversion -Wno-int-conversion -Wno-bool-conversion -Wno-enum-conversion -Wno-float-conversion -Wno-non-literal-null-conversion -Wno-objc-literal-conversion -Wshorten-64-to-32 -Wpointer-sign -Wno-newline-eof -Wno-selector -Wno-strict-selector-match -Wno-undeclared-selector -Wno-deprecated-implementations -Wno-implicit-fallthrough -fstrict-aliasing -Wprotocol -Wdeprecated-declarations -Wno-sign-conversion -Wno-infinite-recursion -Wno-comma -Wno-block-capture-autoreleasing -Wno-strict-prototypes -Wno-semicolon-before-method-body -index-store-path /Users/xinyufang/Library/Developer/Xcode/DerivedData/Buzz-faillbpsmponqzeruhhvskovixzk/Index.noindex/DataStore @/Users/xinyufang/Library/Developer/Xcode/DerivedData/Buzz-faillbpsmponqzeruhhvskovixzk/Build/Intermediates.noindex/Stripe.build/Debug-iphonesimulator/Stripe3DS2.build/Objects-normal/arm64/e6072d4f65d7061329687fe24e3d63a7-common-args.resp -include /Users/xinyufang/Library/Developer/Xcode/DerivedData/Buzz-faillbpsmponqzeruhhvskovixzk/Build/Intermediates.noindex/Stripe.build/Debug-iphonesimulator/Stripe3DS2.build/DerivedSources/resource_bundle_accessor.h -MMD -MT dependencies -MF /Users/xinyufang/Library/Developer/Xcode/DerivedData/Buzz-faillbpsmponqzeruhhvskovixzk/Build/Intermediates.noindex/Stripe.build/Debug-iphonesimulator/Stripe3DS2.build/Objects-normal/arm64/STDSDirectoryServerCertificate.d --serialize-diagnostics /Users/xinyufang/Library/Developer/Xcode/DerivedData/Buzz-faillbpsmponqzeruhhvskovixzk/Build/Intermediates.noindex/Stripe.build/Debug-iphonesimulator/Stripe3DS2.build/Objects-normal/arm64/STDSDirectoryServerCertificate.dia -c /Users/xinyufang/Library/Developer/Xcode/DerivedData/Buzz-faillbpsmponqzeruhhvskovixzk/SourcePackages/checkouts/stripe-ios-spm/Stripe3DS2/Stripe3DS2/STDSDirectoryServerCertificate.m -o /Users/xinyufang/Library/Developer/Xcode/DerivedData/Buzz-faillbpsmponqzeruhhvskovixzk/Build/Intermediates.noindex/Stripe.build/Debug-iphonesimulator/Stripe3DS2.build/Objects-normal/arm64/STDSDirectoryServerCertificate.o -index-unit-output-path /Stripe.build/Debug-iphonesimulator/Stripe3DS2.build/Objects-normal/arm64/STDSDirectoryServerCertificate.o

ScanDependencies /Users/xinyufang/Library/Developer/Xcode/DerivedData/Buzz-faillbpsmponqzeruhhvskovixzk/Build/Intermediates.noindex/Stripe.build/Debug-iphonesimulator/Stripe3DS2.build/Objects-normal/arm64/STDSDeviceInformationParameter.o /Users/xinyufang/Library/Developer/Xcode/DerivedData/Buzz-faillbpsmponqzeruhhvskovixzk/SourcePackages/checkouts/stripe-ios-spm/Stripe3DS2/Stripe3DS2/STDSDeviceInformationParameter.m normal arm64 objective-c com.apple.compilers.llvm.clang.1_0.compiler (in target 'Stripe3DS2' from project 'Stripe')
    cd /Users/xinyufang/Documents/Buzz/Buzz.xcodeproj
    
    Using response file: /Users/xinyufang/Library/Developer/Xcode/DerivedData/Buzz-faillbpsmponqzeruhhvskovixzk/Build/Intermediates.noindex/Stripe.build/Debug-iphonesimulator/Stripe3DS2.build/Objects-normal/arm64/e6072d4f65d7061329687fe24e3d63a7-common-args.resp
    
    builtin-ScanDependencies -o /Users/xinyufang/Library/Developer/Xcode/DerivedData/Buzz-faillbpsmponqzeruhhvskovixzk/Build/Intermediates.noindex/Stripe.build/Debug-iphonesimulator/Stripe3DS2.build/Objects-normal/arm64/STDSDeviceInformationParameter.o.scan -- /Applications/Xcode.app/Contents/Developer/Toolchains/XcodeDefault.xctoolchain/usr/bin/clang -x objective-c -ivfsstatcache /Users/xinyufang/Library/Developer/Xcode/DerivedData/SDKStatCaches.noindex/iphonesimulator26.0-23A339-26257891a6c027eb51374368541b8346.sdkstatcache -fmessage-length\=0 -fdiagnostics-show-note-include-stack -fmacro-backtrace-limit\=0 -fno-color-diagnostics -fmodules-prune-interval\=86400 -fmodules-prune-after\=345600 -fbuild-session-file\=/Users/xinyufang/Library/Developer/Xcode/DerivedData/ModuleCache.noindex/Session.modulevalidation -fmodules-validate-once-per-build-session -Wnon-modular-include-in-framework-module -Werror\=non-modular-include-in-framework-module -Wno-trigraphs -Wno-missing-field-initializers -Wno-missing-prototypes -Wno-return-type -Wno-implicit-atomic-properties -Wno-objc-interface-ivars -Wno-arc-repeated-use-of-weak -Wno-missing-braces -Wparentheses -Wswitch -Wno-unused-function -Wno-unused-label -Wno-unused-parameter -Wno-unused-variable -Wunused-value -Wno-empty-body -Wno-uninitialized -Wno-unknown-pragmas -w -Wno-shadow -Wno-four-char-constants -Wno-conversion -Wno-constant-conversion -Wno-int-conversion -Wno-bool-conversion -Wno-enum-conversion -Wno-float-conversion -Wno-non-literal-null-conversion -Wno-objc-literal-conversion -Wshorten-64-to-32 -Wpointer-sign -Wno-newline-eof -Wno-selector -Wno-strict-selector-match -Wno-undeclared-selector -Wno-deprecated-implementations -Wno-implicit-fallthrough -fstrict-aliasing -Wprotocol -Wdeprecated-declarations -Wno-sign-conversion -Wno-infinite-recursion -Wno-comma -Wno-block-capture-autoreleasing -Wno-strict-prototypes -Wno-semicolon-before-method-body -index-store-path /Users/xinyufang/Library/Developer/Xcode/DerivedData/Buzz-faillbpsmponqzeruhhvskovixzk/Index.noindex/DataStore @/Users/xinyufang/Library/Developer/Xcode/DerivedData/Buzz-faillbpsmponqzeruhhvskovixzk/Build/Intermediates.noindex/Stripe.build/Debug-iphonesimulator/Stripe3DS2.build/Objects-normal/arm64/e6072d4f65d7061329687fe24e3d63a7-common-args.resp -include /Users/xinyufang/Library/Developer/Xcode/DerivedData/Buzz-faillbpsmponqzeruhhvskovixzk/Build/Intermediates.noindex/Stripe.build/Debug-iphonesimulator/Stripe3DS2.build/DerivedSources/resource_bundle_accessor.h -MMD -MT dependencies -MF /Users/xinyufang/Library/Developer/Xcode/DerivedData/Buzz-faillbpsmponqzeruhhvskovixzk/Build/Intermediates.noindex/Stripe.build/Debug-iphonesimulator/Stripe3DS2.build/Objects-normal/arm64/STDSDeviceInformationParameter.d --serialize-diagnostics /Users/xinyufang/Library/Developer/Xcode/DerivedData/Buzz-faillbpsmponqzeruhhvskovixzk/Build/Intermediates.noindex/Stripe.build/Debug-iphonesimulator/Stripe3DS2.build/Objects-normal/arm64/STDSDeviceInformationParameter.dia -c /Users/xinyufang/Library/Developer/Xcode/DerivedData/Buzz-faillbpsmponqzeruhhvskovixzk/SourcePackages/checkouts/stripe-ios-spm/Stripe3DS2/Stripe3DS2/STDSDeviceInformationParameter.m -o /Users/xinyufang/Library/Developer/Xcode/DerivedData/Buzz-faillbpsmponqzeruhhvskovixzk/Build/Intermediates.noindex/Stripe.build/Debug-iphonesimulator/Stripe3DS2.build/Objects-normal/arm64/STDSDeviceInformationParameter.o -index-unit-output-path /Stripe.build/Debug-iphonesimulator/Stripe3DS2.build/Objects-normal/arm64/STDSDeviceInformationParameter.o

PrecompileModule /Users/xinyufang/Library/Developer/Xcode/DerivedData/Buzz-faillbpsmponqzeruhhvskovixzk/Build/Intermediates.noindex/ExplicitPrecompiledModules/os_workgroup-60A0KJQS07ZGQ7VTJA7M1FQGY.scan
    cd /
    builtin-precompileModule /Users/xinyufang/Library/Developer/Xcode/DerivedData/Buzz-faillbpsmponqzeruhhvskovixzk/Build/Intermediates.noindex/ExplicitPrecompiledModules/os_workgroup-60A0KJQS07ZGQ7VTJA7M1FQGY.scan

ScanDependencies /Users/xinyufang/Library/Developer/Xcode/DerivedData/Buzz-faillbpsmponqzeruhhvskovixzk/Build/Intermediates.noindex/Stripe.build/Debug-iphonesimulator/Stripe3DS2.build/Objects-normal/arm64/STDSDeviceInformationManager.o /Users/xinyufang/Library/Developer/Xcode/DerivedData/Buzz-faillbpsmponqzeruhhvskovixzk/SourcePackages/checkouts/stripe-ios-spm/Stripe3DS2/Stripe3DS2/STDSDeviceInformationManager.m normal arm64 objective-c com.apple.compilers.llvm.clang.1_0.compiler (in target 'Stripe3DS2' from project 'Stripe')
    cd /Users/xinyufang/Documents/Buzz/Buzz.xcodeproj
    
    Using response file: /Users/xinyufang/Library/Developer/Xcode/DerivedData/Buzz-faillbpsmponqzeruhhvskovixzk/Build/Intermediates.noindex/Stripe.build/Debug-iphonesimulator/Stripe3DS2.build/Objects-normal/arm64/e6072d4f65d7061329687fe24e3d63a7-common-args.resp
    
    builtin-ScanDependencies -o /Users/xinyufang/Library/Developer/Xcode/DerivedData/Buzz-faillbpsmponqzeruhhvskovixzk/Build/Intermediates.noindex/Stripe.build/Debug-iphonesimulator/Stripe3DS2.build/Objects-normal/arm64/STDSDeviceInformationManager.o.scan -- /Applications/Xcode.app/Contents/Developer/Toolchains/XcodeDefault.xctoolchain/usr/bin/clang -x objective-c -ivfsstatcache /Users/xinyufang/Library/Developer/Xcode/DerivedData/SDKStatCaches.noindex/iphonesimulator26.0-23A339-26257891a6c027eb51374368541b8346.sdkstatcache -fmessage-length\=0 -fdiagnostics-show-note-include-stack -fmacro-backtrace-limit\=0 -fno-color-diagnostics -fmodules-prune-interval\=86400 -fmodules-prune-after\=345600 -fbuild-session-file\=/Users/xinyufang/Library/Developer/Xcode/DerivedData/ModuleCache.noindex/Session.modulevalidation -fmodules-validate-once-per-build-session -Wnon-modular-include-in-framework-module -Werror\=non-modular-include-in-framework-module -Wno-trigraphs -Wno-missing-field-initializers -Wno-missing-prototypes -Wno-return-type -Wno-implicit-atomic-properties -Wno-objc-interface-ivars -Wno-arc-repeated-use-of-weak -Wno-missing-braces -Wparentheses -Wswitch -Wno-unused-function -Wno-unused-label -Wno-unused-parameter -Wno-unused-variable -Wunused-value -Wno-empty-body -Wno-uninitialized -Wno-unknown-pragmas -w -Wno-shadow -Wno-four-char-constants -Wno-conversion -Wno-constant-conversion -Wno-int-conversion -Wno-bool-conversion -Wno-enum-conversion -Wno-float-conversion -Wno-non-literal-null-conversion -Wno-objc-literal-conversion -Wshorten-64-to-32 -Wpointer-sign -Wno-newline-eof -Wno-selector -Wno-strict-selector-match -Wno-undeclared-selector -Wno-deprecated-implementations -Wno-implicit-fallthrough -fstrict-aliasing -Wprotocol -Wdeprecated-declarations -Wno-sign-conversion -Wno-infinite-recursion -Wno-comma -Wno-block-capture-autoreleasing -Wno-strict-prototypes -Wno-semicolon-before-method-body -index-store-path /Users/xinyufang/Library/Developer/Xcode/DerivedData/Buzz-faillbpsmponqzeruhhvskovixzk/Index.noindex/DataStore @/Users/xinyufang/Library/Developer/Xcode/DerivedData/Buzz-faillbpsmponqzeruhhvskovixzk/Build/Intermediates.noindex/Stripe.build/Debug-iphonesimulator/Stripe3DS2.build/Objects-normal/arm64/e6072d4f65d7061329687fe24e3d63a7-common-args.resp -include /Users/xinyufang/Library/Developer/Xcode/DerivedData/Buzz-faillbpsmponqzeruhhvskovixzk/Build/Intermediates.noindex/Stripe.build/Debug-iphonesimulator/Stripe3DS2.build/DerivedSources/resource_bundle_accessor.h -MMD -MT dependencies -MF /Users/xinyufang/Library/Developer/Xcode/DerivedData/Buzz-faillbpsmponqzeruhhvskovixzk/Build/Intermediates.noindex/Stripe.build/Debug-iphonesimulator/Stripe3DS2.build/Objects-normal/arm64/STDSDeviceInformationManager.d --serialize-diagnostics /Users/xinyufang/Library/Developer/Xcode/DerivedData/Buzz-faillbpsmponqzeruhhvskovixzk/Build/Intermediates.noindex/Stripe.build/Debug-iphonesimulator/Stripe3DS2.build/Objects-normal/arm64/STDSDeviceInformationManager.dia -c /Users/xinyufang/Library/Developer/Xcode/DerivedData/Buzz-faillbpsmponqzeruhhvskovixzk/SourcePackages/checkouts/stripe-ios-spm/Stripe3DS2/Stripe3DS2/STDSDeviceInformationManager.m -o /Users/xinyufang/Library/Developer/Xcode/DerivedData/Buzz-faillbpsmponqzeruhhvskovixzk/Build/Intermediates.noindex/Stripe.build/Debug-iphonesimulator/Stripe3DS2.build/Objects-normal/arm64/STDSDeviceInformationManager.o -index-unit-output-path /Stripe.build/Debug-iphonesimulator/Stripe3DS2.build/Objects-normal/arm64/STDSDeviceInformationManager.o

ScanDependencies /Users/xinyufang/Library/Developer/Xcode/DerivedData/Buzz-faillbpsmponqzeruhhvskovixzk/Build/Intermediates.noindex/Stripe.build/Debug-iphonesimulator/Stripe3DS2.build/Objects-normal/arm64/STDSDeviceInformation.o /Users/xinyufang/Library/Developer/Xcode/DerivedData/Buzz-faillbpsmponqzeruhhvskovixzk/SourcePackages/checkouts/stripe-ios-spm/Stripe3DS2/Stripe3DS2/STDSDeviceInformation.m normal arm64 objective-c com.apple.compilers.llvm.clang.1_0.compiler (in target 'Stripe3DS2' from project 'Stripe')
    cd /Users/xinyufang/Documents/Buzz/Buzz.xcodeproj
    
    Using response file: /Users/xinyufang/Library/Developer/Xcode/DerivedData/Buzz-faillbpsmponqzeruhhvskovixzk/Build/Intermediates.noindex/Stripe.build/Debug-iphonesimulator/Stripe3DS2.build/Objects-normal/arm64/e6072d4f65d7061329687fe24e3d63a7-common-args.resp
    
    builtin-ScanDependencies -o /Users/xinyufang/Library/Developer/Xcode/DerivedData/Buzz-faillbpsmponqzeruhhvskovixzk/Build/Intermediates.noindex/Stripe.build/Debug-iphonesimulator/Stripe3DS2.build/Objects-normal/arm64/STDSDeviceInformation.o.scan -- /Applications/Xcode.app/Contents/Developer/Toolchains/XcodeDefault.xctoolchain/usr/bin/clang -x objective-c -ivfsstatcache /Users/xinyufang/Library/Developer/Xcode/DerivedData/SDKStatCaches.noindex/iphonesimulator26.0-23A339-26257891a6c027eb51374368541b8346.sdkstatcache -fmessage-length\=0 -fdiagnostics-show-note-include-stack -fmacro-backtrace-limit\=0 -fno-color-diagnostics -fmodules-prune-interval\=86400 -fmodules-prune-after\=345600 -fbuild-session-file\=/Users/xinyufang/Library/Developer/Xcode/DerivedData/ModuleCache.noindex/Session.modulevalidation -fmodules-validate-once-per-build-session -Wnon-modular-include-in-framework-module -Werror\=non-modular-include-in-framework-module -Wno-trigraphs -Wno-missing-field-initializers -Wno-missing-prototypes -Wno-return-type -Wno-implicit-atomic-properties -Wno-objc-interface-ivars -Wno-arc-repeated-use-of-weak -Wno-missing-braces -Wparentheses -Wswitch -Wno-unused-function -Wno-unused-label -Wno-unused-parameter -Wno-unused-variable -Wunused-value -Wno-empty-body -Wno-uninitialized -Wno-unknown-pragmas -w -Wno-shadow -Wno-four-char-constants -Wno-conversion -Wno-constant-conversion -Wno-int-conversion -Wno-bool-conversion -Wno-enum-conversion -Wno-float-conversion -Wno-non-literal-null-conversion -Wno-objc-literal-conversion -Wshorten-64-to-32 -Wpointer-sign -Wno-newline-eof -Wno-selector -Wno-strict-selector-match -Wno-undeclared-selector -Wno-deprecated-implementations -Wno-implicit-fallthrough -fstrict-aliasing -Wprotocol -Wdeprecated-declarations -Wno-sign-conversion -Wno-infinite-recursion -Wno-comma -Wno-block-capture-autoreleasing -Wno-strict-prototypes -Wno-semicolon-before-method-body -index-store-path /Users/xinyufang/Library/Developer/Xcode/DerivedData/Buzz-faillbpsmponqzeruhhvskovixzk/Index.noindex/DataStore @/Users/xinyufang/Library/Developer/Xcode/DerivedData/Buzz-faillbpsmponqzeruhhvskovixzk/Build/Intermediates.noindex/Stripe.build/Debug-iphonesimulator/Stripe3DS2.build/Objects-normal/arm64/e6072d4f65d7061329687fe24e3d63a7-common-args.resp -include /Users/xinyufang/Library/Developer/Xcode/DerivedData/Buzz-faillbpsmponqzeruhhvskovixzk/Build/Intermediates.noindex/Stripe.build/Debug-iphonesimulator/Stripe3DS2.build/DerivedSources/resource_bundle_accessor.h -MMD -MT dependencies -MF /Users/xinyufang/Library/Developer/Xcode/DerivedData/Buzz-faillbpsmponqzeruhhvskovixzk/Build/Intermediates.noindex/Stripe.build/Debug-iphonesimulator/Stripe3DS2.build/Objects-normal/arm64/STDSDeviceInformation.d --serialize-diagnostics /Users/xinyufang/Library/Developer/Xcode/DerivedData/Buzz-faillbpsmponqzeruhhvskovixzk/Build/Intermediates.noindex/Stripe.build/Debug-iphonesimulator/Stripe3DS2.build/Objects-normal/arm64/STDSDeviceInformation.dia -c /Users/xinyufang/Library/Developer/Xcode/DerivedData/Buzz-faillbpsmponqzeruhhvskovixzk/SourcePackages/checkouts/stripe-ios-spm/Stripe3DS2/Stripe3DS2/STDSDeviceInformation.m -o /Users/xinyufang/Library/Developer/Xcode/DerivedData/Buzz-faillbpsmponqzeruhhvskovixzk/Build/Intermediates.noindex/Stripe.build/Debug-iphonesimulator/Stripe3DS2.build/Objects-normal/arm64/STDSDeviceInformation.o -index-unit-output-path /Stripe.build/Debug-iphonesimulator/Stripe3DS2.build/Objects-normal/arm64/STDSDeviceInformation.o

ScanDependencies /Users/xinyufang/Library/Developer/Xcode/DerivedData/Buzz-faillbpsmponqzeruhhvskovixzk/Build/Intermediates.noindex/Stripe.build/Debug-iphonesimulator/Stripe3DS2.build/Objects-normal/arm64/STDSDebuggerChecker.o /Users/xinyufang/Library/Developer/Xcode/DerivedData/Buzz-faillbpsmponqzeruhhvskovixzk/SourcePackages/checkouts/stripe-ios-spm/Stripe3DS2/Stripe3DS2/STDSDebuggerChecker.m normal arm64 objective-c com.apple.compilers.llvm.clang.1_0.compiler (in target 'Stripe3DS2' from project 'Stripe')
    cd /Users/xinyufang/Documents/Buzz/Buzz.xcodeproj
    
    Using response file: /Users/xinyufang/Library/Developer/Xcode/DerivedData/Buzz-faillbpsmponqzeruhhvskovixzk/Build/Intermediates.noindex/Stripe.build/Debug-iphonesimulator/Stripe3DS2.build/Objects-normal/arm64/e6072d4f65d7061329687fe24e3d63a7-common-args.resp
    
    builtin-ScanDependencies -o /Users/xinyufang/Library/Developer/Xcode/DerivedData/Buzz-faillbpsmponqzeruhhvskovixzk/Build/Intermediates.noindex/Stripe.build/Debug-iphonesimulator/Stripe3DS2.build/Objects-normal/arm64/STDSDebuggerChecker.o.scan -- /Applications/Xcode.app/Contents/Developer/Toolchains/XcodeDefault.xctoolchain/usr/bin/clang -x objective-c -ivfsstatcache /Users/xinyufang/Library/Developer/Xcode/DerivedData/SDKStatCaches.noindex/iphonesimulator26.0-23A339-26257891a6c027eb51374368541b8346.sdkstatcache -fmessage-length\=0 -fdiagnostics-show-note-include-stack -fmacro-backtrace-limit\=0 -fno-color-diagnostics -fmodules-prune-interval\=86400 -fmodules-prune-after\=345600 -fbuild-session-file\=/Users/xinyufang/Library/Developer/Xcode/DerivedData/ModuleCache.noindex/Session.modulevalidation -fmodules-validate-once-per-build-session -Wnon-modular-include-in-framework-module -Werror\=non-modular-include-in-framework-module -Wno-trigraphs -Wno-missing-field-initializers -Wno-missing-prototypes -Wno-return-type -Wno-implicit-atomic-properties -Wno-objc-interface-ivars -Wno-arc-repeated-use-of-weak -Wno-missing-braces -Wparentheses -Wswitch -Wno-unused-function -Wno-unused-label -Wno-unused-parameter -Wno-unused-variable -Wunused-value -Wno-empty-body -Wno-uninitialized -Wno-unknown-pragmas -w -Wno-shadow -Wno-four-char-constants -Wno-conversion -Wno-constant-conversion -Wno-int-conversion -Wno-bool-conversion -Wno-enum-conversion -Wno-float-conversion -Wno-non-literal-null-conversion -Wno-objc-literal-conversion -Wshorten-64-to-32 -Wpointer-sign -Wno-newline-eof -Wno-selector -Wno-strict-selector-match -Wno-undeclared-selector -Wno-deprecated-implementations -Wno-implicit-fallthrough -fstrict-aliasing -Wprotocol -Wdeprecated-declarations -Wno-sign-conversion -Wno-infinite-recursion -Wno-comma -Wno-block-capture-autoreleasing -Wno-strict-prototypes -Wno-semicolon-before-method-body -index-store-path /Users/xinyufang/Library/Developer/Xcode/DerivedData/Buzz-faillbpsmponqzeruhhvskovixzk/Index.noindex/DataStore @/Users/xinyufang/Library/Developer/Xcode/DerivedData/Buzz-faillbpsmponqzeruhhvskovixzk/Build/Intermediates.noindex/Stripe.build/Debug-iphonesimulator/Stripe3DS2.build/Objects-normal/arm64/e6072d4f65d7061329687fe24e3d63a7-common-args.resp -include /Users/xinyufang/Library/Developer/Xcode/DerivedData/Buzz-faillbpsmponqzeruhhvskovixzk/Build/Intermediates.noindex/Stripe.build/Debug-iphonesimulator/Stripe3DS2.build/DerivedSources/resource_bundle_accessor.h -MMD -MT dependencies -MF /Users/xinyufang/Library/Developer/Xcode/DerivedData/Buzz-faillbpsmponqzeruhhvskovixzk/Build/Intermediates.noindex/Stripe.build/Debug-iphonesimulator/Stripe3DS2.build/Objects-normal/arm64/STDSDebuggerChecker.d --serialize-diagnostics /Users/xinyufang/Library/Developer/Xcode/DerivedData/Buzz-faillbpsmponqzeruhhvskovixzk/Build/Intermediates.noindex/Stripe.build/Debug-iphonesimulator/Stripe3DS2.build/Objects-normal/arm64/STDSDebuggerChecker.dia -c /Users/xinyufang/Library/Developer/Xcode/DerivedData/Buzz-faillbpsmponqzeruhhvskovixzk/SourcePackages/checkouts/stripe-ios-spm/Stripe3DS2/Stripe3DS2/STDSDebuggerChecker.m -o /Users/xinyufang/Library/Developer/Xcode/DerivedData/Buzz-faillbpsmponqzeruhhvskovixzk/Build/Intermediates.noindex/Stripe.build/Debug-iphonesimulator/Stripe3DS2.build/Objects-normal/arm64/STDSDebuggerChecker.o -index-unit-output-path /Stripe.build/Debug-iphonesimulator/Stripe3DS2.build/Objects-normal/arm64/STDSDebuggerChecker.o

ScanDependencies /Users/xinyufang/Library/Developer/Xcode/DerivedData/Buzz-faillbpsmponqzeruhhvskovixzk/Build/Intermediates.noindex/Stripe.build/Debug-iphonesimulator/Stripe3DS2.build/Objects-normal/arm64/STDSCustomization.o /Users/xinyufang/Library/Developer/Xcode/DerivedData/Buzz-faillbpsmponqzeruhhvskovixzk/SourcePackages/checkouts/stripe-ios-spm/Stripe3DS2/Stripe3DS2/include/STDSCustomization.m normal arm64 objective-c com.apple.compilers.llvm.clang.1_0.compiler (in target 'Stripe3DS2' from project 'Stripe')
    cd /Users/xinyufang/Documents/Buzz/Buzz.xcodeproj
    
    Using response file: /Users/xinyufang/Library/Developer/Xcode/DerivedData/Buzz-faillbpsmponqzeruhhvskovixzk/Build/Intermediates.noindex/Stripe.build/Debug-iphonesimulator/Stripe3DS2.build/Objects-normal/arm64/e6072d4f65d7061329687fe24e3d63a7-common-args.resp
    
    builtin-ScanDependencies -o /Users/xinyufang/Library/Developer/Xcode/DerivedData/Buzz-faillbpsmponqzeruhhvskovixzk/Build/Intermediates.noindex/Stripe.build/Debug-iphonesimulator/Stripe3DS2.build/Objects-normal/arm64/STDSCustomization.o.scan -- /Applications/Xcode.app/Contents/Developer/Toolchains/XcodeDefault.xctoolchain/usr/bin/clang -x objective-c -ivfsstatcache /Users/xinyufang/Library/Developer/Xcode/DerivedData/SDKStatCaches.noindex/iphonesimulator26.0-23A339-26257891a6c027eb51374368541b8346.sdkstatcache -fmessage-length\=0 -fdiagnostics-show-note-include-stack -fmacro-backtrace-limit\=0 -fno-color-diagnostics -fmodules-prune-interval\=86400 -fmodules-prune-after\=345600 -fbuild-session-file\=/Users/xinyufang/Library/Developer/Xcode/DerivedData/ModuleCache.noindex/Session.modulevalidation -fmodules-validate-once-per-build-session -Wnon-modular-include-in-framework-module -Werror\=non-modular-include-in-framework-module -Wno-trigraphs -Wno-missing-field-initializers -Wno-missing-prototypes -Wno-return-type -Wno-implicit-atomic-properties -Wno-objc-interface-ivars -Wno-arc-repeated-use-of-weak -Wno-missing-braces -Wparentheses -Wswitch -Wno-unused-function -Wno-unused-label -Wno-unused-parameter -Wno-unused-variable -Wunused-value -Wno-empty-body -Wno-uninitialized -Wno-unknown-pragmas -w -Wno-shadow -Wno-four-char-constants -Wno-conversion -Wno-constant-conversion -Wno-int-conversion -Wno-bool-conversion -Wno-enum-conversion -Wno-float-conversion -Wno-non-literal-null-conversion -Wno-objc-literal-conversion -Wshorten-64-to-32 -Wpointer-sign -Wno-newline-eof -Wno-selector -Wno-strict-selector-match -Wno-undeclared-selector -Wno-deprecated-implementations -Wno-implicit-fallthrough -fstrict-aliasing -Wprotocol -Wdeprecated-declarations -Wno-sign-conversion -Wno-infinite-recursion -Wno-comma -Wno-block-capture-autoreleasing -Wno-strict-prototypes -Wno-semicolon-before-method-body -index-store-path /Users/xinyufang/Library/Developer/Xcode/DerivedData/Buzz-faillbpsmponqzeruhhvskovixzk/Index.noindex/DataStore @/Users/xinyufang/Library/Developer/Xcode/DerivedData/Buzz-faillbpsmponqzeruhhvskovixzk/Build/Intermediates.noindex/Stripe.build/Debug-iphonesimulator/Stripe3DS2.build/Objects-normal/arm64/e6072d4f65d7061329687fe24e3d63a7-common-args.resp -include /Users/xinyufang/Library/Developer/Xcode/DerivedData/Buzz-faillbpsmponqzeruhhvskovixzk/Build/Intermediates.noindex/Stripe.build/Debug-iphonesimulator/Stripe3DS2.build/DerivedSources/resource_bundle_accessor.h -MMD -MT dependencies -MF /Users/xinyufang/Library/Developer/Xcode/DerivedData/Buzz-faillbpsmponqzeruhhvskovixzk/Build/Intermediates.noindex/Stripe.build/Debug-iphonesimulator/Stripe3DS2.build/Objects-normal/arm64/STDSCustomization.d --serialize-diagnostics /Users/xinyufang/Library/Developer/Xcode/DerivedData/Buzz-faillbpsmponqzeruhhvskovixzk/Build/Intermediates.noindex/Stripe.build/Debug-iphonesimulator/Stripe3DS2.build/Objects-normal/arm64/STDSCustomization.dia -c /Users/xinyufang/Library/Developer/Xcode/DerivedData/Buzz-faillbpsmponqzeruhhvskovixzk/SourcePackages/checkouts/stripe-ios-spm/Stripe3DS2/Stripe3DS2/include/STDSCustomization.m -o /Users/xinyufang/Library/Developer/Xcode/DerivedData/Buzz-faillbpsmponqzeruhhvskovixzk/Build/Intermediates.noindex/Stripe.build/Debug-iphonesimulator/Stripe3DS2.build/Objects-normal/arm64/STDSCustomization.o -index-unit-output-path /Stripe.build/Debug-iphonesimulator/Stripe3DS2.build/Objects-normal/arm64/STDSCustomization.o

ScanDependencies /Users/xinyufang/Library/Developer/Xcode/DerivedData/Buzz-faillbpsmponqzeruhhvskovixzk/Build/Intermediates.noindex/Stripe.build/Debug-iphonesimulator/Stripe3DS2.build/Objects-normal/arm64/STDSConfigParameters.o /Users/xinyufang/Library/Developer/Xcode/DerivedData/Buzz-faillbpsmponqzeruhhvskovixzk/SourcePackages/checkouts/stripe-ios-spm/Stripe3DS2/Stripe3DS2/include/STDSConfigParameters.m normal arm64 objective-c com.apple.compilers.llvm.clang.1_0.compiler (in target 'Stripe3DS2' from project 'Stripe')
    cd /Users/xinyufang/Documents/Buzz/Buzz.xcodeproj
    
    Using response file: /Users/xinyufang/Library/Developer/Xcode/DerivedData/Buzz-faillbpsmponqzeruhhvskovixzk/Build/Intermediates.noindex/Stripe.build/Debug-iphonesimulator/Stripe3DS2.build/Objects-normal/arm64/e6072d4f65d7061329687fe24e3d63a7-common-args.resp
    
    builtin-ScanDependencies -o /Users/xinyufang/Library/Developer/Xcode/DerivedData/Buzz-faillbpsmponqzeruhhvskovixzk/Build/Intermediates.noindex/Stripe.build/Debug-iphonesimulator/Stripe3DS2.build/Objects-normal/arm64/STDSConfigParameters.o.scan -- /Applications/Xcode.app/Contents/Developer/Toolchains/XcodeDefault.xctoolchain/usr/bin/clang -x objective-c -ivfsstatcache /Users/xinyufang/Library/Developer/Xcode/DerivedData/SDKStatCaches.noindex/iphonesimulator26.0-23A339-26257891a6c027eb51374368541b8346.sdkstatcache -fmessage-length\=0 -fdiagnostics-show-note-include-stack -fmacro-backtrace-limit\=0 -fno-color-diagnostics -fmodules-prune-interval\=86400 -fmodules-prune-after\=345600 -fbuild-session-file\=/Users/xinyufang/Library/Developer/Xcode/DerivedData/ModuleCache.noindex/Session.modulevalidation -fmodules-validate-once-per-build-session -Wnon-modular-include-in-framework-module -Werror\=non-modular-include-in-framework-module -Wno-trigraphs -Wno-missing-field-initializers -Wno-missing-prototypes -Wno-return-type -Wno-implicit-atomic-properties -Wno-objc-interface-ivars -Wno-arc-repeated-use-of-weak -Wno-missing-braces -Wparentheses -Wswitch -Wno-unused-function -Wno-unused-label -Wno-unused-parameter -Wno-unused-variable -Wunused-value -Wno-empty-body -Wno-uninitialized -Wno-unknown-pragmas -w -Wno-shadow -Wno-four-char-constants -Wno-conversion -Wno-constant-conversion -Wno-int-conversion -Wno-bool-conversion -Wno-enum-conversion -Wno-float-conversion -Wno-non-literal-null-conversion -Wno-objc-literal-conversion -Wshorten-64-to-32 -Wpointer-sign -Wno-newline-eof -Wno-selector -Wno-strict-selector-match -Wno-undeclared-selector -Wno-deprecated-implementations -Wno-implicit-fallthrough -fstrict-aliasing -Wprotocol -Wdeprecated-declarations -Wno-sign-conversion -Wno-infinite-recursion -Wno-comma -Wno-block-capture-autoreleasing -Wno-strict-prototypes -Wno-semicolon-before-method-body -index-store-path /Users/xinyufang/Library/Developer/Xcode/DerivedData/Buzz-faillbpsmponqzeruhhvskovixzk/Index.noindex/DataStore @/Users/xinyufang/Library/Developer/Xcode/DerivedData/Buzz-faillbpsmponqzeruhhvskovixzk/Build/Intermediates.noindex/Stripe.build/Debug-iphonesimulator/Stripe3DS2.build/Objects-normal/arm64/e6072d4f65d7061329687fe24e3d63a7-common-args.resp -include /Users/xinyufang/Library/Developer/Xcode/DerivedData/Buzz-faillbpsmponqzeruhhvskovixzk/Build/Intermediates.noindex/Stripe.build/Debug-iphonesimulator/Stripe3DS2.build/DerivedSources/resource_bundle_accessor.h -MMD -MT dependencies -MF /Users/xinyufang/Library/Developer/Xcode/DerivedData/Buzz-faillbpsmponqzeruhhvskovixzk/Build/Intermediates.noindex/Stripe.build/Debug-iphonesimulator/Stripe3DS2.build/Objects-normal/arm64/STDSConfigParameters.d --serialize-diagnostics /Users/xinyufang/Library/Developer/Xcode/DerivedData/Buzz-faillbpsmponqzeruhhvskovixzk/Build/Intermediates.noindex/Stripe.build/Debug-iphonesimulator/Stripe3DS2.build/Objects-normal/arm64/STDSConfigParameters.dia -c /Users/xinyufang/Library/Developer/Xcode/DerivedData/Buzz-faillbpsmponqzeruhhvskovixzk/SourcePackages/checkouts/stripe-ios-spm/Stripe3DS2/Stripe3DS2/include/STDSConfigParameters.m -o /Users/xinyufang/Library/Developer/Xcode/DerivedData/Buzz-faillbpsmponqzeruhhvskovixzk/Build/Intermediates.noindex/Stripe.build/Debug-iphonesimulator/Stripe3DS2.build/Objects-normal/arm64/STDSConfigParameters.o -index-unit-output-path /Stripe.build/Debug-iphonesimulator/Stripe3DS2.build/Objects-normal/arm64/STDSConfigParameters.o

PrecompileModule /Users/xinyufang/Library/Developer/Xcode/DerivedData/Buzz-faillbpsmponqzeruhhvskovixzk/Build/Intermediates.noindex/ExplicitPrecompiledModules/Dispatch-4VJA1PIGA47VB0QK7BDPL7Q89.scan
    cd /
    builtin-precompileModule /Users/xinyufang/Library/Developer/Xcode/DerivedData/Buzz-faillbpsmponqzeruhhvskovixzk/Build/Intermediates.noindex/ExplicitPrecompiledModules/Dispatch-4VJA1PIGA47VB0QK7BDPL7Q89.scan

ScanDependencies /Users/xinyufang/Library/Developer/Xcode/DerivedData/Buzz-faillbpsmponqzeruhhvskovixzk/Build/Intermediates.noindex/Stripe.build/Debug-iphonesimulator/Stripe3DS2.build/Objects-normal/arm64/STDSCompletionEvent.o /Users/xinyufang/Library/Developer/Xcode/DerivedData/Buzz-faillbpsmponqzeruhhvskovixzk/SourcePackages/checkouts/stripe-ios-spm/Stripe3DS2/Stripe3DS2/include/STDSCompletionEvent.m normal arm64 objective-c com.apple.compilers.llvm.clang.1_0.compiler (in target 'Stripe3DS2' from project 'Stripe')
    cd /Users/xinyufang/Documents/Buzz/Buzz.xcodeproj
    
    Using response file: /Users/xinyufang/Library/Developer/Xcode/DerivedData/Buzz-faillbpsmponqzeruhhvskovixzk/Build/Intermediates.noindex/Stripe.build/Debug-iphonesimulator/Stripe3DS2.build/Objects-normal/arm64/e6072d4f65d7061329687fe24e3d63a7-common-args.resp
    
    builtin-ScanDependencies -o /Users/xinyufang/Library/Developer/Xcode/DerivedData/Buzz-faillbpsmponqzeruhhvskovixzk/Build/Intermediates.noindex/Stripe.build/Debug-iphonesimulator/Stripe3DS2.build/Objects-normal/arm64/STDSCompletionEvent.o.scan -- /Applications/Xcode.app/Contents/Developer/Toolchains/XcodeDefault.xctoolchain/usr/bin/clang -x objective-c -ivfsstatcache /Users/xinyufang/Library/Developer/Xcode/DerivedData/SDKStatCaches.noindex/iphonesimulator26.0-23A339-26257891a6c027eb51374368541b8346.sdkstatcache -fmessage-length\=0 -fdiagnostics-show-note-include-stack -fmacro-backtrace-limit\=0 -fno-color-diagnostics -fmodules-prune-interval\=86400 -fmodules-prune-after\=345600 -fbuild-session-file\=/Users/xinyufang/Library/Developer/Xcode/DerivedData/ModuleCache.noindex/Session.modulevalidation -fmodules-validate-once-per-build-session -Wnon-modular-include-in-framework-module -Werror\=non-modular-include-in-framework-module -Wno-trigraphs -Wno-missing-field-initializers -Wno-missing-prototypes -Wno-return-type -Wno-implicit-atomic-properties -Wno-objc-interface-ivars -Wno-arc-repeated-use-of-weak -Wno-missing-braces -Wparentheses -Wswitch -Wno-unused-function -Wno-unused-label -Wno-unused-parameter -Wno-unused-variable -Wunused-value -Wno-empty-body -Wno-uninitialized -Wno-unknown-pragmas -w -Wno-shadow -Wno-four-char-constants -Wno-conversion -Wno-constant-conversion -Wno-int-conversion -Wno-bool-conversion -Wno-enum-conversion -Wno-float-conversion -Wno-non-literal-null-conversion -Wno-objc-literal-conversion -Wshorten-64-to-32 -Wpointer-sign -Wno-newline-eof -Wno-selector -Wno-strict-selector-match -Wno-undeclared-selector -Wno-deprecated-implementations -Wno-implicit-fallthrough -fstrict-aliasing -Wprotocol -Wdeprecated-declarations -Wno-sign-conversion -Wno-infinite-recursion -Wno-comma -Wno-block-capture-autoreleasing -Wno-strict-prototypes -Wno-semicolon-before-method-body -index-store-path /Users/xinyufang/Library/Developer/Xcode/DerivedData/Buzz-faillbpsmponqzeruhhvskovixzk/Index.noindex/DataStore @/Users/xinyufang/Library/Developer/Xcode/DerivedData/Buzz-faillbpsmponqzeruhhvskovixzk/Build/Intermediates.noindex/Stripe.build/Debug-iphonesimulator/Stripe3DS2.build/Objects-normal/arm64/e6072d4f65d7061329687fe24e3d63a7-common-args.resp -include /Users/xinyufang/Library/Developer/Xcode/DerivedData/Buzz-faillbpsmponqzeruhhvskovixzk/Build/Intermediates.noindex/Stripe.build/Debug-iphonesimulator/Stripe3DS2.build/DerivedSources/resource_bundle_accessor.h -MMD -MT dependencies -MF /Users/xinyufang/Library/Developer/Xcode/DerivedData/Buzz-faillbpsmponqzeruhhvskovixzk/Build/Intermediates.noindex/Stripe.build/Debug-iphonesimulator/Stripe3DS2.build/Objects-normal/arm64/STDSCompletionEvent.d --serialize-diagnostics /Users/xinyufang/Library/Developer/Xcode/DerivedData/Buzz-faillbpsmponqzeruhhvskovixzk/Build/Intermediates.noindex/Stripe.build/Debug-iphonesimulator/Stripe3DS2.build/Objects-normal/arm64/STDSCompletionEvent.dia -c /Users/xinyufang/Library/Developer/Xcode/DerivedData/Buzz-faillbpsmponqzeruhhvskovixzk/SourcePackages/checkouts/stripe-ios-spm/Stripe3DS2/Stripe3DS2/include/STDSCompletionEvent.m -o /Users/xinyufang/Library/Developer/Xcode/DerivedData/Buzz-faillbpsmponqzeruhhvskovixzk/Build/Intermediates.noindex/Stripe.build/Debug-iphonesimulator/Stripe3DS2.build/Objects-normal/arm64/STDSCompletionEvent.o -index-unit-output-path /Stripe.build/Debug-iphonesimulator/Stripe3DS2.build/Objects-normal/arm64/STDSCompletionEvent.o

ScanDependencies /Users/xinyufang/Library/Developer/Xcode/DerivedData/Buzz-faillbpsmponqzeruhhvskovixzk/Build/Intermediates.noindex/Stripe.build/Debug-iphonesimulator/Stripe3DS2.build/Objects-normal/arm64/STDSChallengeSelectionView.o /Users/xinyufang/Library/Developer/Xcode/DerivedData/Buzz-faillbpsmponqzeruhhvskovixzk/SourcePackages/checkouts/stripe-ios-spm/Stripe3DS2/Stripe3DS2/STDSChallengeSelectionView.m normal arm64 objective-c com.apple.compilers.llvm.clang.1_0.compiler (in target 'Stripe3DS2' from project 'Stripe')
    cd /Users/xinyufang/Documents/Buzz/Buzz.xcodeproj
    
    Using response file: /Users/xinyufang/Library/Developer/Xcode/DerivedData/Buzz-faillbpsmponqzeruhhvskovixzk/Build/Intermediates.noindex/Stripe.build/Debug-iphonesimulator/Stripe3DS2.build/Objects-normal/arm64/e6072d4f65d7061329687fe24e3d63a7-common-args.resp
    
    builtin-ScanDependencies -o /Users/xinyufang/Library/Developer/Xcode/DerivedData/Buzz-faillbpsmponqzeruhhvskovixzk/Build/Intermediates.noindex/Stripe.build/Debug-iphonesimulator/Stripe3DS2.build/Objects-normal/arm64/STDSChallengeSelectionView.o.scan -- /Applications/Xcode.app/Contents/Developer/Toolchains/XcodeDefault.xctoolchain/usr/bin/clang -x objective-c -ivfsstatcache /Users/xinyufang/Library/Developer/Xcode/DerivedData/SDKStatCaches.noindex/iphonesimulator26.0-23A339-26257891a6c027eb51374368541b8346.sdkstatcache -fmessage-length\=0 -fdiagnostics-show-note-include-stack -fmacro-backtrace-limit\=0 -fno-color-diagnostics -fmodules-prune-interval\=86400 -fmodules-prune-after\=345600 -fbuild-session-file\=/Users/xinyufang/Library/Developer/Xcode/DerivedData/ModuleCache.noindex/Session.modulevalidation -fmodules-validate-once-per-build-session -Wnon-modular-include-in-framework-module -Werror\=non-modular-include-in-framework-module -Wno-trigraphs -Wno-missing-field-initializers -Wno-missing-prototypes -Wno-return-type -Wno-implicit-atomic-properties -Wno-objc-interface-ivars -Wno-arc-repeated-use-of-weak -Wno-missing-braces -Wparentheses -Wswitch -Wno-unused-function -Wno-unused-label -Wno-unused-parameter -Wno-unused-variable -Wunused-value -Wno-empty-body -Wno-uninitialized -Wno-unknown-pragmas -w -Wno-shadow -Wno-four-char-constants -Wno-conversion -Wno-constant-conversion -Wno-int-conversion -Wno-bool-conversion -Wno-enum-conversion -Wno-float-conversion -Wno-non-literal-null-conversion -Wno-objc-literal-conversion -Wshorten-64-to-32 -Wpointer-sign -Wno-newline-eof -Wno-selector -Wno-strict-selector-match -Wno-undeclared-selector -Wno-deprecated-implementations -Wno-implicit-fallthrough -fstrict-aliasing -Wprotocol -Wdeprecated-declarations -Wno-sign-conversion -Wno-infinite-recursion -Wno-comma -Wno-block-capture-autoreleasing -Wno-strict-prototypes -Wno-semicolon-before-method-body -index-store-path /Users/xinyufang/Library/Developer/Xcode/DerivedData/Buzz-faillbpsmponqzeruhhvskovixzk/Index.noindex/DataStore @/Users/xinyufang/Library/Developer/Xcode/DerivedData/Buzz-faillbpsmponqzeruhhvskovixzk/Build/Intermediates.noindex/Stripe.build/Debug-iphonesimulator/Stripe3DS2.build/Objects-normal/arm64/e6072d4f65d7061329687fe24e3d63a7-common-args.resp -include /Users/xinyufang/Library/Developer/Xcode/DerivedData/Buzz-faillbpsmponqzeruhhvskovixzk/Build/Intermediates.noindex/Stripe.build/Debug-iphonesimulator/Stripe3DS2.build/DerivedSources/resource_bundle_accessor.h -MMD -MT dependencies -MF /Users/xinyufang/Library/Developer/Xcode/DerivedData/Buzz-faillbpsmponqzeruhhvskovixzk/Build/Intermediates.noindex/Stripe.build/Debug-iphonesimulator/Stripe3DS2.build/Objects-normal/arm64/STDSChallengeSelectionView.d --serialize-diagnostics /Users/xinyufang/Library/Developer/Xcode/DerivedData/Buzz-faillbpsmponqzeruhhvskovixzk/Build/Intermediates.noindex/Stripe.build/Debug-iphonesimulator/Stripe3DS2.build/Objects-normal/arm64/STDSChallengeSelectionView.dia -c /Users/xinyufang/Library/Developer/Xcode/DerivedData/Buzz-faillbpsmponqzeruhhvskovixzk/SourcePackages/checkouts/stripe-ios-spm/Stripe3DS2/Stripe3DS2/STDSChallengeSelectionView.m -o /Users/xinyufang/Library/Developer/Xcode/DerivedData/Buzz-faillbpsmponqzeruhhvskovixzk/Build/Intermediates.noindex/Stripe.build/Debug-iphonesimulator/Stripe3DS2.build/Objects-normal/arm64/STDSChallengeSelectionView.o -index-unit-output-path /Stripe.build/Debug-iphonesimulator/Stripe3DS2.build/Objects-normal/arm64/STDSChallengeSelectionView.o

ScanDependencies /Users/xinyufang/Library/Developer/Xcode/DerivedData/Buzz-faillbpsmponqzeruhhvskovixzk/Build/Intermediates.noindex/Stripe.build/Debug-iphonesimulator/Stripe3DS2.build/Objects-normal/arm64/STDSChallengeResponseViewController.o /Users/xinyufang/Library/Developer/Xcode/DerivedData/Buzz-faillbpsmponqzeruhhvskovixzk/SourcePackages/checkouts/stripe-ios-spm/Stripe3DS2/Stripe3DS2/STDSChallengeResponseViewController.m normal arm64 objective-c com.apple.compilers.llvm.clang.1_0.compiler (in target 'Stripe3DS2' from project 'Stripe')
    cd /Users/xinyufang/Documents/Buzz/Buzz.xcodeproj
    
    Using response file: /Users/xinyufang/Library/Developer/Xcode/DerivedData/Buzz-faillbpsmponqzeruhhvskovixzk/Build/Intermediates.noindex/Stripe.build/Debug-iphonesimulator/Stripe3DS2.build/Objects-normal/arm64/e6072d4f65d7061329687fe24e3d63a7-common-args.resp
    
    builtin-ScanDependencies -o /Users/xinyufang/Library/Developer/Xcode/DerivedData/Buzz-faillbpsmponqzeruhhvskovixzk/Build/Intermediates.noindex/Stripe.build/Debug-iphonesimulator/Stripe3DS2.build/Objects-normal/arm64/STDSChallengeResponseViewController.o.scan -- /Applications/Xcode.app/Contents/Developer/Toolchains/XcodeDefault.xctoolchain/usr/bin/clang -x objective-c -ivfsstatcache /Users/xinyufang/Library/Developer/Xcode/DerivedData/SDKStatCaches.noindex/iphonesimulator26.0-23A339-26257891a6c027eb51374368541b8346.sdkstatcache -fmessage-length\=0 -fdiagnostics-show-note-include-stack -fmacro-backtrace-limit\=0 -fno-color-diagnostics -fmodules-prune-interval\=86400 -fmodules-prune-after\=345600 -fbuild-session-file\=/Users/xinyufang/Library/Developer/Xcode/DerivedData/ModuleCache.noindex/Session.modulevalidation -fmodules-validate-once-per-build-session -Wnon-modular-include-in-framework-module -Werror\=non-modular-include-in-framework-module -Wno-trigraphs -Wno-missing-field-initializers -Wno-missing-prototypes -Wno-return-type -Wno-implicit-atomic-properties -Wno-objc-interface-ivars -Wno-arc-repeated-use-of-weak -Wno-missing-braces -Wparentheses -Wswitch -Wno-unused-function -Wno-unused-label -Wno-unused-parameter -Wno-unused-variable -Wunused-value -Wno-empty-body -Wno-uninitialized -Wno-unknown-pragmas -w -Wno-shadow -Wno-four-char-constants -Wno-conversion -Wno-constant-conversion -Wno-int-conversion -Wno-bool-conversion -Wno-enum-conversion -Wno-float-conversion -Wno-non-literal-null-conversion -Wno-objc-literal-conversion -Wshorten-64-to-32 -Wpointer-sign -Wno-newline-eof -Wno-selector -Wno-strict-selector-match -Wno-undeclared-selector -Wno-deprecated-implementations -Wno-implicit-fallthrough -fstrict-aliasing -Wprotocol -Wdeprecated-declarations -Wno-sign-conversion -Wno-infinite-recursion -Wno-comma -Wno-block-capture-autoreleasing -Wno-strict-prototypes -Wno-semicolon-before-method-body -index-store-path /Users/xinyufang/Library/Developer/Xcode/DerivedData/Buzz-faillbpsmponqzeruhhvskovixzk/Index.noindex/DataStore @/Users/xinyufang/Library/Developer/Xcode/DerivedData/Buzz-faillbpsmponqzeruhhvskovixzk/Build/Intermediates.noindex/Stripe.build/Debug-iphonesimulator/Stripe3DS2.build/Objects-normal/arm64/e6072d4f65d7061329687fe24e3d63a7-common-args.resp -include /Users/xinyufang/Library/Developer/Xcode/DerivedData/Buzz-faillbpsmponqzeruhhvskovixzk/Build/Intermediates.noindex/Stripe.build/Debug-iphonesimulator/Stripe3DS2.build/DerivedSources/resource_bundle_accessor.h -MMD -MT dependencies -MF /Users/xinyufang/Library/Developer/Xcode/DerivedData/Buzz-faillbpsmponqzeruhhvskovixzk/Build/Intermediates.noindex/Stripe.build/Debug-iphonesimulator/Stripe3DS2.build/Objects-normal/arm64/STDSChallengeResponseViewController.d --serialize-diagnostics /Users/xinyufang/Library/Developer/Xcode/DerivedData/Buzz-faillbpsmponqzeruhhvskovixzk/Build/Intermediates.noindex/Stripe.build/Debug-iphonesimulator/Stripe3DS2.build/Objects-normal/arm64/STDSChallengeResponseViewController.dia -c /Users/xinyufang/Library/Developer/Xcode/DerivedData/Buzz-faillbpsmponqzeruhhvskovixzk/SourcePackages/checkouts/stripe-ios-spm/Stripe3DS2/Stripe3DS2/STDSChallengeResponseViewController.m -o /Users/xinyufang/Library/Developer/Xcode/DerivedData/Buzz-faillbpsmponqzeruhhvskovixzk/Build/Intermediates.noindex/Stripe.build/Debug-iphonesimulator/Stripe3DS2.build/Objects-normal/arm64/STDSChallengeResponseViewController.o -index-unit-output-path /Stripe.build/Debug-iphonesimulator/Stripe3DS2.build/Objects-normal/arm64/STDSChallengeResponseViewController.o

ScanDependencies /Users/xinyufang/Library/Developer/Xcode/DerivedData/Buzz-faillbpsmponqzeruhhvskovixzk/Build/Intermediates.noindex/Stripe.build/Debug-iphonesimulator/Stripe3DS2.build/Objects-normal/arm64/STDSChallengeResponseSelectionInfoObject.o /Users/xinyufang/Library/Developer/Xcode/DerivedData/Buzz-faillbpsmponqzeruhhvskovixzk/SourcePackages/checkouts/stripe-ios-spm/Stripe3DS2/Stripe3DS2/STDSChallengeResponseSelectionInfoObject.m normal arm64 objective-c com.apple.compilers.llvm.clang.1_0.compiler (in target 'Stripe3DS2' from project 'Stripe')
    cd /Users/xinyufang/Documents/Buzz/Buzz.xcodeproj
    
    Using response file: /Users/xinyufang/Library/Developer/Xcode/DerivedData/Buzz-faillbpsmponqzeruhhvskovixzk/Build/Intermediates.noindex/Stripe.build/Debug-iphonesimulator/Stripe3DS2.build/Objects-normal/arm64/e6072d4f65d7061329687fe24e3d63a7-common-args.resp
    
    builtin-ScanDependencies -o /Users/xinyufang/Library/Developer/Xcode/DerivedData/Buzz-faillbpsmponqzeruhhvskovixzk/Build/Intermediates.noindex/Stripe.build/Debug-iphonesimulator/Stripe3DS2.build/Objects-normal/arm64/STDSChallengeResponseSelectionInfoObject.o.scan -- /Applications/Xcode.app/Contents/Developer/Toolchains/XcodeDefault.xctoolchain/usr/bin/clang -x objective-c -ivfsstatcache /Users/xinyufang/Library/Developer/Xcode/DerivedData/SDKStatCaches.noindex/iphonesimulator26.0-23A339-26257891a6c027eb51374368541b8346.sdkstatcache -fmessage-length\=0 -fdiagnostics-show-note-include-stack -fmacro-backtrace-limit\=0 -fno-color-diagnostics -fmodules-prune-interval\=86400 -fmodules-prune-after\=345600 -fbuild-session-file\=/Users/xinyufang/Library/Developer/Xcode/DerivedData/ModuleCache.noindex/Session.modulevalidation -fmodules-validate-once-per-build-session -Wnon-modular-include-in-framework-module -Werror\=non-modular-include-in-framework-module -Wno-trigraphs -Wno-missing-field-initializers -Wno-missing-prototypes -Wno-return-type -Wno-implicit-atomic-properties -Wno-objc-interface-ivars -Wno-arc-repeated-use-of-weak -Wno-missing-braces -Wparentheses -Wswitch -Wno-unused-function -Wno-unused-label -Wno-unused-parameter -Wno-unused-variable -Wunused-value -Wno-empty-body -Wno-uninitialized -Wno-unknown-pragmas -w -Wno-shadow -Wno-four-char-constants -Wno-conversion -Wno-constant-conversion -Wno-int-conversion -Wno-bool-conversion -Wno-enum-conversion -Wno-float-conversion -Wno-non-literal-null-conversion -Wno-objc-literal-conversion -Wshorten-64-to-32 -Wpointer-sign -Wno-newline-eof -Wno-selector -Wno-strict-selector-match -Wno-undeclared-selector -Wno-deprecated-implementations -Wno-implicit-fallthrough -fstrict-aliasing -Wprotocol -Wdeprecated-declarations -Wno-sign-conversion -Wno-infinite-recursion -Wno-comma -Wno-block-capture-autoreleasing -Wno-strict-prototypes -Wno-semicolon-before-method-body -index-store-path /Users/xinyufang/Library/Developer/Xcode/DerivedData/Buzz-faillbpsmponqzeruhhvskovixzk/Index.noindex/DataStore @/Users/xinyufang/Library/Developer/Xcode/DerivedData/Buzz-faillbpsmponqzeruhhvskovixzk/Build/Intermediates.noindex/Stripe.build/Debug-iphonesimulator/Stripe3DS2.build/Objects-normal/arm64/e6072d4f65d7061329687fe24e3d63a7-common-args.resp -include /Users/xinyufang/Library/Developer/Xcode/DerivedData/Buzz-faillbpsmponqzeruhhvskovixzk/Build/Intermediates.noindex/Stripe.build/Debug-iphonesimulator/Stripe3DS2.build/DerivedSources/resource_bundle_accessor.h -MMD -MT dependencies -MF /Users/xinyufang/Library/Developer/Xcode/DerivedData/Buzz-faillbpsmponqzeruhhvskovixzk/Build/Intermediates.noindex/Stripe.build/Debug-iphonesimulator/Stripe3DS2.build/Objects-normal/arm64/STDSChallengeResponseSelectionInfoObject.d --serialize-diagnostics /Users/xinyufang/Library/Developer/Xcode/DerivedData/Buzz-faillbpsmponqzeruhhvskovixzk/Build/Intermediates.noindex/Stripe.build/Debug-iphonesimulator/Stripe3DS2.build/Objects-normal/arm64/STDSChallengeResponseSelectionInfoObject.dia -c /Users/xinyufang/Library/Developer/Xcode/DerivedData/Buzz-faillbpsmponqzeruhhvskovixzk/SourcePackages/checkouts/stripe-ios-spm/Stripe3DS2/Stripe3DS2/STDSChallengeResponseSelectionInfoObject.m -o /Users/xinyufang/Library/Developer/Xcode/DerivedData/Buzz-faillbpsmponqzeruhhvskovixzk/Build/Intermediates.noindex/Stripe.build/Debug-iphonesimulator/Stripe3DS2.build/Objects-normal/arm64/STDSChallengeResponseSelectionInfoObject.o -index-unit-output-path /Stripe.build/Debug-iphonesimulator/Stripe3DS2.build/Objects-normal/arm64/STDSChallengeResponseSelectionInfoObject.o

ScanDependencies /Users/xinyufang/Library/Developer/Xcode/DerivedData/Buzz-faillbpsmponqzeruhhvskovixzk/Build/Intermediates.noindex/Stripe.build/Debug-iphonesimulator/Stripe3DS2.build/Objects-normal/arm64/STDSChallengeResponseObject.o /Users/xinyufang/Library/Developer/Xcode/DerivedData/Buzz-faillbpsmponqzeruhhvskovixzk/SourcePackages/checkouts/stripe-ios-spm/Stripe3DS2/Stripe3DS2/STDSChallengeResponseObject.m normal arm64 objective-c com.apple.compilers.llvm.clang.1_0.compiler (in target 'Stripe3DS2' from project 'Stripe')
    cd /Users/xinyufang/Documents/Buzz/Buzz.xcodeproj
    
    Using response file: /Users/xinyufang/Library/Developer/Xcode/DerivedData/Buzz-faillbpsmponqzeruhhvskovixzk/Build/Intermediates.noindex/Stripe.build/Debug-iphonesimulator/Stripe3DS2.build/Objects-normal/arm64/e6072d4f65d7061329687fe24e3d63a7-common-args.resp
    
    builtin-ScanDependencies -o /Users/xinyufang/Library/Developer/Xcode/DerivedData/Buzz-faillbpsmponqzeruhhvskovixzk/Build/Intermediates.noindex/Stripe.build/Debug-iphonesimulator/Stripe3DS2.build/Objects-normal/arm64/STDSChallengeResponseObject.o.scan -- /Applications/Xcode.app/Contents/Developer/Toolchains/XcodeDefault.xctoolchain/usr/bin/clang -x objective-c -ivfsstatcache /Users/xinyufang/Library/Developer/Xcode/DerivedData/SDKStatCaches.noindex/iphonesimulator26.0-23A339-26257891a6c027eb51374368541b8346.sdkstatcache -fmessage-length\=0 -fdiagnostics-show-note-include-stack -fmacro-backtrace-limit\=0 -fno-color-diagnostics -fmodules-prune-interval\=86400 -fmodules-prune-after\=345600 -fbuild-session-file\=/Users/xinyufang/Library/Developer/Xcode/DerivedData/ModuleCache.noindex/Session.modulevalidation -fmodules-validate-once-per-build-session -Wnon-modular-include-in-framework-module -Werror\=non-modular-include-in-framework-module -Wno-trigraphs -Wno-missing-field-initializers -Wno-missing-prototypes -Wno-return-type -Wno-implicit-atomic-properties -Wno-objc-interface-ivars -Wno-arc-repeated-use-of-weak -Wno-missing-braces -Wparentheses -Wswitch -Wno-unused-function -Wno-unused-label -Wno-unused-parameter -Wno-unused-variable -Wunused-value -Wno-empty-body -Wno-uninitialized -Wno-unknown-pragmas -w -Wno-shadow -Wno-four-char-constants -Wno-conversion -Wno-constant-conversion -Wno-int-conversion -Wno-bool-conversion -Wno-enum-conversion -Wno-float-conversion -Wno-non-literal-null-conversion -Wno-objc-literal-conversion -Wshorten-64-to-32 -Wpointer-sign -Wno-newline-eof -Wno-selector -Wno-strict-selector-match -Wno-undeclared-selector -Wno-deprecated-implementations -Wno-implicit-fallthrough -fstrict-aliasing -Wprotocol -Wdeprecated-declarations -Wno-sign-conversion -Wno-infinite-recursion -Wno-comma -Wno-block-capture-autoreleasing -Wno-strict-prototypes -Wno-semicolon-before-method-body -index-store-path /Users/xinyufang/Library/Developer/Xcode/DerivedData/Buzz-faillbpsmponqzeruhhvskovixzk/Index.noindex/DataStore @/Users/xinyufang/Library/Developer/Xcode/DerivedData/Buzz-faillbpsmponqzeruhhvskovixzk/Build/Intermediates.noindex/Stripe.build/Debug-iphonesimulator/Stripe3DS2.build/Objects-normal/arm64/e6072d4f65d7061329687fe24e3d63a7-common-args.resp -include /Users/xinyufang/Library/Developer/Xcode/DerivedData/Buzz-faillbpsmponqzeruhhvskovixzk/Build/Intermediates.noindex/Stripe.build/Debug-iphonesimulator/Stripe3DS2.build/DerivedSources/resource_bundle_accessor.h -MMD -MT dependencies -MF /Users/xinyufang/Library/Developer/Xcode/DerivedData/Buzz-faillbpsmponqzeruhhvskovixzk/Build/Intermediates.noindex/Stripe.build/Debug-iphonesimulator/Stripe3DS2.build/Objects-normal/arm64/STDSChallengeResponseObject.d --serialize-diagnostics /Users/xinyufang/Library/Developer/Xcode/DerivedData/Buzz-faillbpsmponqzeruhhvskovixzk/Build/Intermediates.noindex/Stripe.build/Debug-iphonesimulator/Stripe3DS2.build/Objects-normal/arm64/STDSChallengeResponseObject.dia -c /Users/xinyufang/Library/Developer/Xcode/DerivedData/Buzz-faillbpsmponqzeruhhvskovixzk/SourcePackages/checkouts/stripe-ios-spm/Stripe3DS2/Stripe3DS2/STDSChallengeResponseObject.m -o /Users/xinyufang/Library/Developer/Xcode/DerivedData/Buzz-faillbpsmponqzeruhhvskovixzk/Build/Intermediates.noindex/Stripe.build/Debug-iphonesimulator/Stripe3DS2.build/Objects-normal/arm64/STDSChallengeResponseObject.o -index-unit-output-path /Stripe.build/Debug-iphonesimulator/Stripe3DS2.build/Objects-normal/arm64/STDSChallengeResponseObject.o

ScanDependencies /Users/xinyufang/Library/Developer/Xcode/DerivedData/Buzz-faillbpsmponqzeruhhvskovixzk/Build/Intermediates.noindex/Stripe.build/Debug-iphonesimulator/Stripe3DS2.build/Objects-normal/arm64/STDSChallengeResponseMessageExtensionObject.o /Users/xinyufang/Library/Developer/Xcode/DerivedData/Buzz-faillbpsmponqzeruhhvskovixzk/SourcePackages/checkouts/stripe-ios-spm/Stripe3DS2/Stripe3DS2/STDSChallengeResponseMessageExtensionObject.m normal arm64 objective-c com.apple.compilers.llvm.clang.1_0.compiler (in target 'Stripe3DS2' from project 'Stripe')
    cd /Users/xinyufang/Documents/Buzz/Buzz.xcodeproj
    
    Using response file: /Users/xinyufang/Library/Developer/Xcode/DerivedData/Buzz-faillbpsmponqzeruhhvskovixzk/Build/Intermediates.noindex/Stripe.build/Debug-iphonesimulator/Stripe3DS2.build/Objects-normal/arm64/e6072d4f65d7061329687fe24e3d63a7-common-args.resp
    
    builtin-ScanDependencies -o /Users/xinyufang/Library/Developer/Xcode/DerivedData/Buzz-faillbpsmponqzeruhhvskovixzk/Build/Intermediates.noindex/Stripe.build/Debug-iphonesimulator/Stripe3DS2.build/Objects-normal/arm64/STDSChallengeResponseMessageExtensionObject.o.scan -- /Applications/Xcode.app/Contents/Developer/Toolchains/XcodeDefault.xctoolchain/usr/bin/clang -x objective-c -ivfsstatcache /Users/xinyufang/Library/Developer/Xcode/DerivedData/SDKStatCaches.noindex/iphonesimulator26.0-23A339-26257891a6c027eb51374368541b8346.sdkstatcache -fmessage-length\=0 -fdiagnostics-show-note-include-stack -fmacro-backtrace-limit\=0 -fno-color-diagnostics -fmodules-prune-interval\=86400 -fmodules-prune-after\=345600 -fbuild-session-file\=/Users/xinyufang/Library/Developer/Xcode/DerivedData/ModuleCache.noindex/Session.modulevalidation -fmodules-validate-once-per-build-session -Wnon-modular-include-in-framework-module -Werror\=non-modular-include-in-framework-module -Wno-trigraphs -Wno-missing-field-initializers -Wno-missing-prototypes -Wno-return-type -Wno-implicit-atomic-properties -Wno-objc-interface-ivars -Wno-arc-repeated-use-of-weak -Wno-missing-braces -Wparentheses -Wswitch -Wno-unused-function -Wno-unused-label -Wno-unused-parameter -Wno-unused-variable -Wunused-value -Wno-empty-body -Wno-uninitialized -Wno-unknown-pragmas -w -Wno-shadow -Wno-four-char-constants -Wno-conversion -Wno-constant-conversion -Wno-int-conversion -Wno-bool-conversion -Wno-enum-conversion -Wno-float-conversion -Wno-non-literal-null-conversion -Wno-objc-literal-conversion -Wshorten-64-to-32 -Wpointer-sign -Wno-newline-eof -Wno-selector -Wno-strict-selector-match -Wno-undeclared-selector -Wno-deprecated-implementations -Wno-implicit-fallthrough -fstrict-aliasing -Wprotocol -Wdeprecated-declarations -Wno-sign-conversion -Wno-infinite-recursion -Wno-comma -Wno-block-capture-autoreleasing -Wno-strict-prototypes -Wno-semicolon-before-method-body -index-store-path /Users/xinyufang/Library/Developer/Xcode/DerivedData/Buzz-faillbpsmponqzeruhhvskovixzk/Index.noindex/DataStore @/Users/xinyufang/Library/Developer/Xcode/DerivedData/Buzz-faillbpsmponqzeruhhvskovixzk/Build/Intermediates.noindex/Stripe.build/Debug-iphonesimulator/Stripe3DS2.build/Objects-normal/arm64/e6072d4f65d7061329687fe24e3d63a7-common-args.resp -include /Users/xinyufang/Library/Developer/Xcode/DerivedData/Buzz-faillbpsmponqzeruhhvskovixzk/Build/Intermediates.noindex/Stripe.build/Debug-iphonesimulator/Stripe3DS2.build/DerivedSources/resource_bundle_accessor.h -MMD -MT dependencies -MF /Users/xinyufang/Library/Developer/Xcode/DerivedData/Buzz-faillbpsmponqzeruhhvskovixzk/Build/Intermediates.noindex/Stripe.build/Debug-iphonesimulator/Stripe3DS2.build/Objects-normal/arm64/STDSChallengeResponseMessageExtensionObject.d --serialize-diagnostics /Users/xinyufang/Library/Developer/Xcode/DerivedData/Buzz-faillbpsmponqzeruhhvskovixzk/Build/Intermediates.noindex/Stripe.build/Debug-iphonesimulator/Stripe3DS2.build/Objects-normal/arm64/STDSChallengeResponseMessageExtensionObject.dia -c /Users/xinyufang/Library/Developer/Xcode/DerivedData/Buzz-faillbpsmponqzeruhhvskovixzk/SourcePackages/checkouts/stripe-ios-spm/Stripe3DS2/Stripe3DS2/STDSChallengeResponseMessageExtensionObject.m -o /Users/xinyufang/Library/Developer/Xcode/DerivedData/Buzz-faillbpsmponqzeruhhvskovixzk/Build/Intermediates.noindex/Stripe.build/Debug-iphonesimulator/Stripe3DS2.build/Objects-normal/arm64/STDSChallengeResponseMessageExtensionObject.o -index-unit-output-path /Stripe.build/Debug-iphonesimulator/Stripe3DS2.build/Objects-normal/arm64/STDSChallengeResponseMessageExtensionObject.o

ScanDependencies /Users/xinyufang/Library/Developer/Xcode/DerivedData/Buzz-faillbpsmponqzeruhhvskovixzk/Build/Intermediates.noindex/Stripe.build/Debug-iphonesimulator/Stripe3DS2.build/Objects-normal/arm64/STDSChallengeResponseImageObject.o /Users/xinyufang/Library/Developer/Xcode/DerivedData/Buzz-faillbpsmponqzeruhhvskovixzk/SourcePackages/checkouts/stripe-ios-spm/Stripe3DS2/Stripe3DS2/STDSChallengeResponseImageObject.m normal arm64 objective-c com.apple.compilers.llvm.clang.1_0.compiler (in target 'Stripe3DS2' from project 'Stripe')
    cd /Users/xinyufang/Documents/Buzz/Buzz.xcodeproj
    
    Using response file: /Users/xinyufang/Library/Developer/Xcode/DerivedData/Buzz-faillbpsmponqzeruhhvskovixzk/Build/Intermediates.noindex/Stripe.build/Debug-iphonesimulator/Stripe3DS2.build/Objects-normal/arm64/e6072d4f65d7061329687fe24e3d63a7-common-args.resp
    
    builtin-ScanDependencies -o /Users/xinyufang/Library/Developer/Xcode/DerivedData/Buzz-faillbpsmponqzeruhhvskovixzk/Build/Intermediates.noindex/Stripe.build/Debug-iphonesimulator/Stripe3DS2.build/Objects-normal/arm64/STDSChallengeResponseImageObject.o.scan -- /Applications/Xcode.app/Contents/Developer/Toolchains/XcodeDefault.xctoolchain/usr/bin/clang -x objective-c -ivfsstatcache /Users/xinyufang/Library/Developer/Xcode/DerivedData/SDKStatCaches.noindex/iphonesimulator26.0-23A339-26257891a6c027eb51374368541b8346.sdkstatcache -fmessage-length\=0 -fdiagnostics-show-note-include-stack -fmacro-backtrace-limit\=0 -fno-color-diagnostics -fmodules-prune-interval\=86400 -fmodules-prune-after\=345600 -fbuild-session-file\=/Users/xinyufang/Library/Developer/Xcode/DerivedData/ModuleCache.noindex/Session.modulevalidation -fmodules-validate-once-per-build-session -Wnon-modular-include-in-framework-module -Werror\=non-modular-include-in-framework-module -Wno-trigraphs -Wno-missing-field-initializers -Wno-missing-prototypes -Wno-return-type -Wno-implicit-atomic-properties -Wno-objc-interface-ivars -Wno-arc-repeated-use-of-weak -Wno-missing-braces -Wparentheses -Wswitch -Wno-unused-function -Wno-unused-label -Wno-unused-parameter -Wno-unused-variable -Wunused-value -Wno-empty-body -Wno-uninitialized -Wno-unknown-pragmas -w -Wno-shadow -Wno-four-char-constants -Wno-conversion -Wno-constant-conversion -Wno-int-conversion -Wno-bool-conversion -Wno-enum-conversion -Wno-float-conversion -Wno-non-literal-null-conversion -Wno-objc-literal-conversion -Wshorten-64-to-32 -Wpointer-sign -Wno-newline-eof -Wno-selector -Wno-strict-selector-match -Wno-undeclared-selector -Wno-deprecated-implementations -Wno-implicit-fallthrough -fstrict-aliasing -Wprotocol -Wdeprecated-declarations -Wno-sign-conversion -Wno-infinite-recursion -Wno-comma -Wno-block-capture-autoreleasing -Wno-strict-prototypes -Wno-semicolon-before-method-body -index-store-path /Users/xinyufang/Library/Developer/Xcode/DerivedData/Buzz-faillbpsmponqzeruhhvskovixzk/Index.noindex/DataStore @/Users/xinyufang/Library/Developer/Xcode/DerivedData/Buzz-faillbpsmponqzeruhhvskovixzk/Build/Intermediates.noindex/Stripe.build/Debug-iphonesimulator/Stripe3DS2.build/Objects-normal/arm64/e6072d4f65d7061329687fe24e3d63a7-common-args.resp -include /Users/xinyufang/Library/Developer/Xcode/DerivedData/Buzz-faillbpsmponqzeruhhvskovixzk/Build/Intermediates.noindex/Stripe.build/Debug-iphonesimulator/Stripe3DS2.build/DerivedSources/resource_bundle_accessor.h -MMD -MT dependencies -MF /Users/xinyufang/Library/Developer/Xcode/DerivedData/Buzz-faillbpsmponqzeruhhvskovixzk/Build/Intermediates.noindex/Stripe.build/Debug-iphonesimulator/Stripe3DS2.build/Objects-normal/arm64/STDSChallengeResponseImageObject.d --serialize-diagnostics /Users/xinyufang/Library/Developer/Xcode/DerivedData/Buzz-faillbpsmponqzeruhhvskovixzk/Build/Intermediates.noindex/Stripe.build/Debug-iphonesimulator/Stripe3DS2.build/Objects-normal/arm64/STDSChallengeResponseImageObject.dia -c /Users/xinyufang/Library/Developer/Xcode/DerivedData/Buzz-faillbpsmponqzeruhhvskovixzk/SourcePackages/checkouts/stripe-ios-spm/Stripe3DS2/Stripe3DS2/STDSChallengeResponseImageObject.m -o /Users/xinyufang/Library/Developer/Xcode/DerivedData/Buzz-faillbpsmponqzeruhhvskovixzk/Build/Intermediates.noindex/Stripe.build/Debug-iphonesimulator/Stripe3DS2.build/Objects-normal/arm64/STDSChallengeResponseImageObject.o -index-unit-output-path /Stripe.build/Debug-iphonesimulator/Stripe3DS2.build/Objects-normal/arm64/STDSChallengeResponseImageObject.o

ScanDependencies /Users/xinyufang/Library/Developer/Xcode/DerivedData/Buzz-faillbpsmponqzeruhhvskovixzk/Build/Intermediates.noindex/Stripe.build/Debug-iphonesimulator/Stripe3DS2.build/Objects-normal/arm64/STDSChallengeRequestParameters.o /Users/xinyufang/Library/Developer/Xcode/DerivedData/Buzz-faillbpsmponqzeruhhvskovixzk/SourcePackages/checkouts/stripe-ios-spm/Stripe3DS2/Stripe3DS2/STDSChallengeRequestParameters.m normal arm64 objective-c com.apple.compilers.llvm.clang.1_0.compiler (in target 'Stripe3DS2' from project 'Stripe')
    cd /Users/xinyufang/Documents/Buzz/Buzz.xcodeproj
    
    Using response file: /Users/xinyufang/Library/Developer/Xcode/DerivedData/Buzz-faillbpsmponqzeruhhvskovixzk/Build/Intermediates.noindex/Stripe.build/Debug-iphonesimulator/Stripe3DS2.build/Objects-normal/arm64/e6072d4f65d7061329687fe24e3d63a7-common-args.resp
    
    builtin-ScanDependencies -o /Users/xinyufang/Library/Developer/Xcode/DerivedData/Buzz-faillbpsmponqzeruhhvskovixzk/Build/Intermediates.noindex/Stripe.build/Debug-iphonesimulator/Stripe3DS2.build/Objects-normal/arm64/STDSChallengeRequestParameters.o.scan -- /Applications/Xcode.app/Contents/Developer/Toolchains/XcodeDefault.xctoolchain/usr/bin/clang -x objective-c -ivfsstatcache /Users/xinyufang/Library/Developer/Xcode/DerivedData/SDKStatCaches.noindex/iphonesimulator26.0-23A339-26257891a6c027eb51374368541b8346.sdkstatcache -fmessage-length\=0 -fdiagnostics-show-note-include-stack -fmacro-backtrace-limit\=0 -fno-color-diagnostics -fmodules-prune-interval\=86400 -fmodules-prune-after\=345600 -fbuild-session-file\=/Users/xinyufang/Library/Developer/Xcode/DerivedData/ModuleCache.noindex/Session.modulevalidation -fmodules-validate-once-per-build-session -Wnon-modular-include-in-framework-module -Werror\=non-modular-include-in-framework-module -Wno-trigraphs -Wno-missing-field-initializers -Wno-missing-prototypes -Wno-return-type -Wno-implicit-atomic-properties -Wno-objc-interface-ivars -Wno-arc-repeated-use-of-weak -Wno-missing-braces -Wparentheses -Wswitch -Wno-unused-function -Wno-unused-label -Wno-unused-parameter -Wno-unused-variable -Wunused-value -Wno-empty-body -Wno-uninitialized -Wno-unknown-pragmas -w -Wno-shadow -Wno-four-char-constants -Wno-conversion -Wno-constant-conversion -Wno-int-conversion -Wno-bool-conversion -Wno-enum-conversion -Wno-float-conversion -Wno-non-literal-null-conversion -Wno-objc-literal-conversion -Wshorten-64-to-32 -Wpointer-sign -Wno-newline-eof -Wno-selector -Wno-strict-selector-match -Wno-undeclared-selector -Wno-deprecated-implementations -Wno-implicit-fallthrough -fstrict-aliasing -Wprotocol -Wdeprecated-declarations -Wno-sign-conversion -Wno-infinite-recursion -Wno-comma -Wno-block-capture-autoreleasing -Wno-strict-prototypes -Wno-semicolon-before-method-body -index-store-path /Users/xinyufang/Library/Developer/Xcode/DerivedData/Buzz-faillbpsmponqzeruhhvskovixzk/Index.noindex/DataStore @/Users/xinyufang/Library/Developer/Xcode/DerivedData/Buzz-faillbpsmponqzeruhhvskovixzk/Build/Intermediates.noindex/Stripe.build/Debug-iphonesimulator/Stripe3DS2.build/Objects-normal/arm64/e6072d4f65d7061329687fe24e3d63a7-common-args.resp -include /Users/xinyufang/Library/Developer/Xcode/DerivedData/Buzz-faillbpsmponqzeruhhvskovixzk/Build/Intermediates.noindex/Stripe.build/Debug-iphonesimulator/Stripe3DS2.build/DerivedSources/resource_bundle_accessor.h -MMD -MT dependencies -MF /Users/xinyufang/Library/Developer/Xcode/DerivedData/Buzz-faillbpsmponqzeruhhvskovixzk/Build/Intermediates.noindex/Stripe.build/Debug-iphonesimulator/Stripe3DS2.build/Objects-normal/arm64/STDSChallengeRequestParameters.d --serialize-diagnostics /Users/xinyufang/Library/Developer/Xcode/DerivedData/Buzz-faillbpsmponqzeruhhvskovixzk/Build/Intermediates.noindex/Stripe.build/Debug-iphonesimulator/Stripe3DS2.build/Objects-normal/arm64/STDSChallengeRequestParameters.dia -c /Users/xinyufang/Library/Developer/Xcode/DerivedData/Buzz-faillbpsmponqzeruhhvskovixzk/SourcePackages/checkouts/stripe-ios-spm/Stripe3DS2/Stripe3DS2/STDSChallengeRequestParameters.m -o /Users/xinyufang/Library/Developer/Xcode/DerivedData/Buzz-faillbpsmponqzeruhhvskovixzk/Build/Intermediates.noindex/Stripe.build/Debug-iphonesimulator/Stripe3DS2.build/Objects-normal/arm64/STDSChallengeRequestParameters.o -index-unit-output-path /Stripe.build/Debug-iphonesimulator/Stripe3DS2.build/Objects-normal/arm64/STDSChallengeRequestParameters.o

ScanDependencies /Users/xinyufang/Library/Developer/Xcode/DerivedData/Buzz-faillbpsmponqzeruhhvskovixzk/Build/Intermediates.noindex/Stripe.build/Debug-iphonesimulator/Stripe3DS2.build/Objects-normal/arm64/STDSChallengeParameters.o /Users/xinyufang/Library/Developer/Xcode/DerivedData/Buzz-faillbpsmponqzeruhhvskovixzk/SourcePackages/checkouts/stripe-ios-spm/Stripe3DS2/Stripe3DS2/include/STDSChallengeParameters.m normal arm64 objective-c com.apple.compilers.llvm.clang.1_0.compiler (in target 'Stripe3DS2' from project 'Stripe')
    cd /Users/xinyufang/Documents/Buzz/Buzz.xcodeproj
    
    Using response file: /Users/xinyufang/Library/Developer/Xcode/DerivedData/Buzz-faillbpsmponqzeruhhvskovixzk/Build/Intermediates.noindex/Stripe.build/Debug-iphonesimulator/Stripe3DS2.build/Objects-normal/arm64/e6072d4f65d7061329687fe24e3d63a7-common-args.resp
    
    builtin-ScanDependencies -o /Users/xinyufang/Library/Developer/Xcode/DerivedData/Buzz-faillbpsmponqzeruhhvskovixzk/Build/Intermediates.noindex/Stripe.build/Debug-iphonesimulator/Stripe3DS2.build/Objects-normal/arm64/STDSChallengeParameters.o.scan -- /Applications/Xcode.app/Contents/Developer/Toolchains/XcodeDefault.xctoolchain/usr/bin/clang -x objective-c -ivfsstatcache /Users/xinyufang/Library/Developer/Xcode/DerivedData/SDKStatCaches.noindex/iphonesimulator26.0-23A339-26257891a6c027eb51374368541b8346.sdkstatcache -fmessage-length\=0 -fdiagnostics-show-note-include-stack -fmacro-backtrace-limit\=0 -fno-color-diagnostics -fmodules-prune-interval\=86400 -fmodules-prune-after\=345600 -fbuild-session-file\=/Users/xinyufang/Library/Developer/Xcode/DerivedData/ModuleCache.noindex/Session.modulevalidation -fmodules-validate-once-per-build-session -Wnon-modular-include-in-framework-module -Werror\=non-modular-include-in-framework-module -Wno-trigraphs -Wno-missing-field-initializers -Wno-missing-prototypes -Wno-return-type -Wno-implicit-atomic-properties -Wno-objc-interface-ivars -Wno-arc-repeated-use-of-weak -Wno-missing-braces -Wparentheses -Wswitch -Wno-unused-function -Wno-unused-label -Wno-unused-parameter -Wno-unused-variable -Wunused-value -Wno-empty-body -Wno-uninitialized -Wno-unknown-pragmas -w -Wno-shadow -Wno-four-char-constants -Wno-conversion -Wno-constant-conversion -Wno-int-conversion -Wno-bool-conversion -Wno-enum-conversion -Wno-float-conversion -Wno-non-literal-null-conversion -Wno-objc-literal-conversion -Wshorten-64-to-32 -Wpointer-sign -Wno-newline-eof -Wno-selector -Wno-strict-selector-match -Wno-undeclared-selector -Wno-deprecated-implementations -Wno-implicit-fallthrough -fstrict-aliasing -Wprotocol -Wdeprecated-declarations -Wno-sign-conversion -Wno-infinite-recursion -Wno-comma -Wno-block-capture-autoreleasing -Wno-strict-prototypes -Wno-semicolon-before-method-body -index-store-path /Users/xinyufang/Library/Developer/Xcode/DerivedData/Buzz-faillbpsmponqzeruhhvskovixzk/Index.noindex/DataStore @/Users/xinyufang/Library/Developer/Xcode/DerivedData/Buzz-faillbpsmponqzeruhhvskovixzk/Build/Intermediates.noindex/Stripe.build/Debug-iphonesimulator/Stripe3DS2.build/Objects-normal/arm64/e6072d4f65d7061329687fe24e3d63a7-common-args.resp -include /Users/xinyufang/Library/Developer/Xcode/DerivedData/Buzz-faillbpsmponqzeruhhvskovixzk/Build/Intermediates.noindex/Stripe.build/Debug-iphonesimulator/Stripe3DS2.build/DerivedSources/resource_bundle_accessor.h -MMD -MT dependencies -MF /Users/xinyufang/Library/Developer/Xcode/DerivedData/Buzz-faillbpsmponqzeruhhvskovixzk/Build/Intermediates.noindex/Stripe.build/Debug-iphonesimulator/Stripe3DS2.build/Objects-normal/arm64/STDSChallengeParameters.d --serialize-diagnostics /Users/xinyufang/Library/Developer/Xcode/DerivedData/Buzz-faillbpsmponqzeruhhvskovixzk/Build/Intermediates.noindex/Stripe.build/Debug-iphonesimulator/Stripe3DS2.build/Objects-normal/arm64/STDSChallengeParameters.dia -c /Users/xinyufang/Library/Developer/Xcode/DerivedData/Buzz-faillbpsmponqzeruhhvskovixzk/SourcePackages/checkouts/stripe-ios-spm/Stripe3DS2/Stripe3DS2/include/STDSChallengeParameters.m -o /Users/xinyufang/Library/Developer/Xcode/DerivedData/Buzz-faillbpsmponqzeruhhvskovixzk/Build/Intermediates.noindex/Stripe.build/Debug-iphonesimulator/Stripe3DS2.build/Objects-normal/arm64/STDSChallengeParameters.o -index-unit-output-path /Stripe.build/Debug-iphonesimulator/Stripe3DS2.build/Objects-normal/arm64/STDSChallengeParameters.o

ScanDependencies /Users/xinyufang/Library/Developer/Xcode/DerivedData/Buzz-faillbpsmponqzeruhhvskovixzk/Build/Intermediates.noindex/Stripe.build/Debug-iphonesimulator/Stripe3DS2.build/Objects-normal/arm64/STDSChallengeInformationView.o /Users/xinyufang/Library/Developer/Xcode/DerivedData/Buzz-faillbpsmponqzeruhhvskovixzk/SourcePackages/checkouts/stripe-ios-spm/Stripe3DS2/Stripe3DS2/STDSChallengeInformationView.m normal arm64 objective-c com.apple.compilers.llvm.clang.1_0.compiler (in target 'Stripe3DS2' from project 'Stripe')
    cd /Users/xinyufang/Documents/Buzz/Buzz.xcodeproj
    
    Using response file: /Users/xinyufang/Library/Developer/Xcode/DerivedData/Buzz-faillbpsmponqzeruhhvskovixzk/Build/Intermediates.noindex/Stripe.build/Debug-iphonesimulator/Stripe3DS2.build/Objects-normal/arm64/e6072d4f65d7061329687fe24e3d63a7-common-args.resp
    
    builtin-ScanDependencies -o /Users/xinyufang/Library/Developer/Xcode/DerivedData/Buzz-faillbpsmponqzeruhhvskovixzk/Build/Intermediates.noindex/Stripe.build/Debug-iphonesimulator/Stripe3DS2.build/Objects-normal/arm64/STDSChallengeInformationView.o.scan -- /Applications/Xcode.app/Contents/Developer/Toolchains/XcodeDefault.xctoolchain/usr/bin/clang -x objective-c -ivfsstatcache /Users/xinyufang/Library/Developer/Xcode/DerivedData/SDKStatCaches.noindex/iphonesimulator26.0-23A339-26257891a6c027eb51374368541b8346.sdkstatcache -fmessage-length\=0 -fdiagnostics-show-note-include-stack -fmacro-backtrace-limit\=0 -fno-color-diagnostics -fmodules-prune-interval\=86400 -fmodules-prune-after\=345600 -fbuild-session-file\=/Users/xinyufang/Library/Developer/Xcode/DerivedData/ModuleCache.noindex/Session.modulevalidation -fmodules-validate-once-per-build-session -Wnon-modular-include-in-framework-module -Werror\=non-modular-include-in-framework-module -Wno-trigraphs -Wno-missing-field-initializers -Wno-missing-prototypes -Wno-return-type -Wno-implicit-atomic-properties -Wno-objc-interface-ivars -Wno-arc-repeated-use-of-weak -Wno-missing-braces -Wparentheses -Wswitch -Wno-unused-function -Wno-unused-label -Wno-unused-parameter -Wno-unused-variable -Wunused-value -Wno-empty-body -Wno-uninitialized -Wno-unknown-pragmas -w -Wno-shadow -Wno-four-char-constants -Wno-conversion -Wno-constant-conversion -Wno-int-conversion -Wno-bool-conversion -Wno-enum-conversion -Wno-float-conversion -Wno-non-literal-null-conversion -Wno-objc-literal-conversion -Wshorten-64-to-32 -Wpointer-sign -Wno-newline-eof -Wno-selector -Wno-strict-selector-match -Wno-undeclared-selector -Wno-deprecated-implementations -Wno-implicit-fallthrough -fstrict-aliasing -Wprotocol -Wdeprecated-declarations -Wno-sign-conversion -Wno-infinite-recursion -Wno-comma -Wno-block-capture-autoreleasing -Wno-strict-prototypes -Wno-semicolon-before-method-body -index-store-path /Users/xinyufang/Library/Developer/Xcode/DerivedData/Buzz-faillbpsmponqzeruhhvskovixzk/Index.noindex/DataStore @/Users/xinyufang/Library/Developer/Xcode/DerivedData/Buzz-faillbpsmponqzeruhhvskovixzk/Build/Intermediates.noindex/Stripe.build/Debug-iphonesimulator/Stripe3DS2.build/Objects-normal/arm64/e6072d4f65d7061329687fe24e3d63a7-common-args.resp -include /Users/xinyufang/Library/Developer/Xcode/DerivedData/Buzz-faillbpsmponqzeruhhvskovixzk/Build/Intermediates.noindex/Stripe.build/Debug-iphonesimulator/Stripe3DS2.build/DerivedSources/resource_bundle_accessor.h -MMD -MT dependencies -MF /Users/xinyufang/Library/Developer/Xcode/DerivedData/Buzz-faillbpsmponqzeruhhvskovixzk/Build/Intermediates.noindex/Stripe.build/Debug-iphonesimulator/Stripe3DS2.build/Objects-normal/arm64/STDSChallengeInformationView.d --serialize-diagnostics /Users/xinyufang/Library/Developer/Xcode/DerivedData/Buzz-faillbpsmponqzeruhhvskovixzk/Build/Intermediates.noindex/Stripe.build/Debug-iphonesimulator/Stripe3DS2.build/Objects-normal/arm64/STDSChallengeInformationView.dia -c /Users/xinyufang/Library/Developer/Xcode/DerivedData/Buzz-faillbpsmponqzeruhhvskovixzk/SourcePackages/checkouts/stripe-ios-spm/Stripe3DS2/Stripe3DS2/STDSChallengeInformationView.m -o /Users/xinyufang/Library/Developer/Xcode/DerivedData/Buzz-faillbpsmponqzeruhhvskovixzk/Build/Intermediates.noindex/Stripe.build/Debug-iphonesimulator/Stripe3DS2.build/Objects-normal/arm64/STDSChallengeInformationView.o -index-unit-output-path /Stripe.build/Debug-iphonesimulator/Stripe3DS2.build/Objects-normal/arm64/STDSChallengeInformationView.o

ScanDependencies /Users/xinyufang/Library/Developer/Xcode/DerivedData/Buzz-faillbpsmponqzeruhhvskovixzk/Build/Intermediates.noindex/Stripe.build/Debug-iphonesimulator/Stripe3DS2.build/Objects-normal/arm64/STDSButtonCustomization.o /Users/xinyufang/Library/Developer/Xcode/DerivedData/Buzz-faillbpsmponqzeruhhvskovixzk/SourcePackages/checkouts/stripe-ios-spm/Stripe3DS2/Stripe3DS2/include/STDSButtonCustomization.m normal arm64 objective-c com.apple.compilers.llvm.clang.1_0.compiler (in target 'Stripe3DS2' from project 'Stripe')
    cd /Users/xinyufang/Documents/Buzz/Buzz.xcodeproj
    
    Using response file: /Users/xinyufang/Library/Developer/Xcode/DerivedData/Buzz-faillbpsmponqzeruhhvskovixzk/Build/Intermediates.noindex/Stripe.build/Debug-iphonesimulator/Stripe3DS2.build/Objects-normal/arm64/e6072d4f65d7061329687fe24e3d63a7-common-args.resp
    
    builtin-ScanDependencies -o /Users/xinyufang/Library/Developer/Xcode/DerivedData/Buzz-faillbpsmponqzeruhhvskovixzk/Build/Intermediates.noindex/Stripe.build/Debug-iphonesimulator/Stripe3DS2.build/Objects-normal/arm64/STDSButtonCustomization.o.scan -- /Applications/Xcode.app/Contents/Developer/Toolchains/XcodeDefault.xctoolchain/usr/bin/clang -x objective-c -ivfsstatcache /Users/xinyufang/Library/Developer/Xcode/DerivedData/SDKStatCaches.noindex/iphonesimulator26.0-23A339-26257891a6c027eb51374368541b8346.sdkstatcache -fmessage-length\=0 -fdiagnostics-show-note-include-stack -fmacro-backtrace-limit\=0 -fno-color-diagnostics -fmodules-prune-interval\=86400 -fmodules-prune-after\=345600 -fbuild-session-file\=/Users/xinyufang/Library/Developer/Xcode/DerivedData/ModuleCache.noindex/Session.modulevalidation -fmodules-validate-once-per-build-session -Wnon-modular-include-in-framework-module -Werror\=non-modular-include-in-framework-module -Wno-trigraphs -Wno-missing-field-initializers -Wno-missing-prototypes -Wno-return-type -Wno-implicit-atomic-properties -Wno-objc-interface-ivars -Wno-arc-repeated-use-of-weak -Wno-missing-braces -Wparentheses -Wswitch -Wno-unused-function -Wno-unused-label -Wno-unused-parameter -Wno-unused-variable -Wunused-value -Wno-empty-body -Wno-uninitialized -Wno-unknown-pragmas -w -Wno-shadow -Wno-four-char-constants -Wno-conversion -Wno-constant-conversion -Wno-int-conversion -Wno-bool-conversion -Wno-enum-conversion -Wno-float-conversion -Wno-non-literal-null-conversion -Wno-objc-literal-conversion -Wshorten-64-to-32 -Wpointer-sign -Wno-newline-eof -Wno-selector -Wno-strict-selector-match -Wno-undeclared-selector -Wno-deprecated-implementations -Wno-implicit-fallthrough -fstrict-aliasing -Wprotocol -Wdeprecated-declarations -Wno-sign-conversion -Wno-infinite-recursion -Wno-comma -Wno-block-capture-autoreleasing -Wno-strict-prototypes -Wno-semicolon-before-method-body -index-store-path /Users/xinyufang/Library/Developer/Xcode/DerivedData/Buzz-faillbpsmponqzeruhhvskovixzk/Index.noindex/DataStore @/Users/xinyufang/Library/Developer/Xcode/DerivedData/Buzz-faillbpsmponqzeruhhvskovixzk/Build/Intermediates.noindex/Stripe.build/Debug-iphonesimulator/Stripe3DS2.build/Objects-normal/arm64/e6072d4f65d7061329687fe24e3d63a7-common-args.resp -include /Users/xinyufang/Library/Developer/Xcode/DerivedData/Buzz-faillbpsmponqzeruhhvskovixzk/Build/Intermediates.noindex/Stripe.build/Debug-iphonesimulator/Stripe3DS2.build/DerivedSources/resource_bundle_accessor.h -MMD -MT dependencies -MF /Users/xinyufang/Library/Developer/Xcode/DerivedData/Buzz-faillbpsmponqzeruhhvskovixzk/Build/Intermediates.noindex/Stripe.build/Debug-iphonesimulator/Stripe3DS2.build/Objects-normal/arm64/STDSButtonCustomization.d --serialize-diagnostics /Users/xinyufang/Library/Developer/Xcode/DerivedData/Buzz-faillbpsmponqzeruhhvskovixzk/Build/Intermediates.noindex/Stripe.build/Debug-iphonesimulator/Stripe3DS2.build/Objects-normal/arm64/STDSButtonCustomization.dia -c /Users/xinyufang/Library/Developer/Xcode/DerivedData/Buzz-faillbpsmponqzeruhhvskovixzk/SourcePackages/checkouts/stripe-ios-spm/Stripe3DS2/Stripe3DS2/include/STDSButtonCustomization.m -o /Users/xinyufang/Library/Developer/Xcode/DerivedData/Buzz-faillbpsmponqzeruhhvskovixzk/Build/Intermediates.noindex/Stripe.build/Debug-iphonesimulator/Stripe3DS2.build/Objects-normal/arm64/STDSButtonCustomization.o -index-unit-output-path /Stripe.build/Debug-iphonesimulator/Stripe3DS2.build/Objects-normal/arm64/STDSButtonCustomization.o

ScanDependencies /Users/xinyufang/Library/Developer/Xcode/DerivedData/Buzz-faillbpsmponqzeruhhvskovixzk/Build/Intermediates.noindex/Stripe.build/Debug-iphonesimulator/Stripe3DS2.build/Objects-normal/arm64/STDSBundleLocator.o /Users/xinyufang/Library/Developer/Xcode/DerivedData/Buzz-faillbpsmponqzeruhhvskovixzk/SourcePackages/checkouts/stripe-ios-spm/Stripe3DS2/Stripe3DS2/STDSBundleLocator.m normal arm64 objective-c com.apple.compilers.llvm.clang.1_0.compiler (in target 'Stripe3DS2' from project 'Stripe')
    cd /Users/xinyufang/Documents/Buzz/Buzz.xcodeproj
    
    Using response file: /Users/xinyufang/Library/Developer/Xcode/DerivedData/Buzz-faillbpsmponqzeruhhvskovixzk/Build/Intermediates.noindex/Stripe.build/Debug-iphonesimulator/Stripe3DS2.build/Objects-normal/arm64/e6072d4f65d7061329687fe24e3d63a7-common-args.resp
    
    builtin-ScanDependencies -o /Users/xinyufang/Library/Developer/Xcode/DerivedData/Buzz-faillbpsmponqzeruhhvskovixzk/Build/Intermediates.noindex/Stripe.build/Debug-iphonesimulator/Stripe3DS2.build/Objects-normal/arm64/STDSBundleLocator.o.scan -- /Applications/Xcode.app/Contents/Developer/Toolchains/XcodeDefault.xctoolchain/usr/bin/clang -x objective-c -ivfsstatcache /Users/xinyufang/Library/Developer/Xcode/DerivedData/SDKStatCaches.noindex/iphonesimulator26.0-23A339-26257891a6c027eb51374368541b8346.sdkstatcache -fmessage-length\=0 -fdiagnostics-show-note-include-stack -fmacro-backtrace-limit\=0 -fno-color-diagnostics -fmodules-prune-interval\=86400 -fmodules-prune-after\=345600 -fbuild-session-file\=/Users/xinyufang/Library/Developer/Xcode/DerivedData/ModuleCache.noindex/Session.modulevalidation -fmodules-validate-once-per-build-session -Wnon-modular-include-in-framework-module -Werror\=non-modular-include-in-framework-module -Wno-trigraphs -Wno-missing-field-initializers -Wno-missing-prototypes -Wno-return-type -Wno-implicit-atomic-properties -Wno-objc-interface-ivars -Wno-arc-repeated-use-of-weak -Wno-missing-braces -Wparentheses -Wswitch -Wno-unused-function -Wno-unused-label -Wno-unused-parameter -Wno-unused-variable -Wunused-value -Wno-empty-body -Wno-uninitialized -Wno-unknown-pragmas -w -Wno-shadow -Wno-four-char-constants -Wno-conversion -Wno-constant-conversion -Wno-int-conversion -Wno-bool-conversion -Wno-enum-conversion -Wno-float-conversion -Wno-non-literal-null-conversion -Wno-objc-literal-conversion -Wshorten-64-to-32 -Wpointer-sign -Wno-newline-eof -Wno-selector -Wno-strict-selector-match -Wno-undeclared-selector -Wno-deprecated-implementations -Wno-implicit-fallthrough -fstrict-aliasing -Wprotocol -Wdeprecated-declarations -Wno-sign-conversion -Wno-infinite-recursion -Wno-comma -Wno-block-capture-autoreleasing -Wno-strict-prototypes -Wno-semicolon-before-method-body -index-store-path /Users/xinyufang/Library/Developer/Xcode/DerivedData/Buzz-faillbpsmponqzeruhhvskovixzk/Index.noindex/DataStore @/Users/xinyufang/Library/Developer/Xcode/DerivedData/Buzz-faillbpsmponqzeruhhvskovixzk/Build/Intermediates.noindex/Stripe.build/Debug-iphonesimulator/Stripe3DS2.build/Objects-normal/arm64/e6072d4f65d7061329687fe24e3d63a7-common-args.resp -include /Users/xinyufang/Library/Developer/Xcode/DerivedData/Buzz-faillbpsmponqzeruhhvskovixzk/Build/Intermediates.noindex/Stripe.build/Debug-iphonesimulator/Stripe3DS2.build/DerivedSources/resource_bundle_accessor.h -MMD -MT dependencies -MF /Users/xinyufang/Library/Developer/Xcode/DerivedData/Buzz-faillbpsmponqzeruhhvskovixzk/Build/Intermediates.noindex/Stripe.build/Debug-iphonesimulator/Stripe3DS2.build/Objects-normal/arm64/STDSBundleLocator.d --serialize-diagnostics /Users/xinyufang/Library/Developer/Xcode/DerivedData/Buzz-faillbpsmponqzeruhhvskovixzk/Build/Intermediates.noindex/Stripe.build/Debug-iphonesimulator/Stripe3DS2.build/Objects-normal/arm64/STDSBundleLocator.dia -c /Users/xinyufang/Library/Developer/Xcode/DerivedData/Buzz-faillbpsmponqzeruhhvskovixzk/SourcePackages/checkouts/stripe-ios-spm/Stripe3DS2/Stripe3DS2/STDSBundleLocator.m -o /Users/xinyufang/Library/Developer/Xcode/DerivedData/Buzz-faillbpsmponqzeruhhvskovixzk/Build/Intermediates.noindex/Stripe.build/Debug-iphonesimulator/Stripe3DS2.build/Objects-normal/arm64/STDSBundleLocator.o -index-unit-output-path /Stripe.build/Debug-iphonesimulator/Stripe3DS2.build/Objects-normal/arm64/STDSBundleLocator.o

PrecompileModule /Users/xinyufang/Library/Developer/Xcode/DerivedData/Buzz-faillbpsmponqzeruhhvskovixzk/Build/Intermediates.noindex/ExplicitPrecompiledModules/dnssd-7CS7WL5V976WCH48XFSCOTWGS.scan
    cd /
    builtin-precompileModule /Users/xinyufang/Library/Developer/Xcode/DerivedData/Buzz-faillbpsmponqzeruhhvskovixzk/Build/Intermediates.noindex/ExplicitPrecompiledModules/dnssd-7CS7WL5V976WCH48XFSCOTWGS.scan

PrecompileModule /Users/xinyufang/Library/Developer/Xcode/DerivedData/Buzz-faillbpsmponqzeruhhvskovixzk/Build/Intermediates.noindex/ExplicitPrecompiledModules/XPC-5Y5RD72U9I2TTP0GAUP2DV9DW.scan
    cd /
    builtin-precompileModule /Users/xinyufang/Library/Developer/Xcode/DerivedData/Buzz-faillbpsmponqzeruhhvskovixzk/Build/Intermediates.noindex/ExplicitPrecompiledModules/XPC-5Y5RD72U9I2TTP0GAUP2DV9DW.scan

PrecompileModule /Users/xinyufang/Library/Developer/Xcode/DerivedData/Buzz-faillbpsmponqzeruhhvskovixzk/Build/Intermediates.noindex/ExplicitPrecompiledModules/CoreFoundation-4E1ZEBDDL5Y8YBORU0QQAOF7L.scan
    cd /
    builtin-precompileModule /Users/xinyufang/Library/Developer/Xcode/DerivedData/Buzz-faillbpsmponqzeruhhvskovixzk/Build/Intermediates.noindex/ExplicitPrecompiledModules/CoreFoundation-4E1ZEBDDL5Y8YBORU0QQAOF7L.scan

ScanDependencies /Users/xinyufang/Library/Developer/Xcode/DerivedData/Buzz-faillbpsmponqzeruhhvskovixzk/Build/Intermediates.noindex/Stripe.build/Debug-iphonesimulator/Stripe3DS2.build/Objects-normal/arm64/STDSBrandingView.o /Users/xinyufang/Library/Developer/Xcode/DerivedData/Buzz-faillbpsmponqzeruhhvskovixzk/SourcePackages/checkouts/stripe-ios-spm/Stripe3DS2/Stripe3DS2/STDSBrandingView.m normal arm64 objective-c com.apple.compilers.llvm.clang.1_0.compiler (in target 'Stripe3DS2' from project 'Stripe')
    cd /Users/xinyufang/Documents/Buzz/Buzz.xcodeproj
    
    Using response file: /Users/xinyufang/Library/Developer/Xcode/DerivedData/Buzz-faillbpsmponqzeruhhvskovixzk/Build/Intermediates.noindex/Stripe.build/Debug-iphonesimulator/Stripe3DS2.build/Objects-normal/arm64/e6072d4f65d7061329687fe24e3d63a7-common-args.resp
    
    builtin-ScanDependencies -o /Users/xinyufang/Library/Developer/Xcode/DerivedData/Buzz-faillbpsmponqzeruhhvskovixzk/Build/Intermediates.noindex/Stripe.build/Debug-iphonesimulator/Stripe3DS2.build/Objects-normal/arm64/STDSBrandingView.o.scan -- /Applications/Xcode.app/Contents/Developer/Toolchains/XcodeDefault.xctoolchain/usr/bin/clang -x objective-c -ivfsstatcache /Users/xinyufang/Library/Developer/Xcode/DerivedData/SDKStatCaches.noindex/iphonesimulator26.0-23A339-26257891a6c027eb51374368541b8346.sdkstatcache -fmessage-length\=0 -fdiagnostics-show-note-include-stack -fmacro-backtrace-limit\=0 -fno-color-diagnostics -fmodules-prune-interval\=86400 -fmodules-prune-after\=345600 -fbuild-session-file\=/Users/xinyufang/Library/Developer/Xcode/DerivedData/ModuleCache.noindex/Session.modulevalidation -fmodules-validate-once-per-build-session -Wnon-modular-include-in-framework-module -Werror\=non-modular-include-in-framework-module -Wno-trigraphs -Wno-missing-field-initializers -Wno-missing-prototypes -Wno-return-type -Wno-implicit-atomic-properties -Wno-objc-interface-ivars -Wno-arc-repeated-use-of-weak -Wno-missing-braces -Wparentheses -Wswitch -Wno-unused-function -Wno-unused-label -Wno-unused-parameter -Wno-unused-variable -Wunused-value -Wno-empty-body -Wno-uninitialized -Wno-unknown-pragmas -w -Wno-shadow -Wno-four-char-constants -Wno-conversion -Wno-constant-conversion -Wno-int-conversion -Wno-bool-conversion -Wno-enum-conversion -Wno-float-conversion -Wno-non-literal-null-conversion -Wno-objc-literal-conversion -Wshorten-64-to-32 -Wpointer-sign -Wno-newline-eof -Wno-selector -Wno-strict-selector-match -Wno-undeclared-selector -Wno-deprecated-implementations -Wno-implicit-fallthrough -fstrict-aliasing -Wprotocol -Wdeprecated-declarations -Wno-sign-conversion -Wno-infinite-recursion -Wno-comma -Wno-block-capture-autoreleasing -Wno-strict-prototypes -Wno-semicolon-before-method-body -index-store-path /Users/xinyufang/Library/Developer/Xcode/DerivedData/Buzz-faillbpsmponqzeruhhvskovixzk/Index.noindex/DataStore @/Users/xinyufang/Library/Developer/Xcode/DerivedData/Buzz-faillbpsmponqzeruhhvskovixzk/Build/Intermediates.noindex/Stripe.build/Debug-iphonesimulator/Stripe3DS2.build/Objects-normal/arm64/e6072d4f65d7061329687fe24e3d63a7-common-args.resp -include /Users/xinyufang/Library/Developer/Xcode/DerivedData/Buzz-faillbpsmponqzeruhhvskovixzk/Build/Intermediates.noindex/Stripe.build/Debug-iphonesimulator/Stripe3DS2.build/DerivedSources/resource_bundle_accessor.h -MMD -MT dependencies -MF /Users/xinyufang/Library/Developer/Xcode/DerivedData/Buzz-faillbpsmponqzeruhhvskovixzk/Build/Intermediates.noindex/Stripe.build/Debug-iphonesimulator/Stripe3DS2.build/Objects-normal/arm64/STDSBrandingView.d --serialize-diagnostics /Users/xinyufang/Library/Developer/Xcode/DerivedData/Buzz-faillbpsmponqzeruhhvskovixzk/Build/Intermediates.noindex/Stripe.build/Debug-iphonesimulator/Stripe3DS2.build/Objects-normal/arm64/STDSBrandingView.dia -c /Users/xinyufang/Library/Developer/Xcode/DerivedData/Buzz-faillbpsmponqzeruhhvskovixzk/SourcePackages/checkouts/stripe-ios-spm/Stripe3DS2/Stripe3DS2/STDSBrandingView.m -o /Users/xinyufang/Library/Developer/Xcode/DerivedData/Buzz-faillbpsmponqzeruhhvskovixzk/Build/Intermediates.noindex/Stripe.build/Debug-iphonesimulator/Stripe3DS2.build/Objects-normal/arm64/STDSBrandingView.o -index-unit-output-path /Stripe.build/Debug-iphonesimulator/Stripe3DS2.build/Objects-normal/arm64/STDSBrandingView.o

ScanDependencies /Users/xinyufang/Library/Developer/Xcode/DerivedData/Buzz-faillbpsmponqzeruhhvskovixzk/Build/Intermediates.noindex/Stripe.build/Debug-iphonesimulator/Stripe3DS2.build/Objects-normal/arm64/STDSAuthenticationResponseObject.o /Users/xinyufang/Library/Developer/Xcode/DerivedData/Buzz-faillbpsmponqzeruhhvskovixzk/SourcePackages/checkouts/stripe-ios-spm/Stripe3DS2/Stripe3DS2/STDSAuthenticationResponseObject.m normal arm64 objective-c com.apple.compilers.llvm.clang.1_0.compiler (in target 'Stripe3DS2' from project 'Stripe')
    cd /Users/xinyufang/Documents/Buzz/Buzz.xcodeproj
    
    Using response file: /Users/xinyufang/Library/Developer/Xcode/DerivedData/Buzz-faillbpsmponqzeruhhvskovixzk/Build/Intermediates.noindex/Stripe.build/Debug-iphonesimulator/Stripe3DS2.build/Objects-normal/arm64/e6072d4f65d7061329687fe24e3d63a7-common-args.resp
    
    builtin-ScanDependencies -o /Users/xinyufang/Library/Developer/Xcode/DerivedData/Buzz-faillbpsmponqzeruhhvskovixzk/Build/Intermediates.noindex/Stripe.build/Debug-iphonesimulator/Stripe3DS2.build/Objects-normal/arm64/STDSAuthenticationResponseObject.o.scan -- /Applications/Xcode.app/Contents/Developer/Toolchains/XcodeDefault.xctoolchain/usr/bin/clang -x objective-c -ivfsstatcache /Users/xinyufang/Library/Developer/Xcode/DerivedData/SDKStatCaches.noindex/iphonesimulator26.0-23A339-26257891a6c027eb51374368541b8346.sdkstatcache -fmessage-length\=0 -fdiagnostics-show-note-include-stack -fmacro-backtrace-limit\=0 -fno-color-diagnostics -fmodules-prune-interval\=86400 -fmodules-prune-after\=345600 -fbuild-session-file\=/Users/xinyufang/Library/Developer/Xcode/DerivedData/ModuleCache.noindex/Session.modulevalidation -fmodules-validate-once-per-build-session -Wnon-modular-include-in-framework-module -Werror\=non-modular-include-in-framework-module -Wno-trigraphs -Wno-missing-field-initializers -Wno-missing-prototypes -Wno-return-type -Wno-implicit-atomic-properties -Wno-objc-interface-ivars -Wno-arc-repeated-use-of-weak -Wno-missing-braces -Wparentheses -Wswitch -Wno-unused-function -Wno-unused-label -Wno-unused-parameter -Wno-unused-variable -Wunused-value -Wno-empty-body -Wno-uninitialized -Wno-unknown-pragmas -w -Wno-shadow -Wno-four-char-constants -Wno-conversion -Wno-constant-conversion -Wno-int-conversion -Wno-bool-conversion -Wno-enum-conversion -Wno-float-conversion -Wno-non-literal-null-conversion -Wno-objc-literal-conversion -Wshorten-64-to-32 -Wpointer-sign -Wno-newline-eof -Wno-selector -Wno-strict-selector-match -Wno-undeclared-selector -Wno-deprecated-implementations -Wno-implicit-fallthrough -fstrict-aliasing -Wprotocol -Wdeprecated-declarations -Wno-sign-conversion -Wno-infinite-recursion -Wno-comma -Wno-block-capture-autoreleasing -Wno-strict-prototypes -Wno-semicolon-before-method-body -index-store-path /Users/xinyufang/Library/Developer/Xcode/DerivedData/Buzz-faillbpsmponqzeruhhvskovixzk/Index.noindex/DataStore @/Users/xinyufang/Library/Developer/Xcode/DerivedData/Buzz-faillbpsmponqzeruhhvskovixzk/Build/Intermediates.noindex/Stripe.build/Debug-iphonesimulator/Stripe3DS2.build/Objects-normal/arm64/e6072d4f65d7061329687fe24e3d63a7-common-args.resp -include /Users/xinyufang/Library/Developer/Xcode/DerivedData/Buzz-faillbpsmponqzeruhhvskovixzk/Build/Intermediates.noindex/Stripe.build/Debug-iphonesimulator/Stripe3DS2.build/DerivedSources/resource_bundle_accessor.h -MMD -MT dependencies -MF /Users/xinyufang/Library/Developer/Xcode/DerivedData/Buzz-faillbpsmponqzeruhhvskovixzk/Build/Intermediates.noindex/Stripe.build/Debug-iphonesimulator/Stripe3DS2.build/Objects-normal/arm64/STDSAuthenticationResponseObject.d --serialize-diagnostics /Users/xinyufang/Library/Developer/Xcode/DerivedData/Buzz-faillbpsmponqzeruhhvskovixzk/Build/Intermediates.noindex/Stripe.build/Debug-iphonesimulator/Stripe3DS2.build/Objects-normal/arm64/STDSAuthenticationResponseObject.dia -c /Users/xinyufang/Library/Developer/Xcode/DerivedData/Buzz-faillbpsmponqzeruhhvskovixzk/SourcePackages/checkouts/stripe-ios-spm/Stripe3DS2/Stripe3DS2/STDSAuthenticationResponseObject.m -o /Users/xinyufang/Library/Developer/Xcode/DerivedData/Buzz-faillbpsmponqzeruhhvskovixzk/Build/Intermediates.noindex/Stripe.build/Debug-iphonesimulator/Stripe3DS2.build/Objects-normal/arm64/STDSAuthenticationResponseObject.o -index-unit-output-path /Stripe.build/Debug-iphonesimulator/Stripe3DS2.build/Objects-normal/arm64/STDSAuthenticationResponseObject.o

ScanDependencies /Users/xinyufang/Library/Developer/Xcode/DerivedData/Buzz-faillbpsmponqzeruhhvskovixzk/Build/Intermediates.noindex/Stripe.build/Debug-iphonesimulator/Stripe3DS2.build/Objects-normal/arm64/STDSAuthenticationRequestParameters.o /Users/xinyufang/Library/Developer/Xcode/DerivedData/Buzz-faillbpsmponqzeruhhvskovixzk/SourcePackages/checkouts/stripe-ios-spm/Stripe3DS2/Stripe3DS2/include/STDSAuthenticationRequestParameters.m normal arm64 objective-c com.apple.compilers.llvm.clang.1_0.compiler (in target 'Stripe3DS2' from project 'Stripe')
    cd /Users/xinyufang/Documents/Buzz/Buzz.xcodeproj
    
    Using response file: /Users/xinyufang/Library/Developer/Xcode/DerivedData/Buzz-faillbpsmponqzeruhhvskovixzk/Build/Intermediates.noindex/Stripe.build/Debug-iphonesimulator/Stripe3DS2.build/Objects-normal/arm64/e6072d4f65d7061329687fe24e3d63a7-common-args.resp
    
    builtin-ScanDependencies -o /Users/xinyufang/Library/Developer/Xcode/DerivedData/Buzz-faillbpsmponqzeruhhvskovixzk/Build/Intermediates.noindex/Stripe.build/Debug-iphonesimulator/Stripe3DS2.build/Objects-normal/arm64/STDSAuthenticationRequestParameters.o.scan -- /Applications/Xcode.app/Contents/Developer/Toolchains/XcodeDefault.xctoolchain/usr/bin/clang -x objective-c -ivfsstatcache /Users/xinyufang/Library/Developer/Xcode/DerivedData/SDKStatCaches.noindex/iphonesimulator26.0-23A339-26257891a6c027eb51374368541b8346.sdkstatcache -fmessage-length\=0 -fdiagnostics-show-note-include-stack -fmacro-backtrace-limit\=0 -fno-color-diagnostics -fmodules-prune-interval\=86400 -fmodules-prune-after\=345600 -fbuild-session-file\=/Users/xinyufang/Library/Developer/Xcode/DerivedData/ModuleCache.noindex/Session.modulevalidation -fmodules-validate-once-per-build-session -Wnon-modular-include-in-framework-module -Werror\=non-modular-include-in-framework-module -Wno-trigraphs -Wno-missing-field-initializers -Wno-missing-prototypes -Wno-return-type -Wno-implicit-atomic-properties -Wno-objc-interface-ivars -Wno-arc-repeated-use-of-weak -Wno-missing-braces -Wparentheses -Wswitch -Wno-unused-function -Wno-unused-label -Wno-unused-parameter -Wno-unused-variable -Wunused-value -Wno-empty-body -Wno-uninitialized -Wno-unknown-pragmas -w -Wno-shadow -Wno-four-char-constants -Wno-conversion -Wno-constant-conversion -Wno-int-conversion -Wno-bool-conversion -Wno-enum-conversion -Wno-float-conversion -Wno-non-literal-null-conversion -Wno-objc-literal-conversion -Wshorten-64-to-32 -Wpointer-sign -Wno-newline-eof -Wno-selector -Wno-strict-selector-match -Wno-undeclared-selector -Wno-deprecated-implementations -Wno-implicit-fallthrough -fstrict-aliasing -Wprotocol -Wdeprecated-declarations -Wno-sign-conversion -Wno-infinite-recursion -Wno-comma -Wno-block-capture-autoreleasing -Wno-strict-prototypes -Wno-semicolon-before-method-body -index-store-path /Users/xinyufang/Library/Developer/Xcode/DerivedData/Buzz-faillbpsmponqzeruhhvskovixzk/Index.noindex/DataStore @/Users/xinyufang/Library/Developer/Xcode/DerivedData/Buzz-faillbpsmponqzeruhhvskovixzk/Build/Intermediates.noindex/Stripe.build/Debug-iphonesimulator/Stripe3DS2.build/Objects-normal/arm64/e6072d4f65d7061329687fe24e3d63a7-common-args.resp -include /Users/xinyufang/Library/Developer/Xcode/DerivedData/Buzz-faillbpsmponqzeruhhvskovixzk/Build/Intermediates.noindex/Stripe.build/Debug-iphonesimulator/Stripe3DS2.build/DerivedSources/resource_bundle_accessor.h -MMD -MT dependencies -MF /Users/xinyufang/Library/Developer/Xcode/DerivedData/Buzz-faillbpsmponqzeruhhvskovixzk/Build/Intermediates.noindex/Stripe.build/Debug-iphonesimulator/Stripe3DS2.build/Objects-normal/arm64/STDSAuthenticationRequestParameters.d --serialize-diagnostics /Users/xinyufang/Library/Developer/Xcode/DerivedData/Buzz-faillbpsmponqzeruhhvskovixzk/Build/Intermediates.noindex/Stripe.build/Debug-iphonesimulator/Stripe3DS2.build/Objects-normal/arm64/STDSAuthenticationRequestParameters.dia -c /Users/xinyufang/Library/Developer/Xcode/DerivedData/Buzz-faillbpsmponqzeruhhvskovixzk/SourcePackages/checkouts/stripe-ios-spm/Stripe3DS2/Stripe3DS2/include/STDSAuthenticationRequestParameters.m -o /Users/xinyufang/Library/Developer/Xcode/DerivedData/Buzz-faillbpsmponqzeruhhvskovixzk/Build/Intermediates.noindex/Stripe.build/Debug-iphonesimulator/Stripe3DS2.build/Objects-normal/arm64/STDSAuthenticationRequestParameters.o -index-unit-output-path /Stripe.build/Debug-iphonesimulator/Stripe3DS2.build/Objects-normal/arm64/STDSAuthenticationRequestParameters.o

ScanDependencies /Users/xinyufang/Library/Developer/Xcode/DerivedData/Buzz-faillbpsmponqzeruhhvskovixzk/Build/Intermediates.noindex/Stripe.build/Debug-iphonesimulator/Stripe3DS2.build/Objects-normal/arm64/STDSAlreadyInitializedException.o /Users/xinyufang/Library/Developer/Xcode/DerivedData/Buzz-faillbpsmponqzeruhhvskovixzk/SourcePackages/checkouts/stripe-ios-spm/Stripe3DS2/Stripe3DS2/include/STDSAlreadyInitializedException.m normal arm64 objective-c com.apple.compilers.llvm.clang.1_0.compiler (in target 'Stripe3DS2' from project 'Stripe')
    cd /Users/xinyufang/Documents/Buzz/Buzz.xcodeproj
    
    Using response file: /Users/xinyufang/Library/Developer/Xcode/DerivedData/Buzz-faillbpsmponqzeruhhvskovixzk/Build/Intermediates.noindex/Stripe.build/Debug-iphonesimulator/Stripe3DS2.build/Objects-normal/arm64/e6072d4f65d7061329687fe24e3d63a7-common-args.resp
    
    builtin-ScanDependencies -o /Users/xinyufang/Library/Developer/Xcode/DerivedData/Buzz-faillbpsmponqzeruhhvskovixzk/Build/Intermediates.noindex/Stripe.build/Debug-iphonesimulator/Stripe3DS2.build/Objects-normal/arm64/STDSAlreadyInitializedException.o.scan -- /Applications/Xcode.app/Contents/Developer/Toolchains/XcodeDefault.xctoolchain/usr/bin/clang -x objective-c -ivfsstatcache /Users/xinyufang/Library/Developer/Xcode/DerivedData/SDKStatCaches.noindex/iphonesimulator26.0-23A339-26257891a6c027eb51374368541b8346.sdkstatcache -fmessage-length\=0 -fdiagnostics-show-note-include-stack -fmacro-backtrace-limit\=0 -fno-color-diagnostics -fmodules-prune-interval\=86400 -fmodules-prune-after\=345600 -fbuild-session-file\=/Users/xinyufang/Library/Developer/Xcode/DerivedData/ModuleCache.noindex/Session.modulevalidation -fmodules-validate-once-per-build-session -Wnon-modular-include-in-framework-module -Werror\=non-modular-include-in-framework-module -Wno-trigraphs -Wno-missing-field-initializers -Wno-missing-prototypes -Wno-return-type -Wno-implicit-atomic-properties -Wno-objc-interface-ivars -Wno-arc-repeated-use-of-weak -Wno-missing-braces -Wparentheses -Wswitch -Wno-unused-function -Wno-unused-label -Wno-unused-parameter -Wno-unused-variable -Wunused-value -Wno-empty-body -Wno-uninitialized -Wno-unknown-pragmas -w -Wno-shadow -Wno-four-char-constants -Wno-conversion -Wno-constant-conversion -Wno-int-conversion -Wno-bool-conversion -Wno-enum-conversion -Wno-float-conversion -Wno-non-literal-null-conversion -Wno-objc-literal-conversion -Wshorten-64-to-32 -Wpointer-sign -Wno-newline-eof -Wno-selector -Wno-strict-selector-match -Wno-undeclared-selector -Wno-deprecated-implementations -Wno-implicit-fallthrough -fstrict-aliasing -Wprotocol -Wdeprecated-declarations -Wno-sign-conversion -Wno-infinite-recursion -Wno-comma -Wno-block-capture-autoreleasing -Wno-strict-prototypes -Wno-semicolon-before-method-body -index-store-path /Users/xinyufang/Library/Developer/Xcode/DerivedData/Buzz-faillbpsmponqzeruhhvskovixzk/Index.noindex/DataStore @/Users/xinyufang/Library/Developer/Xcode/DerivedData/Buzz-faillbpsmponqzeruhhvskovixzk/Build/Intermediates.noindex/Stripe.build/Debug-iphonesimulator/Stripe3DS2.build/Objects-normal/arm64/e6072d4f65d7061329687fe24e3d63a7-common-args.resp -include /Users/xinyufang/Library/Developer/Xcode/DerivedData/Buzz-faillbpsmponqzeruhhvskovixzk/Build/Intermediates.noindex/Stripe.build/Debug-iphonesimulator/Stripe3DS2.build/DerivedSources/resource_bundle_accessor.h -MMD -MT dependencies -MF /Users/xinyufang/Library/Developer/Xcode/DerivedData/Buzz-faillbpsmponqzeruhhvskovixzk/Build/Intermediates.noindex/Stripe.build/Debug-iphonesimulator/Stripe3DS2.build/Objects-normal/arm64/STDSAlreadyInitializedException.d --serialize-diagnostics /Users/xinyufang/Library/Developer/Xcode/DerivedData/Buzz-faillbpsmponqzeruhhvskovixzk/Build/Intermediates.noindex/Stripe.build/Debug-iphonesimulator/Stripe3DS2.build/Objects-normal/arm64/STDSAlreadyInitializedException.dia -c /Users/xinyufang/Library/Developer/Xcode/DerivedData/Buzz-faillbpsmponqzeruhhvskovixzk/SourcePackages/checkouts/stripe-ios-spm/Stripe3DS2/Stripe3DS2/include/STDSAlreadyInitializedException.m -o /Users/xinyufang/Library/Developer/Xcode/DerivedData/Buzz-faillbpsmponqzeruhhvskovixzk/Build/Intermediates.noindex/Stripe.build/Debug-iphonesimulator/Stripe3DS2.build/Objects-normal/arm64/STDSAlreadyInitializedException.o -index-unit-output-path /Stripe.build/Debug-iphonesimulator/Stripe3DS2.build/Objects-normal/arm64/STDSAlreadyInitializedException.o

ScanDependencies /Users/xinyufang/Library/Developer/Xcode/DerivedData/Buzz-faillbpsmponqzeruhhvskovixzk/Build/Intermediates.noindex/Stripe.build/Debug-iphonesimulator/Stripe3DS2.build/Objects-normal/arm64/STDSACSNetworkingManager.o /Users/xinyufang/Library/Developer/Xcode/DerivedData/Buzz-faillbpsmponqzeruhhvskovixzk/SourcePackages/checkouts/stripe-ios-spm/Stripe3DS2/Stripe3DS2/STDSACSNetworkingManager.m normal arm64 objective-c com.apple.compilers.llvm.clang.1_0.compiler (in target 'Stripe3DS2' from project 'Stripe')
    cd /Users/xinyufang/Documents/Buzz/Buzz.xcodeproj
    
    Using response file: /Users/xinyufang/Library/Developer/Xcode/DerivedData/Buzz-faillbpsmponqzeruhhvskovixzk/Build/Intermediates.noindex/Stripe.build/Debug-iphonesimulator/Stripe3DS2.build/Objects-normal/arm64/e6072d4f65d7061329687fe24e3d63a7-common-args.resp
    
    builtin-ScanDependencies -o /Users/xinyufang/Library/Developer/Xcode/DerivedData/Buzz-faillbpsmponqzeruhhvskovixzk/Build/Intermediates.noindex/Stripe.build/Debug-iphonesimulator/Stripe3DS2.build/Objects-normal/arm64/STDSACSNetworkingManager.o.scan -- /Applications/Xcode.app/Contents/Developer/Toolchains/XcodeDefault.xctoolchain/usr/bin/clang -x objective-c -ivfsstatcache /Users/xinyufang/Library/Developer/Xcode/DerivedData/SDKStatCaches.noindex/iphonesimulator26.0-23A339-26257891a6c027eb51374368541b8346.sdkstatcache -fmessage-length\=0 -fdiagnostics-show-note-include-stack -fmacro-backtrace-limit\=0 -fno-color-diagnostics -fmodules-prune-interval\=86400 -fmodules-prune-after\=345600 -fbuild-session-file\=/Users/xinyufang/Library/Developer/Xcode/DerivedData/ModuleCache.noindex/Session.modulevalidation -fmodules-validate-once-per-build-session -Wnon-modular-include-in-framework-module -Werror\=non-modular-include-in-framework-module -Wno-trigraphs -Wno-missing-field-initializers -Wno-missing-prototypes -Wno-return-type -Wno-implicit-atomic-properties -Wno-objc-interface-ivars -Wno-arc-repeated-use-of-weak -Wno-missing-braces -Wparentheses -Wswitch -Wno-unused-function -Wno-unused-label -Wno-unused-parameter -Wno-unused-variable -Wunused-value -Wno-empty-body -Wno-uninitialized -Wno-unknown-pragmas -w -Wno-shadow -Wno-four-char-constants -Wno-conversion -Wno-constant-conversion -Wno-int-conversion -Wno-bool-conversion -Wno-enum-conversion -Wno-float-conversion -Wno-non-literal-null-conversion -Wno-objc-literal-conversion -Wshorten-64-to-32 -Wpointer-sign -Wno-newline-eof -Wno-selector -Wno-strict-selector-match -Wno-undeclared-selector -Wno-deprecated-implementations -Wno-implicit-fallthrough -fstrict-aliasing -Wprotocol -Wdeprecated-declarations -Wno-sign-conversion -Wno-infinite-recursion -Wno-comma -Wno-block-capture-autoreleasing -Wno-strict-prototypes -Wno-semicolon-before-method-body -index-store-path /Users/xinyufang/Library/Developer/Xcode/DerivedData/Buzz-faillbpsmponqzeruhhvskovixzk/Index.noindex/DataStore @/Users/xinyufang/Library/Developer/Xcode/DerivedData/Buzz-faillbpsmponqzeruhhvskovixzk/Build/Intermediates.noindex/Stripe.build/Debug-iphonesimulator/Stripe3DS2.build/Objects-normal/arm64/e6072d4f65d7061329687fe24e3d63a7-common-args.resp -include /Users/xinyufang/Library/Developer/Xcode/DerivedData/Buzz-faillbpsmponqzeruhhvskovixzk/Build/Intermediates.noindex/Stripe.build/Debug-iphonesimulator/Stripe3DS2.build/DerivedSources/resource_bundle_accessor.h -MMD -MT dependencies -MF /Users/xinyufang/Library/Developer/Xcode/DerivedData/Buzz-faillbpsmponqzeruhhvskovixzk/Build/Intermediates.noindex/Stripe.build/Debug-iphonesimulator/Stripe3DS2.build/Objects-normal/arm64/STDSACSNetworkingManager.d --serialize-diagnostics /Users/xinyufang/Library/Developer/Xcode/DerivedData/Buzz-faillbpsmponqzeruhhvskovixzk/Build/Intermediates.noindex/Stripe.build/Debug-iphonesimulator/Stripe3DS2.build/Objects-normal/arm64/STDSACSNetworkingManager.dia -c /Users/xinyufang/Library/Developer/Xcode/DerivedData/Buzz-faillbpsmponqzeruhhvskovixzk/SourcePackages/checkouts/stripe-ios-spm/Stripe3DS2/Stripe3DS2/STDSACSNetworkingManager.m -o /Users/xinyufang/Library/Developer/Xcode/DerivedData/Buzz-faillbpsmponqzeruhhvskovixzk/Build/Intermediates.noindex/Stripe.build/Debug-iphonesimulator/Stripe3DS2.build/Objects-normal/arm64/STDSACSNetworkingManager.o -index-unit-output-path /Stripe.build/Debug-iphonesimulator/Stripe3DS2.build/Objects-normal/arm64/STDSACSNetworkingManager.o

ScanDependencies /Users/xinyufang/Library/Developer/Xcode/DerivedData/Buzz-faillbpsmponqzeruhhvskovixzk/Build/Intermediates.noindex/Stripe.build/Debug-iphonesimulator/Stripe3DS2.build/Objects-normal/arm64/NSString+JWEHelpers.o /Users/xinyufang/Library/Developer/Xcode/DerivedData/Buzz-faillbpsmponqzeruhhvskovixzk/SourcePackages/checkouts/stripe-ios-spm/Stripe3DS2/Stripe3DS2/NSString+JWEHelpers.m normal arm64 objective-c com.apple.compilers.llvm.clang.1_0.compiler (in target 'Stripe3DS2' from project 'Stripe')
    cd /Users/xinyufang/Documents/Buzz/Buzz.xcodeproj
    
    Using response file: /Users/xinyufang/Library/Developer/Xcode/DerivedData/Buzz-faillbpsmponqzeruhhvskovixzk/Build/Intermediates.noindex/Stripe.build/Debug-iphonesimulator/Stripe3DS2.build/Objects-normal/arm64/e6072d4f65d7061329687fe24e3d63a7-common-args.resp
    
    builtin-ScanDependencies -o /Users/xinyufang/Library/Developer/Xcode/DerivedData/Buzz-faillbpsmponqzeruhhvskovixzk/Build/Intermediates.noindex/Stripe.build/Debug-iphonesimulator/Stripe3DS2.build/Objects-normal/arm64/NSString+JWEHelpers.o.scan -- /Applications/Xcode.app/Contents/Developer/Toolchains/XcodeDefault.xctoolchain/usr/bin/clang -x objective-c -ivfsstatcache /Users/xinyufang/Library/Developer/Xcode/DerivedData/SDKStatCaches.noindex/iphonesimulator26.0-23A339-26257891a6c027eb51374368541b8346.sdkstatcache -fmessage-length\=0 -fdiagnostics-show-note-include-stack -fmacro-backtrace-limit\=0 -fno-color-diagnostics -fmodules-prune-interval\=86400 -fmodules-prune-after\=345600 -fbuild-session-file\=/Users/xinyufang/Library/Developer/Xcode/DerivedData/ModuleCache.noindex/Session.modulevalidation -fmodules-validate-once-per-build-session -Wnon-modular-include-in-framework-module -Werror\=non-modular-include-in-framework-module -Wno-trigraphs -Wno-missing-field-initializers -Wno-missing-prototypes -Wno-return-type -Wno-implicit-atomic-properties -Wno-objc-interface-ivars -Wno-arc-repeated-use-of-weak -Wno-missing-braces -Wparentheses -Wswitch -Wno-unused-function -Wno-unused-label -Wno-unused-parameter -Wno-unused-variable -Wunused-value -Wno-empty-body -Wno-uninitialized -Wno-unknown-pragmas -w -Wno-shadow -Wno-four-char-constants -Wno-conversion -Wno-constant-conversion -Wno-int-conversion -Wno-bool-conversion -Wno-enum-conversion -Wno-float-conversion -Wno-non-literal-null-conversion -Wno-objc-literal-conversion -Wshorten-64-to-32 -Wpointer-sign -Wno-newline-eof -Wno-selector -Wno-strict-selector-match -Wno-undeclared-selector -Wno-deprecated-implementations -Wno-implicit-fallthrough -fstrict-aliasing -Wprotocol -Wdeprecated-declarations -Wno-sign-conversion -Wno-infinite-recursion -Wno-comma -Wno-block-capture-autoreleasing -Wno-strict-prototypes -Wno-semicolon-before-method-body -index-store-path /Users/xinyufang/Library/Developer/Xcode/DerivedData/Buzz-faillbpsmponqzeruhhvskovixzk/Index.noindex/DataStore @/Users/xinyufang/Library/Developer/Xcode/DerivedData/Buzz-faillbpsmponqzeruhhvskovixzk/Build/Intermediates.noindex/Stripe.build/Debug-iphonesimulator/Stripe3DS2.build/Objects-normal/arm64/e6072d4f65d7061329687fe24e3d63a7-common-args.resp -include /Users/xinyufang/Library/Developer/Xcode/DerivedData/Buzz-faillbpsmponqzeruhhvskovixzk/Build/Intermediates.noindex/Stripe.build/Debug-iphonesimulator/Stripe3DS2.build/DerivedSources/resource_bundle_accessor.h -MMD -MT dependencies -MF /Users/xinyufang/Library/Developer/Xcode/DerivedData/Buzz-faillbpsmponqzeruhhvskovixzk/Build/Intermediates.noindex/Stripe.build/Debug-iphonesimulator/Stripe3DS2.build/Objects-normal/arm64/NSString+JWEHelpers.d --serialize-diagnostics /Users/xinyufang/Library/Developer/Xcode/DerivedData/Buzz-faillbpsmponqzeruhhvskovixzk/Build/Intermediates.noindex/Stripe.build/Debug-iphonesimulator/Stripe3DS2.build/Objects-normal/arm64/NSString+JWEHelpers.dia -c /Users/xinyufang/Library/Developer/Xcode/DerivedData/Buzz-faillbpsmponqzeruhhvskovixzk/SourcePackages/checkouts/stripe-ios-spm/Stripe3DS2/Stripe3DS2/NSString+JWEHelpers.m -o /Users/xinyufang/Library/Developer/Xcode/DerivedData/Buzz-faillbpsmponqzeruhhvskovixzk/Build/Intermediates.noindex/Stripe.build/Debug-iphonesimulator/Stripe3DS2.build/Objects-normal/arm64/NSString+JWEHelpers.o -index-unit-output-path /Stripe.build/Debug-iphonesimulator/Stripe3DS2.build/Objects-normal/arm64/NSString+JWEHelpers.o

ScanDependencies /Users/xinyufang/Library/Developer/Xcode/DerivedData/Buzz-faillbpsmponqzeruhhvskovixzk/Build/Intermediates.noindex/Stripe.build/Debug-iphonesimulator/Stripe3DS2.build/Objects-normal/arm64/NSString+EmptyChecking.o /Users/xinyufang/Library/Developer/Xcode/DerivedData/Buzz-faillbpsmponqzeruhhvskovixzk/SourcePackages/checkouts/stripe-ios-spm/Stripe3DS2/Stripe3DS2/NSString+EmptyChecking.m normal arm64 objective-c com.apple.compilers.llvm.clang.1_0.compiler (in target 'Stripe3DS2' from project 'Stripe')
    cd /Users/xinyufang/Documents/Buzz/Buzz.xcodeproj
    
    Using response file: /Users/xinyufang/Library/Developer/Xcode/DerivedData/Buzz-faillbpsmponqzeruhhvskovixzk/Build/Intermediates.noindex/Stripe.build/Debug-iphonesimulator/Stripe3DS2.build/Objects-normal/arm64/e6072d4f65d7061329687fe24e3d63a7-common-args.resp
    
    builtin-ScanDependencies -o /Users/xinyufang/Library/Developer/Xcode/DerivedData/Buzz-faillbpsmponqzeruhhvskovixzk/Build/Intermediates.noindex/Stripe.build/Debug-iphonesimulator/Stripe3DS2.build/Objects-normal/arm64/NSString+EmptyChecking.o.scan -- /Applications/Xcode.app/Contents/Developer/Toolchains/XcodeDefault.xctoolchain/usr/bin/clang -x objective-c -ivfsstatcache /Users/xinyufang/Library/Developer/Xcode/DerivedData/SDKStatCaches.noindex/iphonesimulator26.0-23A339-26257891a6c027eb51374368541b8346.sdkstatcache -fmessage-length\=0 -fdiagnostics-show-note-include-stack -fmacro-backtrace-limit\=0 -fno-color-diagnostics -fmodules-prune-interval\=86400 -fmodules-prune-after\=345600 -fbuild-session-file\=/Users/xinyufang/Library/Developer/Xcode/DerivedData/ModuleCache.noindex/Session.modulevalidation -fmodules-validate-once-per-build-session -Wnon-modular-include-in-framework-module -Werror\=non-modular-include-in-framework-module -Wno-trigraphs -Wno-missing-field-initializers -Wno-missing-prototypes -Wno-return-type -Wno-implicit-atomic-properties -Wno-objc-interface-ivars -Wno-arc-repeated-use-of-weak -Wno-missing-braces -Wparentheses -Wswitch -Wno-unused-function -Wno-unused-label -Wno-unused-parameter -Wno-unused-variable -Wunused-value -Wno-empty-body -Wno-uninitialized -Wno-unknown-pragmas -w -Wno-shadow -Wno-four-char-constants -Wno-conversion -Wno-constant-conversion -Wno-int-conversion -Wno-bool-conversion -Wno-enum-conversion -Wno-float-conversion -Wno-non-literal-null-conversion -Wno-objc-literal-conversion -Wshorten-64-to-32 -Wpointer-sign -Wno-newline-eof -Wno-selector -Wno-strict-selector-match -Wno-undeclared-selector -Wno-deprecated-implementations -Wno-implicit-fallthrough -fstrict-aliasing -Wprotocol -Wdeprecated-declarations -Wno-sign-conversion -Wno-infinite-recursion -Wno-comma -Wno-block-capture-autoreleasing -Wno-strict-prototypes -Wno-semicolon-before-method-body -index-store-path /Users/xinyufang/Library/Developer/Xcode/DerivedData/Buzz-faillbpsmponqzeruhhvskovixzk/Index.noindex/DataStore @/Users/xinyufang/Library/Developer/Xcode/DerivedData/Buzz-faillbpsmponqzeruhhvskovixzk/Build/Intermediates.noindex/Stripe.build/Debug-iphonesimulator/Stripe3DS2.build/Objects-normal/arm64/e6072d4f65d7061329687fe24e3d63a7-common-args.resp -include /Users/xinyufang/Library/Developer/Xcode/DerivedData/Buzz-faillbpsmponqzeruhhvskovixzk/Build/Intermediates.noindex/Stripe.build/Debug-iphonesimulator/Stripe3DS2.build/DerivedSources/resource_bundle_accessor.h -MMD -MT dependencies -MF /Users/xinyufang/Library/Developer/Xcode/DerivedData/Buzz-faillbpsmponqzeruhhvskovixzk/Build/Intermediates.noindex/Stripe.build/Debug-iphonesimulator/Stripe3DS2.build/Objects-normal/arm64/NSString+EmptyChecking.d --serialize-diagnostics /Users/xinyufang/Library/Developer/Xcode/DerivedData/Buzz-faillbpsmponqzeruhhvskovixzk/Build/Intermediates.noindex/Stripe.build/Debug-iphonesimulator/Stripe3DS2.build/Objects-normal/arm64/NSString+EmptyChecking.dia -c /Users/xinyufang/Library/Developer/Xcode/DerivedData/Buzz-faillbpsmponqzeruhhvskovixzk/SourcePackages/checkouts/stripe-ios-spm/Stripe3DS2/Stripe3DS2/NSString+EmptyChecking.m -o /Users/xinyufang/Library/Developer/Xcode/DerivedData/Buzz-faillbpsmponqzeruhhvskovixzk/Build/Intermediates.noindex/Stripe.build/Debug-iphonesimulator/Stripe3DS2.build/Objects-normal/arm64/NSString+EmptyChecking.o -index-unit-output-path /Stripe.build/Debug-iphonesimulator/Stripe3DS2.build/Objects-normal/arm64/NSString+EmptyChecking.o

ScanDependencies /Users/xinyufang/Library/Developer/Xcode/DerivedData/Buzz-faillbpsmponqzeruhhvskovixzk/Build/Intermediates.noindex/Stripe.build/Debug-iphonesimulator/Stripe3DS2.build/Objects-normal/arm64/NSLayoutConstraint+LayoutSupport.o /Users/xinyufang/Library/Developer/Xcode/DerivedData/Buzz-faillbpsmponqzeruhhvskovixzk/SourcePackages/checkouts/stripe-ios-spm/Stripe3DS2/Stripe3DS2/NSLayoutConstraint+LayoutSupport.m normal arm64 objective-c com.apple.compilers.llvm.clang.1_0.compiler (in target 'Stripe3DS2' from project 'Stripe')
    cd /Users/xinyufang/Documents/Buzz/Buzz.xcodeproj
    
    Using response file: /Users/xinyufang/Library/Developer/Xcode/DerivedData/Buzz-faillbpsmponqzeruhhvskovixzk/Build/Intermediates.noindex/Stripe.build/Debug-iphonesimulator/Stripe3DS2.build/Objects-normal/arm64/e6072d4f65d7061329687fe24e3d63a7-common-args.resp
    
    builtin-ScanDependencies -o /Users/xinyufang/Library/Developer/Xcode/DerivedData/Buzz-faillbpsmponqzeruhhvskovixzk/Build/Intermediates.noindex/Stripe.build/Debug-iphonesimulator/Stripe3DS2.build/Objects-normal/arm64/NSLayoutConstraint+LayoutSupport.o.scan -- /Applications/Xcode.app/Contents/Developer/Toolchains/XcodeDefault.xctoolchain/usr/bin/clang -x objective-c -ivfsstatcache /Users/xinyufang/Library/Developer/Xcode/DerivedData/SDKStatCaches.noindex/iphonesimulator26.0-23A339-26257891a6c027eb51374368541b8346.sdkstatcache -fmessage-length\=0 -fdiagnostics-show-note-include-stack -fmacro-backtrace-limit\=0 -fno-color-diagnostics -fmodules-prune-interval\=86400 -fmodules-prune-after\=345600 -fbuild-session-file\=/Users/xinyufang/Library/Developer/Xcode/DerivedData/ModuleCache.noindex/Session.modulevalidation -fmodules-validate-once-per-build-session -Wnon-modular-include-in-framework-module -Werror\=non-modular-include-in-framework-module -Wno-trigraphs -Wno-missing-field-initializers -Wno-missing-prototypes -Wno-return-type -Wno-implicit-atomic-properties -Wno-objc-interface-ivars -Wno-arc-repeated-use-of-weak -Wno-missing-braces -Wparentheses -Wswitch -Wno-unused-function -Wno-unused-label -Wno-unused-parameter -Wno-unused-variable -Wunused-value -Wno-empty-body -Wno-uninitialized -Wno-unknown-pragmas -w -Wno-shadow -Wno-four-char-constants -Wno-conversion -Wno-constant-conversion -Wno-int-conversion -Wno-bool-conversion -Wno-enum-conversion -Wno-float-conversion -Wno-non-literal-null-conversion -Wno-objc-literal-conversion -Wshorten-64-to-32 -Wpointer-sign -Wno-newline-eof -Wno-selector -Wno-strict-selector-match -Wno-undeclared-selector -Wno-deprecated-implementations -Wno-implicit-fallthrough -fstrict-aliasing -Wprotocol -Wdeprecated-declarations -Wno-sign-conversion -Wno-infinite-recursion -Wno-comma -Wno-block-capture-autoreleasing -Wno-strict-prototypes -Wno-semicolon-before-method-body -index-store-path /Users/xinyufang/Library/Developer/Xcode/DerivedData/Buzz-faillbpsmponqzeruhhvskovixzk/Index.noindex/DataStore @/Users/xinyufang/Library/Developer/Xcode/DerivedData/Buzz-faillbpsmponqzeruhhvskovixzk/Build/Intermediates.noindex/Stripe.build/Debug-iphonesimulator/Stripe3DS2.build/Objects-normal/arm64/e6072d4f65d7061329687fe24e3d63a7-common-args.resp -include /Users/xinyufang/Library/Developer/Xcode/DerivedData/Buzz-faillbpsmponqzeruhhvskovixzk/Build/Intermediates.noindex/Stripe.build/Debug-iphonesimulator/Stripe3DS2.build/DerivedSources/resource_bundle_accessor.h -MMD -MT dependencies -MF /Users/xinyufang/Library/Developer/Xcode/DerivedData/Buzz-faillbpsmponqzeruhhvskovixzk/Build/Intermediates.noindex/Stripe.build/Debug-iphonesimulator/Stripe3DS2.build/Objects-normal/arm64/NSLayoutConstraint+LayoutSupport.d --serialize-diagnostics /Users/xinyufang/Library/Developer/Xcode/DerivedData/Buzz-faillbpsmponqzeruhhvskovixzk/Build/Intermediates.noindex/Stripe.build/Debug-iphonesimulator/Stripe3DS2.build/Objects-normal/arm64/NSLayoutConstraint+LayoutSupport.dia -c /Users/xinyufang/Library/Developer/Xcode/DerivedData/Buzz-faillbpsmponqzeruhhvskovixzk/SourcePackages/checkouts/stripe-ios-spm/Stripe3DS2/Stripe3DS2/NSLayoutConstraint+LayoutSupport.m -o /Users/xinyufang/Library/Developer/Xcode/DerivedData/Buzz-faillbpsmponqzeruhhvskovixzk/Build/Intermediates.noindex/Stripe.build/Debug-iphonesimulator/Stripe3DS2.build/Objects-normal/arm64/NSLayoutConstraint+LayoutSupport.o -index-unit-output-path /Stripe.build/Debug-iphonesimulator/Stripe3DS2.build/Objects-normal/arm64/NSLayoutConstraint+LayoutSupport.o

ScanDependencies /Users/xinyufang/Library/Developer/Xcode/DerivedData/Buzz-faillbpsmponqzeruhhvskovixzk/Build/Intermediates.noindex/Stripe.build/Debug-iphonesimulator/Stripe3DS2.build/Objects-normal/arm64/NSError+Stripe3DS2.o /Users/xinyufang/Library/Developer/Xcode/DerivedData/Buzz-faillbpsmponqzeruhhvskovixzk/SourcePackages/checkouts/stripe-ios-spm/Stripe3DS2/Stripe3DS2/NSError+Stripe3DS2.m normal arm64 objective-c com.apple.compilers.llvm.clang.1_0.compiler (in target 'Stripe3DS2' from project 'Stripe')
    cd /Users/xinyufang/Documents/Buzz/Buzz.xcodeproj
    
    Using response file: /Users/xinyufang/Library/Developer/Xcode/DerivedData/Buzz-faillbpsmponqzeruhhvskovixzk/Build/Intermediates.noindex/Stripe.build/Debug-iphonesimulator/Stripe3DS2.build/Objects-normal/arm64/e6072d4f65d7061329687fe24e3d63a7-common-args.resp
    
    builtin-ScanDependencies -o /Users/xinyufang/Library/Developer/Xcode/DerivedData/Buzz-faillbpsmponqzeruhhvskovixzk/Build/Intermediates.noindex/Stripe.build/Debug-iphonesimulator/Stripe3DS2.build/Objects-normal/arm64/NSError+Stripe3DS2.o.scan -- /Applications/Xcode.app/Contents/Developer/Toolchains/XcodeDefault.xctoolchain/usr/bin/clang -x objective-c -ivfsstatcache /Users/xinyufang/Library/Developer/Xcode/DerivedData/SDKStatCaches.noindex/iphonesimulator26.0-23A339-26257891a6c027eb51374368541b8346.sdkstatcache -fmessage-length\=0 -fdiagnostics-show-note-include-stack -fmacro-backtrace-limit\=0 -fno-color-diagnostics -fmodules-prune-interval\=86400 -fmodules-prune-after\=345600 -fbuild-session-file\=/Users/xinyufang/Library/Developer/Xcode/DerivedData/ModuleCache.noindex/Session.modulevalidation -fmodules-validate-once-per-build-session -Wnon-modular-include-in-framework-module -Werror\=non-modular-include-in-framework-module -Wno-trigraphs -Wno-missing-field-initializers -Wno-missing-prototypes -Wno-return-type -Wno-implicit-atomic-properties -Wno-objc-interface-ivars -Wno-arc-repeated-use-of-weak -Wno-missing-braces -Wparentheses -Wswitch -Wno-unused-function -Wno-unused-label -Wno-unused-parameter -Wno-unused-variable -Wunused-value -Wno-empty-body -Wno-uninitialized -Wno-unknown-pragmas -w -Wno-shadow -Wno-four-char-constants -Wno-conversion -Wno-constant-conversion -Wno-int-conversion -Wno-bool-conversion -Wno-enum-conversion -Wno-float-conversion -Wno-non-literal-null-conversion -Wno-objc-literal-conversion -Wshorten-64-to-32 -Wpointer-sign -Wno-newline-eof -Wno-selector -Wno-strict-selector-match -Wno-undeclared-selector -Wno-deprecated-implementations -Wno-implicit-fallthrough -fstrict-aliasing -Wprotocol -Wdeprecated-declarations -Wno-sign-conversion -Wno-infinite-recursion -Wno-comma -Wno-block-capture-autoreleasing -Wno-strict-prototypes -Wno-semicolon-before-method-body -index-store-path /Users/xinyufang/Library/Developer/Xcode/DerivedData/Buzz-faillbpsmponqzeruhhvskovixzk/Index.noindex/DataStore @/Users/xinyufang/Library/Developer/Xcode/DerivedData/Buzz-faillbpsmponqzeruhhvskovixzk/Build/Intermediates.noindex/Stripe.build/Debug-iphonesimulator/Stripe3DS2.build/Objects-normal/arm64/e6072d4f65d7061329687fe24e3d63a7-common-args.resp -include /Users/xinyufang/Library/Developer/Xcode/DerivedData/Buzz-faillbpsmponqzeruhhvskovixzk/Build/Intermediates.noindex/Stripe.build/Debug-iphonesimulator/Stripe3DS2.build/DerivedSources/resource_bundle_accessor.h -MMD -MT dependencies -MF /Users/xinyufang/Library/Developer/Xcode/DerivedData/Buzz-faillbpsmponqzeruhhvskovixzk/Build/Intermediates.noindex/Stripe.build/Debug-iphonesimulator/Stripe3DS2.build/Objects-normal/arm64/NSError+Stripe3DS2.d --serialize-diagnostics /Users/xinyufang/Library/Developer/Xcode/DerivedData/Buzz-faillbpsmponqzeruhhvskovixzk/Build/Intermediates.noindex/Stripe.build/Debug-iphonesimulator/Stripe3DS2.build/Objects-normal/arm64/NSError+Stripe3DS2.dia -c /Users/xinyufang/Library/Developer/Xcode/DerivedData/Buzz-faillbpsmponqzeruhhvskovixzk/SourcePackages/checkouts/stripe-ios-spm/Stripe3DS2/Stripe3DS2/NSError+Stripe3DS2.m -o /Users/xinyufang/Library/Developer/Xcode/DerivedData/Buzz-faillbpsmponqzeruhhvskovixzk/Build/Intermediates.noindex/Stripe.build/Debug-iphonesimulator/Stripe3DS2.build/Objects-normal/arm64/NSError+Stripe3DS2.o -index-unit-output-path /Stripe.build/Debug-iphonesimulator/Stripe3DS2.build/Objects-normal/arm64/NSError+Stripe3DS2.o

ScanDependencies /Users/xinyufang/Library/Developer/Xcode/DerivedData/Buzz-faillbpsmponqzeruhhvskovixzk/Build/Intermediates.noindex/Stripe.build/Debug-iphonesimulator/Stripe3DS2.build/Objects-normal/arm64/NSDictionary+DecodingHelpers.o /Users/xinyufang/Library/Developer/Xcode/DerivedData/Buzz-faillbpsmponqzeruhhvskovixzk/SourcePackages/checkouts/stripe-ios-spm/Stripe3DS2/Stripe3DS2/NSDictionary+DecodingHelpers.m normal arm64 objective-c com.apple.compilers.llvm.clang.1_0.compiler (in target 'Stripe3DS2' from project 'Stripe')
    cd /Users/xinyufang/Documents/Buzz/Buzz.xcodeproj
    
    Using response file: /Users/xinyufang/Library/Developer/Xcode/DerivedData/Buzz-faillbpsmponqzeruhhvskovixzk/Build/Intermediates.noindex/Stripe.build/Debug-iphonesimulator/Stripe3DS2.build/Objects-normal/arm64/e6072d4f65d7061329687fe24e3d63a7-common-args.resp
    
    builtin-ScanDependencies -o /Users/xinyufang/Library/Developer/Xcode/DerivedData/Buzz-faillbpsmponqzeruhhvskovixzk/Build/Intermediates.noindex/Stripe.build/Debug-iphonesimulator/Stripe3DS2.build/Objects-normal/arm64/NSDictionary+DecodingHelpers.o.scan -- /Applications/Xcode.app/Contents/Developer/Toolchains/XcodeDefault.xctoolchain/usr/bin/clang -x objective-c -ivfsstatcache /Users/xinyufang/Library/Developer/Xcode/DerivedData/SDKStatCaches.noindex/iphonesimulator26.0-23A339-26257891a6c027eb51374368541b8346.sdkstatcache -fmessage-length\=0 -fdiagnostics-show-note-include-stack -fmacro-backtrace-limit\=0 -fno-color-diagnostics -fmodules-prune-interval\=86400 -fmodules-prune-after\=345600 -fbuild-session-file\=/Users/xinyufang/Library/Developer/Xcode/DerivedData/ModuleCache.noindex/Session.modulevalidation -fmodules-validate-once-per-build-session -Wnon-modular-include-in-framework-module -Werror\=non-modular-include-in-framework-module -Wno-trigraphs -Wno-missing-field-initializers -Wno-missing-prototypes -Wno-return-type -Wno-implicit-atomic-properties -Wno-objc-interface-ivars -Wno-arc-repeated-use-of-weak -Wno-missing-braces -Wparentheses -Wswitch -Wno-unused-function -Wno-unused-label -Wno-unused-parameter -Wno-unused-variable -Wunused-value -Wno-empty-body -Wno-uninitialized -Wno-unknown-pragmas -w -Wno-shadow -Wno-four-char-constants -Wno-conversion -Wno-constant-conversion -Wno-int-conversion -Wno-bool-conversion -Wno-enum-conversion -Wno-float-conversion -Wno-non-literal-null-conversion -Wno-objc-literal-conversion -Wshorten-64-to-32 -Wpointer-sign -Wno-newline-eof -Wno-selector -Wno-strict-selector-match -Wno-undeclared-selector -Wno-deprecated-implementations -Wno-implicit-fallthrough -fstrict-aliasing -Wprotocol -Wdeprecated-declarations -Wno-sign-conversion -Wno-infinite-recursion -Wno-comma -Wno-block-capture-autoreleasing -Wno-strict-prototypes -Wno-semicolon-before-method-body -index-store-path /Users/xinyufang/Library/Developer/Xcode/DerivedData/Buzz-faillbpsmponqzeruhhvskovixzk/Index.noindex/DataStore @/Users/xinyufang/Library/Developer/Xcode/DerivedData/Buzz-faillbpsmponqzeruhhvskovixzk/Build/Intermediates.noindex/Stripe.build/Debug-iphonesimulator/Stripe3DS2.build/Objects-normal/arm64/e6072d4f65d7061329687fe24e3d63a7-common-args.resp -include /Users/xinyufang/Library/Developer/Xcode/DerivedData/Buzz-faillbpsmponqzeruhhvskovixzk/Build/Intermediates.noindex/Stripe.build/Debug-iphonesimulator/Stripe3DS2.build/DerivedSources/resource_bundle_accessor.h -MMD -MT dependencies -MF /Users/xinyufang/Library/Developer/Xcode/DerivedData/Buzz-faillbpsmponqzeruhhvskovixzk/Build/Intermediates.noindex/Stripe.build/Debug-iphonesimulator/Stripe3DS2.build/Objects-normal/arm64/NSDictionary+DecodingHelpers.d --serialize-diagnostics /Users/xinyufang/Library/Developer/Xcode/DerivedData/Buzz-faillbpsmponqzeruhhvskovixzk/Build/Intermediates.noindex/Stripe.build/Debug-iphonesimulator/Stripe3DS2.build/Objects-normal/arm64/NSDictionary+DecodingHelpers.dia -c /Users/xinyufang/Library/Developer/Xcode/DerivedData/Buzz-faillbpsmponqzeruhhvskovixzk/SourcePackages/checkouts/stripe-ios-spm/Stripe3DS2/Stripe3DS2/NSDictionary+DecodingHelpers.m -o /Users/xinyufang/Library/Developer/Xcode/DerivedData/Buzz-faillbpsmponqzeruhhvskovixzk/Build/Intermediates.noindex/Stripe.build/Debug-iphonesimulator/Stripe3DS2.build/Objects-normal/arm64/NSDictionary+DecodingHelpers.o -index-unit-output-path /Stripe.build/Debug-iphonesimulator/Stripe3DS2.build/Objects-normal/arm64/NSDictionary+DecodingHelpers.o

ScanDependencies /Users/xinyufang/Library/Developer/Xcode/DerivedData/Buzz-faillbpsmponqzeruhhvskovixzk/Build/Intermediates.noindex/Stripe.build/Debug-iphonesimulator/Stripe3DS2.build/Objects-normal/arm64/NSData+JWEHelpers.o /Users/xinyufang/Library/Developer/Xcode/DerivedData/Buzz-faillbpsmponqzeruhhvskovixzk/SourcePackages/checkouts/stripe-ios-spm/Stripe3DS2/Stripe3DS2/NSData+JWEHelpers.m normal arm64 objective-c com.apple.compilers.llvm.clang.1_0.compiler (in target 'Stripe3DS2' from project 'Stripe')
    cd /Users/xinyufang/Documents/Buzz/Buzz.xcodeproj
    
    Using response file: /Users/xinyufang/Library/Developer/Xcode/DerivedData/Buzz-faillbpsmponqzeruhhvskovixzk/Build/Intermediates.noindex/Stripe.build/Debug-iphonesimulator/Stripe3DS2.build/Objects-normal/arm64/e6072d4f65d7061329687fe24e3d63a7-common-args.resp
    
    builtin-ScanDependencies -o /Users/xinyufang/Library/Developer/Xcode/DerivedData/Buzz-faillbpsmponqzeruhhvskovixzk/Build/Intermediates.noindex/Stripe.build/Debug-iphonesimulator/Stripe3DS2.build/Objects-normal/arm64/NSData+JWEHelpers.o.scan -- /Applications/Xcode.app/Contents/Developer/Toolchains/XcodeDefault.xctoolchain/usr/bin/clang -x objective-c -ivfsstatcache /Users/xinyufang/Library/Developer/Xcode/DerivedData/SDKStatCaches.noindex/iphonesimulator26.0-23A339-26257891a6c027eb51374368541b8346.sdkstatcache -fmessage-length\=0 -fdiagnostics-show-note-include-stack -fmacro-backtrace-limit\=0 -fno-color-diagnostics -fmodules-prune-interval\=86400 -fmodules-prune-after\=345600 -fbuild-session-file\=/Users/xinyufang/Library/Developer/Xcode/DerivedData/ModuleCache.noindex/Session.modulevalidation -fmodules-validate-once-per-build-session -Wnon-modular-include-in-framework-module -Werror\=non-modular-include-in-framework-module -Wno-trigraphs -Wno-missing-field-initializers -Wno-missing-prototypes -Wno-return-type -Wno-implicit-atomic-properties -Wno-objc-interface-ivars -Wno-arc-repeated-use-of-weak -Wno-missing-braces -Wparentheses -Wswitch -Wno-unused-function -Wno-unused-label -Wno-unused-parameter -Wno-unused-variable -Wunused-value -Wno-empty-body -Wno-uninitialized -Wno-unknown-pragmas -w -Wno-shadow -Wno-four-char-constants -Wno-conversion -Wno-constant-conversion -Wno-int-conversion -Wno-bool-conversion -Wno-enum-conversion -Wno-float-conversion -Wno-non-literal-null-conversion -Wno-objc-literal-conversion -Wshorten-64-to-32 -Wpointer-sign -Wno-newline-eof -Wno-selector -Wno-strict-selector-match -Wno-undeclared-selector -Wno-deprecated-implementations -Wno-implicit-fallthrough -fstrict-aliasing -Wprotocol -Wdeprecated-declarations -Wno-sign-conversion -Wno-infinite-recursion -Wno-comma -Wno-block-capture-autoreleasing -Wno-strict-prototypes -Wno-semicolon-before-method-body -index-store-path /Users/xinyufang/Library/Developer/Xcode/DerivedData/Buzz-faillbpsmponqzeruhhvskovixzk/Index.noindex/DataStore @/Users/xinyufang/Library/Developer/Xcode/DerivedData/Buzz-faillbpsmponqzeruhhvskovixzk/Build/Intermediates.noindex/Stripe.build/Debug-iphonesimulator/Stripe3DS2.build/Objects-normal/arm64/e6072d4f65d7061329687fe24e3d63a7-common-args.resp -include /Users/xinyufang/Library/Developer/Xcode/DerivedData/Buzz-faillbpsmponqzeruhhvskovixzk/Build/Intermediates.noindex/Stripe.build/Debug-iphonesimulator/Stripe3DS2.build/DerivedSources/resource_bundle_accessor.h -MMD -MT dependencies -MF /Users/xinyufang/Library/Developer/Xcode/DerivedData/Buzz-faillbpsmponqzeruhhvskovixzk/Build/Intermediates.noindex/Stripe.build/Debug-iphonesimulator/Stripe3DS2.build/Objects-normal/arm64/NSData+JWEHelpers.d --serialize-diagnostics /Users/xinyufang/Library/Developer/Xcode/DerivedData/Buzz-faillbpsmponqzeruhhvskovixzk/Build/Intermediates.noindex/Stripe.build/Debug-iphonesimulator/Stripe3DS2.build/Objects-normal/arm64/NSData+JWEHelpers.dia -c /Users/xinyufang/Library/Developer/Xcode/DerivedData/Buzz-faillbpsmponqzeruhhvskovixzk/SourcePackages/checkouts/stripe-ios-spm/Stripe3DS2/Stripe3DS2/NSData+JWEHelpers.m -o /Users/xinyufang/Library/Developer/Xcode/DerivedData/Buzz-faillbpsmponqzeruhhvskovixzk/Build/Intermediates.noindex/Stripe.build/Debug-iphonesimulator/Stripe3DS2.build/Objects-normal/arm64/NSData+JWEHelpers.o -index-unit-output-path /Stripe.build/Debug-iphonesimulator/Stripe3DS2.build/Objects-normal/arm64/NSData+JWEHelpers.o

PrecompileModule /Users/xinyufang/Library/Developer/Xcode/DerivedData/Buzz-faillbpsmponqzeruhhvskovixzk/Build/Intermediates.noindex/ExplicitPrecompiledModules/CFNetwork-CJ9X10KVEUM4L3BU3B5O1SFLF.scan
    cd /
    builtin-precompileModule /Users/xinyufang/Library/Developer/Xcode/DerivedData/Buzz-faillbpsmponqzeruhhvskovixzk/Build/Intermediates.noindex/ExplicitPrecompiledModules/CFNetwork-CJ9X10KVEUM4L3BU3B5O1SFLF.scan

PrecompileModule /Users/xinyufang/Library/Developer/Xcode/DerivedData/Buzz-faillbpsmponqzeruhhvskovixzk/Build/Intermediates.noindex/ExplicitPrecompiledModules/CoreGraphics-C50GTW5ZM9FZ2ZRCM7U1EU2YG.scan
    cd /
    builtin-precompileModule /Users/xinyufang/Library/Developer/Xcode/DerivedData/Buzz-faillbpsmponqzeruhhvskovixzk/Build/Intermediates.noindex/ExplicitPrecompiledModules/CoreGraphics-C50GTW5ZM9FZ2ZRCM7U1EU2YG.scan

PrecompileModule /Users/xinyufang/Library/Developer/Xcode/DerivedData/Buzz-faillbpsmponqzeruhhvskovixzk/Build/Intermediates.noindex/ExplicitPrecompiledModules/Security-B5D289MOONKU53Q4H15YGYX70.scan
    cd /
    builtin-precompileModule /Users/xinyufang/Library/Developer/Xcode/DerivedData/Buzz-faillbpsmponqzeruhhvskovixzk/Build/Intermediates.noindex/ExplicitPrecompiledModules/Security-B5D289MOONKU53Q4H15YGYX70.scan

ExtractAppIntentsMetadata (in target 'StripeCore' from project 'Stripe')
    cd /Users/xinyufang/Library/Developer/Xcode/DerivedData/Buzz-faillbpsmponqzeruhhvskovixzk/SourcePackages/checkouts/stripe-ios-spm
    /Applications/Xcode.app/Contents/Developer/Toolchains/XcodeDefault.xctoolchain/usr/bin/appintentsmetadataprocessor --toolchain-dir /Applications/Xcode.app/Contents/Developer/Toolchains/XcodeDefault.xctoolchain --module-name StripeCore --sdk-root /Applications/Xcode.app/Contents/Developer/Platforms/iPhoneSimulator.platform/Developer/SDKs/iPhoneSimulator26.0.sdk --xcode-version 17A400 --platform-family iOS --deployment-target 13.0 --bundle-identifier stripe-ios-spm.StripeCore --output /Users/xinyufang/Library/Developer/Xcode/DerivedData/Buzz-faillbpsmponqzeruhhvskovixzk/Build/Products/Debug-iphonesimulator/StripeCore.appintents --target-triple arm64-apple-ios13.0-simulator --binary-file /Users/xinyufang/Library/Developer/Xcode/DerivedData/Buzz-faillbpsmponqzeruhhvskovixzk/Build/Products/Debug-iphonesimulator/StripeCore.o --dependency-file /Users/xinyufang/Library/Developer/Xcode/DerivedData/Buzz-faillbpsmponqzeruhhvskovixzk/Build/Intermediates.noindex/Stripe.build/Debug-iphonesimulator/StripeCore.build/Objects-normal/arm64/StripeCore_dependency_info.dat --stringsdata-file /Users/xinyufang/Library/Developer/Xcode/DerivedData/Buzz-faillbpsmponqzeruhhvskovixzk/Build/Intermediates.noindex/Stripe.build/Debug-iphonesimulator/StripeCore.build/Objects-normal/arm64/ExtractedAppShortcutsMetadata.stringsdata --source-file-list /Users/xinyufang/Library/Developer/Xcode/DerivedData/Buzz-faillbpsmponqzeruhhvskovixzk/Build/Intermediates.noindex/Stripe.build/Debug-iphonesimulator/StripeCore.build/Objects-normal/arm64/StripeCore.SwiftFileList --metadata-file-list /Users/xinyufang/Library/Developer/Xcode/DerivedData/Buzz-faillbpsmponqzeruhhvskovixzk/Build/Intermediates.noindex/Stripe.build/Debug-iphonesimulator/StripeCore.build/StripeCore.DependencyMetadataFileList --static-metadata-file-list /Users/xinyufang/Library/Developer/Xcode/DerivedData/Buzz-faillbpsmponqzeruhhvskovixzk/Build/Intermediates.noindex/Stripe.build/Debug-iphonesimulator/StripeCore.build/StripeCore.DependencyStaticMetadataFileList --swift-const-vals-list /Users/xinyufang/Library/Developer/Xcode/DerivedData/Buzz-faillbpsmponqzeruhhvskovixzk/Build/Intermediates.noindex/Stripe.build/Debug-iphonesimulator/StripeCore.build/Objects-normal/arm64/StripeCore.SwiftConstValuesFileList --force --compile-time-extraction --deployment-aware-processing --validate-assistant-intents --no-app-shortcuts-localization
2025-11-16 01:11:49.400 appintentsmetadataprocessor[63819:26419356] Starting appintentsmetadataprocessor export
2025-11-16 01:11:49.577 appintentsmetadataprocessor[63819:26419356] Extracted no relevant App Intents symbols, skipping writing output

RegisterExecutionPolicyException /Users/xinyufang/Library/Developer/Xcode/DerivedData/Buzz-faillbpsmponqzeruhhvskovixzk/Build/Products/Debug-iphonesimulator/third-party-IsAppEncrypted.o (in target 'third-party-IsAppEncrypted' from project 'GoogleUtilities')
    cd /Users/xinyufang/Library/Developer/Xcode/DerivedData/Buzz-faillbpsmponqzeruhhvskovixzk/SourcePackages/checkouts/GoogleUtilities
    builtin-RegisterExecutionPolicyException /Users/xinyufang/Library/Developer/Xcode/DerivedData/Buzz-faillbpsmponqzeruhhvskovixzk/Build/Products/Debug-iphonesimulator/third-party-IsAppEncrypted.o

CodeSign /Users/xinyufang/Library/Developer/Xcode/DerivedData/Buzz-faillbpsmponqzeruhhvskovixzk/Build/Products/Debug-iphonesimulator/Stripe_StripeUICore.bundle (in target 'Stripe_StripeUICore' from project 'Stripe')
    cd /Users/xinyufang/Library/Developer/Xcode/DerivedData/Buzz-faillbpsmponqzeruhhvskovixzk/SourcePackages/checkouts/stripe-ios-spm
    
    Signing Identity:     "Sign to Run Locally"
    
    /usr/bin/codesign --force --sign - --timestamp\=none --generate-entitlement-der /Users/xinyufang/Library/Developer/Xcode/DerivedData/Buzz-faillbpsmponqzeruhhvskovixzk/Build/Products/Debug-iphonesimulator/Stripe_StripeUICore.bundle

CodeSign /Users/xinyufang/Library/Developer/Xcode/DerivedData/Buzz-faillbpsmponqzeruhhvskovixzk/Build/Products/Debug-iphonesimulator/Stripe_Stripe3DS2.bundle (in target 'Stripe_Stripe3DS2' from project 'Stripe')
    cd /Users/xinyufang/Library/Developer/Xcode/DerivedData/Buzz-faillbpsmponqzeruhhvskovixzk/SourcePackages/checkouts/stripe-ios-spm
    
    Signing Identity:     "Sign to Run Locally"
    
    /usr/bin/codesign --force --sign - --timestamp\=none --generate-entitlement-der /Users/xinyufang/Library/Developer/Xcode/DerivedData/Buzz-faillbpsmponqzeruhhvskovixzk/Build/Products/Debug-iphonesimulator/Stripe_Stripe3DS2.bundle

RegisterExecutionPolicyException /Users/xinyufang/Library/Developer/Xcode/DerivedData/Buzz-faillbpsmponqzeruhhvskovixzk/Build/Products/Debug-iphonesimulator/Stripe_StripeUICore.bundle (in target 'Stripe_StripeUICore' from project 'Stripe')
    cd /Users/xinyufang/Library/Developer/Xcode/DerivedData/Buzz-faillbpsmponqzeruhhvskovixzk/SourcePackages/checkouts/stripe-ios-spm
    builtin-RegisterExecutionPolicyException /Users/xinyufang/Library/Developer/Xcode/DerivedData/Buzz-faillbpsmponqzeruhhvskovixzk/Build/Products/Debug-iphonesimulator/Stripe_StripeUICore.bundle

GenerateAssetSymbols /Users/xinyufang/Library/Developer/Xcode/DerivedData/Buzz-faillbpsmponqzeruhhvskovixzk/SourcePackages/checkouts/stripe-ios-spm/StripeUICore/StripeUICore/Resources/StripeUICore.xcassets (in target 'StripeUICore' from project 'Stripe')
    cd /Users/xinyufang/Library/Developer/Xcode/DerivedData/Buzz-faillbpsmponqzeruhhvskovixzk/SourcePackages/checkouts/stripe-ios-spm
    /Applications/Xcode.app/Contents/Developer/usr/bin/actool /Users/xinyufang/Library/Developer/Xcode/DerivedData/Buzz-faillbpsmponqzeruhhvskovixzk/SourcePackages/checkouts/stripe-ios-spm/StripeUICore/StripeUICore/Resources/StripeUICore.xcassets --compile /Users/xinyufang/Library/Developer/Xcode/DerivedData/Buzz-faillbpsmponqzeruhhvskovixzk/Build/Products/Debug-iphonesimulator --output-format human-readable-text --notices --warnings --export-dependency-info /Users/xinyufang/Library/Developer/Xcode/DerivedData/Buzz-faillbpsmponqzeruhhvskovixzk/Build/Intermediates.noindex/Stripe.build/Debug-iphonesimulator/StripeUICore.build/assetcatalog_dependencies --output-partial-info-plist /Users/xinyufang/Library/Developer/Xcode/DerivedData/Buzz-faillbpsmponqzeruhhvskovixzk/Build/Intermediates.noindex/Stripe.build/Debug-iphonesimulator/StripeUICore.build/assetcatalog_generated_info.plist --compress-pngs --enable-on-demand-resources NO --development-region en --target-device iphone --target-device ipad --minimum-deployment-target 13.0 --platform iphonesimulator --bundle-identifier stripe-ios-spm.StripeUICore --generate-swift-asset-symbol-extensions NO --generate-swift-asset-symbols /Users/xinyufang/Library/Developer/Xcode/DerivedData/Buzz-faillbpsmponqzeruhhvskovixzk/Build/Intermediates.noindex/Stripe.build/Debug-iphonesimulator/StripeUICore.build/DerivedSources/GeneratedAssetSymbols.swift --generate-objc-asset-symbols /Users/xinyufang/Library/Developer/Xcode/DerivedData/Buzz-faillbpsmponqzeruhhvskovixzk/Build/Intermediates.noindex/Stripe.build/Debug-iphonesimulator/StripeUICore.build/DerivedSources/GeneratedAssetSymbols.h --generate-asset-symbol-index /Users/xinyufang/Library/Developer/Xcode/DerivedData/Buzz-faillbpsmponqzeruhhvskovixzk/Build/Intermediates.noindex/Stripe.build/Debug-iphonesimulator/StripeUICore.build/DerivedSources/GeneratedAssetSymbols-Index.plist
/* com.apple.actool.compilation-results */
/Users/xinyufang/Library/Developer/Xcode/DerivedData/Buzz-faillbpsmponqzeruhhvskovixzk/Build/Intermediates.noindex/Stripe.build/Debug-iphonesimulator/StripeUICore.build/DerivedSources/GeneratedAssetSymbols-Index.plist
/Users/xinyufang/Library/Developer/Xcode/DerivedData/Buzz-faillbpsmponqzeruhhvskovixzk/Build/Intermediates.noindex/Stripe.build/Debug-iphonesimulator/StripeUICore.build/DerivedSources/GeneratedAssetSymbols.h
/Users/xinyufang/Library/Developer/Xcode/DerivedData/Buzz-faillbpsmponqzeruhhvskovixzk/Build/Intermediates.noindex/Stripe.build/Debug-iphonesimulator/StripeUICore.build/DerivedSources/GeneratedAssetSymbols.swift


PrecompileModule /Users/xinyufang/Library/Developer/Xcode/DerivedData/Buzz-faillbpsmponqzeruhhvskovixzk/Build/Intermediates.noindex/ExplicitPrecompiledModules/Foundation-BCDTFOLK1N3RFBX14AJD26RAY.scan
    cd /
    builtin-precompileModule /Users/xinyufang/Library/Developer/Xcode/DerivedData/Buzz-faillbpsmponqzeruhhvskovixzk/Build/Intermediates.noindex/ExplicitPrecompiledModules/Foundation-BCDTFOLK1N3RFBX14AJD26RAY.scan

CodeSign /Users/xinyufang/Library/Developer/Xcode/DerivedData/Buzz-faillbpsmponqzeruhhvskovixzk/Build/Products/Debug-iphonesimulator/Stripe_Stripe.bundle (in target 'Stripe_Stripe' from project 'Stripe')
    cd /Users/xinyufang/Library/Developer/Xcode/DerivedData/Buzz-faillbpsmponqzeruhhvskovixzk/SourcePackages/checkouts/stripe-ios-spm
    
    Signing Identity:     "Sign to Run Locally"
    
    /usr/bin/codesign --force --sign - --timestamp\=none --generate-entitlement-der /Users/xinyufang/Library/Developer/Xcode/DerivedData/Buzz-faillbpsmponqzeruhhvskovixzk/Build/Products/Debug-iphonesimulator/Stripe_Stripe.bundle

Touch /Users/xinyufang/Library/Developer/Xcode/DerivedData/Buzz-faillbpsmponqzeruhhvskovixzk/Build/Products/Debug-iphonesimulator/Stripe_StripeUICore.bundle (in target 'Stripe_StripeUICore' from project 'Stripe')
    cd /Users/xinyufang/Library/Developer/Xcode/DerivedData/Buzz-faillbpsmponqzeruhhvskovixzk/SourcePackages/checkouts/stripe-ios-spm
    /usr/bin/touch -c /Users/xinyufang/Library/Developer/Xcode/DerivedData/Buzz-faillbpsmponqzeruhhvskovixzk/Build/Products/Debug-iphonesimulator/Stripe_StripeUICore.bundle

SwiftDriver StripeUICore normal arm64 com.apple.xcode.tools.swift.compiler (in target 'StripeUICore' from project 'Stripe')
    cd /Users/xinyufang/Documents/Buzz/Buzz.xcodeproj
    builtin-SwiftDriver -- /Applications/Xcode.app/Contents/Developer/Toolchains/XcodeDefault.xctoolchain/usr/bin/swiftc -module-name StripeUICore -Onone -enforce-exclusivity\=checked @/Users/xinyufang/Library/Developer/Xcode/DerivedData/Buzz-faillbpsmponqzeruhhvskovixzk/Build/Intermediates.noindex/Stripe.build/Debug-iphonesimulator/StripeUICore.build/Objects-normal/arm64/StripeUICore.SwiftFileList -DSWIFT_PACKAGE -DDEBUG -DSWIFT_MODULE_RESOURCE_BUNDLE_AVAILABLE -DXcode -plugin-path /Applications/Xcode.app/Contents/Developer/Toolchains/XcodeDefault.xctoolchain/usr/lib/swift/host/plugins/testing -enable-experimental-feature DebugDescriptionMacro -sdk /Applications/Xcode.app/Contents/Developer/Platforms/iPhoneSimulator.platform/Developer/SDKs/iPhoneSimulator26.0.sdk -target arm64-apple-ios13.0-simulator -g -module-cache-path /Users/xinyufang/Library/Developer/Xcode/DerivedData/ModuleCache.noindex -Xfrontend -serialize-debugging-options -enable-testing -suppress-warnings -index-store-path /Users/xinyufang/Library/Developer/Xcode/DerivedData/Buzz-faillbpsmponqzeruhhvskovixzk/Index.noindex/DataStore -Xcc -D_LIBCPP_HARDENING_MODE\=_LIBCPP_HARDENING_MODE_DEBUG -swift-version 5 -I /Users/xinyufang/Library/Developer/Xcode/DerivedData/Buzz-faillbpsmponqzeruhhvskovixzk/Build/Products/Debug-iphonesimulator -Isystem /Applications/Xcode.app/Contents/Developer/Platforms/iPhoneSimulator.platform/Developer/usr/lib -F /Users/xinyufang/Library/Developer/Xcode/DerivedData/Buzz-faillbpsmponqzeruhhvskovixzk/Build/Products/Debug-iphonesimulator/PackageFrameworks -F /Users/xinyufang/Library/Developer/Xcode/DerivedData/Buzz-faillbpsmponqzeruhhvskovixzk/Build/Products/Debug-iphonesimulator -F /Applications/Xcode.app/Contents/Developer/Platforms/iPhoneSimulator.platform/Developer/Library/Frameworks -F /Applications/Xcode.app/Contents/Developer/Platforms/iPhoneSimulator.platform/Developer/SDKs/iPhoneSimulator26.0.sdk/Developer/Library/Frameworks -emit-localized-strings -emit-localized-strings-path /Users/xinyufang/Library/Developer/Xcode/DerivedData/Buzz-faillbpsmponqzeruhhvskovixzk/Build/Intermediates.noindex/Stripe.build/Debug-iphonesimulator/StripeUICore.build/Objects-normal/arm64 -c -j8 -enable-batch-mode -incremental -Xcc -ivfsstatcache -Xcc /Users/xinyufang/Library/Developer/Xcode/DerivedData/SDKStatCaches.noindex/iphonesimulator26.0-23A339-26257891a6c027eb51374368541b8346.sdkstatcache -output-file-map /Users/xinyufang/Library/Developer/Xcode/DerivedData/Buzz-faillbpsmponqzeruhhvskovixzk/Build/Intermediates.noindex/Stripe.build/Debug-iphonesimulator/StripeUICore.build/Objects-normal/arm64/StripeUICore-OutputFileMap.json -use-frontend-parseable-output -save-temps -no-color-diagnostics -explicit-module-build -module-cache-path /Users/xinyufang/Library/Developer/Xcode/DerivedData/Buzz-faillbpsmponqzeruhhvskovixzk/Build/Intermediates.noindex/SwiftExplicitPrecompiledModules -clang-scanner-module-cache-path /Users/xinyufang/Library/Developer/Xcode/DerivedData/ModuleCache.noindex -sdk-module-cache-path /Users/xinyufang/Library/Developer/Xcode/DerivedData/ModuleCache.noindex -serialize-diagnostics -emit-dependencies -emit-module -emit-module-path /Users/xinyufang/Library/Developer/Xcode/DerivedData/Buzz-faillbpsmponqzeruhhvskovixzk/Build/Intermediates.noindex/Stripe.build/Debug-iphonesimulator/StripeUICore.build/Objects-normal/arm64/StripeUICore.swiftmodule -validate-clang-modules-once -clang-build-session-file /Users/xinyufang/Library/Developer/Xcode/DerivedData/ModuleCache.noindex/Session.modulevalidation -Xcc -I/Users/xinyufang/Library/Developer/Xcode/DerivedData/Buzz-faillbpsmponqzeruhhvskovixzk/Build/Intermediates.noindex/Stripe.build/Debug-iphonesimulator/StripeUICore.build/swift-overrides.hmap -emit-const-values -Xfrontend -const-gather-protocols-file -Xfrontend /Users/xinyufang/Library/Developer/Xcode/DerivedData/Buzz-faillbpsmponqzeruhhvskovixzk/Build/Intermediates.noindex/Stripe.build/Debug-iphonesimulator/StripeUICore.build/Objects-normal/arm64/StripeUICore_const_extract_protocols.json -Xcc -I/Users/xinyufang/Library/Developer/Xcode/DerivedData/Buzz-faillbpsmponqzeruhhvskovixzk/Build/Products/Debug-iphonesimulator/include -Xcc -I/Users/xinyufang/Library/Developer/Xcode/DerivedData/Buzz-faillbpsmponqzeruhhvskovixzk/Build/Intermediates.noindex/Stripe.build/Debug-iphonesimulator/StripeUICore.build/DerivedSources-normal/arm64 -Xcc -I/Users/xinyufang/Library/Developer/Xcode/DerivedData/Buzz-faillbpsmponqzeruhhvskovixzk/Build/Intermediates.noindex/Stripe.build/Debug-iphonesimulator/StripeUICore.build/DerivedSources/arm64 -Xcc -I/Users/xinyufang/Library/Developer/Xcode/DerivedData/Buzz-faillbpsmponqzeruhhvskovixzk/Build/Intermediates.noindex/Stripe.build/Debug-iphonesimulator/StripeUICore.build/DerivedSources -Xcc -DSWIFT_PACKAGE -Xcc -DDEBUG\=1 -emit-objc-header -emit-objc-header-path /Users/xinyufang/Library/Developer/Xcode/DerivedData/Buzz-faillbpsmponqzeruhhvskovixzk/Build/Intermediates.noindex/Stripe.build/Debug-iphonesimulator/StripeUICore.build/Objects-normal/arm64/StripeUICore-Swift.h -working-directory /Users/xinyufang/Documents/Buzz/Buzz.xcodeproj -experimental-emit-module-separately -disable-cmo

PrecompileModule /Users/xinyufang/Library/Developer/Xcode/DerivedData/Buzz-faillbpsmponqzeruhhvskovixzk/Build/Intermediates.noindex/ExplicitPrecompiledModules/ImageIO-44OV3M1PDA6FKNG1C94WEQ862.scan
    cd /
    builtin-precompileModule /Users/xinyufang/Library/Developer/Xcode/DerivedData/Buzz-faillbpsmponqzeruhhvskovixzk/Build/Intermediates.noindex/ExplicitPrecompiledModules/ImageIO-44OV3M1PDA6FKNG1C94WEQ862.scan

PrecompileModule /Users/xinyufang/Library/Developer/Xcode/DerivedData/Buzz-faillbpsmponqzeruhhvskovixzk/Build/Intermediates.noindex/ExplicitPrecompiledModules/CoreText-7UWDYWYKI2Z4XNSS2Q9SAJWW2.scan
    cd /
    builtin-precompileModule /Users/xinyufang/Library/Developer/Xcode/DerivedData/Buzz-faillbpsmponqzeruhhvskovixzk/Build/Intermediates.noindex/ExplicitPrecompiledModules/CoreText-7UWDYWYKI2Z4XNSS2Q9SAJWW2.scan

RegisterExecutionPolicyException /Users/xinyufang/Library/Developer/Xcode/DerivedData/Buzz-faillbpsmponqzeruhhvskovixzk/Build/Products/Debug-iphonesimulator/Stripe_Stripe3DS2.bundle (in target 'Stripe_Stripe3DS2' from project 'Stripe')
    cd /Users/xinyufang/Library/Developer/Xcode/DerivedData/Buzz-faillbpsmponqzeruhhvskovixzk/SourcePackages/checkouts/stripe-ios-spm
    builtin-RegisterExecutionPolicyException /Users/xinyufang/Library/Developer/Xcode/DerivedData/Buzz-faillbpsmponqzeruhhvskovixzk/Build/Products/Debug-iphonesimulator/Stripe_Stripe3DS2.bundle

RegisterExecutionPolicyException /Users/xinyufang/Library/Developer/Xcode/DerivedData/Buzz-faillbpsmponqzeruhhvskovixzk/Build/Products/Debug-iphonesimulator/Stripe_Stripe.bundle (in target 'Stripe_Stripe' from project 'Stripe')
    cd /Users/xinyufang/Library/Developer/Xcode/DerivedData/Buzz-faillbpsmponqzeruhhvskovixzk/SourcePackages/checkouts/stripe-ios-spm
    builtin-RegisterExecutionPolicyException /Users/xinyufang/Library/Developer/Xcode/DerivedData/Buzz-faillbpsmponqzeruhhvskovixzk/Build/Products/Debug-iphonesimulator/Stripe_Stripe.bundle

Touch /Users/xinyufang/Library/Developer/Xcode/DerivedData/Buzz-faillbpsmponqzeruhhvskovixzk/Build/Products/Debug-iphonesimulator/Stripe_Stripe3DS2.bundle (in target 'Stripe_Stripe3DS2' from project 'Stripe')
    cd /Users/xinyufang/Library/Developer/Xcode/DerivedData/Buzz-faillbpsmponqzeruhhvskovixzk/SourcePackages/checkouts/stripe-ios-spm
    /usr/bin/touch -c /Users/xinyufang/Library/Developer/Xcode/DerivedData/Buzz-faillbpsmponqzeruhhvskovixzk/Build/Products/Debug-iphonesimulator/Stripe_Stripe3DS2.bundle

Touch /Users/xinyufang/Library/Developer/Xcode/DerivedData/Buzz-faillbpsmponqzeruhhvskovixzk/Build/Products/Debug-iphonesimulator/Stripe_Stripe.bundle (in target 'Stripe_Stripe' from project 'Stripe')
    cd /Users/xinyufang/Library/Developer/Xcode/DerivedData/Buzz-faillbpsmponqzeruhhvskovixzk/SourcePackages/checkouts/stripe-ios-spm
    /usr/bin/touch -c /Users/xinyufang/Library/Developer/Xcode/DerivedData/Buzz-faillbpsmponqzeruhhvskovixzk/Build/Products/Debug-iphonesimulator/Stripe_Stripe.bundle

SwiftDriver StripePayments normal arm64 com.apple.xcode.tools.swift.compiler (in target 'StripePayments' from project 'Stripe')
    cd /Users/xinyufang/Documents/Buzz/Buzz.xcodeproj
    builtin-SwiftDriver -- /Applications/Xcode.app/Contents/Developer/Toolchains/XcodeDefault.xctoolchain/usr/bin/swiftc -module-name StripePayments -Onone -enforce-exclusivity\=checked @/Users/xinyufang/Library/Developer/Xcode/DerivedData/Buzz-faillbpsmponqzeruhhvskovixzk/Build/Intermediates.noindex/Stripe.build/Debug-iphonesimulator/StripePayments.build/Objects-normal/arm64/StripePayments.SwiftFileList -DSWIFT_PACKAGE -DDEBUG -DSWIFT_MODULE_RESOURCE_BUNDLE_AVAILABLE -Xcc -fmodule-map-file\=/Users/xinyufang/Library/Developer/Xcode/DerivedData/Buzz-faillbpsmponqzeruhhvskovixzk/Build/Intermediates.noindex/GeneratedModuleMaps-iphonesimulator/Stripe3DS2.modulemap -DXcode -plugin-path /Applications/Xcode.app/Contents/Developer/Toolchains/XcodeDefault.xctoolchain/usr/lib/swift/host/plugins/testing -enable-experimental-feature DebugDescriptionMacro -sdk /Applications/Xcode.app/Contents/Developer/Platforms/iPhoneSimulator.platform/Developer/SDKs/iPhoneSimulator26.0.sdk -target arm64-apple-ios13.0-simulator -g -module-cache-path /Users/xinyufang/Library/Developer/Xcode/DerivedData/ModuleCache.noindex -Xfrontend -serialize-debugging-options -enable-testing -suppress-warnings -index-store-path /Users/xinyufang/Library/Developer/Xcode/DerivedData/Buzz-faillbpsmponqzeruhhvskovixzk/Index.noindex/DataStore -Xcc -D_LIBCPP_HARDENING_MODE\=_LIBCPP_HARDENING_MODE_DEBUG -swift-version 5 -I /Users/xinyufang/Library/Developer/Xcode/DerivedData/Buzz-faillbpsmponqzeruhhvskovixzk/Build/Products/Debug-iphonesimulator -Isystem /Applications/Xcode.app/Contents/Developer/Platforms/iPhoneSimulator.platform/Developer/usr/lib -F /Users/xinyufang/Library/Developer/Xcode/DerivedData/Buzz-faillbpsmponqzeruhhvskovixzk/Build/Products/Debug-iphonesimulator/PackageFrameworks -F /Users/xinyufang/Library/Developer/Xcode/DerivedData/Buzz-faillbpsmponqzeruhhvskovixzk/Build/Products/Debug-iphonesimulator/PackageFrameworks -F /Users/xinyufang/Library/Developer/Xcode/DerivedData/Buzz-faillbpsmponqzeruhhvskovixzk/Build/Products/Debug-iphonesimulator -F /Applications/Xcode.app/Contents/Developer/Platforms/iPhoneSimulator.platform/Developer/Library/Frameworks -F /Applications/Xcode.app/Contents/Developer/Platforms/iPhoneSimulator.platform/Developer/SDKs/iPhoneSimulator26.0.sdk/Developer/Library/Frameworks -emit-localized-strings -emit-localized-strings-path /Users/xinyufang/Library/Developer/Xcode/DerivedData/Buzz-faillbpsmponqzeruhhvskovixzk/Build/Intermediates.noindex/Stripe.build/Debug-iphonesimulator/StripePayments.build/Objects-normal/arm64 -c -j8 -enable-batch-mode -incremental -Xcc -ivfsstatcache -Xcc /Users/xinyufang/Library/Developer/Xcode/DerivedData/SDKStatCaches.noindex/iphonesimulator26.0-23A339-26257891a6c027eb51374368541b8346.sdkstatcache -output-file-map /Users/xinyufang/Library/Developer/Xcode/DerivedData/Buzz-faillbpsmponqzeruhhvskovixzk/Build/Intermediates.noindex/Stripe.build/Debug-iphonesimulator/StripePayments.build/Objects-normal/arm64/StripePayments-OutputFileMap.json -use-frontend-parseable-output -save-temps -no-color-diagnostics -explicit-module-build -module-cache-path /Users/xinyufang/Library/Developer/Xcode/DerivedData/Buzz-faillbpsmponqzeruhhvskovixzk/Build/Intermediates.noindex/SwiftExplicitPrecompiledModules -clang-scanner-module-cache-path /Users/xinyufang/Library/Developer/Xcode/DerivedData/ModuleCache.noindex -sdk-module-cache-path /Users/xinyufang/Library/Developer/Xcode/DerivedData/ModuleCache.noindex -serialize-diagnostics -emit-dependencies -emit-module -emit-module-path /Users/xinyufang/Library/Developer/Xcode/DerivedData/Buzz-faillbpsmponqzeruhhvskovixzk/Build/Intermediates.noindex/Stripe.build/Debug-iphonesimulator/StripePayments.build/Objects-normal/arm64/StripePayments.swiftmodule -validate-clang-modules-once -clang-build-session-file /Users/xinyufang/Library/Developer/Xcode/DerivedData/ModuleCache.noindex/Session.modulevalidation -Xcc -I/Users/xinyufang/Library/Developer/Xcode/DerivedData/Buzz-faillbpsmponqzeruhhvskovixzk/Build/Intermediates.noindex/Stripe.build/Debug-iphonesimulator/StripePayments.build/swift-overrides.hmap -emit-const-values -Xfrontend -const-gather-protocols-file -Xfrontend /Users/xinyufang/Library/Developer/Xcode/DerivedData/Buzz-faillbpsmponqzeruhhvskovixzk/Build/Intermediates.noindex/Stripe.build/Debug-iphonesimulator/StripePayments.build/Objects-normal/arm64/StripePayments_const_extract_protocols.json -Xcc -I/Users/xinyufang/Library/Developer/Xcode/DerivedData/Buzz-faillbpsmponqzeruhhvskovixzk/SourcePackages/checkouts/stripe-ios-spm/Stripe3DS2/Stripe3DS2/include -Xcc -I/Users/xinyufang/Library/Developer/Xcode/DerivedData/Buzz-faillbpsmponqzeruhhvskovixzk/Build/Products/Debug-iphonesimulator/include -Xcc -I/Users/xinyufang/Library/Developer/Xcode/DerivedData/Buzz-faillbpsmponqzeruhhvskovixzk/Build/Intermediates.noindex/Stripe.build/Debug-iphonesimulator/StripePayments.build/DerivedSources-normal/arm64 -Xcc -I/Users/xinyufang/Library/Developer/Xcode/DerivedData/Buzz-faillbpsmponqzeruhhvskovixzk/Build/Intermediates.noindex/Stripe.build/Debug-iphonesimulator/StripePayments.build/DerivedSources/arm64 -Xcc -I/Users/xinyufang/Library/Developer/Xcode/DerivedData/Buzz-faillbpsmponqzeruhhvskovixzk/Build/Intermediates.noindex/Stripe.build/Debug-iphonesimulator/StripePayments.build/DerivedSources -Xcc -DSWIFT_PACKAGE -Xcc -DDEBUG\=1 -emit-objc-header -emit-objc-header-path /Users/xinyufang/Library/Developer/Xcode/DerivedData/Buzz-faillbpsmponqzeruhhvskovixzk/Build/Intermediates.noindex/Stripe.build/Debug-iphonesimulator/StripePayments.build/Objects-normal/arm64/StripePayments-Swift.h -working-directory /Users/xinyufang/Documents/Buzz/Buzz.xcodeproj -experimental-emit-module-separately -disable-cmo

SwiftDriver IssueReportingPackageSupport normal arm64 com.apple.xcode.tools.swift.compiler (in target 'IssueReportingPackageSupport' from project 'xctest-dynamic-overlay')
    cd /Users/xinyufang/Documents/Buzz/Buzz.xcodeproj
    builtin-SwiftDriver -- /Applications/Xcode.app/Contents/Developer/Toolchains/XcodeDefault.xctoolchain/usr/bin/swiftc -module-name IssueReportingPackageSupport -Onone -enforce-exclusivity\=checked @/Users/xinyufang/Library/Developer/Xcode/DerivedData/Buzz-faillbpsmponqzeruhhvskovixzk/Build/Intermediates.noindex/xctest-dynamic-overlay.build/Debug-iphonesimulator/IssueReportingPackageSupport.build/Objects-normal/arm64/IssueReportingPackageSupport.SwiftFileList -DSWIFT_PACKAGE -DDEBUG -DSWIFT_MODULE_RESOURCE_BUNDLE_UNAVAILABLE -DXcode -plugin-path /Applications/Xcode.app/Contents/Developer/Toolchains/XcodeDefault.xctoolchain/usr/lib/swift/host/plugins/testing -enable-experimental-feature DebugDescriptionMacro -sdk /Applications/Xcode.app/Contents/Developer/Platforms/iPhoneSimulator.platform/Developer/SDKs/iPhoneSimulator26.0.sdk -target arm64-apple-ios13.0-simulator -g -module-cache-path /Users/xinyufang/Library/Developer/Xcode/DerivedData/ModuleCache.noindex -Xfrontend -serialize-debugging-options -enable-testing -suppress-warnings -index-store-path /Users/xinyufang/Library/Developer/Xcode/DerivedData/Buzz-faillbpsmponqzeruhhvskovixzk/Index.noindex/DataStore -Xcc -D_LIBCPP_HARDENING_MODE\=_LIBCPP_HARDENING_MODE_DEBUG -swift-version 6 -I /Users/xinyufang/Library/Developer/Xcode/DerivedData/Buzz-faillbpsmponqzeruhhvskovixzk/Build/Products/Debug-iphonesimulator -Isystem /Applications/Xcode.app/Contents/Developer/Platforms/iPhoneSimulator.platform/Developer/usr/lib -F /Users/xinyufang/Library/Developer/Xcode/DerivedData/Buzz-faillbpsmponqzeruhhvskovixzk/Build/Products/Debug-iphonesimulator -F /Applications/Xcode.app/Contents/Developer/Platforms/iPhoneSimulator.platform/Developer/Library/Frameworks -F /Applications/Xcode.app/Contents/Developer/Platforms/iPhoneSimulator.platform/Developer/SDKs/iPhoneSimulator26.0.sdk/Developer/Library/Frameworks -parse-as-library -c -j8 -enable-batch-mode -incremental -Xcc -ivfsstatcache -Xcc /Users/xinyufang/Library/Developer/Xcode/DerivedData/SDKStatCaches.noindex/iphonesimulator26.0-23A339-26257891a6c027eb51374368541b8346.sdkstatcache -output-file-map /Users/xinyufang/Library/Developer/Xcode/DerivedData/Buzz-faillbpsmponqzeruhhvskovixzk/Build/Intermediates.noindex/xctest-dynamic-overlay.build/Debug-iphonesimulator/IssueReportingPackageSupport.build/Objects-normal/arm64/IssueReportingPackageSupport-OutputFileMap.json -use-frontend-parseable-output -save-temps -no-color-diagnostics -explicit-module-build -module-cache-path /Users/xinyufang/Library/Developer/Xcode/DerivedData/Buzz-faillbpsmponqzeruhhvskovixzk/Build/Intermediates.noindex/SwiftExplicitPrecompiledModules -clang-scanner-module-cache-path /Users/xinyufang/Library/Developer/Xcode/DerivedData/ModuleCache.noindex -sdk-module-cache-path /Users/xinyufang/Library/Developer/Xcode/DerivedData/ModuleCache.noindex -serialize-diagnostics -emit-dependencies -emit-module -emit-module-path /Users/xinyufang/Library/Developer/Xcode/DerivedData/Buzz-faillbpsmponqzeruhhvskovixzk/Build/Intermediates.noindex/xctest-dynamic-overlay.build/Debug-iphonesimulator/IssueReportingPackageSupport.build/Objects-normal/arm64/IssueReportingPackageSupport.swiftmodule -user-module-version 1.7.0 -validate-clang-modules-once -clang-build-session-file /Users/xinyufang/Library/Developer/Xcode/DerivedData/ModuleCache.noindex/Session.modulevalidation -package-name xctest_dynamic_overlay -Xcc -I/Users/xinyufang/Library/Developer/Xcode/DerivedData/Buzz-faillbpsmponqzeruhhvskovixzk/Build/Intermediates.noindex/xctest-dynamic-overlay.build/Debug-iphonesimulator/IssueReportingPackageSupport.build/swift-overrides.hmap -emit-const-values -Xfrontend -const-gather-protocols-file -Xfrontend /Users/xinyufang/Library/Developer/Xcode/DerivedData/Buzz-faillbpsmponqzeruhhvskovixzk/Build/Intermediates.noindex/xctest-dynamic-overlay.build/Debug-iphonesimulator/IssueReportingPackageSupport.build/Objects-normal/arm64/IssueReportingPackageSupport_const_extract_protocols.json -Xcc -I/Users/xinyufang/Library/Developer/Xcode/DerivedData/Buzz-faillbpsmponqzeruhhvskovixzk/Build/Products/Debug-iphonesimulator/include -Xcc -I/Users/xinyufang/Library/Developer/Xcode/DerivedData/Buzz-faillbpsmponqzeruhhvskovixzk/Build/Intermediates.noindex/xctest-dynamic-overlay.build/Debug-iphonesimulator/IssueReportingPackageSupport.build/DerivedSources-normal/arm64 -Xcc -I/Users/xinyufang/Library/Developer/Xcode/DerivedData/Buzz-faillbpsmponqzeruhhvskovixzk/Build/Intermediates.noindex/xctest-dynamic-overlay.build/Debug-iphonesimulator/IssueReportingPackageSupport.build/DerivedSources/arm64 -Xcc -I/Users/xinyufang/Library/Developer/Xcode/DerivedData/Buzz-faillbpsmponqzeruhhvskovixzk/Build/Intermediates.noindex/xctest-dynamic-overlay.build/Debug-iphonesimulator/IssueReportingPackageSupport.build/DerivedSources -Xcc -DSWIFT_PACKAGE -Xcc -DDEBUG\=1 -emit-objc-header -emit-objc-header-path /Users/xinyufang/Library/Developer/Xcode/DerivedData/Buzz-faillbpsmponqzeruhhvskovixzk/Build/Intermediates.noindex/xctest-dynamic-overlay.build/Debug-iphonesimulator/IssueReportingPackageSupport.build/Objects-normal/arm64/IssueReportingPackageSupport-Swift.h -working-directory /Users/xinyufang/Documents/Buzz/Buzz.xcodeproj -experimental-emit-module-separately -disable-cmo

SwiftDriver StripeCardScan normal arm64 com.apple.xcode.tools.swift.compiler (in target 'StripeCardScan' from project 'Stripe')
    cd /Users/xinyufang/Documents/Buzz/Buzz.xcodeproj
    builtin-SwiftDriver -- /Applications/Xcode.app/Contents/Developer/Toolchains/XcodeDefault.xctoolchain/usr/bin/swiftc -module-name StripeCardScan -Onone -enforce-exclusivity\=checked @/Users/xinyufang/Library/Developer/Xcode/DerivedData/Buzz-faillbpsmponqzeruhhvskovixzk/Build/Intermediates.noindex/Stripe.build/Debug-iphonesimulator/StripeCardScan.build/Objects-normal/arm64/StripeCardScan.SwiftFileList -DSWIFT_PACKAGE -DDEBUG -DSWIFT_MODULE_RESOURCE_BUNDLE_AVAILABLE -DXcode -plugin-path /Applications/Xcode.app/Contents/Developer/Toolchains/XcodeDefault.xctoolchain/usr/lib/swift/host/plugins/testing -enable-experimental-feature DebugDescriptionMacro -sdk /Applications/Xcode.app/Contents/Developer/Platforms/iPhoneSimulator.platform/Developer/SDKs/iPhoneSimulator26.0.sdk -target arm64-apple-ios13.0-simulator -g -module-cache-path /Users/xinyufang/Library/Developer/Xcode/DerivedData/ModuleCache.noindex -Xfrontend -serialize-debugging-options -enable-testing -suppress-warnings -index-store-path /Users/xinyufang/Library/Developer/Xcode/DerivedData/Buzz-faillbpsmponqzeruhhvskovixzk/Index.noindex/DataStore -Xcc -D_LIBCPP_HARDENING_MODE\=_LIBCPP_HARDENING_MODE_DEBUG -swift-version 5 -I /Users/xinyufang/Library/Developer/Xcode/DerivedData/Buzz-faillbpsmponqzeruhhvskovixzk/Build/Products/Debug-iphonesimulator -Isystem /Applications/Xcode.app/Contents/Developer/Platforms/iPhoneSimulator.platform/Developer/usr/lib -F /Users/xinyufang/Library/Developer/Xcode/DerivedData/Buzz-faillbpsmponqzeruhhvskovixzk/Build/Products/Debug-iphonesimulator/PackageFrameworks -F /Users/xinyufang/Library/Developer/Xcode/DerivedData/Buzz-faillbpsmponqzeruhhvskovixzk/Build/Products/Debug-iphonesimulator -F /Applications/Xcode.app/Contents/Developer/Platforms/iPhoneSimulator.platform/Developer/Library/Frameworks -F /Applications/Xcode.app/Contents/Developer/Platforms/iPhoneSimulator.platform/Developer/SDKs/iPhoneSimulator26.0.sdk/Developer/Library/Frameworks -emit-localized-strings -emit-localized-strings-path /Users/xinyufang/Library/Developer/Xcode/DerivedData/Buzz-faillbpsmponqzeruhhvskovixzk/Build/Intermediates.noindex/Stripe.build/Debug-iphonesimulator/StripeCardScan.build/Objects-normal/arm64 -c -j8 -enable-batch-mode -incremental -Xcc -ivfsstatcache -Xcc /Users/xinyufang/Library/Developer/Xcode/DerivedData/SDKStatCaches.noindex/iphonesimulator26.0-23A339-26257891a6c027eb51374368541b8346.sdkstatcache -output-file-map /Users/xinyufang/Library/Developer/Xcode/DerivedData/Buzz-faillbpsmponqzeruhhvskovixzk/Build/Intermediates.noindex/Stripe.build/Debug-iphonesimulator/StripeCardScan.build/Objects-normal/arm64/StripeCardScan-OutputFileMap.json -use-frontend-parseable-output -save-temps -no-color-diagnostics -explicit-module-build -module-cache-path /Users/xinyufang/Library/Developer/Xcode/DerivedData/Buzz-faillbpsmponqzeruhhvskovixzk/Build/Intermediates.noindex/SwiftExplicitPrecompiledModules -clang-scanner-module-cache-path /Users/xinyufang/Library/Developer/Xcode/DerivedData/ModuleCache.noindex -sdk-module-cache-path /Users/xinyufang/Library/Developer/Xcode/DerivedData/ModuleCache.noindex -serialize-diagnostics -emit-dependencies -emit-module -emit-module-path /Users/xinyufang/Library/Developer/Xcode/DerivedData/Buzz-faillbpsmponqzeruhhvskovixzk/Build/Intermediates.noindex/Stripe.build/Debug-iphonesimulator/StripeCardScan.build/Objects-normal/arm64/StripeCardScan.swiftmodule -validate-clang-modules-once -clang-build-session-file /Users/xinyufang/Library/Developer/Xcode/DerivedData/ModuleCache.noindex/Session.modulevalidation -Xcc -I/Users/xinyufang/Library/Developer/Xcode/DerivedData/Buzz-faillbpsmponqzeruhhvskovixzk/Build/Intermediates.noindex/Stripe.build/Debug-iphonesimulator/StripeCardScan.build/swift-overrides.hmap -emit-const-values -Xfrontend -const-gather-protocols-file -Xfrontend /Users/xinyufang/Library/Developer/Xcode/DerivedData/Buzz-faillbpsmponqzeruhhvskovixzk/Build/Intermediates.noindex/Stripe.build/Debug-iphonesimulator/StripeCardScan.build/Objects-normal/arm64/StripeCardScan_const_extract_protocols.json -Xcc -I/Users/xinyufang/Library/Developer/Xcode/DerivedData/Buzz-faillbpsmponqzeruhhvskovixzk/Build/Products/Debug-iphonesimulator/include -Xcc -I/Users/xinyufang/Library/Developer/Xcode/DerivedData/Buzz-faillbpsmponqzeruhhvskovixzk/Build/Intermediates.noindex/Stripe.build/Debug-iphonesimulator/StripeCardScan.build/DerivedSources-normal/arm64 -Xcc -I/Users/xinyufang/Library/Developer/Xcode/DerivedData/Buzz-faillbpsmponqzeruhhvskovixzk/Build/Intermediates.noindex/Stripe.build/Debug-iphonesimulator/StripeCardScan.build/DerivedSources/arm64 -Xcc -I/Users/xinyufang/Library/Developer/Xcode/DerivedData/Buzz-faillbpsmponqzeruhhvskovixzk/Build/Intermediates.noindex/Stripe.build/Debug-iphonesimulator/StripeCardScan.build/DerivedSources -Xcc -DSWIFT_PACKAGE -Xcc -DDEBUG\=1 -emit-objc-header -emit-objc-header-path /Users/xinyufang/Library/Developer/Xcode/DerivedData/Buzz-faillbpsmponqzeruhhvskovixzk/Build/Intermediates.noindex/Stripe.build/Debug-iphonesimulator/StripeCardScan.build/Objects-normal/arm64/StripeCardScan-Swift.h -working-directory /Users/xinyufang/Documents/Buzz/Buzz.xcodeproj -experimental-emit-module-separately -disable-cmo

SwiftDriver StripeCameraCore normal arm64 com.apple.xcode.tools.swift.compiler (in target 'StripeCameraCore' from project 'Stripe')
    cd /Users/xinyufang/Documents/Buzz/Buzz.xcodeproj
    builtin-SwiftDriver -- /Applications/Xcode.app/Contents/Developer/Toolchains/XcodeDefault.xctoolchain/usr/bin/swiftc -module-name StripeCameraCore -Onone -enforce-exclusivity\=checked @/Users/xinyufang/Library/Developer/Xcode/DerivedData/Buzz-faillbpsmponqzeruhhvskovixzk/Build/Intermediates.noindex/Stripe.build/Debug-iphonesimulator/StripeCameraCore.build/Objects-normal/arm64/StripeCameraCore.SwiftFileList -DSWIFT_PACKAGE -DDEBUG -DSWIFT_MODULE_RESOURCE_BUNDLE_UNAVAILABLE -DXcode -plugin-path /Applications/Xcode.app/Contents/Developer/Toolchains/XcodeDefault.xctoolchain/usr/lib/swift/host/plugins/testing -enable-experimental-feature DebugDescriptionMacro -sdk /Applications/Xcode.app/Contents/Developer/Platforms/iPhoneSimulator.platform/Developer/SDKs/iPhoneSimulator26.0.sdk -target arm64-apple-ios13.0-simulator -g -module-cache-path /Users/xinyufang/Library/Developer/Xcode/DerivedData/ModuleCache.noindex -Xfrontend -serialize-debugging-options -enable-testing -suppress-warnings -index-store-path /Users/xinyufang/Library/Developer/Xcode/DerivedData/Buzz-faillbpsmponqzeruhhvskovixzk/Index.noindex/DataStore -Xcc -D_LIBCPP_HARDENING_MODE\=_LIBCPP_HARDENING_MODE_DEBUG -swift-version 5 -I /Users/xinyufang/Library/Developer/Xcode/DerivedData/Buzz-faillbpsmponqzeruhhvskovixzk/Build/Products/Debug-iphonesimulator -Isystem /Applications/Xcode.app/Contents/Developer/Platforms/iPhoneSimulator.platform/Developer/usr/lib -F /Users/xinyufang/Library/Developer/Xcode/DerivedData/Buzz-faillbpsmponqzeruhhvskovixzk/Build/Products/Debug-iphonesimulator/PackageFrameworks -F /Users/xinyufang/Library/Developer/Xcode/DerivedData/Buzz-faillbpsmponqzeruhhvskovixzk/Build/Products/Debug-iphonesimulator -F /Applications/Xcode.app/Contents/Developer/Platforms/iPhoneSimulator.platform/Developer/Library/Frameworks -F /Applications/Xcode.app/Contents/Developer/Platforms/iPhoneSimulator.platform/Developer/SDKs/iPhoneSimulator26.0.sdk/Developer/Library/Frameworks -emit-localized-strings -emit-localized-strings-path /Users/xinyufang/Library/Developer/Xcode/DerivedData/Buzz-faillbpsmponqzeruhhvskovixzk/Build/Intermediates.noindex/Stripe.build/Debug-iphonesimulator/StripeCameraCore.build/Objects-normal/arm64 -c -j8 -enable-batch-mode -incremental -Xcc -ivfsstatcache -Xcc /Users/xinyufang/Library/Developer/Xcode/DerivedData/SDKStatCaches.noindex/iphonesimulator26.0-23A339-26257891a6c027eb51374368541b8346.sdkstatcache -output-file-map /Users/xinyufang/Library/Developer/Xcode/DerivedData/Buzz-faillbpsmponqzeruhhvskovixzk/Build/Intermediates.noindex/Stripe.build/Debug-iphonesimulator/StripeCameraCore.build/Objects-normal/arm64/StripeCameraCore-OutputFileMap.json -use-frontend-parseable-output -save-temps -no-color-diagnostics -explicit-module-build -module-cache-path /Users/xinyufang/Library/Developer/Xcode/DerivedData/Buzz-faillbpsmponqzeruhhvskovixzk/Build/Intermediates.noindex/SwiftExplicitPrecompiledModules -clang-scanner-module-cache-path /Users/xinyufang/Library/Developer/Xcode/DerivedData/ModuleCache.noindex -sdk-module-cache-path /Users/xinyufang/Library/Developer/Xcode/DerivedData/ModuleCache.noindex -serialize-diagnostics -emit-dependencies -emit-module -emit-module-path /Users/xinyufang/Library/Developer/Xcode/DerivedData/Buzz-faillbpsmponqzeruhhvskovixzk/Build/Intermediates.noindex/Stripe.build/Debug-iphonesimulator/StripeCameraCore.build/Objects-normal/arm64/StripeCameraCore.swiftmodule -validate-clang-modules-once -clang-build-session-file /Users/xinyufang/Library/Developer/Xcode/DerivedData/ModuleCache.noindex/Session.modulevalidation -Xcc -I/Users/xinyufang/Library/Developer/Xcode/DerivedData/Buzz-faillbpsmponqzeruhhvskovixzk/Build/Intermediates.noindex/Stripe.build/Debug-iphonesimulator/StripeCameraCore.build/swift-overrides.hmap -emit-const-values -Xfrontend -const-gather-protocols-file -Xfrontend /Users/xinyufang/Library/Developer/Xcode/DerivedData/Buzz-faillbpsmponqzeruhhvskovixzk/Build/Intermediates.noindex/Stripe.build/Debug-iphonesimulator/StripeCameraCore.build/Objects-normal/arm64/StripeCameraCore_const_extract_protocols.json -Xcc -I/Users/xinyufang/Library/Developer/Xcode/DerivedData/Buzz-faillbpsmponqzeruhhvskovixzk/Build/Products/Debug-iphonesimulator/include -Xcc -I/Users/xinyufang/Library/Developer/Xcode/DerivedData/Buzz-faillbpsmponqzeruhhvskovixzk/Build/Intermediates.noindex/Stripe.build/Debug-iphonesimulator/StripeCameraCore.build/DerivedSources-normal/arm64 -Xcc -I/Users/xinyufang/Library/Developer/Xcode/DerivedData/Buzz-faillbpsmponqzeruhhvskovixzk/Build/Intermediates.noindex/Stripe.build/Debug-iphonesimulator/StripeCameraCore.build/DerivedSources/arm64 -Xcc -I/Users/xinyufang/Library/Developer/Xcode/DerivedData/Buzz-faillbpsmponqzeruhhvskovixzk/Build/Intermediates.noindex/Stripe.build/Debug-iphonesimulator/StripeCameraCore.build/DerivedSources -Xcc -DSWIFT_PACKAGE -Xcc -DDEBUG\=1 -emit-objc-header -emit-objc-header-path /Users/xinyufang/Library/Developer/Xcode/DerivedData/Buzz-faillbpsmponqzeruhhvskovixzk/Build/Intermediates.noindex/Stripe.build/Debug-iphonesimulator/StripeCameraCore.build/Objects-normal/arm64/StripeCameraCore-Swift.h -working-directory /Users/xinyufang/Documents/Buzz/Buzz.xcodeproj -experimental-emit-module-separately -disable-cmo

CompileC /Users/xinyufang/Library/Developer/Xcode/DerivedData/Buzz-faillbpsmponqzeruhhvskovixzk/Build/Intermediates.noindex/Stripe.build/Debug-iphonesimulator/Stripe3DS2.build/Objects-normal/arm64/resource_bundle_accessor.o /Users/xinyufang/Library/Developer/Xcode/DerivedData/Buzz-faillbpsmponqzeruhhvskovixzk/Build/Intermediates.noindex/Stripe.build/Debug-iphonesimulator/Stripe3DS2.build/DerivedSources/resource_bundle_accessor.m normal arm64 objective-c com.apple.compilers.llvm.clang.1_0.compiler (in target 'Stripe3DS2' from project 'Stripe')
    cd /Users/xinyufang/Documents/Buzz/Buzz.xcodeproj
    
    Using response file: /Users/xinyufang/Library/Developer/Xcode/DerivedData/Buzz-faillbpsmponqzeruhhvskovixzk/Build/Intermediates.noindex/Stripe.build/Debug-iphonesimulator/Stripe3DS2.build/Objects-normal/arm64/e6072d4f65d7061329687fe24e3d63a7-common-args.resp
    
    /Applications/Xcode.app/Contents/Developer/Toolchains/XcodeDefault.xctoolchain/usr/bin/clang -x objective-c -ivfsstatcache /Users/xinyufang/Library/Developer/Xcode/DerivedData/SDKStatCaches.noindex/iphonesimulator26.0-23A339-26257891a6c027eb51374368541b8346.sdkstatcache -fmessage-length\=0 -fdiagnostics-show-note-include-stack -fmacro-backtrace-limit\=0 -fno-color-diagnostics -fmodules-prune-interval\=86400 -fmodules-prune-after\=345600 -fbuild-session-file\=/Users/xinyufang/Library/Developer/Xcode/DerivedData/ModuleCache.noindex/Session.modulevalidation -fmodules-validate-once-per-build-session -Wnon-modular-include-in-framework-module -Werror\=non-modular-include-in-framework-module -Wno-trigraphs -Wno-missing-field-initializers -Wno-missing-prototypes -Wno-return-type -Wno-implicit-atomic-properties -Wno-objc-interface-ivars -Wno-arc-repeated-use-of-weak -Wno-missing-braces -Wparentheses -Wswitch -Wno-unused-function -Wno-unused-label -Wno-unused-parameter -Wno-unused-variable -Wunused-value -Wno-empty-body -Wno-uninitialized -Wno-unknown-pragmas -w -Wno-shadow -Wno-four-char-constants -Wno-conversion -Wno-constant-conversion -Wno-int-conversion -Wno-bool-conversion -Wno-enum-conversion -Wno-float-conversion -Wno-non-literal-null-conversion -Wno-objc-literal-conversion -Wshorten-64-to-32 -Wpointer-sign -Wno-newline-eof -Wno-selector -Wno-strict-selector-match -Wno-undeclared-selector -Wno-deprecated-implementations -Wno-implicit-fallthrough -fstrict-aliasing -Wprotocol -Wdeprecated-declarations -Wno-sign-conversion -Wno-infinite-recursion -Wno-comma -Wno-block-capture-autoreleasing -Wno-strict-prototypes -Wno-semicolon-before-method-body -index-store-path /Users/xinyufang/Library/Developer/Xcode/DerivedData/Buzz-faillbpsmponqzeruhhvskovixzk/Index.noindex/DataStore @/Users/xinyufang/Library/Developer/Xcode/DerivedData/Buzz-faillbpsmponqzeruhhvskovixzk/Build/Intermediates.noindex/Stripe.build/Debug-iphonesimulator/Stripe3DS2.build/Objects-normal/arm64/e6072d4f65d7061329687fe24e3d63a7-common-args.resp -include /Users/xinyufang/Library/Developer/Xcode/DerivedData/Buzz-faillbpsmponqzeruhhvskovixzk/Build/Intermediates.noindex/Stripe.build/Debug-iphonesimulator/Stripe3DS2.build/DerivedSources/resource_bundle_accessor.h -MMD -MT dependencies -MF /Users/xinyufang/Library/Developer/Xcode/DerivedData/Buzz-faillbpsmponqzeruhhvskovixzk/Build/Intermediates.noindex/Stripe.build/Debug-iphonesimulator/Stripe3DS2.build/Objects-normal/arm64/resource_bundle_accessor.d --serialize-diagnostics /Users/xinyufang/Library/Developer/Xcode/DerivedData/Buzz-faillbpsmponqzeruhhvskovixzk/Build/Intermediates.noindex/Stripe.build/Debug-iphonesimulator/Stripe3DS2.build/Objects-normal/arm64/resource_bundle_accessor.dia -c /Users/xinyufang/Library/Developer/Xcode/DerivedData/Buzz-faillbpsmponqzeruhhvskovixzk/Build/Intermediates.noindex/Stripe.build/Debug-iphonesimulator/Stripe3DS2.build/DerivedSources/resource_bundle_accessor.m -o /Users/xinyufang/Library/Developer/Xcode/DerivedData/Buzz-faillbpsmponqzeruhhvskovixzk/Build/Intermediates.noindex/Stripe.build/Debug-iphonesimulator/Stripe3DS2.build/Objects-normal/arm64/resource_bundle_accessor.o -index-unit-output-path /Stripe.build/Debug-iphonesimulator/Stripe3DS2.build/Objects-normal/arm64/resource_bundle_accessor.o

CompileC /Users/xinyufang/Library/Developer/Xcode/DerivedData/Buzz-faillbpsmponqzeruhhvskovixzk/Build/Intermediates.noindex/Stripe.build/Debug-iphonesimulator/Stripe3DS2.build/Objects-normal/arm64/STDSWarning.o /Users/xinyufang/Library/Developer/Xcode/DerivedData/Buzz-faillbpsmponqzeruhhvskovixzk/SourcePackages/checkouts/stripe-ios-spm/Stripe3DS2/Stripe3DS2/include/STDSWarning.m normal arm64 objective-c com.apple.compilers.llvm.clang.1_0.compiler (in target 'Stripe3DS2' from project 'Stripe')
    cd /Users/xinyufang/Documents/Buzz/Buzz.xcodeproj
    
    Using response file: /Users/xinyufang/Library/Developer/Xcode/DerivedData/Buzz-faillbpsmponqzeruhhvskovixzk/Build/Intermediates.noindex/Stripe.build/Debug-iphonesimulator/Stripe3DS2.build/Objects-normal/arm64/e6072d4f65d7061329687fe24e3d63a7-common-args.resp
    
    /Applications/Xcode.app/Contents/Developer/Toolchains/XcodeDefault.xctoolchain/usr/bin/clang -x objective-c -ivfsstatcache /Users/xinyufang/Library/Developer/Xcode/DerivedData/SDKStatCaches.noindex/iphonesimulator26.0-23A339-26257891a6c027eb51374368541b8346.sdkstatcache -fmessage-length\=0 -fdiagnostics-show-note-include-stack -fmacro-backtrace-limit\=0 -fno-color-diagnostics -fmodules-prune-interval\=86400 -fmodules-prune-after\=345600 -fbuild-session-file\=/Users/xinyufang/Library/Developer/Xcode/DerivedData/ModuleCache.noindex/Session.modulevalidation -fmodules-validate-once-per-build-session -Wnon-modular-include-in-framework-module -Werror\=non-modular-include-in-framework-module -Wno-trigraphs -Wno-missing-field-initializers -Wno-missing-prototypes -Wno-return-type -Wno-implicit-atomic-properties -Wno-objc-interface-ivars -Wno-arc-repeated-use-of-weak -Wno-missing-braces -Wparentheses -Wswitch -Wno-unused-function -Wno-unused-label -Wno-unused-parameter -Wno-unused-variable -Wunused-value -Wno-empty-body -Wno-uninitialized -Wno-unknown-pragmas -w -Wno-shadow -Wno-four-char-constants -Wno-conversion -Wno-constant-conversion -Wno-int-conversion -Wno-bool-conversion -Wno-enum-conversion -Wno-float-conversion -Wno-non-literal-null-conversion -Wno-objc-literal-conversion -Wshorten-64-to-32 -Wpointer-sign -Wno-newline-eof -Wno-selector -Wno-strict-selector-match -Wno-undeclared-selector -Wno-deprecated-implementations -Wno-implicit-fallthrough -fstrict-aliasing -Wprotocol -Wdeprecated-declarations -Wno-sign-conversion -Wno-infinite-recursion -Wno-comma -Wno-block-capture-autoreleasing -Wno-strict-prototypes -Wno-semicolon-before-method-body -index-store-path /Users/xinyufang/Library/Developer/Xcode/DerivedData/Buzz-faillbpsmponqzeruhhvskovixzk/Index.noindex/DataStore @/Users/xinyufang/Library/Developer/Xcode/DerivedData/Buzz-faillbpsmponqzeruhhvskovixzk/Build/Intermediates.noindex/Stripe.build/Debug-iphonesimulator/Stripe3DS2.build/Objects-normal/arm64/e6072d4f65d7061329687fe24e3d63a7-common-args.resp -include /Users/xinyufang/Library/Developer/Xcode/DerivedData/Buzz-faillbpsmponqzeruhhvskovixzk/Build/Intermediates.noindex/Stripe.build/Debug-iphonesimulator/Stripe3DS2.build/DerivedSources/resource_bundle_accessor.h -MMD -MT dependencies -MF /Users/xinyufang/Library/Developer/Xcode/DerivedData/Buzz-faillbpsmponqzeruhhvskovixzk/Build/Intermediates.noindex/Stripe.build/Debug-iphonesimulator/Stripe3DS2.build/Objects-normal/arm64/STDSWarning.d --serialize-diagnostics /Users/xinyufang/Library/Developer/Xcode/DerivedData/Buzz-faillbpsmponqzeruhhvskovixzk/Build/Intermediates.noindex/Stripe.build/Debug-iphonesimulator/Stripe3DS2.build/Objects-normal/arm64/STDSWarning.dia -c /Users/xinyufang/Library/Developer/Xcode/DerivedData/Buzz-faillbpsmponqzeruhhvskovixzk/SourcePackages/checkouts/stripe-ios-spm/Stripe3DS2/Stripe3DS2/include/STDSWarning.m -o /Users/xinyufang/Library/Developer/Xcode/DerivedData/Buzz-faillbpsmponqzeruhhvskovixzk/Build/Intermediates.noindex/Stripe.build/Debug-iphonesimulator/Stripe3DS2.build/Objects-normal/arm64/STDSWarning.o -index-unit-output-path /Stripe.build/Debug-iphonesimulator/Stripe3DS2.build/Objects-normal/arm64/STDSWarning.o

SwiftEmitModule normal arm64 Emitting\ module\ for\ IssueReportingPackageSupport (in target 'IssueReportingPackageSupport' from project 'xctest-dynamic-overlay')

SwiftCompile normal arm64 /Users/xinyufang/Library/Developer/Xcode/DerivedData/Buzz-faillbpsmponqzeruhhvskovixzk/SourcePackages/checkouts/xctest-dynamic-overlay/Sources/IssueReportingPackageSupport/_Test.swift (in target 'IssueReportingPackageSupport' from project 'xctest-dynamic-overlay')
    cd /Users/xinyufang/Documents/Buzz/Buzz.xcodeproj
    

CompileC /Users/xinyufang/Library/Developer/Xcode/DerivedData/Buzz-faillbpsmponqzeruhhvskovixzk/Build/Intermediates.noindex/Stripe.build/Debug-iphonesimulator/Stripe3DS2.build/Objects-normal/arm64/STDSThreeDSProtocolVersion.o /Users/xinyufang/Library/Developer/Xcode/DerivedData/Buzz-faillbpsmponqzeruhhvskovixzk/SourcePackages/checkouts/stripe-ios-spm/Stripe3DS2/Stripe3DS2/STDSThreeDSProtocolVersion.m normal arm64 objective-c com.apple.compilers.llvm.clang.1_0.compiler (in target 'Stripe3DS2' from project 'Stripe')
    cd /Users/xinyufang/Documents/Buzz/Buzz.xcodeproj
    
    Using response file: /Users/xinyufang/Library/Developer/Xcode/DerivedData/Buzz-faillbpsmponqzeruhhvskovixzk/Build/Intermediates.noindex/Stripe.build/Debug-iphonesimulator/Stripe3DS2.build/Objects-normal/arm64/e6072d4f65d7061329687fe24e3d63a7-common-args.resp
    
    /Applications/Xcode.app/Contents/Developer/Toolchains/XcodeDefault.xctoolchain/usr/bin/clang -x objective-c -ivfsstatcache /Users/xinyufang/Library/Developer/Xcode/DerivedData/SDKStatCaches.noindex/iphonesimulator26.0-23A339-26257891a6c027eb51374368541b8346.sdkstatcache -fmessage-length\=0 -fdiagnostics-show-note-include-stack -fmacro-backtrace-limit\=0 -fno-color-diagnostics -fmodules-prune-interval\=86400 -fmodules-prune-after\=345600 -fbuild-session-file\=/Users/xinyufang/Library/Developer/Xcode/DerivedData/ModuleCache.noindex/Session.modulevalidation -fmodules-validate-once-per-build-session -Wnon-modular-include-in-framework-module -Werror\=non-modular-include-in-framework-module -Wno-trigraphs -Wno-missing-field-initializers -Wno-missing-prototypes -Wno-return-type -Wno-implicit-atomic-properties -Wno-objc-interface-ivars -Wno-arc-repeated-use-of-weak -Wno-missing-braces -Wparentheses -Wswitch -Wno-unused-function -Wno-unused-label -Wno-unused-parameter -Wno-unused-variable -Wunused-value -Wno-empty-body -Wno-uninitialized -Wno-unknown-pragmas -w -Wno-shadow -Wno-four-char-constants -Wno-conversion -Wno-constant-conversion -Wno-int-conversion -Wno-bool-conversion -Wno-enum-conversion -Wno-float-conversion -Wno-non-literal-null-conversion -Wno-objc-literal-conversion -Wshorten-64-to-32 -Wpointer-sign -Wno-newline-eof -Wno-selector -Wno-strict-selector-match -Wno-undeclared-selector -Wno-deprecated-implementations -Wno-implicit-fallthrough -fstrict-aliasing -Wprotocol -Wdeprecated-declarations -Wno-sign-conversion -Wno-infinite-recursion -Wno-comma -Wno-block-capture-autoreleasing -Wno-strict-prototypes -Wno-semicolon-before-method-body -index-store-path /Users/xinyufang/Library/Developer/Xcode/DerivedData/Buzz-faillbpsmponqzeruhhvskovixzk/Index.noindex/DataStore @/Users/xinyufang/Library/Developer/Xcode/DerivedData/Buzz-faillbpsmponqzeruhhvskovixzk/Build/Intermediates.noindex/Stripe.build/Debug-iphonesimulator/Stripe3DS2.build/Objects-normal/arm64/e6072d4f65d7061329687fe24e3d63a7-common-args.resp -include /Users/xinyufang/Library/Developer/Xcode/DerivedData/Buzz-faillbpsmponqzeruhhvskovixzk/Build/Intermediates.noindex/Stripe.build/Debug-iphonesimulator/Stripe3DS2.build/DerivedSources/resource_bundle_accessor.h -MMD -MT dependencies -MF /Users/xinyufang/Library/Developer/Xcode/DerivedData/Buzz-faillbpsmponqzeruhhvskovixzk/Build/Intermediates.noindex/Stripe.build/Debug-iphonesimulator/Stripe3DS2.build/Objects-normal/arm64/STDSThreeDSProtocolVersion.d --serialize-diagnostics /Users/xinyufang/Library/Developer/Xcode/DerivedData/Buzz-faillbpsmponqzeruhhvskovixzk/Build/Intermediates.noindex/Stripe.build/Debug-iphonesimulator/Stripe3DS2.build/Objects-normal/arm64/STDSThreeDSProtocolVersion.dia -c /Users/xinyufang/Library/Developer/Xcode/DerivedData/Buzz-faillbpsmponqzeruhhvskovixzk/SourcePackages/checkouts/stripe-ios-spm/Stripe3DS2/Stripe3DS2/STDSThreeDSProtocolVersion.m -o /Users/xinyufang/Library/Developer/Xcode/DerivedData/Buzz-faillbpsmponqzeruhhvskovixzk/Build/Intermediates.noindex/Stripe.build/Debug-iphonesimulator/Stripe3DS2.build/Objects-normal/arm64/STDSThreeDSProtocolVersion.o -index-unit-output-path /Stripe.build/Debug-iphonesimulator/Stripe3DS2.build/Objects-normal/arm64/STDSThreeDSProtocolVersion.o

CompileC /Users/xinyufang/Library/Developer/Xcode/DerivedData/Buzz-faillbpsmponqzeruhhvskovixzk/Build/Intermediates.noindex/Stripe.build/Debug-iphonesimulator/Stripe3DS2.build/Objects-normal/arm64/STDSSwiftTryCatch.o /Users/xinyufang/Library/Developer/Xcode/DerivedData/Buzz-faillbpsmponqzeruhhvskovixzk/SourcePackages/checkouts/stripe-ios-spm/Stripe3DS2/Stripe3DS2/include/STDSSwiftTryCatch.m normal arm64 objective-c com.apple.compilers.llvm.clang.1_0.compiler (in target 'Stripe3DS2' from project 'Stripe')
    cd /Users/xinyufang/Documents/Buzz/Buzz.xcodeproj
    
    Using response file: /Users/xinyufang/Library/Developer/Xcode/DerivedData/Buzz-faillbpsmponqzeruhhvskovixzk/Build/Intermediates.noindex/Stripe.build/Debug-iphonesimulator/Stripe3DS2.build/Objects-normal/arm64/e6072d4f65d7061329687fe24e3d63a7-common-args.resp
    
    /Applications/Xcode.app/Contents/Developer/Toolchains/XcodeDefault.xctoolchain/usr/bin/clang -x objective-c -ivfsstatcache /Users/xinyufang/Library/Developer/Xcode/DerivedData/SDKStatCaches.noindex/iphonesimulator26.0-23A339-26257891a6c027eb51374368541b8346.sdkstatcache -fmessage-length\=0 -fdiagnostics-show-note-include-stack -fmacro-backtrace-limit\=0 -fno-color-diagnostics -fmodules-prune-interval\=86400 -fmodules-prune-after\=345600 -fbuild-session-file\=/Users/xinyufang/Library/Developer/Xcode/DerivedData/ModuleCache.noindex/Session.modulevalidation -fmodules-validate-once-per-build-session -Wnon-modular-include-in-framework-module -Werror\=non-modular-include-in-framework-module -Wno-trigraphs -Wno-missing-field-initializers -Wno-missing-prototypes -Wno-return-type -Wno-implicit-atomic-properties -Wno-objc-interface-ivars -Wno-arc-repeated-use-of-weak -Wno-missing-braces -Wparentheses -Wswitch -Wno-unused-function -Wno-unused-label -Wno-unused-parameter -Wno-unused-variable -Wunused-value -Wno-empty-body -Wno-uninitialized -Wno-unknown-pragmas -w -Wno-shadow -Wno-four-char-constants -Wno-conversion -Wno-constant-conversion -Wno-int-conversion -Wno-bool-conversion -Wno-enum-conversion -Wno-float-conversion -Wno-non-literal-null-conversion -Wno-objc-literal-conversion -Wshorten-64-to-32 -Wpointer-sign -Wno-newline-eof -Wno-selector -Wno-strict-selector-match -Wno-undeclared-selector -Wno-deprecated-implementations -Wno-implicit-fallthrough -fstrict-aliasing -Wprotocol -Wdeprecated-declarations -Wno-sign-conversion -Wno-infinite-recursion -Wno-comma -Wno-block-capture-autoreleasing -Wno-strict-prototypes -Wno-semicolon-before-method-body -index-store-path /Users/xinyufang/Library/Developer/Xcode/DerivedData/Buzz-faillbpsmponqzeruhhvskovixzk/Index.noindex/DataStore @/Users/xinyufang/Library/Developer/Xcode/DerivedData/Buzz-faillbpsmponqzeruhhvskovixzk/Build/Intermediates.noindex/Stripe.build/Debug-iphonesimulator/Stripe3DS2.build/Objects-normal/arm64/e6072d4f65d7061329687fe24e3d63a7-common-args.resp -include /Users/xinyufang/Library/Developer/Xcode/DerivedData/Buzz-faillbpsmponqzeruhhvskovixzk/Build/Intermediates.noindex/Stripe.build/Debug-iphonesimulator/Stripe3DS2.build/DerivedSources/resource_bundle_accessor.h -MMD -MT dependencies -MF /Users/xinyufang/Library/Developer/Xcode/DerivedData/Buzz-faillbpsmponqzeruhhvskovixzk/Build/Intermediates.noindex/Stripe.build/Debug-iphonesimulator/Stripe3DS2.build/Objects-normal/arm64/STDSSwiftTryCatch.d --serialize-diagnostics /Users/xinyufang/Library/Developer/Xcode/DerivedData/Buzz-faillbpsmponqzeruhhvskovixzk/Build/Intermediates.noindex/Stripe.build/Debug-iphonesimulator/Stripe3DS2.build/Objects-normal/arm64/STDSSwiftTryCatch.dia -c /Users/xinyufang/Library/Developer/Xcode/DerivedData/Buzz-faillbpsmponqzeruhhvskovixzk/SourcePackages/checkouts/stripe-ios-spm/Stripe3DS2/Stripe3DS2/include/STDSSwiftTryCatch.m -o /Users/xinyufang/Library/Developer/Xcode/DerivedData/Buzz-faillbpsmponqzeruhhvskovixzk/Build/Intermediates.noindex/Stripe.build/Debug-iphonesimulator/Stripe3DS2.build/Objects-normal/arm64/STDSSwiftTryCatch.o -index-unit-output-path /Stripe.build/Debug-iphonesimulator/Stripe3DS2.build/Objects-normal/arm64/STDSSwiftTryCatch.o

CompileC /Users/xinyufang/Library/Developer/Xcode/DerivedData/Buzz-faillbpsmponqzeruhhvskovixzk/Build/Intermediates.noindex/Stripe.build/Debug-iphonesimulator/Stripe3DS2.build/Objects-normal/arm64/STDSStripe3DS2Error.o /Users/xinyufang/Library/Developer/Xcode/DerivedData/Buzz-faillbpsmponqzeruhhvskovixzk/SourcePackages/checkouts/stripe-ios-spm/Stripe3DS2/Stripe3DS2/include/STDSStripe3DS2Error.m normal arm64 objective-c com.apple.compilers.llvm.clang.1_0.compiler (in target 'Stripe3DS2' from project 'Stripe')
    cd /Users/xinyufang/Documents/Buzz/Buzz.xcodeproj
    
    Using response file: /Users/xinyufang/Library/Developer/Xcode/DerivedData/Buzz-faillbpsmponqzeruhhvskovixzk/Build/Intermediates.noindex/Stripe.build/Debug-iphonesimulator/Stripe3DS2.build/Objects-normal/arm64/e6072d4f65d7061329687fe24e3d63a7-common-args.resp
    
    /Applications/Xcode.app/Contents/Developer/Toolchains/XcodeDefault.xctoolchain/usr/bin/clang -x objective-c -ivfsstatcache /Users/xinyufang/Library/Developer/Xcode/DerivedData/SDKStatCaches.noindex/iphonesimulator26.0-23A339-26257891a6c027eb51374368541b8346.sdkstatcache -fmessage-length\=0 -fdiagnostics-show-note-include-stack -fmacro-backtrace-limit\=0 -fno-color-diagnostics -fmodules-prune-interval\=86400 -fmodules-prune-after\=345600 -fbuild-session-file\=/Users/xinyufang/Library/Developer/Xcode/DerivedData/ModuleCache.noindex/Session.modulevalidation -fmodules-validate-once-per-build-session -Wnon-modular-include-in-framework-module -Werror\=non-modular-include-in-framework-module -Wno-trigraphs -Wno-missing-field-initializers -Wno-missing-prototypes -Wno-return-type -Wno-implicit-atomic-properties -Wno-objc-interface-ivars -Wno-arc-repeated-use-of-weak -Wno-missing-braces -Wparentheses -Wswitch -Wno-unused-function -Wno-unused-label -Wno-unused-parameter -Wno-unused-variable -Wunused-value -Wno-empty-body -Wno-uninitialized -Wno-unknown-pragmas -w -Wno-shadow -Wno-four-char-constants -Wno-conversion -Wno-constant-conversion -Wno-int-conversion -Wno-bool-conversion -Wno-enum-conversion -Wno-float-conversion -Wno-non-literal-null-conversion -Wno-objc-literal-conversion -Wshorten-64-to-32 -Wpointer-sign -Wno-newline-eof -Wno-selector -Wno-strict-selector-match -Wno-undeclared-selector -Wno-deprecated-implementations -Wno-implicit-fallthrough -fstrict-aliasing -Wprotocol -Wdeprecated-declarations -Wno-sign-conversion -Wno-infinite-recursion -Wno-comma -Wno-block-capture-autoreleasing -Wno-strict-prototypes -Wno-semicolon-before-method-body -index-store-path /Users/xinyufang/Library/Developer/Xcode/DerivedData/Buzz-faillbpsmponqzeruhhvskovixzk/Index.noindex/DataStore @/Users/xinyufang/Library/Developer/Xcode/DerivedData/Buzz-faillbpsmponqzeruhhvskovixzk/Build/Intermediates.noindex/Stripe.build/Debug-iphonesimulator/Stripe3DS2.build/Objects-normal/arm64/e6072d4f65d7061329687fe24e3d63a7-common-args.resp -include /Users/xinyufang/Library/Developer/Xcode/DerivedData/Buzz-faillbpsmponqzeruhhvskovixzk/Build/Intermediates.noindex/Stripe.build/Debug-iphonesimulator/Stripe3DS2.build/DerivedSources/resource_bundle_accessor.h -MMD -MT dependencies -MF /Users/xinyufang/Library/Developer/Xcode/DerivedData/Buzz-faillbpsmponqzeruhhvskovixzk/Build/Intermediates.noindex/Stripe.build/Debug-iphonesimulator/Stripe3DS2.build/Objects-normal/arm64/STDSStripe3DS2Error.d --serialize-diagnostics /Users/xinyufang/Library/Developer/Xcode/DerivedData/Buzz-faillbpsmponqzeruhhvskovixzk/Build/Intermediates.noindex/Stripe.build/Debug-iphonesimulator/Stripe3DS2.build/Objects-normal/arm64/STDSStripe3DS2Error.dia -c /Users/xinyufang/Library/Developer/Xcode/DerivedData/Buzz-faillbpsmponqzeruhhvskovixzk/SourcePackages/checkouts/stripe-ios-spm/Stripe3DS2/Stripe3DS2/include/STDSStripe3DS2Error.m -o /Users/xinyufang/Library/Developer/Xcode/DerivedData/Buzz-faillbpsmponqzeruhhvskovixzk/Build/Intermediates.noindex/Stripe.build/Debug-iphonesimulator/Stripe3DS2.build/Objects-normal/arm64/STDSStripe3DS2Error.o -index-unit-output-path /Stripe.build/Debug-iphonesimulator/Stripe3DS2.build/Objects-normal/arm64/STDSStripe3DS2Error.o

CompileC /Users/xinyufang/Library/Developer/Xcode/DerivedData/Buzz-faillbpsmponqzeruhhvskovixzk/Build/Intermediates.noindex/Stripe.build/Debug-iphonesimulator/Stripe3DS2.build/Objects-normal/arm64/STDSSimulatorChecker.o /Users/xinyufang/Library/Developer/Xcode/DerivedData/Buzz-faillbpsmponqzeruhhvskovixzk/SourcePackages/checkouts/stripe-ios-spm/Stripe3DS2/Stripe3DS2/STDSSimulatorChecker.m normal arm64 objective-c com.apple.compilers.llvm.clang.1_0.compiler (in target 'Stripe3DS2' from project 'Stripe')
    cd /Users/xinyufang/Documents/Buzz/Buzz.xcodeproj
    
    Using response file: /Users/xinyufang/Library/Developer/Xcode/DerivedData/Buzz-faillbpsmponqzeruhhvskovixzk/Build/Intermediates.noindex/Stripe.build/Debug-iphonesimulator/Stripe3DS2.build/Objects-normal/arm64/e6072d4f65d7061329687fe24e3d63a7-common-args.resp
    
    /Applications/Xcode.app/Contents/Developer/Toolchains/XcodeDefault.xctoolchain/usr/bin/clang -x objective-c -ivfsstatcache /Users/xinyufang/Library/Developer/Xcode/DerivedData/SDKStatCaches.noindex/iphonesimulator26.0-23A339-26257891a6c027eb51374368541b8346.sdkstatcache -fmessage-length\=0 -fdiagnostics-show-note-include-stack -fmacro-backtrace-limit\=0 -fno-color-diagnostics -fmodules-prune-interval\=86400 -fmodules-prune-after\=345600 -fbuild-session-file\=/Users/xinyufang/Library/Developer/Xcode/DerivedData/ModuleCache.noindex/Session.modulevalidation -fmodules-validate-once-per-build-session -Wnon-modular-include-in-framework-module -Werror\=non-modular-include-in-framework-module -Wno-trigraphs -Wno-missing-field-initializers -Wno-missing-prototypes -Wno-return-type -Wno-implicit-atomic-properties -Wno-objc-interface-ivars -Wno-arc-repeated-use-of-weak -Wno-missing-braces -Wparentheses -Wswitch -Wno-unused-function -Wno-unused-label -Wno-unused-parameter -Wno-unused-variable -Wunused-value -Wno-empty-body -Wno-uninitialized -Wno-unknown-pragmas -w -Wno-shadow -Wno-four-char-constants -Wno-conversion -Wno-constant-conversion -Wno-int-conversion -Wno-bool-conversion -Wno-enum-conversion -Wno-float-conversion -Wno-non-literal-null-conversion -Wno-objc-literal-conversion -Wshorten-64-to-32 -Wpointer-sign -Wno-newline-eof -Wno-selector -Wno-strict-selector-match -Wno-undeclared-selector -Wno-deprecated-implementations -Wno-implicit-fallthrough -fstrict-aliasing -Wprotocol -Wdeprecated-declarations -Wno-sign-conversion -Wno-infinite-recursion -Wno-comma -Wno-block-capture-autoreleasing -Wno-strict-prototypes -Wno-semicolon-before-method-body -index-store-path /Users/xinyufang/Library/Developer/Xcode/DerivedData/Buzz-faillbpsmponqzeruhhvskovixzk/Index.noindex/DataStore @/Users/xinyufang/Library/Developer/Xcode/DerivedData/Buzz-faillbpsmponqzeruhhvskovixzk/Build/Intermediates.noindex/Stripe.build/Debug-iphonesimulator/Stripe3DS2.build/Objects-normal/arm64/e6072d4f65d7061329687fe24e3d63a7-common-args.resp -include /Users/xinyufang/Library/Developer/Xcode/DerivedData/Buzz-faillbpsmponqzeruhhvskovixzk/Build/Intermediates.noindex/Stripe.build/Debug-iphonesimulator/Stripe3DS2.build/DerivedSources/resource_bundle_accessor.h -MMD -MT dependencies -MF /Users/xinyufang/Library/Developer/Xcode/DerivedData/Buzz-faillbpsmponqzeruhhvskovixzk/Build/Intermediates.noindex/Stripe.build/Debug-iphonesimulator/Stripe3DS2.build/Objects-normal/arm64/STDSSimulatorChecker.d --serialize-diagnostics /Users/xinyufang/Library/Developer/Xcode/DerivedData/Buzz-faillbpsmponqzeruhhvskovixzk/Build/Intermediates.noindex/Stripe.build/Debug-iphonesimulator/Stripe3DS2.build/Objects-normal/arm64/STDSSimulatorChecker.dia -c /Users/xinyufang/Library/Developer/Xcode/DerivedData/Buzz-faillbpsmponqzeruhhvskovixzk/SourcePackages/checkouts/stripe-ios-spm/Stripe3DS2/Stripe3DS2/STDSSimulatorChecker.m -o /Users/xinyufang/Library/Developer/Xcode/DerivedData/Buzz-faillbpsmponqzeruhhvskovixzk/Build/Intermediates.noindex/Stripe.build/Debug-iphonesimulator/Stripe3DS2.build/Objects-normal/arm64/STDSSimulatorChecker.o -index-unit-output-path /Stripe.build/Debug-iphonesimulator/Stripe3DS2.build/Objects-normal/arm64/STDSSimulatorChecker.o

CompileC /Users/xinyufang/Library/Developer/Xcode/DerivedData/Buzz-faillbpsmponqzeruhhvskovixzk/Build/Intermediates.noindex/Stripe.build/Debug-iphonesimulator/Stripe3DS2.build/Objects-normal/arm64/STDSRuntimeException.o /Users/xinyufang/Library/Developer/Xcode/DerivedData/Buzz-faillbpsmponqzeruhhvskovixzk/SourcePackages/checkouts/stripe-ios-spm/Stripe3DS2/Stripe3DS2/include/STDSRuntimeException.m normal arm64 objective-c com.apple.compilers.llvm.clang.1_0.compiler (in target 'Stripe3DS2' from project 'Stripe')
    cd /Users/xinyufang/Documents/Buzz/Buzz.xcodeproj
    
    Using response file: /Users/xinyufang/Library/Developer/Xcode/DerivedData/Buzz-faillbpsmponqzeruhhvskovixzk/Build/Intermediates.noindex/Stripe.build/Debug-iphonesimulator/Stripe3DS2.build/Objects-normal/arm64/e6072d4f65d7061329687fe24e3d63a7-common-args.resp
    
    /Applications/Xcode.app/Contents/Developer/Toolchains/XcodeDefault.xctoolchain/usr/bin/clang -x objective-c -ivfsstatcache /Users/xinyufang/Library/Developer/Xcode/DerivedData/SDKStatCaches.noindex/iphonesimulator26.0-23A339-26257891a6c027eb51374368541b8346.sdkstatcache -fmessage-length\=0 -fdiagnostics-show-note-include-stack -fmacro-backtrace-limit\=0 -fno-color-diagnostics -fmodules-prune-interval\=86400 -fmodules-prune-after\=345600 -fbuild-session-file\=/Users/xinyufang/Library/Developer/Xcode/DerivedData/ModuleCache.noindex/Session.modulevalidation -fmodules-validate-once-per-build-session -Wnon-modular-include-in-framework-module -Werror\=non-modular-include-in-framework-module -Wno-trigraphs -Wno-missing-field-initializers -Wno-missing-prototypes -Wno-return-type -Wno-implicit-atomic-properties -Wno-objc-interface-ivars -Wno-arc-repeated-use-of-weak -Wno-missing-braces -Wparentheses -Wswitch -Wno-unused-function -Wno-unused-label -Wno-unused-parameter -Wno-unused-variable -Wunused-value -Wno-empty-body -Wno-uninitialized -Wno-unknown-pragmas -w -Wno-shadow -Wno-four-char-constants -Wno-conversion -Wno-constant-conversion -Wno-int-conversion -Wno-bool-conversion -Wno-enum-conversion -Wno-float-conversion -Wno-non-literal-null-conversion -Wno-objc-literal-conversion -Wshorten-64-to-32 -Wpointer-sign -Wno-newline-eof -Wno-selector -Wno-strict-selector-match -Wno-undeclared-selector -Wno-deprecated-implementations -Wno-implicit-fallthrough -fstrict-aliasing -Wprotocol -Wdeprecated-declarations -Wno-sign-conversion -Wno-infinite-recursion -Wno-comma -Wno-block-capture-autoreleasing -Wno-strict-prototypes -Wno-semicolon-before-method-body -index-store-path /Users/xinyufang/Library/Developer/Xcode/DerivedData/Buzz-faillbpsmponqzeruhhvskovixzk/Index.noindex/DataStore @/Users/xinyufang/Library/Developer/Xcode/DerivedData/Buzz-faillbpsmponqzeruhhvskovixzk/Build/Intermediates.noindex/Stripe.build/Debug-iphonesimulator/Stripe3DS2.build/Objects-normal/arm64/e6072d4f65d7061329687fe24e3d63a7-common-args.resp -include /Users/xinyufang/Library/Developer/Xcode/DerivedData/Buzz-faillbpsmponqzeruhhvskovixzk/Build/Intermediates.noindex/Stripe.build/Debug-iphonesimulator/Stripe3DS2.build/DerivedSources/resource_bundle_accessor.h -MMD -MT dependencies -MF /Users/xinyufang/Library/Developer/Xcode/DerivedData/Buzz-faillbpsmponqzeruhhvskovixzk/Build/Intermediates.noindex/Stripe.build/Debug-iphonesimulator/Stripe3DS2.build/Objects-normal/arm64/STDSRuntimeException.d --serialize-diagnostics /Users/xinyufang/Library/Developer/Xcode/DerivedData/Buzz-faillbpsmponqzeruhhvskovixzk/Build/Intermediates.noindex/Stripe.build/Debug-iphonesimulator/Stripe3DS2.build/Objects-normal/arm64/STDSRuntimeException.dia -c /Users/xinyufang/Library/Developer/Xcode/DerivedData/Buzz-faillbpsmponqzeruhhvskovixzk/SourcePackages/checkouts/stripe-ios-spm/Stripe3DS2/Stripe3DS2/include/STDSRuntimeException.m -o /Users/xinyufang/Library/Developer/Xcode/DerivedData/Buzz-faillbpsmponqzeruhhvskovixzk/Build/Intermediates.noindex/Stripe.build/Debug-iphonesimulator/Stripe3DS2.build/Objects-normal/arm64/STDSRuntimeException.o -index-unit-output-path /Stripe.build/Debug-iphonesimulator/Stripe3DS2.build/Objects-normal/arm64/STDSRuntimeException.o

SwiftDriverJobDiscovery normal arm64 Emitting module for IssueReportingPackageSupport (in target 'IssueReportingPackageSupport' from project 'xctest-dynamic-overlay')

SwiftDriver\ Compilation\ Requirements IssueReportingPackageSupport normal arm64 com.apple.xcode.tools.swift.compiler (in target 'IssueReportingPackageSupport' from project 'xctest-dynamic-overlay')
    cd /Users/xinyufang/Documents/Buzz/Buzz.xcodeproj
    builtin-Swift-Compilation-Requirements -- /Applications/Xcode.app/Contents/Developer/Toolchains/XcodeDefault.xctoolchain/usr/bin/swiftc -module-name IssueReportingPackageSupport -Onone -enforce-exclusivity\=checked @/Users/xinyufang/Library/Developer/Xcode/DerivedData/Buzz-faillbpsmponqzeruhhvskovixzk/Build/Intermediates.noindex/xctest-dynamic-overlay.build/Debug-iphonesimulator/IssueReportingPackageSupport.build/Objects-normal/arm64/IssueReportingPackageSupport.SwiftFileList -DSWIFT_PACKAGE -DDEBUG -DSWIFT_MODULE_RESOURCE_BUNDLE_UNAVAILABLE -DXcode -plugin-path /Applications/Xcode.app/Contents/Developer/Toolchains/XcodeDefault.xctoolchain/usr/lib/swift/host/plugins/testing -enable-experimental-feature DebugDescriptionMacro -sdk /Applications/Xcode.app/Contents/Developer/Platforms/iPhoneSimulator.platform/Developer/SDKs/iPhoneSimulator26.0.sdk -target arm64-apple-ios13.0-simulator -g -module-cache-path /Users/xinyufang/Library/Developer/Xcode/DerivedData/ModuleCache.noindex -Xfrontend -serialize-debugging-options -enable-testing -suppress-warnings -index-store-path /Users/xinyufang/Library/Developer/Xcode/DerivedData/Buzz-faillbpsmponqzeruhhvskovixzk/Index.noindex/DataStore -Xcc -D_LIBCPP_HARDENING_MODE\=_LIBCPP_HARDENING_MODE_DEBUG -swift-version 6 -I /Users/xinyufang/Library/Developer/Xcode/DerivedData/Buzz-faillbpsmponqzeruhhvskovixzk/Build/Products/Debug-iphonesimulator -Isystem /Applications/Xcode.app/Contents/Developer/Platforms/iPhoneSimulator.platform/Developer/usr/lib -F /Users/xinyufang/Library/Developer/Xcode/DerivedData/Buzz-faillbpsmponqzeruhhvskovixzk/Build/Products/Debug-iphonesimulator -F /Applications/Xcode.app/Contents/Developer/Platforms/iPhoneSimulator.platform/Developer/Library/Frameworks -F /Applications/Xcode.app/Contents/Developer/Platforms/iPhoneSimulator.platform/Developer/SDKs/iPhoneSimulator26.0.sdk/Developer/Library/Frameworks -parse-as-library -c -j8 -enable-batch-mode -incremental -Xcc -ivfsstatcache -Xcc /Users/xinyufang/Library/Developer/Xcode/DerivedData/SDKStatCaches.noindex/iphonesimulator26.0-23A339-26257891a6c027eb51374368541b8346.sdkstatcache -output-file-map /Users/xinyufang/Library/Developer/Xcode/DerivedData/Buzz-faillbpsmponqzeruhhvskovixzk/Build/Intermediates.noindex/xctest-dynamic-overlay.build/Debug-iphonesimulator/IssueReportingPackageSupport.build/Objects-normal/arm64/IssueReportingPackageSupport-OutputFileMap.json -use-frontend-parseable-output -save-temps -no-color-diagnostics -explicit-module-build -module-cache-path /Users/xinyufang/Library/Developer/Xcode/DerivedData/Buzz-faillbpsmponqzeruhhvskovixzk/Build/Intermediates.noindex/SwiftExplicitPrecompiledModules -clang-scanner-module-cache-path /Users/xinyufang/Library/Developer/Xcode/DerivedData/ModuleCache.noindex -sdk-module-cache-path /Users/xinyufang/Library/Developer/Xcode/DerivedData/ModuleCache.noindex -serialize-diagnostics -emit-dependencies -emit-module -emit-module-path /Users/xinyufang/Library/Developer/Xcode/DerivedData/Buzz-faillbpsmponqzeruhhvskovixzk/Build/Intermediates.noindex/xctest-dynamic-overlay.build/Debug-iphonesimulator/IssueReportingPackageSupport.build/Objects-normal/arm64/IssueReportingPackageSupport.swiftmodule -user-module-version 1.7.0 -validate-clang-modules-once -clang-build-session-file /Users/xinyufang/Library/Developer/Xcode/DerivedData/ModuleCache.noindex/Session.modulevalidation -package-name xctest_dynamic_overlay -Xcc -I/Users/xinyufang/Library/Developer/Xcode/DerivedData/Buzz-faillbpsmponqzeruhhvskovixzk/Build/Intermediates.noindex/xctest-dynamic-overlay.build/Debug-iphonesimulator/IssueReportingPackageSupport.build/swift-overrides.hmap -emit-const-values -Xfrontend -const-gather-protocols-file -Xfrontend /Users/xinyufang/Library/Developer/Xcode/DerivedData/Buzz-faillbpsmponqzeruhhvskovixzk/Build/Intermediates.noindex/xctest-dynamic-overlay.build/Debug-iphonesimulator/IssueReportingPackageSupport.build/Objects-normal/arm64/IssueReportingPackageSupport_const_extract_protocols.json -Xcc -I/Users/xinyufang/Library/Developer/Xcode/DerivedData/Buzz-faillbpsmponqzeruhhvskovixzk/Build/Products/Debug-iphonesimulator/include -Xcc -I/Users/xinyufang/Library/Developer/Xcode/DerivedData/Buzz-faillbpsmponqzeruhhvskovixzk/Build/Intermediates.noindex/xctest-dynamic-overlay.build/Debug-iphonesimulator/IssueReportingPackageSupport.build/DerivedSources-normal/arm64 -Xcc -I/Users/xinyufang/Library/Developer/Xcode/DerivedData/Buzz-faillbpsmponqzeruhhvskovixzk/Build/Intermediates.noindex/xctest-dynamic-overlay.build/Debug-iphonesimulator/IssueReportingPackageSupport.build/DerivedSources/arm64 -Xcc -I/Users/xinyufang/Library/Developer/Xcode/DerivedData/Buzz-faillbpsmponqzeruhhvskovixzk/Build/Intermediates.noindex/xctest-dynamic-overlay.build/Debug-iphonesimulator/IssueReportingPackageSupport.build/DerivedSources -Xcc -DSWIFT_PACKAGE -Xcc -DDEBUG\=1 -emit-objc-header -emit-objc-header-path /Users/xinyufang/Library/Developer/Xcode/DerivedData/Buzz-faillbpsmponqzeruhhvskovixzk/Build/Intermediates.noindex/xctest-dynamic-overlay.build/Debug-iphonesimulator/IssueReportingPackageSupport.build/Objects-normal/arm64/IssueReportingPackageSupport-Swift.h -working-directory /Users/xinyufang/Documents/Buzz/Buzz.xcodeproj -experimental-emit-module-separately -disable-cmo

CompileC /Users/xinyufang/Library/Developer/Xcode/DerivedData/Buzz-faillbpsmponqzeruhhvskovixzk/Build/Intermediates.noindex/Stripe.build/Debug-iphonesimulator/Stripe3DS2.build/Objects-normal/arm64/STDSRuntimeErrorEvent.o /Users/xinyufang/Library/Developer/Xcode/DerivedData/Buzz-faillbpsmponqzeruhhvskovixzk/SourcePackages/checkouts/stripe-ios-spm/Stripe3DS2/Stripe3DS2/include/STDSRuntimeErrorEvent.m normal arm64 objective-c com.apple.compilers.llvm.clang.1_0.compiler (in target 'Stripe3DS2' from project 'Stripe')
    cd /Users/xinyufang/Documents/Buzz/Buzz.xcodeproj
    
    Using response file: /Users/xinyufang/Library/Developer/Xcode/DerivedData/Buzz-faillbpsmponqzeruhhvskovixzk/Build/Intermediates.noindex/Stripe.build/Debug-iphonesimulator/Stripe3DS2.build/Objects-normal/arm64/e6072d4f65d7061329687fe24e3d63a7-common-args.resp
    
    /Applications/Xcode.app/Contents/Developer/Toolchains/XcodeDefault.xctoolchain/usr/bin/clang -x objective-c -ivfsstatcache /Users/xinyufang/Library/Developer/Xcode/DerivedData/SDKStatCaches.noindex/iphonesimulator26.0-23A339-26257891a6c027eb51374368541b8346.sdkstatcache -fmessage-length\=0 -fdiagnostics-show-note-include-stack -fmacro-backtrace-limit\=0 -fno-color-diagnostics -fmodules-prune-interval\=86400 -fmodules-prune-after\=345600 -fbuild-session-file\=/Users/xinyufang/Library/Developer/Xcode/DerivedData/ModuleCache.noindex/Session.modulevalidation -fmodules-validate-once-per-build-session -Wnon-modular-include-in-framework-module -Werror\=non-modular-include-in-framework-module -Wno-trigraphs -Wno-missing-field-initializers -Wno-missing-prototypes -Wno-return-type -Wno-implicit-atomic-properties -Wno-objc-interface-ivars -Wno-arc-repeated-use-of-weak -Wno-missing-braces -Wparentheses -Wswitch -Wno-unused-function -Wno-unused-label -Wno-unused-parameter -Wno-unused-variable -Wunused-value -Wno-empty-body -Wno-uninitialized -Wno-unknown-pragmas -w -Wno-shadow -Wno-four-char-constants -Wno-conversion -Wno-constant-conversion -Wno-int-conversion -Wno-bool-conversion -Wno-enum-conversion -Wno-float-conversion -Wno-non-literal-null-conversion -Wno-objc-literal-conversion -Wshorten-64-to-32 -Wpointer-sign -Wno-newline-eof -Wno-selector -Wno-strict-selector-match -Wno-undeclared-selector -Wno-deprecated-implementations -Wno-implicit-fallthrough -fstrict-aliasing -Wprotocol -Wdeprecated-declarations -Wno-sign-conversion -Wno-infinite-recursion -Wno-comma -Wno-block-capture-autoreleasing -Wno-strict-prototypes -Wno-semicolon-before-method-body -index-store-path /Users/xinyufang/Library/Developer/Xcode/DerivedData/Buzz-faillbpsmponqzeruhhvskovixzk/Index.noindex/DataStore @/Users/xinyufang/Library/Developer/Xcode/DerivedData/Buzz-faillbpsmponqzeruhhvskovixzk/Build/Intermediates.noindex/Stripe.build/Debug-iphonesimulator/Stripe3DS2.build/Objects-normal/arm64/e6072d4f65d7061329687fe24e3d63a7-common-args.resp -include /Users/xinyufang/Library/Developer/Xcode/DerivedData/Buzz-faillbpsmponqzeruhhvskovixzk/Build/Intermediates.noindex/Stripe.build/Debug-iphonesimulator/Stripe3DS2.build/DerivedSources/resource_bundle_accessor.h -MMD -MT dependencies -MF /Users/xinyufang/Library/Developer/Xcode/DerivedData/Buzz-faillbpsmponqzeruhhvskovixzk/Build/Intermediates.noindex/Stripe.build/Debug-iphonesimulator/Stripe3DS2.build/Objects-normal/arm64/STDSRuntimeErrorEvent.d --serialize-diagnostics /Users/xinyufang/Library/Developer/Xcode/DerivedData/Buzz-faillbpsmponqzeruhhvskovixzk/Build/Intermediates.noindex/Stripe.build/Debug-iphonesimulator/Stripe3DS2.build/Objects-normal/arm64/STDSRuntimeErrorEvent.dia -c /Users/xinyufang/Library/Developer/Xcode/DerivedData/Buzz-faillbpsmponqzeruhhvskovixzk/SourcePackages/checkouts/stripe-ios-spm/Stripe3DS2/Stripe3DS2/include/STDSRuntimeErrorEvent.m -o /Users/xinyufang/Library/Developer/Xcode/DerivedData/Buzz-faillbpsmponqzeruhhvskovixzk/Build/Intermediates.noindex/Stripe.build/Debug-iphonesimulator/Stripe3DS2.build/Objects-normal/arm64/STDSRuntimeErrorEvent.o -index-unit-output-path /Stripe.build/Debug-iphonesimulator/Stripe3DS2.build/Objects-normal/arm64/STDSRuntimeErrorEvent.o

CompileC /Users/xinyufang/Library/Developer/Xcode/DerivedData/Buzz-faillbpsmponqzeruhhvskovixzk/Build/Intermediates.noindex/Stripe.build/Debug-iphonesimulator/Stripe3DS2.build/Objects-normal/arm64/STDSProtocolErrorEvent.o /Users/xinyufang/Library/Developer/Xcode/DerivedData/Buzz-faillbpsmponqzeruhhvskovixzk/SourcePackages/checkouts/stripe-ios-spm/Stripe3DS2/Stripe3DS2/include/STDSProtocolErrorEvent.m normal arm64 objective-c com.apple.compilers.llvm.clang.1_0.compiler (in target 'Stripe3DS2' from project 'Stripe')
    cd /Users/xinyufang/Documents/Buzz/Buzz.xcodeproj
    
    Using response file: /Users/xinyufang/Library/Developer/Xcode/DerivedData/Buzz-faillbpsmponqzeruhhvskovixzk/Build/Intermediates.noindex/Stripe.build/Debug-iphonesimulator/Stripe3DS2.build/Objects-normal/arm64/e6072d4f65d7061329687fe24e3d63a7-common-args.resp
    
    /Applications/Xcode.app/Contents/Developer/Toolchains/XcodeDefault.xctoolchain/usr/bin/clang -x objective-c -ivfsstatcache /Users/xinyufang/Library/Developer/Xcode/DerivedData/SDKStatCaches.noindex/iphonesimulator26.0-23A339-26257891a6c027eb51374368541b8346.sdkstatcache -fmessage-length\=0 -fdiagnostics-show-note-include-stack -fmacro-backtrace-limit\=0 -fno-color-diagnostics -fmodules-prune-interval\=86400 -fmodules-prune-after\=345600 -fbuild-session-file\=/Users/xinyufang/Library/Developer/Xcode/DerivedData/ModuleCache.noindex/Session.modulevalidation -fmodules-validate-once-per-build-session -Wnon-modular-include-in-framework-module -Werror\=non-modular-include-in-framework-module -Wno-trigraphs -Wno-missing-field-initializers -Wno-missing-prototypes -Wno-return-type -Wno-implicit-atomic-properties -Wno-objc-interface-ivars -Wno-arc-repeated-use-of-weak -Wno-missing-braces -Wparentheses -Wswitch -Wno-unused-function -Wno-unused-label -Wno-unused-parameter -Wno-unused-variable -Wunused-value -Wno-empty-body -Wno-uninitialized -Wno-unknown-pragmas -w -Wno-shadow -Wno-four-char-constants -Wno-conversion -Wno-constant-conversion -Wno-int-conversion -Wno-bool-conversion -Wno-enum-conversion -Wno-float-conversion -Wno-non-literal-null-conversion -Wno-objc-literal-conversion -Wshorten-64-to-32 -Wpointer-sign -Wno-newline-eof -Wno-selector -Wno-strict-selector-match -Wno-undeclared-selector -Wno-deprecated-implementations -Wno-implicit-fallthrough -fstrict-aliasing -Wprotocol -Wdeprecated-declarations -Wno-sign-conversion -Wno-infinite-recursion -Wno-comma -Wno-block-capture-autoreleasing -Wno-strict-prototypes -Wno-semicolon-before-method-body -index-store-path /Users/xinyufang/Library/Developer/Xcode/DerivedData/Buzz-faillbpsmponqzeruhhvskovixzk/Index.noindex/DataStore @/Users/xinyufang/Library/Developer/Xcode/DerivedData/Buzz-faillbpsmponqzeruhhvskovixzk/Build/Intermediates.noindex/Stripe.build/Debug-iphonesimulator/Stripe3DS2.build/Objects-normal/arm64/e6072d4f65d7061329687fe24e3d63a7-common-args.resp -include /Users/xinyufang/Library/Developer/Xcode/DerivedData/Buzz-faillbpsmponqzeruhhvskovixzk/Build/Intermediates.noindex/Stripe.build/Debug-iphonesimulator/Stripe3DS2.build/DerivedSources/resource_bundle_accessor.h -MMD -MT dependencies -MF /Users/xinyufang/Library/Developer/Xcode/DerivedData/Buzz-faillbpsmponqzeruhhvskovixzk/Build/Intermediates.noindex/Stripe.build/Debug-iphonesimulator/Stripe3DS2.build/Objects-normal/arm64/STDSProtocolErrorEvent.d --serialize-diagnostics /Users/xinyufang/Library/Developer/Xcode/DerivedData/Buzz-faillbpsmponqzeruhhvskovixzk/Build/Intermediates.noindex/Stripe.build/Debug-iphonesimulator/Stripe3DS2.build/Objects-normal/arm64/STDSProtocolErrorEvent.dia -c /Users/xinyufang/Library/Developer/Xcode/DerivedData/Buzz-faillbpsmponqzeruhhvskovixzk/SourcePackages/checkouts/stripe-ios-spm/Stripe3DS2/Stripe3DS2/include/STDSProtocolErrorEvent.m -o /Users/xinyufang/Library/Developer/Xcode/DerivedData/Buzz-faillbpsmponqzeruhhvskovixzk/Build/Intermediates.noindex/Stripe.build/Debug-iphonesimulator/Stripe3DS2.build/Objects-normal/arm64/STDSProtocolErrorEvent.o -index-unit-output-path /Stripe.build/Debug-iphonesimulator/Stripe3DS2.build/Objects-normal/arm64/STDSProtocolErrorEvent.o

SwiftMergeGeneratedHeaders /Users/xinyufang/Library/Developer/Xcode/DerivedData/Buzz-faillbpsmponqzeruhhvskovixzk/Build/Intermediates.noindex/GeneratedModuleMaps-iphonesimulator/IssueReportingPackageSupport-Swift.h /Users/xinyufang/Library/Developer/Xcode/DerivedData/Buzz-faillbpsmponqzeruhhvskovixzk/Build/Intermediates.noindex/xctest-dynamic-overlay.build/Debug-iphonesimulator/IssueReportingPackageSupport.build/Objects-normal/arm64/IssueReportingPackageSupport-Swift.h (in target 'IssueReportingPackageSupport' from project 'xctest-dynamic-overlay')
    cd /Users/xinyufang/Library/Developer/Xcode/DerivedData/Buzz-faillbpsmponqzeruhhvskovixzk/SourcePackages/checkouts/xctest-dynamic-overlay
    builtin-swiftHeaderTool -arch arm64 /Users/xinyufang/Library/Developer/Xcode/DerivedData/Buzz-faillbpsmponqzeruhhvskovixzk/Build/Intermediates.noindex/xctest-dynamic-overlay.build/Debug-iphonesimulator/IssueReportingPackageSupport.build/Objects-normal/arm64/IssueReportingPackageSupport-Swift.h -o /Users/xinyufang/Library/Developer/Xcode/DerivedData/Buzz-faillbpsmponqzeruhhvskovixzk/Build/Intermediates.noindex/GeneratedModuleMaps-iphonesimulator/IssueReportingPackageSupport-Swift.h

Copy /Users/xinyufang/Library/Developer/Xcode/DerivedData/Buzz-faillbpsmponqzeruhhvskovixzk/Build/Products/Debug-iphonesimulator/IssueReportingPackageSupport.swiftmodule/arm64-apple-ios-simulator.swiftmodule /Users/xinyufang/Library/Developer/Xcode/DerivedData/Buzz-faillbpsmponqzeruhhvskovixzk/Build/Intermediates.noindex/xctest-dynamic-overlay.build/Debug-iphonesimulator/IssueReportingPackageSupport.build/Objects-normal/arm64/IssueReportingPackageSupport.swiftmodule (in target 'IssueReportingPackageSupport' from project 'xctest-dynamic-overlay')
    cd /Users/xinyufang/Library/Developer/Xcode/DerivedData/Buzz-faillbpsmponqzeruhhvskovixzk/SourcePackages/checkouts/xctest-dynamic-overlay
    builtin-copy -exclude .DS_Store -exclude CVS -exclude .svn -exclude .git -exclude .hg -resolve-src-symlinks -rename /Users/xinyufang/Library/Developer/Xcode/DerivedData/Buzz-faillbpsmponqzeruhhvskovixzk/Build/Intermediates.noindex/xctest-dynamic-overlay.build/Debug-iphonesimulator/IssueReportingPackageSupport.build/Objects-normal/arm64/IssueReportingPackageSupport.swiftmodule /Users/xinyufang/Library/Developer/Xcode/DerivedData/Buzz-faillbpsmponqzeruhhvskovixzk/Build/Products/Debug-iphonesimulator/IssueReportingPackageSupport.swiftmodule/arm64-apple-ios-simulator.swiftmodule

Copy /Users/xinyufang/Library/Developer/Xcode/DerivedData/Buzz-faillbpsmponqzeruhhvskovixzk/Build/Products/Debug-iphonesimulator/IssueReportingPackageSupport.swiftmodule/arm64-apple-ios-simulator.swiftdoc /Users/xinyufang/Library/Developer/Xcode/DerivedData/Buzz-faillbpsmponqzeruhhvskovixzk/Build/Intermediates.noindex/xctest-dynamic-overlay.build/Debug-iphonesimulator/IssueReportingPackageSupport.build/Objects-normal/arm64/IssueReportingPackageSupport.swiftdoc (in target 'IssueReportingPackageSupport' from project 'xctest-dynamic-overlay')
    cd /Users/xinyufang/Library/Developer/Xcode/DerivedData/Buzz-faillbpsmponqzeruhhvskovixzk/SourcePackages/checkouts/xctest-dynamic-overlay
    builtin-copy -exclude .DS_Store -exclude CVS -exclude .svn -exclude .git -exclude .hg -resolve-src-symlinks -rename /Users/xinyufang/Library/Developer/Xcode/DerivedData/Buzz-faillbpsmponqzeruhhvskovixzk/Build/Intermediates.noindex/xctest-dynamic-overlay.build/Debug-iphonesimulator/IssueReportingPackageSupport.build/Objects-normal/arm64/IssueReportingPackageSupport.swiftdoc /Users/xinyufang/Library/Developer/Xcode/DerivedData/Buzz-faillbpsmponqzeruhhvskovixzk/Build/Products/Debug-iphonesimulator/IssueReportingPackageSupport.swiftmodule/arm64-apple-ios-simulator.swiftdoc

Copy /Users/xinyufang/Library/Developer/Xcode/DerivedData/Buzz-faillbpsmponqzeruhhvskovixzk/Build/Products/Debug-iphonesimulator/IssueReportingPackageSupport.swiftmodule/arm64-apple-ios-simulator.abi.json /Users/xinyufang/Library/Developer/Xcode/DerivedData/Buzz-faillbpsmponqzeruhhvskovixzk/Build/Intermediates.noindex/xctest-dynamic-overlay.build/Debug-iphonesimulator/IssueReportingPackageSupport.build/Objects-normal/arm64/IssueReportingPackageSupport.abi.json (in target 'IssueReportingPackageSupport' from project 'xctest-dynamic-overlay')
    cd /Users/xinyufang/Library/Developer/Xcode/DerivedData/Buzz-faillbpsmponqzeruhhvskovixzk/SourcePackages/checkouts/xctest-dynamic-overlay
    builtin-copy -exclude .DS_Store -exclude CVS -exclude .svn -exclude .git -exclude .hg -resolve-src-symlinks -rename /Users/xinyufang/Library/Developer/Xcode/DerivedData/Buzz-faillbpsmponqzeruhhvskovixzk/Build/Intermediates.noindex/xctest-dynamic-overlay.build/Debug-iphonesimulator/IssueReportingPackageSupport.build/Objects-normal/arm64/IssueReportingPackageSupport.abi.json /Users/xinyufang/Library/Developer/Xcode/DerivedData/Buzz-faillbpsmponqzeruhhvskovixzk/Build/Products/Debug-iphonesimulator/IssueReportingPackageSupport.swiftmodule/arm64-apple-ios-simulator.abi.json

Copy /Users/xinyufang/Library/Developer/Xcode/DerivedData/Buzz-faillbpsmponqzeruhhvskovixzk/Build/Products/Debug-iphonesimulator/IssueReportingPackageSupport.swiftmodule/Project/arm64-apple-ios-simulator.swiftsourceinfo /Users/xinyufang/Library/Developer/Xcode/DerivedData/Buzz-faillbpsmponqzeruhhvskovixzk/Build/Intermediates.noindex/xctest-dynamic-overlay.build/Debug-iphonesimulator/IssueReportingPackageSupport.build/Objects-normal/arm64/IssueReportingPackageSupport.swiftsourceinfo (in target 'IssueReportingPackageSupport' from project 'xctest-dynamic-overlay')
    cd /Users/xinyufang/Library/Developer/Xcode/DerivedData/Buzz-faillbpsmponqzeruhhvskovixzk/SourcePackages/checkouts/xctest-dynamic-overlay
    builtin-copy -exclude .DS_Store -exclude CVS -exclude .svn -exclude .git -exclude .hg -resolve-src-symlinks -rename /Users/xinyufang/Library/Developer/Xcode/DerivedData/Buzz-faillbpsmponqzeruhhvskovixzk/Build/Intermediates.noindex/xctest-dynamic-overlay.build/Debug-iphonesimulator/IssueReportingPackageSupport.build/Objects-normal/arm64/IssueReportingPackageSupport.swiftsourceinfo /Users/xinyufang/Library/Developer/Xcode/DerivedData/Buzz-faillbpsmponqzeruhhvskovixzk/Build/Products/Debug-iphonesimulator/IssueReportingPackageSupport.swiftmodule/Project/arm64-apple-ios-simulator.swiftsourceinfo

CompileC /Users/xinyufang/Library/Developer/Xcode/DerivedData/Buzz-faillbpsmponqzeruhhvskovixzk/Build/Intermediates.noindex/Stripe.build/Debug-iphonesimulator/Stripe3DS2.build/Objects-normal/arm64/STDSOSVersionChecker.o /Users/xinyufang/Library/Developer/Xcode/DerivedData/Buzz-faillbpsmponqzeruhhvskovixzk/SourcePackages/checkouts/stripe-ios-spm/Stripe3DS2/Stripe3DS2/STDSOSVersionChecker.m normal arm64 objective-c com.apple.compilers.llvm.clang.1_0.compiler (in target 'Stripe3DS2' from project 'Stripe')
    cd /Users/xinyufang/Documents/Buzz/Buzz.xcodeproj
    
    Using response file: /Users/xinyufang/Library/Developer/Xcode/DerivedData/Buzz-faillbpsmponqzeruhhvskovixzk/Build/Intermediates.noindex/Stripe.build/Debug-iphonesimulator/Stripe3DS2.build/Objects-normal/arm64/e6072d4f65d7061329687fe24e3d63a7-common-args.resp
    
    /Applications/Xcode.app/Contents/Developer/Toolchains/XcodeDefault.xctoolchain/usr/bin/clang -x objective-c -ivfsstatcache /Users/xinyufang/Library/Developer/Xcode/DerivedData/SDKStatCaches.noindex/iphonesimulator26.0-23A339-26257891a6c027eb51374368541b8346.sdkstatcache -fmessage-length\=0 -fdiagnostics-show-note-include-stack -fmacro-backtrace-limit\=0 -fno-color-diagnostics -fmodules-prune-interval\=86400 -fmodules-prune-after\=345600 -fbuild-session-file\=/Users/xinyufang/Library/Developer/Xcode/DerivedData/ModuleCache.noindex/Session.modulevalidation -fmodules-validate-once-per-build-session -Wnon-modular-include-in-framework-module -Werror\=non-modular-include-in-framework-module -Wno-trigraphs -Wno-missing-field-initializers -Wno-missing-prototypes -Wno-return-type -Wno-implicit-atomic-properties -Wno-objc-interface-ivars -Wno-arc-repeated-use-of-weak -Wno-missing-braces -Wparentheses -Wswitch -Wno-unused-function -Wno-unused-label -Wno-unused-parameter -Wno-unused-variable -Wunused-value -Wno-empty-body -Wno-uninitialized -Wno-unknown-pragmas -w -Wno-shadow -Wno-four-char-constants -Wno-conversion -Wno-constant-conversion -Wno-int-conversion -Wno-bool-conversion -Wno-enum-conversion -Wno-float-conversion -Wno-non-literal-null-conversion -Wno-objc-literal-conversion -Wshorten-64-to-32 -Wpointer-sign -Wno-newline-eof -Wno-selector -Wno-strict-selector-match -Wno-undeclared-selector -Wno-deprecated-implementations -Wno-implicit-fallthrough -fstrict-aliasing -Wprotocol -Wdeprecated-declarations -Wno-sign-conversion -Wno-infinite-recursion -Wno-comma -Wno-block-capture-autoreleasing -Wno-strict-prototypes -Wno-semicolon-before-method-body -index-store-path /Users/xinyufang/Library/Developer/Xcode/DerivedData/Buzz-faillbpsmponqzeruhhvskovixzk/Index.noindex/DataStore @/Users/xinyufang/Library/Developer/Xcode/DerivedData/Buzz-faillbpsmponqzeruhhvskovixzk/Build/Intermediates.noindex/Stripe.build/Debug-iphonesimulator/Stripe3DS2.build/Objects-normal/arm64/e6072d4f65d7061329687fe24e3d63a7-common-args.resp -include /Users/xinyufang/Library/Developer/Xcode/DerivedData/Buzz-faillbpsmponqzeruhhvskovixzk/Build/Intermediates.noindex/Stripe.build/Debug-iphonesimulator/Stripe3DS2.build/DerivedSources/resource_bundle_accessor.h -MMD -MT dependencies -MF /Users/xinyufang/Library/Developer/Xcode/DerivedData/Buzz-faillbpsmponqzeruhhvskovixzk/Build/Intermediates.noindex/Stripe.build/Debug-iphonesimulator/Stripe3DS2.build/Objects-normal/arm64/STDSOSVersionChecker.d --serialize-diagnostics /Users/xinyufang/Library/Developer/Xcode/DerivedData/Buzz-faillbpsmponqzeruhhvskovixzk/Build/Intermediates.noindex/Stripe.build/Debug-iphonesimulator/Stripe3DS2.build/Objects-normal/arm64/STDSOSVersionChecker.dia -c /Users/xinyufang/Library/Developer/Xcode/DerivedData/Buzz-faillbpsmponqzeruhhvskovixzk/SourcePackages/checkouts/stripe-ios-spm/Stripe3DS2/Stripe3DS2/STDSOSVersionChecker.m -o /Users/xinyufang/Library/Developer/Xcode/DerivedData/Buzz-faillbpsmponqzeruhhvskovixzk/Build/Intermediates.noindex/Stripe.build/Debug-iphonesimulator/Stripe3DS2.build/Objects-normal/arm64/STDSOSVersionChecker.o -index-unit-output-path /Stripe.build/Debug-iphonesimulator/Stripe3DS2.build/Objects-normal/arm64/STDSOSVersionChecker.o

CompileC /Users/xinyufang/Library/Developer/Xcode/DerivedData/Buzz-faillbpsmponqzeruhhvskovixzk/Build/Intermediates.noindex/Stripe.build/Debug-iphonesimulator/Stripe3DS2.build/Objects-normal/arm64/STDSNotInitializedException.o /Users/xinyufang/Library/Developer/Xcode/DerivedData/Buzz-faillbpsmponqzeruhhvskovixzk/SourcePackages/checkouts/stripe-ios-spm/Stripe3DS2/Stripe3DS2/include/STDSNotInitializedException.m normal arm64 objective-c com.apple.compilers.llvm.clang.1_0.compiler (in target 'Stripe3DS2' from project 'Stripe')
    cd /Users/xinyufang/Documents/Buzz/Buzz.xcodeproj
    
    Using response file: /Users/xinyufang/Library/Developer/Xcode/DerivedData/Buzz-faillbpsmponqzeruhhvskovixzk/Build/Intermediates.noindex/Stripe.build/Debug-iphonesimulator/Stripe3DS2.build/Objects-normal/arm64/e6072d4f65d7061329687fe24e3d63a7-common-args.resp
    
    /Applications/Xcode.app/Contents/Developer/Toolchains/XcodeDefault.xctoolchain/usr/bin/clang -x objective-c -ivfsstatcache /Users/xinyufang/Library/Developer/Xcode/DerivedData/SDKStatCaches.noindex/iphonesimulator26.0-23A339-26257891a6c027eb51374368541b8346.sdkstatcache -fmessage-length\=0 -fdiagnostics-show-note-include-stack -fmacro-backtrace-limit\=0 -fno-color-diagnostics -fmodules-prune-interval\=86400 -fmodules-prune-after\=345600 -fbuild-session-file\=/Users/xinyufang/Library/Developer/Xcode/DerivedData/ModuleCache.noindex/Session.modulevalidation -fmodules-validate-once-per-build-session -Wnon-modular-include-in-framework-module -Werror\=non-modular-include-in-framework-module -Wno-trigraphs -Wno-missing-field-initializers -Wno-missing-prototypes -Wno-return-type -Wno-implicit-atomic-properties -Wno-objc-interface-ivars -Wno-arc-repeated-use-of-weak -Wno-missing-braces -Wparentheses -Wswitch -Wno-unused-function -Wno-unused-label -Wno-unused-parameter -Wno-unused-variable -Wunused-value -Wno-empty-body -Wno-uninitialized -Wno-unknown-pragmas -w -Wno-shadow -Wno-four-char-constants -Wno-conversion -Wno-constant-conversion -Wno-int-conversion -Wno-bool-conversion -Wno-enum-conversion -Wno-float-conversion -Wno-non-literal-null-conversion -Wno-objc-literal-conversion -Wshorten-64-to-32 -Wpointer-sign -Wno-newline-eof -Wno-selector -Wno-strict-selector-match -Wno-undeclared-selector -Wno-deprecated-implementations -Wno-implicit-fallthrough -fstrict-aliasing -Wprotocol -Wdeprecated-declarations -Wno-sign-conversion -Wno-infinite-recursion -Wno-comma -Wno-block-capture-autoreleasing -Wno-strict-prototypes -Wno-semicolon-before-method-body -index-store-path /Users/xinyufang/Library/Developer/Xcode/DerivedData/Buzz-faillbpsmponqzeruhhvskovixzk/Index.noindex/DataStore @/Users/xinyufang/Library/Developer/Xcode/DerivedData/Buzz-faillbpsmponqzeruhhvskovixzk/Build/Intermediates.noindex/Stripe.build/Debug-iphonesimulator/Stripe3DS2.build/Objects-normal/arm64/e6072d4f65d7061329687fe24e3d63a7-common-args.resp -include /Users/xinyufang/Library/Developer/Xcode/DerivedData/Buzz-faillbpsmponqzeruhhvskovixzk/Build/Intermediates.noindex/Stripe.build/Debug-iphonesimulator/Stripe3DS2.build/DerivedSources/resource_bundle_accessor.h -MMD -MT dependencies -MF /Users/xinyufang/Library/Developer/Xcode/DerivedData/Buzz-faillbpsmponqzeruhhvskovixzk/Build/Intermediates.noindex/Stripe.build/Debug-iphonesimulator/Stripe3DS2.build/Objects-normal/arm64/STDSNotInitializedException.d --serialize-diagnostics /Users/xinyufang/Library/Developer/Xcode/DerivedData/Buzz-faillbpsmponqzeruhhvskovixzk/Build/Intermediates.noindex/Stripe.build/Debug-iphonesimulator/Stripe3DS2.build/Objects-normal/arm64/STDSNotInitializedException.dia -c /Users/xinyufang/Library/Developer/Xcode/DerivedData/Buzz-faillbpsmponqzeruhhvskovixzk/SourcePackages/checkouts/stripe-ios-spm/Stripe3DS2/Stripe3DS2/include/STDSNotInitializedException.m -o /Users/xinyufang/Library/Developer/Xcode/DerivedData/Buzz-faillbpsmponqzeruhhvskovixzk/Build/Intermediates.noindex/Stripe.build/Debug-iphonesimulator/Stripe3DS2.build/Objects-normal/arm64/STDSNotInitializedException.o -index-unit-output-path /Stripe.build/Debug-iphonesimulator/Stripe3DS2.build/Objects-normal/arm64/STDSNotInitializedException.o

CompileC /Users/xinyufang/Library/Developer/Xcode/DerivedData/Buzz-faillbpsmponqzeruhhvskovixzk/Build/Intermediates.noindex/Stripe.build/Debug-iphonesimulator/Stripe3DS2.build/Objects-normal/arm64/STDSJSONEncoder.o /Users/xinyufang/Library/Developer/Xcode/DerivedData/Buzz-faillbpsmponqzeruhhvskovixzk/SourcePackages/checkouts/stripe-ios-spm/Stripe3DS2/Stripe3DS2/include/STDSJSONEncoder.m normal arm64 objective-c com.apple.compilers.llvm.clang.1_0.compiler (in target 'Stripe3DS2' from project 'Stripe')
    cd /Users/xinyufang/Documents/Buzz/Buzz.xcodeproj
    
    Using response file: /Users/xinyufang/Library/Developer/Xcode/DerivedData/Buzz-faillbpsmponqzeruhhvskovixzk/Build/Intermediates.noindex/Stripe.build/Debug-iphonesimulator/Stripe3DS2.build/Objects-normal/arm64/e6072d4f65d7061329687fe24e3d63a7-common-args.resp
    
    /Applications/Xcode.app/Contents/Developer/Toolchains/XcodeDefault.xctoolchain/usr/bin/clang -x objective-c -ivfsstatcache /Users/xinyufang/Library/Developer/Xcode/DerivedData/SDKStatCaches.noindex/iphonesimulator26.0-23A339-26257891a6c027eb51374368541b8346.sdkstatcache -fmessage-length\=0 -fdiagnostics-show-note-include-stack -fmacro-backtrace-limit\=0 -fno-color-diagnostics -fmodules-prune-interval\=86400 -fmodules-prune-after\=345600 -fbuild-session-file\=/Users/xinyufang/Library/Developer/Xcode/DerivedData/ModuleCache.noindex/Session.modulevalidation -fmodules-validate-once-per-build-session -Wnon-modular-include-in-framework-module -Werror\=non-modular-include-in-framework-module -Wno-trigraphs -Wno-missing-field-initializers -Wno-missing-prototypes -Wno-return-type -Wno-implicit-atomic-properties -Wno-objc-interface-ivars -Wno-arc-repeated-use-of-weak -Wno-missing-braces -Wparentheses -Wswitch -Wno-unused-function -Wno-unused-label -Wno-unused-parameter -Wno-unused-variable -Wunused-value -Wno-empty-body -Wno-uninitialized -Wno-unknown-pragmas -w -Wno-shadow -Wno-four-char-constants -Wno-conversion -Wno-constant-conversion -Wno-int-conversion -Wno-bool-conversion -Wno-enum-conversion -Wno-float-conversion -Wno-non-literal-null-conversion -Wno-objc-literal-conversion -Wshorten-64-to-32 -Wpointer-sign -Wno-newline-eof -Wno-selector -Wno-strict-selector-match -Wno-undeclared-selector -Wno-deprecated-implementations -Wno-implicit-fallthrough -fstrict-aliasing -Wprotocol -Wdeprecated-declarations -Wno-sign-conversion -Wno-infinite-recursion -Wno-comma -Wno-block-capture-autoreleasing -Wno-strict-prototypes -Wno-semicolon-before-method-body -index-store-path /Users/xinyufang/Library/Developer/Xcode/DerivedData/Buzz-faillbpsmponqzeruhhvskovixzk/Index.noindex/DataStore @/Users/xinyufang/Library/Developer/Xcode/DerivedData/Buzz-faillbpsmponqzeruhhvskovixzk/Build/Intermediates.noindex/Stripe.build/Debug-iphonesimulator/Stripe3DS2.build/Objects-normal/arm64/e6072d4f65d7061329687fe24e3d63a7-common-args.resp -include /Users/xinyufang/Library/Developer/Xcode/DerivedData/Buzz-faillbpsmponqzeruhhvskovixzk/Build/Intermediates.noindex/Stripe.build/Debug-iphonesimulator/Stripe3DS2.build/DerivedSources/resource_bundle_accessor.h -MMD -MT dependencies -MF /Users/xinyufang/Library/Developer/Xcode/DerivedData/Buzz-faillbpsmponqzeruhhvskovixzk/Build/Intermediates.noindex/Stripe.build/Debug-iphonesimulator/Stripe3DS2.build/Objects-normal/arm64/STDSJSONEncoder.d --serialize-diagnostics /Users/xinyufang/Library/Developer/Xcode/DerivedData/Buzz-faillbpsmponqzeruhhvskovixzk/Build/Intermediates.noindex/Stripe.build/Debug-iphonesimulator/Stripe3DS2.build/Objects-normal/arm64/STDSJSONEncoder.dia -c /Users/xinyufang/Library/Developer/Xcode/DerivedData/Buzz-faillbpsmponqzeruhhvskovixzk/SourcePackages/checkouts/stripe-ios-spm/Stripe3DS2/Stripe3DS2/include/STDSJSONEncoder.m -o /Users/xinyufang/Library/Developer/Xcode/DerivedData/Buzz-faillbpsmponqzeruhhvskovixzk/Build/Intermediates.noindex/Stripe.build/Debug-iphonesimulator/Stripe3DS2.build/Objects-normal/arm64/STDSJSONEncoder.o -index-unit-output-path /Stripe.build/Debug-iphonesimulator/Stripe3DS2.build/Objects-normal/arm64/STDSJSONEncoder.o

CompileC /Users/xinyufang/Library/Developer/Xcode/DerivedData/Buzz-faillbpsmponqzeruhhvskovixzk/Build/Intermediates.noindex/Stripe.build/Debug-iphonesimulator/Stripe3DS2.build/Objects-normal/arm64/STDSInvalidInputException.o /Users/xinyufang/Library/Developer/Xcode/DerivedData/Buzz-faillbpsmponqzeruhhvskovixzk/SourcePackages/checkouts/stripe-ios-spm/Stripe3DS2/Stripe3DS2/include/STDSInvalidInputException.m normal arm64 objective-c com.apple.compilers.llvm.clang.1_0.compiler (in target 'Stripe3DS2' from project 'Stripe')
    cd /Users/xinyufang/Documents/Buzz/Buzz.xcodeproj
    
    Using response file: /Users/xinyufang/Library/Developer/Xcode/DerivedData/Buzz-faillbpsmponqzeruhhvskovixzk/Build/Intermediates.noindex/Stripe.build/Debug-iphonesimulator/Stripe3DS2.build/Objects-normal/arm64/e6072d4f65d7061329687fe24e3d63a7-common-args.resp
    
    /Applications/Xcode.app/Contents/Developer/Toolchains/XcodeDefault.xctoolchain/usr/bin/clang -x objective-c -ivfsstatcache /Users/xinyufang/Library/Developer/Xcode/DerivedData/SDKStatCaches.noindex/iphonesimulator26.0-23A339-26257891a6c027eb51374368541b8346.sdkstatcache -fmessage-length\=0 -fdiagnostics-show-note-include-stack -fmacro-backtrace-limit\=0 -fno-color-diagnostics -fmodules-prune-interval\=86400 -fmodules-prune-after\=345600 -fbuild-session-file\=/Users/xinyufang/Library/Developer/Xcode/DerivedData/ModuleCache.noindex/Session.modulevalidation -fmodules-validate-once-per-build-session -Wnon-modular-include-in-framework-module -Werror\=non-modular-include-in-framework-module -Wno-trigraphs -Wno-missing-field-initializers -Wno-missing-prototypes -Wno-return-type -Wno-implicit-atomic-properties -Wno-objc-interface-ivars -Wno-arc-repeated-use-of-weak -Wno-missing-braces -Wparentheses -Wswitch -Wno-unused-function -Wno-unused-label -Wno-unused-parameter -Wno-unused-variable -Wunused-value -Wno-empty-body -Wno-uninitialized -Wno-unknown-pragmas -w -Wno-shadow -Wno-four-char-constants -Wno-conversion -Wno-constant-conversion -Wno-int-conversion -Wno-bool-conversion -Wno-enum-conversion -Wno-float-conversion -Wno-non-literal-null-conversion -Wno-objc-literal-conversion -Wshorten-64-to-32 -Wpointer-sign -Wno-newline-eof -Wno-selector -Wno-strict-selector-match -Wno-undeclared-selector -Wno-deprecated-implementations -Wno-implicit-fallthrough -fstrict-aliasing -Wprotocol -Wdeprecated-declarations -Wno-sign-conversion -Wno-infinite-recursion -Wno-comma -Wno-block-capture-autoreleasing -Wno-strict-prototypes -Wno-semicolon-before-method-body -index-store-path /Users/xinyufang/Library/Developer/Xcode/DerivedData/Buzz-faillbpsmponqzeruhhvskovixzk/Index.noindex/DataStore @/Users/xinyufang/Library/Developer/Xcode/DerivedData/Buzz-faillbpsmponqzeruhhvskovixzk/Build/Intermediates.noindex/Stripe.build/Debug-iphonesimulator/Stripe3DS2.build/Objects-normal/arm64/e6072d4f65d7061329687fe24e3d63a7-common-args.resp -include /Users/xinyufang/Library/Developer/Xcode/DerivedData/Buzz-faillbpsmponqzeruhhvskovixzk/Build/Intermediates.noindex/Stripe.build/Debug-iphonesimulator/Stripe3DS2.build/DerivedSources/resource_bundle_accessor.h -MMD -MT dependencies -MF /Users/xinyufang/Library/Developer/Xcode/DerivedData/Buzz-faillbpsmponqzeruhhvskovixzk/Build/Intermediates.noindex/Stripe.build/Debug-iphonesimulator/Stripe3DS2.build/Objects-normal/arm64/STDSInvalidInputException.d --serialize-diagnostics /Users/xinyufang/Library/Developer/Xcode/DerivedData/Buzz-faillbpsmponqzeruhhvskovixzk/Build/Intermediates.noindex/Stripe.build/Debug-iphonesimulator/Stripe3DS2.build/Objects-normal/arm64/STDSInvalidInputException.dia -c /Users/xinyufang/Library/Developer/Xcode/DerivedData/Buzz-faillbpsmponqzeruhhvskovixzk/SourcePackages/checkouts/stripe-ios-spm/Stripe3DS2/Stripe3DS2/include/STDSInvalidInputException.m -o /Users/xinyufang/Library/Developer/Xcode/DerivedData/Buzz-faillbpsmponqzeruhhvskovixzk/Build/Intermediates.noindex/Stripe.build/Debug-iphonesimulator/Stripe3DS2.build/Objects-normal/arm64/STDSInvalidInputException.o -index-unit-output-path /Stripe.build/Debug-iphonesimulator/Stripe3DS2.build/Objects-normal/arm64/STDSInvalidInputException.o

CompileC /Users/xinyufang/Library/Developer/Xcode/DerivedData/Buzz-faillbpsmponqzeruhhvskovixzk/Build/Intermediates.noindex/Stripe.build/Debug-iphonesimulator/Stripe3DS2.build/Objects-normal/arm64/STDSIPAddress.o /Users/xinyufang/Library/Developer/Xcode/DerivedData/Buzz-faillbpsmponqzeruhhvskovixzk/SourcePackages/checkouts/stripe-ios-spm/Stripe3DS2/Stripe3DS2/STDSIPAddress.m normal arm64 objective-c com.apple.compilers.llvm.clang.1_0.compiler (in target 'Stripe3DS2' from project 'Stripe')
    cd /Users/xinyufang/Documents/Buzz/Buzz.xcodeproj
    
    Using response file: /Users/xinyufang/Library/Developer/Xcode/DerivedData/Buzz-faillbpsmponqzeruhhvskovixzk/Build/Intermediates.noindex/Stripe.build/Debug-iphonesimulator/Stripe3DS2.build/Objects-normal/arm64/e6072d4f65d7061329687fe24e3d63a7-common-args.resp
    
    /Applications/Xcode.app/Contents/Developer/Toolchains/XcodeDefault.xctoolchain/usr/bin/clang -x objective-c -ivfsstatcache /Users/xinyufang/Library/Developer/Xcode/DerivedData/SDKStatCaches.noindex/iphonesimulator26.0-23A339-26257891a6c027eb51374368541b8346.sdkstatcache -fmessage-length\=0 -fdiagnostics-show-note-include-stack -fmacro-backtrace-limit\=0 -fno-color-diagnostics -fmodules-prune-interval\=86400 -fmodules-prune-after\=345600 -fbuild-session-file\=/Users/xinyufang/Library/Developer/Xcode/DerivedData/ModuleCache.noindex/Session.modulevalidation -fmodules-validate-once-per-build-session -Wnon-modular-include-in-framework-module -Werror\=non-modular-include-in-framework-module -Wno-trigraphs -Wno-missing-field-initializers -Wno-missing-prototypes -Wno-return-type -Wno-implicit-atomic-properties -Wno-objc-interface-ivars -Wno-arc-repeated-use-of-weak -Wno-missing-braces -Wparentheses -Wswitch -Wno-unused-function -Wno-unused-label -Wno-unused-parameter -Wno-unused-variable -Wunused-value -Wno-empty-body -Wno-uninitialized -Wno-unknown-pragmas -w -Wno-shadow -Wno-four-char-constants -Wno-conversion -Wno-constant-conversion -Wno-int-conversion -Wno-bool-conversion -Wno-enum-conversion -Wno-float-conversion -Wno-non-literal-null-conversion -Wno-objc-literal-conversion -Wshorten-64-to-32 -Wpointer-sign -Wno-newline-eof -Wno-selector -Wno-strict-selector-match -Wno-undeclared-selector -Wno-deprecated-implementations -Wno-implicit-fallthrough -fstrict-aliasing -Wprotocol -Wdeprecated-declarations -Wno-sign-conversion -Wno-infinite-recursion -Wno-comma -Wno-block-capture-autoreleasing -Wno-strict-prototypes -Wno-semicolon-before-method-body -index-store-path /Users/xinyufang/Library/Developer/Xcode/DerivedData/Buzz-faillbpsmponqzeruhhvskovixzk/Index.noindex/DataStore @/Users/xinyufang/Library/Developer/Xcode/DerivedData/Buzz-faillbpsmponqzeruhhvskovixzk/Build/Intermediates.noindex/Stripe.build/Debug-iphonesimulator/Stripe3DS2.build/Objects-normal/arm64/e6072d4f65d7061329687fe24e3d63a7-common-args.resp -include /Users/xinyufang/Library/Developer/Xcode/DerivedData/Buzz-faillbpsmponqzeruhhvskovixzk/Build/Intermediates.noindex/Stripe.build/Debug-iphonesimulator/Stripe3DS2.build/DerivedSources/resource_bundle_accessor.h -MMD -MT dependencies -MF /Users/xinyufang/Library/Developer/Xcode/DerivedData/Buzz-faillbpsmponqzeruhhvskovixzk/Build/Intermediates.noindex/Stripe.build/Debug-iphonesimulator/Stripe3DS2.build/Objects-normal/arm64/STDSIPAddress.d --serialize-diagnostics /Users/xinyufang/Library/Developer/Xcode/DerivedData/Buzz-faillbpsmponqzeruhhvskovixzk/Build/Intermediates.noindex/Stripe.build/Debug-iphonesimulator/Stripe3DS2.build/Objects-normal/arm64/STDSIPAddress.dia -c /Users/xinyufang/Library/Developer/Xcode/DerivedData/Buzz-faillbpsmponqzeruhhvskovixzk/SourcePackages/checkouts/stripe-ios-spm/Stripe3DS2/Stripe3DS2/STDSIPAddress.m -o /Users/xinyufang/Library/Developer/Xcode/DerivedData/Buzz-faillbpsmponqzeruhhvskovixzk/Build/Intermediates.noindex/Stripe.build/Debug-iphonesimulator/Stripe3DS2.build/Objects-normal/arm64/STDSIPAddress.o -index-unit-output-path /Stripe.build/Debug-iphonesimulator/Stripe3DS2.build/Objects-normal/arm64/STDSIPAddress.o

CompileC /Users/xinyufang/Library/Developer/Xcode/DerivedData/Buzz-faillbpsmponqzeruhhvskovixzk/Build/Intermediates.noindex/Stripe.build/Debug-iphonesimulator/Stripe3DS2.build/Objects-normal/arm64/STDSException.o /Users/xinyufang/Library/Developer/Xcode/DerivedData/Buzz-faillbpsmponqzeruhhvskovixzk/SourcePackages/checkouts/stripe-ios-spm/Stripe3DS2/Stripe3DS2/include/STDSException.m normal arm64 objective-c com.apple.compilers.llvm.clang.1_0.compiler (in target 'Stripe3DS2' from project 'Stripe')
    cd /Users/xinyufang/Documents/Buzz/Buzz.xcodeproj
    
    Using response file: /Users/xinyufang/Library/Developer/Xcode/DerivedData/Buzz-faillbpsmponqzeruhhvskovixzk/Build/Intermediates.noindex/Stripe.build/Debug-iphonesimulator/Stripe3DS2.build/Objects-normal/arm64/e6072d4f65d7061329687fe24e3d63a7-common-args.resp
    
    /Applications/Xcode.app/Contents/Developer/Toolchains/XcodeDefault.xctoolchain/usr/bin/clang -x objective-c -ivfsstatcache /Users/xinyufang/Library/Developer/Xcode/DerivedData/SDKStatCaches.noindex/iphonesimulator26.0-23A339-26257891a6c027eb51374368541b8346.sdkstatcache -fmessage-length\=0 -fdiagnostics-show-note-include-stack -fmacro-backtrace-limit\=0 -fno-color-diagnostics -fmodules-prune-interval\=86400 -fmodules-prune-after\=345600 -fbuild-session-file\=/Users/xinyufang/Library/Developer/Xcode/DerivedData/ModuleCache.noindex/Session.modulevalidation -fmodules-validate-once-per-build-session -Wnon-modular-include-in-framework-module -Werror\=non-modular-include-in-framework-module -Wno-trigraphs -Wno-missing-field-initializers -Wno-missing-prototypes -Wno-return-type -Wno-implicit-atomic-properties -Wno-objc-interface-ivars -Wno-arc-repeated-use-of-weak -Wno-missing-braces -Wparentheses -Wswitch -Wno-unused-function -Wno-unused-label -Wno-unused-parameter -Wno-unused-variable -Wunused-value -Wno-empty-body -Wno-uninitialized -Wno-unknown-pragmas -w -Wno-shadow -Wno-four-char-constants -Wno-conversion -Wno-constant-conversion -Wno-int-conversion -Wno-bool-conversion -Wno-enum-conversion -Wno-float-conversion -Wno-non-literal-null-conversion -Wno-objc-literal-conversion -Wshorten-64-to-32 -Wpointer-sign -Wno-newline-eof -Wno-selector -Wno-strict-selector-match -Wno-undeclared-selector -Wno-deprecated-implementations -Wno-implicit-fallthrough -fstrict-aliasing -Wprotocol -Wdeprecated-declarations -Wno-sign-conversion -Wno-infinite-recursion -Wno-comma -Wno-block-capture-autoreleasing -Wno-strict-prototypes -Wno-semicolon-before-method-body -index-store-path /Users/xinyufang/Library/Developer/Xcode/DerivedData/Buzz-faillbpsmponqzeruhhvskovixzk/Index.noindex/DataStore @/Users/xinyufang/Library/Developer/Xcode/DerivedData/Buzz-faillbpsmponqzeruhhvskovixzk/Build/Intermediates.noindex/Stripe.build/Debug-iphonesimulator/Stripe3DS2.build/Objects-normal/arm64/e6072d4f65d7061329687fe24e3d63a7-common-args.resp -include /Users/xinyufang/Library/Developer/Xcode/DerivedData/Buzz-faillbpsmponqzeruhhvskovixzk/Build/Intermediates.noindex/Stripe.build/Debug-iphonesimulator/Stripe3DS2.build/DerivedSources/resource_bundle_accessor.h -MMD -MT dependencies -MF /Users/xinyufang/Library/Developer/Xcode/DerivedData/Buzz-faillbpsmponqzeruhhvskovixzk/Build/Intermediates.noindex/Stripe.build/Debug-iphonesimulator/Stripe3DS2.build/Objects-normal/arm64/STDSException.d --serialize-diagnostics /Users/xinyufang/Library/Developer/Xcode/DerivedData/Buzz-faillbpsmponqzeruhhvskovixzk/Build/Intermediates.noindex/Stripe.build/Debug-iphonesimulator/Stripe3DS2.build/Objects-normal/arm64/STDSException.dia -c /Users/xinyufang/Library/Developer/Xcode/DerivedData/Buzz-faillbpsmponqzeruhhvskovixzk/SourcePackages/checkouts/stripe-ios-spm/Stripe3DS2/Stripe3DS2/include/STDSException.m -o /Users/xinyufang/Library/Developer/Xcode/DerivedData/Buzz-faillbpsmponqzeruhhvskovixzk/Build/Intermediates.noindex/Stripe.build/Debug-iphonesimulator/Stripe3DS2.build/Objects-normal/arm64/STDSException.o -index-unit-output-path /Stripe.build/Debug-iphonesimulator/Stripe3DS2.build/Objects-normal/arm64/STDSException.o

CompileC /Users/xinyufang/Library/Developer/Xcode/DerivedData/Buzz-faillbpsmponqzeruhhvskovixzk/Build/Intermediates.noindex/Stripe.build/Debug-iphonesimulator/Stripe3DS2.build/Objects-normal/arm64/STDSErrorMessage.o /Users/xinyufang/Library/Developer/Xcode/DerivedData/Buzz-faillbpsmponqzeruhhvskovixzk/SourcePackages/checkouts/stripe-ios-spm/Stripe3DS2/Stripe3DS2/include/STDSErrorMessage.m normal arm64 objective-c com.apple.compilers.llvm.clang.1_0.compiler (in target 'Stripe3DS2' from project 'Stripe')
    cd /Users/xinyufang/Documents/Buzz/Buzz.xcodeproj
    
    Using response file: /Users/xinyufang/Library/Developer/Xcode/DerivedData/Buzz-faillbpsmponqzeruhhvskovixzk/Build/Intermediates.noindex/Stripe.build/Debug-iphonesimulator/Stripe3DS2.build/Objects-normal/arm64/e6072d4f65d7061329687fe24e3d63a7-common-args.resp
    
    /Applications/Xcode.app/Contents/Developer/Toolchains/XcodeDefault.xctoolchain/usr/bin/clang -x objective-c -ivfsstatcache /Users/xinyufang/Library/Developer/Xcode/DerivedData/SDKStatCaches.noindex/iphonesimulator26.0-23A339-26257891a6c027eb51374368541b8346.sdkstatcache -fmessage-length\=0 -fdiagnostics-show-note-include-stack -fmacro-backtrace-limit\=0 -fno-color-diagnostics -fmodules-prune-interval\=86400 -fmodules-prune-after\=345600 -fbuild-session-file\=/Users/xinyufang/Library/Developer/Xcode/DerivedData/ModuleCache.noindex/Session.modulevalidation -fmodules-validate-once-per-build-session -Wnon-modular-include-in-framework-module -Werror\=non-modular-include-in-framework-module -Wno-trigraphs -Wno-missing-field-initializers -Wno-missing-prototypes -Wno-return-type -Wno-implicit-atomic-properties -Wno-objc-interface-ivars -Wno-arc-repeated-use-of-weak -Wno-missing-braces -Wparentheses -Wswitch -Wno-unused-function -Wno-unused-label -Wno-unused-parameter -Wno-unused-variable -Wunused-value -Wno-empty-body -Wno-uninitialized -Wno-unknown-pragmas -w -Wno-shadow -Wno-four-char-constants -Wno-conversion -Wno-constant-conversion -Wno-int-conversion -Wno-bool-conversion -Wno-enum-conversion -Wno-float-conversion -Wno-non-literal-null-conversion -Wno-objc-literal-conversion -Wshorten-64-to-32 -Wpointer-sign -Wno-newline-eof -Wno-selector -Wno-strict-selector-match -Wno-undeclared-selector -Wno-deprecated-implementations -Wno-implicit-fallthrough -fstrict-aliasing -Wprotocol -Wdeprecated-declarations -Wno-sign-conversion -Wno-infinite-recursion -Wno-comma -Wno-block-capture-autoreleasing -Wno-strict-prototypes -Wno-semicolon-before-method-body -index-store-path /Users/xinyufang/Library/Developer/Xcode/DerivedData/Buzz-faillbpsmponqzeruhhvskovixzk/Index.noindex/DataStore @/Users/xinyufang/Library/Developer/Xcode/DerivedData/Buzz-faillbpsmponqzeruhhvskovixzk/Build/Intermediates.noindex/Stripe.build/Debug-iphonesimulator/Stripe3DS2.build/Objects-normal/arm64/e6072d4f65d7061329687fe24e3d63a7-common-args.resp -include /Users/xinyufang/Library/Developer/Xcode/DerivedData/Buzz-faillbpsmponqzeruhhvskovixzk/Build/Intermediates.noindex/Stripe.build/Debug-iphonesimulator/Stripe3DS2.build/DerivedSources/resource_bundle_accessor.h -MMD -MT dependencies -MF /Users/xinyufang/Library/Developer/Xcode/DerivedData/Buzz-faillbpsmponqzeruhhvskovixzk/Build/Intermediates.noindex/Stripe.build/Debug-iphonesimulator/Stripe3DS2.build/Objects-normal/arm64/STDSErrorMessage.d --serialize-diagnostics /Users/xinyufang/Library/Developer/Xcode/DerivedData/Buzz-faillbpsmponqzeruhhvskovixzk/Build/Intermediates.noindex/Stripe.build/Debug-iphonesimulator/Stripe3DS2.build/Objects-normal/arm64/STDSErrorMessage.dia -c /Users/xinyufang/Library/Developer/Xcode/DerivedData/Buzz-faillbpsmponqzeruhhvskovixzk/SourcePackages/checkouts/stripe-ios-spm/Stripe3DS2/Stripe3DS2/include/STDSErrorMessage.m -o /Users/xinyufang/Library/Developer/Xcode/DerivedData/Buzz-faillbpsmponqzeruhhvskovixzk/Build/Intermediates.noindex/Stripe.build/Debug-iphonesimulator/Stripe3DS2.build/Objects-normal/arm64/STDSErrorMessage.o -index-unit-output-path /Stripe.build/Debug-iphonesimulator/Stripe3DS2.build/Objects-normal/arm64/STDSErrorMessage.o

CompileC /Users/xinyufang/Library/Developer/Xcode/DerivedData/Buzz-faillbpsmponqzeruhhvskovixzk/Build/Intermediates.noindex/Stripe.build/Debug-iphonesimulator/Stripe3DS2.build/Objects-normal/arm64/STDSErrorMessage+Internal.o /Users/xinyufang/Library/Developer/Xcode/DerivedData/Buzz-faillbpsmponqzeruhhvskovixzk/SourcePackages/checkouts/stripe-ios-spm/Stripe3DS2/Stripe3DS2/STDSErrorMessage+Internal.m normal arm64 objective-c com.apple.compilers.llvm.clang.1_0.compiler (in target 'Stripe3DS2' from project 'Stripe')
    cd /Users/xinyufang/Documents/Buzz/Buzz.xcodeproj
    
    Using response file: /Users/xinyufang/Library/Developer/Xcode/DerivedData/Buzz-faillbpsmponqzeruhhvskovixzk/Build/Intermediates.noindex/Stripe.build/Debug-iphonesimulator/Stripe3DS2.build/Objects-normal/arm64/e6072d4f65d7061329687fe24e3d63a7-common-args.resp
    
    /Applications/Xcode.app/Contents/Developer/Toolchains/XcodeDefault.xctoolchain/usr/bin/clang -x objective-c -ivfsstatcache /Users/xinyufang/Library/Developer/Xcode/DerivedData/SDKStatCaches.noindex/iphonesimulator26.0-23A339-26257891a6c027eb51374368541b8346.sdkstatcache -fmessage-length\=0 -fdiagnostics-show-note-include-stack -fmacro-backtrace-limit\=0 -fno-color-diagnostics -fmodules-prune-interval\=86400 -fmodules-prune-after\=345600 -fbuild-session-file\=/Users/xinyufang/Library/Developer/Xcode/DerivedData/ModuleCache.noindex/Session.modulevalidation -fmodules-validate-once-per-build-session -Wnon-modular-include-in-framework-module -Werror\=non-modular-include-in-framework-module -Wno-trigraphs -Wno-missing-field-initializers -Wno-missing-prototypes -Wno-return-type -Wno-implicit-atomic-properties -Wno-objc-interface-ivars -Wno-arc-repeated-use-of-weak -Wno-missing-braces -Wparentheses -Wswitch -Wno-unused-function -Wno-unused-label -Wno-unused-parameter -Wno-unused-variable -Wunused-value -Wno-empty-body -Wno-uninitialized -Wno-unknown-pragmas -w -Wno-shadow -Wno-four-char-constants -Wno-conversion -Wno-constant-conversion -Wno-int-conversion -Wno-bool-conversion -Wno-enum-conversion -Wno-float-conversion -Wno-non-literal-null-conversion -Wno-objc-literal-conversion -Wshorten-64-to-32 -Wpointer-sign -Wno-newline-eof -Wno-selector -Wno-strict-selector-match -Wno-undeclared-selector -Wno-deprecated-implementations -Wno-implicit-fallthrough -fstrict-aliasing -Wprotocol -Wdeprecated-declarations -Wno-sign-conversion -Wno-infinite-recursion -Wno-comma -Wno-block-capture-autoreleasing -Wno-strict-prototypes -Wno-semicolon-before-method-body -index-store-path /Users/xinyufang/Library/Developer/Xcode/DerivedData/Buzz-faillbpsmponqzeruhhvskovixzk/Index.noindex/DataStore @/Users/xinyufang/Library/Developer/Xcode/DerivedData/Buzz-faillbpsmponqzeruhhvskovixzk/Build/Intermediates.noindex/Stripe.build/Debug-iphonesimulator/Stripe3DS2.build/Objects-normal/arm64/e6072d4f65d7061329687fe24e3d63a7-common-args.resp -include /Users/xinyufang/Library/Developer/Xcode/DerivedData/Buzz-faillbpsmponqzeruhhvskovixzk/Build/Intermediates.noindex/Stripe.build/Debug-iphonesimulator/Stripe3DS2.build/DerivedSources/resource_bundle_accessor.h -MMD -MT dependencies -MF /Users/xinyufang/Library/Developer/Xcode/DerivedData/Buzz-faillbpsmponqzeruhhvskovixzk/Build/Intermediates.noindex/Stripe.build/Debug-iphonesimulator/Stripe3DS2.build/Objects-normal/arm64/STDSErrorMessage+Internal.d --serialize-diagnostics /Users/xinyufang/Library/Developer/Xcode/DerivedData/Buzz-faillbpsmponqzeruhhvskovixzk/Build/Intermediates.noindex/Stripe.build/Debug-iphonesimulator/Stripe3DS2.build/Objects-normal/arm64/STDSErrorMessage+Internal.dia -c /Users/xinyufang/Library/Developer/Xcode/DerivedData/Buzz-faillbpsmponqzeruhhvskovixzk/SourcePackages/checkouts/stripe-ios-spm/Stripe3DS2/Stripe3DS2/STDSErrorMessage+Internal.m -o /Users/xinyufang/Library/Developer/Xcode/DerivedData/Buzz-faillbpsmponqzeruhhvskovixzk/Build/Intermediates.noindex/Stripe.build/Debug-iphonesimulator/Stripe3DS2.build/Objects-normal/arm64/STDSErrorMessage+Internal.o -index-unit-output-path /Stripe.build/Debug-iphonesimulator/Stripe3DS2.build/Objects-normal/arm64/STDSErrorMessage+Internal.o

CompileC /Users/xinyufang/Library/Developer/Xcode/DerivedData/Buzz-faillbpsmponqzeruhhvskovixzk/Build/Intermediates.noindex/Stripe.build/Debug-iphonesimulator/Stripe3DS2.build/Objects-normal/arm64/STDSDeviceInformationManager.o /Users/xinyufang/Library/Developer/Xcode/DerivedData/Buzz-faillbpsmponqzeruhhvskovixzk/SourcePackages/checkouts/stripe-ios-spm/Stripe3DS2/Stripe3DS2/STDSDeviceInformationManager.m normal arm64 objective-c com.apple.compilers.llvm.clang.1_0.compiler (in target 'Stripe3DS2' from project 'Stripe')
    cd /Users/xinyufang/Documents/Buzz/Buzz.xcodeproj
    
    Using response file: /Users/xinyufang/Library/Developer/Xcode/DerivedData/Buzz-faillbpsmponqzeruhhvskovixzk/Build/Intermediates.noindex/Stripe.build/Debug-iphonesimulator/Stripe3DS2.build/Objects-normal/arm64/e6072d4f65d7061329687fe24e3d63a7-common-args.resp
    
    /Applications/Xcode.app/Contents/Developer/Toolchains/XcodeDefault.xctoolchain/usr/bin/clang -x objective-c -ivfsstatcache /Users/xinyufang/Library/Developer/Xcode/DerivedData/SDKStatCaches.noindex/iphonesimulator26.0-23A339-26257891a6c027eb51374368541b8346.sdkstatcache -fmessage-length\=0 -fdiagnostics-show-note-include-stack -fmacro-backtrace-limit\=0 -fno-color-diagnostics -fmodules-prune-interval\=86400 -fmodules-prune-after\=345600 -fbuild-session-file\=/Users/xinyufang/Library/Developer/Xcode/DerivedData/ModuleCache.noindex/Session.modulevalidation -fmodules-validate-once-per-build-session -Wnon-modular-include-in-framework-module -Werror\=non-modular-include-in-framework-module -Wno-trigraphs -Wno-missing-field-initializers -Wno-missing-prototypes -Wno-return-type -Wno-implicit-atomic-properties -Wno-objc-interface-ivars -Wno-arc-repeated-use-of-weak -Wno-missing-braces -Wparentheses -Wswitch -Wno-unused-function -Wno-unused-label -Wno-unused-parameter -Wno-unused-variable -Wunused-value -Wno-empty-body -Wno-uninitialized -Wno-unknown-pragmas -w -Wno-shadow -Wno-four-char-constants -Wno-conversion -Wno-constant-conversion -Wno-int-conversion -Wno-bool-conversion -Wno-enum-conversion -Wno-float-conversion -Wno-non-literal-null-conversion -Wno-objc-literal-conversion -Wshorten-64-to-32 -Wpointer-sign -Wno-newline-eof -Wno-selector -Wno-strict-selector-match -Wno-undeclared-selector -Wno-deprecated-implementations -Wno-implicit-fallthrough -fstrict-aliasing -Wprotocol -Wdeprecated-declarations -Wno-sign-conversion -Wno-infinite-recursion -Wno-comma -Wno-block-capture-autoreleasing -Wno-strict-prototypes -Wno-semicolon-before-method-body -index-store-path /Users/xinyufang/Library/Developer/Xcode/DerivedData/Buzz-faillbpsmponqzeruhhvskovixzk/Index.noindex/DataStore @/Users/xinyufang/Library/Developer/Xcode/DerivedData/Buzz-faillbpsmponqzeruhhvskovixzk/Build/Intermediates.noindex/Stripe.build/Debug-iphonesimulator/Stripe3DS2.build/Objects-normal/arm64/e6072d4f65d7061329687fe24e3d63a7-common-args.resp -include /Users/xinyufang/Library/Developer/Xcode/DerivedData/Buzz-faillbpsmponqzeruhhvskovixzk/Build/Intermediates.noindex/Stripe.build/Debug-iphonesimulator/Stripe3DS2.build/DerivedSources/resource_bundle_accessor.h -MMD -MT dependencies -MF /Users/xinyufang/Library/Developer/Xcode/DerivedData/Buzz-faillbpsmponqzeruhhvskovixzk/Build/Intermediates.noindex/Stripe.build/Debug-iphonesimulator/Stripe3DS2.build/Objects-normal/arm64/STDSDeviceInformationManager.d --serialize-diagnostics /Users/xinyufang/Library/Developer/Xcode/DerivedData/Buzz-faillbpsmponqzeruhhvskovixzk/Build/Intermediates.noindex/Stripe.build/Debug-iphonesimulator/Stripe3DS2.build/Objects-normal/arm64/STDSDeviceInformationManager.dia -c /Users/xinyufang/Library/Developer/Xcode/DerivedData/Buzz-faillbpsmponqzeruhhvskovixzk/SourcePackages/checkouts/stripe-ios-spm/Stripe3DS2/Stripe3DS2/STDSDeviceInformationManager.m -o /Users/xinyufang/Library/Developer/Xcode/DerivedData/Buzz-faillbpsmponqzeruhhvskovixzk/Build/Intermediates.noindex/Stripe.build/Debug-iphonesimulator/Stripe3DS2.build/Objects-normal/arm64/STDSDeviceInformationManager.o -index-unit-output-path /Stripe.build/Debug-iphonesimulator/Stripe3DS2.build/Objects-normal/arm64/STDSDeviceInformationManager.o

CompileC /Users/xinyufang/Library/Developer/Xcode/DerivedData/Buzz-faillbpsmponqzeruhhvskovixzk/Build/Intermediates.noindex/Stripe.build/Debug-iphonesimulator/Stripe3DS2.build/Objects-normal/arm64/STDSDeviceInformation.o /Users/xinyufang/Library/Developer/Xcode/DerivedData/Buzz-faillbpsmponqzeruhhvskovixzk/SourcePackages/checkouts/stripe-ios-spm/Stripe3DS2/Stripe3DS2/STDSDeviceInformation.m normal arm64 objective-c com.apple.compilers.llvm.clang.1_0.compiler (in target 'Stripe3DS2' from project 'Stripe')
    cd /Users/xinyufang/Documents/Buzz/Buzz.xcodeproj
    
    Using response file: /Users/xinyufang/Library/Developer/Xcode/DerivedData/Buzz-faillbpsmponqzeruhhvskovixzk/Build/Intermediates.noindex/Stripe.build/Debug-iphonesimulator/Stripe3DS2.build/Objects-normal/arm64/e6072d4f65d7061329687fe24e3d63a7-common-args.resp
    
    /Applications/Xcode.app/Contents/Developer/Toolchains/XcodeDefault.xctoolchain/usr/bin/clang -x objective-c -ivfsstatcache /Users/xinyufang/Library/Developer/Xcode/DerivedData/SDKStatCaches.noindex/iphonesimulator26.0-23A339-26257891a6c027eb51374368541b8346.sdkstatcache -fmessage-length\=0 -fdiagnostics-show-note-include-stack -fmacro-backtrace-limit\=0 -fno-color-diagnostics -fmodules-prune-interval\=86400 -fmodules-prune-after\=345600 -fbuild-session-file\=/Users/xinyufang/Library/Developer/Xcode/DerivedData/ModuleCache.noindex/Session.modulevalidation -fmodules-validate-once-per-build-session -Wnon-modular-include-in-framework-module -Werror\=non-modular-include-in-framework-module -Wno-trigraphs -Wno-missing-field-initializers -Wno-missing-prototypes -Wno-return-type -Wno-implicit-atomic-properties -Wno-objc-interface-ivars -Wno-arc-repeated-use-of-weak -Wno-missing-braces -Wparentheses -Wswitch -Wno-unused-function -Wno-unused-label -Wno-unused-parameter -Wno-unused-variable -Wunused-value -Wno-empty-body -Wno-uninitialized -Wno-unknown-pragmas -w -Wno-shadow -Wno-four-char-constants -Wno-conversion -Wno-constant-conversion -Wno-int-conversion -Wno-bool-conversion -Wno-enum-conversion -Wno-float-conversion -Wno-non-literal-null-conversion -Wno-objc-literal-conversion -Wshorten-64-to-32 -Wpointer-sign -Wno-newline-eof -Wno-selector -Wno-strict-selector-match -Wno-undeclared-selector -Wno-deprecated-implementations -Wno-implicit-fallthrough -fstrict-aliasing -Wprotocol -Wdeprecated-declarations -Wno-sign-conversion -Wno-infinite-recursion -Wno-comma -Wno-block-capture-autoreleasing -Wno-strict-prototypes -Wno-semicolon-before-method-body -index-store-path /Users/xinyufang/Library/Developer/Xcode/DerivedData/Buzz-faillbpsmponqzeruhhvskovixzk/Index.noindex/DataStore @/Users/xinyufang/Library/Developer/Xcode/DerivedData/Buzz-faillbpsmponqzeruhhvskovixzk/Build/Intermediates.noindex/Stripe.build/Debug-iphonesimulator/Stripe3DS2.build/Objects-normal/arm64/e6072d4f65d7061329687fe24e3d63a7-common-args.resp -include /Users/xinyufang/Library/Developer/Xcode/DerivedData/Buzz-faillbpsmponqzeruhhvskovixzk/Build/Intermediates.noindex/Stripe.build/Debug-iphonesimulator/Stripe3DS2.build/DerivedSources/resource_bundle_accessor.h -MMD -MT dependencies -MF /Users/xinyufang/Library/Developer/Xcode/DerivedData/Buzz-faillbpsmponqzeruhhvskovixzk/Build/Intermediates.noindex/Stripe.build/Debug-iphonesimulator/Stripe3DS2.build/Objects-normal/arm64/STDSDeviceInformation.d --serialize-diagnostics /Users/xinyufang/Library/Developer/Xcode/DerivedData/Buzz-faillbpsmponqzeruhhvskovixzk/Build/Intermediates.noindex/Stripe.build/Debug-iphonesimulator/Stripe3DS2.build/Objects-normal/arm64/STDSDeviceInformation.dia -c /Users/xinyufang/Library/Developer/Xcode/DerivedData/Buzz-faillbpsmponqzeruhhvskovixzk/SourcePackages/checkouts/stripe-ios-spm/Stripe3DS2/Stripe3DS2/STDSDeviceInformation.m -o /Users/xinyufang/Library/Developer/Xcode/DerivedData/Buzz-faillbpsmponqzeruhhvskovixzk/Build/Intermediates.noindex/Stripe.build/Debug-iphonesimulator/Stripe3DS2.build/Objects-normal/arm64/STDSDeviceInformation.o -index-unit-output-path /Stripe.build/Debug-iphonesimulator/Stripe3DS2.build/Objects-normal/arm64/STDSDeviceInformation.o

CompileC /Users/xinyufang/Library/Developer/Xcode/DerivedData/Buzz-faillbpsmponqzeruhhvskovixzk/Build/Intermediates.noindex/Stripe.build/Debug-iphonesimulator/Stripe3DS2.build/Objects-normal/arm64/STDSDebuggerChecker.o /Users/xinyufang/Library/Developer/Xcode/DerivedData/Buzz-faillbpsmponqzeruhhvskovixzk/SourcePackages/checkouts/stripe-ios-spm/Stripe3DS2/Stripe3DS2/STDSDebuggerChecker.m normal arm64 objective-c com.apple.compilers.llvm.clang.1_0.compiler (in target 'Stripe3DS2' from project 'Stripe')
    cd /Users/xinyufang/Documents/Buzz/Buzz.xcodeproj
    
    Using response file: /Users/xinyufang/Library/Developer/Xcode/DerivedData/Buzz-faillbpsmponqzeruhhvskovixzk/Build/Intermediates.noindex/Stripe.build/Debug-iphonesimulator/Stripe3DS2.build/Objects-normal/arm64/e6072d4f65d7061329687fe24e3d63a7-common-args.resp
    
    /Applications/Xcode.app/Contents/Developer/Toolchains/XcodeDefault.xctoolchain/usr/bin/clang -x objective-c -ivfsstatcache /Users/xinyufang/Library/Developer/Xcode/DerivedData/SDKStatCaches.noindex/iphonesimulator26.0-23A339-26257891a6c027eb51374368541b8346.sdkstatcache -fmessage-length\=0 -fdiagnostics-show-note-include-stack -fmacro-backtrace-limit\=0 -fno-color-diagnostics -fmodules-prune-interval\=86400 -fmodules-prune-after\=345600 -fbuild-session-file\=/Users/xinyufang/Library/Developer/Xcode/DerivedData/ModuleCache.noindex/Session.modulevalidation -fmodules-validate-once-per-build-session -Wnon-modular-include-in-framework-module -Werror\=non-modular-include-in-framework-module -Wno-trigraphs -Wno-missing-field-initializers -Wno-missing-prototypes -Wno-return-type -Wno-implicit-atomic-properties -Wno-objc-interface-ivars -Wno-arc-repeated-use-of-weak -Wno-missing-braces -Wparentheses -Wswitch -Wno-unused-function -Wno-unused-label -Wno-unused-parameter -Wno-unused-variable -Wunused-value -Wno-empty-body -Wno-uninitialized -Wno-unknown-pragmas -w -Wno-shadow -Wno-four-char-constants -Wno-conversion -Wno-constant-conversion -Wno-int-conversion -Wno-bool-conversion -Wno-enum-conversion -Wno-float-conversion -Wno-non-literal-null-conversion -Wno-objc-literal-conversion -Wshorten-64-to-32 -Wpointer-sign -Wno-newline-eof -Wno-selector -Wno-strict-selector-match -Wno-undeclared-selector -Wno-deprecated-implementations -Wno-implicit-fallthrough -fstrict-aliasing -Wprotocol -Wdeprecated-declarations -Wno-sign-conversion -Wno-infinite-recursion -Wno-comma -Wno-block-capture-autoreleasing -Wno-strict-prototypes -Wno-semicolon-before-method-body -index-store-path /Users/xinyufang/Library/Developer/Xcode/DerivedData/Buzz-faillbpsmponqzeruhhvskovixzk/Index.noindex/DataStore @/Users/xinyufang/Library/Developer/Xcode/DerivedData/Buzz-faillbpsmponqzeruhhvskovixzk/Build/Intermediates.noindex/Stripe.build/Debug-iphonesimulator/Stripe3DS2.build/Objects-normal/arm64/e6072d4f65d7061329687fe24e3d63a7-common-args.resp -include /Users/xinyufang/Library/Developer/Xcode/DerivedData/Buzz-faillbpsmponqzeruhhvskovixzk/Build/Intermediates.noindex/Stripe.build/Debug-iphonesimulator/Stripe3DS2.build/DerivedSources/resource_bundle_accessor.h -MMD -MT dependencies -MF /Users/xinyufang/Library/Developer/Xcode/DerivedData/Buzz-faillbpsmponqzeruhhvskovixzk/Build/Intermediates.noindex/Stripe.build/Debug-iphonesimulator/Stripe3DS2.build/Objects-normal/arm64/STDSDebuggerChecker.d --serialize-diagnostics /Users/xinyufang/Library/Developer/Xcode/DerivedData/Buzz-faillbpsmponqzeruhhvskovixzk/Build/Intermediates.noindex/Stripe.build/Debug-iphonesimulator/Stripe3DS2.build/Objects-normal/arm64/STDSDebuggerChecker.dia -c /Users/xinyufang/Library/Developer/Xcode/DerivedData/Buzz-faillbpsmponqzeruhhvskovixzk/SourcePackages/checkouts/stripe-ios-spm/Stripe3DS2/Stripe3DS2/STDSDebuggerChecker.m -o /Users/xinyufang/Library/Developer/Xcode/DerivedData/Buzz-faillbpsmponqzeruhhvskovixzk/Build/Intermediates.noindex/Stripe.build/Debug-iphonesimulator/Stripe3DS2.build/Objects-normal/arm64/STDSDebuggerChecker.o -index-unit-output-path /Stripe.build/Debug-iphonesimulator/Stripe3DS2.build/Objects-normal/arm64/STDSDebuggerChecker.o

CompileC /Users/xinyufang/Library/Developer/Xcode/DerivedData/Buzz-faillbpsmponqzeruhhvskovixzk/Build/Intermediates.noindex/Stripe.build/Debug-iphonesimulator/Stripe3DS2.build/Objects-normal/arm64/STDSConfigParameters.o /Users/xinyufang/Library/Developer/Xcode/DerivedData/Buzz-faillbpsmponqzeruhhvskovixzk/SourcePackages/checkouts/stripe-ios-spm/Stripe3DS2/Stripe3DS2/include/STDSConfigParameters.m normal arm64 objective-c com.apple.compilers.llvm.clang.1_0.compiler (in target 'Stripe3DS2' from project 'Stripe')
    cd /Users/xinyufang/Documents/Buzz/Buzz.xcodeproj
    
    Using response file: /Users/xinyufang/Library/Developer/Xcode/DerivedData/Buzz-faillbpsmponqzeruhhvskovixzk/Build/Intermediates.noindex/Stripe.build/Debug-iphonesimulator/Stripe3DS2.build/Objects-normal/arm64/e6072d4f65d7061329687fe24e3d63a7-common-args.resp
    
    /Applications/Xcode.app/Contents/Developer/Toolchains/XcodeDefault.xctoolchain/usr/bin/clang -x objective-c -ivfsstatcache /Users/xinyufang/Library/Developer/Xcode/DerivedData/SDKStatCaches.noindex/iphonesimulator26.0-23A339-26257891a6c027eb51374368541b8346.sdkstatcache -fmessage-length\=0 -fdiagnostics-show-note-include-stack -fmacro-backtrace-limit\=0 -fno-color-diagnostics -fmodules-prune-interval\=86400 -fmodules-prune-after\=345600 -fbuild-session-file\=/Users/xinyufang/Library/Developer/Xcode/DerivedData/ModuleCache.noindex/Session.modulevalidation -fmodules-validate-once-per-build-session -Wnon-modular-include-in-framework-module -Werror\=non-modular-include-in-framework-module -Wno-trigraphs -Wno-missing-field-initializers -Wno-missing-prototypes -Wno-return-type -Wno-implicit-atomic-properties -Wno-objc-interface-ivars -Wno-arc-repeated-use-of-weak -Wno-missing-braces -Wparentheses -Wswitch -Wno-unused-function -Wno-unused-label -Wno-unused-parameter -Wno-unused-variable -Wunused-value -Wno-empty-body -Wno-uninitialized -Wno-unknown-pragmas -w -Wno-shadow -Wno-four-char-constants -Wno-conversion -Wno-constant-conversion -Wno-int-conversion -Wno-bool-conversion -Wno-enum-conversion -Wno-float-conversion -Wno-non-literal-null-conversion -Wno-objc-literal-conversion -Wshorten-64-to-32 -Wpointer-sign -Wno-newline-eof -Wno-selector -Wno-strict-selector-match -Wno-undeclared-selector -Wno-deprecated-implementations -Wno-implicit-fallthrough -fstrict-aliasing -Wprotocol -Wdeprecated-declarations -Wno-sign-conversion -Wno-infinite-recursion -Wno-comma -Wno-block-capture-autoreleasing -Wno-strict-prototypes -Wno-semicolon-before-method-body -index-store-path /Users/xinyufang/Library/Developer/Xcode/DerivedData/Buzz-faillbpsmponqzeruhhvskovixzk/Index.noindex/DataStore @/Users/xinyufang/Library/Developer/Xcode/DerivedData/Buzz-faillbpsmponqzeruhhvskovixzk/Build/Intermediates.noindex/Stripe.build/Debug-iphonesimulator/Stripe3DS2.build/Objects-normal/arm64/e6072d4f65d7061329687fe24e3d63a7-common-args.resp -include /Users/xinyufang/Library/Developer/Xcode/DerivedData/Buzz-faillbpsmponqzeruhhvskovixzk/Build/Intermediates.noindex/Stripe.build/Debug-iphonesimulator/Stripe3DS2.build/DerivedSources/resource_bundle_accessor.h -MMD -MT dependencies -MF /Users/xinyufang/Library/Developer/Xcode/DerivedData/Buzz-faillbpsmponqzeruhhvskovixzk/Build/Intermediates.noindex/Stripe.build/Debug-iphonesimulator/Stripe3DS2.build/Objects-normal/arm64/STDSConfigParameters.d --serialize-diagnostics /Users/xinyufang/Library/Developer/Xcode/DerivedData/Buzz-faillbpsmponqzeruhhvskovixzk/Build/Intermediates.noindex/Stripe.build/Debug-iphonesimulator/Stripe3DS2.build/Objects-normal/arm64/STDSConfigParameters.dia -c /Users/xinyufang/Library/Developer/Xcode/DerivedData/Buzz-faillbpsmponqzeruhhvskovixzk/SourcePackages/checkouts/stripe-ios-spm/Stripe3DS2/Stripe3DS2/include/STDSConfigParameters.m -o /Users/xinyufang/Library/Developer/Xcode/DerivedData/Buzz-faillbpsmponqzeruhhvskovixzk/Build/Intermediates.noindex/Stripe.build/Debug-iphonesimulator/Stripe3DS2.build/Objects-normal/arm64/STDSConfigParameters.o -index-unit-output-path /Stripe.build/Debug-iphonesimulator/Stripe3DS2.build/Objects-normal/arm64/STDSConfigParameters.o

CompileC /Users/xinyufang/Library/Developer/Xcode/DerivedData/Buzz-faillbpsmponqzeruhhvskovixzk/Build/Intermediates.noindex/Stripe.build/Debug-iphonesimulator/Stripe3DS2.build/Objects-normal/arm64/STDSCompletionEvent.o /Users/xinyufang/Library/Developer/Xcode/DerivedData/Buzz-faillbpsmponqzeruhhvskovixzk/SourcePackages/checkouts/stripe-ios-spm/Stripe3DS2/Stripe3DS2/include/STDSCompletionEvent.m normal arm64 objective-c com.apple.compilers.llvm.clang.1_0.compiler (in target 'Stripe3DS2' from project 'Stripe')
    cd /Users/xinyufang/Documents/Buzz/Buzz.xcodeproj
    
    Using response file: /Users/xinyufang/Library/Developer/Xcode/DerivedData/Buzz-faillbpsmponqzeruhhvskovixzk/Build/Intermediates.noindex/Stripe.build/Debug-iphonesimulator/Stripe3DS2.build/Objects-normal/arm64/e6072d4f65d7061329687fe24e3d63a7-common-args.resp
    
    /Applications/Xcode.app/Contents/Developer/Toolchains/XcodeDefault.xctoolchain/usr/bin/clang -x objective-c -ivfsstatcache /Users/xinyufang/Library/Developer/Xcode/DerivedData/SDKStatCaches.noindex/iphonesimulator26.0-23A339-26257891a6c027eb51374368541b8346.sdkstatcache -fmessage-length\=0 -fdiagnostics-show-note-include-stack -fmacro-backtrace-limit\=0 -fno-color-diagnostics -fmodules-prune-interval\=86400 -fmodules-prune-after\=345600 -fbuild-session-file\=/Users/xinyufang/Library/Developer/Xcode/DerivedData/ModuleCache.noindex/Session.modulevalidation -fmodules-validate-once-per-build-session -Wnon-modular-include-in-framework-module -Werror\=non-modular-include-in-framework-module -Wno-trigraphs -Wno-missing-field-initializers -Wno-missing-prototypes -Wno-return-type -Wno-implicit-atomic-properties -Wno-objc-interface-ivars -Wno-arc-repeated-use-of-weak -Wno-missing-braces -Wparentheses -Wswitch -Wno-unused-function -Wno-unused-label -Wno-unused-parameter -Wno-unused-variable -Wunused-value -Wno-empty-body -Wno-uninitialized -Wno-unknown-pragmas -w -Wno-shadow -Wno-four-char-constants -Wno-conversion -Wno-constant-conversion -Wno-int-conversion -Wno-bool-conversion -Wno-enum-conversion -Wno-float-conversion -Wno-non-literal-null-conversion -Wno-objc-literal-conversion -Wshorten-64-to-32 -Wpointer-sign -Wno-newline-eof -Wno-selector -Wno-strict-selector-match -Wno-undeclared-selector -Wno-deprecated-implementations -Wno-implicit-fallthrough -fstrict-aliasing -Wprotocol -Wdeprecated-declarations -Wno-sign-conversion -Wno-infinite-recursion -Wno-comma -Wno-block-capture-autoreleasing -Wno-strict-prototypes -Wno-semicolon-before-method-body -index-store-path /Users/xinyufang/Library/Developer/Xcode/DerivedData/Buzz-faillbpsmponqzeruhhvskovixzk/Index.noindex/DataStore @/Users/xinyufang/Library/Developer/Xcode/DerivedData/Buzz-faillbpsmponqzeruhhvskovixzk/Build/Intermediates.noindex/Stripe.build/Debug-iphonesimulator/Stripe3DS2.build/Objects-normal/arm64/e6072d4f65d7061329687fe24e3d63a7-common-args.resp -include /Users/xinyufang/Library/Developer/Xcode/DerivedData/Buzz-faillbpsmponqzeruhhvskovixzk/Build/Intermediates.noindex/Stripe.build/Debug-iphonesimulator/Stripe3DS2.build/DerivedSources/resource_bundle_accessor.h -MMD -MT dependencies -MF /Users/xinyufang/Library/Developer/Xcode/DerivedData/Buzz-faillbpsmponqzeruhhvskovixzk/Build/Intermediates.noindex/Stripe.build/Debug-iphonesimulator/Stripe3DS2.build/Objects-normal/arm64/STDSCompletionEvent.d --serialize-diagnostics /Users/xinyufang/Library/Developer/Xcode/DerivedData/Buzz-faillbpsmponqzeruhhvskovixzk/Build/Intermediates.noindex/Stripe.build/Debug-iphonesimulator/Stripe3DS2.build/Objects-normal/arm64/STDSCompletionEvent.dia -c /Users/xinyufang/Library/Developer/Xcode/DerivedData/Buzz-faillbpsmponqzeruhhvskovixzk/SourcePackages/checkouts/stripe-ios-spm/Stripe3DS2/Stripe3DS2/include/STDSCompletionEvent.m -o /Users/xinyufang/Library/Developer/Xcode/DerivedData/Buzz-faillbpsmponqzeruhhvskovixzk/Build/Intermediates.noindex/Stripe.build/Debug-iphonesimulator/Stripe3DS2.build/Objects-normal/arm64/STDSCompletionEvent.o -index-unit-output-path /Stripe.build/Debug-iphonesimulator/Stripe3DS2.build/Objects-normal/arm64/STDSCompletionEvent.o

CompileC /Users/xinyufang/Library/Developer/Xcode/DerivedData/Buzz-faillbpsmponqzeruhhvskovixzk/Build/Intermediates.noindex/Stripe.build/Debug-iphonesimulator/Stripe3DS2.build/Objects-normal/arm64/STDSChallengeResponseSelectionInfoObject.o /Users/xinyufang/Library/Developer/Xcode/DerivedData/Buzz-faillbpsmponqzeruhhvskovixzk/SourcePackages/checkouts/stripe-ios-spm/Stripe3DS2/Stripe3DS2/STDSChallengeResponseSelectionInfoObject.m normal arm64 objective-c com.apple.compilers.llvm.clang.1_0.compiler (in target 'Stripe3DS2' from project 'Stripe')
    cd /Users/xinyufang/Documents/Buzz/Buzz.xcodeproj
    
    Using response file: /Users/xinyufang/Library/Developer/Xcode/DerivedData/Buzz-faillbpsmponqzeruhhvskovixzk/Build/Intermediates.noindex/Stripe.build/Debug-iphonesimulator/Stripe3DS2.build/Objects-normal/arm64/e6072d4f65d7061329687fe24e3d63a7-common-args.resp
    
    /Applications/Xcode.app/Contents/Developer/Toolchains/XcodeDefault.xctoolchain/usr/bin/clang -x objective-c -ivfsstatcache /Users/xinyufang/Library/Developer/Xcode/DerivedData/SDKStatCaches.noindex/iphonesimulator26.0-23A339-26257891a6c027eb51374368541b8346.sdkstatcache -fmessage-length\=0 -fdiagnostics-show-note-include-stack -fmacro-backtrace-limit\=0 -fno-color-diagnostics -fmodules-prune-interval\=86400 -fmodules-prune-after\=345600 -fbuild-session-file\=/Users/xinyufang/Library/Developer/Xcode/DerivedData/ModuleCache.noindex/Session.modulevalidation -fmodules-validate-once-per-build-session -Wnon-modular-include-in-framework-module -Werror\=non-modular-include-in-framework-module -Wno-trigraphs -Wno-missing-field-initializers -Wno-missing-prototypes -Wno-return-type -Wno-implicit-atomic-properties -Wno-objc-interface-ivars -Wno-arc-repeated-use-of-weak -Wno-missing-braces -Wparentheses -Wswitch -Wno-unused-function -Wno-unused-label -Wno-unused-parameter -Wno-unused-variable -Wunused-value -Wno-empty-body -Wno-uninitialized -Wno-unknown-pragmas -w -Wno-shadow -Wno-four-char-constants -Wno-conversion -Wno-constant-conversion -Wno-int-conversion -Wno-bool-conversion -Wno-enum-conversion -Wno-float-conversion -Wno-non-literal-null-conversion -Wno-objc-literal-conversion -Wshorten-64-to-32 -Wpointer-sign -Wno-newline-eof -Wno-selector -Wno-strict-selector-match -Wno-undeclared-selector -Wno-deprecated-implementations -Wno-implicit-fallthrough -fstrict-aliasing -Wprotocol -Wdeprecated-declarations -Wno-sign-conversion -Wno-infinite-recursion -Wno-comma -Wno-block-capture-autoreleasing -Wno-strict-prototypes -Wno-semicolon-before-method-body -index-store-path /Users/xinyufang/Library/Developer/Xcode/DerivedData/Buzz-faillbpsmponqzeruhhvskovixzk/Index.noindex/DataStore @/Users/xinyufang/Library/Developer/Xcode/DerivedData/Buzz-faillbpsmponqzeruhhvskovixzk/Build/Intermediates.noindex/Stripe.build/Debug-iphonesimulator/Stripe3DS2.build/Objects-normal/arm64/e6072d4f65d7061329687fe24e3d63a7-common-args.resp -include /Users/xinyufang/Library/Developer/Xcode/DerivedData/Buzz-faillbpsmponqzeruhhvskovixzk/Build/Intermediates.noindex/Stripe.build/Debug-iphonesimulator/Stripe3DS2.build/DerivedSources/resource_bundle_accessor.h -MMD -MT dependencies -MF /Users/xinyufang/Library/Developer/Xcode/DerivedData/Buzz-faillbpsmponqzeruhhvskovixzk/Build/Intermediates.noindex/Stripe.build/Debug-iphonesimulator/Stripe3DS2.build/Objects-normal/arm64/STDSChallengeResponseSelectionInfoObject.d --serialize-diagnostics /Users/xinyufang/Library/Developer/Xcode/DerivedData/Buzz-faillbpsmponqzeruhhvskovixzk/Build/Intermediates.noindex/Stripe.build/Debug-iphonesimulator/Stripe3DS2.build/Objects-normal/arm64/STDSChallengeResponseSelectionInfoObject.dia -c /Users/xinyufang/Library/Developer/Xcode/DerivedData/Buzz-faillbpsmponqzeruhhvskovixzk/SourcePackages/checkouts/stripe-ios-spm/Stripe3DS2/Stripe3DS2/STDSChallengeResponseSelectionInfoObject.m -o /Users/xinyufang/Library/Developer/Xcode/DerivedData/Buzz-faillbpsmponqzeruhhvskovixzk/Build/Intermediates.noindex/Stripe.build/Debug-iphonesimulator/Stripe3DS2.build/Objects-normal/arm64/STDSChallengeResponseSelectionInfoObject.o -index-unit-output-path /Stripe.build/Debug-iphonesimulator/Stripe3DS2.build/Objects-normal/arm64/STDSChallengeResponseSelectionInfoObject.o

CompileC /Users/xinyufang/Library/Developer/Xcode/DerivedData/Buzz-faillbpsmponqzeruhhvskovixzk/Build/Intermediates.noindex/Stripe.build/Debug-iphonesimulator/Stripe3DS2.build/Objects-normal/arm64/STDSChallengeResponseObject.o /Users/xinyufang/Library/Developer/Xcode/DerivedData/Buzz-faillbpsmponqzeruhhvskovixzk/SourcePackages/checkouts/stripe-ios-spm/Stripe3DS2/Stripe3DS2/STDSChallengeResponseObject.m normal arm64 objective-c com.apple.compilers.llvm.clang.1_0.compiler (in target 'Stripe3DS2' from project 'Stripe')
    cd /Users/xinyufang/Documents/Buzz/Buzz.xcodeproj
    
    Using response file: /Users/xinyufang/Library/Developer/Xcode/DerivedData/Buzz-faillbpsmponqzeruhhvskovixzk/Build/Intermediates.noindex/Stripe.build/Debug-iphonesimulator/Stripe3DS2.build/Objects-normal/arm64/e6072d4f65d7061329687fe24e3d63a7-common-args.resp
    
    /Applications/Xcode.app/Contents/Developer/Toolchains/XcodeDefault.xctoolchain/usr/bin/clang -x objective-c -ivfsstatcache /Users/xinyufang/Library/Developer/Xcode/DerivedData/SDKStatCaches.noindex/iphonesimulator26.0-23A339-26257891a6c027eb51374368541b8346.sdkstatcache -fmessage-length\=0 -fdiagnostics-show-note-include-stack -fmacro-backtrace-limit\=0 -fno-color-diagnostics -fmodules-prune-interval\=86400 -fmodules-prune-after\=345600 -fbuild-session-file\=/Users/xinyufang/Library/Developer/Xcode/DerivedData/ModuleCache.noindex/Session.modulevalidation -fmodules-validate-once-per-build-session -Wnon-modular-include-in-framework-module -Werror\=non-modular-include-in-framework-module -Wno-trigraphs -Wno-missing-field-initializers -Wno-missing-prototypes -Wno-return-type -Wno-implicit-atomic-properties -Wno-objc-interface-ivars -Wno-arc-repeated-use-of-weak -Wno-missing-braces -Wparentheses -Wswitch -Wno-unused-function -Wno-unused-label -Wno-unused-parameter -Wno-unused-variable -Wunused-value -Wno-empty-body -Wno-uninitialized -Wno-unknown-pragmas -w -Wno-shadow -Wno-four-char-constants -Wno-conversion -Wno-constant-conversion -Wno-int-conversion -Wno-bool-conversion -Wno-enum-conversion -Wno-float-conversion -Wno-non-literal-null-conversion -Wno-objc-literal-conversion -Wshorten-64-to-32 -Wpointer-sign -Wno-newline-eof -Wno-selector -Wno-strict-selector-match -Wno-undeclared-selector -Wno-deprecated-implementations -Wno-implicit-fallthrough -fstrict-aliasing -Wprotocol -Wdeprecated-declarations -Wno-sign-conversion -Wno-infinite-recursion -Wno-comma -Wno-block-capture-autoreleasing -Wno-strict-prototypes -Wno-semicolon-before-method-body -index-store-path /Users/xinyufang/Library/Developer/Xcode/DerivedData/Buzz-faillbpsmponqzeruhhvskovixzk/Index.noindex/DataStore @/Users/xinyufang/Library/Developer/Xcode/DerivedData/Buzz-faillbpsmponqzeruhhvskovixzk/Build/Intermediates.noindex/Stripe.build/Debug-iphonesimulator/Stripe3DS2.build/Objects-normal/arm64/e6072d4f65d7061329687fe24e3d63a7-common-args.resp -include /Users/xinyufang/Library/Developer/Xcode/DerivedData/Buzz-faillbpsmponqzeruhhvskovixzk/Build/Intermediates.noindex/Stripe.build/Debug-iphonesimulator/Stripe3DS2.build/DerivedSources/resource_bundle_accessor.h -MMD -MT dependencies -MF /Users/xinyufang/Library/Developer/Xcode/DerivedData/Buzz-faillbpsmponqzeruhhvskovixzk/Build/Intermediates.noindex/Stripe.build/Debug-iphonesimulator/Stripe3DS2.build/Objects-normal/arm64/STDSChallengeResponseObject.d --serialize-diagnostics /Users/xinyufang/Library/Developer/Xcode/DerivedData/Buzz-faillbpsmponqzeruhhvskovixzk/Build/Intermediates.noindex/Stripe.build/Debug-iphonesimulator/Stripe3DS2.build/Objects-normal/arm64/STDSChallengeResponseObject.dia -c /Users/xinyufang/Library/Developer/Xcode/DerivedData/Buzz-faillbpsmponqzeruhhvskovixzk/SourcePackages/checkouts/stripe-ios-spm/Stripe3DS2/Stripe3DS2/STDSChallengeResponseObject.m -o /Users/xinyufang/Library/Developer/Xcode/DerivedData/Buzz-faillbpsmponqzeruhhvskovixzk/Build/Intermediates.noindex/Stripe.build/Debug-iphonesimulator/Stripe3DS2.build/Objects-normal/arm64/STDSChallengeResponseObject.o -index-unit-output-path /Stripe.build/Debug-iphonesimulator/Stripe3DS2.build/Objects-normal/arm64/STDSChallengeResponseObject.o

CompileC /Users/xinyufang/Library/Developer/Xcode/DerivedData/Buzz-faillbpsmponqzeruhhvskovixzk/Build/Intermediates.noindex/Stripe.build/Debug-iphonesimulator/Stripe3DS2.build/Objects-normal/arm64/STDSChallengeResponseMessageExtensionObject.o /Users/xinyufang/Library/Developer/Xcode/DerivedData/Buzz-faillbpsmponqzeruhhvskovixzk/SourcePackages/checkouts/stripe-ios-spm/Stripe3DS2/Stripe3DS2/STDSChallengeResponseMessageExtensionObject.m normal arm64 objective-c com.apple.compilers.llvm.clang.1_0.compiler (in target 'Stripe3DS2' from project 'Stripe')
    cd /Users/xinyufang/Documents/Buzz/Buzz.xcodeproj
    
    Using response file: /Users/xinyufang/Library/Developer/Xcode/DerivedData/Buzz-faillbpsmponqzeruhhvskovixzk/Build/Intermediates.noindex/Stripe.build/Debug-iphonesimulator/Stripe3DS2.build/Objects-normal/arm64/e6072d4f65d7061329687fe24e3d63a7-common-args.resp
    
    /Applications/Xcode.app/Contents/Developer/Toolchains/XcodeDefault.xctoolchain/usr/bin/clang -x objective-c -ivfsstatcache /Users/xinyufang/Library/Developer/Xcode/DerivedData/SDKStatCaches.noindex/iphonesimulator26.0-23A339-26257891a6c027eb51374368541b8346.sdkstatcache -fmessage-length\=0 -fdiagnostics-show-note-include-stack -fmacro-backtrace-limit\=0 -fno-color-diagnostics -fmodules-prune-interval\=86400 -fmodules-prune-after\=345600 -fbuild-session-file\=/Users/xinyufang/Library/Developer/Xcode/DerivedData/ModuleCache.noindex/Session.modulevalidation -fmodules-validate-once-per-build-session -Wnon-modular-include-in-framework-module -Werror\=non-modular-include-in-framework-module -Wno-trigraphs -Wno-missing-field-initializers -Wno-missing-prototypes -Wno-return-type -Wno-implicit-atomic-properties -Wno-objc-interface-ivars -Wno-arc-repeated-use-of-weak -Wno-missing-braces -Wparentheses -Wswitch -Wno-unused-function -Wno-unused-label -Wno-unused-parameter -Wno-unused-variable -Wunused-value -Wno-empty-body -Wno-uninitialized -Wno-unknown-pragmas -w -Wno-shadow -Wno-four-char-constants -Wno-conversion -Wno-constant-conversion -Wno-int-conversion -Wno-bool-conversion -Wno-enum-conversion -Wno-float-conversion -Wno-non-literal-null-conversion -Wno-objc-literal-conversion -Wshorten-64-to-32 -Wpointer-sign -Wno-newline-eof -Wno-selector -Wno-strict-selector-match -Wno-undeclared-selector -Wno-deprecated-implementations -Wno-implicit-fallthrough -fstrict-aliasing -Wprotocol -Wdeprecated-declarations -Wno-sign-conversion -Wno-infinite-recursion -Wno-comma -Wno-block-capture-autoreleasing -Wno-strict-prototypes -Wno-semicolon-before-method-body -index-store-path /Users/xinyufang/Library/Developer/Xcode/DerivedData/Buzz-faillbpsmponqzeruhhvskovixzk/Index.noindex/DataStore @/Users/xinyufang/Library/Developer/Xcode/DerivedData/Buzz-faillbpsmponqzeruhhvskovixzk/Build/Intermediates.noindex/Stripe.build/Debug-iphonesimulator/Stripe3DS2.build/Objects-normal/arm64/e6072d4f65d7061329687fe24e3d63a7-common-args.resp -include /Users/xinyufang/Library/Developer/Xcode/DerivedData/Buzz-faillbpsmponqzeruhhvskovixzk/Build/Intermediates.noindex/Stripe.build/Debug-iphonesimulator/Stripe3DS2.build/DerivedSources/resource_bundle_accessor.h -MMD -MT dependencies -MF /Users/xinyufang/Library/Developer/Xcode/DerivedData/Buzz-faillbpsmponqzeruhhvskovixzk/Build/Intermediates.noindex/Stripe.build/Debug-iphonesimulator/Stripe3DS2.build/Objects-normal/arm64/STDSChallengeResponseMessageExtensionObject.d --serialize-diagnostics /Users/xinyufang/Library/Developer/Xcode/DerivedData/Buzz-faillbpsmponqzeruhhvskovixzk/Build/Intermediates.noindex/Stripe.build/Debug-iphonesimulator/Stripe3DS2.build/Objects-normal/arm64/STDSChallengeResponseMessageExtensionObject.dia -c /Users/xinyufang/Library/Developer/Xcode/DerivedData/Buzz-faillbpsmponqzeruhhvskovixzk/SourcePackages/checkouts/stripe-ios-spm/Stripe3DS2/Stripe3DS2/STDSChallengeResponseMessageExtensionObject.m -o /Users/xinyufang/Library/Developer/Xcode/DerivedData/Buzz-faillbpsmponqzeruhhvskovixzk/Build/Intermediates.noindex/Stripe.build/Debug-iphonesimulator/Stripe3DS2.build/Objects-normal/arm64/STDSChallengeResponseMessageExtensionObject.o -index-unit-output-path /Stripe.build/Debug-iphonesimulator/Stripe3DS2.build/Objects-normal/arm64/STDSChallengeResponseMessageExtensionObject.o

CompileC /Users/xinyufang/Library/Developer/Xcode/DerivedData/Buzz-faillbpsmponqzeruhhvskovixzk/Build/Intermediates.noindex/Stripe.build/Debug-iphonesimulator/Stripe3DS2.build/Objects-normal/arm64/STDSChallengeResponseImageObject.o /Users/xinyufang/Library/Developer/Xcode/DerivedData/Buzz-faillbpsmponqzeruhhvskovixzk/SourcePackages/checkouts/stripe-ios-spm/Stripe3DS2/Stripe3DS2/STDSChallengeResponseImageObject.m normal arm64 objective-c com.apple.compilers.llvm.clang.1_0.compiler (in target 'Stripe3DS2' from project 'Stripe')
    cd /Users/xinyufang/Documents/Buzz/Buzz.xcodeproj
    
    Using response file: /Users/xinyufang/Library/Developer/Xcode/DerivedData/Buzz-faillbpsmponqzeruhhvskovixzk/Build/Intermediates.noindex/Stripe.build/Debug-iphonesimulator/Stripe3DS2.build/Objects-normal/arm64/e6072d4f65d7061329687fe24e3d63a7-common-args.resp
    
    /Applications/Xcode.app/Contents/Developer/Toolchains/XcodeDefault.xctoolchain/usr/bin/clang -x objective-c -ivfsstatcache /Users/xinyufang/Library/Developer/Xcode/DerivedData/SDKStatCaches.noindex/iphonesimulator26.0-23A339-26257891a6c027eb51374368541b8346.sdkstatcache -fmessage-length\=0 -fdiagnostics-show-note-include-stack -fmacro-backtrace-limit\=0 -fno-color-diagnostics -fmodules-prune-interval\=86400 -fmodules-prune-after\=345600 -fbuild-session-file\=/Users/xinyufang/Library/Developer/Xcode/DerivedData/ModuleCache.noindex/Session.modulevalidation -fmodules-validate-once-per-build-session -Wnon-modular-include-in-framework-module -Werror\=non-modular-include-in-framework-module -Wno-trigraphs -Wno-missing-field-initializers -Wno-missing-prototypes -Wno-return-type -Wno-implicit-atomic-properties -Wno-objc-interface-ivars -Wno-arc-repeated-use-of-weak -Wno-missing-braces -Wparentheses -Wswitch -Wno-unused-function -Wno-unused-label -Wno-unused-parameter -Wno-unused-variable -Wunused-value -Wno-empty-body -Wno-uninitialized -Wno-unknown-pragmas -w -Wno-shadow -Wno-four-char-constants -Wno-conversion -Wno-constant-conversion -Wno-int-conversion -Wno-bool-conversion -Wno-enum-conversion -Wno-float-conversion -Wno-non-literal-null-conversion -Wno-objc-literal-conversion -Wshorten-64-to-32 -Wpointer-sign -Wno-newline-eof -Wno-selector -Wno-strict-selector-match -Wno-undeclared-selector -Wno-deprecated-implementations -Wno-implicit-fallthrough -fstrict-aliasing -Wprotocol -Wdeprecated-declarations -Wno-sign-conversion -Wno-infinite-recursion -Wno-comma -Wno-block-capture-autoreleasing -Wno-strict-prototypes -Wno-semicolon-before-method-body -index-store-path /Users/xinyufang/Library/Developer/Xcode/DerivedData/Buzz-faillbpsmponqzeruhhvskovixzk/Index.noindex/DataStore @/Users/xinyufang/Library/Developer/Xcode/DerivedData/Buzz-faillbpsmponqzeruhhvskovixzk/Build/Intermediates.noindex/Stripe.build/Debug-iphonesimulator/Stripe3DS2.build/Objects-normal/arm64/e6072d4f65d7061329687fe24e3d63a7-common-args.resp -include /Users/xinyufang/Library/Developer/Xcode/DerivedData/Buzz-faillbpsmponqzeruhhvskovixzk/Build/Intermediates.noindex/Stripe.build/Debug-iphonesimulator/Stripe3DS2.build/DerivedSources/resource_bundle_accessor.h -MMD -MT dependencies -MF /Users/xinyufang/Library/Developer/Xcode/DerivedData/Buzz-faillbpsmponqzeruhhvskovixzk/Build/Intermediates.noindex/Stripe.build/Debug-iphonesimulator/Stripe3DS2.build/Objects-normal/arm64/STDSChallengeResponseImageObject.d --serialize-diagnostics /Users/xinyufang/Library/Developer/Xcode/DerivedData/Buzz-faillbpsmponqzeruhhvskovixzk/Build/Intermediates.noindex/Stripe.build/Debug-iphonesimulator/Stripe3DS2.build/Objects-normal/arm64/STDSChallengeResponseImageObject.dia -c /Users/xinyufang/Library/Developer/Xcode/DerivedData/Buzz-faillbpsmponqzeruhhvskovixzk/SourcePackages/checkouts/stripe-ios-spm/Stripe3DS2/Stripe3DS2/STDSChallengeResponseImageObject.m -o /Users/xinyufang/Library/Developer/Xcode/DerivedData/Buzz-faillbpsmponqzeruhhvskovixzk/Build/Intermediates.noindex/Stripe.build/Debug-iphonesimulator/Stripe3DS2.build/Objects-normal/arm64/STDSChallengeResponseImageObject.o -index-unit-output-path /Stripe.build/Debug-iphonesimulator/Stripe3DS2.build/Objects-normal/arm64/STDSChallengeResponseImageObject.o

CompileC /Users/xinyufang/Library/Developer/Xcode/DerivedData/Buzz-faillbpsmponqzeruhhvskovixzk/Build/Intermediates.noindex/Stripe.build/Debug-iphonesimulator/Stripe3DS2.build/Objects-normal/arm64/STDSChallengeRequestParameters.o /Users/xinyufang/Library/Developer/Xcode/DerivedData/Buzz-faillbpsmponqzeruhhvskovixzk/SourcePackages/checkouts/stripe-ios-spm/Stripe3DS2/Stripe3DS2/STDSChallengeRequestParameters.m normal arm64 objective-c com.apple.compilers.llvm.clang.1_0.compiler (in target 'Stripe3DS2' from project 'Stripe')
    cd /Users/xinyufang/Documents/Buzz/Buzz.xcodeproj
    
    Using response file: /Users/xinyufang/Library/Developer/Xcode/DerivedData/Buzz-faillbpsmponqzeruhhvskovixzk/Build/Intermediates.noindex/Stripe.build/Debug-iphonesimulator/Stripe3DS2.build/Objects-normal/arm64/e6072d4f65d7061329687fe24e3d63a7-common-args.resp
    
    /Applications/Xcode.app/Contents/Developer/Toolchains/XcodeDefault.xctoolchain/usr/bin/clang -x objective-c -ivfsstatcache /Users/xinyufang/Library/Developer/Xcode/DerivedData/SDKStatCaches.noindex/iphonesimulator26.0-23A339-26257891a6c027eb51374368541b8346.sdkstatcache -fmessage-length\=0 -fdiagnostics-show-note-include-stack -fmacro-backtrace-limit\=0 -fno-color-diagnostics -fmodules-prune-interval\=86400 -fmodules-prune-after\=345600 -fbuild-session-file\=/Users/xinyufang/Library/Developer/Xcode/DerivedData/ModuleCache.noindex/Session.modulevalidation -fmodules-validate-once-per-build-session -Wnon-modular-include-in-framework-module -Werror\=non-modular-include-in-framework-module -Wno-trigraphs -Wno-missing-field-initializers -Wno-missing-prototypes -Wno-return-type -Wno-implicit-atomic-properties -Wno-objc-interface-ivars -Wno-arc-repeated-use-of-weak -Wno-missing-braces -Wparentheses -Wswitch -Wno-unused-function -Wno-unused-label -Wno-unused-parameter -Wno-unused-variable -Wunused-value -Wno-empty-body -Wno-uninitialized -Wno-unknown-pragmas -w -Wno-shadow -Wno-four-char-constants -Wno-conversion -Wno-constant-conversion -Wno-int-conversion -Wno-bool-conversion -Wno-enum-conversion -Wno-float-conversion -Wno-non-literal-null-conversion -Wno-objc-literal-conversion -Wshorten-64-to-32 -Wpointer-sign -Wno-newline-eof -Wno-selector -Wno-strict-selector-match -Wno-undeclared-selector -Wno-deprecated-implementations -Wno-implicit-fallthrough -fstrict-aliasing -Wprotocol -Wdeprecated-declarations -Wno-sign-conversion -Wno-infinite-recursion -Wno-comma -Wno-block-capture-autoreleasing -Wno-strict-prototypes -Wno-semicolon-before-method-body -index-store-path /Users/xinyufang/Library/Developer/Xcode/DerivedData/Buzz-faillbpsmponqzeruhhvskovixzk/Index.noindex/DataStore @/Users/xinyufang/Library/Developer/Xcode/DerivedData/Buzz-faillbpsmponqzeruhhvskovixzk/Build/Intermediates.noindex/Stripe.build/Debug-iphonesimulator/Stripe3DS2.build/Objects-normal/arm64/e6072d4f65d7061329687fe24e3d63a7-common-args.resp -include /Users/xinyufang/Library/Developer/Xcode/DerivedData/Buzz-faillbpsmponqzeruhhvskovixzk/Build/Intermediates.noindex/Stripe.build/Debug-iphonesimulator/Stripe3DS2.build/DerivedSources/resource_bundle_accessor.h -MMD -MT dependencies -MF /Users/xinyufang/Library/Developer/Xcode/DerivedData/Buzz-faillbpsmponqzeruhhvskovixzk/Build/Intermediates.noindex/Stripe.build/Debug-iphonesimulator/Stripe3DS2.build/Objects-normal/arm64/STDSChallengeRequestParameters.d --serialize-diagnostics /Users/xinyufang/Library/Developer/Xcode/DerivedData/Buzz-faillbpsmponqzeruhhvskovixzk/Build/Intermediates.noindex/Stripe.build/Debug-iphonesimulator/Stripe3DS2.build/Objects-normal/arm64/STDSChallengeRequestParameters.dia -c /Users/xinyufang/Library/Developer/Xcode/DerivedData/Buzz-faillbpsmponqzeruhhvskovixzk/SourcePackages/checkouts/stripe-ios-spm/Stripe3DS2/Stripe3DS2/STDSChallengeRequestParameters.m -o /Users/xinyufang/Library/Developer/Xcode/DerivedData/Buzz-faillbpsmponqzeruhhvskovixzk/Build/Intermediates.noindex/Stripe.build/Debug-iphonesimulator/Stripe3DS2.build/Objects-normal/arm64/STDSChallengeRequestParameters.o -index-unit-output-path /Stripe.build/Debug-iphonesimulator/Stripe3DS2.build/Objects-normal/arm64/STDSChallengeRequestParameters.o

CompileC /Users/xinyufang/Library/Developer/Xcode/DerivedData/Buzz-faillbpsmponqzeruhhvskovixzk/Build/Intermediates.noindex/Stripe.build/Debug-iphonesimulator/Stripe3DS2.build/Objects-normal/arm64/STDSChallengeParameters.o /Users/xinyufang/Library/Developer/Xcode/DerivedData/Buzz-faillbpsmponqzeruhhvskovixzk/SourcePackages/checkouts/stripe-ios-spm/Stripe3DS2/Stripe3DS2/include/STDSChallengeParameters.m normal arm64 objective-c com.apple.compilers.llvm.clang.1_0.compiler (in target 'Stripe3DS2' from project 'Stripe')
    cd /Users/xinyufang/Documents/Buzz/Buzz.xcodeproj
    
    Using response file: /Users/xinyufang/Library/Developer/Xcode/DerivedData/Buzz-faillbpsmponqzeruhhvskovixzk/Build/Intermediates.noindex/Stripe.build/Debug-iphonesimulator/Stripe3DS2.build/Objects-normal/arm64/e6072d4f65d7061329687fe24e3d63a7-common-args.resp
    
    /Applications/Xcode.app/Contents/Developer/Toolchains/XcodeDefault.xctoolchain/usr/bin/clang -x objective-c -ivfsstatcache /Users/xinyufang/Library/Developer/Xcode/DerivedData/SDKStatCaches.noindex/iphonesimulator26.0-23A339-26257891a6c027eb51374368541b8346.sdkstatcache -fmessage-length\=0 -fdiagnostics-show-note-include-stack -fmacro-backtrace-limit\=0 -fno-color-diagnostics -fmodules-prune-interval\=86400 -fmodules-prune-after\=345600 -fbuild-session-file\=/Users/xinyufang/Library/Developer/Xcode/DerivedData/ModuleCache.noindex/Session.modulevalidation -fmodules-validate-once-per-build-session -Wnon-modular-include-in-framework-module -Werror\=non-modular-include-in-framework-module -Wno-trigraphs -Wno-missing-field-initializers -Wno-missing-prototypes -Wno-return-type -Wno-implicit-atomic-properties -Wno-objc-interface-ivars -Wno-arc-repeated-use-of-weak -Wno-missing-braces -Wparentheses -Wswitch -Wno-unused-function -Wno-unused-label -Wno-unused-parameter -Wno-unused-variable -Wunused-value -Wno-empty-body -Wno-uninitialized -Wno-unknown-pragmas -w -Wno-shadow -Wno-four-char-constants -Wno-conversion -Wno-constant-conversion -Wno-int-conversion -Wno-bool-conversion -Wno-enum-conversion -Wno-float-conversion -Wno-non-literal-null-conversion -Wno-objc-literal-conversion -Wshorten-64-to-32 -Wpointer-sign -Wno-newline-eof -Wno-selector -Wno-strict-selector-match -Wno-undeclared-selector -Wno-deprecated-implementations -Wno-implicit-fallthrough -fstrict-aliasing -Wprotocol -Wdeprecated-declarations -Wno-sign-conversion -Wno-infinite-recursion -Wno-comma -Wno-block-capture-autoreleasing -Wno-strict-prototypes -Wno-semicolon-before-method-body -index-store-path /Users/xinyufang/Library/Developer/Xcode/DerivedData/Buzz-faillbpsmponqzeruhhvskovixzk/Index.noindex/DataStore @/Users/xinyufang/Library/Developer/Xcode/DerivedData/Buzz-faillbpsmponqzeruhhvskovixzk/Build/Intermediates.noindex/Stripe.build/Debug-iphonesimulator/Stripe3DS2.build/Objects-normal/arm64/e6072d4f65d7061329687fe24e3d63a7-common-args.resp -include /Users/xinyufang/Library/Developer/Xcode/DerivedData/Buzz-faillbpsmponqzeruhhvskovixzk/Build/Intermediates.noindex/Stripe.build/Debug-iphonesimulator/Stripe3DS2.build/DerivedSources/resource_bundle_accessor.h -MMD -MT dependencies -MF /Users/xinyufang/Library/Developer/Xcode/DerivedData/Buzz-faillbpsmponqzeruhhvskovixzk/Build/Intermediates.noindex/Stripe.build/Debug-iphonesimulator/Stripe3DS2.build/Objects-normal/arm64/STDSChallengeParameters.d --serialize-diagnostics /Users/xinyufang/Library/Developer/Xcode/DerivedData/Buzz-faillbpsmponqzeruhhvskovixzk/Build/Intermediates.noindex/Stripe.build/Debug-iphonesimulator/Stripe3DS2.build/Objects-normal/arm64/STDSChallengeParameters.dia -c /Users/xinyufang/Library/Developer/Xcode/DerivedData/Buzz-faillbpsmponqzeruhhvskovixzk/SourcePackages/checkouts/stripe-ios-spm/Stripe3DS2/Stripe3DS2/include/STDSChallengeParameters.m -o /Users/xinyufang/Library/Developer/Xcode/DerivedData/Buzz-faillbpsmponqzeruhhvskovixzk/Build/Intermediates.noindex/Stripe.build/Debug-iphonesimulator/Stripe3DS2.build/Objects-normal/arm64/STDSChallengeParameters.o -index-unit-output-path /Stripe.build/Debug-iphonesimulator/Stripe3DS2.build/Objects-normal/arm64/STDSChallengeParameters.o

SwiftEmitModule normal arm64 Emitting\ module\ for\ StripeUICore (in target 'StripeUICore' from project 'Stripe')

EmitSwiftModule normal arm64 (in target 'StripeUICore' from project 'Stripe')
    cd /Users/xinyufang/Documents/Buzz/Buzz.xcodeproj
    

CompileC /Users/xinyufang/Library/Developer/Xcode/DerivedData/Buzz-faillbpsmponqzeruhhvskovixzk/Build/Intermediates.noindex/Stripe.build/Debug-iphonesimulator/Stripe3DS2.build/Objects-normal/arm64/STDSBundleLocator.o /Users/xinyufang/Library/Developer/Xcode/DerivedData/Buzz-faillbpsmponqzeruhhvskovixzk/SourcePackages/checkouts/stripe-ios-spm/Stripe3DS2/Stripe3DS2/STDSBundleLocator.m normal arm64 objective-c com.apple.compilers.llvm.clang.1_0.compiler (in target 'Stripe3DS2' from project 'Stripe')
    cd /Users/xinyufang/Documents/Buzz/Buzz.xcodeproj
    
    Using response file: /Users/xinyufang/Library/Developer/Xcode/DerivedData/Buzz-faillbpsmponqzeruhhvskovixzk/Build/Intermediates.noindex/Stripe.build/Debug-iphonesimulator/Stripe3DS2.build/Objects-normal/arm64/e6072d4f65d7061329687fe24e3d63a7-common-args.resp
    
    /Applications/Xcode.app/Contents/Developer/Toolchains/XcodeDefault.xctoolchain/usr/bin/clang -x objective-c -ivfsstatcache /Users/xinyufang/Library/Developer/Xcode/DerivedData/SDKStatCaches.noindex/iphonesimulator26.0-23A339-26257891a6c027eb51374368541b8346.sdkstatcache -fmessage-length\=0 -fdiagnostics-show-note-include-stack -fmacro-backtrace-limit\=0 -fno-color-diagnostics -fmodules-prune-interval\=86400 -fmodules-prune-after\=345600 -fbuild-session-file\=/Users/xinyufang/Library/Developer/Xcode/DerivedData/ModuleCache.noindex/Session.modulevalidation -fmodules-validate-once-per-build-session -Wnon-modular-include-in-framework-module -Werror\=non-modular-include-in-framework-module -Wno-trigraphs -Wno-missing-field-initializers -Wno-missing-prototypes -Wno-return-type -Wno-implicit-atomic-properties -Wno-objc-interface-ivars -Wno-arc-repeated-use-of-weak -Wno-missing-braces -Wparentheses -Wswitch -Wno-unused-function -Wno-unused-label -Wno-unused-parameter -Wno-unused-variable -Wunused-value -Wno-empty-body -Wno-uninitialized -Wno-unknown-pragmas -w -Wno-shadow -Wno-four-char-constants -Wno-conversion -Wno-constant-conversion -Wno-int-conversion -Wno-bool-conversion -Wno-enum-conversion -Wno-float-conversion -Wno-non-literal-null-conversion -Wno-objc-literal-conversion -Wshorten-64-to-32 -Wpointer-sign -Wno-newline-eof -Wno-selector -Wno-strict-selector-match -Wno-undeclared-selector -Wno-deprecated-implementations -Wno-implicit-fallthrough -fstrict-aliasing -Wprotocol -Wdeprecated-declarations -Wno-sign-conversion -Wno-infinite-recursion -Wno-comma -Wno-block-capture-autoreleasing -Wno-strict-prototypes -Wno-semicolon-before-method-body -index-store-path /Users/xinyufang/Library/Developer/Xcode/DerivedData/Buzz-faillbpsmponqzeruhhvskovixzk/Index.noindex/DataStore @/Users/xinyufang/Library/Developer/Xcode/DerivedData/Buzz-faillbpsmponqzeruhhvskovixzk/Build/Intermediates.noindex/Stripe.build/Debug-iphonesimulator/Stripe3DS2.build/Objects-normal/arm64/e6072d4f65d7061329687fe24e3d63a7-common-args.resp -include /Users/xinyufang/Library/Developer/Xcode/DerivedData/Buzz-faillbpsmponqzeruhhvskovixzk/Build/Intermediates.noindex/Stripe.build/Debug-iphonesimulator/Stripe3DS2.build/DerivedSources/resource_bundle_accessor.h -MMD -MT dependencies -MF /Users/xinyufang/Library/Developer/Xcode/DerivedData/Buzz-faillbpsmponqzeruhhvskovixzk/Build/Intermediates.noindex/Stripe.build/Debug-iphonesimulator/Stripe3DS2.build/Objects-normal/arm64/STDSBundleLocator.d --serialize-diagnostics /Users/xinyufang/Library/Developer/Xcode/DerivedData/Buzz-faillbpsmponqzeruhhvskovixzk/Build/Intermediates.noindex/Stripe.build/Debug-iphonesimulator/Stripe3DS2.build/Objects-normal/arm64/STDSBundleLocator.dia -c /Users/xinyufang/Library/Developer/Xcode/DerivedData/Buzz-faillbpsmponqzeruhhvskovixzk/SourcePackages/checkouts/stripe-ios-spm/Stripe3DS2/Stripe3DS2/STDSBundleLocator.m -o /Users/xinyufang/Library/Developer/Xcode/DerivedData/Buzz-faillbpsmponqzeruhhvskovixzk/Build/Intermediates.noindex/Stripe.build/Debug-iphonesimulator/Stripe3DS2.build/Objects-normal/arm64/STDSBundleLocator.o -index-unit-output-path /Stripe.build/Debug-iphonesimulator/Stripe3DS2.build/Objects-normal/arm64/STDSBundleLocator.o

CompileC /Users/xinyufang/Library/Developer/Xcode/DerivedData/Buzz-faillbpsmponqzeruhhvskovixzk/Build/Intermediates.noindex/Stripe.build/Debug-iphonesimulator/Stripe3DS2.build/Objects-normal/arm64/STDSAuthenticationResponseObject.o /Users/xinyufang/Library/Developer/Xcode/DerivedData/Buzz-faillbpsmponqzeruhhvskovixzk/SourcePackages/checkouts/stripe-ios-spm/Stripe3DS2/Stripe3DS2/STDSAuthenticationResponseObject.m normal arm64 objective-c com.apple.compilers.llvm.clang.1_0.compiler (in target 'Stripe3DS2' from project 'Stripe')
    cd /Users/xinyufang/Documents/Buzz/Buzz.xcodeproj
    
    Using response file: /Users/xinyufang/Library/Developer/Xcode/DerivedData/Buzz-faillbpsmponqzeruhhvskovixzk/Build/Intermediates.noindex/Stripe.build/Debug-iphonesimulator/Stripe3DS2.build/Objects-normal/arm64/e6072d4f65d7061329687fe24e3d63a7-common-args.resp
    
    /Applications/Xcode.app/Contents/Developer/Toolchains/XcodeDefault.xctoolchain/usr/bin/clang -x objective-c -ivfsstatcache /Users/xinyufang/Library/Developer/Xcode/DerivedData/SDKStatCaches.noindex/iphonesimulator26.0-23A339-26257891a6c027eb51374368541b8346.sdkstatcache -fmessage-length\=0 -fdiagnostics-show-note-include-stack -fmacro-backtrace-limit\=0 -fno-color-diagnostics -fmodules-prune-interval\=86400 -fmodules-prune-after\=345600 -fbuild-session-file\=/Users/xinyufang/Library/Developer/Xcode/DerivedData/ModuleCache.noindex/Session.modulevalidation -fmodules-validate-once-per-build-session -Wnon-modular-include-in-framework-module -Werror\=non-modular-include-in-framework-module -Wno-trigraphs -Wno-missing-field-initializers -Wno-missing-prototypes -Wno-return-type -Wno-implicit-atomic-properties -Wno-objc-interface-ivars -Wno-arc-repeated-use-of-weak -Wno-missing-braces -Wparentheses -Wswitch -Wno-unused-function -Wno-unused-label -Wno-unused-parameter -Wno-unused-variable -Wunused-value -Wno-empty-body -Wno-uninitialized -Wno-unknown-pragmas -w -Wno-shadow -Wno-four-char-constants -Wno-conversion -Wno-constant-conversion -Wno-int-conversion -Wno-bool-conversion -Wno-enum-conversion -Wno-float-conversion -Wno-non-literal-null-conversion -Wno-objc-literal-conversion -Wshorten-64-to-32 -Wpointer-sign -Wno-newline-eof -Wno-selector -Wno-strict-selector-match -Wno-undeclared-selector -Wno-deprecated-implementations -Wno-implicit-fallthrough -fstrict-aliasing -Wprotocol -Wdeprecated-declarations -Wno-sign-conversion -Wno-infinite-recursion -Wno-comma -Wno-block-capture-autoreleasing -Wno-strict-prototypes -Wno-semicolon-before-method-body -index-store-path /Users/xinyufang/Library/Developer/Xcode/DerivedData/Buzz-faillbpsmponqzeruhhvskovixzk/Index.noindex/DataStore @/Users/xinyufang/Library/Developer/Xcode/DerivedData/Buzz-faillbpsmponqzeruhhvskovixzk/Build/Intermediates.noindex/Stripe.build/Debug-iphonesimulator/Stripe3DS2.build/Objects-normal/arm64/e6072d4f65d7061329687fe24e3d63a7-common-args.resp -include /Users/xinyufang/Library/Developer/Xcode/DerivedData/Buzz-faillbpsmponqzeruhhvskovixzk/Build/Intermediates.noindex/Stripe.build/Debug-iphonesimulator/Stripe3DS2.build/DerivedSources/resource_bundle_accessor.h -MMD -MT dependencies -MF /Users/xinyufang/Library/Developer/Xcode/DerivedData/Buzz-faillbpsmponqzeruhhvskovixzk/Build/Intermediates.noindex/Stripe.build/Debug-iphonesimulator/Stripe3DS2.build/Objects-normal/arm64/STDSAuthenticationResponseObject.d --serialize-diagnostics /Users/xinyufang/Library/Developer/Xcode/DerivedData/Buzz-faillbpsmponqzeruhhvskovixzk/Build/Intermediates.noindex/Stripe.build/Debug-iphonesimulator/Stripe3DS2.build/Objects-normal/arm64/STDSAuthenticationResponseObject.dia -c /Users/xinyufang/Library/Developer/Xcode/DerivedData/Buzz-faillbpsmponqzeruhhvskovixzk/SourcePackages/checkouts/stripe-ios-spm/Stripe3DS2/Stripe3DS2/STDSAuthenticationResponseObject.m -o /Users/xinyufang/Library/Developer/Xcode/DerivedData/Buzz-faillbpsmponqzeruhhvskovixzk/Build/Intermediates.noindex/Stripe.build/Debug-iphonesimulator/Stripe3DS2.build/Objects-normal/arm64/STDSAuthenticationResponseObject.o -index-unit-output-path /Stripe.build/Debug-iphonesimulator/Stripe3DS2.build/Objects-normal/arm64/STDSAuthenticationResponseObject.o

CompileC /Users/xinyufang/Library/Developer/Xcode/DerivedData/Buzz-faillbpsmponqzeruhhvskovixzk/Build/Intermediates.noindex/Stripe.build/Debug-iphonesimulator/Stripe3DS2.build/Objects-normal/arm64/STDSAuthenticationRequestParameters.o /Users/xinyufang/Library/Developer/Xcode/DerivedData/Buzz-faillbpsmponqzeruhhvskovixzk/SourcePackages/checkouts/stripe-ios-spm/Stripe3DS2/Stripe3DS2/include/STDSAuthenticationRequestParameters.m normal arm64 objective-c com.apple.compilers.llvm.clang.1_0.compiler (in target 'Stripe3DS2' from project 'Stripe')
    cd /Users/xinyufang/Documents/Buzz/Buzz.xcodeproj
    
    Using response file: /Users/xinyufang/Library/Developer/Xcode/DerivedData/Buzz-faillbpsmponqzeruhhvskovixzk/Build/Intermediates.noindex/Stripe.build/Debug-iphonesimulator/Stripe3DS2.build/Objects-normal/arm64/e6072d4f65d7061329687fe24e3d63a7-common-args.resp
    
    /Applications/Xcode.app/Contents/Developer/Toolchains/XcodeDefault.xctoolchain/usr/bin/clang -x objective-c -ivfsstatcache /Users/xinyufang/Library/Developer/Xcode/DerivedData/SDKStatCaches.noindex/iphonesimulator26.0-23A339-26257891a6c027eb51374368541b8346.sdkstatcache -fmessage-length\=0 -fdiagnostics-show-note-include-stack -fmacro-backtrace-limit\=0 -fno-color-diagnostics -fmodules-prune-interval\=86400 -fmodules-prune-after\=345600 -fbuild-session-file\=/Users/xinyufang/Library/Developer/Xcode/DerivedData/ModuleCache.noindex/Session.modulevalidation -fmodules-validate-once-per-build-session -Wnon-modular-include-in-framework-module -Werror\=non-modular-include-in-framework-module -Wno-trigraphs -Wno-missing-field-initializers -Wno-missing-prototypes -Wno-return-type -Wno-implicit-atomic-properties -Wno-objc-interface-ivars -Wno-arc-repeated-use-of-weak -Wno-missing-braces -Wparentheses -Wswitch -Wno-unused-function -Wno-unused-label -Wno-unused-parameter -Wno-unused-variable -Wunused-value -Wno-empty-body -Wno-uninitialized -Wno-unknown-pragmas -w -Wno-shadow -Wno-four-char-constants -Wno-conversion -Wno-constant-conversion -Wno-int-conversion -Wno-bool-conversion -Wno-enum-conversion -Wno-float-conversion -Wno-non-literal-null-conversion -Wno-objc-literal-conversion -Wshorten-64-to-32 -Wpointer-sign -Wno-newline-eof -Wno-selector -Wno-strict-selector-match -Wno-undeclared-selector -Wno-deprecated-implementations -Wno-implicit-fallthrough -fstrict-aliasing -Wprotocol -Wdeprecated-declarations -Wno-sign-conversion -Wno-infinite-recursion -Wno-comma -Wno-block-capture-autoreleasing -Wno-strict-prototypes -Wno-semicolon-before-method-body -index-store-path /Users/xinyufang/Library/Developer/Xcode/DerivedData/Buzz-faillbpsmponqzeruhhvskovixzk/Index.noindex/DataStore @/Users/xinyufang/Library/Developer/Xcode/DerivedData/Buzz-faillbpsmponqzeruhhvskovixzk/Build/Intermediates.noindex/Stripe.build/Debug-iphonesimulator/Stripe3DS2.build/Objects-normal/arm64/e6072d4f65d7061329687fe24e3d63a7-common-args.resp -include /Users/xinyufang/Library/Developer/Xcode/DerivedData/Buzz-faillbpsmponqzeruhhvskovixzk/Build/Intermediates.noindex/Stripe.build/Debug-iphonesimulator/Stripe3DS2.build/DerivedSources/resource_bundle_accessor.h -MMD -MT dependencies -MF /Users/xinyufang/Library/Developer/Xcode/DerivedData/Buzz-faillbpsmponqzeruhhvskovixzk/Build/Intermediates.noindex/Stripe.build/Debug-iphonesimulator/Stripe3DS2.build/Objects-normal/arm64/STDSAuthenticationRequestParameters.d --serialize-diagnostics /Users/xinyufang/Library/Developer/Xcode/DerivedData/Buzz-faillbpsmponqzeruhhvskovixzk/Build/Intermediates.noindex/Stripe.build/Debug-iphonesimulator/Stripe3DS2.build/Objects-normal/arm64/STDSAuthenticationRequestParameters.dia -c /Users/xinyufang/Library/Developer/Xcode/DerivedData/Buzz-faillbpsmponqzeruhhvskovixzk/SourcePackages/checkouts/stripe-ios-spm/Stripe3DS2/Stripe3DS2/include/STDSAuthenticationRequestParameters.m -o /Users/xinyufang/Library/Developer/Xcode/DerivedData/Buzz-faillbpsmponqzeruhhvskovixzk/Build/Intermediates.noindex/Stripe.build/Debug-iphonesimulator/Stripe3DS2.build/Objects-normal/arm64/STDSAuthenticationRequestParameters.o -index-unit-output-path /Stripe.build/Debug-iphonesimulator/Stripe3DS2.build/Objects-normal/arm64/STDSAuthenticationRequestParameters.o

CompileC /Users/xinyufang/Library/Developer/Xcode/DerivedData/Buzz-faillbpsmponqzeruhhvskovixzk/Build/Intermediates.noindex/Stripe.build/Debug-iphonesimulator/Stripe3DS2.build/Objects-normal/arm64/STDSAlreadyInitializedException.o /Users/xinyufang/Library/Developer/Xcode/DerivedData/Buzz-faillbpsmponqzeruhhvskovixzk/SourcePackages/checkouts/stripe-ios-spm/Stripe3DS2/Stripe3DS2/include/STDSAlreadyInitializedException.m normal arm64 objective-c com.apple.compilers.llvm.clang.1_0.compiler (in target 'Stripe3DS2' from project 'Stripe')
    cd /Users/xinyufang/Documents/Buzz/Buzz.xcodeproj
    
    Using response file: /Users/xinyufang/Library/Developer/Xcode/DerivedData/Buzz-faillbpsmponqzeruhhvskovixzk/Build/Intermediates.noindex/Stripe.build/Debug-iphonesimulator/Stripe3DS2.build/Objects-normal/arm64/e6072d4f65d7061329687fe24e3d63a7-common-args.resp
    
    /Applications/Xcode.app/Contents/Developer/Toolchains/XcodeDefault.xctoolchain/usr/bin/clang -x objective-c -ivfsstatcache /Users/xinyufang/Library/Developer/Xcode/DerivedData/SDKStatCaches.noindex/iphonesimulator26.0-23A339-26257891a6c027eb51374368541b8346.sdkstatcache -fmessage-length\=0 -fdiagnostics-show-note-include-stack -fmacro-backtrace-limit\=0 -fno-color-diagnostics -fmodules-prune-interval\=86400 -fmodules-prune-after\=345600 -fbuild-session-file\=/Users/xinyufang/Library/Developer/Xcode/DerivedData/ModuleCache.noindex/Session.modulevalidation -fmodules-validate-once-per-build-session -Wnon-modular-include-in-framework-module -Werror\=non-modular-include-in-framework-module -Wno-trigraphs -Wno-missing-field-initializers -Wno-missing-prototypes -Wno-return-type -Wno-implicit-atomic-properties -Wno-objc-interface-ivars -Wno-arc-repeated-use-of-weak -Wno-missing-braces -Wparentheses -Wswitch -Wno-unused-function -Wno-unused-label -Wno-unused-parameter -Wno-unused-variable -Wunused-value -Wno-empty-body -Wno-uninitialized -Wno-unknown-pragmas -w -Wno-shadow -Wno-four-char-constants -Wno-conversion -Wno-constant-conversion -Wno-int-conversion -Wno-bool-conversion -Wno-enum-conversion -Wno-float-conversion -Wno-non-literal-null-conversion -Wno-objc-literal-conversion -Wshorten-64-to-32 -Wpointer-sign -Wno-newline-eof -Wno-selector -Wno-strict-selector-match -Wno-undeclared-selector -Wno-deprecated-implementations -Wno-implicit-fallthrough -fstrict-aliasing -Wprotocol -Wdeprecated-declarations -Wno-sign-conversion -Wno-infinite-recursion -Wno-comma -Wno-block-capture-autoreleasing -Wno-strict-prototypes -Wno-semicolon-before-method-body -index-store-path /Users/xinyufang/Library/Developer/Xcode/DerivedData/Buzz-faillbpsmponqzeruhhvskovixzk/Index.noindex/DataStore @/Users/xinyufang/Library/Developer/Xcode/DerivedData/Buzz-faillbpsmponqzeruhhvskovixzk/Build/Intermediates.noindex/Stripe.build/Debug-iphonesimulator/Stripe3DS2.build/Objects-normal/arm64/e6072d4f65d7061329687fe24e3d63a7-common-args.resp -include /Users/xinyufang/Library/Developer/Xcode/DerivedData/Buzz-faillbpsmponqzeruhhvskovixzk/Build/Intermediates.noindex/Stripe.build/Debug-iphonesimulator/Stripe3DS2.build/DerivedSources/resource_bundle_accessor.h -MMD -MT dependencies -MF /Users/xinyufang/Library/Developer/Xcode/DerivedData/Buzz-faillbpsmponqzeruhhvskovixzk/Build/Intermediates.noindex/Stripe.build/Debug-iphonesimulator/Stripe3DS2.build/Objects-normal/arm64/STDSAlreadyInitializedException.d --serialize-diagnostics /Users/xinyufang/Library/Developer/Xcode/DerivedData/Buzz-faillbpsmponqzeruhhvskovixzk/Build/Intermediates.noindex/Stripe.build/Debug-iphonesimulator/Stripe3DS2.build/Objects-normal/arm64/STDSAlreadyInitializedException.dia -c /Users/xinyufang/Library/Developer/Xcode/DerivedData/Buzz-faillbpsmponqzeruhhvskovixzk/SourcePackages/checkouts/stripe-ios-spm/Stripe3DS2/Stripe3DS2/include/STDSAlreadyInitializedException.m -o /Users/xinyufang/Library/Developer/Xcode/DerivedData/Buzz-faillbpsmponqzeruhhvskovixzk/Build/Intermediates.noindex/Stripe.build/Debug-iphonesimulator/Stripe3DS2.build/Objects-normal/arm64/STDSAlreadyInitializedException.o -index-unit-output-path /Stripe.build/Debug-iphonesimulator/Stripe3DS2.build/Objects-normal/arm64/STDSAlreadyInitializedException.o

CompileC /Users/xinyufang/Library/Developer/Xcode/DerivedData/Buzz-faillbpsmponqzeruhhvskovixzk/Build/Intermediates.noindex/Stripe.build/Debug-iphonesimulator/Stripe3DS2.build/Objects-normal/arm64/NSString+JWEHelpers.o /Users/xinyufang/Library/Developer/Xcode/DerivedData/Buzz-faillbpsmponqzeruhhvskovixzk/SourcePackages/checkouts/stripe-ios-spm/Stripe3DS2/Stripe3DS2/NSString+JWEHelpers.m normal arm64 objective-c com.apple.compilers.llvm.clang.1_0.compiler (in target 'Stripe3DS2' from project 'Stripe')
    cd /Users/xinyufang/Documents/Buzz/Buzz.xcodeproj
    
    Using response file: /Users/xinyufang/Library/Developer/Xcode/DerivedData/Buzz-faillbpsmponqzeruhhvskovixzk/Build/Intermediates.noindex/Stripe.build/Debug-iphonesimulator/Stripe3DS2.build/Objects-normal/arm64/e6072d4f65d7061329687fe24e3d63a7-common-args.resp
    
    /Applications/Xcode.app/Contents/Developer/Toolchains/XcodeDefault.xctoolchain/usr/bin/clang -x objective-c -ivfsstatcache /Users/xinyufang/Library/Developer/Xcode/DerivedData/SDKStatCaches.noindex/iphonesimulator26.0-23A339-26257891a6c027eb51374368541b8346.sdkstatcache -fmessage-length\=0 -fdiagnostics-show-note-include-stack -fmacro-backtrace-limit\=0 -fno-color-diagnostics -fmodules-prune-interval\=86400 -fmodules-prune-after\=345600 -fbuild-session-file\=/Users/xinyufang/Library/Developer/Xcode/DerivedData/ModuleCache.noindex/Session.modulevalidation -fmodules-validate-once-per-build-session -Wnon-modular-include-in-framework-module -Werror\=non-modular-include-in-framework-module -Wno-trigraphs -Wno-missing-field-initializers -Wno-missing-prototypes -Wno-return-type -Wno-implicit-atomic-properties -Wno-objc-interface-ivars -Wno-arc-repeated-use-of-weak -Wno-missing-braces -Wparentheses -Wswitch -Wno-unused-function -Wno-unused-label -Wno-unused-parameter -Wno-unused-variable -Wunused-value -Wno-empty-body -Wno-uninitialized -Wno-unknown-pragmas -w -Wno-shadow -Wno-four-char-constants -Wno-conversion -Wno-constant-conversion -Wno-int-conversion -Wno-bool-conversion -Wno-enum-conversion -Wno-float-conversion -Wno-non-literal-null-conversion -Wno-objc-literal-conversion -Wshorten-64-to-32 -Wpointer-sign -Wno-newline-eof -Wno-selector -Wno-strict-selector-match -Wno-undeclared-selector -Wno-deprecated-implementations -Wno-implicit-fallthrough -fstrict-aliasing -Wprotocol -Wdeprecated-declarations -Wno-sign-conversion -Wno-infinite-recursion -Wno-comma -Wno-block-capture-autoreleasing -Wno-strict-prototypes -Wno-semicolon-before-method-body -index-store-path /Users/xinyufang/Library/Developer/Xcode/DerivedData/Buzz-faillbpsmponqzeruhhvskovixzk/Index.noindex/DataStore @/Users/xinyufang/Library/Developer/Xcode/DerivedData/Buzz-faillbpsmponqzeruhhvskovixzk/Build/Intermediates.noindex/Stripe.build/Debug-iphonesimulator/Stripe3DS2.build/Objects-normal/arm64/e6072d4f65d7061329687fe24e3d63a7-common-args.resp -include /Users/xinyufang/Library/Developer/Xcode/DerivedData/Buzz-faillbpsmponqzeruhhvskovixzk/Build/Intermediates.noindex/Stripe.build/Debug-iphonesimulator/Stripe3DS2.build/DerivedSources/resource_bundle_accessor.h -MMD -MT dependencies -MF /Users/xinyufang/Library/Developer/Xcode/DerivedData/Buzz-faillbpsmponqzeruhhvskovixzk/Build/Intermediates.noindex/Stripe.build/Debug-iphonesimulator/Stripe3DS2.build/Objects-normal/arm64/NSString+JWEHelpers.d --serialize-diagnostics /Users/xinyufang/Library/Developer/Xcode/DerivedData/Buzz-faillbpsmponqzeruhhvskovixzk/Build/Intermediates.noindex/Stripe.build/Debug-iphonesimulator/Stripe3DS2.build/Objects-normal/arm64/NSString+JWEHelpers.dia -c /Users/xinyufang/Library/Developer/Xcode/DerivedData/Buzz-faillbpsmponqzeruhhvskovixzk/SourcePackages/checkouts/stripe-ios-spm/Stripe3DS2/Stripe3DS2/NSString+JWEHelpers.m -o /Users/xinyufang/Library/Developer/Xcode/DerivedData/Buzz-faillbpsmponqzeruhhvskovixzk/Build/Intermediates.noindex/Stripe.build/Debug-iphonesimulator/Stripe3DS2.build/Objects-normal/arm64/NSString+JWEHelpers.o -index-unit-output-path /Stripe.build/Debug-iphonesimulator/Stripe3DS2.build/Objects-normal/arm64/NSString+JWEHelpers.o

CompileC /Users/xinyufang/Library/Developer/Xcode/DerivedData/Buzz-faillbpsmponqzeruhhvskovixzk/Build/Intermediates.noindex/Stripe.build/Debug-iphonesimulator/Stripe3DS2.build/Objects-normal/arm64/NSString+EmptyChecking.o /Users/xinyufang/Library/Developer/Xcode/DerivedData/Buzz-faillbpsmponqzeruhhvskovixzk/SourcePackages/checkouts/stripe-ios-spm/Stripe3DS2/Stripe3DS2/NSString+EmptyChecking.m normal arm64 objective-c com.apple.compilers.llvm.clang.1_0.compiler (in target 'Stripe3DS2' from project 'Stripe')
    cd /Users/xinyufang/Documents/Buzz/Buzz.xcodeproj
    
    Using response file: /Users/xinyufang/Library/Developer/Xcode/DerivedData/Buzz-faillbpsmponqzeruhhvskovixzk/Build/Intermediates.noindex/Stripe.build/Debug-iphonesimulator/Stripe3DS2.build/Objects-normal/arm64/e6072d4f65d7061329687fe24e3d63a7-common-args.resp
    
    /Applications/Xcode.app/Contents/Developer/Toolchains/XcodeDefault.xctoolchain/usr/bin/clang -x objective-c -ivfsstatcache /Users/xinyufang/Library/Developer/Xcode/DerivedData/SDKStatCaches.noindex/iphonesimulator26.0-23A339-26257891a6c027eb51374368541b8346.sdkstatcache -fmessage-length\=0 -fdiagnostics-show-note-include-stack -fmacro-backtrace-limit\=0 -fno-color-diagnostics -fmodules-prune-interval\=86400 -fmodules-prune-after\=345600 -fbuild-session-file\=/Users/xinyufang/Library/Developer/Xcode/DerivedData/ModuleCache.noindex/Session.modulevalidation -fmodules-validate-once-per-build-session -Wnon-modular-include-in-framework-module -Werror\=non-modular-include-in-framework-module -Wno-trigraphs -Wno-missing-field-initializers -Wno-missing-prototypes -Wno-return-type -Wno-implicit-atomic-properties -Wno-objc-interface-ivars -Wno-arc-repeated-use-of-weak -Wno-missing-braces -Wparentheses -Wswitch -Wno-unused-function -Wno-unused-label -Wno-unused-parameter -Wno-unused-variable -Wunused-value -Wno-empty-body -Wno-uninitialized -Wno-unknown-pragmas -w -Wno-shadow -Wno-four-char-constants -Wno-conversion -Wno-constant-conversion -Wno-int-conversion -Wno-bool-conversion -Wno-enum-conversion -Wno-float-conversion -Wno-non-literal-null-conversion -Wno-objc-literal-conversion -Wshorten-64-to-32 -Wpointer-sign -Wno-newline-eof -Wno-selector -Wno-strict-selector-match -Wno-undeclared-selector -Wno-deprecated-implementations -Wno-implicit-fallthrough -fstrict-aliasing -Wprotocol -Wdeprecated-declarations -Wno-sign-conversion -Wno-infinite-recursion -Wno-comma -Wno-block-capture-autoreleasing -Wno-strict-prototypes -Wno-semicolon-before-method-body -index-store-path /Users/xinyufang/Library/Developer/Xcode/DerivedData/Buzz-faillbpsmponqzeruhhvskovixzk/Index.noindex/DataStore @/Users/xinyufang/Library/Developer/Xcode/DerivedData/Buzz-faillbpsmponqzeruhhvskovixzk/Build/Intermediates.noindex/Stripe.build/Debug-iphonesimulator/Stripe3DS2.build/Objects-normal/arm64/e6072d4f65d7061329687fe24e3d63a7-common-args.resp -include /Users/xinyufang/Library/Developer/Xcode/DerivedData/Buzz-faillbpsmponqzeruhhvskovixzk/Build/Intermediates.noindex/Stripe.build/Debug-iphonesimulator/Stripe3DS2.build/DerivedSources/resource_bundle_accessor.h -MMD -MT dependencies -MF /Users/xinyufang/Library/Developer/Xcode/DerivedData/Buzz-faillbpsmponqzeruhhvskovixzk/Build/Intermediates.noindex/Stripe.build/Debug-iphonesimulator/Stripe3DS2.build/Objects-normal/arm64/NSString+EmptyChecking.d --serialize-diagnostics /Users/xinyufang/Library/Developer/Xcode/DerivedData/Buzz-faillbpsmponqzeruhhvskovixzk/Build/Intermediates.noindex/Stripe.build/Debug-iphonesimulator/Stripe3DS2.build/Objects-normal/arm64/NSString+EmptyChecking.dia -c /Users/xinyufang/Library/Developer/Xcode/DerivedData/Buzz-faillbpsmponqzeruhhvskovixzk/SourcePackages/checkouts/stripe-ios-spm/Stripe3DS2/Stripe3DS2/NSString+EmptyChecking.m -o /Users/xinyufang/Library/Developer/Xcode/DerivedData/Buzz-faillbpsmponqzeruhhvskovixzk/Build/Intermediates.noindex/Stripe.build/Debug-iphonesimulator/Stripe3DS2.build/Objects-normal/arm64/NSString+EmptyChecking.o -index-unit-output-path /Stripe.build/Debug-iphonesimulator/Stripe3DS2.build/Objects-normal/arm64/NSString+EmptyChecking.o

CompileC /Users/xinyufang/Library/Developer/Xcode/DerivedData/Buzz-faillbpsmponqzeruhhvskovixzk/Build/Intermediates.noindex/Stripe.build/Debug-iphonesimulator/Stripe3DS2.build/Objects-normal/arm64/NSError+Stripe3DS2.o /Users/xinyufang/Library/Developer/Xcode/DerivedData/Buzz-faillbpsmponqzeruhhvskovixzk/SourcePackages/checkouts/stripe-ios-spm/Stripe3DS2/Stripe3DS2/NSError+Stripe3DS2.m normal arm64 objective-c com.apple.compilers.llvm.clang.1_0.compiler (in target 'Stripe3DS2' from project 'Stripe')
    cd /Users/xinyufang/Documents/Buzz/Buzz.xcodeproj
    
    Using response file: /Users/xinyufang/Library/Developer/Xcode/DerivedData/Buzz-faillbpsmponqzeruhhvskovixzk/Build/Intermediates.noindex/Stripe.build/Debug-iphonesimulator/Stripe3DS2.build/Objects-normal/arm64/e6072d4f65d7061329687fe24e3d63a7-common-args.resp
    
    /Applications/Xcode.app/Contents/Developer/Toolchains/XcodeDefault.xctoolchain/usr/bin/clang -x objective-c -ivfsstatcache /Users/xinyufang/Library/Developer/Xcode/DerivedData/SDKStatCaches.noindex/iphonesimulator26.0-23A339-26257891a6c027eb51374368541b8346.sdkstatcache -fmessage-length\=0 -fdiagnostics-show-note-include-stack -fmacro-backtrace-limit\=0 -fno-color-diagnostics -fmodules-prune-interval\=86400 -fmodules-prune-after\=345600 -fbuild-session-file\=/Users/xinyufang/Library/Developer/Xcode/DerivedData/ModuleCache.noindex/Session.modulevalidation -fmodules-validate-once-per-build-session -Wnon-modular-include-in-framework-module -Werror\=non-modular-include-in-framework-module -Wno-trigraphs -Wno-missing-field-initializers -Wno-missing-prototypes -Wno-return-type -Wno-implicit-atomic-properties -Wno-objc-interface-ivars -Wno-arc-repeated-use-of-weak -Wno-missing-braces -Wparentheses -Wswitch -Wno-unused-function -Wno-unused-label -Wno-unused-parameter -Wno-unused-variable -Wunused-value -Wno-empty-body -Wno-uninitialized -Wno-unknown-pragmas -w -Wno-shadow -Wno-four-char-constants -Wno-conversion -Wno-constant-conversion -Wno-int-conversion -Wno-bool-conversion -Wno-enum-conversion -Wno-float-conversion -Wno-non-literal-null-conversion -Wno-objc-literal-conversion -Wshorten-64-to-32 -Wpointer-sign -Wno-newline-eof -Wno-selector -Wno-strict-selector-match -Wno-undeclared-selector -Wno-deprecated-implementations -Wno-implicit-fallthrough -fstrict-aliasing -Wprotocol -Wdeprecated-declarations -Wno-sign-conversion -Wno-infinite-recursion -Wno-comma -Wno-block-capture-autoreleasing -Wno-strict-prototypes -Wno-semicolon-before-method-body -index-store-path /Users/xinyufang/Library/Developer/Xcode/DerivedData/Buzz-faillbpsmponqzeruhhvskovixzk/Index.noindex/DataStore @/Users/xinyufang/Library/Developer/Xcode/DerivedData/Buzz-faillbpsmponqzeruhhvskovixzk/Build/Intermediates.noindex/Stripe.build/Debug-iphonesimulator/Stripe3DS2.build/Objects-normal/arm64/e6072d4f65d7061329687fe24e3d63a7-common-args.resp -include /Users/xinyufang/Library/Developer/Xcode/DerivedData/Buzz-faillbpsmponqzeruhhvskovixzk/Build/Intermediates.noindex/Stripe.build/Debug-iphonesimulator/Stripe3DS2.build/DerivedSources/resource_bundle_accessor.h -MMD -MT dependencies -MF /Users/xinyufang/Library/Developer/Xcode/DerivedData/Buzz-faillbpsmponqzeruhhvskovixzk/Build/Intermediates.noindex/Stripe.build/Debug-iphonesimulator/Stripe3DS2.build/Objects-normal/arm64/NSError+Stripe3DS2.d --serialize-diagnostics /Users/xinyufang/Library/Developer/Xcode/DerivedData/Buzz-faillbpsmponqzeruhhvskovixzk/Build/Intermediates.noindex/Stripe.build/Debug-iphonesimulator/Stripe3DS2.build/Objects-normal/arm64/NSError+Stripe3DS2.dia -c /Users/xinyufang/Library/Developer/Xcode/DerivedData/Buzz-faillbpsmponqzeruhhvskovixzk/SourcePackages/checkouts/stripe-ios-spm/Stripe3DS2/Stripe3DS2/NSError+Stripe3DS2.m -o /Users/xinyufang/Library/Developer/Xcode/DerivedData/Buzz-faillbpsmponqzeruhhvskovixzk/Build/Intermediates.noindex/Stripe.build/Debug-iphonesimulator/Stripe3DS2.build/Objects-normal/arm64/NSError+Stripe3DS2.o -index-unit-output-path /Stripe.build/Debug-iphonesimulator/Stripe3DS2.build/Objects-normal/arm64/NSError+Stripe3DS2.o

CompileC /Users/xinyufang/Library/Developer/Xcode/DerivedData/Buzz-faillbpsmponqzeruhhvskovixzk/Build/Intermediates.noindex/Stripe.build/Debug-iphonesimulator/Stripe3DS2.build/Objects-normal/arm64/NSDictionary+DecodingHelpers.o /Users/xinyufang/Library/Developer/Xcode/DerivedData/Buzz-faillbpsmponqzeruhhvskovixzk/SourcePackages/checkouts/stripe-ios-spm/Stripe3DS2/Stripe3DS2/NSDictionary+DecodingHelpers.m normal arm64 objective-c com.apple.compilers.llvm.clang.1_0.compiler (in target 'Stripe3DS2' from project 'Stripe')
    cd /Users/xinyufang/Documents/Buzz/Buzz.xcodeproj
    
    Using response file: /Users/xinyufang/Library/Developer/Xcode/DerivedData/Buzz-faillbpsmponqzeruhhvskovixzk/Build/Intermediates.noindex/Stripe.build/Debug-iphonesimulator/Stripe3DS2.build/Objects-normal/arm64/e6072d4f65d7061329687fe24e3d63a7-common-args.resp
    
    /Applications/Xcode.app/Contents/Developer/Toolchains/XcodeDefault.xctoolchain/usr/bin/clang -x objective-c -ivfsstatcache /Users/xinyufang/Library/Developer/Xcode/DerivedData/SDKStatCaches.noindex/iphonesimulator26.0-23A339-26257891a6c027eb51374368541b8346.sdkstatcache -fmessage-length\=0 -fdiagnostics-show-note-include-stack -fmacro-backtrace-limit\=0 -fno-color-diagnostics -fmodules-prune-interval\=86400 -fmodules-prune-after\=345600 -fbuild-session-file\=/Users/xinyufang/Library/Developer/Xcode/DerivedData/ModuleCache.noindex/Session.modulevalidation -fmodules-validate-once-per-build-session -Wnon-modular-include-in-framework-module -Werror\=non-modular-include-in-framework-module -Wno-trigraphs -Wno-missing-field-initializers -Wno-missing-prototypes -Wno-return-type -Wno-implicit-atomic-properties -Wno-objc-interface-ivars -Wno-arc-repeated-use-of-weak -Wno-missing-braces -Wparentheses -Wswitch -Wno-unused-function -Wno-unused-label -Wno-unused-parameter -Wno-unused-variable -Wunused-value -Wno-empty-body -Wno-uninitialized -Wno-unknown-pragmas -w -Wno-shadow -Wno-four-char-constants -Wno-conversion -Wno-constant-conversion -Wno-int-conversion -Wno-bool-conversion -Wno-enum-conversion -Wno-float-conversion -Wno-non-literal-null-conversion -Wno-objc-literal-conversion -Wshorten-64-to-32 -Wpointer-sign -Wno-newline-eof -Wno-selector -Wno-strict-selector-match -Wno-undeclared-selector -Wno-deprecated-implementations -Wno-implicit-fallthrough -fstrict-aliasing -Wprotocol -Wdeprecated-declarations -Wno-sign-conversion -Wno-infinite-recursion -Wno-comma -Wno-block-capture-autoreleasing -Wno-strict-prototypes -Wno-semicolon-before-method-body -index-store-path /Users/xinyufang/Library/Developer/Xcode/DerivedData/Buzz-faillbpsmponqzeruhhvskovixzk/Index.noindex/DataStore @/Users/xinyufang/Library/Developer/Xcode/DerivedData/Buzz-faillbpsmponqzeruhhvskovixzk/Build/Intermediates.noindex/Stripe.build/Debug-iphonesimulator/Stripe3DS2.build/Objects-normal/arm64/e6072d4f65d7061329687fe24e3d63a7-common-args.resp -include /Users/xinyufang/Library/Developer/Xcode/DerivedData/Buzz-faillbpsmponqzeruhhvskovixzk/Build/Intermediates.noindex/Stripe.build/Debug-iphonesimulator/Stripe3DS2.build/DerivedSources/resource_bundle_accessor.h -MMD -MT dependencies -MF /Users/xinyufang/Library/Developer/Xcode/DerivedData/Buzz-faillbpsmponqzeruhhvskovixzk/Build/Intermediates.noindex/Stripe.build/Debug-iphonesimulator/Stripe3DS2.build/Objects-normal/arm64/NSDictionary+DecodingHelpers.d --serialize-diagnostics /Users/xinyufang/Library/Developer/Xcode/DerivedData/Buzz-faillbpsmponqzeruhhvskovixzk/Build/Intermediates.noindex/Stripe.build/Debug-iphonesimulator/Stripe3DS2.build/Objects-normal/arm64/NSDictionary+DecodingHelpers.dia -c /Users/xinyufang/Library/Developer/Xcode/DerivedData/Buzz-faillbpsmponqzeruhhvskovixzk/SourcePackages/checkouts/stripe-ios-spm/Stripe3DS2/Stripe3DS2/NSDictionary+DecodingHelpers.m -o /Users/xinyufang/Library/Developer/Xcode/DerivedData/Buzz-faillbpsmponqzeruhhvskovixzk/Build/Intermediates.noindex/Stripe.build/Debug-iphonesimulator/Stripe3DS2.build/Objects-normal/arm64/NSDictionary+DecodingHelpers.o -index-unit-output-path /Stripe.build/Debug-iphonesimulator/Stripe3DS2.build/Objects-normal/arm64/NSDictionary+DecodingHelpers.o

CompileC /Users/xinyufang/Library/Developer/Xcode/DerivedData/Buzz-faillbpsmponqzeruhhvskovixzk/Build/Intermediates.noindex/Stripe.build/Debug-iphonesimulator/Stripe3DS2.build/Objects-normal/arm64/NSData+JWEHelpers.o /Users/xinyufang/Library/Developer/Xcode/DerivedData/Buzz-faillbpsmponqzeruhhvskovixzk/SourcePackages/checkouts/stripe-ios-spm/Stripe3DS2/Stripe3DS2/NSData+JWEHelpers.m normal arm64 objective-c com.apple.compilers.llvm.clang.1_0.compiler (in target 'Stripe3DS2' from project 'Stripe')
    cd /Users/xinyufang/Documents/Buzz/Buzz.xcodeproj
    
    Using response file: /Users/xinyufang/Library/Developer/Xcode/DerivedData/Buzz-faillbpsmponqzeruhhvskovixzk/Build/Intermediates.noindex/Stripe.build/Debug-iphonesimulator/Stripe3DS2.build/Objects-normal/arm64/e6072d4f65d7061329687fe24e3d63a7-common-args.resp
    
    /Applications/Xcode.app/Contents/Developer/Toolchains/XcodeDefault.xctoolchain/usr/bin/clang -x objective-c -ivfsstatcache /Users/xinyufang/Library/Developer/Xcode/DerivedData/SDKStatCaches.noindex/iphonesimulator26.0-23A339-26257891a6c027eb51374368541b8346.sdkstatcache -fmessage-length\=0 -fdiagnostics-show-note-include-stack -fmacro-backtrace-limit\=0 -fno-color-diagnostics -fmodules-prune-interval\=86400 -fmodules-prune-after\=345600 -fbuild-session-file\=/Users/xinyufang/Library/Developer/Xcode/DerivedData/ModuleCache.noindex/Session.modulevalidation -fmodules-validate-once-per-build-session -Wnon-modular-include-in-framework-module -Werror\=non-modular-include-in-framework-module -Wno-trigraphs -Wno-missing-field-initializers -Wno-missing-prototypes -Wno-return-type -Wno-implicit-atomic-properties -Wno-objc-interface-ivars -Wno-arc-repeated-use-of-weak -Wno-missing-braces -Wparentheses -Wswitch -Wno-unused-function -Wno-unused-label -Wno-unused-parameter -Wno-unused-variable -Wunused-value -Wno-empty-body -Wno-uninitialized -Wno-unknown-pragmas -w -Wno-shadow -Wno-four-char-constants -Wno-conversion -Wno-constant-conversion -Wno-int-conversion -Wno-bool-conversion -Wno-enum-conversion -Wno-float-conversion -Wno-non-literal-null-conversion -Wno-objc-literal-conversion -Wshorten-64-to-32 -Wpointer-sign -Wno-newline-eof -Wno-selector -Wno-strict-selector-match -Wno-undeclared-selector -Wno-deprecated-implementations -Wno-implicit-fallthrough -fstrict-aliasing -Wprotocol -Wdeprecated-declarations -Wno-sign-conversion -Wno-infinite-recursion -Wno-comma -Wno-block-capture-autoreleasing -Wno-strict-prototypes -Wno-semicolon-before-method-body -index-store-path /Users/xinyufang/Library/Developer/Xcode/DerivedData/Buzz-faillbpsmponqzeruhhvskovixzk/Index.noindex/DataStore @/Users/xinyufang/Library/Developer/Xcode/DerivedData/Buzz-faillbpsmponqzeruhhvskovixzk/Build/Intermediates.noindex/Stripe.build/Debug-iphonesimulator/Stripe3DS2.build/Objects-normal/arm64/e6072d4f65d7061329687fe24e3d63a7-common-args.resp -include /Users/xinyufang/Library/Developer/Xcode/DerivedData/Buzz-faillbpsmponqzeruhhvskovixzk/Build/Intermediates.noindex/Stripe.build/Debug-iphonesimulator/Stripe3DS2.build/DerivedSources/resource_bundle_accessor.h -MMD -MT dependencies -MF /Users/xinyufang/Library/Developer/Xcode/DerivedData/Buzz-faillbpsmponqzeruhhvskovixzk/Build/Intermediates.noindex/Stripe.build/Debug-iphonesimulator/Stripe3DS2.build/Objects-normal/arm64/NSData+JWEHelpers.d --serialize-diagnostics /Users/xinyufang/Library/Developer/Xcode/DerivedData/Buzz-faillbpsmponqzeruhhvskovixzk/Build/Intermediates.noindex/Stripe.build/Debug-iphonesimulator/Stripe3DS2.build/Objects-normal/arm64/NSData+JWEHelpers.dia -c /Users/xinyufang/Library/Developer/Xcode/DerivedData/Buzz-faillbpsmponqzeruhhvskovixzk/SourcePackages/checkouts/stripe-ios-spm/Stripe3DS2/Stripe3DS2/NSData+JWEHelpers.m -o /Users/xinyufang/Library/Developer/Xcode/DerivedData/Buzz-faillbpsmponqzeruhhvskovixzk/Build/Intermediates.noindex/Stripe.build/Debug-iphonesimulator/Stripe3DS2.build/Objects-normal/arm64/NSData+JWEHelpers.o -index-unit-output-path /Stripe.build/Debug-iphonesimulator/Stripe3DS2.build/Objects-normal/arm64/NSData+JWEHelpers.o

PrecompileModule /Users/xinyufang/Library/Developer/Xcode/DerivedData/Buzz-faillbpsmponqzeruhhvskovixzk/Build/Intermediates.noindex/ExplicitPrecompiledModules/FileProvider-595ERKFQRKR1BPMUC91B3YBHQ.scan
    cd /
    builtin-precompileModule /Users/xinyufang/Library/Developer/Xcode/DerivedData/Buzz-faillbpsmponqzeruhhvskovixzk/Build/Intermediates.noindex/ExplicitPrecompiledModules/FileProvider-595ERKFQRKR1BPMUC91B3YBHQ.scan

PrecompileModule /Users/xinyufang/Library/Developer/Xcode/DerivedData/Buzz-faillbpsmponqzeruhhvskovixzk/Build/Intermediates.noindex/ExplicitPrecompiledModules/UserNotifications-1DDQAYPIBL80D9AGV5UOWFL8H.scan
    cd /
    builtin-precompileModule /Users/xinyufang/Library/Developer/Xcode/DerivedData/Buzz-faillbpsmponqzeruhhvskovixzk/Build/Intermediates.noindex/ExplicitPrecompiledModules/UserNotifications-1DDQAYPIBL80D9AGV5UOWFL8H.scan

PrecompileModule /Users/xinyufang/Library/Developer/Xcode/DerivedData/Buzz-faillbpsmponqzeruhhvskovixzk/Build/Intermediates.noindex/ExplicitPrecompiledModules/OpenGLES-615HCKKZKVQY7I0F487R4T0YC.scan
    cd /
    builtin-precompileModule /Users/xinyufang/Library/Developer/Xcode/DerivedData/Buzz-faillbpsmponqzeruhhvskovixzk/Build/Intermediates.noindex/ExplicitPrecompiledModules/OpenGLES-615HCKKZKVQY7I0F487R4T0YC.scan

PrecompileModule /Users/xinyufang/Library/Developer/Xcode/DerivedData/Buzz-faillbpsmponqzeruhhvskovixzk/Build/Intermediates.noindex/ExplicitPrecompiledModules/IOSurface-B5SP9QIXO253C6F7A9S0METH9.scan
    cd /
    builtin-precompileModule /Users/xinyufang/Library/Developer/Xcode/DerivedData/Buzz-faillbpsmponqzeruhhvskovixzk/Build/Intermediates.noindex/ExplicitPrecompiledModules/IOSurface-B5SP9QIXO253C6F7A9S0METH9.scan

PrecompileModule /Users/xinyufang/Library/Developer/Xcode/DerivedData/Buzz-faillbpsmponqzeruhhvskovixzk/Build/Intermediates.noindex/ExplicitPrecompiledModules/Network-3XKRV2A8R3NNJUT3NPKCM5WZ7.scan
    cd /
    builtin-precompileModule /Users/xinyufang/Library/Developer/Xcode/DerivedData/Buzz-faillbpsmponqzeruhhvskovixzk/Build/Intermediates.noindex/ExplicitPrecompiledModules/Network-3XKRV2A8R3NNJUT3NPKCM5WZ7.scan

PrecompileModule /Users/xinyufang/Library/Developer/Xcode/DerivedData/Buzz-faillbpsmponqzeruhhvskovixzk/Build/Intermediates.noindex/ExplicitPrecompiledModules/Metal-38B07SXNMCAEL6ZT7FHTLCX2J.scan
    cd /
    builtin-precompileModule /Users/xinyufang/Library/Developer/Xcode/DerivedData/Buzz-faillbpsmponqzeruhhvskovixzk/Build/Intermediates.noindex/ExplicitPrecompiledModules/Metal-38B07SXNMCAEL6ZT7FHTLCX2J.scan

PrecompileModule /Users/xinyufang/Library/Developer/Xcode/DerivedData/Buzz-faillbpsmponqzeruhhvskovixzk/Build/Intermediates.noindex/ExplicitPrecompiledModules/Symbols-70N187GNGKDQ2CCSTG2UK9H9Q.scan
    cd /
    builtin-precompileModule /Users/xinyufang/Library/Developer/Xcode/DerivedData/Buzz-faillbpsmponqzeruhhvskovixzk/Build/Intermediates.noindex/ExplicitPrecompiledModules/Symbols-70N187GNGKDQ2CCSTG2UK9H9Q.scan

SwiftEmitModule normal arm64 Emitting\ module\ for\ StripeCameraCore (in target 'StripeCameraCore' from project 'Stripe')

EmitSwiftModule normal arm64 (in target 'StripeCameraCore' from project 'Stripe')
    cd /Users/xinyufang/Documents/Buzz/Buzz.xcodeproj
    

PrecompileModule /Users/xinyufang/Library/Developer/Xcode/DerivedData/Buzz-faillbpsmponqzeruhhvskovixzk/Build/Intermediates.noindex/ExplicitPrecompiledModules/_LocationEssentials-5VC8QH4LP4G5N8IVZ0BUDWILC.scan
    cd /
    builtin-precompileModule /Users/xinyufang/Library/Developer/Xcode/DerivedData/Buzz-faillbpsmponqzeruhhvskovixzk/Build/Intermediates.noindex/ExplicitPrecompiledModules/_LocationEssentials-5VC8QH4LP4G5N8IVZ0BUDWILC.scan

PrecompileModule /Users/xinyufang/Library/Developer/Xcode/DerivedData/Buzz-faillbpsmponqzeruhhvskovixzk/Build/Intermediates.noindex/ExplicitPrecompiledModules/UIUtilities-9IGJATPZZCSQRESQKTSV2EHTZ.scan
    cd /
    builtin-precompileModule /Users/xinyufang/Library/Developer/Xcode/DerivedData/Buzz-faillbpsmponqzeruhhvskovixzk/Build/Intermediates.noindex/ExplicitPrecompiledModules/UIUtilities-9IGJATPZZCSQRESQKTSV2EHTZ.scan

PrecompileModule /Users/xinyufang/Library/Developer/Xcode/DerivedData/Buzz-faillbpsmponqzeruhhvskovixzk/Build/Intermediates.noindex/ExplicitPrecompiledModules/CoreLocation-1EJLAIP7SVZOYPANL19PHJNT6.scan
    cd /
    builtin-precompileModule /Users/xinyufang/Library/Developer/Xcode/DerivedData/Buzz-faillbpsmponqzeruhhvskovixzk/Build/Intermediates.noindex/ExplicitPrecompiledModules/CoreLocation-1EJLAIP7SVZOYPANL19PHJNT6.scan

PrecompileModule /Users/xinyufang/Library/Developer/Xcode/DerivedData/Buzz-faillbpsmponqzeruhhvskovixzk/Build/Intermediates.noindex/ExplicitPrecompiledModules/CoreVideo-8G11ISGU8T6YH91MIY3GG1KMN.scan
    cd /
    builtin-precompileModule /Users/xinyufang/Library/Developer/Xcode/DerivedData/Buzz-faillbpsmponqzeruhhvskovixzk/Build/Intermediates.noindex/ExplicitPrecompiledModules/CoreVideo-8G11ISGU8T6YH91MIY3GG1KMN.scan

SwiftCompile normal arm64 Compiling\ BankRoutingNumber.swift,\ PhoneNumber.swift,\ STPBlikCodeValidator.swift,\ STPEmailAddressValidator.swift,\ STPVPANumberValidator.swift,\ DoneButtonToolbar.swift,\ DynamicHeightContainerView.swift,\ DynamicImageView.swift,\ LinkOpeningTextView.swift,\ GeneratedAssetSymbols.swift /Users/xinyufang/Library/Developer/Xcode/DerivedData/Buzz-faillbpsmponqzeruhhvskovixzk/SourcePackages/checkouts/stripe-ios-spm/StripeUICore/StripeUICore/Source/Validators/BankRoutingNumber.swift /Users/xinyufang/Library/Developer/Xcode/DerivedData/Buzz-faillbpsmponqzeruhhvskovixzk/SourcePackages/checkouts/stripe-ios-spm/StripeUICore/StripeUICore/Source/Validators/PhoneNumber.swift /Users/xinyufang/Library/Developer/Xcode/DerivedData/Buzz-faillbpsmponqzeruhhvskovixzk/SourcePackages/checkouts/stripe-ios-spm/StripeUICore/StripeUICore/Source/Validators/STPBlikCodeValidator.swift /Users/xinyufang/Library/Developer/Xcode/DerivedData/Buzz-faillbpsmponqzeruhhvskovixzk/SourcePackages/checkouts/stripe-ios-spm/StripeUICore/StripeUICore/Source/Validators/STPEmailAddressValidator.swift /Users/xinyufang/Library/Developer/Xcode/DerivedData/Buzz-faillbpsmponqzeruhhvskovixzk/SourcePackages/checkouts/stripe-ios-spm/StripeUICore/StripeUICore/Source/Validators/STPVPANumberValidator.swift /Users/xinyufang/Library/Developer/Xcode/DerivedData/Buzz-faillbpsmponqzeruhhvskovixzk/SourcePackages/checkouts/stripe-ios-spm/StripeUICore/StripeUICore/Source/Views/DoneButtonToolbar.swift /Users/xinyufang/Library/Developer/Xcode/DerivedData/Buzz-faillbpsmponqzeruhhvskovixzk/SourcePackages/checkouts/stripe-ios-spm/StripeUICore/StripeUICore/Source/Views/DynamicHeightContainerView.swift /Users/xinyufang/Library/Developer/Xcode/DerivedData/Buzz-faillbpsmponqzeruhhvskovixzk/SourcePackages/checkouts/stripe-ios-spm/StripeUICore/StripeUICore/Source/Views/DynamicImageView.swift /Users/xinyufang/Library/Developer/Xcode/DerivedData/Buzz-faillbpsmponqzeruhhvskovixzk/SourcePackages/checkouts/stripe-ios-spm/StripeUICore/StripeUICore/Source/Views/LinkOpeningTextView.swift /Users/xinyufang/Library/Developer/Xcode/DerivedData/Buzz-faillbpsmponqzeruhhvskovixzk/Build/Intermediates.noindex/Stripe.build/Debug-iphonesimulator/StripeUICore.build/DerivedSources/GeneratedAssetSymbols.swift (in target 'StripeUICore' from project 'Stripe')

SwiftCompile normal arm64 /Users/xinyufang/Library/Developer/Xcode/DerivedData/Buzz-faillbpsmponqzeruhhvskovixzk/SourcePackages/checkouts/stripe-ios-spm/StripeUICore/StripeUICore/Source/Validators/BankRoutingNumber.swift (in target 'StripeUICore' from project 'Stripe')
    cd /Users/xinyufang/Documents/Buzz/Buzz.xcodeproj
    

SwiftCompile normal arm64 /Users/xinyufang/Library/Developer/Xcode/DerivedData/Buzz-faillbpsmponqzeruhhvskovixzk/SourcePackages/checkouts/stripe-ios-spm/StripeUICore/StripeUICore/Source/Validators/PhoneNumber.swift (in target 'StripeUICore' from project 'Stripe')
    cd /Users/xinyufang/Documents/Buzz/Buzz.xcodeproj
    

SwiftCompile normal arm64 /Users/xinyufang/Library/Developer/Xcode/DerivedData/Buzz-faillbpsmponqzeruhhvskovixzk/SourcePackages/checkouts/stripe-ios-spm/StripeUICore/StripeUICore/Source/Validators/STPBlikCodeValidator.swift (in target 'StripeUICore' from project 'Stripe')
    cd /Users/xinyufang/Documents/Buzz/Buzz.xcodeproj
    

SwiftCompile normal arm64 /Users/xinyufang/Library/Developer/Xcode/DerivedData/Buzz-faillbpsmponqzeruhhvskovixzk/SourcePackages/checkouts/stripe-ios-spm/StripeUICore/StripeUICore/Source/Validators/STPEmailAddressValidator.swift (in target 'StripeUICore' from project 'Stripe')
    cd /Users/xinyufang/Documents/Buzz/Buzz.xcodeproj
    

SwiftCompile normal arm64 /Users/xinyufang/Library/Developer/Xcode/DerivedData/Buzz-faillbpsmponqzeruhhvskovixzk/SourcePackages/checkouts/stripe-ios-spm/StripeUICore/StripeUICore/Source/Validators/STPVPANumberValidator.swift (in target 'StripeUICore' from project 'Stripe')
    cd /Users/xinyufang/Documents/Buzz/Buzz.xcodeproj
    

SwiftCompile normal arm64 /Users/xinyufang/Library/Developer/Xcode/DerivedData/Buzz-faillbpsmponqzeruhhvskovixzk/SourcePackages/checkouts/stripe-ios-spm/StripeUICore/StripeUICore/Source/Views/DoneButtonToolbar.swift (in target 'StripeUICore' from project 'Stripe')
    cd /Users/xinyufang/Documents/Buzz/Buzz.xcodeproj
    

SwiftCompile normal arm64 /Users/xinyufang/Library/Developer/Xcode/DerivedData/Buzz-faillbpsmponqzeruhhvskovixzk/SourcePackages/checkouts/stripe-ios-spm/StripeUICore/StripeUICore/Source/Views/DynamicHeightContainerView.swift (in target 'StripeUICore' from project 'Stripe')
    cd /Users/xinyufang/Documents/Buzz/Buzz.xcodeproj
    

SwiftCompile normal arm64 /Users/xinyufang/Library/Developer/Xcode/DerivedData/Buzz-faillbpsmponqzeruhhvskovixzk/SourcePackages/checkouts/stripe-ios-spm/StripeUICore/StripeUICore/Source/Views/DynamicImageView.swift (in target 'StripeUICore' from project 'Stripe')
    cd /Users/xinyufang/Documents/Buzz/Buzz.xcodeproj
    

SwiftCompile normal arm64 /Users/xinyufang/Library/Developer/Xcode/DerivedData/Buzz-faillbpsmponqzeruhhvskovixzk/SourcePackages/checkouts/stripe-ios-spm/StripeUICore/StripeUICore/Source/Views/LinkOpeningTextView.swift (in target 'StripeUICore' from project 'Stripe')
    cd /Users/xinyufang/Documents/Buzz/Buzz.xcodeproj
    

SwiftCompile normal arm64 /Users/xinyufang/Library/Developer/Xcode/DerivedData/Buzz-faillbpsmponqzeruhhvskovixzk/Build/Intermediates.noindex/Stripe.build/Debug-iphonesimulator/StripeUICore.build/DerivedSources/GeneratedAssetSymbols.swift (in target 'StripeUICore' from project 'Stripe')
    cd /Users/xinyufang/Documents/Buzz/Buzz.xcodeproj
    

CompileC /Users/xinyufang/Library/Developer/Xcode/DerivedData/Buzz-faillbpsmponqzeruhhvskovixzk/Build/Intermediates.noindex/Stripe.build/Debug-iphonesimulator/Stripe3DS2.build/Objects-normal/arm64/STDSSynchronousLocationManager.o /Users/xinyufang/Library/Developer/Xcode/DerivedData/Buzz-faillbpsmponqzeruhhvskovixzk/SourcePackages/checkouts/stripe-ios-spm/Stripe3DS2/Stripe3DS2/STDSSynchronousLocationManager.m normal arm64 objective-c com.apple.compilers.llvm.clang.1_0.compiler (in target 'Stripe3DS2' from project 'Stripe')
    cd /Users/xinyufang/Documents/Buzz/Buzz.xcodeproj
    
    Using response file: /Users/xinyufang/Library/Developer/Xcode/DerivedData/Buzz-faillbpsmponqzeruhhvskovixzk/Build/Intermediates.noindex/Stripe.build/Debug-iphonesimulator/Stripe3DS2.build/Objects-normal/arm64/e6072d4f65d7061329687fe24e3d63a7-common-args.resp
    
    /Applications/Xcode.app/Contents/Developer/Toolchains/XcodeDefault.xctoolchain/usr/bin/clang -x objective-c -ivfsstatcache /Users/xinyufang/Library/Developer/Xcode/DerivedData/SDKStatCaches.noindex/iphonesimulator26.0-23A339-26257891a6c027eb51374368541b8346.sdkstatcache -fmessage-length\=0 -fdiagnostics-show-note-include-stack -fmacro-backtrace-limit\=0 -fno-color-diagnostics -fmodules-prune-interval\=86400 -fmodules-prune-after\=345600 -fbuild-session-file\=/Users/xinyufang/Library/Developer/Xcode/DerivedData/ModuleCache.noindex/Session.modulevalidation -fmodules-validate-once-per-build-session -Wnon-modular-include-in-framework-module -Werror\=non-modular-include-in-framework-module -Wno-trigraphs -Wno-missing-field-initializers -Wno-missing-prototypes -Wno-return-type -Wno-implicit-atomic-properties -Wno-objc-interface-ivars -Wno-arc-repeated-use-of-weak -Wno-missing-braces -Wparentheses -Wswitch -Wno-unused-function -Wno-unused-label -Wno-unused-parameter -Wno-unused-variable -Wunused-value -Wno-empty-body -Wno-uninitialized -Wno-unknown-pragmas -w -Wno-shadow -Wno-four-char-constants -Wno-conversion -Wno-constant-conversion -Wno-int-conversion -Wno-bool-conversion -Wno-enum-conversion -Wno-float-conversion -Wno-non-literal-null-conversion -Wno-objc-literal-conversion -Wshorten-64-to-32 -Wpointer-sign -Wno-newline-eof -Wno-selector -Wno-strict-selector-match -Wno-undeclared-selector -Wno-deprecated-implementations -Wno-implicit-fallthrough -fstrict-aliasing -Wprotocol -Wdeprecated-declarations -Wno-sign-conversion -Wno-infinite-recursion -Wno-comma -Wno-block-capture-autoreleasing -Wno-strict-prototypes -Wno-semicolon-before-method-body -index-store-path /Users/xinyufang/Library/Developer/Xcode/DerivedData/Buzz-faillbpsmponqzeruhhvskovixzk/Index.noindex/DataStore @/Users/xinyufang/Library/Developer/Xcode/DerivedData/Buzz-faillbpsmponqzeruhhvskovixzk/Build/Intermediates.noindex/Stripe.build/Debug-iphonesimulator/Stripe3DS2.build/Objects-normal/arm64/e6072d4f65d7061329687fe24e3d63a7-common-args.resp -include /Users/xinyufang/Library/Developer/Xcode/DerivedData/Buzz-faillbpsmponqzeruhhvskovixzk/Build/Intermediates.noindex/Stripe.build/Debug-iphonesimulator/Stripe3DS2.build/DerivedSources/resource_bundle_accessor.h -MMD -MT dependencies -MF /Users/xinyufang/Library/Developer/Xcode/DerivedData/Buzz-faillbpsmponqzeruhhvskovixzk/Build/Intermediates.noindex/Stripe.build/Debug-iphonesimulator/Stripe3DS2.build/Objects-normal/arm64/STDSSynchronousLocationManager.d --serialize-diagnostics /Users/xinyufang/Library/Developer/Xcode/DerivedData/Buzz-faillbpsmponqzeruhhvskovixzk/Build/Intermediates.noindex/Stripe.build/Debug-iphonesimulator/Stripe3DS2.build/Objects-normal/arm64/STDSSynchronousLocationManager.dia -c /Users/xinyufang/Library/Developer/Xcode/DerivedData/Buzz-faillbpsmponqzeruhhvskovixzk/SourcePackages/checkouts/stripe-ios-spm/Stripe3DS2/Stripe3DS2/STDSSynchronousLocationManager.m -o /Users/xinyufang/Library/Developer/Xcode/DerivedData/Buzz-faillbpsmponqzeruhhvskovixzk/Build/Intermediates.noindex/Stripe.build/Debug-iphonesimulator/Stripe3DS2.build/Objects-normal/arm64/STDSSynchronousLocationManager.o -index-unit-output-path /Stripe.build/Debug-iphonesimulator/Stripe3DS2.build/Objects-normal/arm64/STDSSynchronousLocationManager.o

PrecompileModule /Users/xinyufang/Library/Developer/Xcode/DerivedData/Buzz-faillbpsmponqzeruhhvskovixzk/Build/Intermediates.noindex/ExplicitPrecompiledModules/CoreImage-3HO40G02E2LW5H0EB11RTJQGY.scan
    cd /
    builtin-precompileModule /Users/xinyufang/Library/Developer/Xcode/DerivedData/Buzz-faillbpsmponqzeruhhvskovixzk/Build/Intermediates.noindex/ExplicitPrecompiledModules/CoreImage-3HO40G02E2LW5H0EB11RTJQGY.scan

PrecompileModule /Users/xinyufang/Library/Developer/Xcode/DerivedData/Buzz-faillbpsmponqzeruhhvskovixzk/Build/Intermediates.noindex/ExplicitPrecompiledModules/QuartzCore-AF1BOD4INKXH2XQHCSX92NU2B.scan
    cd /
    builtin-precompileModule /Users/xinyufang/Library/Developer/Xcode/DerivedData/Buzz-faillbpsmponqzeruhhvskovixzk/Build/Intermediates.noindex/ExplicitPrecompiledModules/QuartzCore-AF1BOD4INKXH2XQHCSX92NU2B.scan

SwiftCompile normal arm64 Compiling\ InputFormColors.swift,\ LiquidGlassHelpers.swift,\ RegionCodeProvider.swift,\ STPLocalizedString.swift,\ StackViewWithSeparator.swift,\ String+CountryEmoji.swift,\ String+Localized.swift,\ String+RegionCodeProvider.swift,\ StripeUICoreBundleLocator.swift,\ Image.swift /Users/xinyufang/Library/Developer/Xcode/DerivedData/Buzz-faillbpsmponqzeruhhvskovixzk/SourcePackages/checkouts/stripe-ios-spm/StripeUICore/StripeUICore/Source/Helpers/InputFormColors.swift /Users/xinyufang/Library/Developer/Xcode/DerivedData/Buzz-faillbpsmponqzeruhhvskovixzk/SourcePackages/checkouts/stripe-ios-spm/StripeUICore/StripeUICore/Source/Helpers/LiquidGlassHelpers.swift /Users/xinyufang/Library/Developer/Xcode/DerivedData/Buzz-faillbpsmponqzeruhhvskovixzk/SourcePackages/checkouts/stripe-ios-spm/StripeUICore/StripeUICore/Source/Helpers/RegionCodeProvider.swift /Users/xinyufang/Library/Developer/Xcode/DerivedData/Buzz-faillbpsmponqzeruhhvskovixzk/SourcePackages/checkouts/stripe-ios-spm/StripeUICore/StripeUICore/Source/Helpers/STPLocalizedString.swift /Users/xinyufang/Library/Developer/Xcode/DerivedData/Buzz-faillbpsmponqzeruhhvskovixzk/SourcePackages/checkouts/stripe-ios-spm/StripeUICore/StripeUICore/Source/Helpers/StackViewWithSeparator.swift /Users/xinyufang/Library/Developer/Xcode/DerivedData/Buzz-faillbpsmponqzeruhhvskovixzk/SourcePackages/checkouts/stripe-ios-spm/StripeUICore/StripeUICore/Source/Helpers/String+CountryEmoji.swift /Users/xinyufang/Library/Developer/Xcode/DerivedData/Buzz-faillbpsmponqzeruhhvskovixzk/SourcePackages/checkouts/stripe-ios-spm/StripeUICore/StripeUICore/Source/Helpers/String+Localized.swift /Users/xinyufang/Library/Developer/Xcode/DerivedData/Buzz-faillbpsmponqzeruhhvskovixzk/SourcePackages/checkouts/stripe-ios-spm/StripeUICore/StripeUICore/Source/Helpers/String+RegionCodeProvider.swift /Users/xinyufang/Library/Developer/Xcode/DerivedData/Buzz-faillbpsmponqzeruhhvskovixzk/SourcePackages/checkouts/stripe-ios-spm/StripeUICore/StripeUICore/Source/Helpers/StripeUICoreBundleLocator.swift /Users/xinyufang/Library/Developer/Xcode/DerivedData/Buzz-faillbpsmponqzeruhhvskovixzk/SourcePackages/checkouts/stripe-ios-spm/StripeUICore/StripeUICore/Source/Image.swift (in target 'StripeUICore' from project 'Stripe')

SwiftCompile normal arm64 /Users/xinyufang/Library/Developer/Xcode/DerivedData/Buzz-faillbpsmponqzeruhhvskovixzk/SourcePackages/checkouts/stripe-ios-spm/StripeUICore/StripeUICore/Source/Helpers/InputFormColors.swift (in target 'StripeUICore' from project 'Stripe')
    cd /Users/xinyufang/Documents/Buzz/Buzz.xcodeproj
    

SwiftCompile normal arm64 /Users/xinyufang/Library/Developer/Xcode/DerivedData/Buzz-faillbpsmponqzeruhhvskovixzk/SourcePackages/checkouts/stripe-ios-spm/StripeUICore/StripeUICore/Source/Helpers/LiquidGlassHelpers.swift (in target 'StripeUICore' from project 'Stripe')
    cd /Users/xinyufang/Documents/Buzz/Buzz.xcodeproj
    

SwiftCompile normal arm64 /Users/xinyufang/Library/Developer/Xcode/DerivedData/Buzz-faillbpsmponqzeruhhvskovixzk/SourcePackages/checkouts/stripe-ios-spm/StripeUICore/StripeUICore/Source/Helpers/RegionCodeProvider.swift (in target 'StripeUICore' from project 'Stripe')
    cd /Users/xinyufang/Documents/Buzz/Buzz.xcodeproj
    

SwiftCompile normal arm64 /Users/xinyufang/Library/Developer/Xcode/DerivedData/Buzz-faillbpsmponqzeruhhvskovixzk/SourcePackages/checkouts/stripe-ios-spm/StripeUICore/StripeUICore/Source/Helpers/STPLocalizedString.swift (in target 'StripeUICore' from project 'Stripe')
    cd /Users/xinyufang/Documents/Buzz/Buzz.xcodeproj
    

SwiftCompile normal arm64 /Users/xinyufang/Library/Developer/Xcode/DerivedData/Buzz-faillbpsmponqzeruhhvskovixzk/SourcePackages/checkouts/stripe-ios-spm/StripeUICore/StripeUICore/Source/Helpers/StackViewWithSeparator.swift (in target 'StripeUICore' from project 'Stripe')
    cd /Users/xinyufang/Documents/Buzz/Buzz.xcodeproj
    

SwiftCompile normal arm64 /Users/xinyufang/Library/Developer/Xcode/DerivedData/Buzz-faillbpsmponqzeruhhvskovixzk/SourcePackages/checkouts/stripe-ios-spm/StripeUICore/StripeUICore/Source/Helpers/String+CountryEmoji.swift (in target 'StripeUICore' from project 'Stripe')
    cd /Users/xinyufang/Documents/Buzz/Buzz.xcodeproj
    

SwiftCompile normal arm64 /Users/xinyufang/Library/Developer/Xcode/DerivedData/Buzz-faillbpsmponqzeruhhvskovixzk/SourcePackages/checkouts/stripe-ios-spm/StripeUICore/StripeUICore/Source/Helpers/String+Localized.swift (in target 'StripeUICore' from project 'Stripe')
    cd /Users/xinyufang/Documents/Buzz/Buzz.xcodeproj
    

SwiftCompile normal arm64 /Users/xinyufang/Library/Developer/Xcode/DerivedData/Buzz-faillbpsmponqzeruhhvskovixzk/SourcePackages/checkouts/stripe-ios-spm/StripeUICore/StripeUICore/Source/Helpers/String+RegionCodeProvider.swift (in target 'StripeUICore' from project 'Stripe')
    cd /Users/xinyufang/Documents/Buzz/Buzz.xcodeproj
    

SwiftCompile normal arm64 /Users/xinyufang/Library/Developer/Xcode/DerivedData/Buzz-faillbpsmponqzeruhhvskovixzk/SourcePackages/checkouts/stripe-ios-spm/StripeUICore/StripeUICore/Source/Helpers/StripeUICoreBundleLocator.swift (in target 'StripeUICore' from project 'Stripe')
    cd /Users/xinyufang/Documents/Buzz/Buzz.xcodeproj
    

SwiftCompile normal arm64 /Users/xinyufang/Library/Developer/Xcode/DerivedData/Buzz-faillbpsmponqzeruhhvskovixzk/SourcePackages/checkouts/stripe-ios-spm/StripeUICore/StripeUICore/Source/Image.swift (in target 'StripeUICore' from project 'Stripe')
    cd /Users/xinyufang/Documents/Buzz/Buzz.xcodeproj
    

SwiftDriverJobDiscovery normal arm64 Emitting module for StripeCameraCore (in target 'StripeCameraCore' from project 'Stripe')

SwiftDriver\ Compilation\ Requirements StripeCameraCore normal arm64 com.apple.xcode.tools.swift.compiler (in target 'StripeCameraCore' from project 'Stripe')
    cd /Users/xinyufang/Documents/Buzz/Buzz.xcodeproj
    builtin-Swift-Compilation-Requirements -- /Applications/Xcode.app/Contents/Developer/Toolchains/XcodeDefault.xctoolchain/usr/bin/swiftc -module-name StripeCameraCore -Onone -enforce-exclusivity\=checked @/Users/xinyufang/Library/Developer/Xcode/DerivedData/Buzz-faillbpsmponqzeruhhvskovixzk/Build/Intermediates.noindex/Stripe.build/Debug-iphonesimulator/StripeCameraCore.build/Objects-normal/arm64/StripeCameraCore.SwiftFileList -DSWIFT_PACKAGE -DDEBUG -DSWIFT_MODULE_RESOURCE_BUNDLE_UNAVAILABLE -DXcode -plugin-path /Applications/Xcode.app/Contents/Developer/Toolchains/XcodeDefault.xctoolchain/usr/lib/swift/host/plugins/testing -enable-experimental-feature DebugDescriptionMacro -sdk /Applications/Xcode.app/Contents/Developer/Platforms/iPhoneSimulator.platform/Developer/SDKs/iPhoneSimulator26.0.sdk -target arm64-apple-ios13.0-simulator -g -module-cache-path /Users/xinyufang/Library/Developer/Xcode/DerivedData/ModuleCache.noindex -Xfrontend -serialize-debugging-options -enable-testing -suppress-warnings -index-store-path /Users/xinyufang/Library/Developer/Xcode/DerivedData/Buzz-faillbpsmponqzeruhhvskovixzk/Index.noindex/DataStore -Xcc -D_LIBCPP_HARDENING_MODE\=_LIBCPP_HARDENING_MODE_DEBUG -swift-version 5 -I /Users/xinyufang/Library/Developer/Xcode/DerivedData/Buzz-faillbpsmponqzeruhhvskovixzk/Build/Products/Debug-iphonesimulator -Isystem /Applications/Xcode.app/Contents/Developer/Platforms/iPhoneSimulator.platform/Developer/usr/lib -F /Users/xinyufang/Library/Developer/Xcode/DerivedData/Buzz-faillbpsmponqzeruhhvskovixzk/Build/Products/Debug-iphonesimulator/PackageFrameworks -F /Users/xinyufang/Library/Developer/Xcode/DerivedData/Buzz-faillbpsmponqzeruhhvskovixzk/Build/Products/Debug-iphonesimulator -F /Applications/Xcode.app/Contents/Developer/Platforms/iPhoneSimulator.platform/Developer/Library/Frameworks -F /Applications/Xcode.app/Contents/Developer/Platforms/iPhoneSimulator.platform/Developer/SDKs/iPhoneSimulator26.0.sdk/Developer/Library/Frameworks -emit-localized-strings -emit-localized-strings-path /Users/xinyufang/Library/Developer/Xcode/DerivedData/Buzz-faillbpsmponqzeruhhvskovixzk/Build/Intermediates.noindex/Stripe.build/Debug-iphonesimulator/StripeCameraCore.build/Objects-normal/arm64 -c -j8 -enable-batch-mode -incremental -Xcc -ivfsstatcache -Xcc /Users/xinyufang/Library/Developer/Xcode/DerivedData/SDKStatCaches.noindex/iphonesimulator26.0-23A339-26257891a6c027eb51374368541b8346.sdkstatcache -output-file-map /Users/xinyufang/Library/Developer/Xcode/DerivedData/Buzz-faillbpsmponqzeruhhvskovixzk/Build/Intermediates.noindex/Stripe.build/Debug-iphonesimulator/StripeCameraCore.build/Objects-normal/arm64/StripeCameraCore-OutputFileMap.json -use-frontend-parseable-output -save-temps -no-color-diagnostics -explicit-module-build -module-cache-path /Users/xinyufang/Library/Developer/Xcode/DerivedData/Buzz-faillbpsmponqzeruhhvskovixzk/Build/Intermediates.noindex/SwiftExplicitPrecompiledModules -clang-scanner-module-cache-path /Users/xinyufang/Library/Developer/Xcode/DerivedData/ModuleCache.noindex -sdk-module-cache-path /Users/xinyufang/Library/Developer/Xcode/DerivedData/ModuleCache.noindex -serialize-diagnostics -emit-dependencies -emit-module -emit-module-path /Users/xinyufang/Library/Developer/Xcode/DerivedData/Buzz-faillbpsmponqzeruhhvskovixzk/Build/Intermediates.noindex/Stripe.build/Debug-iphonesimulator/StripeCameraCore.build/Objects-normal/arm64/StripeCameraCore.swiftmodule -validate-clang-modules-once -clang-build-session-file /Users/xinyufang/Library/Developer/Xcode/DerivedData/ModuleCache.noindex/Session.modulevalidation -Xcc -I/Users/xinyufang/Library/Developer/Xcode/DerivedData/Buzz-faillbpsmponqzeruhhvskovixzk/Build/Intermediates.noindex/Stripe.build/Debug-iphonesimulator/StripeCameraCore.build/swift-overrides.hmap -emit-const-values -Xfrontend -const-gather-protocols-file -Xfrontend /Users/xinyufang/Library/Developer/Xcode/DerivedData/Buzz-faillbpsmponqzeruhhvskovixzk/Build/Intermediates.noindex/Stripe.build/Debug-iphonesimulator/StripeCameraCore.build/Objects-normal/arm64/StripeCameraCore_const_extract_protocols.json -Xcc -I/Users/xinyufang/Library/Developer/Xcode/DerivedData/Buzz-faillbpsmponqzeruhhvskovixzk/Build/Products/Debug-iphonesimulator/include -Xcc -I/Users/xinyufang/Library/Developer/Xcode/DerivedData/Buzz-faillbpsmponqzeruhhvskovixzk/Build/Intermediates.noindex/Stripe.build/Debug-iphonesimulator/StripeCameraCore.build/DerivedSources-normal/arm64 -Xcc -I/Users/xinyufang/Library/Developer/Xcode/DerivedData/Buzz-faillbpsmponqzeruhhvskovixzk/Build/Intermediates.noindex/Stripe.build/Debug-iphonesimulator/StripeCameraCore.build/DerivedSources/arm64 -Xcc -I/Users/xinyufang/Library/Developer/Xcode/DerivedData/Buzz-faillbpsmponqzeruhhvskovixzk/Build/Intermediates.noindex/Stripe.build/Debug-iphonesimulator/StripeCameraCore.build/DerivedSources -Xcc -DSWIFT_PACKAGE -Xcc -DDEBUG\=1 -emit-objc-header -emit-objc-header-path /Users/xinyufang/Library/Developer/Xcode/DerivedData/Buzz-faillbpsmponqzeruhhvskovixzk/Build/Intermediates.noindex/Stripe.build/Debug-iphonesimulator/StripeCameraCore.build/Objects-normal/arm64/StripeCameraCore-Swift.h -working-directory /Users/xinyufang/Documents/Buzz/Buzz.xcodeproj -experimental-emit-module-separately -disable-cmo

PrecompileModule /Users/xinyufang/Library/Developer/Xcode/DerivedData/Buzz-faillbpsmponqzeruhhvskovixzk/Build/Intermediates.noindex/ExplicitPrecompiledModules/UIKit-37LY4ENF22GJTWT68P7I7PHYR.scan
    cd /
    builtin-precompileModule /Users/xinyufang/Library/Developer/Xcode/DerivedData/Buzz-faillbpsmponqzeruhhvskovixzk/Build/Intermediates.noindex/ExplicitPrecompiledModules/UIKit-37LY4ENF22GJTWT68P7I7PHYR.scan

SwiftMergeGeneratedHeaders /Users/xinyufang/Library/Developer/Xcode/DerivedData/Buzz-faillbpsmponqzeruhhvskovixzk/Build/Intermediates.noindex/GeneratedModuleMaps-iphonesimulator/StripeCameraCore-Swift.h /Users/xinyufang/Library/Developer/Xcode/DerivedData/Buzz-faillbpsmponqzeruhhvskovixzk/Build/Intermediates.noindex/Stripe.build/Debug-iphonesimulator/StripeCameraCore.build/Objects-normal/arm64/StripeCameraCore-Swift.h (in target 'StripeCameraCore' from project 'Stripe')
    cd /Users/xinyufang/Library/Developer/Xcode/DerivedData/Buzz-faillbpsmponqzeruhhvskovixzk/SourcePackages/checkouts/stripe-ios-spm
    builtin-swiftHeaderTool -arch arm64 /Users/xinyufang/Library/Developer/Xcode/DerivedData/Buzz-faillbpsmponqzeruhhvskovixzk/Build/Intermediates.noindex/Stripe.build/Debug-iphonesimulator/StripeCameraCore.build/Objects-normal/arm64/StripeCameraCore-Swift.h -o /Users/xinyufang/Library/Developer/Xcode/DerivedData/Buzz-faillbpsmponqzeruhhvskovixzk/Build/Intermediates.noindex/GeneratedModuleMaps-iphonesimulator/StripeCameraCore-Swift.h

Copy /Users/xinyufang/Library/Developer/Xcode/DerivedData/Buzz-faillbpsmponqzeruhhvskovixzk/Build/Products/Debug-iphonesimulator/StripeCameraCore.swiftmodule/arm64-apple-ios-simulator.swiftmodule /Users/xinyufang/Library/Developer/Xcode/DerivedData/Buzz-faillbpsmponqzeruhhvskovixzk/Build/Intermediates.noindex/Stripe.build/Debug-iphonesimulator/StripeCameraCore.build/Objects-normal/arm64/StripeCameraCore.swiftmodule (in target 'StripeCameraCore' from project 'Stripe')
    cd /Users/xinyufang/Library/Developer/Xcode/DerivedData/Buzz-faillbpsmponqzeruhhvskovixzk/SourcePackages/checkouts/stripe-ios-spm
    builtin-copy -exclude .DS_Store -exclude CVS -exclude .svn -exclude .git -exclude .hg -resolve-src-symlinks -rename /Users/xinyufang/Library/Developer/Xcode/DerivedData/Buzz-faillbpsmponqzeruhhvskovixzk/Build/Intermediates.noindex/Stripe.build/Debug-iphonesimulator/StripeCameraCore.build/Objects-normal/arm64/StripeCameraCore.swiftmodule /Users/xinyufang/Library/Developer/Xcode/DerivedData/Buzz-faillbpsmponqzeruhhvskovixzk/Build/Products/Debug-iphonesimulator/StripeCameraCore.swiftmodule/arm64-apple-ios-simulator.swiftmodule

Copy /Users/xinyufang/Library/Developer/Xcode/DerivedData/Buzz-faillbpsmponqzeruhhvskovixzk/Build/Products/Debug-iphonesimulator/StripeCameraCore.swiftmodule/arm64-apple-ios-simulator.swiftdoc /Users/xinyufang/Library/Developer/Xcode/DerivedData/Buzz-faillbpsmponqzeruhhvskovixzk/Build/Intermediates.noindex/Stripe.build/Debug-iphonesimulator/StripeCameraCore.build/Objects-normal/arm64/StripeCameraCore.swiftdoc (in target 'StripeCameraCore' from project 'Stripe')
    cd /Users/xinyufang/Library/Developer/Xcode/DerivedData/Buzz-faillbpsmponqzeruhhvskovixzk/SourcePackages/checkouts/stripe-ios-spm
    builtin-copy -exclude .DS_Store -exclude CVS -exclude .svn -exclude .git -exclude .hg -resolve-src-symlinks -rename /Users/xinyufang/Library/Developer/Xcode/DerivedData/Buzz-faillbpsmponqzeruhhvskovixzk/Build/Intermediates.noindex/Stripe.build/Debug-iphonesimulator/StripeCameraCore.build/Objects-normal/arm64/StripeCameraCore.swiftdoc /Users/xinyufang/Library/Developer/Xcode/DerivedData/Buzz-faillbpsmponqzeruhhvskovixzk/Build/Products/Debug-iphonesimulator/StripeCameraCore.swiftmodule/arm64-apple-ios-simulator.swiftdoc

Copy /Users/xinyufang/Library/Developer/Xcode/DerivedData/Buzz-faillbpsmponqzeruhhvskovixzk/Build/Products/Debug-iphonesimulator/StripeCameraCore.swiftmodule/arm64-apple-ios-simulator.abi.json /Users/xinyufang/Library/Developer/Xcode/DerivedData/Buzz-faillbpsmponqzeruhhvskovixzk/Build/Intermediates.noindex/Stripe.build/Debug-iphonesimulator/StripeCameraCore.build/Objects-normal/arm64/StripeCameraCore.abi.json (in target 'StripeCameraCore' from project 'Stripe')
    cd /Users/xinyufang/Library/Developer/Xcode/DerivedData/Buzz-faillbpsmponqzeruhhvskovixzk/SourcePackages/checkouts/stripe-ios-spm
    builtin-copy -exclude .DS_Store -exclude CVS -exclude .svn -exclude .git -exclude .hg -resolve-src-symlinks -rename /Users/xinyufang/Library/Developer/Xcode/DerivedData/Buzz-faillbpsmponqzeruhhvskovixzk/Build/Intermediates.noindex/Stripe.build/Debug-iphonesimulator/StripeCameraCore.build/Objects-normal/arm64/StripeCameraCore.abi.json /Users/xinyufang/Library/Developer/Xcode/DerivedData/Buzz-faillbpsmponqzeruhhvskovixzk/Build/Products/Debug-iphonesimulator/StripeCameraCore.swiftmodule/arm64-apple-ios-simulator.abi.json

Copy /Users/xinyufang/Library/Developer/Xcode/DerivedData/Buzz-faillbpsmponqzeruhhvskovixzk/Build/Products/Debug-iphonesimulator/StripeCameraCore.swiftmodule/Project/arm64-apple-ios-simulator.swiftsourceinfo /Users/xinyufang/Library/Developer/Xcode/DerivedData/Buzz-faillbpsmponqzeruhhvskovixzk/Build/Intermediates.noindex/Stripe.build/Debug-iphonesimulator/StripeCameraCore.build/Objects-normal/arm64/StripeCameraCore.swiftsourceinfo (in target 'StripeCameraCore' from project 'Stripe')
    cd /Users/xinyufang/Library/Developer/Xcode/DerivedData/Buzz-faillbpsmponqzeruhhvskovixzk/SourcePackages/checkouts/stripe-ios-spm
    builtin-copy -exclude .DS_Store -exclude CVS -exclude .svn -exclude .git -exclude .hg -resolve-src-symlinks -rename /Users/xinyufang/Library/Developer/Xcode/DerivedData/Buzz-faillbpsmponqzeruhhvskovixzk/Build/Intermediates.noindex/Stripe.build/Debug-iphonesimulator/StripeCameraCore.build/Objects-normal/arm64/StripeCameraCore.swiftsourceinfo /Users/xinyufang/Library/Developer/Xcode/DerivedData/Buzz-faillbpsmponqzeruhhvskovixzk/Build/Products/Debug-iphonesimulator/StripeCameraCore.swiftmodule/Project/arm64-apple-ios-simulator.swiftsourceinfo

LinkAssetCatalog /Users/xinyufang/Library/Developer/Xcode/DerivedData/Buzz-faillbpsmponqzeruhhvskovixzk/SourcePackages/checkouts/stripe-ios-spm/StripePaymentsUI/StripePaymentsUI/Resources/StripePaymentsUI.xcassets (in target 'Stripe_StripePaymentsUI' from project 'Stripe')
    cd /Users/xinyufang/Library/Developer/Xcode/DerivedData/Buzz-faillbpsmponqzeruhhvskovixzk/SourcePackages/checkouts/stripe-ios-spm
    builtin-linkAssetCatalog --thinned /Users/xinyufang/Library/Developer/Xcode/DerivedData/Buzz-faillbpsmponqzeruhhvskovixzk/Build/Intermediates.noindex/Stripe.build/Debug-iphonesimulator/Stripe_StripePaymentsUI.build/assetcatalog_output/thinned --thinned-dependencies /Users/xinyufang/Library/Developer/Xcode/DerivedData/Buzz-faillbpsmponqzeruhhvskovixzk/Build/Intermediates.noindex/Stripe.build/Debug-iphonesimulator/Stripe_StripePaymentsUI.build/assetcatalog_dependencies_thinned --thinned-info-plist-content /Users/xinyufang/Library/Developer/Xcode/DerivedData/Buzz-faillbpsmponqzeruhhvskovixzk/Build/Intermediates.noindex/Stripe.build/Debug-iphonesimulator/Stripe_StripePaymentsUI.build/assetcatalog_generated_info.plist_thinned --unthinned /Users/xinyufang/Library/Developer/Xcode/DerivedData/Buzz-faillbpsmponqzeruhhvskovixzk/Build/Intermediates.noindex/Stripe.build/Debug-iphonesimulator/Stripe_StripePaymentsUI.build/assetcatalog_output/unthinned --unthinned-dependencies /Users/xinyufang/Library/Developer/Xcode/DerivedData/Buzz-faillbpsmponqzeruhhvskovixzk/Build/Intermediates.noindex/Stripe.build/Debug-iphonesimulator/Stripe_StripePaymentsUI.build/assetcatalog_dependencies_unthinned --unthinned-info-plist-content /Users/xinyufang/Library/Developer/Xcode/DerivedData/Buzz-faillbpsmponqzeruhhvskovixzk/Build/Intermediates.noindex/Stripe.build/Debug-iphonesimulator/Stripe_StripePaymentsUI.build/assetcatalog_generated_info.plist_unthinned --output /Users/xinyufang/Library/Developer/Xcode/DerivedData/Buzz-faillbpsmponqzeruhhvskovixzk/Build/Products/Debug-iphonesimulator/Stripe_StripePaymentsUI.bundle --plist-output /Users/xinyufang/Library/Developer/Xcode/DerivedData/Buzz-faillbpsmponqzeruhhvskovixzk/Build/Intermediates.noindex/Stripe.build/Debug-iphonesimulator/Stripe_StripePaymentsUI.build/assetcatalog_generated_info.plist
note: Emplaced /Users/xinyufang/Library/Developer/Xcode/DerivedData/Buzz-faillbpsmponqzeruhhvskovixzk/Build/Products/Debug-iphonesimulator/Stripe_StripePaymentsUI.bundle/Assets.car (in target 'Stripe_StripePaymentsUI' from project 'Stripe')

SwiftCompile normal arm64 Compiling\ PhoneNumberElement.swift,\ PickerFieldView.swift,\ PickerTextField.swift,\ SectionContainerView.swift,\ SectionElement+MultiElementRow.swift,\ SectionElement.swift,\ SectionSelectionBehavior.swift,\ SectionView.swift,\ StaticElement.swift,\ SubtitleElement.swift /Users/xinyufang/Library/Developer/Xcode/DerivedData/Buzz-faillbpsmponqzeruhhvskovixzk/SourcePackages/checkouts/stripe-ios-spm/StripeUICore/StripeUICore/Source/Elements/PhoneNumber/PhoneNumberElement.swift /Users/xinyufang/Library/Developer/Xcode/DerivedData/Buzz-faillbpsmponqzeruhhvskovixzk/SourcePackages/checkouts/stripe-ios-spm/StripeUICore/StripeUICore/Source/Elements/PickerField/PickerFieldView.swift /Users/xinyufang/Library/Developer/Xcode/DerivedData/Buzz-faillbpsmponqzeruhhvskovixzk/SourcePackages/checkouts/stripe-ios-spm/StripeUICore/StripeUICore/Source/Elements/PickerField/PickerTextField.swift /Users/xinyufang/Library/Developer/Xcode/DerivedData/Buzz-faillbpsmponqzeruhhvskovixzk/SourcePackages/checkouts/stripe-ios-spm/StripeUICore/StripeUICore/Source/Elements/Section/SectionContainerView.swift /Users/xinyufang/Library/Developer/Xcode/DerivedData/Buzz-faillbpsmponqzeruhhvskovixzk/SourcePackages/checkouts/stripe-ios-spm/StripeUICore/StripeUICore/Source/Elements/Section/SectionElement+MultiElementRow.swift /Users/xinyufang/Library/Developer/Xcode/DerivedData/Buzz-faillbpsmponqzeruhhvskovixzk/SourcePackages/checkouts/stripe-ios-spm/StripeUICore/StripeUICore/Source/Elements/Section/SectionElement.swift /Users/xinyufang/Library/Developer/Xcode/DerivedData/Buzz-faillbpsmponqzeruhhvskovixzk/SourcePackages/checkouts/stripe-ios-spm/StripeUICore/StripeUICore/Source/Elements/Section/SectionSelectionBehavior.swift /Users/xinyufang/Library/Developer/Xcode/DerivedData/Buzz-faillbpsmponqzeruhhvskovixzk/SourcePackages/checkouts/stripe-ios-spm/StripeUICore/StripeUICore/Source/Elements/Section/SectionView.swift /Users/xinyufang/Library/Developer/Xcode/DerivedData/Buzz-faillbpsmponqzeruhhvskovixzk/SourcePackages/checkouts/stripe-ios-spm/StripeUICore/StripeUICore/Source/Elements/StaticElement.swift /Users/xinyufang/Library/Developer/Xcode/DerivedData/Buzz-faillbpsmponqzeruhhvskovixzk/SourcePackages/checkouts/stripe-ios-spm/StripeUICore/StripeUICore/Source/Elements/SubtitleElement.swift (in target 'StripeUICore' from project 'Stripe')

SwiftCompile normal arm64 /Users/xinyufang/Library/Developer/Xcode/DerivedData/Buzz-faillbpsmponqzeruhhvskovixzk/SourcePackages/checkouts/stripe-ios-spm/StripeUICore/StripeUICore/Source/Elements/PhoneNumber/PhoneNumberElement.swift (in target 'StripeUICore' from project 'Stripe')
    cd /Users/xinyufang/Documents/Buzz/Buzz.xcodeproj
    

SwiftCompile normal arm64 /Users/xinyufang/Library/Developer/Xcode/DerivedData/Buzz-faillbpsmponqzeruhhvskovixzk/SourcePackages/checkouts/stripe-ios-spm/StripeUICore/StripeUICore/Source/Elements/PickerField/PickerFieldView.swift (in target 'StripeUICore' from project 'Stripe')
    cd /Users/xinyufang/Documents/Buzz/Buzz.xcodeproj
    

SwiftCompile normal arm64 /Users/xinyufang/Library/Developer/Xcode/DerivedData/Buzz-faillbpsmponqzeruhhvskovixzk/SourcePackages/checkouts/stripe-ios-spm/StripeUICore/StripeUICore/Source/Elements/PickerField/PickerTextField.swift (in target 'StripeUICore' from project 'Stripe')
    cd /Users/xinyufang/Documents/Buzz/Buzz.xcodeproj
    

SwiftCompile normal arm64 /Users/xinyufang/Library/Developer/Xcode/DerivedData/Buzz-faillbpsmponqzeruhhvskovixzk/SourcePackages/checkouts/stripe-ios-spm/StripeUICore/StripeUICore/Source/Elements/Section/SectionContainerView.swift (in target 'StripeUICore' from project 'Stripe')
    cd /Users/xinyufang/Documents/Buzz/Buzz.xcodeproj
    

SwiftCompile normal arm64 /Users/xinyufang/Library/Developer/Xcode/DerivedData/Buzz-faillbpsmponqzeruhhvskovixzk/SourcePackages/checkouts/stripe-ios-spm/StripeUICore/StripeUICore/Source/Elements/Section/SectionElement+MultiElementRow.swift (in target 'StripeUICore' from project 'Stripe')
    cd /Users/xinyufang/Documents/Buzz/Buzz.xcodeproj
    

SwiftCompile normal arm64 /Users/xinyufang/Library/Developer/Xcode/DerivedData/Buzz-faillbpsmponqzeruhhvskovixzk/SourcePackages/checkouts/stripe-ios-spm/StripeUICore/StripeUICore/Source/Elements/Section/SectionElement.swift (in target 'StripeUICore' from project 'Stripe')
    cd /Users/xinyufang/Documents/Buzz/Buzz.xcodeproj
    

SwiftCompile normal arm64 /Users/xinyufang/Library/Developer/Xcode/DerivedData/Buzz-faillbpsmponqzeruhhvskovixzk/SourcePackages/checkouts/stripe-ios-spm/StripeUICore/StripeUICore/Source/Elements/Section/SectionSelectionBehavior.swift (in target 'StripeUICore' from project 'Stripe')
    cd /Users/xinyufang/Documents/Buzz/Buzz.xcodeproj
    

SwiftCompile normal arm64 /Users/xinyufang/Library/Developer/Xcode/DerivedData/Buzz-faillbpsmponqzeruhhvskovixzk/SourcePackages/checkouts/stripe-ios-spm/StripeUICore/StripeUICore/Source/Elements/Section/SectionView.swift (in target 'StripeUICore' from project 'Stripe')
    cd /Users/xinyufang/Documents/Buzz/Buzz.xcodeproj
    

SwiftCompile normal arm64 /Users/xinyufang/Library/Developer/Xcode/DerivedData/Buzz-faillbpsmponqzeruhhvskovixzk/SourcePackages/checkouts/stripe-ios-spm/StripeUICore/StripeUICore/Source/Elements/StaticElement.swift (in target 'StripeUICore' from project 'Stripe')
    cd /Users/xinyufang/Documents/Buzz/Buzz.xcodeproj
    

SwiftCompile normal arm64 /Users/xinyufang/Library/Developer/Xcode/DerivedData/Buzz-faillbpsmponqzeruhhvskovixzk/SourcePackages/checkouts/stripe-ios-spm/StripeUICore/StripeUICore/Source/Elements/SubtitleElement.swift (in target 'StripeUICore' from project 'Stripe')
    cd /Users/xinyufang/Documents/Buzz/Buzz.xcodeproj
    

SwiftCompile normal arm64 Compiling\ OneTimeCodeTextFieldRepresentable.swift,\ CheckboxButton.swift,\ CheckboxElement.swift,\ ContainerElement.swift,\ DropdownFieldElement.swift,\ Element.swift,\ ElementsUI.swift,\ AddressSectionElement+DummyAddressLine.swift,\ AddressSectionElement.swift,\ AddressSpec+ElementFactory.swift /Users/xinyufang/Library/Developer/Xcode/DerivedData/Buzz-faillbpsmponqzeruhhvskovixzk/SourcePackages/checkouts/stripe-ios-spm/StripeUICore/StripeUICore/Source/Controls/OneTimeCodeTextFieldRepresentable.swift /Users/xinyufang/Library/Developer/Xcode/DerivedData/Buzz-faillbpsmponqzeruhhvskovixzk/SourcePackages/checkouts/stripe-ios-spm/StripeUICore/StripeUICore/Source/Elements/Checkbox/CheckboxButton.swift /Users/xinyufang/Library/Developer/Xcode/DerivedData/Buzz-faillbpsmponqzeruhhvskovixzk/SourcePackages/checkouts/stripe-ios-spm/StripeUICore/StripeUICore/Source/Elements/Checkbox/CheckboxElement.swift /Users/xinyufang/Library/Developer/Xcode/DerivedData/Buzz-faillbpsmponqzeruhhvskovixzk/SourcePackages/checkouts/stripe-ios-spm/StripeUICore/StripeUICore/Source/Elements/ContainerElement.swift /Users/xinyufang/Library/Developer/Xcode/DerivedData/Buzz-faillbpsmponqzeruhhvskovixzk/SourcePackages/checkouts/stripe-ios-spm/StripeUICore/StripeUICore/Source/Elements/DropdownFieldElement.swift /Users/xinyufang/Library/Developer/Xcode/DerivedData/Buzz-faillbpsmponqzeruhhvskovixzk/SourcePackages/checkouts/stripe-ios-spm/StripeUICore/StripeUICore/Source/Elements/Element.swift /Users/xinyufang/Library/Developer/Xcode/DerivedData/Buzz-faillbpsmponqzeruhhvskovixzk/SourcePackages/checkouts/stripe-ios-spm/StripeUICore/StripeUICore/Source/Elements/ElementsUI.swift /Users/xinyufang/Library/Developer/Xcode/DerivedData/Buzz-faillbpsmponqzeruhhvskovixzk/SourcePackages/checkouts/stripe-ios-spm/StripeUICore/StripeUICore/Source/Elements/Factories/Address/AddressSectionElement+DummyAddressLine.swift /Users/xinyufang/Library/Developer/Xcode/DerivedData/Buzz-faillbpsmponqzeruhhvskovixzk/SourcePackages/checkouts/stripe-ios-spm/StripeUICore/StripeUICore/Source/Elements/Factories/Address/AddressSectionElement.swift /Users/xinyufang/Library/Developer/Xcode/DerivedData/Buzz-faillbpsmponqzeruhhvskovixzk/SourcePackages/checkouts/stripe-ios-spm/StripeUICore/StripeUICore/Source/Elements/Factories/Address/AddressSpec+ElementFactory.swift (in target 'StripeUICore' from project 'Stripe')

SwiftCompile normal arm64 /Users/xinyufang/Library/Developer/Xcode/DerivedData/Buzz-faillbpsmponqzeruhhvskovixzk/SourcePackages/checkouts/stripe-ios-spm/StripeUICore/StripeUICore/Source/Controls/OneTimeCodeTextFieldRepresentable.swift (in target 'StripeUICore' from project 'Stripe')
    cd /Users/xinyufang/Documents/Buzz/Buzz.xcodeproj
    

SwiftCompile normal arm64 /Users/xinyufang/Library/Developer/Xcode/DerivedData/Buzz-faillbpsmponqzeruhhvskovixzk/SourcePackages/checkouts/stripe-ios-spm/StripeUICore/StripeUICore/Source/Elements/Checkbox/CheckboxButton.swift (in target 'StripeUICore' from project 'Stripe')
    cd /Users/xinyufang/Documents/Buzz/Buzz.xcodeproj
    

SwiftCompile normal arm64 /Users/xinyufang/Library/Developer/Xcode/DerivedData/Buzz-faillbpsmponqzeruhhvskovixzk/SourcePackages/checkouts/stripe-ios-spm/StripeUICore/StripeUICore/Source/Elements/Checkbox/CheckboxElement.swift (in target 'StripeUICore' from project 'Stripe')
    cd /Users/xinyufang/Documents/Buzz/Buzz.xcodeproj
    

SwiftCompile normal arm64 /Users/xinyufang/Library/Developer/Xcode/DerivedData/Buzz-faillbpsmponqzeruhhvskovixzk/SourcePackages/checkouts/stripe-ios-spm/StripeUICore/StripeUICore/Source/Elements/ContainerElement.swift (in target 'StripeUICore' from project 'Stripe')
    cd /Users/xinyufang/Documents/Buzz/Buzz.xcodeproj
    

SwiftCompile normal arm64 /Users/xinyufang/Library/Developer/Xcode/DerivedData/Buzz-faillbpsmponqzeruhhvskovixzk/SourcePackages/checkouts/stripe-ios-spm/StripeUICore/StripeUICore/Source/Elements/DropdownFieldElement.swift (in target 'StripeUICore' from project 'Stripe')
    cd /Users/xinyufang/Documents/Buzz/Buzz.xcodeproj
    

SwiftCompile normal arm64 /Users/xinyufang/Library/Developer/Xcode/DerivedData/Buzz-faillbpsmponqzeruhhvskovixzk/SourcePackages/checkouts/stripe-ios-spm/StripeUICore/StripeUICore/Source/Elements/Element.swift (in target 'StripeUICore' from project 'Stripe')
    cd /Users/xinyufang/Documents/Buzz/Buzz.xcodeproj
    

SwiftCompile normal arm64 /Users/xinyufang/Library/Developer/Xcode/DerivedData/Buzz-faillbpsmponqzeruhhvskovixzk/SourcePackages/checkouts/stripe-ios-spm/StripeUICore/StripeUICore/Source/Elements/ElementsUI.swift (in target 'StripeUICore' from project 'Stripe')
    cd /Users/xinyufang/Documents/Buzz/Buzz.xcodeproj
    

SwiftCompile normal arm64 /Users/xinyufang/Library/Developer/Xcode/DerivedData/Buzz-faillbpsmponqzeruhhvskovixzk/SourcePackages/checkouts/stripe-ios-spm/StripeUICore/StripeUICore/Source/Elements/Factories/Address/AddressSectionElement+DummyAddressLine.swift (in target 'StripeUICore' from project 'Stripe')
    cd /Users/xinyufang/Documents/Buzz/Buzz.xcodeproj
    

SwiftCompile normal arm64 /Users/xinyufang/Library/Developer/Xcode/DerivedData/Buzz-faillbpsmponqzeruhhvskovixzk/SourcePackages/checkouts/stripe-ios-spm/StripeUICore/StripeUICore/Source/Elements/Factories/Address/AddressSectionElement.swift (in target 'StripeUICore' from project 'Stripe')
    cd /Users/xinyufang/Documents/Buzz/Buzz.xcodeproj
    

SwiftCompile normal arm64 /Users/xinyufang/Library/Developer/Xcode/DerivedData/Buzz-faillbpsmponqzeruhhvskovixzk/SourcePackages/checkouts/stripe-ios-spm/StripeUICore/StripeUICore/Source/Elements/Factories/Address/AddressSpec+ElementFactory.swift (in target 'StripeUICore' from project 'Stripe')
    cd /Users/xinyufang/Documents/Buzz/Buzz.xcodeproj
    

SwiftEmitModule normal arm64 Emitting\ module\ for\ StripeCardScan (in target 'StripeCardScan' from project 'Stripe')

EmitSwiftModule normal arm64 (in target 'StripeCardScan' from project 'Stripe')
    cd /Users/xinyufang/Documents/Buzz/Buzz.xcodeproj
    

SwiftExplicitDependencyGeneratePcm arm64 /Users/xinyufang/Library/Developer/Xcode/DerivedData/Buzz-faillbpsmponqzeruhhvskovixzk/Build/Intermediates.noindex/SwiftExplicitPrecompiledModules/Stripe3DS2-DDBA0GPQ2PWBRQ9RRUU561LBK.pcm

CompileC /Users/xinyufang/Library/Developer/Xcode/DerivedData/Buzz-faillbpsmponqzeruhhvskovixzk/Build/Intermediates.noindex/Stripe.build/Debug-iphonesimulator/Stripe3DS2.build/Objects-normal/arm64/UIViewController+Stripe3DS2.o /Users/xinyufang/Library/Developer/Xcode/DerivedData/Buzz-faillbpsmponqzeruhhvskovixzk/SourcePackages/checkouts/stripe-ios-spm/Stripe3DS2/Stripe3DS2/UIViewController+Stripe3DS2.m normal arm64 objective-c com.apple.compilers.llvm.clang.1_0.compiler (in target 'Stripe3DS2' from project 'Stripe')
    cd /Users/xinyufang/Documents/Buzz/Buzz.xcodeproj
    
    Using response file: /Users/xinyufang/Library/Developer/Xcode/DerivedData/Buzz-faillbpsmponqzeruhhvskovixzk/Build/Intermediates.noindex/Stripe.build/Debug-iphonesimulator/Stripe3DS2.build/Objects-normal/arm64/e6072d4f65d7061329687fe24e3d63a7-common-args.resp
    
    /Applications/Xcode.app/Contents/Developer/Toolchains/XcodeDefault.xctoolchain/usr/bin/clang -x objective-c -ivfsstatcache /Users/xinyufang/Library/Developer/Xcode/DerivedData/SDKStatCaches.noindex/iphonesimulator26.0-23A339-26257891a6c027eb51374368541b8346.sdkstatcache -fmessage-length\=0 -fdiagnostics-show-note-include-stack -fmacro-backtrace-limit\=0 -fno-color-diagnostics -fmodules-prune-interval\=86400 -fmodules-prune-after\=345600 -fbuild-session-file\=/Users/xinyufang/Library/Developer/Xcode/DerivedData/ModuleCache.noindex/Session.modulevalidation -fmodules-validate-once-per-build-session -Wnon-modular-include-in-framework-module -Werror\=non-modular-include-in-framework-module -Wno-trigraphs -Wno-missing-field-initializers -Wno-missing-prototypes -Wno-return-type -Wno-implicit-atomic-properties -Wno-objc-interface-ivars -Wno-arc-repeated-use-of-weak -Wno-missing-braces -Wparentheses -Wswitch -Wno-unused-function -Wno-unused-label -Wno-unused-parameter -Wno-unused-variable -Wunused-value -Wno-empty-body -Wno-uninitialized -Wno-unknown-pragmas -w -Wno-shadow -Wno-four-char-constants -Wno-conversion -Wno-constant-conversion -Wno-int-conversion -Wno-bool-conversion -Wno-enum-conversion -Wno-float-conversion -Wno-non-literal-null-conversion -Wno-objc-literal-conversion -Wshorten-64-to-32 -Wpointer-sign -Wno-newline-eof -Wno-selector -Wno-strict-selector-match -Wno-undeclared-selector -Wno-deprecated-implementations -Wno-implicit-fallthrough -fstrict-aliasing -Wprotocol -Wdeprecated-declarations -Wno-sign-conversion -Wno-infinite-recursion -Wno-comma -Wno-block-capture-autoreleasing -Wno-strict-prototypes -Wno-semicolon-before-method-body -index-store-path /Users/xinyufang/Library/Developer/Xcode/DerivedData/Buzz-faillbpsmponqzeruhhvskovixzk/Index.noindex/DataStore @/Users/xinyufang/Library/Developer/Xcode/DerivedData/Buzz-faillbpsmponqzeruhhvskovixzk/Build/Intermediates.noindex/Stripe.build/Debug-iphonesimulator/Stripe3DS2.build/Objects-normal/arm64/e6072d4f65d7061329687fe24e3d63a7-common-args.resp -include /Users/xinyufang/Library/Developer/Xcode/DerivedData/Buzz-faillbpsmponqzeruhhvskovixzk/Build/Intermediates.noindex/Stripe.build/Debug-iphonesimulator/Stripe3DS2.build/DerivedSources/resource_bundle_accessor.h -MMD -MT dependencies -MF /Users/xinyufang/Library/Developer/Xcode/DerivedData/Buzz-faillbpsmponqzeruhhvskovixzk/Build/Intermediates.noindex/Stripe.build/Debug-iphonesimulator/Stripe3DS2.build/Objects-normal/arm64/UIViewController+Stripe3DS2.d --serialize-diagnostics /Users/xinyufang/Library/Developer/Xcode/DerivedData/Buzz-faillbpsmponqzeruhhvskovixzk/Build/Intermediates.noindex/Stripe.build/Debug-iphonesimulator/Stripe3DS2.build/Objects-normal/arm64/UIViewController+Stripe3DS2.dia -c /Users/xinyufang/Library/Developer/Xcode/DerivedData/Buzz-faillbpsmponqzeruhhvskovixzk/SourcePackages/checkouts/stripe-ios-spm/Stripe3DS2/Stripe3DS2/UIViewController+Stripe3DS2.m -o /Users/xinyufang/Library/Developer/Xcode/DerivedData/Buzz-faillbpsmponqzeruhhvskovixzk/Build/Intermediates.noindex/Stripe.build/Debug-iphonesimulator/Stripe3DS2.build/Objects-normal/arm64/UIViewController+Stripe3DS2.o -index-unit-output-path /Stripe.build/Debug-iphonesimulator/Stripe3DS2.build/Objects-normal/arm64/UIViewController+Stripe3DS2.o

SwiftDriverJobDiscovery normal arm64 Emitting module for StripeUICore (in target 'StripeUICore' from project 'Stripe')

SwiftDriver\ Compilation\ Requirements StripeUICore normal arm64 com.apple.xcode.tools.swift.compiler (in target 'StripeUICore' from project 'Stripe')
    cd /Users/xinyufang/Documents/Buzz/Buzz.xcodeproj
    builtin-Swift-Compilation-Requirements -- /Applications/Xcode.app/Contents/Developer/Toolchains/XcodeDefault.xctoolchain/usr/bin/swiftc -module-name StripeUICore -Onone -enforce-exclusivity\=checked @/Users/xinyufang/Library/Developer/Xcode/DerivedData/Buzz-faillbpsmponqzeruhhvskovixzk/Build/Intermediates.noindex/Stripe.build/Debug-iphonesimulator/StripeUICore.build/Objects-normal/arm64/StripeUICore.SwiftFileList -DSWIFT_PACKAGE -DDEBUG -DSWIFT_MODULE_RESOURCE_BUNDLE_AVAILABLE -DXcode -plugin-path /Applications/Xcode.app/Contents/Developer/Toolchains/XcodeDefault.xctoolchain/usr/lib/swift/host/plugins/testing -enable-experimental-feature DebugDescriptionMacro -sdk /Applications/Xcode.app/Contents/Developer/Platforms/iPhoneSimulator.platform/Developer/SDKs/iPhoneSimulator26.0.sdk -target arm64-apple-ios13.0-simulator -g -module-cache-path /Users/xinyufang/Library/Developer/Xcode/DerivedData/ModuleCache.noindex -Xfrontend -serialize-debugging-options -enable-testing -suppress-warnings -index-store-path /Users/xinyufang/Library/Developer/Xcode/DerivedData/Buzz-faillbpsmponqzeruhhvskovixzk/Index.noindex/DataStore -Xcc -D_LIBCPP_HARDENING_MODE\=_LIBCPP_HARDENING_MODE_DEBUG -swift-version 5 -I /Users/xinyufang/Library/Developer/Xcode/DerivedData/Buzz-faillbpsmponqzeruhhvskovixzk/Build/Products/Debug-iphonesimulator -Isystem /Applications/Xcode.app/Contents/Developer/Platforms/iPhoneSimulator.platform/Developer/usr/lib -F /Users/xinyufang/Library/Developer/Xcode/DerivedData/Buzz-faillbpsmponqzeruhhvskovixzk/Build/Products/Debug-iphonesimulator/PackageFrameworks -F /Users/xinyufang/Library/Developer/Xcode/DerivedData/Buzz-faillbpsmponqzeruhhvskovixzk/Build/Products/Debug-iphonesimulator -F /Applications/Xcode.app/Contents/Developer/Platforms/iPhoneSimulator.platform/Developer/Library/Frameworks -F /Applications/Xcode.app/Contents/Developer/Platforms/iPhoneSimulator.platform/Developer/SDKs/iPhoneSimulator26.0.sdk/Developer/Library/Frameworks -emit-localized-strings -emit-localized-strings-path /Users/xinyufang/Library/Developer/Xcode/DerivedData/Buzz-faillbpsmponqzeruhhvskovixzk/Build/Intermediates.noindex/Stripe.build/Debug-iphonesimulator/StripeUICore.build/Objects-normal/arm64 -c -j8 -enable-batch-mode -incremental -Xcc -ivfsstatcache -Xcc /Users/xinyufang/Library/Developer/Xcode/DerivedData/SDKStatCaches.noindex/iphonesimulator26.0-23A339-26257891a6c027eb51374368541b8346.sdkstatcache -output-file-map /Users/xinyufang/Library/Developer/Xcode/DerivedData/Buzz-faillbpsmponqzeruhhvskovixzk/Build/Intermediates.noindex/Stripe.build/Debug-iphonesimulator/StripeUICore.build/Objects-normal/arm64/StripeUICore-OutputFileMap.json -use-frontend-parseable-output -save-temps -no-color-diagnostics -explicit-module-build -module-cache-path /Users/xinyufang/Library/Developer/Xcode/DerivedData/Buzz-faillbpsmponqzeruhhvskovixzk/Build/Intermediates.noindex/SwiftExplicitPrecompiledModules -clang-scanner-module-cache-path /Users/xinyufang/Library/Developer/Xcode/DerivedData/ModuleCache.noindex -sdk-module-cache-path /Users/xinyufang/Library/Developer/Xcode/DerivedData/ModuleCache.noindex -serialize-diagnostics -emit-dependencies -emit-module -emit-module-path /Users/xinyufang/Library/Developer/Xcode/DerivedData/Buzz-faillbpsmponqzeruhhvskovixzk/Build/Intermediates.noindex/Stripe.build/Debug-iphonesimulator/StripeUICore.build/Objects-normal/arm64/StripeUICore.swiftmodule -validate-clang-modules-once -clang-build-session-file /Users/xinyufang/Library/Developer/Xcode/DerivedData/ModuleCache.noindex/Session.modulevalidation -Xcc -I/Users/xinyufang/Library/Developer/Xcode/DerivedData/Buzz-faillbpsmponqzeruhhvskovixzk/Build/Intermediates.noindex/Stripe.build/Debug-iphonesimulator/StripeUICore.build/swift-overrides.hmap -emit-const-values -Xfrontend -const-gather-protocols-file -Xfrontend /Users/xinyufang/Library/Developer/Xcode/DerivedData/Buzz-faillbpsmponqzeruhhvskovixzk/Build/Intermediates.noindex/Stripe.build/Debug-iphonesimulator/StripeUICore.build/Objects-normal/arm64/StripeUICore_const_extract_protocols.json -Xcc -I/Users/xinyufang/Library/Developer/Xcode/DerivedData/Buzz-faillbpsmponqzeruhhvskovixzk/Build/Products/Debug-iphonesimulator/include -Xcc -I/Users/xinyufang/Library/Developer/Xcode/DerivedData/Buzz-faillbpsmponqzeruhhvskovixzk/Build/Intermediates.noindex/Stripe.build/Debug-iphonesimulator/StripeUICore.build/DerivedSources-normal/arm64 -Xcc -I/Users/xinyufang/Library/Developer/Xcode/DerivedData/Buzz-faillbpsmponqzeruhhvskovixzk/Build/Intermediates.noindex/Stripe.build/Debug-iphonesimulator/StripeUICore.build/DerivedSources/arm64 -Xcc -I/Users/xinyufang/Library/Developer/Xcode/DerivedData/Buzz-faillbpsmponqzeruhhvskovixzk/Build/Intermediates.noindex/Stripe.build/Debug-iphonesimulator/StripeUICore.build/DerivedSources -Xcc -DSWIFT_PACKAGE -Xcc -DDEBUG\=1 -emit-objc-header -emit-objc-header-path /Users/xinyufang/Library/Developer/Xcode/DerivedData/Buzz-faillbpsmponqzeruhhvskovixzk/Build/Intermediates.noindex/Stripe.build/Debug-iphonesimulator/StripeUICore.build/Objects-normal/arm64/StripeUICore-Swift.h -working-directory /Users/xinyufang/Documents/Buzz/Buzz.xcodeproj -experimental-emit-module-separately -disable-cmo

SwiftDriverJobDiscovery normal arm64 Compiling InputFormColors.swift, LiquidGlassHelpers.swift, RegionCodeProvider.swift, STPLocalizedString.swift, StackViewWithSeparator.swift, String+CountryEmoji.swift, String+Localized.swift, String+RegionCodeProvider.swift, StripeUICoreBundleLocator.swift, Image.swift (in target 'StripeUICore' from project 'Stripe')

CompileC /Users/xinyufang/Library/Developer/Xcode/DerivedData/Buzz-faillbpsmponqzeruhhvskovixzk/Build/Intermediates.noindex/Stripe.build/Debug-iphonesimulator/Stripe3DS2.build/Objects-normal/arm64/UIView+LayoutSupport.o /Users/xinyufang/Library/Developer/Xcode/DerivedData/Buzz-faillbpsmponqzeruhhvskovixzk/SourcePackages/checkouts/stripe-ios-spm/Stripe3DS2/Stripe3DS2/UIView+LayoutSupport.m normal arm64 objective-c com.apple.compilers.llvm.clang.1_0.compiler (in target 'Stripe3DS2' from project 'Stripe')
    cd /Users/xinyufang/Documents/Buzz/Buzz.xcodeproj
    
    Using response file: /Users/xinyufang/Library/Developer/Xcode/DerivedData/Buzz-faillbpsmponqzeruhhvskovixzk/Build/Intermediates.noindex/Stripe.build/Debug-iphonesimulator/Stripe3DS2.build/Objects-normal/arm64/e6072d4f65d7061329687fe24e3d63a7-common-args.resp
    
    /Applications/Xcode.app/Contents/Developer/Toolchains/XcodeDefault.xctoolchain/usr/bin/clang -x objective-c -ivfsstatcache /Users/xinyufang/Library/Developer/Xcode/DerivedData/SDKStatCaches.noindex/iphonesimulator26.0-23A339-26257891a6c027eb51374368541b8346.sdkstatcache -fmessage-length\=0 -fdiagnostics-show-note-include-stack -fmacro-backtrace-limit\=0 -fno-color-diagnostics -fmodules-prune-interval\=86400 -fmodules-prune-after\=345600 -fbuild-session-file\=/Users/xinyufang/Library/Developer/Xcode/DerivedData/ModuleCache.noindex/Session.modulevalidation -fmodules-validate-once-per-build-session -Wnon-modular-include-in-framework-module -Werror\=non-modular-include-in-framework-module -Wno-trigraphs -Wno-missing-field-initializers -Wno-missing-prototypes -Wno-return-type -Wno-implicit-atomic-properties -Wno-objc-interface-ivars -Wno-arc-repeated-use-of-weak -Wno-missing-braces -Wparentheses -Wswitch -Wno-unused-function -Wno-unused-label -Wno-unused-parameter -Wno-unused-variable -Wunused-value -Wno-empty-body -Wno-uninitialized -Wno-unknown-pragmas -w -Wno-shadow -Wno-four-char-constants -Wno-conversion -Wno-constant-conversion -Wno-int-conversion -Wno-bool-conversion -Wno-enum-conversion -Wno-float-conversion -Wno-non-literal-null-conversion -Wno-objc-literal-conversion -Wshorten-64-to-32 -Wpointer-sign -Wno-newline-eof -Wno-selector -Wno-strict-selector-match -Wno-undeclared-selector -Wno-deprecated-implementations -Wno-implicit-fallthrough -fstrict-aliasing -Wprotocol -Wdeprecated-declarations -Wno-sign-conversion -Wno-infinite-recursion -Wno-comma -Wno-block-capture-autoreleasing -Wno-strict-prototypes -Wno-semicolon-before-method-body -index-store-path /Users/xinyufang/Library/Developer/Xcode/DerivedData/Buzz-faillbpsmponqzeruhhvskovixzk/Index.noindex/DataStore @/Users/xinyufang/Library/Developer/Xcode/DerivedData/Buzz-faillbpsmponqzeruhhvskovixzk/Build/Intermediates.noindex/Stripe.build/Debug-iphonesimulator/Stripe3DS2.build/Objects-normal/arm64/e6072d4f65d7061329687fe24e3d63a7-common-args.resp -include /Users/xinyufang/Library/Developer/Xcode/DerivedData/Buzz-faillbpsmponqzeruhhvskovixzk/Build/Intermediates.noindex/Stripe.build/Debug-iphonesimulator/Stripe3DS2.build/DerivedSources/resource_bundle_accessor.h -MMD -MT dependencies -MF /Users/xinyufang/Library/Developer/Xcode/DerivedData/Buzz-faillbpsmponqzeruhhvskovixzk/Build/Intermediates.noindex/Stripe.build/Debug-iphonesimulator/Stripe3DS2.build/Objects-normal/arm64/UIView+LayoutSupport.d --serialize-diagnostics /Users/xinyufang/Library/Developer/Xcode/DerivedData/Buzz-faillbpsmponqzeruhhvskovixzk/Build/Intermediates.noindex/Stripe.build/Debug-iphonesimulator/Stripe3DS2.build/Objects-normal/arm64/UIView+LayoutSupport.dia -c /Users/xinyufang/Library/Developer/Xcode/DerivedData/Buzz-faillbpsmponqzeruhhvskovixzk/SourcePackages/checkouts/stripe-ios-spm/Stripe3DS2/Stripe3DS2/UIView+LayoutSupport.m -o /Users/xinyufang/Library/Developer/Xcode/DerivedData/Buzz-faillbpsmponqzeruhhvskovixzk/Build/Intermediates.noindex/Stripe.build/Debug-iphonesimulator/Stripe3DS2.build/Objects-normal/arm64/UIView+LayoutSupport.o -index-unit-output-path /Stripe.build/Debug-iphonesimulator/Stripe3DS2.build/Objects-normal/arm64/UIView+LayoutSupport.o

CompileC /Users/xinyufang/Library/Developer/Xcode/DerivedData/Buzz-faillbpsmponqzeruhhvskovixzk/Build/Intermediates.noindex/Stripe.build/Debug-iphonesimulator/Stripe3DS2.build/Objects-normal/arm64/UIFont+DefaultFonts.o /Users/xinyufang/Library/Developer/Xcode/DerivedData/Buzz-faillbpsmponqzeruhhvskovixzk/SourcePackages/checkouts/stripe-ios-spm/Stripe3DS2/Stripe3DS2/UIFont+DefaultFonts.m normal arm64 objective-c com.apple.compilers.llvm.clang.1_0.compiler (in target 'Stripe3DS2' from project 'Stripe')
    cd /Users/xinyufang/Documents/Buzz/Buzz.xcodeproj
    
    Using response file: /Users/xinyufang/Library/Developer/Xcode/DerivedData/Buzz-faillbpsmponqzeruhhvskovixzk/Build/Intermediates.noindex/Stripe.build/Debug-iphonesimulator/Stripe3DS2.build/Objects-normal/arm64/e6072d4f65d7061329687fe24e3d63a7-common-args.resp
    
    /Applications/Xcode.app/Contents/Developer/Toolchains/XcodeDefault.xctoolchain/usr/bin/clang -x objective-c -ivfsstatcache /Users/xinyufang/Library/Developer/Xcode/DerivedData/SDKStatCaches.noindex/iphonesimulator26.0-23A339-26257891a6c027eb51374368541b8346.sdkstatcache -fmessage-length\=0 -fdiagnostics-show-note-include-stack -fmacro-backtrace-limit\=0 -fno-color-diagnostics -fmodules-prune-interval\=86400 -fmodules-prune-after\=345600 -fbuild-session-file\=/Users/xinyufang/Library/Developer/Xcode/DerivedData/ModuleCache.noindex/Session.modulevalidation -fmodules-validate-once-per-build-session -Wnon-modular-include-in-framework-module -Werror\=non-modular-include-in-framework-module -Wno-trigraphs -Wno-missing-field-initializers -Wno-missing-prototypes -Wno-return-type -Wno-implicit-atomic-properties -Wno-objc-interface-ivars -Wno-arc-repeated-use-of-weak -Wno-missing-braces -Wparentheses -Wswitch -Wno-unused-function -Wno-unused-label -Wno-unused-parameter -Wno-unused-variable -Wunused-value -Wno-empty-body -Wno-uninitialized -Wno-unknown-pragmas -w -Wno-shadow -Wno-four-char-constants -Wno-conversion -Wno-constant-conversion -Wno-int-conversion -Wno-bool-conversion -Wno-enum-conversion -Wno-float-conversion -Wno-non-literal-null-conversion -Wno-objc-literal-conversion -Wshorten-64-to-32 -Wpointer-sign -Wno-newline-eof -Wno-selector -Wno-strict-selector-match -Wno-undeclared-selector -Wno-deprecated-implementations -Wno-implicit-fallthrough -fstrict-aliasing -Wprotocol -Wdeprecated-declarations -Wno-sign-conversion -Wno-infinite-recursion -Wno-comma -Wno-block-capture-autoreleasing -Wno-strict-prototypes -Wno-semicolon-before-method-body -index-store-path /Users/xinyufang/Library/Developer/Xcode/DerivedData/Buzz-faillbpsmponqzeruhhvskovixzk/Index.noindex/DataStore @/Users/xinyufang/Library/Developer/Xcode/DerivedData/Buzz-faillbpsmponqzeruhhvskovixzk/Build/Intermediates.noindex/Stripe.build/Debug-iphonesimulator/Stripe3DS2.build/Objects-normal/arm64/e6072d4f65d7061329687fe24e3d63a7-common-args.resp -include /Users/xinyufang/Library/Developer/Xcode/DerivedData/Buzz-faillbpsmponqzeruhhvskovixzk/Build/Intermediates.noindex/Stripe.build/Debug-iphonesimulator/Stripe3DS2.build/DerivedSources/resource_bundle_accessor.h -MMD -MT dependencies -MF /Users/xinyufang/Library/Developer/Xcode/DerivedData/Buzz-faillbpsmponqzeruhhvskovixzk/Build/Intermediates.noindex/Stripe.build/Debug-iphonesimulator/Stripe3DS2.build/Objects-normal/arm64/UIFont+DefaultFonts.d --serialize-diagnostics /Users/xinyufang/Library/Developer/Xcode/DerivedData/Buzz-faillbpsmponqzeruhhvskovixzk/Build/Intermediates.noindex/Stripe.build/Debug-iphonesimulator/Stripe3DS2.build/Objects-normal/arm64/UIFont+DefaultFonts.dia -c /Users/xinyufang/Library/Developer/Xcode/DerivedData/Buzz-faillbpsmponqzeruhhvskovixzk/SourcePackages/checkouts/stripe-ios-spm/Stripe3DS2/Stripe3DS2/UIFont+DefaultFonts.m -o /Users/xinyufang/Library/Developer/Xcode/DerivedData/Buzz-faillbpsmponqzeruhhvskovixzk/Build/Intermediates.noindex/Stripe.build/Debug-iphonesimulator/Stripe3DS2.build/Objects-normal/arm64/UIFont+DefaultFonts.o -index-unit-output-path /Stripe.build/Debug-iphonesimulator/Stripe3DS2.build/Objects-normal/arm64/UIFont+DefaultFonts.o

SwiftMergeGeneratedHeaders /Users/xinyufang/Library/Developer/Xcode/DerivedData/Buzz-faillbpsmponqzeruhhvskovixzk/Build/Intermediates.noindex/GeneratedModuleMaps-iphonesimulator/StripeUICore-Swift.h /Users/xinyufang/Library/Developer/Xcode/DerivedData/Buzz-faillbpsmponqzeruhhvskovixzk/Build/Intermediates.noindex/Stripe.build/Debug-iphonesimulator/StripeUICore.build/Objects-normal/arm64/StripeUICore-Swift.h (in target 'StripeUICore' from project 'Stripe')
    cd /Users/xinyufang/Library/Developer/Xcode/DerivedData/Buzz-faillbpsmponqzeruhhvskovixzk/SourcePackages/checkouts/stripe-ios-spm
    builtin-swiftHeaderTool -arch arm64 /Users/xinyufang/Library/Developer/Xcode/DerivedData/Buzz-faillbpsmponqzeruhhvskovixzk/Build/Intermediates.noindex/Stripe.build/Debug-iphonesimulator/StripeUICore.build/Objects-normal/arm64/StripeUICore-Swift.h -o /Users/xinyufang/Library/Developer/Xcode/DerivedData/Buzz-faillbpsmponqzeruhhvskovixzk/Build/Intermediates.noindex/GeneratedModuleMaps-iphonesimulator/StripeUICore-Swift.h

Copy /Users/xinyufang/Library/Developer/Xcode/DerivedData/Buzz-faillbpsmponqzeruhhvskovixzk/Build/Products/Debug-iphonesimulator/StripeUICore.swiftmodule/arm64-apple-ios-simulator.swiftmodule /Users/xinyufang/Library/Developer/Xcode/DerivedData/Buzz-faillbpsmponqzeruhhvskovixzk/Build/Intermediates.noindex/Stripe.build/Debug-iphonesimulator/StripeUICore.build/Objects-normal/arm64/StripeUICore.swiftmodule (in target 'StripeUICore' from project 'Stripe')
    cd /Users/xinyufang/Library/Developer/Xcode/DerivedData/Buzz-faillbpsmponqzeruhhvskovixzk/SourcePackages/checkouts/stripe-ios-spm
    builtin-copy -exclude .DS_Store -exclude CVS -exclude .svn -exclude .git -exclude .hg -resolve-src-symlinks -rename /Users/xinyufang/Library/Developer/Xcode/DerivedData/Buzz-faillbpsmponqzeruhhvskovixzk/Build/Intermediates.noindex/Stripe.build/Debug-iphonesimulator/StripeUICore.build/Objects-normal/arm64/StripeUICore.swiftmodule /Users/xinyufang/Library/Developer/Xcode/DerivedData/Buzz-faillbpsmponqzeruhhvskovixzk/Build/Products/Debug-iphonesimulator/StripeUICore.swiftmodule/arm64-apple-ios-simulator.swiftmodule

Copy /Users/xinyufang/Library/Developer/Xcode/DerivedData/Buzz-faillbpsmponqzeruhhvskovixzk/Build/Products/Debug-iphonesimulator/StripeUICore.swiftmodule/arm64-apple-ios-simulator.swiftdoc /Users/xinyufang/Library/Developer/Xcode/DerivedData/Buzz-faillbpsmponqzeruhhvskovixzk/Build/Intermediates.noindex/Stripe.build/Debug-iphonesimulator/StripeUICore.build/Objects-normal/arm64/StripeUICore.swiftdoc (in target 'StripeUICore' from project 'Stripe')
    cd /Users/xinyufang/Library/Developer/Xcode/DerivedData/Buzz-faillbpsmponqzeruhhvskovixzk/SourcePackages/checkouts/stripe-ios-spm
    builtin-copy -exclude .DS_Store -exclude CVS -exclude .svn -exclude .git -exclude .hg -resolve-src-symlinks -rename /Users/xinyufang/Library/Developer/Xcode/DerivedData/Buzz-faillbpsmponqzeruhhvskovixzk/Build/Intermediates.noindex/Stripe.build/Debug-iphonesimulator/StripeUICore.build/Objects-normal/arm64/StripeUICore.swiftdoc /Users/xinyufang/Library/Developer/Xcode/DerivedData/Buzz-faillbpsmponqzeruhhvskovixzk/Build/Products/Debug-iphonesimulator/StripeUICore.swiftmodule/arm64-apple-ios-simulator.swiftdoc

Copy /Users/xinyufang/Library/Developer/Xcode/DerivedData/Buzz-faillbpsmponqzeruhhvskovixzk/Build/Products/Debug-iphonesimulator/StripeUICore.swiftmodule/arm64-apple-ios-simulator.abi.json /Users/xinyufang/Library/Developer/Xcode/DerivedData/Buzz-faillbpsmponqzeruhhvskovixzk/Build/Intermediates.noindex/Stripe.build/Debug-iphonesimulator/StripeUICore.build/Objects-normal/arm64/StripeUICore.abi.json (in target 'StripeUICore' from project 'Stripe')
    cd /Users/xinyufang/Library/Developer/Xcode/DerivedData/Buzz-faillbpsmponqzeruhhvskovixzk/SourcePackages/checkouts/stripe-ios-spm
    builtin-copy -exclude .DS_Store -exclude CVS -exclude .svn -exclude .git -exclude .hg -resolve-src-symlinks -rename /Users/xinyufang/Library/Developer/Xcode/DerivedData/Buzz-faillbpsmponqzeruhhvskovixzk/Build/Intermediates.noindex/Stripe.build/Debug-iphonesimulator/StripeUICore.build/Objects-normal/arm64/StripeUICore.abi.json /Users/xinyufang/Library/Developer/Xcode/DerivedData/Buzz-faillbpsmponqzeruhhvskovixzk/Build/Products/Debug-iphonesimulator/StripeUICore.swiftmodule/arm64-apple-ios-simulator.abi.json

Copy /Users/xinyufang/Library/Developer/Xcode/DerivedData/Buzz-faillbpsmponqzeruhhvskovixzk/Build/Products/Debug-iphonesimulator/StripeUICore.swiftmodule/Project/arm64-apple-ios-simulator.swiftsourceinfo /Users/xinyufang/Library/Developer/Xcode/DerivedData/Buzz-faillbpsmponqzeruhhvskovixzk/Build/Intermediates.noindex/Stripe.build/Debug-iphonesimulator/StripeUICore.build/Objects-normal/arm64/StripeUICore.swiftsourceinfo (in target 'StripeUICore' from project 'Stripe')
    cd /Users/xinyufang/Library/Developer/Xcode/DerivedData/Buzz-faillbpsmponqzeruhhvskovixzk/SourcePackages/checkouts/stripe-ios-spm
    builtin-copy -exclude .DS_Store -exclude CVS -exclude .svn -exclude .git -exclude .hg -resolve-src-symlinks -rename /Users/xinyufang/Library/Developer/Xcode/DerivedData/Buzz-faillbpsmponqzeruhhvskovixzk/Build/Intermediates.noindex/Stripe.build/Debug-iphonesimulator/StripeUICore.build/Objects-normal/arm64/StripeUICore.swiftsourceinfo /Users/xinyufang/Library/Developer/Xcode/DerivedData/Buzz-faillbpsmponqzeruhhvskovixzk/Build/Products/Debug-iphonesimulator/StripeUICore.swiftmodule/Project/arm64-apple-ios-simulator.swiftsourceinfo

SwiftEmitModule normal arm64 Emitting\ module\ for\ StripePayments (in target 'StripePayments' from project 'Stripe')

EmitSwiftModule normal arm64 (in target 'StripePayments' from project 'Stripe')
    cd /Users/xinyufang/Documents/Buzz/Buzz.xcodeproj
    

CompileC /Users/xinyufang/Library/Developer/Xcode/DerivedData/Buzz-faillbpsmponqzeruhhvskovixzk/Build/Intermediates.noindex/Stripe.build/Debug-iphonesimulator/Stripe3DS2.build/Objects-normal/arm64/UIColor+ThirteenSupport.o /Users/xinyufang/Library/Developer/Xcode/DerivedData/Buzz-faillbpsmponqzeruhhvskovixzk/SourcePackages/checkouts/stripe-ios-spm/Stripe3DS2/Stripe3DS2/UIColor+ThirteenSupport.m normal arm64 objective-c com.apple.compilers.llvm.clang.1_0.compiler (in target 'Stripe3DS2' from project 'Stripe')
    cd /Users/xinyufang/Documents/Buzz/Buzz.xcodeproj
    
    Using response file: /Users/xinyufang/Library/Developer/Xcode/DerivedData/Buzz-faillbpsmponqzeruhhvskovixzk/Build/Intermediates.noindex/Stripe.build/Debug-iphonesimulator/Stripe3DS2.build/Objects-normal/arm64/e6072d4f65d7061329687fe24e3d63a7-common-args.resp
    
    /Applications/Xcode.app/Contents/Developer/Toolchains/XcodeDefault.xctoolchain/usr/bin/clang -x objective-c -ivfsstatcache /Users/xinyufang/Library/Developer/Xcode/DerivedData/SDKStatCaches.noindex/iphonesimulator26.0-23A339-26257891a6c027eb51374368541b8346.sdkstatcache -fmessage-length\=0 -fdiagnostics-show-note-include-stack -fmacro-backtrace-limit\=0 -fno-color-diagnostics -fmodules-prune-interval\=86400 -fmodules-prune-after\=345600 -fbuild-session-file\=/Users/xinyufang/Library/Developer/Xcode/DerivedData/ModuleCache.noindex/Session.modulevalidation -fmodules-validate-once-per-build-session -Wnon-modular-include-in-framework-module -Werror\=non-modular-include-in-framework-module -Wno-trigraphs -Wno-missing-field-initializers -Wno-missing-prototypes -Wno-return-type -Wno-implicit-atomic-properties -Wno-objc-interface-ivars -Wno-arc-repeated-use-of-weak -Wno-missing-braces -Wparentheses -Wswitch -Wno-unused-function -Wno-unused-label -Wno-unused-parameter -Wno-unused-variable -Wunused-value -Wno-empty-body -Wno-uninitialized -Wno-unknown-pragmas -w -Wno-shadow -Wno-four-char-constants -Wno-conversion -Wno-constant-conversion -Wno-int-conversion -Wno-bool-conversion -Wno-enum-conversion -Wno-float-conversion -Wno-non-literal-null-conversion -Wno-objc-literal-conversion -Wshorten-64-to-32 -Wpointer-sign -Wno-newline-eof -Wno-selector -Wno-strict-selector-match -Wno-undeclared-selector -Wno-deprecated-implementations -Wno-implicit-fallthrough -fstrict-aliasing -Wprotocol -Wdeprecated-declarations -Wno-sign-conversion -Wno-infinite-recursion -Wno-comma -Wno-block-capture-autoreleasing -Wno-strict-prototypes -Wno-semicolon-before-method-body -index-store-path /Users/xinyufang/Library/Developer/Xcode/DerivedData/Buzz-faillbpsmponqzeruhhvskovixzk/Index.noindex/DataStore @/Users/xinyufang/Library/Developer/Xcode/DerivedData/Buzz-faillbpsmponqzeruhhvskovixzk/Build/Intermediates.noindex/Stripe.build/Debug-iphonesimulator/Stripe3DS2.build/Objects-normal/arm64/e6072d4f65d7061329687fe24e3d63a7-common-args.resp -include /Users/xinyufang/Library/Developer/Xcode/DerivedData/Buzz-faillbpsmponqzeruhhvskovixzk/Build/Intermediates.noindex/Stripe.build/Debug-iphonesimulator/Stripe3DS2.build/DerivedSources/resource_bundle_accessor.h -MMD -MT dependencies -MF /Users/xinyufang/Library/Developer/Xcode/DerivedData/Buzz-faillbpsmponqzeruhhvskovixzk/Build/Intermediates.noindex/Stripe.build/Debug-iphonesimulator/Stripe3DS2.build/Objects-normal/arm64/UIColor+ThirteenSupport.d --serialize-diagnostics /Users/xinyufang/Library/Developer/Xcode/DerivedData/Buzz-faillbpsmponqzeruhhvskovixzk/Build/Intermediates.noindex/Stripe.build/Debug-iphonesimulator/Stripe3DS2.build/Objects-normal/arm64/UIColor+ThirteenSupport.dia -c /Users/xinyufang/Library/Developer/Xcode/DerivedData/Buzz-faillbpsmponqzeruhhvskovixzk/SourcePackages/checkouts/stripe-ios-spm/Stripe3DS2/Stripe3DS2/UIColor+ThirteenSupport.m -o /Users/xinyufang/Library/Developer/Xcode/DerivedData/Buzz-faillbpsmponqzeruhhvskovixzk/Build/Intermediates.noindex/Stripe.build/Debug-iphonesimulator/Stripe3DS2.build/Objects-normal/arm64/UIColor+ThirteenSupport.o -index-unit-output-path /Stripe.build/Debug-iphonesimulator/Stripe3DS2.build/Objects-normal/arm64/UIColor+ThirteenSupport.o

CompileC /Users/xinyufang/Library/Developer/Xcode/DerivedData/Buzz-faillbpsmponqzeruhhvskovixzk/Build/Intermediates.noindex/Stripe.build/Debug-iphonesimulator/Stripe3DS2.build/Objects-normal/arm64/UIColor+DefaultColors.o /Users/xinyufang/Library/Developer/Xcode/DerivedData/Buzz-faillbpsmponqzeruhhvskovixzk/SourcePackages/checkouts/stripe-ios-spm/Stripe3DS2/Stripe3DS2/UIColor+DefaultColors.m normal arm64 objective-c com.apple.compilers.llvm.clang.1_0.compiler (in target 'Stripe3DS2' from project 'Stripe')
    cd /Users/xinyufang/Documents/Buzz/Buzz.xcodeproj
    
    Using response file: /Users/xinyufang/Library/Developer/Xcode/DerivedData/Buzz-faillbpsmponqzeruhhvskovixzk/Build/Intermediates.noindex/Stripe.build/Debug-iphonesimulator/Stripe3DS2.build/Objects-normal/arm64/e6072d4f65d7061329687fe24e3d63a7-common-args.resp
    
    /Applications/Xcode.app/Contents/Developer/Toolchains/XcodeDefault.xctoolchain/usr/bin/clang -x objective-c -ivfsstatcache /Users/xinyufang/Library/Developer/Xcode/DerivedData/SDKStatCaches.noindex/iphonesimulator26.0-23A339-26257891a6c027eb51374368541b8346.sdkstatcache -fmessage-length\=0 -fdiagnostics-show-note-include-stack -fmacro-backtrace-limit\=0 -fno-color-diagnostics -fmodules-prune-interval\=86400 -fmodules-prune-after\=345600 -fbuild-session-file\=/Users/xinyufang/Library/Developer/Xcode/DerivedData/ModuleCache.noindex/Session.modulevalidation -fmodules-validate-once-per-build-session -Wnon-modular-include-in-framework-module -Werror\=non-modular-include-in-framework-module -Wno-trigraphs -Wno-missing-field-initializers -Wno-missing-prototypes -Wno-return-type -Wno-implicit-atomic-properties -Wno-objc-interface-ivars -Wno-arc-repeated-use-of-weak -Wno-missing-braces -Wparentheses -Wswitch -Wno-unused-function -Wno-unused-label -Wno-unused-parameter -Wno-unused-variable -Wunused-value -Wno-empty-body -Wno-uninitialized -Wno-unknown-pragmas -w -Wno-shadow -Wno-four-char-constants -Wno-conversion -Wno-constant-conversion -Wno-int-conversion -Wno-bool-conversion -Wno-enum-conversion -Wno-float-conversion -Wno-non-literal-null-conversion -Wno-objc-literal-conversion -Wshorten-64-to-32 -Wpointer-sign -Wno-newline-eof -Wno-selector -Wno-strict-selector-match -Wno-undeclared-selector -Wno-deprecated-implementations -Wno-implicit-fallthrough -fstrict-aliasing -Wprotocol -Wdeprecated-declarations -Wno-sign-conversion -Wno-infinite-recursion -Wno-comma -Wno-block-capture-autoreleasing -Wno-strict-prototypes -Wno-semicolon-before-method-body -index-store-path /Users/xinyufang/Library/Developer/Xcode/DerivedData/Buzz-faillbpsmponqzeruhhvskovixzk/Index.noindex/DataStore @/Users/xinyufang/Library/Developer/Xcode/DerivedData/Buzz-faillbpsmponqzeruhhvskovixzk/Build/Intermediates.noindex/Stripe.build/Debug-iphonesimulator/Stripe3DS2.build/Objects-normal/arm64/e6072d4f65d7061329687fe24e3d63a7-common-args.resp -include /Users/xinyufang/Library/Developer/Xcode/DerivedData/Buzz-faillbpsmponqzeruhhvskovixzk/Build/Intermediates.noindex/Stripe.build/Debug-iphonesimulator/Stripe3DS2.build/DerivedSources/resource_bundle_accessor.h -MMD -MT dependencies -MF /Users/xinyufang/Library/Developer/Xcode/DerivedData/Buzz-faillbpsmponqzeruhhvskovixzk/Build/Intermediates.noindex/Stripe.build/Debug-iphonesimulator/Stripe3DS2.build/Objects-normal/arm64/UIColor+DefaultColors.d --serialize-diagnostics /Users/xinyufang/Library/Developer/Xcode/DerivedData/Buzz-faillbpsmponqzeruhhvskovixzk/Build/Intermediates.noindex/Stripe.build/Debug-iphonesimulator/Stripe3DS2.build/Objects-normal/arm64/UIColor+DefaultColors.dia -c /Users/xinyufang/Library/Developer/Xcode/DerivedData/Buzz-faillbpsmponqzeruhhvskovixzk/SourcePackages/checkouts/stripe-ios-spm/Stripe3DS2/Stripe3DS2/UIColor+DefaultColors.m -o /Users/xinyufang/Library/Developer/Xcode/DerivedData/Buzz-faillbpsmponqzeruhhvskovixzk/Build/Intermediates.noindex/Stripe.build/Debug-iphonesimulator/Stripe3DS2.build/Objects-normal/arm64/UIColor+DefaultColors.o -index-unit-output-path /Stripe.build/Debug-iphonesimulator/Stripe3DS2.build/Objects-normal/arm64/UIColor+DefaultColors.o

CompileC /Users/xinyufang/Library/Developer/Xcode/DerivedData/Buzz-faillbpsmponqzeruhhvskovixzk/Build/Intermediates.noindex/Stripe.build/Debug-iphonesimulator/Stripe3DS2.build/Objects-normal/arm64/UIButton+CustomInitialization.o /Users/xinyufang/Library/Developer/Xcode/DerivedData/Buzz-faillbpsmponqzeruhhvskovixzk/SourcePackages/checkouts/stripe-ios-spm/Stripe3DS2/Stripe3DS2/UIButton+CustomInitialization.m normal arm64 objective-c com.apple.compilers.llvm.clang.1_0.compiler (in target 'Stripe3DS2' from project 'Stripe')
    cd /Users/xinyufang/Documents/Buzz/Buzz.xcodeproj
    
    Using response file: /Users/xinyufang/Library/Developer/Xcode/DerivedData/Buzz-faillbpsmponqzeruhhvskovixzk/Build/Intermediates.noindex/Stripe.build/Debug-iphonesimulator/Stripe3DS2.build/Objects-normal/arm64/e6072d4f65d7061329687fe24e3d63a7-common-args.resp
    
    /Applications/Xcode.app/Contents/Developer/Toolchains/XcodeDefault.xctoolchain/usr/bin/clang -x objective-c -ivfsstatcache /Users/xinyufang/Library/Developer/Xcode/DerivedData/SDKStatCaches.noindex/iphonesimulator26.0-23A339-26257891a6c027eb51374368541b8346.sdkstatcache -fmessage-length\=0 -fdiagnostics-show-note-include-stack -fmacro-backtrace-limit\=0 -fno-color-diagnostics -fmodules-prune-interval\=86400 -fmodules-prune-after\=345600 -fbuild-session-file\=/Users/xinyufang/Library/Developer/Xcode/DerivedData/ModuleCache.noindex/Session.modulevalidation -fmodules-validate-once-per-build-session -Wnon-modular-include-in-framework-module -Werror\=non-modular-include-in-framework-module -Wno-trigraphs -Wno-missing-field-initializers -Wno-missing-prototypes -Wno-return-type -Wno-implicit-atomic-properties -Wno-objc-interface-ivars -Wno-arc-repeated-use-of-weak -Wno-missing-braces -Wparentheses -Wswitch -Wno-unused-function -Wno-unused-label -Wno-unused-parameter -Wno-unused-variable -Wunused-value -Wno-empty-body -Wno-uninitialized -Wno-unknown-pragmas -w -Wno-shadow -Wno-four-char-constants -Wno-conversion -Wno-constant-conversion -Wno-int-conversion -Wno-bool-conversion -Wno-enum-conversion -Wno-float-conversion -Wno-non-literal-null-conversion -Wno-objc-literal-conversion -Wshorten-64-to-32 -Wpointer-sign -Wno-newline-eof -Wno-selector -Wno-strict-selector-match -Wno-undeclared-selector -Wno-deprecated-implementations -Wno-implicit-fallthrough -fstrict-aliasing -Wprotocol -Wdeprecated-declarations -Wno-sign-conversion -Wno-infinite-recursion -Wno-comma -Wno-block-capture-autoreleasing -Wno-strict-prototypes -Wno-semicolon-before-method-body -index-store-path /Users/xinyufang/Library/Developer/Xcode/DerivedData/Buzz-faillbpsmponqzeruhhvskovixzk/Index.noindex/DataStore @/Users/xinyufang/Library/Developer/Xcode/DerivedData/Buzz-faillbpsmponqzeruhhvskovixzk/Build/Intermediates.noindex/Stripe.build/Debug-iphonesimulator/Stripe3DS2.build/Objects-normal/arm64/e6072d4f65d7061329687fe24e3d63a7-common-args.resp -include /Users/xinyufang/Library/Developer/Xcode/DerivedData/Buzz-faillbpsmponqzeruhhvskovixzk/Build/Intermediates.noindex/Stripe.build/Debug-iphonesimulator/Stripe3DS2.build/DerivedSources/resource_bundle_accessor.h -MMD -MT dependencies -MF /Users/xinyufang/Library/Developer/Xcode/DerivedData/Buzz-faillbpsmponqzeruhhvskovixzk/Build/Intermediates.noindex/Stripe.build/Debug-iphonesimulator/Stripe3DS2.build/Objects-normal/arm64/UIButton+CustomInitialization.d --serialize-diagnostics /Users/xinyufang/Library/Developer/Xcode/DerivedData/Buzz-faillbpsmponqzeruhhvskovixzk/Build/Intermediates.noindex/Stripe.build/Debug-iphonesimulator/Stripe3DS2.build/Objects-normal/arm64/UIButton+CustomInitialization.dia -c /Users/xinyufang/Library/Developer/Xcode/DerivedData/Buzz-faillbpsmponqzeruhhvskovixzk/SourcePackages/checkouts/stripe-ios-spm/Stripe3DS2/Stripe3DS2/UIButton+CustomInitialization.m -o /Users/xinyufang/Library/Developer/Xcode/DerivedData/Buzz-faillbpsmponqzeruhhvskovixzk/Build/Intermediates.noindex/Stripe.build/Debug-iphonesimulator/Stripe3DS2.build/Objects-normal/arm64/UIButton+CustomInitialization.o -index-unit-output-path /Stripe.build/Debug-iphonesimulator/Stripe3DS2.build/Objects-normal/arm64/UIButton+CustomInitialization.o

CompileC /Users/xinyufang/Library/Developer/Xcode/DerivedData/Buzz-faillbpsmponqzeruhhvskovixzk/Build/Intermediates.noindex/Stripe.build/Debug-iphonesimulator/Stripe3DS2.build/Objects-normal/arm64/STDSWhitelistView.o /Users/xinyufang/Library/Developer/Xcode/DerivedData/Buzz-faillbpsmponqzeruhhvskovixzk/SourcePackages/checkouts/stripe-ios-spm/Stripe3DS2/Stripe3DS2/STDSWhitelistView.m normal arm64 objective-c com.apple.compilers.llvm.clang.1_0.compiler (in target 'Stripe3DS2' from project 'Stripe')
    cd /Users/xinyufang/Documents/Buzz/Buzz.xcodeproj
    
    Using response file: /Users/xinyufang/Library/Developer/Xcode/DerivedData/Buzz-faillbpsmponqzeruhhvskovixzk/Build/Intermediates.noindex/Stripe.build/Debug-iphonesimulator/Stripe3DS2.build/Objects-normal/arm64/e6072d4f65d7061329687fe24e3d63a7-common-args.resp
    
    /Applications/Xcode.app/Contents/Developer/Toolchains/XcodeDefault.xctoolchain/usr/bin/clang -x objective-c -ivfsstatcache /Users/xinyufang/Library/Developer/Xcode/DerivedData/SDKStatCaches.noindex/iphonesimulator26.0-23A339-26257891a6c027eb51374368541b8346.sdkstatcache -fmessage-length\=0 -fdiagnostics-show-note-include-stack -fmacro-backtrace-limit\=0 -fno-color-diagnostics -fmodules-prune-interval\=86400 -fmodules-prune-after\=345600 -fbuild-session-file\=/Users/xinyufang/Library/Developer/Xcode/DerivedData/ModuleCache.noindex/Session.modulevalidation -fmodules-validate-once-per-build-session -Wnon-modular-include-in-framework-module -Werror\=non-modular-include-in-framework-module -Wno-trigraphs -Wno-missing-field-initializers -Wno-missing-prototypes -Wno-return-type -Wno-implicit-atomic-properties -Wno-objc-interface-ivars -Wno-arc-repeated-use-of-weak -Wno-missing-braces -Wparentheses -Wswitch -Wno-unused-function -Wno-unused-label -Wno-unused-parameter -Wno-unused-variable -Wunused-value -Wno-empty-body -Wno-uninitialized -Wno-unknown-pragmas -w -Wno-shadow -Wno-four-char-constants -Wno-conversion -Wno-constant-conversion -Wno-int-conversion -Wno-bool-conversion -Wno-enum-conversion -Wno-float-conversion -Wno-non-literal-null-conversion -Wno-objc-literal-conversion -Wshorten-64-to-32 -Wpointer-sign -Wno-newline-eof -Wno-selector -Wno-strict-selector-match -Wno-undeclared-selector -Wno-deprecated-implementations -Wno-implicit-fallthrough -fstrict-aliasing -Wprotocol -Wdeprecated-declarations -Wno-sign-conversion -Wno-infinite-recursion -Wno-comma -Wno-block-capture-autoreleasing -Wno-strict-prototypes -Wno-semicolon-before-method-body -index-store-path /Users/xinyufang/Library/Developer/Xcode/DerivedData/Buzz-faillbpsmponqzeruhhvskovixzk/Index.noindex/DataStore @/Users/xinyufang/Library/Developer/Xcode/DerivedData/Buzz-faillbpsmponqzeruhhvskovixzk/Build/Intermediates.noindex/Stripe.build/Debug-iphonesimulator/Stripe3DS2.build/Objects-normal/arm64/e6072d4f65d7061329687fe24e3d63a7-common-args.resp -include /Users/xinyufang/Library/Developer/Xcode/DerivedData/Buzz-faillbpsmponqzeruhhvskovixzk/Build/Intermediates.noindex/Stripe.build/Debug-iphonesimulator/Stripe3DS2.build/DerivedSources/resource_bundle_accessor.h -MMD -MT dependencies -MF /Users/xinyufang/Library/Developer/Xcode/DerivedData/Buzz-faillbpsmponqzeruhhvskovixzk/Build/Intermediates.noindex/Stripe.build/Debug-iphonesimulator/Stripe3DS2.build/Objects-normal/arm64/STDSWhitelistView.d --serialize-diagnostics /Users/xinyufang/Library/Developer/Xcode/DerivedData/Buzz-faillbpsmponqzeruhhvskovixzk/Build/Intermediates.noindex/Stripe.build/Debug-iphonesimulator/Stripe3DS2.build/Objects-normal/arm64/STDSWhitelistView.dia -c /Users/xinyufang/Library/Developer/Xcode/DerivedData/Buzz-faillbpsmponqzeruhhvskovixzk/SourcePackages/checkouts/stripe-ios-spm/Stripe3DS2/Stripe3DS2/STDSWhitelistView.m -o /Users/xinyufang/Library/Developer/Xcode/DerivedData/Buzz-faillbpsmponqzeruhhvskovixzk/Build/Intermediates.noindex/Stripe.build/Debug-iphonesimulator/Stripe3DS2.build/Objects-normal/arm64/STDSWhitelistView.o -index-unit-output-path /Stripe.build/Debug-iphonesimulator/Stripe3DS2.build/Objects-normal/arm64/STDSWhitelistView.o

CompileC /Users/xinyufang/Library/Developer/Xcode/DerivedData/Buzz-faillbpsmponqzeruhhvskovixzk/Build/Intermediates.noindex/Stripe.build/Debug-iphonesimulator/Stripe3DS2.build/Objects-normal/arm64/STDSUICustomization.o /Users/xinyufang/Library/Developer/Xcode/DerivedData/Buzz-faillbpsmponqzeruhhvskovixzk/SourcePackages/checkouts/stripe-ios-spm/Stripe3DS2/Stripe3DS2/include/STDSUICustomization.m normal arm64 objective-c com.apple.compilers.llvm.clang.1_0.compiler (in target 'Stripe3DS2' from project 'Stripe')
    cd /Users/xinyufang/Documents/Buzz/Buzz.xcodeproj
    
    Using response file: /Users/xinyufang/Library/Developer/Xcode/DerivedData/Buzz-faillbpsmponqzeruhhvskovixzk/Build/Intermediates.noindex/Stripe.build/Debug-iphonesimulator/Stripe3DS2.build/Objects-normal/arm64/e6072d4f65d7061329687fe24e3d63a7-common-args.resp
    
    /Applications/Xcode.app/Contents/Developer/Toolchains/XcodeDefault.xctoolchain/usr/bin/clang -x objective-c -ivfsstatcache /Users/xinyufang/Library/Developer/Xcode/DerivedData/SDKStatCaches.noindex/iphonesimulator26.0-23A339-26257891a6c027eb51374368541b8346.sdkstatcache -fmessage-length\=0 -fdiagnostics-show-note-include-stack -fmacro-backtrace-limit\=0 -fno-color-diagnostics -fmodules-prune-interval\=86400 -fmodules-prune-after\=345600 -fbuild-session-file\=/Users/xinyufang/Library/Developer/Xcode/DerivedData/ModuleCache.noindex/Session.modulevalidation -fmodules-validate-once-per-build-session -Wnon-modular-include-in-framework-module -Werror\=non-modular-include-in-framework-module -Wno-trigraphs -Wno-missing-field-initializers -Wno-missing-prototypes -Wno-return-type -Wno-implicit-atomic-properties -Wno-objc-interface-ivars -Wno-arc-repeated-use-of-weak -Wno-missing-braces -Wparentheses -Wswitch -Wno-unused-function -Wno-unused-label -Wno-unused-parameter -Wno-unused-variable -Wunused-value -Wno-empty-body -Wno-uninitialized -Wno-unknown-pragmas -w -Wno-shadow -Wno-four-char-constants -Wno-conversion -Wno-constant-conversion -Wno-int-conversion -Wno-bool-conversion -Wno-enum-conversion -Wno-float-conversion -Wno-non-literal-null-conversion -Wno-objc-literal-conversion -Wshorten-64-to-32 -Wpointer-sign -Wno-newline-eof -Wno-selector -Wno-strict-selector-match -Wno-undeclared-selector -Wno-deprecated-implementations -Wno-implicit-fallthrough -fstrict-aliasing -Wprotocol -Wdeprecated-declarations -Wno-sign-conversion -Wno-infinite-recursion -Wno-comma -Wno-block-capture-autoreleasing -Wno-strict-prototypes -Wno-semicolon-before-method-body -index-store-path /Users/xinyufang/Library/Developer/Xcode/DerivedData/Buzz-faillbpsmponqzeruhhvskovixzk/Index.noindex/DataStore @/Users/xinyufang/Library/Developer/Xcode/DerivedData/Buzz-faillbpsmponqzeruhhvskovixzk/Build/Intermediates.noindex/Stripe.build/Debug-iphonesimulator/Stripe3DS2.build/Objects-normal/arm64/e6072d4f65d7061329687fe24e3d63a7-common-args.resp -include /Users/xinyufang/Library/Developer/Xcode/DerivedData/Buzz-faillbpsmponqzeruhhvskovixzk/Build/Intermediates.noindex/Stripe.build/Debug-iphonesimulator/Stripe3DS2.build/DerivedSources/resource_bundle_accessor.h -MMD -MT dependencies -MF /Users/xinyufang/Library/Developer/Xcode/DerivedData/Buzz-faillbpsmponqzeruhhvskovixzk/Build/Intermediates.noindex/Stripe.build/Debug-iphonesimulator/Stripe3DS2.build/Objects-normal/arm64/STDSUICustomization.d --serialize-diagnostics /Users/xinyufang/Library/Developer/Xcode/DerivedData/Buzz-faillbpsmponqzeruhhvskovixzk/Build/Intermediates.noindex/Stripe.build/Debug-iphonesimulator/Stripe3DS2.build/Objects-normal/arm64/STDSUICustomization.dia -c /Users/xinyufang/Library/Developer/Xcode/DerivedData/Buzz-faillbpsmponqzeruhhvskovixzk/SourcePackages/checkouts/stripe-ios-spm/Stripe3DS2/Stripe3DS2/include/STDSUICustomization.m -o /Users/xinyufang/Library/Developer/Xcode/DerivedData/Buzz-faillbpsmponqzeruhhvskovixzk/Build/Intermediates.noindex/Stripe.build/Debug-iphonesimulator/Stripe3DS2.build/Objects-normal/arm64/STDSUICustomization.o -index-unit-output-path /Stripe.build/Debug-iphonesimulator/Stripe3DS2.build/Objects-normal/arm64/STDSUICustomization.o

CompileC /Users/xinyufang/Library/Developer/Xcode/DerivedData/Buzz-faillbpsmponqzeruhhvskovixzk/Build/Intermediates.noindex/Stripe.build/Debug-iphonesimulator/Stripe3DS2.build/Objects-normal/arm64/STDSTransaction.o /Users/xinyufang/Library/Developer/Xcode/DerivedData/Buzz-faillbpsmponqzeruhhvskovixzk/SourcePackages/checkouts/stripe-ios-spm/Stripe3DS2/Stripe3DS2/include/STDSTransaction.m normal arm64 objective-c com.apple.compilers.llvm.clang.1_0.compiler (in target 'Stripe3DS2' from project 'Stripe')
    cd /Users/xinyufang/Documents/Buzz/Buzz.xcodeproj
    
    Using response file: /Users/xinyufang/Library/Developer/Xcode/DerivedData/Buzz-faillbpsmponqzeruhhvskovixzk/Build/Intermediates.noindex/Stripe.build/Debug-iphonesimulator/Stripe3DS2.build/Objects-normal/arm64/e6072d4f65d7061329687fe24e3d63a7-common-args.resp
    
    /Applications/Xcode.app/Contents/Developer/Toolchains/XcodeDefault.xctoolchain/usr/bin/clang -x objective-c -ivfsstatcache /Users/xinyufang/Library/Developer/Xcode/DerivedData/SDKStatCaches.noindex/iphonesimulator26.0-23A339-26257891a6c027eb51374368541b8346.sdkstatcache -fmessage-length\=0 -fdiagnostics-show-note-include-stack -fmacro-backtrace-limit\=0 -fno-color-diagnostics -fmodules-prune-interval\=86400 -fmodules-prune-after\=345600 -fbuild-session-file\=/Users/xinyufang/Library/Developer/Xcode/DerivedData/ModuleCache.noindex/Session.modulevalidation -fmodules-validate-once-per-build-session -Wnon-modular-include-in-framework-module -Werror\=non-modular-include-in-framework-module -Wno-trigraphs -Wno-missing-field-initializers -Wno-missing-prototypes -Wno-return-type -Wno-implicit-atomic-properties -Wno-objc-interface-ivars -Wno-arc-repeated-use-of-weak -Wno-missing-braces -Wparentheses -Wswitch -Wno-unused-function -Wno-unused-label -Wno-unused-parameter -Wno-unused-variable -Wunused-value -Wno-empty-body -Wno-uninitialized -Wno-unknown-pragmas -w -Wno-shadow -Wno-four-char-constants -Wno-conversion -Wno-constant-conversion -Wno-int-conversion -Wno-bool-conversion -Wno-enum-conversion -Wno-float-conversion -Wno-non-literal-null-conversion -Wno-objc-literal-conversion -Wshorten-64-to-32 -Wpointer-sign -Wno-newline-eof -Wno-selector -Wno-strict-selector-match -Wno-undeclared-selector -Wno-deprecated-implementations -Wno-implicit-fallthrough -fstrict-aliasing -Wprotocol -Wdeprecated-declarations -Wno-sign-conversion -Wno-infinite-recursion -Wno-comma -Wno-block-capture-autoreleasing -Wno-strict-prototypes -Wno-semicolon-before-method-body -index-store-path /Users/xinyufang/Library/Developer/Xcode/DerivedData/Buzz-faillbpsmponqzeruhhvskovixzk/Index.noindex/DataStore @/Users/xinyufang/Library/Developer/Xcode/DerivedData/Buzz-faillbpsmponqzeruhhvskovixzk/Build/Intermediates.noindex/Stripe.build/Debug-iphonesimulator/Stripe3DS2.build/Objects-normal/arm64/e6072d4f65d7061329687fe24e3d63a7-common-args.resp -include /Users/xinyufang/Library/Developer/Xcode/DerivedData/Buzz-faillbpsmponqzeruhhvskovixzk/Build/Intermediates.noindex/Stripe.build/Debug-iphonesimulator/Stripe3DS2.build/DerivedSources/resource_bundle_accessor.h -MMD -MT dependencies -MF /Users/xinyufang/Library/Developer/Xcode/DerivedData/Buzz-faillbpsmponqzeruhhvskovixzk/Build/Intermediates.noindex/Stripe.build/Debug-iphonesimulator/Stripe3DS2.build/Objects-normal/arm64/STDSTransaction.d --serialize-diagnostics /Users/xinyufang/Library/Developer/Xcode/DerivedData/Buzz-faillbpsmponqzeruhhvskovixzk/Build/Intermediates.noindex/Stripe.build/Debug-iphonesimulator/Stripe3DS2.build/Objects-normal/arm64/STDSTransaction.dia -c /Users/xinyufang/Library/Developer/Xcode/DerivedData/Buzz-faillbpsmponqzeruhhvskovixzk/SourcePackages/checkouts/stripe-ios-spm/Stripe3DS2/Stripe3DS2/include/STDSTransaction.m -o /Users/xinyufang/Library/Developer/Xcode/DerivedData/Buzz-faillbpsmponqzeruhhvskovixzk/Build/Intermediates.noindex/Stripe.build/Debug-iphonesimulator/Stripe3DS2.build/Objects-normal/arm64/STDSTransaction.o -index-unit-output-path /Stripe.build/Debug-iphonesimulator/Stripe3DS2.build/Objects-normal/arm64/STDSTransaction.o

CompileC /Users/xinyufang/Library/Developer/Xcode/DerivedData/Buzz-faillbpsmponqzeruhhvskovixzk/Build/Intermediates.noindex/Stripe.build/Debug-iphonesimulator/Stripe3DS2.build/Objects-normal/arm64/STDSThreeDS2Service.o /Users/xinyufang/Library/Developer/Xcode/DerivedData/Buzz-faillbpsmponqzeruhhvskovixzk/SourcePackages/checkouts/stripe-ios-spm/Stripe3DS2/Stripe3DS2/include/STDSThreeDS2Service.m normal arm64 objective-c com.apple.compilers.llvm.clang.1_0.compiler (in target 'Stripe3DS2' from project 'Stripe')
    cd /Users/xinyufang/Documents/Buzz/Buzz.xcodeproj
    
    Using response file: /Users/xinyufang/Library/Developer/Xcode/DerivedData/Buzz-faillbpsmponqzeruhhvskovixzk/Build/Intermediates.noindex/Stripe.build/Debug-iphonesimulator/Stripe3DS2.build/Objects-normal/arm64/e6072d4f65d7061329687fe24e3d63a7-common-args.resp
    
    /Applications/Xcode.app/Contents/Developer/Toolchains/XcodeDefault.xctoolchain/usr/bin/clang -x objective-c -ivfsstatcache /Users/xinyufang/Library/Developer/Xcode/DerivedData/SDKStatCaches.noindex/iphonesimulator26.0-23A339-26257891a6c027eb51374368541b8346.sdkstatcache -fmessage-length\=0 -fdiagnostics-show-note-include-stack -fmacro-backtrace-limit\=0 -fno-color-diagnostics -fmodules-prune-interval\=86400 -fmodules-prune-after\=345600 -fbuild-session-file\=/Users/xinyufang/Library/Developer/Xcode/DerivedData/ModuleCache.noindex/Session.modulevalidation -fmodules-validate-once-per-build-session -Wnon-modular-include-in-framework-module -Werror\=non-modular-include-in-framework-module -Wno-trigraphs -Wno-missing-field-initializers -Wno-missing-prototypes -Wno-return-type -Wno-implicit-atomic-properties -Wno-objc-interface-ivars -Wno-arc-repeated-use-of-weak -Wno-missing-braces -Wparentheses -Wswitch -Wno-unused-function -Wno-unused-label -Wno-unused-parameter -Wno-unused-variable -Wunused-value -Wno-empty-body -Wno-uninitialized -Wno-unknown-pragmas -w -Wno-shadow -Wno-four-char-constants -Wno-conversion -Wno-constant-conversion -Wno-int-conversion -Wno-bool-conversion -Wno-enum-conversion -Wno-float-conversion -Wno-non-literal-null-conversion -Wno-objc-literal-conversion -Wshorten-64-to-32 -Wpointer-sign -Wno-newline-eof -Wno-selector -Wno-strict-selector-match -Wno-undeclared-selector -Wno-deprecated-implementations -Wno-implicit-fallthrough -fstrict-aliasing -Wprotocol -Wdeprecated-declarations -Wno-sign-conversion -Wno-infinite-recursion -Wno-comma -Wno-block-capture-autoreleasing -Wno-strict-prototypes -Wno-semicolon-before-method-body -index-store-path /Users/xinyufang/Library/Developer/Xcode/DerivedData/Buzz-faillbpsmponqzeruhhvskovixzk/Index.noindex/DataStore @/Users/xinyufang/Library/Developer/Xcode/DerivedData/Buzz-faillbpsmponqzeruhhvskovixzk/Build/Intermediates.noindex/Stripe.build/Debug-iphonesimulator/Stripe3DS2.build/Objects-normal/arm64/e6072d4f65d7061329687fe24e3d63a7-common-args.resp -include /Users/xinyufang/Library/Developer/Xcode/DerivedData/Buzz-faillbpsmponqzeruhhvskovixzk/Build/Intermediates.noindex/Stripe.build/Debug-iphonesimulator/Stripe3DS2.build/DerivedSources/resource_bundle_accessor.h -MMD -MT dependencies -MF /Users/xinyufang/Library/Developer/Xcode/DerivedData/Buzz-faillbpsmponqzeruhhvskovixzk/Build/Intermediates.noindex/Stripe.build/Debug-iphonesimulator/Stripe3DS2.build/Objects-normal/arm64/STDSThreeDS2Service.d --serialize-diagnostics /Users/xinyufang/Library/Developer/Xcode/DerivedData/Buzz-faillbpsmponqzeruhhvskovixzk/Build/Intermediates.noindex/Stripe.build/Debug-iphonesimulator/Stripe3DS2.build/Objects-normal/arm64/STDSThreeDS2Service.dia -c /Users/xinyufang/Library/Developer/Xcode/DerivedData/Buzz-faillbpsmponqzeruhhvskovixzk/SourcePackages/checkouts/stripe-ios-spm/Stripe3DS2/Stripe3DS2/include/STDSThreeDS2Service.m -o /Users/xinyufang/Library/Developer/Xcode/DerivedData/Buzz-faillbpsmponqzeruhhvskovixzk/Build/Intermediates.noindex/Stripe.build/Debug-iphonesimulator/Stripe3DS2.build/Objects-normal/arm64/STDSThreeDS2Service.o -index-unit-output-path /Stripe.build/Debug-iphonesimulator/Stripe3DS2.build/Objects-normal/arm64/STDSThreeDS2Service.o

SwiftDriverJobDiscovery normal arm64 Emitting module for StripeCardScan (in target 'StripeCardScan' from project 'Stripe')

CompileC /Users/xinyufang/Library/Developer/Xcode/DerivedData/Buzz-faillbpsmponqzeruhhvskovixzk/Build/Intermediates.noindex/Stripe.build/Debug-iphonesimulator/Stripe3DS2.build/Objects-normal/arm64/STDSTextFieldCustomization.o /Users/xinyufang/Library/Developer/Xcode/DerivedData/Buzz-faillbpsmponqzeruhhvskovixzk/SourcePackages/checkouts/stripe-ios-spm/Stripe3DS2/Stripe3DS2/include/STDSTextFieldCustomization.m normal arm64 objective-c com.apple.compilers.llvm.clang.1_0.compiler (in target 'Stripe3DS2' from project 'Stripe')
    cd /Users/xinyufang/Documents/Buzz/Buzz.xcodeproj
    
    Using response file: /Users/xinyufang/Library/Developer/Xcode/DerivedData/Buzz-faillbpsmponqzeruhhvskovixzk/Build/Intermediates.noindex/Stripe.build/Debug-iphonesimulator/Stripe3DS2.build/Objects-normal/arm64/e6072d4f65d7061329687fe24e3d63a7-common-args.resp
    
    /Applications/Xcode.app/Contents/Developer/Toolchains/XcodeDefault.xctoolchain/usr/bin/clang -x objective-c -ivfsstatcache /Users/xinyufang/Library/Developer/Xcode/DerivedData/SDKStatCaches.noindex/iphonesimulator26.0-23A339-26257891a6c027eb51374368541b8346.sdkstatcache -fmessage-length\=0 -fdiagnostics-show-note-include-stack -fmacro-backtrace-limit\=0 -fno-color-diagnostics -fmodules-prune-interval\=86400 -fmodules-prune-after\=345600 -fbuild-session-file\=/Users/xinyufang/Library/Developer/Xcode/DerivedData/ModuleCache.noindex/Session.modulevalidation -fmodules-validate-once-per-build-session -Wnon-modular-include-in-framework-module -Werror\=non-modular-include-in-framework-module -Wno-trigraphs -Wno-missing-field-initializers -Wno-missing-prototypes -Wno-return-type -Wno-implicit-atomic-properties -Wno-objc-interface-ivars -Wno-arc-repeated-use-of-weak -Wno-missing-braces -Wparentheses -Wswitch -Wno-unused-function -Wno-unused-label -Wno-unused-parameter -Wno-unused-variable -Wunused-value -Wno-empty-body -Wno-uninitialized -Wno-unknown-pragmas -w -Wno-shadow -Wno-four-char-constants -Wno-conversion -Wno-constant-conversion -Wno-int-conversion -Wno-bool-conversion -Wno-enum-conversion -Wno-float-conversion -Wno-non-literal-null-conversion -Wno-objc-literal-conversion -Wshorten-64-to-32 -Wpointer-sign -Wno-newline-eof -Wno-selector -Wno-strict-selector-match -Wno-undeclared-selector -Wno-deprecated-implementations -Wno-implicit-fallthrough -fstrict-aliasing -Wprotocol -Wdeprecated-declarations -Wno-sign-conversion -Wno-infinite-recursion -Wno-comma -Wno-block-capture-autoreleasing -Wno-strict-prototypes -Wno-semicolon-before-method-body -index-store-path /Users/xinyufang/Library/Developer/Xcode/DerivedData/Buzz-faillbpsmponqzeruhhvskovixzk/Index.noindex/DataStore @/Users/xinyufang/Library/Developer/Xcode/DerivedData/Buzz-faillbpsmponqzeruhhvskovixzk/Build/Intermediates.noindex/Stripe.build/Debug-iphonesimulator/Stripe3DS2.build/Objects-normal/arm64/e6072d4f65d7061329687fe24e3d63a7-common-args.resp -include /Users/xinyufang/Library/Developer/Xcode/DerivedData/Buzz-faillbpsmponqzeruhhvskovixzk/Build/Intermediates.noindex/Stripe.build/Debug-iphonesimulator/Stripe3DS2.build/DerivedSources/resource_bundle_accessor.h -MMD -MT dependencies -MF /Users/xinyufang/Library/Developer/Xcode/DerivedData/Buzz-faillbpsmponqzeruhhvskovixzk/Build/Intermediates.noindex/Stripe.build/Debug-iphonesimulator/Stripe3DS2.build/Objects-normal/arm64/STDSTextFieldCustomization.d --serialize-diagnostics /Users/xinyufang/Library/Developer/Xcode/DerivedData/Buzz-faillbpsmponqzeruhhvskovixzk/Build/Intermediates.noindex/Stripe.build/Debug-iphonesimulator/Stripe3DS2.build/Objects-normal/arm64/STDSTextFieldCustomization.dia -c /Users/xinyufang/Library/Developer/Xcode/DerivedData/Buzz-faillbpsmponqzeruhhvskovixzk/SourcePackages/checkouts/stripe-ios-spm/Stripe3DS2/Stripe3DS2/include/STDSTextFieldCustomization.m -o /Users/xinyufang/Library/Developer/Xcode/DerivedData/Buzz-faillbpsmponqzeruhhvskovixzk/Build/Intermediates.noindex/Stripe.build/Debug-iphonesimulator/Stripe3DS2.build/Objects-normal/arm64/STDSTextFieldCustomization.o -index-unit-output-path /Stripe.build/Debug-iphonesimulator/Stripe3DS2.build/Objects-normal/arm64/STDSTextFieldCustomization.o

SwiftDriver\ Compilation\ Requirements StripeCardScan normal arm64 com.apple.xcode.tools.swift.compiler (in target 'StripeCardScan' from project 'Stripe')
    cd /Users/xinyufang/Documents/Buzz/Buzz.xcodeproj
    builtin-Swift-Compilation-Requirements -- /Applications/Xcode.app/Contents/Developer/Toolchains/XcodeDefault.xctoolchain/usr/bin/swiftc -module-name StripeCardScan -Onone -enforce-exclusivity\=checked @/Users/xinyufang/Library/Developer/Xcode/DerivedData/Buzz-faillbpsmponqzeruhhvskovixzk/Build/Intermediates.noindex/Stripe.build/Debug-iphonesimulator/StripeCardScan.build/Objects-normal/arm64/StripeCardScan.SwiftFileList -DSWIFT_PACKAGE -DDEBUG -DSWIFT_MODULE_RESOURCE_BUNDLE_AVAILABLE -DXcode -plugin-path /Applications/Xcode.app/Contents/Developer/Toolchains/XcodeDefault.xctoolchain/usr/lib/swift/host/plugins/testing -enable-experimental-feature DebugDescriptionMacro -sdk /Applications/Xcode.app/Contents/Developer/Platforms/iPhoneSimulator.platform/Developer/SDKs/iPhoneSimulator26.0.sdk -target arm64-apple-ios13.0-simulator -g -module-cache-path /Users/xinyufang/Library/Developer/Xcode/DerivedData/ModuleCache.noindex -Xfrontend -serialize-debugging-options -enable-testing -suppress-warnings -index-store-path /Users/xinyufang/Library/Developer/Xcode/DerivedData/Buzz-faillbpsmponqzeruhhvskovixzk/Index.noindex/DataStore -Xcc -D_LIBCPP_HARDENING_MODE\=_LIBCPP_HARDENING_MODE_DEBUG -swift-version 5 -I /Users/xinyufang/Library/Developer/Xcode/DerivedData/Buzz-faillbpsmponqzeruhhvskovixzk/Build/Products/Debug-iphonesimulator -Isystem /Applications/Xcode.app/Contents/Developer/Platforms/iPhoneSimulator.platform/Developer/usr/lib -F /Users/xinyufang/Library/Developer/Xcode/DerivedData/Buzz-faillbpsmponqzeruhhvskovixzk/Build/Products/Debug-iphonesimulator/PackageFrameworks -F /Users/xinyufang/Library/Developer/Xcode/DerivedData/Buzz-faillbpsmponqzeruhhvskovixzk/Build/Products/Debug-iphonesimulator -F /Applications/Xcode.app/Contents/Developer/Platforms/iPhoneSimulator.platform/Developer/Library/Frameworks -F /Applications/Xcode.app/Contents/Developer/Platforms/iPhoneSimulator.platform/Developer/SDKs/iPhoneSimulator26.0.sdk/Developer/Library/Frameworks -emit-localized-strings -emit-localized-strings-path /Users/xinyufang/Library/Developer/Xcode/DerivedData/Buzz-faillbpsmponqzeruhhvskovixzk/Build/Intermediates.noindex/Stripe.build/Debug-iphonesimulator/StripeCardScan.build/Objects-normal/arm64 -c -j8 -enable-batch-mode -incremental -Xcc -ivfsstatcache -Xcc /Users/xinyufang/Library/Developer/Xcode/DerivedData/SDKStatCaches.noindex/iphonesimulator26.0-23A339-26257891a6c027eb51374368541b8346.sdkstatcache -output-file-map /Users/xinyufang/Library/Developer/Xcode/DerivedData/Buzz-faillbpsmponqzeruhhvskovixzk/Build/Intermediates.noindex/Stripe.build/Debug-iphonesimulator/StripeCardScan.build/Objects-normal/arm64/StripeCardScan-OutputFileMap.json -use-frontend-parseable-output -save-temps -no-color-diagnostics -explicit-module-build -module-cache-path /Users/xinyufang/Library/Developer/Xcode/DerivedData/Buzz-faillbpsmponqzeruhhvskovixzk/Build/Intermediates.noindex/SwiftExplicitPrecompiledModules -clang-scanner-module-cache-path /Users/xinyufang/Library/Developer/Xcode/DerivedData/ModuleCache.noindex -sdk-module-cache-path /Users/xinyufang/Library/Developer/Xcode/DerivedData/ModuleCache.noindex -serialize-diagnostics -emit-dependencies -emit-module -emit-module-path /Users/xinyufang/Library/Developer/Xcode/DerivedData/Buzz-faillbpsmponqzeruhhvskovixzk/Build/Intermediates.noindex/Stripe.build/Debug-iphonesimulator/StripeCardScan.build/Objects-normal/arm64/StripeCardScan.swiftmodule -validate-clang-modules-once -clang-build-session-file /Users/xinyufang/Library/Developer/Xcode/DerivedData/ModuleCache.noindex/Session.modulevalidation -Xcc -I/Users/xinyufang/Library/Developer/Xcode/DerivedData/Buzz-faillbpsmponqzeruhhvskovixzk/Build/Intermediates.noindex/Stripe.build/Debug-iphonesimulator/StripeCardScan.build/swift-overrides.hmap -emit-const-values -Xfrontend -const-gather-protocols-file -Xfrontend /Users/xinyufang/Library/Developer/Xcode/DerivedData/Buzz-faillbpsmponqzeruhhvskovixzk/Build/Intermediates.noindex/Stripe.build/Debug-iphonesimulator/StripeCardScan.build/Objects-normal/arm64/StripeCardScan_const_extract_protocols.json -Xcc -I/Users/xinyufang/Library/Developer/Xcode/DerivedData/Buzz-faillbpsmponqzeruhhvskovixzk/Build/Products/Debug-iphonesimulator/include -Xcc -I/Users/xinyufang/Library/Developer/Xcode/DerivedData/Buzz-faillbpsmponqzeruhhvskovixzk/Build/Intermediates.noindex/Stripe.build/Debug-iphonesimulator/StripeCardScan.build/DerivedSources-normal/arm64 -Xcc -I/Users/xinyufang/Library/Developer/Xcode/DerivedData/Buzz-faillbpsmponqzeruhhvskovixzk/Build/Intermediates.noindex/Stripe.build/Debug-iphonesimulator/StripeCardScan.build/DerivedSources/arm64 -Xcc -I/Users/xinyufang/Library/Developer/Xcode/DerivedData/Buzz-faillbpsmponqzeruhhvskovixzk/Build/Intermediates.noindex/Stripe.build/Debug-iphonesimulator/StripeCardScan.build/DerivedSources -Xcc -DSWIFT_PACKAGE -Xcc -DDEBUG\=1 -emit-objc-header -emit-objc-header-path /Users/xinyufang/Library/Developer/Xcode/DerivedData/Buzz-faillbpsmponqzeruhhvskovixzk/Build/Intermediates.noindex/Stripe.build/Debug-iphonesimulator/StripeCardScan.build/Objects-normal/arm64/StripeCardScan-Swift.h -working-directory /Users/xinyufang/Documents/Buzz/Buzz.xcodeproj -experimental-emit-module-separately -disable-cmo

SwiftDriverJobDiscovery normal arm64 Compiling BankRoutingNumber.swift, PhoneNumber.swift, STPBlikCodeValidator.swift, STPEmailAddressValidator.swift, STPVPANumberValidator.swift, DoneButtonToolbar.swift, DynamicHeightContainerView.swift, DynamicImageView.swift, LinkOpeningTextView.swift, GeneratedAssetSymbols.swift (in target 'StripeUICore' from project 'Stripe')

CompileC /Users/xinyufang/Library/Developer/Xcode/DerivedData/Buzz-faillbpsmponqzeruhhvskovixzk/Build/Intermediates.noindex/Stripe.build/Debug-iphonesimulator/Stripe3DS2.build/Objects-normal/arm64/STDSTextChallengeView.o /Users/xinyufang/Library/Developer/Xcode/DerivedData/Buzz-faillbpsmponqzeruhhvskovixzk/SourcePackages/checkouts/stripe-ios-spm/Stripe3DS2/Stripe3DS2/STDSTextChallengeView.m normal arm64 objective-c com.apple.compilers.llvm.clang.1_0.compiler (in target 'Stripe3DS2' from project 'Stripe')
    cd /Users/xinyufang/Documents/Buzz/Buzz.xcodeproj
    
    Using response file: /Users/xinyufang/Library/Developer/Xcode/DerivedData/Buzz-faillbpsmponqzeruhhvskovixzk/Build/Intermediates.noindex/Stripe.build/Debug-iphonesimulator/Stripe3DS2.build/Objects-normal/arm64/e6072d4f65d7061329687fe24e3d63a7-common-args.resp
    
    /Applications/Xcode.app/Contents/Developer/Toolchains/XcodeDefault.xctoolchain/usr/bin/clang -x objective-c -ivfsstatcache /Users/xinyufang/Library/Developer/Xcode/DerivedData/SDKStatCaches.noindex/iphonesimulator26.0-23A339-26257891a6c027eb51374368541b8346.sdkstatcache -fmessage-length\=0 -fdiagnostics-show-note-include-stack -fmacro-backtrace-limit\=0 -fno-color-diagnostics -fmodules-prune-interval\=86400 -fmodules-prune-after\=345600 -fbuild-session-file\=/Users/xinyufang/Library/Developer/Xcode/DerivedData/ModuleCache.noindex/Session.modulevalidation -fmodules-validate-once-per-build-session -Wnon-modular-include-in-framework-module -Werror\=non-modular-include-in-framework-module -Wno-trigraphs -Wno-missing-field-initializers -Wno-missing-prototypes -Wno-return-type -Wno-implicit-atomic-properties -Wno-objc-interface-ivars -Wno-arc-repeated-use-of-weak -Wno-missing-braces -Wparentheses -Wswitch -Wno-unused-function -Wno-unused-label -Wno-unused-parameter -Wno-unused-variable -Wunused-value -Wno-empty-body -Wno-uninitialized -Wno-unknown-pragmas -w -Wno-shadow -Wno-four-char-constants -Wno-conversion -Wno-constant-conversion -Wno-int-conversion -Wno-bool-conversion -Wno-enum-conversion -Wno-float-conversion -Wno-non-literal-null-conversion -Wno-objc-literal-conversion -Wshorten-64-to-32 -Wpointer-sign -Wno-newline-eof -Wno-selector -Wno-strict-selector-match -Wno-undeclared-selector -Wno-deprecated-implementations -Wno-implicit-fallthrough -fstrict-aliasing -Wprotocol -Wdeprecated-declarations -Wno-sign-conversion -Wno-infinite-recursion -Wno-comma -Wno-block-capture-autoreleasing -Wno-strict-prototypes -Wno-semicolon-before-method-body -index-store-path /Users/xinyufang/Library/Developer/Xcode/DerivedData/Buzz-faillbpsmponqzeruhhvskovixzk/Index.noindex/DataStore @/Users/xinyufang/Library/Developer/Xcode/DerivedData/Buzz-faillbpsmponqzeruhhvskovixzk/Build/Intermediates.noindex/Stripe.build/Debug-iphonesimulator/Stripe3DS2.build/Objects-normal/arm64/e6072d4f65d7061329687fe24e3d63a7-common-args.resp -include /Users/xinyufang/Library/Developer/Xcode/DerivedData/Buzz-faillbpsmponqzeruhhvskovixzk/Build/Intermediates.noindex/Stripe.build/Debug-iphonesimulator/Stripe3DS2.build/DerivedSources/resource_bundle_accessor.h -MMD -MT dependencies -MF /Users/xinyufang/Library/Developer/Xcode/DerivedData/Buzz-faillbpsmponqzeruhhvskovixzk/Build/Intermediates.noindex/Stripe.build/Debug-iphonesimulator/Stripe3DS2.build/Objects-normal/arm64/STDSTextChallengeView.d --serialize-diagnostics /Users/xinyufang/Library/Developer/Xcode/DerivedData/Buzz-faillbpsmponqzeruhhvskovixzk/Build/Intermediates.noindex/Stripe.build/Debug-iphonesimulator/Stripe3DS2.build/Objects-normal/arm64/STDSTextChallengeView.dia -c /Users/xinyufang/Library/Developer/Xcode/DerivedData/Buzz-faillbpsmponqzeruhhvskovixzk/SourcePackages/checkouts/stripe-ios-spm/Stripe3DS2/Stripe3DS2/STDSTextChallengeView.m -o /Users/xinyufang/Library/Developer/Xcode/DerivedData/Buzz-faillbpsmponqzeruhhvskovixzk/Build/Intermediates.noindex/Stripe.build/Debug-iphonesimulator/Stripe3DS2.build/Objects-normal/arm64/STDSTextChallengeView.o -index-unit-output-path /Stripe.build/Debug-iphonesimulator/Stripe3DS2.build/Objects-normal/arm64/STDSTextChallengeView.o

SwiftMergeGeneratedHeaders /Users/xinyufang/Library/Developer/Xcode/DerivedData/Buzz-faillbpsmponqzeruhhvskovixzk/Build/Intermediates.noindex/GeneratedModuleMaps-iphonesimulator/StripeCardScan-Swift.h /Users/xinyufang/Library/Developer/Xcode/DerivedData/Buzz-faillbpsmponqzeruhhvskovixzk/Build/Intermediates.noindex/Stripe.build/Debug-iphonesimulator/StripeCardScan.build/Objects-normal/arm64/StripeCardScan-Swift.h (in target 'StripeCardScan' from project 'Stripe')
    cd /Users/xinyufang/Library/Developer/Xcode/DerivedData/Buzz-faillbpsmponqzeruhhvskovixzk/SourcePackages/checkouts/stripe-ios-spm
    builtin-swiftHeaderTool -arch arm64 /Users/xinyufang/Library/Developer/Xcode/DerivedData/Buzz-faillbpsmponqzeruhhvskovixzk/Build/Intermediates.noindex/Stripe.build/Debug-iphonesimulator/StripeCardScan.build/Objects-normal/arm64/StripeCardScan-Swift.h -o /Users/xinyufang/Library/Developer/Xcode/DerivedData/Buzz-faillbpsmponqzeruhhvskovixzk/Build/Intermediates.noindex/GeneratedModuleMaps-iphonesimulator/StripeCardScan-Swift.h

Copy /Users/xinyufang/Library/Developer/Xcode/DerivedData/Buzz-faillbpsmponqzeruhhvskovixzk/Build/Products/Debug-iphonesimulator/StripeCardScan.swiftmodule/arm64-apple-ios-simulator.swiftmodule /Users/xinyufang/Library/Developer/Xcode/DerivedData/Buzz-faillbpsmponqzeruhhvskovixzk/Build/Intermediates.noindex/Stripe.build/Debug-iphonesimulator/StripeCardScan.build/Objects-normal/arm64/StripeCardScan.swiftmodule (in target 'StripeCardScan' from project 'Stripe')
    cd /Users/xinyufang/Library/Developer/Xcode/DerivedData/Buzz-faillbpsmponqzeruhhvskovixzk/SourcePackages/checkouts/stripe-ios-spm
    builtin-copy -exclude .DS_Store -exclude CVS -exclude .svn -exclude .git -exclude .hg -resolve-src-symlinks -rename /Users/xinyufang/Library/Developer/Xcode/DerivedData/Buzz-faillbpsmponqzeruhhvskovixzk/Build/Intermediates.noindex/Stripe.build/Debug-iphonesimulator/StripeCardScan.build/Objects-normal/arm64/StripeCardScan.swiftmodule /Users/xinyufang/Library/Developer/Xcode/DerivedData/Buzz-faillbpsmponqzeruhhvskovixzk/Build/Products/Debug-iphonesimulator/StripeCardScan.swiftmodule/arm64-apple-ios-simulator.swiftmodule

Copy /Users/xinyufang/Library/Developer/Xcode/DerivedData/Buzz-faillbpsmponqzeruhhvskovixzk/Build/Products/Debug-iphonesimulator/StripeCardScan.swiftmodule/arm64-apple-ios-simulator.swiftdoc /Users/xinyufang/Library/Developer/Xcode/DerivedData/Buzz-faillbpsmponqzeruhhvskovixzk/Build/Intermediates.noindex/Stripe.build/Debug-iphonesimulator/StripeCardScan.build/Objects-normal/arm64/StripeCardScan.swiftdoc (in target 'StripeCardScan' from project 'Stripe')
    cd /Users/xinyufang/Library/Developer/Xcode/DerivedData/Buzz-faillbpsmponqzeruhhvskovixzk/SourcePackages/checkouts/stripe-ios-spm
    builtin-copy -exclude .DS_Store -exclude CVS -exclude .svn -exclude .git -exclude .hg -resolve-src-symlinks -rename /Users/xinyufang/Library/Developer/Xcode/DerivedData/Buzz-faillbpsmponqzeruhhvskovixzk/Build/Intermediates.noindex/Stripe.build/Debug-iphonesimulator/StripeCardScan.build/Objects-normal/arm64/StripeCardScan.swiftdoc /Users/xinyufang/Library/Developer/Xcode/DerivedData/Buzz-faillbpsmponqzeruhhvskovixzk/Build/Products/Debug-iphonesimulator/StripeCardScan.swiftmodule/arm64-apple-ios-simulator.swiftdoc

Copy /Users/xinyufang/Library/Developer/Xcode/DerivedData/Buzz-faillbpsmponqzeruhhvskovixzk/Build/Products/Debug-iphonesimulator/StripeCardScan.swiftmodule/arm64-apple-ios-simulator.abi.json /Users/xinyufang/Library/Developer/Xcode/DerivedData/Buzz-faillbpsmponqzeruhhvskovixzk/Build/Intermediates.noindex/Stripe.build/Debug-iphonesimulator/StripeCardScan.build/Objects-normal/arm64/StripeCardScan.abi.json (in target 'StripeCardScan' from project 'Stripe')
    cd /Users/xinyufang/Library/Developer/Xcode/DerivedData/Buzz-faillbpsmponqzeruhhvskovixzk/SourcePackages/checkouts/stripe-ios-spm
    builtin-copy -exclude .DS_Store -exclude CVS -exclude .svn -exclude .git -exclude .hg -resolve-src-symlinks -rename /Users/xinyufang/Library/Developer/Xcode/DerivedData/Buzz-faillbpsmponqzeruhhvskovixzk/Build/Intermediates.noindex/Stripe.build/Debug-iphonesimulator/StripeCardScan.build/Objects-normal/arm64/StripeCardScan.abi.json /Users/xinyufang/Library/Developer/Xcode/DerivedData/Buzz-faillbpsmponqzeruhhvskovixzk/Build/Products/Debug-iphonesimulator/StripeCardScan.swiftmodule/arm64-apple-ios-simulator.abi.json

Copy /Users/xinyufang/Library/Developer/Xcode/DerivedData/Buzz-faillbpsmponqzeruhhvskovixzk/Build/Products/Debug-iphonesimulator/StripeCardScan.swiftmodule/Project/arm64-apple-ios-simulator.swiftsourceinfo /Users/xinyufang/Library/Developer/Xcode/DerivedData/Buzz-faillbpsmponqzeruhhvskovixzk/Build/Intermediates.noindex/Stripe.build/Debug-iphonesimulator/StripeCardScan.build/Objects-normal/arm64/StripeCardScan.swiftsourceinfo (in target 'StripeCardScan' from project 'Stripe')
    cd /Users/xinyufang/Library/Developer/Xcode/DerivedData/Buzz-faillbpsmponqzeruhhvskovixzk/SourcePackages/checkouts/stripe-ios-spm
    builtin-copy -exclude .DS_Store -exclude CVS -exclude .svn -exclude .git -exclude .hg -resolve-src-symlinks -rename /Users/xinyufang/Library/Developer/Xcode/DerivedData/Buzz-faillbpsmponqzeruhhvskovixzk/Build/Intermediates.noindex/Stripe.build/Debug-iphonesimulator/StripeCardScan.build/Objects-normal/arm64/StripeCardScan.swiftsourceinfo /Users/xinyufang/Library/Developer/Xcode/DerivedData/Buzz-faillbpsmponqzeruhhvskovixzk/Build/Products/Debug-iphonesimulator/StripeCardScan.swiftmodule/Project/arm64-apple-ios-simulator.swiftsourceinfo

CompileC /Users/xinyufang/Library/Developer/Xcode/DerivedData/Buzz-faillbpsmponqzeruhhvskovixzk/Build/Intermediates.noindex/Stripe.build/Debug-iphonesimulator/Stripe3DS2.build/Objects-normal/arm64/STDSStackView.o /Users/xinyufang/Library/Developer/Xcode/DerivedData/Buzz-faillbpsmponqzeruhhvskovixzk/SourcePackages/checkouts/stripe-ios-spm/Stripe3DS2/Stripe3DS2/STDSStackView.m normal arm64 objective-c com.apple.compilers.llvm.clang.1_0.compiler (in target 'Stripe3DS2' from project 'Stripe')
    cd /Users/xinyufang/Documents/Buzz/Buzz.xcodeproj
    
    Using response file: /Users/xinyufang/Library/Developer/Xcode/DerivedData/Buzz-faillbpsmponqzeruhhvskovixzk/Build/Intermediates.noindex/Stripe.build/Debug-iphonesimulator/Stripe3DS2.build/Objects-normal/arm64/e6072d4f65d7061329687fe24e3d63a7-common-args.resp
    
    /Applications/Xcode.app/Contents/Developer/Toolchains/XcodeDefault.xctoolchain/usr/bin/clang -x objective-c -ivfsstatcache /Users/xinyufang/Library/Developer/Xcode/DerivedData/SDKStatCaches.noindex/iphonesimulator26.0-23A339-26257891a6c027eb51374368541b8346.sdkstatcache -fmessage-length\=0 -fdiagnostics-show-note-include-stack -fmacro-backtrace-limit\=0 -fno-color-diagnostics -fmodules-prune-interval\=86400 -fmodules-prune-after\=345600 -fbuild-session-file\=/Users/xinyufang/Library/Developer/Xcode/DerivedData/ModuleCache.noindex/Session.modulevalidation -fmodules-validate-once-per-build-session -Wnon-modular-include-in-framework-module -Werror\=non-modular-include-in-framework-module -Wno-trigraphs -Wno-missing-field-initializers -Wno-missing-prototypes -Wno-return-type -Wno-implicit-atomic-properties -Wno-objc-interface-ivars -Wno-arc-repeated-use-of-weak -Wno-missing-braces -Wparentheses -Wswitch -Wno-unused-function -Wno-unused-label -Wno-unused-parameter -Wno-unused-variable -Wunused-value -Wno-empty-body -Wno-uninitialized -Wno-unknown-pragmas -w -Wno-shadow -Wno-four-char-constants -Wno-conversion -Wno-constant-conversion -Wno-int-conversion -Wno-bool-conversion -Wno-enum-conversion -Wno-float-conversion -Wno-non-literal-null-conversion -Wno-objc-literal-conversion -Wshorten-64-to-32 -Wpointer-sign -Wno-newline-eof -Wno-selector -Wno-strict-selector-match -Wno-undeclared-selector -Wno-deprecated-implementations -Wno-implicit-fallthrough -fstrict-aliasing -Wprotocol -Wdeprecated-declarations -Wno-sign-conversion -Wno-infinite-recursion -Wno-comma -Wno-block-capture-autoreleasing -Wno-strict-prototypes -Wno-semicolon-before-method-body -index-store-path /Users/xinyufang/Library/Developer/Xcode/DerivedData/Buzz-faillbpsmponqzeruhhvskovixzk/Index.noindex/DataStore @/Users/xinyufang/Library/Developer/Xcode/DerivedData/Buzz-faillbpsmponqzeruhhvskovixzk/Build/Intermediates.noindex/Stripe.build/Debug-iphonesimulator/Stripe3DS2.build/Objects-normal/arm64/e6072d4f65d7061329687fe24e3d63a7-common-args.resp -include /Users/xinyufang/Library/Developer/Xcode/DerivedData/Buzz-faillbpsmponqzeruhhvskovixzk/Build/Intermediates.noindex/Stripe.build/Debug-iphonesimulator/Stripe3DS2.build/DerivedSources/resource_bundle_accessor.h -MMD -MT dependencies -MF /Users/xinyufang/Library/Developer/Xcode/DerivedData/Buzz-faillbpsmponqzeruhhvskovixzk/Build/Intermediates.noindex/Stripe.build/Debug-iphonesimulator/Stripe3DS2.build/Objects-normal/arm64/STDSStackView.d --serialize-diagnostics /Users/xinyufang/Library/Developer/Xcode/DerivedData/Buzz-faillbpsmponqzeruhhvskovixzk/Build/Intermediates.noindex/Stripe.build/Debug-iphonesimulator/Stripe3DS2.build/Objects-normal/arm64/STDSStackView.dia -c /Users/xinyufang/Library/Developer/Xcode/DerivedData/Buzz-faillbpsmponqzeruhhvskovixzk/SourcePackages/checkouts/stripe-ios-spm/Stripe3DS2/Stripe3DS2/STDSStackView.m -o /Users/xinyufang/Library/Developer/Xcode/DerivedData/Buzz-faillbpsmponqzeruhhvskovixzk/Build/Intermediates.noindex/Stripe.build/Debug-iphonesimulator/Stripe3DS2.build/Objects-normal/arm64/STDSStackView.o -index-unit-output-path /Stripe.build/Debug-iphonesimulator/Stripe3DS2.build/Objects-normal/arm64/STDSStackView.o

CompileC /Users/xinyufang/Library/Developer/Xcode/DerivedData/Buzz-faillbpsmponqzeruhhvskovixzk/Build/Intermediates.noindex/Stripe.build/Debug-iphonesimulator/Stripe3DS2.build/Objects-normal/arm64/STDSSpacerView.o /Users/xinyufang/Library/Developer/Xcode/DerivedData/Buzz-faillbpsmponqzeruhhvskovixzk/SourcePackages/checkouts/stripe-ios-spm/Stripe3DS2/Stripe3DS2/STDSSpacerView.m normal arm64 objective-c com.apple.compilers.llvm.clang.1_0.compiler (in target 'Stripe3DS2' from project 'Stripe')
    cd /Users/xinyufang/Documents/Buzz/Buzz.xcodeproj
    
    Using response file: /Users/xinyufang/Library/Developer/Xcode/DerivedData/Buzz-faillbpsmponqzeruhhvskovixzk/Build/Intermediates.noindex/Stripe.build/Debug-iphonesimulator/Stripe3DS2.build/Objects-normal/arm64/e6072d4f65d7061329687fe24e3d63a7-common-args.resp
    
    /Applications/Xcode.app/Contents/Developer/Toolchains/XcodeDefault.xctoolchain/usr/bin/clang -x objective-c -ivfsstatcache /Users/xinyufang/Library/Developer/Xcode/DerivedData/SDKStatCaches.noindex/iphonesimulator26.0-23A339-26257891a6c027eb51374368541b8346.sdkstatcache -fmessage-length\=0 -fdiagnostics-show-note-include-stack -fmacro-backtrace-limit\=0 -fno-color-diagnostics -fmodules-prune-interval\=86400 -fmodules-prune-after\=345600 -fbuild-session-file\=/Users/xinyufang/Library/Developer/Xcode/DerivedData/ModuleCache.noindex/Session.modulevalidation -fmodules-validate-once-per-build-session -Wnon-modular-include-in-framework-module -Werror\=non-modular-include-in-framework-module -Wno-trigraphs -Wno-missing-field-initializers -Wno-missing-prototypes -Wno-return-type -Wno-implicit-atomic-properties -Wno-objc-interface-ivars -Wno-arc-repeated-use-of-weak -Wno-missing-braces -Wparentheses -Wswitch -Wno-unused-function -Wno-unused-label -Wno-unused-parameter -Wno-unused-variable -Wunused-value -Wno-empty-body -Wno-uninitialized -Wno-unknown-pragmas -w -Wno-shadow -Wno-four-char-constants -Wno-conversion -Wno-constant-conversion -Wno-int-conversion -Wno-bool-conversion -Wno-enum-conversion -Wno-float-conversion -Wno-non-literal-null-conversion -Wno-objc-literal-conversion -Wshorten-64-to-32 -Wpointer-sign -Wno-newline-eof -Wno-selector -Wno-strict-selector-match -Wno-undeclared-selector -Wno-deprecated-implementations -Wno-implicit-fallthrough -fstrict-aliasing -Wprotocol -Wdeprecated-declarations -Wno-sign-conversion -Wno-infinite-recursion -Wno-comma -Wno-block-capture-autoreleasing -Wno-strict-prototypes -Wno-semicolon-before-method-body -index-store-path /Users/xinyufang/Library/Developer/Xcode/DerivedData/Buzz-faillbpsmponqzeruhhvskovixzk/Index.noindex/DataStore @/Users/xinyufang/Library/Developer/Xcode/DerivedData/Buzz-faillbpsmponqzeruhhvskovixzk/Build/Intermediates.noindex/Stripe.build/Debug-iphonesimulator/Stripe3DS2.build/Objects-normal/arm64/e6072d4f65d7061329687fe24e3d63a7-common-args.resp -include /Users/xinyufang/Library/Developer/Xcode/DerivedData/Buzz-faillbpsmponqzeruhhvskovixzk/Build/Intermediates.noindex/Stripe.build/Debug-iphonesimulator/Stripe3DS2.build/DerivedSources/resource_bundle_accessor.h -MMD -MT dependencies -MF /Users/xinyufang/Library/Developer/Xcode/DerivedData/Buzz-faillbpsmponqzeruhhvskovixzk/Build/Intermediates.noindex/Stripe.build/Debug-iphonesimulator/Stripe3DS2.build/Objects-normal/arm64/STDSSpacerView.d --serialize-diagnostics /Users/xinyufang/Library/Developer/Xcode/DerivedData/Buzz-faillbpsmponqzeruhhvskovixzk/Build/Intermediates.noindex/Stripe.build/Debug-iphonesimulator/Stripe3DS2.build/Objects-normal/arm64/STDSSpacerView.dia -c /Users/xinyufang/Library/Developer/Xcode/DerivedData/Buzz-faillbpsmponqzeruhhvskovixzk/SourcePackages/checkouts/stripe-ios-spm/Stripe3DS2/Stripe3DS2/STDSSpacerView.m -o /Users/xinyufang/Library/Developer/Xcode/DerivedData/Buzz-faillbpsmponqzeruhhvskovixzk/Build/Intermediates.noindex/Stripe.build/Debug-iphonesimulator/Stripe3DS2.build/Objects-normal/arm64/STDSSpacerView.o -index-unit-output-path /Stripe.build/Debug-iphonesimulator/Stripe3DS2.build/Objects-normal/arm64/STDSSpacerView.o

CompileC /Users/xinyufang/Library/Developer/Xcode/DerivedData/Buzz-faillbpsmponqzeruhhvskovixzk/Build/Intermediates.noindex/Stripe.build/Debug-iphonesimulator/Stripe3DS2.build/Objects-normal/arm64/STDSSelectionCustomization.o /Users/xinyufang/Library/Developer/Xcode/DerivedData/Buzz-faillbpsmponqzeruhhvskovixzk/SourcePackages/checkouts/stripe-ios-spm/Stripe3DS2/Stripe3DS2/include/STDSSelectionCustomization.m normal arm64 objective-c com.apple.compilers.llvm.clang.1_0.compiler (in target 'Stripe3DS2' from project 'Stripe')
    cd /Users/xinyufang/Documents/Buzz/Buzz.xcodeproj
    
    Using response file: /Users/xinyufang/Library/Developer/Xcode/DerivedData/Buzz-faillbpsmponqzeruhhvskovixzk/Build/Intermediates.noindex/Stripe.build/Debug-iphonesimulator/Stripe3DS2.build/Objects-normal/arm64/e6072d4f65d7061329687fe24e3d63a7-common-args.resp
    
    /Applications/Xcode.app/Contents/Developer/Toolchains/XcodeDefault.xctoolchain/usr/bin/clang -x objective-c -ivfsstatcache /Users/xinyufang/Library/Developer/Xcode/DerivedData/SDKStatCaches.noindex/iphonesimulator26.0-23A339-26257891a6c027eb51374368541b8346.sdkstatcache -fmessage-length\=0 -fdiagnostics-show-note-include-stack -fmacro-backtrace-limit\=0 -fno-color-diagnostics -fmodules-prune-interval\=86400 -fmodules-prune-after\=345600 -fbuild-session-file\=/Users/xinyufang/Library/Developer/Xcode/DerivedData/ModuleCache.noindex/Session.modulevalidation -fmodules-validate-once-per-build-session -Wnon-modular-include-in-framework-module -Werror\=non-modular-include-in-framework-module -Wno-trigraphs -Wno-missing-field-initializers -Wno-missing-prototypes -Wno-return-type -Wno-implicit-atomic-properties -Wno-objc-interface-ivars -Wno-arc-repeated-use-of-weak -Wno-missing-braces -Wparentheses -Wswitch -Wno-unused-function -Wno-unused-label -Wno-unused-parameter -Wno-unused-variable -Wunused-value -Wno-empty-body -Wno-uninitialized -Wno-unknown-pragmas -w -Wno-shadow -Wno-four-char-constants -Wno-conversion -Wno-constant-conversion -Wno-int-conversion -Wno-bool-conversion -Wno-enum-conversion -Wno-float-conversion -Wno-non-literal-null-conversion -Wno-objc-literal-conversion -Wshorten-64-to-32 -Wpointer-sign -Wno-newline-eof -Wno-selector -Wno-strict-selector-match -Wno-undeclared-selector -Wno-deprecated-implementations -Wno-implicit-fallthrough -fstrict-aliasing -Wprotocol -Wdeprecated-declarations -Wno-sign-conversion -Wno-infinite-recursion -Wno-comma -Wno-block-capture-autoreleasing -Wno-strict-prototypes -Wno-semicolon-before-method-body -index-store-path /Users/xinyufang/Library/Developer/Xcode/DerivedData/Buzz-faillbpsmponqzeruhhvskovixzk/Index.noindex/DataStore @/Users/xinyufang/Library/Developer/Xcode/DerivedData/Buzz-faillbpsmponqzeruhhvskovixzk/Build/Intermediates.noindex/Stripe.build/Debug-iphonesimulator/Stripe3DS2.build/Objects-normal/arm64/e6072d4f65d7061329687fe24e3d63a7-common-args.resp -include /Users/xinyufang/Library/Developer/Xcode/DerivedData/Buzz-faillbpsmponqzeruhhvskovixzk/Build/Intermediates.noindex/Stripe.build/Debug-iphonesimulator/Stripe3DS2.build/DerivedSources/resource_bundle_accessor.h -MMD -MT dependencies -MF /Users/xinyufang/Library/Developer/Xcode/DerivedData/Buzz-faillbpsmponqzeruhhvskovixzk/Build/Intermediates.noindex/Stripe.build/Debug-iphonesimulator/Stripe3DS2.build/Objects-normal/arm64/STDSSelectionCustomization.d --serialize-diagnostics /Users/xinyufang/Library/Developer/Xcode/DerivedData/Buzz-faillbpsmponqzeruhhvskovixzk/Build/Intermediates.noindex/Stripe.build/Debug-iphonesimulator/Stripe3DS2.build/Objects-normal/arm64/STDSSelectionCustomization.dia -c /Users/xinyufang/Library/Developer/Xcode/DerivedData/Buzz-faillbpsmponqzeruhhvskovixzk/SourcePackages/checkouts/stripe-ios-spm/Stripe3DS2/Stripe3DS2/include/STDSSelectionCustomization.m -o /Users/xinyufang/Library/Developer/Xcode/DerivedData/Buzz-faillbpsmponqzeruhhvskovixzk/Build/Intermediates.noindex/Stripe.build/Debug-iphonesimulator/Stripe3DS2.build/Objects-normal/arm64/STDSSelectionCustomization.o -index-unit-output-path /Stripe.build/Debug-iphonesimulator/Stripe3DS2.build/Objects-normal/arm64/STDSSelectionCustomization.o

CompileC /Users/xinyufang/Library/Developer/Xcode/DerivedData/Buzz-faillbpsmponqzeruhhvskovixzk/Build/Intermediates.noindex/Stripe.build/Debug-iphonesimulator/Stripe3DS2.build/Objects-normal/arm64/STDSSelectionButton.o /Users/xinyufang/Library/Developer/Xcode/DerivedData/Buzz-faillbpsmponqzeruhhvskovixzk/SourcePackages/checkouts/stripe-ios-spm/Stripe3DS2/Stripe3DS2/STDSSelectionButton.m normal arm64 objective-c com.apple.compilers.llvm.clang.1_0.compiler (in target 'Stripe3DS2' from project 'Stripe')
    cd /Users/xinyufang/Documents/Buzz/Buzz.xcodeproj
    
    Using response file: /Users/xinyufang/Library/Developer/Xcode/DerivedData/Buzz-faillbpsmponqzeruhhvskovixzk/Build/Intermediates.noindex/Stripe.build/Debug-iphonesimulator/Stripe3DS2.build/Objects-normal/arm64/e6072d4f65d7061329687fe24e3d63a7-common-args.resp
    
    /Applications/Xcode.app/Contents/Developer/Toolchains/XcodeDefault.xctoolchain/usr/bin/clang -x objective-c -ivfsstatcache /Users/xinyufang/Library/Developer/Xcode/DerivedData/SDKStatCaches.noindex/iphonesimulator26.0-23A339-26257891a6c027eb51374368541b8346.sdkstatcache -fmessage-length\=0 -fdiagnostics-show-note-include-stack -fmacro-backtrace-limit\=0 -fno-color-diagnostics -fmodules-prune-interval\=86400 -fmodules-prune-after\=345600 -fbuild-session-file\=/Users/xinyufang/Library/Developer/Xcode/DerivedData/ModuleCache.noindex/Session.modulevalidation -fmodules-validate-once-per-build-session -Wnon-modular-include-in-framework-module -Werror\=non-modular-include-in-framework-module -Wno-trigraphs -Wno-missing-field-initializers -Wno-missing-prototypes -Wno-return-type -Wno-implicit-atomic-properties -Wno-objc-interface-ivars -Wno-arc-repeated-use-of-weak -Wno-missing-braces -Wparentheses -Wswitch -Wno-unused-function -Wno-unused-label -Wno-unused-parameter -Wno-unused-variable -Wunused-value -Wno-empty-body -Wno-uninitialized -Wno-unknown-pragmas -w -Wno-shadow -Wno-four-char-constants -Wno-conversion -Wno-constant-conversion -Wno-int-conversion -Wno-bool-conversion -Wno-enum-conversion -Wno-float-conversion -Wno-non-literal-null-conversion -Wno-objc-literal-conversion -Wshorten-64-to-32 -Wpointer-sign -Wno-newline-eof -Wno-selector -Wno-strict-selector-match -Wno-undeclared-selector -Wno-deprecated-implementations -Wno-implicit-fallthrough -fstrict-aliasing -Wprotocol -Wdeprecated-declarations -Wno-sign-conversion -Wno-infinite-recursion -Wno-comma -Wno-block-capture-autoreleasing -Wno-strict-prototypes -Wno-semicolon-before-method-body -index-store-path /Users/xinyufang/Library/Developer/Xcode/DerivedData/Buzz-faillbpsmponqzeruhhvskovixzk/Index.noindex/DataStore @/Users/xinyufang/Library/Developer/Xcode/DerivedData/Buzz-faillbpsmponqzeruhhvskovixzk/Build/Intermediates.noindex/Stripe.build/Debug-iphonesimulator/Stripe3DS2.build/Objects-normal/arm64/e6072d4f65d7061329687fe24e3d63a7-common-args.resp -include /Users/xinyufang/Library/Developer/Xcode/DerivedData/Buzz-faillbpsmponqzeruhhvskovixzk/Build/Intermediates.noindex/Stripe.build/Debug-iphonesimulator/Stripe3DS2.build/DerivedSources/resource_bundle_accessor.h -MMD -MT dependencies -MF /Users/xinyufang/Library/Developer/Xcode/DerivedData/Buzz-faillbpsmponqzeruhhvskovixzk/Build/Intermediates.noindex/Stripe.build/Debug-iphonesimulator/Stripe3DS2.build/Objects-normal/arm64/STDSSelectionButton.d --serialize-diagnostics /Users/xinyufang/Library/Developer/Xcode/DerivedData/Buzz-faillbpsmponqzeruhhvskovixzk/Build/Intermediates.noindex/Stripe.build/Debug-iphonesimulator/Stripe3DS2.build/Objects-normal/arm64/STDSSelectionButton.dia -c /Users/xinyufang/Library/Developer/Xcode/DerivedData/Buzz-faillbpsmponqzeruhhvskovixzk/SourcePackages/checkouts/stripe-ios-spm/Stripe3DS2/Stripe3DS2/STDSSelectionButton.m -o /Users/xinyufang/Library/Developer/Xcode/DerivedData/Buzz-faillbpsmponqzeruhhvskovixzk/Build/Intermediates.noindex/Stripe.build/Debug-iphonesimulator/Stripe3DS2.build/Objects-normal/arm64/STDSSelectionButton.o -index-unit-output-path /Stripe.build/Debug-iphonesimulator/Stripe3DS2.build/Objects-normal/arm64/STDSSelectionButton.o

CompileC /Users/xinyufang/Library/Developer/Xcode/DerivedData/Buzz-faillbpsmponqzeruhhvskovixzk/Build/Intermediates.noindex/Stripe.build/Debug-iphonesimulator/Stripe3DS2.build/Objects-normal/arm64/STDSSecTypeUtilities.o /Users/xinyufang/Library/Developer/Xcode/DerivedData/Buzz-faillbpsmponqzeruhhvskovixzk/SourcePackages/checkouts/stripe-ios-spm/Stripe3DS2/Stripe3DS2/STDSSecTypeUtilities.m normal arm64 objective-c com.apple.compilers.llvm.clang.1_0.compiler (in target 'Stripe3DS2' from project 'Stripe')
    cd /Users/xinyufang/Documents/Buzz/Buzz.xcodeproj
    
    Using response file: /Users/xinyufang/Library/Developer/Xcode/DerivedData/Buzz-faillbpsmponqzeruhhvskovixzk/Build/Intermediates.noindex/Stripe.build/Debug-iphonesimulator/Stripe3DS2.build/Objects-normal/arm64/e6072d4f65d7061329687fe24e3d63a7-common-args.resp
    
    /Applications/Xcode.app/Contents/Developer/Toolchains/XcodeDefault.xctoolchain/usr/bin/clang -x objective-c -ivfsstatcache /Users/xinyufang/Library/Developer/Xcode/DerivedData/SDKStatCaches.noindex/iphonesimulator26.0-23A339-26257891a6c027eb51374368541b8346.sdkstatcache -fmessage-length\=0 -fdiagnostics-show-note-include-stack -fmacro-backtrace-limit\=0 -fno-color-diagnostics -fmodules-prune-interval\=86400 -fmodules-prune-after\=345600 -fbuild-session-file\=/Users/xinyufang/Library/Developer/Xcode/DerivedData/ModuleCache.noindex/Session.modulevalidation -fmodules-validate-once-per-build-session -Wnon-modular-include-in-framework-module -Werror\=non-modular-include-in-framework-module -Wno-trigraphs -Wno-missing-field-initializers -Wno-missing-prototypes -Wno-return-type -Wno-implicit-atomic-properties -Wno-objc-interface-ivars -Wno-arc-repeated-use-of-weak -Wno-missing-braces -Wparentheses -Wswitch -Wno-unused-function -Wno-unused-label -Wno-unused-parameter -Wno-unused-variable -Wunused-value -Wno-empty-body -Wno-uninitialized -Wno-unknown-pragmas -w -Wno-shadow -Wno-four-char-constants -Wno-conversion -Wno-constant-conversion -Wno-int-conversion -Wno-bool-conversion -Wno-enum-conversion -Wno-float-conversion -Wno-non-literal-null-conversion -Wno-objc-literal-conversion -Wshorten-64-to-32 -Wpointer-sign -Wno-newline-eof -Wno-selector -Wno-strict-selector-match -Wno-undeclared-selector -Wno-deprecated-implementations -Wno-implicit-fallthrough -fstrict-aliasing -Wprotocol -Wdeprecated-declarations -Wno-sign-conversion -Wno-infinite-recursion -Wno-comma -Wno-block-capture-autoreleasing -Wno-strict-prototypes -Wno-semicolon-before-method-body -index-store-path /Users/xinyufang/Library/Developer/Xcode/DerivedData/Buzz-faillbpsmponqzeruhhvskovixzk/Index.noindex/DataStore @/Users/xinyufang/Library/Developer/Xcode/DerivedData/Buzz-faillbpsmponqzeruhhvskovixzk/Build/Intermediates.noindex/Stripe.build/Debug-iphonesimulator/Stripe3DS2.build/Objects-normal/arm64/e6072d4f65d7061329687fe24e3d63a7-common-args.resp -include /Users/xinyufang/Library/Developer/Xcode/DerivedData/Buzz-faillbpsmponqzeruhhvskovixzk/Build/Intermediates.noindex/Stripe.build/Debug-iphonesimulator/Stripe3DS2.build/DerivedSources/resource_bundle_accessor.h -MMD -MT dependencies -MF /Users/xinyufang/Library/Developer/Xcode/DerivedData/Buzz-faillbpsmponqzeruhhvskovixzk/Build/Intermediates.noindex/Stripe.build/Debug-iphonesimulator/Stripe3DS2.build/Objects-normal/arm64/STDSSecTypeUtilities.d --serialize-diagnostics /Users/xinyufang/Library/Developer/Xcode/DerivedData/Buzz-faillbpsmponqzeruhhvskovixzk/Build/Intermediates.noindex/Stripe.build/Debug-iphonesimulator/Stripe3DS2.build/Objects-normal/arm64/STDSSecTypeUtilities.dia -c /Users/xinyufang/Library/Developer/Xcode/DerivedData/Buzz-faillbpsmponqzeruhhvskovixzk/SourcePackages/checkouts/stripe-ios-spm/Stripe3DS2/Stripe3DS2/STDSSecTypeUtilities.m -o /Users/xinyufang/Library/Developer/Xcode/DerivedData/Buzz-faillbpsmponqzeruhhvskovixzk/Build/Intermediates.noindex/Stripe.build/Debug-iphonesimulator/Stripe3DS2.build/Objects-normal/arm64/STDSSecTypeUtilities.o -index-unit-output-path /Stripe.build/Debug-iphonesimulator/Stripe3DS2.build/Objects-normal/arm64/STDSSecTypeUtilities.o

CompileC /Users/xinyufang/Library/Developer/Xcode/DerivedData/Buzz-faillbpsmponqzeruhhvskovixzk/Build/Intermediates.noindex/Stripe.build/Debug-iphonesimulator/Stripe3DS2.build/Objects-normal/arm64/STDSProgressViewController.o /Users/xinyufang/Library/Developer/Xcode/DerivedData/Buzz-faillbpsmponqzeruhhvskovixzk/SourcePackages/checkouts/stripe-ios-spm/Stripe3DS2/Stripe3DS2/STDSProgressViewController.m normal arm64 objective-c com.apple.compilers.llvm.clang.1_0.compiler (in target 'Stripe3DS2' from project 'Stripe')
    cd /Users/xinyufang/Documents/Buzz/Buzz.xcodeproj
    
    Using response file: /Users/xinyufang/Library/Developer/Xcode/DerivedData/Buzz-faillbpsmponqzeruhhvskovixzk/Build/Intermediates.noindex/Stripe.build/Debug-iphonesimulator/Stripe3DS2.build/Objects-normal/arm64/e6072d4f65d7061329687fe24e3d63a7-common-args.resp
    
    /Applications/Xcode.app/Contents/Developer/Toolchains/XcodeDefault.xctoolchain/usr/bin/clang -x objective-c -ivfsstatcache /Users/xinyufang/Library/Developer/Xcode/DerivedData/SDKStatCaches.noindex/iphonesimulator26.0-23A339-26257891a6c027eb51374368541b8346.sdkstatcache -fmessage-length\=0 -fdiagnostics-show-note-include-stack -fmacro-backtrace-limit\=0 -fno-color-diagnostics -fmodules-prune-interval\=86400 -fmodules-prune-after\=345600 -fbuild-session-file\=/Users/xinyufang/Library/Developer/Xcode/DerivedData/ModuleCache.noindex/Session.modulevalidation -fmodules-validate-once-per-build-session -Wnon-modular-include-in-framework-module -Werror\=non-modular-include-in-framework-module -Wno-trigraphs -Wno-missing-field-initializers -Wno-missing-prototypes -Wno-return-type -Wno-implicit-atomic-properties -Wno-objc-interface-ivars -Wno-arc-repeated-use-of-weak -Wno-missing-braces -Wparentheses -Wswitch -Wno-unused-function -Wno-unused-label -Wno-unused-parameter -Wno-unused-variable -Wunused-value -Wno-empty-body -Wno-uninitialized -Wno-unknown-pragmas -w -Wno-shadow -Wno-four-char-constants -Wno-conversion -Wno-constant-conversion -Wno-int-conversion -Wno-bool-conversion -Wno-enum-conversion -Wno-float-conversion -Wno-non-literal-null-conversion -Wno-objc-literal-conversion -Wshorten-64-to-32 -Wpointer-sign -Wno-newline-eof -Wno-selector -Wno-strict-selector-match -Wno-undeclared-selector -Wno-deprecated-implementations -Wno-implicit-fallthrough -fstrict-aliasing -Wprotocol -Wdeprecated-declarations -Wno-sign-conversion -Wno-infinite-recursion -Wno-comma -Wno-block-capture-autoreleasing -Wno-strict-prototypes -Wno-semicolon-before-method-body -index-store-path /Users/xinyufang/Library/Developer/Xcode/DerivedData/Buzz-faillbpsmponqzeruhhvskovixzk/Index.noindex/DataStore @/Users/xinyufang/Library/Developer/Xcode/DerivedData/Buzz-faillbpsmponqzeruhhvskovixzk/Build/Intermediates.noindex/Stripe.build/Debug-iphonesimulator/Stripe3DS2.build/Objects-normal/arm64/e6072d4f65d7061329687fe24e3d63a7-common-args.resp -include /Users/xinyufang/Library/Developer/Xcode/DerivedData/Buzz-faillbpsmponqzeruhhvskovixzk/Build/Intermediates.noindex/Stripe.build/Debug-iphonesimulator/Stripe3DS2.build/DerivedSources/resource_bundle_accessor.h -MMD -MT dependencies -MF /Users/xinyufang/Library/Developer/Xcode/DerivedData/Buzz-faillbpsmponqzeruhhvskovixzk/Build/Intermediates.noindex/Stripe.build/Debug-iphonesimulator/Stripe3DS2.build/Objects-normal/arm64/STDSProgressViewController.d --serialize-diagnostics /Users/xinyufang/Library/Developer/Xcode/DerivedData/Buzz-faillbpsmponqzeruhhvskovixzk/Build/Intermediates.noindex/Stripe.build/Debug-iphonesimulator/Stripe3DS2.build/Objects-normal/arm64/STDSProgressViewController.dia -c /Users/xinyufang/Library/Developer/Xcode/DerivedData/Buzz-faillbpsmponqzeruhhvskovixzk/SourcePackages/checkouts/stripe-ios-spm/Stripe3DS2/Stripe3DS2/STDSProgressViewController.m -o /Users/xinyufang/Library/Developer/Xcode/DerivedData/Buzz-faillbpsmponqzeruhhvskovixzk/Build/Intermediates.noindex/Stripe.build/Debug-iphonesimulator/Stripe3DS2.build/Objects-normal/arm64/STDSProgressViewController.o -index-unit-output-path /Stripe.build/Debug-iphonesimulator/Stripe3DS2.build/Objects-normal/arm64/STDSProgressViewController.o

CompileC /Users/xinyufang/Library/Developer/Xcode/DerivedData/Buzz-faillbpsmponqzeruhhvskovixzk/Build/Intermediates.noindex/Stripe.build/Debug-iphonesimulator/Stripe3DS2.build/Objects-normal/arm64/STDSProcessingView.o /Users/xinyufang/Library/Developer/Xcode/DerivedData/Buzz-faillbpsmponqzeruhhvskovixzk/SourcePackages/checkouts/stripe-ios-spm/Stripe3DS2/Stripe3DS2/STDSProcessingView.m normal arm64 objective-c com.apple.compilers.llvm.clang.1_0.compiler (in target 'Stripe3DS2' from project 'Stripe')
    cd /Users/xinyufang/Documents/Buzz/Buzz.xcodeproj
    
    Using response file: /Users/xinyufang/Library/Developer/Xcode/DerivedData/Buzz-faillbpsmponqzeruhhvskovixzk/Build/Intermediates.noindex/Stripe.build/Debug-iphonesimulator/Stripe3DS2.build/Objects-normal/arm64/e6072d4f65d7061329687fe24e3d63a7-common-args.resp
    
    /Applications/Xcode.app/Contents/Developer/Toolchains/XcodeDefault.xctoolchain/usr/bin/clang -x objective-c -ivfsstatcache /Users/xinyufang/Library/Developer/Xcode/DerivedData/SDKStatCaches.noindex/iphonesimulator26.0-23A339-26257891a6c027eb51374368541b8346.sdkstatcache -fmessage-length\=0 -fdiagnostics-show-note-include-stack -fmacro-backtrace-limit\=0 -fno-color-diagnostics -fmodules-prune-interval\=86400 -fmodules-prune-after\=345600 -fbuild-session-file\=/Users/xinyufang/Library/Developer/Xcode/DerivedData/ModuleCache.noindex/Session.modulevalidation -fmodules-validate-once-per-build-session -Wnon-modular-include-in-framework-module -Werror\=non-modular-include-in-framework-module -Wno-trigraphs -Wno-missing-field-initializers -Wno-missing-prototypes -Wno-return-type -Wno-implicit-atomic-properties -Wno-objc-interface-ivars -Wno-arc-repeated-use-of-weak -Wno-missing-braces -Wparentheses -Wswitch -Wno-unused-function -Wno-unused-label -Wno-unused-parameter -Wno-unused-variable -Wunused-value -Wno-empty-body -Wno-uninitialized -Wno-unknown-pragmas -w -Wno-shadow -Wno-four-char-constants -Wno-conversion -Wno-constant-conversion -Wno-int-conversion -Wno-bool-conversion -Wno-enum-conversion -Wno-float-conversion -Wno-non-literal-null-conversion -Wno-objc-literal-conversion -Wshorten-64-to-32 -Wpointer-sign -Wno-newline-eof -Wno-selector -Wno-strict-selector-match -Wno-undeclared-selector -Wno-deprecated-implementations -Wno-implicit-fallthrough -fstrict-aliasing -Wprotocol -Wdeprecated-declarations -Wno-sign-conversion -Wno-infinite-recursion -Wno-comma -Wno-block-capture-autoreleasing -Wno-strict-prototypes -Wno-semicolon-before-method-body -index-store-path /Users/xinyufang/Library/Developer/Xcode/DerivedData/Buzz-faillbpsmponqzeruhhvskovixzk/Index.noindex/DataStore @/Users/xinyufang/Library/Developer/Xcode/DerivedData/Buzz-faillbpsmponqzeruhhvskovixzk/Build/Intermediates.noindex/Stripe.build/Debug-iphonesimulator/Stripe3DS2.build/Objects-normal/arm64/e6072d4f65d7061329687fe24e3d63a7-common-args.resp -include /Users/xinyufang/Library/Developer/Xcode/DerivedData/Buzz-faillbpsmponqzeruhhvskovixzk/Build/Intermediates.noindex/Stripe.build/Debug-iphonesimulator/Stripe3DS2.build/DerivedSources/resource_bundle_accessor.h -MMD -MT dependencies -MF /Users/xinyufang/Library/Developer/Xcode/DerivedData/Buzz-faillbpsmponqzeruhhvskovixzk/Build/Intermediates.noindex/Stripe.build/Debug-iphonesimulator/Stripe3DS2.build/Objects-normal/arm64/STDSProcessingView.d --serialize-diagnostics /Users/xinyufang/Library/Developer/Xcode/DerivedData/Buzz-faillbpsmponqzeruhhvskovixzk/Build/Intermediates.noindex/Stripe.build/Debug-iphonesimulator/Stripe3DS2.build/Objects-normal/arm64/STDSProcessingView.dia -c /Users/xinyufang/Library/Developer/Xcode/DerivedData/Buzz-faillbpsmponqzeruhhvskovixzk/SourcePackages/checkouts/stripe-ios-spm/Stripe3DS2/Stripe3DS2/STDSProcessingView.m -o /Users/xinyufang/Library/Developer/Xcode/DerivedData/Buzz-faillbpsmponqzeruhhvskovixzk/Build/Intermediates.noindex/Stripe.build/Debug-iphonesimulator/Stripe3DS2.build/Objects-normal/arm64/STDSProcessingView.o -index-unit-output-path /Stripe.build/Debug-iphonesimulator/Stripe3DS2.build/Objects-normal/arm64/STDSProcessingView.o

CompileC /Users/xinyufang/Library/Developer/Xcode/DerivedData/Buzz-faillbpsmponqzeruhhvskovixzk/Build/Intermediates.noindex/Stripe.build/Debug-iphonesimulator/Stripe3DS2.build/Objects-normal/arm64/STDSNavigationBarCustomization.o /Users/xinyufang/Library/Developer/Xcode/DerivedData/Buzz-faillbpsmponqzeruhhvskovixzk/SourcePackages/checkouts/stripe-ios-spm/Stripe3DS2/Stripe3DS2/include/STDSNavigationBarCustomization.m normal arm64 objective-c com.apple.compilers.llvm.clang.1_0.compiler (in target 'Stripe3DS2' from project 'Stripe')
    cd /Users/xinyufang/Documents/Buzz/Buzz.xcodeproj
    
    Using response file: /Users/xinyufang/Library/Developer/Xcode/DerivedData/Buzz-faillbpsmponqzeruhhvskovixzk/Build/Intermediates.noindex/Stripe.build/Debug-iphonesimulator/Stripe3DS2.build/Objects-normal/arm64/e6072d4f65d7061329687fe24e3d63a7-common-args.resp
    
    /Applications/Xcode.app/Contents/Developer/Toolchains/XcodeDefault.xctoolchain/usr/bin/clang -x objective-c -ivfsstatcache /Users/xinyufang/Library/Developer/Xcode/DerivedData/SDKStatCaches.noindex/iphonesimulator26.0-23A339-26257891a6c027eb51374368541b8346.sdkstatcache -fmessage-length\=0 -fdiagnostics-show-note-include-stack -fmacro-backtrace-limit\=0 -fno-color-diagnostics -fmodules-prune-interval\=86400 -fmodules-prune-after\=345600 -fbuild-session-file\=/Users/xinyufang/Library/Developer/Xcode/DerivedData/ModuleCache.noindex/Session.modulevalidation -fmodules-validate-once-per-build-session -Wnon-modular-include-in-framework-module -Werror\=non-modular-include-in-framework-module -Wno-trigraphs -Wno-missing-field-initializers -Wno-missing-prototypes -Wno-return-type -Wno-implicit-atomic-properties -Wno-objc-interface-ivars -Wno-arc-repeated-use-of-weak -Wno-missing-braces -Wparentheses -Wswitch -Wno-unused-function -Wno-unused-label -Wno-unused-parameter -Wno-unused-variable -Wunused-value -Wno-empty-body -Wno-uninitialized -Wno-unknown-pragmas -w -Wno-shadow -Wno-four-char-constants -Wno-conversion -Wno-constant-conversion -Wno-int-conversion -Wno-bool-conversion -Wno-enum-conversion -Wno-float-conversion -Wno-non-literal-null-conversion -Wno-objc-literal-conversion -Wshorten-64-to-32 -Wpointer-sign -Wno-newline-eof -Wno-selector -Wno-strict-selector-match -Wno-undeclared-selector -Wno-deprecated-implementations -Wno-implicit-fallthrough -fstrict-aliasing -Wprotocol -Wdeprecated-declarations -Wno-sign-conversion -Wno-infinite-recursion -Wno-comma -Wno-block-capture-autoreleasing -Wno-strict-prototypes -Wno-semicolon-before-method-body -index-store-path /Users/xinyufang/Library/Developer/Xcode/DerivedData/Buzz-faillbpsmponqzeruhhvskovixzk/Index.noindex/DataStore @/Users/xinyufang/Library/Developer/Xcode/DerivedData/Buzz-faillbpsmponqzeruhhvskovixzk/Build/Intermediates.noindex/Stripe.build/Debug-iphonesimulator/Stripe3DS2.build/Objects-normal/arm64/e6072d4f65d7061329687fe24e3d63a7-common-args.resp -include /Users/xinyufang/Library/Developer/Xcode/DerivedData/Buzz-faillbpsmponqzeruhhvskovixzk/Build/Intermediates.noindex/Stripe.build/Debug-iphonesimulator/Stripe3DS2.build/DerivedSources/resource_bundle_accessor.h -MMD -MT dependencies -MF /Users/xinyufang/Library/Developer/Xcode/DerivedData/Buzz-faillbpsmponqzeruhhvskovixzk/Build/Intermediates.noindex/Stripe.build/Debug-iphonesimulator/Stripe3DS2.build/Objects-normal/arm64/STDSNavigationBarCustomization.d --serialize-diagnostics /Users/xinyufang/Library/Developer/Xcode/DerivedData/Buzz-faillbpsmponqzeruhhvskovixzk/Build/Intermediates.noindex/Stripe.build/Debug-iphonesimulator/Stripe3DS2.build/Objects-normal/arm64/STDSNavigationBarCustomization.dia -c /Users/xinyufang/Library/Developer/Xcode/DerivedData/Buzz-faillbpsmponqzeruhhvskovixzk/SourcePackages/checkouts/stripe-ios-spm/Stripe3DS2/Stripe3DS2/include/STDSNavigationBarCustomization.m -o /Users/xinyufang/Library/Developer/Xcode/DerivedData/Buzz-faillbpsmponqzeruhhvskovixzk/Build/Intermediates.noindex/Stripe.build/Debug-iphonesimulator/Stripe3DS2.build/Objects-normal/arm64/STDSNavigationBarCustomization.o -index-unit-output-path /Stripe.build/Debug-iphonesimulator/Stripe3DS2.build/Objects-normal/arm64/STDSNavigationBarCustomization.o

CompileC /Users/xinyufang/Library/Developer/Xcode/DerivedData/Buzz-faillbpsmponqzeruhhvskovixzk/Build/Intermediates.noindex/Stripe.build/Debug-iphonesimulator/Stripe3DS2.build/Objects-normal/arm64/STDSLabelCustomization.o /Users/xinyufang/Library/Developer/Xcode/DerivedData/Buzz-faillbpsmponqzeruhhvskovixzk/SourcePackages/checkouts/stripe-ios-spm/Stripe3DS2/Stripe3DS2/include/STDSLabelCustomization.m normal arm64 objective-c com.apple.compilers.llvm.clang.1_0.compiler (in target 'Stripe3DS2' from project 'Stripe')
    cd /Users/xinyufang/Documents/Buzz/Buzz.xcodeproj
    
    Using response file: /Users/xinyufang/Library/Developer/Xcode/DerivedData/Buzz-faillbpsmponqzeruhhvskovixzk/Build/Intermediates.noindex/Stripe.build/Debug-iphonesimulator/Stripe3DS2.build/Objects-normal/arm64/e6072d4f65d7061329687fe24e3d63a7-common-args.resp
    
    /Applications/Xcode.app/Contents/Developer/Toolchains/XcodeDefault.xctoolchain/usr/bin/clang -x objective-c -ivfsstatcache /Users/xinyufang/Library/Developer/Xcode/DerivedData/SDKStatCaches.noindex/iphonesimulator26.0-23A339-26257891a6c027eb51374368541b8346.sdkstatcache -fmessage-length\=0 -fdiagnostics-show-note-include-stack -fmacro-backtrace-limit\=0 -fno-color-diagnostics -fmodules-prune-interval\=86400 -fmodules-prune-after\=345600 -fbuild-session-file\=/Users/xinyufang/Library/Developer/Xcode/DerivedData/ModuleCache.noindex/Session.modulevalidation -fmodules-validate-once-per-build-session -Wnon-modular-include-in-framework-module -Werror\=non-modular-include-in-framework-module -Wno-trigraphs -Wno-missing-field-initializers -Wno-missing-prototypes -Wno-return-type -Wno-implicit-atomic-properties -Wno-objc-interface-ivars -Wno-arc-repeated-use-of-weak -Wno-missing-braces -Wparentheses -Wswitch -Wno-unused-function -Wno-unused-label -Wno-unused-parameter -Wno-unused-variable -Wunused-value -Wno-empty-body -Wno-uninitialized -Wno-unknown-pragmas -w -Wno-shadow -Wno-four-char-constants -Wno-conversion -Wno-constant-conversion -Wno-int-conversion -Wno-bool-conversion -Wno-enum-conversion -Wno-float-conversion -Wno-non-literal-null-conversion -Wno-objc-literal-conversion -Wshorten-64-to-32 -Wpointer-sign -Wno-newline-eof -Wno-selector -Wno-strict-selector-match -Wno-undeclared-selector -Wno-deprecated-implementations -Wno-implicit-fallthrough -fstrict-aliasing -Wprotocol -Wdeprecated-declarations -Wno-sign-conversion -Wno-infinite-recursion -Wno-comma -Wno-block-capture-autoreleasing -Wno-strict-prototypes -Wno-semicolon-before-method-body -index-store-path /Users/xinyufang/Library/Developer/Xcode/DerivedData/Buzz-faillbpsmponqzeruhhvskovixzk/Index.noindex/DataStore @/Users/xinyufang/Library/Developer/Xcode/DerivedData/Buzz-faillbpsmponqzeruhhvskovixzk/Build/Intermediates.noindex/Stripe.build/Debug-iphonesimulator/Stripe3DS2.build/Objects-normal/arm64/e6072d4f65d7061329687fe24e3d63a7-common-args.resp -include /Users/xinyufang/Library/Developer/Xcode/DerivedData/Buzz-faillbpsmponqzeruhhvskovixzk/Build/Intermediates.noindex/Stripe.build/Debug-iphonesimulator/Stripe3DS2.build/DerivedSources/resource_bundle_accessor.h -MMD -MT dependencies -MF /Users/xinyufang/Library/Developer/Xcode/DerivedData/Buzz-faillbpsmponqzeruhhvskovixzk/Build/Intermediates.noindex/Stripe.build/Debug-iphonesimulator/Stripe3DS2.build/Objects-normal/arm64/STDSLabelCustomization.d --serialize-diagnostics /Users/xinyufang/Library/Developer/Xcode/DerivedData/Buzz-faillbpsmponqzeruhhvskovixzk/Build/Intermediates.noindex/Stripe.build/Debug-iphonesimulator/Stripe3DS2.build/Objects-normal/arm64/STDSLabelCustomization.dia -c /Users/xinyufang/Library/Developer/Xcode/DerivedData/Buzz-faillbpsmponqzeruhhvskovixzk/SourcePackages/checkouts/stripe-ios-spm/Stripe3DS2/Stripe3DS2/include/STDSLabelCustomization.m -o /Users/xinyufang/Library/Developer/Xcode/DerivedData/Buzz-faillbpsmponqzeruhhvskovixzk/Build/Intermediates.noindex/Stripe.build/Debug-iphonesimulator/Stripe3DS2.build/Objects-normal/arm64/STDSLabelCustomization.o -index-unit-output-path /Stripe.build/Debug-iphonesimulator/Stripe3DS2.build/Objects-normal/arm64/STDSLabelCustomization.o

CompileC /Users/xinyufang/Library/Developer/Xcode/DerivedData/Buzz-faillbpsmponqzeruhhvskovixzk/Build/Intermediates.noindex/Stripe.build/Debug-iphonesimulator/Stripe3DS2.build/Objects-normal/arm64/STDSJailbreakChecker.o /Users/xinyufang/Library/Developer/Xcode/DerivedData/Buzz-faillbpsmponqzeruhhvskovixzk/SourcePackages/checkouts/stripe-ios-spm/Stripe3DS2/Stripe3DS2/STDSJailbreakChecker.m normal arm64 objective-c com.apple.compilers.llvm.clang.1_0.compiler (in target 'Stripe3DS2' from project 'Stripe')
    cd /Users/xinyufang/Documents/Buzz/Buzz.xcodeproj
    
    Using response file: /Users/xinyufang/Library/Developer/Xcode/DerivedData/Buzz-faillbpsmponqzeruhhvskovixzk/Build/Intermediates.noindex/Stripe.build/Debug-iphonesimulator/Stripe3DS2.build/Objects-normal/arm64/e6072d4f65d7061329687fe24e3d63a7-common-args.resp
    
    /Applications/Xcode.app/Contents/Developer/Toolchains/XcodeDefault.xctoolchain/usr/bin/clang -x objective-c -ivfsstatcache /Users/xinyufang/Library/Developer/Xcode/DerivedData/SDKStatCaches.noindex/iphonesimulator26.0-23A339-26257891a6c027eb51374368541b8346.sdkstatcache -fmessage-length\=0 -fdiagnostics-show-note-include-stack -fmacro-backtrace-limit\=0 -fno-color-diagnostics -fmodules-prune-interval\=86400 -fmodules-prune-after\=345600 -fbuild-session-file\=/Users/xinyufang/Library/Developer/Xcode/DerivedData/ModuleCache.noindex/Session.modulevalidation -fmodules-validate-once-per-build-session -Wnon-modular-include-in-framework-module -Werror\=non-modular-include-in-framework-module -Wno-trigraphs -Wno-missing-field-initializers -Wno-missing-prototypes -Wno-return-type -Wno-implicit-atomic-properties -Wno-objc-interface-ivars -Wno-arc-repeated-use-of-weak -Wno-missing-braces -Wparentheses -Wswitch -Wno-unused-function -Wno-unused-label -Wno-unused-parameter -Wno-unused-variable -Wunused-value -Wno-empty-body -Wno-uninitialized -Wno-unknown-pragmas -w -Wno-shadow -Wno-four-char-constants -Wno-conversion -Wno-constant-conversion -Wno-int-conversion -Wno-bool-conversion -Wno-enum-conversion -Wno-float-conversion -Wno-non-literal-null-conversion -Wno-objc-literal-conversion -Wshorten-64-to-32 -Wpointer-sign -Wno-newline-eof -Wno-selector -Wno-strict-selector-match -Wno-undeclared-selector -Wno-deprecated-implementations -Wno-implicit-fallthrough -fstrict-aliasing -Wprotocol -Wdeprecated-declarations -Wno-sign-conversion -Wno-infinite-recursion -Wno-comma -Wno-block-capture-autoreleasing -Wno-strict-prototypes -Wno-semicolon-before-method-body -index-store-path /Users/xinyufang/Library/Developer/Xcode/DerivedData/Buzz-faillbpsmponqzeruhhvskovixzk/Index.noindex/DataStore @/Users/xinyufang/Library/Developer/Xcode/DerivedData/Buzz-faillbpsmponqzeruhhvskovixzk/Build/Intermediates.noindex/Stripe.build/Debug-iphonesimulator/Stripe3DS2.build/Objects-normal/arm64/e6072d4f65d7061329687fe24e3d63a7-common-args.resp -include /Users/xinyufang/Library/Developer/Xcode/DerivedData/Buzz-faillbpsmponqzeruhhvskovixzk/Build/Intermediates.noindex/Stripe.build/Debug-iphonesimulator/Stripe3DS2.build/DerivedSources/resource_bundle_accessor.h -MMD -MT dependencies -MF /Users/xinyufang/Library/Developer/Xcode/DerivedData/Buzz-faillbpsmponqzeruhhvskovixzk/Build/Intermediates.noindex/Stripe.build/Debug-iphonesimulator/Stripe3DS2.build/Objects-normal/arm64/STDSJailbreakChecker.d --serialize-diagnostics /Users/xinyufang/Library/Developer/Xcode/DerivedData/Buzz-faillbpsmponqzeruhhvskovixzk/Build/Intermediates.noindex/Stripe.build/Debug-iphonesimulator/Stripe3DS2.build/Objects-normal/arm64/STDSJailbreakChecker.dia -c /Users/xinyufang/Library/Developer/Xcode/DerivedData/Buzz-faillbpsmponqzeruhhvskovixzk/SourcePackages/checkouts/stripe-ios-spm/Stripe3DS2/Stripe3DS2/STDSJailbreakChecker.m -o /Users/xinyufang/Library/Developer/Xcode/DerivedData/Buzz-faillbpsmponqzeruhhvskovixzk/Build/Intermediates.noindex/Stripe.build/Debug-iphonesimulator/Stripe3DS2.build/Objects-normal/arm64/STDSJailbreakChecker.o -index-unit-output-path /Stripe.build/Debug-iphonesimulator/Stripe3DS2.build/Objects-normal/arm64/STDSJailbreakChecker.o

CompileC /Users/xinyufang/Library/Developer/Xcode/DerivedData/Buzz-faillbpsmponqzeruhhvskovixzk/Build/Intermediates.noindex/Stripe.build/Debug-iphonesimulator/Stripe3DS2.build/Objects-normal/arm64/STDSJSONWebSignature.o /Users/xinyufang/Library/Developer/Xcode/DerivedData/Buzz-faillbpsmponqzeruhhvskovixzk/SourcePackages/checkouts/stripe-ios-spm/Stripe3DS2/Stripe3DS2/STDSJSONWebSignature.m normal arm64 objective-c com.apple.compilers.llvm.clang.1_0.compiler (in target 'Stripe3DS2' from project 'Stripe')
    cd /Users/xinyufang/Documents/Buzz/Buzz.xcodeproj
    
    Using response file: /Users/xinyufang/Library/Developer/Xcode/DerivedData/Buzz-faillbpsmponqzeruhhvskovixzk/Build/Intermediates.noindex/Stripe.build/Debug-iphonesimulator/Stripe3DS2.build/Objects-normal/arm64/e6072d4f65d7061329687fe24e3d63a7-common-args.resp
    
    /Applications/Xcode.app/Contents/Developer/Toolchains/XcodeDefault.xctoolchain/usr/bin/clang -x objective-c -ivfsstatcache /Users/xinyufang/Library/Developer/Xcode/DerivedData/SDKStatCaches.noindex/iphonesimulator26.0-23A339-26257891a6c027eb51374368541b8346.sdkstatcache -fmessage-length\=0 -fdiagnostics-show-note-include-stack -fmacro-backtrace-limit\=0 -fno-color-diagnostics -fmodules-prune-interval\=86400 -fmodules-prune-after\=345600 -fbuild-session-file\=/Users/xinyufang/Library/Developer/Xcode/DerivedData/ModuleCache.noindex/Session.modulevalidation -fmodules-validate-once-per-build-session -Wnon-modular-include-in-framework-module -Werror\=non-modular-include-in-framework-module -Wno-trigraphs -Wno-missing-field-initializers -Wno-missing-prototypes -Wno-return-type -Wno-implicit-atomic-properties -Wno-objc-interface-ivars -Wno-arc-repeated-use-of-weak -Wno-missing-braces -Wparentheses -Wswitch -Wno-unused-function -Wno-unused-label -Wno-unused-parameter -Wno-unused-variable -Wunused-value -Wno-empty-body -Wno-uninitialized -Wno-unknown-pragmas -w -Wno-shadow -Wno-four-char-constants -Wno-conversion -Wno-constant-conversion -Wno-int-conversion -Wno-bool-conversion -Wno-enum-conversion -Wno-float-conversion -Wno-non-literal-null-conversion -Wno-objc-literal-conversion -Wshorten-64-to-32 -Wpointer-sign -Wno-newline-eof -Wno-selector -Wno-strict-selector-match -Wno-undeclared-selector -Wno-deprecated-implementations -Wno-implicit-fallthrough -fstrict-aliasing -Wprotocol -Wdeprecated-declarations -Wno-sign-conversion -Wno-infinite-recursion -Wno-comma -Wno-block-capture-autoreleasing -Wno-strict-prototypes -Wno-semicolon-before-method-body -index-store-path /Users/xinyufang/Library/Developer/Xcode/DerivedData/Buzz-faillbpsmponqzeruhhvskovixzk/Index.noindex/DataStore @/Users/xinyufang/Library/Developer/Xcode/DerivedData/Buzz-faillbpsmponqzeruhhvskovixzk/Build/Intermediates.noindex/Stripe.build/Debug-iphonesimulator/Stripe3DS2.build/Objects-normal/arm64/e6072d4f65d7061329687fe24e3d63a7-common-args.resp -include /Users/xinyufang/Library/Developer/Xcode/DerivedData/Buzz-faillbpsmponqzeruhhvskovixzk/Build/Intermediates.noindex/Stripe.build/Debug-iphonesimulator/Stripe3DS2.build/DerivedSources/resource_bundle_accessor.h -MMD -MT dependencies -MF /Users/xinyufang/Library/Developer/Xcode/DerivedData/Buzz-faillbpsmponqzeruhhvskovixzk/Build/Intermediates.noindex/Stripe.build/Debug-iphonesimulator/Stripe3DS2.build/Objects-normal/arm64/STDSJSONWebSignature.d --serialize-diagnostics /Users/xinyufang/Library/Developer/Xcode/DerivedData/Buzz-faillbpsmponqzeruhhvskovixzk/Build/Intermediates.noindex/Stripe.build/Debug-iphonesimulator/Stripe3DS2.build/Objects-normal/arm64/STDSJSONWebSignature.dia -c /Users/xinyufang/Library/Developer/Xcode/DerivedData/Buzz-faillbpsmponqzeruhhvskovixzk/SourcePackages/checkouts/stripe-ios-spm/Stripe3DS2/Stripe3DS2/STDSJSONWebSignature.m -o /Users/xinyufang/Library/Developer/Xcode/DerivedData/Buzz-faillbpsmponqzeruhhvskovixzk/Build/Intermediates.noindex/Stripe.build/Debug-iphonesimulator/Stripe3DS2.build/Objects-normal/arm64/STDSJSONWebSignature.o -index-unit-output-path /Stripe.build/Debug-iphonesimulator/Stripe3DS2.build/Objects-normal/arm64/STDSJSONWebSignature.o

CompileC /Users/xinyufang/Library/Developer/Xcode/DerivedData/Buzz-faillbpsmponqzeruhhvskovixzk/Build/Intermediates.noindex/Stripe.build/Debug-iphonesimulator/Stripe3DS2.build/Objects-normal/arm64/STDSJSONWebEncryption.o /Users/xinyufang/Library/Developer/Xcode/DerivedData/Buzz-faillbpsmponqzeruhhvskovixzk/SourcePackages/checkouts/stripe-ios-spm/Stripe3DS2/Stripe3DS2/STDSJSONWebEncryption.m normal arm64 objective-c com.apple.compilers.llvm.clang.1_0.compiler (in target 'Stripe3DS2' from project 'Stripe')
    cd /Users/xinyufang/Documents/Buzz/Buzz.xcodeproj
    
    Using response file: /Users/xinyufang/Library/Developer/Xcode/DerivedData/Buzz-faillbpsmponqzeruhhvskovixzk/Build/Intermediates.noindex/Stripe.build/Debug-iphonesimulator/Stripe3DS2.build/Objects-normal/arm64/e6072d4f65d7061329687fe24e3d63a7-common-args.resp
    
    /Applications/Xcode.app/Contents/Developer/Toolchains/XcodeDefault.xctoolchain/usr/bin/clang -x objective-c -ivfsstatcache /Users/xinyufang/Library/Developer/Xcode/DerivedData/SDKStatCaches.noindex/iphonesimulator26.0-23A339-26257891a6c027eb51374368541b8346.sdkstatcache -fmessage-length\=0 -fdiagnostics-show-note-include-stack -fmacro-backtrace-limit\=0 -fno-color-diagnostics -fmodules-prune-interval\=86400 -fmodules-prune-after\=345600 -fbuild-session-file\=/Users/xinyufang/Library/Developer/Xcode/DerivedData/ModuleCache.noindex/Session.modulevalidation -fmodules-validate-once-per-build-session -Wnon-modular-include-in-framework-module -Werror\=non-modular-include-in-framework-module -Wno-trigraphs -Wno-missing-field-initializers -Wno-missing-prototypes -Wno-return-type -Wno-implicit-atomic-properties -Wno-objc-interface-ivars -Wno-arc-repeated-use-of-weak -Wno-missing-braces -Wparentheses -Wswitch -Wno-unused-function -Wno-unused-label -Wno-unused-parameter -Wno-unused-variable -Wunused-value -Wno-empty-body -Wno-uninitialized -Wno-unknown-pragmas -w -Wno-shadow -Wno-four-char-constants -Wno-conversion -Wno-constant-conversion -Wno-int-conversion -Wno-bool-conversion -Wno-enum-conversion -Wno-float-conversion -Wno-non-literal-null-conversion -Wno-objc-literal-conversion -Wshorten-64-to-32 -Wpointer-sign -Wno-newline-eof -Wno-selector -Wno-strict-selector-match -Wno-undeclared-selector -Wno-deprecated-implementations -Wno-implicit-fallthrough -fstrict-aliasing -Wprotocol -Wdeprecated-declarations -Wno-sign-conversion -Wno-infinite-recursion -Wno-comma -Wno-block-capture-autoreleasing -Wno-strict-prototypes -Wno-semicolon-before-method-body -index-store-path /Users/xinyufang/Library/Developer/Xcode/DerivedData/Buzz-faillbpsmponqzeruhhvskovixzk/Index.noindex/DataStore @/Users/xinyufang/Library/Developer/Xcode/DerivedData/Buzz-faillbpsmponqzeruhhvskovixzk/Build/Intermediates.noindex/Stripe.build/Debug-iphonesimulator/Stripe3DS2.build/Objects-normal/arm64/e6072d4f65d7061329687fe24e3d63a7-common-args.resp -include /Users/xinyufang/Library/Developer/Xcode/DerivedData/Buzz-faillbpsmponqzeruhhvskovixzk/Build/Intermediates.noindex/Stripe.build/Debug-iphonesimulator/Stripe3DS2.build/DerivedSources/resource_bundle_accessor.h -MMD -MT dependencies -MF /Users/xinyufang/Library/Developer/Xcode/DerivedData/Buzz-faillbpsmponqzeruhhvskovixzk/Build/Intermediates.noindex/Stripe.build/Debug-iphonesimulator/Stripe3DS2.build/Objects-normal/arm64/STDSJSONWebEncryption.d --serialize-diagnostics /Users/xinyufang/Library/Developer/Xcode/DerivedData/Buzz-faillbpsmponqzeruhhvskovixzk/Build/Intermediates.noindex/Stripe.build/Debug-iphonesimulator/Stripe3DS2.build/Objects-normal/arm64/STDSJSONWebEncryption.dia -c /Users/xinyufang/Library/Developer/Xcode/DerivedData/Buzz-faillbpsmponqzeruhhvskovixzk/SourcePackages/checkouts/stripe-ios-spm/Stripe3DS2/Stripe3DS2/STDSJSONWebEncryption.m -o /Users/xinyufang/Library/Developer/Xcode/DerivedData/Buzz-faillbpsmponqzeruhhvskovixzk/Build/Intermediates.noindex/Stripe.build/Debug-iphonesimulator/Stripe3DS2.build/Objects-normal/arm64/STDSJSONWebEncryption.o -index-unit-output-path /Stripe.build/Debug-iphonesimulator/Stripe3DS2.build/Objects-normal/arm64/STDSJSONWebEncryption.o

CompileC /Users/xinyufang/Library/Developer/Xcode/DerivedData/Buzz-faillbpsmponqzeruhhvskovixzk/Build/Intermediates.noindex/Stripe.build/Debug-iphonesimulator/Stripe3DS2.build/Objects-normal/arm64/STDSIntegrityChecker.o /Users/xinyufang/Library/Developer/Xcode/DerivedData/Buzz-faillbpsmponqzeruhhvskovixzk/SourcePackages/checkouts/stripe-ios-spm/Stripe3DS2/Stripe3DS2/STDSIntegrityChecker.m normal arm64 objective-c com.apple.compilers.llvm.clang.1_0.compiler (in target 'Stripe3DS2' from project 'Stripe')
    cd /Users/xinyufang/Documents/Buzz/Buzz.xcodeproj
    
    Using response file: /Users/xinyufang/Library/Developer/Xcode/DerivedData/Buzz-faillbpsmponqzeruhhvskovixzk/Build/Intermediates.noindex/Stripe.build/Debug-iphonesimulator/Stripe3DS2.build/Objects-normal/arm64/e6072d4f65d7061329687fe24e3d63a7-common-args.resp
    
    /Applications/Xcode.app/Contents/Developer/Toolchains/XcodeDefault.xctoolchain/usr/bin/clang -x objective-c -ivfsstatcache /Users/xinyufang/Library/Developer/Xcode/DerivedData/SDKStatCaches.noindex/iphonesimulator26.0-23A339-26257891a6c027eb51374368541b8346.sdkstatcache -fmessage-length\=0 -fdiagnostics-show-note-include-stack -fmacro-backtrace-limit\=0 -fno-color-diagnostics -fmodules-prune-interval\=86400 -fmodules-prune-after\=345600 -fbuild-session-file\=/Users/xinyufang/Library/Developer/Xcode/DerivedData/ModuleCache.noindex/Session.modulevalidation -fmodules-validate-once-per-build-session -Wnon-modular-include-in-framework-module -Werror\=non-modular-include-in-framework-module -Wno-trigraphs -Wno-missing-field-initializers -Wno-missing-prototypes -Wno-return-type -Wno-implicit-atomic-properties -Wno-objc-interface-ivars -Wno-arc-repeated-use-of-weak -Wno-missing-braces -Wparentheses -Wswitch -Wno-unused-function -Wno-unused-label -Wno-unused-parameter -Wno-unused-variable -Wunused-value -Wno-empty-body -Wno-uninitialized -Wno-unknown-pragmas -w -Wno-shadow -Wno-four-char-constants -Wno-conversion -Wno-constant-conversion -Wno-int-conversion -Wno-bool-conversion -Wno-enum-conversion -Wno-float-conversion -Wno-non-literal-null-conversion -Wno-objc-literal-conversion -Wshorten-64-to-32 -Wpointer-sign -Wno-newline-eof -Wno-selector -Wno-strict-selector-match -Wno-undeclared-selector -Wno-deprecated-implementations -Wno-implicit-fallthrough -fstrict-aliasing -Wprotocol -Wdeprecated-declarations -Wno-sign-conversion -Wno-infinite-recursion -Wno-comma -Wno-block-capture-autoreleasing -Wno-strict-prototypes -Wno-semicolon-before-method-body -index-store-path /Users/xinyufang/Library/Developer/Xcode/DerivedData/Buzz-faillbpsmponqzeruhhvskovixzk/Index.noindex/DataStore @/Users/xinyufang/Library/Developer/Xcode/DerivedData/Buzz-faillbpsmponqzeruhhvskovixzk/Build/Intermediates.noindex/Stripe.build/Debug-iphonesimulator/Stripe3DS2.build/Objects-normal/arm64/e6072d4f65d7061329687fe24e3d63a7-common-args.resp -include /Users/xinyufang/Library/Developer/Xcode/DerivedData/Buzz-faillbpsmponqzeruhhvskovixzk/Build/Intermediates.noindex/Stripe.build/Debug-iphonesimulator/Stripe3DS2.build/DerivedSources/resource_bundle_accessor.h -MMD -MT dependencies -MF /Users/xinyufang/Library/Developer/Xcode/DerivedData/Buzz-faillbpsmponqzeruhhvskovixzk/Build/Intermediates.noindex/Stripe.build/Debug-iphonesimulator/Stripe3DS2.build/Objects-normal/arm64/STDSIntegrityChecker.d --serialize-diagnostics /Users/xinyufang/Library/Developer/Xcode/DerivedData/Buzz-faillbpsmponqzeruhhvskovixzk/Build/Intermediates.noindex/Stripe.build/Debug-iphonesimulator/Stripe3DS2.build/Objects-normal/arm64/STDSIntegrityChecker.dia -c /Users/xinyufang/Library/Developer/Xcode/DerivedData/Buzz-faillbpsmponqzeruhhvskovixzk/SourcePackages/checkouts/stripe-ios-spm/Stripe3DS2/Stripe3DS2/STDSIntegrityChecker.m -o /Users/xinyufang/Library/Developer/Xcode/DerivedData/Buzz-faillbpsmponqzeruhhvskovixzk/Build/Intermediates.noindex/Stripe.build/Debug-iphonesimulator/Stripe3DS2.build/Objects-normal/arm64/STDSIntegrityChecker.o -index-unit-output-path /Stripe.build/Debug-iphonesimulator/Stripe3DS2.build/Objects-normal/arm64/STDSIntegrityChecker.o

CompileC /Users/xinyufang/Library/Developer/Xcode/DerivedData/Buzz-faillbpsmponqzeruhhvskovixzk/Build/Intermediates.noindex/Stripe.build/Debug-iphonesimulator/Stripe3DS2.build/Objects-normal/arm64/STDSImageLoader.o /Users/xinyufang/Library/Developer/Xcode/DerivedData/Buzz-faillbpsmponqzeruhhvskovixzk/SourcePackages/checkouts/stripe-ios-spm/Stripe3DS2/Stripe3DS2/STDSImageLoader.m normal arm64 objective-c com.apple.compilers.llvm.clang.1_0.compiler (in target 'Stripe3DS2' from project 'Stripe')
    cd /Users/xinyufang/Documents/Buzz/Buzz.xcodeproj
    
    Using response file: /Users/xinyufang/Library/Developer/Xcode/DerivedData/Buzz-faillbpsmponqzeruhhvskovixzk/Build/Intermediates.noindex/Stripe.build/Debug-iphonesimulator/Stripe3DS2.build/Objects-normal/arm64/e6072d4f65d7061329687fe24e3d63a7-common-args.resp
    
    /Applications/Xcode.app/Contents/Developer/Toolchains/XcodeDefault.xctoolchain/usr/bin/clang -x objective-c -ivfsstatcache /Users/xinyufang/Library/Developer/Xcode/DerivedData/SDKStatCaches.noindex/iphonesimulator26.0-23A339-26257891a6c027eb51374368541b8346.sdkstatcache -fmessage-length\=0 -fdiagnostics-show-note-include-stack -fmacro-backtrace-limit\=0 -fno-color-diagnostics -fmodules-prune-interval\=86400 -fmodules-prune-after\=345600 -fbuild-session-file\=/Users/xinyufang/Library/Developer/Xcode/DerivedData/ModuleCache.noindex/Session.modulevalidation -fmodules-validate-once-per-build-session -Wnon-modular-include-in-framework-module -Werror\=non-modular-include-in-framework-module -Wno-trigraphs -Wno-missing-field-initializers -Wno-missing-prototypes -Wno-return-type -Wno-implicit-atomic-properties -Wno-objc-interface-ivars -Wno-arc-repeated-use-of-weak -Wno-missing-braces -Wparentheses -Wswitch -Wno-unused-function -Wno-unused-label -Wno-unused-parameter -Wno-unused-variable -Wunused-value -Wno-empty-body -Wno-uninitialized -Wno-unknown-pragmas -w -Wno-shadow -Wno-four-char-constants -Wno-conversion -Wno-constant-conversion -Wno-int-conversion -Wno-bool-conversion -Wno-enum-conversion -Wno-float-conversion -Wno-non-literal-null-conversion -Wno-objc-literal-conversion -Wshorten-64-to-32 -Wpointer-sign -Wno-newline-eof -Wno-selector -Wno-strict-selector-match -Wno-undeclared-selector -Wno-deprecated-implementations -Wno-implicit-fallthrough -fstrict-aliasing -Wprotocol -Wdeprecated-declarations -Wno-sign-conversion -Wno-infinite-recursion -Wno-comma -Wno-block-capture-autoreleasing -Wno-strict-prototypes -Wno-semicolon-before-method-body -index-store-path /Users/xinyufang/Library/Developer/Xcode/DerivedData/Buzz-faillbpsmponqzeruhhvskovixzk/Index.noindex/DataStore @/Users/xinyufang/Library/Developer/Xcode/DerivedData/Buzz-faillbpsmponqzeruhhvskovixzk/Build/Intermediates.noindex/Stripe.build/Debug-iphonesimulator/Stripe3DS2.build/Objects-normal/arm64/e6072d4f65d7061329687fe24e3d63a7-common-args.resp -include /Users/xinyufang/Library/Developer/Xcode/DerivedData/Buzz-faillbpsmponqzeruhhvskovixzk/Build/Intermediates.noindex/Stripe.build/Debug-iphonesimulator/Stripe3DS2.build/DerivedSources/resource_bundle_accessor.h -MMD -MT dependencies -MF /Users/xinyufang/Library/Developer/Xcode/DerivedData/Buzz-faillbpsmponqzeruhhvskovixzk/Build/Intermediates.noindex/Stripe.build/Debug-iphonesimulator/Stripe3DS2.build/Objects-normal/arm64/STDSImageLoader.d --serialize-diagnostics /Users/xinyufang/Library/Developer/Xcode/DerivedData/Buzz-faillbpsmponqzeruhhvskovixzk/Build/Intermediates.noindex/Stripe.build/Debug-iphonesimulator/Stripe3DS2.build/Objects-normal/arm64/STDSImageLoader.dia -c /Users/xinyufang/Library/Developer/Xcode/DerivedData/Buzz-faillbpsmponqzeruhhvskovixzk/SourcePackages/checkouts/stripe-ios-spm/Stripe3DS2/Stripe3DS2/STDSImageLoader.m -o /Users/xinyufang/Library/Developer/Xcode/DerivedData/Buzz-faillbpsmponqzeruhhvskovixzk/Build/Intermediates.noindex/Stripe.build/Debug-iphonesimulator/Stripe3DS2.build/Objects-normal/arm64/STDSImageLoader.o -index-unit-output-path /Stripe.build/Debug-iphonesimulator/Stripe3DS2.build/Objects-normal/arm64/STDSImageLoader.o

CompileC /Users/xinyufang/Library/Developer/Xcode/DerivedData/Buzz-faillbpsmponqzeruhhvskovixzk/Build/Intermediates.noindex/Stripe.build/Debug-iphonesimulator/Stripe3DS2.build/Objects-normal/arm64/STDSFooterCustomization.o /Users/xinyufang/Library/Developer/Xcode/DerivedData/Buzz-faillbpsmponqzeruhhvskovixzk/SourcePackages/checkouts/stripe-ios-spm/Stripe3DS2/Stripe3DS2/include/STDSFooterCustomization.m normal arm64 objective-c com.apple.compilers.llvm.clang.1_0.compiler (in target 'Stripe3DS2' from project 'Stripe')
    cd /Users/xinyufang/Documents/Buzz/Buzz.xcodeproj
    
    Using response file: /Users/xinyufang/Library/Developer/Xcode/DerivedData/Buzz-faillbpsmponqzeruhhvskovixzk/Build/Intermediates.noindex/Stripe.build/Debug-iphonesimulator/Stripe3DS2.build/Objects-normal/arm64/e6072d4f65d7061329687fe24e3d63a7-common-args.resp
    
    /Applications/Xcode.app/Contents/Developer/Toolchains/XcodeDefault.xctoolchain/usr/bin/clang -x objective-c -ivfsstatcache /Users/xinyufang/Library/Developer/Xcode/DerivedData/SDKStatCaches.noindex/iphonesimulator26.0-23A339-26257891a6c027eb51374368541b8346.sdkstatcache -fmessage-length\=0 -fdiagnostics-show-note-include-stack -fmacro-backtrace-limit\=0 -fno-color-diagnostics -fmodules-prune-interval\=86400 -fmodules-prune-after\=345600 -fbuild-session-file\=/Users/xinyufang/Library/Developer/Xcode/DerivedData/ModuleCache.noindex/Session.modulevalidation -fmodules-validate-once-per-build-session -Wnon-modular-include-in-framework-module -Werror\=non-modular-include-in-framework-module -Wno-trigraphs -Wno-missing-field-initializers -Wno-missing-prototypes -Wno-return-type -Wno-implicit-atomic-properties -Wno-objc-interface-ivars -Wno-arc-repeated-use-of-weak -Wno-missing-braces -Wparentheses -Wswitch -Wno-unused-function -Wno-unused-label -Wno-unused-parameter -Wno-unused-variable -Wunused-value -Wno-empty-body -Wno-uninitialized -Wno-unknown-pragmas -w -Wno-shadow -Wno-four-char-constants -Wno-conversion -Wno-constant-conversion -Wno-int-conversion -Wno-bool-conversion -Wno-enum-conversion -Wno-float-conversion -Wno-non-literal-null-conversion -Wno-objc-literal-conversion -Wshorten-64-to-32 -Wpointer-sign -Wno-newline-eof -Wno-selector -Wno-strict-selector-match -Wno-undeclared-selector -Wno-deprecated-implementations -Wno-implicit-fallthrough -fstrict-aliasing -Wprotocol -Wdeprecated-declarations -Wno-sign-conversion -Wno-infinite-recursion -Wno-comma -Wno-block-capture-autoreleasing -Wno-strict-prototypes -Wno-semicolon-before-method-body -index-store-path /Users/xinyufang/Library/Developer/Xcode/DerivedData/Buzz-faillbpsmponqzeruhhvskovixzk/Index.noindex/DataStore @/Users/xinyufang/Library/Developer/Xcode/DerivedData/Buzz-faillbpsmponqzeruhhvskovixzk/Build/Intermediates.noindex/Stripe.build/Debug-iphonesimulator/Stripe3DS2.build/Objects-normal/arm64/e6072d4f65d7061329687fe24e3d63a7-common-args.resp -include /Users/xinyufang/Library/Developer/Xcode/DerivedData/Buzz-faillbpsmponqzeruhhvskovixzk/Build/Intermediates.noindex/Stripe.build/Debug-iphonesimulator/Stripe3DS2.build/DerivedSources/resource_bundle_accessor.h -MMD -MT dependencies -MF /Users/xinyufang/Library/Developer/Xcode/DerivedData/Buzz-faillbpsmponqzeruhhvskovixzk/Build/Intermediates.noindex/Stripe.build/Debug-iphonesimulator/Stripe3DS2.build/Objects-normal/arm64/STDSFooterCustomization.d --serialize-diagnostics /Users/xinyufang/Library/Developer/Xcode/DerivedData/Buzz-faillbpsmponqzeruhhvskovixzk/Build/Intermediates.noindex/Stripe.build/Debug-iphonesimulator/Stripe3DS2.build/Objects-normal/arm64/STDSFooterCustomization.dia -c /Users/xinyufang/Library/Developer/Xcode/DerivedData/Buzz-faillbpsmponqzeruhhvskovixzk/SourcePackages/checkouts/stripe-ios-spm/Stripe3DS2/Stripe3DS2/include/STDSFooterCustomization.m -o /Users/xinyufang/Library/Developer/Xcode/DerivedData/Buzz-faillbpsmponqzeruhhvskovixzk/Build/Intermediates.noindex/Stripe.build/Debug-iphonesimulator/Stripe3DS2.build/Objects-normal/arm64/STDSFooterCustomization.o -index-unit-output-path /Stripe.build/Debug-iphonesimulator/Stripe3DS2.build/Objects-normal/arm64/STDSFooterCustomization.o

CompileC /Users/xinyufang/Library/Developer/Xcode/DerivedData/Buzz-faillbpsmponqzeruhhvskovixzk/Build/Intermediates.noindex/Stripe.build/Debug-iphonesimulator/Stripe3DS2.build/Objects-normal/arm64/STDSExpandableInformationView.o /Users/xinyufang/Library/Developer/Xcode/DerivedData/Buzz-faillbpsmponqzeruhhvskovixzk/SourcePackages/checkouts/stripe-ios-spm/Stripe3DS2/Stripe3DS2/STDSExpandableInformationView.m normal arm64 objective-c com.apple.compilers.llvm.clang.1_0.compiler (in target 'Stripe3DS2' from project 'Stripe')
    cd /Users/xinyufang/Documents/Buzz/Buzz.xcodeproj
    
    Using response file: /Users/xinyufang/Library/Developer/Xcode/DerivedData/Buzz-faillbpsmponqzeruhhvskovixzk/Build/Intermediates.noindex/Stripe.build/Debug-iphonesimulator/Stripe3DS2.build/Objects-normal/arm64/e6072d4f65d7061329687fe24e3d63a7-common-args.resp
    
    /Applications/Xcode.app/Contents/Developer/Toolchains/XcodeDefault.xctoolchain/usr/bin/clang -x objective-c -ivfsstatcache /Users/xinyufang/Library/Developer/Xcode/DerivedData/SDKStatCaches.noindex/iphonesimulator26.0-23A339-26257891a6c027eb51374368541b8346.sdkstatcache -fmessage-length\=0 -fdiagnostics-show-note-include-stack -fmacro-backtrace-limit\=0 -fno-color-diagnostics -fmodules-prune-interval\=86400 -fmodules-prune-after\=345600 -fbuild-session-file\=/Users/xinyufang/Library/Developer/Xcode/DerivedData/ModuleCache.noindex/Session.modulevalidation -fmodules-validate-once-per-build-session -Wnon-modular-include-in-framework-module -Werror\=non-modular-include-in-framework-module -Wno-trigraphs -Wno-missing-field-initializers -Wno-missing-prototypes -Wno-return-type -Wno-implicit-atomic-properties -Wno-objc-interface-ivars -Wno-arc-repeated-use-of-weak -Wno-missing-braces -Wparentheses -Wswitch -Wno-unused-function -Wno-unused-label -Wno-unused-parameter -Wno-unused-variable -Wunused-value -Wno-empty-body -Wno-uninitialized -Wno-unknown-pragmas -w -Wno-shadow -Wno-four-char-constants -Wno-conversion -Wno-constant-conversion -Wno-int-conversion -Wno-bool-conversion -Wno-enum-conversion -Wno-float-conversion -Wno-non-literal-null-conversion -Wno-objc-literal-conversion -Wshorten-64-to-32 -Wpointer-sign -Wno-newline-eof -Wno-selector -Wno-strict-selector-match -Wno-undeclared-selector -Wno-deprecated-implementations -Wno-implicit-fallthrough -fstrict-aliasing -Wprotocol -Wdeprecated-declarations -Wno-sign-conversion -Wno-infinite-recursion -Wno-comma -Wno-block-capture-autoreleasing -Wno-strict-prototypes -Wno-semicolon-before-method-body -index-store-path /Users/xinyufang/Library/Developer/Xcode/DerivedData/Buzz-faillbpsmponqzeruhhvskovixzk/Index.noindex/DataStore @/Users/xinyufang/Library/Developer/Xcode/DerivedData/Buzz-faillbpsmponqzeruhhvskovixzk/Build/Intermediates.noindex/Stripe.build/Debug-iphonesimulator/Stripe3DS2.build/Objects-normal/arm64/e6072d4f65d7061329687fe24e3d63a7-common-args.resp -include /Users/xinyufang/Library/Developer/Xcode/DerivedData/Buzz-faillbpsmponqzeruhhvskovixzk/Build/Intermediates.noindex/Stripe.build/Debug-iphonesimulator/Stripe3DS2.build/DerivedSources/resource_bundle_accessor.h -MMD -MT dependencies -MF /Users/xinyufang/Library/Developer/Xcode/DerivedData/Buzz-faillbpsmponqzeruhhvskovixzk/Build/Intermediates.noindex/Stripe.build/Debug-iphonesimulator/Stripe3DS2.build/Objects-normal/arm64/STDSExpandableInformationView.d --serialize-diagnostics /Users/xinyufang/Library/Developer/Xcode/DerivedData/Buzz-faillbpsmponqzeruhhvskovixzk/Build/Intermediates.noindex/Stripe.build/Debug-iphonesimulator/Stripe3DS2.build/Objects-normal/arm64/STDSExpandableInformationView.dia -c /Users/xinyufang/Library/Developer/Xcode/DerivedData/Buzz-faillbpsmponqzeruhhvskovixzk/SourcePackages/checkouts/stripe-ios-spm/Stripe3DS2/Stripe3DS2/STDSExpandableInformationView.m -o /Users/xinyufang/Library/Developer/Xcode/DerivedData/Buzz-faillbpsmponqzeruhhvskovixzk/Build/Intermediates.noindex/Stripe.build/Debug-iphonesimulator/Stripe3DS2.build/Objects-normal/arm64/STDSExpandableInformationView.o -index-unit-output-path /Stripe.build/Debug-iphonesimulator/Stripe3DS2.build/Objects-normal/arm64/STDSExpandableInformationView.o

CompileC /Users/xinyufang/Library/Developer/Xcode/DerivedData/Buzz-faillbpsmponqzeruhhvskovixzk/Build/Intermediates.noindex/Stripe.build/Debug-iphonesimulator/Stripe3DS2.build/Objects-normal/arm64/STDSEphemeralKeyPair.o /Users/xinyufang/Library/Developer/Xcode/DerivedData/Buzz-faillbpsmponqzeruhhvskovixzk/SourcePackages/checkouts/stripe-ios-spm/Stripe3DS2/Stripe3DS2/STDSEphemeralKeyPair.m normal arm64 objective-c com.apple.compilers.llvm.clang.1_0.compiler (in target 'Stripe3DS2' from project 'Stripe')
    cd /Users/xinyufang/Documents/Buzz/Buzz.xcodeproj
    
    Using response file: /Users/xinyufang/Library/Developer/Xcode/DerivedData/Buzz-faillbpsmponqzeruhhvskovixzk/Build/Intermediates.noindex/Stripe.build/Debug-iphonesimulator/Stripe3DS2.build/Objects-normal/arm64/e6072d4f65d7061329687fe24e3d63a7-common-args.resp
    
    /Applications/Xcode.app/Contents/Developer/Toolchains/XcodeDefault.xctoolchain/usr/bin/clang -x objective-c -ivfsstatcache /Users/xinyufang/Library/Developer/Xcode/DerivedData/SDKStatCaches.noindex/iphonesimulator26.0-23A339-26257891a6c027eb51374368541b8346.sdkstatcache -fmessage-length\=0 -fdiagnostics-show-note-include-stack -fmacro-backtrace-limit\=0 -fno-color-diagnostics -fmodules-prune-interval\=86400 -fmodules-prune-after\=345600 -fbuild-session-file\=/Users/xinyufang/Library/Developer/Xcode/DerivedData/ModuleCache.noindex/Session.modulevalidation -fmodules-validate-once-per-build-session -Wnon-modular-include-in-framework-module -Werror\=non-modular-include-in-framework-module -Wno-trigraphs -Wno-missing-field-initializers -Wno-missing-prototypes -Wno-return-type -Wno-implicit-atomic-properties -Wno-objc-interface-ivars -Wno-arc-repeated-use-of-weak -Wno-missing-braces -Wparentheses -Wswitch -Wno-unused-function -Wno-unused-label -Wno-unused-parameter -Wno-unused-variable -Wunused-value -Wno-empty-body -Wno-uninitialized -Wno-unknown-pragmas -w -Wno-shadow -Wno-four-char-constants -Wno-conversion -Wno-constant-conversion -Wno-int-conversion -Wno-bool-conversion -Wno-enum-conversion -Wno-float-conversion -Wno-non-literal-null-conversion -Wno-objc-literal-conversion -Wshorten-64-to-32 -Wpointer-sign -Wno-newline-eof -Wno-selector -Wno-strict-selector-match -Wno-undeclared-selector -Wno-deprecated-implementations -Wno-implicit-fallthrough -fstrict-aliasing -Wprotocol -Wdeprecated-declarations -Wno-sign-conversion -Wno-infinite-recursion -Wno-comma -Wno-block-capture-autoreleasing -Wno-strict-prototypes -Wno-semicolon-before-method-body -index-store-path /Users/xinyufang/Library/Developer/Xcode/DerivedData/Buzz-faillbpsmponqzeruhhvskovixzk/Index.noindex/DataStore @/Users/xinyufang/Library/Developer/Xcode/DerivedData/Buzz-faillbpsmponqzeruhhvskovixzk/Build/Intermediates.noindex/Stripe.build/Debug-iphonesimulator/Stripe3DS2.build/Objects-normal/arm64/e6072d4f65d7061329687fe24e3d63a7-common-args.resp -include /Users/xinyufang/Library/Developer/Xcode/DerivedData/Buzz-faillbpsmponqzeruhhvskovixzk/Build/Intermediates.noindex/Stripe.build/Debug-iphonesimulator/Stripe3DS2.build/DerivedSources/resource_bundle_accessor.h -MMD -MT dependencies -MF /Users/xinyufang/Library/Developer/Xcode/DerivedData/Buzz-faillbpsmponqzeruhhvskovixzk/Build/Intermediates.noindex/Stripe.build/Debug-iphonesimulator/Stripe3DS2.build/Objects-normal/arm64/STDSEphemeralKeyPair.d --serialize-diagnostics /Users/xinyufang/Library/Developer/Xcode/DerivedData/Buzz-faillbpsmponqzeruhhvskovixzk/Build/Intermediates.noindex/Stripe.build/Debug-iphonesimulator/Stripe3DS2.build/Objects-normal/arm64/STDSEphemeralKeyPair.dia -c /Users/xinyufang/Library/Developer/Xcode/DerivedData/Buzz-faillbpsmponqzeruhhvskovixzk/SourcePackages/checkouts/stripe-ios-spm/Stripe3DS2/Stripe3DS2/STDSEphemeralKeyPair.m -o /Users/xinyufang/Library/Developer/Xcode/DerivedData/Buzz-faillbpsmponqzeruhhvskovixzk/Build/Intermediates.noindex/Stripe.build/Debug-iphonesimulator/Stripe3DS2.build/Objects-normal/arm64/STDSEphemeralKeyPair.o -index-unit-output-path /Stripe.build/Debug-iphonesimulator/Stripe3DS2.build/Objects-normal/arm64/STDSEphemeralKeyPair.o

CompileC /Users/xinyufang/Library/Developer/Xcode/DerivedData/Buzz-faillbpsmponqzeruhhvskovixzk/Build/Intermediates.noindex/Stripe.build/Debug-iphonesimulator/Stripe3DS2.build/Objects-normal/arm64/STDSEllipticCurvePoint.o /Users/xinyufang/Library/Developer/Xcode/DerivedData/Buzz-faillbpsmponqzeruhhvskovixzk/SourcePackages/checkouts/stripe-ios-spm/Stripe3DS2/Stripe3DS2/STDSEllipticCurvePoint.m normal arm64 objective-c com.apple.compilers.llvm.clang.1_0.compiler (in target 'Stripe3DS2' from project 'Stripe')
    cd /Users/xinyufang/Documents/Buzz/Buzz.xcodeproj
    
    Using response file: /Users/xinyufang/Library/Developer/Xcode/DerivedData/Buzz-faillbpsmponqzeruhhvskovixzk/Build/Intermediates.noindex/Stripe.build/Debug-iphonesimulator/Stripe3DS2.build/Objects-normal/arm64/e6072d4f65d7061329687fe24e3d63a7-common-args.resp
    
    /Applications/Xcode.app/Contents/Developer/Toolchains/XcodeDefault.xctoolchain/usr/bin/clang -x objective-c -ivfsstatcache /Users/xinyufang/Library/Developer/Xcode/DerivedData/SDKStatCaches.noindex/iphonesimulator26.0-23A339-26257891a6c027eb51374368541b8346.sdkstatcache -fmessage-length\=0 -fdiagnostics-show-note-include-stack -fmacro-backtrace-limit\=0 -fno-color-diagnostics -fmodules-prune-interval\=86400 -fmodules-prune-after\=345600 -fbuild-session-file\=/Users/xinyufang/Library/Developer/Xcode/DerivedData/ModuleCache.noindex/Session.modulevalidation -fmodules-validate-once-per-build-session -Wnon-modular-include-in-framework-module -Werror\=non-modular-include-in-framework-module -Wno-trigraphs -Wno-missing-field-initializers -Wno-missing-prototypes -Wno-return-type -Wno-implicit-atomic-properties -Wno-objc-interface-ivars -Wno-arc-repeated-use-of-weak -Wno-missing-braces -Wparentheses -Wswitch -Wno-unused-function -Wno-unused-label -Wno-unused-parameter -Wno-unused-variable -Wunused-value -Wno-empty-body -Wno-uninitialized -Wno-unknown-pragmas -w -Wno-shadow -Wno-four-char-constants -Wno-conversion -Wno-constant-conversion -Wno-int-conversion -Wno-bool-conversion -Wno-enum-conversion -Wno-float-conversion -Wno-non-literal-null-conversion -Wno-objc-literal-conversion -Wshorten-64-to-32 -Wpointer-sign -Wno-newline-eof -Wno-selector -Wno-strict-selector-match -Wno-undeclared-selector -Wno-deprecated-implementations -Wno-implicit-fallthrough -fstrict-aliasing -Wprotocol -Wdeprecated-declarations -Wno-sign-conversion -Wno-infinite-recursion -Wno-comma -Wno-block-capture-autoreleasing -Wno-strict-prototypes -Wno-semicolon-before-method-body -index-store-path /Users/xinyufang/Library/Developer/Xcode/DerivedData/Buzz-faillbpsmponqzeruhhvskovixzk/Index.noindex/DataStore @/Users/xinyufang/Library/Developer/Xcode/DerivedData/Buzz-faillbpsmponqzeruhhvskovixzk/Build/Intermediates.noindex/Stripe.build/Debug-iphonesimulator/Stripe3DS2.build/Objects-normal/arm64/e6072d4f65d7061329687fe24e3d63a7-common-args.resp -include /Users/xinyufang/Library/Developer/Xcode/DerivedData/Buzz-faillbpsmponqzeruhhvskovixzk/Build/Intermediates.noindex/Stripe.build/Debug-iphonesimulator/Stripe3DS2.build/DerivedSources/resource_bundle_accessor.h -MMD -MT dependencies -MF /Users/xinyufang/Library/Developer/Xcode/DerivedData/Buzz-faillbpsmponqzeruhhvskovixzk/Build/Intermediates.noindex/Stripe.build/Debug-iphonesimulator/Stripe3DS2.build/Objects-normal/arm64/STDSEllipticCurvePoint.d --serialize-diagnostics /Users/xinyufang/Library/Developer/Xcode/DerivedData/Buzz-faillbpsmponqzeruhhvskovixzk/Build/Intermediates.noindex/Stripe.build/Debug-iphonesimulator/Stripe3DS2.build/Objects-normal/arm64/STDSEllipticCurvePoint.dia -c /Users/xinyufang/Library/Developer/Xcode/DerivedData/Buzz-faillbpsmponqzeruhhvskovixzk/SourcePackages/checkouts/stripe-ios-spm/Stripe3DS2/Stripe3DS2/STDSEllipticCurvePoint.m -o /Users/xinyufang/Library/Developer/Xcode/DerivedData/Buzz-faillbpsmponqzeruhhvskovixzk/Build/Intermediates.noindex/Stripe.build/Debug-iphonesimulator/Stripe3DS2.build/Objects-normal/arm64/STDSEllipticCurvePoint.o -index-unit-output-path /Stripe.build/Debug-iphonesimulator/Stripe3DS2.build/Objects-normal/arm64/STDSEllipticCurvePoint.o

CompileC /Users/xinyufang/Library/Developer/Xcode/DerivedData/Buzz-faillbpsmponqzeruhhvskovixzk/Build/Intermediates.noindex/Stripe.build/Debug-iphonesimulator/Stripe3DS2.build/Objects-normal/arm64/STDSDirectoryServerCertificate.o /Users/xinyufang/Library/Developer/Xcode/DerivedData/Buzz-faillbpsmponqzeruhhvskovixzk/SourcePackages/checkouts/stripe-ios-spm/Stripe3DS2/Stripe3DS2/STDSDirectoryServerCertificate.m normal arm64 objective-c com.apple.compilers.llvm.clang.1_0.compiler (in target 'Stripe3DS2' from project 'Stripe')
    cd /Users/xinyufang/Documents/Buzz/Buzz.xcodeproj
    
    Using response file: /Users/xinyufang/Library/Developer/Xcode/DerivedData/Buzz-faillbpsmponqzeruhhvskovixzk/Build/Intermediates.noindex/Stripe.build/Debug-iphonesimulator/Stripe3DS2.build/Objects-normal/arm64/e6072d4f65d7061329687fe24e3d63a7-common-args.resp
    
    /Applications/Xcode.app/Contents/Developer/Toolchains/XcodeDefault.xctoolchain/usr/bin/clang -x objective-c -ivfsstatcache /Users/xinyufang/Library/Developer/Xcode/DerivedData/SDKStatCaches.noindex/iphonesimulator26.0-23A339-26257891a6c027eb51374368541b8346.sdkstatcache -fmessage-length\=0 -fdiagnostics-show-note-include-stack -fmacro-backtrace-limit\=0 -fno-color-diagnostics -fmodules-prune-interval\=86400 -fmodules-prune-after\=345600 -fbuild-session-file\=/Users/xinyufang/Library/Developer/Xcode/DerivedData/ModuleCache.noindex/Session.modulevalidation -fmodules-validate-once-per-build-session -Wnon-modular-include-in-framework-module -Werror\=non-modular-include-in-framework-module -Wno-trigraphs -Wno-missing-field-initializers -Wno-missing-prototypes -Wno-return-type -Wno-implicit-atomic-properties -Wno-objc-interface-ivars -Wno-arc-repeated-use-of-weak -Wno-missing-braces -Wparentheses -Wswitch -Wno-unused-function -Wno-unused-label -Wno-unused-parameter -Wno-unused-variable -Wunused-value -Wno-empty-body -Wno-uninitialized -Wno-unknown-pragmas -w -Wno-shadow -Wno-four-char-constants -Wno-conversion -Wno-constant-conversion -Wno-int-conversion -Wno-bool-conversion -Wno-enum-conversion -Wno-float-conversion -Wno-non-literal-null-conversion -Wno-objc-literal-conversion -Wshorten-64-to-32 -Wpointer-sign -Wno-newline-eof -Wno-selector -Wno-strict-selector-match -Wno-undeclared-selector -Wno-deprecated-implementations -Wno-implicit-fallthrough -fstrict-aliasing -Wprotocol -Wdeprecated-declarations -Wno-sign-conversion -Wno-infinite-recursion -Wno-comma -Wno-block-capture-autoreleasing -Wno-strict-prototypes -Wno-semicolon-before-method-body -index-store-path /Users/xinyufang/Library/Developer/Xcode/DerivedData/Buzz-faillbpsmponqzeruhhvskovixzk/Index.noindex/DataStore @/Users/xinyufang/Library/Developer/Xcode/DerivedData/Buzz-faillbpsmponqzeruhhvskovixzk/Build/Intermediates.noindex/Stripe.build/Debug-iphonesimulator/Stripe3DS2.build/Objects-normal/arm64/e6072d4f65d7061329687fe24e3d63a7-common-args.resp -include /Users/xinyufang/Library/Developer/Xcode/DerivedData/Buzz-faillbpsmponqzeruhhvskovixzk/Build/Intermediates.noindex/Stripe.build/Debug-iphonesimulator/Stripe3DS2.build/DerivedSources/resource_bundle_accessor.h -MMD -MT dependencies -MF /Users/xinyufang/Library/Developer/Xcode/DerivedData/Buzz-faillbpsmponqzeruhhvskovixzk/Build/Intermediates.noindex/Stripe.build/Debug-iphonesimulator/Stripe3DS2.build/Objects-normal/arm64/STDSDirectoryServerCertificate.d --serialize-diagnostics /Users/xinyufang/Library/Developer/Xcode/DerivedData/Buzz-faillbpsmponqzeruhhvskovixzk/Build/Intermediates.noindex/Stripe.build/Debug-iphonesimulator/Stripe3DS2.build/Objects-normal/arm64/STDSDirectoryServerCertificate.dia -c /Users/xinyufang/Library/Developer/Xcode/DerivedData/Buzz-faillbpsmponqzeruhhvskovixzk/SourcePackages/checkouts/stripe-ios-spm/Stripe3DS2/Stripe3DS2/STDSDirectoryServerCertificate.m -o /Users/xinyufang/Library/Developer/Xcode/DerivedData/Buzz-faillbpsmponqzeruhhvskovixzk/Build/Intermediates.noindex/Stripe.build/Debug-iphonesimulator/Stripe3DS2.build/Objects-normal/arm64/STDSDirectoryServerCertificate.o -index-unit-output-path /Stripe.build/Debug-iphonesimulator/Stripe3DS2.build/Objects-normal/arm64/STDSDirectoryServerCertificate.o

CompileC /Users/xinyufang/Library/Developer/Xcode/DerivedData/Buzz-faillbpsmponqzeruhhvskovixzk/Build/Intermediates.noindex/Stripe.build/Debug-iphonesimulator/Stripe3DS2.build/Objects-normal/arm64/STDSDeviceInformationParameter.o /Users/xinyufang/Library/Developer/Xcode/DerivedData/Buzz-faillbpsmponqzeruhhvskovixzk/SourcePackages/checkouts/stripe-ios-spm/Stripe3DS2/Stripe3DS2/STDSDeviceInformationParameter.m normal arm64 objective-c com.apple.compilers.llvm.clang.1_0.compiler (in target 'Stripe3DS2' from project 'Stripe')
    cd /Users/xinyufang/Documents/Buzz/Buzz.xcodeproj
    
    Using response file: /Users/xinyufang/Library/Developer/Xcode/DerivedData/Buzz-faillbpsmponqzeruhhvskovixzk/Build/Intermediates.noindex/Stripe.build/Debug-iphonesimulator/Stripe3DS2.build/Objects-normal/arm64/e6072d4f65d7061329687fe24e3d63a7-common-args.resp
    
    /Applications/Xcode.app/Contents/Developer/Toolchains/XcodeDefault.xctoolchain/usr/bin/clang -x objective-c -ivfsstatcache /Users/xinyufang/Library/Developer/Xcode/DerivedData/SDKStatCaches.noindex/iphonesimulator26.0-23A339-26257891a6c027eb51374368541b8346.sdkstatcache -fmessage-length\=0 -fdiagnostics-show-note-include-stack -fmacro-backtrace-limit\=0 -fno-color-diagnostics -fmodules-prune-interval\=86400 -fmodules-prune-after\=345600 -fbuild-session-file\=/Users/xinyufang/Library/Developer/Xcode/DerivedData/ModuleCache.noindex/Session.modulevalidation -fmodules-validate-once-per-build-session -Wnon-modular-include-in-framework-module -Werror\=non-modular-include-in-framework-module -Wno-trigraphs -Wno-missing-field-initializers -Wno-missing-prototypes -Wno-return-type -Wno-implicit-atomic-properties -Wno-objc-interface-ivars -Wno-arc-repeated-use-of-weak -Wno-missing-braces -Wparentheses -Wswitch -Wno-unused-function -Wno-unused-label -Wno-unused-parameter -Wno-unused-variable -Wunused-value -Wno-empty-body -Wno-uninitialized -Wno-unknown-pragmas -w -Wno-shadow -Wno-four-char-constants -Wno-conversion -Wno-constant-conversion -Wno-int-conversion -Wno-bool-conversion -Wno-enum-conversion -Wno-float-conversion -Wno-non-literal-null-conversion -Wno-objc-literal-conversion -Wshorten-64-to-32 -Wpointer-sign -Wno-newline-eof -Wno-selector -Wno-strict-selector-match -Wno-undeclared-selector -Wno-deprecated-implementations -Wno-implicit-fallthrough -fstrict-aliasing -Wprotocol -Wdeprecated-declarations -Wno-sign-conversion -Wno-infinite-recursion -Wno-comma -Wno-block-capture-autoreleasing -Wno-strict-prototypes -Wno-semicolon-before-method-body -index-store-path /Users/xinyufang/Library/Developer/Xcode/DerivedData/Buzz-faillbpsmponqzeruhhvskovixzk/Index.noindex/DataStore @/Users/xinyufang/Library/Developer/Xcode/DerivedData/Buzz-faillbpsmponqzeruhhvskovixzk/Build/Intermediates.noindex/Stripe.build/Debug-iphonesimulator/Stripe3DS2.build/Objects-normal/arm64/e6072d4f65d7061329687fe24e3d63a7-common-args.resp -include /Users/xinyufang/Library/Developer/Xcode/DerivedData/Buzz-faillbpsmponqzeruhhvskovixzk/Build/Intermediates.noindex/Stripe.build/Debug-iphonesimulator/Stripe3DS2.build/DerivedSources/resource_bundle_accessor.h -MMD -MT dependencies -MF /Users/xinyufang/Library/Developer/Xcode/DerivedData/Buzz-faillbpsmponqzeruhhvskovixzk/Build/Intermediates.noindex/Stripe.build/Debug-iphonesimulator/Stripe3DS2.build/Objects-normal/arm64/STDSDeviceInformationParameter.d --serialize-diagnostics /Users/xinyufang/Library/Developer/Xcode/DerivedData/Buzz-faillbpsmponqzeruhhvskovixzk/Build/Intermediates.noindex/Stripe.build/Debug-iphonesimulator/Stripe3DS2.build/Objects-normal/arm64/STDSDeviceInformationParameter.dia -c /Users/xinyufang/Library/Developer/Xcode/DerivedData/Buzz-faillbpsmponqzeruhhvskovixzk/SourcePackages/checkouts/stripe-ios-spm/Stripe3DS2/Stripe3DS2/STDSDeviceInformationParameter.m -o /Users/xinyufang/Library/Developer/Xcode/DerivedData/Buzz-faillbpsmponqzeruhhvskovixzk/Build/Intermediates.noindex/Stripe.build/Debug-iphonesimulator/Stripe3DS2.build/Objects-normal/arm64/STDSDeviceInformationParameter.o -index-unit-output-path /Stripe.build/Debug-iphonesimulator/Stripe3DS2.build/Objects-normal/arm64/STDSDeviceInformationParameter.o

CompileC /Users/xinyufang/Library/Developer/Xcode/DerivedData/Buzz-faillbpsmponqzeruhhvskovixzk/Build/Intermediates.noindex/Stripe.build/Debug-iphonesimulator/Stripe3DS2.build/Objects-normal/arm64/STDSCustomization.o /Users/xinyufang/Library/Developer/Xcode/DerivedData/Buzz-faillbpsmponqzeruhhvskovixzk/SourcePackages/checkouts/stripe-ios-spm/Stripe3DS2/Stripe3DS2/include/STDSCustomization.m normal arm64 objective-c com.apple.compilers.llvm.clang.1_0.compiler (in target 'Stripe3DS2' from project 'Stripe')
    cd /Users/xinyufang/Documents/Buzz/Buzz.xcodeproj
    
    Using response file: /Users/xinyufang/Library/Developer/Xcode/DerivedData/Buzz-faillbpsmponqzeruhhvskovixzk/Build/Intermediates.noindex/Stripe.build/Debug-iphonesimulator/Stripe3DS2.build/Objects-normal/arm64/e6072d4f65d7061329687fe24e3d63a7-common-args.resp
    
    /Applications/Xcode.app/Contents/Developer/Toolchains/XcodeDefault.xctoolchain/usr/bin/clang -x objective-c -ivfsstatcache /Users/xinyufang/Library/Developer/Xcode/DerivedData/SDKStatCaches.noindex/iphonesimulator26.0-23A339-26257891a6c027eb51374368541b8346.sdkstatcache -fmessage-length\=0 -fdiagnostics-show-note-include-stack -fmacro-backtrace-limit\=0 -fno-color-diagnostics -fmodules-prune-interval\=86400 -fmodules-prune-after\=345600 -fbuild-session-file\=/Users/xinyufang/Library/Developer/Xcode/DerivedData/ModuleCache.noindex/Session.modulevalidation -fmodules-validate-once-per-build-session -Wnon-modular-include-in-framework-module -Werror\=non-modular-include-in-framework-module -Wno-trigraphs -Wno-missing-field-initializers -Wno-missing-prototypes -Wno-return-type -Wno-implicit-atomic-properties -Wno-objc-interface-ivars -Wno-arc-repeated-use-of-weak -Wno-missing-braces -Wparentheses -Wswitch -Wno-unused-function -Wno-unused-label -Wno-unused-parameter -Wno-unused-variable -Wunused-value -Wno-empty-body -Wno-uninitialized -Wno-unknown-pragmas -w -Wno-shadow -Wno-four-char-constants -Wno-conversion -Wno-constant-conversion -Wno-int-conversion -Wno-bool-conversion -Wno-enum-conversion -Wno-float-conversion -Wno-non-literal-null-conversion -Wno-objc-literal-conversion -Wshorten-64-to-32 -Wpointer-sign -Wno-newline-eof -Wno-selector -Wno-strict-selector-match -Wno-undeclared-selector -Wno-deprecated-implementations -Wno-implicit-fallthrough -fstrict-aliasing -Wprotocol -Wdeprecated-declarations -Wno-sign-conversion -Wno-infinite-recursion -Wno-comma -Wno-block-capture-autoreleasing -Wno-strict-prototypes -Wno-semicolon-before-method-body -index-store-path /Users/xinyufang/Library/Developer/Xcode/DerivedData/Buzz-faillbpsmponqzeruhhvskovixzk/Index.noindex/DataStore @/Users/xinyufang/Library/Developer/Xcode/DerivedData/Buzz-faillbpsmponqzeruhhvskovixzk/Build/Intermediates.noindex/Stripe.build/Debug-iphonesimulator/Stripe3DS2.build/Objects-normal/arm64/e6072d4f65d7061329687fe24e3d63a7-common-args.resp -include /Users/xinyufang/Library/Developer/Xcode/DerivedData/Buzz-faillbpsmponqzeruhhvskovixzk/Build/Intermediates.noindex/Stripe.build/Debug-iphonesimulator/Stripe3DS2.build/DerivedSources/resource_bundle_accessor.h -MMD -MT dependencies -MF /Users/xinyufang/Library/Developer/Xcode/DerivedData/Buzz-faillbpsmponqzeruhhvskovixzk/Build/Intermediates.noindex/Stripe.build/Debug-iphonesimulator/Stripe3DS2.build/Objects-normal/arm64/STDSCustomization.d --serialize-diagnostics /Users/xinyufang/Library/Developer/Xcode/DerivedData/Buzz-faillbpsmponqzeruhhvskovixzk/Build/Intermediates.noindex/Stripe.build/Debug-iphonesimulator/Stripe3DS2.build/Objects-normal/arm64/STDSCustomization.dia -c /Users/xinyufang/Library/Developer/Xcode/DerivedData/Buzz-faillbpsmponqzeruhhvskovixzk/SourcePackages/checkouts/stripe-ios-spm/Stripe3DS2/Stripe3DS2/include/STDSCustomization.m -o /Users/xinyufang/Library/Developer/Xcode/DerivedData/Buzz-faillbpsmponqzeruhhvskovixzk/Build/Intermediates.noindex/Stripe.build/Debug-iphonesimulator/Stripe3DS2.build/Objects-normal/arm64/STDSCustomization.o -index-unit-output-path /Stripe.build/Debug-iphonesimulator/Stripe3DS2.build/Objects-normal/arm64/STDSCustomization.o

CompileC /Users/xinyufang/Library/Developer/Xcode/DerivedData/Buzz-faillbpsmponqzeruhhvskovixzk/Build/Intermediates.noindex/Stripe.build/Debug-iphonesimulator/Stripe3DS2.build/Objects-normal/arm64/STDSChallengeSelectionView.o /Users/xinyufang/Library/Developer/Xcode/DerivedData/Buzz-faillbpsmponqzeruhhvskovixzk/SourcePackages/checkouts/stripe-ios-spm/Stripe3DS2/Stripe3DS2/STDSChallengeSelectionView.m normal arm64 objective-c com.apple.compilers.llvm.clang.1_0.compiler (in target 'Stripe3DS2' from project 'Stripe')
    cd /Users/xinyufang/Documents/Buzz/Buzz.xcodeproj
    
    Using response file: /Users/xinyufang/Library/Developer/Xcode/DerivedData/Buzz-faillbpsmponqzeruhhvskovixzk/Build/Intermediates.noindex/Stripe.build/Debug-iphonesimulator/Stripe3DS2.build/Objects-normal/arm64/e6072d4f65d7061329687fe24e3d63a7-common-args.resp
    
    /Applications/Xcode.app/Contents/Developer/Toolchains/XcodeDefault.xctoolchain/usr/bin/clang -x objective-c -ivfsstatcache /Users/xinyufang/Library/Developer/Xcode/DerivedData/SDKStatCaches.noindex/iphonesimulator26.0-23A339-26257891a6c027eb51374368541b8346.sdkstatcache -fmessage-length\=0 -fdiagnostics-show-note-include-stack -fmacro-backtrace-limit\=0 -fno-color-diagnostics -fmodules-prune-interval\=86400 -fmodules-prune-after\=345600 -fbuild-session-file\=/Users/xinyufang/Library/Developer/Xcode/DerivedData/ModuleCache.noindex/Session.modulevalidation -fmodules-validate-once-per-build-session -Wnon-modular-include-in-framework-module -Werror\=non-modular-include-in-framework-module -Wno-trigraphs -Wno-missing-field-initializers -Wno-missing-prototypes -Wno-return-type -Wno-implicit-atomic-properties -Wno-objc-interface-ivars -Wno-arc-repeated-use-of-weak -Wno-missing-braces -Wparentheses -Wswitch -Wno-unused-function -Wno-unused-label -Wno-unused-parameter -Wno-unused-variable -Wunused-value -Wno-empty-body -Wno-uninitialized -Wno-unknown-pragmas -w -Wno-shadow -Wno-four-char-constants -Wno-conversion -Wno-constant-conversion -Wno-int-conversion -Wno-bool-conversion -Wno-enum-conversion -Wno-float-conversion -Wno-non-literal-null-conversion -Wno-objc-literal-conversion -Wshorten-64-to-32 -Wpointer-sign -Wno-newline-eof -Wno-selector -Wno-strict-selector-match -Wno-undeclared-selector -Wno-deprecated-implementations -Wno-implicit-fallthrough -fstrict-aliasing -Wprotocol -Wdeprecated-declarations -Wno-sign-conversion -Wno-infinite-recursion -Wno-comma -Wno-block-capture-autoreleasing -Wno-strict-prototypes -Wno-semicolon-before-method-body -index-store-path /Users/xinyufang/Library/Developer/Xcode/DerivedData/Buzz-faillbpsmponqzeruhhvskovixzk/Index.noindex/DataStore @/Users/xinyufang/Library/Developer/Xcode/DerivedData/Buzz-faillbpsmponqzeruhhvskovixzk/Build/Intermediates.noindex/Stripe.build/Debug-iphonesimulator/Stripe3DS2.build/Objects-normal/arm64/e6072d4f65d7061329687fe24e3d63a7-common-args.resp -include /Users/xinyufang/Library/Developer/Xcode/DerivedData/Buzz-faillbpsmponqzeruhhvskovixzk/Build/Intermediates.noindex/Stripe.build/Debug-iphonesimulator/Stripe3DS2.build/DerivedSources/resource_bundle_accessor.h -MMD -MT dependencies -MF /Users/xinyufang/Library/Developer/Xcode/DerivedData/Buzz-faillbpsmponqzeruhhvskovixzk/Build/Intermediates.noindex/Stripe.build/Debug-iphonesimulator/Stripe3DS2.build/Objects-normal/arm64/STDSChallengeSelectionView.d --serialize-diagnostics /Users/xinyufang/Library/Developer/Xcode/DerivedData/Buzz-faillbpsmponqzeruhhvskovixzk/Build/Intermediates.noindex/Stripe.build/Debug-iphonesimulator/Stripe3DS2.build/Objects-normal/arm64/STDSChallengeSelectionView.dia -c /Users/xinyufang/Library/Developer/Xcode/DerivedData/Buzz-faillbpsmponqzeruhhvskovixzk/SourcePackages/checkouts/stripe-ios-spm/Stripe3DS2/Stripe3DS2/STDSChallengeSelectionView.m -o /Users/xinyufang/Library/Developer/Xcode/DerivedData/Buzz-faillbpsmponqzeruhhvskovixzk/Build/Intermediates.noindex/Stripe.build/Debug-iphonesimulator/Stripe3DS2.build/Objects-normal/arm64/STDSChallengeSelectionView.o -index-unit-output-path /Stripe.build/Debug-iphonesimulator/Stripe3DS2.build/Objects-normal/arm64/STDSChallengeSelectionView.o

CompileC /Users/xinyufang/Library/Developer/Xcode/DerivedData/Buzz-faillbpsmponqzeruhhvskovixzk/Build/Intermediates.noindex/Stripe.build/Debug-iphonesimulator/Stripe3DS2.build/Objects-normal/arm64/STDSChallengeInformationView.o /Users/xinyufang/Library/Developer/Xcode/DerivedData/Buzz-faillbpsmponqzeruhhvskovixzk/SourcePackages/checkouts/stripe-ios-spm/Stripe3DS2/Stripe3DS2/STDSChallengeInformationView.m normal arm64 objective-c com.apple.compilers.llvm.clang.1_0.compiler (in target 'Stripe3DS2' from project 'Stripe')
    cd /Users/xinyufang/Documents/Buzz/Buzz.xcodeproj
    
    Using response file: /Users/xinyufang/Library/Developer/Xcode/DerivedData/Buzz-faillbpsmponqzeruhhvskovixzk/Build/Intermediates.noindex/Stripe.build/Debug-iphonesimulator/Stripe3DS2.build/Objects-normal/arm64/e6072d4f65d7061329687fe24e3d63a7-common-args.resp
    
    /Applications/Xcode.app/Contents/Developer/Toolchains/XcodeDefault.xctoolchain/usr/bin/clang -x objective-c -ivfsstatcache /Users/xinyufang/Library/Developer/Xcode/DerivedData/SDKStatCaches.noindex/iphonesimulator26.0-23A339-26257891a6c027eb51374368541b8346.sdkstatcache -fmessage-length\=0 -fdiagnostics-show-note-include-stack -fmacro-backtrace-limit\=0 -fno-color-diagnostics -fmodules-prune-interval\=86400 -fmodules-prune-after\=345600 -fbuild-session-file\=/Users/xinyufang/Library/Developer/Xcode/DerivedData/ModuleCache.noindex/Session.modulevalidation -fmodules-validate-once-per-build-session -Wnon-modular-include-in-framework-module -Werror\=non-modular-include-in-framework-module -Wno-trigraphs -Wno-missing-field-initializers -Wno-missing-prototypes -Wno-return-type -Wno-implicit-atomic-properties -Wno-objc-interface-ivars -Wno-arc-repeated-use-of-weak -Wno-missing-braces -Wparentheses -Wswitch -Wno-unused-function -Wno-unused-label -Wno-unused-parameter -Wno-unused-variable -Wunused-value -Wno-empty-body -Wno-uninitialized -Wno-unknown-pragmas -w -Wno-shadow -Wno-four-char-constants -Wno-conversion -Wno-constant-conversion -Wno-int-conversion -Wno-bool-conversion -Wno-enum-conversion -Wno-float-conversion -Wno-non-literal-null-conversion -Wno-objc-literal-conversion -Wshorten-64-to-32 -Wpointer-sign -Wno-newline-eof -Wno-selector -Wno-strict-selector-match -Wno-undeclared-selector -Wno-deprecated-implementations -Wno-implicit-fallthrough -fstrict-aliasing -Wprotocol -Wdeprecated-declarations -Wno-sign-conversion -Wno-infinite-recursion -Wno-comma -Wno-block-capture-autoreleasing -Wno-strict-prototypes -Wno-semicolon-before-method-body -index-store-path /Users/xinyufang/Library/Developer/Xcode/DerivedData/Buzz-faillbpsmponqzeruhhvskovixzk/Index.noindex/DataStore @/Users/xinyufang/Library/Developer/Xcode/DerivedData/Buzz-faillbpsmponqzeruhhvskovixzk/Build/Intermediates.noindex/Stripe.build/Debug-iphonesimulator/Stripe3DS2.build/Objects-normal/arm64/e6072d4f65d7061329687fe24e3d63a7-common-args.resp -include /Users/xinyufang/Library/Developer/Xcode/DerivedData/Buzz-faillbpsmponqzeruhhvskovixzk/Build/Intermediates.noindex/Stripe.build/Debug-iphonesimulator/Stripe3DS2.build/DerivedSources/resource_bundle_accessor.h -MMD -MT dependencies -MF /Users/xinyufang/Library/Developer/Xcode/DerivedData/Buzz-faillbpsmponqzeruhhvskovixzk/Build/Intermediates.noindex/Stripe.build/Debug-iphonesimulator/Stripe3DS2.build/Objects-normal/arm64/STDSChallengeInformationView.d --serialize-diagnostics /Users/xinyufang/Library/Developer/Xcode/DerivedData/Buzz-faillbpsmponqzeruhhvskovixzk/Build/Intermediates.noindex/Stripe.build/Debug-iphonesimulator/Stripe3DS2.build/Objects-normal/arm64/STDSChallengeInformationView.dia -c /Users/xinyufang/Library/Developer/Xcode/DerivedData/Buzz-faillbpsmponqzeruhhvskovixzk/SourcePackages/checkouts/stripe-ios-spm/Stripe3DS2/Stripe3DS2/STDSChallengeInformationView.m -o /Users/xinyufang/Library/Developer/Xcode/DerivedData/Buzz-faillbpsmponqzeruhhvskovixzk/Build/Intermediates.noindex/Stripe.build/Debug-iphonesimulator/Stripe3DS2.build/Objects-normal/arm64/STDSChallengeInformationView.o -index-unit-output-path /Stripe.build/Debug-iphonesimulator/Stripe3DS2.build/Objects-normal/arm64/STDSChallengeInformationView.o

CompileC /Users/xinyufang/Library/Developer/Xcode/DerivedData/Buzz-faillbpsmponqzeruhhvskovixzk/Build/Intermediates.noindex/Stripe.build/Debug-iphonesimulator/Stripe3DS2.build/Objects-normal/arm64/STDSButtonCustomization.o /Users/xinyufang/Library/Developer/Xcode/DerivedData/Buzz-faillbpsmponqzeruhhvskovixzk/SourcePackages/checkouts/stripe-ios-spm/Stripe3DS2/Stripe3DS2/include/STDSButtonCustomization.m normal arm64 objective-c com.apple.compilers.llvm.clang.1_0.compiler (in target 'Stripe3DS2' from project 'Stripe')
    cd /Users/xinyufang/Documents/Buzz/Buzz.xcodeproj
    
    Using response file: /Users/xinyufang/Library/Developer/Xcode/DerivedData/Buzz-faillbpsmponqzeruhhvskovixzk/Build/Intermediates.noindex/Stripe.build/Debug-iphonesimulator/Stripe3DS2.build/Objects-normal/arm64/e6072d4f65d7061329687fe24e3d63a7-common-args.resp
    
    /Applications/Xcode.app/Contents/Developer/Toolchains/XcodeDefault.xctoolchain/usr/bin/clang -x objective-c -ivfsstatcache /Users/xinyufang/Library/Developer/Xcode/DerivedData/SDKStatCaches.noindex/iphonesimulator26.0-23A339-26257891a6c027eb51374368541b8346.sdkstatcache -fmessage-length\=0 -fdiagnostics-show-note-include-stack -fmacro-backtrace-limit\=0 -fno-color-diagnostics -fmodules-prune-interval\=86400 -fmodules-prune-after\=345600 -fbuild-session-file\=/Users/xinyufang/Library/Developer/Xcode/DerivedData/ModuleCache.noindex/Session.modulevalidation -fmodules-validate-once-per-build-session -Wnon-modular-include-in-framework-module -Werror\=non-modular-include-in-framework-module -Wno-trigraphs -Wno-missing-field-initializers -Wno-missing-prototypes -Wno-return-type -Wno-implicit-atomic-properties -Wno-objc-interface-ivars -Wno-arc-repeated-use-of-weak -Wno-missing-braces -Wparentheses -Wswitch -Wno-unused-function -Wno-unused-label -Wno-unused-parameter -Wno-unused-variable -Wunused-value -Wno-empty-body -Wno-uninitialized -Wno-unknown-pragmas -w -Wno-shadow -Wno-four-char-constants -Wno-conversion -Wno-constant-conversion -Wno-int-conversion -Wno-bool-conversion -Wno-enum-conversion -Wno-float-conversion -Wno-non-literal-null-conversion -Wno-objc-literal-conversion -Wshorten-64-to-32 -Wpointer-sign -Wno-newline-eof -Wno-selector -Wno-strict-selector-match -Wno-undeclared-selector -Wno-deprecated-implementations -Wno-implicit-fallthrough -fstrict-aliasing -Wprotocol -Wdeprecated-declarations -Wno-sign-conversion -Wno-infinite-recursion -Wno-comma -Wno-block-capture-autoreleasing -Wno-strict-prototypes -Wno-semicolon-before-method-body -index-store-path /Users/xinyufang/Library/Developer/Xcode/DerivedData/Buzz-faillbpsmponqzeruhhvskovixzk/Index.noindex/DataStore @/Users/xinyufang/Library/Developer/Xcode/DerivedData/Buzz-faillbpsmponqzeruhhvskovixzk/Build/Intermediates.noindex/Stripe.build/Debug-iphonesimulator/Stripe3DS2.build/Objects-normal/arm64/e6072d4f65d7061329687fe24e3d63a7-common-args.resp -include /Users/xinyufang/Library/Developer/Xcode/DerivedData/Buzz-faillbpsmponqzeruhhvskovixzk/Build/Intermediates.noindex/Stripe.build/Debug-iphonesimulator/Stripe3DS2.build/DerivedSources/resource_bundle_accessor.h -MMD -MT dependencies -MF /Users/xinyufang/Library/Developer/Xcode/DerivedData/Buzz-faillbpsmponqzeruhhvskovixzk/Build/Intermediates.noindex/Stripe.build/Debug-iphonesimulator/Stripe3DS2.build/Objects-normal/arm64/STDSButtonCustomization.d --serialize-diagnostics /Users/xinyufang/Library/Developer/Xcode/DerivedData/Buzz-faillbpsmponqzeruhhvskovixzk/Build/Intermediates.noindex/Stripe.build/Debug-iphonesimulator/Stripe3DS2.build/Objects-normal/arm64/STDSButtonCustomization.dia -c /Users/xinyufang/Library/Developer/Xcode/DerivedData/Buzz-faillbpsmponqzeruhhvskovixzk/SourcePackages/checkouts/stripe-ios-spm/Stripe3DS2/Stripe3DS2/include/STDSButtonCustomization.m -o /Users/xinyufang/Library/Developer/Xcode/DerivedData/Buzz-faillbpsmponqzeruhhvskovixzk/Build/Intermediates.noindex/Stripe.build/Debug-iphonesimulator/Stripe3DS2.build/Objects-normal/arm64/STDSButtonCustomization.o -index-unit-output-path /Stripe.build/Debug-iphonesimulator/Stripe3DS2.build/Objects-normal/arm64/STDSButtonCustomization.o

CompileC /Users/xinyufang/Library/Developer/Xcode/DerivedData/Buzz-faillbpsmponqzeruhhvskovixzk/Build/Intermediates.noindex/Stripe.build/Debug-iphonesimulator/Stripe3DS2.build/Objects-normal/arm64/STDSBrandingView.o /Users/xinyufang/Library/Developer/Xcode/DerivedData/Buzz-faillbpsmponqzeruhhvskovixzk/SourcePackages/checkouts/stripe-ios-spm/Stripe3DS2/Stripe3DS2/STDSBrandingView.m normal arm64 objective-c com.apple.compilers.llvm.clang.1_0.compiler (in target 'Stripe3DS2' from project 'Stripe')
    cd /Users/xinyufang/Documents/Buzz/Buzz.xcodeproj
    
    Using response file: /Users/xinyufang/Library/Developer/Xcode/DerivedData/Buzz-faillbpsmponqzeruhhvskovixzk/Build/Intermediates.noindex/Stripe.build/Debug-iphonesimulator/Stripe3DS2.build/Objects-normal/arm64/e6072d4f65d7061329687fe24e3d63a7-common-args.resp
    
    /Applications/Xcode.app/Contents/Developer/Toolchains/XcodeDefault.xctoolchain/usr/bin/clang -x objective-c -ivfsstatcache /Users/xinyufang/Library/Developer/Xcode/DerivedData/SDKStatCaches.noindex/iphonesimulator26.0-23A339-26257891a6c027eb51374368541b8346.sdkstatcache -fmessage-length\=0 -fdiagnostics-show-note-include-stack -fmacro-backtrace-limit\=0 -fno-color-diagnostics -fmodules-prune-interval\=86400 -fmodules-prune-after\=345600 -fbuild-session-file\=/Users/xinyufang/Library/Developer/Xcode/DerivedData/ModuleCache.noindex/Session.modulevalidation -fmodules-validate-once-per-build-session -Wnon-modular-include-in-framework-module -Werror\=non-modular-include-in-framework-module -Wno-trigraphs -Wno-missing-field-initializers -Wno-missing-prototypes -Wno-return-type -Wno-implicit-atomic-properties -Wno-objc-interface-ivars -Wno-arc-repeated-use-of-weak -Wno-missing-braces -Wparentheses -Wswitch -Wno-unused-function -Wno-unused-label -Wno-unused-parameter -Wno-unused-variable -Wunused-value -Wno-empty-body -Wno-uninitialized -Wno-unknown-pragmas -w -Wno-shadow -Wno-four-char-constants -Wno-conversion -Wno-constant-conversion -Wno-int-conversion -Wno-bool-conversion -Wno-enum-conversion -Wno-float-conversion -Wno-non-literal-null-conversion -Wno-objc-literal-conversion -Wshorten-64-to-32 -Wpointer-sign -Wno-newline-eof -Wno-selector -Wno-strict-selector-match -Wno-undeclared-selector -Wno-deprecated-implementations -Wno-implicit-fallthrough -fstrict-aliasing -Wprotocol -Wdeprecated-declarations -Wno-sign-conversion -Wno-infinite-recursion -Wno-comma -Wno-block-capture-autoreleasing -Wno-strict-prototypes -Wno-semicolon-before-method-body -index-store-path /Users/xinyufang/Library/Developer/Xcode/DerivedData/Buzz-faillbpsmponqzeruhhvskovixzk/Index.noindex/DataStore @/Users/xinyufang/Library/Developer/Xcode/DerivedData/Buzz-faillbpsmponqzeruhhvskovixzk/Build/Intermediates.noindex/Stripe.build/Debug-iphonesimulator/Stripe3DS2.build/Objects-normal/arm64/e6072d4f65d7061329687fe24e3d63a7-common-args.resp -include /Users/xinyufang/Library/Developer/Xcode/DerivedData/Buzz-faillbpsmponqzeruhhvskovixzk/Build/Intermediates.noindex/Stripe.build/Debug-iphonesimulator/Stripe3DS2.build/DerivedSources/resource_bundle_accessor.h -MMD -MT dependencies -MF /Users/xinyufang/Library/Developer/Xcode/DerivedData/Buzz-faillbpsmponqzeruhhvskovixzk/Build/Intermediates.noindex/Stripe.build/Debug-iphonesimulator/Stripe3DS2.build/Objects-normal/arm64/STDSBrandingView.d --serialize-diagnostics /Users/xinyufang/Library/Developer/Xcode/DerivedData/Buzz-faillbpsmponqzeruhhvskovixzk/Build/Intermediates.noindex/Stripe.build/Debug-iphonesimulator/Stripe3DS2.build/Objects-normal/arm64/STDSBrandingView.dia -c /Users/xinyufang/Library/Developer/Xcode/DerivedData/Buzz-faillbpsmponqzeruhhvskovixzk/SourcePackages/checkouts/stripe-ios-spm/Stripe3DS2/Stripe3DS2/STDSBrandingView.m -o /Users/xinyufang/Library/Developer/Xcode/DerivedData/Buzz-faillbpsmponqzeruhhvskovixzk/Build/Intermediates.noindex/Stripe.build/Debug-iphonesimulator/Stripe3DS2.build/Objects-normal/arm64/STDSBrandingView.o -index-unit-output-path /Stripe.build/Debug-iphonesimulator/Stripe3DS2.build/Objects-normal/arm64/STDSBrandingView.o

CompileC /Users/xinyufang/Library/Developer/Xcode/DerivedData/Buzz-faillbpsmponqzeruhhvskovixzk/Build/Intermediates.noindex/Stripe.build/Debug-iphonesimulator/Stripe3DS2.build/Objects-normal/arm64/STDSACSNetworkingManager.o /Users/xinyufang/Library/Developer/Xcode/DerivedData/Buzz-faillbpsmponqzeruhhvskovixzk/SourcePackages/checkouts/stripe-ios-spm/Stripe3DS2/Stripe3DS2/STDSACSNetworkingManager.m normal arm64 objective-c com.apple.compilers.llvm.clang.1_0.compiler (in target 'Stripe3DS2' from project 'Stripe')
    cd /Users/xinyufang/Documents/Buzz/Buzz.xcodeproj
    
    Using response file: /Users/xinyufang/Library/Developer/Xcode/DerivedData/Buzz-faillbpsmponqzeruhhvskovixzk/Build/Intermediates.noindex/Stripe.build/Debug-iphonesimulator/Stripe3DS2.build/Objects-normal/arm64/e6072d4f65d7061329687fe24e3d63a7-common-args.resp
    
    /Applications/Xcode.app/Contents/Developer/Toolchains/XcodeDefault.xctoolchain/usr/bin/clang -x objective-c -ivfsstatcache /Users/xinyufang/Library/Developer/Xcode/DerivedData/SDKStatCaches.noindex/iphonesimulator26.0-23A339-26257891a6c027eb51374368541b8346.sdkstatcache -fmessage-length\=0 -fdiagnostics-show-note-include-stack -fmacro-backtrace-limit\=0 -fno-color-diagnostics -fmodules-prune-interval\=86400 -fmodules-prune-after\=345600 -fbuild-session-file\=/Users/xinyufang/Library/Developer/Xcode/DerivedData/ModuleCache.noindex/Session.modulevalidation -fmodules-validate-once-per-build-session -Wnon-modular-include-in-framework-module -Werror\=non-modular-include-in-framework-module -Wno-trigraphs -Wno-missing-field-initializers -Wno-missing-prototypes -Wno-return-type -Wno-implicit-atomic-properties -Wno-objc-interface-ivars -Wno-arc-repeated-use-of-weak -Wno-missing-braces -Wparentheses -Wswitch -Wno-unused-function -Wno-unused-label -Wno-unused-parameter -Wno-unused-variable -Wunused-value -Wno-empty-body -Wno-uninitialized -Wno-unknown-pragmas -w -Wno-shadow -Wno-four-char-constants -Wno-conversion -Wno-constant-conversion -Wno-int-conversion -Wno-bool-conversion -Wno-enum-conversion -Wno-float-conversion -Wno-non-literal-null-conversion -Wno-objc-literal-conversion -Wshorten-64-to-32 -Wpointer-sign -Wno-newline-eof -Wno-selector -Wno-strict-selector-match -Wno-undeclared-selector -Wno-deprecated-implementations -Wno-implicit-fallthrough -fstrict-aliasing -Wprotocol -Wdeprecated-declarations -Wno-sign-conversion -Wno-infinite-recursion -Wno-comma -Wno-block-capture-autoreleasing -Wno-strict-prototypes -Wno-semicolon-before-method-body -index-store-path /Users/xinyufang/Library/Developer/Xcode/DerivedData/Buzz-faillbpsmponqzeruhhvskovixzk/Index.noindex/DataStore @/Users/xinyufang/Library/Developer/Xcode/DerivedData/Buzz-faillbpsmponqzeruhhvskovixzk/Build/Intermediates.noindex/Stripe.build/Debug-iphonesimulator/Stripe3DS2.build/Objects-normal/arm64/e6072d4f65d7061329687fe24e3d63a7-common-args.resp -include /Users/xinyufang/Library/Developer/Xcode/DerivedData/Buzz-faillbpsmponqzeruhhvskovixzk/Build/Intermediates.noindex/Stripe.build/Debug-iphonesimulator/Stripe3DS2.build/DerivedSources/resource_bundle_accessor.h -MMD -MT dependencies -MF /Users/xinyufang/Library/Developer/Xcode/DerivedData/Buzz-faillbpsmponqzeruhhvskovixzk/Build/Intermediates.noindex/Stripe.build/Debug-iphonesimulator/Stripe3DS2.build/Objects-normal/arm64/STDSACSNetworkingManager.d --serialize-diagnostics /Users/xinyufang/Library/Developer/Xcode/DerivedData/Buzz-faillbpsmponqzeruhhvskovixzk/Build/Intermediates.noindex/Stripe.build/Debug-iphonesimulator/Stripe3DS2.build/Objects-normal/arm64/STDSACSNetworkingManager.dia -c /Users/xinyufang/Library/Developer/Xcode/DerivedData/Buzz-faillbpsmponqzeruhhvskovixzk/SourcePackages/checkouts/stripe-ios-spm/Stripe3DS2/Stripe3DS2/STDSACSNetworkingManager.m -o /Users/xinyufang/Library/Developer/Xcode/DerivedData/Buzz-faillbpsmponqzeruhhvskovixzk/Build/Intermediates.noindex/Stripe.build/Debug-iphonesimulator/Stripe3DS2.build/Objects-normal/arm64/STDSACSNetworkingManager.o -index-unit-output-path /Stripe.build/Debug-iphonesimulator/Stripe3DS2.build/Objects-normal/arm64/STDSACSNetworkingManager.o

CompileC /Users/xinyufang/Library/Developer/Xcode/DerivedData/Buzz-faillbpsmponqzeruhhvskovixzk/Build/Intermediates.noindex/Stripe.build/Debug-iphonesimulator/Stripe3DS2.build/Objects-normal/arm64/NSLayoutConstraint+LayoutSupport.o /Users/xinyufang/Library/Developer/Xcode/DerivedData/Buzz-faillbpsmponqzeruhhvskovixzk/SourcePackages/checkouts/stripe-ios-spm/Stripe3DS2/Stripe3DS2/NSLayoutConstraint+LayoutSupport.m normal arm64 objective-c com.apple.compilers.llvm.clang.1_0.compiler (in target 'Stripe3DS2' from project 'Stripe')
    cd /Users/xinyufang/Documents/Buzz/Buzz.xcodeproj
    
    Using response file: /Users/xinyufang/Library/Developer/Xcode/DerivedData/Buzz-faillbpsmponqzeruhhvskovixzk/Build/Intermediates.noindex/Stripe.build/Debug-iphonesimulator/Stripe3DS2.build/Objects-normal/arm64/e6072d4f65d7061329687fe24e3d63a7-common-args.resp
    
    /Applications/Xcode.app/Contents/Developer/Toolchains/XcodeDefault.xctoolchain/usr/bin/clang -x objective-c -ivfsstatcache /Users/xinyufang/Library/Developer/Xcode/DerivedData/SDKStatCaches.noindex/iphonesimulator26.0-23A339-26257891a6c027eb51374368541b8346.sdkstatcache -fmessage-length\=0 -fdiagnostics-show-note-include-stack -fmacro-backtrace-limit\=0 -fno-color-diagnostics -fmodules-prune-interval\=86400 -fmodules-prune-after\=345600 -fbuild-session-file\=/Users/xinyufang/Library/Developer/Xcode/DerivedData/ModuleCache.noindex/Session.modulevalidation -fmodules-validate-once-per-build-session -Wnon-modular-include-in-framework-module -Werror\=non-modular-include-in-framework-module -Wno-trigraphs -Wno-missing-field-initializers -Wno-missing-prototypes -Wno-return-type -Wno-implicit-atomic-properties -Wno-objc-interface-ivars -Wno-arc-repeated-use-of-weak -Wno-missing-braces -Wparentheses -Wswitch -Wno-unused-function -Wno-unused-label -Wno-unused-parameter -Wno-unused-variable -Wunused-value -Wno-empty-body -Wno-uninitialized -Wno-unknown-pragmas -w -Wno-shadow -Wno-four-char-constants -Wno-conversion -Wno-constant-conversion -Wno-int-conversion -Wno-bool-conversion -Wno-enum-conversion -Wno-float-conversion -Wno-non-literal-null-conversion -Wno-objc-literal-conversion -Wshorten-64-to-32 -Wpointer-sign -Wno-newline-eof -Wno-selector -Wno-strict-selector-match -Wno-undeclared-selector -Wno-deprecated-implementations -Wno-implicit-fallthrough -fstrict-aliasing -Wprotocol -Wdeprecated-declarations -Wno-sign-conversion -Wno-infinite-recursion -Wno-comma -Wno-block-capture-autoreleasing -Wno-strict-prototypes -Wno-semicolon-before-method-body -index-store-path /Users/xinyufang/Library/Developer/Xcode/DerivedData/Buzz-faillbpsmponqzeruhhvskovixzk/Index.noindex/DataStore @/Users/xinyufang/Library/Developer/Xcode/DerivedData/Buzz-faillbpsmponqzeruhhvskovixzk/Build/Intermediates.noindex/Stripe.build/Debug-iphonesimulator/Stripe3DS2.build/Objects-normal/arm64/e6072d4f65d7061329687fe24e3d63a7-common-args.resp -include /Users/xinyufang/Library/Developer/Xcode/DerivedData/Buzz-faillbpsmponqzeruhhvskovixzk/Build/Intermediates.noindex/Stripe.build/Debug-iphonesimulator/Stripe3DS2.build/DerivedSources/resource_bundle_accessor.h -MMD -MT dependencies -MF /Users/xinyufang/Library/Developer/Xcode/DerivedData/Buzz-faillbpsmponqzeruhhvskovixzk/Build/Intermediates.noindex/Stripe.build/Debug-iphonesimulator/Stripe3DS2.build/Objects-normal/arm64/NSLayoutConstraint+LayoutSupport.d --serialize-diagnostics /Users/xinyufang/Library/Developer/Xcode/DerivedData/Buzz-faillbpsmponqzeruhhvskovixzk/Build/Intermediates.noindex/Stripe.build/Debug-iphonesimulator/Stripe3DS2.build/Objects-normal/arm64/NSLayoutConstraint+LayoutSupport.dia -c /Users/xinyufang/Library/Developer/Xcode/DerivedData/Buzz-faillbpsmponqzeruhhvskovixzk/SourcePackages/checkouts/stripe-ios-spm/Stripe3DS2/Stripe3DS2/NSLayoutConstraint+LayoutSupport.m -o /Users/xinyufang/Library/Developer/Xcode/DerivedData/Buzz-faillbpsmponqzeruhhvskovixzk/Build/Intermediates.noindex/Stripe.build/Debug-iphonesimulator/Stripe3DS2.build/Objects-normal/arm64/NSLayoutConstraint+LayoutSupport.o -index-unit-output-path /Stripe.build/Debug-iphonesimulator/Stripe3DS2.build/Objects-normal/arm64/NSLayoutConstraint+LayoutSupport.o

PrecompileModule /Users/xinyufang/Library/Developer/Xcode/DerivedData/Buzz-faillbpsmponqzeruhhvskovixzk/Build/Intermediates.noindex/ExplicitPrecompiledModules/WebKit-4RXIKZT5KMWAKXI66ZO8L6NQV.scan
    cd /
    builtin-precompileModule /Users/xinyufang/Library/Developer/Xcode/DerivedData/Buzz-faillbpsmponqzeruhhvskovixzk/Build/Intermediates.noindex/ExplicitPrecompiledModules/WebKit-4RXIKZT5KMWAKXI66ZO8L6NQV.scan

ProcessInfoPlistFile /Users/xinyufang/Library/Developer/Xcode/DerivedData/Buzz-faillbpsmponqzeruhhvskovixzk/Build/Products/Debug-iphonesimulator/Stripe_StripePaymentsUI.bundle/Info.plist /Users/xinyufang/Library/Developer/Xcode/DerivedData/Buzz-faillbpsmponqzeruhhvskovixzk/Build/Intermediates.noindex/Stripe.build/Debug-iphonesimulator/Stripe_StripePaymentsUI.build/empty-Stripe_StripePaymentsUI.plist (in target 'Stripe_StripePaymentsUI' from project 'Stripe')
    cd /Users/xinyufang/Library/Developer/Xcode/DerivedData/Buzz-faillbpsmponqzeruhhvskovixzk/SourcePackages/checkouts/stripe-ios-spm
    builtin-infoPlistUtility /Users/xinyufang/Library/Developer/Xcode/DerivedData/Buzz-faillbpsmponqzeruhhvskovixzk/Build/Intermediates.noindex/Stripe.build/Debug-iphonesimulator/Stripe_StripePaymentsUI.build/empty-Stripe_StripePaymentsUI.plist -producttype com.apple.product-type.bundle -expandbuildsettings -format binary -platform iphonesimulator -additionalcontentfile /Users/xinyufang/Library/Developer/Xcode/DerivedData/Buzz-faillbpsmponqzeruhhvskovixzk/Build/Intermediates.noindex/Stripe.build/Debug-iphonesimulator/Stripe_StripePaymentsUI.build/assetcatalog_generated_info.plist -o /Users/xinyufang/Library/Developer/Xcode/DerivedData/Buzz-faillbpsmponqzeruhhvskovixzk/Build/Products/Debug-iphonesimulator/Stripe_StripePaymentsUI.bundle/Info.plist

SwiftCompile normal arm64 Compiling\ resource_bundle_accessor.swift,\ CALayer+StripeUICore.swift,\ Enums+CustomStringConvertible.swift,\ Locale+StripeUICore.swift,\ NSAttributedString+StripeUICore.swift,\ NSDirectionalEdgeInsets+StripeUICore.swift,\ UIBarButtonItem+StripeUICore.swift,\ UIButton+StripeUICore.swift,\ UIColor+StripeUICore.swift,\ UIFont+StripeUICore.swift,\ UIKeyboardType+StripeUICore.swift /Users/xinyufang/Library/Developer/Xcode/DerivedData/Buzz-faillbpsmponqzeruhhvskovixzk/Build/Intermediates.noindex/Stripe.build/Debug-iphonesimulator/StripeUICore.build/DerivedSources/resource_bundle_accessor.swift /Users/xinyufang/Library/Developer/Xcode/DerivedData/Buzz-faillbpsmponqzeruhhvskovixzk/SourcePackages/checkouts/stripe-ios-spm/StripeUICore/StripeUICore/Source/Categories/CALayer+StripeUICore.swift /Users/xinyufang/Library/Developer/Xcode/DerivedData/Buzz-faillbpsmponqzeruhhvskovixzk/SourcePackages/checkouts/stripe-ios-spm/StripeUICore/StripeUICore/Source/Categories/Enums+CustomStringConvertible.swift /Users/xinyufang/Library/Developer/Xcode/DerivedData/Buzz-faillbpsmponqzeruhhvskovixzk/SourcePackages/checkouts/stripe-ios-spm/StripeUICore/StripeUICore/Source/Categories/Locale+StripeUICore.swift /Users/xinyufang/Library/Developer/Xcode/DerivedData/Buzz-faillbpsmponqzeruhhvskovixzk/SourcePackages/checkouts/stripe-ios-spm/StripeUICore/StripeUICore/Source/Categories/NSAttributedString+StripeUICore.swift /Users/xinyufang/Library/Developer/Xcode/DerivedData/Buzz-faillbpsmponqzeruhhvskovixzk/SourcePackages/checkouts/stripe-ios-spm/StripeUICore/StripeUICore/Source/Categories/NSDirectionalEdgeInsets+StripeUICore.swift /Users/xinyufang/Library/Developer/Xcode/DerivedData/Buzz-faillbpsmponqzeruhhvskovixzk/SourcePackages/checkouts/stripe-ios-spm/StripeUICore/StripeUICore/Source/Categories/UIBarButtonItem+StripeUICore.swift /Users/xinyufang/Library/Developer/Xcode/DerivedData/Buzz-faillbpsmponqzeruhhvskovixzk/SourcePackages/checkouts/stripe-ios-spm/StripeUICore/StripeUICore/Source/Categories/UIButton+StripeUICore.swift /Users/xinyufang/Library/Developer/Xcode/DerivedData/Buzz-faillbpsmponqzeruhhvskovixzk/SourcePackages/checkouts/stripe-ios-spm/StripeUICore/StripeUICore/Source/Categories/UIColor+StripeUICore.swift /Users/xinyufang/Library/Developer/Xcode/DerivedData/Buzz-faillbpsmponqzeruhhvskovixzk/SourcePackages/checkouts/stripe-ios-spm/StripeUICore/StripeUICore/Source/Categories/UIFont+StripeUICore.swift /Users/xinyufang/Library/Developer/Xcode/DerivedData/Buzz-faillbpsmponqzeruhhvskovixzk/SourcePackages/checkouts/stripe-ios-spm/StripeUICore/StripeUICore/Source/Categories/UIKeyboardType+StripeUICore.swift (in target 'StripeUICore' from project 'Stripe')

SwiftCompile normal arm64 /Users/xinyufang/Library/Developer/Xcode/DerivedData/Buzz-faillbpsmponqzeruhhvskovixzk/Build/Intermediates.noindex/Stripe.build/Debug-iphonesimulator/StripeUICore.build/DerivedSources/resource_bundle_accessor.swift (in target 'StripeUICore' from project 'Stripe')
    cd /Users/xinyufang/Documents/Buzz/Buzz.xcodeproj
    

SwiftCompile normal arm64 /Users/xinyufang/Library/Developer/Xcode/DerivedData/Buzz-faillbpsmponqzeruhhvskovixzk/SourcePackages/checkouts/stripe-ios-spm/StripeUICore/StripeUICore/Source/Categories/CALayer+StripeUICore.swift (in target 'StripeUICore' from project 'Stripe')
    cd /Users/xinyufang/Documents/Buzz/Buzz.xcodeproj
    

SwiftCompile normal arm64 /Users/xinyufang/Library/Developer/Xcode/DerivedData/Buzz-faillbpsmponqzeruhhvskovixzk/SourcePackages/checkouts/stripe-ios-spm/StripeUICore/StripeUICore/Source/Categories/Enums+CustomStringConvertible.swift (in target 'StripeUICore' from project 'Stripe')
    cd /Users/xinyufang/Documents/Buzz/Buzz.xcodeproj
    

SwiftCompile normal arm64 /Users/xinyufang/Library/Developer/Xcode/DerivedData/Buzz-faillbpsmponqzeruhhvskovixzk/SourcePackages/checkouts/stripe-ios-spm/StripeUICore/StripeUICore/Source/Categories/Locale+StripeUICore.swift (in target 'StripeUICore' from project 'Stripe')
    cd /Users/xinyufang/Documents/Buzz/Buzz.xcodeproj
    

SwiftCompile normal arm64 /Users/xinyufang/Library/Developer/Xcode/DerivedData/Buzz-faillbpsmponqzeruhhvskovixzk/SourcePackages/checkouts/stripe-ios-spm/StripeUICore/StripeUICore/Source/Categories/NSAttributedString+StripeUICore.swift (in target 'StripeUICore' from project 'Stripe')
    cd /Users/xinyufang/Documents/Buzz/Buzz.xcodeproj
    

SwiftCompile normal arm64 /Users/xinyufang/Library/Developer/Xcode/DerivedData/Buzz-faillbpsmponqzeruhhvskovixzk/SourcePackages/checkouts/stripe-ios-spm/StripeUICore/StripeUICore/Source/Categories/NSDirectionalEdgeInsets+StripeUICore.swift (in target 'StripeUICore' from project 'Stripe')
    cd /Users/xinyufang/Documents/Buzz/Buzz.xcodeproj
    

SwiftCompile normal arm64 /Users/xinyufang/Library/Developer/Xcode/DerivedData/Buzz-faillbpsmponqzeruhhvskovixzk/SourcePackages/checkouts/stripe-ios-spm/StripeUICore/StripeUICore/Source/Categories/UIBarButtonItem+StripeUICore.swift (in target 'StripeUICore' from project 'Stripe')
    cd /Users/xinyufang/Documents/Buzz/Buzz.xcodeproj
    

SwiftCompile normal arm64 /Users/xinyufang/Library/Developer/Xcode/DerivedData/Buzz-faillbpsmponqzeruhhvskovixzk/SourcePackages/checkouts/stripe-ios-spm/StripeUICore/StripeUICore/Source/Categories/UIButton+StripeUICore.swift (in target 'StripeUICore' from project 'Stripe')
    cd /Users/xinyufang/Documents/Buzz/Buzz.xcodeproj
    

SwiftCompile normal arm64 /Users/xinyufang/Library/Developer/Xcode/DerivedData/Buzz-faillbpsmponqzeruhhvskovixzk/SourcePackages/checkouts/stripe-ios-spm/StripeUICore/StripeUICore/Source/Categories/UIColor+StripeUICore.swift (in target 'StripeUICore' from project 'Stripe')
    cd /Users/xinyufang/Documents/Buzz/Buzz.xcodeproj
    

SwiftCompile normal arm64 /Users/xinyufang/Library/Developer/Xcode/DerivedData/Buzz-faillbpsmponqzeruhhvskovixzk/SourcePackages/checkouts/stripe-ios-spm/StripeUICore/StripeUICore/Source/Categories/UIFont+StripeUICore.swift (in target 'StripeUICore' from project 'Stripe')
    cd /Users/xinyufang/Documents/Buzz/Buzz.xcodeproj
    

SwiftCompile normal arm64 /Users/xinyufang/Library/Developer/Xcode/DerivedData/Buzz-faillbpsmponqzeruhhvskovixzk/SourcePackages/checkouts/stripe-ios-spm/StripeUICore/StripeUICore/Source/Categories/UIKeyboardType+StripeUICore.swift (in target 'StripeUICore' from project 'Stripe')
    cd /Users/xinyufang/Documents/Buzz/Buzz.xcodeproj
    

SwiftCompile normal arm64 Compiling\ FloatingPlaceholderTextFieldView.swift,\ TextFieldElement+Validation.swift,\ TextFieldElement.swift,\ TextFieldElementConfiguration.swift,\ TextFieldFormatter.swift,\ TextFieldView.swift,\ TextOrDropdownElement.swift,\ Events.swift,\ CompatibleColor.swift,\ ImageMaker.swift /Users/xinyufang/Library/Developer/Xcode/DerivedData/Buzz-faillbpsmponqzeruhhvskovixzk/SourcePackages/checkouts/stripe-ios-spm/StripeUICore/StripeUICore/Source/Elements/TextField/FloatingPlaceholderTextFieldView.swift /Users/xinyufang/Library/Developer/Xcode/DerivedData/Buzz-faillbpsmponqzeruhhvskovixzk/SourcePackages/checkouts/stripe-ios-spm/StripeUICore/StripeUICore/Source/Elements/TextField/TextFieldElement+Validation.swift /Users/xinyufang/Library/Developer/Xcode/DerivedData/Buzz-faillbpsmponqzeruhhvskovixzk/SourcePackages/checkouts/stripe-ios-spm/StripeUICore/StripeUICore/Source/Elements/TextField/TextFieldElement.swift /Users/xinyufang/Library/Developer/Xcode/DerivedData/Buzz-faillbpsmponqzeruhhvskovixzk/SourcePackages/checkouts/stripe-ios-spm/StripeUICore/StripeUICore/Source/Elements/TextField/TextFieldElementConfiguration.swift /Users/xinyufang/Library/Developer/Xcode/DerivedData/Buzz-faillbpsmponqzeruhhvskovixzk/SourcePackages/checkouts/stripe-ios-spm/StripeUICore/StripeUICore/Source/Elements/TextField/TextFieldFormatter.swift /Users/xinyufang/Library/Developer/Xcode/DerivedData/Buzz-faillbpsmponqzeruhhvskovixzk/SourcePackages/checkouts/stripe-ios-spm/StripeUICore/StripeUICore/Source/Elements/TextField/TextFieldView.swift /Users/xinyufang/Library/Developer/Xcode/DerivedData/Buzz-faillbpsmponqzeruhhvskovixzk/SourcePackages/checkouts/stripe-ios-spm/StripeUICore/StripeUICore/Source/Elements/TextOrDropdownElement.swift /Users/xinyufang/Library/Developer/Xcode/DerivedData/Buzz-faillbpsmponqzeruhhvskovixzk/SourcePackages/checkouts/stripe-ios-spm/StripeUICore/StripeUICore/Source/Events.swift /Users/xinyufang/Library/Developer/Xcode/DerivedData/Buzz-faillbpsmponqzeruhhvskovixzk/SourcePackages/checkouts/stripe-ios-spm/StripeUICore/StripeUICore/Source/Helpers/CompatibleColor.swift /Users/xinyufang/Library/Developer/Xcode/DerivedData/Buzz-faillbpsmponqzeruhhvskovixzk/SourcePackages/checkouts/stripe-ios-spm/StripeUICore/StripeUICore/Source/Helpers/ImageMaker.swift (in target 'StripeUICore' from project 'Stripe')

SwiftCompile normal arm64 /Users/xinyufang/Library/Developer/Xcode/DerivedData/Buzz-faillbpsmponqzeruhhvskovixzk/SourcePackages/checkouts/stripe-ios-spm/StripeUICore/StripeUICore/Source/Elements/TextField/FloatingPlaceholderTextFieldView.swift (in target 'StripeUICore' from project 'Stripe')
    cd /Users/xinyufang/Documents/Buzz/Buzz.xcodeproj
    

SwiftCompile normal arm64 /Users/xinyufang/Library/Developer/Xcode/DerivedData/Buzz-faillbpsmponqzeruhhvskovixzk/SourcePackages/checkouts/stripe-ios-spm/StripeUICore/StripeUICore/Source/Elements/TextField/TextFieldElement+Validation.swift (in target 'StripeUICore' from project 'Stripe')
    cd /Users/xinyufang/Documents/Buzz/Buzz.xcodeproj
    

SwiftCompile normal arm64 /Users/xinyufang/Library/Developer/Xcode/DerivedData/Buzz-faillbpsmponqzeruhhvskovixzk/SourcePackages/checkouts/stripe-ios-spm/StripeUICore/StripeUICore/Source/Elements/TextField/TextFieldElement.swift (in target 'StripeUICore' from project 'Stripe')
    cd /Users/xinyufang/Documents/Buzz/Buzz.xcodeproj
    

SwiftCompile normal arm64 /Users/xinyufang/Library/Developer/Xcode/DerivedData/Buzz-faillbpsmponqzeruhhvskovixzk/SourcePackages/checkouts/stripe-ios-spm/StripeUICore/StripeUICore/Source/Elements/TextField/TextFieldElementConfiguration.swift (in target 'StripeUICore' from project 'Stripe')
    cd /Users/xinyufang/Documents/Buzz/Buzz.xcodeproj
    

SwiftCompile normal arm64 /Users/xinyufang/Library/Developer/Xcode/DerivedData/Buzz-faillbpsmponqzeruhhvskovixzk/SourcePackages/checkouts/stripe-ios-spm/StripeUICore/StripeUICore/Source/Elements/TextField/TextFieldFormatter.swift (in target 'StripeUICore' from project 'Stripe')
    cd /Users/xinyufang/Documents/Buzz/Buzz.xcodeproj
    

SwiftCompile normal arm64 /Users/xinyufang/Library/Developer/Xcode/DerivedData/Buzz-faillbpsmponqzeruhhvskovixzk/SourcePackages/checkouts/stripe-ios-spm/StripeUICore/StripeUICore/Source/Elements/TextField/TextFieldView.swift (in target 'StripeUICore' from project 'Stripe')
    cd /Users/xinyufang/Documents/Buzz/Buzz.xcodeproj
    

SwiftCompile normal arm64 /Users/xinyufang/Library/Developer/Xcode/DerivedData/Buzz-faillbpsmponqzeruhhvskovixzk/SourcePackages/checkouts/stripe-ios-spm/StripeUICore/StripeUICore/Source/Elements/TextOrDropdownElement.swift (in target 'StripeUICore' from project 'Stripe')
    cd /Users/xinyufang/Documents/Buzz/Buzz.xcodeproj
    

SwiftCompile normal arm64 /Users/xinyufang/Library/Developer/Xcode/DerivedData/Buzz-faillbpsmponqzeruhhvskovixzk/SourcePackages/checkouts/stripe-ios-spm/StripeUICore/StripeUICore/Source/Events.swift (in target 'StripeUICore' from project 'Stripe')
    cd /Users/xinyufang/Documents/Buzz/Buzz.xcodeproj
    

SwiftCompile normal arm64 /Users/xinyufang/Library/Developer/Xcode/DerivedData/Buzz-faillbpsmponqzeruhhvskovixzk/SourcePackages/checkouts/stripe-ios-spm/StripeUICore/StripeUICore/Source/Helpers/CompatibleColor.swift (in target 'StripeUICore' from project 'Stripe')
    cd /Users/xinyufang/Documents/Buzz/Buzz.xcodeproj
    

SwiftCompile normal arm64 /Users/xinyufang/Library/Developer/Xcode/DerivedData/Buzz-faillbpsmponqzeruhhvskovixzk/SourcePackages/checkouts/stripe-ios-spm/StripeUICore/StripeUICore/Source/Helpers/ImageMaker.swift (in target 'StripeUICore' from project 'Stripe')
    cd /Users/xinyufang/Documents/Buzz/Buzz.xcodeproj
    

SwiftCompile normal arm64 Compiling\ UISpringTimingParameters+StripeUICore.swift,\ UIStackView+StripeUICore.swift,\ UITraitCollection+StripeUICore.swift,\ UIView+StripeUICore.swift,\ UIViewController+StripeUICore.swift,\ UIWindow+StripeUICore.swift,\ ActivityIndicator.swift,\ Button.swift,\ OneTimeCodeTextField-TextStorage.swift,\ OneTimeCodeTextField.swift /Users/xinyufang/Library/Developer/Xcode/DerivedData/Buzz-faillbpsmponqzeruhhvskovixzk/SourcePackages/checkouts/stripe-ios-spm/StripeUICore/StripeUICore/Source/Categories/UISpringTimingParameters+StripeUICore.swift /Users/xinyufang/Library/Developer/Xcode/DerivedData/Buzz-faillbpsmponqzeruhhvskovixzk/SourcePackages/checkouts/stripe-ios-spm/StripeUICore/StripeUICore/Source/Categories/UIStackView+StripeUICore.swift /Users/xinyufang/Library/Developer/Xcode/DerivedData/Buzz-faillbpsmponqzeruhhvskovixzk/SourcePackages/checkouts/stripe-ios-spm/StripeUICore/StripeUICore/Source/Categories/UITraitCollection+StripeUICore.swift /Users/xinyufang/Library/Developer/Xcode/DerivedData/Buzz-faillbpsmponqzeruhhvskovixzk/SourcePackages/checkouts/stripe-ios-spm/StripeUICore/StripeUICore/Source/Categories/UIView+StripeUICore.swift /Users/xinyufang/Library/Developer/Xcode/DerivedData/Buzz-faillbpsmponqzeruhhvskovixzk/SourcePackages/checkouts/stripe-ios-spm/StripeUICore/StripeUICore/Source/Categories/UIViewController+StripeUICore.swift /Users/xinyufang/Library/Developer/Xcode/DerivedData/Buzz-faillbpsmponqzeruhhvskovixzk/SourcePackages/checkouts/stripe-ios-spm/StripeUICore/StripeUICore/Source/Categories/UIWindow+StripeUICore.swift /Users/xinyufang/Library/Developer/Xcode/DerivedData/Buzz-faillbpsmponqzeruhhvskovixzk/SourcePackages/checkouts/stripe-ios-spm/StripeUICore/StripeUICore/Source/Controls/ActivityIndicator.swift /Users/xinyufang/Library/Developer/Xcode/DerivedData/Buzz-faillbpsmponqzeruhhvskovixzk/SourcePackages/checkouts/stripe-ios-spm/StripeUICore/StripeUICore/Source/Controls/Button.swift /Users/xinyufang/Library/Developer/Xcode/DerivedData/Buzz-faillbpsmponqzeruhhvskovixzk/SourcePackages/checkouts/stripe-ios-spm/StripeUICore/StripeUICore/Source/Controls/OneTimeCodeTextField-TextStorage.swift /Users/xinyufang/Library/Developer/Xcode/DerivedData/Buzz-faillbpsmponqzeruhhvskovixzk/SourcePackages/checkouts/stripe-ios-spm/StripeUICore/StripeUICore/Source/Controls/OneTimeCodeTextField.swift (in target 'StripeUICore' from project 'Stripe')

SwiftCompile normal arm64 /Users/xinyufang/Library/Developer/Xcode/DerivedData/Buzz-faillbpsmponqzeruhhvskovixzk/SourcePackages/checkouts/stripe-ios-spm/StripeUICore/StripeUICore/Source/Categories/UISpringTimingParameters+StripeUICore.swift (in target 'StripeUICore' from project 'Stripe')
    cd /Users/xinyufang/Documents/Buzz/Buzz.xcodeproj
    

SwiftCompile normal arm64 /Users/xinyufang/Library/Developer/Xcode/DerivedData/Buzz-faillbpsmponqzeruhhvskovixzk/SourcePackages/checkouts/stripe-ios-spm/StripeUICore/StripeUICore/Source/Categories/UIStackView+StripeUICore.swift (in target 'StripeUICore' from project 'Stripe')
    cd /Users/xinyufang/Documents/Buzz/Buzz.xcodeproj
    

SwiftCompile normal arm64 /Users/xinyufang/Library/Developer/Xcode/DerivedData/Buzz-faillbpsmponqzeruhhvskovixzk/SourcePackages/checkouts/stripe-ios-spm/StripeUICore/StripeUICore/Source/Categories/UITraitCollection+StripeUICore.swift (in target 'StripeUICore' from project 'Stripe')
    cd /Users/xinyufang/Documents/Buzz/Buzz.xcodeproj
    

SwiftCompile normal arm64 /Users/xinyufang/Library/Developer/Xcode/DerivedData/Buzz-faillbpsmponqzeruhhvskovixzk/SourcePackages/checkouts/stripe-ios-spm/StripeUICore/StripeUICore/Source/Categories/UIView+StripeUICore.swift (in target 'StripeUICore' from project 'Stripe')
    cd /Users/xinyufang/Documents/Buzz/Buzz.xcodeproj
    

SwiftCompile normal arm64 /Users/xinyufang/Library/Developer/Xcode/DerivedData/Buzz-faillbpsmponqzeruhhvskovixzk/SourcePackages/checkouts/stripe-ios-spm/StripeUICore/StripeUICore/Source/Categories/UIViewController+StripeUICore.swift (in target 'StripeUICore' from project 'Stripe')
    cd /Users/xinyufang/Documents/Buzz/Buzz.xcodeproj
    

SwiftCompile normal arm64 /Users/xinyufang/Library/Developer/Xcode/DerivedData/Buzz-faillbpsmponqzeruhhvskovixzk/SourcePackages/checkouts/stripe-ios-spm/StripeUICore/StripeUICore/Source/Categories/UIWindow+StripeUICore.swift (in target 'StripeUICore' from project 'Stripe')
    cd /Users/xinyufang/Documents/Buzz/Buzz.xcodeproj
    

SwiftCompile normal arm64 /Users/xinyufang/Library/Developer/Xcode/DerivedData/Buzz-faillbpsmponqzeruhhvskovixzk/SourcePackages/checkouts/stripe-ios-spm/StripeUICore/StripeUICore/Source/Controls/ActivityIndicator.swift (in target 'StripeUICore' from project 'Stripe')
    cd /Users/xinyufang/Documents/Buzz/Buzz.xcodeproj
    

SwiftCompile normal arm64 /Users/xinyufang/Library/Developer/Xcode/DerivedData/Buzz-faillbpsmponqzeruhhvskovixzk/SourcePackages/checkouts/stripe-ios-spm/StripeUICore/StripeUICore/Source/Controls/Button.swift (in target 'StripeUICore' from project 'Stripe')
    cd /Users/xinyufang/Documents/Buzz/Buzz.xcodeproj
    

SwiftCompile normal arm64 /Users/xinyufang/Library/Developer/Xcode/DerivedData/Buzz-faillbpsmponqzeruhhvskovixzk/SourcePackages/checkouts/stripe-ios-spm/StripeUICore/StripeUICore/Source/Controls/OneTimeCodeTextField-TextStorage.swift (in target 'StripeUICore' from project 'Stripe')
    cd /Users/xinyufang/Documents/Buzz/Buzz.xcodeproj
    

SwiftCompile normal arm64 /Users/xinyufang/Library/Developer/Xcode/DerivedData/Buzz-faillbpsmponqzeruhhvskovixzk/SourcePackages/checkouts/stripe-ios-spm/StripeUICore/StripeUICore/Source/Controls/OneTimeCodeTextField.swift (in target 'StripeUICore' from project 'Stripe')
    cd /Users/xinyufang/Documents/Buzz/Buzz.xcodeproj
    

SwiftCompile normal arm64 Compiling\ AddressSpec.swift,\ AddressSpecProvider.swift,\ BSBNumberProvider.swift,\ DropdownFieldElement+AddressFactory.swift,\ IDNumberTextFieldConfiguration.swift,\ TextFieldElement+AccountFactory.swift,\ TextFieldElement+AddressFactory.swift,\ TextFieldElement+Factory.swift,\ FormElement.swift,\ FormView.swift /Users/xinyufang/Library/Developer/Xcode/DerivedData/Buzz-faillbpsmponqzeruhhvskovixzk/SourcePackages/checkouts/stripe-ios-spm/StripeUICore/StripeUICore/Source/Elements/Factories/Address/AddressSpec.swift /Users/xinyufang/Library/Developer/Xcode/DerivedData/Buzz-faillbpsmponqzeruhhvskovixzk/SourcePackages/checkouts/stripe-ios-spm/StripeUICore/StripeUICore/Source/Elements/Factories/Address/AddressSpecProvider.swift /Users/xinyufang/Library/Developer/Xcode/DerivedData/Buzz-faillbpsmponqzeruhhvskovixzk/SourcePackages/checkouts/stripe-ios-spm/StripeUICore/StripeUICore/Source/Elements/Factories/BSB/BSBNumberProvider.swift /Users/xinyufang/Library/Developer/Xcode/DerivedData/Buzz-faillbpsmponqzeruhhvskovixzk/SourcePackages/checkouts/stripe-ios-spm/StripeUICore/StripeUICore/Source/Elements/Factories/DropdownFieldElement+AddressFactory.swift /Users/xinyufang/Library/Developer/Xcode/DerivedData/Buzz-faillbpsmponqzeruhhvskovixzk/SourcePackages/checkouts/stripe-ios-spm/StripeUICore/StripeUICore/Source/Elements/Factories/IDNumberTextFieldConfiguration.swift /Users/xinyufang/Library/Developer/Xcode/DerivedData/Buzz-faillbpsmponqzeruhhvskovixzk/SourcePackages/checkouts/stripe-ios-spm/StripeUICore/StripeUICore/Source/Elements/Factories/TextFieldElement+AccountFactory.swift /Users/xinyufang/Library/Developer/Xcode/DerivedData/Buzz-faillbpsmponqzeruhhvskovixzk/SourcePackages/checkouts/stripe-ios-spm/StripeUICore/StripeUICore/Source/Elements/Factories/TextFieldElement+AddressFactory.swift /Users/xinyufang/Library/Developer/Xcode/DerivedData/Buzz-faillbpsmponqzeruhhvskovixzk/SourcePackages/checkouts/stripe-ios-spm/StripeUICore/StripeUICore/Source/Elements/Factories/TextFieldElement+Factory.swift /Users/xinyufang/Library/Developer/Xcode/DerivedData/Buzz-faillbpsmponqzeruhhvskovixzk/SourcePackages/checkouts/stripe-ios-spm/StripeUICore/StripeUICore/Source/Elements/Form/FormElement.swift /Users/xinyufang/Library/Developer/Xcode/DerivedData/Buzz-faillbpsmponqzeruhhvskovixzk/SourcePackages/checkouts/stripe-ios-spm/StripeUICore/StripeUICore/Source/Elements/Form/FormView.swift (in target 'StripeUICore' from project 'Stripe')

SwiftCompile normal arm64 /Users/xinyufang/Library/Developer/Xcode/DerivedData/Buzz-faillbpsmponqzeruhhvskovixzk/SourcePackages/checkouts/stripe-ios-spm/StripeUICore/StripeUICore/Source/Elements/Factories/Address/AddressSpec.swift (in target 'StripeUICore' from project 'Stripe')
    cd /Users/xinyufang/Documents/Buzz/Buzz.xcodeproj
    

SwiftCompile normal arm64 /Users/xinyufang/Library/Developer/Xcode/DerivedData/Buzz-faillbpsmponqzeruhhvskovixzk/SourcePackages/checkouts/stripe-ios-spm/StripeUICore/StripeUICore/Source/Elements/Factories/Address/AddressSpecProvider.swift (in target 'StripeUICore' from project 'Stripe')
    cd /Users/xinyufang/Documents/Buzz/Buzz.xcodeproj
    

SwiftCompile normal arm64 /Users/xinyufang/Library/Developer/Xcode/DerivedData/Buzz-faillbpsmponqzeruhhvskovixzk/SourcePackages/checkouts/stripe-ios-spm/StripeUICore/StripeUICore/Source/Elements/Factories/BSB/BSBNumberProvider.swift (in target 'StripeUICore' from project 'Stripe')
    cd /Users/xinyufang/Documents/Buzz/Buzz.xcodeproj
    

SwiftCompile normal arm64 /Users/xinyufang/Library/Developer/Xcode/DerivedData/Buzz-faillbpsmponqzeruhhvskovixzk/SourcePackages/checkouts/stripe-ios-spm/StripeUICore/StripeUICore/Source/Elements/Factories/DropdownFieldElement+AddressFactory.swift (in target 'StripeUICore' from project 'Stripe')
    cd /Users/xinyufang/Documents/Buzz/Buzz.xcodeproj
    

SwiftCompile normal arm64 /Users/xinyufang/Library/Developer/Xcode/DerivedData/Buzz-faillbpsmponqzeruhhvskovixzk/SourcePackages/checkouts/stripe-ios-spm/StripeUICore/StripeUICore/Source/Elements/Factories/IDNumberTextFieldConfiguration.swift (in target 'StripeUICore' from project 'Stripe')
    cd /Users/xinyufang/Documents/Buzz/Buzz.xcodeproj
    

SwiftCompile normal arm64 /Users/xinyufang/Library/Developer/Xcode/DerivedData/Buzz-faillbpsmponqzeruhhvskovixzk/SourcePackages/checkouts/stripe-ios-spm/StripeUICore/StripeUICore/Source/Elements/Factories/TextFieldElement+AccountFactory.swift (in target 'StripeUICore' from project 'Stripe')
    cd /Users/xinyufang/Documents/Buzz/Buzz.xcodeproj
    

SwiftCompile normal arm64 /Users/xinyufang/Library/Developer/Xcode/DerivedData/Buzz-faillbpsmponqzeruhhvskovixzk/SourcePackages/checkouts/stripe-ios-spm/StripeUICore/StripeUICore/Source/Elements/Factories/TextFieldElement+AddressFactory.swift (in target 'StripeUICore' from project 'Stripe')
    cd /Users/xinyufang/Documents/Buzz/Buzz.xcodeproj
    

SwiftCompile normal arm64 /Users/xinyufang/Library/Developer/Xcode/DerivedData/Buzz-faillbpsmponqzeruhhvskovixzk/SourcePackages/checkouts/stripe-ios-spm/StripeUICore/StripeUICore/Source/Elements/Factories/TextFieldElement+Factory.swift (in target 'StripeUICore' from project 'Stripe')
    cd /Users/xinyufang/Documents/Buzz/Buzz.xcodeproj
    

SwiftCompile normal arm64 /Users/xinyufang/Library/Developer/Xcode/DerivedData/Buzz-faillbpsmponqzeruhhvskovixzk/SourcePackages/checkouts/stripe-ios-spm/StripeUICore/StripeUICore/Source/Elements/Form/FormElement.swift (in target 'StripeUICore' from project 'Stripe')
    cd /Users/xinyufang/Documents/Buzz/Buzz.xcodeproj
    

SwiftCompile normal arm64 /Users/xinyufang/Library/Developer/Xcode/DerivedData/Buzz-faillbpsmponqzeruhhvskovixzk/SourcePackages/checkouts/stripe-ios-spm/StripeUICore/StripeUICore/Source/Elements/Form/FormView.swift (in target 'StripeUICore' from project 'Stripe')
    cd /Users/xinyufang/Documents/Buzz/Buzz.xcodeproj
    

CompileC /Users/xinyufang/Library/Developer/Xcode/DerivedData/Buzz-faillbpsmponqzeruhhvskovixzk/Build/Intermediates.noindex/Stripe.build/Debug-iphonesimulator/Stripe3DS2.build/Objects-normal/arm64/STDSWebView.o /Users/xinyufang/Library/Developer/Xcode/DerivedData/Buzz-faillbpsmponqzeruhhvskovixzk/SourcePackages/checkouts/stripe-ios-spm/Stripe3DS2/Stripe3DS2/STDSWebView.m normal arm64 objective-c com.apple.compilers.llvm.clang.1_0.compiler (in target 'Stripe3DS2' from project 'Stripe')
    cd /Users/xinyufang/Documents/Buzz/Buzz.xcodeproj
    
    Using response file: /Users/xinyufang/Library/Developer/Xcode/DerivedData/Buzz-faillbpsmponqzeruhhvskovixzk/Build/Intermediates.noindex/Stripe.build/Debug-iphonesimulator/Stripe3DS2.build/Objects-normal/arm64/e6072d4f65d7061329687fe24e3d63a7-common-args.resp
    
    /Applications/Xcode.app/Contents/Developer/Toolchains/XcodeDefault.xctoolchain/usr/bin/clang -x objective-c -ivfsstatcache /Users/xinyufang/Library/Developer/Xcode/DerivedData/SDKStatCaches.noindex/iphonesimulator26.0-23A339-26257891a6c027eb51374368541b8346.sdkstatcache -fmessage-length\=0 -fdiagnostics-show-note-include-stack -fmacro-backtrace-limit\=0 -fno-color-diagnostics -fmodules-prune-interval\=86400 -fmodules-prune-after\=345600 -fbuild-session-file\=/Users/xinyufang/Library/Developer/Xcode/DerivedData/ModuleCache.noindex/Session.modulevalidation -fmodules-validate-once-per-build-session -Wnon-modular-include-in-framework-module -Werror\=non-modular-include-in-framework-module -Wno-trigraphs -Wno-missing-field-initializers -Wno-missing-prototypes -Wno-return-type -Wno-implicit-atomic-properties -Wno-objc-interface-ivars -Wno-arc-repeated-use-of-weak -Wno-missing-braces -Wparentheses -Wswitch -Wno-unused-function -Wno-unused-label -Wno-unused-parameter -Wno-unused-variable -Wunused-value -Wno-empty-body -Wno-uninitialized -Wno-unknown-pragmas -w -Wno-shadow -Wno-four-char-constants -Wno-conversion -Wno-constant-conversion -Wno-int-conversion -Wno-bool-conversion -Wno-enum-conversion -Wno-float-conversion -Wno-non-literal-null-conversion -Wno-objc-literal-conversion -Wshorten-64-to-32 -Wpointer-sign -Wno-newline-eof -Wno-selector -Wno-strict-selector-match -Wno-undeclared-selector -Wno-deprecated-implementations -Wno-implicit-fallthrough -fstrict-aliasing -Wprotocol -Wdeprecated-declarations -Wno-sign-conversion -Wno-infinite-recursion -Wno-comma -Wno-block-capture-autoreleasing -Wno-strict-prototypes -Wno-semicolon-before-method-body -index-store-path /Users/xinyufang/Library/Developer/Xcode/DerivedData/Buzz-faillbpsmponqzeruhhvskovixzk/Index.noindex/DataStore @/Users/xinyufang/Library/Developer/Xcode/DerivedData/Buzz-faillbpsmponqzeruhhvskovixzk/Build/Intermediates.noindex/Stripe.build/Debug-iphonesimulator/Stripe3DS2.build/Objects-normal/arm64/e6072d4f65d7061329687fe24e3d63a7-common-args.resp -include /Users/xinyufang/Library/Developer/Xcode/DerivedData/Buzz-faillbpsmponqzeruhhvskovixzk/Build/Intermediates.noindex/Stripe.build/Debug-iphonesimulator/Stripe3DS2.build/DerivedSources/resource_bundle_accessor.h -MMD -MT dependencies -MF /Users/xinyufang/Library/Developer/Xcode/DerivedData/Buzz-faillbpsmponqzeruhhvskovixzk/Build/Intermediates.noindex/Stripe.build/Debug-iphonesimulator/Stripe3DS2.build/Objects-normal/arm64/STDSWebView.d --serialize-diagnostics /Users/xinyufang/Library/Developer/Xcode/DerivedData/Buzz-faillbpsmponqzeruhhvskovixzk/Build/Intermediates.noindex/Stripe.build/Debug-iphonesimulator/Stripe3DS2.build/Objects-normal/arm64/STDSWebView.dia -c /Users/xinyufang/Library/Developer/Xcode/DerivedData/Buzz-faillbpsmponqzeruhhvskovixzk/SourcePackages/checkouts/stripe-ios-spm/Stripe3DS2/Stripe3DS2/STDSWebView.m -o /Users/xinyufang/Library/Developer/Xcode/DerivedData/Buzz-faillbpsmponqzeruhhvskovixzk/Build/Intermediates.noindex/Stripe.build/Debug-iphonesimulator/Stripe3DS2.build/Objects-normal/arm64/STDSWebView.o -index-unit-output-path /Stripe.build/Debug-iphonesimulator/Stripe3DS2.build/Objects-normal/arm64/STDSWebView.o

SwiftDriverJobDiscovery normal arm64 Compiling PhoneNumberElement.swift, PickerFieldView.swift, PickerTextField.swift, SectionContainerView.swift, SectionElement+MultiElementRow.swift, SectionElement.swift, SectionSelectionBehavior.swift, SectionView.swift, StaticElement.swift, SubtitleElement.swift (in target 'StripeUICore' from project 'Stripe')

CompileC /Users/xinyufang/Library/Developer/Xcode/DerivedData/Buzz-faillbpsmponqzeruhhvskovixzk/Build/Intermediates.noindex/Stripe.build/Debug-iphonesimulator/Stripe3DS2.build/Objects-normal/arm64/STDSChallengeResponseViewController.o /Users/xinyufang/Library/Developer/Xcode/DerivedData/Buzz-faillbpsmponqzeruhhvskovixzk/SourcePackages/checkouts/stripe-ios-spm/Stripe3DS2/Stripe3DS2/STDSChallengeResponseViewController.m normal arm64 objective-c com.apple.compilers.llvm.clang.1_0.compiler (in target 'Stripe3DS2' from project 'Stripe')
    cd /Users/xinyufang/Documents/Buzz/Buzz.xcodeproj
    
    Using response file: /Users/xinyufang/Library/Developer/Xcode/DerivedData/Buzz-faillbpsmponqzeruhhvskovixzk/Build/Intermediates.noindex/Stripe.build/Debug-iphonesimulator/Stripe3DS2.build/Objects-normal/arm64/e6072d4f65d7061329687fe24e3d63a7-common-args.resp
    
    /Applications/Xcode.app/Contents/Developer/Toolchains/XcodeDefault.xctoolchain/usr/bin/clang -x objective-c -ivfsstatcache /Users/xinyufang/Library/Developer/Xcode/DerivedData/SDKStatCaches.noindex/iphonesimulator26.0-23A339-26257891a6c027eb51374368541b8346.sdkstatcache -fmessage-length\=0 -fdiagnostics-show-note-include-stack -fmacro-backtrace-limit\=0 -fno-color-diagnostics -fmodules-prune-interval\=86400 -fmodules-prune-after\=345600 -fbuild-session-file\=/Users/xinyufang/Library/Developer/Xcode/DerivedData/ModuleCache.noindex/Session.modulevalidation -fmodules-validate-once-per-build-session -Wnon-modular-include-in-framework-module -Werror\=non-modular-include-in-framework-module -Wno-trigraphs -Wno-missing-field-initializers -Wno-missing-prototypes -Wno-return-type -Wno-implicit-atomic-properties -Wno-objc-interface-ivars -Wno-arc-repeated-use-of-weak -Wno-missing-braces -Wparentheses -Wswitch -Wno-unused-function -Wno-unused-label -Wno-unused-parameter -Wno-unused-variable -Wunused-value -Wno-empty-body -Wno-uninitialized -Wno-unknown-pragmas -w -Wno-shadow -Wno-four-char-constants -Wno-conversion -Wno-constant-conversion -Wno-int-conversion -Wno-bool-conversion -Wno-enum-conversion -Wno-float-conversion -Wno-non-literal-null-conversion -Wno-objc-literal-conversion -Wshorten-64-to-32 -Wpointer-sign -Wno-newline-eof -Wno-selector -Wno-strict-selector-match -Wno-undeclared-selector -Wno-deprecated-implementations -Wno-implicit-fallthrough -fstrict-aliasing -Wprotocol -Wdeprecated-declarations -Wno-sign-conversion -Wno-infinite-recursion -Wno-comma -Wno-block-capture-autoreleasing -Wno-strict-prototypes -Wno-semicolon-before-method-body -index-store-path /Users/xinyufang/Library/Developer/Xcode/DerivedData/Buzz-faillbpsmponqzeruhhvskovixzk/Index.noindex/DataStore @/Users/xinyufang/Library/Developer/Xcode/DerivedData/Buzz-faillbpsmponqzeruhhvskovixzk/Build/Intermediates.noindex/Stripe.build/Debug-iphonesimulator/Stripe3DS2.build/Objects-normal/arm64/e6072d4f65d7061329687fe24e3d63a7-common-args.resp -include /Users/xinyufang/Library/Developer/Xcode/DerivedData/Buzz-faillbpsmponqzeruhhvskovixzk/Build/Intermediates.noindex/Stripe.build/Debug-iphonesimulator/Stripe3DS2.build/DerivedSources/resource_bundle_accessor.h -MMD -MT dependencies -MF /Users/xinyufang/Library/Developer/Xcode/DerivedData/Buzz-faillbpsmponqzeruhhvskovixzk/Build/Intermediates.noindex/Stripe.build/Debug-iphonesimulator/Stripe3DS2.build/Objects-normal/arm64/STDSChallengeResponseViewController.d --serialize-diagnostics /Users/xinyufang/Library/Developer/Xcode/DerivedData/Buzz-faillbpsmponqzeruhhvskovixzk/Build/Intermediates.noindex/Stripe.build/Debug-iphonesimulator/Stripe3DS2.build/Objects-normal/arm64/STDSChallengeResponseViewController.dia -c /Users/xinyufang/Library/Developer/Xcode/DerivedData/Buzz-faillbpsmponqzeruhhvskovixzk/SourcePackages/checkouts/stripe-ios-spm/Stripe3DS2/Stripe3DS2/STDSChallengeResponseViewController.m -o /Users/xinyufang/Library/Developer/Xcode/DerivedData/Buzz-faillbpsmponqzeruhhvskovixzk/Build/Intermediates.noindex/Stripe.build/Debug-iphonesimulator/Stripe3DS2.build/Objects-normal/arm64/STDSChallengeResponseViewController.o -index-unit-output-path /Stripe.build/Debug-iphonesimulator/Stripe3DS2.build/Objects-normal/arm64/STDSChallengeResponseViewController.o

SwiftCompile normal arm64 Compiling\ STPPaymentMethodFPX.swift,\ STPPaymentMethodFPXParams.swift,\ STPPaymentMethodGrabPay.swift,\ STPPaymentMethodGrabPayParams.swift,\ STPPaymentMethodKlarna.swift,\ STPPaymentMethodKlarnaParams.swift,\ STPPaymentMethodLink.swift,\ STPPaymentMethodLinkParams.swift,\ STPPaymentMethodMobilePay.swift,\ STPPaymentMethodMobilePayParams.swift,\ STPPaymentMethodMultibanco.swift,\ STPPaymentMethodMultibancoParams.swift,\ STPPaymentMethodNetBanking.swift,\ STPPaymentMethodNetBankingParams.swift,\ STPPaymentMethodOXXO.swift,\ STPPaymentMethodOXXOParams.swift,\ STPPaymentMethodPayPal.swift,\ STPPaymentMethodPayPalParams.swift,\ STPPaymentMethodPrzelewy24.swift,\ STPPaymentMethodPrzelewy24Params.swift,\ STPPaymentMethodRevolutPay.swift,\ STPPaymentMethodRevolutPayParams.swift,\ STPPaymentMethodSEPADebit.swift,\ STPPaymentMethodSEPADebitParams.swift,\ STPPaymentMethodSatispay.swift /Users/xinyufang/Library/Developer/Xcode/DerivedData/Buzz-faillbpsmponqzeruhhvskovixzk/SourcePackages/checkouts/stripe-ios-spm/StripePayments/StripePayments/Source/API\ Bindings/Models/PaymentMethods/Types/STPPaymentMethodFPX.swift /Users/xinyufang/Library/Developer/Xcode/DerivedData/Buzz-faillbpsmponqzeruhhvskovixzk/SourcePackages/checkouts/stripe-ios-spm/StripePayments/StripePayments/Source/API\ Bindings/Models/PaymentMethods/Types/STPPaymentMethodFPXParams.swift /Users/xinyufang/Library/Developer/Xcode/DerivedData/Buzz-faillbpsmponqzeruhhvskovixzk/SourcePackages/checkouts/stripe-ios-spm/StripePayments/StripePayments/Source/API\ Bindings/Models/PaymentMethods/Types/STPPaymentMethodGrabPay.swift /Users/xinyufang/Library/Developer/Xcode/DerivedData/Buzz-faillbpsmponqzeruhhvskovixzk/SourcePackages/checkouts/stripe-ios-spm/StripePayments/StripePayments/Source/API\ Bindings/Models/PaymentMethods/Types/STPPaymentMethodGrabPayParams.swift /Users/xinyufang/Library/Developer/Xcode/DerivedData/Buzz-faillbpsmponqzeruhhvskovixzk/SourcePackages/checkouts/stripe-ios-spm/StripePayments/StripePayments/Source/API\ Bindings/Models/PaymentMethods/Types/STPPaymentMethodKlarna.swift /Users/xinyufang/Library/Developer/Xcode/DerivedData/Buzz-faillbpsmponqzeruhhvskovixzk/SourcePackages/checkouts/stripe-ios-spm/StripePayments/StripePayments/Source/API\ Bindings/Models/PaymentMethods/Types/STPPaymentMethodKlarnaParams.swift /Users/xinyufang/Library/Developer/Xcode/DerivedData/Buzz-faillbpsmponqzeruhhvskovixzk/SourcePackages/checkouts/stripe-ios-spm/StripePayments/StripePayments/Source/API\ Bindings/Models/PaymentMethods/Types/STPPaymentMethodLink.swift /Users/xinyufang/Library/Developer/Xcode/DerivedData/Buzz-faillbpsmponqzeruhhvskovixzk/SourcePackages/checkouts/stripe-ios-spm/StripePayments/StripePayments/Source/API\ Bindings/Models/PaymentMethods/Types/STPPaymentMethodLinkParams.swift /Users/xinyufang/Library/Developer/Xcode/DerivedData/Buzz-faillbpsmponqzeruhhvskovixzk/SourcePackages/checkouts/stripe-ios-spm/StripePayments/StripePayments/Source/API\ Bindings/Models/PaymentMethods/Types/STPPaymentMethodMobilePay.swift /Users/xinyufang/Library/Developer/Xcode/DerivedData/Buzz-faillbpsmponqzeruhhvskovixzk/SourcePackages/checkouts/stripe-ios-spm/StripePayments/StripePayments/Source/API\ Bindings/Models/PaymentMethods/Types/STPPaymentMethodMobilePayParams.swift /Users/xinyufang/Library/Developer/Xcode/DerivedData/Buzz-faillbpsmponqzeruhhvskovixzk/SourcePackages/checkouts/stripe-ios-spm/StripePayments/StripePayments/Source/API\ Bindings/Models/PaymentMethods/Types/STPPaymentMethodMultibanco.swift /Users/xinyufang/Library/Developer/Xcode/DerivedData/Buzz-faillbpsmponqzeruhhvskovixzk/SourcePackages/checkouts/stripe-ios-spm/StripePayments/StripePayments/Source/API\ Bindings/Models/PaymentMethods/Types/STPPaymentMethodMultibancoParams.swift /Users/xinyufang/Library/Developer/Xcode/DerivedData/Buzz-faillbpsmponqzeruhhvskovixzk/SourcePackages/checkouts/stripe-ios-spm/StripePayments/StripePayments/Source/API\ Bindings/Models/PaymentMethods/Types/STPPaymentMethodNetBanking.swift /Users/xinyufang/Library/Developer/Xcode/DerivedData/Buzz-faillbpsmponqzeruhhvskovixzk/SourcePackages/checkouts/stripe-ios-spm/StripePayments/StripePayments/Source/API\ Bindings/Models/PaymentMethods/Types/STPPaymentMethodNetBankingParams.swift /Users/xinyufang/Library/Developer/Xcode/DerivedData/Buzz-faillbpsmponqzeruhhvskovixzk/SourcePackages/checkouts/stripe-ios-spm/StripePayments/StripePayments/Source/API\ Bindings/Models/PaymentMethods/Types/STPPaymentMethodOXXO.swift /Users/xinyufang/Library/Developer/Xcode/DerivedData/Buzz-faillbpsmponqzeruhhvskovixzk/SourcePackages/checkouts/stripe-ios-spm/StripePayments/StripePayments/Source/API\ Bindings/Models/PaymentMethods/Types/STPPaymentMethodOXXOParams.swift /Users/xinyufang/Library/Developer/Xcode/DerivedData/Buzz-faillbpsmponqzeruhhvskovixzk/SourcePackages/checkouts/stripe-ios-spm/StripePayments/StripePayments/Source/API\ Bindings/Models/PaymentMethods/Types/STPPaymentMethodPayPal.swift /Users/xinyufang/Library/Developer/Xcode/DerivedData/Buzz-faillbpsmponqzeruhhvskovixzk/SourcePackages/checkouts/stripe-ios-spm/StripePayments/StripePayments/Source/API\ Bindings/Models/PaymentMethods/Types/STPPaymentMethodPayPalParams.swift /Users/xinyufang/Library/Developer/Xcode/DerivedData/Buzz-faillbpsmponqzeruhhvskovixzk/SourcePackages/checkouts/stripe-ios-spm/StripePayments/StripePayments/Source/API\ Bindings/Models/PaymentMethods/Types/STPPaymentMethodPrzelewy24.swift /Users/xinyufang/Library/Developer/Xcode/DerivedData/Buzz-faillbpsmponqzeruhhvskovixzk/SourcePackages/checkouts/stripe-ios-spm/StripePayments/StripePayments/Source/API\ Bindings/Models/PaymentMethods/Types/STPPaymentMethodPrzelewy24Params.swift /Users/xinyufang/Library/Developer/Xcode/DerivedData/Buzz-faillbpsmponqzeruhhvskovixzk/SourcePackages/checkouts/stripe-ios-spm/StripePayments/StripePayments/Source/API\ Bindings/Models/PaymentMethods/Types/STPPaymentMethodRevolutPay.swift /Users/xinyufang/Library/Developer/Xcode/DerivedData/Buzz-faillbpsmponqzeruhhvskovixzk/SourcePackages/checkouts/stripe-ios-spm/StripePayments/StripePayments/Source/API\ Bindings/Models/PaymentMethods/Types/STPPaymentMethodRevolutPayParams.swift /Users/xinyufang/Library/Developer/Xcode/DerivedData/Buzz-faillbpsmponqzeruhhvskovixzk/SourcePackages/checkouts/stripe-ios-spm/StripePayments/StripePayments/Source/API\ Bindings/Models/PaymentMethods/Types/STPPaymentMethodSEPADebit.swift /Users/xinyufang/Library/Developer/Xcode/DerivedData/Buzz-faillbpsmponqzeruhhvskovixzk/SourcePackages/checkouts/stripe-ios-spm/StripePayments/StripePayments/Source/API\ Bindings/Models/PaymentMethods/Types/STPPaymentMethodSEPADebitParams.swift /Users/xinyufang/Library/Developer/Xcode/DerivedData/Buzz-faillbpsmponqzeruhhvskovixzk/SourcePackages/checkouts/stripe-ios-spm/StripePayments/StripePayments/Source/API\ Bindings/Models/PaymentMethods/Types/STPPaymentMethodSatispay.swift (in target 'StripePayments' from project 'Stripe')
SwiftCompile normal arm64 /Users/xinyufang/Library/Developer/Xcode/DerivedData/Buzz-faillbpsmponqzeruhhvskovixzk/SourcePackages/checkouts/stripe-ios-spm/StripePayments/StripePayments/Source/API\ Bindings/Models/PaymentMethods/Types/STPPaymentMethodFPX.swift (in target 'StripePayments' from project 'Stripe')
    cd /Users/xinyufang/Documents/Buzz/Buzz.xcodeproj
    

SwiftCompile normal arm64 /Users/xinyufang/Library/Developer/Xcode/DerivedData/Buzz-faillbpsmponqzeruhhvskovixzk/SourcePackages/checkouts/stripe-ios-spm/StripePayments/StripePayments/Source/API\ Bindings/Models/PaymentMethods/Types/STPPaymentMethodFPXParams.swift (in target 'StripePayments' from project 'Stripe')
    cd /Users/xinyufang/Documents/Buzz/Buzz.xcodeproj
    

SwiftCompile normal arm64 /Users/xinyufang/Library/Developer/Xcode/DerivedData/Buzz-faillbpsmponqzeruhhvskovixzk/SourcePackages/checkouts/stripe-ios-spm/StripePayments/StripePayments/Source/API\ Bindings/Models/PaymentMethods/Types/STPPaymentMethodGrabPay.swift (in target 'StripePayments' from project 'Stripe')
    cd /Users/xinyufang/Documents/Buzz/Buzz.xcodeproj
    

SwiftCompile normal arm64 /Users/xinyufang/Library/Developer/Xcode/DerivedData/Buzz-faillbpsmponqzeruhhvskovixzk/SourcePackages/checkouts/stripe-ios-spm/StripePayments/StripePayments/Source/API\ Bindings/Models/PaymentMethods/Types/STPPaymentMethodGrabPayParams.swift (in target 'StripePayments' from project 'Stripe')
    cd /Users/xinyufang/Documents/Buzz/Buzz.xcodeproj
    

SwiftCompile normal arm64 /Users/xinyufang/Library/Developer/Xcode/DerivedData/Buzz-faillbpsmponqzeruhhvskovixzk/SourcePackages/checkouts/stripe-ios-spm/StripePayments/StripePayments/Source/API\ Bindings/Models/PaymentMethods/Types/STPPaymentMethodKlarna.swift (in target 'StripePayments' from project 'Stripe')
    cd /Users/xinyufang/Documents/Buzz/Buzz.xcodeproj
    

SwiftCompile normal arm64 /Users/xinyufang/Library/Developer/Xcode/DerivedData/Buzz-faillbpsmponqzeruhhvskovixzk/SourcePackages/checkouts/stripe-ios-spm/StripePayments/StripePayments/Source/API\ Bindings/Models/PaymentMethods/Types/STPPaymentMethodKlarnaParams.swift (in target 'StripePayments' from project 'Stripe')
    cd /Users/xinyufang/Documents/Buzz/Buzz.xcodeproj
    

SwiftCompile normal arm64 /Users/xinyufang/Library/Developer/Xcode/DerivedData/Buzz-faillbpsmponqzeruhhvskovixzk/SourcePackages/checkouts/stripe-ios-spm/StripePayments/StripePayments/Source/API\ Bindings/Models/PaymentMethods/Types/STPPaymentMethodLink.swift (in target 'StripePayments' from project 'Stripe')
    cd /Users/xinyufang/Documents/Buzz/Buzz.xcodeproj
    

SwiftCompile normal arm64 /Users/xinyufang/Library/Developer/Xcode/DerivedData/Buzz-faillbpsmponqzeruhhvskovixzk/SourcePackages/checkouts/stripe-ios-spm/StripePayments/StripePayments/Source/API\ Bindings/Models/PaymentMethods/Types/STPPaymentMethodLinkParams.swift (in target 'StripePayments' from project 'Stripe')
    cd /Users/xinyufang/Documents/Buzz/Buzz.xcodeproj
    

SwiftCompile normal arm64 /Users/xinyufang/Library/Developer/Xcode/DerivedData/Buzz-faillbpsmponqzeruhhvskovixzk/SourcePackages/checkouts/stripe-ios-spm/StripePayments/StripePayments/Source/API\ Bindings/Models/PaymentMethods/Types/STPPaymentMethodMobilePay.swift (in target 'StripePayments' from project 'Stripe')
    cd /Users/xinyufang/Documents/Buzz/Buzz.xcodeproj
    

SwiftCompile normal arm64 /Users/xinyufang/Library/Developer/Xcode/DerivedData/Buzz-faillbpsmponqzeruhhvskovixzk/SourcePackages/checkouts/stripe-ios-spm/StripePayments/StripePayments/Source/API\ Bindings/Models/PaymentMethods/Types/STPPaymentMethodMobilePayParams.swift (in target 'StripePayments' from project 'Stripe')
    cd /Users/xinyufang/Documents/Buzz/Buzz.xcodeproj
    

SwiftCompile normal arm64 /Users/xinyufang/Library/Developer/Xcode/DerivedData/Buzz-faillbpsmponqzeruhhvskovixzk/SourcePackages/checkouts/stripe-ios-spm/StripePayments/StripePayments/Source/API\ Bindings/Models/PaymentMethods/Types/STPPaymentMethodMultibanco.swift (in target 'StripePayments' from project 'Stripe')
    cd /Users/xinyufang/Documents/Buzz/Buzz.xcodeproj
    

SwiftCompile normal arm64 /Users/xinyufang/Library/Developer/Xcode/DerivedData/Buzz-faillbpsmponqzeruhhvskovixzk/SourcePackages/checkouts/stripe-ios-spm/StripePayments/StripePayments/Source/API\ Bindings/Models/PaymentMethods/Types/STPPaymentMethodMultibancoParams.swift (in target 'StripePayments' from project 'Stripe')
    cd /Users/xinyufang/Documents/Buzz/Buzz.xcodeproj
    

SwiftCompile normal arm64 /Users/xinyufang/Library/Developer/Xcode/DerivedData/Buzz-faillbpsmponqzeruhhvskovixzk/SourcePackages/checkouts/stripe-ios-spm/StripePayments/StripePayments/Source/API\ Bindings/Models/PaymentMethods/Types/STPPaymentMethodNetBanking.swift (in target 'StripePayments' from project 'Stripe')
    cd /Users/xinyufang/Documents/Buzz/Buzz.xcodeproj
    

SwiftCompile normal arm64 /Users/xinyufang/Library/Developer/Xcode/DerivedData/Buzz-faillbpsmponqzeruhhvskovixzk/SourcePackages/checkouts/stripe-ios-spm/StripePayments/StripePayments/Source/API\ Bindings/Models/PaymentMethods/Types/STPPaymentMethodNetBankingParams.swift (in target 'StripePayments' from project 'Stripe')
    cd /Users/xinyufang/Documents/Buzz/Buzz.xcodeproj
    

SwiftCompile normal arm64 /Users/xinyufang/Library/Developer/Xcode/DerivedData/Buzz-faillbpsmponqzeruhhvskovixzk/SourcePackages/checkouts/stripe-ios-spm/StripePayments/StripePayments/Source/API\ Bindings/Models/PaymentMethods/Types/STPPaymentMethodOXXO.swift (in target 'StripePayments' from project 'Stripe')
    cd /Users/xinyufang/Documents/Buzz/Buzz.xcodeproj
    

SwiftCompile normal arm64 /Users/xinyufang/Library/Developer/Xcode/DerivedData/Buzz-faillbpsmponqzeruhhvskovixzk/SourcePackages/checkouts/stripe-ios-spm/StripePayments/StripePayments/Source/API\ Bindings/Models/PaymentMethods/Types/STPPaymentMethodOXXOParams.swift (in target 'StripePayments' from project 'Stripe')
    cd /Users/xinyufang/Documents/Buzz/Buzz.xcodeproj
    

SwiftCompile normal arm64 /Users/xinyufang/Library/Developer/Xcode/DerivedData/Buzz-faillbpsmponqzeruhhvskovixzk/SourcePackages/checkouts/stripe-ios-spm/StripePayments/StripePayments/Source/API\ Bindings/Models/PaymentMethods/Types/STPPaymentMethodPayPal.swift (in target 'StripePayments' from project 'Stripe')
    cd /Users/xinyufang/Documents/Buzz/Buzz.xcodeproj
    

SwiftCompile normal arm64 /Users/xinyufang/Library/Developer/Xcode/DerivedData/Buzz-faillbpsmponqzeruhhvskovixzk/SourcePackages/checkouts/stripe-ios-spm/StripePayments/StripePayments/Source/API\ Bindings/Models/PaymentMethods/Types/STPPaymentMethodPayPalParams.swift (in target 'StripePayments' from project 'Stripe')
    cd /Users/xinyufang/Documents/Buzz/Buzz.xcodeproj
    

SwiftCompile normal arm64 /Users/xinyufang/Library/Developer/Xcode/DerivedData/Buzz-faillbpsmponqzeruhhvskovixzk/SourcePackages/checkouts/stripe-ios-spm/StripePayments/StripePayments/Source/API\ Bindings/Models/PaymentMethods/Types/STPPaymentMethodPrzelewy24.swift (in target 'StripePayments' from project 'Stripe')
    cd /Users/xinyufang/Documents/Buzz/Buzz.xcodeproj
    

SwiftCompile normal arm64 /Users/xinyufang/Library/Developer/Xcode/DerivedData/Buzz-faillbpsmponqzeruhhvskovixzk/SourcePackages/checkouts/stripe-ios-spm/StripePayments/StripePayments/Source/API\ Bindings/Models/PaymentMethods/Types/STPPaymentMethodPrzelewy24Params.swift (in target 'StripePayments' from project 'Stripe')
    cd /Users/xinyufang/Documents/Buzz/Buzz.xcodeproj
    

SwiftCompile normal arm64 /Users/xinyufang/Library/Developer/Xcode/DerivedData/Buzz-faillbpsmponqzeruhhvskovixzk/SourcePackages/checkouts/stripe-ios-spm/StripePayments/StripePayments/Source/API\ Bindings/Models/PaymentMethods/Types/STPPaymentMethodRevolutPay.swift (in target 'StripePayments' from project 'Stripe')
    cd /Users/xinyufang/Documents/Buzz/Buzz.xcodeproj
    

SwiftCompile normal arm64 /Users/xinyufang/Library/Developer/Xcode/DerivedData/Buzz-faillbpsmponqzeruhhvskovixzk/SourcePackages/checkouts/stripe-ios-spm/StripePayments/StripePayments/Source/API\ Bindings/Models/PaymentMethods/Types/STPPaymentMethodRevolutPayParams.swift (in target 'StripePayments' from project 'Stripe')
    cd /Users/xinyufang/Documents/Buzz/Buzz.xcodeproj
    

SwiftCompile normal arm64 /Users/xinyufang/Library/Developer/Xcode/DerivedData/Buzz-faillbpsmponqzeruhhvskovixzk/SourcePackages/checkouts/stripe-ios-spm/StripePayments/StripePayments/Source/API\ Bindings/Models/PaymentMethods/Types/STPPaymentMethodSEPADebit.swift (in target 'StripePayments' from project 'Stripe')
    cd /Users/xinyufang/Documents/Buzz/Buzz.xcodeproj
    

SwiftCompile normal arm64 /Users/xinyufang/Library/Developer/Xcode/DerivedData/Buzz-faillbpsmponqzeruhhvskovixzk/SourcePackages/checkouts/stripe-ios-spm/StripePayments/StripePayments/Source/API\ Bindings/Models/PaymentMethods/Types/STPPaymentMethodSEPADebitParams.swift (in target 'StripePayments' from project 'Stripe')
    cd /Users/xinyufang/Documents/Buzz/Buzz.xcodeproj
    

SwiftCompile normal arm64 /Users/xinyufang/Library/Developer/Xcode/DerivedData/Buzz-faillbpsmponqzeruhhvskovixzk/SourcePackages/checkouts/stripe-ios-spm/StripePayments/StripePayments/Source/API\ Bindings/Models/PaymentMethods/Types/STPPaymentMethodSatispay.swift (in target 'StripePayments' from project 'Stripe')
    cd /Users/xinyufang/Documents/Buzz/Buzz.xcodeproj
    

SwiftDriverJobDiscovery normal arm64 Compiling OneTimeCodeTextFieldRepresentable.swift, CheckboxButton.swift, CheckboxElement.swift, ContainerElement.swift, DropdownFieldElement.swift, Element.swift, ElementsUI.swift, AddressSectionElement+DummyAddressLine.swift, AddressSectionElement.swift, AddressSpec+ElementFactory.swift (in target 'StripeUICore' from project 'Stripe')

Ld /Users/xinyufang/Library/Developer/Xcode/DerivedData/Buzz-faillbpsmponqzeruhhvskovixzk/Build/Products/Debug-iphonesimulator/Stripe3DS2.o normal (in target 'Stripe3DS2' from project 'Stripe')
    cd /Users/xinyufang/Library/Developer/Xcode/DerivedData/Buzz-faillbpsmponqzeruhhvskovixzk/SourcePackages/checkouts/stripe-ios-spm
    /Applications/Xcode.app/Contents/Developer/Toolchains/XcodeDefault.xctoolchain/usr/bin/clang -Xlinker -reproducible -target arm64-apple-ios13.0-simulator -r -isysroot /Applications/Xcode.app/Contents/Developer/Platforms/iPhoneSimulator.platform/Developer/SDKs/iPhoneSimulator26.0.sdk -O0 -w -L/Users/xinyufang/Library/Developer/Xcode/DerivedData/Buzz-faillbpsmponqzeruhhvskovixzk/Build/Intermediates.noindex/EagerLinkingTBDs/Debug-iphonesimulator -L/Users/xinyufang/Library/Developer/Xcode/DerivedData/Buzz-faillbpsmponqzeruhhvskovixzk/Build/Products/Debug-iphonesimulator -L/Applications/Xcode.app/Contents/Developer/Platforms/iPhoneSimulator.platform/Developer/usr/lib -F/Users/xinyufang/Library/Developer/Xcode/DerivedData/Buzz-faillbpsmponqzeruhhvskovixzk/Build/Intermediates.noindex/EagerLinkingTBDs/Debug-iphonesimulator -F/Users/xinyufang/Library/Developer/Xcode/DerivedData/Buzz-faillbpsmponqzeruhhvskovixzk/Build/Products/Debug-iphonesimulator -iframework /Applications/Xcode.app/Contents/Developer/Platforms/iPhoneSimulator.platform/Developer/Library/Frameworks -iframework /Applications/Xcode.app/Contents/Developer/Platforms/iPhoneSimulator.platform/Developer/SDKs/iPhoneSimulator26.0.sdk/Developer/Library/Frameworks -filelist /Users/xinyufang/Library/Developer/Xcode/DerivedData/Buzz-faillbpsmponqzeruhhvskovixzk/Build/Intermediates.noindex/Stripe.build/Debug-iphonesimulator/Stripe3DS2.build/Objects-normal/arm64/Stripe3DS2.LinkFileList -nostdlib -Xlinker -object_path_lto -Xlinker /Users/xinyufang/Library/Developer/Xcode/DerivedData/Buzz-faillbpsmponqzeruhhvskovixzk/Build/Intermediates.noindex/Stripe.build/Debug-iphonesimulator/Stripe3DS2.build/Objects-normal/arm64/Stripe3DS2_lto.o -rdynamic -Xlinker -no_deduplicate -Xlinker -objc_abi_version -Xlinker 2 -Xlinker -dependency_info -Xlinker /Users/xinyufang/Library/Developer/Xcode/DerivedData/Buzz-faillbpsmponqzeruhhvskovixzk/Build/Intermediates.noindex/Stripe.build/Debug-iphonesimulator/Stripe3DS2.build/Objects-normal/arm64/Stripe3DS2_dependency_info.dat -fobjc-arc -fobjc-link-runtime -o /Users/xinyufang/Library/Developer/Xcode/DerivedData/Buzz-faillbpsmponqzeruhhvskovixzk/Build/Products/Debug-iphonesimulator/Stripe3DS2.o

SwiftCompile normal arm64 Compiling\ STPPaymentMethodSatispayParams.swift,\ STPPaymentMethodShopPay.swift,\ STPPaymentMethodShopPayParams.swift,\ STPPaymentMethodSunbit.swift,\ STPPaymentMethodSunbitParams.swift,\ STPPaymentMethodSwish.swift,\ STPPaymentMethodSwishParams.swift,\ STPPaymentMethodThreeDSecureUsage.swift,\ STPPaymentMethodUPI.swift,\ STPPaymentMethodUPIParams.swift,\ STPPaymentMethodUSBankAccount.swift,\ STPPaymentMethodUSBankAccountParams.swift,\ STPPaymentMethodWeChatPay.swift,\ STPPaymentMethodWeChatPayParams.swift,\ STPPaymentMethodiDEAL.swift,\ STPPaymentMethodiDEALParams.swift,\ STPAPIResponseDecodable.swift,\ STPAddress.swift,\ STPCardBrand.swift,\ STPConnectAccountAddress.swift,\ STPConnectAccountCompanyParams.swift,\ STPConnectAccountIndividualParams.swift,\ STPConnectAccountParams.swift,\ STPContactField.swift,\ STPCustomer.swift /Users/xinyufang/Library/Developer/Xcode/DerivedData/Buzz-faillbpsmponqzeruhhvskovixzk/SourcePackages/checkouts/stripe-ios-spm/StripePayments/StripePayments/Source/API\ Bindings/Models/PaymentMethods/Types/STPPaymentMethodSatispayParams.swift /Users/xinyufang/Library/Developer/Xcode/DerivedData/Buzz-faillbpsmponqzeruhhvskovixzk/SourcePackages/checkouts/stripe-ios-spm/StripePayments/StripePayments/Source/API\ Bindings/Models/PaymentMethods/Types/STPPaymentMethodShopPay.swift /Users/xinyufang/Library/Developer/Xcode/DerivedData/Buzz-faillbpsmponqzeruhhvskovixzk/SourcePackages/checkouts/stripe-ios-spm/StripePayments/StripePayments/Source/API\ Bindings/Models/PaymentMethods/Types/STPPaymentMethodShopPayParams.swift /Users/xinyufang/Library/Developer/Xcode/DerivedData/Buzz-faillbpsmponqzeruhhvskovixzk/SourcePackages/checkouts/stripe-ios-spm/StripePayments/StripePayments/Source/API\ Bindings/Models/PaymentMethods/Types/STPPaymentMethodSunbit.swift /Users/xinyufang/Library/Developer/Xcode/DerivedData/Buzz-faillbpsmponqzeruhhvskovixzk/SourcePackages/checkouts/stripe-ios-spm/StripePayments/StripePayments/Source/API\ Bindings/Models/PaymentMethods/Types/STPPaymentMethodSunbitParams.swift /Users/xinyufang/Library/Developer/Xcode/DerivedData/Buzz-faillbpsmponqzeruhhvskovixzk/SourcePackages/checkouts/stripe-ios-spm/StripePayments/StripePayments/Source/API\ Bindings/Models/PaymentMethods/Types/STPPaymentMethodSwish.swift /Users/xinyufang/Library/Developer/Xcode/DerivedData/Buzz-faillbpsmponqzeruhhvskovixzk/SourcePackages/checkouts/stripe-ios-spm/StripePayments/StripePayments/Source/API\ Bindings/Models/PaymentMethods/Types/STPPaymentMethodSwishParams.swift /Users/xinyufang/Library/Developer/Xcode/DerivedData/Buzz-faillbpsmponqzeruhhvskovixzk/SourcePackages/checkouts/stripe-ios-spm/StripePayments/StripePayments/Source/API\ Bindings/Models/PaymentMethods/Types/STPPaymentMethodThreeDSecureUsage.swift /Users/xinyufang/Library/Developer/Xcode/DerivedData/Buzz-faillbpsmponqzeruhhvskovixzk/SourcePackages/checkouts/stripe-ios-spm/StripePayments/StripePayments/Source/API\ Bindings/Models/PaymentMethods/Types/STPPaymentMethodUPI.swift /Users/xinyufang/Library/Developer/Xcode/DerivedData/Buzz-faillbpsmponqzeruhhvskovixzk/SourcePackages/checkouts/stripe-ios-spm/StripePayments/StripePayments/Source/API\ Bindings/Models/PaymentMethods/Types/STPPaymentMethodUPIParams.swift /Users/xinyufang/Library/Developer/Xcode/DerivedData/Buzz-faillbpsmponqzeruhhvskovixzk/SourcePackages/checkouts/stripe-ios-spm/StripePayments/StripePayments/Source/API\ Bindings/Models/PaymentMethods/Types/STPPaymentMethodUSBankAccount.swift /Users/xinyufang/Library/Developer/Xcode/DerivedData/Buzz-faillbpsmponqzeruhhvskovixzk/SourcePackages/checkouts/stripe-ios-spm/StripePayments/StripePayments/Source/API\ Bindings/Models/PaymentMethods/Types/STPPaymentMethodUSBankAccountParams.swift /Users/xinyufang/Library/Developer/Xcode/DerivedData/Buzz-faillbpsmponqzeruhhvskovixzk/SourcePackages/checkouts/stripe-ios-spm/StripePayments/StripePayments/Source/API\ Bindings/Models/PaymentMethods/Types/STPPaymentMethodWeChatPay.swift /Users/xinyufang/Library/Developer/Xcode/DerivedData/Buzz-faillbpsmponqzeruhhvskovixzk/SourcePackages/checkouts/stripe-ios-spm/StripePayments/StripePayments/Source/API\ Bindings/Models/PaymentMethods/Types/STPPaymentMethodWeChatPayParams.swift /Users/xinyufang/Library/Developer/Xcode/DerivedData/Buzz-faillbpsmponqzeruhhvskovixzk/SourcePackages/checkouts/stripe-ios-spm/StripePayments/StripePayments/Source/API\ Bindings/Models/PaymentMethods/Types/STPPaymentMethodiDEAL.swift /Users/xinyufang/Library/Developer/Xcode/DerivedData/Buzz-faillbpsmponqzeruhhvskovixzk/SourcePackages/checkouts/stripe-ios-spm/StripePayments/StripePayments/Source/API\ Bindings/Models/PaymentMethods/Types/STPPaymentMethodiDEALParams.swift /Users/xinyufang/Library/Developer/Xcode/DerivedData/Buzz-faillbpsmponqzeruhhvskovixzk/SourcePackages/checkouts/stripe-ios-spm/StripePayments/StripePayments/Source/API\ Bindings/Models/STPAPIResponseDecodable.swift /Users/xinyufang/Library/Developer/Xcode/DerivedData/Buzz-faillbpsmponqzeruhhvskovixzk/SourcePackages/checkouts/stripe-ios-spm/StripePayments/StripePayments/Source/API\ Bindings/Models/STPAddress.swift /Users/xinyufang/Library/Developer/Xcode/DerivedData/Buzz-faillbpsmponqzeruhhvskovixzk/SourcePackages/checkouts/stripe-ios-spm/StripePayments/StripePayments/Source/API\ Bindings/Models/STPCardBrand.swift /Users/xinyufang/Library/Developer/Xcode/DerivedData/Buzz-faillbpsmponqzeruhhvskovixzk/SourcePackages/checkouts/stripe-ios-spm/StripePayments/StripePayments/Source/API\ Bindings/Models/STPConnectAccountAddress.swift /Users/xinyufang/Library/Developer/Xcode/DerivedData/Buzz-faillbpsmponqzeruhhvskovixzk/SourcePackages/checkouts/stripe-ios-spm/StripePayments/StripePayments/Source/API\ Bindings/Models/STPConnectAccountCompanyParams.swift /Users/xinyufang/Library/Developer/Xcode/DerivedData/Buzz-faillbpsmponqzeruhhvskovixzk/SourcePackages/checkouts/stripe-ios-spm/StripePayments/StripePayments/Source/API\ Bindings/Models/STPConnectAccountIndividualParams.swift /Users/xinyufang/Library/Developer/Xcode/DerivedData/Buzz-faillbpsmponqzeruhhvskovixzk/SourcePackages/checkouts/stripe-ios-spm/StripePayments/StripePayments/Source/API\ Bindings/Models/STPConnectAccountParams.swift /Users/xinyufang/Library/Developer/Xcode/DerivedData/Buzz-faillbpsmponqzeruhhvskovixzk/SourcePackages/checkouts/stripe-ios-spm/StripePayments/StripePayments/Source/API\ Bindings/Models/STPContactField.swift /Users/xinyufang/Library/Developer/Xcode/DerivedData/Buzz-faillbpsmponqzeruhhvskovixzk/SourcePackages/checkouts/stripe-ios-spm/StripePayments/StripePayments/Source/API\ Bindings/Models/STPCustomer.swift (in target 'StripePayments' from project 'Stripe')
SwiftCompile normal arm64 /Users/xinyufang/Library/Developer/Xcode/DerivedData/Buzz-faillbpsmponqzeruhhvskovixzk/SourcePackages/checkouts/stripe-ios-spm/StripePayments/StripePayments/Source/API\ Bindings/Models/PaymentMethods/Types/STPPaymentMethodSatispayParams.swift (in target 'StripePayments' from project 'Stripe')
    cd /Users/xinyufang/Documents/Buzz/Buzz.xcodeproj
    

SwiftCompile normal arm64 /Users/xinyufang/Library/Developer/Xcode/DerivedData/Buzz-faillbpsmponqzeruhhvskovixzk/SourcePackages/checkouts/stripe-ios-spm/StripePayments/StripePayments/Source/API\ Bindings/Models/PaymentMethods/Types/STPPaymentMethodShopPay.swift (in target 'StripePayments' from project 'Stripe')
    cd /Users/xinyufang/Documents/Buzz/Buzz.xcodeproj
    

SwiftCompile normal arm64 /Users/xinyufang/Library/Developer/Xcode/DerivedData/Buzz-faillbpsmponqzeruhhvskovixzk/SourcePackages/checkouts/stripe-ios-spm/StripePayments/StripePayments/Source/API\ Bindings/Models/PaymentMethods/Types/STPPaymentMethodShopPayParams.swift (in target 'StripePayments' from project 'Stripe')
    cd /Users/xinyufang/Documents/Buzz/Buzz.xcodeproj
    

SwiftCompile normal arm64 /Users/xinyufang/Library/Developer/Xcode/DerivedData/Buzz-faillbpsmponqzeruhhvskovixzk/SourcePackages/checkouts/stripe-ios-spm/StripePayments/StripePayments/Source/API\ Bindings/Models/PaymentMethods/Types/STPPaymentMethodSunbit.swift (in target 'StripePayments' from project 'Stripe')
    cd /Users/xinyufang/Documents/Buzz/Buzz.xcodeproj
    

SwiftCompile normal arm64 /Users/xinyufang/Library/Developer/Xcode/DerivedData/Buzz-faillbpsmponqzeruhhvskovixzk/SourcePackages/checkouts/stripe-ios-spm/StripePayments/StripePayments/Source/API\ Bindings/Models/PaymentMethods/Types/STPPaymentMethodSunbitParams.swift (in target 'StripePayments' from project 'Stripe')
    cd /Users/xinyufang/Documents/Buzz/Buzz.xcodeproj
    

SwiftCompile normal arm64 /Users/xinyufang/Library/Developer/Xcode/DerivedData/Buzz-faillbpsmponqzeruhhvskovixzk/SourcePackages/checkouts/stripe-ios-spm/StripePayments/StripePayments/Source/API\ Bindings/Models/PaymentMethods/Types/STPPaymentMethodSwish.swift (in target 'StripePayments' from project 'Stripe')
    cd /Users/xinyufang/Documents/Buzz/Buzz.xcodeproj
    

SwiftCompile normal arm64 /Users/xinyufang/Library/Developer/Xcode/DerivedData/Buzz-faillbpsmponqzeruhhvskovixzk/SourcePackages/checkouts/stripe-ios-spm/StripePayments/StripePayments/Source/API\ Bindings/Models/PaymentMethods/Types/STPPaymentMethodSwishParams.swift (in target 'StripePayments' from project 'Stripe')
    cd /Users/xinyufang/Documents/Buzz/Buzz.xcodeproj
    

SwiftCompile normal arm64 /Users/xinyufang/Library/Developer/Xcode/DerivedData/Buzz-faillbpsmponqzeruhhvskovixzk/SourcePackages/checkouts/stripe-ios-spm/StripePayments/StripePayments/Source/API\ Bindings/Models/PaymentMethods/Types/STPPaymentMethodThreeDSecureUsage.swift (in target 'StripePayments' from project 'Stripe')
    cd /Users/xinyufang/Documents/Buzz/Buzz.xcodeproj
    

SwiftCompile normal arm64 /Users/xinyufang/Library/Developer/Xcode/DerivedData/Buzz-faillbpsmponqzeruhhvskovixzk/SourcePackages/checkouts/stripe-ios-spm/StripePayments/StripePayments/Source/API\ Bindings/Models/PaymentMethods/Types/STPPaymentMethodUPI.swift (in target 'StripePayments' from project 'Stripe')
    cd /Users/xinyufang/Documents/Buzz/Buzz.xcodeproj
    

SwiftCompile normal arm64 /Users/xinyufang/Library/Developer/Xcode/DerivedData/Buzz-faillbpsmponqzeruhhvskovixzk/SourcePackages/checkouts/stripe-ios-spm/StripePayments/StripePayments/Source/API\ Bindings/Models/PaymentMethods/Types/STPPaymentMethodUPIParams.swift (in target 'StripePayments' from project 'Stripe')
    cd /Users/xinyufang/Documents/Buzz/Buzz.xcodeproj
    

SwiftCompile normal arm64 /Users/xinyufang/Library/Developer/Xcode/DerivedData/Buzz-faillbpsmponqzeruhhvskovixzk/SourcePackages/checkouts/stripe-ios-spm/StripePayments/StripePayments/Source/API\ Bindings/Models/PaymentMethods/Types/STPPaymentMethodUSBankAccount.swift (in target 'StripePayments' from project 'Stripe')
    cd /Users/xinyufang/Documents/Buzz/Buzz.xcodeproj
    

SwiftCompile normal arm64 /Users/xinyufang/Library/Developer/Xcode/DerivedData/Buzz-faillbpsmponqzeruhhvskovixzk/SourcePackages/checkouts/stripe-ios-spm/StripePayments/StripePayments/Source/API\ Bindings/Models/PaymentMethods/Types/STPPaymentMethodUSBankAccountParams.swift (in target 'StripePayments' from project 'Stripe')
    cd /Users/xinyufang/Documents/Buzz/Buzz.xcodeproj
    

SwiftCompile normal arm64 /Users/xinyufang/Library/Developer/Xcode/DerivedData/Buzz-faillbpsmponqzeruhhvskovixzk/SourcePackages/checkouts/stripe-ios-spm/StripePayments/StripePayments/Source/API\ Bindings/Models/PaymentMethods/Types/STPPaymentMethodWeChatPay.swift (in target 'StripePayments' from project 'Stripe')
    cd /Users/xinyufang/Documents/Buzz/Buzz.xcodeproj
    

SwiftCompile normal arm64 /Users/xinyufang/Library/Developer/Xcode/DerivedData/Buzz-faillbpsmponqzeruhhvskovixzk/SourcePackages/checkouts/stripe-ios-spm/StripePayments/StripePayments/Source/API\ Bindings/Models/PaymentMethods/Types/STPPaymentMethodWeChatPayParams.swift (in target 'StripePayments' from project 'Stripe')
    cd /Users/xinyufang/Documents/Buzz/Buzz.xcodeproj
    

SwiftCompile normal arm64 /Users/xinyufang/Library/Developer/Xcode/DerivedData/Buzz-faillbpsmponqzeruhhvskovixzk/SourcePackages/checkouts/stripe-ios-spm/StripePayments/StripePayments/Source/API\ Bindings/Models/PaymentMethods/Types/STPPaymentMethodiDEAL.swift (in target 'StripePayments' from project 'Stripe')
    cd /Users/xinyufang/Documents/Buzz/Buzz.xcodeproj
    

SwiftCompile normal arm64 /Users/xinyufang/Library/Developer/Xcode/DerivedData/Buzz-faillbpsmponqzeruhhvskovixzk/SourcePackages/checkouts/stripe-ios-spm/StripePayments/StripePayments/Source/API\ Bindings/Models/PaymentMethods/Types/STPPaymentMethodiDEALParams.swift (in target 'StripePayments' from project 'Stripe')
    cd /Users/xinyufang/Documents/Buzz/Buzz.xcodeproj
    

SwiftCompile normal arm64 /Users/xinyufang/Library/Developer/Xcode/DerivedData/Buzz-faillbpsmponqzeruhhvskovixzk/SourcePackages/checkouts/stripe-ios-spm/StripePayments/StripePayments/Source/API\ Bindings/Models/STPAPIResponseDecodable.swift (in target 'StripePayments' from project 'Stripe')
    cd /Users/xinyufang/Documents/Buzz/Buzz.xcodeproj
    

SwiftCompile normal arm64 /Users/xinyufang/Library/Developer/Xcode/DerivedData/Buzz-faillbpsmponqzeruhhvskovixzk/SourcePackages/checkouts/stripe-ios-spm/StripePayments/StripePayments/Source/API\ Bindings/Models/STPAddress.swift (in target 'StripePayments' from project 'Stripe')
    cd /Users/xinyufang/Documents/Buzz/Buzz.xcodeproj
    

SwiftCompile normal arm64 /Users/xinyufang/Library/Developer/Xcode/DerivedData/Buzz-faillbpsmponqzeruhhvskovixzk/SourcePackages/checkouts/stripe-ios-spm/StripePayments/StripePayments/Source/API\ Bindings/Models/STPCardBrand.swift (in target 'StripePayments' from project 'Stripe')
    cd /Users/xinyufang/Documents/Buzz/Buzz.xcodeproj
    

SwiftCompile normal arm64 /Users/xinyufang/Library/Developer/Xcode/DerivedData/Buzz-faillbpsmponqzeruhhvskovixzk/SourcePackages/checkouts/stripe-ios-spm/StripePayments/StripePayments/Source/API\ Bindings/Models/STPConnectAccountAddress.swift (in target 'StripePayments' from project 'Stripe')
    cd /Users/xinyufang/Documents/Buzz/Buzz.xcodeproj
    

SwiftCompile normal arm64 /Users/xinyufang/Library/Developer/Xcode/DerivedData/Buzz-faillbpsmponqzeruhhvskovixzk/SourcePackages/checkouts/stripe-ios-spm/StripePayments/StripePayments/Source/API\ Bindings/Models/STPConnectAccountCompanyParams.swift (in target 'StripePayments' from project 'Stripe')
    cd /Users/xinyufang/Documents/Buzz/Buzz.xcodeproj
    

SwiftCompile normal arm64 /Users/xinyufang/Library/Developer/Xcode/DerivedData/Buzz-faillbpsmponqzeruhhvskovixzk/SourcePackages/checkouts/stripe-ios-spm/StripePayments/StripePayments/Source/API\ Bindings/Models/STPConnectAccountIndividualParams.swift (in target 'StripePayments' from project 'Stripe')
    cd /Users/xinyufang/Documents/Buzz/Buzz.xcodeproj
    

SwiftCompile normal arm64 /Users/xinyufang/Library/Developer/Xcode/DerivedData/Buzz-faillbpsmponqzeruhhvskovixzk/SourcePackages/checkouts/stripe-ios-spm/StripePayments/StripePayments/Source/API\ Bindings/Models/STPConnectAccountParams.swift (in target 'StripePayments' from project 'Stripe')
    cd /Users/xinyufang/Documents/Buzz/Buzz.xcodeproj
    

SwiftCompile normal arm64 /Users/xinyufang/Library/Developer/Xcode/DerivedData/Buzz-faillbpsmponqzeruhhvskovixzk/SourcePackages/checkouts/stripe-ios-spm/StripePayments/StripePayments/Source/API\ Bindings/Models/STPContactField.swift (in target 'StripePayments' from project 'Stripe')
    cd /Users/xinyufang/Documents/Buzz/Buzz.xcodeproj
    

SwiftCompile normal arm64 /Users/xinyufang/Library/Developer/Xcode/DerivedData/Buzz-faillbpsmponqzeruhhvskovixzk/SourcePackages/checkouts/stripe-ios-spm/StripePayments/StripePayments/Source/API\ Bindings/Models/STPCustomer.swift (in target 'StripePayments' from project 'Stripe')
    cd /Users/xinyufang/Documents/Buzz/Buzz.xcodeproj
    

SwiftDriverJobDiscovery normal arm64 Compiling resource_bundle_accessor.swift, CALayer+StripeUICore.swift, Enums+CustomStringConvertible.swift, Locale+StripeUICore.swift, NSAttributedString+StripeUICore.swift, NSDirectionalEdgeInsets+StripeUICore.swift, UIBarButtonItem+StripeUICore.swift, UIButton+StripeUICore.swift, UIColor+StripeUICore.swift, UIFont+StripeUICore.swift, UIKeyboardType+StripeUICore.swift (in target 'StripeUICore' from project 'Stripe')

SwiftCompile normal arm64 Compiling\ HCaptchaError.swift,\ HCaptchaEvent.swift,\ HCaptchaHtml.swift,\ HCaptchaLog.swift,\ HCaptchaResult.swift,\ HCaptchaURLOpener.swift,\ HCaptchaWebViewManager+WKNavigationDelegate.swift,\ HCaptchaWebViewManager.swift,\ PassiveCaptcha.swift,\ String+Dict.swift,\ Enums+CustomStringConvertible.swift,\ STPBINController.swift,\ STPBankAccountCollector.swift,\ STPBankAccountCollectorUserInterfaceStyle.swift,\ STPBlocks.swift,\ STPCardValidator.swift,\ STPLocalizedString.swift,\ STPPaymentConfirmation+SwiftUI.swift,\ StripePayments+Export.swift,\ StripePaymentsBundleLocator.swift,\ APIRequest.swift,\ STP3DS2AuthenticateResponse.swift,\ STPEmptyStripeResponse.swift,\ STPFormEncoder.swift /Users/xinyufang/Library/Developer/Xcode/DerivedData/Buzz-faillbpsmponqzeruhhvskovixzk/SourcePackages/checkouts/stripe-ios-spm/StripePayments/StripePayments/Source/Captcha/HCaptchaError.swift /Users/xinyufang/Library/Developer/Xcode/DerivedData/Buzz-faillbpsmponqzeruhhvskovixzk/SourcePackages/checkouts/stripe-ios-spm/StripePayments/StripePayments/Source/Captcha/HCaptchaEvent.swift /Users/xinyufang/Library/Developer/Xcode/DerivedData/Buzz-faillbpsmponqzeruhhvskovixzk/SourcePackages/checkouts/stripe-ios-spm/StripePayments/StripePayments/Source/Captcha/HCaptchaHtml.swift /Users/xinyufang/Library/Developer/Xcode/DerivedData/Buzz-faillbpsmponqzeruhhvskovixzk/SourcePackages/checkouts/stripe-ios-spm/StripePayments/StripePayments/Source/Captcha/HCaptchaLog.swift /Users/xinyufang/Library/Developer/Xcode/DerivedData/Buzz-faillbpsmponqzeruhhvskovixzk/SourcePackages/checkouts/stripe-ios-spm/StripePayments/StripePayments/Source/Captcha/HCaptchaResult.swift /Users/xinyufang/Library/Developer/Xcode/DerivedData/Buzz-faillbpsmponqzeruhhvskovixzk/SourcePackages/checkouts/stripe-ios-spm/StripePayments/StripePayments/Source/Captcha/HCaptchaURLOpener.swift /Users/xinyufang/Library/Developer/Xcode/DerivedData/Buzz-faillbpsmponqzeruhhvskovixzk/SourcePackages/checkouts/stripe-ios-spm/StripePayments/StripePayments/Source/Captcha/HCaptchaWebViewManager+WKNavigationDelegate.swift /Users/xinyufang/Library/Developer/Xcode/DerivedData/Buzz-faillbpsmponqzeruhhvskovixzk/SourcePackages/checkouts/stripe-ios-spm/StripePayments/StripePayments/Source/Captcha/HCaptchaWebViewManager.swift /Users/xinyufang/Library/Developer/Xcode/DerivedData/Buzz-faillbpsmponqzeruhhvskovixzk/SourcePackages/checkouts/stripe-ios-spm/StripePayments/StripePayments/Source/Captcha/PassiveCaptcha.swift /Users/xinyufang/Library/Developer/Xcode/DerivedData/Buzz-faillbpsmponqzeruhhvskovixzk/SourcePackages/checkouts/stripe-ios-spm/StripePayments/StripePayments/Source/Captcha/String+Dict.swift /Users/xinyufang/Library/Developer/Xcode/DerivedData/Buzz-faillbpsmponqzeruhhvskovixzk/SourcePackages/checkouts/stripe-ios-spm/StripePayments/StripePayments/Source/Categories/Enums+CustomStringConvertible.swift /Users/xinyufang/Library/Developer/Xcode/DerivedData/Buzz-faillbpsmponqzeruhhvskovixzk/SourcePackages/checkouts/stripe-ios-spm/StripePayments/StripePayments/Source/Helpers/STPBINController.swift /Users/xinyufang/Library/Developer/Xcode/DerivedData/Buzz-faillbpsmponqzeruhhvskovixzk/SourcePackages/checkouts/stripe-ios-spm/StripePayments/StripePayments/Source/Helpers/STPBankAccountCollector.swift /Users/xinyufang/Library/Developer/Xcode/DerivedData/Buzz-faillbpsmponqzeruhhvskovixzk/SourcePackages/checkouts/stripe-ios-spm/StripePayments/StripePayments/Source/Helpers/STPBankAccountCollectorUserInterfaceStyle.swift /Users/xinyufang/Library/Developer/Xcode/DerivedData/Buzz-faillbpsmponqzeruhhvskovixzk/SourcePackages/checkouts/stripe-ios-spm/StripePayments/StripePayments/Source/Helpers/STPBlocks.swift /Users/xinyufang/Library/Developer/Xcode/DerivedData/Buzz-faillbpsmponqzeruhhvskovixzk/SourcePackages/checkouts/stripe-ios-spm/StripePayments/StripePayments/Source/Helpers/STPCardValidator.swift /Users/xinyufang/Library/Developer/Xcode/DerivedData/Buzz-faillbpsmponqzeruhhvskovixzk/SourcePackages/checkouts/stripe-ios-spm/StripePayments/StripePayments/Source/Helpers/STPLocalizedString.swift /Users/xinyufang/Library/Developer/Xcode/DerivedData/Buzz-faillbpsmponqzeruhhvskovixzk/SourcePackages/checkouts/stripe-ios-spm/StripePayments/StripePayments/Source/Helpers/STPPaymentConfirmation+SwiftUI.swift /Users/xinyufang/Library/Developer/Xcode/DerivedData/Buzz-faillbpsmponqzeruhhvskovixzk/SourcePackages/checkouts/stripe-ios-spm/StripePayments/StripePayments/Source/Helpers/StripePayments+Export.swift /Users/xinyufang/Library/Developer/Xcode/DerivedData/Buzz-faillbpsmponqzeruhhvskovixzk/SourcePackages/checkouts/stripe-ios-spm/StripePayments/StripePayments/Source/Helpers/StripePaymentsBundleLocator.swift /Users/xinyufang/Library/Developer/Xcode/DerivedData/Buzz-faillbpsmponqzeruhhvskovixzk/SourcePackages/checkouts/stripe-ios-spm/StripePayments/StripePayments/Source/Internal/API\ Bindings/APIRequest.swift /Users/xinyufang/Library/Developer/Xcode/DerivedData/Buzz-faillbpsmponqzeruhhvskovixzk/SourcePackages/checkouts/stripe-ios-spm/StripePayments/StripePayments/Source/Internal/API\ Bindings/STP3DS2AuthenticateResponse.swift /Users/xinyufang/Library/Developer/Xcode/DerivedData/Buzz-faillbpsmponqzeruhhvskovixzk/SourcePackages/checkouts/stripe-ios-spm/StripePayments/StripePayments/Source/Internal/API\ Bindings/STPEmptyStripeResponse.swift /Users/xinyufang/Library/Developer/Xcode/DerivedData/Buzz-faillbpsmponqzeruhhvskovixzk/SourcePackages/checkouts/stripe-ios-spm/StripePayments/StripePayments/Source/Internal/API\ Bindings/STPFormEncoder.swift (in target 'StripePayments' from project 'Stripe')
SwiftCompile normal arm64 /Users/xinyufang/Library/Developer/Xcode/DerivedData/Buzz-faillbpsmponqzeruhhvskovixzk/SourcePackages/checkouts/stripe-ios-spm/StripePayments/StripePayments/Source/Captcha/HCaptchaError.swift (in target 'StripePayments' from project 'Stripe')
    cd /Users/xinyufang/Documents/Buzz/Buzz.xcodeproj
    

SwiftCompile normal arm64 /Users/xinyufang/Library/Developer/Xcode/DerivedData/Buzz-faillbpsmponqzeruhhvskovixzk/SourcePackages/checkouts/stripe-ios-spm/StripePayments/StripePayments/Source/Captcha/HCaptchaEvent.swift (in target 'StripePayments' from project 'Stripe')
    cd /Users/xinyufang/Documents/Buzz/Buzz.xcodeproj
    

SwiftCompile normal arm64 /Users/xinyufang/Library/Developer/Xcode/DerivedData/Buzz-faillbpsmponqzeruhhvskovixzk/SourcePackages/checkouts/stripe-ios-spm/StripePayments/StripePayments/Source/Captcha/HCaptchaHtml.swift (in target 'StripePayments' from project 'Stripe')
    cd /Users/xinyufang/Documents/Buzz/Buzz.xcodeproj
    

SwiftCompile normal arm64 /Users/xinyufang/Library/Developer/Xcode/DerivedData/Buzz-faillbpsmponqzeruhhvskovixzk/SourcePackages/checkouts/stripe-ios-spm/StripePayments/StripePayments/Source/Captcha/HCaptchaLog.swift (in target 'StripePayments' from project 'Stripe')
    cd /Users/xinyufang/Documents/Buzz/Buzz.xcodeproj
    

SwiftCompile normal arm64 /Users/xinyufang/Library/Developer/Xcode/DerivedData/Buzz-faillbpsmponqzeruhhvskovixzk/SourcePackages/checkouts/stripe-ios-spm/StripePayments/StripePayments/Source/Captcha/HCaptchaResult.swift (in target 'StripePayments' from project 'Stripe')
    cd /Users/xinyufang/Documents/Buzz/Buzz.xcodeproj
    

SwiftCompile normal arm64 /Users/xinyufang/Library/Developer/Xcode/DerivedData/Buzz-faillbpsmponqzeruhhvskovixzk/SourcePackages/checkouts/stripe-ios-spm/StripePayments/StripePayments/Source/Captcha/HCaptchaURLOpener.swift (in target 'StripePayments' from project 'Stripe')
    cd /Users/xinyufang/Documents/Buzz/Buzz.xcodeproj
    

SwiftCompile normal arm64 /Users/xinyufang/Library/Developer/Xcode/DerivedData/Buzz-faillbpsmponqzeruhhvskovixzk/SourcePackages/checkouts/stripe-ios-spm/StripePayments/StripePayments/Source/Captcha/HCaptchaWebViewManager+WKNavigationDelegate.swift (in target 'StripePayments' from project 'Stripe')
    cd /Users/xinyufang/Documents/Buzz/Buzz.xcodeproj
    

SwiftCompile normal arm64 /Users/xinyufang/Library/Developer/Xcode/DerivedData/Buzz-faillbpsmponqzeruhhvskovixzk/SourcePackages/checkouts/stripe-ios-spm/StripePayments/StripePayments/Source/Captcha/HCaptchaWebViewManager.swift (in target 'StripePayments' from project 'Stripe')
    cd /Users/xinyufang/Documents/Buzz/Buzz.xcodeproj
    

SwiftCompile normal arm64 /Users/xinyufang/Library/Developer/Xcode/DerivedData/Buzz-faillbpsmponqzeruhhvskovixzk/SourcePackages/checkouts/stripe-ios-spm/StripePayments/StripePayments/Source/Captcha/PassiveCaptcha.swift (in target 'StripePayments' from project 'Stripe')
    cd /Users/xinyufang/Documents/Buzz/Buzz.xcodeproj
    

SwiftCompile normal arm64 /Users/xinyufang/Library/Developer/Xcode/DerivedData/Buzz-faillbpsmponqzeruhhvskovixzk/SourcePackages/checkouts/stripe-ios-spm/StripePayments/StripePayments/Source/Captcha/String+Dict.swift (in target 'StripePayments' from project 'Stripe')
    cd /Users/xinyufang/Documents/Buzz/Buzz.xcodeproj
    

SwiftCompile normal arm64 /Users/xinyufang/Library/Developer/Xcode/DerivedData/Buzz-faillbpsmponqzeruhhvskovixzk/SourcePackages/checkouts/stripe-ios-spm/StripePayments/StripePayments/Source/Categories/Enums+CustomStringConvertible.swift (in target 'StripePayments' from project 'Stripe')
    cd /Users/xinyufang/Documents/Buzz/Buzz.xcodeproj
    

SwiftCompile normal arm64 /Users/xinyufang/Library/Developer/Xcode/DerivedData/Buzz-faillbpsmponqzeruhhvskovixzk/SourcePackages/checkouts/stripe-ios-spm/StripePayments/StripePayments/Source/Helpers/STPBINController.swift (in target 'StripePayments' from project 'Stripe')
    cd /Users/xinyufang/Documents/Buzz/Buzz.xcodeproj
    

SwiftCompile normal arm64 /Users/xinyufang/Library/Developer/Xcode/DerivedData/Buzz-faillbpsmponqzeruhhvskovixzk/SourcePackages/checkouts/stripe-ios-spm/StripePayments/StripePayments/Source/Helpers/STPBankAccountCollector.swift (in target 'StripePayments' from project 'Stripe')
    cd /Users/xinyufang/Documents/Buzz/Buzz.xcodeproj
    

SwiftCompile normal arm64 /Users/xinyufang/Library/Developer/Xcode/DerivedData/Buzz-faillbpsmponqzeruhhvskovixzk/SourcePackages/checkouts/stripe-ios-spm/StripePayments/StripePayments/Source/Helpers/STPBankAccountCollectorUserInterfaceStyle.swift (in target 'StripePayments' from project 'Stripe')
    cd /Users/xinyufang/Documents/Buzz/Buzz.xcodeproj
    

SwiftCompile normal arm64 /Users/xinyufang/Library/Developer/Xcode/DerivedData/Buzz-faillbpsmponqzeruhhvskovixzk/SourcePackages/checkouts/stripe-ios-spm/StripePayments/StripePayments/Source/Helpers/STPBlocks.swift (in target 'StripePayments' from project 'Stripe')
    cd /Users/xinyufang/Documents/Buzz/Buzz.xcodeproj
    

SwiftCompile normal arm64 /Users/xinyufang/Library/Developer/Xcode/DerivedData/Buzz-faillbpsmponqzeruhhvskovixzk/SourcePackages/checkouts/stripe-ios-spm/StripePayments/StripePayments/Source/Helpers/STPCardValidator.swift (in target 'StripePayments' from project 'Stripe')
    cd /Users/xinyufang/Documents/Buzz/Buzz.xcodeproj
    

SwiftCompile normal arm64 /Users/xinyufang/Library/Developer/Xcode/DerivedData/Buzz-faillbpsmponqzeruhhvskovixzk/SourcePackages/checkouts/stripe-ios-spm/StripePayments/StripePayments/Source/Helpers/STPLocalizedString.swift (in target 'StripePayments' from project 'Stripe')
    cd /Users/xinyufang/Documents/Buzz/Buzz.xcodeproj
    

SwiftCompile normal arm64 /Users/xinyufang/Library/Developer/Xcode/DerivedData/Buzz-faillbpsmponqzeruhhvskovixzk/SourcePackages/checkouts/stripe-ios-spm/StripePayments/StripePayments/Source/Helpers/STPPaymentConfirmation+SwiftUI.swift (in target 'StripePayments' from project 'Stripe')
    cd /Users/xinyufang/Documents/Buzz/Buzz.xcodeproj
    

SwiftCompile normal arm64 /Users/xinyufang/Library/Developer/Xcode/DerivedData/Buzz-faillbpsmponqzeruhhvskovixzk/SourcePackages/checkouts/stripe-ios-spm/StripePayments/StripePayments/Source/Helpers/StripePayments+Export.swift (in target 'StripePayments' from project 'Stripe')
    cd /Users/xinyufang/Documents/Buzz/Buzz.xcodeproj
    

SwiftCompile normal arm64 /Users/xinyufang/Library/Developer/Xcode/DerivedData/Buzz-faillbpsmponqzeruhhvskovixzk/SourcePackages/checkouts/stripe-ios-spm/StripePayments/StripePayments/Source/Helpers/StripePaymentsBundleLocator.swift (in target 'StripePayments' from project 'Stripe')
    cd /Users/xinyufang/Documents/Buzz/Buzz.xcodeproj
    

SwiftCompile normal arm64 /Users/xinyufang/Library/Developer/Xcode/DerivedData/Buzz-faillbpsmponqzeruhhvskovixzk/SourcePackages/checkouts/stripe-ios-spm/StripePayments/StripePayments/Source/Internal/API\ Bindings/APIRequest.swift (in target 'StripePayments' from project 'Stripe')
    cd /Users/xinyufang/Documents/Buzz/Buzz.xcodeproj
    

SwiftCompile normal arm64 /Users/xinyufang/Library/Developer/Xcode/DerivedData/Buzz-faillbpsmponqzeruhhvskovixzk/SourcePackages/checkouts/stripe-ios-spm/StripePayments/StripePayments/Source/Internal/API\ Bindings/STP3DS2AuthenticateResponse.swift (in target 'StripePayments' from project 'Stripe')
    cd /Users/xinyufang/Documents/Buzz/Buzz.xcodeproj
    

SwiftCompile normal arm64 /Users/xinyufang/Library/Developer/Xcode/DerivedData/Buzz-faillbpsmponqzeruhhvskovixzk/SourcePackages/checkouts/stripe-ios-spm/StripePayments/StripePayments/Source/Internal/API\ Bindings/STPEmptyStripeResponse.swift (in target 'StripePayments' from project 'Stripe')
    cd /Users/xinyufang/Documents/Buzz/Buzz.xcodeproj
    

SwiftCompile normal arm64 /Users/xinyufang/Library/Developer/Xcode/DerivedData/Buzz-faillbpsmponqzeruhhvskovixzk/SourcePackages/checkouts/stripe-ios-spm/StripePayments/StripePayments/Source/Internal/API\ Bindings/STPFormEncoder.swift (in target 'StripePayments' from project 'Stripe')
    cd /Users/xinyufang/Documents/Buzz/Buzz.xcodeproj
    

SwiftCompile normal arm64 Compiling\ STPPaymentMethodBLIK.swift,\ STPPaymentMethodBLIKParams.swift,\ STPPaymentMethodBacsDebit.swift,\ STPPaymentMethodBacsDebitParams.swift,\ STPPaymentMethodBancontact.swift,\ STPPaymentMethodBancontactParams.swift,\ STPPaymentMethodBillie.swift,\ STPPaymentMethodBillieParams.swift,\ STPPaymentMethodBoleto.swift,\ STPPaymentMethodBoletoParams.swift,\ STPPaymentMethodCard.swift,\ STPPaymentMethodCardChecks.swift,\ STPPaymentMethodCardNetworks.swift,\ STPPaymentMethodCardNetworksParams.swift,\ STPPaymentMethodCardParams.swift,\ STPPaymentMethodCardPresent.swift,\ STPPaymentMethodCardWallet.swift,\ STPPaymentMethodCardWalletMasterpass.swift,\ STPPaymentMethodCardWalletVisaCheckout.swift,\ STPPaymentMethodCashApp.swift,\ STPPaymentMethodCashAppParams.swift,\ STPPaymentMethodCrypto.swift,\ STPPaymentMethodCryptoParams.swift,\ STPPaymentMethodEPS.swift,\ STPPaymentMethodEPSParams.swift /Users/xinyufang/Library/Developer/Xcode/DerivedData/Buzz-faillbpsmponqzeruhhvskovixzk/SourcePackages/checkouts/stripe-ios-spm/StripePayments/StripePayments/Source/API\ Bindings/Models/PaymentMethods/Types/STPPaymentMethodBLIK.swift /Users/xinyufang/Library/Developer/Xcode/DerivedData/Buzz-faillbpsmponqzeruhhvskovixzk/SourcePackages/checkouts/stripe-ios-spm/StripePayments/StripePayments/Source/API\ Bindings/Models/PaymentMethods/Types/STPPaymentMethodBLIKParams.swift /Users/xinyufang/Library/Developer/Xcode/DerivedData/Buzz-faillbpsmponqzeruhhvskovixzk/SourcePackages/checkouts/stripe-ios-spm/StripePayments/StripePayments/Source/API\ Bindings/Models/PaymentMethods/Types/STPPaymentMethodBacsDebit.swift /Users/xinyufang/Library/Developer/Xcode/DerivedData/Buzz-faillbpsmponqzeruhhvskovixzk/SourcePackages/checkouts/stripe-ios-spm/StripePayments/StripePayments/Source/API\ Bindings/Models/PaymentMethods/Types/STPPaymentMethodBacsDebitParams.swift /Users/xinyufang/Library/Developer/Xcode/DerivedData/Buzz-faillbpsmponqzeruhhvskovixzk/SourcePackages/checkouts/stripe-ios-spm/StripePayments/StripePayments/Source/API\ Bindings/Models/PaymentMethods/Types/STPPaymentMethodBancontact.swift /Users/xinyufang/Library/Developer/Xcode/DerivedData/Buzz-faillbpsmponqzeruhhvskovixzk/SourcePackages/checkouts/stripe-ios-spm/StripePayments/StripePayments/Source/API\ Bindings/Models/PaymentMethods/Types/STPPaymentMethodBancontactParams.swift /Users/xinyufang/Library/Developer/Xcode/DerivedData/Buzz-faillbpsmponqzeruhhvskovixzk/SourcePackages/checkouts/stripe-ios-spm/StripePayments/StripePayments/Source/API\ Bindings/Models/PaymentMethods/Types/STPPaymentMethodBillie.swift /Users/xinyufang/Library/Developer/Xcode/DerivedData/Buzz-faillbpsmponqzeruhhvskovixzk/SourcePackages/checkouts/stripe-ios-spm/StripePayments/StripePayments/Source/API\ Bindings/Models/PaymentMethods/Types/STPPaymentMethodBillieParams.swift /Users/xinyufang/Library/Developer/Xcode/DerivedData/Buzz-faillbpsmponqzeruhhvskovixzk/SourcePackages/checkouts/stripe-ios-spm/StripePayments/StripePayments/Source/API\ Bindings/Models/PaymentMethods/Types/STPPaymentMethodBoleto.swift /Users/xinyufang/Library/Developer/Xcode/DerivedData/Buzz-faillbpsmponqzeruhhvskovixzk/SourcePackages/checkouts/stripe-ios-spm/StripePayments/StripePayments/Source/API\ Bindings/Models/PaymentMethods/Types/STPPaymentMethodBoletoParams.swift /Users/xinyufang/Library/Developer/Xcode/DerivedData/Buzz-faillbpsmponqzeruhhvskovixzk/SourcePackages/checkouts/stripe-ios-spm/StripePayments/StripePayments/Source/API\ Bindings/Models/PaymentMethods/Types/STPPaymentMethodCard.swift /Users/xinyufang/Library/Developer/Xcode/DerivedData/Buzz-faillbpsmponqzeruhhvskovixzk/SourcePackages/checkouts/stripe-ios-spm/StripePayments/StripePayments/Source/API\ Bindings/Models/PaymentMethods/Types/STPPaymentMethodCardChecks.swift /Users/xinyufang/Library/Developer/Xcode/DerivedData/Buzz-faillbpsmponqzeruhhvskovixzk/SourcePackages/checkouts/stripe-ios-spm/StripePayments/StripePayments/Source/API\ Bindings/Models/PaymentMethods/Types/STPPaymentMethodCardNetworks.swift /Users/xinyufang/Library/Developer/Xcode/DerivedData/Buzz-faillbpsmponqzeruhhvskovixzk/SourcePackages/checkouts/stripe-ios-spm/StripePayments/StripePayments/Source/API\ Bindings/Models/PaymentMethods/Types/STPPaymentMethodCardNetworksParams.swift /Users/xinyufang/Library/Developer/Xcode/DerivedData/Buzz-faillbpsmponqzeruhhvskovixzk/SourcePackages/checkouts/stripe-ios-spm/StripePayments/StripePayments/Source/API\ Bindings/Models/PaymentMethods/Types/STPPaymentMethodCardParams.swift /Users/xinyufang/Library/Developer/Xcode/DerivedData/Buzz-faillbpsmponqzeruhhvskovixzk/SourcePackages/checkouts/stripe-ios-spm/StripePayments/StripePayments/Source/API\ Bindings/Models/PaymentMethods/Types/STPPaymentMethodCardPresent.swift /Users/xinyufang/Library/Developer/Xcode/DerivedData/Buzz-faillbpsmponqzeruhhvskovixzk/SourcePackages/checkouts/stripe-ios-spm/StripePayments/StripePayments/Source/API\ Bindings/Models/PaymentMethods/Types/STPPaymentMethodCardWallet.swift /Users/xinyufang/Library/Developer/Xcode/DerivedData/Buzz-faillbpsmponqzeruhhvskovixzk/SourcePackages/checkouts/stripe-ios-spm/StripePayments/StripePayments/Source/API\ Bindings/Models/PaymentMethods/Types/STPPaymentMethodCardWalletMasterpass.swift /Users/xinyufang/Library/Developer/Xcode/DerivedData/Buzz-faillbpsmponqzeruhhvskovixzk/SourcePackages/checkouts/stripe-ios-spm/StripePayments/StripePayments/Source/API\ Bindings/Models/PaymentMethods/Types/STPPaymentMethodCardWalletVisaCheckout.swift /Users/xinyufang/Library/Developer/Xcode/DerivedData/Buzz-faillbpsmponqzeruhhvskovixzk/SourcePackages/checkouts/stripe-ios-spm/StripePayments/StripePayments/Source/API\ Bindings/Models/PaymentMethods/Types/STPPaymentMethodCashApp.swift /Users/xinyufang/Library/Developer/Xcode/DerivedData/Buzz-faillbpsmponqzeruhhvskovixzk/SourcePackages/checkouts/stripe-ios-spm/StripePayments/StripePayments/Source/API\ Bindings/Models/PaymentMethods/Types/STPPaymentMethodCashAppParams.swift /Users/xinyufang/Library/Developer/Xcode/DerivedData/Buzz-faillbpsmponqzeruhhvskovixzk/SourcePackages/checkouts/stripe-ios-spm/StripePayments/StripePayments/Source/API\ Bindings/Models/PaymentMethods/Types/STPPaymentMethodCrypto.swift /Users/xinyufang/Library/Developer/Xcode/DerivedData/Buzz-faillbpsmponqzeruhhvskovixzk/SourcePackages/checkouts/stripe-ios-spm/StripePayments/StripePayments/Source/API\ Bindings/Models/PaymentMethods/Types/STPPaymentMethodCryptoParams.swift /Users/xinyufang/Library/Developer/Xcode/DerivedData/Buzz-faillbpsmponqzeruhhvskovixzk/SourcePackages/checkouts/stripe-ios-spm/StripePayments/StripePayments/Source/API\ Bindings/Models/PaymentMethods/Types/STPPaymentMethodEPS.swift /Users/xinyufang/Library/Developer/Xcode/DerivedData/Buzz-faillbpsmponqzeruhhvskovixzk/SourcePackages/checkouts/stripe-ios-spm/StripePayments/StripePayments/Source/API\ Bindings/Models/PaymentMethods/Types/STPPaymentMethodEPSParams.swift (in target 'StripePayments' from project 'Stripe')

SwiftCompile normal arm64 /Users/xinyufang/Library/Developer/Xcode/DerivedData/Buzz-faillbpsmponqzeruhhvskovixzk/SourcePackages/checkouts/stripe-ios-spm/StripePayments/StripePayments/Source/API\ Bindings/Models/PaymentMethods/Types/STPPaymentMethodBLIK.swift (in target 'StripePayments' from project 'Stripe')
    cd /Users/xinyufang/Documents/Buzz/Buzz.xcodeproj
    

SwiftCompile normal arm64 /Users/xinyufang/Library/Developer/Xcode/DerivedData/Buzz-faillbpsmponqzeruhhvskovixzk/SourcePackages/checkouts/stripe-ios-spm/StripePayments/StripePayments/Source/API\ Bindings/Models/PaymentMethods/Types/STPPaymentMethodBLIKParams.swift (in target 'StripePayments' from project 'Stripe')
    cd /Users/xinyufang/Documents/Buzz/Buzz.xcodeproj
    

SwiftCompile normal arm64 /Users/xinyufang/Library/Developer/Xcode/DerivedData/Buzz-faillbpsmponqzeruhhvskovixzk/SourcePackages/checkouts/stripe-ios-spm/StripePayments/StripePayments/Source/API\ Bindings/Models/PaymentMethods/Types/STPPaymentMethodBacsDebit.swift (in target 'StripePayments' from project 'Stripe')
    cd /Users/xinyufang/Documents/Buzz/Buzz.xcodeproj
    

SwiftCompile normal arm64 /Users/xinyufang/Library/Developer/Xcode/DerivedData/Buzz-faillbpsmponqzeruhhvskovixzk/SourcePackages/checkouts/stripe-ios-spm/StripePayments/StripePayments/Source/API\ Bindings/Models/PaymentMethods/Types/STPPaymentMethodBacsDebitParams.swift (in target 'StripePayments' from project 'Stripe')
    cd /Users/xinyufang/Documents/Buzz/Buzz.xcodeproj
    

SwiftCompile normal arm64 /Users/xinyufang/Library/Developer/Xcode/DerivedData/Buzz-faillbpsmponqzeruhhvskovixzk/SourcePackages/checkouts/stripe-ios-spm/StripePayments/StripePayments/Source/API\ Bindings/Models/PaymentMethods/Types/STPPaymentMethodBancontact.swift (in target 'StripePayments' from project 'Stripe')
    cd /Users/xinyufang/Documents/Buzz/Buzz.xcodeproj
    

SwiftCompile normal arm64 /Users/xinyufang/Library/Developer/Xcode/DerivedData/Buzz-faillbpsmponqzeruhhvskovixzk/SourcePackages/checkouts/stripe-ios-spm/StripePayments/StripePayments/Source/API\ Bindings/Models/PaymentMethods/Types/STPPaymentMethodBancontactParams.swift (in target 'StripePayments' from project 'Stripe')
    cd /Users/xinyufang/Documents/Buzz/Buzz.xcodeproj
    

SwiftCompile normal arm64 /Users/xinyufang/Library/Developer/Xcode/DerivedData/Buzz-faillbpsmponqzeruhhvskovixzk/SourcePackages/checkouts/stripe-ios-spm/StripePayments/StripePayments/Source/API\ Bindings/Models/PaymentMethods/Types/STPPaymentMethodBillie.swift (in target 'StripePayments' from project 'Stripe')
    cd /Users/xinyufang/Documents/Buzz/Buzz.xcodeproj
    

SwiftCompile normal arm64 /Users/xinyufang/Library/Developer/Xcode/DerivedData/Buzz-faillbpsmponqzeruhhvskovixzk/SourcePackages/checkouts/stripe-ios-spm/StripePayments/StripePayments/Source/API\ Bindings/Models/PaymentMethods/Types/STPPaymentMethodBillieParams.swift (in target 'StripePayments' from project 'Stripe')
    cd /Users/xinyufang/Documents/Buzz/Buzz.xcodeproj
    

SwiftCompile normal arm64 /Users/xinyufang/Library/Developer/Xcode/DerivedData/Buzz-faillbpsmponqzeruhhvskovixzk/SourcePackages/checkouts/stripe-ios-spm/StripePayments/StripePayments/Source/API\ Bindings/Models/PaymentMethods/Types/STPPaymentMethodBoleto.swift (in target 'StripePayments' from project 'Stripe')
    cd /Users/xinyufang/Documents/Buzz/Buzz.xcodeproj
    

SwiftCompile normal arm64 /Users/xinyufang/Library/Developer/Xcode/DerivedData/Buzz-faillbpsmponqzeruhhvskovixzk/SourcePackages/checkouts/stripe-ios-spm/StripePayments/StripePayments/Source/API\ Bindings/Models/PaymentMethods/Types/STPPaymentMethodBoletoParams.swift (in target 'StripePayments' from project 'Stripe')
    cd /Users/xinyufang/Documents/Buzz/Buzz.xcodeproj
    

SwiftCompile normal arm64 /Users/xinyufang/Library/Developer/Xcode/DerivedData/Buzz-faillbpsmponqzeruhhvskovixzk/SourcePackages/checkouts/stripe-ios-spm/StripePayments/StripePayments/Source/API\ Bindings/Models/PaymentMethods/Types/STPPaymentMethodCard.swift (in target 'StripePayments' from project 'Stripe')
    cd /Users/xinyufang/Documents/Buzz/Buzz.xcodeproj
    

SwiftCompile normal arm64 /Users/xinyufang/Library/Developer/Xcode/DerivedData/Buzz-faillbpsmponqzeruhhvskovixzk/SourcePackages/checkouts/stripe-ios-spm/StripePayments/StripePayments/Source/API\ Bindings/Models/PaymentMethods/Types/STPPaymentMethodCardChecks.swift (in target 'StripePayments' from project 'Stripe')
    cd /Users/xinyufang/Documents/Buzz/Buzz.xcodeproj
    

SwiftCompile normal arm64 /Users/xinyufang/Library/Developer/Xcode/DerivedData/Buzz-faillbpsmponqzeruhhvskovixzk/SourcePackages/checkouts/stripe-ios-spm/StripePayments/StripePayments/Source/API\ Bindings/Models/PaymentMethods/Types/STPPaymentMethodCardNetworks.swift (in target 'StripePayments' from project 'Stripe')
    cd /Users/xinyufang/Documents/Buzz/Buzz.xcodeproj
    

SwiftCompile normal arm64 /Users/xinyufang/Library/Developer/Xcode/DerivedData/Buzz-faillbpsmponqzeruhhvskovixzk/SourcePackages/checkouts/stripe-ios-spm/StripePayments/StripePayments/Source/API\ Bindings/Models/PaymentMethods/Types/STPPaymentMethodCardNetworksParams.swift (in target 'StripePayments' from project 'Stripe')
    cd /Users/xinyufang/Documents/Buzz/Buzz.xcodeproj
    

SwiftCompile normal arm64 /Users/xinyufang/Library/Developer/Xcode/DerivedData/Buzz-faillbpsmponqzeruhhvskovixzk/SourcePackages/checkouts/stripe-ios-spm/StripePayments/StripePayments/Source/API\ Bindings/Models/PaymentMethods/Types/STPPaymentMethodCardParams.swift (in target 'StripePayments' from project 'Stripe')
    cd /Users/xinyufang/Documents/Buzz/Buzz.xcodeproj
    

SwiftCompile normal arm64 /Users/xinyufang/Library/Developer/Xcode/DerivedData/Buzz-faillbpsmponqzeruhhvskovixzk/SourcePackages/checkouts/stripe-ios-spm/StripePayments/StripePayments/Source/API\ Bindings/Models/PaymentMethods/Types/STPPaymentMethodCardPresent.swift (in target 'StripePayments' from project 'Stripe')
    cd /Users/xinyufang/Documents/Buzz/Buzz.xcodeproj
    

SwiftCompile normal arm64 /Users/xinyufang/Library/Developer/Xcode/DerivedData/Buzz-faillbpsmponqzeruhhvskovixzk/SourcePackages/checkouts/stripe-ios-spm/StripePayments/StripePayments/Source/API\ Bindings/Models/PaymentMethods/Types/STPPaymentMethodCardWallet.swift (in target 'StripePayments' from project 'Stripe')
    cd /Users/xinyufang/Documents/Buzz/Buzz.xcodeproj
    

SwiftCompile normal arm64 /Users/xinyufang/Library/Developer/Xcode/DerivedData/Buzz-faillbpsmponqzeruhhvskovixzk/SourcePackages/checkouts/stripe-ios-spm/StripePayments/StripePayments/Source/API\ Bindings/Models/PaymentMethods/Types/STPPaymentMethodCardWalletMasterpass.swift (in target 'StripePayments' from project 'Stripe')
    cd /Users/xinyufang/Documents/Buzz/Buzz.xcodeproj
    

SwiftCompile normal arm64 /Users/xinyufang/Library/Developer/Xcode/DerivedData/Buzz-faillbpsmponqzeruhhvskovixzk/SourcePackages/checkouts/stripe-ios-spm/StripePayments/StripePayments/Source/API\ Bindings/Models/PaymentMethods/Types/STPPaymentMethodCardWalletVisaCheckout.swift (in target 'StripePayments' from project 'Stripe')
    cd /Users/xinyufang/Documents/Buzz/Buzz.xcodeproj
    

SwiftCompile normal arm64 /Users/xinyufang/Library/Developer/Xcode/DerivedData/Buzz-faillbpsmponqzeruhhvskovixzk/SourcePackages/checkouts/stripe-ios-spm/StripePayments/StripePayments/Source/API\ Bindings/Models/PaymentMethods/Types/STPPaymentMethodCashApp.swift (in target 'StripePayments' from project 'Stripe')
    cd /Users/xinyufang/Documents/Buzz/Buzz.xcodeproj
    

SwiftCompile normal arm64 /Users/xinyufang/Library/Developer/Xcode/DerivedData/Buzz-faillbpsmponqzeruhhvskovixzk/SourcePackages/checkouts/stripe-ios-spm/StripePayments/StripePayments/Source/API\ Bindings/Models/PaymentMethods/Types/STPPaymentMethodCashAppParams.swift (in target 'StripePayments' from project 'Stripe')
    cd /Users/xinyufang/Documents/Buzz/Buzz.xcodeproj
    

SwiftCompile normal arm64 /Users/xinyufang/Library/Developer/Xcode/DerivedData/Buzz-faillbpsmponqzeruhhvskovixzk/SourcePackages/checkouts/stripe-ios-spm/StripePayments/StripePayments/Source/API\ Bindings/Models/PaymentMethods/Types/STPPaymentMethodCrypto.swift (in target 'StripePayments' from project 'Stripe')
    cd /Users/xinyufang/Documents/Buzz/Buzz.xcodeproj
    

SwiftCompile normal arm64 /Users/xinyufang/Library/Developer/Xcode/DerivedData/Buzz-faillbpsmponqzeruhhvskovixzk/SourcePackages/checkouts/stripe-ios-spm/StripePayments/StripePayments/Source/API\ Bindings/Models/PaymentMethods/Types/STPPaymentMethodCryptoParams.swift (in target 'StripePayments' from project 'Stripe')
    cd /Users/xinyufang/Documents/Buzz/Buzz.xcodeproj
    

SwiftCompile normal arm64 /Users/xinyufang/Library/Developer/Xcode/DerivedData/Buzz-faillbpsmponqzeruhhvskovixzk/SourcePackages/checkouts/stripe-ios-spm/StripePayments/StripePayments/Source/API\ Bindings/Models/PaymentMethods/Types/STPPaymentMethodEPS.swift (in target 'StripePayments' from project 'Stripe')
    cd /Users/xinyufang/Documents/Buzz/Buzz.xcodeproj
    

SwiftCompile normal arm64 /Users/xinyufang/Library/Developer/Xcode/DerivedData/Buzz-faillbpsmponqzeruhhvskovixzk/SourcePackages/checkouts/stripe-ios-spm/StripePayments/StripePayments/Source/API\ Bindings/Models/PaymentMethods/Types/STPPaymentMethodEPSParams.swift (in target 'StripePayments' from project 'Stripe')
    cd /Users/xinyufang/Documents/Buzz/Buzz.xcodeproj
    

SwiftDriverJobDiscovery normal arm64 Emitting module for StripePayments (in target 'StripePayments' from project 'Stripe')

SwiftDriver\ Compilation\ Requirements StripePayments normal arm64 com.apple.xcode.tools.swift.compiler (in target 'StripePayments' from project 'Stripe')
    cd /Users/xinyufang/Documents/Buzz/Buzz.xcodeproj
    builtin-Swift-Compilation-Requirements -- /Applications/Xcode.app/Contents/Developer/Toolchains/XcodeDefault.xctoolchain/usr/bin/swiftc -module-name StripePayments -Onone -enforce-exclusivity\=checked @/Users/xinyufang/Library/Developer/Xcode/DerivedData/Buzz-faillbpsmponqzeruhhvskovixzk/Build/Intermediates.noindex/Stripe.build/Debug-iphonesimulator/StripePayments.build/Objects-normal/arm64/StripePayments.SwiftFileList -DSWIFT_PACKAGE -DDEBUG -DSWIFT_MODULE_RESOURCE_BUNDLE_AVAILABLE -Xcc -fmodule-map-file\=/Users/xinyufang/Library/Developer/Xcode/DerivedData/Buzz-faillbpsmponqzeruhhvskovixzk/Build/Intermediates.noindex/GeneratedModuleMaps-iphonesimulator/Stripe3DS2.modulemap -DXcode -plugin-path /Applications/Xcode.app/Contents/Developer/Toolchains/XcodeDefault.xctoolchain/usr/lib/swift/host/plugins/testing -enable-experimental-feature DebugDescriptionMacro -sdk /Applications/Xcode.app/Contents/Developer/Platforms/iPhoneSimulator.platform/Developer/SDKs/iPhoneSimulator26.0.sdk -target arm64-apple-ios13.0-simulator -g -module-cache-path /Users/xinyufang/Library/Developer/Xcode/DerivedData/ModuleCache.noindex -Xfrontend -serialize-debugging-options -enable-testing -suppress-warnings -index-store-path /Users/xinyufang/Library/Developer/Xcode/DerivedData/Buzz-faillbpsmponqzeruhhvskovixzk/Index.noindex/DataStore -Xcc -D_LIBCPP_HARDENING_MODE\=_LIBCPP_HARDENING_MODE_DEBUG -swift-version 5 -I /Users/xinyufang/Library/Developer/Xcode/DerivedData/Buzz-faillbpsmponqzeruhhvskovixzk/Build/Products/Debug-iphonesimulator -Isystem /Applications/Xcode.app/Contents/Developer/Platforms/iPhoneSimulator.platform/Developer/usr/lib -F /Users/xinyufang/Library/Developer/Xcode/DerivedData/Buzz-faillbpsmponqzeruhhvskovixzk/Build/Products/Debug-iphonesimulator/PackageFrameworks -F /Users/xinyufang/Library/Developer/Xcode/DerivedData/Buzz-faillbpsmponqzeruhhvskovixzk/Build/Products/Debug-iphonesimulator/PackageFrameworks -F /Users/xinyufang/Library/Developer/Xcode/DerivedData/Buzz-faillbpsmponqzeruhhvskovixzk/Build/Products/Debug-iphonesimulator -F /Applications/Xcode.app/Contents/Developer/Platforms/iPhoneSimulator.platform/Developer/Library/Frameworks -F /Applications/Xcode.app/Contents/Developer/Platforms/iPhoneSimulator.platform/Developer/SDKs/iPhoneSimulator26.0.sdk/Developer/Library/Frameworks -emit-localized-strings -emit-localized-strings-path /Users/xinyufang/Library/Developer/Xcode/DerivedData/Buzz-faillbpsmponqzeruhhvskovixzk/Build/Intermediates.noindex/Stripe.build/Debug-iphonesimulator/StripePayments.build/Objects-normal/arm64 -c -j8 -enable-batch-mode -incremental -Xcc -ivfsstatcache -Xcc /Users/xinyufang/Library/Developer/Xcode/DerivedData/SDKStatCaches.noindex/iphonesimulator26.0-23A339-26257891a6c027eb51374368541b8346.sdkstatcache -output-file-map /Users/xinyufang/Library/Developer/Xcode/DerivedData/Buzz-faillbpsmponqzeruhhvskovixzk/Build/Intermediates.noindex/Stripe.build/Debug-iphonesimulator/StripePayments.build/Objects-normal/arm64/StripePayments-OutputFileMap.json -use-frontend-parseable-output -save-temps -no-color-diagnostics -explicit-module-build -module-cache-path /Users/xinyufang/Library/Developer/Xcode/DerivedData/Buzz-faillbpsmponqzeruhhvskovixzk/Build/Intermediates.noindex/SwiftExplicitPrecompiledModules -clang-scanner-module-cache-path /Users/xinyufang/Library/Developer/Xcode/DerivedData/ModuleCache.noindex -sdk-module-cache-path /Users/xinyufang/Library/Developer/Xcode/DerivedData/ModuleCache.noindex -serialize-diagnostics -emit-dependencies -emit-module -emit-module-path /Users/xinyufang/Library/Developer/Xcode/DerivedData/Buzz-faillbpsmponqzeruhhvskovixzk/Build/Intermediates.noindex/Stripe.build/Debug-iphonesimulator/StripePayments.build/Objects-normal/arm64/StripePayments.swiftmodule -validate-clang-modules-once -clang-build-session-file /Users/xinyufang/Library/Developer/Xcode/DerivedData/ModuleCache.noindex/Session.modulevalidation -Xcc -I/Users/xinyufang/Library/Developer/Xcode/DerivedData/Buzz-faillbpsmponqzeruhhvskovixzk/Build/Intermediates.noindex/Stripe.build/Debug-iphonesimulator/StripePayments.build/swift-overrides.hmap -emit-const-values -Xfrontend -const-gather-protocols-file -Xfrontend /Users/xinyufang/Library/Developer/Xcode/DerivedData/Buzz-faillbpsmponqzeruhhvskovixzk/Build/Intermediates.noindex/Stripe.build/Debug-iphonesimulator/StripePayments.build/Objects-normal/arm64/StripePayments_const_extract_protocols.json -Xcc -I/Users/xinyufang/Library/Developer/Xcode/DerivedData/Buzz-faillbpsmponqzeruhhvskovixzk/SourcePackages/checkouts/stripe-ios-spm/Stripe3DS2/Stripe3DS2/include -Xcc -I/Users/xinyufang/Library/Developer/Xcode/DerivedData/Buzz-faillbpsmponqzeruhhvskovixzk/Build/Products/Debug-iphonesimulator/include -Xcc -I/Users/xinyufang/Library/Developer/Xcode/DerivedData/Buzz-faillbpsmponqzeruhhvskovixzk/Build/Intermediates.noindex/Stripe.build/Debug-iphonesimulator/StripePayments.build/DerivedSources-normal/arm64 -Xcc -I/Users/xinyufang/Library/Developer/Xcode/DerivedData/Buzz-faillbpsmponqzeruhhvskovixzk/Build/Intermediates.noindex/Stripe.build/Debug-iphonesimulator/StripePayments.build/DerivedSources/arm64 -Xcc -I/Users/xinyufang/Library/Developer/Xcode/DerivedData/Buzz-faillbpsmponqzeruhhvskovixzk/Build/Intermediates.noindex/Stripe.build/Debug-iphonesimulator/StripePayments.build/DerivedSources -Xcc -DSWIFT_PACKAGE -Xcc -DDEBUG\=1 -emit-objc-header -emit-objc-header-path /Users/xinyufang/Library/Developer/Xcode/DerivedData/Buzz-faillbpsmponqzeruhhvskovixzk/Build/Intermediates.noindex/Stripe.build/Debug-iphonesimulator/StripePayments.build/Objects-normal/arm64/StripePayments-Swift.h -working-directory /Users/xinyufang/Documents/Buzz/Buzz.xcodeproj -experimental-emit-module-separately -disable-cmo

SwiftDriverJobDiscovery normal arm64 Compiling FloatingPlaceholderTextFieldView.swift, TextFieldElement+Validation.swift, TextFieldElement.swift, TextFieldElementConfiguration.swift, TextFieldFormatter.swift, TextFieldView.swift, TextOrDropdownElement.swift, Events.swift, CompatibleColor.swift, ImageMaker.swift (in target 'StripeUICore' from project 'Stripe')

SwiftCompile normal arm64 Compiling\ STPFPXBankBrand.swift,\ STPFile.swift,\ STPFormEncodable.swift,\ STPIssuingCardPin.swift,\ STPRadarSession.swift,\ STPToken.swift,\ STPSetupIntent.swift,\ STPSetupIntentConfirmParams.swift,\ STPSetupIntentEnums.swift,\ STPSetupIntentLastSetupError.swift,\ LinkSettings.swift,\ STPIntentAction.swift,\ STPIntentActionAlipayHandleRedirect.swift,\ STPIntentActionBoletoDisplayDetails.swift,\ STPIntentActionCashAppRedirectToApp.swift,\ STPIntentActionKonbiniDisplayDetails.swift,\ STPIntentActionMultibancoDisplayDetails.swift,\ STPIntentActionOXXODisplayDetails.swift,\ STPIntentActionPayNowDisplayQrCode.swift,\ STPIntentActionPromptPayDisplayQrCode.swift,\ STPIntentActionRedirectToURL.swift,\ STPIntentActionSwishHandleRedirect.swift,\ STPIntentActionVerifyWithMicrodeposits.swift,\ STPIntentActionWeChatPayRedirectToApp.swift /Users/xinyufang/Library/Developer/Xcode/DerivedData/Buzz-faillbpsmponqzeruhhvskovixzk/SourcePackages/checkouts/stripe-ios-spm/StripePayments/StripePayments/Source/API\ Bindings/Models/STPFPXBankBrand.swift /Users/xinyufang/Library/Developer/Xcode/DerivedData/Buzz-faillbpsmponqzeruhhvskovixzk/SourcePackages/checkouts/stripe-ios-spm/StripePayments/StripePayments/Source/API\ Bindings/Models/STPFile.swift /Users/xinyufang/Library/Developer/Xcode/DerivedData/Buzz-faillbpsmponqzeruhhvskovixzk/SourcePackages/checkouts/stripe-ios-spm/StripePayments/StripePayments/Source/API\ Bindings/Models/STPFormEncodable.swift /Users/xinyufang/Library/Developer/Xcode/DerivedData/Buzz-faillbpsmponqzeruhhvskovixzk/SourcePackages/checkouts/stripe-ios-spm/StripePayments/StripePayments/Source/API\ Bindings/Models/STPIssuingCardPin.swift /Users/xinyufang/Library/Developer/Xcode/DerivedData/Buzz-faillbpsmponqzeruhhvskovixzk/SourcePackages/checkouts/stripe-ios-spm/StripePayments/StripePayments/Source/API\ Bindings/Models/STPRadarSession.swift /Users/xinyufang/Library/Developer/Xcode/DerivedData/Buzz-faillbpsmponqzeruhhvskovixzk/SourcePackages/checkouts/stripe-ios-spm/StripePayments/StripePayments/Source/API\ Bindings/Models/STPToken.swift /Users/xinyufang/Library/Developer/Xcode/DerivedData/Buzz-faillbpsmponqzeruhhvskovixzk/SourcePackages/checkouts/stripe-ios-spm/StripePayments/StripePayments/Source/API\ Bindings/Models/SetupIntents/STPSetupIntent.swift /Users/xinyufang/Library/Developer/Xcode/DerivedData/Buzz-faillbpsmponqzeruhhvskovixzk/SourcePackages/checkouts/stripe-ios-spm/StripePayments/StripePayments/Source/API\ Bindings/Models/SetupIntents/STPSetupIntentConfirmParams.swift /Users/xinyufang/Library/Developer/Xcode/DerivedData/Buzz-faillbpsmponqzeruhhvskovixzk/SourcePackages/checkouts/stripe-ios-spm/StripePayments/StripePayments/Source/API\ Bindings/Models/SetupIntents/STPSetupIntentEnums.swift /Users/xinyufang/Library/Developer/Xcode/DerivedData/Buzz-faillbpsmponqzeruhhvskovixzk/SourcePackages/checkouts/stripe-ios-spm/StripePayments/StripePayments/Source/API\ Bindings/Models/SetupIntents/STPSetupIntentLastSetupError.swift /Users/xinyufang/Library/Developer/Xcode/DerivedData/Buzz-faillbpsmponqzeruhhvskovixzk/SourcePackages/checkouts/stripe-ios-spm/StripePayments/StripePayments/Source/API\ Bindings/Models/Shared/LinkSettings.swift /Users/xinyufang/Library/Developer/Xcode/DerivedData/Buzz-faillbpsmponqzeruhhvskovixzk/SourcePackages/checkouts/stripe-ios-spm/StripePayments/StripePayments/Source/API\ Bindings/Models/Shared/STPIntentAction.swift /Users/xinyufang/Library/Developer/Xcode/DerivedData/Buzz-faillbpsmponqzeruhhvskovixzk/SourcePackages/checkouts/stripe-ios-spm/StripePayments/StripePayments/Source/API\ Bindings/Models/Shared/STPIntentActionAlipayHandleRedirect.swift /Users/xinyufang/Library/Developer/Xcode/DerivedData/Buzz-faillbpsmponqzeruhhvskovixzk/SourcePackages/checkouts/stripe-ios-spm/StripePayments/StripePayments/Source/API\ Bindings/Models/Shared/STPIntentActionBoletoDisplayDetails.swift /Users/xinyufang/Library/Developer/Xcode/DerivedData/Buzz-faillbpsmponqzeruhhvskovixzk/SourcePackages/checkouts/stripe-ios-spm/StripePayments/StripePayments/Source/API\ Bindings/Models/Shared/STPIntentActionCashAppRedirectToApp.swift /Users/xinyufang/Library/Developer/Xcode/DerivedData/Buzz-faillbpsmponqzeruhhvskovixzk/SourcePackages/checkouts/stripe-ios-spm/StripePayments/StripePayments/Source/API\ Bindings/Models/Shared/STPIntentActionKonbiniDisplayDetails.swift /Users/xinyufang/Library/Developer/Xcode/DerivedData/Buzz-faillbpsmponqzeruhhvskovixzk/SourcePackages/checkouts/stripe-ios-spm/StripePayments/StripePayments/Source/API\ Bindings/Models/Shared/STPIntentActionMultibancoDisplayDetails.swift /Users/xinyufang/Library/Developer/Xcode/DerivedData/Buzz-faillbpsmponqzeruhhvskovixzk/SourcePackages/checkouts/stripe-ios-spm/StripePayments/StripePayments/Source/API\ Bindings/Models/Shared/STPIntentActionOXXODisplayDetails.swift /Users/xinyufang/Library/Developer/Xcode/DerivedData/Buzz-faillbpsmponqzeruhhvskovixzk/SourcePackages/checkouts/stripe-ios-spm/StripePayments/StripePayments/Source/API\ Bindings/Models/Shared/STPIntentActionPayNowDisplayQrCode.swift /Users/xinyufang/Library/Developer/Xcode/DerivedData/Buzz-faillbpsmponqzeruhhvskovixzk/SourcePackages/checkouts/stripe-ios-spm/StripePayments/StripePayments/Source/API\ Bindings/Models/Shared/STPIntentActionPromptPayDisplayQrCode.swift /Users/xinyufang/Library/Developer/Xcode/DerivedData/Buzz-faillbpsmponqzeruhhvskovixzk/SourcePackages/checkouts/stripe-ios-spm/StripePayments/StripePayments/Source/API\ Bindings/Models/Shared/STPIntentActionRedirectToURL.swift /Users/xinyufang/Library/Developer/Xcode/DerivedData/Buzz-faillbpsmponqzeruhhvskovixzk/SourcePackages/checkouts/stripe-ios-spm/StripePayments/StripePayments/Source/API\ Bindings/Models/Shared/STPIntentActionSwishHandleRedirect.swift /Users/xinyufang/Library/Developer/Xcode/DerivedData/Buzz-faillbpsmponqzeruhhvskovixzk/SourcePackages/checkouts/stripe-ios-spm/StripePayments/StripePayments/Source/API\ Bindings/Models/Shared/STPIntentActionVerifyWithMicrodeposits.swift /Users/xinyufang/Library/Developer/Xcode/DerivedData/Buzz-faillbpsmponqzeruhhvskovixzk/SourcePackages/checkouts/stripe-ios-spm/StripePayments/StripePayments/Source/API\ Bindings/Models/Shared/STPIntentActionWeChatPayRedirectToApp.swift (in target 'StripePayments' from project 'Stripe')

SwiftCompile normal arm64 /Users/xinyufang/Library/Developer/Xcode/DerivedData/Buzz-faillbpsmponqzeruhhvskovixzk/SourcePackages/checkouts/stripe-ios-spm/StripePayments/StripePayments/Source/API\ Bindings/Models/STPFPXBankBrand.swift (in target 'StripePayments' from project 'Stripe')
    cd /Users/xinyufang/Documents/Buzz/Buzz.xcodeproj
    

SwiftCompile normal arm64 /Users/xinyufang/Library/Developer/Xcode/DerivedData/Buzz-faillbpsmponqzeruhhvskovixzk/SourcePackages/checkouts/stripe-ios-spm/StripePayments/StripePayments/Source/API\ Bindings/Models/STPFile.swift (in target 'StripePayments' from project 'Stripe')
    cd /Users/xinyufang/Documents/Buzz/Buzz.xcodeproj
    

SwiftCompile normal arm64 /Users/xinyufang/Library/Developer/Xcode/DerivedData/Buzz-faillbpsmponqzeruhhvskovixzk/SourcePackages/checkouts/stripe-ios-spm/StripePayments/StripePayments/Source/API\ Bindings/Models/STPFormEncodable.swift (in target 'StripePayments' from project 'Stripe')
    cd /Users/xinyufang/Documents/Buzz/Buzz.xcodeproj
    

SwiftCompile normal arm64 /Users/xinyufang/Library/Developer/Xcode/DerivedData/Buzz-faillbpsmponqzeruhhvskovixzk/SourcePackages/checkouts/stripe-ios-spm/StripePayments/StripePayments/Source/API\ Bindings/Models/STPIssuingCardPin.swift (in target 'StripePayments' from project 'Stripe')
    cd /Users/xinyufang/Documents/Buzz/Buzz.xcodeproj
    

SwiftCompile normal arm64 /Users/xinyufang/Library/Developer/Xcode/DerivedData/Buzz-faillbpsmponqzeruhhvskovixzk/SourcePackages/checkouts/stripe-ios-spm/StripePayments/StripePayments/Source/API\ Bindings/Models/STPRadarSession.swift (in target 'StripePayments' from project 'Stripe')
    cd /Users/xinyufang/Documents/Buzz/Buzz.xcodeproj
    

SwiftCompile normal arm64 /Users/xinyufang/Library/Developer/Xcode/DerivedData/Buzz-faillbpsmponqzeruhhvskovixzk/SourcePackages/checkouts/stripe-ios-spm/StripePayments/StripePayments/Source/API\ Bindings/Models/STPToken.swift (in target 'StripePayments' from project 'Stripe')
    cd /Users/xinyufang/Documents/Buzz/Buzz.xcodeproj
    

SwiftCompile normal arm64 /Users/xinyufang/Library/Developer/Xcode/DerivedData/Buzz-faillbpsmponqzeruhhvskovixzk/SourcePackages/checkouts/stripe-ios-spm/StripePayments/StripePayments/Source/API\ Bindings/Models/SetupIntents/STPSetupIntent.swift (in target 'StripePayments' from project 'Stripe')
    cd /Users/xinyufang/Documents/Buzz/Buzz.xcodeproj
    

SwiftCompile normal arm64 /Users/xinyufang/Library/Developer/Xcode/DerivedData/Buzz-faillbpsmponqzeruhhvskovixzk/SourcePackages/checkouts/stripe-ios-spm/StripePayments/StripePayments/Source/API\ Bindings/Models/SetupIntents/STPSetupIntentConfirmParams.swift (in target 'StripePayments' from project 'Stripe')
    cd /Users/xinyufang/Documents/Buzz/Buzz.xcodeproj
    

SwiftCompile normal arm64 /Users/xinyufang/Library/Developer/Xcode/DerivedData/Buzz-faillbpsmponqzeruhhvskovixzk/SourcePackages/checkouts/stripe-ios-spm/StripePayments/StripePayments/Source/API\ Bindings/Models/SetupIntents/STPSetupIntentEnums.swift (in target 'StripePayments' from project 'Stripe')
    cd /Users/xinyufang/Documents/Buzz/Buzz.xcodeproj
    

SwiftCompile normal arm64 /Users/xinyufang/Library/Developer/Xcode/DerivedData/Buzz-faillbpsmponqzeruhhvskovixzk/SourcePackages/checkouts/stripe-ios-spm/StripePayments/StripePayments/Source/API\ Bindings/Models/SetupIntents/STPSetupIntentLastSetupError.swift (in target 'StripePayments' from project 'Stripe')
    cd /Users/xinyufang/Documents/Buzz/Buzz.xcodeproj
    

SwiftCompile normal arm64 /Users/xinyufang/Library/Developer/Xcode/DerivedData/Buzz-faillbpsmponqzeruhhvskovixzk/SourcePackages/checkouts/stripe-ios-spm/StripePayments/StripePayments/Source/API\ Bindings/Models/Shared/LinkSettings.swift (in target 'StripePayments' from project 'Stripe')
    cd /Users/xinyufang/Documents/Buzz/Buzz.xcodeproj
    

SwiftCompile normal arm64 /Users/xinyufang/Library/Developer/Xcode/DerivedData/Buzz-faillbpsmponqzeruhhvskovixzk/SourcePackages/checkouts/stripe-ios-spm/StripePayments/StripePayments/Source/API\ Bindings/Models/Shared/STPIntentAction.swift (in target 'StripePayments' from project 'Stripe')
    cd /Users/xinyufang/Documents/Buzz/Buzz.xcodeproj
    

SwiftCompile normal arm64 /Users/xinyufang/Library/Developer/Xcode/DerivedData/Buzz-faillbpsmponqzeruhhvskovixzk/SourcePackages/checkouts/stripe-ios-spm/StripePayments/StripePayments/Source/API\ Bindings/Models/Shared/STPIntentActionAlipayHandleRedirect.swift (in target 'StripePayments' from project 'Stripe')
    cd /Users/xinyufang/Documents/Buzz/Buzz.xcodeproj
    

SwiftCompile normal arm64 /Users/xinyufang/Library/Developer/Xcode/DerivedData/Buzz-faillbpsmponqzeruhhvskovixzk/SourcePackages/checkouts/stripe-ios-spm/StripePayments/StripePayments/Source/API\ Bindings/Models/Shared/STPIntentActionBoletoDisplayDetails.swift (in target 'StripePayments' from project 'Stripe')
    cd /Users/xinyufang/Documents/Buzz/Buzz.xcodeproj
    

SwiftCompile normal arm64 /Users/xinyufang/Library/Developer/Xcode/DerivedData/Buzz-faillbpsmponqzeruhhvskovixzk/SourcePackages/checkouts/stripe-ios-spm/StripePayments/StripePayments/Source/API\ Bindings/Models/Shared/STPIntentActionCashAppRedirectToApp.swift (in target 'StripePayments' from project 'Stripe')
    cd /Users/xinyufang/Documents/Buzz/Buzz.xcodeproj
    

SwiftCompile normal arm64 /Users/xinyufang/Library/Developer/Xcode/DerivedData/Buzz-faillbpsmponqzeruhhvskovixzk/SourcePackages/checkouts/stripe-ios-spm/StripePayments/StripePayments/Source/API\ Bindings/Models/Shared/STPIntentActionKonbiniDisplayDetails.swift (in target 'StripePayments' from project 'Stripe')
    cd /Users/xinyufang/Documents/Buzz/Buzz.xcodeproj
    

SwiftCompile normal arm64 /Users/xinyufang/Library/Developer/Xcode/DerivedData/Buzz-faillbpsmponqzeruhhvskovixzk/SourcePackages/checkouts/stripe-ios-spm/StripePayments/StripePayments/Source/API\ Bindings/Models/Shared/STPIntentActionMultibancoDisplayDetails.swift (in target 'StripePayments' from project 'Stripe')
    cd /Users/xinyufang/Documents/Buzz/Buzz.xcodeproj
    

SwiftCompile normal arm64 /Users/xinyufang/Library/Developer/Xcode/DerivedData/Buzz-faillbpsmponqzeruhhvskovixzk/SourcePackages/checkouts/stripe-ios-spm/StripePayments/StripePayments/Source/API\ Bindings/Models/Shared/STPIntentActionOXXODisplayDetails.swift (in target 'StripePayments' from project 'Stripe')
    cd /Users/xinyufang/Documents/Buzz/Buzz.xcodeproj
    

SwiftCompile normal arm64 /Users/xinyufang/Library/Developer/Xcode/DerivedData/Buzz-faillbpsmponqzeruhhvskovixzk/SourcePackages/checkouts/stripe-ios-spm/StripePayments/StripePayments/Source/API\ Bindings/Models/Shared/STPIntentActionPayNowDisplayQrCode.swift (in target 'StripePayments' from project 'Stripe')
    cd /Users/xinyufang/Documents/Buzz/Buzz.xcodeproj
    

SwiftCompile normal arm64 /Users/xinyufang/Library/Developer/Xcode/DerivedData/Buzz-faillbpsmponqzeruhhvskovixzk/SourcePackages/checkouts/stripe-ios-spm/StripePayments/StripePayments/Source/API\ Bindings/Models/Shared/STPIntentActionPromptPayDisplayQrCode.swift (in target 'StripePayments' from project 'Stripe')
    cd /Users/xinyufang/Documents/Buzz/Buzz.xcodeproj
    

SwiftCompile normal arm64 /Users/xinyufang/Library/Developer/Xcode/DerivedData/Buzz-faillbpsmponqzeruhhvskovixzk/SourcePackages/checkouts/stripe-ios-spm/StripePayments/StripePayments/Source/API\ Bindings/Models/Shared/STPIntentActionRedirectToURL.swift (in target 'StripePayments' from project 'Stripe')
    cd /Users/xinyufang/Documents/Buzz/Buzz.xcodeproj
    

SwiftCompile normal arm64 /Users/xinyufang/Library/Developer/Xcode/DerivedData/Buzz-faillbpsmponqzeruhhvskovixzk/SourcePackages/checkouts/stripe-ios-spm/StripePayments/StripePayments/Source/API\ Bindings/Models/Shared/STPIntentActionSwishHandleRedirect.swift (in target 'StripePayments' from project 'Stripe')
    cd /Users/xinyufang/Documents/Buzz/Buzz.xcodeproj
    

SwiftCompile normal arm64 /Users/xinyufang/Library/Developer/Xcode/DerivedData/Buzz-faillbpsmponqzeruhhvskovixzk/SourcePackages/checkouts/stripe-ios-spm/StripePayments/StripePayments/Source/API\ Bindings/Models/Shared/STPIntentActionVerifyWithMicrodeposits.swift (in target 'StripePayments' from project 'Stripe')
    cd /Users/xinyufang/Documents/Buzz/Buzz.xcodeproj
    

SwiftCompile normal arm64 /Users/xinyufang/Library/Developer/Xcode/DerivedData/Buzz-faillbpsmponqzeruhhvskovixzk/SourcePackages/checkouts/stripe-ios-spm/StripePayments/StripePayments/Source/API\ Bindings/Models/Shared/STPIntentActionWeChatPayRedirectToApp.swift (in target 'StripePayments' from project 'Stripe')
    cd /Users/xinyufang/Documents/Buzz/Buzz.xcodeproj
    

SwiftMergeGeneratedHeaders /Users/xinyufang/Library/Developer/Xcode/DerivedData/Buzz-faillbpsmponqzeruhhvskovixzk/Build/Intermediates.noindex/GeneratedModuleMaps-iphonesimulator/StripePayments-Swift.h /Users/xinyufang/Library/Developer/Xcode/DerivedData/Buzz-faillbpsmponqzeruhhvskovixzk/Build/Intermediates.noindex/Stripe.build/Debug-iphonesimulator/StripePayments.build/Objects-normal/arm64/StripePayments-Swift.h (in target 'StripePayments' from project 'Stripe')
    cd /Users/xinyufang/Library/Developer/Xcode/DerivedData/Buzz-faillbpsmponqzeruhhvskovixzk/SourcePackages/checkouts/stripe-ios-spm
    builtin-swiftHeaderTool -arch arm64 /Users/xinyufang/Library/Developer/Xcode/DerivedData/Buzz-faillbpsmponqzeruhhvskovixzk/Build/Intermediates.noindex/Stripe.build/Debug-iphonesimulator/StripePayments.build/Objects-normal/arm64/StripePayments-Swift.h -o /Users/xinyufang/Library/Developer/Xcode/DerivedData/Buzz-faillbpsmponqzeruhhvskovixzk/Build/Intermediates.noindex/GeneratedModuleMaps-iphonesimulator/StripePayments-Swift.h

SwiftDriverJobDiscovery normal arm64 Compiling AddressSpec.swift, AddressSpecProvider.swift, BSBNumberProvider.swift, DropdownFieldElement+AddressFactory.swift, IDNumberTextFieldConfiguration.swift, TextFieldElement+AccountFactory.swift, TextFieldElement+AddressFactory.swift, TextFieldElement+Factory.swift, FormElement.swift, FormView.swift (in target 'StripeUICore' from project 'Stripe')

Copy /Users/xinyufang/Library/Developer/Xcode/DerivedData/Buzz-faillbpsmponqzeruhhvskovixzk/Build/Products/Debug-iphonesimulator/StripePayments.swiftmodule/arm64-apple-ios-simulator.swiftmodule /Users/xinyufang/Library/Developer/Xcode/DerivedData/Buzz-faillbpsmponqzeruhhvskovixzk/Build/Intermediates.noindex/Stripe.build/Debug-iphonesimulator/StripePayments.build/Objects-normal/arm64/StripePayments.swiftmodule (in target 'StripePayments' from project 'Stripe')
    cd /Users/xinyufang/Library/Developer/Xcode/DerivedData/Buzz-faillbpsmponqzeruhhvskovixzk/SourcePackages/checkouts/stripe-ios-spm
    builtin-copy -exclude .DS_Store -exclude CVS -exclude .svn -exclude .git -exclude .hg -resolve-src-symlinks -rename /Users/xinyufang/Library/Developer/Xcode/DerivedData/Buzz-faillbpsmponqzeruhhvskovixzk/Build/Intermediates.noindex/Stripe.build/Debug-iphonesimulator/StripePayments.build/Objects-normal/arm64/StripePayments.swiftmodule /Users/xinyufang/Library/Developer/Xcode/DerivedData/Buzz-faillbpsmponqzeruhhvskovixzk/Build/Products/Debug-iphonesimulator/StripePayments.swiftmodule/arm64-apple-ios-simulator.swiftmodule

Copy /Users/xinyufang/Library/Developer/Xcode/DerivedData/Buzz-faillbpsmponqzeruhhvskovixzk/Build/Products/Debug-iphonesimulator/StripePayments.swiftmodule/arm64-apple-ios-simulator.swiftdoc /Users/xinyufang/Library/Developer/Xcode/DerivedData/Buzz-faillbpsmponqzeruhhvskovixzk/Build/Intermediates.noindex/Stripe.build/Debug-iphonesimulator/StripePayments.build/Objects-normal/arm64/StripePayments.swiftdoc (in target 'StripePayments' from project 'Stripe')
    cd /Users/xinyufang/Library/Developer/Xcode/DerivedData/Buzz-faillbpsmponqzeruhhvskovixzk/SourcePackages/checkouts/stripe-ios-spm
    builtin-copy -exclude .DS_Store -exclude CVS -exclude .svn -exclude .git -exclude .hg -resolve-src-symlinks -rename /Users/xinyufang/Library/Developer/Xcode/DerivedData/Buzz-faillbpsmponqzeruhhvskovixzk/Build/Intermediates.noindex/Stripe.build/Debug-iphonesimulator/StripePayments.build/Objects-normal/arm64/StripePayments.swiftdoc /Users/xinyufang/Library/Developer/Xcode/DerivedData/Buzz-faillbpsmponqzeruhhvskovixzk/Build/Products/Debug-iphonesimulator/StripePayments.swiftmodule/arm64-apple-ios-simulator.swiftdoc

Copy /Users/xinyufang/Library/Developer/Xcode/DerivedData/Buzz-faillbpsmponqzeruhhvskovixzk/Build/Products/Debug-iphonesimulator/StripePayments.swiftmodule/arm64-apple-ios-simulator.abi.json /Users/xinyufang/Library/Developer/Xcode/DerivedData/Buzz-faillbpsmponqzeruhhvskovixzk/Build/Intermediates.noindex/Stripe.build/Debug-iphonesimulator/StripePayments.build/Objects-normal/arm64/StripePayments.abi.json (in target 'StripePayments' from project 'Stripe')
    cd /Users/xinyufang/Library/Developer/Xcode/DerivedData/Buzz-faillbpsmponqzeruhhvskovixzk/SourcePackages/checkouts/stripe-ios-spm
    builtin-copy -exclude .DS_Store -exclude CVS -exclude .svn -exclude .git -exclude .hg -resolve-src-symlinks -rename /Users/xinyufang/Library/Developer/Xcode/DerivedData/Buzz-faillbpsmponqzeruhhvskovixzk/Build/Intermediates.noindex/Stripe.build/Debug-iphonesimulator/StripePayments.build/Objects-normal/arm64/StripePayments.abi.json /Users/xinyufang/Library/Developer/Xcode/DerivedData/Buzz-faillbpsmponqzeruhhvskovixzk/Build/Products/Debug-iphonesimulator/StripePayments.swiftmodule/arm64-apple-ios-simulator.abi.json

Copy /Users/xinyufang/Library/Developer/Xcode/DerivedData/Buzz-faillbpsmponqzeruhhvskovixzk/Build/Products/Debug-iphonesimulator/StripePayments.swiftmodule/Project/arm64-apple-ios-simulator.swiftsourceinfo /Users/xinyufang/Library/Developer/Xcode/DerivedData/Buzz-faillbpsmponqzeruhhvskovixzk/Build/Intermediates.noindex/Stripe.build/Debug-iphonesimulator/StripePayments.build/Objects-normal/arm64/StripePayments.swiftsourceinfo (in target 'StripePayments' from project 'Stripe')
    cd /Users/xinyufang/Library/Developer/Xcode/DerivedData/Buzz-faillbpsmponqzeruhhvskovixzk/SourcePackages/checkouts/stripe-ios-spm
    builtin-copy -exclude .DS_Store -exclude CVS -exclude .svn -exclude .git -exclude .hg -resolve-src-symlinks -rename /Users/xinyufang/Library/Developer/Xcode/DerivedData/Buzz-faillbpsmponqzeruhhvskovixzk/Build/Intermediates.noindex/Stripe.build/Debug-iphonesimulator/StripePayments.build/Objects-normal/arm64/StripePayments.swiftsourceinfo /Users/xinyufang/Library/Developer/Xcode/DerivedData/Buzz-faillbpsmponqzeruhhvskovixzk/Build/Products/Debug-iphonesimulator/StripePayments.swiftmodule/Project/arm64-apple-ios-simulator.swiftsourceinfo

SwiftCompile normal arm64 Compiling\ STPIntentAutomaticPaymentMethods.swift,\ STPMandateCustomerAcceptanceParams.swift,\ STPMandateDataParams.swift,\ STPMandateOnlineParams.swift,\ STPPaymentMethodOptions.swift,\ STPSource.swift,\ STPSourceEnums.swift,\ STPSourceParams.swift,\ STPSourceProtocol.swift,\ STPBankAccount.swift,\ STPBankAccountParams.swift,\ STPCard.swift,\ STPCardParams.swift,\ STPSourceCardDetails.swift,\ STPAPIClient+ApplePay.swift,\ STPAPIClient+LinkAccountSession.swift,\ STPAPIClient+Payments.swift,\ STPAPIClient+Radar.swift,\ STPClientAttributionMetadata+Payments.swift,\ DispatchQueue+Throttle.swift,\ HCaptcha.swift,\ HCaptchaConfig.swift,\ HCaptchaDebugInfo.swift,\ HCaptchaDecoder.swift /Users/xinyufang/Library/Developer/Xcode/DerivedData/Buzz-faillbpsmponqzeruhhvskovixzk/SourcePackages/checkouts/stripe-ios-spm/StripePayments/StripePayments/Source/API\ Bindings/Models/Shared/STPIntentAutomaticPaymentMethods.swift /Users/xinyufang/Library/Developer/Xcode/DerivedData/Buzz-faillbpsmponqzeruhhvskovixzk/SourcePackages/checkouts/stripe-ios-spm/StripePayments/StripePayments/Source/API\ Bindings/Models/Shared/STPMandateCustomerAcceptanceParams.swift /Users/xinyufang/Library/Developer/Xcode/DerivedData/Buzz-faillbpsmponqzeruhhvskovixzk/SourcePackages/checkouts/stripe-ios-spm/StripePayments/StripePayments/Source/API\ Bindings/Models/Shared/STPMandateDataParams.swift /Users/xinyufang/Library/Developer/Xcode/DerivedData/Buzz-faillbpsmponqzeruhhvskovixzk/SourcePackages/checkouts/stripe-ios-spm/StripePayments/StripePayments/Source/API\ Bindings/Models/Shared/STPMandateOnlineParams.swift /Users/xinyufang/Library/Developer/Xcode/DerivedData/Buzz-faillbpsmponqzeruhhvskovixzk/SourcePackages/checkouts/stripe-ios-spm/StripePayments/StripePayments/Source/API\ Bindings/Models/Shared/STPPaymentMethodOptions.swift /Users/xinyufang/Library/Developer/Xcode/DerivedData/Buzz-faillbpsmponqzeruhhvskovixzk/SourcePackages/checkouts/stripe-ios-spm/StripePayments/StripePayments/Source/API\ Bindings/Models/Sources/STPSource.swift /Users/xinyufang/Library/Developer/Xcode/DerivedData/Buzz-faillbpsmponqzeruhhvskovixzk/SourcePackages/checkouts/stripe-ios-spm/StripePayments/StripePayments/Source/API\ Bindings/Models/Sources/STPSourceEnums.swift /Users/xinyufang/Library/Developer/Xcode/DerivedData/Buzz-faillbpsmponqzeruhhvskovixzk/SourcePackages/checkouts/stripe-ios-spm/StripePayments/StripePayments/Source/API\ Bindings/Models/Sources/STPSourceParams.swift /Users/xinyufang/Library/Developer/Xcode/DerivedData/Buzz-faillbpsmponqzeruhhvskovixzk/SourcePackages/checkouts/stripe-ios-spm/StripePayments/StripePayments/Source/API\ Bindings/Models/Sources/STPSourceProtocol.swift /Users/xinyufang/Library/Developer/Xcode/DerivedData/Buzz-faillbpsmponqzeruhhvskovixzk/SourcePackages/checkouts/stripe-ios-spm/StripePayments/StripePayments/Source/API\ Bindings/Models/Sources/Types/STPBankAccount.swift /Users/xinyufang/Library/Developer/Xcode/DerivedData/Buzz-faillbpsmponqzeruhhvskovixzk/SourcePackages/checkouts/stripe-ios-spm/StripePayments/StripePayments/Source/API\ Bindings/Models/Sources/Types/STPBankAccountParams.swift /Users/xinyufang/Library/Developer/Xcode/DerivedData/Buzz-faillbpsmponqzeruhhvskovixzk/SourcePackages/checkouts/stripe-ios-spm/StripePayments/StripePayments/Source/API\ Bindings/Models/Sources/Types/STPCard.swift /Users/xinyufang/Library/Developer/Xcode/DerivedData/Buzz-faillbpsmponqzeruhhvskovixzk/SourcePackages/checkouts/stripe-ios-spm/StripePayments/StripePayments/Source/API\ Bindings/Models/Sources/Types/STPCardParams.swift /Users/xinyufang/Library/Developer/Xcode/DerivedData/Buzz-faillbpsmponqzeruhhvskovixzk/SourcePackages/checkouts/stripe-ios-spm/StripePayments/StripePayments/Source/API\ Bindings/Models/Sources/Types/STPSourceCardDetails.swift /Users/xinyufang/Library/Developer/Xcode/DerivedData/Buzz-faillbpsmponqzeruhhvskovixzk/SourcePackages/checkouts/stripe-ios-spm/StripePayments/StripePayments/Source/API\ Bindings/STPAPIClient+ApplePay.swift /Users/xinyufang/Library/Developer/Xcode/DerivedData/Buzz-faillbpsmponqzeruhhvskovixzk/SourcePackages/checkouts/stripe-ios-spm/StripePayments/StripePayments/Source/API\ Bindings/STPAPIClient+LinkAccountSession.swift /Users/xinyufang/Library/Developer/Xcode/DerivedData/Buzz-faillbpsmponqzeruhhvskovixzk/SourcePackages/checkouts/stripe-ios-spm/StripePayments/StripePayments/Source/API\ Bindings/STPAPIClient+Payments.swift /Users/xinyufang/Library/Developer/Xcode/DerivedData/Buzz-faillbpsmponqzeruhhvskovixzk/SourcePackages/checkouts/stripe-ios-spm/StripePayments/StripePayments/Source/API\ Bindings/STPAPIClient+Radar.swift /Users/xinyufang/Library/Developer/Xcode/DerivedData/Buzz-faillbpsmponqzeruhhvskovixzk/SourcePackages/checkouts/stripe-ios-spm/StripePayments/StripePayments/Source/API\ Bindings/STPClientAttributionMetadata+Payments.swift /Users/xinyufang/Library/Developer/Xcode/DerivedData/Buzz-faillbpsmponqzeruhhvskovixzk/SourcePackages/checkouts/stripe-ios-spm/StripePayments/StripePayments/Source/Captcha/DispatchQueue+Throttle.swift /Users/xinyufang/Library/Developer/Xcode/DerivedData/Buzz-faillbpsmponqzeruhhvskovixzk/SourcePackages/checkouts/stripe-ios-spm/StripePayments/StripePayments/Source/Captcha/HCaptcha.swift /Users/xinyufang/Library/Developer/Xcode/DerivedData/Buzz-faillbpsmponqzeruhhvskovixzk/SourcePackages/checkouts/stripe-ios-spm/StripePayments/StripePayments/Source/Captcha/HCaptchaConfig.swift /Users/xinyufang/Library/Developer/Xcode/DerivedData/Buzz-faillbpsmponqzeruhhvskovixzk/SourcePackages/checkouts/stripe-ios-spm/StripePayments/StripePayments/Source/Captcha/HCaptchaDebugInfo.swift /Users/xinyufang/Library/Developer/Xcode/DerivedData/Buzz-faillbpsmponqzeruhhvskovixzk/SourcePackages/checkouts/stripe-ios-spm/StripePayments/StripePayments/Source/Captcha/HCaptchaDecoder.swift (in target 'StripePayments' from project 'Stripe')
SwiftCompile normal arm64 /Users/xinyufang/Library/Developer/Xcode/DerivedData/Buzz-faillbpsmponqzeruhhvskovixzk/SourcePackages/checkouts/stripe-ios-spm/StripePayments/StripePayments/Source/API\ Bindings/Models/Shared/STPIntentAutomaticPaymentMethods.swift (in target 'StripePayments' from project 'Stripe')
    cd /Users/xinyufang/Documents/Buzz/Buzz.xcodeproj
    

SwiftCompile normal arm64 /Users/xinyufang/Library/Developer/Xcode/DerivedData/Buzz-faillbpsmponqzeruhhvskovixzk/SourcePackages/checkouts/stripe-ios-spm/StripePayments/StripePayments/Source/API\ Bindings/Models/Shared/STPMandateCustomerAcceptanceParams.swift (in target 'StripePayments' from project 'Stripe')
    cd /Users/xinyufang/Documents/Buzz/Buzz.xcodeproj
    

SwiftCompile normal arm64 /Users/xinyufang/Library/Developer/Xcode/DerivedData/Buzz-faillbpsmponqzeruhhvskovixzk/SourcePackages/checkouts/stripe-ios-spm/StripePayments/StripePayments/Source/API\ Bindings/Models/Shared/STPMandateDataParams.swift (in target 'StripePayments' from project 'Stripe')
    cd /Users/xinyufang/Documents/Buzz/Buzz.xcodeproj
    

SwiftCompile normal arm64 /Users/xinyufang/Library/Developer/Xcode/DerivedData/Buzz-faillbpsmponqzeruhhvskovixzk/SourcePackages/checkouts/stripe-ios-spm/StripePayments/StripePayments/Source/API\ Bindings/Models/Shared/STPMandateOnlineParams.swift (in target 'StripePayments' from project 'Stripe')
    cd /Users/xinyufang/Documents/Buzz/Buzz.xcodeproj
    

SwiftCompile normal arm64 /Users/xinyufang/Library/Developer/Xcode/DerivedData/Buzz-faillbpsmponqzeruhhvskovixzk/SourcePackages/checkouts/stripe-ios-spm/StripePayments/StripePayments/Source/API\ Bindings/Models/Shared/STPPaymentMethodOptions.swift (in target 'StripePayments' from project 'Stripe')
    cd /Users/xinyufang/Documents/Buzz/Buzz.xcodeproj
    

SwiftCompile normal arm64 /Users/xinyufang/Library/Developer/Xcode/DerivedData/Buzz-faillbpsmponqzeruhhvskovixzk/SourcePackages/checkouts/stripe-ios-spm/StripePayments/StripePayments/Source/API\ Bindings/Models/Sources/STPSource.swift (in target 'StripePayments' from project 'Stripe')
    cd /Users/xinyufang/Documents/Buzz/Buzz.xcodeproj
    

SwiftCompile normal arm64 /Users/xinyufang/Library/Developer/Xcode/DerivedData/Buzz-faillbpsmponqzeruhhvskovixzk/SourcePackages/checkouts/stripe-ios-spm/StripePayments/StripePayments/Source/API\ Bindings/Models/Sources/STPSourceEnums.swift (in target 'StripePayments' from project 'Stripe')
    cd /Users/xinyufang/Documents/Buzz/Buzz.xcodeproj
    

SwiftCompile normal arm64 /Users/xinyufang/Library/Developer/Xcode/DerivedData/Buzz-faillbpsmponqzeruhhvskovixzk/SourcePackages/checkouts/stripe-ios-spm/StripePayments/StripePayments/Source/API\ Bindings/Models/Sources/STPSourceParams.swift (in target 'StripePayments' from project 'Stripe')
    cd /Users/xinyufang/Documents/Buzz/Buzz.xcodeproj
    

SwiftCompile normal arm64 /Users/xinyufang/Library/Developer/Xcode/DerivedData/Buzz-faillbpsmponqzeruhhvskovixzk/SourcePackages/checkouts/stripe-ios-spm/StripePayments/StripePayments/Source/API\ Bindings/Models/Sources/STPSourceProtocol.swift (in target 'StripePayments' from project 'Stripe')
    cd /Users/xinyufang/Documents/Buzz/Buzz.xcodeproj
    

SwiftCompile normal arm64 /Users/xinyufang/Library/Developer/Xcode/DerivedData/Buzz-faillbpsmponqzeruhhvskovixzk/SourcePackages/checkouts/stripe-ios-spm/StripePayments/StripePayments/Source/API\ Bindings/Models/Sources/Types/STPBankAccount.swift (in target 'StripePayments' from project 'Stripe')
    cd /Users/xinyufang/Documents/Buzz/Buzz.xcodeproj
    

SwiftCompile normal arm64 /Users/xinyufang/Library/Developer/Xcode/DerivedData/Buzz-faillbpsmponqzeruhhvskovixzk/SourcePackages/checkouts/stripe-ios-spm/StripePayments/StripePayments/Source/API\ Bindings/Models/Sources/Types/STPBankAccountParams.swift (in target 'StripePayments' from project 'Stripe')
    cd /Users/xinyufang/Documents/Buzz/Buzz.xcodeproj
    

SwiftCompile normal arm64 /Users/xinyufang/Library/Developer/Xcode/DerivedData/Buzz-faillbpsmponqzeruhhvskovixzk/SourcePackages/checkouts/stripe-ios-spm/StripePayments/StripePayments/Source/API\ Bindings/Models/Sources/Types/STPCard.swift (in target 'StripePayments' from project 'Stripe')
    cd /Users/xinyufang/Documents/Buzz/Buzz.xcodeproj
    

SwiftCompile normal arm64 /Users/xinyufang/Library/Developer/Xcode/DerivedData/Buzz-faillbpsmponqzeruhhvskovixzk/SourcePackages/checkouts/stripe-ios-spm/StripePayments/StripePayments/Source/API\ Bindings/Models/Sources/Types/STPCardParams.swift (in target 'StripePayments' from project 'Stripe')
    cd /Users/xinyufang/Documents/Buzz/Buzz.xcodeproj
    

SwiftCompile normal arm64 /Users/xinyufang/Library/Developer/Xcode/DerivedData/Buzz-faillbpsmponqzeruhhvskovixzk/SourcePackages/checkouts/stripe-ios-spm/StripePayments/StripePayments/Source/API\ Bindings/Models/Sources/Types/STPSourceCardDetails.swift (in target 'StripePayments' from project 'Stripe')
    cd /Users/xinyufang/Documents/Buzz/Buzz.xcodeproj
    

SwiftCompile normal arm64 /Users/xinyufang/Library/Developer/Xcode/DerivedData/Buzz-faillbpsmponqzeruhhvskovixzk/SourcePackages/checkouts/stripe-ios-spm/StripePayments/StripePayments/Source/API\ Bindings/STPAPIClient+ApplePay.swift (in target 'StripePayments' from project 'Stripe')
    cd /Users/xinyufang/Documents/Buzz/Buzz.xcodeproj
    

SwiftCompile normal arm64 /Users/xinyufang/Library/Developer/Xcode/DerivedData/Buzz-faillbpsmponqzeruhhvskovixzk/SourcePackages/checkouts/stripe-ios-spm/StripePayments/StripePayments/Source/API\ Bindings/STPAPIClient+LinkAccountSession.swift (in target 'StripePayments' from project 'Stripe')
    cd /Users/xinyufang/Documents/Buzz/Buzz.xcodeproj
    

SwiftCompile normal arm64 /Users/xinyufang/Library/Developer/Xcode/DerivedData/Buzz-faillbpsmponqzeruhhvskovixzk/SourcePackages/checkouts/stripe-ios-spm/StripePayments/StripePayments/Source/API\ Bindings/STPAPIClient+Payments.swift (in target 'StripePayments' from project 'Stripe')
    cd /Users/xinyufang/Documents/Buzz/Buzz.xcodeproj
    

SwiftCompile normal arm64 /Users/xinyufang/Library/Developer/Xcode/DerivedData/Buzz-faillbpsmponqzeruhhvskovixzk/SourcePackages/checkouts/stripe-ios-spm/StripePayments/StripePayments/Source/API\ Bindings/STPAPIClient+Radar.swift (in target 'StripePayments' from project 'Stripe')
    cd /Users/xinyufang/Documents/Buzz/Buzz.xcodeproj
    

SwiftCompile normal arm64 /Users/xinyufang/Library/Developer/Xcode/DerivedData/Buzz-faillbpsmponqzeruhhvskovixzk/SourcePackages/checkouts/stripe-ios-spm/StripePayments/StripePayments/Source/API\ Bindings/STPClientAttributionMetadata+Payments.swift (in target 'StripePayments' from project 'Stripe')
    cd /Users/xinyufang/Documents/Buzz/Buzz.xcodeproj
    

SwiftCompile normal arm64 /Users/xinyufang/Library/Developer/Xcode/DerivedData/Buzz-faillbpsmponqzeruhhvskovixzk/SourcePackages/checkouts/stripe-ios-spm/StripePayments/StripePayments/Source/Captcha/DispatchQueue+Throttle.swift (in target 'StripePayments' from project 'Stripe')
    cd /Users/xinyufang/Documents/Buzz/Buzz.xcodeproj
    

SwiftCompile normal arm64 /Users/xinyufang/Library/Developer/Xcode/DerivedData/Buzz-faillbpsmponqzeruhhvskovixzk/SourcePackages/checkouts/stripe-ios-spm/StripePayments/StripePayments/Source/Captcha/HCaptcha.swift (in target 'StripePayments' from project 'Stripe')
    cd /Users/xinyufang/Documents/Buzz/Buzz.xcodeproj
    

SwiftCompile normal arm64 /Users/xinyufang/Library/Developer/Xcode/DerivedData/Buzz-faillbpsmponqzeruhhvskovixzk/SourcePackages/checkouts/stripe-ios-spm/StripePayments/StripePayments/Source/Captcha/HCaptchaConfig.swift (in target 'StripePayments' from project 'Stripe')
    cd /Users/xinyufang/Documents/Buzz/Buzz.xcodeproj
    

SwiftCompile normal arm64 /Users/xinyufang/Library/Developer/Xcode/DerivedData/Buzz-faillbpsmponqzeruhhvskovixzk/SourcePackages/checkouts/stripe-ios-spm/StripePayments/StripePayments/Source/Captcha/HCaptchaDebugInfo.swift (in target 'StripePayments' from project 'Stripe')
    cd /Users/xinyufang/Documents/Buzz/Buzz.xcodeproj
    

SwiftCompile normal arm64 /Users/xinyufang/Library/Developer/Xcode/DerivedData/Buzz-faillbpsmponqzeruhhvskovixzk/SourcePackages/checkouts/stripe-ios-spm/StripePayments/StripePayments/Source/Captcha/HCaptchaDecoder.swift (in target 'StripePayments' from project 'Stripe')
    cd /Users/xinyufang/Documents/Buzz/Buzz.xcodeproj
    

SwiftDriverJobDiscovery normal arm64 Compiling UISpringTimingParameters+StripeUICore.swift, UIStackView+StripeUICore.swift, UITraitCollection+StripeUICore.swift, UIView+StripeUICore.swift, UIViewController+StripeUICore.swift, UIWindow+StripeUICore.swift, ActivityIndicator.swift, Button.swift, OneTimeCodeTextField-TextStorage.swift, OneTimeCodeTextField.swift (in target 'StripeUICore' from project 'Stripe')

SwiftCompile normal arm64 Compiling\ STPIntentActionUseStripeSDK.swift,\ STPInternalAPIResponseDecodable.swift,\ STPPaymentMethodListDeserializer.swift,\ Analytic+Payments.swift,\ STPAnalyticsClient+Payments.swift,\ NSArray+Stripe.swift,\ NSDecimalNumber+Stripe_Currency.swift,\ NSDictionary+Stripe.swift,\ NSString+Stripe.swift,\ STPAPIClient+PaymentsCore.swift,\ ConnectionsSDKAvailability.swift,\ STPPaymentHandlerActionParams.swift,\ PollingBudget.swift,\ STPAnalyticsClient+STPPaymentHandler.swift,\ STPAuthenticationContext.swift,\ STPPaymentHandler.swift,\ STPThreeDSButtonCustomization.swift,\ STPThreeDSCustomizationSettings.swift,\ STPThreeDSFooterCustomization.swift,\ STPThreeDSLabelCustomization.swift,\ STPThreeDSNavigationBarCustomization.swift,\ STPThreeDSSelectionCustomization.swift,\ STPThreeDSTextFieldCustomization.swift,\ STPThreeDSUICustomization.swift /Users/xinyufang/Library/Developer/Xcode/DerivedData/Buzz-faillbpsmponqzeruhhvskovixzk/SourcePackages/checkouts/stripe-ios-spm/StripePayments/StripePayments/Source/Internal/API\ Bindings/STPIntentActionUseStripeSDK.swift /Users/xinyufang/Library/Developer/Xcode/DerivedData/Buzz-faillbpsmponqzeruhhvskovixzk/SourcePackages/checkouts/stripe-ios-spm/StripePayments/StripePayments/Source/Internal/API\ Bindings/STPInternalAPIResponseDecodable.swift /Users/xinyufang/Library/Developer/Xcode/DerivedData/Buzz-faillbpsmponqzeruhhvskovixzk/SourcePackages/checkouts/stripe-ios-spm/StripePayments/StripePayments/Source/Internal/API\ Bindings/STPPaymentMethodListDeserializer.swift /Users/xinyufang/Library/Developer/Xcode/DerivedData/Buzz-faillbpsmponqzeruhhvskovixzk/SourcePackages/checkouts/stripe-ios-spm/StripePayments/StripePayments/Source/Internal/Analytics/Analytic+Payments.swift /Users/xinyufang/Library/Developer/Xcode/DerivedData/Buzz-faillbpsmponqzeruhhvskovixzk/SourcePackages/checkouts/stripe-ios-spm/StripePayments/StripePayments/Source/Internal/Analytics/STPAnalyticsClient+Payments.swift /Users/xinyufang/Library/Developer/Xcode/DerivedData/Buzz-faillbpsmponqzeruhhvskovixzk/SourcePackages/checkouts/stripe-ios-spm/StripePayments/StripePayments/Source/Internal/Categories/NSArray+Stripe.swift /Users/xinyufang/Library/Developer/Xcode/DerivedData/Buzz-faillbpsmponqzeruhhvskovixzk/SourcePackages/checkouts/stripe-ios-spm/StripePayments/StripePayments/Source/Internal/Categories/NSDecimalNumber+Stripe_Currency.swift /Users/xinyufang/Library/Developer/Xcode/DerivedData/Buzz-faillbpsmponqzeruhhvskovixzk/SourcePackages/checkouts/stripe-ios-spm/StripePayments/StripePayments/Source/Internal/Categories/NSDictionary+Stripe.swift /Users/xinyufang/Library/Developer/Xcode/DerivedData/Buzz-faillbpsmponqzeruhhvskovixzk/SourcePackages/checkouts/stripe-ios-spm/StripePayments/StripePayments/Source/Internal/Categories/NSString+Stripe.swift /Users/xinyufang/Library/Developer/Xcode/DerivedData/Buzz-faillbpsmponqzeruhhvskovixzk/SourcePackages/checkouts/stripe-ios-spm/StripePayments/StripePayments/Source/Internal/Categories/STPAPIClient+PaymentsCore.swift /Users/xinyufang/Library/Developer/Xcode/DerivedData/Buzz-faillbpsmponqzeruhhvskovixzk/SourcePackages/checkouts/stripe-ios-spm/StripePayments/StripePayments/Source/Internal/Helpers/ConnectionsSDKAvailability.swift /Users/xinyufang/Library/Developer/Xcode/DerivedData/Buzz-faillbpsmponqzeruhhvskovixzk/SourcePackages/checkouts/stripe-ios-spm/StripePayments/StripePayments/Source/Internal/STPPaymentHandlerActionParams.swift /Users/xinyufang/Library/Developer/Xcode/DerivedData/Buzz-faillbpsmponqzeruhhvskovixzk/SourcePackages/checkouts/stripe-ios-spm/StripePayments/StripePayments/Source/PaymentHandler/PollingBudget.swift /Users/xinyufang/Library/Developer/Xcode/DerivedData/Buzz-faillbpsmponqzeruhhvskovixzk/SourcePackages/checkouts/stripe-ios-spm/StripePayments/StripePayments/Source/PaymentHandler/STPAnalyticsClient+STPPaymentHandler.swift /Users/xinyufang/Library/Developer/Xcode/DerivedData/Buzz-faillbpsmponqzeruhhvskovixzk/SourcePackages/checkouts/stripe-ios-spm/StripePayments/StripePayments/Source/PaymentHandler/STPAuthenticationContext.swift /Users/xinyufang/Library/Developer/Xcode/DerivedData/Buzz-faillbpsmponqzeruhhvskovixzk/SourcePackages/checkouts/stripe-ios-spm/StripePayments/StripePayments/Source/PaymentHandler/STPPaymentHandler.swift /Users/xinyufang/Library/Developer/Xcode/DerivedData/Buzz-faillbpsmponqzeruhhvskovixzk/SourcePackages/checkouts/stripe-ios-spm/StripePayments/StripePayments/Source/PaymentHandler/STPThreeDSButtonCustomization.swift /Users/xinyufang/Library/Developer/Xcode/DerivedData/Buzz-faillbpsmponqzeruhhvskovixzk/SourcePackages/checkouts/stripe-ios-spm/StripePayments/StripePayments/Source/PaymentHandler/STPThreeDSCustomizationSettings.swift /Users/xinyufang/Library/Developer/Xcode/DerivedData/Buzz-faillbpsmponqzeruhhvskovixzk/SourcePackages/checkouts/stripe-ios-spm/StripePayments/StripePayments/Source/PaymentHandler/STPThreeDSFooterCustomization.swift /Users/xinyufang/Library/Developer/Xcode/DerivedData/Buzz-faillbpsmponqzeruhhvskovixzk/SourcePackages/checkouts/stripe-ios-spm/StripePayments/StripePayments/Source/PaymentHandler/STPThreeDSLabelCustomization.swift /Users/xinyufang/Library/Developer/Xcode/DerivedData/Buzz-faillbpsmponqzeruhhvskovixzk/SourcePackages/checkouts/stripe-ios-spm/StripePayments/StripePayments/Source/PaymentHandler/STPThreeDSNavigationBarCustomization.swift /Users/xinyufang/Library/Developer/Xcode/DerivedData/Buzz-faillbpsmponqzeruhhvskovixzk/SourcePackages/checkouts/stripe-ios-spm/StripePayments/StripePayments/Source/PaymentHandler/STPThreeDSSelectionCustomization.swift /Users/xinyufang/Library/Developer/Xcode/DerivedData/Buzz-faillbpsmponqzeruhhvskovixzk/SourcePackages/checkouts/stripe-ios-spm/StripePayments/StripePayments/Source/PaymentHandler/STPThreeDSTextFieldCustomization.swift /Users/xinyufang/Library/Developer/Xcode/DerivedData/Buzz-faillbpsmponqzeruhhvskovixzk/SourcePackages/checkouts/stripe-ios-spm/StripePayments/StripePayments/Source/PaymentHandler/STPThreeDSUICustomization.swift (in target 'StripePayments' from project 'Stripe')

SwiftCompile normal arm64 /Users/xinyufang/Library/Developer/Xcode/DerivedData/Buzz-faillbpsmponqzeruhhvskovixzk/SourcePackages/checkouts/stripe-ios-spm/StripePayments/StripePayments/Source/Internal/API\ Bindings/STPIntentActionUseStripeSDK.swift (in target 'StripePayments' from project 'Stripe')
    cd /Users/xinyufang/Documents/Buzz/Buzz.xcodeproj
    

SwiftCompile normal arm64 /Users/xinyufang/Library/Developer/Xcode/DerivedData/Buzz-faillbpsmponqzeruhhvskovixzk/SourcePackages/checkouts/stripe-ios-spm/StripePayments/StripePayments/Source/Internal/API\ Bindings/STPInternalAPIResponseDecodable.swift (in target 'StripePayments' from project 'Stripe')
    cd /Users/xinyufang/Documents/Buzz/Buzz.xcodeproj
    

SwiftCompile normal arm64 /Users/xinyufang/Library/Developer/Xcode/DerivedData/Buzz-faillbpsmponqzeruhhvskovixzk/SourcePackages/checkouts/stripe-ios-spm/StripePayments/StripePayments/Source/Internal/API\ Bindings/STPPaymentMethodListDeserializer.swift (in target 'StripePayments' from project 'Stripe')
    cd /Users/xinyufang/Documents/Buzz/Buzz.xcodeproj
    

SwiftCompile normal arm64 /Users/xinyufang/Library/Developer/Xcode/DerivedData/Buzz-faillbpsmponqzeruhhvskovixzk/SourcePackages/checkouts/stripe-ios-spm/StripePayments/StripePayments/Source/Internal/Analytics/Analytic+Payments.swift (in target 'StripePayments' from project 'Stripe')
    cd /Users/xinyufang/Documents/Buzz/Buzz.xcodeproj
    

SwiftCompile normal arm64 /Users/xinyufang/Library/Developer/Xcode/DerivedData/Buzz-faillbpsmponqzeruhhvskovixzk/SourcePackages/checkouts/stripe-ios-spm/StripePayments/StripePayments/Source/Internal/Analytics/STPAnalyticsClient+Payments.swift (in target 'StripePayments' from project 'Stripe')
    cd /Users/xinyufang/Documents/Buzz/Buzz.xcodeproj
    

SwiftCompile normal arm64 /Users/xinyufang/Library/Developer/Xcode/DerivedData/Buzz-faillbpsmponqzeruhhvskovixzk/SourcePackages/checkouts/stripe-ios-spm/StripePayments/StripePayments/Source/Internal/Categories/NSArray+Stripe.swift (in target 'StripePayments' from project 'Stripe')
    cd /Users/xinyufang/Documents/Buzz/Buzz.xcodeproj
    

SwiftCompile normal arm64 /Users/xinyufang/Library/Developer/Xcode/DerivedData/Buzz-faillbpsmponqzeruhhvskovixzk/SourcePackages/checkouts/stripe-ios-spm/StripePayments/StripePayments/Source/Internal/Categories/NSDecimalNumber+Stripe_Currency.swift (in target 'StripePayments' from project 'Stripe')
    cd /Users/xinyufang/Documents/Buzz/Buzz.xcodeproj
    

SwiftCompile normal arm64 /Users/xinyufang/Library/Developer/Xcode/DerivedData/Buzz-faillbpsmponqzeruhhvskovixzk/SourcePackages/checkouts/stripe-ios-spm/StripePayments/StripePayments/Source/Internal/Categories/NSDictionary+Stripe.swift (in target 'StripePayments' from project 'Stripe')
    cd /Users/xinyufang/Documents/Buzz/Buzz.xcodeproj
    

SwiftCompile normal arm64 /Users/xinyufang/Library/Developer/Xcode/DerivedData/Buzz-faillbpsmponqzeruhhvskovixzk/SourcePackages/checkouts/stripe-ios-spm/StripePayments/StripePayments/Source/Internal/Categories/NSString+Stripe.swift (in target 'StripePayments' from project 'Stripe')
    cd /Users/xinyufang/Documents/Buzz/Buzz.xcodeproj
    

SwiftCompile normal arm64 /Users/xinyufang/Library/Developer/Xcode/DerivedData/Buzz-faillbpsmponqzeruhhvskovixzk/SourcePackages/checkouts/stripe-ios-spm/StripePayments/StripePayments/Source/Internal/Categories/STPAPIClient+PaymentsCore.swift (in target 'StripePayments' from project 'Stripe')
    cd /Users/xinyufang/Documents/Buzz/Buzz.xcodeproj
    

SwiftCompile normal arm64 /Users/xinyufang/Library/Developer/Xcode/DerivedData/Buzz-faillbpsmponqzeruhhvskovixzk/SourcePackages/checkouts/stripe-ios-spm/StripePayments/StripePayments/Source/Internal/Helpers/ConnectionsSDKAvailability.swift (in target 'StripePayments' from project 'Stripe')
    cd /Users/xinyufang/Documents/Buzz/Buzz.xcodeproj
    

SwiftCompile normal arm64 /Users/xinyufang/Library/Developer/Xcode/DerivedData/Buzz-faillbpsmponqzeruhhvskovixzk/SourcePackages/checkouts/stripe-ios-spm/StripePayments/StripePayments/Source/Internal/STPPaymentHandlerActionParams.swift (in target 'StripePayments' from project 'Stripe')
    cd /Users/xinyufang/Documents/Buzz/Buzz.xcodeproj
    

SwiftCompile normal arm64 /Users/xinyufang/Library/Developer/Xcode/DerivedData/Buzz-faillbpsmponqzeruhhvskovixzk/SourcePackages/checkouts/stripe-ios-spm/StripePayments/StripePayments/Source/PaymentHandler/PollingBudget.swift (in target 'StripePayments' from project 'Stripe')
    cd /Users/xinyufang/Documents/Buzz/Buzz.xcodeproj
    

SwiftCompile normal arm64 /Users/xinyufang/Library/Developer/Xcode/DerivedData/Buzz-faillbpsmponqzeruhhvskovixzk/SourcePackages/checkouts/stripe-ios-spm/StripePayments/StripePayments/Source/PaymentHandler/STPAnalyticsClient+STPPaymentHandler.swift (in target 'StripePayments' from project 'Stripe')
    cd /Users/xinyufang/Documents/Buzz/Buzz.xcodeproj
    

SwiftCompile normal arm64 /Users/xinyufang/Library/Developer/Xcode/DerivedData/Buzz-faillbpsmponqzeruhhvskovixzk/SourcePackages/checkouts/stripe-ios-spm/StripePayments/StripePayments/Source/PaymentHandler/STPAuthenticationContext.swift (in target 'StripePayments' from project 'Stripe')
    cd /Users/xinyufang/Documents/Buzz/Buzz.xcodeproj
    

SwiftCompile normal arm64 /Users/xinyufang/Library/Developer/Xcode/DerivedData/Buzz-faillbpsmponqzeruhhvskovixzk/SourcePackages/checkouts/stripe-ios-spm/StripePayments/StripePayments/Source/PaymentHandler/STPPaymentHandler.swift (in target 'StripePayments' from project 'Stripe')
    cd /Users/xinyufang/Documents/Buzz/Buzz.xcodeproj
    

SwiftCompile normal arm64 /Users/xinyufang/Library/Developer/Xcode/DerivedData/Buzz-faillbpsmponqzeruhhvskovixzk/SourcePackages/checkouts/stripe-ios-spm/StripePayments/StripePayments/Source/PaymentHandler/STPThreeDSButtonCustomization.swift (in target 'StripePayments' from project 'Stripe')
    cd /Users/xinyufang/Documents/Buzz/Buzz.xcodeproj
    

SwiftCompile normal arm64 /Users/xinyufang/Library/Developer/Xcode/DerivedData/Buzz-faillbpsmponqzeruhhvskovixzk/SourcePackages/checkouts/stripe-ios-spm/StripePayments/StripePayments/Source/PaymentHandler/STPThreeDSCustomizationSettings.swift (in target 'StripePayments' from project 'Stripe')
    cd /Users/xinyufang/Documents/Buzz/Buzz.xcodeproj
    

SwiftCompile normal arm64 /Users/xinyufang/Library/Developer/Xcode/DerivedData/Buzz-faillbpsmponqzeruhhvskovixzk/SourcePackages/checkouts/stripe-ios-spm/StripePayments/StripePayments/Source/PaymentHandler/STPThreeDSFooterCustomization.swift (in target 'StripePayments' from project 'Stripe')
    cd /Users/xinyufang/Documents/Buzz/Buzz.xcodeproj
    

SwiftCompile normal arm64 /Users/xinyufang/Library/Developer/Xcode/DerivedData/Buzz-faillbpsmponqzeruhhvskovixzk/SourcePackages/checkouts/stripe-ios-spm/StripePayments/StripePayments/Source/PaymentHandler/STPThreeDSLabelCustomization.swift (in target 'StripePayments' from project 'Stripe')
    cd /Users/xinyufang/Documents/Buzz/Buzz.xcodeproj
    

SwiftCompile normal arm64 /Users/xinyufang/Library/Developer/Xcode/DerivedData/Buzz-faillbpsmponqzeruhhvskovixzk/SourcePackages/checkouts/stripe-ios-spm/StripePayments/StripePayments/Source/PaymentHandler/STPThreeDSNavigationBarCustomization.swift (in target 'StripePayments' from project 'Stripe')
    cd /Users/xinyufang/Documents/Buzz/Buzz.xcodeproj
    

SwiftCompile normal arm64 /Users/xinyufang/Library/Developer/Xcode/DerivedData/Buzz-faillbpsmponqzeruhhvskovixzk/SourcePackages/checkouts/stripe-ios-spm/StripePayments/StripePayments/Source/PaymentHandler/STPThreeDSSelectionCustomization.swift (in target 'StripePayments' from project 'Stripe')
    cd /Users/xinyufang/Documents/Buzz/Buzz.xcodeproj
    

SwiftCompile normal arm64 /Users/xinyufang/Library/Developer/Xcode/DerivedData/Buzz-faillbpsmponqzeruhhvskovixzk/SourcePackages/checkouts/stripe-ios-spm/StripePayments/StripePayments/Source/PaymentHandler/STPThreeDSTextFieldCustomization.swift (in target 'StripePayments' from project 'Stripe')
    cd /Users/xinyufang/Documents/Buzz/Buzz.xcodeproj
    

SwiftCompile normal arm64 /Users/xinyufang/Library/Developer/Xcode/DerivedData/Buzz-faillbpsmponqzeruhhvskovixzk/SourcePackages/checkouts/stripe-ios-spm/StripePayments/StripePayments/Source/PaymentHandler/STPThreeDSUICustomization.swift (in target 'StripePayments' from project 'Stripe')
    cd /Users/xinyufang/Documents/Buzz/Buzz.xcodeproj
    

SwiftDriver\ Compilation StripeUICore normal arm64 com.apple.xcode.tools.swift.compiler (in target 'StripeUICore' from project 'Stripe')
    cd /Users/xinyufang/Documents/Buzz/Buzz.xcodeproj
    builtin-Swift-Compilation -- /Applications/Xcode.app/Contents/Developer/Toolchains/XcodeDefault.xctoolchain/usr/bin/swiftc -module-name StripeUICore -Onone -enforce-exclusivity\=checked @/Users/xinyufang/Library/Developer/Xcode/DerivedData/Buzz-faillbpsmponqzeruhhvskovixzk/Build/Intermediates.noindex/Stripe.build/Debug-iphonesimulator/StripeUICore.build/Objects-normal/arm64/StripeUICore.SwiftFileList -DSWIFT_PACKAGE -DDEBUG -DSWIFT_MODULE_RESOURCE_BUNDLE_AVAILABLE -DXcode -plugin-path /Applications/Xcode.app/Contents/Developer/Toolchains/XcodeDefault.xctoolchain/usr/lib/swift/host/plugins/testing -enable-experimental-feature DebugDescriptionMacro -sdk /Applications/Xcode.app/Contents/Developer/Platforms/iPhoneSimulator.platform/Developer/SDKs/iPhoneSimulator26.0.sdk -target arm64-apple-ios13.0-simulator -g -module-cache-path /Users/xinyufang/Library/Developer/Xcode/DerivedData/ModuleCache.noindex -Xfrontend -serialize-debugging-options -enable-testing -suppress-warnings -index-store-path /Users/xinyufang/Library/Developer/Xcode/DerivedData/Buzz-faillbpsmponqzeruhhvskovixzk/Index.noindex/DataStore -Xcc -D_LIBCPP_HARDENING_MODE\=_LIBCPP_HARDENING_MODE_DEBUG -swift-version 5 -I /Users/xinyufang/Library/Developer/Xcode/DerivedData/Buzz-faillbpsmponqzeruhhvskovixzk/Build/Products/Debug-iphonesimulator -Isystem /Applications/Xcode.app/Contents/Developer/Platforms/iPhoneSimulator.platform/Developer/usr/lib -F /Users/xinyufang/Library/Developer/Xcode/DerivedData/Buzz-faillbpsmponqzeruhhvskovixzk/Build/Products/Debug-iphonesimulator/PackageFrameworks -F /Users/xinyufang/Library/Developer/Xcode/DerivedData/Buzz-faillbpsmponqzeruhhvskovixzk/Build/Products/Debug-iphonesimulator -F /Applications/Xcode.app/Contents/Developer/Platforms/iPhoneSimulator.platform/Developer/Library/Frameworks -F /Applications/Xcode.app/Contents/Developer/Platforms/iPhoneSimulator.platform/Developer/SDKs/iPhoneSimulator26.0.sdk/Developer/Library/Frameworks -emit-localized-strings -emit-localized-strings-path /Users/xinyufang/Library/Developer/Xcode/DerivedData/Buzz-faillbpsmponqzeruhhvskovixzk/Build/Intermediates.noindex/Stripe.build/Debug-iphonesimulator/StripeUICore.build/Objects-normal/arm64 -c -j8 -enable-batch-mode -incremental -Xcc -ivfsstatcache -Xcc /Users/xinyufang/Library/Developer/Xcode/DerivedData/SDKStatCaches.noindex/iphonesimulator26.0-23A339-26257891a6c027eb51374368541b8346.sdkstatcache -output-file-map /Users/xinyufang/Library/Developer/Xcode/DerivedData/Buzz-faillbpsmponqzeruhhvskovixzk/Build/Intermediates.noindex/Stripe.build/Debug-iphonesimulator/StripeUICore.build/Objects-normal/arm64/StripeUICore-OutputFileMap.json -use-frontend-parseable-output -save-temps -no-color-diagnostics -explicit-module-build -module-cache-path /Users/xinyufang/Library/Developer/Xcode/DerivedData/Buzz-faillbpsmponqzeruhhvskovixzk/Build/Intermediates.noindex/SwiftExplicitPrecompiledModules -clang-scanner-module-cache-path /Users/xinyufang/Library/Developer/Xcode/DerivedData/ModuleCache.noindex -sdk-module-cache-path /Users/xinyufang/Library/Developer/Xcode/DerivedData/ModuleCache.noindex -serialize-diagnostics -emit-dependencies -emit-module -emit-module-path /Users/xinyufang/Library/Developer/Xcode/DerivedData/Buzz-faillbpsmponqzeruhhvskovixzk/Build/Intermediates.noindex/Stripe.build/Debug-iphonesimulator/StripeUICore.build/Objects-normal/arm64/StripeUICore.swiftmodule -validate-clang-modules-once -clang-build-session-file /Users/xinyufang/Library/Developer/Xcode/DerivedData/ModuleCache.noindex/Session.modulevalidation -Xcc -I/Users/xinyufang/Library/Developer/Xcode/DerivedData/Buzz-faillbpsmponqzeruhhvskovixzk/Build/Intermediates.noindex/Stripe.build/Debug-iphonesimulator/StripeUICore.build/swift-overrides.hmap -emit-const-values -Xfrontend -const-gather-protocols-file -Xfrontend /Users/xinyufang/Library/Developer/Xcode/DerivedData/Buzz-faillbpsmponqzeruhhvskovixzk/Build/Intermediates.noindex/Stripe.build/Debug-iphonesimulator/StripeUICore.build/Objects-normal/arm64/StripeUICore_const_extract_protocols.json -Xcc -I/Users/xinyufang/Library/Developer/Xcode/DerivedData/Buzz-faillbpsmponqzeruhhvskovixzk/Build/Products/Debug-iphonesimulator/include -Xcc -I/Users/xinyufang/Library/Developer/Xcode/DerivedData/Buzz-faillbpsmponqzeruhhvskovixzk/Build/Intermediates.noindex/Stripe.build/Debug-iphonesimulator/StripeUICore.build/DerivedSources-normal/arm64 -Xcc -I/Users/xinyufang/Library/Developer/Xcode/DerivedData/Buzz-faillbpsmponqzeruhhvskovixzk/Build/Intermediates.noindex/Stripe.build/Debug-iphonesimulator/StripeUICore.build/DerivedSources/arm64 -Xcc -I/Users/xinyufang/Library/Developer/Xcode/DerivedData/Buzz-faillbpsmponqzeruhhvskovixzk/Build/Intermediates.noindex/Stripe.build/Debug-iphonesimulator/StripeUICore.build/DerivedSources -Xcc -DSWIFT_PACKAGE -Xcc -DDEBUG\=1 -emit-objc-header -emit-objc-header-path /Users/xinyufang/Library/Developer/Xcode/DerivedData/Buzz-faillbpsmponqzeruhhvskovixzk/Build/Intermediates.noindex/Stripe.build/Debug-iphonesimulator/StripeUICore.build/Objects-normal/arm64/StripeUICore-Swift.h -working-directory /Users/xinyufang/Documents/Buzz/Buzz.xcodeproj -experimental-emit-module-separately -disable-cmo

LinkAssetCatalog /Users/xinyufang/Library/Developer/Xcode/DerivedData/Buzz-faillbpsmponqzeruhhvskovixzk/SourcePackages/checkouts/stripe-ios-spm/StripePaymentSheet/StripePaymentSheet/Resources/StripePaymentSheet.xcassets (in target 'Stripe_StripePaymentSheet' from project 'Stripe')
    cd /Users/xinyufang/Library/Developer/Xcode/DerivedData/Buzz-faillbpsmponqzeruhhvskovixzk/SourcePackages/checkouts/stripe-ios-spm
    builtin-linkAssetCatalog --thinned /Users/xinyufang/Library/Developer/Xcode/DerivedData/Buzz-faillbpsmponqzeruhhvskovixzk/Build/Intermediates.noindex/Stripe.build/Debug-iphonesimulator/Stripe_StripePaymentSheet.build/assetcatalog_output/thinned --thinned-dependencies /Users/xinyufang/Library/Developer/Xcode/DerivedData/Buzz-faillbpsmponqzeruhhvskovixzk/Build/Intermediates.noindex/Stripe.build/Debug-iphonesimulator/Stripe_StripePaymentSheet.build/assetcatalog_dependencies_thinned --thinned-info-plist-content /Users/xinyufang/Library/Developer/Xcode/DerivedData/Buzz-faillbpsmponqzeruhhvskovixzk/Build/Intermediates.noindex/Stripe.build/Debug-iphonesimulator/Stripe_StripePaymentSheet.build/assetcatalog_generated_info.plist_thinned --unthinned /Users/xinyufang/Library/Developer/Xcode/DerivedData/Buzz-faillbpsmponqzeruhhvskovixzk/Build/Intermediates.noindex/Stripe.build/Debug-iphonesimulator/Stripe_StripePaymentSheet.build/assetcatalog_output/unthinned --unthinned-dependencies /Users/xinyufang/Library/Developer/Xcode/DerivedData/Buzz-faillbpsmponqzeruhhvskovixzk/Build/Intermediates.noindex/Stripe.build/Debug-iphonesimulator/Stripe_StripePaymentSheet.build/assetcatalog_dependencies_unthinned --unthinned-info-plist-content /Users/xinyufang/Library/Developer/Xcode/DerivedData/Buzz-faillbpsmponqzeruhhvskovixzk/Build/Intermediates.noindex/Stripe.build/Debug-iphonesimulator/Stripe_StripePaymentSheet.build/assetcatalog_generated_info.plist_unthinned --output /Users/xinyufang/Library/Developer/Xcode/DerivedData/Buzz-faillbpsmponqzeruhhvskovixzk/Build/Products/Debug-iphonesimulator/Stripe_StripePaymentSheet.bundle --plist-output /Users/xinyufang/Library/Developer/Xcode/DerivedData/Buzz-faillbpsmponqzeruhhvskovixzk/Build/Intermediates.noindex/Stripe.build/Debug-iphonesimulator/Stripe_StripePaymentSheet.build/assetcatalog_generated_info.plist
note: Emplaced /Users/xinyufang/Library/Developer/Xcode/DerivedData/Buzz-faillbpsmponqzeruhhvskovixzk/Build/Products/Debug-iphonesimulator/Stripe_StripePaymentSheet.bundle/Assets.car (in target 'Stripe_StripePaymentSheet' from project 'Stripe')

SwiftCompile normal arm64 Compiling\ resource_bundle_accessor.swift,\ StripeAPI+Deprecated.swift,\ StripeApplePay+Import.swift,\ StripeCore+Import.swift,\ LinkAccountSession.swift,\ STPCollectBankAccountParams.swift,\ STPConfirmationToken.swift,\ STPConfirmationTokenClientContext.swift,\ STPConfirmationTokenParams.swift,\ STPPaymentMethodPreview.swift,\ STPConfirmAlipayOptions.swift,\ STPConfirmBLIKOptions.swift,\ STPConfirmCardOptions.swift,\ STPConfirmKonbiniOptions.swift,\ STPConfirmLinkOptions.swift,\ STPConfirmPaymentMethodOptions.swift,\ STPConfirmUSBankAccountOptions.swift,\ STPConfirmWeChatPayOptions.swift,\ STPPaymentIntent.swift,\ STPPaymentIntentAction.swift,\ STPPaymentIntentActionRedirectToURL.swift,\ STPPaymentIntentConfirmParams.swift,\ STPPaymentIntentEnums.swift,\ STPPaymentIntentLastPaymentError.swift,\ STPPaymentIntentShippingDetails.swift /Users/xinyufang/Library/Developer/Xcode/DerivedData/Buzz-faillbpsmponqzeruhhvskovixzk/Build/Intermediates.noindex/Stripe.build/Debug-iphonesimulator/StripePayments.build/DerivedSources/resource_bundle_accessor.swift /Users/xinyufang/Library/Developer/Xcode/DerivedData/Buzz-faillbpsmponqzeruhhvskovixzk/SourcePackages/checkouts/stripe-ios-spm/StripePayments/StripePayments/Source/API\ Bindings/Legacy\ Compatability/StripeAPI+Deprecated.swift /Users/xinyufang/Library/Developer/Xcode/DerivedData/Buzz-faillbpsmponqzeruhhvskovixzk/SourcePackages/checkouts/stripe-ios-spm/StripePayments/StripePayments/Source/API\ Bindings/Legacy\ Compatability/StripeApplePay+Import.swift /Users/xinyufang/Library/Developer/Xcode/DerivedData/Buzz-faillbpsmponqzeruhhvskovixzk/SourcePackages/checkouts/stripe-ios-spm/StripePayments/StripePayments/Source/API\ Bindings/Legacy\ Compatability/StripeCore+Import.swift /Users/xinyufang/Library/Developer/Xcode/DerivedData/Buzz-faillbpsmponqzeruhhvskovixzk/SourcePackages/checkouts/stripe-ios-spm/StripePayments/StripePayments/Source/API\ Bindings/Models/ACH/LinkAccountSession.swift /Users/xinyufang/Library/Developer/Xcode/DerivedData/Buzz-faillbpsmponqzeruhhvskovixzk/SourcePackages/checkouts/stripe-ios-spm/StripePayments/StripePayments/Source/API\ Bindings/Models/ACH/STPCollectBankAccountParams.swift /Users/xinyufang/Library/Developer/Xcode/DerivedData/Buzz-faillbpsmponqzeruhhvskovixzk/SourcePackages/checkouts/stripe-ios-spm/StripePayments/StripePayments/Source/API\ Bindings/Models/ConfirmationTokens/STPConfirmationToken.swift /Users/xinyufang/Library/Developer/Xcode/DerivedData/Buzz-faillbpsmponqzeruhhvskovixzk/SourcePackages/checkouts/stripe-ios-spm/StripePayments/StripePayments/Source/API\ Bindings/Models/ConfirmationTokens/STPConfirmationTokenClientContext.swift /Users/xinyufang/Library/Developer/Xcode/DerivedData/Buzz-faillbpsmponqzeruhhvskovixzk/SourcePackages/checkouts/stripe-ios-spm/StripePayments/StripePayments/Source/API\ Bindings/Models/ConfirmationTokens/STPConfirmationTokenParams.swift /Users/xinyufang/Library/Developer/Xcode/DerivedData/Buzz-faillbpsmponqzeruhhvskovixzk/SourcePackages/checkouts/stripe-ios-spm/StripePayments/StripePayments/Source/API\ Bindings/Models/ConfirmationTokens/STPPaymentMethodPreview.swift /Users/xinyufang/Library/Developer/Xcode/DerivedData/Buzz-faillbpsmponqzeruhhvskovixzk/SourcePackages/checkouts/stripe-ios-spm/StripePayments/StripePayments/Source/API\ Bindings/Models/PaymentIntents/STPConfirmAlipayOptions.swift /Users/xinyufang/Library/Developer/Xcode/DerivedData/Buzz-faillbpsmponqzeruhhvskovixzk/SourcePackages/checkouts/stripe-ios-spm/StripePayments/StripePayments/Source/API\ Bindings/Models/PaymentIntents/STPConfirmBLIKOptions.swift /Users/xinyufang/Library/Developer/Xcode/DerivedData/Buzz-faillbpsmponqzeruhhvskovixzk/SourcePackages/checkouts/stripe-ios-spm/StripePayments/StripePayments/Source/API\ Bindings/Models/PaymentIntents/STPConfirmCardOptions.swift /Users/xinyufang/Library/Developer/Xcode/DerivedData/Buzz-faillbpsmponqzeruhhvskovixzk/SourcePackages/checkouts/stripe-ios-spm/StripePayments/StripePayments/Source/API\ Bindings/Models/PaymentIntents/STPConfirmKonbiniOptions.swift /Users/xinyufang/Library/Developer/Xcode/DerivedData/Buzz-faillbpsmponqzeruhhvskovixzk/SourcePackages/checkouts/stripe-ios-spm/StripePayments/StripePayments/Source/API\ Bindings/Models/PaymentIntents/STPConfirmLinkOptions.swift /Users/xinyufang/Library/Developer/Xcode/DerivedData/Buzz-faillbpsmponqzeruhhvskovixzk/SourcePackages/checkouts/stripe-ios-spm/StripePayments/StripePayments/Source/API\ Bindings/Models/PaymentIntents/STPConfirmPaymentMethodOptions.swift /Users/xinyufang/Library/Developer/Xcode/DerivedData/Buzz-faillbpsmponqzeruhhvskovixzk/SourcePackages/checkouts/stripe-ios-spm/StripePayments/StripePayments/Source/API\ Bindings/Models/PaymentIntents/STPConfirmUSBankAccountOptions.swift /Users/xinyufang/Library/Developer/Xcode/DerivedData/Buzz-faillbpsmponqzeruhhvskovixzk/SourcePackages/checkouts/stripe-ios-spm/StripePayments/StripePayments/Source/API\ Bindings/Models/PaymentIntents/STPConfirmWeChatPayOptions.swift /Users/xinyufang/Library/Developer/Xcode/DerivedData/Buzz-faillbpsmponqzeruhhvskovixzk/SourcePackages/checkouts/stripe-ios-spm/StripePayments/StripePayments/Source/API\ Bindings/Models/PaymentIntents/STPPaymentIntent.swift /Users/xinyufang/Library/Developer/Xcode/DerivedData/Buzz-faillbpsmponqzeruhhvskovixzk/SourcePackages/checkouts/stripe-ios-spm/StripePayments/StripePayments/Source/API\ Bindings/Models/PaymentIntents/STPPaymentIntentAction.swift /Users/xinyufang/Library/Developer/Xcode/DerivedData/Buzz-faillbpsmponqzeruhhvskovixzk/SourcePackages/checkouts/stripe-ios-spm/StripePayments/StripePayments/Source/API\ Bindings/Models/PaymentIntents/STPPaymentIntentActionRedirectToURL.swift /Users/xinyufang/Library/Developer/Xcode/DerivedData/Buzz-faillbpsmponqzeruhhvskovixzk/SourcePackages/checkouts/stripe-ios-spm/StripePayments/StripePayments/Source/API\ Bindings/Models/PaymentIntents/STPPaymentIntentConfirmParams.swift /Users/xinyufang/Library/Developer/Xcode/DerivedData/Buzz-faillbpsmponqzeruhhvskovixzk/SourcePackages/checkouts/stripe-ios-spm/StripePayments/StripePayments/Source/API\ Bindings/Models/PaymentIntents/STPPaymentIntentEnums.swift /Users/xinyufang/Library/Developer/Xcode/DerivedData/Buzz-faillbpsmponqzeruhhvskovixzk/SourcePackages/checkouts/stripe-ios-spm/StripePayments/StripePayments/Source/API\ Bindings/Models/PaymentIntents/STPPaymentIntentLastPaymentError.swift /Users/xinyufang/Library/Developer/Xcode/DerivedData/Buzz-faillbpsmponqzeruhhvskovixzk/SourcePackages/checkouts/stripe-ios-spm/StripePayments/StripePayments/Source/API\ Bindings/Models/PaymentIntents/STPPaymentIntentShippingDetails.swift (in target 'StripePayments' from project 'Stripe')

SwiftCompile normal arm64 /Users/xinyufang/Library/Developer/Xcode/DerivedData/Buzz-faillbpsmponqzeruhhvskovixzk/Build/Intermediates.noindex/Stripe.build/Debug-iphonesimulator/StripePayments.build/DerivedSources/resource_bundle_accessor.swift (in target 'StripePayments' from project 'Stripe')
    cd /Users/xinyufang/Documents/Buzz/Buzz.xcodeproj
    

SwiftCompile normal arm64 /Users/xinyufang/Library/Developer/Xcode/DerivedData/Buzz-faillbpsmponqzeruhhvskovixzk/SourcePackages/checkouts/stripe-ios-spm/StripePayments/StripePayments/Source/API\ Bindings/Legacy\ Compatability/StripeAPI+Deprecated.swift (in target 'StripePayments' from project 'Stripe')
    cd /Users/xinyufang/Documents/Buzz/Buzz.xcodeproj
    

SwiftCompile normal arm64 /Users/xinyufang/Library/Developer/Xcode/DerivedData/Buzz-faillbpsmponqzeruhhvskovixzk/SourcePackages/checkouts/stripe-ios-spm/StripePayments/StripePayments/Source/API\ Bindings/Legacy\ Compatability/StripeApplePay+Import.swift (in target 'StripePayments' from project 'Stripe')
    cd /Users/xinyufang/Documents/Buzz/Buzz.xcodeproj
    

SwiftCompile normal arm64 /Users/xinyufang/Library/Developer/Xcode/DerivedData/Buzz-faillbpsmponqzeruhhvskovixzk/SourcePackages/checkouts/stripe-ios-spm/StripePayments/StripePayments/Source/API\ Bindings/Legacy\ Compatability/StripeCore+Import.swift (in target 'StripePayments' from project 'Stripe')
    cd /Users/xinyufang/Documents/Buzz/Buzz.xcodeproj
    

SwiftCompile normal arm64 /Users/xinyufang/Library/Developer/Xcode/DerivedData/Buzz-faillbpsmponqzeruhhvskovixzk/SourcePackages/checkouts/stripe-ios-spm/StripePayments/StripePayments/Source/API\ Bindings/Models/ACH/LinkAccountSession.swift (in target 'StripePayments' from project 'Stripe')
    cd /Users/xinyufang/Documents/Buzz/Buzz.xcodeproj
    

SwiftCompile normal arm64 /Users/xinyufang/Library/Developer/Xcode/DerivedData/Buzz-faillbpsmponqzeruhhvskovixzk/SourcePackages/checkouts/stripe-ios-spm/StripePayments/StripePayments/Source/API\ Bindings/Models/ACH/STPCollectBankAccountParams.swift (in target 'StripePayments' from project 'Stripe')
    cd /Users/xinyufang/Documents/Buzz/Buzz.xcodeproj
    

SwiftCompile normal arm64 /Users/xinyufang/Library/Developer/Xcode/DerivedData/Buzz-faillbpsmponqzeruhhvskovixzk/SourcePackages/checkouts/stripe-ios-spm/StripePayments/StripePayments/Source/API\ Bindings/Models/ConfirmationTokens/STPConfirmationToken.swift (in target 'StripePayments' from project 'Stripe')
    cd /Users/xinyufang/Documents/Buzz/Buzz.xcodeproj
    

SwiftCompile normal arm64 /Users/xinyufang/Library/Developer/Xcode/DerivedData/Buzz-faillbpsmponqzeruhhvskovixzk/SourcePackages/checkouts/stripe-ios-spm/StripePayments/StripePayments/Source/API\ Bindings/Models/ConfirmationTokens/STPConfirmationTokenClientContext.swift (in target 'StripePayments' from project 'Stripe')
    cd /Users/xinyufang/Documents/Buzz/Buzz.xcodeproj
    

SwiftCompile normal arm64 /Users/xinyufang/Library/Developer/Xcode/DerivedData/Buzz-faillbpsmponqzeruhhvskovixzk/SourcePackages/checkouts/stripe-ios-spm/StripePayments/StripePayments/Source/API\ Bindings/Models/ConfirmationTokens/STPConfirmationTokenParams.swift (in target 'StripePayments' from project 'Stripe')
    cd /Users/xinyufang/Documents/Buzz/Buzz.xcodeproj
    

SwiftCompile normal arm64 /Users/xinyufang/Library/Developer/Xcode/DerivedData/Buzz-faillbpsmponqzeruhhvskovixzk/SourcePackages/checkouts/stripe-ios-spm/StripePayments/StripePayments/Source/API\ Bindings/Models/ConfirmationTokens/STPPaymentMethodPreview.swift (in target 'StripePayments' from project 'Stripe')
    cd /Users/xinyufang/Documents/Buzz/Buzz.xcodeproj
    

SwiftCompile normal arm64 /Users/xinyufang/Library/Developer/Xcode/DerivedData/Buzz-faillbpsmponqzeruhhvskovixzk/SourcePackages/checkouts/stripe-ios-spm/StripePayments/StripePayments/Source/API\ Bindings/Models/PaymentIntents/STPConfirmAlipayOptions.swift (in target 'StripePayments' from project 'Stripe')
    cd /Users/xinyufang/Documents/Buzz/Buzz.xcodeproj
    

SwiftCompile normal arm64 /Users/xinyufang/Library/Developer/Xcode/DerivedData/Buzz-faillbpsmponqzeruhhvskovixzk/SourcePackages/checkouts/stripe-ios-spm/StripePayments/StripePayments/Source/API\ Bindings/Models/PaymentIntents/STPConfirmBLIKOptions.swift (in target 'StripePayments' from project 'Stripe')
    cd /Users/xinyufang/Documents/Buzz/Buzz.xcodeproj
    

SwiftCompile normal arm64 /Users/xinyufang/Library/Developer/Xcode/DerivedData/Buzz-faillbpsmponqzeruhhvskovixzk/SourcePackages/checkouts/stripe-ios-spm/StripePayments/StripePayments/Source/API\ Bindings/Models/PaymentIntents/STPConfirmCardOptions.swift (in target 'StripePayments' from project 'Stripe')
    cd /Users/xinyufang/Documents/Buzz/Buzz.xcodeproj
    

SwiftCompile normal arm64 /Users/xinyufang/Library/Developer/Xcode/DerivedData/Buzz-faillbpsmponqzeruhhvskovixzk/SourcePackages/checkouts/stripe-ios-spm/StripePayments/StripePayments/Source/API\ Bindings/Models/PaymentIntents/STPConfirmKonbiniOptions.swift (in target 'StripePayments' from project 'Stripe')
    cd /Users/xinyufang/Documents/Buzz/Buzz.xcodeproj
    

SwiftCompile normal arm64 /Users/xinyufang/Library/Developer/Xcode/DerivedData/Buzz-faillbpsmponqzeruhhvskovixzk/SourcePackages/checkouts/stripe-ios-spm/StripePayments/StripePayments/Source/API\ Bindings/Models/PaymentIntents/STPConfirmLinkOptions.swift (in target 'StripePayments' from project 'Stripe')
    cd /Users/xinyufang/Documents/Buzz/Buzz.xcodeproj
    

SwiftCompile normal arm64 /Users/xinyufang/Library/Developer/Xcode/DerivedData/Buzz-faillbpsmponqzeruhhvskovixzk/SourcePackages/checkouts/stripe-ios-spm/StripePayments/StripePayments/Source/API\ Bindings/Models/PaymentIntents/STPConfirmPaymentMethodOptions.swift (in target 'StripePayments' from project 'Stripe')
    cd /Users/xinyufang/Documents/Buzz/Buzz.xcodeproj
    

SwiftCompile normal arm64 /Users/xinyufang/Library/Developer/Xcode/DerivedData/Buzz-faillbpsmponqzeruhhvskovixzk/SourcePackages/checkouts/stripe-ios-spm/StripePayments/StripePayments/Source/API\ Bindings/Models/PaymentIntents/STPConfirmUSBankAccountOptions.swift (in target 'StripePayments' from project 'Stripe')
    cd /Users/xinyufang/Documents/Buzz/Buzz.xcodeproj
    

SwiftCompile normal arm64 /Users/xinyufang/Library/Developer/Xcode/DerivedData/Buzz-faillbpsmponqzeruhhvskovixzk/SourcePackages/checkouts/stripe-ios-spm/StripePayments/StripePayments/Source/API\ Bindings/Models/PaymentIntents/STPConfirmWeChatPayOptions.swift (in target 'StripePayments' from project 'Stripe')
    cd /Users/xinyufang/Documents/Buzz/Buzz.xcodeproj
    

SwiftCompile normal arm64 /Users/xinyufang/Library/Developer/Xcode/DerivedData/Buzz-faillbpsmponqzeruhhvskovixzk/SourcePackages/checkouts/stripe-ios-spm/StripePayments/StripePayments/Source/API\ Bindings/Models/PaymentIntents/STPPaymentIntent.swift (in target 'StripePayments' from project 'Stripe')
    cd /Users/xinyufang/Documents/Buzz/Buzz.xcodeproj
    

SwiftCompile normal arm64 /Users/xinyufang/Library/Developer/Xcode/DerivedData/Buzz-faillbpsmponqzeruhhvskovixzk/SourcePackages/checkouts/stripe-ios-spm/StripePayments/StripePayments/Source/API\ Bindings/Models/PaymentIntents/STPPaymentIntentAction.swift (in target 'StripePayments' from project 'Stripe')
    cd /Users/xinyufang/Documents/Buzz/Buzz.xcodeproj
    

SwiftCompile normal arm64 /Users/xinyufang/Library/Developer/Xcode/DerivedData/Buzz-faillbpsmponqzeruhhvskovixzk/SourcePackages/checkouts/stripe-ios-spm/StripePayments/StripePayments/Source/API\ Bindings/Models/PaymentIntents/STPPaymentIntentActionRedirectToURL.swift (in target 'StripePayments' from project 'Stripe')
    cd /Users/xinyufang/Documents/Buzz/Buzz.xcodeproj
    

SwiftCompile normal arm64 /Users/xinyufang/Library/Developer/Xcode/DerivedData/Buzz-faillbpsmponqzeruhhvskovixzk/SourcePackages/checkouts/stripe-ios-spm/StripePayments/StripePayments/Source/API\ Bindings/Models/PaymentIntents/STPPaymentIntentConfirmParams.swift (in target 'StripePayments' from project 'Stripe')
    cd /Users/xinyufang/Documents/Buzz/Buzz.xcodeproj
    

SwiftCompile normal arm64 /Users/xinyufang/Library/Developer/Xcode/DerivedData/Buzz-faillbpsmponqzeruhhvskovixzk/SourcePackages/checkouts/stripe-ios-spm/StripePayments/StripePayments/Source/API\ Bindings/Models/PaymentIntents/STPPaymentIntentEnums.swift (in target 'StripePayments' from project 'Stripe')
    cd /Users/xinyufang/Documents/Buzz/Buzz.xcodeproj
    

SwiftCompile normal arm64 /Users/xinyufang/Library/Developer/Xcode/DerivedData/Buzz-faillbpsmponqzeruhhvskovixzk/SourcePackages/checkouts/stripe-ios-spm/StripePayments/StripePayments/Source/API\ Bindings/Models/PaymentIntents/STPPaymentIntentLastPaymentError.swift (in target 'StripePayments' from project 'Stripe')
    cd /Users/xinyufang/Documents/Buzz/Buzz.xcodeproj
    

SwiftCompile normal arm64 /Users/xinyufang/Library/Developer/Xcode/DerivedData/Buzz-faillbpsmponqzeruhhvskovixzk/SourcePackages/checkouts/stripe-ios-spm/StripePayments/StripePayments/Source/API\ Bindings/Models/PaymentIntents/STPPaymentIntentShippingDetails.swift (in target 'StripePayments' from project 'Stripe')
    cd /Users/xinyufang/Documents/Buzz/Buzz.xcodeproj
    

ProcessInfoPlistFile /Users/xinyufang/Library/Developer/Xcode/DerivedData/Buzz-faillbpsmponqzeruhhvskovixzk/Build/Products/Debug-iphonesimulator/Stripe_StripePaymentSheet.bundle/Info.plist /Users/xinyufang/Library/Developer/Xcode/DerivedData/Buzz-faillbpsmponqzeruhhvskovixzk/Build/Intermediates.noindex/Stripe.build/Debug-iphonesimulator/Stripe_StripePaymentSheet.build/empty-Stripe_StripePaymentSheet.plist (in target 'Stripe_StripePaymentSheet' from project 'Stripe')
    cd /Users/xinyufang/Library/Developer/Xcode/DerivedData/Buzz-faillbpsmponqzeruhhvskovixzk/SourcePackages/checkouts/stripe-ios-spm
    builtin-infoPlistUtility /Users/xinyufang/Library/Developer/Xcode/DerivedData/Buzz-faillbpsmponqzeruhhvskovixzk/Build/Intermediates.noindex/Stripe.build/Debug-iphonesimulator/Stripe_StripePaymentSheet.build/empty-Stripe_StripePaymentSheet.plist -producttype com.apple.product-type.bundle -expandbuildsettings -format binary -platform iphonesimulator -additionalcontentfile /Users/xinyufang/Library/Developer/Xcode/DerivedData/Buzz-faillbpsmponqzeruhhvskovixzk/Build/Intermediates.noindex/Stripe.build/Debug-iphonesimulator/Stripe_StripePaymentSheet.build/assetcatalog_generated_info.plist -o /Users/xinyufang/Library/Developer/Xcode/DerivedData/Buzz-faillbpsmponqzeruhhvskovixzk/Build/Products/Debug-iphonesimulator/Stripe_StripePaymentSheet.bundle/Info.plist

SwiftDriverJobDiscovery normal arm64 Compiling STPPaymentMethodFPX.swift, STPPaymentMethodFPXParams.swift, STPPaymentMethodGrabPay.swift, STPPaymentMethodGrabPayParams.swift, STPPaymentMethodKlarna.swift, STPPaymentMethodKlarnaParams.swift, STPPaymentMethodLink.swift, STPPaymentMethodLinkParams.swift, STPPaymentMethodMobilePay.swift, STPPaymentMethodMobilePayParams.swift, STPPaymentMethodMultibanco.swift, STPPaymentMethodMultibancoParams.swift, STPPaymentMethodNetBanking.swift, STPPaymentMethodNetBankingParams.swift, STPPaymentMethodOXXO.swift, STPPaymentMethodOXXOParams.swift, STPPaymentMethodPayPal.swift, STPPaymentMethodPayPalParams.swift, STPPaymentMethodPrzelewy24.swift, STPPaymentMethodPrzelewy24Params.swift, STPPaymentMethodRevolutPay.swift, STPPaymentMethodRevolutPayParams.swift, STPPaymentMethodSEPADebit.swift, STPPaymentMethodSEPADebitParams.swift, STPPaymentMethodSatispay.swift (in target 'StripePayments' from project 'Stripe')

SwiftCompile normal arm64 Compiling\ STPPaymentIntentShippingDetailsAddress.swift,\ STPPaymentIntentShippingDetailsAddressParams.swift,\ STPPaymentIntentShippingDetailsParams.swift,\ STPPaymentIntentSourceAction.swift,\ LinkPaymentDetails.swift,\ STPPaymentMethod.swift,\ STPPaymentMethodAddress.swift,\ STPPaymentMethodAllowRedisplay.swift,\ STPPaymentMethodBillingDetails.swift,\ STPPaymentMethodEnums.swift,\ STPPaymentMethodParams.swift,\ STPPaymentMethodUpdateParams.swift,\ STPRadarOptions.swift,\ STPPaymentMethodAUBECSDebit.swift,\ STPPaymentMethodAUBECSDebitParams.swift,\ STPPaymentMethodAffirm.swift,\ STPPaymentMethodAffirmParams.swift,\ STPPaymentMethodAfterpayClearpay.swift,\ STPPaymentMethodAfterpayClearpayParams.swift,\ STPPaymentMethodAlipay.swift,\ STPPaymentMethodAlipayParams.swift,\ STPPaymentMethodAlma.swift,\ STPPaymentMethodAlmaParams.swift,\ STPPaymentMethodAmazonPay.swift,\ STPPaymentMethodAmazonPayParams.swift /Users/xinyufang/Library/Developer/Xcode/DerivedData/Buzz-faillbpsmponqzeruhhvskovixzk/SourcePackages/checkouts/stripe-ios-spm/StripePayments/StripePayments/Source/API\ Bindings/Models/PaymentIntents/STPPaymentIntentShippingDetailsAddress.swift /Users/xinyufang/Library/Developer/Xcode/DerivedData/Buzz-faillbpsmponqzeruhhvskovixzk/SourcePackages/checkouts/stripe-ios-spm/StripePayments/StripePayments/Source/API\ Bindings/Models/PaymentIntents/STPPaymentIntentShippingDetailsAddressParams.swift /Users/xinyufang/Library/Developer/Xcode/DerivedData/Buzz-faillbpsmponqzeruhhvskovixzk/SourcePackages/checkouts/stripe-ios-spm/StripePayments/StripePayments/Source/API\ Bindings/Models/PaymentIntents/STPPaymentIntentShippingDetailsParams.swift /Users/xinyufang/Library/Developer/Xcode/DerivedData/Buzz-faillbpsmponqzeruhhvskovixzk/SourcePackages/checkouts/stripe-ios-spm/StripePayments/StripePayments/Source/API\ Bindings/Models/PaymentIntents/STPPaymentIntentSourceAction.swift /Users/xinyufang/Library/Developer/Xcode/DerivedData/Buzz-faillbpsmponqzeruhhvskovixzk/SourcePackages/checkouts/stripe-ios-spm/StripePayments/StripePayments/Source/API\ Bindings/Models/PaymentMethods/LinkPaymentDetails.swift /Users/xinyufang/Library/Developer/Xcode/DerivedData/Buzz-faillbpsmponqzeruhhvskovixzk/SourcePackages/checkouts/stripe-ios-spm/StripePayments/StripePayments/Source/API\ Bindings/Models/PaymentMethods/STPPaymentMethod.swift /Users/xinyufang/Library/Developer/Xcode/DerivedData/Buzz-faillbpsmponqzeruhhvskovixzk/SourcePackages/checkouts/stripe-ios-spm/StripePayments/StripePayments/Source/API\ Bindings/Models/PaymentMethods/STPPaymentMethodAddress.swift /Users/xinyufang/Library/Developer/Xcode/DerivedData/Buzz-faillbpsmponqzeruhhvskovixzk/SourcePackages/checkouts/stripe-ios-spm/StripePayments/StripePayments/Source/API\ Bindings/Models/PaymentMethods/STPPaymentMethodAllowRedisplay.swift /Users/xinyufang/Library/Developer/Xcode/DerivedData/Buzz-faillbpsmponqzeruhhvskovixzk/SourcePackages/checkouts/stripe-ios-spm/StripePayments/StripePayments/Source/API\ Bindings/Models/PaymentMethods/STPPaymentMethodBillingDetails.swift /Users/xinyufang/Library/Developer/Xcode/DerivedData/Buzz-faillbpsmponqzeruhhvskovixzk/SourcePackages/checkouts/stripe-ios-spm/StripePayments/StripePayments/Source/API\ Bindings/Models/PaymentMethods/STPPaymentMethodEnums.swift /Users/xinyufang/Library/Developer/Xcode/DerivedData/Buzz-faillbpsmponqzeruhhvskovixzk/SourcePackages/checkouts/stripe-ios-spm/StripePayments/StripePayments/Source/API\ Bindings/Models/PaymentMethods/STPPaymentMethodParams.swift /Users/xinyufang/Library/Developer/Xcode/DerivedData/Buzz-faillbpsmponqzeruhhvskovixzk/SourcePackages/checkouts/stripe-ios-spm/StripePayments/StripePayments/Source/API\ Bindings/Models/PaymentMethods/STPPaymentMethodUpdateParams.swift /Users/xinyufang/Library/Developer/Xcode/DerivedData/Buzz-faillbpsmponqzeruhhvskovixzk/SourcePackages/checkouts/stripe-ios-spm/StripePayments/StripePayments/Source/API\ Bindings/Models/PaymentMethods/STPRadarOptions.swift /Users/xinyufang/Library/Developer/Xcode/DerivedData/Buzz-faillbpsmponqzeruhhvskovixzk/SourcePackages/checkouts/stripe-ios-spm/StripePayments/StripePayments/Source/API\ Bindings/Models/PaymentMethods/Types/STPPaymentMethodAUBECSDebit.swift /Users/xinyufang/Library/Developer/Xcode/DerivedData/Buzz-faillbpsmponqzeruhhvskovixzk/SourcePackages/checkouts/stripe-ios-spm/StripePayments/StripePayments/Source/API\ Bindings/Models/PaymentMethods/Types/STPPaymentMethodAUBECSDebitParams.swift /Users/xinyufang/Library/Developer/Xcode/DerivedData/Buzz-faillbpsmponqzeruhhvskovixzk/SourcePackages/checkouts/stripe-ios-spm/StripePayments/StripePayments/Source/API\ Bindings/Models/PaymentMethods/Types/STPPaymentMethodAffirm.swift /Users/xinyufang/Library/Developer/Xcode/DerivedData/Buzz-faillbpsmponqzeruhhvskovixzk/SourcePackages/checkouts/stripe-ios-spm/StripePayments/StripePayments/Source/API\ Bindings/Models/PaymentMethods/Types/STPPaymentMethodAffirmParams.swift /Users/xinyufang/Library/Developer/Xcode/DerivedData/Buzz-faillbpsmponqzeruhhvskovixzk/SourcePackages/checkouts/stripe-ios-spm/StripePayments/StripePayments/Source/API\ Bindings/Models/PaymentMethods/Types/STPPaymentMethodAfterpayClearpay.swift /Users/xinyufang/Library/Developer/Xcode/DerivedData/Buzz-faillbpsmponqzeruhhvskovixzk/SourcePackages/checkouts/stripe-ios-spm/StripePayments/StripePayments/Source/API\ Bindings/Models/PaymentMethods/Types/STPPaymentMethodAfterpayClearpayParams.swift /Users/xinyufang/Library/Developer/Xcode/DerivedData/Buzz-faillbpsmponqzeruhhvskovixzk/SourcePackages/checkouts/stripe-ios-spm/StripePayments/StripePayments/Source/API\ Bindings/Models/PaymentMethods/Types/STPPaymentMethodAlipay.swift /Users/xinyufang/Library/Developer/Xcode/DerivedData/Buzz-faillbpsmponqzeruhhvskovixzk/SourcePackages/checkouts/stripe-ios-spm/StripePayments/StripePayments/Source/API\ Bindings/Models/PaymentMethods/Types/STPPaymentMethodAlipayParams.swift /Users/xinyufang/Library/Developer/Xcode/DerivedData/Buzz-faillbpsmponqzeruhhvskovixzk/SourcePackages/checkouts/stripe-ios-spm/StripePayments/StripePayments/Source/API\ Bindings/Models/PaymentMethods/Types/STPPaymentMethodAlma.swift /Users/xinyufang/Library/Developer/Xcode/DerivedData/Buzz-faillbpsmponqzeruhhvskovixzk/SourcePackages/checkouts/stripe-ios-spm/StripePayments/StripePayments/Source/API\ Bindings/Models/PaymentMethods/Types/STPPaymentMethodAlmaParams.swift /Users/xinyufang/Library/Developer/Xcode/DerivedData/Buzz-faillbpsmponqzeruhhvskovixzk/SourcePackages/checkouts/stripe-ios-spm/StripePayments/StripePayments/Source/API\ Bindings/Models/PaymentMethods/Types/STPPaymentMethodAmazonPay.swift /Users/xinyufang/Library/Developer/Xcode/DerivedData/Buzz-faillbpsmponqzeruhhvskovixzk/SourcePackages/checkouts/stripe-ios-spm/StripePayments/StripePayments/Source/API\ Bindings/Models/PaymentMethods/Types/STPPaymentMethodAmazonPayParams.swift (in target 'StripePayments' from project 'Stripe')

SwiftCompile normal arm64 /Users/xinyufang/Library/Developer/Xcode/DerivedData/Buzz-faillbpsmponqzeruhhvskovixzk/SourcePackages/checkouts/stripe-ios-spm/StripePayments/StripePayments/Source/API\ Bindings/Models/PaymentIntents/STPPaymentIntentShippingDetailsAddress.swift (in target 'StripePayments' from project 'Stripe')
    cd /Users/xinyufang/Documents/Buzz/Buzz.xcodeproj
    

SwiftCompile normal arm64 /Users/xinyufang/Library/Developer/Xcode/DerivedData/Buzz-faillbpsmponqzeruhhvskovixzk/SourcePackages/checkouts/stripe-ios-spm/StripePayments/StripePayments/Source/API\ Bindings/Models/PaymentIntents/STPPaymentIntentShippingDetailsAddressParams.swift (in target 'StripePayments' from project 'Stripe')
    cd /Users/xinyufang/Documents/Buzz/Buzz.xcodeproj
    

SwiftCompile normal arm64 /Users/xinyufang/Library/Developer/Xcode/DerivedData/Buzz-faillbpsmponqzeruhhvskovixzk/SourcePackages/checkouts/stripe-ios-spm/StripePayments/StripePayments/Source/API\ Bindings/Models/PaymentIntents/STPPaymentIntentShippingDetailsParams.swift (in target 'StripePayments' from project 'Stripe')
    cd /Users/xinyufang/Documents/Buzz/Buzz.xcodeproj
    

SwiftCompile normal arm64 /Users/xinyufang/Library/Developer/Xcode/DerivedData/Buzz-faillbpsmponqzeruhhvskovixzk/SourcePackages/checkouts/stripe-ios-spm/StripePayments/StripePayments/Source/API\ Bindings/Models/PaymentIntents/STPPaymentIntentSourceAction.swift (in target 'StripePayments' from project 'Stripe')
    cd /Users/xinyufang/Documents/Buzz/Buzz.xcodeproj
    

SwiftCompile normal arm64 /Users/xinyufang/Library/Developer/Xcode/DerivedData/Buzz-faillbpsmponqzeruhhvskovixzk/SourcePackages/checkouts/stripe-ios-spm/StripePayments/StripePayments/Source/API\ Bindings/Models/PaymentMethods/LinkPaymentDetails.swift (in target 'StripePayments' from project 'Stripe')
    cd /Users/xinyufang/Documents/Buzz/Buzz.xcodeproj
    

SwiftCompile normal arm64 /Users/xinyufang/Library/Developer/Xcode/DerivedData/Buzz-faillbpsmponqzeruhhvskovixzk/SourcePackages/checkouts/stripe-ios-spm/StripePayments/StripePayments/Source/API\ Bindings/Models/PaymentMethods/STPPaymentMethod.swift (in target 'StripePayments' from project 'Stripe')
    cd /Users/xinyufang/Documents/Buzz/Buzz.xcodeproj
    

SwiftCompile normal arm64 /Users/xinyufang/Library/Developer/Xcode/DerivedData/Buzz-faillbpsmponqzeruhhvskovixzk/SourcePackages/checkouts/stripe-ios-spm/StripePayments/StripePayments/Source/API\ Bindings/Models/PaymentMethods/STPPaymentMethodAddress.swift (in target 'StripePayments' from project 'Stripe')
    cd /Users/xinyufang/Documents/Buzz/Buzz.xcodeproj
    

SwiftCompile normal arm64 /Users/xinyufang/Library/Developer/Xcode/DerivedData/Buzz-faillbpsmponqzeruhhvskovixzk/SourcePackages/checkouts/stripe-ios-spm/StripePayments/StripePayments/Source/API\ Bindings/Models/PaymentMethods/STPPaymentMethodAllowRedisplay.swift (in target 'StripePayments' from project 'Stripe')
    cd /Users/xinyufang/Documents/Buzz/Buzz.xcodeproj
    

SwiftCompile normal arm64 /Users/xinyufang/Library/Developer/Xcode/DerivedData/Buzz-faillbpsmponqzeruhhvskovixzk/SourcePackages/checkouts/stripe-ios-spm/StripePayments/StripePayments/Source/API\ Bindings/Models/PaymentMethods/STPPaymentMethodBillingDetails.swift (in target 'StripePayments' from project 'Stripe')
    cd /Users/xinyufang/Documents/Buzz/Buzz.xcodeproj
    

SwiftCompile normal arm64 /Users/xinyufang/Library/Developer/Xcode/DerivedData/Buzz-faillbpsmponqzeruhhvskovixzk/SourcePackages/checkouts/stripe-ios-spm/StripePayments/StripePayments/Source/API\ Bindings/Models/PaymentMethods/STPPaymentMethodEnums.swift (in target 'StripePayments' from project 'Stripe')
    cd /Users/xinyufang/Documents/Buzz/Buzz.xcodeproj
    

SwiftCompile normal arm64 /Users/xinyufang/Library/Developer/Xcode/DerivedData/Buzz-faillbpsmponqzeruhhvskovixzk/SourcePackages/checkouts/stripe-ios-spm/StripePayments/StripePayments/Source/API\ Bindings/Models/PaymentMethods/STPPaymentMethodParams.swift (in target 'StripePayments' from project 'Stripe')
    cd /Users/xinyufang/Documents/Buzz/Buzz.xcodeproj
    

SwiftCompile normal arm64 /Users/xinyufang/Library/Developer/Xcode/DerivedData/Buzz-faillbpsmponqzeruhhvskovixzk/SourcePackages/checkouts/stripe-ios-spm/StripePayments/StripePayments/Source/API\ Bindings/Models/PaymentMethods/STPPaymentMethodUpdateParams.swift (in target 'StripePayments' from project 'Stripe')
    cd /Users/xinyufang/Documents/Buzz/Buzz.xcodeproj
    

SwiftCompile normal arm64 /Users/xinyufang/Library/Developer/Xcode/DerivedData/Buzz-faillbpsmponqzeruhhvskovixzk/SourcePackages/checkouts/stripe-ios-spm/StripePayments/StripePayments/Source/API\ Bindings/Models/PaymentMethods/STPRadarOptions.swift (in target 'StripePayments' from project 'Stripe')
    cd /Users/xinyufang/Documents/Buzz/Buzz.xcodeproj
    

SwiftCompile normal arm64 /Users/xinyufang/Library/Developer/Xcode/DerivedData/Buzz-faillbpsmponqzeruhhvskovixzk/SourcePackages/checkouts/stripe-ios-spm/StripePayments/StripePayments/Source/API\ Bindings/Models/PaymentMethods/Types/STPPaymentMethodAUBECSDebit.swift (in target 'StripePayments' from project 'Stripe')
    cd /Users/xinyufang/Documents/Buzz/Buzz.xcodeproj
    

SwiftCompile normal arm64 /Users/xinyufang/Library/Developer/Xcode/DerivedData/Buzz-faillbpsmponqzeruhhvskovixzk/SourcePackages/checkouts/stripe-ios-spm/StripePayments/StripePayments/Source/API\ Bindings/Models/PaymentMethods/Types/STPPaymentMethodAUBECSDebitParams.swift (in target 'StripePayments' from project 'Stripe')
    cd /Users/xinyufang/Documents/Buzz/Buzz.xcodeproj
    

SwiftCompile normal arm64 /Users/xinyufang/Library/Developer/Xcode/DerivedData/Buzz-faillbpsmponqzeruhhvskovixzk/SourcePackages/checkouts/stripe-ios-spm/StripePayments/StripePayments/Source/API\ Bindings/Models/PaymentMethods/Types/STPPaymentMethodAffirm.swift (in target 'StripePayments' from project 'Stripe')
    cd /Users/xinyufang/Documents/Buzz/Buzz.xcodeproj
    

SwiftCompile normal arm64 /Users/xinyufang/Library/Developer/Xcode/DerivedData/Buzz-faillbpsmponqzeruhhvskovixzk/SourcePackages/checkouts/stripe-ios-spm/StripePayments/StripePayments/Source/API\ Bindings/Models/PaymentMethods/Types/STPPaymentMethodAffirmParams.swift (in target 'StripePayments' from project 'Stripe')
    cd /Users/xinyufang/Documents/Buzz/Buzz.xcodeproj
    

SwiftCompile normal arm64 /Users/xinyufang/Library/Developer/Xcode/DerivedData/Buzz-faillbpsmponqzeruhhvskovixzk/SourcePackages/checkouts/stripe-ios-spm/StripePayments/StripePayments/Source/API\ Bindings/Models/PaymentMethods/Types/STPPaymentMethodAfterpayClearpay.swift (in target 'StripePayments' from project 'Stripe')
    cd /Users/xinyufang/Documents/Buzz/Buzz.xcodeproj
    

SwiftCompile normal arm64 /Users/xinyufang/Library/Developer/Xcode/DerivedData/Buzz-faillbpsmponqzeruhhvskovixzk/SourcePackages/checkouts/stripe-ios-spm/StripePayments/StripePayments/Source/API\ Bindings/Models/PaymentMethods/Types/STPPaymentMethodAfterpayClearpayParams.swift (in target 'StripePayments' from project 'Stripe')
    cd /Users/xinyufang/Documents/Buzz/Buzz.xcodeproj
    

SwiftCompile normal arm64 /Users/xinyufang/Library/Developer/Xcode/DerivedData/Buzz-faillbpsmponqzeruhhvskovixzk/SourcePackages/checkouts/stripe-ios-spm/StripePayments/StripePayments/Source/API\ Bindings/Models/PaymentMethods/Types/STPPaymentMethodAlipay.swift (in target 'StripePayments' from project 'Stripe')
    cd /Users/xinyufang/Documents/Buzz/Buzz.xcodeproj
    

SwiftCompile normal arm64 /Users/xinyufang/Library/Developer/Xcode/DerivedData/Buzz-faillbpsmponqzeruhhvskovixzk/SourcePackages/checkouts/stripe-ios-spm/StripePayments/StripePayments/Source/API\ Bindings/Models/PaymentMethods/Types/STPPaymentMethodAlipayParams.swift (in target 'StripePayments' from project 'Stripe')
    cd /Users/xinyufang/Documents/Buzz/Buzz.xcodeproj
    

SwiftCompile normal arm64 /Users/xinyufang/Library/Developer/Xcode/DerivedData/Buzz-faillbpsmponqzeruhhvskovixzk/SourcePackages/checkouts/stripe-ios-spm/StripePayments/StripePayments/Source/API\ Bindings/Models/PaymentMethods/Types/STPPaymentMethodAlma.swift (in target 'StripePayments' from project 'Stripe')
    cd /Users/xinyufang/Documents/Buzz/Buzz.xcodeproj
    

SwiftCompile normal arm64 /Users/xinyufang/Library/Developer/Xcode/DerivedData/Buzz-faillbpsmponqzeruhhvskovixzk/SourcePackages/checkouts/stripe-ios-spm/StripePayments/StripePayments/Source/API\ Bindings/Models/PaymentMethods/Types/STPPaymentMethodAlmaParams.swift (in target 'StripePayments' from project 'Stripe')
    cd /Users/xinyufang/Documents/Buzz/Buzz.xcodeproj
    

SwiftCompile normal arm64 /Users/xinyufang/Library/Developer/Xcode/DerivedData/Buzz-faillbpsmponqzeruhhvskovixzk/SourcePackages/checkouts/stripe-ios-spm/StripePayments/StripePayments/Source/API\ Bindings/Models/PaymentMethods/Types/STPPaymentMethodAmazonPay.swift (in target 'StripePayments' from project 'Stripe')
    cd /Users/xinyufang/Documents/Buzz/Buzz.xcodeproj
    

SwiftCompile normal arm64 /Users/xinyufang/Library/Developer/Xcode/DerivedData/Buzz-faillbpsmponqzeruhhvskovixzk/SourcePackages/checkouts/stripe-ios-spm/StripePayments/StripePayments/Source/API\ Bindings/Models/PaymentMethods/Types/STPPaymentMethodAmazonPayParams.swift (in target 'StripePayments' from project 'Stripe')
    cd /Users/xinyufang/Documents/Buzz/Buzz.xcodeproj
    

SwiftDriverJobDiscovery normal arm64 Compiling STPPaymentMethodBLIK.swift, STPPaymentMethodBLIKParams.swift, STPPaymentMethodBacsDebit.swift, STPPaymentMethodBacsDebitParams.swift, STPPaymentMethodBancontact.swift, STPPaymentMethodBancontactParams.swift, STPPaymentMethodBillie.swift, STPPaymentMethodBillieParams.swift, STPPaymentMethodBoleto.swift, STPPaymentMethodBoletoParams.swift, STPPaymentMethodCard.swift, STPPaymentMethodCardChecks.swift, STPPaymentMethodCardNetworks.swift, STPPaymentMethodCardNetworksParams.swift, STPPaymentMethodCardParams.swift, STPPaymentMethodCardPresent.swift, STPPaymentMethodCardWallet.swift, STPPaymentMethodCardWalletMasterpass.swift, STPPaymentMethodCardWalletVisaCheckout.swift, STPPaymentMethodCashApp.swift, STPPaymentMethodCashAppParams.swift, STPPaymentMethodCrypto.swift, STPPaymentMethodCryptoParams.swift, STPPaymentMethodEPS.swift, STPPaymentMethodEPSParams.swift (in target 'StripePayments' from project 'Stripe')

SwiftCompile normal arm64 Compiling\ PostDetectionAlgorithm.swift,\ PredictionAPI.swift,\ PredictionResult.swift,\ PredictionUtilOcr.swift,\ SSDOcrDetect.swift,\ SSDOcrOutputExtensions.swift,\ SoftNMS.swift,\ BlurView.swift,\ CardScanSheet.swift,\ CornerView.swift,\ InterfaceOrientation.swift,\ PreviewView.swift,\ ScanBaseViewController.swift /Users/xinyufang/Library/Developer/Xcode/DerivedData/Buzz-faillbpsmponqzeruhhvskovixzk/SourcePackages/checkouts/stripe-ios-spm/StripeCardScan/StripeCardScan/Source/CardScan/MLRuntime/PostDetectionAlgorithm.swift /Users/xinyufang/Library/Developer/Xcode/DerivedData/Buzz-faillbpsmponqzeruhhvskovixzk/SourcePackages/checkouts/stripe-ios-spm/StripeCardScan/StripeCardScan/Source/CardScan/MLRuntime/PredictionAPI.swift /Users/xinyufang/Library/Developer/Xcode/DerivedData/Buzz-faillbpsmponqzeruhhvskovixzk/SourcePackages/checkouts/stripe-ios-spm/StripeCardScan/StripeCardScan/Source/CardScan/MLRuntime/PredictionResult.swift /Users/xinyufang/Library/Developer/Xcode/DerivedData/Buzz-faillbpsmponqzeruhhvskovixzk/SourcePackages/checkouts/stripe-ios-spm/StripeCardScan/StripeCardScan/Source/CardScan/MLRuntime/PredictionUtilOcr.swift /Users/xinyufang/Library/Developer/Xcode/DerivedData/Buzz-faillbpsmponqzeruhhvskovixzk/SourcePackages/checkouts/stripe-ios-spm/StripeCardScan/StripeCardScan/Source/CardScan/MLRuntime/SSDOcrDetect.swift /Users/xinyufang/Library/Developer/Xcode/DerivedData/Buzz-faillbpsmponqzeruhhvskovixzk/SourcePackages/checkouts/stripe-ios-spm/StripeCardScan/StripeCardScan/Source/CardScan/MLRuntime/SSDOcrOutputExtensions.swift /Users/xinyufang/Library/Developer/Xcode/DerivedData/Buzz-faillbpsmponqzeruhhvskovixzk/SourcePackages/checkouts/stripe-ios-spm/StripeCardScan/StripeCardScan/Source/CardScan/MLRuntime/SoftNMS.swift /Users/xinyufang/Library/Developer/Xcode/DerivedData/Buzz-faillbpsmponqzeruhhvskovixzk/SourcePackages/checkouts/stripe-ios-spm/StripeCardScan/StripeCardScan/Source/CardScan/UI/BlurView.swift /Users/xinyufang/Library/Developer/Xcode/DerivedData/Buzz-faillbpsmponqzeruhhvskovixzk/SourcePackages/checkouts/stripe-ios-spm/StripeCardScan/StripeCardScan/Source/CardScan/UI/CardScanSheet.swift /Users/xinyufang/Library/Developer/Xcode/DerivedData/Buzz-faillbpsmponqzeruhhvskovixzk/SourcePackages/checkouts/stripe-ios-spm/StripeCardScan/StripeCardScan/Source/CardScan/UI/CornerView.swift /Users/xinyufang/Library/Developer/Xcode/DerivedData/Buzz-faillbpsmponqzeruhhvskovixzk/SourcePackages/checkouts/stripe-ios-spm/StripeCardScan/StripeCardScan/Source/CardScan/UI/InterfaceOrientation.swift /Users/xinyufang/Library/Developer/Xcode/DerivedData/Buzz-faillbpsmponqzeruhhvskovixzk/SourcePackages/checkouts/stripe-ios-spm/StripeCardScan/StripeCardScan/Source/CardScan/UI/PreviewView.swift /Users/xinyufang/Library/Developer/Xcode/DerivedData/Buzz-faillbpsmponqzeruhhvskovixzk/SourcePackages/checkouts/stripe-ios-spm/StripeCardScan/StripeCardScan/Source/CardScan/UI/ScanBaseViewController.swift (in target 'StripeCardScan' from project 'Stripe')

SwiftCompile normal arm64 /Users/xinyufang/Library/Developer/Xcode/DerivedData/Buzz-faillbpsmponqzeruhhvskovixzk/SourcePackages/checkouts/stripe-ios-spm/StripeCardScan/StripeCardScan/Source/CardScan/MLRuntime/PostDetectionAlgorithm.swift (in target 'StripeCardScan' from project 'Stripe')
    cd /Users/xinyufang/Documents/Buzz/Buzz.xcodeproj
    

SwiftCompile normal arm64 /Users/xinyufang/Library/Developer/Xcode/DerivedData/Buzz-faillbpsmponqzeruhhvskovixzk/SourcePackages/checkouts/stripe-ios-spm/StripeCardScan/StripeCardScan/Source/CardScan/MLRuntime/PredictionAPI.swift (in target 'StripeCardScan' from project 'Stripe')
    cd /Users/xinyufang/Documents/Buzz/Buzz.xcodeproj
    

SwiftCompile normal arm64 /Users/xinyufang/Library/Developer/Xcode/DerivedData/Buzz-faillbpsmponqzeruhhvskovixzk/SourcePackages/checkouts/stripe-ios-spm/StripeCardScan/StripeCardScan/Source/CardScan/MLRuntime/PredictionResult.swift (in target 'StripeCardScan' from project 'Stripe')
    cd /Users/xinyufang/Documents/Buzz/Buzz.xcodeproj
    

SwiftCompile normal arm64 /Users/xinyufang/Library/Developer/Xcode/DerivedData/Buzz-faillbpsmponqzeruhhvskovixzk/SourcePackages/checkouts/stripe-ios-spm/StripeCardScan/StripeCardScan/Source/CardScan/MLRuntime/PredictionUtilOcr.swift (in target 'StripeCardScan' from project 'Stripe')
    cd /Users/xinyufang/Documents/Buzz/Buzz.xcodeproj
    

SwiftCompile normal arm64 /Users/xinyufang/Library/Developer/Xcode/DerivedData/Buzz-faillbpsmponqzeruhhvskovixzk/SourcePackages/checkouts/stripe-ios-spm/StripeCardScan/StripeCardScan/Source/CardScan/MLRuntime/SSDOcrDetect.swift (in target 'StripeCardScan' from project 'Stripe')
    cd /Users/xinyufang/Documents/Buzz/Buzz.xcodeproj
    

SwiftCompile normal arm64 /Users/xinyufang/Library/Developer/Xcode/DerivedData/Buzz-faillbpsmponqzeruhhvskovixzk/SourcePackages/checkouts/stripe-ios-spm/StripeCardScan/StripeCardScan/Source/CardScan/MLRuntime/SSDOcrOutputExtensions.swift (in target 'StripeCardScan' from project 'Stripe')
    cd /Users/xinyufang/Documents/Buzz/Buzz.xcodeproj
    

SwiftCompile normal arm64 /Users/xinyufang/Library/Developer/Xcode/DerivedData/Buzz-faillbpsmponqzeruhhvskovixzk/SourcePackages/checkouts/stripe-ios-spm/StripeCardScan/StripeCardScan/Source/CardScan/MLRuntime/SoftNMS.swift (in target 'StripeCardScan' from project 'Stripe')
    cd /Users/xinyufang/Documents/Buzz/Buzz.xcodeproj
    

SwiftCompile normal arm64 /Users/xinyufang/Library/Developer/Xcode/DerivedData/Buzz-faillbpsmponqzeruhhvskovixzk/SourcePackages/checkouts/stripe-ios-spm/StripeCardScan/StripeCardScan/Source/CardScan/UI/BlurView.swift (in target 'StripeCardScan' from project 'Stripe')
    cd /Users/xinyufang/Documents/Buzz/Buzz.xcodeproj
    

SwiftCompile normal arm64 /Users/xinyufang/Library/Developer/Xcode/DerivedData/Buzz-faillbpsmponqzeruhhvskovixzk/SourcePackages/checkouts/stripe-ios-spm/StripeCardScan/StripeCardScan/Source/CardScan/UI/CardScanSheet.swift (in target 'StripeCardScan' from project 'Stripe')
    cd /Users/xinyufang/Documents/Buzz/Buzz.xcodeproj
    

SwiftCompile normal arm64 /Users/xinyufang/Library/Developer/Xcode/DerivedData/Buzz-faillbpsmponqzeruhhvskovixzk/SourcePackages/checkouts/stripe-ios-spm/StripeCardScan/StripeCardScan/Source/CardScan/UI/CornerView.swift (in target 'StripeCardScan' from project 'Stripe')
    cd /Users/xinyufang/Documents/Buzz/Buzz.xcodeproj
    

SwiftCompile normal arm64 /Users/xinyufang/Library/Developer/Xcode/DerivedData/Buzz-faillbpsmponqzeruhhvskovixzk/SourcePackages/checkouts/stripe-ios-spm/StripeCardScan/StripeCardScan/Source/CardScan/UI/InterfaceOrientation.swift (in target 'StripeCardScan' from project 'Stripe')
    cd /Users/xinyufang/Documents/Buzz/Buzz.xcodeproj
    

SwiftCompile normal arm64 /Users/xinyufang/Library/Developer/Xcode/DerivedData/Buzz-faillbpsmponqzeruhhvskovixzk/SourcePackages/checkouts/stripe-ios-spm/StripeCardScan/StripeCardScan/Source/CardScan/UI/PreviewView.swift (in target 'StripeCardScan' from project 'Stripe')
    cd /Users/xinyufang/Documents/Buzz/Buzz.xcodeproj
    

SwiftCompile normal arm64 /Users/xinyufang/Library/Developer/Xcode/DerivedData/Buzz-faillbpsmponqzeruhhvskovixzk/SourcePackages/checkouts/stripe-ios-spm/StripeCardScan/StripeCardScan/Source/CardScan/UI/ScanBaseViewController.swift (in target 'StripeCardScan' from project 'Stripe')
    cd /Users/xinyufang/Documents/Buzz/Buzz.xcodeproj
    

SwiftDriverJobDiscovery normal arm64 Compiling STPPaymentMethodSatispayParams.swift, STPPaymentMethodShopPay.swift, STPPaymentMethodShopPayParams.swift, STPPaymentMethodSunbit.swift, STPPaymentMethodSunbitParams.swift, STPPaymentMethodSwish.swift, STPPaymentMethodSwishParams.swift, STPPaymentMethodThreeDSecureUsage.swift, STPPaymentMethodUPI.swift, STPPaymentMethodUPIParams.swift, STPPaymentMethodUSBankAccount.swift, STPPaymentMethodUSBankAccountParams.swift, STPPaymentMethodWeChatPay.swift, STPPaymentMethodWeChatPayParams.swift, STPPaymentMethodiDEAL.swift, STPPaymentMethodiDEALParams.swift, STPAPIResponseDecodable.swift, STPAddress.swift, STPCardBrand.swift, STPConnectAccountAddress.swift, STPConnectAccountCompanyParams.swift, STPConnectAccountIndividualParams.swift, STPConnectAccountParams.swift, STPContactField.swift, STPCustomer.swift (in target 'StripePayments' from project 'Stripe')

SwiftCompile normal arm64 Compiling\ resource_bundle_accessor.swift,\ AppleOcr.swift,\ CardNetwork.swift,\ CardType.swift,\ CreditCardUtils.swift,\ Expiry.swift,\ AppleCreditCardOcr.swift,\ CreditCardOcrImplementation.swift,\ CreditCardOcrPrediction.swift,\ CreditCardOcrResult.swift,\ ErrorCorrection.swift,\ MachineLearningResult.swift,\ MainLoopStateMachine.swift /Users/xinyufang/Library/Developer/Xcode/DerivedData/Buzz-faillbpsmponqzeruhhvskovixzk/Build/Intermediates.noindex/Stripe.build/Debug-iphonesimulator/StripeCardScan.build/DerivedSources/resource_bundle_accessor.swift /Users/xinyufang/Library/Developer/Xcode/DerivedData/Buzz-faillbpsmponqzeruhhvskovixzk/SourcePackages/checkouts/stripe-ios-spm/StripeCardScan/StripeCardScan/Source/CardScan/AppleOcr/AppleOcr.swift /Users/xinyufang/Library/Developer/Xcode/DerivedData/Buzz-faillbpsmponqzeruhhvskovixzk/SourcePackages/checkouts/stripe-ios-spm/StripeCardScan/StripeCardScan/Source/CardScan/CardUtils/CardNetwork.swift /Users/xinyufang/Library/Developer/Xcode/DerivedData/Buzz-faillbpsmponqzeruhhvskovixzk/SourcePackages/checkouts/stripe-ios-spm/StripeCardScan/StripeCardScan/Source/CardScan/CardUtils/CardType.swift /Users/xinyufang/Library/Developer/Xcode/DerivedData/Buzz-faillbpsmponqzeruhhvskovixzk/SourcePackages/checkouts/stripe-ios-spm/StripeCardScan/StripeCardScan/Source/CardScan/CardUtils/CreditCardUtils.swift /Users/xinyufang/Library/Developer/Xcode/DerivedData/Buzz-faillbpsmponqzeruhhvskovixzk/SourcePackages/checkouts/stripe-ios-spm/StripeCardScan/StripeCardScan/Source/CardScan/CardUtils/Expiry.swift /Users/xinyufang/Library/Developer/Xcode/DerivedData/Buzz-faillbpsmponqzeruhhvskovixzk/SourcePackages/checkouts/stripe-ios-spm/StripeCardScan/StripeCardScan/Source/CardScan/CreditCardOcr/AppleCreditCardOcr.swift /Users/xinyufang/Library/Developer/Xcode/DerivedData/Buzz-faillbpsmponqzeruhhvskovixzk/SourcePackages/checkouts/stripe-ios-spm/StripeCardScan/StripeCardScan/Source/CardScan/CreditCardOcr/CreditCardOcrImplementation.swift /Users/xinyufang/Library/Developer/Xcode/DerivedData/Buzz-faillbpsmponqzeruhhvskovixzk/SourcePackages/checkouts/stripe-ios-spm/StripeCardScan/StripeCardScan/Source/CardScan/CreditCardOcr/CreditCardOcrPrediction.swift /Users/xinyufang/Library/Developer/Xcode/DerivedData/Buzz-faillbpsmponqzeruhhvskovixzk/SourcePackages/checkouts/stripe-ios-spm/StripeCardScan/StripeCardScan/Source/CardScan/CreditCardOcr/CreditCardOcrResult.swift /Users/xinyufang/Library/Developer/Xcode/DerivedData/Buzz-faillbpsmponqzeruhhvskovixzk/SourcePackages/checkouts/stripe-ios-spm/StripeCardScan/StripeCardScan/Source/CardScan/CreditCardOcr/ErrorCorrection.swift /Users/xinyufang/Library/Developer/Xcode/DerivedData/Buzz-faillbpsmponqzeruhhvskovixzk/SourcePackages/checkouts/stripe-ios-spm/StripeCardScan/StripeCardScan/Source/CardScan/CreditCardOcr/MachineLearningResult.swift /Users/xinyufang/Library/Developer/Xcode/DerivedData/Buzz-faillbpsmponqzeruhhvskovixzk/SourcePackages/checkouts/stripe-ios-spm/StripeCardScan/StripeCardScan/Source/CardScan/CreditCardOcr/MainLoopStateMachine.swift (in target 'StripeCardScan' from project 'Stripe')

SwiftCompile normal arm64 /Users/xinyufang/Library/Developer/Xcode/DerivedData/Buzz-faillbpsmponqzeruhhvskovixzk/Build/Intermediates.noindex/Stripe.build/Debug-iphonesimulator/StripeCardScan.build/DerivedSources/resource_bundle_accessor.swift (in target 'StripeCardScan' from project 'Stripe')
    cd /Users/xinyufang/Documents/Buzz/Buzz.xcodeproj
    

SwiftCompile normal arm64 /Users/xinyufang/Library/Developer/Xcode/DerivedData/Buzz-faillbpsmponqzeruhhvskovixzk/SourcePackages/checkouts/stripe-ios-spm/StripeCardScan/StripeCardScan/Source/CardScan/AppleOcr/AppleOcr.swift (in target 'StripeCardScan' from project 'Stripe')
    cd /Users/xinyufang/Documents/Buzz/Buzz.xcodeproj
    

SwiftCompile normal arm64 /Users/xinyufang/Library/Developer/Xcode/DerivedData/Buzz-faillbpsmponqzeruhhvskovixzk/SourcePackages/checkouts/stripe-ios-spm/StripeCardScan/StripeCardScan/Source/CardScan/CardUtils/CardNetwork.swift (in target 'StripeCardScan' from project 'Stripe')
    cd /Users/xinyufang/Documents/Buzz/Buzz.xcodeproj
    

SwiftCompile normal arm64 /Users/xinyufang/Library/Developer/Xcode/DerivedData/Buzz-faillbpsmponqzeruhhvskovixzk/SourcePackages/checkouts/stripe-ios-spm/StripeCardScan/StripeCardScan/Source/CardScan/CardUtils/CardType.swift (in target 'StripeCardScan' from project 'Stripe')
    cd /Users/xinyufang/Documents/Buzz/Buzz.xcodeproj
    

SwiftCompile normal arm64 /Users/xinyufang/Library/Developer/Xcode/DerivedData/Buzz-faillbpsmponqzeruhhvskovixzk/SourcePackages/checkouts/stripe-ios-spm/StripeCardScan/StripeCardScan/Source/CardScan/CardUtils/CreditCardUtils.swift (in target 'StripeCardScan' from project 'Stripe')
    cd /Users/xinyufang/Documents/Buzz/Buzz.xcodeproj
    

SwiftCompile normal arm64 /Users/xinyufang/Library/Developer/Xcode/DerivedData/Buzz-faillbpsmponqzeruhhvskovixzk/SourcePackages/checkouts/stripe-ios-spm/StripeCardScan/StripeCardScan/Source/CardScan/CardUtils/Expiry.swift (in target 'StripeCardScan' from project 'Stripe')
    cd /Users/xinyufang/Documents/Buzz/Buzz.xcodeproj
    

SwiftCompile normal arm64 /Users/xinyufang/Library/Developer/Xcode/DerivedData/Buzz-faillbpsmponqzeruhhvskovixzk/SourcePackages/checkouts/stripe-ios-spm/StripeCardScan/StripeCardScan/Source/CardScan/CreditCardOcr/AppleCreditCardOcr.swift (in target 'StripeCardScan' from project 'Stripe')
    cd /Users/xinyufang/Documents/Buzz/Buzz.xcodeproj
    

SwiftCompile normal arm64 /Users/xinyufang/Library/Developer/Xcode/DerivedData/Buzz-faillbpsmponqzeruhhvskovixzk/SourcePackages/checkouts/stripe-ios-spm/StripeCardScan/StripeCardScan/Source/CardScan/CreditCardOcr/CreditCardOcrImplementation.swift (in target 'StripeCardScan' from project 'Stripe')
    cd /Users/xinyufang/Documents/Buzz/Buzz.xcodeproj
    

SwiftCompile normal arm64 /Users/xinyufang/Library/Developer/Xcode/DerivedData/Buzz-faillbpsmponqzeruhhvskovixzk/SourcePackages/checkouts/stripe-ios-spm/StripeCardScan/StripeCardScan/Source/CardScan/CreditCardOcr/CreditCardOcrPrediction.swift (in target 'StripeCardScan' from project 'Stripe')
    cd /Users/xinyufang/Documents/Buzz/Buzz.xcodeproj
    

SwiftCompile normal arm64 /Users/xinyufang/Library/Developer/Xcode/DerivedData/Buzz-faillbpsmponqzeruhhvskovixzk/SourcePackages/checkouts/stripe-ios-spm/StripeCardScan/StripeCardScan/Source/CardScan/CreditCardOcr/CreditCardOcrResult.swift (in target 'StripeCardScan' from project 'Stripe')
    cd /Users/xinyufang/Documents/Buzz/Buzz.xcodeproj
    

SwiftCompile normal arm64 /Users/xinyufang/Library/Developer/Xcode/DerivedData/Buzz-faillbpsmponqzeruhhvskovixzk/SourcePackages/checkouts/stripe-ios-spm/StripeCardScan/StripeCardScan/Source/CardScan/CreditCardOcr/ErrorCorrection.swift (in target 'StripeCardScan' from project 'Stripe')
    cd /Users/xinyufang/Documents/Buzz/Buzz.xcodeproj
    

SwiftCompile normal arm64 /Users/xinyufang/Library/Developer/Xcode/DerivedData/Buzz-faillbpsmponqzeruhhvskovixzk/SourcePackages/checkouts/stripe-ios-spm/StripeCardScan/StripeCardScan/Source/CardScan/CreditCardOcr/MachineLearningResult.swift (in target 'StripeCardScan' from project 'Stripe')
    cd /Users/xinyufang/Documents/Buzz/Buzz.xcodeproj
    

SwiftCompile normal arm64 /Users/xinyufang/Library/Developer/Xcode/DerivedData/Buzz-faillbpsmponqzeruhhvskovixzk/SourcePackages/checkouts/stripe-ios-spm/StripeCardScan/StripeCardScan/Source/CardScan/CreditCardOcr/MainLoopStateMachine.swift (in target 'StripeCardScan' from project 'Stripe')
    cd /Users/xinyufang/Documents/Buzz/Buzz.xcodeproj
    

SwiftCompile normal arm64 Compiling\ VerificationFramesData.swift,\ VerifyFrames.swift,\ STPAPIClient+CardImageVerification.swift,\ Bouncer.swift,\ CancellationReason.swift,\ CardImageVerificationController.swift,\ CardImageVerificationIntent.swift,\ CardImageVerificationSheet.swift,\ CardImageVerificationSheetConfiguration.swift,\ CardScanSheetError.swift,\ ScanAnalyticsManager+Helpers.swift,\ ScanAnalyticsManager+Managers.swift /Users/xinyufang/Library/Developer/Xcode/DerivedData/Buzz-faillbpsmponqzeruhhvskovixzk/SourcePackages/checkouts/stripe-ios-spm/StripeCardScan/StripeCardScan/Source/CardVerify/Api/Models/VerificationFramesData.swift /Users/xinyufang/Library/Developer/Xcode/DerivedData/Buzz-faillbpsmponqzeruhhvskovixzk/SourcePackages/checkouts/stripe-ios-spm/StripeCardScan/StripeCardScan/Source/CardVerify/Api/Models/VerifyFrames.swift /Users/xinyufang/Library/Developer/Xcode/DerivedData/Buzz-faillbpsmponqzeruhhvskovixzk/SourcePackages/checkouts/stripe-ios-spm/StripeCardScan/StripeCardScan/Source/CardVerify/Api/STPAPIClient+CardImageVerification.swift /Users/xinyufang/Library/Developer/Xcode/DerivedData/Buzz-faillbpsmponqzeruhhvskovixzk/SourcePackages/checkouts/stripe-ios-spm/StripeCardScan/StripeCardScan/Source/CardVerify/Bouncer.swift /Users/xinyufang/Library/Developer/Xcode/DerivedData/Buzz-faillbpsmponqzeruhhvskovixzk/SourcePackages/checkouts/stripe-ios-spm/StripeCardScan/StripeCardScan/Source/CardVerify/Card\ Image\ Verification/CancellationReason.swift /Users/xinyufang/Library/Developer/Xcode/DerivedData/Buzz-faillbpsmponqzeruhhvskovixzk/SourcePackages/checkouts/stripe-ios-spm/StripeCardScan/StripeCardScan/Source/CardVerify/Card\ Image\ Verification/CardImageVerificationController.swift /Users/xinyufang/Library/Developer/Xcode/DerivedData/Buzz-faillbpsmponqzeruhhvskovixzk/SourcePackages/checkouts/stripe-ios-spm/StripeCardScan/StripeCardScan/Source/CardVerify/Card\ Image\ Verification/CardImageVerificationIntent.swift /Users/xinyufang/Library/Developer/Xcode/DerivedData/Buzz-faillbpsmponqzeruhhvskovixzk/SourcePackages/checkouts/stripe-ios-spm/StripeCardScan/StripeCardScan/Source/CardVerify/Card\ Image\ Verification/CardImageVerificationSheet.swift /Users/xinyufang/Library/Developer/Xcode/DerivedData/Buzz-faillbpsmponqzeruhhvskovixzk/SourcePackages/checkouts/stripe-ios-spm/StripeCardScan/StripeCardScan/Source/CardVerify/Card\ Image\ Verification/CardImageVerificationSheetConfiguration.swift /Users/xinyufang/Library/Developer/Xcode/DerivedData/Buzz-faillbpsmponqzeruhhvskovixzk/SourcePackages/checkouts/stripe-ios-spm/StripeCardScan/StripeCardScan/Source/CardVerify/Card\ Image\ Verification/CardScanSheetError.swift /Users/xinyufang/Library/Developer/Xcode/DerivedData/Buzz-faillbpsmponqzeruhhvskovixzk/SourcePackages/checkouts/stripe-ios-spm/StripeCardScan/StripeCardScan/Source/CardVerify/Card\ Image\ Verification/ScanAnalyticsManager+Helpers.swift /Users/xinyufang/Library/Developer/Xcode/DerivedData/Buzz-faillbpsmponqzeruhhvskovixzk/SourcePackages/checkouts/stripe-ios-spm/StripeCardScan/StripeCardScan/Source/CardVerify/Card\ Image\ Verification/ScanAnalyticsManager+Managers.swift (in target 'StripeCardScan' from project 'Stripe')

SwiftCompile normal arm64 /Users/xinyufang/Library/Developer/Xcode/DerivedData/Buzz-faillbpsmponqzeruhhvskovixzk/SourcePackages/checkouts/stripe-ios-spm/StripeCardScan/StripeCardScan/Source/CardVerify/Api/Models/VerificationFramesData.swift (in target 'StripeCardScan' from project 'Stripe')
    cd /Users/xinyufang/Documents/Buzz/Buzz.xcodeproj
    

SwiftCompile normal arm64 /Users/xinyufang/Library/Developer/Xcode/DerivedData/Buzz-faillbpsmponqzeruhhvskovixzk/SourcePackages/checkouts/stripe-ios-spm/StripeCardScan/StripeCardScan/Source/CardVerify/Api/Models/VerifyFrames.swift (in target 'StripeCardScan' from project 'Stripe')
    cd /Users/xinyufang/Documents/Buzz/Buzz.xcodeproj
    

SwiftCompile normal arm64 /Users/xinyufang/Library/Developer/Xcode/DerivedData/Buzz-faillbpsmponqzeruhhvskovixzk/SourcePackages/checkouts/stripe-ios-spm/StripeCardScan/StripeCardScan/Source/CardVerify/Api/STPAPIClient+CardImageVerification.swift (in target 'StripeCardScan' from project 'Stripe')
    cd /Users/xinyufang/Documents/Buzz/Buzz.xcodeproj
    

SwiftCompile normal arm64 /Users/xinyufang/Library/Developer/Xcode/DerivedData/Buzz-faillbpsmponqzeruhhvskovixzk/SourcePackages/checkouts/stripe-ios-spm/StripeCardScan/StripeCardScan/Source/CardVerify/Bouncer.swift (in target 'StripeCardScan' from project 'Stripe')
    cd /Users/xinyufang/Documents/Buzz/Buzz.xcodeproj
    

SwiftCompile normal arm64 /Users/xinyufang/Library/Developer/Xcode/DerivedData/Buzz-faillbpsmponqzeruhhvskovixzk/SourcePackages/checkouts/stripe-ios-spm/StripeCardScan/StripeCardScan/Source/CardVerify/Card\ Image\ Verification/CancellationReason.swift (in target 'StripeCardScan' from project 'Stripe')
    cd /Users/xinyufang/Documents/Buzz/Buzz.xcodeproj
    

SwiftCompile normal arm64 /Users/xinyufang/Library/Developer/Xcode/DerivedData/Buzz-faillbpsmponqzeruhhvskovixzk/SourcePackages/checkouts/stripe-ios-spm/StripeCardScan/StripeCardScan/Source/CardVerify/Card\ Image\ Verification/CardImageVerificationController.swift (in target 'StripeCardScan' from project 'Stripe')
    cd /Users/xinyufang/Documents/Buzz/Buzz.xcodeproj
    

SwiftCompile normal arm64 /Users/xinyufang/Library/Developer/Xcode/DerivedData/Buzz-faillbpsmponqzeruhhvskovixzk/SourcePackages/checkouts/stripe-ios-spm/StripeCardScan/StripeCardScan/Source/CardVerify/Card\ Image\ Verification/CardImageVerificationIntent.swift (in target 'StripeCardScan' from project 'Stripe')
    cd /Users/xinyufang/Documents/Buzz/Buzz.xcodeproj
    

SwiftCompile normal arm64 /Users/xinyufang/Library/Developer/Xcode/DerivedData/Buzz-faillbpsmponqzeruhhvskovixzk/SourcePackages/checkouts/stripe-ios-spm/StripeCardScan/StripeCardScan/Source/CardVerify/Card\ Image\ Verification/CardImageVerificationSheet.swift (in target 'StripeCardScan' from project 'Stripe')
    cd /Users/xinyufang/Documents/Buzz/Buzz.xcodeproj
    

SwiftCompile normal arm64 /Users/xinyufang/Library/Developer/Xcode/DerivedData/Buzz-faillbpsmponqzeruhhvskovixzk/SourcePackages/checkouts/stripe-ios-spm/StripeCardScan/StripeCardScan/Source/CardVerify/Card\ Image\ Verification/CardImageVerificationSheetConfiguration.swift (in target 'StripeCardScan' from project 'Stripe')
    cd /Users/xinyufang/Documents/Buzz/Buzz.xcodeproj
    

SwiftCompile normal arm64 /Users/xinyufang/Library/Developer/Xcode/DerivedData/Buzz-faillbpsmponqzeruhhvskovixzk/SourcePackages/checkouts/stripe-ios-spm/StripeCardScan/StripeCardScan/Source/CardVerify/Card\ Image\ Verification/CardScanSheetError.swift (in target 'StripeCardScan' from project 'Stripe')
    cd /Users/xinyufang/Documents/Buzz/Buzz.xcodeproj
    

SwiftCompile normal arm64 /Users/xinyufang/Library/Developer/Xcode/DerivedData/Buzz-faillbpsmponqzeruhhvskovixzk/SourcePackages/checkouts/stripe-ios-spm/StripeCardScan/StripeCardScan/Source/CardVerify/Card\ Image\ Verification/ScanAnalyticsManager+Helpers.swift (in target 'StripeCardScan' from project 'Stripe')
    cd /Users/xinyufang/Documents/Buzz/Buzz.xcodeproj
    

SwiftCompile normal arm64 /Users/xinyufang/Library/Developer/Xcode/DerivedData/Buzz-faillbpsmponqzeruhhvskovixzk/SourcePackages/checkouts/stripe-ios-spm/StripeCardScan/StripeCardScan/Source/CardVerify/Card\ Image\ Verification/ScanAnalyticsManager+Managers.swift (in target 'StripeCardScan' from project 'Stripe')
    cd /Users/xinyufang/Documents/Buzz/Buzz.xcodeproj
    

SwiftDriverJobDiscovery normal arm64 Compiling STPFPXBankBrand.swift, STPFile.swift, STPFormEncodable.swift, STPIssuingCardPin.swift, STPRadarSession.swift, STPToken.swift, STPSetupIntent.swift, STPSetupIntentConfirmParams.swift, STPSetupIntentEnums.swift, STPSetupIntentLastSetupError.swift, LinkSettings.swift, STPIntentAction.swift, STPIntentActionAlipayHandleRedirect.swift, STPIntentActionBoletoDisplayDetails.swift, STPIntentActionCashAppRedirectToApp.swift, STPIntentActionKonbiniDisplayDetails.swift, STPIntentActionMultibancoDisplayDetails.swift, STPIntentActionOXXODisplayDetails.swift, STPIntentActionPayNowDisplayQrCode.swift, STPIntentActionPromptPayDisplayQrCode.swift, STPIntentActionRedirectToURL.swift, STPIntentActionSwishHandleRedirect.swift, STPIntentActionVerifyWithMicrodeposits.swift, STPIntentActionWeChatPayRedirectToApp.swift (in target 'StripePayments' from project 'Stripe')

SwiftCompile normal arm64 Compiling\ ScanAnalyticsManager+Tasks.swift,\ ScanAnalyticsManager.swift,\ ScannedCard.swift,\ ScannedCardImageData+Verification.swift,\ ScannedCardImageData.swift,\ StripeCore+Import.swift,\ CardBase.swift,\ CardScanFraudData.swift,\ CardScanMisc.swift,\ CardVerifyFraudData.swift,\ CardVerifyStateMachine.swift,\ FadeInAnimation.swift /Users/xinyufang/Library/Developer/Xcode/DerivedData/Buzz-faillbpsmponqzeruhhvskovixzk/SourcePackages/checkouts/stripe-ios-spm/StripeCardScan/StripeCardScan/Source/CardVerify/Card\ Image\ Verification/ScanAnalyticsManager+Tasks.swift /Users/xinyufang/Library/Developer/Xcode/DerivedData/Buzz-faillbpsmponqzeruhhvskovixzk/SourcePackages/checkouts/stripe-ios-spm/StripeCardScan/StripeCardScan/Source/CardVerify/Card\ Image\ Verification/ScanAnalyticsManager.swift /Users/xinyufang/Library/Developer/Xcode/DerivedData/Buzz-faillbpsmponqzeruhhvskovixzk/SourcePackages/checkouts/stripe-ios-spm/StripeCardScan/StripeCardScan/Source/CardVerify/Card\ Image\ Verification/ScannedCard.swift /Users/xinyufang/Library/Developer/Xcode/DerivedData/Buzz-faillbpsmponqzeruhhvskovixzk/SourcePackages/checkouts/stripe-ios-spm/StripeCardScan/StripeCardScan/Source/CardVerify/Card\ Image\ Verification/ScannedCardImageData+Verification.swift /Users/xinyufang/Library/Developer/Xcode/DerivedData/Buzz-faillbpsmponqzeruhhvskovixzk/SourcePackages/checkouts/stripe-ios-spm/StripeCardScan/StripeCardScan/Source/CardVerify/Card\ Image\ Verification/ScannedCardImageData.swift /Users/xinyufang/Library/Developer/Xcode/DerivedData/Buzz-faillbpsmponqzeruhhvskovixzk/SourcePackages/checkouts/stripe-ios-spm/StripeCardScan/StripeCardScan/Source/CardVerify/Card\ Image\ Verification/StripeCore+Import.swift /Users/xinyufang/Library/Developer/Xcode/DerivedData/Buzz-faillbpsmponqzeruhhvskovixzk/SourcePackages/checkouts/stripe-ios-spm/StripeCardScan/StripeCardScan/Source/CardVerify/CardBase.swift /Users/xinyufang/Library/Developer/Xcode/DerivedData/Buzz-faillbpsmponqzeruhhvskovixzk/SourcePackages/checkouts/stripe-ios-spm/StripeCardScan/StripeCardScan/Source/CardVerify/CardScanFraudData.swift /Users/xinyufang/Library/Developer/Xcode/DerivedData/Buzz-faillbpsmponqzeruhhvskovixzk/SourcePackages/checkouts/stripe-ios-spm/StripeCardScan/StripeCardScan/Source/CardVerify/CardScanMisc.swift /Users/xinyufang/Library/Developer/Xcode/DerivedData/Buzz-faillbpsmponqzeruhhvskovixzk/SourcePackages/checkouts/stripe-ios-spm/StripeCardScan/StripeCardScan/Source/CardVerify/CardVerifyFraudData.swift /Users/xinyufang/Library/Developer/Xcode/DerivedData/Buzz-faillbpsmponqzeruhhvskovixzk/SourcePackages/checkouts/stripe-ios-spm/StripeCardScan/StripeCardScan/Source/CardVerify/CardVerifyStateMachine.swift /Users/xinyufang/Library/Developer/Xcode/DerivedData/Buzz-faillbpsmponqzeruhhvskovixzk/SourcePackages/checkouts/stripe-ios-spm/StripeCardScan/StripeCardScan/Source/CardVerify/FadeInAnimation.swift (in target 'StripeCardScan' from project 'Stripe')
SwiftCompile normal arm64 /Users/xinyufang/Library/Developer/Xcode/DerivedData/Buzz-faillbpsmponqzeruhhvskovixzk/SourcePackages/checkouts/stripe-ios-spm/StripeCardScan/StripeCardScan/Source/CardVerify/Card\ Image\ Verification/ScanAnalyticsManager+Tasks.swift (in target 'StripeCardScan' from project 'Stripe')
    cd /Users/xinyufang/Documents/Buzz/Buzz.xcodeproj
    

SwiftCompile normal arm64 /Users/xinyufang/Library/Developer/Xcode/DerivedData/Buzz-faillbpsmponqzeruhhvskovixzk/SourcePackages/checkouts/stripe-ios-spm/StripeCardScan/StripeCardScan/Source/CardVerify/Card\ Image\ Verification/ScanAnalyticsManager.swift (in target 'StripeCardScan' from project 'Stripe')
    cd /Users/xinyufang/Documents/Buzz/Buzz.xcodeproj
    

SwiftCompile normal arm64 /Users/xinyufang/Library/Developer/Xcode/DerivedData/Buzz-faillbpsmponqzeruhhvskovixzk/SourcePackages/checkouts/stripe-ios-spm/StripeCardScan/StripeCardScan/Source/CardVerify/Card\ Image\ Verification/ScannedCard.swift (in target 'StripeCardScan' from project 'Stripe')
    cd /Users/xinyufang/Documents/Buzz/Buzz.xcodeproj
    

SwiftCompile normal arm64 /Users/xinyufang/Library/Developer/Xcode/DerivedData/Buzz-faillbpsmponqzeruhhvskovixzk/SourcePackages/checkouts/stripe-ios-spm/StripeCardScan/StripeCardScan/Source/CardVerify/Card\ Image\ Verification/ScannedCardImageData+Verification.swift (in target 'StripeCardScan' from project 'Stripe')
    cd /Users/xinyufang/Documents/Buzz/Buzz.xcodeproj
    

SwiftCompile normal arm64 /Users/xinyufang/Library/Developer/Xcode/DerivedData/Buzz-faillbpsmponqzeruhhvskovixzk/SourcePackages/checkouts/stripe-ios-spm/StripeCardScan/StripeCardScan/Source/CardVerify/Card\ Image\ Verification/ScannedCardImageData.swift (in target 'StripeCardScan' from project 'Stripe')
    cd /Users/xinyufang/Documents/Buzz/Buzz.xcodeproj
    

SwiftCompile normal arm64 /Users/xinyufang/Library/Developer/Xcode/DerivedData/Buzz-faillbpsmponqzeruhhvskovixzk/SourcePackages/checkouts/stripe-ios-spm/StripeCardScan/StripeCardScan/Source/CardVerify/Card\ Image\ Verification/StripeCore+Import.swift (in target 'StripeCardScan' from project 'Stripe')
    cd /Users/xinyufang/Documents/Buzz/Buzz.xcodeproj
    

SwiftCompile normal arm64 /Users/xinyufang/Library/Developer/Xcode/DerivedData/Buzz-faillbpsmponqzeruhhvskovixzk/SourcePackages/checkouts/stripe-ios-spm/StripeCardScan/StripeCardScan/Source/CardVerify/CardBase.swift (in target 'StripeCardScan' from project 'Stripe')
    cd /Users/xinyufang/Documents/Buzz/Buzz.xcodeproj
    

SwiftCompile normal arm64 /Users/xinyufang/Library/Developer/Xcode/DerivedData/Buzz-faillbpsmponqzeruhhvskovixzk/SourcePackages/checkouts/stripe-ios-spm/StripeCardScan/StripeCardScan/Source/CardVerify/CardScanFraudData.swift (in target 'StripeCardScan' from project 'Stripe')
    cd /Users/xinyufang/Documents/Buzz/Buzz.xcodeproj
    

SwiftCompile normal arm64 /Users/xinyufang/Library/Developer/Xcode/DerivedData/Buzz-faillbpsmponqzeruhhvskovixzk/SourcePackages/checkouts/stripe-ios-spm/StripeCardScan/StripeCardScan/Source/CardVerify/CardScanMisc.swift (in target 'StripeCardScan' from project 'Stripe')
    cd /Users/xinyufang/Documents/Buzz/Buzz.xcodeproj
    

SwiftCompile normal arm64 /Users/xinyufang/Library/Developer/Xcode/DerivedData/Buzz-faillbpsmponqzeruhhvskovixzk/SourcePackages/checkouts/stripe-ios-spm/StripeCardScan/StripeCardScan/Source/CardVerify/CardVerifyFraudData.swift (in target 'StripeCardScan' from project 'Stripe')
    cd /Users/xinyufang/Documents/Buzz/Buzz.xcodeproj
    

SwiftCompile normal arm64 /Users/xinyufang/Library/Developer/Xcode/DerivedData/Buzz-faillbpsmponqzeruhhvskovixzk/SourcePackages/checkouts/stripe-ios-spm/StripeCardScan/StripeCardScan/Source/CardVerify/CardVerifyStateMachine.swift (in target 'StripeCardScan' from project 'Stripe')
    cd /Users/xinyufang/Documents/Buzz/Buzz.xcodeproj
    

SwiftCompile normal arm64 /Users/xinyufang/Library/Developer/Xcode/DerivedData/Buzz-faillbpsmponqzeruhhvskovixzk/SourcePackages/checkouts/stripe-ios-spm/StripeCardScan/StripeCardScan/Source/CardVerify/FadeInAnimation.swift (in target 'StripeCardScan' from project 'Stripe')
    cd /Users/xinyufang/Documents/Buzz/Buzz.xcodeproj
    

SwiftDriverJobDiscovery normal arm64 Compiling resource_bundle_accessor.swift, StripeAPI+Deprecated.swift, StripeApplePay+Import.swift, StripeCore+Import.swift, LinkAccountSession.swift, STPCollectBankAccountParams.swift, STPConfirmationToken.swift, STPConfirmationTokenClientContext.swift, STPConfirmationTokenParams.swift, STPPaymentMethodPreview.swift, STPConfirmAlipayOptions.swift, STPConfirmBLIKOptions.swift, STPConfirmCardOptions.swift, STPConfirmKonbiniOptions.swift, STPConfirmLinkOptions.swift, STPConfirmPaymentMethodOptions.swift, STPConfirmUSBankAccountOptions.swift, STPConfirmWeChatPayOptions.swift, STPPaymentIntent.swift, STPPaymentIntentAction.swift, STPPaymentIntentActionRedirectToURL.swift, STPPaymentIntentConfirmParams.swift, STPPaymentIntentEnums.swift, STPPaymentIntentLastPaymentError.swift, STPPaymentIntentShippingDetails.swift (in target 'StripePayments' from project 'Stripe')

SwiftDriverJobDiscovery normal arm64 Compiling HCaptchaError.swift, HCaptchaEvent.swift, HCaptchaHtml.swift, HCaptchaLog.swift, HCaptchaResult.swift, HCaptchaURLOpener.swift, HCaptchaWebViewManager+WKNavigationDelegate.swift, HCaptchaWebViewManager.swift, PassiveCaptcha.swift, String+Dict.swift, Enums+CustomStringConvertible.swift, STPBINController.swift, STPBankAccountCollector.swift, STPBankAccountCollectorUserInterfaceStyle.swift, STPBlocks.swift, STPCardValidator.swift, STPLocalizedString.swift, STPPaymentConfirmation+SwiftUI.swift, StripePayments+Export.swift, StripePaymentsBundleLocator.swift, APIRequest.swift, STP3DS2AuthenticateResponse.swift, STPEmptyStripeResponse.swift, STPFormEncoder.swift (in target 'StripePayments' from project 'Stripe')

SwiftCompile normal arm64 Compiling\ ScanConfiguration.swift,\ ScanEventsProtocol.swift,\ ScanStats.swift,\ SimpleScanViewController.swift,\ Torch.swift,\ VideoFeed.swift,\ AppInfoUtils.swift,\ AtomicPropertyWrapper.swift,\ DeviceUtils.swift,\ CardImageVerificationDetailsResponse.swift,\ ScanStatsPayload+Common.swift,\ ScanStatsPayload+Tasks.swift,\ ScanStatsPayload.swift /Users/xinyufang/Library/Developer/Xcode/DerivedData/Buzz-faillbpsmponqzeruhhvskovixzk/SourcePackages/checkouts/stripe-ios-spm/StripeCardScan/StripeCardScan/Source/CardScan/UI/ScanConfiguration.swift /Users/xinyufang/Library/Developer/Xcode/DerivedData/Buzz-faillbpsmponqzeruhhvskovixzk/SourcePackages/checkouts/stripe-ios-spm/StripeCardScan/StripeCardScan/Source/CardScan/UI/ScanEventsProtocol.swift /Users/xinyufang/Library/Developer/Xcode/DerivedData/Buzz-faillbpsmponqzeruhhvskovixzk/SourcePackages/checkouts/stripe-ios-spm/StripeCardScan/StripeCardScan/Source/CardScan/UI/ScanStats.swift /Users/xinyufang/Library/Developer/Xcode/DerivedData/Buzz-faillbpsmponqzeruhhvskovixzk/SourcePackages/checkouts/stripe-ios-spm/StripeCardScan/StripeCardScan/Source/CardScan/UI/SimpleScanViewController.swift /Users/xinyufang/Library/Developer/Xcode/DerivedData/Buzz-faillbpsmponqzeruhhvskovixzk/SourcePackages/checkouts/stripe-ios-spm/StripeCardScan/StripeCardScan/Source/CardScan/UI/Torch.swift /Users/xinyufang/Library/Developer/Xcode/DerivedData/Buzz-faillbpsmponqzeruhhvskovixzk/SourcePackages/checkouts/stripe-ios-spm/StripeCardScan/StripeCardScan/Source/CardScan/UI/VideoFeed.swift /Users/xinyufang/Library/Developer/Xcode/DerivedData/Buzz-faillbpsmponqzeruhhvskovixzk/SourcePackages/checkouts/stripe-ios-spm/StripeCardScan/StripeCardScan/Source/CardScan/Utils/AppInfoUtils.swift /Users/xinyufang/Library/Developer/Xcode/DerivedData/Buzz-faillbpsmponqzeruhhvskovixzk/SourcePackages/checkouts/stripe-ios-spm/StripeCardScan/StripeCardScan/Source/CardScan/Utils/AtomicPropertyWrapper.swift /Users/xinyufang/Library/Developer/Xcode/DerivedData/Buzz-faillbpsmponqzeruhhvskovixzk/SourcePackages/checkouts/stripe-ios-spm/StripeCardScan/StripeCardScan/Source/CardScan/Utils/DeviceUtils.swift /Users/xinyufang/Library/Developer/Xcode/DerivedData/Buzz-faillbpsmponqzeruhhvskovixzk/SourcePackages/checkouts/stripe-ios-spm/StripeCardScan/StripeCardScan/Source/CardVerify/Api/CardImageVerificationDetailsResponse.swift /Users/xinyufang/Library/Developer/Xcode/DerivedData/Buzz-faillbpsmponqzeruhhvskovixzk/SourcePackages/checkouts/stripe-ios-spm/StripeCardScan/StripeCardScan/Source/CardVerify/Api/Models/Scan\ Analytics/ScanStatsPayload+Common.swift /Users/xinyufang/Library/Developer/Xcode/DerivedData/Buzz-faillbpsmponqzeruhhvskovixzk/SourcePackages/checkouts/stripe-ios-spm/StripeCardScan/StripeCardScan/Source/CardVerify/Api/Models/Scan\ Analytics/ScanStatsPayload+Tasks.swift /Users/xinyufang/Library/Developer/Xcode/DerivedData/Buzz-faillbpsmponqzeruhhvskovixzk/SourcePackages/checkouts/stripe-ios-spm/StripeCardScan/StripeCardScan/Source/CardVerify/Api/Models/Scan\ Analytics/ScanStatsPayload.swift (in target 'StripeCardScan' from project 'Stripe')
SwiftCompile normal arm64 /Users/xinyufang/Library/Developer/Xcode/DerivedData/Buzz-faillbpsmponqzeruhhvskovixzk/SourcePackages/checkouts/stripe-ios-spm/StripeCardScan/StripeCardScan/Source/CardScan/UI/ScanConfiguration.swift (in target 'StripeCardScan' from project 'Stripe')
    cd /Users/xinyufang/Documents/Buzz/Buzz.xcodeproj
    

SwiftCompile normal arm64 /Users/xinyufang/Library/Developer/Xcode/DerivedData/Buzz-faillbpsmponqzeruhhvskovixzk/SourcePackages/checkouts/stripe-ios-spm/StripeCardScan/StripeCardScan/Source/CardScan/UI/ScanEventsProtocol.swift (in target 'StripeCardScan' from project 'Stripe')
    cd /Users/xinyufang/Documents/Buzz/Buzz.xcodeproj
    

SwiftCompile normal arm64 /Users/xinyufang/Library/Developer/Xcode/DerivedData/Buzz-faillbpsmponqzeruhhvskovixzk/SourcePackages/checkouts/stripe-ios-spm/StripeCardScan/StripeCardScan/Source/CardScan/UI/ScanStats.swift (in target 'StripeCardScan' from project 'Stripe')
    cd /Users/xinyufang/Documents/Buzz/Buzz.xcodeproj
    

SwiftCompile normal arm64 /Users/xinyufang/Library/Developer/Xcode/DerivedData/Buzz-faillbpsmponqzeruhhvskovixzk/SourcePackages/checkouts/stripe-ios-spm/StripeCardScan/StripeCardScan/Source/CardScan/UI/SimpleScanViewController.swift (in target 'StripeCardScan' from project 'Stripe')
    cd /Users/xinyufang/Documents/Buzz/Buzz.xcodeproj
    

SwiftCompile normal arm64 /Users/xinyufang/Library/Developer/Xcode/DerivedData/Buzz-faillbpsmponqzeruhhvskovixzk/SourcePackages/checkouts/stripe-ios-spm/StripeCardScan/StripeCardScan/Source/CardScan/UI/Torch.swift (in target 'StripeCardScan' from project 'Stripe')
    cd /Users/xinyufang/Documents/Buzz/Buzz.xcodeproj
    

SwiftCompile normal arm64 /Users/xinyufang/Library/Developer/Xcode/DerivedData/Buzz-faillbpsmponqzeruhhvskovixzk/SourcePackages/checkouts/stripe-ios-spm/StripeCardScan/StripeCardScan/Source/CardScan/UI/VideoFeed.swift (in target 'StripeCardScan' from project 'Stripe')
    cd /Users/xinyufang/Documents/Buzz/Buzz.xcodeproj
    

SwiftCompile normal arm64 /Users/xinyufang/Library/Developer/Xcode/DerivedData/Buzz-faillbpsmponqzeruhhvskovixzk/SourcePackages/checkouts/stripe-ios-spm/StripeCardScan/StripeCardScan/Source/CardScan/Utils/AppInfoUtils.swift (in target 'StripeCardScan' from project 'Stripe')
    cd /Users/xinyufang/Documents/Buzz/Buzz.xcodeproj
    

SwiftCompile normal arm64 /Users/xinyufang/Library/Developer/Xcode/DerivedData/Buzz-faillbpsmponqzeruhhvskovixzk/SourcePackages/checkouts/stripe-ios-spm/StripeCardScan/StripeCardScan/Source/CardScan/Utils/AtomicPropertyWrapper.swift (in target 'StripeCardScan' from project 'Stripe')
    cd /Users/xinyufang/Documents/Buzz/Buzz.xcodeproj
    

SwiftCompile normal arm64 /Users/xinyufang/Library/Developer/Xcode/DerivedData/Buzz-faillbpsmponqzeruhhvskovixzk/SourcePackages/checkouts/stripe-ios-spm/StripeCardScan/StripeCardScan/Source/CardScan/Utils/DeviceUtils.swift (in target 'StripeCardScan' from project 'Stripe')
    cd /Users/xinyufang/Documents/Buzz/Buzz.xcodeproj
    

SwiftCompile normal arm64 /Users/xinyufang/Library/Developer/Xcode/DerivedData/Buzz-faillbpsmponqzeruhhvskovixzk/SourcePackages/checkouts/stripe-ios-spm/StripeCardScan/StripeCardScan/Source/CardVerify/Api/CardImageVerificationDetailsResponse.swift (in target 'StripeCardScan' from project 'Stripe')
    cd /Users/xinyufang/Documents/Buzz/Buzz.xcodeproj
    

SwiftCompile normal arm64 /Users/xinyufang/Library/Developer/Xcode/DerivedData/Buzz-faillbpsmponqzeruhhvskovixzk/SourcePackages/checkouts/stripe-ios-spm/StripeCardScan/StripeCardScan/Source/CardVerify/Api/Models/Scan\ Analytics/ScanStatsPayload+Common.swift (in target 'StripeCardScan' from project 'Stripe')
    cd /Users/xinyufang/Documents/Buzz/Buzz.xcodeproj
    

SwiftCompile normal arm64 /Users/xinyufang/Library/Developer/Xcode/DerivedData/Buzz-faillbpsmponqzeruhhvskovixzk/SourcePackages/checkouts/stripe-ios-spm/StripeCardScan/StripeCardScan/Source/CardVerify/Api/Models/Scan\ Analytics/ScanStatsPayload+Tasks.swift (in target 'StripeCardScan' from project 'Stripe')
    cd /Users/xinyufang/Documents/Buzz/Buzz.xcodeproj
    

SwiftCompile normal arm64 /Users/xinyufang/Library/Developer/Xcode/DerivedData/Buzz-faillbpsmponqzeruhhvskovixzk/SourcePackages/checkouts/stripe-ios-spm/StripeCardScan/StripeCardScan/Source/CardVerify/Api/Models/Scan\ Analytics/ScanStatsPayload.swift (in target 'StripeCardScan' from project 'Stripe')
    cd /Users/xinyufang/Documents/Buzz/Buzz.xcodeproj
    

SwiftCompile normal arm64 Compiling\ FrameData.swift,\ EndToEndTestDataSource.swift,\ STPLocalizedString.swift,\ String+Localized.swift,\ PaymentCard.swift,\ SimpleScanViewController+Verify.swift,\ StripeCardScanBundleLocator.swift,\ UxAnalyzer.swift,\ UxAndOcrMainLoop.swift,\ VerifyCardAddViewController.swift,\ VerifyCardViewController.swift,\ ZoomedInCGImage.swift /Users/xinyufang/Library/Developer/Xcode/DerivedData/Buzz-faillbpsmponqzeruhhvskovixzk/SourcePackages/checkouts/stripe-ios-spm/StripeCardScan/StripeCardScan/Source/CardVerify/FrameData.swift /Users/xinyufang/Library/Developer/Xcode/DerivedData/Buzz-faillbpsmponqzeruhhvskovixzk/SourcePackages/checkouts/stripe-ios-spm/StripeCardScan/StripeCardScan/Source/CardVerify/Helpers/EndToEndTestDataSource.swift /Users/xinyufang/Library/Developer/Xcode/DerivedData/Buzz-faillbpsmponqzeruhhvskovixzk/SourcePackages/checkouts/stripe-ios-spm/StripeCardScan/StripeCardScan/Source/CardVerify/Helpers/STPLocalizedString.swift /Users/xinyufang/Library/Developer/Xcode/DerivedData/Buzz-faillbpsmponqzeruhhvskovixzk/SourcePackages/checkouts/stripe-ios-spm/StripeCardScan/StripeCardScan/Source/CardVerify/Helpers/String+Localized.swift /Users/xinyufang/Library/Developer/Xcode/DerivedData/Buzz-faillbpsmponqzeruhhvskovixzk/SourcePackages/checkouts/stripe-ios-spm/StripeCardScan/StripeCardScan/Source/CardVerify/PaymentCard.swift /Users/xinyufang/Library/Developer/Xcode/DerivedData/Buzz-faillbpsmponqzeruhhvskovixzk/SourcePackages/checkouts/stripe-ios-spm/StripeCardScan/StripeCardScan/Source/CardVerify/SimpleScanViewController+Verify.swift /Users/xinyufang/Library/Developer/Xcode/DerivedData/Buzz-faillbpsmponqzeruhhvskovixzk/SourcePackages/checkouts/stripe-ios-spm/StripeCardScan/StripeCardScan/Source/CardVerify/StripeCardScanBundleLocator.swift /Users/xinyufang/Library/Developer/Xcode/DerivedData/Buzz-faillbpsmponqzeruhhvskovixzk/SourcePackages/checkouts/stripe-ios-spm/StripeCardScan/StripeCardScan/Source/CardVerify/UxAnalyzer.swift /Users/xinyufang/Library/Developer/Xcode/DerivedData/Buzz-faillbpsmponqzeruhhvskovixzk/SourcePackages/checkouts/stripe-ios-spm/StripeCardScan/StripeCardScan/Source/CardVerify/UxAndOcrMainLoop.swift /Users/xinyufang/Library/Developer/Xcode/DerivedData/Buzz-faillbpsmponqzeruhhvskovixzk/SourcePackages/checkouts/stripe-ios-spm/StripeCardScan/StripeCardScan/Source/CardVerify/VerifyCardAddViewController.swift /Users/xinyufang/Library/Developer/Xcode/DerivedData/Buzz-faillbpsmponqzeruhhvskovixzk/SourcePackages/checkouts/stripe-ios-spm/StripeCardScan/StripeCardScan/Source/CardVerify/VerifyCardViewController.swift /Users/xinyufang/Library/Developer/Xcode/DerivedData/Buzz-faillbpsmponqzeruhhvskovixzk/SourcePackages/checkouts/stripe-ios-spm/StripeCardScan/StripeCardScan/Source/CardVerify/ZoomedInCGImage.swift (in target 'StripeCardScan' from project 'Stripe')

SwiftCompile normal arm64 /Users/xinyufang/Library/Developer/Xcode/DerivedData/Buzz-faillbpsmponqzeruhhvskovixzk/SourcePackages/checkouts/stripe-ios-spm/StripeCardScan/StripeCardScan/Source/CardVerify/FrameData.swift (in target 'StripeCardScan' from project 'Stripe')
    cd /Users/xinyufang/Documents/Buzz/Buzz.xcodeproj
    

SwiftCompile normal arm64 /Users/xinyufang/Library/Developer/Xcode/DerivedData/Buzz-faillbpsmponqzeruhhvskovixzk/SourcePackages/checkouts/stripe-ios-spm/StripeCardScan/StripeCardScan/Source/CardVerify/Helpers/EndToEndTestDataSource.swift (in target 'StripeCardScan' from project 'Stripe')
    cd /Users/xinyufang/Documents/Buzz/Buzz.xcodeproj
    

SwiftCompile normal arm64 /Users/xinyufang/Library/Developer/Xcode/DerivedData/Buzz-faillbpsmponqzeruhhvskovixzk/SourcePackages/checkouts/stripe-ios-spm/StripeCardScan/StripeCardScan/Source/CardVerify/Helpers/STPLocalizedString.swift (in target 'StripeCardScan' from project 'Stripe')
    cd /Users/xinyufang/Documents/Buzz/Buzz.xcodeproj
    

SwiftCompile normal arm64 /Users/xinyufang/Library/Developer/Xcode/DerivedData/Buzz-faillbpsmponqzeruhhvskovixzk/SourcePackages/checkouts/stripe-ios-spm/StripeCardScan/StripeCardScan/Source/CardVerify/Helpers/String+Localized.swift (in target 'StripeCardScan' from project 'Stripe')
    cd /Users/xinyufang/Documents/Buzz/Buzz.xcodeproj
    

SwiftCompile normal arm64 /Users/xinyufang/Library/Developer/Xcode/DerivedData/Buzz-faillbpsmponqzeruhhvskovixzk/SourcePackages/checkouts/stripe-ios-spm/StripeCardScan/StripeCardScan/Source/CardVerify/PaymentCard.swift (in target 'StripeCardScan' from project 'Stripe')
    cd /Users/xinyufang/Documents/Buzz/Buzz.xcodeproj
    

SwiftCompile normal arm64 /Users/xinyufang/Library/Developer/Xcode/DerivedData/Buzz-faillbpsmponqzeruhhvskovixzk/SourcePackages/checkouts/stripe-ios-spm/StripeCardScan/StripeCardScan/Source/CardVerify/SimpleScanViewController+Verify.swift (in target 'StripeCardScan' from project 'Stripe')
    cd /Users/xinyufang/Documents/Buzz/Buzz.xcodeproj
    

SwiftCompile normal arm64 /Users/xinyufang/Library/Developer/Xcode/DerivedData/Buzz-faillbpsmponqzeruhhvskovixzk/SourcePackages/checkouts/stripe-ios-spm/StripeCardScan/StripeCardScan/Source/CardVerify/StripeCardScanBundleLocator.swift (in target 'StripeCardScan' from project 'Stripe')
    cd /Users/xinyufang/Documents/Buzz/Buzz.xcodeproj
    

SwiftCompile normal arm64 /Users/xinyufang/Library/Developer/Xcode/DerivedData/Buzz-faillbpsmponqzeruhhvskovixzk/SourcePackages/checkouts/stripe-ios-spm/StripeCardScan/StripeCardScan/Source/CardVerify/UxAnalyzer.swift (in target 'StripeCardScan' from project 'Stripe')
    cd /Users/xinyufang/Documents/Buzz/Buzz.xcodeproj
    

SwiftCompile normal arm64 /Users/xinyufang/Library/Developer/Xcode/DerivedData/Buzz-faillbpsmponqzeruhhvskovixzk/SourcePackages/checkouts/stripe-ios-spm/StripeCardScan/StripeCardScan/Source/CardVerify/UxAndOcrMainLoop.swift (in target 'StripeCardScan' from project 'Stripe')
    cd /Users/xinyufang/Documents/Buzz/Buzz.xcodeproj
    

SwiftCompile normal arm64 /Users/xinyufang/Library/Developer/Xcode/DerivedData/Buzz-faillbpsmponqzeruhhvskovixzk/SourcePackages/checkouts/stripe-ios-spm/StripeCardScan/StripeCardScan/Source/CardVerify/VerifyCardAddViewController.swift (in target 'StripeCardScan' from project 'Stripe')
    cd /Users/xinyufang/Documents/Buzz/Buzz.xcodeproj
    

SwiftCompile normal arm64 /Users/xinyufang/Library/Developer/Xcode/DerivedData/Buzz-faillbpsmponqzeruhhvskovixzk/SourcePackages/checkouts/stripe-ios-spm/StripeCardScan/StripeCardScan/Source/CardVerify/VerifyCardViewController.swift (in target 'StripeCardScan' from project 'Stripe')
    cd /Users/xinyufang/Documents/Buzz/Buzz.xcodeproj
    

SwiftCompile normal arm64 /Users/xinyufang/Library/Developer/Xcode/DerivedData/Buzz-faillbpsmponqzeruhhvskovixzk/SourcePackages/checkouts/stripe-ios-spm/StripeCardScan/StripeCardScan/Source/CardVerify/ZoomedInCGImage.swift (in target 'StripeCardScan' from project 'Stripe')
    cd /Users/xinyufang/Documents/Buzz/Buzz.xcodeproj
    

SwiftDriverJobDiscovery normal arm64 Compiling STPPaymentIntentShippingDetailsAddress.swift, STPPaymentIntentShippingDetailsAddressParams.swift, STPPaymentIntentShippingDetailsParams.swift, STPPaymentIntentSourceAction.swift, LinkPaymentDetails.swift, STPPaymentMethod.swift, STPPaymentMethodAddress.swift, STPPaymentMethodAllowRedisplay.swift, STPPaymentMethodBillingDetails.swift, STPPaymentMethodEnums.swift, STPPaymentMethodParams.swift, STPPaymentMethodUpdateParams.swift, STPRadarOptions.swift, STPPaymentMethodAUBECSDebit.swift, STPPaymentMethodAUBECSDebitParams.swift, STPPaymentMethodAffirm.swift, STPPaymentMethodAffirmParams.swift, STPPaymentMethodAfterpayClearpay.swift, STPPaymentMethodAfterpayClearpayParams.swift, STPPaymentMethodAlipay.swift, STPPaymentMethodAlipayParams.swift, STPPaymentMethodAlma.swift, STPPaymentMethodAlmaParams.swift, STPPaymentMethodAmazonPay.swift, STPPaymentMethodAmazonPayParams.swift (in target 'StripePayments' from project 'Stripe')

SwiftCompile normal arm64 Compiling\ UxModel+Utils.swift,\ UxModel.swift,\ ActiveStateComputation.swift,\ AppState.swift,\ DetectedAllBoxes.swift,\ DetectedAllOcrBoxes.swift,\ DetectedBox.swift,\ DetectedSSDBox.swift,\ DetectedSSDOcrBox.swift,\ NMS.swift,\ OcrDD.swift,\ OcrDDUtils.swift,\ OcrPriorsGen.swift /Users/xinyufang/Library/Developer/Xcode/DerivedData/Buzz-faillbpsmponqzeruhhvskovixzk/SourcePackages/checkouts/stripe-ios-spm/StripeCardScan/StripeCardScan/Source/CardScan/MLModels/UxModel+Utils.swift /Users/xinyufang/Library/Developer/Xcode/DerivedData/Buzz-faillbpsmponqzeruhhvskovixzk/SourcePackages/checkouts/stripe-ios-spm/StripeCardScan/StripeCardScan/Source/CardScan/MLModels/UxModel.swift /Users/xinyufang/Library/Developer/Xcode/DerivedData/Buzz-faillbpsmponqzeruhhvskovixzk/SourcePackages/checkouts/stripe-ios-spm/StripeCardScan/StripeCardScan/Source/CardScan/MLRuntime/ActiveStateComputation.swift /Users/xinyufang/Library/Developer/Xcode/DerivedData/Buzz-faillbpsmponqzeruhhvskovixzk/SourcePackages/checkouts/stripe-ios-spm/StripeCardScan/StripeCardScan/Source/CardScan/MLRuntime/AppState.swift /Users/xinyufang/Library/Developer/Xcode/DerivedData/Buzz-faillbpsmponqzeruhhvskovixzk/SourcePackages/checkouts/stripe-ios-spm/StripeCardScan/StripeCardScan/Source/CardScan/MLRuntime/DetectedAllBoxes.swift /Users/xinyufang/Library/Developer/Xcode/DerivedData/Buzz-faillbpsmponqzeruhhvskovixzk/SourcePackages/checkouts/stripe-ios-spm/StripeCardScan/StripeCardScan/Source/CardScan/MLRuntime/DetectedAllOcrBoxes.swift /Users/xinyufang/Library/Developer/Xcode/DerivedData/Buzz-faillbpsmponqzeruhhvskovixzk/SourcePackages/checkouts/stripe-ios-spm/StripeCardScan/StripeCardScan/Source/CardScan/MLRuntime/DetectedBox.swift /Users/xinyufang/Library/Developer/Xcode/DerivedData/Buzz-faillbpsmponqzeruhhvskovixzk/SourcePackages/checkouts/stripe-ios-spm/StripeCardScan/StripeCardScan/Source/CardScan/MLRuntime/DetectedSSDBox.swift /Users/xinyufang/Library/Developer/Xcode/DerivedData/Buzz-faillbpsmponqzeruhhvskovixzk/SourcePackages/checkouts/stripe-ios-spm/StripeCardScan/StripeCardScan/Source/CardScan/MLRuntime/DetectedSSDOcrBox.swift /Users/xinyufang/Library/Developer/Xcode/DerivedData/Buzz-faillbpsmponqzeruhhvskovixzk/SourcePackages/checkouts/stripe-ios-spm/StripeCardScan/StripeCardScan/Source/CardScan/MLRuntime/NMS.swift /Users/xinyufang/Library/Developer/Xcode/DerivedData/Buzz-faillbpsmponqzeruhhvskovixzk/SourcePackages/checkouts/stripe-ios-spm/StripeCardScan/StripeCardScan/Source/CardScan/MLRuntime/OcrDD.swift /Users/xinyufang/Library/Developer/Xcode/DerivedData/Buzz-faillbpsmponqzeruhhvskovixzk/SourcePackages/checkouts/stripe-ios-spm/StripeCardScan/StripeCardScan/Source/CardScan/MLRuntime/OcrDDUtils.swift /Users/xinyufang/Library/Developer/Xcode/DerivedData/Buzz-faillbpsmponqzeruhhvskovixzk/SourcePackages/checkouts/stripe-ios-spm/StripeCardScan/StripeCardScan/Source/CardScan/MLRuntime/OcrPriorsGen.swift (in target 'StripeCardScan' from project 'Stripe')

SwiftCompile normal arm64 /Users/xinyufang/Library/Developer/Xcode/DerivedData/Buzz-faillbpsmponqzeruhhvskovixzk/SourcePackages/checkouts/stripe-ios-spm/StripeCardScan/StripeCardScan/Source/CardScan/MLModels/UxModel+Utils.swift (in target 'StripeCardScan' from project 'Stripe')
    cd /Users/xinyufang/Documents/Buzz/Buzz.xcodeproj
    

SwiftCompile normal arm64 /Users/xinyufang/Library/Developer/Xcode/DerivedData/Buzz-faillbpsmponqzeruhhvskovixzk/SourcePackages/checkouts/stripe-ios-spm/StripeCardScan/StripeCardScan/Source/CardScan/MLModels/UxModel.swift (in target 'StripeCardScan' from project 'Stripe')
    cd /Users/xinyufang/Documents/Buzz/Buzz.xcodeproj
    

SwiftCompile normal arm64 /Users/xinyufang/Library/Developer/Xcode/DerivedData/Buzz-faillbpsmponqzeruhhvskovixzk/SourcePackages/checkouts/stripe-ios-spm/StripeCardScan/StripeCardScan/Source/CardScan/MLRuntime/ActiveStateComputation.swift (in target 'StripeCardScan' from project 'Stripe')
    cd /Users/xinyufang/Documents/Buzz/Buzz.xcodeproj
    

SwiftCompile normal arm64 /Users/xinyufang/Library/Developer/Xcode/DerivedData/Buzz-faillbpsmponqzeruhhvskovixzk/SourcePackages/checkouts/stripe-ios-spm/StripeCardScan/StripeCardScan/Source/CardScan/MLRuntime/AppState.swift (in target 'StripeCardScan' from project 'Stripe')
    cd /Users/xinyufang/Documents/Buzz/Buzz.xcodeproj
    

SwiftCompile normal arm64 /Users/xinyufang/Library/Developer/Xcode/DerivedData/Buzz-faillbpsmponqzeruhhvskovixzk/SourcePackages/checkouts/stripe-ios-spm/StripeCardScan/StripeCardScan/Source/CardScan/MLRuntime/DetectedAllBoxes.swift (in target 'StripeCardScan' from project 'Stripe')
    cd /Users/xinyufang/Documents/Buzz/Buzz.xcodeproj
    

SwiftCompile normal arm64 /Users/xinyufang/Library/Developer/Xcode/DerivedData/Buzz-faillbpsmponqzeruhhvskovixzk/SourcePackages/checkouts/stripe-ios-spm/StripeCardScan/StripeCardScan/Source/CardScan/MLRuntime/DetectedAllOcrBoxes.swift (in target 'StripeCardScan' from project 'Stripe')
    cd /Users/xinyufang/Documents/Buzz/Buzz.xcodeproj
    

SwiftCompile normal arm64 /Users/xinyufang/Library/Developer/Xcode/DerivedData/Buzz-faillbpsmponqzeruhhvskovixzk/SourcePackages/checkouts/stripe-ios-spm/StripeCardScan/StripeCardScan/Source/CardScan/MLRuntime/DetectedBox.swift (in target 'StripeCardScan' from project 'Stripe')
    cd /Users/xinyufang/Documents/Buzz/Buzz.xcodeproj
    

SwiftCompile normal arm64 /Users/xinyufang/Library/Developer/Xcode/DerivedData/Buzz-faillbpsmponqzeruhhvskovixzk/SourcePackages/checkouts/stripe-ios-spm/StripeCardScan/StripeCardScan/Source/CardScan/MLRuntime/DetectedSSDBox.swift (in target 'StripeCardScan' from project 'Stripe')
    cd /Users/xinyufang/Documents/Buzz/Buzz.xcodeproj
    

SwiftCompile normal arm64 /Users/xinyufang/Library/Developer/Xcode/DerivedData/Buzz-faillbpsmponqzeruhhvskovixzk/SourcePackages/checkouts/stripe-ios-spm/StripeCardScan/StripeCardScan/Source/CardScan/MLRuntime/DetectedSSDOcrBox.swift (in target 'StripeCardScan' from project 'Stripe')
    cd /Users/xinyufang/Documents/Buzz/Buzz.xcodeproj
    

SwiftCompile normal arm64 /Users/xinyufang/Library/Developer/Xcode/DerivedData/Buzz-faillbpsmponqzeruhhvskovixzk/SourcePackages/checkouts/stripe-ios-spm/StripeCardScan/StripeCardScan/Source/CardScan/MLRuntime/NMS.swift (in target 'StripeCardScan' from project 'Stripe')
    cd /Users/xinyufang/Documents/Buzz/Buzz.xcodeproj
    

SwiftCompile normal arm64 /Users/xinyufang/Library/Developer/Xcode/DerivedData/Buzz-faillbpsmponqzeruhhvskovixzk/SourcePackages/checkouts/stripe-ios-spm/StripeCardScan/StripeCardScan/Source/CardScan/MLRuntime/OcrDD.swift (in target 'StripeCardScan' from project 'Stripe')
    cd /Users/xinyufang/Documents/Buzz/Buzz.xcodeproj
    

SwiftCompile normal arm64 /Users/xinyufang/Library/Developer/Xcode/DerivedData/Buzz-faillbpsmponqzeruhhvskovixzk/SourcePackages/checkouts/stripe-ios-spm/StripeCardScan/StripeCardScan/Source/CardScan/MLRuntime/OcrDDUtils.swift (in target 'StripeCardScan' from project 'Stripe')
    cd /Users/xinyufang/Documents/Buzz/Buzz.xcodeproj
    

SwiftCompile normal arm64 /Users/xinyufang/Library/Developer/Xcode/DerivedData/Buzz-faillbpsmponqzeruhhvskovixzk/SourcePackages/checkouts/stripe-ios-spm/StripeCardScan/StripeCardScan/Source/CardScan/MLRuntime/OcrPriorsGen.swift (in target 'StripeCardScan' from project 'Stripe')
    cd /Users/xinyufang/Documents/Buzz/Buzz.xcodeproj
    

SwiftDriverJobDiscovery normal arm64 Compiling resource_bundle_accessor.swift, AppleOcr.swift, CardNetwork.swift, CardType.swift, CreditCardUtils.swift, Expiry.swift, AppleCreditCardOcr.swift, CreditCardOcrImplementation.swift, CreditCardOcrPrediction.swift, CreditCardOcrResult.swift, ErrorCorrection.swift, MachineLearningResult.swift, MainLoopStateMachine.swift (in target 'StripeCardScan' from project 'Stripe')

SwiftCompile normal arm64 Compiling\ NonNameWords.swift,\ OcrMainLoop.swift,\ OcrObject.swift,\ SSDCreditCardOcr.swift,\ Array+utils.swift,\ CGRectExtension.swift,\ CGrect+utils.swift,\ CreditCardOcrPrediction+expiry.swift,\ Image+utils.swift,\ UIImage+pixelBuffer.swift,\ AsyncModelLoading.swift,\ SSDOcr+Utils.swift,\ SSDOcr.swift /Users/xinyufang/Library/Developer/Xcode/DerivedData/Buzz-faillbpsmponqzeruhhvskovixzk/SourcePackages/checkouts/stripe-ios-spm/StripeCardScan/StripeCardScan/Source/CardScan/CreditCardOcr/NonNameWords.swift /Users/xinyufang/Library/Developer/Xcode/DerivedData/Buzz-faillbpsmponqzeruhhvskovixzk/SourcePackages/checkouts/stripe-ios-spm/StripeCardScan/StripeCardScan/Source/CardScan/CreditCardOcr/OcrMainLoop.swift /Users/xinyufang/Library/Developer/Xcode/DerivedData/Buzz-faillbpsmponqzeruhhvskovixzk/SourcePackages/checkouts/stripe-ios-spm/StripeCardScan/StripeCardScan/Source/CardScan/CreditCardOcr/OcrObject.swift /Users/xinyufang/Library/Developer/Xcode/DerivedData/Buzz-faillbpsmponqzeruhhvskovixzk/SourcePackages/checkouts/stripe-ios-spm/StripeCardScan/StripeCardScan/Source/CardScan/CreditCardOcr/SSDCreditCardOcr.swift /Users/xinyufang/Library/Developer/Xcode/DerivedData/Buzz-faillbpsmponqzeruhhvskovixzk/SourcePackages/checkouts/stripe-ios-spm/StripeCardScan/StripeCardScan/Source/CardScan/Extensions/Array+utils.swift /Users/xinyufang/Library/Developer/Xcode/DerivedData/Buzz-faillbpsmponqzeruhhvskovixzk/SourcePackages/checkouts/stripe-ios-spm/StripeCardScan/StripeCardScan/Source/CardScan/Extensions/CGRectExtension.swift /Users/xinyufang/Library/Developer/Xcode/DerivedData/Buzz-faillbpsmponqzeruhhvskovixzk/SourcePackages/checkouts/stripe-ios-spm/StripeCardScan/StripeCardScan/Source/CardScan/Extensions/CGrect+utils.swift /Users/xinyufang/Library/Developer/Xcode/DerivedData/Buzz-faillbpsmponqzeruhhvskovixzk/SourcePackages/checkouts/stripe-ios-spm/StripeCardScan/StripeCardScan/Source/CardScan/Extensions/CreditCardOcrPrediction+expiry.swift /Users/xinyufang/Library/Developer/Xcode/DerivedData/Buzz-faillbpsmponqzeruhhvskovixzk/SourcePackages/checkouts/stripe-ios-spm/StripeCardScan/StripeCardScan/Source/CardScan/Extensions/Image+utils.swift /Users/xinyufang/Library/Developer/Xcode/DerivedData/Buzz-faillbpsmponqzeruhhvskovixzk/SourcePackages/checkouts/stripe-ios-spm/StripeCardScan/StripeCardScan/Source/CardScan/Extensions/UIImage+pixelBuffer.swift /Users/xinyufang/Library/Developer/Xcode/DerivedData/Buzz-faillbpsmponqzeruhhvskovixzk/SourcePackages/checkouts/stripe-ios-spm/StripeCardScan/StripeCardScan/Source/CardScan/MLModels/AsyncModelLoading.swift /Users/xinyufang/Library/Developer/Xcode/DerivedData/Buzz-faillbpsmponqzeruhhvskovixzk/SourcePackages/checkouts/stripe-ios-spm/StripeCardScan/StripeCardScan/Source/CardScan/MLModels/SSDOcr+Utils.swift /Users/xinyufang/Library/Developer/Xcode/DerivedData/Buzz-faillbpsmponqzeruhhvskovixzk/SourcePackages/checkouts/stripe-ios-spm/StripeCardScan/StripeCardScan/Source/CardScan/MLModels/SSDOcr.swift (in target 'StripeCardScan' from project 'Stripe')

SwiftCompile normal arm64 /Users/xinyufang/Library/Developer/Xcode/DerivedData/Buzz-faillbpsmponqzeruhhvskovixzk/SourcePackages/checkouts/stripe-ios-spm/StripeCardScan/StripeCardScan/Source/CardScan/CreditCardOcr/NonNameWords.swift (in target 'StripeCardScan' from project 'Stripe')
    cd /Users/xinyufang/Documents/Buzz/Buzz.xcodeproj
    

SwiftCompile normal arm64 /Users/xinyufang/Library/Developer/Xcode/DerivedData/Buzz-faillbpsmponqzeruhhvskovixzk/SourcePackages/checkouts/stripe-ios-spm/StripeCardScan/StripeCardScan/Source/CardScan/CreditCardOcr/OcrMainLoop.swift (in target 'StripeCardScan' from project 'Stripe')
    cd /Users/xinyufang/Documents/Buzz/Buzz.xcodeproj
    

SwiftCompile normal arm64 /Users/xinyufang/Library/Developer/Xcode/DerivedData/Buzz-faillbpsmponqzeruhhvskovixzk/SourcePackages/checkouts/stripe-ios-spm/StripeCardScan/StripeCardScan/Source/CardScan/CreditCardOcr/OcrObject.swift (in target 'StripeCardScan' from project 'Stripe')
    cd /Users/xinyufang/Documents/Buzz/Buzz.xcodeproj
    

SwiftCompile normal arm64 /Users/xinyufang/Library/Developer/Xcode/DerivedData/Buzz-faillbpsmponqzeruhhvskovixzk/SourcePackages/checkouts/stripe-ios-spm/StripeCardScan/StripeCardScan/Source/CardScan/CreditCardOcr/SSDCreditCardOcr.swift (in target 'StripeCardScan' from project 'Stripe')
    cd /Users/xinyufang/Documents/Buzz/Buzz.xcodeproj
    

SwiftCompile normal arm64 /Users/xinyufang/Library/Developer/Xcode/DerivedData/Buzz-faillbpsmponqzeruhhvskovixzk/SourcePackages/checkouts/stripe-ios-spm/StripeCardScan/StripeCardScan/Source/CardScan/Extensions/Array+utils.swift (in target 'StripeCardScan' from project 'Stripe')
    cd /Users/xinyufang/Documents/Buzz/Buzz.xcodeproj
    

SwiftCompile normal arm64 /Users/xinyufang/Library/Developer/Xcode/DerivedData/Buzz-faillbpsmponqzeruhhvskovixzk/SourcePackages/checkouts/stripe-ios-spm/StripeCardScan/StripeCardScan/Source/CardScan/Extensions/CGRectExtension.swift (in target 'StripeCardScan' from project 'Stripe')
    cd /Users/xinyufang/Documents/Buzz/Buzz.xcodeproj
    

SwiftCompile normal arm64 /Users/xinyufang/Library/Developer/Xcode/DerivedData/Buzz-faillbpsmponqzeruhhvskovixzk/SourcePackages/checkouts/stripe-ios-spm/StripeCardScan/StripeCardScan/Source/CardScan/Extensions/CGrect+utils.swift (in target 'StripeCardScan' from project 'Stripe')
    cd /Users/xinyufang/Documents/Buzz/Buzz.xcodeproj
    

SwiftCompile normal arm64 /Users/xinyufang/Library/Developer/Xcode/DerivedData/Buzz-faillbpsmponqzeruhhvskovixzk/SourcePackages/checkouts/stripe-ios-spm/StripeCardScan/StripeCardScan/Source/CardScan/Extensions/CreditCardOcrPrediction+expiry.swift (in target 'StripeCardScan' from project 'Stripe')
    cd /Users/xinyufang/Documents/Buzz/Buzz.xcodeproj
    

SwiftCompile normal arm64 /Users/xinyufang/Library/Developer/Xcode/DerivedData/Buzz-faillbpsmponqzeruhhvskovixzk/SourcePackages/checkouts/stripe-ios-spm/StripeCardScan/StripeCardScan/Source/CardScan/Extensions/Image+utils.swift (in target 'StripeCardScan' from project 'Stripe')
    cd /Users/xinyufang/Documents/Buzz/Buzz.xcodeproj
    

SwiftCompile normal arm64 /Users/xinyufang/Library/Developer/Xcode/DerivedData/Buzz-faillbpsmponqzeruhhvskovixzk/SourcePackages/checkouts/stripe-ios-spm/StripeCardScan/StripeCardScan/Source/CardScan/Extensions/UIImage+pixelBuffer.swift (in target 'StripeCardScan' from project 'Stripe')
    cd /Users/xinyufang/Documents/Buzz/Buzz.xcodeproj
    

SwiftCompile normal arm64 /Users/xinyufang/Library/Developer/Xcode/DerivedData/Buzz-faillbpsmponqzeruhhvskovixzk/SourcePackages/checkouts/stripe-ios-spm/StripeCardScan/StripeCardScan/Source/CardScan/MLModels/AsyncModelLoading.swift (in target 'StripeCardScan' from project 'Stripe')
    cd /Users/xinyufang/Documents/Buzz/Buzz.xcodeproj
    

SwiftCompile normal arm64 /Users/xinyufang/Library/Developer/Xcode/DerivedData/Buzz-faillbpsmponqzeruhhvskovixzk/SourcePackages/checkouts/stripe-ios-spm/StripeCardScan/StripeCardScan/Source/CardScan/MLModels/SSDOcr+Utils.swift (in target 'StripeCardScan' from project 'Stripe')
    cd /Users/xinyufang/Documents/Buzz/Buzz.xcodeproj
    

SwiftCompile normal arm64 /Users/xinyufang/Library/Developer/Xcode/DerivedData/Buzz-faillbpsmponqzeruhhvskovixzk/SourcePackages/checkouts/stripe-ios-spm/StripeCardScan/StripeCardScan/Source/CardScan/MLModels/SSDOcr.swift (in target 'StripeCardScan' from project 'Stripe')
    cd /Users/xinyufang/Documents/Buzz/Buzz.xcodeproj
    

SwiftDriverJobDiscovery normal arm64 Compiling PostDetectionAlgorithm.swift, PredictionAPI.swift, PredictionResult.swift, PredictionUtilOcr.swift, SSDOcrDetect.swift, SSDOcrOutputExtensions.swift, SoftNMS.swift, BlurView.swift, CardScanSheet.swift, CornerView.swift, InterfaceOrientation.swift, PreviewView.swift, ScanBaseViewController.swift (in target 'StripeCardScan' from project 'Stripe')

SwiftCompile normal arm64 Compiling\ UIImage+Buffer.swift,\ AppSettingsHelper.swift /Users/xinyufang/Library/Developer/Xcode/DerivedData/Buzz-faillbpsmponqzeruhhvskovixzk/SourcePackages/checkouts/stripe-ios-spm/StripeCameraCore/StripeCameraCore/Source/Categories/UIImage+Buffer.swift /Users/xinyufang/Library/Developer/Xcode/DerivedData/Buzz-faillbpsmponqzeruhhvskovixzk/SourcePackages/checkouts/stripe-ios-spm/StripeCameraCore/StripeCameraCore/Source/Coordinators/AppSettingsHelper.swift (in target 'StripeCameraCore' from project 'Stripe')

SwiftCompile normal arm64 /Users/xinyufang/Library/Developer/Xcode/DerivedData/Buzz-faillbpsmponqzeruhhvskovixzk/SourcePackages/checkouts/stripe-ios-spm/StripeCameraCore/StripeCameraCore/Source/Categories/UIImage+Buffer.swift (in target 'StripeCameraCore' from project 'Stripe')
    cd /Users/xinyufang/Documents/Buzz/Buzz.xcodeproj
    

SwiftCompile normal arm64 /Users/xinyufang/Library/Developer/Xcode/DerivedData/Buzz-faillbpsmponqzeruhhvskovixzk/SourcePackages/checkouts/stripe-ios-spm/StripeCameraCore/StripeCameraCore/Source/Coordinators/AppSettingsHelper.swift (in target 'StripeCameraCore' from project 'Stripe')
    cd /Users/xinyufang/Documents/Buzz/Buzz.xcodeproj
    

SwiftDriverJobDiscovery normal arm64 Compiling STPIntentActionUseStripeSDK.swift, STPInternalAPIResponseDecodable.swift, STPPaymentMethodListDeserializer.swift, Analytic+Payments.swift, STPAnalyticsClient+Payments.swift, NSArray+Stripe.swift, NSDecimalNumber+Stripe_Currency.swift, NSDictionary+Stripe.swift, NSString+Stripe.swift, STPAPIClient+PaymentsCore.swift, ConnectionsSDKAvailability.swift, STPPaymentHandlerActionParams.swift, PollingBudget.swift, STPAnalyticsClient+STPPaymentHandler.swift, STPAuthenticationContext.swift, STPPaymentHandler.swift, STPThreeDSButtonCustomization.swift, STPThreeDSCustomizationSettings.swift, STPThreeDSFooterCustomization.swift, STPThreeDSLabelCustomization.swift, STPThreeDSNavigationBarCustomization.swift, STPThreeDSSelectionCustomization.swift, STPThreeDSTextFieldCustomization.swift, STPThreeDSUICustomization.swift (in target 'StripePayments' from project 'Stripe')

SwiftDriverJobDiscovery normal arm64 Compiling VerificationFramesData.swift, VerifyFrames.swift, STPAPIClient+CardImageVerification.swift, Bouncer.swift, CancellationReason.swift, CardImageVerificationController.swift, CardImageVerificationIntent.swift, CardImageVerificationSheet.swift, CardImageVerificationSheetConfiguration.swift, CardScanSheetError.swift, ScanAnalyticsManager+Helpers.swift, ScanAnalyticsManager+Managers.swift (in target 'StripeCardScan' from project 'Stripe')

SwiftCompile normal arm64 Compiling\ CameraSession.swift /Users/xinyufang/Library/Developer/Xcode/DerivedData/Buzz-faillbpsmponqzeruhhvskovixzk/SourcePackages/checkouts/stripe-ios-spm/StripeCameraCore/StripeCameraCore/Source/Coordinators/CameraSession.swift (in target 'StripeCameraCore' from project 'Stripe')

SwiftCompile normal arm64 /Users/xinyufang/Library/Developer/Xcode/DerivedData/Buzz-faillbpsmponqzeruhhvskovixzk/SourcePackages/checkouts/stripe-ios-spm/StripeCameraCore/StripeCameraCore/Source/Coordinators/CameraSession.swift (in target 'StripeCameraCore' from project 'Stripe')
    cd /Users/xinyufang/Documents/Buzz/Buzz.xcodeproj
    

SwiftDriverJobDiscovery normal arm64 Compiling UIImage+Buffer.swift, AppSettingsHelper.swift (in target 'StripeCameraCore' from project 'Stripe')

SwiftCompile normal arm64 Compiling\ CameraPreviewView.swift /Users/xinyufang/Library/Developer/Xcode/DerivedData/Buzz-faillbpsmponqzeruhhvskovixzk/SourcePackages/checkouts/stripe-ios-spm/StripeCameraCore/StripeCameraCore/Source/Views/CameraPreviewView.swift (in target 'StripeCameraCore' from project 'Stripe')

SwiftCompile normal arm64 /Users/xinyufang/Library/Developer/Xcode/DerivedData/Buzz-faillbpsmponqzeruhhvskovixzk/SourcePackages/checkouts/stripe-ios-spm/StripeCameraCore/StripeCameraCore/Source/Views/CameraPreviewView.swift (in target 'StripeCameraCore' from project 'Stripe')
    cd /Users/xinyufang/Documents/Buzz/Buzz.xcodeproj
    

SwiftCompile normal arm64 Compiling\ CameraExifMetadata.swift,\ CGRect+StripeCameraCore.swift /Users/xinyufang/Library/Developer/Xcode/DerivedData/Buzz-faillbpsmponqzeruhhvskovixzk/SourcePackages/checkouts/stripe-ios-spm/StripeCameraCore/StripeCameraCore/Source/CameraExifMetadata.swift /Users/xinyufang/Library/Developer/Xcode/DerivedData/Buzz-faillbpsmponqzeruhhvskovixzk/SourcePackages/checkouts/stripe-ios-spm/StripeCameraCore/StripeCameraCore/Source/Categories/CGRect+StripeCameraCore.swift (in target 'StripeCameraCore' from project 'Stripe')

SwiftCompile normal arm64 /Users/xinyufang/Library/Developer/Xcode/DerivedData/Buzz-faillbpsmponqzeruhhvskovixzk/SourcePackages/checkouts/stripe-ios-spm/StripeCameraCore/StripeCameraCore/Source/CameraExifMetadata.swift (in target 'StripeCameraCore' from project 'Stripe')
    cd /Users/xinyufang/Documents/Buzz/Buzz.xcodeproj
    

SwiftCompile normal arm64 /Users/xinyufang/Library/Developer/Xcode/DerivedData/Buzz-faillbpsmponqzeruhhvskovixzk/SourcePackages/checkouts/stripe-ios-spm/StripeCameraCore/StripeCameraCore/Source/Categories/CGRect+StripeCameraCore.swift (in target 'StripeCameraCore' from project 'Stripe')
    cd /Users/xinyufang/Documents/Buzz/Buzz.xcodeproj
    

SwiftDriverJobDiscovery normal arm64 Compiling CameraPreviewView.swift (in target 'StripeCameraCore' from project 'Stripe')

SwiftDriverJobDiscovery normal arm64 Compiling STPIntentAutomaticPaymentMethods.swift, STPMandateCustomerAcceptanceParams.swift, STPMandateDataParams.swift, STPMandateOnlineParams.swift, STPPaymentMethodOptions.swift, STPSource.swift, STPSourceEnums.swift, STPSourceParams.swift, STPSourceProtocol.swift, STPBankAccount.swift, STPBankAccountParams.swift, STPCard.swift, STPCardParams.swift, STPSourceCardDetails.swift, STPAPIClient+ApplePay.swift, STPAPIClient+LinkAccountSession.swift, STPAPIClient+Payments.swift, STPAPIClient+Radar.swift, STPClientAttributionMetadata+Payments.swift, DispatchQueue+Throttle.swift, HCaptcha.swift, HCaptchaConfig.swift, HCaptchaDebugInfo.swift, HCaptchaDecoder.swift (in target 'StripePayments' from project 'Stripe')

SwiftCompile normal arm64 Compiling\ Torch.swift /Users/xinyufang/Library/Developer/Xcode/DerivedData/Buzz-faillbpsmponqzeruhhvskovixzk/SourcePackages/checkouts/stripe-ios-spm/StripeCameraCore/StripeCameraCore/Source/Coordinators/Torch.swift (in target 'StripeCameraCore' from project 'Stripe')

SwiftCompile normal arm64 /Users/xinyufang/Library/Developer/Xcode/DerivedData/Buzz-faillbpsmponqzeruhhvskovixzk/SourcePackages/checkouts/stripe-ios-spm/StripeCameraCore/StripeCameraCore/Source/Coordinators/Torch.swift (in target 'StripeCameraCore' from project 'Stripe')
    cd /Users/xinyufang/Documents/Buzz/Buzz.xcodeproj
    

SwiftCompile normal arm64 Compiling\ MockSimulatorCameraSession.swift /Users/xinyufang/Library/Developer/Xcode/DerivedData/Buzz-faillbpsmponqzeruhhvskovixzk/SourcePackages/checkouts/stripe-ios-spm/StripeCameraCore/StripeCameraCore/Source/Coordinators/MockSimulatorCameraSession.swift (in target 'StripeCameraCore' from project 'Stripe')

SwiftCompile normal arm64 /Users/xinyufang/Library/Developer/Xcode/DerivedData/Buzz-faillbpsmponqzeruhhvskovixzk/SourcePackages/checkouts/stripe-ios-spm/StripeCameraCore/StripeCameraCore/Source/Coordinators/MockSimulatorCameraSession.swift (in target 'StripeCameraCore' from project 'Stripe')
    cd /Users/xinyufang/Documents/Buzz/Buzz.xcodeproj
    

SwiftDriverJobDiscovery normal arm64 Compiling CameraSession.swift (in target 'StripeCameraCore' from project 'Stripe')

SwiftDriver\ Compilation StripePayments normal arm64 com.apple.xcode.tools.swift.compiler (in target 'StripePayments' from project 'Stripe')
    cd /Users/xinyufang/Documents/Buzz/Buzz.xcodeproj
    builtin-Swift-Compilation -- /Applications/Xcode.app/Contents/Developer/Toolchains/XcodeDefault.xctoolchain/usr/bin/swiftc -module-name StripePayments -Onone -enforce-exclusivity\=checked @/Users/xinyufang/Library/Developer/Xcode/DerivedData/Buzz-faillbpsmponqzeruhhvskovixzk/Build/Intermediates.noindex/Stripe.build/Debug-iphonesimulator/StripePayments.build/Objects-normal/arm64/StripePayments.SwiftFileList -DSWIFT_PACKAGE -DDEBUG -DSWIFT_MODULE_RESOURCE_BUNDLE_AVAILABLE -Xcc -fmodule-map-file\=/Users/xinyufang/Library/Developer/Xcode/DerivedData/Buzz-faillbpsmponqzeruhhvskovixzk/Build/Intermediates.noindex/GeneratedModuleMaps-iphonesimulator/Stripe3DS2.modulemap -DXcode -plugin-path /Applications/Xcode.app/Contents/Developer/Toolchains/XcodeDefault.xctoolchain/usr/lib/swift/host/plugins/testing -enable-experimental-feature DebugDescriptionMacro -sdk /Applications/Xcode.app/Contents/Developer/Platforms/iPhoneSimulator.platform/Developer/SDKs/iPhoneSimulator26.0.sdk -target arm64-apple-ios13.0-simulator -g -module-cache-path /Users/xinyufang/Library/Developer/Xcode/DerivedData/ModuleCache.noindex -Xfrontend -serialize-debugging-options -enable-testing -suppress-warnings -index-store-path /Users/xinyufang/Library/Developer/Xcode/DerivedData/Buzz-faillbpsmponqzeruhhvskovixzk/Index.noindex/DataStore -Xcc -D_LIBCPP_HARDENING_MODE\=_LIBCPP_HARDENING_MODE_DEBUG -swift-version 5 -I /Users/xinyufang/Library/Developer/Xcode/DerivedData/Buzz-faillbpsmponqzeruhhvskovixzk/Build/Products/Debug-iphonesimulator -Isystem /Applications/Xcode.app/Contents/Developer/Platforms/iPhoneSimulator.platform/Developer/usr/lib -F /Users/xinyufang/Library/Developer/Xcode/DerivedData/Buzz-faillbpsmponqzeruhhvskovixzk/Build/Products/Debug-iphonesimulator/PackageFrameworks -F /Users/xinyufang/Library/Developer/Xcode/DerivedData/Buzz-faillbpsmponqzeruhhvskovixzk/Build/Products/Debug-iphonesimulator/PackageFrameworks -F /Users/xinyufang/Library/Developer/Xcode/DerivedData/Buzz-faillbpsmponqzeruhhvskovixzk/Build/Products/Debug-iphonesimulator -F /Applications/Xcode.app/Contents/Developer/Platforms/iPhoneSimulator.platform/Developer/Library/Frameworks -F /Applications/Xcode.app/Contents/Developer/Platforms/iPhoneSimulator.platform/Developer/SDKs/iPhoneSimulator26.0.sdk/Developer/Library/Frameworks -emit-localized-strings -emit-localized-strings-path /Users/xinyufang/Library/Developer/Xcode/DerivedData/Buzz-faillbpsmponqzeruhhvskovixzk/Build/Intermediates.noindex/Stripe.build/Debug-iphonesimulator/StripePayments.build/Objects-normal/arm64 -c -j8 -enable-batch-mode -incremental -Xcc -ivfsstatcache -Xcc /Users/xinyufang/Library/Developer/Xcode/DerivedData/SDKStatCaches.noindex/iphonesimulator26.0-23A339-26257891a6c027eb51374368541b8346.sdkstatcache -output-file-map /Users/xinyufang/Library/Developer/Xcode/DerivedData/Buzz-faillbpsmponqzeruhhvskovixzk/Build/Intermediates.noindex/Stripe.build/Debug-iphonesimulator/StripePayments.build/Objects-normal/arm64/StripePayments-OutputFileMap.json -use-frontend-parseable-output -save-temps -no-color-diagnostics -explicit-module-build -module-cache-path /Users/xinyufang/Library/Developer/Xcode/DerivedData/Buzz-faillbpsmponqzeruhhvskovixzk/Build/Intermediates.noindex/SwiftExplicitPrecompiledModules -clang-scanner-module-cache-path /Users/xinyufang/Library/Developer/Xcode/DerivedData/ModuleCache.noindex -sdk-module-cache-path /Users/xinyufang/Library/Developer/Xcode/DerivedData/ModuleCache.noindex -serialize-diagnostics -emit-dependencies -emit-module -emit-module-path /Users/xinyufang/Library/Developer/Xcode/DerivedData/Buzz-faillbpsmponqzeruhhvskovixzk/Build/Intermediates.noindex/Stripe.build/Debug-iphonesimulator/StripePayments.build/Objects-normal/arm64/StripePayments.swiftmodule -validate-clang-modules-once -clang-build-session-file /Users/xinyufang/Library/Developer/Xcode/DerivedData/ModuleCache.noindex/Session.modulevalidation -Xcc -I/Users/xinyufang/Library/Developer/Xcode/DerivedData/Buzz-faillbpsmponqzeruhhvskovixzk/Build/Intermediates.noindex/Stripe.build/Debug-iphonesimulator/StripePayments.build/swift-overrides.hmap -emit-const-values -Xfrontend -const-gather-protocols-file -Xfrontend /Users/xinyufang/Library/Developer/Xcode/DerivedData/Buzz-faillbpsmponqzeruhhvskovixzk/Build/Intermediates.noindex/Stripe.build/Debug-iphonesimulator/StripePayments.build/Objects-normal/arm64/StripePayments_const_extract_protocols.json -Xcc -I/Users/xinyufang/Library/Developer/Xcode/DerivedData/Buzz-faillbpsmponqzeruhhvskovixzk/SourcePackages/checkouts/stripe-ios-spm/Stripe3DS2/Stripe3DS2/include -Xcc -I/Users/xinyufang/Library/Developer/Xcode/DerivedData/Buzz-faillbpsmponqzeruhhvskovixzk/Build/Products/Debug-iphonesimulator/include -Xcc -I/Users/xinyufang/Library/Developer/Xcode/DerivedData/Buzz-faillbpsmponqzeruhhvskovixzk/Build/Intermediates.noindex/Stripe.build/Debug-iphonesimulator/StripePayments.build/DerivedSources-normal/arm64 -Xcc -I/Users/xinyufang/Library/Developer/Xcode/DerivedData/Buzz-faillbpsmponqzeruhhvskovixzk/Build/Intermediates.noindex/Stripe.build/Debug-iphonesimulator/StripePayments.build/DerivedSources/arm64 -Xcc -I/Users/xinyufang/Library/Developer/Xcode/DerivedData/Buzz-faillbpsmponqzeruhhvskovixzk/Build/Intermediates.noindex/Stripe.build/Debug-iphonesimulator/StripePayments.build/DerivedSources -Xcc -DSWIFT_PACKAGE -Xcc -DDEBUG\=1 -emit-objc-header -emit-objc-header-path /Users/xinyufang/Library/Developer/Xcode/DerivedData/Buzz-faillbpsmponqzeruhhvskovixzk/Build/Intermediates.noindex/Stripe.build/Debug-iphonesimulator/StripePayments.build/Objects-normal/arm64/StripePayments-Swift.h -working-directory /Users/xinyufang/Documents/Buzz/Buzz.xcodeproj -experimental-emit-module-separately -disable-cmo

SwiftDriverJobDiscovery normal arm64 Compiling ScanAnalyticsManager+Tasks.swift, ScanAnalyticsManager.swift, ScannedCard.swift, ScannedCardImageData+Verification.swift, ScannedCardImageData.swift, StripeCore+Import.swift, CardBase.swift, CardScanFraudData.swift, CardScanMisc.swift, CardVerifyFraudData.swift, CardVerifyStateMachine.swift, FadeInAnimation.swift (in target 'StripeCardScan' from project 'Stripe')

SwiftCompile normal arm64 Compiling\ CameraPermissionsManager.swift /Users/xinyufang/Library/Developer/Xcode/DerivedData/Buzz-faillbpsmponqzeruhhvskovixzk/SourcePackages/checkouts/stripe-ios-spm/StripeCameraCore/StripeCameraCore/Source/Coordinators/CameraPermissionsManager.swift (in target 'StripeCameraCore' from project 'Stripe')

SwiftCompile normal arm64 /Users/xinyufang/Library/Developer/Xcode/DerivedData/Buzz-faillbpsmponqzeruhhvskovixzk/SourcePackages/checkouts/stripe-ios-spm/StripeCameraCore/StripeCameraCore/Source/Coordinators/CameraPermissionsManager.swift (in target 'StripeCameraCore' from project 'Stripe')
    cd /Users/xinyufang/Documents/Buzz/Buzz.xcodeproj
    

SwiftCompile normal arm64 Compiling\ CVPixelBuffer+StripeCameraCore.swift,\ UIDeviceOrientation+StripeCameraCore.swift /Users/xinyufang/Library/Developer/Xcode/DerivedData/Buzz-faillbpsmponqzeruhhvskovixzk/SourcePackages/checkouts/stripe-ios-spm/StripeCameraCore/StripeCameraCore/Source/Categories/CVPixelBuffer+StripeCameraCore.swift /Users/xinyufang/Library/Developer/Xcode/DerivedData/Buzz-faillbpsmponqzeruhhvskovixzk/SourcePackages/checkouts/stripe-ios-spm/StripeCameraCore/StripeCameraCore/Source/Categories/UIDeviceOrientation+StripeCameraCore.swift (in target 'StripeCameraCore' from project 'Stripe')

SwiftCompile normal arm64 /Users/xinyufang/Library/Developer/Xcode/DerivedData/Buzz-faillbpsmponqzeruhhvskovixzk/SourcePackages/checkouts/stripe-ios-spm/StripeCameraCore/StripeCameraCore/Source/Categories/CVPixelBuffer+StripeCameraCore.swift (in target 'StripeCameraCore' from project 'Stripe')
    cd /Users/xinyufang/Documents/Buzz/Buzz.xcodeproj
    

SwiftCompile normal arm64 /Users/xinyufang/Library/Developer/Xcode/DerivedData/Buzz-faillbpsmponqzeruhhvskovixzk/SourcePackages/checkouts/stripe-ios-spm/StripeCameraCore/StripeCameraCore/Source/Categories/UIDeviceOrientation+StripeCameraCore.swift (in target 'StripeCameraCore' from project 'Stripe')
    cd /Users/xinyufang/Documents/Buzz/Buzz.xcodeproj
    

SwiftDriverJobDiscovery normal arm64 Compiling CameraExifMetadata.swift, CGRect+StripeCameraCore.swift (in target 'StripeCameraCore' from project 'Stripe')

SwiftDriverJobDiscovery normal arm64 Compiling Torch.swift (in target 'StripeCameraCore' from project 'Stripe')

SwiftCompile normal arm64 Compiling\ _Test.swift /Users/xinyufang/Library/Developer/Xcode/DerivedData/Buzz-faillbpsmponqzeruhhvskovixzk/SourcePackages/checkouts/xctest-dynamic-overlay/Sources/IssueReportingPackageSupport/_Test.swift (in target 'IssueReportingPackageSupport' from project 'xctest-dynamic-overlay')

SwiftCompile normal arm64 /Users/xinyufang/Library/Developer/Xcode/DerivedData/Buzz-faillbpsmponqzeruhhvskovixzk/SourcePackages/checkouts/xctest-dynamic-overlay/Sources/IssueReportingPackageSupport/_Test.swift (in target 'IssueReportingPackageSupport' from project 'xctest-dynamic-overlay')
    cd /Users/xinyufang/Documents/Buzz/Buzz.xcodeproj
    

SwiftDriverJobDiscovery normal arm64 Compiling _Test.swift (in target 'IssueReportingPackageSupport' from project 'xctest-dynamic-overlay')

SwiftDriver\ Compilation IssueReportingPackageSupport normal arm64 com.apple.xcode.tools.swift.compiler (in target 'IssueReportingPackageSupport' from project 'xctest-dynamic-overlay')
    cd /Users/xinyufang/Documents/Buzz/Buzz.xcodeproj
    builtin-Swift-Compilation -- /Applications/Xcode.app/Contents/Developer/Toolchains/XcodeDefault.xctoolchain/usr/bin/swiftc -module-name IssueReportingPackageSupport -Onone -enforce-exclusivity\=checked @/Users/xinyufang/Library/Developer/Xcode/DerivedData/Buzz-faillbpsmponqzeruhhvskovixzk/Build/Intermediates.noindex/xctest-dynamic-overlay.build/Debug-iphonesimulator/IssueReportingPackageSupport.build/Objects-normal/arm64/IssueReportingPackageSupport.SwiftFileList -DSWIFT_PACKAGE -DDEBUG -DSWIFT_MODULE_RESOURCE_BUNDLE_UNAVAILABLE -DXcode -plugin-path /Applications/Xcode.app/Contents/Developer/Toolchains/XcodeDefault.xctoolchain/usr/lib/swift/host/plugins/testing -enable-experimental-feature DebugDescriptionMacro -sdk /Applications/Xcode.app/Contents/Developer/Platforms/iPhoneSimulator.platform/Developer/SDKs/iPhoneSimulator26.0.sdk -target arm64-apple-ios13.0-simulator -g -module-cache-path /Users/xinyufang/Library/Developer/Xcode/DerivedData/ModuleCache.noindex -Xfrontend -serialize-debugging-options -enable-testing -suppress-warnings -index-store-path /Users/xinyufang/Library/Developer/Xcode/DerivedData/Buzz-faillbpsmponqzeruhhvskovixzk/Index.noindex/DataStore -Xcc -D_LIBCPP_HARDENING_MODE\=_LIBCPP_HARDENING_MODE_DEBUG -swift-version 6 -I /Users/xinyufang/Library/Developer/Xcode/DerivedData/Buzz-faillbpsmponqzeruhhvskovixzk/Build/Products/Debug-iphonesimulator -Isystem /Applications/Xcode.app/Contents/Developer/Platforms/iPhoneSimulator.platform/Developer/usr/lib -F /Users/xinyufang/Library/Developer/Xcode/DerivedData/Buzz-faillbpsmponqzeruhhvskovixzk/Build/Products/Debug-iphonesimulator -F /Applications/Xcode.app/Contents/Developer/Platforms/iPhoneSimulator.platform/Developer/Library/Frameworks -F /Applications/Xcode.app/Contents/Developer/Platforms/iPhoneSimulator.platform/Developer/SDKs/iPhoneSimulator26.0.sdk/Developer/Library/Frameworks -parse-as-library -c -j8 -enable-batch-mode -incremental -Xcc -ivfsstatcache -Xcc /Users/xinyufang/Library/Developer/Xcode/DerivedData/SDKStatCaches.noindex/iphonesimulator26.0-23A339-26257891a6c027eb51374368541b8346.sdkstatcache -output-file-map /Users/xinyufang/Library/Developer/Xcode/DerivedData/Buzz-faillbpsmponqzeruhhvskovixzk/Build/Intermediates.noindex/xctest-dynamic-overlay.build/Debug-iphonesimulator/IssueReportingPackageSupport.build/Objects-normal/arm64/IssueReportingPackageSupport-OutputFileMap.json -use-frontend-parseable-output -save-temps -no-color-diagnostics -explicit-module-build -module-cache-path /Users/xinyufang/Library/Developer/Xcode/DerivedData/Buzz-faillbpsmponqzeruhhvskovixzk/Build/Intermediates.noindex/SwiftExplicitPrecompiledModules -clang-scanner-module-cache-path /Users/xinyufang/Library/Developer/Xcode/DerivedData/ModuleCache.noindex -sdk-module-cache-path /Users/xinyufang/Library/Developer/Xcode/DerivedData/ModuleCache.noindex -serialize-diagnostics -emit-dependencies -emit-module -emit-module-path /Users/xinyufang/Library/Developer/Xcode/DerivedData/Buzz-faillbpsmponqzeruhhvskovixzk/Build/Intermediates.noindex/xctest-dynamic-overlay.build/Debug-iphonesimulator/IssueReportingPackageSupport.build/Objects-normal/arm64/IssueReportingPackageSupport.swiftmodule -user-module-version 1.7.0 -validate-clang-modules-once -clang-build-session-file /Users/xinyufang/Library/Developer/Xcode/DerivedData/ModuleCache.noindex/Session.modulevalidation -package-name xctest_dynamic_overlay -Xcc -I/Users/xinyufang/Library/Developer/Xcode/DerivedData/Buzz-faillbpsmponqzeruhhvskovixzk/Build/Intermediates.noindex/xctest-dynamic-overlay.build/Debug-iphonesimulator/IssueReportingPackageSupport.build/swift-overrides.hmap -emit-const-values -Xfrontend -const-gather-protocols-file -Xfrontend /Users/xinyufang/Library/Developer/Xcode/DerivedData/Buzz-faillbpsmponqzeruhhvskovixzk/Build/Intermediates.noindex/xctest-dynamic-overlay.build/Debug-iphonesimulator/IssueReportingPackageSupport.build/Objects-normal/arm64/IssueReportingPackageSupport_const_extract_protocols.json -Xcc -I/Users/xinyufang/Library/Developer/Xcode/DerivedData/Buzz-faillbpsmponqzeruhhvskovixzk/Build/Products/Debug-iphonesimulator/include -Xcc -I/Users/xinyufang/Library/Developer/Xcode/DerivedData/Buzz-faillbpsmponqzeruhhvskovixzk/Build/Intermediates.noindex/xctest-dynamic-overlay.build/Debug-iphonesimulator/IssueReportingPackageSupport.build/DerivedSources-normal/arm64 -Xcc -I/Users/xinyufang/Library/Developer/Xcode/DerivedData/Buzz-faillbpsmponqzeruhhvskovixzk/Build/Intermediates.noindex/xctest-dynamic-overlay.build/Debug-iphonesimulator/IssueReportingPackageSupport.build/DerivedSources/arm64 -Xcc -I/Users/xinyufang/Library/Developer/Xcode/DerivedData/Buzz-faillbpsmponqzeruhhvskovixzk/Build/Intermediates.noindex/xctest-dynamic-overlay.build/Debug-iphonesimulator/IssueReportingPackageSupport.build/DerivedSources -Xcc -DSWIFT_PACKAGE -Xcc -DDEBUG\=1 -emit-objc-header -emit-objc-header-path /Users/xinyufang/Library/Developer/Xcode/DerivedData/Buzz-faillbpsmponqzeruhhvskovixzk/Build/Intermediates.noindex/xctest-dynamic-overlay.build/Debug-iphonesimulator/IssueReportingPackageSupport.build/Objects-normal/arm64/IssueReportingPackageSupport-Swift.h -working-directory /Users/xinyufang/Documents/Buzz/Buzz.xcodeproj -experimental-emit-module-separately -disable-cmo

Ld /Users/xinyufang/Library/Developer/Xcode/DerivedData/Buzz-faillbpsmponqzeruhhvskovixzk/Build/Products/Debug-iphonesimulator/IssueReportingPackageSupport.o normal (in target 'IssueReportingPackageSupport' from project 'xctest-dynamic-overlay')
    cd /Users/xinyufang/Library/Developer/Xcode/DerivedData/Buzz-faillbpsmponqzeruhhvskovixzk/SourcePackages/checkouts/xctest-dynamic-overlay
    /Applications/Xcode.app/Contents/Developer/Toolchains/XcodeDefault.xctoolchain/usr/bin/clang -Xlinker -reproducible -target arm64-apple-ios13.0-simulator -r -isysroot /Applications/Xcode.app/Contents/Developer/Platforms/iPhoneSimulator.platform/Developer/SDKs/iPhoneSimulator26.0.sdk -O0 -w -L/Users/xinyufang/Library/Developer/Xcode/DerivedData/Buzz-faillbpsmponqzeruhhvskovixzk/Build/Intermediates.noindex/EagerLinkingTBDs/Debug-iphonesimulator -L/Users/xinyufang/Library/Developer/Xcode/DerivedData/Buzz-faillbpsmponqzeruhhvskovixzk/Build/Products/Debug-iphonesimulator -L/Applications/Xcode.app/Contents/Developer/Platforms/iPhoneSimulator.platform/Developer/usr/lib -F/Users/xinyufang/Library/Developer/Xcode/DerivedData/Buzz-faillbpsmponqzeruhhvskovixzk/Build/Intermediates.noindex/EagerLinkingTBDs/Debug-iphonesimulator -F/Users/xinyufang/Library/Developer/Xcode/DerivedData/Buzz-faillbpsmponqzeruhhvskovixzk/Build/Products/Debug-iphonesimulator -iframework /Applications/Xcode.app/Contents/Developer/Platforms/iPhoneSimulator.platform/Developer/Library/Frameworks -iframework /Applications/Xcode.app/Contents/Developer/Platforms/iPhoneSimulator.platform/Developer/SDKs/iPhoneSimulator26.0.sdk/Developer/Library/Frameworks -filelist /Users/xinyufang/Library/Developer/Xcode/DerivedData/Buzz-faillbpsmponqzeruhhvskovixzk/Build/Intermediates.noindex/xctest-dynamic-overlay.build/Debug-iphonesimulator/IssueReportingPackageSupport.build/Objects-normal/arm64/IssueReportingPackageSupport.LinkFileList -nostdlib -Xlinker -object_path_lto -Xlinker /Users/xinyufang/Library/Developer/Xcode/DerivedData/Buzz-faillbpsmponqzeruhhvskovixzk/Build/Intermediates.noindex/xctest-dynamic-overlay.build/Debug-iphonesimulator/IssueReportingPackageSupport.build/Objects-normal/arm64/IssueReportingPackageSupport_lto.o -rdynamic -Xlinker -no_deduplicate -Xlinker -objc_abi_version -Xlinker 2 -Xlinker -dependency_info -Xlinker /Users/xinyufang/Library/Developer/Xcode/DerivedData/Buzz-faillbpsmponqzeruhhvskovixzk/Build/Intermediates.noindex/xctest-dynamic-overlay.build/Debug-iphonesimulator/IssueReportingPackageSupport.build/Objects-normal/arm64/IssueReportingPackageSupport_dependency_info.dat -fobjc-link-runtime -L/Applications/Xcode.app/Contents/Developer/Toolchains/XcodeDefault.xctoolchain/usr/lib/swift/iphonesimulator -L/usr/lib/swift -Xlinker -add_ast_path -Xlinker /Users/xinyufang/Library/Developer/Xcode/DerivedData/Buzz-faillbpsmponqzeruhhvskovixzk/Build/Intermediates.noindex/xctest-dynamic-overlay.build/Debug-iphonesimulator/IssueReportingPackageSupport.build/Objects-normal/arm64/IssueReportingPackageSupport.swiftmodule @/Users/xinyufang/Library/Developer/Xcode/DerivedData/Buzz-faillbpsmponqzeruhhvskovixzk/Build/Intermediates.noindex/xctest-dynamic-overlay.build/Debug-iphonesimulator/IssueReportingPackageSupport.build/Objects-normal/arm64/IssueReportingPackageSupport-linker-args.resp -o /Users/xinyufang/Library/Developer/Xcode/DerivedData/Buzz-faillbpsmponqzeruhhvskovixzk/Build/Products/Debug-iphonesimulator/IssueReportingPackageSupport.o

SwiftDriverJobDiscovery normal arm64 Compiling CVPixelBuffer+StripeCameraCore.swift, UIDeviceOrientation+StripeCameraCore.swift (in target 'StripeCameraCore' from project 'Stripe')

CpResource /Users/xinyufang/Library/Developer/Xcode/DerivedData/Buzz-faillbpsmponqzeruhhvskovixzk/Build/Products/Debug-iphonesimulator/GoogleUtilities_GoogleUtilities-UserDefaults.bundle/PrivacyInfo.xcprivacy /Users/xinyufang/Library/Developer/Xcode/DerivedData/Buzz-faillbpsmponqzeruhhvskovixzk/SourcePackages/checkouts/GoogleUtilities/GoogleUtilities/UserDefaults/Resources/PrivacyInfo.xcprivacy (in target 'GoogleUtilities_GoogleUtilities-UserDefaults' from project 'GoogleUtilities')
    cd /Users/xinyufang/Library/Developer/Xcode/DerivedData/Buzz-faillbpsmponqzeruhhvskovixzk/SourcePackages/checkouts/GoogleUtilities
    builtin-copy -exclude .DS_Store -exclude CVS -exclude .svn -exclude .git -exclude .hg -resolve-src-symlinks /Users/xinyufang/Library/Developer/Xcode/DerivedData/Buzz-faillbpsmponqzeruhhvskovixzk/SourcePackages/checkouts/GoogleUtilities/GoogleUtilities/UserDefaults/Resources/PrivacyInfo.xcprivacy /Users/xinyufang/Library/Developer/Xcode/DerivedData/Buzz-faillbpsmponqzeruhhvskovixzk/Build/Products/Debug-iphonesimulator/GoogleUtilities_GoogleUtilities-UserDefaults.bundle

ProcessInfoPlistFile /Users/xinyufang/Library/Developer/Xcode/DerivedData/Buzz-faillbpsmponqzeruhhvskovixzk/Build/Products/Debug-iphonesimulator/GoogleUtilities_GoogleUtilities-UserDefaults.bundle/Info.plist /Users/xinyufang/Library/Developer/Xcode/DerivedData/Buzz-faillbpsmponqzeruhhvskovixzk/Build/Intermediates.noindex/GoogleUtilities.build/Debug-iphonesimulator/GoogleUtilities_GoogleUtilities-UserDefaults.build/empty-GoogleUtilities_GoogleUtilities-UserDefaults.plist (in target 'GoogleUtilities_GoogleUtilities-UserDefaults' from project 'GoogleUtilities')
    cd /Users/xinyufang/Library/Developer/Xcode/DerivedData/Buzz-faillbpsmponqzeruhhvskovixzk/SourcePackages/checkouts/GoogleUtilities
    builtin-infoPlistUtility /Users/xinyufang/Library/Developer/Xcode/DerivedData/Buzz-faillbpsmponqzeruhhvskovixzk/Build/Intermediates.noindex/GoogleUtilities.build/Debug-iphonesimulator/GoogleUtilities_GoogleUtilities-UserDefaults.build/empty-GoogleUtilities_GoogleUtilities-UserDefaults.plist -producttype com.apple.product-type.bundle -expandbuildsettings -format binary -platform iphonesimulator -o /Users/xinyufang/Library/Developer/Xcode/DerivedData/Buzz-faillbpsmponqzeruhhvskovixzk/Build/Products/Debug-iphonesimulator/GoogleUtilities_GoogleUtilities-UserDefaults.bundle/Info.plist

SwiftDriver StripeApplePay normal arm64 com.apple.xcode.tools.swift.compiler (in target 'StripeApplePay' from project 'Stripe')
    cd /Users/xinyufang/Documents/Buzz/Buzz.xcodeproj
    builtin-SwiftDriver -- /Applications/Xcode.app/Contents/Developer/Toolchains/XcodeDefault.xctoolchain/usr/bin/swiftc -module-name StripeApplePay -Onone -enforce-exclusivity\=checked @/Users/xinyufang/Library/Developer/Xcode/DerivedData/Buzz-faillbpsmponqzeruhhvskovixzk/Build/Intermediates.noindex/Stripe.build/Debug-iphonesimulator/StripeApplePay.build/Objects-normal/arm64/StripeApplePay.SwiftFileList -DSWIFT_PACKAGE -DDEBUG -DSWIFT_MODULE_RESOURCE_BUNDLE_UNAVAILABLE -DXcode -plugin-path /Applications/Xcode.app/Contents/Developer/Toolchains/XcodeDefault.xctoolchain/usr/lib/swift/host/plugins/testing -enable-experimental-feature DebugDescriptionMacro -sdk /Applications/Xcode.app/Contents/Developer/Platforms/iPhoneSimulator.platform/Developer/SDKs/iPhoneSimulator26.0.sdk -target arm64-apple-ios13.0-simulator -g -module-cache-path /Users/xinyufang/Library/Developer/Xcode/DerivedData/ModuleCache.noindex -Xfrontend -serialize-debugging-options -enable-testing -suppress-warnings -index-store-path /Users/xinyufang/Library/Developer/Xcode/DerivedData/Buzz-faillbpsmponqzeruhhvskovixzk/Index.noindex/DataStore -Xcc -D_LIBCPP_HARDENING_MODE\=_LIBCPP_HARDENING_MODE_DEBUG -swift-version 5 -I /Users/xinyufang/Library/Developer/Xcode/DerivedData/Buzz-faillbpsmponqzeruhhvskovixzk/Build/Products/Debug-iphonesimulator -Isystem /Applications/Xcode.app/Contents/Developer/Platforms/iPhoneSimulator.platform/Developer/usr/lib -F /Users/xinyufang/Library/Developer/Xcode/DerivedData/Buzz-faillbpsmponqzeruhhvskovixzk/Build/Products/Debug-iphonesimulator/PackageFrameworks -F /Users/xinyufang/Library/Developer/Xcode/DerivedData/Buzz-faillbpsmponqzeruhhvskovixzk/Build/Products/Debug-iphonesimulator -F /Applications/Xcode.app/Contents/Developer/Platforms/iPhoneSimulator.platform/Developer/Library/Frameworks -F /Applications/Xcode.app/Contents/Developer/Platforms/iPhoneSimulator.platform/Developer/SDKs/iPhoneSimulator26.0.sdk/Developer/Library/Frameworks -emit-localized-strings -emit-localized-strings-path /Users/xinyufang/Library/Developer/Xcode/DerivedData/Buzz-faillbpsmponqzeruhhvskovixzk/Build/Intermediates.noindex/Stripe.build/Debug-iphonesimulator/StripeApplePay.build/Objects-normal/arm64 -c -j8 -enable-batch-mode -incremental -Xcc -ivfsstatcache -Xcc /Users/xinyufang/Library/Developer/Xcode/DerivedData/SDKStatCaches.noindex/iphonesimulator26.0-23A339-26257891a6c027eb51374368541b8346.sdkstatcache -output-file-map /Users/xinyufang/Library/Developer/Xcode/DerivedData/Buzz-faillbpsmponqzeruhhvskovixzk/Build/Intermediates.noindex/Stripe.build/Debug-iphonesimulator/StripeApplePay.build/Objects-normal/arm64/StripeApplePay-OutputFileMap.json -use-frontend-parseable-output -save-temps -no-color-diagnostics -explicit-module-build -module-cache-path /Users/xinyufang/Library/Developer/Xcode/DerivedData/Buzz-faillbpsmponqzeruhhvskovixzk/Build/Intermediates.noindex/SwiftExplicitPrecompiledModules -clang-scanner-module-cache-path /Users/xinyufang/Library/Developer/Xcode/DerivedData/ModuleCache.noindex -sdk-module-cache-path /Users/xinyufang/Library/Developer/Xcode/DerivedData/ModuleCache.noindex -serialize-diagnostics -emit-dependencies -emit-module -emit-module-path /Users/xinyufang/Library/Developer/Xcode/DerivedData/Buzz-faillbpsmponqzeruhhvskovixzk/Build/Intermediates.noindex/Stripe.build/Debug-iphonesimulator/StripeApplePay.build/Objects-normal/arm64/StripeApplePay.swiftmodule -validate-clang-modules-once -clang-build-session-file /Users/xinyufang/Library/Developer/Xcode/DerivedData/ModuleCache.noindex/Session.modulevalidation -Xcc -I/Users/xinyufang/Library/Developer/Xcode/DerivedData/Buzz-faillbpsmponqzeruhhvskovixzk/Build/Intermediates.noindex/Stripe.build/Debug-iphonesimulator/StripeApplePay.build/swift-overrides.hmap -emit-const-values -Xfrontend -const-gather-protocols-file -Xfrontend /Users/xinyufang/Library/Developer/Xcode/DerivedData/Buzz-faillbpsmponqzeruhhvskovixzk/Build/Intermediates.noindex/Stripe.build/Debug-iphonesimulator/StripeApplePay.build/Objects-normal/arm64/StripeApplePay_const_extract_protocols.json -Xcc -I/Users/xinyufang/Library/Developer/Xcode/DerivedData/Buzz-faillbpsmponqzeruhhvskovixzk/Build/Products/Debug-iphonesimulator/include -Xcc -I/Users/xinyufang/Library/Developer/Xcode/DerivedData/Buzz-faillbpsmponqzeruhhvskovixzk/Build/Intermediates.noindex/Stripe.build/Debug-iphonesimulator/StripeApplePay.build/DerivedSources-normal/arm64 -Xcc -I/Users/xinyufang/Library/Developer/Xcode/DerivedData/Buzz-faillbpsmponqzeruhhvskovixzk/Build/Intermediates.noindex/Stripe.build/Debug-iphonesimulator/StripeApplePay.build/DerivedSources/arm64 -Xcc -I/Users/xinyufang/Library/Developer/Xcode/DerivedData/Buzz-faillbpsmponqzeruhhvskovixzk/Build/Intermediates.noindex/Stripe.build/Debug-iphonesimulator/StripeApplePay.build/DerivedSources -Xcc -DSWIFT_PACKAGE -Xcc -DDEBUG\=1 -emit-objc-header -emit-objc-header-path /Users/xinyufang/Library/Developer/Xcode/DerivedData/Buzz-faillbpsmponqzeruhhvskovixzk/Build/Intermediates.noindex/Stripe.build/Debug-iphonesimulator/StripeApplePay.build/Objects-normal/arm64/StripeApplePay-Swift.h -working-directory /Users/xinyufang/Documents/Buzz/Buzz.xcodeproj -experimental-emit-module-separately -disable-cmo

SwiftDriver HTTPTypes normal arm64 com.apple.xcode.tools.swift.compiler (in target 'HTTPTypes' from project 'swift-http-types')
    cd /Users/xinyufang/Documents/Buzz/Buzz.xcodeproj
    builtin-SwiftDriver -- /Applications/Xcode.app/Contents/Developer/Toolchains/XcodeDefault.xctoolchain/usr/bin/swiftc -module-name HTTPTypes -Onone -enforce-exclusivity\=checked @/Users/xinyufang/Library/Developer/Xcode/DerivedData/Buzz-faillbpsmponqzeruhhvskovixzk/Build/Intermediates.noindex/swift-http-types.build/Debug-iphonesimulator/HTTPTypes.build/Objects-normal/arm64/HTTPTypes.SwiftFileList -DSWIFT_PACKAGE -DDEBUG -DSWIFT_MODULE_RESOURCE_BUNDLE_UNAVAILABLE -DXcode -enable-experimental-feature StrictConcurrency\=complete -enable-upcoming-feature MemberImportVisibility -plugin-path /Applications/Xcode.app/Contents/Developer/Toolchains/XcodeDefault.xctoolchain/usr/lib/swift/host/plugins/testing -enable-experimental-feature DebugDescriptionMacro -sdk /Applications/Xcode.app/Contents/Developer/Platforms/iPhoneSimulator.platform/Developer/SDKs/iPhoneSimulator26.0.sdk -target arm64-apple-ios12.0-simulator -g -module-cache-path /Users/xinyufang/Library/Developer/Xcode/DerivedData/ModuleCache.noindex -Xfrontend -serialize-debugging-options -enable-testing -suppress-warnings -index-store-path /Users/xinyufang/Library/Developer/Xcode/DerivedData/Buzz-faillbpsmponqzeruhhvskovixzk/Index.noindex/DataStore -Xcc -D_LIBCPP_HARDENING_MODE\=_LIBCPP_HARDENING_MODE_DEBUG -swift-version 5 -I /Users/xinyufang/Library/Developer/Xcode/DerivedData/Buzz-faillbpsmponqzeruhhvskovixzk/Build/Products/Debug-iphonesimulator -Isystem /Applications/Xcode.app/Contents/Developer/Platforms/iPhoneSimulator.platform/Developer/usr/lib -F /Users/xinyufang/Library/Developer/Xcode/DerivedData/Buzz-faillbpsmponqzeruhhvskovixzk/Build/Products/Debug-iphonesimulator -F /Applications/Xcode.app/Contents/Developer/Platforms/iPhoneSimulator.platform/Developer/Library/Frameworks -F /Applications/Xcode.app/Contents/Developer/Platforms/iPhoneSimulator.platform/Developer/SDKs/iPhoneSimulator26.0.sdk/Developer/Library/Frameworks -c -j8 -enable-batch-mode -incremental -Xcc -ivfsstatcache -Xcc /Users/xinyufang/Library/Developer/Xcode/DerivedData/SDKStatCaches.noindex/iphonesimulator26.0-23A339-26257891a6c027eb51374368541b8346.sdkstatcache -output-file-map /Users/xinyufang/Library/Developer/Xcode/DerivedData/Buzz-faillbpsmponqzeruhhvskovixzk/Build/Intermediates.noindex/swift-http-types.build/Debug-iphonesimulator/HTTPTypes.build/Objects-normal/arm64/HTTPTypes-OutputFileMap.json -use-frontend-parseable-output -save-temps -no-color-diagnostics -explicit-module-build -module-cache-path /Users/xinyufang/Library/Developer/Xcode/DerivedData/Buzz-faillbpsmponqzeruhhvskovixzk/Build/Intermediates.noindex/SwiftExplicitPrecompiledModules -clang-scanner-module-cache-path /Users/xinyufang/Library/Developer/Xcode/DerivedData/ModuleCache.noindex -sdk-module-cache-path /Users/xinyufang/Library/Developer/Xcode/DerivedData/ModuleCache.noindex -serialize-diagnostics -emit-dependencies -emit-module -emit-module-path /Users/xinyufang/Library/Developer/Xcode/DerivedData/Buzz-faillbpsmponqzeruhhvskovixzk/Build/Intermediates.noindex/swift-http-types.build/Debug-iphonesimulator/HTTPTypes.build/Objects-normal/arm64/HTTPTypes.swiftmodule -validate-clang-modules-once -clang-build-session-file /Users/xinyufang/Library/Developer/Xcode/DerivedData/ModuleCache.noindex/Session.modulevalidation -package-name swift_http_types -Xcc -I/Users/xinyufang/Library/Developer/Xcode/DerivedData/Buzz-faillbpsmponqzeruhhvskovixzk/Build/Intermediates.noindex/swift-http-types.build/Debug-iphonesimulator/HTTPTypes.build/swift-overrides.hmap -emit-const-values -Xfrontend -const-gather-protocols-file -Xfrontend /Users/xinyufang/Library/Developer/Xcode/DerivedData/Buzz-faillbpsmponqzeruhhvskovixzk/Build/Intermediates.noindex/swift-http-types.build/Debug-iphonesimulator/HTTPTypes.build/Objects-normal/arm64/HTTPTypes_const_extract_protocols.json -Xcc -I/Users/xinyufang/Library/Developer/Xcode/DerivedData/Buzz-faillbpsmponqzeruhhvskovixzk/Build/Products/Debug-iphonesimulator/include -Xcc -I/Users/xinyufang/Library/Developer/Xcode/DerivedData/Buzz-faillbpsmponqzeruhhvskovixzk/Build/Intermediates.noindex/swift-http-types.build/Debug-iphonesimulator/HTTPTypes.build/DerivedSources-normal/arm64 -Xcc -I/Users/xinyufang/Library/Developer/Xcode/DerivedData/Buzz-faillbpsmponqzeruhhvskovixzk/Build/Intermediates.noindex/swift-http-types.build/Debug-iphonesimulator/HTTPTypes.build/DerivedSources/arm64 -Xcc -I/Users/xinyufang/Library/Developer/Xcode/DerivedData/Buzz-faillbpsmponqzeruhhvskovixzk/Build/Intermediates.noindex/swift-http-types.build/Debug-iphonesimulator/HTTPTypes.build/DerivedSources -Xcc -DSWIFT_PACKAGE -Xcc -DDEBUG\=1 -emit-objc-header -emit-objc-header-path /Users/xinyufang/Library/Developer/Xcode/DerivedData/Buzz-faillbpsmponqzeruhhvskovixzk/Build/Intermediates.noindex/swift-http-types.build/Debug-iphonesimulator/HTTPTypes.build/Objects-normal/arm64/HTTPTypes-Swift.h -working-directory /Users/xinyufang/Documents/Buzz/Buzz.xcodeproj -experimental-emit-module-separately -disable-cmo

SwiftDriverJobDiscovery normal arm64 Compiling CameraPermissionsManager.swift (in target 'StripeCameraCore' from project 'Stripe')

ExtractAppIntentsMetadata (in target 'IssueReportingPackageSupport' from project 'xctest-dynamic-overlay')
    cd /Users/xinyufang/Library/Developer/Xcode/DerivedData/Buzz-faillbpsmponqzeruhhvskovixzk/SourcePackages/checkouts/xctest-dynamic-overlay
    /Applications/Xcode.app/Contents/Developer/Toolchains/XcodeDefault.xctoolchain/usr/bin/appintentsmetadataprocessor --toolchain-dir /Applications/Xcode.app/Contents/Developer/Toolchains/XcodeDefault.xctoolchain --module-name IssueReportingPackageSupport --sdk-root /Applications/Xcode.app/Contents/Developer/Platforms/iPhoneSimulator.platform/Developer/SDKs/iPhoneSimulator26.0.sdk --xcode-version 17A400 --platform-family iOS --deployment-target 13.0 --bundle-identifier xctest-dynamic-overlay.IssueReportingPackageSupport --output /Users/xinyufang/Library/Developer/Xcode/DerivedData/Buzz-faillbpsmponqzeruhhvskovixzk/Build/Products/Debug-iphonesimulator/IssueReportingPackageSupport.appintents --target-triple arm64-apple-ios13.0-simulator --binary-file /Users/xinyufang/Library/Developer/Xcode/DerivedData/Buzz-faillbpsmponqzeruhhvskovixzk/Build/Products/Debug-iphonesimulator/IssueReportingPackageSupport.o --dependency-file /Users/xinyufang/Library/Developer/Xcode/DerivedData/Buzz-faillbpsmponqzeruhhvskovixzk/Build/Intermediates.noindex/xctest-dynamic-overlay.build/Debug-iphonesimulator/IssueReportingPackageSupport.build/Objects-normal/arm64/IssueReportingPackageSupport_dependency_info.dat --stringsdata-file /Users/xinyufang/Library/Developer/Xcode/DerivedData/Buzz-faillbpsmponqzeruhhvskovixzk/Build/Intermediates.noindex/xctest-dynamic-overlay.build/Debug-iphonesimulator/IssueReportingPackageSupport.build/Objects-normal/arm64/ExtractedAppShortcutsMetadata.stringsdata --source-file-list /Users/xinyufang/Library/Developer/Xcode/DerivedData/Buzz-faillbpsmponqzeruhhvskovixzk/Build/Intermediates.noindex/xctest-dynamic-overlay.build/Debug-iphonesimulator/IssueReportingPackageSupport.build/Objects-normal/arm64/IssueReportingPackageSupport.SwiftFileList --metadata-file-list /Users/xinyufang/Library/Developer/Xcode/DerivedData/Buzz-faillbpsmponqzeruhhvskovixzk/Build/Intermediates.noindex/xctest-dynamic-overlay.build/Debug-iphonesimulator/IssueReportingPackageSupport.build/IssueReportingPackageSupport.DependencyMetadataFileList --static-metadata-file-list /Users/xinyufang/Library/Developer/Xcode/DerivedData/Buzz-faillbpsmponqzeruhhvskovixzk/Build/Intermediates.noindex/xctest-dynamic-overlay.build/Debug-iphonesimulator/IssueReportingPackageSupport.build/IssueReportingPackageSupport.DependencyStaticMetadataFileList --swift-const-vals-list /Users/xinyufang/Library/Developer/Xcode/DerivedData/Buzz-faillbpsmponqzeruhhvskovixzk/Build/Intermediates.noindex/xctest-dynamic-overlay.build/Debug-iphonesimulator/IssueReportingPackageSupport.build/Objects-normal/arm64/IssueReportingPackageSupport.SwiftConstValuesFileList --force --compile-time-extraction --deployment-aware-processing --validate-assistant-intents --no-app-shortcuts-localization
2025-11-16 01:11:56.699 appintentsmetadataprocessor[63972:26420213] Starting appintentsmetadataprocessor export
2025-11-16 01:11:56.881 appintentsmetadataprocessor[63972:26420213] Extracted no relevant App Intents symbols, skipping writing output

SwiftDriverJobDiscovery normal arm64 Compiling FrameData.swift, EndToEndTestDataSource.swift, STPLocalizedString.swift, String+Localized.swift, PaymentCard.swift, SimpleScanViewController+Verify.swift, StripeCardScanBundleLocator.swift, UxAnalyzer.swift, UxAndOcrMainLoop.swift, VerifyCardAddViewController.swift, VerifyCardViewController.swift, ZoomedInCGImage.swift (in target 'StripeCardScan' from project 'Stripe')

SwiftDriverJobDiscovery normal arm64 Compiling MockSimulatorCameraSession.swift (in target 'StripeCameraCore' from project 'Stripe')

SwiftDriver\ Compilation StripeCameraCore normal arm64 com.apple.xcode.tools.swift.compiler (in target 'StripeCameraCore' from project 'Stripe')
    cd /Users/xinyufang/Documents/Buzz/Buzz.xcodeproj
    builtin-Swift-Compilation -- /Applications/Xcode.app/Contents/Developer/Toolchains/XcodeDefault.xctoolchain/usr/bin/swiftc -module-name StripeCameraCore -Onone -enforce-exclusivity\=checked @/Users/xinyufang/Library/Developer/Xcode/DerivedData/Buzz-faillbpsmponqzeruhhvskovixzk/Build/Intermediates.noindex/Stripe.build/Debug-iphonesimulator/StripeCameraCore.build/Objects-normal/arm64/StripeCameraCore.SwiftFileList -DSWIFT_PACKAGE -DDEBUG -DSWIFT_MODULE_RESOURCE_BUNDLE_UNAVAILABLE -DXcode -plugin-path /Applications/Xcode.app/Contents/Developer/Toolchains/XcodeDefault.xctoolchain/usr/lib/swift/host/plugins/testing -enable-experimental-feature DebugDescriptionMacro -sdk /Applications/Xcode.app/Contents/Developer/Platforms/iPhoneSimulator.platform/Developer/SDKs/iPhoneSimulator26.0.sdk -target arm64-apple-ios13.0-simulator -g -module-cache-path /Users/xinyufang/Library/Developer/Xcode/DerivedData/ModuleCache.noindex -Xfrontend -serialize-debugging-options -enable-testing -suppress-warnings -index-store-path /Users/xinyufang/Library/Developer/Xcode/DerivedData/Buzz-faillbpsmponqzeruhhvskovixzk/Index.noindex/DataStore -Xcc -D_LIBCPP_HARDENING_MODE\=_LIBCPP_HARDENING_MODE_DEBUG -swift-version 5 -I /Users/xinyufang/Library/Developer/Xcode/DerivedData/Buzz-faillbpsmponqzeruhhvskovixzk/Build/Products/Debug-iphonesimulator -Isystem /Applications/Xcode.app/Contents/Developer/Platforms/iPhoneSimulator.platform/Developer/usr/lib -F /Users/xinyufang/Library/Developer/Xcode/DerivedData/Buzz-faillbpsmponqzeruhhvskovixzk/Build/Products/Debug-iphonesimulator/PackageFrameworks -F /Users/xinyufang/Library/Developer/Xcode/DerivedData/Buzz-faillbpsmponqzeruhhvskovixzk/Build/Products/Debug-iphonesimulator -F /Applications/Xcode.app/Contents/Developer/Platforms/iPhoneSimulator.platform/Developer/Library/Frameworks -F /Applications/Xcode.app/Contents/Developer/Platforms/iPhoneSimulator.platform/Developer/SDKs/iPhoneSimulator26.0.sdk/Developer/Library/Frameworks -emit-localized-strings -emit-localized-strings-path /Users/xinyufang/Library/Developer/Xcode/DerivedData/Buzz-faillbpsmponqzeruhhvskovixzk/Build/Intermediates.noindex/Stripe.build/Debug-iphonesimulator/StripeCameraCore.build/Objects-normal/arm64 -c -j8 -enable-batch-mode -incremental -Xcc -ivfsstatcache -Xcc /Users/xinyufang/Library/Developer/Xcode/DerivedData/SDKStatCaches.noindex/iphonesimulator26.0-23A339-26257891a6c027eb51374368541b8346.sdkstatcache -output-file-map /Users/xinyufang/Library/Developer/Xcode/DerivedData/Buzz-faillbpsmponqzeruhhvskovixzk/Build/Intermediates.noindex/Stripe.build/Debug-iphonesimulator/StripeCameraCore.build/Objects-normal/arm64/StripeCameraCore-OutputFileMap.json -use-frontend-parseable-output -save-temps -no-color-diagnostics -explicit-module-build -module-cache-path /Users/xinyufang/Library/Developer/Xcode/DerivedData/Buzz-faillbpsmponqzeruhhvskovixzk/Build/Intermediates.noindex/SwiftExplicitPrecompiledModules -clang-scanner-module-cache-path /Users/xinyufang/Library/Developer/Xcode/DerivedData/ModuleCache.noindex -sdk-module-cache-path /Users/xinyufang/Library/Developer/Xcode/DerivedData/ModuleCache.noindex -serialize-diagnostics -emit-dependencies -emit-module -emit-module-path /Users/xinyufang/Library/Developer/Xcode/DerivedData/Buzz-faillbpsmponqzeruhhvskovixzk/Build/Intermediates.noindex/Stripe.build/Debug-iphonesimulator/StripeCameraCore.build/Objects-normal/arm64/StripeCameraCore.swiftmodule -validate-clang-modules-once -clang-build-session-file /Users/xinyufang/Library/Developer/Xcode/DerivedData/ModuleCache.noindex/Session.modulevalidation -Xcc -I/Users/xinyufang/Library/Developer/Xcode/DerivedData/Buzz-faillbpsmponqzeruhhvskovixzk/Build/Intermediates.noindex/Stripe.build/Debug-iphonesimulator/StripeCameraCore.build/swift-overrides.hmap -emit-const-values -Xfrontend -const-gather-protocols-file -Xfrontend /Users/xinyufang/Library/Developer/Xcode/DerivedData/Buzz-faillbpsmponqzeruhhvskovixzk/Build/Intermediates.noindex/Stripe.build/Debug-iphonesimulator/StripeCameraCore.build/Objects-normal/arm64/StripeCameraCore_const_extract_protocols.json -Xcc -I/Users/xinyufang/Library/Developer/Xcode/DerivedData/Buzz-faillbpsmponqzeruhhvskovixzk/Build/Products/Debug-iphonesimulator/include -Xcc -I/Users/xinyufang/Library/Developer/Xcode/DerivedData/Buzz-faillbpsmponqzeruhhvskovixzk/Build/Intermediates.noindex/Stripe.build/Debug-iphonesimulator/StripeCameraCore.build/DerivedSources-normal/arm64 -Xcc -I/Users/xinyufang/Library/Developer/Xcode/DerivedData/Buzz-faillbpsmponqzeruhhvskovixzk/Build/Intermediates.noindex/Stripe.build/Debug-iphonesimulator/StripeCameraCore.build/DerivedSources/arm64 -Xcc -I/Users/xinyufang/Library/Developer/Xcode/DerivedData/Buzz-faillbpsmponqzeruhhvskovixzk/Build/Intermediates.noindex/Stripe.build/Debug-iphonesimulator/StripeCameraCore.build/DerivedSources -Xcc -DSWIFT_PACKAGE -Xcc -DDEBUG\=1 -emit-objc-header -emit-objc-header-path /Users/xinyufang/Library/Developer/Xcode/DerivedData/Buzz-faillbpsmponqzeruhhvskovixzk/Build/Intermediates.noindex/Stripe.build/Debug-iphonesimulator/StripeCameraCore.build/Objects-normal/arm64/StripeCameraCore-Swift.h -working-directory /Users/xinyufang/Documents/Buzz/Buzz.xcodeproj -experimental-emit-module-separately -disable-cmo

ProcessInfoPlistFile /Users/xinyufang/Library/Developer/Xcode/DerivedData/Buzz-faillbpsmponqzeruhhvskovixzk/Build/Products/Debug-iphonesimulator/GoogleUtilities_GoogleUtilities-Logger.bundle/Info.plist /Users/xinyufang/Library/Developer/Xcode/DerivedData/Buzz-faillbpsmponqzeruhhvskovixzk/Build/Intermediates.noindex/GoogleUtilities.build/Debug-iphonesimulator/GoogleUtilities_GoogleUtilities-Logger.build/empty-GoogleUtilities_GoogleUtilities-Logger.plist (in target 'GoogleUtilities_GoogleUtilities-Logger' from project 'GoogleUtilities')
    cd /Users/xinyufang/Library/Developer/Xcode/DerivedData/Buzz-faillbpsmponqzeruhhvskovixzk/SourcePackages/checkouts/GoogleUtilities
    builtin-infoPlistUtility /Users/xinyufang/Library/Developer/Xcode/DerivedData/Buzz-faillbpsmponqzeruhhvskovixzk/Build/Intermediates.noindex/GoogleUtilities.build/Debug-iphonesimulator/GoogleUtilities_GoogleUtilities-Logger.build/empty-GoogleUtilities_GoogleUtilities-Logger.plist -producttype com.apple.product-type.bundle -expandbuildsettings -format binary -platform iphonesimulator -o /Users/xinyufang/Library/Developer/Xcode/DerivedData/Buzz-faillbpsmponqzeruhhvskovixzk/Build/Products/Debug-iphonesimulator/GoogleUtilities_GoogleUtilities-Logger.bundle/Info.plist

CpResource /Users/xinyufang/Library/Developer/Xcode/DerivedData/Buzz-faillbpsmponqzeruhhvskovixzk/Build/Products/Debug-iphonesimulator/GoogleUtilities_GoogleUtilities-Logger.bundle/PrivacyInfo.xcprivacy /Users/xinyufang/Library/Developer/Xcode/DerivedData/Buzz-faillbpsmponqzeruhhvskovixzk/SourcePackages/checkouts/GoogleUtilities/GoogleUtilities/Logger/Resources/PrivacyInfo.xcprivacy (in target 'GoogleUtilities_GoogleUtilities-Logger' from project 'GoogleUtilities')
    cd /Users/xinyufang/Library/Developer/Xcode/DerivedData/Buzz-faillbpsmponqzeruhhvskovixzk/SourcePackages/checkouts/GoogleUtilities
    builtin-copy -exclude .DS_Store -exclude CVS -exclude .svn -exclude .git -exclude .hg -resolve-src-symlinks /Users/xinyufang/Library/Developer/Xcode/DerivedData/Buzz-faillbpsmponqzeruhhvskovixzk/SourcePackages/checkouts/GoogleUtilities/GoogleUtilities/Logger/Resources/PrivacyInfo.xcprivacy /Users/xinyufang/Library/Developer/Xcode/DerivedData/Buzz-faillbpsmponqzeruhhvskovixzk/Build/Products/Debug-iphonesimulator/GoogleUtilities_GoogleUtilities-Logger.bundle

ProcessInfoPlistFile /Users/xinyufang/Library/Developer/Xcode/DerivedData/Buzz-faillbpsmponqzeruhhvskovixzk/Build/Products/Debug-iphonesimulator/GoogleUtilities_GoogleUtilities-Environment.bundle/Info.plist /Users/xinyufang/Library/Developer/Xcode/DerivedData/Buzz-faillbpsmponqzeruhhvskovixzk/Build/Intermediates.noindex/GoogleUtilities.build/Debug-iphonesimulator/GoogleUtilities_GoogleUtilities-Environment.build/empty-GoogleUtilities_GoogleUtilities-Environment.plist (in target 'GoogleUtilities_GoogleUtilities-Environment' from project 'GoogleUtilities')
    cd /Users/xinyufang/Library/Developer/Xcode/DerivedData/Buzz-faillbpsmponqzeruhhvskovixzk/SourcePackages/checkouts/GoogleUtilities
    builtin-infoPlistUtility /Users/xinyufang/Library/Developer/Xcode/DerivedData/Buzz-faillbpsmponqzeruhhvskovixzk/Build/Intermediates.noindex/GoogleUtilities.build/Debug-iphonesimulator/GoogleUtilities_GoogleUtilities-Environment.build/empty-GoogleUtilities_GoogleUtilities-Environment.plist -producttype com.apple.product-type.bundle -expandbuildsettings -format binary -platform iphonesimulator -o /Users/xinyufang/Library/Developer/Xcode/DerivedData/Buzz-faillbpsmponqzeruhhvskovixzk/Build/Products/Debug-iphonesimulator/GoogleUtilities_GoogleUtilities-Environment.bundle/Info.plist

CpResource /Users/xinyufang/Library/Developer/Xcode/DerivedData/Buzz-faillbpsmponqzeruhhvskovixzk/Build/Products/Debug-iphonesimulator/GoogleUtilities_GoogleUtilities-Environment.bundle/PrivacyInfo.xcprivacy /Users/xinyufang/Library/Developer/Xcode/DerivedData/Buzz-faillbpsmponqzeruhhvskovixzk/SourcePackages/checkouts/GoogleUtilities/GoogleUtilities/Environment/Resources/PrivacyInfo.xcprivacy (in target 'GoogleUtilities_GoogleUtilities-Environment' from project 'GoogleUtilities')
    cd /Users/xinyufang/Library/Developer/Xcode/DerivedData/Buzz-faillbpsmponqzeruhhvskovixzk/SourcePackages/checkouts/GoogleUtilities
    builtin-copy -exclude .DS_Store -exclude CVS -exclude .svn -exclude .git -exclude .hg -resolve-src-symlinks /Users/xinyufang/Library/Developer/Xcode/DerivedData/Buzz-faillbpsmponqzeruhhvskovixzk/SourcePackages/checkouts/GoogleUtilities/GoogleUtilities/Environment/Resources/PrivacyInfo.xcprivacy /Users/xinyufang/Library/Developer/Xcode/DerivedData/Buzz-faillbpsmponqzeruhhvskovixzk/Build/Products/Debug-iphonesimulator/GoogleUtilities_GoogleUtilities-Environment.bundle

SwiftDriverJobDiscovery normal arm64 Compiling NonNameWords.swift, OcrMainLoop.swift, OcrObject.swift, SSDCreditCardOcr.swift, Array+utils.swift, CGRectExtension.swift, CGrect+utils.swift, CreditCardOcrPrediction+expiry.swift, Image+utils.swift, UIImage+pixelBuffer.swift, AsyncModelLoading.swift, SSDOcr+Utils.swift, SSDOcr.swift (in target 'StripeCardScan' from project 'Stripe')

GenerateAssetSymbols /Users/xinyufang/Library/Developer/Xcode/DerivedData/Buzz-faillbpsmponqzeruhhvskovixzk/SourcePackages/checkouts/stripe-ios-spm/StripePaymentsUI/StripePaymentsUI/Resources/StripePaymentsUI.xcassets (in target 'StripePaymentsUI' from project 'Stripe')
    cd /Users/xinyufang/Library/Developer/Xcode/DerivedData/Buzz-faillbpsmponqzeruhhvskovixzk/SourcePackages/checkouts/stripe-ios-spm
    /Applications/Xcode.app/Contents/Developer/usr/bin/actool /Users/xinyufang/Library/Developer/Xcode/DerivedData/Buzz-faillbpsmponqzeruhhvskovixzk/SourcePackages/checkouts/stripe-ios-spm/StripePaymentsUI/StripePaymentsUI/Resources/StripePaymentsUI.xcassets --compile /Users/xinyufang/Library/Developer/Xcode/DerivedData/Buzz-faillbpsmponqzeruhhvskovixzk/Build/Products/Debug-iphonesimulator --output-format human-readable-text --notices --warnings --export-dependency-info /Users/xinyufang/Library/Developer/Xcode/DerivedData/Buzz-faillbpsmponqzeruhhvskovixzk/Build/Intermediates.noindex/Stripe.build/Debug-iphonesimulator/StripePaymentsUI.build/assetcatalog_dependencies --output-partial-info-plist /Users/xinyufang/Library/Developer/Xcode/DerivedData/Buzz-faillbpsmponqzeruhhvskovixzk/Build/Intermediates.noindex/Stripe.build/Debug-iphonesimulator/StripePaymentsUI.build/assetcatalog_generated_info.plist --compress-pngs --enable-on-demand-resources NO --development-region en --target-device iphone --target-device ipad --minimum-deployment-target 13.0 --platform iphonesimulator --bundle-identifier stripe-ios-spm.StripePaymentsUI --generate-swift-asset-symbol-extensions NO --generate-swift-asset-symbols /Users/xinyufang/Library/Developer/Xcode/DerivedData/Buzz-faillbpsmponqzeruhhvskovixzk/Build/Intermediates.noindex/Stripe.build/Debug-iphonesimulator/StripePaymentsUI.build/DerivedSources/GeneratedAssetSymbols.swift --generate-objc-asset-symbols /Users/xinyufang/Library/Developer/Xcode/DerivedData/Buzz-faillbpsmponqzeruhhvskovixzk/Build/Intermediates.noindex/Stripe.build/Debug-iphonesimulator/StripePaymentsUI.build/DerivedSources/GeneratedAssetSymbols.h --generate-asset-symbol-index /Users/xinyufang/Library/Developer/Xcode/DerivedData/Buzz-faillbpsmponqzeruhhvskovixzk/Build/Intermediates.noindex/Stripe.build/Debug-iphonesimulator/StripePaymentsUI.build/DerivedSources/GeneratedAssetSymbols-Index.plist
/* com.apple.actool.compilation-results */
/Users/xinyufang/Library/Developer/Xcode/DerivedData/Buzz-faillbpsmponqzeruhhvskovixzk/Build/Intermediates.noindex/Stripe.build/Debug-iphonesimulator/StripePaymentsUI.build/DerivedSources/GeneratedAssetSymbols-Index.plist
/Users/xinyufang/Library/Developer/Xcode/DerivedData/Buzz-faillbpsmponqzeruhhvskovixzk/Build/Intermediates.noindex/Stripe.build/Debug-iphonesimulator/StripePaymentsUI.build/DerivedSources/GeneratedAssetSymbols.h
/Users/xinyufang/Library/Developer/Xcode/DerivedData/Buzz-faillbpsmponqzeruhhvskovixzk/Build/Intermediates.noindex/Stripe.build/Debug-iphonesimulator/StripePaymentsUI.build/DerivedSources/GeneratedAssetSymbols.swift


SwiftDriver StripeIdentity normal arm64 com.apple.xcode.tools.swift.compiler (in target 'StripeIdentity' from project 'Stripe')
    cd /Users/xinyufang/Documents/Buzz/Buzz.xcodeproj
    builtin-SwiftDriver -- /Applications/Xcode.app/Contents/Developer/Toolchains/XcodeDefault.xctoolchain/usr/bin/swiftc -module-name StripeIdentity -Onone -enforce-exclusivity\=checked @/Users/xinyufang/Library/Developer/Xcode/DerivedData/Buzz-faillbpsmponqzeruhhvskovixzk/Build/Intermediates.noindex/Stripe.build/Debug-iphonesimulator/StripeIdentity.build/Objects-normal/arm64/StripeIdentity.SwiftFileList -DSWIFT_PACKAGE -DDEBUG -DSWIFT_MODULE_RESOURCE_BUNDLE_AVAILABLE -DXcode -plugin-path /Applications/Xcode.app/Contents/Developer/Toolchains/XcodeDefault.xctoolchain/usr/lib/swift/host/plugins/testing -enable-experimental-feature DebugDescriptionMacro -sdk /Applications/Xcode.app/Contents/Developer/Platforms/iPhoneSimulator.platform/Developer/SDKs/iPhoneSimulator26.0.sdk -target arm64-apple-ios13.0-simulator -g -module-cache-path /Users/xinyufang/Library/Developer/Xcode/DerivedData/ModuleCache.noindex -Xfrontend -serialize-debugging-options -enable-testing -suppress-warnings -index-store-path /Users/xinyufang/Library/Developer/Xcode/DerivedData/Buzz-faillbpsmponqzeruhhvskovixzk/Index.noindex/DataStore -Xcc -D_LIBCPP_HARDENING_MODE\=_LIBCPP_HARDENING_MODE_DEBUG -swift-version 5 -I /Users/xinyufang/Library/Developer/Xcode/DerivedData/Buzz-faillbpsmponqzeruhhvskovixzk/Build/Products/Debug-iphonesimulator -Isystem /Applications/Xcode.app/Contents/Developer/Platforms/iPhoneSimulator.platform/Developer/usr/lib -F /Users/xinyufang/Library/Developer/Xcode/DerivedData/Buzz-faillbpsmponqzeruhhvskovixzk/Build/Products/Debug-iphonesimulator/PackageFrameworks -F /Users/xinyufang/Library/Developer/Xcode/DerivedData/Buzz-faillbpsmponqzeruhhvskovixzk/Build/Products/Debug-iphonesimulator/PackageFrameworks -F /Users/xinyufang/Library/Developer/Xcode/DerivedData/Buzz-faillbpsmponqzeruhhvskovixzk/Build/Products/Debug-iphonesimulator/PackageFrameworks -F /Users/xinyufang/Library/Developer/Xcode/DerivedData/Buzz-faillbpsmponqzeruhhvskovixzk/Build/Products/Debug-iphonesimulator -F /Applications/Xcode.app/Contents/Developer/Platforms/iPhoneSimulator.platform/Developer/Library/Frameworks -F /Applications/Xcode.app/Contents/Developer/Platforms/iPhoneSimulator.platform/Developer/SDKs/iPhoneSimulator26.0.sdk/Developer/Library/Frameworks -emit-localized-strings -emit-localized-strings-path /Users/xinyufang/Library/Developer/Xcode/DerivedData/Buzz-faillbpsmponqzeruhhvskovixzk/Build/Intermediates.noindex/Stripe.build/Debug-iphonesimulator/StripeIdentity.build/Objects-normal/arm64 -c -j8 -enable-batch-mode -incremental -Xcc -ivfsstatcache -Xcc /Users/xinyufang/Library/Developer/Xcode/DerivedData/SDKStatCaches.noindex/iphonesimulator26.0-23A339-26257891a6c027eb51374368541b8346.sdkstatcache -output-file-map /Users/xinyufang/Library/Developer/Xcode/DerivedData/Buzz-faillbpsmponqzeruhhvskovixzk/Build/Intermediates.noindex/Stripe.build/Debug-iphonesimulator/StripeIdentity.build/Objects-normal/arm64/StripeIdentity-OutputFileMap.json -use-frontend-parseable-output -save-temps -no-color-diagnostics -explicit-module-build -module-cache-path /Users/xinyufang/Library/Developer/Xcode/DerivedData/Buzz-faillbpsmponqzeruhhvskovixzk/Build/Intermediates.noindex/SwiftExplicitPrecompiledModules -clang-scanner-module-cache-path /Users/xinyufang/Library/Developer/Xcode/DerivedData/ModuleCache.noindex -sdk-module-cache-path /Users/xinyufang/Library/Developer/Xcode/DerivedData/ModuleCache.noindex -serialize-diagnostics -emit-dependencies -emit-module -emit-module-path /Users/xinyufang/Library/Developer/Xcode/DerivedData/Buzz-faillbpsmponqzeruhhvskovixzk/Build/Intermediates.noindex/Stripe.build/Debug-iphonesimulator/StripeIdentity.build/Objects-normal/arm64/StripeIdentity.swiftmodule -validate-clang-modules-once -clang-build-session-file /Users/xinyufang/Library/Developer/Xcode/DerivedData/ModuleCache.noindex/Session.modulevalidation -Xcc -I/Users/xinyufang/Library/Developer/Xcode/DerivedData/Buzz-faillbpsmponqzeruhhvskovixzk/Build/Intermediates.noindex/Stripe.build/Debug-iphonesimulator/StripeIdentity.build/swift-overrides.hmap -emit-const-values -Xfrontend -const-gather-protocols-file -Xfrontend /Users/xinyufang/Library/Developer/Xcode/DerivedData/Buzz-faillbpsmponqzeruhhvskovixzk/Build/Intermediates.noindex/Stripe.build/Debug-iphonesimulator/StripeIdentity.build/Objects-normal/arm64/StripeIdentity_const_extract_protocols.json -Xcc -I/Users/xinyufang/Library/Developer/Xcode/DerivedData/Buzz-faillbpsmponqzeruhhvskovixzk/Build/Products/Debug-iphonesimulator/include -Xcc -I/Users/xinyufang/Library/Developer/Xcode/DerivedData/Buzz-faillbpsmponqzeruhhvskovixzk/Build/Intermediates.noindex/Stripe.build/Debug-iphonesimulator/StripeIdentity.build/DerivedSources-normal/arm64 -Xcc -I/Users/xinyufang/Library/Developer/Xcode/DerivedData/Buzz-faillbpsmponqzeruhhvskovixzk/Build/Intermediates.noindex/Stripe.build/Debug-iphonesimulator/StripeIdentity.build/DerivedSources/arm64 -Xcc -I/Users/xinyufang/Library/Developer/Xcode/DerivedData/Buzz-faillbpsmponqzeruhhvskovixzk/Build/Intermediates.noindex/Stripe.build/Debug-iphonesimulator/StripeIdentity.build/DerivedSources -Xcc -DSWIFT_PACKAGE -Xcc -DDEBUG\=1 -emit-objc-header -emit-objc-header-path /Users/xinyufang/Library/Developer/Xcode/DerivedData/Buzz-faillbpsmponqzeruhhvskovixzk/Build/Intermediates.noindex/Stripe.build/Debug-iphonesimulator/StripeIdentity.build/Objects-normal/arm64/StripeIdentity-Swift.h -working-directory /Users/xinyufang/Documents/Buzz/Buzz.xcodeproj -experimental-emit-module-separately -disable-cmo

CodeSign /Users/xinyufang/Library/Developer/Xcode/DerivedData/Buzz-faillbpsmponqzeruhhvskovixzk/Build/Products/Debug-iphonesimulator/Stripe_StripePaymentsUI.bundle (in target 'Stripe_StripePaymentsUI' from project 'Stripe')
    cd /Users/xinyufang/Library/Developer/Xcode/DerivedData/Buzz-faillbpsmponqzeruhhvskovixzk/SourcePackages/checkouts/stripe-ios-spm
    
    Signing Identity:     "Sign to Run Locally"
    
    /usr/bin/codesign --force --sign - --timestamp\=none --generate-entitlement-der /Users/xinyufang/Library/Developer/Xcode/DerivedData/Buzz-faillbpsmponqzeruhhvskovixzk/Build/Products/Debug-iphonesimulator/Stripe_StripePaymentsUI.bundle

CodeSign /Users/xinyufang/Library/Developer/Xcode/DerivedData/Buzz-faillbpsmponqzeruhhvskovixzk/Build/Products/Debug-iphonesimulator/Stripe_StripePaymentSheet.bundle (in target 'Stripe_StripePaymentSheet' from project 'Stripe')
    cd /Users/xinyufang/Library/Developer/Xcode/DerivedData/Buzz-faillbpsmponqzeruhhvskovixzk/SourcePackages/checkouts/stripe-ios-spm
    
    Signing Identity:     "Sign to Run Locally"
    
    /usr/bin/codesign --force --sign - --timestamp\=none --generate-entitlement-der /Users/xinyufang/Library/Developer/Xcode/DerivedData/Buzz-faillbpsmponqzeruhhvskovixzk/Build/Products/Debug-iphonesimulator/Stripe_StripePaymentSheet.bundle

SwiftDriverJobDiscovery normal arm64 Compiling UxModel+Utils.swift, UxModel.swift, ActiveStateComputation.swift, AppState.swift, DetectedAllBoxes.swift, DetectedAllOcrBoxes.swift, DetectedBox.swift, DetectedSSDBox.swift, DetectedSSDOcrBox.swift, NMS.swift, OcrDD.swift, OcrDDUtils.swift, OcrPriorsGen.swift (in target 'StripeCardScan' from project 'Stripe')

CodeSign /Users/xinyufang/Library/Developer/Xcode/DerivedData/Buzz-faillbpsmponqzeruhhvskovixzk/Build/Products/Debug-iphonesimulator/Promises_FBLPromises.bundle (in target 'Promises_FBLPromises' from project 'Promises')
    cd /Users/xinyufang/Library/Developer/Xcode/DerivedData/Buzz-faillbpsmponqzeruhhvskovixzk/SourcePackages/checkouts/promises
    
    Signing Identity:     "Sign to Run Locally"
    
    /usr/bin/codesign --force --sign - --timestamp\=none --generate-entitlement-der /Users/xinyufang/Library/Developer/Xcode/DerivedData/Buzz-faillbpsmponqzeruhhvskovixzk/Build/Products/Debug-iphonesimulator/Promises_FBLPromises.bundle

ScanDependencies /Users/xinyufang/Library/Developer/Xcode/DerivedData/Buzz-faillbpsmponqzeruhhvskovixzk/Build/Intermediates.noindex/GoogleUtilities.build/Debug-iphonesimulator/GoogleUtilities-UserDefaults.build/Objects-normal/arm64/resource_bundle_accessor.o /Users/xinyufang/Library/Developer/Xcode/DerivedData/Buzz-faillbpsmponqzeruhhvskovixzk/Build/Intermediates.noindex/GoogleUtilities.build/Debug-iphonesimulator/GoogleUtilities-UserDefaults.build/DerivedSources/resource_bundle_accessor.m normal arm64 objective-c com.apple.compilers.llvm.clang.1_0.compiler (in target 'GoogleUtilities-UserDefaults' from project 'GoogleUtilities')
    cd /Users/xinyufang/Documents/Buzz/Buzz.xcodeproj
    
    Using response file: /Users/xinyufang/Library/Developer/Xcode/DerivedData/Buzz-faillbpsmponqzeruhhvskovixzk/Build/Intermediates.noindex/GoogleUtilities.build/Debug-iphonesimulator/GoogleUtilities-UserDefaults.build/Objects-normal/arm64/e6072d4f65d7061329687fe24e3d63a7-common-args.resp
    
    builtin-ScanDependencies -o /Users/xinyufang/Library/Developer/Xcode/DerivedData/Buzz-faillbpsmponqzeruhhvskovixzk/Build/Intermediates.noindex/GoogleUtilities.build/Debug-iphonesimulator/GoogleUtilities-UserDefaults.build/Objects-normal/arm64/resource_bundle_accessor.o.scan -- /Applications/Xcode.app/Contents/Developer/Toolchains/XcodeDefault.xctoolchain/usr/bin/clang -x objective-c -ivfsstatcache /Users/xinyufang/Library/Developer/Xcode/DerivedData/SDKStatCaches.noindex/iphonesimulator26.0-23A339-26257891a6c027eb51374368541b8346.sdkstatcache -fmessage-length\=0 -fdiagnostics-show-note-include-stack -fmacro-backtrace-limit\=0 -fno-color-diagnostics -fmodules-prune-interval\=86400 -fmodules-prune-after\=345600 -fbuild-session-file\=/Users/xinyufang/Library/Developer/Xcode/DerivedData/ModuleCache.noindex/Session.modulevalidation -fmodules-validate-once-per-build-session -Wnon-modular-include-in-framework-module -Werror\=non-modular-include-in-framework-module -Wno-trigraphs -Wno-missing-field-initializers -Wno-missing-prototypes -Wno-return-type -Wno-implicit-atomic-properties -Wno-objc-interface-ivars -Wno-arc-repeated-use-of-weak -Wno-missing-braces -Wparentheses -Wswitch -Wno-unused-function -Wno-unused-label -Wno-unused-parameter -Wno-unused-variable -Wunused-value -Wno-empty-body -Wno-uninitialized -Wno-unknown-pragmas -w -Wno-shadow -Wno-four-char-constants -Wno-conversion -Wno-constant-conversion -Wno-int-conversion -Wno-bool-conversion -Wno-enum-conversion -Wno-float-conversion -Wno-non-literal-null-conversion -Wno-objc-literal-conversion -Wshorten-64-to-32 -Wpointer-sign -Wno-newline-eof -Wno-selector -Wno-strict-selector-match -Wno-undeclared-selector -Wno-deprecated-implementations -Wno-implicit-fallthrough -fstrict-aliasing -Wprotocol -Wdeprecated-declarations -Wno-sign-conversion -Wno-infinite-recursion -Wno-comma -Wno-block-capture-autoreleasing -Wno-strict-prototypes -Wno-semicolon-before-method-body -index-store-path /Users/xinyufang/Library/Developer/Xcode/DerivedData/Buzz-faillbpsmponqzeruhhvskovixzk/Index.noindex/DataStore @/Users/xinyufang/Library/Developer/Xcode/DerivedData/Buzz-faillbpsmponqzeruhhvskovixzk/Build/Intermediates.noindex/GoogleUtilities.build/Debug-iphonesimulator/GoogleUtilities-UserDefaults.build/Objects-normal/arm64/e6072d4f65d7061329687fe24e3d63a7-common-args.resp -include /Users/xinyufang/Library/Developer/Xcode/DerivedData/Buzz-faillbpsmponqzeruhhvskovixzk/Build/Intermediates.noindex/GoogleUtilities.build/Debug-iphonesimulator/GoogleUtilities-UserDefaults.build/DerivedSources/resource_bundle_accessor.h -MMD -MT dependencies -MF /Users/xinyufang/Library/Developer/Xcode/DerivedData/Buzz-faillbpsmponqzeruhhvskovixzk/Build/Intermediates.noindex/GoogleUtilities.build/Debug-iphonesimulator/GoogleUtilities-UserDefaults.build/Objects-normal/arm64/resource_bundle_accessor.d --serialize-diagnostics /Users/xinyufang/Library/Developer/Xcode/DerivedData/Buzz-faillbpsmponqzeruhhvskovixzk/Build/Intermediates.noindex/GoogleUtilities.build/Debug-iphonesimulator/GoogleUtilities-UserDefaults.build/Objects-normal/arm64/resource_bundle_accessor.dia -c /Users/xinyufang/Library/Developer/Xcode/DerivedData/Buzz-faillbpsmponqzeruhhvskovixzk/Build/Intermediates.noindex/GoogleUtilities.build/Debug-iphonesimulator/GoogleUtilities-UserDefaults.build/DerivedSources/resource_bundle_accessor.m -o /Users/xinyufang/Library/Developer/Xcode/DerivedData/Buzz-faillbpsmponqzeruhhvskovixzk/Build/Intermediates.noindex/GoogleUtilities.build/Debug-iphonesimulator/GoogleUtilities-UserDefaults.build/Objects-normal/arm64/resource_bundle_accessor.o -index-unit-output-path /GoogleUtilities.build/Debug-iphonesimulator/GoogleUtilities-UserDefaults.build/Objects-normal/arm64/resource_bundle_accessor.o

ScanDependencies /Users/xinyufang/Library/Developer/Xcode/DerivedData/Buzz-faillbpsmponqzeruhhvskovixzk/Build/Intermediates.noindex/GoogleUtilities.build/Debug-iphonesimulator/GoogleUtilities-UserDefaults.build/Objects-normal/arm64/GULUserDefaults.o /Users/xinyufang/Library/Developer/Xcode/DerivedData/Buzz-faillbpsmponqzeruhhvskovixzk/SourcePackages/checkouts/GoogleUtilities/GoogleUtilities/UserDefaults/GULUserDefaults.m normal arm64 objective-c com.apple.compilers.llvm.clang.1_0.compiler (in target 'GoogleUtilities-UserDefaults' from project 'GoogleUtilities')
    cd /Users/xinyufang/Documents/Buzz/Buzz.xcodeproj
    
    Using response file: /Users/xinyufang/Library/Developer/Xcode/DerivedData/Buzz-faillbpsmponqzeruhhvskovixzk/Build/Intermediates.noindex/GoogleUtilities.build/Debug-iphonesimulator/GoogleUtilities-UserDefaults.build/Objects-normal/arm64/e6072d4f65d7061329687fe24e3d63a7-common-args.resp
    
    builtin-ScanDependencies -o /Users/xinyufang/Library/Developer/Xcode/DerivedData/Buzz-faillbpsmponqzeruhhvskovixzk/Build/Intermediates.noindex/GoogleUtilities.build/Debug-iphonesimulator/GoogleUtilities-UserDefaults.build/Objects-normal/arm64/GULUserDefaults.o.scan -- /Applications/Xcode.app/Contents/Developer/Toolchains/XcodeDefault.xctoolchain/usr/bin/clang -x objective-c -ivfsstatcache /Users/xinyufang/Library/Developer/Xcode/DerivedData/SDKStatCaches.noindex/iphonesimulator26.0-23A339-26257891a6c027eb51374368541b8346.sdkstatcache -fmessage-length\=0 -fdiagnostics-show-note-include-stack -fmacro-backtrace-limit\=0 -fno-color-diagnostics -fmodules-prune-interval\=86400 -fmodules-prune-after\=345600 -fbuild-session-file\=/Users/xinyufang/Library/Developer/Xcode/DerivedData/ModuleCache.noindex/Session.modulevalidation -fmodules-validate-once-per-build-session -Wnon-modular-include-in-framework-module -Werror\=non-modular-include-in-framework-module -Wno-trigraphs -Wno-missing-field-initializers -Wno-missing-prototypes -Wno-return-type -Wno-implicit-atomic-properties -Wno-objc-interface-ivars -Wno-arc-repeated-use-of-weak -Wno-missing-braces -Wparentheses -Wswitch -Wno-unused-function -Wno-unused-label -Wno-unused-parameter -Wno-unused-variable -Wunused-value -Wno-empty-body -Wno-uninitialized -Wno-unknown-pragmas -w -Wno-shadow -Wno-four-char-constants -Wno-conversion -Wno-constant-conversion -Wno-int-conversion -Wno-bool-conversion -Wno-enum-conversion -Wno-float-conversion -Wno-non-literal-null-conversion -Wno-objc-literal-conversion -Wshorten-64-to-32 -Wpointer-sign -Wno-newline-eof -Wno-selector -Wno-strict-selector-match -Wno-undeclared-selector -Wno-deprecated-implementations -Wno-implicit-fallthrough -fstrict-aliasing -Wprotocol -Wdeprecated-declarations -Wno-sign-conversion -Wno-infinite-recursion -Wno-comma -Wno-block-capture-autoreleasing -Wno-strict-prototypes -Wno-semicolon-before-method-body -index-store-path /Users/xinyufang/Library/Developer/Xcode/DerivedData/Buzz-faillbpsmponqzeruhhvskovixzk/Index.noindex/DataStore @/Users/xinyufang/Library/Developer/Xcode/DerivedData/Buzz-faillbpsmponqzeruhhvskovixzk/Build/Intermediates.noindex/GoogleUtilities.build/Debug-iphonesimulator/GoogleUtilities-UserDefaults.build/Objects-normal/arm64/e6072d4f65d7061329687fe24e3d63a7-common-args.resp -include /Users/xinyufang/Library/Developer/Xcode/DerivedData/Buzz-faillbpsmponqzeruhhvskovixzk/Build/Intermediates.noindex/GoogleUtilities.build/Debug-iphonesimulator/GoogleUtilities-UserDefaults.build/DerivedSources/resource_bundle_accessor.h -MMD -MT dependencies -MF /Users/xinyufang/Library/Developer/Xcode/DerivedData/Buzz-faillbpsmponqzeruhhvskovixzk/Build/Intermediates.noindex/GoogleUtilities.build/Debug-iphonesimulator/GoogleUtilities-UserDefaults.build/Objects-normal/arm64/GULUserDefaults.d --serialize-diagnostics /Users/xinyufang/Library/Developer/Xcode/DerivedData/Buzz-faillbpsmponqzeruhhvskovixzk/Build/Intermediates.noindex/GoogleUtilities.build/Debug-iphonesimulator/GoogleUtilities-UserDefaults.build/Objects-normal/arm64/GULUserDefaults.dia -c /Users/xinyufang/Library/Developer/Xcode/DerivedData/Buzz-faillbpsmponqzeruhhvskovixzk/SourcePackages/checkouts/GoogleUtilities/GoogleUtilities/UserDefaults/GULUserDefaults.m -o /Users/xinyufang/Library/Developer/Xcode/DerivedData/Buzz-faillbpsmponqzeruhhvskovixzk/Build/Intermediates.noindex/GoogleUtilities.build/Debug-iphonesimulator/GoogleUtilities-UserDefaults.build/Objects-normal/arm64/GULUserDefaults.o -index-unit-output-path /GoogleUtilities.build/Debug-iphonesimulator/GoogleUtilities-UserDefaults.build/Objects-normal/arm64/GULUserDefaults.o

RegisterExecutionPolicyException /Users/xinyufang/Library/Developer/Xcode/DerivedData/Buzz-faillbpsmponqzeruhhvskovixzk/Build/Products/Debug-iphonesimulator/Stripe_StripePaymentsUI.bundle (in target 'Stripe_StripePaymentsUI' from project 'Stripe')
    cd /Users/xinyufang/Library/Developer/Xcode/DerivedData/Buzz-faillbpsmponqzeruhhvskovixzk/SourcePackages/checkouts/stripe-ios-spm
    builtin-RegisterExecutionPolicyException /Users/xinyufang/Library/Developer/Xcode/DerivedData/Buzz-faillbpsmponqzeruhhvskovixzk/Build/Products/Debug-iphonesimulator/Stripe_StripePaymentsUI.bundle

RegisterExecutionPolicyException /Users/xinyufang/Library/Developer/Xcode/DerivedData/Buzz-faillbpsmponqzeruhhvskovixzk/Build/Products/Debug-iphonesimulator/Stripe_StripePaymentSheet.bundle (in target 'Stripe_StripePaymentSheet' from project 'Stripe')
    cd /Users/xinyufang/Library/Developer/Xcode/DerivedData/Buzz-faillbpsmponqzeruhhvskovixzk/SourcePackages/checkouts/stripe-ios-spm
    builtin-RegisterExecutionPolicyException /Users/xinyufang/Library/Developer/Xcode/DerivedData/Buzz-faillbpsmponqzeruhhvskovixzk/Build/Products/Debug-iphonesimulator/Stripe_StripePaymentSheet.bundle

SwiftEmitModule normal arm64 Emitting\ module\ for\ HTTPTypes (in target 'HTTPTypes' from project 'swift-http-types')

EmitSwiftModule normal arm64 (in target 'HTTPTypes' from project 'swift-http-types')
    cd /Users/xinyufang/Documents/Buzz/Buzz.xcodeproj
    

SwiftCompile normal arm64 Compiling\ ISOLatin1String.swift /Users/xinyufang/Library/Developer/Xcode/DerivedData/Buzz-faillbpsmponqzeruhhvskovixzk/SourcePackages/checkouts/swift-http-types/Sources/HTTPTypes/ISOLatin1String.swift (in target 'HTTPTypes' from project 'swift-http-types')

SwiftCompile normal arm64 /Users/xinyufang/Library/Developer/Xcode/DerivedData/Buzz-faillbpsmponqzeruhhvskovixzk/SourcePackages/checkouts/swift-http-types/Sources/HTTPTypes/ISOLatin1String.swift (in target 'HTTPTypes' from project 'swift-http-types')
    cd /Users/xinyufang/Documents/Buzz/Buzz.xcodeproj
    

SwiftCompile normal arm64 Compiling\ HTTPField.swift,\ HTTPFieldName.swift /Users/xinyufang/Library/Developer/Xcode/DerivedData/Buzz-faillbpsmponqzeruhhvskovixzk/SourcePackages/checkouts/swift-http-types/Sources/HTTPTypes/HTTPField.swift /Users/xinyufang/Library/Developer/Xcode/DerivedData/Buzz-faillbpsmponqzeruhhvskovixzk/SourcePackages/checkouts/swift-http-types/Sources/HTTPTypes/HTTPFieldName.swift (in target 'HTTPTypes' from project 'swift-http-types')

SwiftCompile normal arm64 /Users/xinyufang/Library/Developer/Xcode/DerivedData/Buzz-faillbpsmponqzeruhhvskovixzk/SourcePackages/checkouts/swift-http-types/Sources/HTTPTypes/HTTPField.swift (in target 'HTTPTypes' from project 'swift-http-types')
    cd /Users/xinyufang/Documents/Buzz/Buzz.xcodeproj
    

SwiftCompile normal arm64 /Users/xinyufang/Library/Developer/Xcode/DerivedData/Buzz-faillbpsmponqzeruhhvskovixzk/SourcePackages/checkouts/swift-http-types/Sources/HTTPTypes/HTTPFieldName.swift (in target 'HTTPTypes' from project 'swift-http-types')
    cd /Users/xinyufang/Documents/Buzz/Buzz.xcodeproj
    

SwiftCompile normal arm64 Compiling\ HTTPFields.swift /Users/xinyufang/Library/Developer/Xcode/DerivedData/Buzz-faillbpsmponqzeruhhvskovixzk/SourcePackages/checkouts/swift-http-types/Sources/HTTPTypes/HTTPFields.swift (in target 'HTTPTypes' from project 'swift-http-types')
SwiftCompile normal arm64 /Users/xinyufang/Library/Developer/Xcode/DerivedData/Buzz-faillbpsmponqzeruhhvskovixzk/SourcePackages/checkouts/swift-http-types/Sources/HTTPTypes/HTTPFields.swift (in target 'HTTPTypes' from project 'swift-http-types')
    cd /Users/xinyufang/Documents/Buzz/Buzz.xcodeproj
    

SwiftCompile normal arm64 Compiling\ HTTPRequest+URL.swift /Users/xinyufang/Library/Developer/Xcode/DerivedData/Buzz-faillbpsmponqzeruhhvskovixzk/SourcePackages/checkouts/swift-http-types/Sources/HTTPTypes/HTTPRequest+URL.swift (in target 'HTTPTypes' from project 'swift-http-types')

SwiftCompile normal arm64 /Users/xinyufang/Library/Developer/Xcode/DerivedData/Buzz-faillbpsmponqzeruhhvskovixzk/SourcePackages/checkouts/swift-http-types/Sources/HTTPTypes/HTTPRequest+URL.swift (in target 'HTTPTypes' from project 'swift-http-types')
    cd /Users/xinyufang/Documents/Buzz/Buzz.xcodeproj
    

SwiftDriver StripePaymentsUI normal arm64 com.apple.xcode.tools.swift.compiler (in target 'StripePaymentsUI' from project 'Stripe')
    cd /Users/xinyufang/Documents/Buzz/Buzz.xcodeproj
    builtin-SwiftDriver -- /Applications/Xcode.app/Contents/Developer/Toolchains/XcodeDefault.xctoolchain/usr/bin/swiftc -module-name StripePaymentsUI -Onone -enforce-exclusivity\=checked @/Users/xinyufang/Library/Developer/Xcode/DerivedData/Buzz-faillbpsmponqzeruhhvskovixzk/Build/Intermediates.noindex/Stripe.build/Debug-iphonesimulator/StripePaymentsUI.build/Objects-normal/arm64/StripePaymentsUI.SwiftFileList -DSWIFT_PACKAGE -DDEBUG -DSWIFT_MODULE_RESOURCE_BUNDLE_AVAILABLE -Xcc -fmodule-map-file\=/Users/xinyufang/Library/Developer/Xcode/DerivedData/Buzz-faillbpsmponqzeruhhvskovixzk/Build/Intermediates.noindex/GeneratedModuleMaps-iphonesimulator/Stripe3DS2.modulemap -DXcode -plugin-path /Applications/Xcode.app/Contents/Developer/Toolchains/XcodeDefault.xctoolchain/usr/lib/swift/host/plugins/testing -enable-experimental-feature DebugDescriptionMacro -sdk /Applications/Xcode.app/Contents/Developer/Platforms/iPhoneSimulator.platform/Developer/SDKs/iPhoneSimulator26.0.sdk -target arm64-apple-ios13.0-simulator -g -module-cache-path /Users/xinyufang/Library/Developer/Xcode/DerivedData/ModuleCache.noindex -Xfrontend -serialize-debugging-options -enable-testing -suppress-warnings -index-store-path /Users/xinyufang/Library/Developer/Xcode/DerivedData/Buzz-faillbpsmponqzeruhhvskovixzk/Index.noindex/DataStore -Xcc -D_LIBCPP_HARDENING_MODE\=_LIBCPP_HARDENING_MODE_DEBUG -swift-version 5 -I /Users/xinyufang/Library/Developer/Xcode/DerivedData/Buzz-faillbpsmponqzeruhhvskovixzk/Build/Products/Debug-iphonesimulator -Isystem /Applications/Xcode.app/Contents/Developer/Platforms/iPhoneSimulator.platform/Developer/usr/lib -F /Users/xinyufang/Library/Developer/Xcode/DerivedData/Buzz-faillbpsmponqzeruhhvskovixzk/Build/Products/Debug-iphonesimulator/PackageFrameworks -F /Users/xinyufang/Library/Developer/Xcode/DerivedData/Buzz-faillbpsmponqzeruhhvskovixzk/Build/Products/Debug-iphonesimulator/PackageFrameworks -F /Users/xinyufang/Library/Developer/Xcode/DerivedData/Buzz-faillbpsmponqzeruhhvskovixzk/Build/Products/Debug-iphonesimulator/PackageFrameworks -F /Users/xinyufang/Library/Developer/Xcode/DerivedData/Buzz-faillbpsmponqzeruhhvskovixzk/Build/Products/Debug-iphonesimulator/PackageFrameworks -F /Users/xinyufang/Library/Developer/Xcode/DerivedData/Buzz-faillbpsmponqzeruhhvskovixzk/Build/Products/Debug-iphonesimulator -F /Applications/Xcode.app/Contents/Developer/Platforms/iPhoneSimulator.platform/Developer/Library/Frameworks -F /Applications/Xcode.app/Contents/Developer/Platforms/iPhoneSimulator.platform/Developer/SDKs/iPhoneSimulator26.0.sdk/Developer/Library/Frameworks -emit-localized-strings -emit-localized-strings-path /Users/xinyufang/Library/Developer/Xcode/DerivedData/Buzz-faillbpsmponqzeruhhvskovixzk/Build/Intermediates.noindex/Stripe.build/Debug-iphonesimulator/StripePaymentsUI.build/Objects-normal/arm64 -c -j8 -enable-batch-mode -incremental -Xcc -ivfsstatcache -Xcc /Users/xinyufang/Library/Developer/Xcode/DerivedData/SDKStatCaches.noindex/iphonesimulator26.0-23A339-26257891a6c027eb51374368541b8346.sdkstatcache -output-file-map /Users/xinyufang/Library/Developer/Xcode/DerivedData/Buzz-faillbpsmponqzeruhhvskovixzk/Build/Intermediates.noindex/Stripe.build/Debug-iphonesimulator/StripePaymentsUI.build/Objects-normal/arm64/StripePaymentsUI-OutputFileMap.json -use-frontend-parseable-output -save-temps -no-color-diagnostics -explicit-module-build -module-cache-path /Users/xinyufang/Library/Developer/Xcode/DerivedData/Buzz-faillbpsmponqzeruhhvskovixzk/Build/Intermediates.noindex/SwiftExplicitPrecompiledModules -clang-scanner-module-cache-path /Users/xinyufang/Library/Developer/Xcode/DerivedData/ModuleCache.noindex -sdk-module-cache-path /Users/xinyufang/Library/Developer/Xcode/DerivedData/ModuleCache.noindex -serialize-diagnostics -emit-dependencies -emit-module -emit-module-path /Users/xinyufang/Library/Developer/Xcode/DerivedData/Buzz-faillbpsmponqzeruhhvskovixzk/Build/Intermediates.noindex/Stripe.build/Debug-iphonesimulator/StripePaymentsUI.build/Objects-normal/arm64/StripePaymentsUI.swiftmodule -validate-clang-modules-once -clang-build-session-file /Users/xinyufang/Library/Developer/Xcode/DerivedData/ModuleCache.noindex/Session.modulevalidation -Xcc -I/Users/xinyufang/Library/Developer/Xcode/DerivedData/Buzz-faillbpsmponqzeruhhvskovixzk/Build/Intermediates.noindex/Stripe.build/Debug-iphonesimulator/StripePaymentsUI.build/swift-overrides.hmap -emit-const-values -Xfrontend -const-gather-protocols-file -Xfrontend /Users/xinyufang/Library/Developer/Xcode/DerivedData/Buzz-faillbpsmponqzeruhhvskovixzk/Build/Intermediates.noindex/Stripe.build/Debug-iphonesimulator/StripePaymentsUI.build/Objects-normal/arm64/StripePaymentsUI_const_extract_protocols.json -Xcc -I/Users/xinyufang/Library/Developer/Xcode/DerivedData/Buzz-faillbpsmponqzeruhhvskovixzk/SourcePackages/checkouts/stripe-ios-spm/Stripe3DS2/Stripe3DS2/include -Xcc -I/Users/xinyufang/Library/Developer/Xcode/DerivedData/Buzz-faillbpsmponqzeruhhvskovixzk/Build/Products/Debug-iphonesimulator/include -Xcc -I/Users/xinyufang/Library/Developer/Xcode/DerivedData/Buzz-faillbpsmponqzeruhhvskovixzk/Build/Intermediates.noindex/Stripe.build/Debug-iphonesimulator/StripePaymentsUI.build/DerivedSources-normal/arm64 -Xcc -I/Users/xinyufang/Library/Developer/Xcode/DerivedData/Buzz-faillbpsmponqzeruhhvskovixzk/Build/Intermediates.noindex/Stripe.build/Debug-iphonesimulator/StripePaymentsUI.build/DerivedSources/arm64 -Xcc -I/Users/xinyufang/Library/Developer/Xcode/DerivedData/Buzz-faillbpsmponqzeruhhvskovixzk/Build/Intermediates.noindex/Stripe.build/Debug-iphonesimulator/StripePaymentsUI.build/DerivedSources -Xcc -DSWIFT_PACKAGE -Xcc -DDEBUG\=1 -emit-objc-header -emit-objc-header-path /Users/xinyufang/Library/Developer/Xcode/DerivedData/Buzz-faillbpsmponqzeruhhvskovixzk/Build/Intermediates.noindex/Stripe.build/Debug-iphonesimulator/StripePaymentsUI.build/Objects-normal/arm64/StripePaymentsUI-Swift.h -working-directory /Users/xinyufang/Documents/Buzz/Buzz.xcodeproj -experimental-emit-module-separately -disable-cmo

SwiftDriverJobDiscovery normal arm64 Compiling ScanConfiguration.swift, ScanEventsProtocol.swift, ScanStats.swift, SimpleScanViewController.swift, Torch.swift, VideoFeed.swift, AppInfoUtils.swift, AtomicPropertyWrapper.swift, DeviceUtils.swift, CardImageVerificationDetailsResponse.swift, ScanStatsPayload+Common.swift, ScanStatsPayload+Tasks.swift, ScanStatsPayload.swift (in target 'StripeCardScan' from project 'Stripe')

SwiftDriver StripeFinancialConnections normal arm64 com.apple.xcode.tools.swift.compiler (in target 'StripeFinancialConnections' from project 'Stripe')
    cd /Users/xinyufang/Documents/Buzz/Buzz.xcodeproj
    builtin-SwiftDriver -- /Applications/Xcode.app/Contents/Developer/Toolchains/XcodeDefault.xctoolchain/usr/bin/swiftc -module-name StripeFinancialConnections -Onone -enforce-exclusivity\=checked @/Users/xinyufang/Library/Developer/Xcode/DerivedData/Buzz-faillbpsmponqzeruhhvskovixzk/Build/Intermediates.noindex/Stripe.build/Debug-iphonesimulator/StripeFinancialConnections.build/Objects-normal/arm64/StripeFinancialConnections.SwiftFileList -DSWIFT_PACKAGE -DDEBUG -DSWIFT_MODULE_RESOURCE_BUNDLE_AVAILABLE -DXcode -plugin-path /Applications/Xcode.app/Contents/Developer/Toolchains/XcodeDefault.xctoolchain/usr/lib/swift/host/plugins/testing -enable-experimental-feature DebugDescriptionMacro -sdk /Applications/Xcode.app/Contents/Developer/Platforms/iPhoneSimulator.platform/Developer/SDKs/iPhoneSimulator26.0.sdk -target arm64-apple-ios13.0-simulator -g -module-cache-path /Users/xinyufang/Library/Developer/Xcode/DerivedData/ModuleCache.noindex -Xfrontend -serialize-debugging-options -enable-testing -suppress-warnings -index-store-path /Users/xinyufang/Library/Developer/Xcode/DerivedData/Buzz-faillbpsmponqzeruhhvskovixzk/Index.noindex/DataStore -Xcc -D_LIBCPP_HARDENING_MODE\=_LIBCPP_HARDENING_MODE_DEBUG -swift-version 5 -I /Users/xinyufang/Library/Developer/Xcode/DerivedData/Buzz-faillbpsmponqzeruhhvskovixzk/Build/Products/Debug-iphonesimulator -Isystem /Applications/Xcode.app/Contents/Developer/Platforms/iPhoneSimulator.platform/Developer/usr/lib -F /Users/xinyufang/Library/Developer/Xcode/DerivedData/Buzz-faillbpsmponqzeruhhvskovixzk/Build/Products/Debug-iphonesimulator/PackageFrameworks -F /Users/xinyufang/Library/Developer/Xcode/DerivedData/Buzz-faillbpsmponqzeruhhvskovixzk/Build/Products/Debug-iphonesimulator/PackageFrameworks -F /Users/xinyufang/Library/Developer/Xcode/DerivedData/Buzz-faillbpsmponqzeruhhvskovixzk/Build/Products/Debug-iphonesimulator -F /Applications/Xcode.app/Contents/Developer/Platforms/iPhoneSimulator.platform/Developer/Library/Frameworks -F /Applications/Xcode.app/Contents/Developer/Platforms/iPhoneSimulator.platform/Developer/SDKs/iPhoneSimulator26.0.sdk/Developer/Library/Frameworks -emit-localized-strings -emit-localized-strings-path /Users/xinyufang/Library/Developer/Xcode/DerivedData/Buzz-faillbpsmponqzeruhhvskovixzk/Build/Intermediates.noindex/Stripe.build/Debug-iphonesimulator/StripeFinancialConnections.build/Objects-normal/arm64 -c -j8 -enable-batch-mode -incremental -Xcc -ivfsstatcache -Xcc /Users/xinyufang/Library/Developer/Xcode/DerivedData/SDKStatCaches.noindex/iphonesimulator26.0-23A339-26257891a6c027eb51374368541b8346.sdkstatcache -output-file-map /Users/xinyufang/Library/Developer/Xcode/DerivedData/Buzz-faillbpsmponqzeruhhvskovixzk/Build/Intermediates.noindex/Stripe.build/Debug-iphonesimulator/StripeFinancialConnections.build/Objects-normal/arm64/StripeFinancialConnections-OutputFileMap.json -use-frontend-parseable-output -save-temps -no-color-diagnostics -explicit-module-build -module-cache-path /Users/xinyufang/Library/Developer/Xcode/DerivedData/Buzz-faillbpsmponqzeruhhvskovixzk/Build/Intermediates.noindex/SwiftExplicitPrecompiledModules -clang-scanner-module-cache-path /Users/xinyufang/Library/Developer/Xcode/DerivedData/ModuleCache.noindex -sdk-module-cache-path /Users/xinyufang/Library/Developer/Xcode/DerivedData/ModuleCache.noindex -serialize-diagnostics -emit-dependencies -emit-module -emit-module-path /Users/xinyufang/Library/Developer/Xcode/DerivedData/Buzz-faillbpsmponqzeruhhvskovixzk/Build/Intermediates.noindex/Stripe.build/Debug-iphonesimulator/StripeFinancialConnections.build/Objects-normal/arm64/StripeFinancialConnections.swiftmodule -validate-clang-modules-once -clang-build-session-file /Users/xinyufang/Library/Developer/Xcode/DerivedData/ModuleCache.noindex/Session.modulevalidation -Xcc -I/Users/xinyufang/Library/Developer/Xcode/DerivedData/Buzz-faillbpsmponqzeruhhvskovixzk/Build/Intermediates.noindex/Stripe.build/Debug-iphonesimulator/StripeFinancialConnections.build/swift-overrides.hmap -emit-const-values -Xfrontend -const-gather-protocols-file -Xfrontend /Users/xinyufang/Library/Developer/Xcode/DerivedData/Buzz-faillbpsmponqzeruhhvskovixzk/Build/Intermediates.noindex/Stripe.build/Debug-iphonesimulator/StripeFinancialConnections.build/Objects-normal/arm64/StripeFinancialConnections_const_extract_protocols.json -Xcc -I/Users/xinyufang/Library/Developer/Xcode/DerivedData/Buzz-faillbpsmponqzeruhhvskovixzk/Build/Products/Debug-iphonesimulator/include -Xcc -I/Users/xinyufang/Library/Developer/Xcode/DerivedData/Buzz-faillbpsmponqzeruhhvskovixzk/Build/Intermediates.noindex/Stripe.build/Debug-iphonesimulator/StripeFinancialConnections.build/DerivedSources-normal/arm64 -Xcc -I/Users/xinyufang/Library/Developer/Xcode/DerivedData/Buzz-faillbpsmponqzeruhhvskovixzk/Build/Intermediates.noindex/Stripe.build/Debug-iphonesimulator/StripeFinancialConnections.build/DerivedSources/arm64 -Xcc -I/Users/xinyufang/Library/Developer/Xcode/DerivedData/Buzz-faillbpsmponqzeruhhvskovixzk/Build/Intermediates.noindex/Stripe.build/Debug-iphonesimulator/StripeFinancialConnections.build/DerivedSources -Xcc -DSWIFT_PACKAGE -Xcc -DDEBUG\=1 -emit-objc-header -emit-objc-header-path /Users/xinyufang/Library/Developer/Xcode/DerivedData/Buzz-faillbpsmponqzeruhhvskovixzk/Build/Intermediates.noindex/Stripe.build/Debug-iphonesimulator/StripeFinancialConnections.build/Objects-normal/arm64/StripeFinancialConnections-Swift.h -working-directory /Users/xinyufang/Documents/Buzz/Buzz.xcodeproj -experimental-emit-module-separately -disable-cmo

SwiftDriverJobDiscovery normal arm64 Emitting module for HTTPTypes (in target 'HTTPTypes' from project 'swift-http-types')

SwiftDriver\ Compilation\ Requirements HTTPTypes normal arm64 com.apple.xcode.tools.swift.compiler (in target 'HTTPTypes' from project 'swift-http-types')
    cd /Users/xinyufang/Documents/Buzz/Buzz.xcodeproj
    builtin-Swift-Compilation-Requirements -- /Applications/Xcode.app/Contents/Developer/Toolchains/XcodeDefault.xctoolchain/usr/bin/swiftc -module-name HTTPTypes -Onone -enforce-exclusivity\=checked @/Users/xinyufang/Library/Developer/Xcode/DerivedData/Buzz-faillbpsmponqzeruhhvskovixzk/Build/Intermediates.noindex/swift-http-types.build/Debug-iphonesimulator/HTTPTypes.build/Objects-normal/arm64/HTTPTypes.SwiftFileList -DSWIFT_PACKAGE -DDEBUG -DSWIFT_MODULE_RESOURCE_BUNDLE_UNAVAILABLE -DXcode -enable-experimental-feature StrictConcurrency\=complete -enable-upcoming-feature MemberImportVisibility -plugin-path /Applications/Xcode.app/Contents/Developer/Toolchains/XcodeDefault.xctoolchain/usr/lib/swift/host/plugins/testing -enable-experimental-feature DebugDescriptionMacro -sdk /Applications/Xcode.app/Contents/Developer/Platforms/iPhoneSimulator.platform/Developer/SDKs/iPhoneSimulator26.0.sdk -target arm64-apple-ios12.0-simulator -g -module-cache-path /Users/xinyufang/Library/Developer/Xcode/DerivedData/ModuleCache.noindex -Xfrontend -serialize-debugging-options -enable-testing -suppress-warnings -index-store-path /Users/xinyufang/Library/Developer/Xcode/DerivedData/Buzz-faillbpsmponqzeruhhvskovixzk/Index.noindex/DataStore -Xcc -D_LIBCPP_HARDENING_MODE\=_LIBCPP_HARDENING_MODE_DEBUG -swift-version 5 -I /Users/xinyufang/Library/Developer/Xcode/DerivedData/Buzz-faillbpsmponqzeruhhvskovixzk/Build/Products/Debug-iphonesimulator -Isystem /Applications/Xcode.app/Contents/Developer/Platforms/iPhoneSimulator.platform/Developer/usr/lib -F /Users/xinyufang/Library/Developer/Xcode/DerivedData/Buzz-faillbpsmponqzeruhhvskovixzk/Build/Products/Debug-iphonesimulator -F /Applications/Xcode.app/Contents/Developer/Platforms/iPhoneSimulator.platform/Developer/Library/Frameworks -F /Applications/Xcode.app/Contents/Developer/Platforms/iPhoneSimulator.platform/Developer/SDKs/iPhoneSimulator26.0.sdk/Developer/Library/Frameworks -c -j8 -enable-batch-mode -incremental -Xcc -ivfsstatcache -Xcc /Users/xinyufang/Library/Developer/Xcode/DerivedData/SDKStatCaches.noindex/iphonesimulator26.0-23A339-26257891a6c027eb51374368541b8346.sdkstatcache -output-file-map /Users/xinyufang/Library/Developer/Xcode/DerivedData/Buzz-faillbpsmponqzeruhhvskovixzk/Build/Intermediates.noindex/swift-http-types.build/Debug-iphonesimulator/HTTPTypes.build/Objects-normal/arm64/HTTPTypes-OutputFileMap.json -use-frontend-parseable-output -save-temps -no-color-diagnostics -explicit-module-build -module-cache-path /Users/xinyufang/Library/Developer/Xcode/DerivedData/Buzz-faillbpsmponqzeruhhvskovixzk/Build/Intermediates.noindex/SwiftExplicitPrecompiledModules -clang-scanner-module-cache-path /Users/xinyufang/Library/Developer/Xcode/DerivedData/ModuleCache.noindex -sdk-module-cache-path /Users/xinyufang/Library/Developer/Xcode/DerivedData/ModuleCache.noindex -serialize-diagnostics -emit-dependencies -emit-module -emit-module-path /Users/xinyufang/Library/Developer/Xcode/DerivedData/Buzz-faillbpsmponqzeruhhvskovixzk/Build/Intermediates.noindex/swift-http-types.build/Debug-iphonesimulator/HTTPTypes.build/Objects-normal/arm64/HTTPTypes.swiftmodule -validate-clang-modules-once -clang-build-session-file /Users/xinyufang/Library/Developer/Xcode/DerivedData/ModuleCache.noindex/Session.modulevalidation -package-name swift_http_types -Xcc -I/Users/xinyufang/Library/Developer/Xcode/DerivedData/Buzz-faillbpsmponqzeruhhvskovixzk/Build/Intermediates.noindex/swift-http-types.build/Debug-iphonesimulator/HTTPTypes.build/swift-overrides.hmap -emit-const-values -Xfrontend -const-gather-protocols-file -Xfrontend /Users/xinyufang/Library/Developer/Xcode/DerivedData/Buzz-faillbpsmponqzeruhhvskovixzk/Build/Intermediates.noindex/swift-http-types.build/Debug-iphonesimulator/HTTPTypes.build/Objects-normal/arm64/HTTPTypes_const_extract_protocols.json -Xcc -I/Users/xinyufang/Library/Developer/Xcode/DerivedData/Buzz-faillbpsmponqzeruhhvskovixzk/Build/Products/Debug-iphonesimulator/include -Xcc -I/Users/xinyufang/Library/Developer/Xcode/DerivedData/Buzz-faillbpsmponqzeruhhvskovixzk/Build/Intermediates.noindex/swift-http-types.build/Debug-iphonesimulator/HTTPTypes.build/DerivedSources-normal/arm64 -Xcc -I/Users/xinyufang/Library/Developer/Xcode/DerivedData/Buzz-faillbpsmponqzeruhhvskovixzk/Build/Intermediates.noindex/swift-http-types.build/Debug-iphonesimulator/HTTPTypes.build/DerivedSources/arm64 -Xcc -I/Users/xinyufang/Library/Developer/Xcode/DerivedData/Buzz-faillbpsmponqzeruhhvskovixzk/Build/Intermediates.noindex/swift-http-types.build/Debug-iphonesimulator/HTTPTypes.build/DerivedSources -Xcc -DSWIFT_PACKAGE -Xcc -DDEBUG\=1 -emit-objc-header -emit-objc-header-path /Users/xinyufang/Library/Developer/Xcode/DerivedData/Buzz-faillbpsmponqzeruhhvskovixzk/Build/Intermediates.noindex/swift-http-types.build/Debug-iphonesimulator/HTTPTypes.build/Objects-normal/arm64/HTTPTypes-Swift.h -working-directory /Users/xinyufang/Documents/Buzz/Buzz.xcodeproj -experimental-emit-module-separately -disable-cmo

SwiftDriverJobDiscovery normal arm64 Compiling ISOLatin1String.swift (in target 'HTTPTypes' from project 'swift-http-types')

PrecompileModule /Users/xinyufang/Library/Developer/Xcode/DerivedData/Buzz-faillbpsmponqzeruhhvskovixzk/Build/Intermediates.noindex/ExplicitPrecompiledModules/os_object-5OIZ2Y90CNJZ25JRTMXLX3FJE.scan
    cd /
    builtin-precompileModule /Users/xinyufang/Library/Developer/Xcode/DerivedData/Buzz-faillbpsmponqzeruhhvskovixzk/Build/Intermediates.noindex/ExplicitPrecompiledModules/os_object-5OIZ2Y90CNJZ25JRTMXLX3FJE.scan

SwiftMergeGeneratedHeaders /Users/xinyufang/Library/Developer/Xcode/DerivedData/Buzz-faillbpsmponqzeruhhvskovixzk/Build/Intermediates.noindex/GeneratedModuleMaps-iphonesimulator/HTTPTypes-Swift.h /Users/xinyufang/Library/Developer/Xcode/DerivedData/Buzz-faillbpsmponqzeruhhvskovixzk/Build/Intermediates.noindex/swift-http-types.build/Debug-iphonesimulator/HTTPTypes.build/Objects-normal/arm64/HTTPTypes-Swift.h (in target 'HTTPTypes' from project 'swift-http-types')
    cd /Users/xinyufang/Library/Developer/Xcode/DerivedData/Buzz-faillbpsmponqzeruhhvskovixzk/SourcePackages/checkouts/swift-http-types
    builtin-swiftHeaderTool -arch arm64 /Users/xinyufang/Library/Developer/Xcode/DerivedData/Buzz-faillbpsmponqzeruhhvskovixzk/Build/Intermediates.noindex/swift-http-types.build/Debug-iphonesimulator/HTTPTypes.build/Objects-normal/arm64/HTTPTypes-Swift.h -o /Users/xinyufang/Library/Developer/Xcode/DerivedData/Buzz-faillbpsmponqzeruhhvskovixzk/Build/Intermediates.noindex/GeneratedModuleMaps-iphonesimulator/HTTPTypes-Swift.h

Copy /Users/xinyufang/Library/Developer/Xcode/DerivedData/Buzz-faillbpsmponqzeruhhvskovixzk/Build/Products/Debug-iphonesimulator/HTTPTypes.swiftmodule/arm64-apple-ios-simulator.swiftmodule /Users/xinyufang/Library/Developer/Xcode/DerivedData/Buzz-faillbpsmponqzeruhhvskovixzk/Build/Intermediates.noindex/swift-http-types.build/Debug-iphonesimulator/HTTPTypes.build/Objects-normal/arm64/HTTPTypes.swiftmodule (in target 'HTTPTypes' from project 'swift-http-types')
    cd /Users/xinyufang/Library/Developer/Xcode/DerivedData/Buzz-faillbpsmponqzeruhhvskovixzk/SourcePackages/checkouts/swift-http-types
    builtin-copy -exclude .DS_Store -exclude CVS -exclude .svn -exclude .git -exclude .hg -resolve-src-symlinks -rename /Users/xinyufang/Library/Developer/Xcode/DerivedData/Buzz-faillbpsmponqzeruhhvskovixzk/Build/Intermediates.noindex/swift-http-types.build/Debug-iphonesimulator/HTTPTypes.build/Objects-normal/arm64/HTTPTypes.swiftmodule /Users/xinyufang/Library/Developer/Xcode/DerivedData/Buzz-faillbpsmponqzeruhhvskovixzk/Build/Products/Debug-iphonesimulator/HTTPTypes.swiftmodule/arm64-apple-ios-simulator.swiftmodule

Copy /Users/xinyufang/Library/Developer/Xcode/DerivedData/Buzz-faillbpsmponqzeruhhvskovixzk/Build/Products/Debug-iphonesimulator/HTTPTypes.swiftmodule/arm64-apple-ios-simulator.swiftdoc /Users/xinyufang/Library/Developer/Xcode/DerivedData/Buzz-faillbpsmponqzeruhhvskovixzk/Build/Intermediates.noindex/swift-http-types.build/Debug-iphonesimulator/HTTPTypes.build/Objects-normal/arm64/HTTPTypes.swiftdoc (in target 'HTTPTypes' from project 'swift-http-types')
    cd /Users/xinyufang/Library/Developer/Xcode/DerivedData/Buzz-faillbpsmponqzeruhhvskovixzk/SourcePackages/checkouts/swift-http-types
    builtin-copy -exclude .DS_Store -exclude CVS -exclude .svn -exclude .git -exclude .hg -resolve-src-symlinks -rename /Users/xinyufang/Library/Developer/Xcode/DerivedData/Buzz-faillbpsmponqzeruhhvskovixzk/Build/Intermediates.noindex/swift-http-types.build/Debug-iphonesimulator/HTTPTypes.build/Objects-normal/arm64/HTTPTypes.swiftdoc /Users/xinyufang/Library/Developer/Xcode/DerivedData/Buzz-faillbpsmponqzeruhhvskovixzk/Build/Products/Debug-iphonesimulator/HTTPTypes.swiftmodule/arm64-apple-ios-simulator.swiftdoc

Copy /Users/xinyufang/Library/Developer/Xcode/DerivedData/Buzz-faillbpsmponqzeruhhvskovixzk/Build/Products/Debug-iphonesimulator/HTTPTypes.swiftmodule/arm64-apple-ios-simulator.abi.json /Users/xinyufang/Library/Developer/Xcode/DerivedData/Buzz-faillbpsmponqzeruhhvskovixzk/Build/Intermediates.noindex/swift-http-types.build/Debug-iphonesimulator/HTTPTypes.build/Objects-normal/arm64/HTTPTypes.abi.json (in target 'HTTPTypes' from project 'swift-http-types')
    cd /Users/xinyufang/Library/Developer/Xcode/DerivedData/Buzz-faillbpsmponqzeruhhvskovixzk/SourcePackages/checkouts/swift-http-types
    builtin-copy -exclude .DS_Store -exclude CVS -exclude .svn -exclude .git -exclude .hg -resolve-src-symlinks -rename /Users/xinyufang/Library/Developer/Xcode/DerivedData/Buzz-faillbpsmponqzeruhhvskovixzk/Build/Intermediates.noindex/swift-http-types.build/Debug-iphonesimulator/HTTPTypes.build/Objects-normal/arm64/HTTPTypes.abi.json /Users/xinyufang/Library/Developer/Xcode/DerivedData/Buzz-faillbpsmponqzeruhhvskovixzk/Build/Products/Debug-iphonesimulator/HTTPTypes.swiftmodule/arm64-apple-ios-simulator.abi.json

Copy /Users/xinyufang/Library/Developer/Xcode/DerivedData/Buzz-faillbpsmponqzeruhhvskovixzk/Build/Products/Debug-iphonesimulator/HTTPTypes.swiftmodule/Project/arm64-apple-ios-simulator.swiftsourceinfo /Users/xinyufang/Library/Developer/Xcode/DerivedData/Buzz-faillbpsmponqzeruhhvskovixzk/Build/Intermediates.noindex/swift-http-types.build/Debug-iphonesimulator/HTTPTypes.build/Objects-normal/arm64/HTTPTypes.swiftsourceinfo (in target 'HTTPTypes' from project 'swift-http-types')
    cd /Users/xinyufang/Library/Developer/Xcode/DerivedData/Buzz-faillbpsmponqzeruhhvskovixzk/SourcePackages/checkouts/swift-http-types
    builtin-copy -exclude .DS_Store -exclude CVS -exclude .svn -exclude .git -exclude .hg -resolve-src-symlinks -rename /Users/xinyufang/Library/Developer/Xcode/DerivedData/Buzz-faillbpsmponqzeruhhvskovixzk/Build/Intermediates.noindex/swift-http-types.build/Debug-iphonesimulator/HTTPTypes.build/Objects-normal/arm64/HTTPTypes.swiftsourceinfo /Users/xinyufang/Library/Developer/Xcode/DerivedData/Buzz-faillbpsmponqzeruhhvskovixzk/Build/Products/Debug-iphonesimulator/HTTPTypes.swiftmodule/Project/arm64-apple-ios-simulator.swiftsourceinfo

PrecompileModule /Users/xinyufang/Library/Developer/Xcode/DerivedData/Buzz-faillbpsmponqzeruhhvskovixzk/Build/Intermediates.noindex/ExplicitPrecompiledModules/os_workgroup-6KMNJ65CUS1WR5KN05MI7EB8K.scan
    cd /
    builtin-precompileModule /Users/xinyufang/Library/Developer/Xcode/DerivedData/Buzz-faillbpsmponqzeruhhvskovixzk/Build/Intermediates.noindex/ExplicitPrecompiledModules/os_workgroup-6KMNJ65CUS1WR5KN05MI7EB8K.scan

PrecompileModule /Users/xinyufang/Library/Developer/Xcode/DerivedData/Buzz-faillbpsmponqzeruhhvskovixzk/Build/Intermediates.noindex/ExplicitPrecompiledModules/ptrauth-D7NEY1CHPALCU8565FLC7A2AS.scan
    cd /
    builtin-precompileModule /Users/xinyufang/Library/Developer/Xcode/DerivedData/Buzz-faillbpsmponqzeruhhvskovixzk/Build/Intermediates.noindex/ExplicitPrecompiledModules/ptrauth-D7NEY1CHPALCU8565FLC7A2AS.scan

PrecompileModule /Users/xinyufang/Library/Developer/Xcode/DerivedData/Buzz-faillbpsmponqzeruhhvskovixzk/Build/Intermediates.noindex/ExplicitPrecompiledModules/Dispatch-C92L2D3LHE9J8V77TZB9NVZPR.scan
    cd /
    builtin-precompileModule /Users/xinyufang/Library/Developer/Xcode/DerivedData/Buzz-faillbpsmponqzeruhhvskovixzk/Build/Intermediates.noindex/ExplicitPrecompiledModules/Dispatch-C92L2D3LHE9J8V77TZB9NVZPR.scan

PrecompileModule /Users/xinyufang/Library/Developer/Xcode/DerivedData/Buzz-faillbpsmponqzeruhhvskovixzk/Build/Intermediates.noindex/ExplicitPrecompiledModules/_Builtin_float-D2DJD1USN0KA5WZYXU5LK0BN6.scan
    cd /
    builtin-precompileModule /Users/xinyufang/Library/Developer/Xcode/DerivedData/Buzz-faillbpsmponqzeruhhvskovixzk/Build/Intermediates.noindex/ExplicitPrecompiledModules/_Builtin_float-D2DJD1USN0KA5WZYXU5LK0BN6.scan

PrecompileModule /Users/xinyufang/Library/Developer/Xcode/DerivedData/Buzz-faillbpsmponqzeruhhvskovixzk/Build/Intermediates.noindex/ExplicitPrecompiledModules/XPC-2EASSVJ69WKWIP44GDC18OEO5.scan
    cd /
    builtin-precompileModule /Users/xinyufang/Library/Developer/Xcode/DerivedData/Buzz-faillbpsmponqzeruhhvskovixzk/Build/Intermediates.noindex/ExplicitPrecompiledModules/XPC-2EASSVJ69WKWIP44GDC18OEO5.scan

SwiftDriverJobDiscovery normal arm64 Compiling HTTPRequest+URL.swift (in target 'HTTPTypes' from project 'swift-http-types')

SwiftDriver\ Compilation StripeCardScan normal arm64 com.apple.xcode.tools.swift.compiler (in target 'StripeCardScan' from project 'Stripe')
    cd /Users/xinyufang/Documents/Buzz/Buzz.xcodeproj
    builtin-Swift-Compilation -- /Applications/Xcode.app/Contents/Developer/Toolchains/XcodeDefault.xctoolchain/usr/bin/swiftc -module-name StripeCardScan -Onone -enforce-exclusivity\=checked @/Users/xinyufang/Library/Developer/Xcode/DerivedData/Buzz-faillbpsmponqzeruhhvskovixzk/Build/Intermediates.noindex/Stripe.build/Debug-iphonesimulator/StripeCardScan.build/Objects-normal/arm64/StripeCardScan.SwiftFileList -DSWIFT_PACKAGE -DDEBUG -DSWIFT_MODULE_RESOURCE_BUNDLE_AVAILABLE -DXcode -plugin-path /Applications/Xcode.app/Contents/Developer/Toolchains/XcodeDefault.xctoolchain/usr/lib/swift/host/plugins/testing -enable-experimental-feature DebugDescriptionMacro -sdk /Applications/Xcode.app/Contents/Developer/Platforms/iPhoneSimulator.platform/Developer/SDKs/iPhoneSimulator26.0.sdk -target arm64-apple-ios13.0-simulator -g -module-cache-path /Users/xinyufang/Library/Developer/Xcode/DerivedData/ModuleCache.noindex -Xfrontend -serialize-debugging-options -enable-testing -suppress-warnings -index-store-path /Users/xinyufang/Library/Developer/Xcode/DerivedData/Buzz-faillbpsmponqzeruhhvskovixzk/Index.noindex/DataStore -Xcc -D_LIBCPP_HARDENING_MODE\=_LIBCPP_HARDENING_MODE_DEBUG -swift-version 5 -I /Users/xinyufang/Library/Developer/Xcode/DerivedData/Buzz-faillbpsmponqzeruhhvskovixzk/Build/Products/Debug-iphonesimulator -Isystem /Applications/Xcode.app/Contents/Developer/Platforms/iPhoneSimulator.platform/Developer/usr/lib -F /Users/xinyufang/Library/Developer/Xcode/DerivedData/Buzz-faillbpsmponqzeruhhvskovixzk/Build/Products/Debug-iphonesimulator/PackageFrameworks -F /Users/xinyufang/Library/Developer/Xcode/DerivedData/Buzz-faillbpsmponqzeruhhvskovixzk/Build/Products/Debug-iphonesimulator -F /Applications/Xcode.app/Contents/Developer/Platforms/iPhoneSimulator.platform/Developer/Library/Frameworks -F /Applications/Xcode.app/Contents/Developer/Platforms/iPhoneSimulator.platform/Developer/SDKs/iPhoneSimulator26.0.sdk/Developer/Library/Frameworks -emit-localized-strings -emit-localized-strings-path /Users/xinyufang/Library/Developer/Xcode/DerivedData/Buzz-faillbpsmponqzeruhhvskovixzk/Build/Intermediates.noindex/Stripe.build/Debug-iphonesimulator/StripeCardScan.build/Objects-normal/arm64 -c -j8 -enable-batch-mode -incremental -Xcc -ivfsstatcache -Xcc /Users/xinyufang/Library/Developer/Xcode/DerivedData/SDKStatCaches.noindex/iphonesimulator26.0-23A339-26257891a6c027eb51374368541b8346.sdkstatcache -output-file-map /Users/xinyufang/Library/Developer/Xcode/DerivedData/Buzz-faillbpsmponqzeruhhvskovixzk/Build/Intermediates.noindex/Stripe.build/Debug-iphonesimulator/StripeCardScan.build/Objects-normal/arm64/StripeCardScan-OutputFileMap.json -use-frontend-parseable-output -save-temps -no-color-diagnostics -explicit-module-build -module-cache-path /Users/xinyufang/Library/Developer/Xcode/DerivedData/Buzz-faillbpsmponqzeruhhvskovixzk/Build/Intermediates.noindex/SwiftExplicitPrecompiledModules -clang-scanner-module-cache-path /Users/xinyufang/Library/Developer/Xcode/DerivedData/ModuleCache.noindex -sdk-module-cache-path /Users/xinyufang/Library/Developer/Xcode/DerivedData/ModuleCache.noindex -serialize-diagnostics -emit-dependencies -emit-module -emit-module-path /Users/xinyufang/Library/Developer/Xcode/DerivedData/Buzz-faillbpsmponqzeruhhvskovixzk/Build/Intermediates.noindex/Stripe.build/Debug-iphonesimulator/StripeCardScan.build/Objects-normal/arm64/StripeCardScan.swiftmodule -validate-clang-modules-once -clang-build-session-file /Users/xinyufang/Library/Developer/Xcode/DerivedData/ModuleCache.noindex/Session.modulevalidation -Xcc -I/Users/xinyufang/Library/Developer/Xcode/DerivedData/Buzz-faillbpsmponqzeruhhvskovixzk/Build/Intermediates.noindex/Stripe.build/Debug-iphonesimulator/StripeCardScan.build/swift-overrides.hmap -emit-const-values -Xfrontend -const-gather-protocols-file -Xfrontend /Users/xinyufang/Library/Developer/Xcode/DerivedData/Buzz-faillbpsmponqzeruhhvskovixzk/Build/Intermediates.noindex/Stripe.build/Debug-iphonesimulator/StripeCardScan.build/Objects-normal/arm64/StripeCardScan_const_extract_protocols.json -Xcc -I/Users/xinyufang/Library/Developer/Xcode/DerivedData/Buzz-faillbpsmponqzeruhhvskovixzk/Build/Products/Debug-iphonesimulator/include -Xcc -I/Users/xinyufang/Library/Developer/Xcode/DerivedData/Buzz-faillbpsmponqzeruhhvskovixzk/Build/Intermediates.noindex/Stripe.build/Debug-iphonesimulator/StripeCardScan.build/DerivedSources-normal/arm64 -Xcc -I/Users/xinyufang/Library/Developer/Xcode/DerivedData/Buzz-faillbpsmponqzeruhhvskovixzk/Build/Intermediates.noindex/Stripe.build/Debug-iphonesimulator/StripeCardScan.build/DerivedSources/arm64 -Xcc -I/Users/xinyufang/Library/Developer/Xcode/DerivedData/Buzz-faillbpsmponqzeruhhvskovixzk/Build/Intermediates.noindex/Stripe.build/Debug-iphonesimulator/StripeCardScan.build/DerivedSources -Xcc -DSWIFT_PACKAGE -Xcc -DDEBUG\=1 -emit-objc-header -emit-objc-header-path /Users/xinyufang/Library/Developer/Xcode/DerivedData/Buzz-faillbpsmponqzeruhhvskovixzk/Build/Intermediates.noindex/Stripe.build/Debug-iphonesimulator/StripeCardScan.build/Objects-normal/arm64/StripeCardScan-Swift.h -working-directory /Users/xinyufang/Documents/Buzz/Buzz.xcodeproj -experimental-emit-module-separately -disable-cmo

PrecompileModule /Users/xinyufang/Library/Developer/Xcode/DerivedData/Buzz-faillbpsmponqzeruhhvskovixzk/Build/Intermediates.noindex/ExplicitPrecompiledModules/CoreFoundation-7L4BOVQ76W7NQV362P7O0CAGF.scan
    cd /
    builtin-precompileModule /Users/xinyufang/Library/Developer/Xcode/DerivedData/Buzz-faillbpsmponqzeruhhvskovixzk/Build/Intermediates.noindex/ExplicitPrecompiledModules/CoreFoundation-7L4BOVQ76W7NQV362P7O0CAGF.scan

RegisterExecutionPolicyException /Users/xinyufang/Library/Developer/Xcode/DerivedData/Buzz-faillbpsmponqzeruhhvskovixzk/Build/Products/Debug-iphonesimulator/Promises_FBLPromises.bundle (in target 'Promises_FBLPromises' from project 'Promises')
    cd /Users/xinyufang/Library/Developer/Xcode/DerivedData/Buzz-faillbpsmponqzeruhhvskovixzk/SourcePackages/checkouts/promises
    builtin-RegisterExecutionPolicyException /Users/xinyufang/Library/Developer/Xcode/DerivedData/Buzz-faillbpsmponqzeruhhvskovixzk/Build/Products/Debug-iphonesimulator/Promises_FBLPromises.bundle

SwiftCompile normal arm64 Compiling\ HTTPResponse.swift /Users/xinyufang/Library/Developer/Xcode/DerivedData/Buzz-faillbpsmponqzeruhhvskovixzk/SourcePackages/checkouts/swift-http-types/Sources/HTTPTypes/HTTPResponse.swift (in target 'HTTPTypes' from project 'swift-http-types')

SwiftCompile normal arm64 /Users/xinyufang/Library/Developer/Xcode/DerivedData/Buzz-faillbpsmponqzeruhhvskovixzk/SourcePackages/checkouts/swift-http-types/Sources/HTTPTypes/HTTPResponse.swift (in target 'HTTPTypes' from project 'swift-http-types')
    cd /Users/xinyufang/Documents/Buzz/Buzz.xcodeproj
    

SwiftCompile normal arm64 Compiling\ HTTPRequest.swift /Users/xinyufang/Library/Developer/Xcode/DerivedData/Buzz-faillbpsmponqzeruhhvskovixzk/SourcePackages/checkouts/swift-http-types/Sources/HTTPTypes/HTTPRequest.swift (in target 'HTTPTypes' from project 'swift-http-types')

SwiftCompile normal arm64 /Users/xinyufang/Library/Developer/Xcode/DerivedData/Buzz-faillbpsmponqzeruhhvskovixzk/SourcePackages/checkouts/swift-http-types/Sources/HTTPTypes/HTTPRequest.swift (in target 'HTTPTypes' from project 'swift-http-types')
    cd /Users/xinyufang/Documents/Buzz/Buzz.xcodeproj
    

SwiftDriverJobDiscovery normal arm64 Compiling HTTPField.swift, HTTPFieldName.swift (in target 'HTTPTypes' from project 'swift-http-types')

SwiftCompile normal arm64 Compiling\ NIOLock.swift /Users/xinyufang/Library/Developer/Xcode/DerivedData/Buzz-faillbpsmponqzeruhhvskovixzk/SourcePackages/checkouts/swift-http-types/Sources/HTTPTypes/NIOLock.swift (in target 'HTTPTypes' from project 'swift-http-types')

SwiftCompile normal arm64 /Users/xinyufang/Library/Developer/Xcode/DerivedData/Buzz-faillbpsmponqzeruhhvskovixzk/SourcePackages/checkouts/swift-http-types/Sources/HTTPTypes/NIOLock.swift (in target 'HTTPTypes' from project 'swift-http-types')
    cd /Users/xinyufang/Documents/Buzz/Buzz.xcodeproj
    

SwiftEmitModule normal arm64 Emitting\ module\ for\ StripeApplePay (in target 'StripeApplePay' from project 'Stripe')

EmitSwiftModule normal arm64 (in target 'StripeApplePay' from project 'Stripe')
    cd /Users/xinyufang/Documents/Buzz/Buzz.xcodeproj
    

PrecompileModule /Users/xinyufang/Library/Developer/Xcode/DerivedData/Buzz-faillbpsmponqzeruhhvskovixzk/Build/Intermediates.noindex/ExplicitPrecompiledModules/CFNetwork-3BPRRQGDA3N8UXXDWKBKK3GK5.scan
    cd /
    builtin-precompileModule /Users/xinyufang/Library/Developer/Xcode/DerivedData/Buzz-faillbpsmponqzeruhhvskovixzk/Build/Intermediates.noindex/ExplicitPrecompiledModules/CFNetwork-3BPRRQGDA3N8UXXDWKBKK3GK5.scan

SwiftEmitModule normal arm64 Emitting\ module\ for\ StripeIdentity (in target 'StripeIdentity' from project 'Stripe')
EmitSwiftModule normal arm64 (in target 'StripeIdentity' from project 'Stripe')
    cd /Users/xinyufang/Documents/Buzz/Buzz.xcodeproj
    

SwiftDriverJobDiscovery normal arm64 Compiling NIOLock.swift (in target 'HTTPTypes' from project 'swift-http-types')

PrecompileModule /Users/xinyufang/Library/Developer/Xcode/DerivedData/Buzz-faillbpsmponqzeruhhvskovixzk/Build/Intermediates.noindex/ExplicitPrecompiledModules/Security-12U9H3IYMU7BLVK0CQHYEIEM5.scan
    cd /
    builtin-precompileModule /Users/xinyufang/Library/Developer/Xcode/DerivedData/Buzz-faillbpsmponqzeruhhvskovixzk/Build/Intermediates.noindex/ExplicitPrecompiledModules/Security-12U9H3IYMU7BLVK0CQHYEIEM5.scan

SwiftCompile normal arm64 Compiling\ MLModelUnexpectedOutputError.swift,\ NonMaxSuppression.swift,\ IdentityMLModelLoader.swift,\ BiometricConsentViewController.swift,\ BottomSheetViewController.swift,\ CountryNotListedViewController.swift,\ DebugViewController.swift,\ DocumentCaptureViewController+Strings.swift,\ DocumentCaptureViewController.swift,\ DocumentFileUploadViewController+Strings.swift,\ DocumentFileUploadViewController.swift,\ DocumentWarmupViewController.swift,\ ErrorViewController.swift,\ IdentityFlowViewController.swift,\ IndividualViewController.swift,\ IndividualWelcomeViewController.swift,\ LoadingViewController.swift,\ PhoneOtpViewController.swift,\ SelfieCaptureViewController+Strings.swift /Users/xinyufang/Library/Developer/Xcode/DerivedData/Buzz-faillbpsmponqzeruhhvskovixzk/SourcePackages/checkouts/stripe-ios-spm/StripeIdentity/StripeIdentity/Source/NativeComponents/ML/Helpers/MLModelUnexpectedOutputError.swift /Users/xinyufang/Library/Developer/Xcode/DerivedData/Buzz-faillbpsmponqzeruhhvskovixzk/SourcePackages/checkouts/stripe-ios-spm/StripeIdentity/StripeIdentity/Source/NativeComponents/ML/Helpers/NonMaxSuppression.swift /Users/xinyufang/Library/Developer/Xcode/DerivedData/Buzz-faillbpsmponqzeruhhvskovixzk/SourcePackages/checkouts/stripe-ios-spm/StripeIdentity/StripeIdentity/Source/NativeComponents/ML/IdentityMLModelLoader.swift /Users/xinyufang/Library/Developer/Xcode/DerivedData/Buzz-faillbpsmponqzeruhhvskovixzk/SourcePackages/checkouts/stripe-ios-spm/StripeIdentity/StripeIdentity/Source/NativeComponents/ViewControllers/BiometricConsentViewController.swift /Users/xinyufang/Library/Developer/Xcode/DerivedData/Buzz-faillbpsmponqzeruhhvskovixzk/SourcePackages/checkouts/stripe-ios-spm/StripeIdentity/StripeIdentity/Source/NativeComponents/ViewControllers/BottomSheetViewController.swift /Users/xinyufang/Library/Developer/Xcode/DerivedData/Buzz-faillbpsmponqzeruhhvskovixzk/SourcePackages/checkouts/stripe-ios-spm/StripeIdentity/StripeIdentity/Source/NativeComponents/ViewControllers/CountryNotListedViewController.swift /Users/xinyufang/Library/Developer/Xcode/DerivedData/Buzz-faillbpsmponqzeruhhvskovixzk/SourcePackages/checkouts/stripe-ios-spm/StripeIdentity/StripeIdentity/Source/NativeComponents/ViewControllers/DebugViewController.swift /Users/xinyufang/Library/Developer/Xcode/DerivedData/Buzz-faillbpsmponqzeruhhvskovixzk/SourcePackages/checkouts/stripe-ios-spm/StripeIdentity/StripeIdentity/Source/NativeComponents/ViewControllers/DocumentCaptureViewController+Strings.swift /Users/xinyufang/Library/Developer/Xcode/DerivedData/Buzz-faillbpsmponqzeruhhvskovixzk/SourcePackages/checkouts/stripe-ios-spm/StripeIdentity/StripeIdentity/Source/NativeComponents/ViewControllers/DocumentCaptureViewController.swift /Users/xinyufang/Library/Developer/Xcode/DerivedData/Buzz-faillbpsmponqzeruhhvskovixzk/SourcePackages/checkouts/stripe-ios-spm/StripeIdentity/StripeIdentity/Source/NativeComponents/ViewControllers/DocumentFileUploadViewController+Strings.swift /Users/xinyufang/Library/Developer/Xcode/DerivedData/Buzz-faillbpsmponqzeruhhvskovixzk/SourcePackages/checkouts/stripe-ios-spm/StripeIdentity/StripeIdentity/Source/NativeComponents/ViewControllers/DocumentFileUploadViewController.swift /Users/xinyufang/Library/Developer/Xcode/DerivedData/Buzz-faillbpsmponqzeruhhvskovixzk/SourcePackages/checkouts/stripe-ios-spm/StripeIdentity/StripeIdentity/Source/NativeComponents/ViewControllers/DocumentWarmupViewController.swift /Users/xinyufang/Library/Developer/Xcode/DerivedData/Buzz-faillbpsmponqzeruhhvskovixzk/SourcePackages/checkouts/stripe-ios-spm/StripeIdentity/StripeIdentity/Source/NativeComponents/ViewControllers/ErrorViewController.swift /Users/xinyufang/Library/Developer/Xcode/DerivedData/Buzz-faillbpsmponqzeruhhvskovixzk/SourcePackages/checkouts/stripe-ios-spm/StripeIdentity/StripeIdentity/Source/NativeComponents/ViewControllers/IdentityFlowViewController.swift /Users/xinyufang/Library/Developer/Xcode/DerivedData/Buzz-faillbpsmponqzeruhhvskovixzk/SourcePackages/checkouts/stripe-ios-spm/StripeIdentity/StripeIdentity/Source/NativeComponents/ViewControllers/IndividualViewController.swift /Users/xinyufang/Library/Developer/Xcode/DerivedData/Buzz-faillbpsmponqzeruhhvskovixzk/SourcePackages/checkouts/stripe-ios-spm/StripeIdentity/StripeIdentity/Source/NativeComponents/ViewControllers/IndividualWelcomeViewController.swift /Users/xinyufang/Library/Developer/Xcode/DerivedData/Buzz-faillbpsmponqzeruhhvskovixzk/SourcePackages/checkouts/stripe-ios-spm/StripeIdentity/StripeIdentity/Source/NativeComponents/ViewControllers/LoadingViewController.swift /Users/xinyufang/Library/Developer/Xcode/DerivedData/Buzz-faillbpsmponqzeruhhvskovixzk/SourcePackages/checkouts/stripe-ios-spm/StripeIdentity/StripeIdentity/Source/NativeComponents/ViewControllers/PhoneOtpViewController.swift /Users/xinyufang/Library/Developer/Xcode/DerivedData/Buzz-faillbpsmponqzeruhhvskovixzk/SourcePackages/checkouts/stripe-ios-spm/StripeIdentity/StripeIdentity/Source/NativeComponents/ViewControllers/SelfieCaptureViewController+Strings.swift (in target 'StripeIdentity' from project 'Stripe')
SwiftCompile normal arm64 /Users/xinyufang/Library/Developer/Xcode/DerivedData/Buzz-faillbpsmponqzeruhhvskovixzk/SourcePackages/checkouts/stripe-ios-spm/StripeIdentity/StripeIdentity/Source/NativeComponents/ML/Helpers/MLModelUnexpectedOutputError.swift (in target 'StripeIdentity' from project 'Stripe')
    cd /Users/xinyufang/Documents/Buzz/Buzz.xcodeproj
    

SwiftCompile normal arm64 /Users/xinyufang/Library/Developer/Xcode/DerivedData/Buzz-faillbpsmponqzeruhhvskovixzk/SourcePackages/checkouts/stripe-ios-spm/StripeIdentity/StripeIdentity/Source/NativeComponents/ML/Helpers/NonMaxSuppression.swift (in target 'StripeIdentity' from project 'Stripe')
    cd /Users/xinyufang/Documents/Buzz/Buzz.xcodeproj
    

SwiftCompile normal arm64 /Users/xinyufang/Library/Developer/Xcode/DerivedData/Buzz-faillbpsmponqzeruhhvskovixzk/SourcePackages/checkouts/stripe-ios-spm/StripeIdentity/StripeIdentity/Source/NativeComponents/ML/IdentityMLModelLoader.swift (in target 'StripeIdentity' from project 'Stripe')
    cd /Users/xinyufang/Documents/Buzz/Buzz.xcodeproj
    

SwiftCompile normal arm64 /Users/xinyufang/Library/Developer/Xcode/DerivedData/Buzz-faillbpsmponqzeruhhvskovixzk/SourcePackages/checkouts/stripe-ios-spm/StripeIdentity/StripeIdentity/Source/NativeComponents/ViewControllers/BiometricConsentViewController.swift (in target 'StripeIdentity' from project 'Stripe')
    cd /Users/xinyufang/Documents/Buzz/Buzz.xcodeproj
    

SwiftCompile normal arm64 /Users/xinyufang/Library/Developer/Xcode/DerivedData/Buzz-faillbpsmponqzeruhhvskovixzk/SourcePackages/checkouts/stripe-ios-spm/StripeIdentity/StripeIdentity/Source/NativeComponents/ViewControllers/BottomSheetViewController.swift (in target 'StripeIdentity' from project 'Stripe')
    cd /Users/xinyufang/Documents/Buzz/Buzz.xcodeproj
    

SwiftCompile normal arm64 /Users/xinyufang/Library/Developer/Xcode/DerivedData/Buzz-faillbpsmponqzeruhhvskovixzk/SourcePackages/checkouts/stripe-ios-spm/StripeIdentity/StripeIdentity/Source/NativeComponents/ViewControllers/CountryNotListedViewController.swift (in target 'StripeIdentity' from project 'Stripe')
    cd /Users/xinyufang/Documents/Buzz/Buzz.xcodeproj
    

SwiftCompile normal arm64 /Users/xinyufang/Library/Developer/Xcode/DerivedData/Buzz-faillbpsmponqzeruhhvskovixzk/SourcePackages/checkouts/stripe-ios-spm/StripeIdentity/StripeIdentity/Source/NativeComponents/ViewControllers/DebugViewController.swift (in target 'StripeIdentity' from project 'Stripe')
    cd /Users/xinyufang/Documents/Buzz/Buzz.xcodeproj
    

SwiftCompile normal arm64 /Users/xinyufang/Library/Developer/Xcode/DerivedData/Buzz-faillbpsmponqzeruhhvskovixzk/SourcePackages/checkouts/stripe-ios-spm/StripeIdentity/StripeIdentity/Source/NativeComponents/ViewControllers/DocumentCaptureViewController+Strings.swift (in target 'StripeIdentity' from project 'Stripe')
    cd /Users/xinyufang/Documents/Buzz/Buzz.xcodeproj
    

SwiftCompile normal arm64 /Users/xinyufang/Library/Developer/Xcode/DerivedData/Buzz-faillbpsmponqzeruhhvskovixzk/SourcePackages/checkouts/stripe-ios-spm/StripeIdentity/StripeIdentity/Source/NativeComponents/ViewControllers/DocumentCaptureViewController.swift (in target 'StripeIdentity' from project 'Stripe')
    cd /Users/xinyufang/Documents/Buzz/Buzz.xcodeproj
    

SwiftCompile normal arm64 /Users/xinyufang/Library/Developer/Xcode/DerivedData/Buzz-faillbpsmponqzeruhhvskovixzk/SourcePackages/checkouts/stripe-ios-spm/StripeIdentity/StripeIdentity/Source/NativeComponents/ViewControllers/DocumentFileUploadViewController+Strings.swift (in target 'StripeIdentity' from project 'Stripe')
    cd /Users/xinyufang/Documents/Buzz/Buzz.xcodeproj
    

SwiftCompile normal arm64 /Users/xinyufang/Library/Developer/Xcode/DerivedData/Buzz-faillbpsmponqzeruhhvskovixzk/SourcePackages/checkouts/stripe-ios-spm/StripeIdentity/StripeIdentity/Source/NativeComponents/ViewControllers/DocumentFileUploadViewController.swift (in target 'StripeIdentity' from project 'Stripe')
    cd /Users/xinyufang/Documents/Buzz/Buzz.xcodeproj
    

SwiftCompile normal arm64 /Users/xinyufang/Library/Developer/Xcode/DerivedData/Buzz-faillbpsmponqzeruhhvskovixzk/SourcePackages/checkouts/stripe-ios-spm/StripeIdentity/StripeIdentity/Source/NativeComponents/ViewControllers/DocumentWarmupViewController.swift (in target 'StripeIdentity' from project 'Stripe')
    cd /Users/xinyufang/Documents/Buzz/Buzz.xcodeproj
    

SwiftCompile normal arm64 /Users/xinyufang/Library/Developer/Xcode/DerivedData/Buzz-faillbpsmponqzeruhhvskovixzk/SourcePackages/checkouts/stripe-ios-spm/StripeIdentity/StripeIdentity/Source/NativeComponents/ViewControllers/ErrorViewController.swift (in target 'StripeIdentity' from project 'Stripe')
    cd /Users/xinyufang/Documents/Buzz/Buzz.xcodeproj
    

SwiftCompile normal arm64 /Users/xinyufang/Library/Developer/Xcode/DerivedData/Buzz-faillbpsmponqzeruhhvskovixzk/SourcePackages/checkouts/stripe-ios-spm/StripeIdentity/StripeIdentity/Source/NativeComponents/ViewControllers/IdentityFlowViewController.swift (in target 'StripeIdentity' from project 'Stripe')
    cd /Users/xinyufang/Documents/Buzz/Buzz.xcodeproj
    

SwiftCompile normal arm64 /Users/xinyufang/Library/Developer/Xcode/DerivedData/Buzz-faillbpsmponqzeruhhvskovixzk/SourcePackages/checkouts/stripe-ios-spm/StripeIdentity/StripeIdentity/Source/NativeComponents/ViewControllers/IndividualViewController.swift (in target 'StripeIdentity' from project 'Stripe')
    cd /Users/xinyufang/Documents/Buzz/Buzz.xcodeproj
    

SwiftCompile normal arm64 /Users/xinyufang/Library/Developer/Xcode/DerivedData/Buzz-faillbpsmponqzeruhhvskovixzk/SourcePackages/checkouts/stripe-ios-spm/StripeIdentity/StripeIdentity/Source/NativeComponents/ViewControllers/IndividualWelcomeViewController.swift (in target 'StripeIdentity' from project 'Stripe')
    cd /Users/xinyufang/Documents/Buzz/Buzz.xcodeproj
    

SwiftCompile normal arm64 /Users/xinyufang/Library/Developer/Xcode/DerivedData/Buzz-faillbpsmponqzeruhhvskovixzk/SourcePackages/checkouts/stripe-ios-spm/StripeIdentity/StripeIdentity/Source/NativeComponents/ViewControllers/LoadingViewController.swift (in target 'StripeIdentity' from project 'Stripe')
    cd /Users/xinyufang/Documents/Buzz/Buzz.xcodeproj
    

SwiftCompile normal arm64 /Users/xinyufang/Library/Developer/Xcode/DerivedData/Buzz-faillbpsmponqzeruhhvskovixzk/SourcePackages/checkouts/stripe-ios-spm/StripeIdentity/StripeIdentity/Source/NativeComponents/ViewControllers/PhoneOtpViewController.swift (in target 'StripeIdentity' from project 'Stripe')
    cd /Users/xinyufang/Documents/Buzz/Buzz.xcodeproj
    

SwiftCompile normal arm64 /Users/xinyufang/Library/Developer/Xcode/DerivedData/Buzz-faillbpsmponqzeruhhvskovixzk/SourcePackages/checkouts/stripe-ios-spm/StripeIdentity/StripeIdentity/Source/NativeComponents/ViewControllers/SelfieCaptureViewController+Strings.swift (in target 'StripeIdentity' from project 'Stripe')
    cd /Users/xinyufang/Documents/Buzz/Buzz.xcodeproj
    

PrecompileModule /Users/xinyufang/Library/Developer/Xcode/DerivedData/Buzz-faillbpsmponqzeruhhvskovixzk/Build/Intermediates.noindex/ExplicitPrecompiledModules/Foundation-7YEOTTY77MN6Q9DJGSHEQDH1R.scan
    cd /
    builtin-precompileModule /Users/xinyufang/Library/Developer/Xcode/DerivedData/Buzz-faillbpsmponqzeruhhvskovixzk/Build/Intermediates.noindex/ExplicitPrecompiledModules/Foundation-7YEOTTY77MN6Q9DJGSHEQDH1R.scan

SwiftDriverJobDiscovery normal arm64 Compiling HTTPFields.swift (in target 'HTTPTypes' from project 'swift-http-types')

SwiftCompile normal arm64 Compiling\ SelfieCaptureViewController.swift,\ SelfieWarmupViewController.swift,\ SuccessViewController.swift,\ UIViewController+SafariExtension.swift,\ BottomAlignedLabel.swift,\ BottomSheetView.swift,\ CameraPreviewContainerView.swift,\ CompleteOptionView.swift,\ ContentCenteringScrollView.swift,\ DebugView.swift,\ AnimatedBorderView.swift,\ DocumentCaptureView.swift,\ DocumentScanningView.swift,\ InstructionalDocumentScanningView.swift,\ DocumentWarmupView.swift,\ ErrorView.swift,\ HeaderIconView.swift,\ HeaderView.swift,\ IdentityFlowView.swift /Users/xinyufang/Library/Developer/Xcode/DerivedData/Buzz-faillbpsmponqzeruhhvskovixzk/SourcePackages/checkouts/stripe-ios-spm/StripeIdentity/StripeIdentity/Source/NativeComponents/ViewControllers/SelfieCaptureViewController.swift /Users/xinyufang/Library/Developer/Xcode/DerivedData/Buzz-faillbpsmponqzeruhhvskovixzk/SourcePackages/checkouts/stripe-ios-spm/StripeIdentity/StripeIdentity/Source/NativeComponents/ViewControllers/SelfieWarmupViewController.swift /Users/xinyufang/Library/Developer/Xcode/DerivedData/Buzz-faillbpsmponqzeruhhvskovixzk/SourcePackages/checkouts/stripe-ios-spm/StripeIdentity/StripeIdentity/Source/NativeComponents/ViewControllers/SuccessViewController.swift /Users/xinyufang/Library/Developer/Xcode/DerivedData/Buzz-faillbpsmponqzeruhhvskovixzk/SourcePackages/checkouts/stripe-ios-spm/StripeIdentity/StripeIdentity/Source/NativeComponents/ViewControllers/UIViewController+SafariExtension.swift /Users/xinyufang/Library/Developer/Xcode/DerivedData/Buzz-faillbpsmponqzeruhhvskovixzk/SourcePackages/checkouts/stripe-ios-spm/StripeIdentity/StripeIdentity/Source/NativeComponents/Views/BottomAlignedLabel.swift /Users/xinyufang/Library/Developer/Xcode/DerivedData/Buzz-faillbpsmponqzeruhhvskovixzk/SourcePackages/checkouts/stripe-ios-spm/StripeIdentity/StripeIdentity/Source/NativeComponents/Views/BottomSheetView.swift /Users/xinyufang/Library/Developer/Xcode/DerivedData/Buzz-faillbpsmponqzeruhhvskovixzk/SourcePackages/checkouts/stripe-ios-spm/StripeIdentity/StripeIdentity/Source/NativeComponents/Views/CameraPreviewContainerView.swift /Users/xinyufang/Library/Developer/Xcode/DerivedData/Buzz-faillbpsmponqzeruhhvskovixzk/SourcePackages/checkouts/stripe-ios-spm/StripeIdentity/StripeIdentity/Source/NativeComponents/Views/CompleteOptionView.swift /Users/xinyufang/Library/Developer/Xcode/DerivedData/Buzz-faillbpsmponqzeruhhvskovixzk/SourcePackages/checkouts/stripe-ios-spm/StripeIdentity/StripeIdentity/Source/NativeComponents/Views/ContentCenteringScrollView.swift /Users/xinyufang/Library/Developer/Xcode/DerivedData/Buzz-faillbpsmponqzeruhhvskovixzk/SourcePackages/checkouts/stripe-ios-spm/StripeIdentity/StripeIdentity/Source/NativeComponents/Views/DebugView.swift /Users/xinyufang/Library/Developer/Xcode/DerivedData/Buzz-faillbpsmponqzeruhhvskovixzk/SourcePackages/checkouts/stripe-ios-spm/StripeIdentity/StripeIdentity/Source/NativeComponents/Views/DocumentCapture/AnimatedBorderView.swift /Users/xinyufang/Library/Developer/Xcode/DerivedData/Buzz-faillbpsmponqzeruhhvskovixzk/SourcePackages/checkouts/stripe-ios-spm/StripeIdentity/StripeIdentity/Source/NativeComponents/Views/DocumentCapture/DocumentCaptureView.swift /Users/xinyufang/Library/Developer/Xcode/DerivedData/Buzz-faillbpsmponqzeruhhvskovixzk/SourcePackages/checkouts/stripe-ios-spm/StripeIdentity/StripeIdentity/Source/NativeComponents/Views/DocumentCapture/DocumentScanningView.swift /Users/xinyufang/Library/Developer/Xcode/DerivedData/Buzz-faillbpsmponqzeruhhvskovixzk/SourcePackages/checkouts/stripe-ios-spm/StripeIdentity/StripeIdentity/Source/NativeComponents/Views/DocumentCapture/InstructionalDocumentScanningView.swift /Users/xinyufang/Library/Developer/Xcode/DerivedData/Buzz-faillbpsmponqzeruhhvskovixzk/SourcePackages/checkouts/stripe-ios-spm/StripeIdentity/StripeIdentity/Source/NativeComponents/Views/DocumentWarmupView.swift /Users/xinyufang/Library/Developer/Xcode/DerivedData/Buzz-faillbpsmponqzeruhhvskovixzk/SourcePackages/checkouts/stripe-ios-spm/StripeIdentity/StripeIdentity/Source/NativeComponents/Views/ErrorView.swift /Users/xinyufang/Library/Developer/Xcode/DerivedData/Buzz-faillbpsmponqzeruhhvskovixzk/SourcePackages/checkouts/stripe-ios-spm/StripeIdentity/StripeIdentity/Source/NativeComponents/Views/HeaderIconView.swift /Users/xinyufang/Library/Developer/Xcode/DerivedData/Buzz-faillbpsmponqzeruhhvskovixzk/SourcePackages/checkouts/stripe-ios-spm/StripeIdentity/StripeIdentity/Source/NativeComponents/Views/HeaderView.swift /Users/xinyufang/Library/Developer/Xcode/DerivedData/Buzz-faillbpsmponqzeruhhvskovixzk/SourcePackages/checkouts/stripe-ios-spm/StripeIdentity/StripeIdentity/Source/NativeComponents/Views/IdentityFlowView.swift (in target 'StripeIdentity' from project 'Stripe')
SwiftCompile normal arm64 /Users/xinyufang/Library/Developer/Xcode/DerivedData/Buzz-faillbpsmponqzeruhhvskovixzk/SourcePackages/checkouts/stripe-ios-spm/StripeIdentity/StripeIdentity/Source/NativeComponents/ViewControllers/SelfieCaptureViewController.swift (in target 'StripeIdentity' from project 'Stripe')
    cd /Users/xinyufang/Documents/Buzz/Buzz.xcodeproj
    

SwiftCompile normal arm64 /Users/xinyufang/Library/Developer/Xcode/DerivedData/Buzz-faillbpsmponqzeruhhvskovixzk/SourcePackages/checkouts/stripe-ios-spm/StripeIdentity/StripeIdentity/Source/NativeComponents/ViewControllers/SelfieWarmupViewController.swift (in target 'StripeIdentity' from project 'Stripe')
    cd /Users/xinyufang/Documents/Buzz/Buzz.xcodeproj
    

SwiftCompile normal arm64 /Users/xinyufang/Library/Developer/Xcode/DerivedData/Buzz-faillbpsmponqzeruhhvskovixzk/SourcePackages/checkouts/stripe-ios-spm/StripeIdentity/StripeIdentity/Source/NativeComponents/ViewControllers/SuccessViewController.swift (in target 'StripeIdentity' from project 'Stripe')
    cd /Users/xinyufang/Documents/Buzz/Buzz.xcodeproj
    

SwiftCompile normal arm64 /Users/xinyufang/Library/Developer/Xcode/DerivedData/Buzz-faillbpsmponqzeruhhvskovixzk/SourcePackages/checkouts/stripe-ios-spm/StripeIdentity/StripeIdentity/Source/NativeComponents/ViewControllers/UIViewController+SafariExtension.swift (in target 'StripeIdentity' from project 'Stripe')
    cd /Users/xinyufang/Documents/Buzz/Buzz.xcodeproj
    

SwiftCompile normal arm64 /Users/xinyufang/Library/Developer/Xcode/DerivedData/Buzz-faillbpsmponqzeruhhvskovixzk/SourcePackages/checkouts/stripe-ios-spm/StripeIdentity/StripeIdentity/Source/NativeComponents/Views/BottomAlignedLabel.swift (in target 'StripeIdentity' from project 'Stripe')
    cd /Users/xinyufang/Documents/Buzz/Buzz.xcodeproj
    

SwiftCompile normal arm64 /Users/xinyufang/Library/Developer/Xcode/DerivedData/Buzz-faillbpsmponqzeruhhvskovixzk/SourcePackages/checkouts/stripe-ios-spm/StripeIdentity/StripeIdentity/Source/NativeComponents/Views/BottomSheetView.swift (in target 'StripeIdentity' from project 'Stripe')
    cd /Users/xinyufang/Documents/Buzz/Buzz.xcodeproj
    

SwiftCompile normal arm64 /Users/xinyufang/Library/Developer/Xcode/DerivedData/Buzz-faillbpsmponqzeruhhvskovixzk/SourcePackages/checkouts/stripe-ios-spm/StripeIdentity/StripeIdentity/Source/NativeComponents/Views/CameraPreviewContainerView.swift (in target 'StripeIdentity' from project 'Stripe')
    cd /Users/xinyufang/Documents/Buzz/Buzz.xcodeproj
    

SwiftCompile normal arm64 /Users/xinyufang/Library/Developer/Xcode/DerivedData/Buzz-faillbpsmponqzeruhhvskovixzk/SourcePackages/checkouts/stripe-ios-spm/StripeIdentity/StripeIdentity/Source/NativeComponents/Views/CompleteOptionView.swift (in target 'StripeIdentity' from project 'Stripe')
    cd /Users/xinyufang/Documents/Buzz/Buzz.xcodeproj
    

SwiftCompile normal arm64 /Users/xinyufang/Library/Developer/Xcode/DerivedData/Buzz-faillbpsmponqzeruhhvskovixzk/SourcePackages/checkouts/stripe-ios-spm/StripeIdentity/StripeIdentity/Source/NativeComponents/Views/ContentCenteringScrollView.swift (in target 'StripeIdentity' from project 'Stripe')
    cd /Users/xinyufang/Documents/Buzz/Buzz.xcodeproj
    

SwiftCompile normal arm64 /Users/xinyufang/Library/Developer/Xcode/DerivedData/Buzz-faillbpsmponqzeruhhvskovixzk/SourcePackages/checkouts/stripe-ios-spm/StripeIdentity/StripeIdentity/Source/NativeComponents/Views/DebugView.swift (in target 'StripeIdentity' from project 'Stripe')
    cd /Users/xinyufang/Documents/Buzz/Buzz.xcodeproj
    

SwiftCompile normal arm64 /Users/xinyufang/Library/Developer/Xcode/DerivedData/Buzz-faillbpsmponqzeruhhvskovixzk/SourcePackages/checkouts/stripe-ios-spm/StripeIdentity/StripeIdentity/Source/NativeComponents/Views/DocumentCapture/AnimatedBorderView.swift (in target 'StripeIdentity' from project 'Stripe')
    cd /Users/xinyufang/Documents/Buzz/Buzz.xcodeproj
    

SwiftCompile normal arm64 /Users/xinyufang/Library/Developer/Xcode/DerivedData/Buzz-faillbpsmponqzeruhhvskovixzk/SourcePackages/checkouts/stripe-ios-spm/StripeIdentity/StripeIdentity/Source/NativeComponents/Views/DocumentCapture/DocumentCaptureView.swift (in target 'StripeIdentity' from project 'Stripe')
    cd /Users/xinyufang/Documents/Buzz/Buzz.xcodeproj
    

SwiftCompile normal arm64 /Users/xinyufang/Library/Developer/Xcode/DerivedData/Buzz-faillbpsmponqzeruhhvskovixzk/SourcePackages/checkouts/stripe-ios-spm/StripeIdentity/StripeIdentity/Source/NativeComponents/Views/DocumentCapture/DocumentScanningView.swift (in target 'StripeIdentity' from project 'Stripe')
    cd /Users/xinyufang/Documents/Buzz/Buzz.xcodeproj
    

SwiftCompile normal arm64 /Users/xinyufang/Library/Developer/Xcode/DerivedData/Buzz-faillbpsmponqzeruhhvskovixzk/SourcePackages/checkouts/stripe-ios-spm/StripeIdentity/StripeIdentity/Source/NativeComponents/Views/DocumentCapture/InstructionalDocumentScanningView.swift (in target 'StripeIdentity' from project 'Stripe')
    cd /Users/xinyufang/Documents/Buzz/Buzz.xcodeproj
    

SwiftCompile normal arm64 /Users/xinyufang/Library/Developer/Xcode/DerivedData/Buzz-faillbpsmponqzeruhhvskovixzk/SourcePackages/checkouts/stripe-ios-spm/StripeIdentity/StripeIdentity/Source/NativeComponents/Views/DocumentWarmupView.swift (in target 'StripeIdentity' from project 'Stripe')
    cd /Users/xinyufang/Documents/Buzz/Buzz.xcodeproj
    

SwiftCompile normal arm64 /Users/xinyufang/Library/Developer/Xcode/DerivedData/Buzz-faillbpsmponqzeruhhvskovixzk/SourcePackages/checkouts/stripe-ios-spm/StripeIdentity/StripeIdentity/Source/NativeComponents/Views/ErrorView.swift (in target 'StripeIdentity' from project 'Stripe')
    cd /Users/xinyufang/Documents/Buzz/Buzz.xcodeproj
    

SwiftCompile normal arm64 /Users/xinyufang/Library/Developer/Xcode/DerivedData/Buzz-faillbpsmponqzeruhhvskovixzk/SourcePackages/checkouts/stripe-ios-spm/StripeIdentity/StripeIdentity/Source/NativeComponents/Views/HeaderIconView.swift (in target 'StripeIdentity' from project 'Stripe')
    cd /Users/xinyufang/Documents/Buzz/Buzz.xcodeproj
    

SwiftCompile normal arm64 /Users/xinyufang/Library/Developer/Xcode/DerivedData/Buzz-faillbpsmponqzeruhhvskovixzk/SourcePackages/checkouts/stripe-ios-spm/StripeIdentity/StripeIdentity/Source/NativeComponents/Views/HeaderView.swift (in target 'StripeIdentity' from project 'Stripe')
    cd /Users/xinyufang/Documents/Buzz/Buzz.xcodeproj
    

SwiftCompile normal arm64 /Users/xinyufang/Library/Developer/Xcode/DerivedData/Buzz-faillbpsmponqzeruhhvskovixzk/SourcePackages/checkouts/stripe-ios-spm/StripeIdentity/StripeIdentity/Source/NativeComponents/Views/IdentityFlowView.swift (in target 'StripeIdentity' from project 'Stripe')
    cd /Users/xinyufang/Documents/Buzz/Buzz.xcodeproj
    

SwiftEmitModule normal arm64 Emitting\ module\ for\ StripePaymentsUI (in target 'StripePaymentsUI' from project 'Stripe')

EmitSwiftModule normal arm64 (in target 'StripePaymentsUI' from project 'Stripe')
    cd /Users/xinyufang/Documents/Buzz/Buzz.xcodeproj
    

SwiftDriverJobDiscovery normal arm64 Emitting module for StripeApplePay (in target 'StripeApplePay' from project 'Stripe')

SwiftDriverJobDiscovery normal arm64 Compiling HTTPRequest.swift (in target 'HTTPTypes' from project 'swift-http-types')

SwiftDriver\ Compilation\ Requirements StripeApplePay normal arm64 com.apple.xcode.tools.swift.compiler (in target 'StripeApplePay' from project 'Stripe')
    cd /Users/xinyufang/Documents/Buzz/Buzz.xcodeproj
    builtin-Swift-Compilation-Requirements -- /Applications/Xcode.app/Contents/Developer/Toolchains/XcodeDefault.xctoolchain/usr/bin/swiftc -module-name StripeApplePay -Onone -enforce-exclusivity\=checked @/Users/xinyufang/Library/Developer/Xcode/DerivedData/Buzz-faillbpsmponqzeruhhvskovixzk/Build/Intermediates.noindex/Stripe.build/Debug-iphonesimulator/StripeApplePay.build/Objects-normal/arm64/StripeApplePay.SwiftFileList -DSWIFT_PACKAGE -DDEBUG -DSWIFT_MODULE_RESOURCE_BUNDLE_UNAVAILABLE -DXcode -plugin-path /Applications/Xcode.app/Contents/Developer/Toolchains/XcodeDefault.xctoolchain/usr/lib/swift/host/plugins/testing -enable-experimental-feature DebugDescriptionMacro -sdk /Applications/Xcode.app/Contents/Developer/Platforms/iPhoneSimulator.platform/Developer/SDKs/iPhoneSimulator26.0.sdk -target arm64-apple-ios13.0-simulator -g -module-cache-path /Users/xinyufang/Library/Developer/Xcode/DerivedData/ModuleCache.noindex -Xfrontend -serialize-debugging-options -enable-testing -suppress-warnings -index-store-path /Users/xinyufang/Library/Developer/Xcode/DerivedData/Buzz-faillbpsmponqzeruhhvskovixzk/Index.noindex/DataStore -Xcc -D_LIBCPP_HARDENING_MODE\=_LIBCPP_HARDENING_MODE_DEBUG -swift-version 5 -I /Users/xinyufang/Library/Developer/Xcode/DerivedData/Buzz-faillbpsmponqzeruhhvskovixzk/Build/Products/Debug-iphonesimulator -Isystem /Applications/Xcode.app/Contents/Developer/Platforms/iPhoneSimulator.platform/Developer/usr/lib -F /Users/xinyufang/Library/Developer/Xcode/DerivedData/Buzz-faillbpsmponqzeruhhvskovixzk/Build/Products/Debug-iphonesimulator/PackageFrameworks -F /Users/xinyufang/Library/Developer/Xcode/DerivedData/Buzz-faillbpsmponqzeruhhvskovixzk/Build/Products/Debug-iphonesimulator -F /Applications/Xcode.app/Contents/Developer/Platforms/iPhoneSimulator.platform/Developer/Library/Frameworks -F /Applications/Xcode.app/Contents/Developer/Platforms/iPhoneSimulator.platform/Developer/SDKs/iPhoneSimulator26.0.sdk/Developer/Library/Frameworks -emit-localized-strings -emit-localized-strings-path /Users/xinyufang/Library/Developer/Xcode/DerivedData/Buzz-faillbpsmponqzeruhhvskovixzk/Build/Intermediates.noindex/Stripe.build/Debug-iphonesimulator/StripeApplePay.build/Objects-normal/arm64 -c -j8 -enable-batch-mode -incremental -Xcc -ivfsstatcache -Xcc /Users/xinyufang/Library/Developer/Xcode/DerivedData/SDKStatCaches.noindex/iphonesimulator26.0-23A339-26257891a6c027eb51374368541b8346.sdkstatcache -output-file-map /Users/xinyufang/Library/Developer/Xcode/DerivedData/Buzz-faillbpsmponqzeruhhvskovixzk/Build/Intermediates.noindex/Stripe.build/Debug-iphonesimulator/StripeApplePay.build/Objects-normal/arm64/StripeApplePay-OutputFileMap.json -use-frontend-parseable-output -save-temps -no-color-diagnostics -explicit-module-build -module-cache-path /Users/xinyufang/Library/Developer/Xcode/DerivedData/Buzz-faillbpsmponqzeruhhvskovixzk/Build/Intermediates.noindex/SwiftExplicitPrecompiledModules -clang-scanner-module-cache-path /Users/xinyufang/Library/Developer/Xcode/DerivedData/ModuleCache.noindex -sdk-module-cache-path /Users/xinyufang/Library/Developer/Xcode/DerivedData/ModuleCache.noindex -serialize-diagnostics -emit-dependencies -emit-module -emit-module-path /Users/xinyufang/Library/Developer/Xcode/DerivedData/Buzz-faillbpsmponqzeruhhvskovixzk/Build/Intermediates.noindex/Stripe.build/Debug-iphonesimulator/StripeApplePay.build/Objects-normal/arm64/StripeApplePay.swiftmodule -validate-clang-modules-once -clang-build-session-file /Users/xinyufang/Library/Developer/Xcode/DerivedData/ModuleCache.noindex/Session.modulevalidation -Xcc -I/Users/xinyufang/Library/Developer/Xcode/DerivedData/Buzz-faillbpsmponqzeruhhvskovixzk/Build/Intermediates.noindex/Stripe.build/Debug-iphonesimulator/StripeApplePay.build/swift-overrides.hmap -emit-const-values -Xfrontend -const-gather-protocols-file -Xfrontend /Users/xinyufang/Library/Developer/Xcode/DerivedData/Buzz-faillbpsmponqzeruhhvskovixzk/Build/Intermediates.noindex/Stripe.build/Debug-iphonesimulator/StripeApplePay.build/Objects-normal/arm64/StripeApplePay_const_extract_protocols.json -Xcc -I/Users/xinyufang/Library/Developer/Xcode/DerivedData/Buzz-faillbpsmponqzeruhhvskovixzk/Build/Products/Debug-iphonesimulator/include -Xcc -I/Users/xinyufang/Library/Developer/Xcode/DerivedData/Buzz-faillbpsmponqzeruhhvskovixzk/Build/Intermediates.noindex/Stripe.build/Debug-iphonesimulator/StripeApplePay.build/DerivedSources-normal/arm64 -Xcc -I/Users/xinyufang/Library/Developer/Xcode/DerivedData/Buzz-faillbpsmponqzeruhhvskovixzk/Build/Intermediates.noindex/Stripe.build/Debug-iphonesimulator/StripeApplePay.build/DerivedSources/arm64 -Xcc -I/Users/xinyufang/Library/Developer/Xcode/DerivedData/Buzz-faillbpsmponqzeruhhvskovixzk/Build/Intermediates.noindex/Stripe.build/Debug-iphonesimulator/StripeApplePay.build/DerivedSources -Xcc -DSWIFT_PACKAGE -Xcc -DDEBUG\=1 -emit-objc-header -emit-objc-header-path /Users/xinyufang/Library/Developer/Xcode/DerivedData/Buzz-faillbpsmponqzeruhhvskovixzk/Build/Intermediates.noindex/Stripe.build/Debug-iphonesimulator/StripeApplePay.build/Objects-normal/arm64/StripeApplePay-Swift.h -working-directory /Users/xinyufang/Documents/Buzz/Buzz.xcodeproj -experimental-emit-module-separately -disable-cmo

SwiftCompile normal arm64 Compiling\ resource_bundle_accessor.swift,\ Enums+CustomStringConvertible.swift,\ CardElementConfigService.swift,\ STPBECSDebitAccountNumberValidator.swift,\ STPBSBNumberValidator.swift,\ STPCBCController.swift,\ STPImageLibrary.swift,\ STPLocalizedString.swift /Users/xinyufang/Library/Developer/Xcode/DerivedData/Buzz-faillbpsmponqzeruhhvskovixzk/Build/Intermediates.noindex/Stripe.build/Debug-iphonesimulator/StripePaymentsUI.build/DerivedSources/resource_bundle_accessor.swift /Users/xinyufang/Library/Developer/Xcode/DerivedData/Buzz-faillbpsmponqzeruhhvskovixzk/SourcePackages/checkouts/stripe-ios-spm/StripePaymentsUI/StripePaymentsUI/Source/Categories/Enums+CustomStringConvertible.swift /Users/xinyufang/Library/Developer/Xcode/DerivedData/Buzz-faillbpsmponqzeruhhvskovixzk/SourcePackages/checkouts/stripe-ios-spm/StripePaymentsUI/StripePaymentsUI/Source/Helpers/CardElementConfigService.swift /Users/xinyufang/Library/Developer/Xcode/DerivedData/Buzz-faillbpsmponqzeruhhvskovixzk/SourcePackages/checkouts/stripe-ios-spm/StripePaymentsUI/StripePaymentsUI/Source/Helpers/STPBECSDebitAccountNumberValidator.swift /Users/xinyufang/Library/Developer/Xcode/DerivedData/Buzz-faillbpsmponqzeruhhvskovixzk/SourcePackages/checkouts/stripe-ios-spm/StripePaymentsUI/StripePaymentsUI/Source/Helpers/STPBSBNumberValidator.swift /Users/xinyufang/Library/Developer/Xcode/DerivedData/Buzz-faillbpsmponqzeruhhvskovixzk/SourcePackages/checkouts/stripe-ios-spm/StripePaymentsUI/StripePaymentsUI/Source/Helpers/STPCBCController.swift /Users/xinyufang/Library/Developer/Xcode/DerivedData/Buzz-faillbpsmponqzeruhhvskovixzk/SourcePackages/checkouts/stripe-ios-spm/StripePaymentsUI/StripePaymentsUI/Source/Helpers/STPImageLibrary.swift /Users/xinyufang/Library/Developer/Xcode/DerivedData/Buzz-faillbpsmponqzeruhhvskovixzk/SourcePackages/checkouts/stripe-ios-spm/StripePaymentsUI/StripePaymentsUI/Source/Helpers/STPLocalizedString.swift (in target 'StripePaymentsUI' from project 'Stripe')

SwiftCompile normal arm64 /Users/xinyufang/Library/Developer/Xcode/DerivedData/Buzz-faillbpsmponqzeruhhvskovixzk/Build/Intermediates.noindex/Stripe.build/Debug-iphonesimulator/StripePaymentsUI.build/DerivedSources/resource_bundle_accessor.swift (in target 'StripePaymentsUI' from project 'Stripe')
    cd /Users/xinyufang/Documents/Buzz/Buzz.xcodeproj
    

SwiftCompile normal arm64 /Users/xinyufang/Library/Developer/Xcode/DerivedData/Buzz-faillbpsmponqzeruhhvskovixzk/SourcePackages/checkouts/stripe-ios-spm/StripePaymentsUI/StripePaymentsUI/Source/Categories/Enums+CustomStringConvertible.swift (in target 'StripePaymentsUI' from project 'Stripe')
    cd /Users/xinyufang/Documents/Buzz/Buzz.xcodeproj
    

SwiftCompile normal arm64 /Users/xinyufang/Library/Developer/Xcode/DerivedData/Buzz-faillbpsmponqzeruhhvskovixzk/SourcePackages/checkouts/stripe-ios-spm/StripePaymentsUI/StripePaymentsUI/Source/Helpers/CardElementConfigService.swift (in target 'StripePaymentsUI' from project 'Stripe')
    cd /Users/xinyufang/Documents/Buzz/Buzz.xcodeproj
    

SwiftCompile normal arm64 /Users/xinyufang/Library/Developer/Xcode/DerivedData/Buzz-faillbpsmponqzeruhhvskovixzk/SourcePackages/checkouts/stripe-ios-spm/StripePaymentsUI/StripePaymentsUI/Source/Helpers/STPBECSDebitAccountNumberValidator.swift (in target 'StripePaymentsUI' from project 'Stripe')
    cd /Users/xinyufang/Documents/Buzz/Buzz.xcodeproj
    

SwiftCompile normal arm64 /Users/xinyufang/Library/Developer/Xcode/DerivedData/Buzz-faillbpsmponqzeruhhvskovixzk/SourcePackages/checkouts/stripe-ios-spm/StripePaymentsUI/StripePaymentsUI/Source/Helpers/STPBSBNumberValidator.swift (in target 'StripePaymentsUI' from project 'Stripe')
    cd /Users/xinyufang/Documents/Buzz/Buzz.xcodeproj
    

SwiftCompile normal arm64 /Users/xinyufang/Library/Developer/Xcode/DerivedData/Buzz-faillbpsmponqzeruhhvskovixzk/SourcePackages/checkouts/stripe-ios-spm/StripePaymentsUI/StripePaymentsUI/Source/Helpers/STPCBCController.swift (in target 'StripePaymentsUI' from project 'Stripe')
    cd /Users/xinyufang/Documents/Buzz/Buzz.xcodeproj
    

SwiftCompile normal arm64 /Users/xinyufang/Library/Developer/Xcode/DerivedData/Buzz-faillbpsmponqzeruhhvskovixzk/SourcePackages/checkouts/stripe-ios-spm/StripePaymentsUI/StripePaymentsUI/Source/Helpers/STPImageLibrary.swift (in target 'StripePaymentsUI' from project 'Stripe')
    cd /Users/xinyufang/Documents/Buzz/Buzz.xcodeproj
    

SwiftCompile normal arm64 /Users/xinyufang/Library/Developer/Xcode/DerivedData/Buzz-faillbpsmponqzeruhhvskovixzk/SourcePackages/checkouts/stripe-ios-spm/StripePaymentsUI/StripePaymentsUI/Source/Helpers/STPLocalizedString.swift (in target 'StripePaymentsUI' from project 'Stripe')
    cd /Users/xinyufang/Documents/Buzz/Buzz.xcodeproj
    

SwiftMergeGeneratedHeaders /Users/xinyufang/Library/Developer/Xcode/DerivedData/Buzz-faillbpsmponqzeruhhvskovixzk/Build/Intermediates.noindex/GeneratedModuleMaps-iphonesimulator/StripeApplePay-Swift.h /Users/xinyufang/Library/Developer/Xcode/DerivedData/Buzz-faillbpsmponqzeruhhvskovixzk/Build/Intermediates.noindex/Stripe.build/Debug-iphonesimulator/StripeApplePay.build/Objects-normal/arm64/StripeApplePay-Swift.h (in target 'StripeApplePay' from project 'Stripe')
    cd /Users/xinyufang/Library/Developer/Xcode/DerivedData/Buzz-faillbpsmponqzeruhhvskovixzk/SourcePackages/checkouts/stripe-ios-spm
    builtin-swiftHeaderTool -arch arm64 /Users/xinyufang/Library/Developer/Xcode/DerivedData/Buzz-faillbpsmponqzeruhhvskovixzk/Build/Intermediates.noindex/Stripe.build/Debug-iphonesimulator/StripeApplePay.build/Objects-normal/arm64/StripeApplePay-Swift.h -o /Users/xinyufang/Library/Developer/Xcode/DerivedData/Buzz-faillbpsmponqzeruhhvskovixzk/Build/Intermediates.noindex/GeneratedModuleMaps-iphonesimulator/StripeApplePay-Swift.h

SwiftDriverJobDiscovery normal arm64 Compiling HTTPResponse.swift (in target 'HTTPTypes' from project 'swift-http-types')

Copy /Users/xinyufang/Library/Developer/Xcode/DerivedData/Buzz-faillbpsmponqzeruhhvskovixzk/Build/Products/Debug-iphonesimulator/StripeApplePay.swiftmodule/arm64-apple-ios-simulator.swiftmodule /Users/xinyufang/Library/Developer/Xcode/DerivedData/Buzz-faillbpsmponqzeruhhvskovixzk/Build/Intermediates.noindex/Stripe.build/Debug-iphonesimulator/StripeApplePay.build/Objects-normal/arm64/StripeApplePay.swiftmodule (in target 'StripeApplePay' from project 'Stripe')
    cd /Users/xinyufang/Library/Developer/Xcode/DerivedData/Buzz-faillbpsmponqzeruhhvskovixzk/SourcePackages/checkouts/stripe-ios-spm
    builtin-copy -exclude .DS_Store -exclude CVS -exclude .svn -exclude .git -exclude .hg -resolve-src-symlinks -rename /Users/xinyufang/Library/Developer/Xcode/DerivedData/Buzz-faillbpsmponqzeruhhvskovixzk/Build/Intermediates.noindex/Stripe.build/Debug-iphonesimulator/StripeApplePay.build/Objects-normal/arm64/StripeApplePay.swiftmodule /Users/xinyufang/Library/Developer/Xcode/DerivedData/Buzz-faillbpsmponqzeruhhvskovixzk/Build/Products/Debug-iphonesimulator/StripeApplePay.swiftmodule/arm64-apple-ios-simulator.swiftmodule

Copy /Users/xinyufang/Library/Developer/Xcode/DerivedData/Buzz-faillbpsmponqzeruhhvskovixzk/Build/Products/Debug-iphonesimulator/StripeApplePay.swiftmodule/arm64-apple-ios-simulator.swiftdoc /Users/xinyufang/Library/Developer/Xcode/DerivedData/Buzz-faillbpsmponqzeruhhvskovixzk/Build/Intermediates.noindex/Stripe.build/Debug-iphonesimulator/StripeApplePay.build/Objects-normal/arm64/StripeApplePay.swiftdoc (in target 'StripeApplePay' from project 'Stripe')
    cd /Users/xinyufang/Library/Developer/Xcode/DerivedData/Buzz-faillbpsmponqzeruhhvskovixzk/SourcePackages/checkouts/stripe-ios-spm
    builtin-copy -exclude .DS_Store -exclude CVS -exclude .svn -exclude .git -exclude .hg -resolve-src-symlinks -rename /Users/xinyufang/Library/Developer/Xcode/DerivedData/Buzz-faillbpsmponqzeruhhvskovixzk/Build/Intermediates.noindex/Stripe.build/Debug-iphonesimulator/StripeApplePay.build/Objects-normal/arm64/StripeApplePay.swiftdoc /Users/xinyufang/Library/Developer/Xcode/DerivedData/Buzz-faillbpsmponqzeruhhvskovixzk/Build/Products/Debug-iphonesimulator/StripeApplePay.swiftmodule/arm64-apple-ios-simulator.swiftdoc

Copy /Users/xinyufang/Library/Developer/Xcode/DerivedData/Buzz-faillbpsmponqzeruhhvskovixzk/Build/Products/Debug-iphonesimulator/StripeApplePay.swiftmodule/arm64-apple-ios-simulator.abi.json /Users/xinyufang/Library/Developer/Xcode/DerivedData/Buzz-faillbpsmponqzeruhhvskovixzk/Build/Intermediates.noindex/Stripe.build/Debug-iphonesimulator/StripeApplePay.build/Objects-normal/arm64/StripeApplePay.abi.json (in target 'StripeApplePay' from project 'Stripe')
    cd /Users/xinyufang/Library/Developer/Xcode/DerivedData/Buzz-faillbpsmponqzeruhhvskovixzk/SourcePackages/checkouts/stripe-ios-spm
    builtin-copy -exclude .DS_Store -exclude CVS -exclude .svn -exclude .git -exclude .hg -resolve-src-symlinks -rename /Users/xinyufang/Library/Developer/Xcode/DerivedData/Buzz-faillbpsmponqzeruhhvskovixzk/Build/Intermediates.noindex/Stripe.build/Debug-iphonesimulator/StripeApplePay.build/Objects-normal/arm64/StripeApplePay.abi.json /Users/xinyufang/Library/Developer/Xcode/DerivedData/Buzz-faillbpsmponqzeruhhvskovixzk/Build/Products/Debug-iphonesimulator/StripeApplePay.swiftmodule/arm64-apple-ios-simulator.abi.json

Copy /Users/xinyufang/Library/Developer/Xcode/DerivedData/Buzz-faillbpsmponqzeruhhvskovixzk/Build/Products/Debug-iphonesimulator/StripeApplePay.swiftmodule/Project/arm64-apple-ios-simulator.swiftsourceinfo /Users/xinyufang/Library/Developer/Xcode/DerivedData/Buzz-faillbpsmponqzeruhhvskovixzk/Build/Intermediates.noindex/Stripe.build/Debug-iphonesimulator/StripeApplePay.build/Objects-normal/arm64/StripeApplePay.swiftsourceinfo (in target 'StripeApplePay' from project 'Stripe')
    cd /Users/xinyufang/Library/Developer/Xcode/DerivedData/Buzz-faillbpsmponqzeruhhvskovixzk/SourcePackages/checkouts/stripe-ios-spm
    builtin-copy -exclude .DS_Store -exclude CVS -exclude .svn -exclude .git -exclude .hg -resolve-src-symlinks -rename /Users/xinyufang/Library/Developer/Xcode/DerivedData/Buzz-faillbpsmponqzeruhhvskovixzk/Build/Intermediates.noindex/Stripe.build/Debug-iphonesimulator/StripeApplePay.build/Objects-normal/arm64/StripeApplePay.swiftsourceinfo /Users/xinyufang/Library/Developer/Xcode/DerivedData/Buzz-faillbpsmponqzeruhhvskovixzk/Build/Products/Debug-iphonesimulator/StripeApplePay.swiftmodule/Project/arm64-apple-ios-simulator.swiftsourceinfo

SwiftCompile normal arm64 Compiling\ STPInputTextFieldFormatter.swift,\ STPInputTextFieldValidator.swift,\ STPNumericDigitInputTextFormatter.swift,\ STPAUBECSFormViewModel.swift,\ STPCardLoadingIndicator.swift,\ STPFormTextField.swift,\ STPLabeledFormTextFieldView.swift /Users/xinyufang/Library/Developer/Xcode/DerivedData/Buzz-faillbpsmponqzeruhhvskovixzk/SourcePackages/checkouts/stripe-ios-spm/StripePaymentsUI/StripePaymentsUI/Source/Internal/UI/Views/Inputs/STPInputTextFieldFormatter.swift /Users/xinyufang/Library/Developer/Xcode/DerivedData/Buzz-faillbpsmponqzeruhhvskovixzk/SourcePackages/checkouts/stripe-ios-spm/StripePaymentsUI/StripePaymentsUI/Source/Internal/UI/Views/Inputs/STPInputTextFieldValidator.swift /Users/xinyufang/Library/Developer/Xcode/DerivedData/Buzz-faillbpsmponqzeruhhvskovixzk/SourcePackages/checkouts/stripe-ios-spm/StripePaymentsUI/StripePaymentsUI/Source/Internal/UI/Views/Inputs/STPNumericDigitInputTextFormatter.swift /Users/xinyufang/Library/Developer/Xcode/DerivedData/Buzz-faillbpsmponqzeruhhvskovixzk/SourcePackages/checkouts/stripe-ios-spm/StripePaymentsUI/StripePaymentsUI/Source/Internal/UI/Views/STPAUBECSFormViewModel.swift /Users/xinyufang/Library/Developer/Xcode/DerivedData/Buzz-faillbpsmponqzeruhhvskovixzk/SourcePackages/checkouts/stripe-ios-spm/StripePaymentsUI/StripePaymentsUI/Source/Internal/UI/Views/STPCardLoadingIndicator.swift /Users/xinyufang/Library/Developer/Xcode/DerivedData/Buzz-faillbpsmponqzeruhhvskovixzk/SourcePackages/checkouts/stripe-ios-spm/StripePaymentsUI/StripePaymentsUI/Source/Internal/UI/Views/STPFormTextField.swift /Users/xinyufang/Library/Developer/Xcode/DerivedData/Buzz-faillbpsmponqzeruhhvskovixzk/SourcePackages/checkouts/stripe-ios-spm/StripePaymentsUI/StripePaymentsUI/Source/Internal/UI/Views/STPLabeledFormTextFieldView.swift (in target 'StripePaymentsUI' from project 'Stripe')

SwiftCompile normal arm64 /Users/xinyufang/Library/Developer/Xcode/DerivedData/Buzz-faillbpsmponqzeruhhvskovixzk/SourcePackages/checkouts/stripe-ios-spm/StripePaymentsUI/StripePaymentsUI/Source/Internal/UI/Views/Inputs/STPInputTextFieldFormatter.swift (in target 'StripePaymentsUI' from project 'Stripe')
    cd /Users/xinyufang/Documents/Buzz/Buzz.xcodeproj
    

SwiftCompile normal arm64 /Users/xinyufang/Library/Developer/Xcode/DerivedData/Buzz-faillbpsmponqzeruhhvskovixzk/SourcePackages/checkouts/stripe-ios-spm/StripePaymentsUI/StripePaymentsUI/Source/Internal/UI/Views/Inputs/STPInputTextFieldValidator.swift (in target 'StripePaymentsUI' from project 'Stripe')
    cd /Users/xinyufang/Documents/Buzz/Buzz.xcodeproj
    

SwiftCompile normal arm64 /Users/xinyufang/Library/Developer/Xcode/DerivedData/Buzz-faillbpsmponqzeruhhvskovixzk/SourcePackages/checkouts/stripe-ios-spm/StripePaymentsUI/StripePaymentsUI/Source/Internal/UI/Views/Inputs/STPNumericDigitInputTextFormatter.swift (in target 'StripePaymentsUI' from project 'Stripe')
    cd /Users/xinyufang/Documents/Buzz/Buzz.xcodeproj
    

SwiftCompile normal arm64 /Users/xinyufang/Library/Developer/Xcode/DerivedData/Buzz-faillbpsmponqzeruhhvskovixzk/SourcePackages/checkouts/stripe-ios-spm/StripePaymentsUI/StripePaymentsUI/Source/Internal/UI/Views/STPAUBECSFormViewModel.swift (in target 'StripePaymentsUI' from project 'Stripe')
    cd /Users/xinyufang/Documents/Buzz/Buzz.xcodeproj
    

SwiftCompile normal arm64 /Users/xinyufang/Library/Developer/Xcode/DerivedData/Buzz-faillbpsmponqzeruhhvskovixzk/SourcePackages/checkouts/stripe-ios-spm/StripePaymentsUI/StripePaymentsUI/Source/Internal/UI/Views/STPCardLoadingIndicator.swift (in target 'StripePaymentsUI' from project 'Stripe')
    cd /Users/xinyufang/Documents/Buzz/Buzz.xcodeproj
    

SwiftCompile normal arm64 /Users/xinyufang/Library/Developer/Xcode/DerivedData/Buzz-faillbpsmponqzeruhhvskovixzk/SourcePackages/checkouts/stripe-ios-spm/StripePaymentsUI/StripePaymentsUI/Source/Internal/UI/Views/STPFormTextField.swift (in target 'StripePaymentsUI' from project 'Stripe')
    cd /Users/xinyufang/Documents/Buzz/Buzz.xcodeproj
    

SwiftCompile normal arm64 /Users/xinyufang/Library/Developer/Xcode/DerivedData/Buzz-faillbpsmponqzeruhhvskovixzk/SourcePackages/checkouts/stripe-ios-spm/StripePaymentsUI/StripePaymentsUI/Source/Internal/UI/Views/STPLabeledFormTextFieldView.swift (in target 'StripePaymentsUI' from project 'Stripe')
    cd /Users/xinyufang/Documents/Buzz/Buzz.xcodeproj
    

CompileC /Users/xinyufang/Library/Developer/Xcode/DerivedData/Buzz-faillbpsmponqzeruhhvskovixzk/Build/Intermediates.noindex/GoogleUtilities.build/Debug-iphonesimulator/GoogleUtilities-UserDefaults.build/Objects-normal/arm64/resource_bundle_accessor.o /Users/xinyufang/Library/Developer/Xcode/DerivedData/Buzz-faillbpsmponqzeruhhvskovixzk/Build/Intermediates.noindex/GoogleUtilities.build/Debug-iphonesimulator/GoogleUtilities-UserDefaults.build/DerivedSources/resource_bundle_accessor.m normal arm64 objective-c com.apple.compilers.llvm.clang.1_0.compiler (in target 'GoogleUtilities-UserDefaults' from project 'GoogleUtilities')
    cd /Users/xinyufang/Documents/Buzz/Buzz.xcodeproj
    
    Using response file: /Users/xinyufang/Library/Developer/Xcode/DerivedData/Buzz-faillbpsmponqzeruhhvskovixzk/Build/Intermediates.noindex/GoogleUtilities.build/Debug-iphonesimulator/GoogleUtilities-UserDefaults.build/Objects-normal/arm64/e6072d4f65d7061329687fe24e3d63a7-common-args.resp
    
    /Applications/Xcode.app/Contents/Developer/Toolchains/XcodeDefault.xctoolchain/usr/bin/clang -x objective-c -ivfsstatcache /Users/xinyufang/Library/Developer/Xcode/DerivedData/SDKStatCaches.noindex/iphonesimulator26.0-23A339-26257891a6c027eb51374368541b8346.sdkstatcache -fmessage-length\=0 -fdiagnostics-show-note-include-stack -fmacro-backtrace-limit\=0 -fno-color-diagnostics -fmodules-prune-interval\=86400 -fmodules-prune-after\=345600 -fbuild-session-file\=/Users/xinyufang/Library/Developer/Xcode/DerivedData/ModuleCache.noindex/Session.modulevalidation -fmodules-validate-once-per-build-session -Wnon-modular-include-in-framework-module -Werror\=non-modular-include-in-framework-module -Wno-trigraphs -Wno-missing-field-initializers -Wno-missing-prototypes -Wno-return-type -Wno-implicit-atomic-properties -Wno-objc-interface-ivars -Wno-arc-repeated-use-of-weak -Wno-missing-braces -Wparentheses -Wswitch -Wno-unused-function -Wno-unused-label -Wno-unused-parameter -Wno-unused-variable -Wunused-value -Wno-empty-body -Wno-uninitialized -Wno-unknown-pragmas -w -Wno-shadow -Wno-four-char-constants -Wno-conversion -Wno-constant-conversion -Wno-int-conversion -Wno-bool-conversion -Wno-enum-conversion -Wno-float-conversion -Wno-non-literal-null-conversion -Wno-objc-literal-conversion -Wshorten-64-to-32 -Wpointer-sign -Wno-newline-eof -Wno-selector -Wno-strict-selector-match -Wno-undeclared-selector -Wno-deprecated-implementations -Wno-implicit-fallthrough -fstrict-aliasing -Wprotocol -Wdeprecated-declarations -Wno-sign-conversion -Wno-infinite-recursion -Wno-comma -Wno-block-capture-autoreleasing -Wno-strict-prototypes -Wno-semicolon-before-method-body -index-store-path /Users/xinyufang/Library/Developer/Xcode/DerivedData/Buzz-faillbpsmponqzeruhhvskovixzk/Index.noindex/DataStore @/Users/xinyufang/Library/Developer/Xcode/DerivedData/Buzz-faillbpsmponqzeruhhvskovixzk/Build/Intermediates.noindex/GoogleUtilities.build/Debug-iphonesimulator/GoogleUtilities-UserDefaults.build/Objects-normal/arm64/e6072d4f65d7061329687fe24e3d63a7-common-args.resp -include /Users/xinyufang/Library/Developer/Xcode/DerivedData/Buzz-faillbpsmponqzeruhhvskovixzk/Build/Intermediates.noindex/GoogleUtilities.build/Debug-iphonesimulator/GoogleUtilities-UserDefaults.build/DerivedSources/resource_bundle_accessor.h -MMD -MT dependencies -MF /Users/xinyufang/Library/Developer/Xcode/DerivedData/Buzz-faillbpsmponqzeruhhvskovixzk/Build/Intermediates.noindex/GoogleUtilities.build/Debug-iphonesimulator/GoogleUtilities-UserDefaults.build/Objects-normal/arm64/resource_bundle_accessor.d --serialize-diagnostics /Users/xinyufang/Library/Developer/Xcode/DerivedData/Buzz-faillbpsmponqzeruhhvskovixzk/Build/Intermediates.noindex/GoogleUtilities.build/Debug-iphonesimulator/GoogleUtilities-UserDefaults.build/Objects-normal/arm64/resource_bundle_accessor.dia -c /Users/xinyufang/Library/Developer/Xcode/DerivedData/Buzz-faillbpsmponqzeruhhvskovixzk/Build/Intermediates.noindex/GoogleUtilities.build/Debug-iphonesimulator/GoogleUtilities-UserDefaults.build/DerivedSources/resource_bundle_accessor.m -o /Users/xinyufang/Library/Developer/Xcode/DerivedData/Buzz-faillbpsmponqzeruhhvskovixzk/Build/Intermediates.noindex/GoogleUtilities.build/Debug-iphonesimulator/GoogleUtilities-UserDefaults.build/Objects-normal/arm64/resource_bundle_accessor.o -index-unit-output-path /GoogleUtilities.build/Debug-iphonesimulator/GoogleUtilities-UserDefaults.build/Objects-normal/arm64/resource_bundle_accessor.o

PrecompileModule /Users/xinyufang/Library/Developer/Xcode/DerivedData/Buzz-faillbpsmponqzeruhhvskovixzk/Build/Intermediates.noindex/ExplicitPrecompiledModules/GoogleUtilities_Logger-DQTIZM0S6NQ18DPA3ROSC8825.scan
    cd /
    builtin-precompileModule /Users/xinyufang/Library/Developer/Xcode/DerivedData/Buzz-faillbpsmponqzeruhhvskovixzk/Build/Intermediates.noindex/ExplicitPrecompiledModules/GoogleUtilities_Logger-DQTIZM0S6NQ18DPA3ROSC8825.scan

SwiftCompile normal arm64 Compiling\ STPFloatingPlaceholderTextField.swift,\ STPFormTextFieldContainer.swift,\ STPFormView.swift,\ STPMultiFormTextField.swift,\ STPPaymentCardTextField+SwiftUI.swift,\ STPPaymentCardTextField.swift,\ GeneratedAssetSymbols.swift /Users/xinyufang/Library/Developer/Xcode/DerivedData/Buzz-faillbpsmponqzeruhhvskovixzk/SourcePackages/checkouts/stripe-ios-spm/StripePaymentsUI/StripePaymentsUI/Source/UI\ Components/STPFloatingPlaceholderTextField.swift /Users/xinyufang/Library/Developer/Xcode/DerivedData/Buzz-faillbpsmponqzeruhhvskovixzk/SourcePackages/checkouts/stripe-ios-spm/StripePaymentsUI/StripePaymentsUI/Source/UI\ Components/STPFormTextFieldContainer.swift /Users/xinyufang/Library/Developer/Xcode/DerivedData/Buzz-faillbpsmponqzeruhhvskovixzk/SourcePackages/checkouts/stripe-ios-spm/StripePaymentsUI/StripePaymentsUI/Source/UI\ Components/STPFormView.swift /Users/xinyufang/Library/Developer/Xcode/DerivedData/Buzz-faillbpsmponqzeruhhvskovixzk/SourcePackages/checkouts/stripe-ios-spm/StripePaymentsUI/StripePaymentsUI/Source/UI\ Components/STPMultiFormTextField.swift /Users/xinyufang/Library/Developer/Xcode/DerivedData/Buzz-faillbpsmponqzeruhhvskovixzk/SourcePackages/checkouts/stripe-ios-spm/StripePaymentsUI/StripePaymentsUI/Source/UI\ Components/STPPaymentCardTextField+SwiftUI.swift /Users/xinyufang/Library/Developer/Xcode/DerivedData/Buzz-faillbpsmponqzeruhhvskovixzk/SourcePackages/checkouts/stripe-ios-spm/StripePaymentsUI/StripePaymentsUI/Source/UI\ Components/STPPaymentCardTextField.swift /Users/xinyufang/Library/Developer/Xcode/DerivedData/Buzz-faillbpsmponqzeruhhvskovixzk/Build/Intermediates.noindex/Stripe.build/Debug-iphonesimulator/StripePaymentsUI.build/DerivedSources/GeneratedAssetSymbols.swift (in target 'StripePaymentsUI' from project 'Stripe')
SwiftCompile normal arm64 /Users/xinyufang/Library/Developer/Xcode/DerivedData/Buzz-faillbpsmponqzeruhhvskovixzk/SourcePackages/checkouts/stripe-ios-spm/StripePaymentsUI/StripePaymentsUI/Source/UI\ Components/STPFloatingPlaceholderTextField.swift (in target 'StripePaymentsUI' from project 'Stripe')
    cd /Users/xinyufang/Documents/Buzz/Buzz.xcodeproj
    

SwiftCompile normal arm64 /Users/xinyufang/Library/Developer/Xcode/DerivedData/Buzz-faillbpsmponqzeruhhvskovixzk/SourcePackages/checkouts/stripe-ios-spm/StripePaymentsUI/StripePaymentsUI/Source/UI\ Components/STPFormTextFieldContainer.swift (in target 'StripePaymentsUI' from project 'Stripe')
    cd /Users/xinyufang/Documents/Buzz/Buzz.xcodeproj
    

SwiftCompile normal arm64 /Users/xinyufang/Library/Developer/Xcode/DerivedData/Buzz-faillbpsmponqzeruhhvskovixzk/SourcePackages/checkouts/stripe-ios-spm/StripePaymentsUI/StripePaymentsUI/Source/UI\ Components/STPFormView.swift (in target 'StripePaymentsUI' from project 'Stripe')
    cd /Users/xinyufang/Documents/Buzz/Buzz.xcodeproj
    

SwiftCompile normal arm64 /Users/xinyufang/Library/Developer/Xcode/DerivedData/Buzz-faillbpsmponqzeruhhvskovixzk/SourcePackages/checkouts/stripe-ios-spm/StripePaymentsUI/StripePaymentsUI/Source/UI\ Components/STPMultiFormTextField.swift (in target 'StripePaymentsUI' from project 'Stripe')
    cd /Users/xinyufang/Documents/Buzz/Buzz.xcodeproj
    

SwiftCompile normal arm64 /Users/xinyufang/Library/Developer/Xcode/DerivedData/Buzz-faillbpsmponqzeruhhvskovixzk/SourcePackages/checkouts/stripe-ios-spm/StripePaymentsUI/StripePaymentsUI/Source/UI\ Components/STPPaymentCardTextField+SwiftUI.swift (in target 'StripePaymentsUI' from project 'Stripe')
    cd /Users/xinyufang/Documents/Buzz/Buzz.xcodeproj
    

SwiftCompile normal arm64 /Users/xinyufang/Library/Developer/Xcode/DerivedData/Buzz-faillbpsmponqzeruhhvskovixzk/SourcePackages/checkouts/stripe-ios-spm/StripePaymentsUI/StripePaymentsUI/Source/UI\ Components/STPPaymentCardTextField.swift (in target 'StripePaymentsUI' from project 'Stripe')
    cd /Users/xinyufang/Documents/Buzz/Buzz.xcodeproj
    

SwiftCompile normal arm64 /Users/xinyufang/Library/Developer/Xcode/DerivedData/Buzz-faillbpsmponqzeruhhvskovixzk/Build/Intermediates.noindex/Stripe.build/Debug-iphonesimulator/StripePaymentsUI.build/DerivedSources/GeneratedAssetSymbols.swift (in target 'StripePaymentsUI' from project 'Stripe')
    cd /Users/xinyufang/Documents/Buzz/Buzz.xcodeproj
    

CompileC /Users/xinyufang/Library/Developer/Xcode/DerivedData/Buzz-faillbpsmponqzeruhhvskovixzk/Build/Intermediates.noindex/GoogleUtilities.build/Debug-iphonesimulator/GoogleUtilities-UserDefaults.build/Objects-normal/arm64/GULUserDefaults.o /Users/xinyufang/Library/Developer/Xcode/DerivedData/Buzz-faillbpsmponqzeruhhvskovixzk/SourcePackages/checkouts/GoogleUtilities/GoogleUtilities/UserDefaults/GULUserDefaults.m normal arm64 objective-c com.apple.compilers.llvm.clang.1_0.compiler (in target 'GoogleUtilities-UserDefaults' from project 'GoogleUtilities')
    cd /Users/xinyufang/Documents/Buzz/Buzz.xcodeproj
    
    Using response file: /Users/xinyufang/Library/Developer/Xcode/DerivedData/Buzz-faillbpsmponqzeruhhvskovixzk/Build/Intermediates.noindex/GoogleUtilities.build/Debug-iphonesimulator/GoogleUtilities-UserDefaults.build/Objects-normal/arm64/e6072d4f65d7061329687fe24e3d63a7-common-args.resp
    
    /Applications/Xcode.app/Contents/Developer/Toolchains/XcodeDefault.xctoolchain/usr/bin/clang -x objective-c -ivfsstatcache /Users/xinyufang/Library/Developer/Xcode/DerivedData/SDKStatCaches.noindex/iphonesimulator26.0-23A339-26257891a6c027eb51374368541b8346.sdkstatcache -fmessage-length\=0 -fdiagnostics-show-note-include-stack -fmacro-backtrace-limit\=0 -fno-color-diagnostics -fmodules-prune-interval\=86400 -fmodules-prune-after\=345600 -fbuild-session-file\=/Users/xinyufang/Library/Developer/Xcode/DerivedData/ModuleCache.noindex/Session.modulevalidation -fmodules-validate-once-per-build-session -Wnon-modular-include-in-framework-module -Werror\=non-modular-include-in-framework-module -Wno-trigraphs -Wno-missing-field-initializers -Wno-missing-prototypes -Wno-return-type -Wno-implicit-atomic-properties -Wno-objc-interface-ivars -Wno-arc-repeated-use-of-weak -Wno-missing-braces -Wparentheses -Wswitch -Wno-unused-function -Wno-unused-label -Wno-unused-parameter -Wno-unused-variable -Wunused-value -Wno-empty-body -Wno-uninitialized -Wno-unknown-pragmas -w -Wno-shadow -Wno-four-char-constants -Wno-conversion -Wno-constant-conversion -Wno-int-conversion -Wno-bool-conversion -Wno-enum-conversion -Wno-float-conversion -Wno-non-literal-null-conversion -Wno-objc-literal-conversion -Wshorten-64-to-32 -Wpointer-sign -Wno-newline-eof -Wno-selector -Wno-strict-selector-match -Wno-undeclared-selector -Wno-deprecated-implementations -Wno-implicit-fallthrough -fstrict-aliasing -Wprotocol -Wdeprecated-declarations -Wno-sign-conversion -Wno-infinite-recursion -Wno-comma -Wno-block-capture-autoreleasing -Wno-strict-prototypes -Wno-semicolon-before-method-body -index-store-path /Users/xinyufang/Library/Developer/Xcode/DerivedData/Buzz-faillbpsmponqzeruhhvskovixzk/Index.noindex/DataStore @/Users/xinyufang/Library/Developer/Xcode/DerivedData/Buzz-faillbpsmponqzeruhhvskovixzk/Build/Intermediates.noindex/GoogleUtilities.build/Debug-iphonesimulator/GoogleUtilities-UserDefaults.build/Objects-normal/arm64/e6072d4f65d7061329687fe24e3d63a7-common-args.resp -include /Users/xinyufang/Library/Developer/Xcode/DerivedData/Buzz-faillbpsmponqzeruhhvskovixzk/Build/Intermediates.noindex/GoogleUtilities.build/Debug-iphonesimulator/GoogleUtilities-UserDefaults.build/DerivedSources/resource_bundle_accessor.h -MMD -MT dependencies -MF /Users/xinyufang/Library/Developer/Xcode/DerivedData/Buzz-faillbpsmponqzeruhhvskovixzk/Build/Intermediates.noindex/GoogleUtilities.build/Debug-iphonesimulator/GoogleUtilities-UserDefaults.build/Objects-normal/arm64/GULUserDefaults.d --serialize-diagnostics /Users/xinyufang/Library/Developer/Xcode/DerivedData/Buzz-faillbpsmponqzeruhhvskovixzk/Build/Intermediates.noindex/GoogleUtilities.build/Debug-iphonesimulator/GoogleUtilities-UserDefaults.build/Objects-normal/arm64/GULUserDefaults.dia -c /Users/xinyufang/Library/Developer/Xcode/DerivedData/Buzz-faillbpsmponqzeruhhvskovixzk/SourcePackages/checkouts/GoogleUtilities/GoogleUtilities/UserDefaults/GULUserDefaults.m -o /Users/xinyufang/Library/Developer/Xcode/DerivedData/Buzz-faillbpsmponqzeruhhvskovixzk/Build/Intermediates.noindex/GoogleUtilities.build/Debug-iphonesimulator/GoogleUtilities-UserDefaults.build/Objects-normal/arm64/GULUserDefaults.o -index-unit-output-path /GoogleUtilities.build/Debug-iphonesimulator/GoogleUtilities-UserDefaults.build/Objects-normal/arm64/GULUserDefaults.o

SwiftEmitModule normal arm64 Emitting\ module\ for\ StripeFinancialConnections (in target 'StripeFinancialConnections' from project 'Stripe')

EmitSwiftModule normal arm64 (in target 'StripeFinancialConnections' from project 'Stripe')
    cd /Users/xinyufang/Documents/Buzz/Buzz.xcodeproj
    

SwiftCompile normal arm64 Compiling\ STPLabeledMultiFormTextFieldView.swift,\ STPPaymentCardTextFieldViewModel.swift,\ STPValidatedTextField.swift,\ STPViewWithSeparator.swift,\ STPAUBECSDebitFormView.swift,\ STPCardFormView+SwiftUI.swift,\ STPCardFormView.swift /Users/xinyufang/Library/Developer/Xcode/DerivedData/Buzz-faillbpsmponqzeruhhvskovixzk/SourcePackages/checkouts/stripe-ios-spm/StripePaymentsUI/StripePaymentsUI/Source/Internal/UI/Views/STPLabeledMultiFormTextFieldView.swift /Users/xinyufang/Library/Developer/Xcode/DerivedData/Buzz-faillbpsmponqzeruhhvskovixzk/SourcePackages/checkouts/stripe-ios-spm/StripePaymentsUI/StripePaymentsUI/Source/Internal/UI/Views/STPPaymentCardTextFieldViewModel.swift /Users/xinyufang/Library/Developer/Xcode/DerivedData/Buzz-faillbpsmponqzeruhhvskovixzk/SourcePackages/checkouts/stripe-ios-spm/StripePaymentsUI/StripePaymentsUI/Source/Internal/UI/Views/STPValidatedTextField.swift /Users/xinyufang/Library/Developer/Xcode/DerivedData/Buzz-faillbpsmponqzeruhhvskovixzk/SourcePackages/checkouts/stripe-ios-spm/StripePaymentsUI/StripePaymentsUI/Source/Internal/UI/Views/STPViewWithSeparator.swift /Users/xinyufang/Library/Developer/Xcode/DerivedData/Buzz-faillbpsmponqzeruhhvskovixzk/SourcePackages/checkouts/stripe-ios-spm/StripePaymentsUI/StripePaymentsUI/Source/UI\ Components/STPAUBECSDebitFormView.swift /Users/xinyufang/Library/Developer/Xcode/DerivedData/Buzz-faillbpsmponqzeruhhvskovixzk/SourcePackages/checkouts/stripe-ios-spm/StripePaymentsUI/StripePaymentsUI/Source/UI\ Components/STPCardFormView+SwiftUI.swift /Users/xinyufang/Library/Developer/Xcode/DerivedData/Buzz-faillbpsmponqzeruhhvskovixzk/SourcePackages/checkouts/stripe-ios-spm/StripePaymentsUI/StripePaymentsUI/Source/UI\ Components/STPCardFormView.swift (in target 'StripePaymentsUI' from project 'Stripe')

SwiftCompile normal arm64 /Users/xinyufang/Library/Developer/Xcode/DerivedData/Buzz-faillbpsmponqzeruhhvskovixzk/SourcePackages/checkouts/stripe-ios-spm/StripePaymentsUI/StripePaymentsUI/Source/Internal/UI/Views/STPLabeledMultiFormTextFieldView.swift (in target 'StripePaymentsUI' from project 'Stripe')
    cd /Users/xinyufang/Documents/Buzz/Buzz.xcodeproj
    

SwiftCompile normal arm64 /Users/xinyufang/Library/Developer/Xcode/DerivedData/Buzz-faillbpsmponqzeruhhvskovixzk/SourcePackages/checkouts/stripe-ios-spm/StripePaymentsUI/StripePaymentsUI/Source/Internal/UI/Views/STPPaymentCardTextFieldViewModel.swift (in target 'StripePaymentsUI' from project 'Stripe')
    cd /Users/xinyufang/Documents/Buzz/Buzz.xcodeproj
    

SwiftCompile normal arm64 /Users/xinyufang/Library/Developer/Xcode/DerivedData/Buzz-faillbpsmponqzeruhhvskovixzk/SourcePackages/checkouts/stripe-ios-spm/StripePaymentsUI/StripePaymentsUI/Source/Internal/UI/Views/STPValidatedTextField.swift (in target 'StripePaymentsUI' from project 'Stripe')
    cd /Users/xinyufang/Documents/Buzz/Buzz.xcodeproj
    

SwiftCompile normal arm64 /Users/xinyufang/Library/Developer/Xcode/DerivedData/Buzz-faillbpsmponqzeruhhvskovixzk/SourcePackages/checkouts/stripe-ios-spm/StripePaymentsUI/StripePaymentsUI/Source/Internal/UI/Views/STPViewWithSeparator.swift (in target 'StripePaymentsUI' from project 'Stripe')
    cd /Users/xinyufang/Documents/Buzz/Buzz.xcodeproj
    

SwiftCompile normal arm64 /Users/xinyufang/Library/Developer/Xcode/DerivedData/Buzz-faillbpsmponqzeruhhvskovixzk/SourcePackages/checkouts/stripe-ios-spm/StripePaymentsUI/StripePaymentsUI/Source/UI\ Components/STPAUBECSDebitFormView.swift (in target 'StripePaymentsUI' from project 'Stripe')
    cd /Users/xinyufang/Documents/Buzz/Buzz.xcodeproj
    

SwiftCompile normal arm64 /Users/xinyufang/Library/Developer/Xcode/DerivedData/Buzz-faillbpsmponqzeruhhvskovixzk/SourcePackages/checkouts/stripe-ios-spm/StripePaymentsUI/StripePaymentsUI/Source/UI\ Components/STPCardFormView+SwiftUI.swift (in target 'StripePaymentsUI' from project 'Stripe')
    cd /Users/xinyufang/Documents/Buzz/Buzz.xcodeproj
    

SwiftCompile normal arm64 /Users/xinyufang/Library/Developer/Xcode/DerivedData/Buzz-faillbpsmponqzeruhhvskovixzk/SourcePackages/checkouts/stripe-ios-spm/StripePaymentsUI/StripePaymentsUI/Source/UI\ Components/STPCardFormView.swift (in target 'StripePaymentsUI' from project 'Stripe')
    cd /Users/xinyufang/Documents/Buzz/Buzz.xcodeproj
    

SwiftDriverJobDiscovery normal arm64 Compiling resource_bundle_accessor.swift, Enums+CustomStringConvertible.swift, CardElementConfigService.swift, STPBECSDebitAccountNumberValidator.swift, STPBSBNumberValidator.swift, STPCBCController.swift, STPImageLibrary.swift, STPLocalizedString.swift (in target 'StripePaymentsUI' from project 'Stripe')

SwiftCompile normal arm64 Compiling\ STPPostalCodeInputTextField.swift,\ STPPostalCodeInputTextFieldFormatter.swift,\ STPPostalCodeInputTextFieldValidator.swift,\ STPCountryPickerInputField.swift,\ STPGenericInputPickerField.swift,\ STPGenericInputTextField.swift,\ STPInputTextField.swift /Users/xinyufang/Library/Developer/Xcode/DerivedData/Buzz-faillbpsmponqzeruhhvskovixzk/SourcePackages/checkouts/stripe-ios-spm/StripePaymentsUI/StripePaymentsUI/Source/Internal/UI/Views/Inputs/Card/STPPostalCodeInputTextField.swift /Users/xinyufang/Library/Developer/Xcode/DerivedData/Buzz-faillbpsmponqzeruhhvskovixzk/SourcePackages/checkouts/stripe-ios-spm/StripePaymentsUI/StripePaymentsUI/Source/Internal/UI/Views/Inputs/Card/STPPostalCodeInputTextFieldFormatter.swift /Users/xinyufang/Library/Developer/Xcode/DerivedData/Buzz-faillbpsmponqzeruhhvskovixzk/SourcePackages/checkouts/stripe-ios-spm/StripePaymentsUI/StripePaymentsUI/Source/Internal/UI/Views/Inputs/Card/STPPostalCodeInputTextFieldValidator.swift /Users/xinyufang/Library/Developer/Xcode/DerivedData/Buzz-faillbpsmponqzeruhhvskovixzk/SourcePackages/checkouts/stripe-ios-spm/StripePaymentsUI/StripePaymentsUI/Source/Internal/UI/Views/Inputs/STPCountryPickerInputField.swift /Users/xinyufang/Library/Developer/Xcode/DerivedData/Buzz-faillbpsmponqzeruhhvskovixzk/SourcePackages/checkouts/stripe-ios-spm/StripePaymentsUI/StripePaymentsUI/Source/Internal/UI/Views/Inputs/STPGenericInputPickerField.swift /Users/xinyufang/Library/Developer/Xcode/DerivedData/Buzz-faillbpsmponqzeruhhvskovixzk/SourcePackages/checkouts/stripe-ios-spm/StripePaymentsUI/StripePaymentsUI/Source/Internal/UI/Views/Inputs/STPGenericInputTextField.swift /Users/xinyufang/Library/Developer/Xcode/DerivedData/Buzz-faillbpsmponqzeruhhvskovixzk/SourcePackages/checkouts/stripe-ios-spm/StripePaymentsUI/StripePaymentsUI/Source/Internal/UI/Views/Inputs/STPInputTextField.swift (in target 'StripePaymentsUI' from project 'Stripe')

SwiftCompile normal arm64 /Users/xinyufang/Library/Developer/Xcode/DerivedData/Buzz-faillbpsmponqzeruhhvskovixzk/SourcePackages/checkouts/stripe-ios-spm/StripePaymentsUI/StripePaymentsUI/Source/Internal/UI/Views/Inputs/Card/STPPostalCodeInputTextField.swift (in target 'StripePaymentsUI' from project 'Stripe')
    cd /Users/xinyufang/Documents/Buzz/Buzz.xcodeproj
    

SwiftCompile normal arm64 /Users/xinyufang/Library/Developer/Xcode/DerivedData/Buzz-faillbpsmponqzeruhhvskovixzk/SourcePackages/checkouts/stripe-ios-spm/StripePaymentsUI/StripePaymentsUI/Source/Internal/UI/Views/Inputs/Card/STPPostalCodeInputTextFieldFormatter.swift (in target 'StripePaymentsUI' from project 'Stripe')
    cd /Users/xinyufang/Documents/Buzz/Buzz.xcodeproj
    

SwiftCompile normal arm64 /Users/xinyufang/Library/Developer/Xcode/DerivedData/Buzz-faillbpsmponqzeruhhvskovixzk/SourcePackages/checkouts/stripe-ios-spm/StripePaymentsUI/StripePaymentsUI/Source/Internal/UI/Views/Inputs/Card/STPPostalCodeInputTextFieldValidator.swift (in target 'StripePaymentsUI' from project 'Stripe')
    cd /Users/xinyufang/Documents/Buzz/Buzz.xcodeproj
    

SwiftCompile normal arm64 /Users/xinyufang/Library/Developer/Xcode/DerivedData/Buzz-faillbpsmponqzeruhhvskovixzk/SourcePackages/checkouts/stripe-ios-spm/StripePaymentsUI/StripePaymentsUI/Source/Internal/UI/Views/Inputs/STPCountryPickerInputField.swift (in target 'StripePaymentsUI' from project 'Stripe')
    cd /Users/xinyufang/Documents/Buzz/Buzz.xcodeproj
    

SwiftCompile normal arm64 /Users/xinyufang/Library/Developer/Xcode/DerivedData/Buzz-faillbpsmponqzeruhhvskovixzk/SourcePackages/checkouts/stripe-ios-spm/StripePaymentsUI/StripePaymentsUI/Source/Internal/UI/Views/Inputs/STPGenericInputPickerField.swift (in target 'StripePaymentsUI' from project 'Stripe')
    cd /Users/xinyufang/Documents/Buzz/Buzz.xcodeproj
    

SwiftCompile normal arm64 /Users/xinyufang/Library/Developer/Xcode/DerivedData/Buzz-faillbpsmponqzeruhhvskovixzk/SourcePackages/checkouts/stripe-ios-spm/StripePaymentsUI/StripePaymentsUI/Source/Internal/UI/Views/Inputs/STPGenericInputTextField.swift (in target 'StripePaymentsUI' from project 'Stripe')
    cd /Users/xinyufang/Documents/Buzz/Buzz.xcodeproj
    

SwiftCompile normal arm64 /Users/xinyufang/Library/Developer/Xcode/DerivedData/Buzz-faillbpsmponqzeruhhvskovixzk/SourcePackages/checkouts/stripe-ios-spm/StripePaymentsUI/StripePaymentsUI/Source/Internal/UI/Views/Inputs/STPInputTextField.swift (in target 'StripePaymentsUI' from project 'Stripe')
    cd /Users/xinyufang/Documents/Buzz/Buzz.xcodeproj
    

SwiftDriverJobDiscovery normal arm64 Emitting module for StripePaymentsUI (in target 'StripePaymentsUI' from project 'Stripe')

SwiftDriver\ Compilation\ Requirements StripePaymentsUI normal arm64 com.apple.xcode.tools.swift.compiler (in target 'StripePaymentsUI' from project 'Stripe')
    cd /Users/xinyufang/Documents/Buzz/Buzz.xcodeproj
    builtin-Swift-Compilation-Requirements -- /Applications/Xcode.app/Contents/Developer/Toolchains/XcodeDefault.xctoolchain/usr/bin/swiftc -module-name StripePaymentsUI -Onone -enforce-exclusivity\=checked @/Users/xinyufang/Library/Developer/Xcode/DerivedData/Buzz-faillbpsmponqzeruhhvskovixzk/Build/Intermediates.noindex/Stripe.build/Debug-iphonesimulator/StripePaymentsUI.build/Objects-normal/arm64/StripePaymentsUI.SwiftFileList -DSWIFT_PACKAGE -DDEBUG -DSWIFT_MODULE_RESOURCE_BUNDLE_AVAILABLE -Xcc -fmodule-map-file\=/Users/xinyufang/Library/Developer/Xcode/DerivedData/Buzz-faillbpsmponqzeruhhvskovixzk/Build/Intermediates.noindex/GeneratedModuleMaps-iphonesimulator/Stripe3DS2.modulemap -DXcode -plugin-path /Applications/Xcode.app/Contents/Developer/Toolchains/XcodeDefault.xctoolchain/usr/lib/swift/host/plugins/testing -enable-experimental-feature DebugDescriptionMacro -sdk /Applications/Xcode.app/Contents/Developer/Platforms/iPhoneSimulator.platform/Developer/SDKs/iPhoneSimulator26.0.sdk -target arm64-apple-ios13.0-simulator -g -module-cache-path /Users/xinyufang/Library/Developer/Xcode/DerivedData/ModuleCache.noindex -Xfrontend -serialize-debugging-options -enable-testing -suppress-warnings -index-store-path /Users/xinyufang/Library/Developer/Xcode/DerivedData/Buzz-faillbpsmponqzeruhhvskovixzk/Index.noindex/DataStore -Xcc -D_LIBCPP_HARDENING_MODE\=_LIBCPP_HARDENING_MODE_DEBUG -swift-version 5 -I /Users/xinyufang/Library/Developer/Xcode/DerivedData/Buzz-faillbpsmponqzeruhhvskovixzk/Build/Products/Debug-iphonesimulator -Isystem /Applications/Xcode.app/Contents/Developer/Platforms/iPhoneSimulator.platform/Developer/usr/lib -F /Users/xinyufang/Library/Developer/Xcode/DerivedData/Buzz-faillbpsmponqzeruhhvskovixzk/Build/Products/Debug-iphonesimulator/PackageFrameworks -F /Users/xinyufang/Library/Developer/Xcode/DerivedData/Buzz-faillbpsmponqzeruhhvskovixzk/Build/Products/Debug-iphonesimulator/PackageFrameworks -F /Users/xinyufang/Library/Developer/Xcode/DerivedData/Buzz-faillbpsmponqzeruhhvskovixzk/Build/Products/Debug-iphonesimulator/PackageFrameworks -F /Users/xinyufang/Library/Developer/Xcode/DerivedData/Buzz-faillbpsmponqzeruhhvskovixzk/Build/Products/Debug-iphonesimulator/PackageFrameworks -F /Users/xinyufang/Library/Developer/Xcode/DerivedData/Buzz-faillbpsmponqzeruhhvskovixzk/Build/Products/Debug-iphonesimulator -F /Applications/Xcode.app/Contents/Developer/Platforms/iPhoneSimulator.platform/Developer/Library/Frameworks -F /Applications/Xcode.app/Contents/Developer/Platforms/iPhoneSimulator.platform/Developer/SDKs/iPhoneSimulator26.0.sdk/Developer/Library/Frameworks -emit-localized-strings -emit-localized-strings-path /Users/xinyufang/Library/Developer/Xcode/DerivedData/Buzz-faillbpsmponqzeruhhvskovixzk/Build/Intermediates.noindex/Stripe.build/Debug-iphonesimulator/StripePaymentsUI.build/Objects-normal/arm64 -c -j8 -enable-batch-mode -incremental -Xcc -ivfsstatcache -Xcc /Users/xinyufang/Library/Developer/Xcode/DerivedData/SDKStatCaches.noindex/iphonesimulator26.0-23A339-26257891a6c027eb51374368541b8346.sdkstatcache -output-file-map /Users/xinyufang/Library/Developer/Xcode/DerivedData/Buzz-faillbpsmponqzeruhhvskovixzk/Build/Intermediates.noindex/Stripe.build/Debug-iphonesimulator/StripePaymentsUI.build/Objects-normal/arm64/StripePaymentsUI-OutputFileMap.json -use-frontend-parseable-output -save-temps -no-color-diagnostics -explicit-module-build -module-cache-path /Users/xinyufang/Library/Developer/Xcode/DerivedData/Buzz-faillbpsmponqzeruhhvskovixzk/Build/Intermediates.noindex/SwiftExplicitPrecompiledModules -clang-scanner-module-cache-path /Users/xinyufang/Library/Developer/Xcode/DerivedData/ModuleCache.noindex -sdk-module-cache-path /Users/xinyufang/Library/Developer/Xcode/DerivedData/ModuleCache.noindex -serialize-diagnostics -emit-dependencies -emit-module -emit-module-path /Users/xinyufang/Library/Developer/Xcode/DerivedData/Buzz-faillbpsmponqzeruhhvskovixzk/Build/Intermediates.noindex/Stripe.build/Debug-iphonesimulator/StripePaymentsUI.build/Objects-normal/arm64/StripePaymentsUI.swiftmodule -validate-clang-modules-once -clang-build-session-file /Users/xinyufang/Library/Developer/Xcode/DerivedData/ModuleCache.noindex/Session.modulevalidation -Xcc -I/Users/xinyufang/Library/Developer/Xcode/DerivedData/Buzz-faillbpsmponqzeruhhvskovixzk/Build/Intermediates.noindex/Stripe.build/Debug-iphonesimulator/StripePaymentsUI.build/swift-overrides.hmap -emit-const-values -Xfrontend -const-gather-protocols-file -Xfrontend /Users/xinyufang/Library/Developer/Xcode/DerivedData/Buzz-faillbpsmponqzeruhhvskovixzk/Build/Intermediates.noindex/Stripe.build/Debug-iphonesimulator/StripePaymentsUI.build/Objects-normal/arm64/StripePaymentsUI_const_extract_protocols.json -Xcc -I/Users/xinyufang/Library/Developer/Xcode/DerivedData/Buzz-faillbpsmponqzeruhhvskovixzk/SourcePackages/checkouts/stripe-ios-spm/Stripe3DS2/Stripe3DS2/include -Xcc -I/Users/xinyufang/Library/Developer/Xcode/DerivedData/Buzz-faillbpsmponqzeruhhvskovixzk/Build/Products/Debug-iphonesimulator/include -Xcc -I/Users/xinyufang/Library/Developer/Xcode/DerivedData/Buzz-faillbpsmponqzeruhhvskovixzk/Build/Intermediates.noindex/Stripe.build/Debug-iphonesimulator/StripePaymentsUI.build/DerivedSources-normal/arm64 -Xcc -I/Users/xinyufang/Library/Developer/Xcode/DerivedData/Buzz-faillbpsmponqzeruhhvskovixzk/Build/Intermediates.noindex/Stripe.build/Debug-iphonesimulator/StripePaymentsUI.build/DerivedSources/arm64 -Xcc -I/Users/xinyufang/Library/Developer/Xcode/DerivedData/Buzz-faillbpsmponqzeruhhvskovixzk/Build/Intermediates.noindex/Stripe.build/Debug-iphonesimulator/StripePaymentsUI.build/DerivedSources -Xcc -DSWIFT_PACKAGE -Xcc -DDEBUG\=1 -emit-objc-header -emit-objc-header-path /Users/xinyufang/Library/Developer/Xcode/DerivedData/Buzz-faillbpsmponqzeruhhvskovixzk/Build/Intermediates.noindex/Stripe.build/Debug-iphonesimulator/StripePaymentsUI.build/Objects-normal/arm64/StripePaymentsUI-Swift.h -working-directory /Users/xinyufang/Documents/Buzz/Buzz.xcodeproj -experimental-emit-module-separately -disable-cmo

SwiftDriverJobDiscovery normal arm64 Emitting module for StripeIdentity (in target 'StripeIdentity' from project 'Stripe')

SwiftDriver\ Compilation\ Requirements StripeIdentity normal arm64 com.apple.xcode.tools.swift.compiler (in target 'StripeIdentity' from project 'Stripe')
    cd /Users/xinyufang/Documents/Buzz/Buzz.xcodeproj
    builtin-Swift-Compilation-Requirements -- /Applications/Xcode.app/Contents/Developer/Toolchains/XcodeDefault.xctoolchain/usr/bin/swiftc -module-name StripeIdentity -Onone -enforce-exclusivity\=checked @/Users/xinyufang/Library/Developer/Xcode/DerivedData/Buzz-faillbpsmponqzeruhhvskovixzk/Build/Intermediates.noindex/Stripe.build/Debug-iphonesimulator/StripeIdentity.build/Objects-normal/arm64/StripeIdentity.SwiftFileList -DSWIFT_PACKAGE -DDEBUG -DSWIFT_MODULE_RESOURCE_BUNDLE_AVAILABLE -DXcode -plugin-path /Applications/Xcode.app/Contents/Developer/Toolchains/XcodeDefault.xctoolchain/usr/lib/swift/host/plugins/testing -enable-experimental-feature DebugDescriptionMacro -sdk /Applications/Xcode.app/Contents/Developer/Platforms/iPhoneSimulator.platform/Developer/SDKs/iPhoneSimulator26.0.sdk -target arm64-apple-ios13.0-simulator -g -module-cache-path /Users/xinyufang/Library/Developer/Xcode/DerivedData/ModuleCache.noindex -Xfrontend -serialize-debugging-options -enable-testing -suppress-warnings -index-store-path /Users/xinyufang/Library/Developer/Xcode/DerivedData/Buzz-faillbpsmponqzeruhhvskovixzk/Index.noindex/DataStore -Xcc -D_LIBCPP_HARDENING_MODE\=_LIBCPP_HARDENING_MODE_DEBUG -swift-version 5 -I /Users/xinyufang/Library/Developer/Xcode/DerivedData/Buzz-faillbpsmponqzeruhhvskovixzk/Build/Products/Debug-iphonesimulator -Isystem /Applications/Xcode.app/Contents/Developer/Platforms/iPhoneSimulator.platform/Developer/usr/lib -F /Users/xinyufang/Library/Developer/Xcode/DerivedData/Buzz-faillbpsmponqzeruhhvskovixzk/Build/Products/Debug-iphonesimulator/PackageFrameworks -F /Users/xinyufang/Library/Developer/Xcode/DerivedData/Buzz-faillbpsmponqzeruhhvskovixzk/Build/Products/Debug-iphonesimulator/PackageFrameworks -F /Users/xinyufang/Library/Developer/Xcode/DerivedData/Buzz-faillbpsmponqzeruhhvskovixzk/Build/Products/Debug-iphonesimulator/PackageFrameworks -F /Users/xinyufang/Library/Developer/Xcode/DerivedData/Buzz-faillbpsmponqzeruhhvskovixzk/Build/Products/Debug-iphonesimulator -F /Applications/Xcode.app/Contents/Developer/Platforms/iPhoneSimulator.platform/Developer/Library/Frameworks -F /Applications/Xcode.app/Contents/Developer/Platforms/iPhoneSimulator.platform/Developer/SDKs/iPhoneSimulator26.0.sdk/Developer/Library/Frameworks -emit-localized-strings -emit-localized-strings-path /Users/xinyufang/Library/Developer/Xcode/DerivedData/Buzz-faillbpsmponqzeruhhvskovixzk/Build/Intermediates.noindex/Stripe.build/Debug-iphonesimulator/StripeIdentity.build/Objects-normal/arm64 -c -j8 -enable-batch-mode -incremental -Xcc -ivfsstatcache -Xcc /Users/xinyufang/Library/Developer/Xcode/DerivedData/SDKStatCaches.noindex/iphonesimulator26.0-23A339-26257891a6c027eb51374368541b8346.sdkstatcache -output-file-map /Users/xinyufang/Library/Developer/Xcode/DerivedData/Buzz-faillbpsmponqzeruhhvskovixzk/Build/Intermediates.noindex/Stripe.build/Debug-iphonesimulator/StripeIdentity.build/Objects-normal/arm64/StripeIdentity-OutputFileMap.json -use-frontend-parseable-output -save-temps -no-color-diagnostics -explicit-module-build -module-cache-path /Users/xinyufang/Library/Developer/Xcode/DerivedData/Buzz-faillbpsmponqzeruhhvskovixzk/Build/Intermediates.noindex/SwiftExplicitPrecompiledModules -clang-scanner-module-cache-path /Users/xinyufang/Library/Developer/Xcode/DerivedData/ModuleCache.noindex -sdk-module-cache-path /Users/xinyufang/Library/Developer/Xcode/DerivedData/ModuleCache.noindex -serialize-diagnostics -emit-dependencies -emit-module -emit-module-path /Users/xinyufang/Library/Developer/Xcode/DerivedData/Buzz-faillbpsmponqzeruhhvskovixzk/Build/Intermediates.noindex/Stripe.build/Debug-iphonesimulator/StripeIdentity.build/Objects-normal/arm64/StripeIdentity.swiftmodule -validate-clang-modules-once -clang-build-session-file /Users/xinyufang/Library/Developer/Xcode/DerivedData/ModuleCache.noindex/Session.modulevalidation -Xcc -I/Users/xinyufang/Library/Developer/Xcode/DerivedData/Buzz-faillbpsmponqzeruhhvskovixzk/Build/Intermediates.noindex/Stripe.build/Debug-iphonesimulator/StripeIdentity.build/swift-overrides.hmap -emit-const-values -Xfrontend -const-gather-protocols-file -Xfrontend /Users/xinyufang/Library/Developer/Xcode/DerivedData/Buzz-faillbpsmponqzeruhhvskovixzk/Build/Intermediates.noindex/Stripe.build/Debug-iphonesimulator/StripeIdentity.build/Objects-normal/arm64/StripeIdentity_const_extract_protocols.json -Xcc -I/Users/xinyufang/Library/Developer/Xcode/DerivedData/Buzz-faillbpsmponqzeruhhvskovixzk/Build/Products/Debug-iphonesimulator/include -Xcc -I/Users/xinyufang/Library/Developer/Xcode/DerivedData/Buzz-faillbpsmponqzeruhhvskovixzk/Build/Intermediates.noindex/Stripe.build/Debug-iphonesimulator/StripeIdentity.build/DerivedSources-normal/arm64 -Xcc -I/Users/xinyufang/Library/Developer/Xcode/DerivedData/Buzz-faillbpsmponqzeruhhvskovixzk/Build/Intermediates.noindex/Stripe.build/Debug-iphonesimulator/StripeIdentity.build/DerivedSources/arm64 -Xcc -I/Users/xinyufang/Library/Developer/Xcode/DerivedData/Buzz-faillbpsmponqzeruhhvskovixzk/Build/Intermediates.noindex/Stripe.build/Debug-iphonesimulator/StripeIdentity.build/DerivedSources -Xcc -DSWIFT_PACKAGE -Xcc -DDEBUG\=1 -emit-objc-header -emit-objc-header-path /Users/xinyufang/Library/Developer/Xcode/DerivedData/Buzz-faillbpsmponqzeruhhvskovixzk/Build/Intermediates.noindex/Stripe.build/Debug-iphonesimulator/StripeIdentity.build/Objects-normal/arm64/StripeIdentity-Swift.h -working-directory /Users/xinyufang/Documents/Buzz/Buzz.xcodeproj -experimental-emit-module-separately -disable-cmo

SwiftMergeGeneratedHeaders /Users/xinyufang/Library/Developer/Xcode/DerivedData/Buzz-faillbpsmponqzeruhhvskovixzk/Build/Intermediates.noindex/GeneratedModuleMaps-iphonesimulator/StripePaymentsUI-Swift.h /Users/xinyufang/Library/Developer/Xcode/DerivedData/Buzz-faillbpsmponqzeruhhvskovixzk/Build/Intermediates.noindex/Stripe.build/Debug-iphonesimulator/StripePaymentsUI.build/Objects-normal/arm64/StripePaymentsUI-Swift.h (in target 'StripePaymentsUI' from project 'Stripe')
    cd /Users/xinyufang/Library/Developer/Xcode/DerivedData/Buzz-faillbpsmponqzeruhhvskovixzk/SourcePackages/checkouts/stripe-ios-spm
    builtin-swiftHeaderTool -arch arm64 /Users/xinyufang/Library/Developer/Xcode/DerivedData/Buzz-faillbpsmponqzeruhhvskovixzk/Build/Intermediates.noindex/Stripe.build/Debug-iphonesimulator/StripePaymentsUI.build/Objects-normal/arm64/StripePaymentsUI-Swift.h -o /Users/xinyufang/Library/Developer/Xcode/DerivedData/Buzz-faillbpsmponqzeruhhvskovixzk/Build/Intermediates.noindex/GeneratedModuleMaps-iphonesimulator/StripePaymentsUI-Swift.h

Copy /Users/xinyufang/Library/Developer/Xcode/DerivedData/Buzz-faillbpsmponqzeruhhvskovixzk/Build/Products/Debug-iphonesimulator/StripePaymentsUI.swiftmodule/arm64-apple-ios-simulator.swiftmodule /Users/xinyufang/Library/Developer/Xcode/DerivedData/Buzz-faillbpsmponqzeruhhvskovixzk/Build/Intermediates.noindex/Stripe.build/Debug-iphonesimulator/StripePaymentsUI.build/Objects-normal/arm64/StripePaymentsUI.swiftmodule (in target 'StripePaymentsUI' from project 'Stripe')
    cd /Users/xinyufang/Library/Developer/Xcode/DerivedData/Buzz-faillbpsmponqzeruhhvskovixzk/SourcePackages/checkouts/stripe-ios-spm
    builtin-copy -exclude .DS_Store -exclude CVS -exclude .svn -exclude .git -exclude .hg -resolve-src-symlinks -rename /Users/xinyufang/Library/Developer/Xcode/DerivedData/Buzz-faillbpsmponqzeruhhvskovixzk/Build/Intermediates.noindex/Stripe.build/Debug-iphonesimulator/StripePaymentsUI.build/Objects-normal/arm64/StripePaymentsUI.swiftmodule /Users/xinyufang/Library/Developer/Xcode/DerivedData/Buzz-faillbpsmponqzeruhhvskovixzk/Build/Products/Debug-iphonesimulator/StripePaymentsUI.swiftmodule/arm64-apple-ios-simulator.swiftmodule

Copy /Users/xinyufang/Library/Developer/Xcode/DerivedData/Buzz-faillbpsmponqzeruhhvskovixzk/Build/Products/Debug-iphonesimulator/StripePaymentsUI.swiftmodule/arm64-apple-ios-simulator.swiftdoc /Users/xinyufang/Library/Developer/Xcode/DerivedData/Buzz-faillbpsmponqzeruhhvskovixzk/Build/Intermediates.noindex/Stripe.build/Debug-iphonesimulator/StripePaymentsUI.build/Objects-normal/arm64/StripePaymentsUI.swiftdoc (in target 'StripePaymentsUI' from project 'Stripe')
    cd /Users/xinyufang/Library/Developer/Xcode/DerivedData/Buzz-faillbpsmponqzeruhhvskovixzk/SourcePackages/checkouts/stripe-ios-spm
    builtin-copy -exclude .DS_Store -exclude CVS -exclude .svn -exclude .git -exclude .hg -resolve-src-symlinks -rename /Users/xinyufang/Library/Developer/Xcode/DerivedData/Buzz-faillbpsmponqzeruhhvskovixzk/Build/Intermediates.noindex/Stripe.build/Debug-iphonesimulator/StripePaymentsUI.build/Objects-normal/arm64/StripePaymentsUI.swiftdoc /Users/xinyufang/Library/Developer/Xcode/DerivedData/Buzz-faillbpsmponqzeruhhvskovixzk/Build/Products/Debug-iphonesimulator/StripePaymentsUI.swiftmodule/arm64-apple-ios-simulator.swiftdoc

Copy /Users/xinyufang/Library/Developer/Xcode/DerivedData/Buzz-faillbpsmponqzeruhhvskovixzk/Build/Products/Debug-iphonesimulator/StripePaymentsUI.swiftmodule/arm64-apple-ios-simulator.abi.json /Users/xinyufang/Library/Developer/Xcode/DerivedData/Buzz-faillbpsmponqzeruhhvskovixzk/Build/Intermediates.noindex/Stripe.build/Debug-iphonesimulator/StripePaymentsUI.build/Objects-normal/arm64/StripePaymentsUI.abi.json (in target 'StripePaymentsUI' from project 'Stripe')
    cd /Users/xinyufang/Library/Developer/Xcode/DerivedData/Buzz-faillbpsmponqzeruhhvskovixzk/SourcePackages/checkouts/stripe-ios-spm
    builtin-copy -exclude .DS_Store -exclude CVS -exclude .svn -exclude .git -exclude .hg -resolve-src-symlinks -rename /Users/xinyufang/Library/Developer/Xcode/DerivedData/Buzz-faillbpsmponqzeruhhvskovixzk/Build/Intermediates.noindex/Stripe.build/Debug-iphonesimulator/StripePaymentsUI.build/Objects-normal/arm64/StripePaymentsUI.abi.json /Users/xinyufang/Library/Developer/Xcode/DerivedData/Buzz-faillbpsmponqzeruhhvskovixzk/Build/Products/Debug-iphonesimulator/StripePaymentsUI.swiftmodule/arm64-apple-ios-simulator.abi.json

Copy /Users/xinyufang/Library/Developer/Xcode/DerivedData/Buzz-faillbpsmponqzeruhhvskovixzk/Build/Products/Debug-iphonesimulator/StripePaymentsUI.swiftmodule/Project/arm64-apple-ios-simulator.swiftsourceinfo /Users/xinyufang/Library/Developer/Xcode/DerivedData/Buzz-faillbpsmponqzeruhhvskovixzk/Build/Intermediates.noindex/Stripe.build/Debug-iphonesimulator/StripePaymentsUI.build/Objects-normal/arm64/StripePaymentsUI.swiftsourceinfo (in target 'StripePaymentsUI' from project 'Stripe')
    cd /Users/xinyufang/Library/Developer/Xcode/DerivedData/Buzz-faillbpsmponqzeruhhvskovixzk/SourcePackages/checkouts/stripe-ios-spm
    builtin-copy -exclude .DS_Store -exclude CVS -exclude .svn -exclude .git -exclude .hg -resolve-src-symlinks -rename /Users/xinyufang/Library/Developer/Xcode/DerivedData/Buzz-faillbpsmponqzeruhhvskovixzk/Build/Intermediates.noindex/Stripe.build/Debug-iphonesimulator/StripePaymentsUI.build/Objects-normal/arm64/StripePaymentsUI.swiftsourceinfo /Users/xinyufang/Library/Developer/Xcode/DerivedData/Buzz-faillbpsmponqzeruhhvskovixzk/Build/Products/Debug-iphonesimulator/StripePaymentsUI.swiftmodule/Project/arm64-apple-ios-simulator.swiftsourceinfo

SwiftMergeGeneratedHeaders /Users/xinyufang/Library/Developer/Xcode/DerivedData/Buzz-faillbpsmponqzeruhhvskovixzk/Build/Intermediates.noindex/GeneratedModuleMaps-iphonesimulator/StripeIdentity-Swift.h /Users/xinyufang/Library/Developer/Xcode/DerivedData/Buzz-faillbpsmponqzeruhhvskovixzk/Build/Intermediates.noindex/Stripe.build/Debug-iphonesimulator/StripeIdentity.build/Objects-normal/arm64/StripeIdentity-Swift.h (in target 'StripeIdentity' from project 'Stripe')
    cd /Users/xinyufang/Library/Developer/Xcode/DerivedData/Buzz-faillbpsmponqzeruhhvskovixzk/SourcePackages/checkouts/stripe-ios-spm
    builtin-swiftHeaderTool -arch arm64 /Users/xinyufang/Library/Developer/Xcode/DerivedData/Buzz-faillbpsmponqzeruhhvskovixzk/Build/Intermediates.noindex/Stripe.build/Debug-iphonesimulator/StripeIdentity.build/Objects-normal/arm64/StripeIdentity-Swift.h -o /Users/xinyufang/Library/Developer/Xcode/DerivedData/Buzz-faillbpsmponqzeruhhvskovixzk/Build/Intermediates.noindex/GeneratedModuleMaps-iphonesimulator/StripeIdentity-Swift.h

Copy /Users/xinyufang/Library/Developer/Xcode/DerivedData/Buzz-faillbpsmponqzeruhhvskovixzk/Build/Products/Debug-iphonesimulator/StripeIdentity.swiftmodule/arm64-apple-ios-simulator.swiftmodule /Users/xinyufang/Library/Developer/Xcode/DerivedData/Buzz-faillbpsmponqzeruhhvskovixzk/Build/Intermediates.noindex/Stripe.build/Debug-iphonesimulator/StripeIdentity.build/Objects-normal/arm64/StripeIdentity.swiftmodule (in target 'StripeIdentity' from project 'Stripe')
    cd /Users/xinyufang/Library/Developer/Xcode/DerivedData/Buzz-faillbpsmponqzeruhhvskovixzk/SourcePackages/checkouts/stripe-ios-spm
    builtin-copy -exclude .DS_Store -exclude CVS -exclude .svn -exclude .git -exclude .hg -resolve-src-symlinks -rename /Users/xinyufang/Library/Developer/Xcode/DerivedData/Buzz-faillbpsmponqzeruhhvskovixzk/Build/Intermediates.noindex/Stripe.build/Debug-iphonesimulator/StripeIdentity.build/Objects-normal/arm64/StripeIdentity.swiftmodule /Users/xinyufang/Library/Developer/Xcode/DerivedData/Buzz-faillbpsmponqzeruhhvskovixzk/Build/Products/Debug-iphonesimulator/StripeIdentity.swiftmodule/arm64-apple-ios-simulator.swiftmodule

Copy /Users/xinyufang/Library/Developer/Xcode/DerivedData/Buzz-faillbpsmponqzeruhhvskovixzk/Build/Products/Debug-iphonesimulator/StripeIdentity.swiftmodule/arm64-apple-ios-simulator.swiftdoc /Users/xinyufang/Library/Developer/Xcode/DerivedData/Buzz-faillbpsmponqzeruhhvskovixzk/Build/Intermediates.noindex/Stripe.build/Debug-iphonesimulator/StripeIdentity.build/Objects-normal/arm64/StripeIdentity.swiftdoc (in target 'StripeIdentity' from project 'Stripe')
    cd /Users/xinyufang/Library/Developer/Xcode/DerivedData/Buzz-faillbpsmponqzeruhhvskovixzk/SourcePackages/checkouts/stripe-ios-spm
    builtin-copy -exclude .DS_Store -exclude CVS -exclude .svn -exclude .git -exclude .hg -resolve-src-symlinks -rename /Users/xinyufang/Library/Developer/Xcode/DerivedData/Buzz-faillbpsmponqzeruhhvskovixzk/Build/Intermediates.noindex/Stripe.build/Debug-iphonesimulator/StripeIdentity.build/Objects-normal/arm64/StripeIdentity.swiftdoc /Users/xinyufang/Library/Developer/Xcode/DerivedData/Buzz-faillbpsmponqzeruhhvskovixzk/Build/Products/Debug-iphonesimulator/StripeIdentity.swiftmodule/arm64-apple-ios-simulator.swiftdoc

Copy /Users/xinyufang/Library/Developer/Xcode/DerivedData/Buzz-faillbpsmponqzeruhhvskovixzk/Build/Products/Debug-iphonesimulator/StripeIdentity.swiftmodule/arm64-apple-ios-simulator.abi.json /Users/xinyufang/Library/Developer/Xcode/DerivedData/Buzz-faillbpsmponqzeruhhvskovixzk/Build/Intermediates.noindex/Stripe.build/Debug-iphonesimulator/StripeIdentity.build/Objects-normal/arm64/StripeIdentity.abi.json (in target 'StripeIdentity' from project 'Stripe')
    cd /Users/xinyufang/Library/Developer/Xcode/DerivedData/Buzz-faillbpsmponqzeruhhvskovixzk/SourcePackages/checkouts/stripe-ios-spm
    builtin-copy -exclude .DS_Store -exclude CVS -exclude .svn -exclude .git -exclude .hg -resolve-src-symlinks -rename /Users/xinyufang/Library/Developer/Xcode/DerivedData/Buzz-faillbpsmponqzeruhhvskovixzk/Build/Intermediates.noindex/Stripe.build/Debug-iphonesimulator/StripeIdentity.build/Objects-normal/arm64/StripeIdentity.abi.json /Users/xinyufang/Library/Developer/Xcode/DerivedData/Buzz-faillbpsmponqzeruhhvskovixzk/Build/Products/Debug-iphonesimulator/StripeIdentity.swiftmodule/arm64-apple-ios-simulator.abi.json

Copy /Users/xinyufang/Library/Developer/Xcode/DerivedData/Buzz-faillbpsmponqzeruhhvskovixzk/Build/Products/Debug-iphonesimulator/StripeIdentity.swiftmodule/Project/arm64-apple-ios-simulator.swiftsourceinfo /Users/xinyufang/Library/Developer/Xcode/DerivedData/Buzz-faillbpsmponqzeruhhvskovixzk/Build/Intermediates.noindex/Stripe.build/Debug-iphonesimulator/StripeIdentity.build/Objects-normal/arm64/StripeIdentity.swiftsourceinfo (in target 'StripeIdentity' from project 'Stripe')
    cd /Users/xinyufang/Library/Developer/Xcode/DerivedData/Buzz-faillbpsmponqzeruhhvskovixzk/SourcePackages/checkouts/stripe-ios-spm
    builtin-copy -exclude .DS_Store -exclude CVS -exclude .svn -exclude .git -exclude .hg -resolve-src-symlinks -rename /Users/xinyufang/Library/Developer/Xcode/DerivedData/Buzz-faillbpsmponqzeruhhvskovixzk/Build/Intermediates.noindex/Stripe.build/Debug-iphonesimulator/StripeIdentity.build/Objects-normal/arm64/StripeIdentity.swiftsourceinfo /Users/xinyufang/Library/Developer/Xcode/DerivedData/Buzz-faillbpsmponqzeruhhvskovixzk/Build/Products/Debug-iphonesimulator/StripeIdentity.swiftmodule/Project/arm64-apple-ios-simulator.swiftsourceinfo

SwiftCompile normal arm64 Compiling\ STPCardBrand+PaymentsUI.swift,\ UIButton+Stripe.swift,\ DropDownFieldElement+CardBrand.swift,\ CardBrandView.swift,\ DynamicImageView+Unknown.swift,\ STPCardCVCInputTextField.swift,\ STPCardCVCInputTextFieldFormatter.swift /Users/xinyufang/Library/Developer/Xcode/DerivedData/Buzz-faillbpsmponqzeruhhvskovixzk/SourcePackages/checkouts/stripe-ios-spm/StripePaymentsUI/StripePaymentsUI/Source/Internal/Categories/STPCardBrand+PaymentsUI.swift /Users/xinyufang/Library/Developer/Xcode/DerivedData/Buzz-faillbpsmponqzeruhhvskovixzk/SourcePackages/checkouts/stripe-ios-spm/StripePaymentsUI/StripePaymentsUI/Source/Internal/Categories/UIButton+Stripe.swift /Users/xinyufang/Library/Developer/Xcode/DerivedData/Buzz-faillbpsmponqzeruhhvskovixzk/SourcePackages/checkouts/stripe-ios-spm/StripePaymentsUI/StripePaymentsUI/Source/Internal/UI/Elements/DropDownFieldElement+CardBrand.swift /Users/xinyufang/Library/Developer/Xcode/DerivedData/Buzz-faillbpsmponqzeruhhvskovixzk/SourcePackages/checkouts/stripe-ios-spm/StripePaymentsUI/StripePaymentsUI/Source/Internal/UI/Views/CardBrandView.swift /Users/xinyufang/Library/Developer/Xcode/DerivedData/Buzz-faillbpsmponqzeruhhvskovixzk/SourcePackages/checkouts/stripe-ios-spm/StripePaymentsUI/StripePaymentsUI/Source/Internal/UI/Views/DynamicImageView+Unknown.swift /Users/xinyufang/Library/Developer/Xcode/DerivedData/Buzz-faillbpsmponqzeruhhvskovixzk/SourcePackages/checkouts/stripe-ios-spm/StripePaymentsUI/StripePaymentsUI/Source/Internal/UI/Views/Inputs/Card/STPCardCVCInputTextField.swift /Users/xinyufang/Library/Developer/Xcode/DerivedData/Buzz-faillbpsmponqzeruhhvskovixzk/SourcePackages/checkouts/stripe-ios-spm/StripePaymentsUI/StripePaymentsUI/Source/Internal/UI/Views/Inputs/Card/STPCardCVCInputTextFieldFormatter.swift (in target 'StripePaymentsUI' from project 'Stripe')

SwiftCompile normal arm64 /Users/xinyufang/Library/Developer/Xcode/DerivedData/Buzz-faillbpsmponqzeruhhvskovixzk/SourcePackages/checkouts/stripe-ios-spm/StripePaymentsUI/StripePaymentsUI/Source/Internal/Categories/STPCardBrand+PaymentsUI.swift (in target 'StripePaymentsUI' from project 'Stripe')
    cd /Users/xinyufang/Documents/Buzz/Buzz.xcodeproj
    

SwiftCompile normal arm64 /Users/xinyufang/Library/Developer/Xcode/DerivedData/Buzz-faillbpsmponqzeruhhvskovixzk/SourcePackages/checkouts/stripe-ios-spm/StripePaymentsUI/StripePaymentsUI/Source/Internal/Categories/UIButton+Stripe.swift (in target 'StripePaymentsUI' from project 'Stripe')
    cd /Users/xinyufang/Documents/Buzz/Buzz.xcodeproj
    

SwiftCompile normal arm64 /Users/xinyufang/Library/Developer/Xcode/DerivedData/Buzz-faillbpsmponqzeruhhvskovixzk/SourcePackages/checkouts/stripe-ios-spm/StripePaymentsUI/StripePaymentsUI/Source/Internal/UI/Elements/DropDownFieldElement+CardBrand.swift (in target 'StripePaymentsUI' from project 'Stripe')
    cd /Users/xinyufang/Documents/Buzz/Buzz.xcodeproj
    

SwiftCompile normal arm64 /Users/xinyufang/Library/Developer/Xcode/DerivedData/Buzz-faillbpsmponqzeruhhvskovixzk/SourcePackages/checkouts/stripe-ios-spm/StripePaymentsUI/StripePaymentsUI/Source/Internal/UI/Views/CardBrandView.swift (in target 'StripePaymentsUI' from project 'Stripe')
    cd /Users/xinyufang/Documents/Buzz/Buzz.xcodeproj
    

SwiftCompile normal arm64 /Users/xinyufang/Library/Developer/Xcode/DerivedData/Buzz-faillbpsmponqzeruhhvskovixzk/SourcePackages/checkouts/stripe-ios-spm/StripePaymentsUI/StripePaymentsUI/Source/Internal/UI/Views/DynamicImageView+Unknown.swift (in target 'StripePaymentsUI' from project 'Stripe')
    cd /Users/xinyufang/Documents/Buzz/Buzz.xcodeproj
    

SwiftCompile normal arm64 /Users/xinyufang/Library/Developer/Xcode/DerivedData/Buzz-faillbpsmponqzeruhhvskovixzk/SourcePackages/checkouts/stripe-ios-spm/StripePaymentsUI/StripePaymentsUI/Source/Internal/UI/Views/Inputs/Card/STPCardCVCInputTextField.swift (in target 'StripePaymentsUI' from project 'Stripe')
    cd /Users/xinyufang/Documents/Buzz/Buzz.xcodeproj
    

SwiftCompile normal arm64 /Users/xinyufang/Library/Developer/Xcode/DerivedData/Buzz-faillbpsmponqzeruhhvskovixzk/SourcePackages/checkouts/stripe-ios-spm/StripePaymentsUI/StripePaymentsUI/Source/Internal/UI/Views/Inputs/Card/STPCardCVCInputTextFieldFormatter.swift (in target 'StripePaymentsUI' from project 'Stripe')
    cd /Users/xinyufang/Documents/Buzz/Buzz.xcodeproj
    

SwiftDriverJobDiscovery normal arm64 Compiling STPInputTextFieldFormatter.swift, STPInputTextFieldValidator.swift, STPNumericDigitInputTextFormatter.swift, STPAUBECSFormViewModel.swift, STPCardLoadingIndicator.swift, STPFormTextField.swift, STPLabeledFormTextFieldView.swift (in target 'StripePaymentsUI' from project 'Stripe')

SwiftCompile normal arm64 Compiling\ STPCardCVCInputTextFieldValidator.swift,\ STPCardExpiryInputTextField.swift,\ STPCardExpiryInputTextFieldFormatter.swift,\ STPCardExpiryInputTextFieldValidator.swift,\ STPCardNumberInputTextField.swift,\ STPCardNumberInputTextFieldFormatter.swift,\ STPCardNumberInputTextFieldValidator.swift /Users/xinyufang/Library/Developer/Xcode/DerivedData/Buzz-faillbpsmponqzeruhhvskovixzk/SourcePackages/checkouts/stripe-ios-spm/StripePaymentsUI/StripePaymentsUI/Source/Internal/UI/Views/Inputs/Card/STPCardCVCInputTextFieldValidator.swift /Users/xinyufang/Library/Developer/Xcode/DerivedData/Buzz-faillbpsmponqzeruhhvskovixzk/SourcePackages/checkouts/stripe-ios-spm/StripePaymentsUI/StripePaymentsUI/Source/Internal/UI/Views/Inputs/Card/STPCardExpiryInputTextField.swift /Users/xinyufang/Library/Developer/Xcode/DerivedData/Buzz-faillbpsmponqzeruhhvskovixzk/SourcePackages/checkouts/stripe-ios-spm/StripePaymentsUI/StripePaymentsUI/Source/Internal/UI/Views/Inputs/Card/STPCardExpiryInputTextFieldFormatter.swift /Users/xinyufang/Library/Developer/Xcode/DerivedData/Buzz-faillbpsmponqzeruhhvskovixzk/SourcePackages/checkouts/stripe-ios-spm/StripePaymentsUI/StripePaymentsUI/Source/Internal/UI/Views/Inputs/Card/STPCardExpiryInputTextFieldValidator.swift /Users/xinyufang/Library/Developer/Xcode/DerivedData/Buzz-faillbpsmponqzeruhhvskovixzk/SourcePackages/checkouts/stripe-ios-spm/StripePaymentsUI/StripePaymentsUI/Source/Internal/UI/Views/Inputs/Card/STPCardNumberInputTextField.swift /Users/xinyufang/Library/Developer/Xcode/DerivedData/Buzz-faillbpsmponqzeruhhvskovixzk/SourcePackages/checkouts/stripe-ios-spm/StripePaymentsUI/StripePaymentsUI/Source/Internal/UI/Views/Inputs/Card/STPCardNumberInputTextFieldFormatter.swift /Users/xinyufang/Library/Developer/Xcode/DerivedData/Buzz-faillbpsmponqzeruhhvskovixzk/SourcePackages/checkouts/stripe-ios-spm/StripePaymentsUI/StripePaymentsUI/Source/Internal/UI/Views/Inputs/Card/STPCardNumberInputTextFieldValidator.swift (in target 'StripePaymentsUI' from project 'Stripe')

SwiftCompile normal arm64 /Users/xinyufang/Library/Developer/Xcode/DerivedData/Buzz-faillbpsmponqzeruhhvskovixzk/SourcePackages/checkouts/stripe-ios-spm/StripePaymentsUI/StripePaymentsUI/Source/Internal/UI/Views/Inputs/Card/STPCardCVCInputTextFieldValidator.swift (in target 'StripePaymentsUI' from project 'Stripe')
    cd /Users/xinyufang/Documents/Buzz/Buzz.xcodeproj
    

SwiftCompile normal arm64 /Users/xinyufang/Library/Developer/Xcode/DerivedData/Buzz-faillbpsmponqzeruhhvskovixzk/SourcePackages/checkouts/stripe-ios-spm/StripePaymentsUI/StripePaymentsUI/Source/Internal/UI/Views/Inputs/Card/STPCardExpiryInputTextField.swift (in target 'StripePaymentsUI' from project 'Stripe')
    cd /Users/xinyufang/Documents/Buzz/Buzz.xcodeproj
    

SwiftCompile normal arm64 /Users/xinyufang/Library/Developer/Xcode/DerivedData/Buzz-faillbpsmponqzeruhhvskovixzk/SourcePackages/checkouts/stripe-ios-spm/StripePaymentsUI/StripePaymentsUI/Source/Internal/UI/Views/Inputs/Card/STPCardExpiryInputTextFieldFormatter.swift (in target 'StripePaymentsUI' from project 'Stripe')
    cd /Users/xinyufang/Documents/Buzz/Buzz.xcodeproj
    

SwiftCompile normal arm64 /Users/xinyufang/Library/Developer/Xcode/DerivedData/Buzz-faillbpsmponqzeruhhvskovixzk/SourcePackages/checkouts/stripe-ios-spm/StripePaymentsUI/StripePaymentsUI/Source/Internal/UI/Views/Inputs/Card/STPCardExpiryInputTextFieldValidator.swift (in target 'StripePaymentsUI' from project 'Stripe')
    cd /Users/xinyufang/Documents/Buzz/Buzz.xcodeproj
    

SwiftCompile normal arm64 /Users/xinyufang/Library/Developer/Xcode/DerivedData/Buzz-faillbpsmponqzeruhhvskovixzk/SourcePackages/checkouts/stripe-ios-spm/StripePaymentsUI/StripePaymentsUI/Source/Internal/UI/Views/Inputs/Card/STPCardNumberInputTextField.swift (in target 'StripePaymentsUI' from project 'Stripe')
    cd /Users/xinyufang/Documents/Buzz/Buzz.xcodeproj
    

SwiftCompile normal arm64 /Users/xinyufang/Library/Developer/Xcode/DerivedData/Buzz-faillbpsmponqzeruhhvskovixzk/SourcePackages/checkouts/stripe-ios-spm/StripePaymentsUI/StripePaymentsUI/Source/Internal/UI/Views/Inputs/Card/STPCardNumberInputTextFieldFormatter.swift (in target 'StripePaymentsUI' from project 'Stripe')
    cd /Users/xinyufang/Documents/Buzz/Buzz.xcodeproj
    

SwiftCompile normal arm64 /Users/xinyufang/Library/Developer/Xcode/DerivedData/Buzz-faillbpsmponqzeruhhvskovixzk/SourcePackages/checkouts/stripe-ios-spm/StripePaymentsUI/StripePaymentsUI/Source/Internal/UI/Views/Inputs/Card/STPCardNumberInputTextFieldValidator.swift (in target 'StripePaymentsUI' from project 'Stripe')
    cd /Users/xinyufang/Documents/Buzz/Buzz.xcodeproj
    

SwiftCompile normal arm64 Compiling\ STPPhoneNumberValidator.swift,\ STPPostalCodeValidator.swift,\ STPPromise.swift,\ STPStringUtils.swift,\ String+Localized.swift,\ StripePayments+Export.swift,\ StripePaymentsBundleLocator.swift,\ NSAttributedString+Stripe.swift /Users/xinyufang/Library/Developer/Xcode/DerivedData/Buzz-faillbpsmponqzeruhhvskovixzk/SourcePackages/checkouts/stripe-ios-spm/StripePaymentsUI/StripePaymentsUI/Source/Helpers/STPPhoneNumberValidator.swift /Users/xinyufang/Library/Developer/Xcode/DerivedData/Buzz-faillbpsmponqzeruhhvskovixzk/SourcePackages/checkouts/stripe-ios-spm/StripePaymentsUI/StripePaymentsUI/Source/Helpers/STPPostalCodeValidator.swift /Users/xinyufang/Library/Developer/Xcode/DerivedData/Buzz-faillbpsmponqzeruhhvskovixzk/SourcePackages/checkouts/stripe-ios-spm/StripePaymentsUI/StripePaymentsUI/Source/Helpers/STPPromise.swift /Users/xinyufang/Library/Developer/Xcode/DerivedData/Buzz-faillbpsmponqzeruhhvskovixzk/SourcePackages/checkouts/stripe-ios-spm/StripePaymentsUI/StripePaymentsUI/Source/Helpers/STPStringUtils.swift /Users/xinyufang/Library/Developer/Xcode/DerivedData/Buzz-faillbpsmponqzeruhhvskovixzk/SourcePackages/checkouts/stripe-ios-spm/StripePaymentsUI/StripePaymentsUI/Source/Helpers/String+Localized.swift /Users/xinyufang/Library/Developer/Xcode/DerivedData/Buzz-faillbpsmponqzeruhhvskovixzk/SourcePackages/checkouts/stripe-ios-spm/StripePaymentsUI/StripePaymentsUI/Source/Helpers/StripePayments+Export.swift /Users/xinyufang/Library/Developer/Xcode/DerivedData/Buzz-faillbpsmponqzeruhhvskovixzk/SourcePackages/checkouts/stripe-ios-spm/StripePaymentsUI/StripePaymentsUI/Source/Helpers/StripePaymentsBundleLocator.swift /Users/xinyufang/Library/Developer/Xcode/DerivedData/Buzz-faillbpsmponqzeruhhvskovixzk/SourcePackages/checkouts/stripe-ios-spm/StripePaymentsUI/StripePaymentsUI/Source/Internal/Categories/NSAttributedString+Stripe.swift (in target 'StripePaymentsUI' from project 'Stripe')

SwiftCompile normal arm64 /Users/xinyufang/Library/Developer/Xcode/DerivedData/Buzz-faillbpsmponqzeruhhvskovixzk/SourcePackages/checkouts/stripe-ios-spm/StripePaymentsUI/StripePaymentsUI/Source/Helpers/STPPhoneNumberValidator.swift (in target 'StripePaymentsUI' from project 'Stripe')
    cd /Users/xinyufang/Documents/Buzz/Buzz.xcodeproj
    

SwiftCompile normal arm64 /Users/xinyufang/Library/Developer/Xcode/DerivedData/Buzz-faillbpsmponqzeruhhvskovixzk/SourcePackages/checkouts/stripe-ios-spm/StripePaymentsUI/StripePaymentsUI/Source/Helpers/STPPostalCodeValidator.swift (in target 'StripePaymentsUI' from project 'Stripe')
    cd /Users/xinyufang/Documents/Buzz/Buzz.xcodeproj
    

SwiftCompile normal arm64 /Users/xinyufang/Library/Developer/Xcode/DerivedData/Buzz-faillbpsmponqzeruhhvskovixzk/SourcePackages/checkouts/stripe-ios-spm/StripePaymentsUI/StripePaymentsUI/Source/Helpers/STPPromise.swift (in target 'StripePaymentsUI' from project 'Stripe')
    cd /Users/xinyufang/Documents/Buzz/Buzz.xcodeproj
    

SwiftCompile normal arm64 /Users/xinyufang/Library/Developer/Xcode/DerivedData/Buzz-faillbpsmponqzeruhhvskovixzk/SourcePackages/checkouts/stripe-ios-spm/StripePaymentsUI/StripePaymentsUI/Source/Helpers/STPStringUtils.swift (in target 'StripePaymentsUI' from project 'Stripe')
    cd /Users/xinyufang/Documents/Buzz/Buzz.xcodeproj
    

SwiftCompile normal arm64 /Users/xinyufang/Library/Developer/Xcode/DerivedData/Buzz-faillbpsmponqzeruhhvskovixzk/SourcePackages/checkouts/stripe-ios-spm/StripePaymentsUI/StripePaymentsUI/Source/Helpers/String+Localized.swift (in target 'StripePaymentsUI' from project 'Stripe')
    cd /Users/xinyufang/Documents/Buzz/Buzz.xcodeproj
    

SwiftCompile normal arm64 /Users/xinyufang/Library/Developer/Xcode/DerivedData/Buzz-faillbpsmponqzeruhhvskovixzk/SourcePackages/checkouts/stripe-ios-spm/StripePaymentsUI/StripePaymentsUI/Source/Helpers/StripePayments+Export.swift (in target 'StripePaymentsUI' from project 'Stripe')
    cd /Users/xinyufang/Documents/Buzz/Buzz.xcodeproj
    

SwiftCompile normal arm64 /Users/xinyufang/Library/Developer/Xcode/DerivedData/Buzz-faillbpsmponqzeruhhvskovixzk/SourcePackages/checkouts/stripe-ios-spm/StripePaymentsUI/StripePaymentsUI/Source/Helpers/StripePaymentsBundleLocator.swift (in target 'StripePaymentsUI' from project 'Stripe')
    cd /Users/xinyufang/Documents/Buzz/Buzz.xcodeproj
    

SwiftCompile normal arm64 /Users/xinyufang/Library/Developer/Xcode/DerivedData/Buzz-faillbpsmponqzeruhhvskovixzk/SourcePackages/checkouts/stripe-ios-spm/StripePaymentsUI/StripePaymentsUI/Source/Internal/Categories/NSAttributedString+Stripe.swift (in target 'StripePaymentsUI' from project 'Stripe')
    cd /Users/xinyufang/Documents/Buzz/Buzz.xcodeproj
    

SwiftDriverJobDiscovery normal arm64 Compiling STPCardBrand+PaymentsUI.swift, UIButton+Stripe.swift, DropDownFieldElement+CardBrand.swift, CardBrandView.swift, DynamicImageView+Unknown.swift, STPCardCVCInputTextField.swift, STPCardCVCInputTextFieldFormatter.swift (in target 'StripePaymentsUI' from project 'Stripe')

SwiftDriverJobDiscovery normal arm64 Emitting module for StripeFinancialConnections (in target 'StripeFinancialConnections' from project 'Stripe')

SwiftCompile normal arm64 Compiling\ resource_bundle_accessor.swift,\ DocumentScanner+API.swift,\ DocumentType+StripeIdentity.swift,\ DocumentUploader+API.swift,\ FaceScanner+API.swift,\ IdentityAPIClient.swift,\ DocumentType.swift,\ TruncatedDecimal.swift,\ VerificationPage.swift,\ VerificationPageFieldType.swift,\ VerificationPageIconType.swift,\ VerificationPageRequirements.swift,\ VerificationPageStaticConsentLineContent.swift,\ VerificationPageStaticContentBottomSheetContent.swift,\ VerificationPageStaticContentBottomSheetLineContent.swift,\ VerificationPageStaticContentConsentPage.swift,\ VerificationPageStaticContentCountryNotListedPage.swift,\ VerificationPageStaticContentDocumentCaptureModels.swift,\ VerificationPageStaticContentDocumentCapturePage.swift,\ VerificationPageStaticContentDocumentSelectPage.swift /Users/xinyufang/Library/Developer/Xcode/DerivedData/Buzz-faillbpsmponqzeruhhvskovixzk/Build/Intermediates.noindex/Stripe.build/Debug-iphonesimulator/StripeIdentity.build/DerivedSources/resource_bundle_accessor.swift /Users/xinyufang/Library/Developer/Xcode/DerivedData/Buzz-faillbpsmponqzeruhhvskovixzk/SourcePackages/checkouts/stripe-ios-spm/StripeIdentity/StripeIdentity/Source/API\ Bindings/DocumentScanner+API.swift /Users/xinyufang/Library/Developer/Xcode/DerivedData/Buzz-faillbpsmponqzeruhhvskovixzk/SourcePackages/checkouts/stripe-ios-spm/StripeIdentity/StripeIdentity/Source/API\ Bindings/DocumentType+StripeIdentity.swift /Users/xinyufang/Library/Developer/Xcode/DerivedData/Buzz-faillbpsmponqzeruhhvskovixzk/SourcePackages/checkouts/stripe-ios-spm/StripeIdentity/StripeIdentity/Source/API\ Bindings/DocumentUploader+API.swift /Users/xinyufang/Library/Developer/Xcode/DerivedData/Buzz-faillbpsmponqzeruhhvskovixzk/SourcePackages/checkouts/stripe-ios-spm/StripeIdentity/StripeIdentity/Source/API\ Bindings/FaceScanner+API.swift /Users/xinyufang/Library/Developer/Xcode/DerivedData/Buzz-faillbpsmponqzeruhhvskovixzk/SourcePackages/checkouts/stripe-ios-spm/StripeIdentity/StripeIdentity/Source/API\ Bindings/IdentityAPIClient.swift /Users/xinyufang/Library/Developer/Xcode/DerivedData/Buzz-faillbpsmponqzeruhhvskovixzk/SourcePackages/checkouts/stripe-ios-spm/StripeIdentity/StripeIdentity/Source/API\ Bindings/Models/DocumentType.swift /Users/xinyufang/Library/Developer/Xcode/DerivedData/Buzz-faillbpsmponqzeruhhvskovixzk/SourcePackages/checkouts/stripe-ios-spm/StripeIdentity/StripeIdentity/Source/API\ Bindings/Models/TruncatedDecimal.swift /Users/xinyufang/Library/Developer/Xcode/DerivedData/Buzz-faillbpsmponqzeruhhvskovixzk/SourcePackages/checkouts/stripe-ios-spm/StripeIdentity/StripeIdentity/Source/API\ Bindings/Models/VerificationPage/VerificationPage.swift /Users/xinyufang/Library/Developer/Xcode/DerivedData/Buzz-faillbpsmponqzeruhhvskovixzk/SourcePackages/checkouts/stripe-ios-spm/StripeIdentity/StripeIdentity/Source/API\ Bindings/Models/VerificationPage/VerificationPageFieldType.swift /Users/xinyufang/Library/Developer/Xcode/DerivedData/Buzz-faillbpsmponqzeruhhvskovixzk/SourcePackages/checkouts/stripe-ios-spm/StripeIdentity/StripeIdentity/Source/API\ Bindings/Models/VerificationPage/VerificationPageIconType.swift /Users/xinyufang/Library/Developer/Xcode/DerivedData/Buzz-faillbpsmponqzeruhhvskovixzk/SourcePackages/checkouts/stripe-ios-spm/StripeIdentity/StripeIdentity/Source/API\ Bindings/Models/VerificationPage/VerificationPageRequirements.swift /Users/xinyufang/Library/Developer/Xcode/DerivedData/Buzz-faillbpsmponqzeruhhvskovixzk/SourcePackages/checkouts/stripe-ios-spm/StripeIdentity/StripeIdentity/Source/API\ Bindings/Models/VerificationPage/VerificationPageStaticConsentLineContent.swift /Users/xinyufang/Library/Developer/Xcode/DerivedData/Buzz-faillbpsmponqzeruhhvskovixzk/SourcePackages/checkouts/stripe-ios-spm/StripeIdentity/StripeIdentity/Source/API\ Bindings/Models/VerificationPage/VerificationPageStaticContentBottomSheetContent.swift /Users/xinyufang/Library/Developer/Xcode/DerivedData/Buzz-faillbpsmponqzeruhhvskovixzk/SourcePackages/checkouts/stripe-ios-spm/StripeIdentity/StripeIdentity/Source/API\ Bindings/Models/VerificationPage/VerificationPageStaticContentBottomSheetLineContent.swift /Users/xinyufang/Library/Developer/Xcode/DerivedData/Buzz-faillbpsmponqzeruhhvskovixzk/SourcePackages/checkouts/stripe-ios-spm/StripeIdentity/StripeIdentity/Source/API\ Bindings/Models/VerificationPage/VerificationPageStaticContentConsentPage.swift /Users/xinyufang/Library/Developer/Xcode/DerivedData/Buzz-faillbpsmponqzeruhhvskovixzk/SourcePackages/checkouts/stripe-ios-spm/StripeIdentity/StripeIdentity/Source/API\ Bindings/Models/VerificationPage/VerificationPageStaticContentCountryNotListedPage.swift /Users/xinyufang/Library/Developer/Xcode/DerivedData/Buzz-faillbpsmponqzeruhhvskovixzk/SourcePackages/checkouts/stripe-ios-spm/StripeIdentity/StripeIdentity/Source/API\ Bindings/Models/VerificationPage/VerificationPageStaticContentDocumentCaptureModels.swift /Users/xinyufang/Library/Developer/Xcode/DerivedData/Buzz-faillbpsmponqzeruhhvskovixzk/SourcePackages/checkouts/stripe-ios-spm/StripeIdentity/StripeIdentity/Source/API\ Bindings/Models/VerificationPage/VerificationPageStaticContentDocumentCapturePage.swift /Users/xinyufang/Library/Developer/Xcode/DerivedData/Buzz-faillbpsmponqzeruhhvskovixzk/SourcePackages/checkouts/stripe-ios-spm/StripeIdentity/StripeIdentity/Source/API\ Bindings/Models/VerificationPage/VerificationPageStaticContentDocumentSelectPage.swift (in target 'StripeIdentity' from project 'Stripe')
SwiftCompile normal arm64 /Users/xinyufang/Library/Developer/Xcode/DerivedData/Buzz-faillbpsmponqzeruhhvskovixzk/Build/Intermediates.noindex/Stripe.build/Debug-iphonesimulator/StripeIdentity.build/DerivedSources/resource_bundle_accessor.swift (in target 'StripeIdentity' from project 'Stripe')
    cd /Users/xinyufang/Documents/Buzz/Buzz.xcodeproj
    

SwiftCompile normal arm64 /Users/xinyufang/Library/Developer/Xcode/DerivedData/Buzz-faillbpsmponqzeruhhvskovixzk/SourcePackages/checkouts/stripe-ios-spm/StripeIdentity/StripeIdentity/Source/API\ Bindings/DocumentScanner+API.swift (in target 'StripeIdentity' from project 'Stripe')
    cd /Users/xinyufang/Documents/Buzz/Buzz.xcodeproj
    

SwiftCompile normal arm64 /Users/xinyufang/Library/Developer/Xcode/DerivedData/Buzz-faillbpsmponqzeruhhvskovixzk/SourcePackages/checkouts/stripe-ios-spm/StripeIdentity/StripeIdentity/Source/API\ Bindings/DocumentType+StripeIdentity.swift (in target 'StripeIdentity' from project 'Stripe')
    cd /Users/xinyufang/Documents/Buzz/Buzz.xcodeproj
    

SwiftCompile normal arm64 /Users/xinyufang/Library/Developer/Xcode/DerivedData/Buzz-faillbpsmponqzeruhhvskovixzk/SourcePackages/checkouts/stripe-ios-spm/StripeIdentity/StripeIdentity/Source/API\ Bindings/DocumentUploader+API.swift (in target 'StripeIdentity' from project 'Stripe')
    cd /Users/xinyufang/Documents/Buzz/Buzz.xcodeproj
    

SwiftCompile normal arm64 /Users/xinyufang/Library/Developer/Xcode/DerivedData/Buzz-faillbpsmponqzeruhhvskovixzk/SourcePackages/checkouts/stripe-ios-spm/StripeIdentity/StripeIdentity/Source/API\ Bindings/FaceScanner+API.swift (in target 'StripeIdentity' from project 'Stripe')
    cd /Users/xinyufang/Documents/Buzz/Buzz.xcodeproj
    

SwiftCompile normal arm64 /Users/xinyufang/Library/Developer/Xcode/DerivedData/Buzz-faillbpsmponqzeruhhvskovixzk/SourcePackages/checkouts/stripe-ios-spm/StripeIdentity/StripeIdentity/Source/API\ Bindings/IdentityAPIClient.swift (in target 'StripeIdentity' from project 'Stripe')
    cd /Users/xinyufang/Documents/Buzz/Buzz.xcodeproj
    

SwiftCompile normal arm64 /Users/xinyufang/Library/Developer/Xcode/DerivedData/Buzz-faillbpsmponqzeruhhvskovixzk/SourcePackages/checkouts/stripe-ios-spm/StripeIdentity/StripeIdentity/Source/API\ Bindings/Models/DocumentType.swift (in target 'StripeIdentity' from project 'Stripe')
    cd /Users/xinyufang/Documents/Buzz/Buzz.xcodeproj
    

SwiftCompile normal arm64 /Users/xinyufang/Library/Developer/Xcode/DerivedData/Buzz-faillbpsmponqzeruhhvskovixzk/SourcePackages/checkouts/stripe-ios-spm/StripeIdentity/StripeIdentity/Source/API\ Bindings/Models/TruncatedDecimal.swift (in target 'StripeIdentity' from project 'Stripe')
    cd /Users/xinyufang/Documents/Buzz/Buzz.xcodeproj
    

SwiftCompile normal arm64 /Users/xinyufang/Library/Developer/Xcode/DerivedData/Buzz-faillbpsmponqzeruhhvskovixzk/SourcePackages/checkouts/stripe-ios-spm/StripeIdentity/StripeIdentity/Source/API\ Bindings/Models/VerificationPage/VerificationPage.swift (in target 'StripeIdentity' from project 'Stripe')
    cd /Users/xinyufang/Documents/Buzz/Buzz.xcodeproj
    

SwiftCompile normal arm64 /Users/xinyufang/Library/Developer/Xcode/DerivedData/Buzz-faillbpsmponqzeruhhvskovixzk/SourcePackages/checkouts/stripe-ios-spm/StripeIdentity/StripeIdentity/Source/API\ Bindings/Models/VerificationPage/VerificationPageFieldType.swift (in target 'StripeIdentity' from project 'Stripe')
    cd /Users/xinyufang/Documents/Buzz/Buzz.xcodeproj
    

SwiftCompile normal arm64 /Users/xinyufang/Library/Developer/Xcode/DerivedData/Buzz-faillbpsmponqzeruhhvskovixzk/SourcePackages/checkouts/stripe-ios-spm/StripeIdentity/StripeIdentity/Source/API\ Bindings/Models/VerificationPage/VerificationPageIconType.swift (in target 'StripeIdentity' from project 'Stripe')
    cd /Users/xinyufang/Documents/Buzz/Buzz.xcodeproj
    

SwiftCompile normal arm64 /Users/xinyufang/Library/Developer/Xcode/DerivedData/Buzz-faillbpsmponqzeruhhvskovixzk/SourcePackages/checkouts/stripe-ios-spm/StripeIdentity/StripeIdentity/Source/API\ Bindings/Models/VerificationPage/VerificationPageRequirements.swift (in target 'StripeIdentity' from project 'Stripe')
    cd /Users/xinyufang/Documents/Buzz/Buzz.xcodeproj
    

SwiftCompile normal arm64 /Users/xinyufang/Library/Developer/Xcode/DerivedData/Buzz-faillbpsmponqzeruhhvskovixzk/SourcePackages/checkouts/stripe-ios-spm/StripeIdentity/StripeIdentity/Source/API\ Bindings/Models/VerificationPage/VerificationPageStaticConsentLineContent.swift (in target 'StripeIdentity' from project 'Stripe')
    cd /Users/xinyufang/Documents/Buzz/Buzz.xcodeproj
    

SwiftCompile normal arm64 /Users/xinyufang/Library/Developer/Xcode/DerivedData/Buzz-faillbpsmponqzeruhhvskovixzk/SourcePackages/checkouts/stripe-ios-spm/StripeIdentity/StripeIdentity/Source/API\ Bindings/Models/VerificationPage/VerificationPageStaticContentBottomSheetContent.swift (in target 'StripeIdentity' from project 'Stripe')
    cd /Users/xinyufang/Documents/Buzz/Buzz.xcodeproj
    

SwiftCompile normal arm64 /Users/xinyufang/Library/Developer/Xcode/DerivedData/Buzz-faillbpsmponqzeruhhvskovixzk/SourcePackages/checkouts/stripe-ios-spm/StripeIdentity/StripeIdentity/Source/API\ Bindings/Models/VerificationPage/VerificationPageStaticContentBottomSheetLineContent.swift (in target 'StripeIdentity' from project 'Stripe')
    cd /Users/xinyufang/Documents/Buzz/Buzz.xcodeproj
    

SwiftCompile normal arm64 /Users/xinyufang/Library/Developer/Xcode/DerivedData/Buzz-faillbpsmponqzeruhhvskovixzk/SourcePackages/checkouts/stripe-ios-spm/StripeIdentity/StripeIdentity/Source/API\ Bindings/Models/VerificationPage/VerificationPageStaticContentConsentPage.swift (in target 'StripeIdentity' from project 'Stripe')
    cd /Users/xinyufang/Documents/Buzz/Buzz.xcodeproj
    

SwiftCompile normal arm64 /Users/xinyufang/Library/Developer/Xcode/DerivedData/Buzz-faillbpsmponqzeruhhvskovixzk/SourcePackages/checkouts/stripe-ios-spm/StripeIdentity/StripeIdentity/Source/API\ Bindings/Models/VerificationPage/VerificationPageStaticContentCountryNotListedPage.swift (in target 'StripeIdentity' from project 'Stripe')
    cd /Users/xinyufang/Documents/Buzz/Buzz.xcodeproj
    

SwiftCompile normal arm64 /Users/xinyufang/Library/Developer/Xcode/DerivedData/Buzz-faillbpsmponqzeruhhvskovixzk/SourcePackages/checkouts/stripe-ios-spm/StripeIdentity/StripeIdentity/Source/API\ Bindings/Models/VerificationPage/VerificationPageStaticContentDocumentCaptureModels.swift (in target 'StripeIdentity' from project 'Stripe')
    cd /Users/xinyufang/Documents/Buzz/Buzz.xcodeproj
    

SwiftCompile normal arm64 /Users/xinyufang/Library/Developer/Xcode/DerivedData/Buzz-faillbpsmponqzeruhhvskovixzk/SourcePackages/checkouts/stripe-ios-spm/StripeIdentity/StripeIdentity/Source/API\ Bindings/Models/VerificationPage/VerificationPageStaticContentDocumentCapturePage.swift (in target 'StripeIdentity' from project 'Stripe')
    cd /Users/xinyufang/Documents/Buzz/Buzz.xcodeproj
    

SwiftCompile normal arm64 /Users/xinyufang/Library/Developer/Xcode/DerivedData/Buzz-faillbpsmponqzeruhhvskovixzk/SourcePackages/checkouts/stripe-ios-spm/StripeIdentity/StripeIdentity/Source/API\ Bindings/Models/VerificationPage/VerificationPageStaticContentDocumentSelectPage.swift (in target 'StripeIdentity' from project 'Stripe')
    cd /Users/xinyufang/Documents/Buzz/Buzz.xcodeproj
    

SwiftDriver\ Compilation\ Requirements StripeFinancialConnections normal arm64 com.apple.xcode.tools.swift.compiler (in target 'StripeFinancialConnections' from project 'Stripe')
    cd /Users/xinyufang/Documents/Buzz/Buzz.xcodeproj
    builtin-Swift-Compilation-Requirements -- /Applications/Xcode.app/Contents/Developer/Toolchains/XcodeDefault.xctoolchain/usr/bin/swiftc -module-name StripeFinancialConnections -Onone -enforce-exclusivity\=checked @/Users/xinyufang/Library/Developer/Xcode/DerivedData/Buzz-faillbpsmponqzeruhhvskovixzk/Build/Intermediates.noindex/Stripe.build/Debug-iphonesimulator/StripeFinancialConnections.build/Objects-normal/arm64/StripeFinancialConnections.SwiftFileList -DSWIFT_PACKAGE -DDEBUG -DSWIFT_MODULE_RESOURCE_BUNDLE_AVAILABLE -DXcode -plugin-path /Applications/Xcode.app/Contents/Developer/Toolchains/XcodeDefault.xctoolchain/usr/lib/swift/host/plugins/testing -enable-experimental-feature DebugDescriptionMacro -sdk /Applications/Xcode.app/Contents/Developer/Platforms/iPhoneSimulator.platform/Developer/SDKs/iPhoneSimulator26.0.sdk -target arm64-apple-ios13.0-simulator -g -module-cache-path /Users/xinyufang/Library/Developer/Xcode/DerivedData/ModuleCache.noindex -Xfrontend -serialize-debugging-options -enable-testing -suppress-warnings -index-store-path /Users/xinyufang/Library/Developer/Xcode/DerivedData/Buzz-faillbpsmponqzeruhhvskovixzk/Index.noindex/DataStore -Xcc -D_LIBCPP_HARDENING_MODE\=_LIBCPP_HARDENING_MODE_DEBUG -swift-version 5 -I /Users/xinyufang/Library/Developer/Xcode/DerivedData/Buzz-faillbpsmponqzeruhhvskovixzk/Build/Products/Debug-iphonesimulator -Isystem /Applications/Xcode.app/Contents/Developer/Platforms/iPhoneSimulator.platform/Developer/usr/lib -F /Users/xinyufang/Library/Developer/Xcode/DerivedData/Buzz-faillbpsmponqzeruhhvskovixzk/Build/Products/Debug-iphonesimulator/PackageFrameworks -F /Users/xinyufang/Library/Developer/Xcode/DerivedData/Buzz-faillbpsmponqzeruhhvskovixzk/Build/Products/Debug-iphonesimulator/PackageFrameworks -F /Users/xinyufang/Library/Developer/Xcode/DerivedData/Buzz-faillbpsmponqzeruhhvskovixzk/Build/Products/Debug-iphonesimulator -F /Applications/Xcode.app/Contents/Developer/Platforms/iPhoneSimulator.platform/Developer/Library/Frameworks -F /Applications/Xcode.app/Contents/Developer/Platforms/iPhoneSimulator.platform/Developer/SDKs/iPhoneSimulator26.0.sdk/Developer/Library/Frameworks -emit-localized-strings -emit-localized-strings-path /Users/xinyufang/Library/Developer/Xcode/DerivedData/Buzz-faillbpsmponqzeruhhvskovixzk/Build/Intermediates.noindex/Stripe.build/Debug-iphonesimulator/StripeFinancialConnections.build/Objects-normal/arm64 -c -j8 -enable-batch-mode -incremental -Xcc -ivfsstatcache -Xcc /Users/xinyufang/Library/Developer/Xcode/DerivedData/SDKStatCaches.noindex/iphonesimulator26.0-23A339-26257891a6c027eb51374368541b8346.sdkstatcache -output-file-map /Users/xinyufang/Library/Developer/Xcode/DerivedData/Buzz-faillbpsmponqzeruhhvskovixzk/Build/Intermediates.noindex/Stripe.build/Debug-iphonesimulator/StripeFinancialConnections.build/Objects-normal/arm64/StripeFinancialConnections-OutputFileMap.json -use-frontend-parseable-output -save-temps -no-color-diagnostics -explicit-module-build -module-cache-path /Users/xinyufang/Library/Developer/Xcode/DerivedData/Buzz-faillbpsmponqzeruhhvskovixzk/Build/Intermediates.noindex/SwiftExplicitPrecompiledModules -clang-scanner-module-cache-path /Users/xinyufang/Library/Developer/Xcode/DerivedData/ModuleCache.noindex -sdk-module-cache-path /Users/xinyufang/Library/Developer/Xcode/DerivedData/ModuleCache.noindex -serialize-diagnostics -emit-dependencies -emit-module -emit-module-path /Users/xinyufang/Library/Developer/Xcode/DerivedData/Buzz-faillbpsmponqzeruhhvskovixzk/Build/Intermediates.noindex/Stripe.build/Debug-iphonesimulator/StripeFinancialConnections.build/Objects-normal/arm64/StripeFinancialConnections.swiftmodule -validate-clang-modules-once -clang-build-session-file /Users/xinyufang/Library/Developer/Xcode/DerivedData/ModuleCache.noindex/Session.modulevalidation -Xcc -I/Users/xinyufang/Library/Developer/Xcode/DerivedData/Buzz-faillbpsmponqzeruhhvskovixzk/Build/Intermediates.noindex/Stripe.build/Debug-iphonesimulator/StripeFinancialConnections.build/swift-overrides.hmap -emit-const-values -Xfrontend -const-gather-protocols-file -Xfrontend /Users/xinyufang/Library/Developer/Xcode/DerivedData/Buzz-faillbpsmponqzeruhhvskovixzk/Build/Intermediates.noindex/Stripe.build/Debug-iphonesimulator/StripeFinancialConnections.build/Objects-normal/arm64/StripeFinancialConnections_const_extract_protocols.json -Xcc -I/Users/xinyufang/Library/Developer/Xcode/DerivedData/Buzz-faillbpsmponqzeruhhvskovixzk/Build/Products/Debug-iphonesimulator/include -Xcc -I/Users/xinyufang/Library/Developer/Xcode/DerivedData/Buzz-faillbpsmponqzeruhhvskovixzk/Build/Intermediates.noindex/Stripe.build/Debug-iphonesimulator/StripeFinancialConnections.build/DerivedSources-normal/arm64 -Xcc -I/Users/xinyufang/Library/Developer/Xcode/DerivedData/Buzz-faillbpsmponqzeruhhvskovixzk/Build/Intermediates.noindex/Stripe.build/Debug-iphonesimulator/StripeFinancialConnections.build/DerivedSources/arm64 -Xcc -I/Users/xinyufang/Library/Developer/Xcode/DerivedData/Buzz-faillbpsmponqzeruhhvskovixzk/Build/Intermediates.noindex/Stripe.build/Debug-iphonesimulator/StripeFinancialConnections.build/DerivedSources -Xcc -DSWIFT_PACKAGE -Xcc -DDEBUG\=1 -emit-objc-header -emit-objc-header-path /Users/xinyufang/Library/Developer/Xcode/DerivedData/Buzz-faillbpsmponqzeruhhvskovixzk/Build/Intermediates.noindex/Stripe.build/Debug-iphonesimulator/StripeFinancialConnections.build/Objects-normal/arm64/StripeFinancialConnections-Swift.h -working-directory /Users/xinyufang/Documents/Buzz/Buzz.xcodeproj -experimental-emit-module-separately -disable-cmo

SwiftDriverJobDiscovery normal arm64 Compiling STPPostalCodeInputTextField.swift, STPPostalCodeInputTextFieldFormatter.swift, STPPostalCodeInputTextFieldValidator.swift, STPCountryPickerInputField.swift, STPGenericInputPickerField.swift, STPGenericInputTextField.swift, STPInputTextField.swift (in target 'StripePaymentsUI' from project 'Stripe')

SwiftCompile normal arm64 Compiling\ VerificationSheetController.swift,\ VerificationSheetFlowController.swift,\ VerificationSheetFlowControllerError.swift,\ BarcodeDetector.swift,\ FaceDetector.swift,\ FaceDetectorOutput.swift,\ IDDetector.swift,\ IDDetectorConstants.swift,\ IDDetectorOutput.swift,\ LaplacianBlurDetector.swift,\ MLDetectorConfiguration.swift,\ MLDetectorMetricsTracker.swift,\ MotionBlurDetector.swift,\ VisionBasedDetector.swift,\ DocumentSide.swift,\ IdentityDataCollecting.swift,\ IdentityFlowNavigationController.swift,\ IdentityUI.swift,\ MLModelLoader.swift /Users/xinyufang/Library/Developer/Xcode/DerivedData/Buzz-faillbpsmponqzeruhhvskovixzk/SourcePackages/checkouts/stripe-ios-spm/StripeIdentity/StripeIdentity/Source/NativeComponents/Coordinators/VerificationSheetController.swift /Users/xinyufang/Library/Developer/Xcode/DerivedData/Buzz-faillbpsmponqzeruhhvskovixzk/SourcePackages/checkouts/stripe-ios-spm/StripeIdentity/StripeIdentity/Source/NativeComponents/Coordinators/VerificationSheetFlowController.swift /Users/xinyufang/Library/Developer/Xcode/DerivedData/Buzz-faillbpsmponqzeruhhvskovixzk/SourcePackages/checkouts/stripe-ios-spm/StripeIdentity/StripeIdentity/Source/NativeComponents/Coordinators/VerificationSheetFlowControllerError.swift /Users/xinyufang/Library/Developer/Xcode/DerivedData/Buzz-faillbpsmponqzeruhhvskovixzk/SourcePackages/checkouts/stripe-ios-spm/StripeIdentity/StripeIdentity/Source/NativeComponents/Detectors/BarcodeDetector.swift /Users/xinyufang/Library/Developer/Xcode/DerivedData/Buzz-faillbpsmponqzeruhhvskovixzk/SourcePackages/checkouts/stripe-ios-spm/StripeIdentity/StripeIdentity/Source/NativeComponents/Detectors/FaceDetector/FaceDetector.swift /Users/xinyufang/Library/Developer/Xcode/DerivedData/Buzz-faillbpsmponqzeruhhvskovixzk/SourcePackages/checkouts/stripe-ios-spm/StripeIdentity/StripeIdentity/Source/NativeComponents/Detectors/FaceDetector/FaceDetectorOutput.swift /Users/xinyufang/Library/Developer/Xcode/DerivedData/Buzz-faillbpsmponqzeruhhvskovixzk/SourcePackages/checkouts/stripe-ios-spm/StripeIdentity/StripeIdentity/Source/NativeComponents/Detectors/IDDetector/IDDetector.swift /Users/xinyufang/Library/Developer/Xcode/DerivedData/Buzz-faillbpsmponqzeruhhvskovixzk/SourcePackages/checkouts/stripe-ios-spm/StripeIdentity/StripeIdentity/Source/NativeComponents/Detectors/IDDetector/IDDetectorConstants.swift /Users/xinyufang/Library/Developer/Xcode/DerivedData/Buzz-faillbpsmponqzeruhhvskovixzk/SourcePackages/checkouts/stripe-ios-spm/StripeIdentity/StripeIdentity/Source/NativeComponents/Detectors/IDDetector/IDDetectorOutput.swift /Users/xinyufang/Library/Developer/Xcode/DerivedData/Buzz-faillbpsmponqzeruhhvskovixzk/SourcePackages/checkouts/stripe-ios-spm/StripeIdentity/StripeIdentity/Source/NativeComponents/Detectors/LaplacianBlurDetector.swift /Users/xinyufang/Library/Developer/Xcode/DerivedData/Buzz-faillbpsmponqzeruhhvskovixzk/SourcePackages/checkouts/stripe-ios-spm/StripeIdentity/StripeIdentity/Source/NativeComponents/Detectors/MLDetectorConfiguration.swift /Users/xinyufang/Library/Developer/Xcode/DerivedData/Buzz-faillbpsmponqzeruhhvskovixzk/SourcePackages/checkouts/stripe-ios-spm/StripeIdentity/StripeIdentity/Source/NativeComponents/Detectors/MLDetectorMetricsTracker.swift /Users/xinyufang/Library/Developer/Xcode/DerivedData/Buzz-faillbpsmponqzeruhhvskovixzk/SourcePackages/checkouts/stripe-ios-spm/StripeIdentity/StripeIdentity/Source/NativeComponents/Detectors/MotionBlurDetector.swift /Users/xinyufang/Library/Developer/Xcode/DerivedData/Buzz-faillbpsmponqzeruhhvskovixzk/SourcePackages/checkouts/stripe-ios-spm/StripeIdentity/StripeIdentity/Source/NativeComponents/Detectors/VisionBasedDetector.swift /Users/xinyufang/Library/Developer/Xcode/DerivedData/Buzz-faillbpsmponqzeruhhvskovixzk/SourcePackages/checkouts/stripe-ios-spm/StripeIdentity/StripeIdentity/Source/NativeComponents/DocumentSide.swift /Users/xinyufang/Library/Developer/Xcode/DerivedData/Buzz-faillbpsmponqzeruhhvskovixzk/SourcePackages/checkouts/stripe-ios-spm/StripeIdentity/StripeIdentity/Source/NativeComponents/IdentityDataCollecting.swift /Users/xinyufang/Library/Developer/Xcode/DerivedData/Buzz-faillbpsmponqzeruhhvskovixzk/SourcePackages/checkouts/stripe-ios-spm/StripeIdentity/StripeIdentity/Source/NativeComponents/IdentityFlowNavigationController.swift /Users/xinyufang/Library/Developer/Xcode/DerivedData/Buzz-faillbpsmponqzeruhhvskovixzk/SourcePackages/checkouts/stripe-ios-spm/StripeIdentity/StripeIdentity/Source/NativeComponents/IdentityUI.swift /Users/xinyufang/Library/Developer/Xcode/DerivedData/Buzz-faillbpsmponqzeruhhvskovixzk/SourcePackages/checkouts/stripe-ios-spm/StripeIdentity/StripeIdentity/Source/NativeComponents/ML/Helpers/MLModelLoader.swift (in target 'StripeIdentity' from project 'Stripe')
SwiftCompile normal arm64 /Users/xinyufang/Library/Developer/Xcode/DerivedData/Buzz-faillbpsmponqzeruhhvskovixzk/SourcePackages/checkouts/stripe-ios-spm/StripeIdentity/StripeIdentity/Source/NativeComponents/Coordinators/VerificationSheetController.swift (in target 'StripeIdentity' from project 'Stripe')
    cd /Users/xinyufang/Documents/Buzz/Buzz.xcodeproj
    

SwiftCompile normal arm64 /Users/xinyufang/Library/Developer/Xcode/DerivedData/Buzz-faillbpsmponqzeruhhvskovixzk/SourcePackages/checkouts/stripe-ios-spm/StripeIdentity/StripeIdentity/Source/NativeComponents/Coordinators/VerificationSheetFlowController.swift (in target 'StripeIdentity' from project 'Stripe')
    cd /Users/xinyufang/Documents/Buzz/Buzz.xcodeproj
    

SwiftCompile normal arm64 /Users/xinyufang/Library/Developer/Xcode/DerivedData/Buzz-faillbpsmponqzeruhhvskovixzk/SourcePackages/checkouts/stripe-ios-spm/StripeIdentity/StripeIdentity/Source/NativeComponents/Coordinators/VerificationSheetFlowControllerError.swift (in target 'StripeIdentity' from project 'Stripe')
    cd /Users/xinyufang/Documents/Buzz/Buzz.xcodeproj
    

SwiftCompile normal arm64 /Users/xinyufang/Library/Developer/Xcode/DerivedData/Buzz-faillbpsmponqzeruhhvskovixzk/SourcePackages/checkouts/stripe-ios-spm/StripeIdentity/StripeIdentity/Source/NativeComponents/Detectors/BarcodeDetector.swift (in target 'StripeIdentity' from project 'Stripe')
    cd /Users/xinyufang/Documents/Buzz/Buzz.xcodeproj
    

SwiftCompile normal arm64 /Users/xinyufang/Library/Developer/Xcode/DerivedData/Buzz-faillbpsmponqzeruhhvskovixzk/SourcePackages/checkouts/stripe-ios-spm/StripeIdentity/StripeIdentity/Source/NativeComponents/Detectors/FaceDetector/FaceDetector.swift (in target 'StripeIdentity' from project 'Stripe')
    cd /Users/xinyufang/Documents/Buzz/Buzz.xcodeproj
    

SwiftCompile normal arm64 /Users/xinyufang/Library/Developer/Xcode/DerivedData/Buzz-faillbpsmponqzeruhhvskovixzk/SourcePackages/checkouts/stripe-ios-spm/StripeIdentity/StripeIdentity/Source/NativeComponents/Detectors/FaceDetector/FaceDetectorOutput.swift (in target 'StripeIdentity' from project 'Stripe')
    cd /Users/xinyufang/Documents/Buzz/Buzz.xcodeproj
    

SwiftCompile normal arm64 /Users/xinyufang/Library/Developer/Xcode/DerivedData/Buzz-faillbpsmponqzeruhhvskovixzk/SourcePackages/checkouts/stripe-ios-spm/StripeIdentity/StripeIdentity/Source/NativeComponents/Detectors/IDDetector/IDDetector.swift (in target 'StripeIdentity' from project 'Stripe')
    cd /Users/xinyufang/Documents/Buzz/Buzz.xcodeproj
    

SwiftCompile normal arm64 /Users/xinyufang/Library/Developer/Xcode/DerivedData/Buzz-faillbpsmponqzeruhhvskovixzk/SourcePackages/checkouts/stripe-ios-spm/StripeIdentity/StripeIdentity/Source/NativeComponents/Detectors/IDDetector/IDDetectorConstants.swift (in target 'StripeIdentity' from project 'Stripe')
    cd /Users/xinyufang/Documents/Buzz/Buzz.xcodeproj
    

SwiftCompile normal arm64 /Users/xinyufang/Library/Developer/Xcode/DerivedData/Buzz-faillbpsmponqzeruhhvskovixzk/SourcePackages/checkouts/stripe-ios-spm/StripeIdentity/StripeIdentity/Source/NativeComponents/Detectors/IDDetector/IDDetectorOutput.swift (in target 'StripeIdentity' from project 'Stripe')
    cd /Users/xinyufang/Documents/Buzz/Buzz.xcodeproj
    

SwiftCompile normal arm64 /Users/xinyufang/Library/Developer/Xcode/DerivedData/Buzz-faillbpsmponqzeruhhvskovixzk/SourcePackages/checkouts/stripe-ios-spm/StripeIdentity/StripeIdentity/Source/NativeComponents/Detectors/LaplacianBlurDetector.swift (in target 'StripeIdentity' from project 'Stripe')
    cd /Users/xinyufang/Documents/Buzz/Buzz.xcodeproj
    

SwiftCompile normal arm64 /Users/xinyufang/Library/Developer/Xcode/DerivedData/Buzz-faillbpsmponqzeruhhvskovixzk/SourcePackages/checkouts/stripe-ios-spm/StripeIdentity/StripeIdentity/Source/NativeComponents/Detectors/MLDetectorConfiguration.swift (in target 'StripeIdentity' from project 'Stripe')
    cd /Users/xinyufang/Documents/Buzz/Buzz.xcodeproj
    

SwiftCompile normal arm64 /Users/xinyufang/Library/Developer/Xcode/DerivedData/Buzz-faillbpsmponqzeruhhvskovixzk/SourcePackages/checkouts/stripe-ios-spm/StripeIdentity/StripeIdentity/Source/NativeComponents/Detectors/MLDetectorMetricsTracker.swift (in target 'StripeIdentity' from project 'Stripe')
    cd /Users/xinyufang/Documents/Buzz/Buzz.xcodeproj
    

SwiftCompile normal arm64 /Users/xinyufang/Library/Developer/Xcode/DerivedData/Buzz-faillbpsmponqzeruhhvskovixzk/SourcePackages/checkouts/stripe-ios-spm/StripeIdentity/StripeIdentity/Source/NativeComponents/Detectors/MotionBlurDetector.swift (in target 'StripeIdentity' from project 'Stripe')
    cd /Users/xinyufang/Documents/Buzz/Buzz.xcodeproj
    

SwiftCompile normal arm64 /Users/xinyufang/Library/Developer/Xcode/DerivedData/Buzz-faillbpsmponqzeruhhvskovixzk/SourcePackages/checkouts/stripe-ios-spm/StripeIdentity/StripeIdentity/Source/NativeComponents/Detectors/VisionBasedDetector.swift (in target 'StripeIdentity' from project 'Stripe')
    cd /Users/xinyufang/Documents/Buzz/Buzz.xcodeproj
    

SwiftCompile normal arm64 /Users/xinyufang/Library/Developer/Xcode/DerivedData/Buzz-faillbpsmponqzeruhhvskovixzk/SourcePackages/checkouts/stripe-ios-spm/StripeIdentity/StripeIdentity/Source/NativeComponents/DocumentSide.swift (in target 'StripeIdentity' from project 'Stripe')
    cd /Users/xinyufang/Documents/Buzz/Buzz.xcodeproj
    

SwiftCompile normal arm64 /Users/xinyufang/Library/Developer/Xcode/DerivedData/Buzz-faillbpsmponqzeruhhvskovixzk/SourcePackages/checkouts/stripe-ios-spm/StripeIdentity/StripeIdentity/Source/NativeComponents/IdentityDataCollecting.swift (in target 'StripeIdentity' from project 'Stripe')
    cd /Users/xinyufang/Documents/Buzz/Buzz.xcodeproj
    

SwiftCompile normal arm64 /Users/xinyufang/Library/Developer/Xcode/DerivedData/Buzz-faillbpsmponqzeruhhvskovixzk/SourcePackages/checkouts/stripe-ios-spm/StripeIdentity/StripeIdentity/Source/NativeComponents/IdentityFlowNavigationController.swift (in target 'StripeIdentity' from project 'Stripe')
    cd /Users/xinyufang/Documents/Buzz/Buzz.xcodeproj
    

SwiftCompile normal arm64 /Users/xinyufang/Library/Developer/Xcode/DerivedData/Buzz-faillbpsmponqzeruhhvskovixzk/SourcePackages/checkouts/stripe-ios-spm/StripeIdentity/StripeIdentity/Source/NativeComponents/IdentityUI.swift (in target 'StripeIdentity' from project 'Stripe')
    cd /Users/xinyufang/Documents/Buzz/Buzz.xcodeproj
    

SwiftCompile normal arm64 /Users/xinyufang/Library/Developer/Xcode/DerivedData/Buzz-faillbpsmponqzeruhhvskovixzk/SourcePackages/checkouts/stripe-ios-spm/StripeIdentity/StripeIdentity/Source/NativeComponents/ML/Helpers/MLModelLoader.swift (in target 'StripeIdentity' from project 'Stripe')
    cd /Users/xinyufang/Documents/Buzz/Buzz.xcodeproj
    

SwiftMergeGeneratedHeaders /Users/xinyufang/Library/Developer/Xcode/DerivedData/Buzz-faillbpsmponqzeruhhvskovixzk/Build/Intermediates.noindex/GeneratedModuleMaps-iphonesimulator/StripeFinancialConnections-Swift.h /Users/xinyufang/Library/Developer/Xcode/DerivedData/Buzz-faillbpsmponqzeruhhvskovixzk/Build/Intermediates.noindex/Stripe.build/Debug-iphonesimulator/StripeFinancialConnections.build/Objects-normal/arm64/StripeFinancialConnections-Swift.h (in target 'StripeFinancialConnections' from project 'Stripe')
    cd /Users/xinyufang/Library/Developer/Xcode/DerivedData/Buzz-faillbpsmponqzeruhhvskovixzk/SourcePackages/checkouts/stripe-ios-spm
    builtin-swiftHeaderTool -arch arm64 /Users/xinyufang/Library/Developer/Xcode/DerivedData/Buzz-faillbpsmponqzeruhhvskovixzk/Build/Intermediates.noindex/Stripe.build/Debug-iphonesimulator/StripeFinancialConnections.build/Objects-normal/arm64/StripeFinancialConnections-Swift.h -o /Users/xinyufang/Library/Developer/Xcode/DerivedData/Buzz-faillbpsmponqzeruhhvskovixzk/Build/Intermediates.noindex/GeneratedModuleMaps-iphonesimulator/StripeFinancialConnections-Swift.h

SwiftDriverJobDiscovery normal arm64 Compiling MLModelUnexpectedOutputError.swift, NonMaxSuppression.swift, IdentityMLModelLoader.swift, BiometricConsentViewController.swift, BottomSheetViewController.swift, CountryNotListedViewController.swift, DebugViewController.swift, DocumentCaptureViewController+Strings.swift, DocumentCaptureViewController.swift, DocumentFileUploadViewController+Strings.swift, DocumentFileUploadViewController.swift, DocumentWarmupViewController.swift, ErrorViewController.swift, IdentityFlowViewController.swift, IndividualViewController.swift, IndividualWelcomeViewController.swift, LoadingViewController.swift, PhoneOtpViewController.swift, SelfieCaptureViewController+Strings.swift (in target 'StripeIdentity' from project 'Stripe')

Copy /Users/xinyufang/Library/Developer/Xcode/DerivedData/Buzz-faillbpsmponqzeruhhvskovixzk/Build/Products/Debug-iphonesimulator/StripeFinancialConnections.swiftmodule/arm64-apple-ios-simulator.swiftmodule /Users/xinyufang/Library/Developer/Xcode/DerivedData/Buzz-faillbpsmponqzeruhhvskovixzk/Build/Intermediates.noindex/Stripe.build/Debug-iphonesimulator/StripeFinancialConnections.build/Objects-normal/arm64/StripeFinancialConnections.swiftmodule (in target 'StripeFinancialConnections' from project 'Stripe')
    cd /Users/xinyufang/Library/Developer/Xcode/DerivedData/Buzz-faillbpsmponqzeruhhvskovixzk/SourcePackages/checkouts/stripe-ios-spm
    builtin-copy -exclude .DS_Store -exclude CVS -exclude .svn -exclude .git -exclude .hg -resolve-src-symlinks -rename /Users/xinyufang/Library/Developer/Xcode/DerivedData/Buzz-faillbpsmponqzeruhhvskovixzk/Build/Intermediates.noindex/Stripe.build/Debug-iphonesimulator/StripeFinancialConnections.build/Objects-normal/arm64/StripeFinancialConnections.swiftmodule /Users/xinyufang/Library/Developer/Xcode/DerivedData/Buzz-faillbpsmponqzeruhhvskovixzk/Build/Products/Debug-iphonesimulator/StripeFinancialConnections.swiftmodule/arm64-apple-ios-simulator.swiftmodule

Copy /Users/xinyufang/Library/Developer/Xcode/DerivedData/Buzz-faillbpsmponqzeruhhvskovixzk/Build/Products/Debug-iphonesimulator/StripeFinancialConnections.swiftmodule/arm64-apple-ios-simulator.swiftdoc /Users/xinyufang/Library/Developer/Xcode/DerivedData/Buzz-faillbpsmponqzeruhhvskovixzk/Build/Intermediates.noindex/Stripe.build/Debug-iphonesimulator/StripeFinancialConnections.build/Objects-normal/arm64/StripeFinancialConnections.swiftdoc (in target 'StripeFinancialConnections' from project 'Stripe')
    cd /Users/xinyufang/Library/Developer/Xcode/DerivedData/Buzz-faillbpsmponqzeruhhvskovixzk/SourcePackages/checkouts/stripe-ios-spm
    builtin-copy -exclude .DS_Store -exclude CVS -exclude .svn -exclude .git -exclude .hg -resolve-src-symlinks -rename /Users/xinyufang/Library/Developer/Xcode/DerivedData/Buzz-faillbpsmponqzeruhhvskovixzk/Build/Intermediates.noindex/Stripe.build/Debug-iphonesimulator/StripeFinancialConnections.build/Objects-normal/arm64/StripeFinancialConnections.swiftdoc /Users/xinyufang/Library/Developer/Xcode/DerivedData/Buzz-faillbpsmponqzeruhhvskovixzk/Build/Products/Debug-iphonesimulator/StripeFinancialConnections.swiftmodule/arm64-apple-ios-simulator.swiftdoc

Copy /Users/xinyufang/Library/Developer/Xcode/DerivedData/Buzz-faillbpsmponqzeruhhvskovixzk/Build/Products/Debug-iphonesimulator/StripeFinancialConnections.swiftmodule/arm64-apple-ios-simulator.abi.json /Users/xinyufang/Library/Developer/Xcode/DerivedData/Buzz-faillbpsmponqzeruhhvskovixzk/Build/Intermediates.noindex/Stripe.build/Debug-iphonesimulator/StripeFinancialConnections.build/Objects-normal/arm64/StripeFinancialConnections.abi.json (in target 'StripeFinancialConnections' from project 'Stripe')
    cd /Users/xinyufang/Library/Developer/Xcode/DerivedData/Buzz-faillbpsmponqzeruhhvskovixzk/SourcePackages/checkouts/stripe-ios-spm
    builtin-copy -exclude .DS_Store -exclude CVS -exclude .svn -exclude .git -exclude .hg -resolve-src-symlinks -rename /Users/xinyufang/Library/Developer/Xcode/DerivedData/Buzz-faillbpsmponqzeruhhvskovixzk/Build/Intermediates.noindex/Stripe.build/Debug-iphonesimulator/StripeFinancialConnections.build/Objects-normal/arm64/StripeFinancialConnections.abi.json /Users/xinyufang/Library/Developer/Xcode/DerivedData/Buzz-faillbpsmponqzeruhhvskovixzk/Build/Products/Debug-iphonesimulator/StripeFinancialConnections.swiftmodule/arm64-apple-ios-simulator.abi.json

Copy /Users/xinyufang/Library/Developer/Xcode/DerivedData/Buzz-faillbpsmponqzeruhhvskovixzk/Build/Products/Debug-iphonesimulator/StripeFinancialConnections.swiftmodule/Project/arm64-apple-ios-simulator.swiftsourceinfo /Users/xinyufang/Library/Developer/Xcode/DerivedData/Buzz-faillbpsmponqzeruhhvskovixzk/Build/Intermediates.noindex/Stripe.build/Debug-iphonesimulator/StripeFinancialConnections.build/Objects-normal/arm64/StripeFinancialConnections.swiftsourceinfo (in target 'StripeFinancialConnections' from project 'Stripe')
    cd /Users/xinyufang/Library/Developer/Xcode/DerivedData/Buzz-faillbpsmponqzeruhhvskovixzk/SourcePackages/checkouts/stripe-ios-spm
    builtin-copy -exclude .DS_Store -exclude CVS -exclude .svn -exclude .git -exclude .hg -resolve-src-symlinks -rename /Users/xinyufang/Library/Developer/Xcode/DerivedData/Buzz-faillbpsmponqzeruhhvskovixzk/Build/Intermediates.noindex/Stripe.build/Debug-iphonesimulator/StripeFinancialConnections.build/Objects-normal/arm64/StripeFinancialConnections.swiftsourceinfo /Users/xinyufang/Library/Developer/Xcode/DerivedData/Buzz-faillbpsmponqzeruhhvskovixzk/Build/Products/Debug-iphonesimulator/StripeFinancialConnections.swiftmodule/Project/arm64-apple-ios-simulator.swiftsourceinfo

SwiftCompile normal arm64 Compiling\ SelfieUploader+API.swift,\ IdentityAnalyticsClient.swift,\ Array+StripeIdentity.swift,\ CGImage+StripeIdentity.swift,\ MLMultiArray+StripeIdentity.swift,\ NSAttributedString+HTML.swift,\ TimeInterval+StripeIdentity.swift,\ UINavigationController+StripeIdentity.swift,\ VNBarcodeSymbology+StripeIdentity.swift,\ IdNumberElement.swift,\ IdentityElementsFactory.swift,\ IdentityTextButtonElement.swift,\ IndividualFormElement.swift,\ Enums+CustomStringConvertible.swift,\ FileDownloader.swift,\ Image.swift,\ STPLocalizedString.swift,\ String+IDType.swift,\ String+Localized.swift /Users/xinyufang/Library/Developer/Xcode/DerivedData/Buzz-faillbpsmponqzeruhhvskovixzk/SourcePackages/checkouts/stripe-ios-spm/StripeIdentity/StripeIdentity/Source/API\ Bindings/SelfieUploader+API.swift /Users/xinyufang/Library/Developer/Xcode/DerivedData/Buzz-faillbpsmponqzeruhhvskovixzk/SourcePackages/checkouts/stripe-ios-spm/StripeIdentity/StripeIdentity/Source/Analytics/IdentityAnalyticsClient.swift /Users/xinyufang/Library/Developer/Xcode/DerivedData/Buzz-faillbpsmponqzeruhhvskovixzk/SourcePackages/checkouts/stripe-ios-spm/StripeIdentity/StripeIdentity/Source/Categories/Array+StripeIdentity.swift /Users/xinyufang/Library/Developer/Xcode/DerivedData/Buzz-faillbpsmponqzeruhhvskovixzk/SourcePackages/checkouts/stripe-ios-spm/StripeIdentity/StripeIdentity/Source/Categories/CGImage+StripeIdentity.swift /Users/xinyufang/Library/Developer/Xcode/DerivedData/Buzz-faillbpsmponqzeruhhvskovixzk/SourcePackages/checkouts/stripe-ios-spm/StripeIdentity/StripeIdentity/Source/Categories/MLMultiArray+StripeIdentity.swift /Users/xinyufang/Library/Developer/Xcode/DerivedData/Buzz-faillbpsmponqzeruhhvskovixzk/SourcePackages/checkouts/stripe-ios-spm/StripeIdentity/StripeIdentity/Source/Categories/NSAttributedString+HTML.swift /Users/xinyufang/Library/Developer/Xcode/DerivedData/Buzz-faillbpsmponqzeruhhvskovixzk/SourcePackages/checkouts/stripe-ios-spm/StripeIdentity/StripeIdentity/Source/Categories/TimeInterval+StripeIdentity.swift /Users/xinyufang/Library/Developer/Xcode/DerivedData/Buzz-faillbpsmponqzeruhhvskovixzk/SourcePackages/checkouts/stripe-ios-spm/StripeIdentity/StripeIdentity/Source/Categories/UINavigationController+StripeIdentity.swift /Users/xinyufang/Library/Developer/Xcode/DerivedData/Buzz-faillbpsmponqzeruhhvskovixzk/SourcePackages/checkouts/stripe-ios-spm/StripeIdentity/StripeIdentity/Source/Categories/VNBarcodeSymbology+StripeIdentity.swift /Users/xinyufang/Library/Developer/Xcode/DerivedData/Buzz-faillbpsmponqzeruhhvskovixzk/SourcePackages/checkouts/stripe-ios-spm/StripeIdentity/StripeIdentity/Source/Elements/IdNumberElement.swift /Users/xinyufang/Library/Developer/Xcode/DerivedData/Buzz-faillbpsmponqzeruhhvskovixzk/SourcePackages/checkouts/stripe-ios-spm/StripeIdentity/StripeIdentity/Source/Elements/IdentityElementsFactory.swift /Users/xinyufang/Library/Developer/Xcode/DerivedData/Buzz-faillbpsmponqzeruhhvskovixzk/SourcePackages/checkouts/stripe-ios-spm/StripeIdentity/StripeIdentity/Source/Elements/IdentityTextButtonElement.swift /Users/xinyufang/Library/Developer/Xcode/DerivedData/Buzz-faillbpsmponqzeruhhvskovixzk/SourcePackages/checkouts/stripe-ios-spm/StripeIdentity/StripeIdentity/Source/Elements/IndividualFormElement.swift /Users/xinyufang/Library/Developer/Xcode/DerivedData/Buzz-faillbpsmponqzeruhhvskovixzk/SourcePackages/checkouts/stripe-ios-spm/StripeIdentity/StripeIdentity/Source/Enums+CustomStringConvertible.swift /Users/xinyufang/Library/Developer/Xcode/DerivedData/Buzz-faillbpsmponqzeruhhvskovixzk/SourcePackages/checkouts/stripe-ios-spm/StripeIdentity/StripeIdentity/Source/Helpers/FileDownloader.swift /Users/xinyufang/Library/Developer/Xcode/DerivedData/Buzz-faillbpsmponqzeruhhvskovixzk/SourcePackages/checkouts/stripe-ios-spm/StripeIdentity/StripeIdentity/Source/Helpers/Image.swift /Users/xinyufang/Library/Developer/Xcode/DerivedData/Buzz-faillbpsmponqzeruhhvskovixzk/SourcePackages/checkouts/stripe-ios-spm/StripeIdentity/StripeIdentity/Source/Helpers/STPLocalizedString.swift /Users/xinyufang/Library/Developer/Xcode/DerivedData/Buzz-faillbpsmponqzeruhhvskovixzk/SourcePackages/checkouts/stripe-ios-spm/StripeIdentity/StripeIdentity/Source/Helpers/String+IDType.swift /Users/xinyufang/Library/Developer/Xcode/DerivedData/Buzz-faillbpsmponqzeruhhvskovixzk/SourcePackages/checkouts/stripe-ios-spm/StripeIdentity/StripeIdentity/Source/Helpers/String+Localized.swift (in target 'StripeIdentity' from project 'Stripe')

SwiftCompile normal arm64 /Users/xinyufang/Library/Developer/Xcode/DerivedData/Buzz-faillbpsmponqzeruhhvskovixzk/SourcePackages/checkouts/stripe-ios-spm/StripeIdentity/StripeIdentity/Source/API\ Bindings/SelfieUploader+API.swift (in target 'StripeIdentity' from project 'Stripe')
    cd /Users/xinyufang/Documents/Buzz/Buzz.xcodeproj
    

SwiftCompile normal arm64 /Users/xinyufang/Library/Developer/Xcode/DerivedData/Buzz-faillbpsmponqzeruhhvskovixzk/SourcePackages/checkouts/stripe-ios-spm/StripeIdentity/StripeIdentity/Source/Analytics/IdentityAnalyticsClient.swift (in target 'StripeIdentity' from project 'Stripe')
    cd /Users/xinyufang/Documents/Buzz/Buzz.xcodeproj
    

SwiftCompile normal arm64 /Users/xinyufang/Library/Developer/Xcode/DerivedData/Buzz-faillbpsmponqzeruhhvskovixzk/SourcePackages/checkouts/stripe-ios-spm/StripeIdentity/StripeIdentity/Source/Categories/Array+StripeIdentity.swift (in target 'StripeIdentity' from project 'Stripe')
    cd /Users/xinyufang/Documents/Buzz/Buzz.xcodeproj
    

SwiftCompile normal arm64 /Users/xinyufang/Library/Developer/Xcode/DerivedData/Buzz-faillbpsmponqzeruhhvskovixzk/SourcePackages/checkouts/stripe-ios-spm/StripeIdentity/StripeIdentity/Source/Categories/CGImage+StripeIdentity.swift (in target 'StripeIdentity' from project 'Stripe')
    cd /Users/xinyufang/Documents/Buzz/Buzz.xcodeproj
    

SwiftCompile normal arm64 /Users/xinyufang/Library/Developer/Xcode/DerivedData/Buzz-faillbpsmponqzeruhhvskovixzk/SourcePackages/checkouts/stripe-ios-spm/StripeIdentity/StripeIdentity/Source/Categories/MLMultiArray+StripeIdentity.swift (in target 'StripeIdentity' from project 'Stripe')
    cd /Users/xinyufang/Documents/Buzz/Buzz.xcodeproj
    

SwiftCompile normal arm64 /Users/xinyufang/Library/Developer/Xcode/DerivedData/Buzz-faillbpsmponqzeruhhvskovixzk/SourcePackages/checkouts/stripe-ios-spm/StripeIdentity/StripeIdentity/Source/Categories/NSAttributedString+HTML.swift (in target 'StripeIdentity' from project 'Stripe')
    cd /Users/xinyufang/Documents/Buzz/Buzz.xcodeproj
    

SwiftCompile normal arm64 /Users/xinyufang/Library/Developer/Xcode/DerivedData/Buzz-faillbpsmponqzeruhhvskovixzk/SourcePackages/checkouts/stripe-ios-spm/StripeIdentity/StripeIdentity/Source/Categories/TimeInterval+StripeIdentity.swift (in target 'StripeIdentity' from project 'Stripe')
    cd /Users/xinyufang/Documents/Buzz/Buzz.xcodeproj
    

SwiftCompile normal arm64 /Users/xinyufang/Library/Developer/Xcode/DerivedData/Buzz-faillbpsmponqzeruhhvskovixzk/SourcePackages/checkouts/stripe-ios-spm/StripeIdentity/StripeIdentity/Source/Categories/UINavigationController+StripeIdentity.swift (in target 'StripeIdentity' from project 'Stripe')
    cd /Users/xinyufang/Documents/Buzz/Buzz.xcodeproj
    

SwiftCompile normal arm64 /Users/xinyufang/Library/Developer/Xcode/DerivedData/Buzz-faillbpsmponqzeruhhvskovixzk/SourcePackages/checkouts/stripe-ios-spm/StripeIdentity/StripeIdentity/Source/Categories/VNBarcodeSymbology+StripeIdentity.swift (in target 'StripeIdentity' from project 'Stripe')
    cd /Users/xinyufang/Documents/Buzz/Buzz.xcodeproj
    

SwiftCompile normal arm64 /Users/xinyufang/Library/Developer/Xcode/DerivedData/Buzz-faillbpsmponqzeruhhvskovixzk/SourcePackages/checkouts/stripe-ios-spm/StripeIdentity/StripeIdentity/Source/Elements/IdNumberElement.swift (in target 'StripeIdentity' from project 'Stripe')
    cd /Users/xinyufang/Documents/Buzz/Buzz.xcodeproj
    

SwiftCompile normal arm64 /Users/xinyufang/Library/Developer/Xcode/DerivedData/Buzz-faillbpsmponqzeruhhvskovixzk/SourcePackages/checkouts/stripe-ios-spm/StripeIdentity/StripeIdentity/Source/Elements/IdentityElementsFactory.swift (in target 'StripeIdentity' from project 'Stripe')
    cd /Users/xinyufang/Documents/Buzz/Buzz.xcodeproj
    

SwiftCompile normal arm64 /Users/xinyufang/Library/Developer/Xcode/DerivedData/Buzz-faillbpsmponqzeruhhvskovixzk/SourcePackages/checkouts/stripe-ios-spm/StripeIdentity/StripeIdentity/Source/Elements/IdentityTextButtonElement.swift (in target 'StripeIdentity' from project 'Stripe')
    cd /Users/xinyufang/Documents/Buzz/Buzz.xcodeproj
    

SwiftCompile normal arm64 /Users/xinyufang/Library/Developer/Xcode/DerivedData/Buzz-faillbpsmponqzeruhhvskovixzk/SourcePackages/checkouts/stripe-ios-spm/StripeIdentity/StripeIdentity/Source/Elements/IndividualFormElement.swift (in target 'StripeIdentity' from project 'Stripe')
    cd /Users/xinyufang/Documents/Buzz/Buzz.xcodeproj
    

SwiftCompile normal arm64 /Users/xinyufang/Library/Developer/Xcode/DerivedData/Buzz-faillbpsmponqzeruhhvskovixzk/SourcePackages/checkouts/stripe-ios-spm/StripeIdentity/StripeIdentity/Source/Enums+CustomStringConvertible.swift (in target 'StripeIdentity' from project 'Stripe')
    cd /Users/xinyufang/Documents/Buzz/Buzz.xcodeproj
    

SwiftCompile normal arm64 /Users/xinyufang/Library/Developer/Xcode/DerivedData/Buzz-faillbpsmponqzeruhhvskovixzk/SourcePackages/checkouts/stripe-ios-spm/StripeIdentity/StripeIdentity/Source/Helpers/FileDownloader.swift (in target 'StripeIdentity' from project 'Stripe')
    cd /Users/xinyufang/Documents/Buzz/Buzz.xcodeproj
    

SwiftCompile normal arm64 /Users/xinyufang/Library/Developer/Xcode/DerivedData/Buzz-faillbpsmponqzeruhhvskovixzk/SourcePackages/checkouts/stripe-ios-spm/StripeIdentity/StripeIdentity/Source/Helpers/Image.swift (in target 'StripeIdentity' from project 'Stripe')
    cd /Users/xinyufang/Documents/Buzz/Buzz.xcodeproj
    

SwiftCompile normal arm64 /Users/xinyufang/Library/Developer/Xcode/DerivedData/Buzz-faillbpsmponqzeruhhvskovixzk/SourcePackages/checkouts/stripe-ios-spm/StripeIdentity/StripeIdentity/Source/Helpers/STPLocalizedString.swift (in target 'StripeIdentity' from project 'Stripe')
    cd /Users/xinyufang/Documents/Buzz/Buzz.xcodeproj
    

SwiftCompile normal arm64 /Users/xinyufang/Library/Developer/Xcode/DerivedData/Buzz-faillbpsmponqzeruhhvskovixzk/SourcePackages/checkouts/stripe-ios-spm/StripeIdentity/StripeIdentity/Source/Helpers/String+IDType.swift (in target 'StripeIdentity' from project 'Stripe')
    cd /Users/xinyufang/Documents/Buzz/Buzz.xcodeproj
    

SwiftCompile normal arm64 /Users/xinyufang/Library/Developer/Xcode/DerivedData/Buzz-faillbpsmponqzeruhhvskovixzk/SourcePackages/checkouts/stripe-ios-spm/StripeIdentity/StripeIdentity/Source/Helpers/String+Localized.swift (in target 'StripeIdentity' from project 'Stripe')
    cd /Users/xinyufang/Documents/Buzz/Buzz.xcodeproj
    

SwiftCompile normal arm64 Compiling\ VerificationPageStaticContentExperiment.swift,\ VerificationPageStaticContentIndividualPage.swift,\ VerificationPageStaticContentIndividualWelcomePage.swift,\ VerificationPageStaticContentPhoneOtpPage.swift,\ VerificationPageStaticContentSelfieModels.swift,\ VerificationPageStaticContentSelfiePage.swift,\ VerificationPageStaticContentTextPage.swift,\ VerificationPageData.swift,\ VerificationPageDataRequirementError.swift,\ VerificationPageDataRequirements.swift,\ RequiredInternationalAddress.swift,\ VerificationPageClearData.swift,\ VerificationPageCollectedData.swift,\ VerificationPageDataDob.swift,\ VerificationPageDataDocumentFileData.swift,\ VerificationPageDataFace.swift,\ VerificationPageDataIdNumber.swift,\ VerificationPageDataName.swift,\ VerificationPageDataPhone.swift,\ VerificationPageDataUpdate.swift /Users/xinyufang/Library/Developer/Xcode/DerivedData/Buzz-faillbpsmponqzeruhhvskovixzk/SourcePackages/checkouts/stripe-ios-spm/StripeIdentity/StripeIdentity/Source/API\ Bindings/Models/VerificationPage/VerificationPageStaticContentExperiment.swift /Users/xinyufang/Library/Developer/Xcode/DerivedData/Buzz-faillbpsmponqzeruhhvskovixzk/SourcePackages/checkouts/stripe-ios-spm/StripeIdentity/StripeIdentity/Source/API\ Bindings/Models/VerificationPage/VerificationPageStaticContentIndividualPage.swift /Users/xinyufang/Library/Developer/Xcode/DerivedData/Buzz-faillbpsmponqzeruhhvskovixzk/SourcePackages/checkouts/stripe-ios-spm/StripeIdentity/StripeIdentity/Source/API\ Bindings/Models/VerificationPage/VerificationPageStaticContentIndividualWelcomePage.swift /Users/xinyufang/Library/Developer/Xcode/DerivedData/Buzz-faillbpsmponqzeruhhvskovixzk/SourcePackages/checkouts/stripe-ios-spm/StripeIdentity/StripeIdentity/Source/API\ Bindings/Models/VerificationPage/VerificationPageStaticContentPhoneOtpPage.swift /Users/xinyufang/Library/Developer/Xcode/DerivedData/Buzz-faillbpsmponqzeruhhvskovixzk/SourcePackages/checkouts/stripe-ios-spm/StripeIdentity/StripeIdentity/Source/API\ Bindings/Models/VerificationPage/VerificationPageStaticContentSelfieModels.swift /Users/xinyufang/Library/Developer/Xcode/DerivedData/Buzz-faillbpsmponqzeruhhvskovixzk/SourcePackages/checkouts/stripe-ios-spm/StripeIdentity/StripeIdentity/Source/API\ Bindings/Models/VerificationPage/VerificationPageStaticContentSelfiePage.swift /Users/xinyufang/Library/Developer/Xcode/DerivedData/Buzz-faillbpsmponqzeruhhvskovixzk/SourcePackages/checkouts/stripe-ios-spm/StripeIdentity/StripeIdentity/Source/API\ Bindings/Models/VerificationPage/VerificationPageStaticContentTextPage.swift /Users/xinyufang/Library/Developer/Xcode/DerivedData/Buzz-faillbpsmponqzeruhhvskovixzk/SourcePackages/checkouts/stripe-ios-spm/StripeIdentity/StripeIdentity/Source/API\ Bindings/Models/VerificationPageData/VerificationPageData.swift /Users/xinyufang/Library/Developer/Xcode/DerivedData/Buzz-faillbpsmponqzeruhhvskovixzk/SourcePackages/checkouts/stripe-ios-spm/StripeIdentity/StripeIdentity/Source/API\ Bindings/Models/VerificationPageData/VerificationPageDataRequirementError.swift /Users/xinyufang/Library/Developer/Xcode/DerivedData/Buzz-faillbpsmponqzeruhhvskovixzk/SourcePackages/checkouts/stripe-ios-spm/StripeIdentity/StripeIdentity/Source/API\ Bindings/Models/VerificationPageData/VerificationPageDataRequirements.swift /Users/xinyufang/Library/Developer/Xcode/DerivedData/Buzz-faillbpsmponqzeruhhvskovixzk/SourcePackages/checkouts/stripe-ios-spm/StripeIdentity/StripeIdentity/Source/API\ Bindings/Models/VerificationPageDataUpdate/RequiredInternationalAddress.swift /Users/xinyufang/Library/Developer/Xcode/DerivedData/Buzz-faillbpsmponqzeruhhvskovixzk/SourcePackages/checkouts/stripe-ios-spm/StripeIdentity/StripeIdentity/Source/API\ Bindings/Models/VerificationPageDataUpdate/VerificationPageClearData.swift /Users/xinyufang/Library/Developer/Xcode/DerivedData/Buzz-faillbpsmponqzeruhhvskovixzk/SourcePackages/checkouts/stripe-ios-spm/StripeIdentity/StripeIdentity/Source/API\ Bindings/Models/VerificationPageDataUpdate/VerificationPageCollectedData.swift /Users/xinyufang/Library/Developer/Xcode/DerivedData/Buzz-faillbpsmponqzeruhhvskovixzk/SourcePackages/checkouts/stripe-ios-spm/StripeIdentity/StripeIdentity/Source/API\ Bindings/Models/VerificationPageDataUpdate/VerificationPageDataDob.swift /Users/xinyufang/Library/Developer/Xcode/DerivedData/Buzz-faillbpsmponqzeruhhvskovixzk/SourcePackages/checkouts/stripe-ios-spm/StripeIdentity/StripeIdentity/Source/API\ Bindings/Models/VerificationPageDataUpdate/VerificationPageDataDocumentFileData.swift /Users/xinyufang/Library/Developer/Xcode/DerivedData/Buzz-faillbpsmponqzeruhhvskovixzk/SourcePackages/checkouts/stripe-ios-spm/StripeIdentity/StripeIdentity/Source/API\ Bindings/Models/VerificationPageDataUpdate/VerificationPageDataFace.swift /Users/xinyufang/Library/Developer/Xcode/DerivedData/Buzz-faillbpsmponqzeruhhvskovixzk/SourcePackages/checkouts/stripe-ios-spm/StripeIdentity/StripeIdentity/Source/API\ Bindings/Models/VerificationPageDataUpdate/VerificationPageDataIdNumber.swift /Users/xinyufang/Library/Developer/Xcode/DerivedData/Buzz-faillbpsmponqzeruhhvskovixzk/SourcePackages/checkouts/stripe-ios-spm/StripeIdentity/StripeIdentity/Source/API\ Bindings/Models/VerificationPageDataUpdate/VerificationPageDataName.swift /Users/xinyufang/Library/Developer/Xcode/DerivedData/Buzz-faillbpsmponqzeruhhvskovixzk/SourcePackages/checkouts/stripe-ios-spm/StripeIdentity/StripeIdentity/Source/API\ Bindings/Models/VerificationPageDataUpdate/VerificationPageDataPhone.swift /Users/xinyufang/Library/Developer/Xcode/DerivedData/Buzz-faillbpsmponqzeruhhvskovixzk/SourcePackages/checkouts/stripe-ios-spm/StripeIdentity/StripeIdentity/Source/API\ Bindings/Models/VerificationPageDataUpdate/VerificationPageDataUpdate.swift (in target 'StripeIdentity' from project 'Stripe')

SwiftCompile normal arm64 /Users/xinyufang/Library/Developer/Xcode/DerivedData/Buzz-faillbpsmponqzeruhhvskovixzk/SourcePackages/checkouts/stripe-ios-spm/StripeIdentity/StripeIdentity/Source/API\ Bindings/Models/VerificationPage/VerificationPageStaticContentExperiment.swift (in target 'StripeIdentity' from project 'Stripe')
    cd /Users/xinyufang/Documents/Buzz/Buzz.xcodeproj
    

SwiftCompile normal arm64 /Users/xinyufang/Library/Developer/Xcode/DerivedData/Buzz-faillbpsmponqzeruhhvskovixzk/SourcePackages/checkouts/stripe-ios-spm/StripeIdentity/StripeIdentity/Source/API\ Bindings/Models/VerificationPage/VerificationPageStaticContentIndividualPage.swift (in target 'StripeIdentity' from project 'Stripe')
    cd /Users/xinyufang/Documents/Buzz/Buzz.xcodeproj
    

SwiftCompile normal arm64 /Users/xinyufang/Library/Developer/Xcode/DerivedData/Buzz-faillbpsmponqzeruhhvskovixzk/SourcePackages/checkouts/stripe-ios-spm/StripeIdentity/StripeIdentity/Source/API\ Bindings/Models/VerificationPage/VerificationPageStaticContentIndividualWelcomePage.swift (in target 'StripeIdentity' from project 'Stripe')
    cd /Users/xinyufang/Documents/Buzz/Buzz.xcodeproj
    

SwiftCompile normal arm64 /Users/xinyufang/Library/Developer/Xcode/DerivedData/Buzz-faillbpsmponqzeruhhvskovixzk/SourcePackages/checkouts/stripe-ios-spm/StripeIdentity/StripeIdentity/Source/API\ Bindings/Models/VerificationPage/VerificationPageStaticContentPhoneOtpPage.swift (in target 'StripeIdentity' from project 'Stripe')
    cd /Users/xinyufang/Documents/Buzz/Buzz.xcodeproj
    

SwiftCompile normal arm64 /Users/xinyufang/Library/Developer/Xcode/DerivedData/Buzz-faillbpsmponqzeruhhvskovixzk/SourcePackages/checkouts/stripe-ios-spm/StripeIdentity/StripeIdentity/Source/API\ Bindings/Models/VerificationPage/VerificationPageStaticContentSelfieModels.swift (in target 'StripeIdentity' from project 'Stripe')
    cd /Users/xinyufang/Documents/Buzz/Buzz.xcodeproj
    

SwiftCompile normal arm64 /Users/xinyufang/Library/Developer/Xcode/DerivedData/Buzz-faillbpsmponqzeruhhvskovixzk/SourcePackages/checkouts/stripe-ios-spm/StripeIdentity/StripeIdentity/Source/API\ Bindings/Models/VerificationPage/VerificationPageStaticContentSelfiePage.swift (in target 'StripeIdentity' from project 'Stripe')
    cd /Users/xinyufang/Documents/Buzz/Buzz.xcodeproj
    

SwiftCompile normal arm64 /Users/xinyufang/Library/Developer/Xcode/DerivedData/Buzz-faillbpsmponqzeruhhvskovixzk/SourcePackages/checkouts/stripe-ios-spm/StripeIdentity/StripeIdentity/Source/API\ Bindings/Models/VerificationPage/VerificationPageStaticContentTextPage.swift (in target 'StripeIdentity' from project 'Stripe')
    cd /Users/xinyufang/Documents/Buzz/Buzz.xcodeproj
    

SwiftCompile normal arm64 /Users/xinyufang/Library/Developer/Xcode/DerivedData/Buzz-faillbpsmponqzeruhhvskovixzk/SourcePackages/checkouts/stripe-ios-spm/StripeIdentity/StripeIdentity/Source/API\ Bindings/Models/VerificationPageData/VerificationPageData.swift (in target 'StripeIdentity' from project 'Stripe')
    cd /Users/xinyufang/Documents/Buzz/Buzz.xcodeproj
    

SwiftCompile normal arm64 /Users/xinyufang/Library/Developer/Xcode/DerivedData/Buzz-faillbpsmponqzeruhhvskovixzk/SourcePackages/checkouts/stripe-ios-spm/StripeIdentity/StripeIdentity/Source/API\ Bindings/Models/VerificationPageData/VerificationPageDataRequirementError.swift (in target 'StripeIdentity' from project 'Stripe')
    cd /Users/xinyufang/Documents/Buzz/Buzz.xcodeproj
    

SwiftCompile normal arm64 /Users/xinyufang/Library/Developer/Xcode/DerivedData/Buzz-faillbpsmponqzeruhhvskovixzk/SourcePackages/checkouts/stripe-ios-spm/StripeIdentity/StripeIdentity/Source/API\ Bindings/Models/VerificationPageData/VerificationPageDataRequirements.swift (in target 'StripeIdentity' from project 'Stripe')
    cd /Users/xinyufang/Documents/Buzz/Buzz.xcodeproj
    

SwiftCompile normal arm64 /Users/xinyufang/Library/Developer/Xcode/DerivedData/Buzz-faillbpsmponqzeruhhvskovixzk/SourcePackages/checkouts/stripe-ios-spm/StripeIdentity/StripeIdentity/Source/API\ Bindings/Models/VerificationPageDataUpdate/RequiredInternationalAddress.swift (in target 'StripeIdentity' from project 'Stripe')
    cd /Users/xinyufang/Documents/Buzz/Buzz.xcodeproj
    

SwiftCompile normal arm64 /Users/xinyufang/Library/Developer/Xcode/DerivedData/Buzz-faillbpsmponqzeruhhvskovixzk/SourcePackages/checkouts/stripe-ios-spm/StripeIdentity/StripeIdentity/Source/API\ Bindings/Models/VerificationPageDataUpdate/VerificationPageClearData.swift (in target 'StripeIdentity' from project 'Stripe')
    cd /Users/xinyufang/Documents/Buzz/Buzz.xcodeproj
    

SwiftCompile normal arm64 /Users/xinyufang/Library/Developer/Xcode/DerivedData/Buzz-faillbpsmponqzeruhhvskovixzk/SourcePackages/checkouts/stripe-ios-spm/StripeIdentity/StripeIdentity/Source/API\ Bindings/Models/VerificationPageDataUpdate/VerificationPageCollectedData.swift (in target 'StripeIdentity' from project 'Stripe')
    cd /Users/xinyufang/Documents/Buzz/Buzz.xcodeproj
    

SwiftCompile normal arm64 /Users/xinyufang/Library/Developer/Xcode/DerivedData/Buzz-faillbpsmponqzeruhhvskovixzk/SourcePackages/checkouts/stripe-ios-spm/StripeIdentity/StripeIdentity/Source/API\ Bindings/Models/VerificationPageDataUpdate/VerificationPageDataDob.swift (in target 'StripeIdentity' from project 'Stripe')
    cd /Users/xinyufang/Documents/Buzz/Buzz.xcodeproj
    

SwiftCompile normal arm64 /Users/xinyufang/Library/Developer/Xcode/DerivedData/Buzz-faillbpsmponqzeruhhvskovixzk/SourcePackages/checkouts/stripe-ios-spm/StripeIdentity/StripeIdentity/Source/API\ Bindings/Models/VerificationPageDataUpdate/VerificationPageDataDocumentFileData.swift (in target 'StripeIdentity' from project 'Stripe')
    cd /Users/xinyufang/Documents/Buzz/Buzz.xcodeproj
    

SwiftCompile normal arm64 /Users/xinyufang/Library/Developer/Xcode/DerivedData/Buzz-faillbpsmponqzeruhhvskovixzk/SourcePackages/checkouts/stripe-ios-spm/StripeIdentity/StripeIdentity/Source/API\ Bindings/Models/VerificationPageDataUpdate/VerificationPageDataFace.swift (in target 'StripeIdentity' from project 'Stripe')
    cd /Users/xinyufang/Documents/Buzz/Buzz.xcodeproj
    

SwiftCompile normal arm64 /Users/xinyufang/Library/Developer/Xcode/DerivedData/Buzz-faillbpsmponqzeruhhvskovixzk/SourcePackages/checkouts/stripe-ios-spm/StripeIdentity/StripeIdentity/Source/API\ Bindings/Models/VerificationPageDataUpdate/VerificationPageDataIdNumber.swift (in target 'StripeIdentity' from project 'Stripe')
    cd /Users/xinyufang/Documents/Buzz/Buzz.xcodeproj
    

SwiftCompile normal arm64 /Users/xinyufang/Library/Developer/Xcode/DerivedData/Buzz-faillbpsmponqzeruhhvskovixzk/SourcePackages/checkouts/stripe-ios-spm/StripeIdentity/StripeIdentity/Source/API\ Bindings/Models/VerificationPageDataUpdate/VerificationPageDataName.swift (in target 'StripeIdentity' from project 'Stripe')
    cd /Users/xinyufang/Documents/Buzz/Buzz.xcodeproj
    

SwiftCompile normal arm64 /Users/xinyufang/Library/Developer/Xcode/DerivedData/Buzz-faillbpsmponqzeruhhvskovixzk/SourcePackages/checkouts/stripe-ios-spm/StripeIdentity/StripeIdentity/Source/API\ Bindings/Models/VerificationPageDataUpdate/VerificationPageDataPhone.swift (in target 'StripeIdentity' from project 'Stripe')
    cd /Users/xinyufang/Documents/Buzz/Buzz.xcodeproj
    

SwiftCompile normal arm64 /Users/xinyufang/Library/Developer/Xcode/DerivedData/Buzz-faillbpsmponqzeruhhvskovixzk/SourcePackages/checkouts/stripe-ios-spm/StripeIdentity/StripeIdentity/Source/API\ Bindings/Models/VerificationPageDataUpdate/VerificationPageDataUpdate.swift (in target 'StripeIdentity' from project 'Stripe')
    cd /Users/xinyufang/Documents/Buzz/Buzz.xcodeproj
    

SwiftDriverJobDiscovery normal arm64 Compiling STPCardCVCInputTextFieldValidator.swift, STPCardExpiryInputTextField.swift, STPCardExpiryInputTextFieldFormatter.swift, STPCardExpiryInputTextFieldValidator.swift, STPCardNumberInputTextField.swift, STPCardNumberInputTextFieldFormatter.swift, STPCardNumberInputTextFieldValidator.swift (in target 'StripePaymentsUI' from project 'Stripe')

SwiftCompile normal arm64 Compiling\ HTMLTextView.swift,\ HTMLViewWithIconLabels.swift,\ IconLabelHTMLView.swift,\ MultilineIconLabelHTMLView.swift,\ InstructionListView.swift,\ ListItemView.swift,\ ListView.swift,\ PhoneOtpView.swift,\ SelfieCaptureView.swift,\ SelfieScanningView.swift,\ SelfieWarmupView.swift,\ ShadowConfiguration.swift,\ ShadowedCorneredImageView.swift,\ StripeCore+Import.swift,\ VerificationClientSecret.swift,\ VerificationSheetAnalytics.swift,\ VerificationFlowWebView.swift,\ VerificationFlowWebViewController.swift,\ VerifyWebURLHelper.swift /Users/xinyufang/Library/Developer/Xcode/DerivedData/Buzz-faillbpsmponqzeruhhvskovixzk/SourcePackages/checkouts/stripe-ios-spm/StripeIdentity/StripeIdentity/Source/NativeComponents/Views/IdentityHTMLView/HTMLTextView.swift /Users/xinyufang/Library/Developer/Xcode/DerivedData/Buzz-faillbpsmponqzeruhhvskovixzk/SourcePackages/checkouts/stripe-ios-spm/StripeIdentity/StripeIdentity/Source/NativeComponents/Views/IdentityHTMLView/HTMLViewWithIconLabels.swift /Users/xinyufang/Library/Developer/Xcode/DerivedData/Buzz-faillbpsmponqzeruhhvskovixzk/SourcePackages/checkouts/stripe-ios-spm/StripeIdentity/StripeIdentity/Source/NativeComponents/Views/IdentityHTMLView/IconLabelHTMLView.swift /Users/xinyufang/Library/Developer/Xcode/DerivedData/Buzz-faillbpsmponqzeruhhvskovixzk/SourcePackages/checkouts/stripe-ios-spm/StripeIdentity/StripeIdentity/Source/NativeComponents/Views/IdentityHTMLView/MultilineIconLabelHTMLView.swift /Users/xinyufang/Library/Developer/Xcode/DerivedData/Buzz-faillbpsmponqzeruhhvskovixzk/SourcePackages/checkouts/stripe-ios-spm/StripeIdentity/StripeIdentity/Source/NativeComponents/Views/InstructionListView.swift /Users/xinyufang/Library/Developer/Xcode/DerivedData/Buzz-faillbpsmponqzeruhhvskovixzk/SourcePackages/checkouts/stripe-ios-spm/StripeIdentity/StripeIdentity/Source/NativeComponents/Views/ListView/ListItemView.swift /Users/xinyufang/Library/Developer/Xcode/DerivedData/Buzz-faillbpsmponqzeruhhvskovixzk/SourcePackages/checkouts/stripe-ios-spm/StripeIdentity/StripeIdentity/Source/NativeComponents/Views/ListView/ListView.swift /Users/xinyufang/Library/Developer/Xcode/DerivedData/Buzz-faillbpsmponqzeruhhvskovixzk/SourcePackages/checkouts/stripe-ios-spm/StripeIdentity/StripeIdentity/Source/NativeComponents/Views/PhoneOtpView.swift /Users/xinyufang/Library/Developer/Xcode/DerivedData/Buzz-faillbpsmponqzeruhhvskovixzk/SourcePackages/checkouts/stripe-ios-spm/StripeIdentity/StripeIdentity/Source/NativeComponents/Views/Selfie/SelfieCaptureView.swift /Users/xinyufang/Library/Developer/Xcode/DerivedData/Buzz-faillbpsmponqzeruhhvskovixzk/SourcePackages/checkouts/stripe-ios-spm/StripeIdentity/StripeIdentity/Source/NativeComponents/Views/Selfie/SelfieScanningView.swift /Users/xinyufang/Library/Developer/Xcode/DerivedData/Buzz-faillbpsmponqzeruhhvskovixzk/SourcePackages/checkouts/stripe-ios-spm/StripeIdentity/StripeIdentity/Source/NativeComponents/Views/Selfie/SelfieWarmupView.swift /Users/xinyufang/Library/Developer/Xcode/DerivedData/Buzz-faillbpsmponqzeruhhvskovixzk/SourcePackages/checkouts/stripe-ios-spm/StripeIdentity/StripeIdentity/Source/NativeComponents/Views/ShadowConfiguration.swift /Users/xinyufang/Library/Developer/Xcode/DerivedData/Buzz-faillbpsmponqzeruhhvskovixzk/SourcePackages/checkouts/stripe-ios-spm/StripeIdentity/StripeIdentity/Source/NativeComponents/Views/ShadowedCorneredImageView.swift /Users/xinyufang/Library/Developer/Xcode/DerivedData/Buzz-faillbpsmponqzeruhhvskovixzk/SourcePackages/checkouts/stripe-ios-spm/StripeIdentity/StripeIdentity/Source/StripeCore+Import.swift /Users/xinyufang/Library/Developer/Xcode/DerivedData/Buzz-faillbpsmponqzeruhhvskovixzk/SourcePackages/checkouts/stripe-ios-spm/StripeIdentity/StripeIdentity/Source/VerificationClientSecret.swift /Users/xinyufang/Library/Developer/Xcode/DerivedData/Buzz-faillbpsmponqzeruhhvskovixzk/SourcePackages/checkouts/stripe-ios-spm/StripeIdentity/StripeIdentity/Source/VerificationSheetAnalytics.swift /Users/xinyufang/Library/Developer/Xcode/DerivedData/Buzz-faillbpsmponqzeruhhvskovixzk/SourcePackages/checkouts/stripe-ios-spm/StripeIdentity/StripeIdentity/Source/WebWrapper/VerificationFlowWebView.swift /Users/xinyufang/Library/Developer/Xcode/DerivedData/Buzz-faillbpsmponqzeruhhvskovixzk/SourcePackages/checkouts/stripe-ios-spm/StripeIdentity/StripeIdentity/Source/WebWrapper/VerificationFlowWebViewController.swift /Users/xinyufang/Library/Developer/Xcode/DerivedData/Buzz-faillbpsmponqzeruhhvskovixzk/SourcePackages/checkouts/stripe-ios-spm/StripeIdentity/StripeIdentity/Source/WebWrapper/VerifyWebURLHelper.swift (in target 'StripeIdentity' from project 'Stripe')
SwiftCompile normal arm64 /Users/xinyufang/Library/Developer/Xcode/DerivedData/Buzz-faillbpsmponqzeruhhvskovixzk/SourcePackages/checkouts/stripe-ios-spm/StripeIdentity/StripeIdentity/Source/NativeComponents/Views/IdentityHTMLView/HTMLTextView.swift (in target 'StripeIdentity' from project 'Stripe')
    cd /Users/xinyufang/Documents/Buzz/Buzz.xcodeproj
    

SwiftCompile normal arm64 /Users/xinyufang/Library/Developer/Xcode/DerivedData/Buzz-faillbpsmponqzeruhhvskovixzk/SourcePackages/checkouts/stripe-ios-spm/StripeIdentity/StripeIdentity/Source/NativeComponents/Views/IdentityHTMLView/HTMLViewWithIconLabels.swift (in target 'StripeIdentity' from project 'Stripe')
    cd /Users/xinyufang/Documents/Buzz/Buzz.xcodeproj
    

SwiftCompile normal arm64 /Users/xinyufang/Library/Developer/Xcode/DerivedData/Buzz-faillbpsmponqzeruhhvskovixzk/SourcePackages/checkouts/stripe-ios-spm/StripeIdentity/StripeIdentity/Source/NativeComponents/Views/IdentityHTMLView/IconLabelHTMLView.swift (in target 'StripeIdentity' from project 'Stripe')
    cd /Users/xinyufang/Documents/Buzz/Buzz.xcodeproj
    

SwiftCompile normal arm64 /Users/xinyufang/Library/Developer/Xcode/DerivedData/Buzz-faillbpsmponqzeruhhvskovixzk/SourcePackages/checkouts/stripe-ios-spm/StripeIdentity/StripeIdentity/Source/NativeComponents/Views/IdentityHTMLView/MultilineIconLabelHTMLView.swift (in target 'StripeIdentity' from project 'Stripe')
    cd /Users/xinyufang/Documents/Buzz/Buzz.xcodeproj
    

SwiftCompile normal arm64 /Users/xinyufang/Library/Developer/Xcode/DerivedData/Buzz-faillbpsmponqzeruhhvskovixzk/SourcePackages/checkouts/stripe-ios-spm/StripeIdentity/StripeIdentity/Source/NativeComponents/Views/InstructionListView.swift (in target 'StripeIdentity' from project 'Stripe')
    cd /Users/xinyufang/Documents/Buzz/Buzz.xcodeproj
    

SwiftCompile normal arm64 /Users/xinyufang/Library/Developer/Xcode/DerivedData/Buzz-faillbpsmponqzeruhhvskovixzk/SourcePackages/checkouts/stripe-ios-spm/StripeIdentity/StripeIdentity/Source/NativeComponents/Views/ListView/ListItemView.swift (in target 'StripeIdentity' from project 'Stripe')
    cd /Users/xinyufang/Documents/Buzz/Buzz.xcodeproj
    

SwiftCompile normal arm64 /Users/xinyufang/Library/Developer/Xcode/DerivedData/Buzz-faillbpsmponqzeruhhvskovixzk/SourcePackages/checkouts/stripe-ios-spm/StripeIdentity/StripeIdentity/Source/NativeComponents/Views/ListView/ListView.swift (in target 'StripeIdentity' from project 'Stripe')
    cd /Users/xinyufang/Documents/Buzz/Buzz.xcodeproj
    

SwiftCompile normal arm64 /Users/xinyufang/Library/Developer/Xcode/DerivedData/Buzz-faillbpsmponqzeruhhvskovixzk/SourcePackages/checkouts/stripe-ios-spm/StripeIdentity/StripeIdentity/Source/NativeComponents/Views/PhoneOtpView.swift (in target 'StripeIdentity' from project 'Stripe')
    cd /Users/xinyufang/Documents/Buzz/Buzz.xcodeproj
    

SwiftCompile normal arm64 /Users/xinyufang/Library/Developer/Xcode/DerivedData/Buzz-faillbpsmponqzeruhhvskovixzk/SourcePackages/checkouts/stripe-ios-spm/StripeIdentity/StripeIdentity/Source/NativeComponents/Views/Selfie/SelfieCaptureView.swift (in target 'StripeIdentity' from project 'Stripe')
    cd /Users/xinyufang/Documents/Buzz/Buzz.xcodeproj
    

SwiftCompile normal arm64 /Users/xinyufang/Library/Developer/Xcode/DerivedData/Buzz-faillbpsmponqzeruhhvskovixzk/SourcePackages/checkouts/stripe-ios-spm/StripeIdentity/StripeIdentity/Source/NativeComponents/Views/Selfie/SelfieScanningView.swift (in target 'StripeIdentity' from project 'Stripe')
    cd /Users/xinyufang/Documents/Buzz/Buzz.xcodeproj
    

SwiftCompile normal arm64 /Users/xinyufang/Library/Developer/Xcode/DerivedData/Buzz-faillbpsmponqzeruhhvskovixzk/SourcePackages/checkouts/stripe-ios-spm/StripeIdentity/StripeIdentity/Source/NativeComponents/Views/Selfie/SelfieWarmupView.swift (in target 'StripeIdentity' from project 'Stripe')
    cd /Users/xinyufang/Documents/Buzz/Buzz.xcodeproj
    

SwiftCompile normal arm64 /Users/xinyufang/Library/Developer/Xcode/DerivedData/Buzz-faillbpsmponqzeruhhvskovixzk/SourcePackages/checkouts/stripe-ios-spm/StripeIdentity/StripeIdentity/Source/NativeComponents/Views/ShadowConfiguration.swift (in target 'StripeIdentity' from project 'Stripe')
    cd /Users/xinyufang/Documents/Buzz/Buzz.xcodeproj
    

SwiftCompile normal arm64 /Users/xinyufang/Library/Developer/Xcode/DerivedData/Buzz-faillbpsmponqzeruhhvskovixzk/SourcePackages/checkouts/stripe-ios-spm/StripeIdentity/StripeIdentity/Source/NativeComponents/Views/ShadowedCorneredImageView.swift (in target 'StripeIdentity' from project 'Stripe')
    cd /Users/xinyufang/Documents/Buzz/Buzz.xcodeproj
    

SwiftCompile normal arm64 /Users/xinyufang/Library/Developer/Xcode/DerivedData/Buzz-faillbpsmponqzeruhhvskovixzk/SourcePackages/checkouts/stripe-ios-spm/StripeIdentity/StripeIdentity/Source/StripeCore+Import.swift (in target 'StripeIdentity' from project 'Stripe')
    cd /Users/xinyufang/Documents/Buzz/Buzz.xcodeproj
    

SwiftCompile normal arm64 /Users/xinyufang/Library/Developer/Xcode/DerivedData/Buzz-faillbpsmponqzeruhhvskovixzk/SourcePackages/checkouts/stripe-ios-spm/StripeIdentity/StripeIdentity/Source/VerificationClientSecret.swift (in target 'StripeIdentity' from project 'Stripe')
    cd /Users/xinyufang/Documents/Buzz/Buzz.xcodeproj
    

SwiftCompile normal arm64 /Users/xinyufang/Library/Developer/Xcode/DerivedData/Buzz-faillbpsmponqzeruhhvskovixzk/SourcePackages/checkouts/stripe-ios-spm/StripeIdentity/StripeIdentity/Source/VerificationSheetAnalytics.swift (in target 'StripeIdentity' from project 'Stripe')
    cd /Users/xinyufang/Documents/Buzz/Buzz.xcodeproj
    

SwiftCompile normal arm64 /Users/xinyufang/Library/Developer/Xcode/DerivedData/Buzz-faillbpsmponqzeruhhvskovixzk/SourcePackages/checkouts/stripe-ios-spm/StripeIdentity/StripeIdentity/Source/WebWrapper/VerificationFlowWebView.swift (in target 'StripeIdentity' from project 'Stripe')
    cd /Users/xinyufang/Documents/Buzz/Buzz.xcodeproj
    

SwiftCompile normal arm64 /Users/xinyufang/Library/Developer/Xcode/DerivedData/Buzz-faillbpsmponqzeruhhvskovixzk/SourcePackages/checkouts/stripe-ios-spm/StripeIdentity/StripeIdentity/Source/WebWrapper/VerificationFlowWebViewController.swift (in target 'StripeIdentity' from project 'Stripe')
    cd /Users/xinyufang/Documents/Buzz/Buzz.xcodeproj
    

SwiftCompile normal arm64 /Users/xinyufang/Library/Developer/Xcode/DerivedData/Buzz-faillbpsmponqzeruhhvskovixzk/SourcePackages/checkouts/stripe-ios-spm/StripeIdentity/StripeIdentity/Source/WebWrapper/VerifyWebURLHelper.swift (in target 'StripeIdentity' from project 'Stripe')
    cd /Users/xinyufang/Documents/Buzz/Buzz.xcodeproj
    

SwiftDriverJobDiscovery normal arm64 Compiling SelfieCaptureViewController.swift, SelfieWarmupViewController.swift, SuccessViewController.swift, UIViewController+SafariExtension.swift, BottomAlignedLabel.swift, BottomSheetView.swift, CameraPreviewContainerView.swift, CompleteOptionView.swift, ContentCenteringScrollView.swift, DebugView.swift, AnimatedBorderView.swift, DocumentCaptureView.swift, DocumentScanningView.swift, InstructionalDocumentScanningView.swift, DocumentWarmupView.swift, ErrorView.swift, HeaderIconView.swift, HeaderView.swift, IdentityFlowView.swift (in target 'StripeIdentity' from project 'Stripe')

SwiftCompile normal arm64 Compiling\ StripeIdentityBundleLocator.swift,\ UIImage+utils.swift,\ IdentityVerificationSheet.swift,\ IdentityVerificationSheetError.swift,\ IdentityTopLevelDestination.swift,\ DocumentScanner.swift,\ DocumentScannerConfiguration.swift,\ DocumentScannerOutput.swift,\ FaceCaptureData.swift,\ FaceScanner.swift,\ FaceScannerConfiguration.swift,\ FaceScannerOutput.swift,\ ImageScanner.swift,\ ImageScanningConcurrencyManager.swift,\ ImageScanningSession.swift,\ ImageScanningSessionDelegate.swift,\ DocumentUploader.swift,\ IdentityImageUploader.swift,\ SelfieUploader.swift /Users/xinyufang/Library/Developer/Xcode/DerivedData/Buzz-faillbpsmponqzeruhhvskovixzk/SourcePackages/checkouts/stripe-ios-spm/StripeIdentity/StripeIdentity/Source/Helpers/StripeIdentityBundleLocator.swift /Users/xinyufang/Library/Developer/Xcode/DerivedData/Buzz-faillbpsmponqzeruhhvskovixzk/SourcePackages/checkouts/stripe-ios-spm/StripeIdentity/StripeIdentity/Source/Helpers/UIImage+utils.swift /Users/xinyufang/Library/Developer/Xcode/DerivedData/Buzz-faillbpsmponqzeruhhvskovixzk/SourcePackages/checkouts/stripe-ios-spm/StripeIdentity/StripeIdentity/Source/IdentityVerificationSheet.swift /Users/xinyufang/Library/Developer/Xcode/DerivedData/Buzz-faillbpsmponqzeruhhvskovixzk/SourcePackages/checkouts/stripe-ios-spm/StripeIdentity/StripeIdentity/Source/IdentityVerificationSheetError.swift /Users/xinyufang/Library/Developer/Xcode/DerivedData/Buzz-faillbpsmponqzeruhhvskovixzk/SourcePackages/checkouts/stripe-ios-spm/StripeIdentity/StripeIdentity/Source/NativeComponents/Coordinators/IdentityTopLevelDestination.swift /Users/xinyufang/Library/Developer/Xcode/DerivedData/Buzz-faillbpsmponqzeruhhvskovixzk/SourcePackages/checkouts/stripe-ios-spm/StripeIdentity/StripeIdentity/Source/NativeComponents/Coordinators/ImageScanner/DocumentScanner/DocumentScanner.swift /Users/xinyufang/Library/Developer/Xcode/DerivedData/Buzz-faillbpsmponqzeruhhvskovixzk/SourcePackages/checkouts/stripe-ios-spm/StripeIdentity/StripeIdentity/Source/NativeComponents/Coordinators/ImageScanner/DocumentScanner/DocumentScannerConfiguration.swift /Users/xinyufang/Library/Developer/Xcode/DerivedData/Buzz-faillbpsmponqzeruhhvskovixzk/SourcePackages/checkouts/stripe-ios-spm/StripeIdentity/StripeIdentity/Source/NativeComponents/Coordinators/ImageScanner/DocumentScanner/DocumentScannerOutput.swift /Users/xinyufang/Library/Developer/Xcode/DerivedData/Buzz-faillbpsmponqzeruhhvskovixzk/SourcePackages/checkouts/stripe-ios-spm/StripeIdentity/StripeIdentity/Source/NativeComponents/Coordinators/ImageScanner/FaceScanner/FaceCaptureData.swift /Users/xinyufang/Library/Developer/Xcode/DerivedData/Buzz-faillbpsmponqzeruhhvskovixzk/SourcePackages/checkouts/stripe-ios-spm/StripeIdentity/StripeIdentity/Source/NativeComponents/Coordinators/ImageScanner/FaceScanner/FaceScanner.swift /Users/xinyufang/Library/Developer/Xcode/DerivedData/Buzz-faillbpsmponqzeruhhvskovixzk/SourcePackages/checkouts/stripe-ios-spm/StripeIdentity/StripeIdentity/Source/NativeComponents/Coordinators/ImageScanner/FaceScanner/FaceScannerConfiguration.swift /Users/xinyufang/Library/Developer/Xcode/DerivedData/Buzz-faillbpsmponqzeruhhvskovixzk/SourcePackages/checkouts/stripe-ios-spm/StripeIdentity/StripeIdentity/Source/NativeComponents/Coordinators/ImageScanner/FaceScanner/FaceScannerOutput.swift /Users/xinyufang/Library/Developer/Xcode/DerivedData/Buzz-faillbpsmponqzeruhhvskovixzk/SourcePackages/checkouts/stripe-ios-spm/StripeIdentity/StripeIdentity/Source/NativeComponents/Coordinators/ImageScanner/ImageScanner.swift /Users/xinyufang/Library/Developer/Xcode/DerivedData/Buzz-faillbpsmponqzeruhhvskovixzk/SourcePackages/checkouts/stripe-ios-spm/StripeIdentity/StripeIdentity/Source/NativeComponents/Coordinators/ImageScanner/ImageScanningConcurrencyManager.swift /Users/xinyufang/Library/Developer/Xcode/DerivedData/Buzz-faillbpsmponqzeruhhvskovixzk/SourcePackages/checkouts/stripe-ios-spm/StripeIdentity/StripeIdentity/Source/NativeComponents/Coordinators/ImageScanningSession/ImageScanningSession.swift /Users/xinyufang/Library/Developer/Xcode/DerivedData/Buzz-faillbpsmponqzeruhhvskovixzk/SourcePackages/checkouts/stripe-ios-spm/StripeIdentity/StripeIdentity/Source/NativeComponents/Coordinators/ImageScanningSession/ImageScanningSessionDelegate.swift /Users/xinyufang/Library/Developer/Xcode/DerivedData/Buzz-faillbpsmponqzeruhhvskovixzk/SourcePackages/checkouts/stripe-ios-spm/StripeIdentity/StripeIdentity/Source/NativeComponents/Coordinators/ImageUploaders/DocumentUploader.swift /Users/xinyufang/Library/Developer/Xcode/DerivedData/Buzz-faillbpsmponqzeruhhvskovixzk/SourcePackages/checkouts/stripe-ios-spm/StripeIdentity/StripeIdentity/Source/NativeComponents/Coordinators/ImageUploaders/IdentityImageUploader.swift /Users/xinyufang/Library/Developer/Xcode/DerivedData/Buzz-faillbpsmponqzeruhhvskovixzk/SourcePackages/checkouts/stripe-ios-spm/StripeIdentity/StripeIdentity/Source/NativeComponents/Coordinators/ImageUploaders/SelfieUploader.swift (in target 'StripeIdentity' from project 'Stripe')

SwiftCompile normal arm64 /Users/xinyufang/Library/Developer/Xcode/DerivedData/Buzz-faillbpsmponqzeruhhvskovixzk/SourcePackages/checkouts/stripe-ios-spm/StripeIdentity/StripeIdentity/Source/Helpers/StripeIdentityBundleLocator.swift (in target 'StripeIdentity' from project 'Stripe')
    cd /Users/xinyufang/Documents/Buzz/Buzz.xcodeproj
    

SwiftCompile normal arm64 /Users/xinyufang/Library/Developer/Xcode/DerivedData/Buzz-faillbpsmponqzeruhhvskovixzk/SourcePackages/checkouts/stripe-ios-spm/StripeIdentity/StripeIdentity/Source/Helpers/UIImage+utils.swift (in target 'StripeIdentity' from project 'Stripe')
    cd /Users/xinyufang/Documents/Buzz/Buzz.xcodeproj
    

SwiftCompile normal arm64 /Users/xinyufang/Library/Developer/Xcode/DerivedData/Buzz-faillbpsmponqzeruhhvskovixzk/SourcePackages/checkouts/stripe-ios-spm/StripeIdentity/StripeIdentity/Source/IdentityVerificationSheet.swift (in target 'StripeIdentity' from project 'Stripe')
    cd /Users/xinyufang/Documents/Buzz/Buzz.xcodeproj
    

SwiftCompile normal arm64 /Users/xinyufang/Library/Developer/Xcode/DerivedData/Buzz-faillbpsmponqzeruhhvskovixzk/SourcePackages/checkouts/stripe-ios-spm/StripeIdentity/StripeIdentity/Source/IdentityVerificationSheetError.swift (in target 'StripeIdentity' from project 'Stripe')
    cd /Users/xinyufang/Documents/Buzz/Buzz.xcodeproj
    

SwiftCompile normal arm64 /Users/xinyufang/Library/Developer/Xcode/DerivedData/Buzz-faillbpsmponqzeruhhvskovixzk/SourcePackages/checkouts/stripe-ios-spm/StripeIdentity/StripeIdentity/Source/NativeComponents/Coordinators/IdentityTopLevelDestination.swift (in target 'StripeIdentity' from project 'Stripe')
    cd /Users/xinyufang/Documents/Buzz/Buzz.xcodeproj
    

SwiftCompile normal arm64 /Users/xinyufang/Library/Developer/Xcode/DerivedData/Buzz-faillbpsmponqzeruhhvskovixzk/SourcePackages/checkouts/stripe-ios-spm/StripeIdentity/StripeIdentity/Source/NativeComponents/Coordinators/ImageScanner/DocumentScanner/DocumentScanner.swift (in target 'StripeIdentity' from project 'Stripe')
    cd /Users/xinyufang/Documents/Buzz/Buzz.xcodeproj
    

SwiftCompile normal arm64 /Users/xinyufang/Library/Developer/Xcode/DerivedData/Buzz-faillbpsmponqzeruhhvskovixzk/SourcePackages/checkouts/stripe-ios-spm/StripeIdentity/StripeIdentity/Source/NativeComponents/Coordinators/ImageScanner/DocumentScanner/DocumentScannerConfiguration.swift (in target 'StripeIdentity' from project 'Stripe')
    cd /Users/xinyufang/Documents/Buzz/Buzz.xcodeproj
    

SwiftCompile normal arm64 /Users/xinyufang/Library/Developer/Xcode/DerivedData/Buzz-faillbpsmponqzeruhhvskovixzk/SourcePackages/checkouts/stripe-ios-spm/StripeIdentity/StripeIdentity/Source/NativeComponents/Coordinators/ImageScanner/DocumentScanner/DocumentScannerOutput.swift (in target 'StripeIdentity' from project 'Stripe')
    cd /Users/xinyufang/Documents/Buzz/Buzz.xcodeproj
    

SwiftCompile normal arm64 /Users/xinyufang/Library/Developer/Xcode/DerivedData/Buzz-faillbpsmponqzeruhhvskovixzk/SourcePackages/checkouts/stripe-ios-spm/StripeIdentity/StripeIdentity/Source/NativeComponents/Coordinators/ImageScanner/FaceScanner/FaceCaptureData.swift (in target 'StripeIdentity' from project 'Stripe')
    cd /Users/xinyufang/Documents/Buzz/Buzz.xcodeproj
    

SwiftCompile normal arm64 /Users/xinyufang/Library/Developer/Xcode/DerivedData/Buzz-faillbpsmponqzeruhhvskovixzk/SourcePackages/checkouts/stripe-ios-spm/StripeIdentity/StripeIdentity/Source/NativeComponents/Coordinators/ImageScanner/FaceScanner/FaceScanner.swift (in target 'StripeIdentity' from project 'Stripe')
    cd /Users/xinyufang/Documents/Buzz/Buzz.xcodeproj
    

SwiftCompile normal arm64 /Users/xinyufang/Library/Developer/Xcode/DerivedData/Buzz-faillbpsmponqzeruhhvskovixzk/SourcePackages/checkouts/stripe-ios-spm/StripeIdentity/StripeIdentity/Source/NativeComponents/Coordinators/ImageScanner/FaceScanner/FaceScannerConfiguration.swift (in target 'StripeIdentity' from project 'Stripe')
    cd /Users/xinyufang/Documents/Buzz/Buzz.xcodeproj
    

SwiftCompile normal arm64 /Users/xinyufang/Library/Developer/Xcode/DerivedData/Buzz-faillbpsmponqzeruhhvskovixzk/SourcePackages/checkouts/stripe-ios-spm/StripeIdentity/StripeIdentity/Source/NativeComponents/Coordinators/ImageScanner/FaceScanner/FaceScannerOutput.swift (in target 'StripeIdentity' from project 'Stripe')
    cd /Users/xinyufang/Documents/Buzz/Buzz.xcodeproj
    

SwiftCompile normal arm64 /Users/xinyufang/Library/Developer/Xcode/DerivedData/Buzz-faillbpsmponqzeruhhvskovixzk/SourcePackages/checkouts/stripe-ios-spm/StripeIdentity/StripeIdentity/Source/NativeComponents/Coordinators/ImageScanner/ImageScanner.swift (in target 'StripeIdentity' from project 'Stripe')
    cd /Users/xinyufang/Documents/Buzz/Buzz.xcodeproj
    

SwiftCompile normal arm64 /Users/xinyufang/Library/Developer/Xcode/DerivedData/Buzz-faillbpsmponqzeruhhvskovixzk/SourcePackages/checkouts/stripe-ios-spm/StripeIdentity/StripeIdentity/Source/NativeComponents/Coordinators/ImageScanner/ImageScanningConcurrencyManager.swift (in target 'StripeIdentity' from project 'Stripe')
    cd /Users/xinyufang/Documents/Buzz/Buzz.xcodeproj
    

SwiftCompile normal arm64 /Users/xinyufang/Library/Developer/Xcode/DerivedData/Buzz-faillbpsmponqzeruhhvskovixzk/SourcePackages/checkouts/stripe-ios-spm/StripeIdentity/StripeIdentity/Source/NativeComponents/Coordinators/ImageScanningSession/ImageScanningSession.swift (in target 'StripeIdentity' from project 'Stripe')
    cd /Users/xinyufang/Documents/Buzz/Buzz.xcodeproj
    

SwiftCompile normal arm64 /Users/xinyufang/Library/Developer/Xcode/DerivedData/Buzz-faillbpsmponqzeruhhvskovixzk/SourcePackages/checkouts/stripe-ios-spm/StripeIdentity/StripeIdentity/Source/NativeComponents/Coordinators/ImageScanningSession/ImageScanningSessionDelegate.swift (in target 'StripeIdentity' from project 'Stripe')
    cd /Users/xinyufang/Documents/Buzz/Buzz.xcodeproj
    

SwiftCompile normal arm64 /Users/xinyufang/Library/Developer/Xcode/DerivedData/Buzz-faillbpsmponqzeruhhvskovixzk/SourcePackages/checkouts/stripe-ios-spm/StripeIdentity/StripeIdentity/Source/NativeComponents/Coordinators/ImageUploaders/DocumentUploader.swift (in target 'StripeIdentity' from project 'Stripe')
    cd /Users/xinyufang/Documents/Buzz/Buzz.xcodeproj
    

SwiftCompile normal arm64 /Users/xinyufang/Library/Developer/Xcode/DerivedData/Buzz-faillbpsmponqzeruhhvskovixzk/SourcePackages/checkouts/stripe-ios-spm/StripeIdentity/StripeIdentity/Source/NativeComponents/Coordinators/ImageUploaders/IdentityImageUploader.swift (in target 'StripeIdentity' from project 'Stripe')
    cd /Users/xinyufang/Documents/Buzz/Buzz.xcodeproj
    

SwiftCompile normal arm64 /Users/xinyufang/Library/Developer/Xcode/DerivedData/Buzz-faillbpsmponqzeruhhvskovixzk/SourcePackages/checkouts/stripe-ios-spm/StripeIdentity/StripeIdentity/Source/NativeComponents/Coordinators/ImageUploaders/SelfieUploader.swift (in target 'StripeIdentity' from project 'Stripe')
    cd /Users/xinyufang/Documents/Buzz/Buzz.xcodeproj
    

SwiftDriverJobDiscovery normal arm64 Compiling STPPhoneNumberValidator.swift, STPPostalCodeValidator.swift, STPPromise.swift, STPStringUtils.swift, String+Localized.swift, StripePayments+Export.swift, StripePaymentsBundleLocator.swift, NSAttributedString+Stripe.swift (in target 'StripePaymentsUI' from project 'Stripe')

SwiftDriverJobDiscovery normal arm64 Compiling STPLabeledMultiFormTextFieldView.swift, STPPaymentCardTextFieldViewModel.swift, STPValidatedTextField.swift, STPViewWithSeparator.swift, STPAUBECSDebitFormView.swift, STPCardFormView+SwiftUI.swift, STPCardFormView.swift (in target 'StripePaymentsUI' from project 'Stripe')

SwiftCompile normal arm64 Compiling\ resource_bundle_accessor.swift,\ APIVersion.swift,\ FinancialConnectionsAPI.swift,\ FinancialConnectionsAPIClientLogger.swift,\ FinancialConnectionsAPIEndpoint.swift,\ FinancialConnectionsAsyncAPIClient+Wrappers.swift,\ FinancialConnectionsAsyncAPIClient.swift,\ BankAccountToken.swift,\ ConsumerSessionModels.swift,\ FinancialConnectionsAccount.swift,\ FinancialConnectionsAccountPickerPane.swift,\ FinancialConnectionsAuthSession.swift,\ FinancialConnectionsBulletPoint.swift,\ FinancialConnectionsConsent.swift,\ FinancialConnectionsDataAccessNotice.swift,\ FinancialConnectionsGenericInfoScreen.swift,\ FinancialConnectionsIDConsentContent.swift,\ FinancialConnectionsImage.swift,\ FinancialConnectionsInstitution.swift,\ FinancialConnectionsInstitutionSearchResultResource.swift,\ FinancialConnectionsLegalDetailsNotice.swift,\ FinancialConnectionsLinkLoginPane.swift,\ FinancialConnectionsMixedOAuthParams.swift /Users/xinyufang/Library/Developer/Xcode/DerivedData/Buzz-faillbpsmponqzeruhhvskovixzk/Build/Intermediates.noindex/Stripe.build/Debug-iphonesimulator/StripeFinancialConnections.build/DerivedSources/resource_bundle_accessor.swift /Users/xinyufang/Library/Developer/Xcode/DerivedData/Buzz-faillbpsmponqzeruhhvskovixzk/SourcePackages/checkouts/stripe-ios-spm/StripeFinancialConnections/StripeFinancialConnections/Source/API\ Bindings/APIVersion.swift /Users/xinyufang/Library/Developer/Xcode/DerivedData/Buzz-faillbpsmponqzeruhhvskovixzk/SourcePackages/checkouts/stripe-ios-spm/StripeFinancialConnections/StripeFinancialConnections/Source/API\ Bindings/FinancialConnectionsAPI.swift /Users/xinyufang/Library/Developer/Xcode/DerivedData/Buzz-faillbpsmponqzeruhhvskovixzk/SourcePackages/checkouts/stripe-ios-spm/StripeFinancialConnections/StripeFinancialConnections/Source/API\ Bindings/FinancialConnectionsAPIClientLogger.swift /Users/xinyufang/Library/Developer/Xcode/DerivedData/Buzz-faillbpsmponqzeruhhvskovixzk/SourcePackages/checkouts/stripe-ios-spm/StripeFinancialConnections/StripeFinancialConnections/Source/API\ Bindings/FinancialConnectionsAPIEndpoint.swift /Users/xinyufang/Library/Developer/Xcode/DerivedData/Buzz-faillbpsmponqzeruhhvskovixzk/SourcePackages/checkouts/stripe-ios-spm/StripeFinancialConnections/StripeFinancialConnections/Source/API\ Bindings/FinancialConnectionsAsyncAPIClient+Wrappers.swift /Users/xinyufang/Library/Developer/Xcode/DerivedData/Buzz-faillbpsmponqzeruhhvskovixzk/SourcePackages/checkouts/stripe-ios-spm/StripeFinancialConnections/StripeFinancialConnections/Source/API\ Bindings/FinancialConnectionsAsyncAPIClient.swift /Users/xinyufang/Library/Developer/Xcode/DerivedData/Buzz-faillbpsmponqzeruhhvskovixzk/SourcePackages/checkouts/stripe-ios-spm/StripeFinancialConnections/StripeFinancialConnections/Source/API\ Bindings/Models/BankAccountToken.swift /Users/xinyufang/Library/Developer/Xcode/DerivedData/Buzz-faillbpsmponqzeruhhvskovixzk/SourcePackages/checkouts/stripe-ios-spm/StripeFinancialConnections/StripeFinancialConnections/Source/API\ Bindings/Models/ConsumerSession/ConsumerSessionModels.swift /Users/xinyufang/Library/Developer/Xcode/DerivedData/Buzz-faillbpsmponqzeruhhvskovixzk/SourcePackages/checkouts/stripe-ios-spm/StripeFinancialConnections/StripeFinancialConnections/Source/API\ Bindings/Models/FinancialConnectionsAccount.swift /Users/xinyufang/Library/Developer/Xcode/DerivedData/Buzz-faillbpsmponqzeruhhvskovixzk/SourcePackages/checkouts/stripe-ios-spm/StripeFinancialConnections/StripeFinancialConnections/Source/API\ Bindings/Models/FinancialConnectionsAccountPickerPane.swift /Users/xinyufang/Library/Developer/Xcode/DerivedData/Buzz-faillbpsmponqzeruhhvskovixzk/SourcePackages/checkouts/stripe-ios-spm/StripeFinancialConnections/StripeFinancialConnections/Source/API\ Bindings/Models/FinancialConnectionsAuthSession.swift /Users/xinyufang/Library/Developer/Xcode/DerivedData/Buzz-faillbpsmponqzeruhhvskovixzk/SourcePackages/checkouts/stripe-ios-spm/StripeFinancialConnections/StripeFinancialConnections/Source/API\ Bindings/Models/FinancialConnectionsBulletPoint.swift /Users/xinyufang/Library/Developer/Xcode/DerivedData/Buzz-faillbpsmponqzeruhhvskovixzk/SourcePackages/checkouts/stripe-ios-spm/StripeFinancialConnections/StripeFinancialConnections/Source/API\ Bindings/Models/FinancialConnectionsConsent.swift /Users/xinyufang/Library/Developer/Xcode/DerivedData/Buzz-faillbpsmponqzeruhhvskovixzk/SourcePackages/checkouts/stripe-ios-spm/StripeFinancialConnections/StripeFinancialConnections/Source/API\ Bindings/Models/FinancialConnectionsDataAccessNotice.swift /Users/xinyufang/Library/Developer/Xcode/DerivedData/Buzz-faillbpsmponqzeruhhvskovixzk/SourcePackages/checkouts/stripe-ios-spm/StripeFinancialConnections/StripeFinancialConnections/Source/API\ Bindings/Models/FinancialConnectionsGenericInfoScreen.swift /Users/xinyufang/Library/Developer/Xcode/DerivedData/Buzz-faillbpsmponqzeruhhvskovixzk/SourcePackages/checkouts/stripe-ios-spm/StripeFinancialConnections/StripeFinancialConnections/Source/API\ Bindings/Models/FinancialConnectionsIDConsentContent.swift /Users/xinyufang/Library/Developer/Xcode/DerivedData/Buzz-faillbpsmponqzeruhhvskovixzk/SourcePackages/checkouts/stripe-ios-spm/StripeFinancialConnections/StripeFinancialConnections/Source/API\ Bindings/Models/FinancialConnectionsImage.swift /Users/xinyufang/Library/Developer/Xcode/DerivedData/Buzz-faillbpsmponqzeruhhvskovixzk/SourcePackages/checkouts/stripe-ios-spm/StripeFinancialConnections/StripeFinancialConnections/Source/API\ Bindings/Models/FinancialConnectionsInstitution.swift /Users/xinyufang/Library/Developer/Xcode/DerivedData/Buzz-faillbpsmponqzeruhhvskovixzk/SourcePackages/checkouts/stripe-ios-spm/StripeFinancialConnections/StripeFinancialConnections/Source/API\ Bindings/Models/FinancialConnectionsInstitutionSearchResultResource.swift /Users/xinyufang/Library/Developer/Xcode/DerivedData/Buzz-faillbpsmponqzeruhhvskovixzk/SourcePackages/checkouts/stripe-ios-spm/StripeFinancialConnections/StripeFinancialConnections/Source/API\ Bindings/Models/FinancialConnectionsLegalDetailsNotice.swift /Users/xinyufang/Library/Developer/Xcode/DerivedData/Buzz-faillbpsmponqzeruhhvskovixzk/SourcePackages/checkouts/stripe-ios-spm/StripeFinancialConnections/StripeFinancialConnections/Source/API\ Bindings/Models/FinancialConnectionsLinkLoginPane.swift /Users/xinyufang/Library/Developer/Xcode/DerivedData/Buzz-faillbpsmponqzeruhhvskovixzk/SourcePackages/checkouts/stripe-ios-spm/StripeFinancialConnections/StripeFinancialConnections/Source/API\ Bindings/Models/FinancialConnectionsMixedOAuthParams.swift (in target 'StripeFinancialConnections' from project 'Stripe')
SwiftCompile normal arm64 /Users/xinyufang/Library/Developer/Xcode/DerivedData/Buzz-faillbpsmponqzeruhhvskovixzk/Build/Intermediates.noindex/Stripe.build/Debug-iphonesimulator/StripeFinancialConnections.build/DerivedSources/resource_bundle_accessor.swift (in target 'StripeFinancialConnections' from project 'Stripe')
    cd /Users/xinyufang/Documents/Buzz/Buzz.xcodeproj
    

SwiftCompile normal arm64 /Users/xinyufang/Library/Developer/Xcode/DerivedData/Buzz-faillbpsmponqzeruhhvskovixzk/SourcePackages/checkouts/stripe-ios-spm/StripeFinancialConnections/StripeFinancialConnections/Source/API\ Bindings/APIVersion.swift (in target 'StripeFinancialConnections' from project 'Stripe')
    cd /Users/xinyufang/Documents/Buzz/Buzz.xcodeproj
    

SwiftCompile normal arm64 /Users/xinyufang/Library/Developer/Xcode/DerivedData/Buzz-faillbpsmponqzeruhhvskovixzk/SourcePackages/checkouts/stripe-ios-spm/StripeFinancialConnections/StripeFinancialConnections/Source/API\ Bindings/FinancialConnectionsAPI.swift (in target 'StripeFinancialConnections' from project 'Stripe')
    cd /Users/xinyufang/Documents/Buzz/Buzz.xcodeproj
    

SwiftCompile normal arm64 /Users/xinyufang/Library/Developer/Xcode/DerivedData/Buzz-faillbpsmponqzeruhhvskovixzk/SourcePackages/checkouts/stripe-ios-spm/StripeFinancialConnections/StripeFinancialConnections/Source/API\ Bindings/FinancialConnectionsAPIClientLogger.swift (in target 'StripeFinancialConnections' from project 'Stripe')
    cd /Users/xinyufang/Documents/Buzz/Buzz.xcodeproj
    

SwiftCompile normal arm64 /Users/xinyufang/Library/Developer/Xcode/DerivedData/Buzz-faillbpsmponqzeruhhvskovixzk/SourcePackages/checkouts/stripe-ios-spm/StripeFinancialConnections/StripeFinancialConnections/Source/API\ Bindings/FinancialConnectionsAPIEndpoint.swift (in target 'StripeFinancialConnections' from project 'Stripe')
    cd /Users/xinyufang/Documents/Buzz/Buzz.xcodeproj
    

SwiftCompile normal arm64 /Users/xinyufang/Library/Developer/Xcode/DerivedData/Buzz-faillbpsmponqzeruhhvskovixzk/SourcePackages/checkouts/stripe-ios-spm/StripeFinancialConnections/StripeFinancialConnections/Source/API\ Bindings/FinancialConnectionsAsyncAPIClient+Wrappers.swift (in target 'StripeFinancialConnections' from project 'Stripe')
    cd /Users/xinyufang/Documents/Buzz/Buzz.xcodeproj
    

SwiftCompile normal arm64 /Users/xinyufang/Library/Developer/Xcode/DerivedData/Buzz-faillbpsmponqzeruhhvskovixzk/SourcePackages/checkouts/stripe-ios-spm/StripeFinancialConnections/StripeFinancialConnections/Source/API\ Bindings/FinancialConnectionsAsyncAPIClient.swift (in target 'StripeFinancialConnections' from project 'Stripe')
    cd /Users/xinyufang/Documents/Buzz/Buzz.xcodeproj
    

SwiftCompile normal arm64 /Users/xinyufang/Library/Developer/Xcode/DerivedData/Buzz-faillbpsmponqzeruhhvskovixzk/SourcePackages/checkouts/stripe-ios-spm/StripeFinancialConnections/StripeFinancialConnections/Source/API\ Bindings/Models/BankAccountToken.swift (in target 'StripeFinancialConnections' from project 'Stripe')
    cd /Users/xinyufang/Documents/Buzz/Buzz.xcodeproj
    

SwiftCompile normal arm64 /Users/xinyufang/Library/Developer/Xcode/DerivedData/Buzz-faillbpsmponqzeruhhvskovixzk/SourcePackages/checkouts/stripe-ios-spm/StripeFinancialConnections/StripeFinancialConnections/Source/API\ Bindings/Models/ConsumerSession/ConsumerSessionModels.swift (in target 'StripeFinancialConnections' from project 'Stripe')
    cd /Users/xinyufang/Documents/Buzz/Buzz.xcodeproj
    

SwiftCompile normal arm64 /Users/xinyufang/Library/Developer/Xcode/DerivedData/Buzz-faillbpsmponqzeruhhvskovixzk/SourcePackages/checkouts/stripe-ios-spm/StripeFinancialConnections/StripeFinancialConnections/Source/API\ Bindings/Models/FinancialConnectionsAccount.swift (in target 'StripeFinancialConnections' from project 'Stripe')
    cd /Users/xinyufang/Documents/Buzz/Buzz.xcodeproj
    

SwiftCompile normal arm64 /Users/xinyufang/Library/Developer/Xcode/DerivedData/Buzz-faillbpsmponqzeruhhvskovixzk/SourcePackages/checkouts/stripe-ios-spm/StripeFinancialConnections/StripeFinancialConnections/Source/API\ Bindings/Models/FinancialConnectionsAccountPickerPane.swift (in target 'StripeFinancialConnections' from project 'Stripe')
    cd /Users/xinyufang/Documents/Buzz/Buzz.xcodeproj
    

SwiftCompile normal arm64 /Users/xinyufang/Library/Developer/Xcode/DerivedData/Buzz-faillbpsmponqzeruhhvskovixzk/SourcePackages/checkouts/stripe-ios-spm/StripeFinancialConnections/StripeFinancialConnections/Source/API\ Bindings/Models/FinancialConnectionsAuthSession.swift (in target 'StripeFinancialConnections' from project 'Stripe')
    cd /Users/xinyufang/Documents/Buzz/Buzz.xcodeproj
    

SwiftCompile normal arm64 /Users/xinyufang/Library/Developer/Xcode/DerivedData/Buzz-faillbpsmponqzeruhhvskovixzk/SourcePackages/checkouts/stripe-ios-spm/StripeFinancialConnections/StripeFinancialConnections/Source/API\ Bindings/Models/FinancialConnectionsBulletPoint.swift (in target 'StripeFinancialConnections' from project 'Stripe')
    cd /Users/xinyufang/Documents/Buzz/Buzz.xcodeproj
    

SwiftCompile normal arm64 /Users/xinyufang/Library/Developer/Xcode/DerivedData/Buzz-faillbpsmponqzeruhhvskovixzk/SourcePackages/checkouts/stripe-ios-spm/StripeFinancialConnections/StripeFinancialConnections/Source/API\ Bindings/Models/FinancialConnectionsConsent.swift (in target 'StripeFinancialConnections' from project 'Stripe')
    cd /Users/xinyufang/Documents/Buzz/Buzz.xcodeproj
    

SwiftCompile normal arm64 /Users/xinyufang/Library/Developer/Xcode/DerivedData/Buzz-faillbpsmponqzeruhhvskovixzk/SourcePackages/checkouts/stripe-ios-spm/StripeFinancialConnections/StripeFinancialConnections/Source/API\ Bindings/Models/FinancialConnectionsDataAccessNotice.swift (in target 'StripeFinancialConnections' from project 'Stripe')
    cd /Users/xinyufang/Documents/Buzz/Buzz.xcodeproj
    

SwiftCompile normal arm64 /Users/xinyufang/Library/Developer/Xcode/DerivedData/Buzz-faillbpsmponqzeruhhvskovixzk/SourcePackages/checkouts/stripe-ios-spm/StripeFinancialConnections/StripeFinancialConnections/Source/API\ Bindings/Models/FinancialConnectionsGenericInfoScreen.swift (in target 'StripeFinancialConnections' from project 'Stripe')
    cd /Users/xinyufang/Documents/Buzz/Buzz.xcodeproj
    

SwiftCompile normal arm64 /Users/xinyufang/Library/Developer/Xcode/DerivedData/Buzz-faillbpsmponqzeruhhvskovixzk/SourcePackages/checkouts/stripe-ios-spm/StripeFinancialConnections/StripeFinancialConnections/Source/API\ Bindings/Models/FinancialConnectionsIDConsentContent.swift (in target 'StripeFinancialConnections' from project 'Stripe')
    cd /Users/xinyufang/Documents/Buzz/Buzz.xcodeproj
    

SwiftCompile normal arm64 /Users/xinyufang/Library/Developer/Xcode/DerivedData/Buzz-faillbpsmponqzeruhhvskovixzk/SourcePackages/checkouts/stripe-ios-spm/StripeFinancialConnections/StripeFinancialConnections/Source/API\ Bindings/Models/FinancialConnectionsImage.swift (in target 'StripeFinancialConnections' from project 'Stripe')
    cd /Users/xinyufang/Documents/Buzz/Buzz.xcodeproj
    

SwiftCompile normal arm64 /Users/xinyufang/Library/Developer/Xcode/DerivedData/Buzz-faillbpsmponqzeruhhvskovixzk/SourcePackages/checkouts/stripe-ios-spm/StripeFinancialConnections/StripeFinancialConnections/Source/API\ Bindings/Models/FinancialConnectionsInstitution.swift (in target 'StripeFinancialConnections' from project 'Stripe')
    cd /Users/xinyufang/Documents/Buzz/Buzz.xcodeproj
    

SwiftCompile normal arm64 /Users/xinyufang/Library/Developer/Xcode/DerivedData/Buzz-faillbpsmponqzeruhhvskovixzk/SourcePackages/checkouts/stripe-ios-spm/StripeFinancialConnections/StripeFinancialConnections/Source/API\ Bindings/Models/FinancialConnectionsInstitutionSearchResultResource.swift (in target 'StripeFinancialConnections' from project 'Stripe')
    cd /Users/xinyufang/Documents/Buzz/Buzz.xcodeproj
    

SwiftCompile normal arm64 /Users/xinyufang/Library/Developer/Xcode/DerivedData/Buzz-faillbpsmponqzeruhhvskovixzk/SourcePackages/checkouts/stripe-ios-spm/StripeFinancialConnections/StripeFinancialConnections/Source/API\ Bindings/Models/FinancialConnectionsLegalDetailsNotice.swift (in target 'StripeFinancialConnections' from project 'Stripe')
    cd /Users/xinyufang/Documents/Buzz/Buzz.xcodeproj
    

SwiftCompile normal arm64 /Users/xinyufang/Library/Developer/Xcode/DerivedData/Buzz-faillbpsmponqzeruhhvskovixzk/SourcePackages/checkouts/stripe-ios-spm/StripeFinancialConnections/StripeFinancialConnections/Source/API\ Bindings/Models/FinancialConnectionsLinkLoginPane.swift (in target 'StripeFinancialConnections' from project 'Stripe')
    cd /Users/xinyufang/Documents/Buzz/Buzz.xcodeproj
    

SwiftCompile normal arm64 /Users/xinyufang/Library/Developer/Xcode/DerivedData/Buzz-faillbpsmponqzeruhhvskovixzk/SourcePackages/checkouts/stripe-ios-spm/StripeFinancialConnections/StripeFinancialConnections/Source/API\ Bindings/Models/FinancialConnectionsMixedOAuthParams.swift (in target 'StripeFinancialConnections' from project 'Stripe')
    cd /Users/xinyufang/Documents/Buzz/Buzz.xcodeproj
    

SwiftDriverJobDiscovery normal arm64 Compiling STPFloatingPlaceholderTextField.swift, STPFormTextFieldContainer.swift, STPFormView.swift, STPMultiFormTextField.swift, STPPaymentCardTextField+SwiftUI.swift, STPPaymentCardTextField.swift, GeneratedAssetSymbols.swift (in target 'StripePaymentsUI' from project 'Stripe')

SwiftCompile normal arm64 Compiling\ CheckboxView.swift,\ RetrieveAccountsLoadingView.swift,\ AccountNumberRetrievalErrorView.swift,\ AttachLinkedPaymentAccountDataSource.swift,\ AttachLinkedPaymentAccountViewController.swift,\ ConsentBodyView.swift,\ ConsentDataSource.swift,\ ConsentFooterView.swift,\ ConsentLogoView.swift,\ ConsentViewController.swift,\ ErrorDataSource.swift,\ ErrorViewController.swift,\ IDConsentContentDataSource.swift,\ IDConsentContentViewController.swift,\ InstitutionCellView.swift,\ InstitutionDataSource.swift,\ InstitutionNoResultsView.swift,\ InstitutionPickerViewController.swift,\ InstitutionSearchBar.swift,\ InstitutionTableFooterView.swift,\ InstitutionTableLoadingView.swift,\ InstitutionTableView.swift /Users/xinyufang/Library/Developer/Xcode/DerivedData/Buzz-faillbpsmponqzeruhhvskovixzk/SourcePackages/checkouts/stripe-ios-spm/StripeFinancialConnections/StripeFinancialConnections/Source/Native/AccountPicker/CheckboxView.swift /Users/xinyufang/Library/Developer/Xcode/DerivedData/Buzz-faillbpsmponqzeruhhvskovixzk/SourcePackages/checkouts/stripe-ios-spm/StripeFinancialConnections/StripeFinancialConnections/Source/Native/AccountPicker/RetrieveAccountsLoadingView.swift /Users/xinyufang/Library/Developer/Xcode/DerivedData/Buzz-faillbpsmponqzeruhhvskovixzk/SourcePackages/checkouts/stripe-ios-spm/StripeFinancialConnections/StripeFinancialConnections/Source/Native/AttachLinkedPaymentAccount/AccountNumberRetrievalErrorView.swift /Users/xinyufang/Library/Developer/Xcode/DerivedData/Buzz-faillbpsmponqzeruhhvskovixzk/SourcePackages/checkouts/stripe-ios-spm/StripeFinancialConnections/StripeFinancialConnections/Source/Native/AttachLinkedPaymentAccount/AttachLinkedPaymentAccountDataSource.swift /Users/xinyufang/Library/Developer/Xcode/DerivedData/Buzz-faillbpsmponqzeruhhvskovixzk/SourcePackages/checkouts/stripe-ios-spm/StripeFinancialConnections/StripeFinancialConnections/Source/Native/AttachLinkedPaymentAccount/AttachLinkedPaymentAccountViewController.swift /Users/xinyufang/Library/Developer/Xcode/DerivedData/Buzz-faillbpsmponqzeruhhvskovixzk/SourcePackages/checkouts/stripe-ios-spm/StripeFinancialConnections/StripeFinancialConnections/Source/Native/Consent/ConsentBodyView.swift /Users/xinyufang/Library/Developer/Xcode/DerivedData/Buzz-faillbpsmponqzeruhhvskovixzk/SourcePackages/checkouts/stripe-ios-spm/StripeFinancialConnections/StripeFinancialConnections/Source/Native/Consent/ConsentDataSource.swift /Users/xinyufang/Library/Developer/Xcode/DerivedData/Buzz-faillbpsmponqzeruhhvskovixzk/SourcePackages/checkouts/stripe-ios-spm/StripeFinancialConnections/StripeFinancialConnections/Source/Native/Consent/ConsentFooterView.swift /Users/xinyufang/Library/Developer/Xcode/DerivedData/Buzz-faillbpsmponqzeruhhvskovixzk/SourcePackages/checkouts/stripe-ios-spm/StripeFinancialConnections/StripeFinancialConnections/Source/Native/Consent/ConsentLogoView.swift /Users/xinyufang/Library/Developer/Xcode/DerivedData/Buzz-faillbpsmponqzeruhhvskovixzk/SourcePackages/checkouts/stripe-ios-spm/StripeFinancialConnections/StripeFinancialConnections/Source/Native/Consent/ConsentViewController.swift /Users/xinyufang/Library/Developer/Xcode/DerivedData/Buzz-faillbpsmponqzeruhhvskovixzk/SourcePackages/checkouts/stripe-ios-spm/StripeFinancialConnections/StripeFinancialConnections/Source/Native/Error/ErrorDataSource.swift /Users/xinyufang/Library/Developer/Xcode/DerivedData/Buzz-faillbpsmponqzeruhhvskovixzk/SourcePackages/checkouts/stripe-ios-spm/StripeFinancialConnections/StripeFinancialConnections/Source/Native/Error/ErrorViewController.swift /Users/xinyufang/Library/Developer/Xcode/DerivedData/Buzz-faillbpsmponqzeruhhvskovixzk/SourcePackages/checkouts/stripe-ios-spm/StripeFinancialConnections/StripeFinancialConnections/Source/Native/IDConsentContent/IDConsentContentDataSource.swift /Users/xinyufang/Library/Developer/Xcode/DerivedData/Buzz-faillbpsmponqzeruhhvskovixzk/SourcePackages/checkouts/stripe-ios-spm/StripeFinancialConnections/StripeFinancialConnections/Source/Native/IDConsentContent/IDConsentContentViewController.swift /Users/xinyufang/Library/Developer/Xcode/DerivedData/Buzz-faillbpsmponqzeruhhvskovixzk/SourcePackages/checkouts/stripe-ios-spm/StripeFinancialConnections/StripeFinancialConnections/Source/Native/InstitutionPicker/InstitutionCellView.swift /Users/xinyufang/Library/Developer/Xcode/DerivedData/Buzz-faillbpsmponqzeruhhvskovixzk/SourcePackages/checkouts/stripe-ios-spm/StripeFinancialConnections/StripeFinancialConnections/Source/Native/InstitutionPicker/InstitutionDataSource.swift /Users/xinyufang/Library/Developer/Xcode/DerivedData/Buzz-faillbpsmponqzeruhhvskovixzk/SourcePackages/checkouts/stripe-ios-spm/StripeFinancialConnections/StripeFinancialConnections/Source/Native/InstitutionPicker/InstitutionNoResultsView.swift /Users/xinyufang/Library/Developer/Xcode/DerivedData/Buzz-faillbpsmponqzeruhhvskovixzk/SourcePackages/checkouts/stripe-ios-spm/StripeFinancialConnections/StripeFinancialConnections/Source/Native/InstitutionPicker/InstitutionPickerViewController.swift /Users/xinyufang/Library/Developer/Xcode/DerivedData/Buzz-faillbpsmponqzeruhhvskovixzk/SourcePackages/checkouts/stripe-ios-spm/StripeFinancialConnections/StripeFinancialConnections/Source/Native/InstitutionPicker/InstitutionSearchBar.swift /Users/xinyufang/Library/Developer/Xcode/DerivedData/Buzz-faillbpsmponqzeruhhvskovixzk/SourcePackages/checkouts/stripe-ios-spm/StripeFinancialConnections/StripeFinancialConnections/Source/Native/InstitutionPicker/InstitutionTableFooterView.swift /Users/xinyufang/Library/Developer/Xcode/DerivedData/Buzz-faillbpsmponqzeruhhvskovixzk/SourcePackages/checkouts/stripe-ios-spm/StripeFinancialConnections/StripeFinancialConnections/Source/Native/InstitutionPicker/InstitutionTableLoadingView.swift /Users/xinyufang/Library/Developer/Xcode/DerivedData/Buzz-faillbpsmponqzeruhhvskovixzk/SourcePackages/checkouts/stripe-ios-spm/StripeFinancialConnections/StripeFinancialConnections/Source/Native/InstitutionPicker/InstitutionTableView.swift (in target 'StripeFinancialConnections' from project 'Stripe')
SwiftCompile normal arm64 /Users/xinyufang/Library/Developer/Xcode/DerivedData/Buzz-faillbpsmponqzeruhhvskovixzk/SourcePackages/checkouts/stripe-ios-spm/StripeFinancialConnections/StripeFinancialConnections/Source/Native/AccountPicker/CheckboxView.swift (in target 'StripeFinancialConnections' from project 'Stripe')
    cd /Users/xinyufang/Documents/Buzz/Buzz.xcodeproj
    

SwiftCompile normal arm64 /Users/xinyufang/Library/Developer/Xcode/DerivedData/Buzz-faillbpsmponqzeruhhvskovixzk/SourcePackages/checkouts/stripe-ios-spm/StripeFinancialConnections/StripeFinancialConnections/Source/Native/AccountPicker/RetrieveAccountsLoadingView.swift (in target 'StripeFinancialConnections' from project 'Stripe')
    cd /Users/xinyufang/Documents/Buzz/Buzz.xcodeproj
    

SwiftCompile normal arm64 /Users/xinyufang/Library/Developer/Xcode/DerivedData/Buzz-faillbpsmponqzeruhhvskovixzk/SourcePackages/checkouts/stripe-ios-spm/StripeFinancialConnections/StripeFinancialConnections/Source/Native/AttachLinkedPaymentAccount/AccountNumberRetrievalErrorView.swift (in target 'StripeFinancialConnections' from project 'Stripe')
    cd /Users/xinyufang/Documents/Buzz/Buzz.xcodeproj
    

SwiftCompile normal arm64 /Users/xinyufang/Library/Developer/Xcode/DerivedData/Buzz-faillbpsmponqzeruhhvskovixzk/SourcePackages/checkouts/stripe-ios-spm/StripeFinancialConnections/StripeFinancialConnections/Source/Native/AttachLinkedPaymentAccount/AttachLinkedPaymentAccountDataSource.swift (in target 'StripeFinancialConnections' from project 'Stripe')
    cd /Users/xinyufang/Documents/Buzz/Buzz.xcodeproj
    

SwiftCompile normal arm64 /Users/xinyufang/Library/Developer/Xcode/DerivedData/Buzz-faillbpsmponqzeruhhvskovixzk/SourcePackages/checkouts/stripe-ios-spm/StripeFinancialConnections/StripeFinancialConnections/Source/Native/AttachLinkedPaymentAccount/AttachLinkedPaymentAccountViewController.swift (in target 'StripeFinancialConnections' from project 'Stripe')
    cd /Users/xinyufang/Documents/Buzz/Buzz.xcodeproj
    

SwiftCompile normal arm64 /Users/xinyufang/Library/Developer/Xcode/DerivedData/Buzz-faillbpsmponqzeruhhvskovixzk/SourcePackages/checkouts/stripe-ios-spm/StripeFinancialConnections/StripeFinancialConnections/Source/Native/Consent/ConsentBodyView.swift (in target 'StripeFinancialConnections' from project 'Stripe')
    cd /Users/xinyufang/Documents/Buzz/Buzz.xcodeproj
    

SwiftCompile normal arm64 /Users/xinyufang/Library/Developer/Xcode/DerivedData/Buzz-faillbpsmponqzeruhhvskovixzk/SourcePackages/checkouts/stripe-ios-spm/StripeFinancialConnections/StripeFinancialConnections/Source/Native/Consent/ConsentDataSource.swift (in target 'StripeFinancialConnections' from project 'Stripe')
    cd /Users/xinyufang/Documents/Buzz/Buzz.xcodeproj
    

SwiftCompile normal arm64 /Users/xinyufang/Library/Developer/Xcode/DerivedData/Buzz-faillbpsmponqzeruhhvskovixzk/SourcePackages/checkouts/stripe-ios-spm/StripeFinancialConnections/StripeFinancialConnections/Source/Native/Consent/ConsentFooterView.swift (in target 'StripeFinancialConnections' from project 'Stripe')
    cd /Users/xinyufang/Documents/Buzz/Buzz.xcodeproj
    

SwiftCompile normal arm64 /Users/xinyufang/Library/Developer/Xcode/DerivedData/Buzz-faillbpsmponqzeruhhvskovixzk/SourcePackages/checkouts/stripe-ios-spm/StripeFinancialConnections/StripeFinancialConnections/Source/Native/Consent/ConsentLogoView.swift (in target 'StripeFinancialConnections' from project 'Stripe')
    cd /Users/xinyufang/Documents/Buzz/Buzz.xcodeproj
    

SwiftCompile normal arm64 /Users/xinyufang/Library/Developer/Xcode/DerivedData/Buzz-faillbpsmponqzeruhhvskovixzk/SourcePackages/checkouts/stripe-ios-spm/StripeFinancialConnections/StripeFinancialConnections/Source/Native/Consent/ConsentViewController.swift (in target 'StripeFinancialConnections' from project 'Stripe')
    cd /Users/xinyufang/Documents/Buzz/Buzz.xcodeproj
    

SwiftCompile normal arm64 /Users/xinyufang/Library/Developer/Xcode/DerivedData/Buzz-faillbpsmponqzeruhhvskovixzk/SourcePackages/checkouts/stripe-ios-spm/StripeFinancialConnections/StripeFinancialConnections/Source/Native/Error/ErrorDataSource.swift (in target 'StripeFinancialConnections' from project 'Stripe')
    cd /Users/xinyufang/Documents/Buzz/Buzz.xcodeproj
    

SwiftCompile normal arm64 /Users/xinyufang/Library/Developer/Xcode/DerivedData/Buzz-faillbpsmponqzeruhhvskovixzk/SourcePackages/checkouts/stripe-ios-spm/StripeFinancialConnections/StripeFinancialConnections/Source/Native/Error/ErrorViewController.swift (in target 'StripeFinancialConnections' from project 'Stripe')
    cd /Users/xinyufang/Documents/Buzz/Buzz.xcodeproj
    

SwiftCompile normal arm64 /Users/xinyufang/Library/Developer/Xcode/DerivedData/Buzz-faillbpsmponqzeruhhvskovixzk/SourcePackages/checkouts/stripe-ios-spm/StripeFinancialConnections/StripeFinancialConnections/Source/Native/IDConsentContent/IDConsentContentDataSource.swift (in target 'StripeFinancialConnections' from project 'Stripe')
    cd /Users/xinyufang/Documents/Buzz/Buzz.xcodeproj
    

SwiftCompile normal arm64 /Users/xinyufang/Library/Developer/Xcode/DerivedData/Buzz-faillbpsmponqzeruhhvskovixzk/SourcePackages/checkouts/stripe-ios-spm/StripeFinancialConnections/StripeFinancialConnections/Source/Native/IDConsentContent/IDConsentContentViewController.swift (in target 'StripeFinancialConnections' from project 'Stripe')
    cd /Users/xinyufang/Documents/Buzz/Buzz.xcodeproj
    

SwiftCompile normal arm64 /Users/xinyufang/Library/Developer/Xcode/DerivedData/Buzz-faillbpsmponqzeruhhvskovixzk/SourcePackages/checkouts/stripe-ios-spm/StripeFinancialConnections/StripeFinancialConnections/Source/Native/InstitutionPicker/InstitutionCellView.swift (in target 'StripeFinancialConnections' from project 'Stripe')
    cd /Users/xinyufang/Documents/Buzz/Buzz.xcodeproj
    

SwiftCompile normal arm64 /Users/xinyufang/Library/Developer/Xcode/DerivedData/Buzz-faillbpsmponqzeruhhvskovixzk/SourcePackages/checkouts/stripe-ios-spm/StripeFinancialConnections/StripeFinancialConnections/Source/Native/InstitutionPicker/InstitutionDataSource.swift (in target 'StripeFinancialConnections' from project 'Stripe')
    cd /Users/xinyufang/Documents/Buzz/Buzz.xcodeproj
    

SwiftCompile normal arm64 /Users/xinyufang/Library/Developer/Xcode/DerivedData/Buzz-faillbpsmponqzeruhhvskovixzk/SourcePackages/checkouts/stripe-ios-spm/StripeFinancialConnections/StripeFinancialConnections/Source/Native/InstitutionPicker/InstitutionNoResultsView.swift (in target 'StripeFinancialConnections' from project 'Stripe')
    cd /Users/xinyufang/Documents/Buzz/Buzz.xcodeproj
    

SwiftCompile normal arm64 /Users/xinyufang/Library/Developer/Xcode/DerivedData/Buzz-faillbpsmponqzeruhhvskovixzk/SourcePackages/checkouts/stripe-ios-spm/StripeFinancialConnections/StripeFinancialConnections/Source/Native/InstitutionPicker/InstitutionPickerViewController.swift (in target 'StripeFinancialConnections' from project 'Stripe')
    cd /Users/xinyufang/Documents/Buzz/Buzz.xcodeproj
    

SwiftCompile normal arm64 /Users/xinyufang/Library/Developer/Xcode/DerivedData/Buzz-faillbpsmponqzeruhhvskovixzk/SourcePackages/checkouts/stripe-ios-spm/StripeFinancialConnections/StripeFinancialConnections/Source/Native/InstitutionPicker/InstitutionSearchBar.swift (in target 'StripeFinancialConnections' from project 'Stripe')
    cd /Users/xinyufang/Documents/Buzz/Buzz.xcodeproj
    

SwiftCompile normal arm64 /Users/xinyufang/Library/Developer/Xcode/DerivedData/Buzz-faillbpsmponqzeruhhvskovixzk/SourcePackages/checkouts/stripe-ios-spm/StripeFinancialConnections/StripeFinancialConnections/Source/Native/InstitutionPicker/InstitutionTableFooterView.swift (in target 'StripeFinancialConnections' from project 'Stripe')
    cd /Users/xinyufang/Documents/Buzz/Buzz.xcodeproj
    

SwiftCompile normal arm64 /Users/xinyufang/Library/Developer/Xcode/DerivedData/Buzz-faillbpsmponqzeruhhvskovixzk/SourcePackages/checkouts/stripe-ios-spm/StripeFinancialConnections/StripeFinancialConnections/Source/Native/InstitutionPicker/InstitutionTableLoadingView.swift (in target 'StripeFinancialConnections' from project 'Stripe')
    cd /Users/xinyufang/Documents/Buzz/Buzz.xcodeproj
    

SwiftCompile normal arm64 /Users/xinyufang/Library/Developer/Xcode/DerivedData/Buzz-faillbpsmponqzeruhhvskovixzk/SourcePackages/checkouts/stripe-ios-spm/StripeFinancialConnections/StripeFinancialConnections/Source/Native/InstitutionPicker/InstitutionTableView.swift (in target 'StripeFinancialConnections' from project 'Stripe')
    cd /Users/xinyufang/Documents/Buzz/Buzz.xcodeproj
    

SwiftDriver\ Compilation StripePaymentsUI normal arm64 com.apple.xcode.tools.swift.compiler (in target 'StripePaymentsUI' from project 'Stripe')
    cd /Users/xinyufang/Documents/Buzz/Buzz.xcodeproj
    builtin-Swift-Compilation -- /Applications/Xcode.app/Contents/Developer/Toolchains/XcodeDefault.xctoolchain/usr/bin/swiftc -module-name StripePaymentsUI -Onone -enforce-exclusivity\=checked @/Users/xinyufang/Library/Developer/Xcode/DerivedData/Buzz-faillbpsmponqzeruhhvskovixzk/Build/Intermediates.noindex/Stripe.build/Debug-iphonesimulator/StripePaymentsUI.build/Objects-normal/arm64/StripePaymentsUI.SwiftFileList -DSWIFT_PACKAGE -DDEBUG -DSWIFT_MODULE_RESOURCE_BUNDLE_AVAILABLE -Xcc -fmodule-map-file\=/Users/xinyufang/Library/Developer/Xcode/DerivedData/Buzz-faillbpsmponqzeruhhvskovixzk/Build/Intermediates.noindex/GeneratedModuleMaps-iphonesimulator/Stripe3DS2.modulemap -DXcode -plugin-path /Applications/Xcode.app/Contents/Developer/Toolchains/XcodeDefault.xctoolchain/usr/lib/swift/host/plugins/testing -enable-experimental-feature DebugDescriptionMacro -sdk /Applications/Xcode.app/Contents/Developer/Platforms/iPhoneSimulator.platform/Developer/SDKs/iPhoneSimulator26.0.sdk -target arm64-apple-ios13.0-simulator -g -module-cache-path /Users/xinyufang/Library/Developer/Xcode/DerivedData/ModuleCache.noindex -Xfrontend -serialize-debugging-options -enable-testing -suppress-warnings -index-store-path /Users/xinyufang/Library/Developer/Xcode/DerivedData/Buzz-faillbpsmponqzeruhhvskovixzk/Index.noindex/DataStore -Xcc -D_LIBCPP_HARDENING_MODE\=_LIBCPP_HARDENING_MODE_DEBUG -swift-version 5 -I /Users/xinyufang/Library/Developer/Xcode/DerivedData/Buzz-faillbpsmponqzeruhhvskovixzk/Build/Products/Debug-iphonesimulator -Isystem /Applications/Xcode.app/Contents/Developer/Platforms/iPhoneSimulator.platform/Developer/usr/lib -F /Users/xinyufang/Library/Developer/Xcode/DerivedData/Buzz-faillbpsmponqzeruhhvskovixzk/Build/Products/Debug-iphonesimulator/PackageFrameworks -F /Users/xinyufang/Library/Developer/Xcode/DerivedData/Buzz-faillbpsmponqzeruhhvskovixzk/Build/Products/Debug-iphonesimulator/PackageFrameworks -F /Users/xinyufang/Library/Developer/Xcode/DerivedData/Buzz-faillbpsmponqzeruhhvskovixzk/Build/Products/Debug-iphonesimulator/PackageFrameworks -F /Users/xinyufang/Library/Developer/Xcode/DerivedData/Buzz-faillbpsmponqzeruhhvskovixzk/Build/Products/Debug-iphonesimulator/PackageFrameworks -F /Users/xinyufang/Library/Developer/Xcode/DerivedData/Buzz-faillbpsmponqzeruhhvskovixzk/Build/Products/Debug-iphonesimulator -F /Applications/Xcode.app/Contents/Developer/Platforms/iPhoneSimulator.platform/Developer/Library/Frameworks -F /Applications/Xcode.app/Contents/Developer/Platforms/iPhoneSimulator.platform/Developer/SDKs/iPhoneSimulator26.0.sdk/Developer/Library/Frameworks -emit-localized-strings -emit-localized-strings-path /Users/xinyufang/Library/Developer/Xcode/DerivedData/Buzz-faillbpsmponqzeruhhvskovixzk/Build/Intermediates.noindex/Stripe.build/Debug-iphonesimulator/StripePaymentsUI.build/Objects-normal/arm64 -c -j8 -enable-batch-mode -incremental -Xcc -ivfsstatcache -Xcc /Users/xinyufang/Library/Developer/Xcode/DerivedData/SDKStatCaches.noindex/iphonesimulator26.0-23A339-26257891a6c027eb51374368541b8346.sdkstatcache -output-file-map /Users/xinyufang/Library/Developer/Xcode/DerivedData/Buzz-faillbpsmponqzeruhhvskovixzk/Build/Intermediates.noindex/Stripe.build/Debug-iphonesimulator/StripePaymentsUI.build/Objects-normal/arm64/StripePaymentsUI-OutputFileMap.json -use-frontend-parseable-output -save-temps -no-color-diagnostics -explicit-module-build -module-cache-path /Users/xinyufang/Library/Developer/Xcode/DerivedData/Buzz-faillbpsmponqzeruhhvskovixzk/Build/Intermediates.noindex/SwiftExplicitPrecompiledModules -clang-scanner-module-cache-path /Users/xinyufang/Library/Developer/Xcode/DerivedData/ModuleCache.noindex -sdk-module-cache-path /Users/xinyufang/Library/Developer/Xcode/DerivedData/ModuleCache.noindex -serialize-diagnostics -emit-dependencies -emit-module -emit-module-path /Users/xinyufang/Library/Developer/Xcode/DerivedData/Buzz-faillbpsmponqzeruhhvskovixzk/Build/Intermediates.noindex/Stripe.build/Debug-iphonesimulator/StripePaymentsUI.build/Objects-normal/arm64/StripePaymentsUI.swiftmodule -validate-clang-modules-once -clang-build-session-file /Users/xinyufang/Library/Developer/Xcode/DerivedData/ModuleCache.noindex/Session.modulevalidation -Xcc -I/Users/xinyufang/Library/Developer/Xcode/DerivedData/Buzz-faillbpsmponqzeruhhvskovixzk/Build/Intermediates.noindex/Stripe.build/Debug-iphonesimulator/StripePaymentsUI.build/swift-overrides.hmap -emit-const-values -Xfrontend -const-gather-protocols-file -Xfrontend /Users/xinyufang/Library/Developer/Xcode/DerivedData/Buzz-faillbpsmponqzeruhhvskovixzk/Build/Intermediates.noindex/Stripe.build/Debug-iphonesimulator/StripePaymentsUI.build/Objects-normal/arm64/StripePaymentsUI_const_extract_protocols.json -Xcc -I/Users/xinyufang/Library/Developer/Xcode/DerivedData/Buzz-faillbpsmponqzeruhhvskovixzk/SourcePackages/checkouts/stripe-ios-spm/Stripe3DS2/Stripe3DS2/include -Xcc -I/Users/xinyufang/Library/Developer/Xcode/DerivedData/Buzz-faillbpsmponqzeruhhvskovixzk/Build/Products/Debug-iphonesimulator/include -Xcc -I/Users/xinyufang/Library/Developer/Xcode/DerivedData/Buzz-faillbpsmponqzeruhhvskovixzk/Build/Intermediates.noindex/Stripe.build/Debug-iphonesimulator/StripePaymentsUI.build/DerivedSources-normal/arm64 -Xcc -I/Users/xinyufang/Library/Developer/Xcode/DerivedData/Buzz-faillbpsmponqzeruhhvskovixzk/Build/Intermediates.noindex/Stripe.build/Debug-iphonesimulator/StripePaymentsUI.build/DerivedSources/arm64 -Xcc -I/Users/xinyufang/Library/Developer/Xcode/DerivedData/Buzz-faillbpsmponqzeruhhvskovixzk/Build/Intermediates.noindex/Stripe.build/Debug-iphonesimulator/StripePaymentsUI.build/DerivedSources -Xcc -DSWIFT_PACKAGE -Xcc -DDEBUG\=1 -emit-objc-header -emit-objc-header-path /Users/xinyufang/Library/Developer/Xcode/DerivedData/Buzz-faillbpsmponqzeruhhvskovixzk/Build/Intermediates.noindex/Stripe.build/Debug-iphonesimulator/StripePaymentsUI.build/Objects-normal/arm64/StripePaymentsUI-Swift.h -working-directory /Users/xinyufang/Documents/Buzz/Buzz.xcodeproj -experimental-emit-module-separately -disable-cmo

SwiftDriverJobDiscovery normal arm64 Compiling resource_bundle_accessor.swift, DocumentScanner+API.swift, DocumentType+StripeIdentity.swift, DocumentUploader+API.swift, FaceScanner+API.swift, IdentityAPIClient.swift, DocumentType.swift, TruncatedDecimal.swift, VerificationPage.swift, VerificationPageFieldType.swift, VerificationPageIconType.swift, VerificationPageRequirements.swift, VerificationPageStaticConsentLineContent.swift, VerificationPageStaticContentBottomSheetContent.swift, VerificationPageStaticContentBottomSheetLineContent.swift, VerificationPageStaticContentConsentPage.swift, VerificationPageStaticContentCountryNotListedPage.swift, VerificationPageStaticContentDocumentCaptureModels.swift, VerificationPageStaticContentDocumentCapturePage.swift, VerificationPageStaticContentDocumentSelectPage.swift (in target 'StripeIdentity' from project 'Stripe')

SwiftCompile normal arm64 Compiling\ AuthFlowHelpers.swift,\ AutoResizableUIView.swift,\ BulletPointLabelView.swift,\ Button+Extensions.swift,\ CloseConfirmationViewController.swift,\ Constants.swift,\ CreatePaneParameters.swift,\ DataAccessNoticeViewController.swift,\ FeedbackGeneratorAdapter.swift,\ GenericInfoBodyView.swift,\ GenericInfoFooterView.swift,\ GenericInfoViewController.swift,\ HitTestStackView.swift,\ HitTestView.swift,\ InstitutionIconView.swift,\ LegalDetailsNoticeViewController.swift,\ NetworkingOTPDataSource.swift,\ NetworkingOTPView.swift,\ PaneLayoutView+Extensions.swift,\ PaneLayoutView.swift,\ PresentationManager.swift,\ RoundedIconView.swift /Users/xinyufang/Library/Developer/Xcode/DerivedData/Buzz-faillbpsmponqzeruhhvskovixzk/SourcePackages/checkouts/stripe-ios-spm/StripeFinancialConnections/StripeFinancialConnections/Source/Native/Shared/AuthFlowHelpers.swift /Users/xinyufang/Library/Developer/Xcode/DerivedData/Buzz-faillbpsmponqzeruhhvskovixzk/SourcePackages/checkouts/stripe-ios-spm/StripeFinancialConnections/StripeFinancialConnections/Source/Native/Shared/AutoResizableUIView.swift /Users/xinyufang/Library/Developer/Xcode/DerivedData/Buzz-faillbpsmponqzeruhhvskovixzk/SourcePackages/checkouts/stripe-ios-spm/StripeFinancialConnections/StripeFinancialConnections/Source/Native/Shared/BulletPointLabelView.swift /Users/xinyufang/Library/Developer/Xcode/DerivedData/Buzz-faillbpsmponqzeruhhvskovixzk/SourcePackages/checkouts/stripe-ios-spm/StripeFinancialConnections/StripeFinancialConnections/Source/Native/Shared/Button+Extensions.swift /Users/xinyufang/Library/Developer/Xcode/DerivedData/Buzz-faillbpsmponqzeruhhvskovixzk/SourcePackages/checkouts/stripe-ios-spm/StripeFinancialConnections/StripeFinancialConnections/Source/Native/Shared/CloseConfirmationViewController.swift /Users/xinyufang/Library/Developer/Xcode/DerivedData/Buzz-faillbpsmponqzeruhhvskovixzk/SourcePackages/checkouts/stripe-ios-spm/StripeFinancialConnections/StripeFinancialConnections/Source/Native/Shared/Constants.swift /Users/xinyufang/Library/Developer/Xcode/DerivedData/Buzz-faillbpsmponqzeruhhvskovixzk/SourcePackages/checkouts/stripe-ios-spm/StripeFinancialConnections/StripeFinancialConnections/Source/Native/Shared/CreatePaneParameters.swift /Users/xinyufang/Library/Developer/Xcode/DerivedData/Buzz-faillbpsmponqzeruhhvskovixzk/SourcePackages/checkouts/stripe-ios-spm/StripeFinancialConnections/StripeFinancialConnections/Source/Native/Shared/DataAccessNoticeViewController.swift /Users/xinyufang/Library/Developer/Xcode/DerivedData/Buzz-faillbpsmponqzeruhhvskovixzk/SourcePackages/checkouts/stripe-ios-spm/StripeFinancialConnections/StripeFinancialConnections/Source/Native/Shared/FeedbackGeneratorAdapter.swift /Users/xinyufang/Library/Developer/Xcode/DerivedData/Buzz-faillbpsmponqzeruhhvskovixzk/SourcePackages/checkouts/stripe-ios-spm/StripeFinancialConnections/StripeFinancialConnections/Source/Native/Shared/GenericInfoScreen/GenericInfoBodyView.swift /Users/xinyufang/Library/Developer/Xcode/DerivedData/Buzz-faillbpsmponqzeruhhvskovixzk/SourcePackages/checkouts/stripe-ios-spm/StripeFinancialConnections/StripeFinancialConnections/Source/Native/Shared/GenericInfoScreen/GenericInfoFooterView.swift /Users/xinyufang/Library/Developer/Xcode/DerivedData/Buzz-faillbpsmponqzeruhhvskovixzk/SourcePackages/checkouts/stripe-ios-spm/StripeFinancialConnections/StripeFinancialConnections/Source/Native/Shared/GenericInfoScreen/GenericInfoViewController.swift /Users/xinyufang/Library/Developer/Xcode/DerivedData/Buzz-faillbpsmponqzeruhhvskovixzk/SourcePackages/checkouts/stripe-ios-spm/StripeFinancialConnections/StripeFinancialConnections/Source/Native/Shared/HitTestStackView.swift /Users/xinyufang/Library/Developer/Xcode/DerivedData/Buzz-faillbpsmponqzeruhhvskovixzk/SourcePackages/checkouts/stripe-ios-spm/StripeFinancialConnections/StripeFinancialConnections/Source/Native/Shared/HitTestView.swift /Users/xinyufang/Library/Developer/Xcode/DerivedData/Buzz-faillbpsmponqzeruhhvskovixzk/SourcePackages/checkouts/stripe-ios-spm/StripeFinancialConnections/StripeFinancialConnections/Source/Native/Shared/InstitutionIconView.swift /Users/xinyufang/Library/Developer/Xcode/DerivedData/Buzz-faillbpsmponqzeruhhvskovixzk/SourcePackages/checkouts/stripe-ios-spm/StripeFinancialConnections/StripeFinancialConnections/Source/Native/Shared/LegalDetailsNoticeViewController.swift /Users/xinyufang/Library/Developer/Xcode/DerivedData/Buzz-faillbpsmponqzeruhhvskovixzk/SourcePackages/checkouts/stripe-ios-spm/StripeFinancialConnections/StripeFinancialConnections/Source/Native/Shared/NetworkingOTPView/NetworkingOTPDataSource.swift /Users/xinyufang/Library/Developer/Xcode/DerivedData/Buzz-faillbpsmponqzeruhhvskovixzk/SourcePackages/checkouts/stripe-ios-spm/StripeFinancialConnections/StripeFinancialConnections/Source/Native/Shared/NetworkingOTPView/NetworkingOTPView.swift /Users/xinyufang/Library/Developer/Xcode/DerivedData/Buzz-faillbpsmponqzeruhhvskovixzk/SourcePackages/checkouts/stripe-ios-spm/StripeFinancialConnections/StripeFinancialConnections/Source/Native/Shared/PaneLayoutView/PaneLayoutView+Extensions.swift /Users/xinyufang/Library/Developer/Xcode/DerivedData/Buzz-faillbpsmponqzeruhhvskovixzk/SourcePackages/checkouts/stripe-ios-spm/StripeFinancialConnections/StripeFinancialConnections/Source/Native/Shared/PaneLayoutView/PaneLayoutView.swift /Users/xinyufang/Library/Developer/Xcode/DerivedData/Buzz-faillbpsmponqzeruhhvskovixzk/SourcePackages/checkouts/stripe-ios-spm/StripeFinancialConnections/StripeFinancialConnections/Source/Native/Shared/PresentationManager.swift /Users/xinyufang/Library/Developer/Xcode/DerivedData/Buzz-faillbpsmponqzeruhhvskovixzk/SourcePackages/checkouts/stripe-ios-spm/StripeFinancialConnections/StripeFinancialConnections/Source/Native/Shared/RoundedIconView.swift (in target 'StripeFinancialConnections' from project 'Stripe')

SwiftCompile normal arm64 /Users/xinyufang/Library/Developer/Xcode/DerivedData/Buzz-faillbpsmponqzeruhhvskovixzk/SourcePackages/checkouts/stripe-ios-spm/StripeFinancialConnections/StripeFinancialConnections/Source/Native/Shared/AuthFlowHelpers.swift (in target 'StripeFinancialConnections' from project 'Stripe')
    cd /Users/xinyufang/Documents/Buzz/Buzz.xcodeproj
    

SwiftCompile normal arm64 /Users/xinyufang/Library/Developer/Xcode/DerivedData/Buzz-faillbpsmponqzeruhhvskovixzk/SourcePackages/checkouts/stripe-ios-spm/StripeFinancialConnections/StripeFinancialConnections/Source/Native/Shared/AutoResizableUIView.swift (in target 'StripeFinancialConnections' from project 'Stripe')
    cd /Users/xinyufang/Documents/Buzz/Buzz.xcodeproj
    

SwiftCompile normal arm64 /Users/xinyufang/Library/Developer/Xcode/DerivedData/Buzz-faillbpsmponqzeruhhvskovixzk/SourcePackages/checkouts/stripe-ios-spm/StripeFinancialConnections/StripeFinancialConnections/Source/Native/Shared/BulletPointLabelView.swift (in target 'StripeFinancialConnections' from project 'Stripe')
    cd /Users/xinyufang/Documents/Buzz/Buzz.xcodeproj
    

SwiftCompile normal arm64 /Users/xinyufang/Library/Developer/Xcode/DerivedData/Buzz-faillbpsmponqzeruhhvskovixzk/SourcePackages/checkouts/stripe-ios-spm/StripeFinancialConnections/StripeFinancialConnections/Source/Native/Shared/Button+Extensions.swift (in target 'StripeFinancialConnections' from project 'Stripe')
    cd /Users/xinyufang/Documents/Buzz/Buzz.xcodeproj
    

SwiftCompile normal arm64 /Users/xinyufang/Library/Developer/Xcode/DerivedData/Buzz-faillbpsmponqzeruhhvskovixzk/SourcePackages/checkouts/stripe-ios-spm/StripeFinancialConnections/StripeFinancialConnections/Source/Native/Shared/CloseConfirmationViewController.swift (in target 'StripeFinancialConnections' from project 'Stripe')
    cd /Users/xinyufang/Documents/Buzz/Buzz.xcodeproj
    

SwiftCompile normal arm64 /Users/xinyufang/Library/Developer/Xcode/DerivedData/Buzz-faillbpsmponqzeruhhvskovixzk/SourcePackages/checkouts/stripe-ios-spm/StripeFinancialConnections/StripeFinancialConnections/Source/Native/Shared/Constants.swift (in target 'StripeFinancialConnections' from project 'Stripe')
    cd /Users/xinyufang/Documents/Buzz/Buzz.xcodeproj
    

SwiftCompile normal arm64 /Users/xinyufang/Library/Developer/Xcode/DerivedData/Buzz-faillbpsmponqzeruhhvskovixzk/SourcePackages/checkouts/stripe-ios-spm/StripeFinancialConnections/StripeFinancialConnections/Source/Native/Shared/CreatePaneParameters.swift (in target 'StripeFinancialConnections' from project 'Stripe')
    cd /Users/xinyufang/Documents/Buzz/Buzz.xcodeproj
    

SwiftCompile normal arm64 /Users/xinyufang/Library/Developer/Xcode/DerivedData/Buzz-faillbpsmponqzeruhhvskovixzk/SourcePackages/checkouts/stripe-ios-spm/StripeFinancialConnections/StripeFinancialConnections/Source/Native/Shared/DataAccessNoticeViewController.swift (in target 'StripeFinancialConnections' from project 'Stripe')
    cd /Users/xinyufang/Documents/Buzz/Buzz.xcodeproj
    

SwiftCompile normal arm64 /Users/xinyufang/Library/Developer/Xcode/DerivedData/Buzz-faillbpsmponqzeruhhvskovixzk/SourcePackages/checkouts/stripe-ios-spm/StripeFinancialConnections/StripeFinancialConnections/Source/Native/Shared/FeedbackGeneratorAdapter.swift (in target 'StripeFinancialConnections' from project 'Stripe')
    cd /Users/xinyufang/Documents/Buzz/Buzz.xcodeproj
    

SwiftCompile normal arm64 /Users/xinyufang/Library/Developer/Xcode/DerivedData/Buzz-faillbpsmponqzeruhhvskovixzk/SourcePackages/checkouts/stripe-ios-spm/StripeFinancialConnections/StripeFinancialConnections/Source/Native/Shared/GenericInfoScreen/GenericInfoBodyView.swift (in target 'StripeFinancialConnections' from project 'Stripe')
    cd /Users/xinyufang/Documents/Buzz/Buzz.xcodeproj
    

SwiftCompile normal arm64 /Users/xinyufang/Library/Developer/Xcode/DerivedData/Buzz-faillbpsmponqzeruhhvskovixzk/SourcePackages/checkouts/stripe-ios-spm/StripeFinancialConnections/StripeFinancialConnections/Source/Native/Shared/GenericInfoScreen/GenericInfoFooterView.swift (in target 'StripeFinancialConnections' from project 'Stripe')
    cd /Users/xinyufang/Documents/Buzz/Buzz.xcodeproj
    

SwiftCompile normal arm64 /Users/xinyufang/Library/Developer/Xcode/DerivedData/Buzz-faillbpsmponqzeruhhvskovixzk/SourcePackages/checkouts/stripe-ios-spm/StripeFinancialConnections/StripeFinancialConnections/Source/Native/Shared/GenericInfoScreen/GenericInfoViewController.swift (in target 'StripeFinancialConnections' from project 'Stripe')
    cd /Users/xinyufang/Documents/Buzz/Buzz.xcodeproj
    

SwiftCompile normal arm64 /Users/xinyufang/Library/Developer/Xcode/DerivedData/Buzz-faillbpsmponqzeruhhvskovixzk/SourcePackages/checkouts/stripe-ios-spm/StripeFinancialConnections/StripeFinancialConnections/Source/Native/Shared/HitTestStackView.swift (in target 'StripeFinancialConnections' from project 'Stripe')
    cd /Users/xinyufang/Documents/Buzz/Buzz.xcodeproj
    

SwiftCompile normal arm64 /Users/xinyufang/Library/Developer/Xcode/DerivedData/Buzz-faillbpsmponqzeruhhvskovixzk/SourcePackages/checkouts/stripe-ios-spm/StripeFinancialConnections/StripeFinancialConnections/Source/Native/Shared/HitTestView.swift (in target 'StripeFinancialConnections' from project 'Stripe')
    cd /Users/xinyufang/Documents/Buzz/Buzz.xcodeproj
    

SwiftCompile normal arm64 /Users/xinyufang/Library/Developer/Xcode/DerivedData/Buzz-faillbpsmponqzeruhhvskovixzk/SourcePackages/checkouts/stripe-ios-spm/StripeFinancialConnections/StripeFinancialConnections/Source/Native/Shared/InstitutionIconView.swift (in target 'StripeFinancialConnections' from project 'Stripe')
    cd /Users/xinyufang/Documents/Buzz/Buzz.xcodeproj
    

SwiftCompile normal arm64 /Users/xinyufang/Library/Developer/Xcode/DerivedData/Buzz-faillbpsmponqzeruhhvskovixzk/SourcePackages/checkouts/stripe-ios-spm/StripeFinancialConnections/StripeFinancialConnections/Source/Native/Shared/LegalDetailsNoticeViewController.swift (in target 'StripeFinancialConnections' from project 'Stripe')
    cd /Users/xinyufang/Documents/Buzz/Buzz.xcodeproj
    

SwiftCompile normal arm64 /Users/xinyufang/Library/Developer/Xcode/DerivedData/Buzz-faillbpsmponqzeruhhvskovixzk/SourcePackages/checkouts/stripe-ios-spm/StripeFinancialConnections/StripeFinancialConnections/Source/Native/Shared/NetworkingOTPView/NetworkingOTPDataSource.swift (in target 'StripeFinancialConnections' from project 'Stripe')
    cd /Users/xinyufang/Documents/Buzz/Buzz.xcodeproj
    

SwiftCompile normal arm64 /Users/xinyufang/Library/Developer/Xcode/DerivedData/Buzz-faillbpsmponqzeruhhvskovixzk/SourcePackages/checkouts/stripe-ios-spm/StripeFinancialConnections/StripeFinancialConnections/Source/Native/Shared/NetworkingOTPView/NetworkingOTPView.swift (in target 'StripeFinancialConnections' from project 'Stripe')
    cd /Users/xinyufang/Documents/Buzz/Buzz.xcodeproj
    

SwiftCompile normal arm64 /Users/xinyufang/Library/Developer/Xcode/DerivedData/Buzz-faillbpsmponqzeruhhvskovixzk/SourcePackages/checkouts/stripe-ios-spm/StripeFinancialConnections/StripeFinancialConnections/Source/Native/Shared/PaneLayoutView/PaneLayoutView+Extensions.swift (in target 'StripeFinancialConnections' from project 'Stripe')
    cd /Users/xinyufang/Documents/Buzz/Buzz.xcodeproj
    

SwiftCompile normal arm64 /Users/xinyufang/Library/Developer/Xcode/DerivedData/Buzz-faillbpsmponqzeruhhvskovixzk/SourcePackages/checkouts/stripe-ios-spm/StripeFinancialConnections/StripeFinancialConnections/Source/Native/Shared/PaneLayoutView/PaneLayoutView.swift (in target 'StripeFinancialConnections' from project 'Stripe')
    cd /Users/xinyufang/Documents/Buzz/Buzz.xcodeproj
    

SwiftCompile normal arm64 /Users/xinyufang/Library/Developer/Xcode/DerivedData/Buzz-faillbpsmponqzeruhhvskovixzk/SourcePackages/checkouts/stripe-ios-spm/StripeFinancialConnections/StripeFinancialConnections/Source/Native/Shared/PresentationManager.swift (in target 'StripeFinancialConnections' from project 'Stripe')
    cd /Users/xinyufang/Documents/Buzz/Buzz.xcodeproj
    

SwiftCompile normal arm64 /Users/xinyufang/Library/Developer/Xcode/DerivedData/Buzz-faillbpsmponqzeruhhvskovixzk/SourcePackages/checkouts/stripe-ios-spm/StripeFinancialConnections/StripeFinancialConnections/Source/Native/Shared/RoundedIconView.swift (in target 'StripeFinancialConnections' from project 'Stripe')
    cd /Users/xinyufang/Documents/Buzz/Buzz.xcodeproj
    

SwiftCompile normal arm64 Compiling\ RoundedLogoView.swift,\ RoundedTextField.swift,\ SFSafariViewController+Extensions.swift,\ SheetViewController.swift,\ ShimmeringView.swift,\ SpinnerView.swift,\ StripeSchemeAddress.swift,\ TimeInterval+Extensions.swift,\ UIImage+Extensions.swift,\ UIImageView+Extensions.swift,\ UITableView+Extensions.swift,\ SuccessDataSource.swift,\ SuccessFooterView.swift,\ SuccessViewController.swift,\ TerminalErrorView.swift,\ TerminalErrorViewController.swift,\ StripeCore+Import.swift,\ AuthenticationSessionManager.swift,\ ContinueStateView.swift,\ FinancialConnectionsAccountFetcher.swift,\ FinancialConnectionsSessionFetcher.swift,\ FinancialConnectionsWebFlowViewController.swift /Users/xinyufang/Library/Developer/Xcode/DerivedData/Buzz-faillbpsmponqzeruhhvskovixzk/SourcePackages/checkouts/stripe-ios-spm/StripeFinancialConnections/StripeFinancialConnections/Source/Native/Shared/RoundedLogoView.swift /Users/xinyufang/Library/Developer/Xcode/DerivedData/Buzz-faillbpsmponqzeruhhvskovixzk/SourcePackages/checkouts/stripe-ios-spm/StripeFinancialConnections/StripeFinancialConnections/Source/Native/Shared/RoundedTextField.swift /Users/xinyufang/Library/Developer/Xcode/DerivedData/Buzz-faillbpsmponqzeruhhvskovixzk/SourcePackages/checkouts/stripe-ios-spm/StripeFinancialConnections/StripeFinancialConnections/Source/Native/Shared/SFSafariViewController+Extensions.swift /Users/xinyufang/Library/Developer/Xcode/DerivedData/Buzz-faillbpsmponqzeruhhvskovixzk/SourcePackages/checkouts/stripe-ios-spm/StripeFinancialConnections/StripeFinancialConnections/Source/Native/Shared/SheetViewController.swift /Users/xinyufang/Library/Developer/Xcode/DerivedData/Buzz-faillbpsmponqzeruhhvskovixzk/SourcePackages/checkouts/stripe-ios-spm/StripeFinancialConnections/StripeFinancialConnections/Source/Native/Shared/ShimmeringView.swift /Users/xinyufang/Library/Developer/Xcode/DerivedData/Buzz-faillbpsmponqzeruhhvskovixzk/SourcePackages/checkouts/stripe-ios-spm/StripeFinancialConnections/StripeFinancialConnections/Source/Native/Shared/SpinnerView.swift /Users/xinyufang/Library/Developer/Xcode/DerivedData/Buzz-faillbpsmponqzeruhhvskovixzk/SourcePackages/checkouts/stripe-ios-spm/StripeFinancialConnections/StripeFinancialConnections/Source/Native/Shared/StripeSchemeAddress.swift /Users/xinyufang/Library/Developer/Xcode/DerivedData/Buzz-faillbpsmponqzeruhhvskovixzk/SourcePackages/checkouts/stripe-ios-spm/StripeFinancialConnections/StripeFinancialConnections/Source/Native/Shared/TimeInterval+Extensions.swift /Users/xinyufang/Library/Developer/Xcode/DerivedData/Buzz-faillbpsmponqzeruhhvskovixzk/SourcePackages/checkouts/stripe-ios-spm/StripeFinancialConnections/StripeFinancialConnections/Source/Native/Shared/UIImage+Extensions.swift /Users/xinyufang/Library/Developer/Xcode/DerivedData/Buzz-faillbpsmponqzeruhhvskovixzk/SourcePackages/checkouts/stripe-ios-spm/StripeFinancialConnections/StripeFinancialConnections/Source/Native/Shared/UIImageView+Extensions.swift /Users/xinyufang/Library/Developer/Xcode/DerivedData/Buzz-faillbpsmponqzeruhhvskovixzk/SourcePackages/checkouts/stripe-ios-spm/StripeFinancialConnections/StripeFinancialConnections/Source/Native/Shared/UITableView+Extensions.swift /Users/xinyufang/Library/Developer/Xcode/DerivedData/Buzz-faillbpsmponqzeruhhvskovixzk/SourcePackages/checkouts/stripe-ios-spm/StripeFinancialConnections/StripeFinancialConnections/Source/Native/Success/SuccessDataSource.swift /Users/xinyufang/Library/Developer/Xcode/DerivedData/Buzz-faillbpsmponqzeruhhvskovixzk/SourcePackages/checkouts/stripe-ios-spm/StripeFinancialConnections/StripeFinancialConnections/Source/Native/Success/SuccessFooterView.swift /Users/xinyufang/Library/Developer/Xcode/DerivedData/Buzz-faillbpsmponqzeruhhvskovixzk/SourcePackages/checkouts/stripe-ios-spm/StripeFinancialConnections/StripeFinancialConnections/Source/Native/Success/SuccessViewController.swift /Users/xinyufang/Library/Developer/Xcode/DerivedData/Buzz-faillbpsmponqzeruhhvskovixzk/SourcePackages/checkouts/stripe-ios-spm/StripeFinancialConnections/StripeFinancialConnections/Source/Native/TerminalError/TerminalErrorView.swift /Users/xinyufang/Library/Developer/Xcode/DerivedData/Buzz-faillbpsmponqzeruhhvskovixzk/SourcePackages/checkouts/stripe-ios-spm/StripeFinancialConnections/StripeFinancialConnections/Source/Native/TerminalError/TerminalErrorViewController.swift /Users/xinyufang/Library/Developer/Xcode/DerivedData/Buzz-faillbpsmponqzeruhhvskovixzk/SourcePackages/checkouts/stripe-ios-spm/StripeFinancialConnections/StripeFinancialConnections/Source/StripeCore+Import.swift /Users/xinyufang/Library/Developer/Xcode/DerivedData/Buzz-faillbpsmponqzeruhhvskovixzk/SourcePackages/checkouts/stripe-ios-spm/StripeFinancialConnections/StripeFinancialConnections/Source/Web/AuthenticationSessionManager.swift /Users/xinyufang/Library/Developer/Xcode/DerivedData/Buzz-faillbpsmponqzeruhhvskovixzk/SourcePackages/checkouts/stripe-ios-spm/StripeFinancialConnections/StripeFinancialConnections/Source/Web/ContinueStateView.swift /Users/xinyufang/Library/Developer/Xcode/DerivedData/Buzz-faillbpsmponqzeruhhvskovixzk/SourcePackages/checkouts/stripe-ios-spm/StripeFinancialConnections/StripeFinancialConnections/Source/Web/FinancialConnectionsAccountFetcher.swift /Users/xinyufang/Library/Developer/Xcode/DerivedData/Buzz-faillbpsmponqzeruhhvskovixzk/SourcePackages/checkouts/stripe-ios-spm/StripeFinancialConnections/StripeFinancialConnections/Source/Web/FinancialConnectionsSessionFetcher.swift /Users/xinyufang/Library/Developer/Xcode/DerivedData/Buzz-faillbpsmponqzeruhhvskovixzk/SourcePackages/checkouts/stripe-ios-spm/StripeFinancialConnections/StripeFinancialConnections/Source/Web/FinancialConnectionsWebFlowViewController.swift (in target 'StripeFinancialConnections' from project 'Stripe')
SwiftCompile normal arm64 /Users/xinyufang/Library/Developer/Xcode/DerivedData/Buzz-faillbpsmponqzeruhhvskovixzk/SourcePackages/checkouts/stripe-ios-spm/StripeFinancialConnections/StripeFinancialConnections/Source/Native/Shared/RoundedLogoView.swift (in target 'StripeFinancialConnections' from project 'Stripe')
    cd /Users/xinyufang/Documents/Buzz/Buzz.xcodeproj
    

SwiftCompile normal arm64 /Users/xinyufang/Library/Developer/Xcode/DerivedData/Buzz-faillbpsmponqzeruhhvskovixzk/SourcePackages/checkouts/stripe-ios-spm/StripeFinancialConnections/StripeFinancialConnections/Source/Native/Shared/RoundedTextField.swift (in target 'StripeFinancialConnections' from project 'Stripe')
    cd /Users/xinyufang/Documents/Buzz/Buzz.xcodeproj
    

SwiftCompile normal arm64 /Users/xinyufang/Library/Developer/Xcode/DerivedData/Buzz-faillbpsmponqzeruhhvskovixzk/SourcePackages/checkouts/stripe-ios-spm/StripeFinancialConnections/StripeFinancialConnections/Source/Native/Shared/SFSafariViewController+Extensions.swift (in target 'StripeFinancialConnections' from project 'Stripe')
    cd /Users/xinyufang/Documents/Buzz/Buzz.xcodeproj
    

SwiftCompile normal arm64 /Users/xinyufang/Library/Developer/Xcode/DerivedData/Buzz-faillbpsmponqzeruhhvskovixzk/SourcePackages/checkouts/stripe-ios-spm/StripeFinancialConnections/StripeFinancialConnections/Source/Native/Shared/SheetViewController.swift (in target 'StripeFinancialConnections' from project 'Stripe')
    cd /Users/xinyufang/Documents/Buzz/Buzz.xcodeproj
    

SwiftCompile normal arm64 /Users/xinyufang/Library/Developer/Xcode/DerivedData/Buzz-faillbpsmponqzeruhhvskovixzk/SourcePackages/checkouts/stripe-ios-spm/StripeFinancialConnections/StripeFinancialConnections/Source/Native/Shared/ShimmeringView.swift (in target 'StripeFinancialConnections' from project 'Stripe')
    cd /Users/xinyufang/Documents/Buzz/Buzz.xcodeproj
    

SwiftCompile normal arm64 /Users/xinyufang/Library/Developer/Xcode/DerivedData/Buzz-faillbpsmponqzeruhhvskovixzk/SourcePackages/checkouts/stripe-ios-spm/StripeFinancialConnections/StripeFinancialConnections/Source/Native/Shared/SpinnerView.swift (in target 'StripeFinancialConnections' from project 'Stripe')
    cd /Users/xinyufang/Documents/Buzz/Buzz.xcodeproj
    

SwiftCompile normal arm64 /Users/xinyufang/Library/Developer/Xcode/DerivedData/Buzz-faillbpsmponqzeruhhvskovixzk/SourcePackages/checkouts/stripe-ios-spm/StripeFinancialConnections/StripeFinancialConnections/Source/Native/Shared/StripeSchemeAddress.swift (in target 'StripeFinancialConnections' from project 'Stripe')
    cd /Users/xinyufang/Documents/Buzz/Buzz.xcodeproj
    

SwiftCompile normal arm64 /Users/xinyufang/Library/Developer/Xcode/DerivedData/Buzz-faillbpsmponqzeruhhvskovixzk/SourcePackages/checkouts/stripe-ios-spm/StripeFinancialConnections/StripeFinancialConnections/Source/Native/Shared/TimeInterval+Extensions.swift (in target 'StripeFinancialConnections' from project 'Stripe')
    cd /Users/xinyufang/Documents/Buzz/Buzz.xcodeproj
    

SwiftCompile normal arm64 /Users/xinyufang/Library/Developer/Xcode/DerivedData/Buzz-faillbpsmponqzeruhhvskovixzk/SourcePackages/checkouts/stripe-ios-spm/StripeFinancialConnections/StripeFinancialConnections/Source/Native/Shared/UIImage+Extensions.swift (in target 'StripeFinancialConnections' from project 'Stripe')
    cd /Users/xinyufang/Documents/Buzz/Buzz.xcodeproj
    

SwiftCompile normal arm64 /Users/xinyufang/Library/Developer/Xcode/DerivedData/Buzz-faillbpsmponqzeruhhvskovixzk/SourcePackages/checkouts/stripe-ios-spm/StripeFinancialConnections/StripeFinancialConnections/Source/Native/Shared/UIImageView+Extensions.swift (in target 'StripeFinancialConnections' from project 'Stripe')
    cd /Users/xinyufang/Documents/Buzz/Buzz.xcodeproj
    

SwiftCompile normal arm64 /Users/xinyufang/Library/Developer/Xcode/DerivedData/Buzz-faillbpsmponqzeruhhvskovixzk/SourcePackages/checkouts/stripe-ios-spm/StripeFinancialConnections/StripeFinancialConnections/Source/Native/Shared/UITableView+Extensions.swift (in target 'StripeFinancialConnections' from project 'Stripe')
    cd /Users/xinyufang/Documents/Buzz/Buzz.xcodeproj
    

SwiftCompile normal arm64 /Users/xinyufang/Library/Developer/Xcode/DerivedData/Buzz-faillbpsmponqzeruhhvskovixzk/SourcePackages/checkouts/stripe-ios-spm/StripeFinancialConnections/StripeFinancialConnections/Source/Native/Success/SuccessDataSource.swift (in target 'StripeFinancialConnections' from project 'Stripe')
    cd /Users/xinyufang/Documents/Buzz/Buzz.xcodeproj
    

SwiftCompile normal arm64 /Users/xinyufang/Library/Developer/Xcode/DerivedData/Buzz-faillbpsmponqzeruhhvskovixzk/SourcePackages/checkouts/stripe-ios-spm/StripeFinancialConnections/StripeFinancialConnections/Source/Native/Success/SuccessFooterView.swift (in target 'StripeFinancialConnections' from project 'Stripe')
    cd /Users/xinyufang/Documents/Buzz/Buzz.xcodeproj
    

SwiftCompile normal arm64 /Users/xinyufang/Library/Developer/Xcode/DerivedData/Buzz-faillbpsmponqzeruhhvskovixzk/SourcePackages/checkouts/stripe-ios-spm/StripeFinancialConnections/StripeFinancialConnections/Source/Native/Success/SuccessViewController.swift (in target 'StripeFinancialConnections' from project 'Stripe')
    cd /Users/xinyufang/Documents/Buzz/Buzz.xcodeproj
    

SwiftCompile normal arm64 /Users/xinyufang/Library/Developer/Xcode/DerivedData/Buzz-faillbpsmponqzeruhhvskovixzk/SourcePackages/checkouts/stripe-ios-spm/StripeFinancialConnections/StripeFinancialConnections/Source/Native/TerminalError/TerminalErrorView.swift (in target 'StripeFinancialConnections' from project 'Stripe')
    cd /Users/xinyufang/Documents/Buzz/Buzz.xcodeproj
    

SwiftCompile normal arm64 /Users/xinyufang/Library/Developer/Xcode/DerivedData/Buzz-faillbpsmponqzeruhhvskovixzk/SourcePackages/checkouts/stripe-ios-spm/StripeFinancialConnections/StripeFinancialConnections/Source/Native/TerminalError/TerminalErrorViewController.swift (in target 'StripeFinancialConnections' from project 'Stripe')
    cd /Users/xinyufang/Documents/Buzz/Buzz.xcodeproj
    

SwiftCompile normal arm64 /Users/xinyufang/Library/Developer/Xcode/DerivedData/Buzz-faillbpsmponqzeruhhvskovixzk/SourcePackages/checkouts/stripe-ios-spm/StripeFinancialConnections/StripeFinancialConnections/Source/StripeCore+Import.swift (in target 'StripeFinancialConnections' from project 'Stripe')
    cd /Users/xinyufang/Documents/Buzz/Buzz.xcodeproj
    

SwiftCompile normal arm64 /Users/xinyufang/Library/Developer/Xcode/DerivedData/Buzz-faillbpsmponqzeruhhvskovixzk/SourcePackages/checkouts/stripe-ios-spm/StripeFinancialConnections/StripeFinancialConnections/Source/Web/AuthenticationSessionManager.swift (in target 'StripeFinancialConnections' from project 'Stripe')
    cd /Users/xinyufang/Documents/Buzz/Buzz.xcodeproj
    

SwiftCompile normal arm64 /Users/xinyufang/Library/Developer/Xcode/DerivedData/Buzz-faillbpsmponqzeruhhvskovixzk/SourcePackages/checkouts/stripe-ios-spm/StripeFinancialConnections/StripeFinancialConnections/Source/Web/ContinueStateView.swift (in target 'StripeFinancialConnections' from project 'Stripe')
    cd /Users/xinyufang/Documents/Buzz/Buzz.xcodeproj
    

SwiftCompile normal arm64 /Users/xinyufang/Library/Developer/Xcode/DerivedData/Buzz-faillbpsmponqzeruhhvskovixzk/SourcePackages/checkouts/stripe-ios-spm/StripeFinancialConnections/StripeFinancialConnections/Source/Web/FinancialConnectionsAccountFetcher.swift (in target 'StripeFinancialConnections' from project 'Stripe')
    cd /Users/xinyufang/Documents/Buzz/Buzz.xcodeproj
    

SwiftCompile normal arm64 /Users/xinyufang/Library/Developer/Xcode/DerivedData/Buzz-faillbpsmponqzeruhhvskovixzk/SourcePackages/checkouts/stripe-ios-spm/StripeFinancialConnections/StripeFinancialConnections/Source/Web/FinancialConnectionsSessionFetcher.swift (in target 'StripeFinancialConnections' from project 'Stripe')
    cd /Users/xinyufang/Documents/Buzz/Buzz.xcodeproj
    

SwiftCompile normal arm64 /Users/xinyufang/Library/Developer/Xcode/DerivedData/Buzz-faillbpsmponqzeruhhvskovixzk/SourcePackages/checkouts/stripe-ios-spm/StripeFinancialConnections/StripeFinancialConnections/Source/Web/FinancialConnectionsWebFlowViewController.swift (in target 'StripeFinancialConnections' from project 'Stripe')
    cd /Users/xinyufang/Documents/Buzz/Buzz.xcodeproj
    

SwiftDriverJobDiscovery normal arm64 Compiling SelfieUploader+API.swift, IdentityAnalyticsClient.swift, Array+StripeIdentity.swift, CGImage+StripeIdentity.swift, MLMultiArray+StripeIdentity.swift, NSAttributedString+HTML.swift, TimeInterval+StripeIdentity.swift, UINavigationController+StripeIdentity.swift, VNBarcodeSymbology+StripeIdentity.swift, IdNumberElement.swift, IdentityElementsFactory.swift, IdentityTextButtonElement.swift, IndividualFormElement.swift, Enums+CustomStringConvertible.swift, FileDownloader.swift, Image.swift, STPLocalizedString.swift, String+IDType.swift, String+Localized.swift (in target 'StripeIdentity' from project 'Stripe')

SwiftDriverJobDiscovery normal arm64 Compiling VerificationPageStaticContentExperiment.swift, VerificationPageStaticContentIndividualPage.swift, VerificationPageStaticContentIndividualWelcomePage.swift, VerificationPageStaticContentPhoneOtpPage.swift, VerificationPageStaticContentSelfieModels.swift, VerificationPageStaticContentSelfiePage.swift, VerificationPageStaticContentTextPage.swift, VerificationPageData.swift, VerificationPageDataRequirementError.swift, VerificationPageDataRequirements.swift, RequiredInternationalAddress.swift, VerificationPageClearData.swift, VerificationPageCollectedData.swift, VerificationPageDataDob.swift, VerificationPageDataDocumentFileData.swift, VerificationPageDataFace.swift, VerificationPageDataIdNumber.swift, VerificationPageDataName.swift, VerificationPageDataPhone.swift, VerificationPageDataUpdate.swift (in target 'StripeIdentity' from project 'Stripe')

SwiftCompile normal arm64 Compiling\ InstitutionTableViewCell.swift,\ LinkAccountPickerBodyView.swift,\ LinkAccountPickerDataSource.swift,\ LinkAccountPickerFooterView.swift,\ LinkAccountPickerLoadingView.swift,\ LinkAccountPickerNewAccountRowView.swift,\ LinkAccountPickerViewController.swift,\ LinkLoginDataSource.swift,\ LinkLoginViewController.swift,\ ManualEntryDataSource.swift,\ ManualEntryFormView.swift,\ ManualEntryValidator.swift,\ ManualEntryViewController.swift,\ NativeFlowController.swift,\ NativeFlowDataManager.swift,\ NetworkingLinkLoginWarmupBodyView.swift,\ NetworkingLinkLoginWarmupDataSource.swift,\ NetworkingLinkLoginWarmupViewController.swift,\ EmailTextField.swift,\ LinkSignupFormView.swift,\ NetworkingLinkSignupBodyView.swift,\ NetworkingLinkSignupDataSource.swift /Users/xinyufang/Library/Developer/Xcode/DerivedData/Buzz-faillbpsmponqzeruhhvskovixzk/SourcePackages/checkouts/stripe-ios-spm/StripeFinancialConnections/StripeFinancialConnections/Source/Native/InstitutionPicker/InstitutionTableViewCell.swift /Users/xinyufang/Library/Developer/Xcode/DerivedData/Buzz-faillbpsmponqzeruhhvskovixzk/SourcePackages/checkouts/stripe-ios-spm/StripeFinancialConnections/StripeFinancialConnections/Source/Native/LinkAccountPicker/LinkAccountPickerBodyView.swift /Users/xinyufang/Library/Developer/Xcode/DerivedData/Buzz-faillbpsmponqzeruhhvskovixzk/SourcePackages/checkouts/stripe-ios-spm/StripeFinancialConnections/StripeFinancialConnections/Source/Native/LinkAccountPicker/LinkAccountPickerDataSource.swift /Users/xinyufang/Library/Developer/Xcode/DerivedData/Buzz-faillbpsmponqzeruhhvskovixzk/SourcePackages/checkouts/stripe-ios-spm/StripeFinancialConnections/StripeFinancialConnections/Source/Native/LinkAccountPicker/LinkAccountPickerFooterView.swift /Users/xinyufang/Library/Developer/Xcode/DerivedData/Buzz-faillbpsmponqzeruhhvskovixzk/SourcePackages/checkouts/stripe-ios-spm/StripeFinancialConnections/StripeFinancialConnections/Source/Native/LinkAccountPicker/LinkAccountPickerLoadingView.swift /Users/xinyufang/Library/Developer/Xcode/DerivedData/Buzz-faillbpsmponqzeruhhvskovixzk/SourcePackages/checkouts/stripe-ios-spm/StripeFinancialConnections/StripeFinancialConnections/Source/Native/LinkAccountPicker/LinkAccountPickerNewAccountRowView.swift /Users/xinyufang/Library/Developer/Xcode/DerivedData/Buzz-faillbpsmponqzeruhhvskovixzk/SourcePackages/checkouts/stripe-ios-spm/StripeFinancialConnections/StripeFinancialConnections/Source/Native/LinkAccountPicker/LinkAccountPickerViewController.swift /Users/xinyufang/Library/Developer/Xcode/DerivedData/Buzz-faillbpsmponqzeruhhvskovixzk/SourcePackages/checkouts/stripe-ios-spm/StripeFinancialConnections/StripeFinancialConnections/Source/Native/LinkLogin/LinkLoginDataSource.swift /Users/xinyufang/Library/Developer/Xcode/DerivedData/Buzz-faillbpsmponqzeruhhvskovixzk/SourcePackages/checkouts/stripe-ios-spm/StripeFinancialConnections/StripeFinancialConnections/Source/Native/LinkLogin/LinkLoginViewController.swift /Users/xinyufang/Library/Developer/Xcode/DerivedData/Buzz-faillbpsmponqzeruhhvskovixzk/SourcePackages/checkouts/stripe-ios-spm/StripeFinancialConnections/StripeFinancialConnections/Source/Native/ManualEntry/ManualEntryDataSource.swift /Users/xinyufang/Library/Developer/Xcode/DerivedData/Buzz-faillbpsmponqzeruhhvskovixzk/SourcePackages/checkouts/stripe-ios-spm/StripeFinancialConnections/StripeFinancialConnections/Source/Native/ManualEntry/ManualEntryFormView.swift /Users/xinyufang/Library/Developer/Xcode/DerivedData/Buzz-faillbpsmponqzeruhhvskovixzk/SourcePackages/checkouts/stripe-ios-spm/StripeFinancialConnections/StripeFinancialConnections/Source/Native/ManualEntry/ManualEntryValidator.swift /Users/xinyufang/Library/Developer/Xcode/DerivedData/Buzz-faillbpsmponqzeruhhvskovixzk/SourcePackages/checkouts/stripe-ios-spm/StripeFinancialConnections/StripeFinancialConnections/Source/Native/ManualEntry/ManualEntryViewController.swift /Users/xinyufang/Library/Developer/Xcode/DerivedData/Buzz-faillbpsmponqzeruhhvskovixzk/SourcePackages/checkouts/stripe-ios-spm/StripeFinancialConnections/StripeFinancialConnections/Source/Native/NativeFlowController.swift /Users/xinyufang/Library/Developer/Xcode/DerivedData/Buzz-faillbpsmponqzeruhhvskovixzk/SourcePackages/checkouts/stripe-ios-spm/StripeFinancialConnections/StripeFinancialConnections/Source/Native/NativeFlowDataManager.swift /Users/xinyufang/Library/Developer/Xcode/DerivedData/Buzz-faillbpsmponqzeruhhvskovixzk/SourcePackages/checkouts/stripe-ios-spm/StripeFinancialConnections/StripeFinancialConnections/Source/Native/NetworkingLinkLoginWarmup/NetworkingLinkLoginWarmupBodyView.swift /Users/xinyufang/Library/Developer/Xcode/DerivedData/Buzz-faillbpsmponqzeruhhvskovixzk/SourcePackages/checkouts/stripe-ios-spm/StripeFinancialConnections/StripeFinancialConnections/Source/Native/NetworkingLinkLoginWarmup/NetworkingLinkLoginWarmupDataSource.swift /Users/xinyufang/Library/Developer/Xcode/DerivedData/Buzz-faillbpsmponqzeruhhvskovixzk/SourcePackages/checkouts/stripe-ios-spm/StripeFinancialConnections/StripeFinancialConnections/Source/Native/NetworkingLinkLoginWarmup/NetworkingLinkLoginWarmupViewController.swift /Users/xinyufang/Library/Developer/Xcode/DerivedData/Buzz-faillbpsmponqzeruhhvskovixzk/SourcePackages/checkouts/stripe-ios-spm/StripeFinancialConnections/StripeFinancialConnections/Source/Native/NetworkingLinkSignupPane/EmailTextField.swift /Users/xinyufang/Library/Developer/Xcode/DerivedData/Buzz-faillbpsmponqzeruhhvskovixzk/SourcePackages/checkouts/stripe-ios-spm/StripeFinancialConnections/StripeFinancialConnections/Source/Native/NetworkingLinkSignupPane/LinkSignupFormView.swift /Users/xinyufang/Library/Developer/Xcode/DerivedData/Buzz-faillbpsmponqzeruhhvskovixzk/SourcePackages/checkouts/stripe-ios-spm/StripeFinancialConnections/StripeFinancialConnections/Source/Native/NetworkingLinkSignupPane/NetworkingLinkSignupBodyView.swift /Users/xinyufang/Library/Developer/Xcode/DerivedData/Buzz-faillbpsmponqzeruhhvskovixzk/SourcePackages/checkouts/stripe-ios-spm/StripeFinancialConnections/StripeFinancialConnections/Source/Native/NetworkingLinkSignupPane/NetworkingLinkSignupDataSource.swift (in target 'StripeFinancialConnections' from project 'Stripe')
SwiftCompile normal arm64 /Users/xinyufang/Library/Developer/Xcode/DerivedData/Buzz-faillbpsmponqzeruhhvskovixzk/SourcePackages/checkouts/stripe-ios-spm/StripeFinancialConnections/StripeFinancialConnections/Source/Native/InstitutionPicker/InstitutionTableViewCell.swift (in target 'StripeFinancialConnections' from project 'Stripe')
    cd /Users/xinyufang/Documents/Buzz/Buzz.xcodeproj
    

SwiftCompile normal arm64 /Users/xinyufang/Library/Developer/Xcode/DerivedData/Buzz-faillbpsmponqzeruhhvskovixzk/SourcePackages/checkouts/stripe-ios-spm/StripeFinancialConnections/StripeFinancialConnections/Source/Native/LinkAccountPicker/LinkAccountPickerBodyView.swift (in target 'StripeFinancialConnections' from project 'Stripe')
    cd /Users/xinyufang/Documents/Buzz/Buzz.xcodeproj
    

SwiftCompile normal arm64 /Users/xinyufang/Library/Developer/Xcode/DerivedData/Buzz-faillbpsmponqzeruhhvskovixzk/SourcePackages/checkouts/stripe-ios-spm/StripeFinancialConnections/StripeFinancialConnections/Source/Native/LinkAccountPicker/LinkAccountPickerDataSource.swift (in target 'StripeFinancialConnections' from project 'Stripe')
    cd /Users/xinyufang/Documents/Buzz/Buzz.xcodeproj
    

SwiftCompile normal arm64 /Users/xinyufang/Library/Developer/Xcode/DerivedData/Buzz-faillbpsmponqzeruhhvskovixzk/SourcePackages/checkouts/stripe-ios-spm/StripeFinancialConnections/StripeFinancialConnections/Source/Native/LinkAccountPicker/LinkAccountPickerFooterView.swift (in target 'StripeFinancialConnections' from project 'Stripe')
    cd /Users/xinyufang/Documents/Buzz/Buzz.xcodeproj
    

SwiftCompile normal arm64 /Users/xinyufang/Library/Developer/Xcode/DerivedData/Buzz-faillbpsmponqzeruhhvskovixzk/SourcePackages/checkouts/stripe-ios-spm/StripeFinancialConnections/StripeFinancialConnections/Source/Native/LinkAccountPicker/LinkAccountPickerLoadingView.swift (in target 'StripeFinancialConnections' from project 'Stripe')
    cd /Users/xinyufang/Documents/Buzz/Buzz.xcodeproj
    

SwiftCompile normal arm64 /Users/xinyufang/Library/Developer/Xcode/DerivedData/Buzz-faillbpsmponqzeruhhvskovixzk/SourcePackages/checkouts/stripe-ios-spm/StripeFinancialConnections/StripeFinancialConnections/Source/Native/LinkAccountPicker/LinkAccountPickerNewAccountRowView.swift (in target 'StripeFinancialConnections' from project 'Stripe')
    cd /Users/xinyufang/Documents/Buzz/Buzz.xcodeproj
    

SwiftCompile normal arm64 /Users/xinyufang/Library/Developer/Xcode/DerivedData/Buzz-faillbpsmponqzeruhhvskovixzk/SourcePackages/checkouts/stripe-ios-spm/StripeFinancialConnections/StripeFinancialConnections/Source/Native/LinkAccountPicker/LinkAccountPickerViewController.swift (in target 'StripeFinancialConnections' from project 'Stripe')
    cd /Users/xinyufang/Documents/Buzz/Buzz.xcodeproj
    

SwiftCompile normal arm64 /Users/xinyufang/Library/Developer/Xcode/DerivedData/Buzz-faillbpsmponqzeruhhvskovixzk/SourcePackages/checkouts/stripe-ios-spm/StripeFinancialConnections/StripeFinancialConnections/Source/Native/LinkLogin/LinkLoginDataSource.swift (in target 'StripeFinancialConnections' from project 'Stripe')
    cd /Users/xinyufang/Documents/Buzz/Buzz.xcodeproj
    

SwiftCompile normal arm64 /Users/xinyufang/Library/Developer/Xcode/DerivedData/Buzz-faillbpsmponqzeruhhvskovixzk/SourcePackages/checkouts/stripe-ios-spm/StripeFinancialConnections/StripeFinancialConnections/Source/Native/LinkLogin/LinkLoginViewController.swift (in target 'StripeFinancialConnections' from project 'Stripe')
    cd /Users/xinyufang/Documents/Buzz/Buzz.xcodeproj
    

SwiftCompile normal arm64 /Users/xinyufang/Library/Developer/Xcode/DerivedData/Buzz-faillbpsmponqzeruhhvskovixzk/SourcePackages/checkouts/stripe-ios-spm/StripeFinancialConnections/StripeFinancialConnections/Source/Native/ManualEntry/ManualEntryDataSource.swift (in target 'StripeFinancialConnections' from project 'Stripe')
    cd /Users/xinyufang/Documents/Buzz/Buzz.xcodeproj
    

SwiftCompile normal arm64 /Users/xinyufang/Library/Developer/Xcode/DerivedData/Buzz-faillbpsmponqzeruhhvskovixzk/SourcePackages/checkouts/stripe-ios-spm/StripeFinancialConnections/StripeFinancialConnections/Source/Native/ManualEntry/ManualEntryFormView.swift (in target 'StripeFinancialConnections' from project 'Stripe')
    cd /Users/xinyufang/Documents/Buzz/Buzz.xcodeproj
    

SwiftCompile normal arm64 /Users/xinyufang/Library/Developer/Xcode/DerivedData/Buzz-faillbpsmponqzeruhhvskovixzk/SourcePackages/checkouts/stripe-ios-spm/StripeFinancialConnections/StripeFinancialConnections/Source/Native/ManualEntry/ManualEntryValidator.swift (in target 'StripeFinancialConnections' from project 'Stripe')
    cd /Users/xinyufang/Documents/Buzz/Buzz.xcodeproj
    

SwiftCompile normal arm64 /Users/xinyufang/Library/Developer/Xcode/DerivedData/Buzz-faillbpsmponqzeruhhvskovixzk/SourcePackages/checkouts/stripe-ios-spm/StripeFinancialConnections/StripeFinancialConnections/Source/Native/ManualEntry/ManualEntryViewController.swift (in target 'StripeFinancialConnections' from project 'Stripe')
    cd /Users/xinyufang/Documents/Buzz/Buzz.xcodeproj
    

SwiftCompile normal arm64 /Users/xinyufang/Library/Developer/Xcode/DerivedData/Buzz-faillbpsmponqzeruhhvskovixzk/SourcePackages/checkouts/stripe-ios-spm/StripeFinancialConnections/StripeFinancialConnections/Source/Native/NativeFlowController.swift (in target 'StripeFinancialConnections' from project 'Stripe')
    cd /Users/xinyufang/Documents/Buzz/Buzz.xcodeproj
    

SwiftCompile normal arm64 /Users/xinyufang/Library/Developer/Xcode/DerivedData/Buzz-faillbpsmponqzeruhhvskovixzk/SourcePackages/checkouts/stripe-ios-spm/StripeFinancialConnections/StripeFinancialConnections/Source/Native/NativeFlowDataManager.swift (in target 'StripeFinancialConnections' from project 'Stripe')
    cd /Users/xinyufang/Documents/Buzz/Buzz.xcodeproj
    

SwiftCompile normal arm64 /Users/xinyufang/Library/Developer/Xcode/DerivedData/Buzz-faillbpsmponqzeruhhvskovixzk/SourcePackages/checkouts/stripe-ios-spm/StripeFinancialConnections/StripeFinancialConnections/Source/Native/NetworkingLinkLoginWarmup/NetworkingLinkLoginWarmupBodyView.swift (in target 'StripeFinancialConnections' from project 'Stripe')
    cd /Users/xinyufang/Documents/Buzz/Buzz.xcodeproj
    

SwiftCompile normal arm64 /Users/xinyufang/Library/Developer/Xcode/DerivedData/Buzz-faillbpsmponqzeruhhvskovixzk/SourcePackages/checkouts/stripe-ios-spm/StripeFinancialConnections/StripeFinancialConnections/Source/Native/NetworkingLinkLoginWarmup/NetworkingLinkLoginWarmupDataSource.swift (in target 'StripeFinancialConnections' from project 'Stripe')
    cd /Users/xinyufang/Documents/Buzz/Buzz.xcodeproj
    

SwiftCompile normal arm64 /Users/xinyufang/Library/Developer/Xcode/DerivedData/Buzz-faillbpsmponqzeruhhvskovixzk/SourcePackages/checkouts/stripe-ios-spm/StripeFinancialConnections/StripeFinancialConnections/Source/Native/NetworkingLinkLoginWarmup/NetworkingLinkLoginWarmupViewController.swift (in target 'StripeFinancialConnections' from project 'Stripe')
    cd /Users/xinyufang/Documents/Buzz/Buzz.xcodeproj
    

SwiftCompile normal arm64 /Users/xinyufang/Library/Developer/Xcode/DerivedData/Buzz-faillbpsmponqzeruhhvskovixzk/SourcePackages/checkouts/stripe-ios-spm/StripeFinancialConnections/StripeFinancialConnections/Source/Native/NetworkingLinkSignupPane/EmailTextField.swift (in target 'StripeFinancialConnections' from project 'Stripe')
    cd /Users/xinyufang/Documents/Buzz/Buzz.xcodeproj
    

SwiftCompile normal arm64 /Users/xinyufang/Library/Developer/Xcode/DerivedData/Buzz-faillbpsmponqzeruhhvskovixzk/SourcePackages/checkouts/stripe-ios-spm/StripeFinancialConnections/StripeFinancialConnections/Source/Native/NetworkingLinkSignupPane/LinkSignupFormView.swift (in target 'StripeFinancialConnections' from project 'Stripe')
    cd /Users/xinyufang/Documents/Buzz/Buzz.xcodeproj
    

SwiftCompile normal arm64 /Users/xinyufang/Library/Developer/Xcode/DerivedData/Buzz-faillbpsmponqzeruhhvskovixzk/SourcePackages/checkouts/stripe-ios-spm/StripeFinancialConnections/StripeFinancialConnections/Source/Native/NetworkingLinkSignupPane/NetworkingLinkSignupBodyView.swift (in target 'StripeFinancialConnections' from project 'Stripe')
    cd /Users/xinyufang/Documents/Buzz/Buzz.xcodeproj
    

SwiftCompile normal arm64 /Users/xinyufang/Library/Developer/Xcode/DerivedData/Buzz-faillbpsmponqzeruhhvskovixzk/SourcePackages/checkouts/stripe-ios-spm/StripeFinancialConnections/StripeFinancialConnections/Source/Native/NetworkingLinkSignupPane/NetworkingLinkSignupDataSource.swift (in target 'StripeFinancialConnections' from project 'Stripe')
    cd /Users/xinyufang/Documents/Buzz/Buzz.xcodeproj
    

SwiftCompile normal arm64 Compiling\ NetworkingLinkSignupFooterView.swift,\ NetworkingLinkSignupViewController.swift,\ PhoneCountryCodePickerView.swift,\ PhoneCountryCodeSelectorView.swift,\ PhoneTextField.swift,\ NetworkingLinkStepUpVerificationBodyView.swift,\ NetworkingLinkStepUpVerificationDataSource.swift,\ NetworkingLinkStepUpVerificationViewController.swift,\ NetworkingLinkVerificationDataSource.swift,\ NetworkingLinkVerificationViewController.swift,\ NetworkingSaveToLinkVerificationDataSource.swift,\ NetworkingSaveToLinkVerificationViewController.swift,\ PartnerAuthDataSource.swift,\ PartnerAuthViewController.swift,\ PrepaneImageView.swift,\ PrepaneViews.swift,\ ResetFlowDataSource.swift,\ ResetFlowViewController.swift,\ AccountPickerRowLabelView.swift,\ AccountPickerRowView.swift,\ AttributedLabel.swift,\ AttributedTextView.swift /Users/xinyufang/Library/Developer/Xcode/DerivedData/Buzz-faillbpsmponqzeruhhvskovixzk/SourcePackages/checkouts/stripe-ios-spm/StripeFinancialConnections/StripeFinancialConnections/Source/Native/NetworkingLinkSignupPane/NetworkingLinkSignupFooterView.swift /Users/xinyufang/Library/Developer/Xcode/DerivedData/Buzz-faillbpsmponqzeruhhvskovixzk/SourcePackages/checkouts/stripe-ios-spm/StripeFinancialConnections/StripeFinancialConnections/Source/Native/NetworkingLinkSignupPane/NetworkingLinkSignupViewController.swift /Users/xinyufang/Library/Developer/Xcode/DerivedData/Buzz-faillbpsmponqzeruhhvskovixzk/SourcePackages/checkouts/stripe-ios-spm/StripeFinancialConnections/StripeFinancialConnections/Source/Native/NetworkingLinkSignupPane/PhoneCountryCodePickerView.swift /Users/xinyufang/Library/Developer/Xcode/DerivedData/Buzz-faillbpsmponqzeruhhvskovixzk/SourcePackages/checkouts/stripe-ios-spm/StripeFinancialConnections/StripeFinancialConnections/Source/Native/NetworkingLinkSignupPane/PhoneCountryCodeSelectorView.swift /Users/xinyufang/Library/Developer/Xcode/DerivedData/Buzz-faillbpsmponqzeruhhvskovixzk/SourcePackages/checkouts/stripe-ios-spm/StripeFinancialConnections/StripeFinancialConnections/Source/Native/NetworkingLinkSignupPane/PhoneTextField.swift /Users/xinyufang/Library/Developer/Xcode/DerivedData/Buzz-faillbpsmponqzeruhhvskovixzk/SourcePackages/checkouts/stripe-ios-spm/StripeFinancialConnections/StripeFinancialConnections/Source/Native/NetworkingLinkStepUpVerification/NetworkingLinkStepUpVerificationBodyView.swift /Users/xinyufang/Library/Developer/Xcode/DerivedData/Buzz-faillbpsmponqzeruhhvskovixzk/SourcePackages/checkouts/stripe-ios-spm/StripeFinancialConnections/StripeFinancialConnections/Source/Native/NetworkingLinkStepUpVerification/NetworkingLinkStepUpVerificationDataSource.swift /Users/xinyufang/Library/Developer/Xcode/DerivedData/Buzz-faillbpsmponqzeruhhvskovixzk/SourcePackages/checkouts/stripe-ios-spm/StripeFinancialConnections/StripeFinancialConnections/Source/Native/NetworkingLinkStepUpVerification/NetworkingLinkStepUpVerificationViewController.swift /Users/xinyufang/Library/Developer/Xcode/DerivedData/Buzz-faillbpsmponqzeruhhvskovixzk/SourcePackages/checkouts/stripe-ios-spm/StripeFinancialConnections/StripeFinancialConnections/Source/Native/NetworkingLinkVerification/NetworkingLinkVerificationDataSource.swift /Users/xinyufang/Library/Developer/Xcode/DerivedData/Buzz-faillbpsmponqzeruhhvskovixzk/SourcePackages/checkouts/stripe-ios-spm/StripeFinancialConnections/StripeFinancialConnections/Source/Native/NetworkingLinkVerification/NetworkingLinkVerificationViewController.swift /Users/xinyufang/Library/Developer/Xcode/DerivedData/Buzz-faillbpsmponqzeruhhvskovixzk/SourcePackages/checkouts/stripe-ios-spm/StripeFinancialConnections/StripeFinancialConnections/Source/Native/NetworkingSaveToLinkVerification/NetworkingSaveToLinkVerificationDataSource.swift /Users/xinyufang/Library/Developer/Xcode/DerivedData/Buzz-faillbpsmponqzeruhhvskovixzk/SourcePackages/checkouts/stripe-ios-spm/StripeFinancialConnections/StripeFinancialConnections/Source/Native/NetworkingSaveToLinkVerification/NetworkingSaveToLinkVerificationViewController.swift /Users/xinyufang/Library/Developer/Xcode/DerivedData/Buzz-faillbpsmponqzeruhhvskovixzk/SourcePackages/checkouts/stripe-ios-spm/StripeFinancialConnections/StripeFinancialConnections/Source/Native/PartnerAuth/PartnerAuthDataSource.swift /Users/xinyufang/Library/Developer/Xcode/DerivedData/Buzz-faillbpsmponqzeruhhvskovixzk/SourcePackages/checkouts/stripe-ios-spm/StripeFinancialConnections/StripeFinancialConnections/Source/Native/PartnerAuth/PartnerAuthViewController.swift /Users/xinyufang/Library/Developer/Xcode/DerivedData/Buzz-faillbpsmponqzeruhhvskovixzk/SourcePackages/checkouts/stripe-ios-spm/StripeFinancialConnections/StripeFinancialConnections/Source/Native/PartnerAuth/PrepaneImageView.swift /Users/xinyufang/Library/Developer/Xcode/DerivedData/Buzz-faillbpsmponqzeruhhvskovixzk/SourcePackages/checkouts/stripe-ios-spm/StripeFinancialConnections/StripeFinancialConnections/Source/Native/PartnerAuth/PrepaneViews.swift /Users/xinyufang/Library/Developer/Xcode/DerivedData/Buzz-faillbpsmponqzeruhhvskovixzk/SourcePackages/checkouts/stripe-ios-spm/StripeFinancialConnections/StripeFinancialConnections/Source/Native/ResetFlow/ResetFlowDataSource.swift /Users/xinyufang/Library/Developer/Xcode/DerivedData/Buzz-faillbpsmponqzeruhhvskovixzk/SourcePackages/checkouts/stripe-ios-spm/StripeFinancialConnections/StripeFinancialConnections/Source/Native/ResetFlow/ResetFlowViewController.swift /Users/xinyufang/Library/Developer/Xcode/DerivedData/Buzz-faillbpsmponqzeruhhvskovixzk/SourcePackages/checkouts/stripe-ios-spm/StripeFinancialConnections/StripeFinancialConnections/Source/Native/Shared/AccountPickerRowLabelView.swift /Users/xinyufang/Library/Developer/Xcode/DerivedData/Buzz-faillbpsmponqzeruhhvskovixzk/SourcePackages/checkouts/stripe-ios-spm/StripeFinancialConnections/StripeFinancialConnections/Source/Native/Shared/AccountPickerRowView.swift /Users/xinyufang/Library/Developer/Xcode/DerivedData/Buzz-faillbpsmponqzeruhhvskovixzk/SourcePackages/checkouts/stripe-ios-spm/StripeFinancialConnections/StripeFinancialConnections/Source/Native/Shared/AttributedLabel.swift /Users/xinyufang/Library/Developer/Xcode/DerivedData/Buzz-faillbpsmponqzeruhhvskovixzk/SourcePackages/checkouts/stripe-ios-spm/StripeFinancialConnections/StripeFinancialConnections/Source/Native/Shared/AttributedTextView.swift (in target 'StripeFinancialConnections' from project 'Stripe')

SwiftCompile normal arm64 /Users/xinyufang/Library/Developer/Xcode/DerivedData/Buzz-faillbpsmponqzeruhhvskovixzk/SourcePackages/checkouts/stripe-ios-spm/StripeFinancialConnections/StripeFinancialConnections/Source/Native/NetworkingLinkSignupPane/NetworkingLinkSignupFooterView.swift (in target 'StripeFinancialConnections' from project 'Stripe')
    cd /Users/xinyufang/Documents/Buzz/Buzz.xcodeproj
    

SwiftCompile normal arm64 /Users/xinyufang/Library/Developer/Xcode/DerivedData/Buzz-faillbpsmponqzeruhhvskovixzk/SourcePackages/checkouts/stripe-ios-spm/StripeFinancialConnections/StripeFinancialConnections/Source/Native/NetworkingLinkSignupPane/NetworkingLinkSignupViewController.swift (in target 'StripeFinancialConnections' from project 'Stripe')
    cd /Users/xinyufang/Documents/Buzz/Buzz.xcodeproj
    

SwiftCompile normal arm64 /Users/xinyufang/Library/Developer/Xcode/DerivedData/Buzz-faillbpsmponqzeruhhvskovixzk/SourcePackages/checkouts/stripe-ios-spm/StripeFinancialConnections/StripeFinancialConnections/Source/Native/NetworkingLinkSignupPane/PhoneCountryCodePickerView.swift (in target 'StripeFinancialConnections' from project 'Stripe')
    cd /Users/xinyufang/Documents/Buzz/Buzz.xcodeproj
    

SwiftCompile normal arm64 /Users/xinyufang/Library/Developer/Xcode/DerivedData/Buzz-faillbpsmponqzeruhhvskovixzk/SourcePackages/checkouts/stripe-ios-spm/StripeFinancialConnections/StripeFinancialConnections/Source/Native/NetworkingLinkSignupPane/PhoneCountryCodeSelectorView.swift (in target 'StripeFinancialConnections' from project 'Stripe')
    cd /Users/xinyufang/Documents/Buzz/Buzz.xcodeproj
    

SwiftCompile normal arm64 /Users/xinyufang/Library/Developer/Xcode/DerivedData/Buzz-faillbpsmponqzeruhhvskovixzk/SourcePackages/checkouts/stripe-ios-spm/StripeFinancialConnections/StripeFinancialConnections/Source/Native/NetworkingLinkSignupPane/PhoneTextField.swift (in target 'StripeFinancialConnections' from project 'Stripe')
    cd /Users/xinyufang/Documents/Buzz/Buzz.xcodeproj
    

SwiftCompile normal arm64 /Users/xinyufang/Library/Developer/Xcode/DerivedData/Buzz-faillbpsmponqzeruhhvskovixzk/SourcePackages/checkouts/stripe-ios-spm/StripeFinancialConnections/StripeFinancialConnections/Source/Native/NetworkingLinkStepUpVerification/NetworkingLinkStepUpVerificationBodyView.swift (in target 'StripeFinancialConnections' from project 'Stripe')
    cd /Users/xinyufang/Documents/Buzz/Buzz.xcodeproj
    

SwiftCompile normal arm64 /Users/xinyufang/Library/Developer/Xcode/DerivedData/Buzz-faillbpsmponqzeruhhvskovixzk/SourcePackages/checkouts/stripe-ios-spm/StripeFinancialConnections/StripeFinancialConnections/Source/Native/NetworkingLinkStepUpVerification/NetworkingLinkStepUpVerificationDataSource.swift (in target 'StripeFinancialConnections' from project 'Stripe')
    cd /Users/xinyufang/Documents/Buzz/Buzz.xcodeproj
    

SwiftCompile normal arm64 /Users/xinyufang/Library/Developer/Xcode/DerivedData/Buzz-faillbpsmponqzeruhhvskovixzk/SourcePackages/checkouts/stripe-ios-spm/StripeFinancialConnections/StripeFinancialConnections/Source/Native/NetworkingLinkStepUpVerification/NetworkingLinkStepUpVerificationViewController.swift (in target 'StripeFinancialConnections' from project 'Stripe')
    cd /Users/xinyufang/Documents/Buzz/Buzz.xcodeproj
    

SwiftCompile normal arm64 /Users/xinyufang/Library/Developer/Xcode/DerivedData/Buzz-faillbpsmponqzeruhhvskovixzk/SourcePackages/checkouts/stripe-ios-spm/StripeFinancialConnections/StripeFinancialConnections/Source/Native/NetworkingLinkVerification/NetworkingLinkVerificationDataSource.swift (in target 'StripeFinancialConnections' from project 'Stripe')
    cd /Users/xinyufang/Documents/Buzz/Buzz.xcodeproj
    

SwiftCompile normal arm64 /Users/xinyufang/Library/Developer/Xcode/DerivedData/Buzz-faillbpsmponqzeruhhvskovixzk/SourcePackages/checkouts/stripe-ios-spm/StripeFinancialConnections/StripeFinancialConnections/Source/Native/NetworkingLinkVerification/NetworkingLinkVerificationViewController.swift (in target 'StripeFinancialConnections' from project 'Stripe')
    cd /Users/xinyufang/Documents/Buzz/Buzz.xcodeproj
    

SwiftCompile normal arm64 /Users/xinyufang/Library/Developer/Xcode/DerivedData/Buzz-faillbpsmponqzeruhhvskovixzk/SourcePackages/checkouts/stripe-ios-spm/StripeFinancialConnections/StripeFinancialConnections/Source/Native/NetworkingSaveToLinkVerification/NetworkingSaveToLinkVerificationDataSource.swift (in target 'StripeFinancialConnections' from project 'Stripe')
    cd /Users/xinyufang/Documents/Buzz/Buzz.xcodeproj
    

SwiftCompile normal arm64 /Users/xinyufang/Library/Developer/Xcode/DerivedData/Buzz-faillbpsmponqzeruhhvskovixzk/SourcePackages/checkouts/stripe-ios-spm/StripeFinancialConnections/StripeFinancialConnections/Source/Native/NetworkingSaveToLinkVerification/NetworkingSaveToLinkVerificationViewController.swift (in target 'StripeFinancialConnections' from project 'Stripe')
    cd /Users/xinyufang/Documents/Buzz/Buzz.xcodeproj
    

SwiftCompile normal arm64 /Users/xinyufang/Library/Developer/Xcode/DerivedData/Buzz-faillbpsmponqzeruhhvskovixzk/SourcePackages/checkouts/stripe-ios-spm/StripeFinancialConnections/StripeFinancialConnections/Source/Native/PartnerAuth/PartnerAuthDataSource.swift (in target 'StripeFinancialConnections' from project 'Stripe')
    cd /Users/xinyufang/Documents/Buzz/Buzz.xcodeproj
    

SwiftCompile normal arm64 /Users/xinyufang/Library/Developer/Xcode/DerivedData/Buzz-faillbpsmponqzeruhhvskovixzk/SourcePackages/checkouts/stripe-ios-spm/StripeFinancialConnections/StripeFinancialConnections/Source/Native/PartnerAuth/PartnerAuthViewController.swift (in target 'StripeFinancialConnections' from project 'Stripe')
    cd /Users/xinyufang/Documents/Buzz/Buzz.xcodeproj
    

SwiftCompile normal arm64 /Users/xinyufang/Library/Developer/Xcode/DerivedData/Buzz-faillbpsmponqzeruhhvskovixzk/SourcePackages/checkouts/stripe-ios-spm/StripeFinancialConnections/StripeFinancialConnections/Source/Native/PartnerAuth/PrepaneImageView.swift (in target 'StripeFinancialConnections' from project 'Stripe')
    cd /Users/xinyufang/Documents/Buzz/Buzz.xcodeproj
    

SwiftCompile normal arm64 /Users/xinyufang/Library/Developer/Xcode/DerivedData/Buzz-faillbpsmponqzeruhhvskovixzk/SourcePackages/checkouts/stripe-ios-spm/StripeFinancialConnections/StripeFinancialConnections/Source/Native/PartnerAuth/PrepaneViews.swift (in target 'StripeFinancialConnections' from project 'Stripe')
    cd /Users/xinyufang/Documents/Buzz/Buzz.xcodeproj
    

SwiftCompile normal arm64 /Users/xinyufang/Library/Developer/Xcode/DerivedData/Buzz-faillbpsmponqzeruhhvskovixzk/SourcePackages/checkouts/stripe-ios-spm/StripeFinancialConnections/StripeFinancialConnections/Source/Native/ResetFlow/ResetFlowDataSource.swift (in target 'StripeFinancialConnections' from project 'Stripe')
    cd /Users/xinyufang/Documents/Buzz/Buzz.xcodeproj
    

SwiftCompile normal arm64 /Users/xinyufang/Library/Developer/Xcode/DerivedData/Buzz-faillbpsmponqzeruhhvskovixzk/SourcePackages/checkouts/stripe-ios-spm/StripeFinancialConnections/StripeFinancialConnections/Source/Native/ResetFlow/ResetFlowViewController.swift (in target 'StripeFinancialConnections' from project 'Stripe')
    cd /Users/xinyufang/Documents/Buzz/Buzz.xcodeproj
    

SwiftCompile normal arm64 /Users/xinyufang/Library/Developer/Xcode/DerivedData/Buzz-faillbpsmponqzeruhhvskovixzk/SourcePackages/checkouts/stripe-ios-spm/StripeFinancialConnections/StripeFinancialConnections/Source/Native/Shared/AccountPickerRowLabelView.swift (in target 'StripeFinancialConnections' from project 'Stripe')
    cd /Users/xinyufang/Documents/Buzz/Buzz.xcodeproj
    

SwiftCompile normal arm64 /Users/xinyufang/Library/Developer/Xcode/DerivedData/Buzz-faillbpsmponqzeruhhvskovixzk/SourcePackages/checkouts/stripe-ios-spm/StripeFinancialConnections/StripeFinancialConnections/Source/Native/Shared/AccountPickerRowView.swift (in target 'StripeFinancialConnections' from project 'Stripe')
    cd /Users/xinyufang/Documents/Buzz/Buzz.xcodeproj
    

SwiftCompile normal arm64 /Users/xinyufang/Library/Developer/Xcode/DerivedData/Buzz-faillbpsmponqzeruhhvskovixzk/SourcePackages/checkouts/stripe-ios-spm/StripeFinancialConnections/StripeFinancialConnections/Source/Native/Shared/AttributedLabel.swift (in target 'StripeFinancialConnections' from project 'Stripe')
    cd /Users/xinyufang/Documents/Buzz/Buzz.xcodeproj
    

SwiftCompile normal arm64 /Users/xinyufang/Library/Developer/Xcode/DerivedData/Buzz-faillbpsmponqzeruhhvskovixzk/SourcePackages/checkouts/stripe-ios-spm/StripeFinancialConnections/StripeFinancialConnections/Source/Native/Shared/AttributedTextView.swift (in target 'StripeFinancialConnections' from project 'Stripe')
    cd /Users/xinyufang/Documents/Buzz/Buzz.xcodeproj
    

SwiftDriverJobDiscovery normal arm64 Compiling StripeIdentityBundleLocator.swift, UIImage+utils.swift, IdentityVerificationSheet.swift, IdentityVerificationSheetError.swift, IdentityTopLevelDestination.swift, DocumentScanner.swift, DocumentScannerConfiguration.swift, DocumentScannerOutput.swift, FaceCaptureData.swift, FaceScanner.swift, FaceScannerConfiguration.swift, FaceScannerOutput.swift, ImageScanner.swift, ImageScanningConcurrencyManager.swift, ImageScanningSession.swift, ImageScanningSessionDelegate.swift, DocumentUploader.swift, IdentityImageUploader.swift, SelfieUploader.swift (in target 'StripeIdentity' from project 'Stripe')

SwiftCompile normal arm64 Compiling\ FinancialConnectionsNetworkedAccountsResponse.swift,\ FinancialConnectionsNetworkingLinkSignup.swift,\ FinancialConnectionsOAuthPrepane.swift,\ FinancialConnectionsPartnerAccount.swift,\ FinancialConnectionsPaymentAccountResource.swift,\ FinancialConnectionsPaymentDetails.swift,\ FinancialConnectionsPaymentMethodType.swift,\ FinancialConnectionsRepairSession.swift,\ FinancialConnectionsSelectInstitution.swift,\ FinancialConnectionsSession.swift,\ FinancialConnectionsSessionManifest.swift,\ FinancialConnectionsSynchronize.swift,\ FinancialConnectionsAnalyticsClient.swift,\ FinancialConnectionsSheetAnalytics.swift,\ FinancialConnectionsCustomManualEntryRequiredError.swift,\ FinancialConnectionsNavigationController.swift,\ FlowRouter.swift,\ HostController.swift,\ HostViewController.swift,\ LoadingView.swift,\ ModalPresentationWrapperViewController.swift,\ TestModeAutofillBannerView.swift,\ FinancialConnectionsSDKImplementation.swift /Users/xinyufang/Library/Developer/Xcode/DerivedData/Buzz-faillbpsmponqzeruhhvskovixzk/SourcePackages/checkouts/stripe-ios-spm/StripeFinancialConnections/StripeFinancialConnections/Source/API\ Bindings/Models/FinancialConnectionsNetworkedAccountsResponse.swift /Users/xinyufang/Library/Developer/Xcode/DerivedData/Buzz-faillbpsmponqzeruhhvskovixzk/SourcePackages/checkouts/stripe-ios-spm/StripeFinancialConnections/StripeFinancialConnections/Source/API\ Bindings/Models/FinancialConnectionsNetworkingLinkSignup.swift /Users/xinyufang/Library/Developer/Xcode/DerivedData/Buzz-faillbpsmponqzeruhhvskovixzk/SourcePackages/checkouts/stripe-ios-spm/StripeFinancialConnections/StripeFinancialConnections/Source/API\ Bindings/Models/FinancialConnectionsOAuthPrepane.swift /Users/xinyufang/Library/Developer/Xcode/DerivedData/Buzz-faillbpsmponqzeruhhvskovixzk/SourcePackages/checkouts/stripe-ios-spm/StripeFinancialConnections/StripeFinancialConnections/Source/API\ Bindings/Models/FinancialConnectionsPartnerAccount.swift /Users/xinyufang/Library/Developer/Xcode/DerivedData/Buzz-faillbpsmponqzeruhhvskovixzk/SourcePackages/checkouts/stripe-ios-spm/StripeFinancialConnections/StripeFinancialConnections/Source/API\ Bindings/Models/FinancialConnectionsPaymentAccountResource.swift /Users/xinyufang/Library/Developer/Xcode/DerivedData/Buzz-faillbpsmponqzeruhhvskovixzk/SourcePackages/checkouts/stripe-ios-spm/StripeFinancialConnections/StripeFinancialConnections/Source/API\ Bindings/Models/FinancialConnectionsPaymentDetails.swift /Users/xinyufang/Library/Developer/Xcode/DerivedData/Buzz-faillbpsmponqzeruhhvskovixzk/SourcePackages/checkouts/stripe-ios-spm/StripeFinancialConnections/StripeFinancialConnections/Source/API\ Bindings/Models/FinancialConnectionsPaymentMethodType.swift /Users/xinyufang/Library/Developer/Xcode/DerivedData/Buzz-faillbpsmponqzeruhhvskovixzk/SourcePackages/checkouts/stripe-ios-spm/StripeFinancialConnections/StripeFinancialConnections/Source/API\ Bindings/Models/FinancialConnectionsRepairSession.swift /Users/xinyufang/Library/Developer/Xcode/DerivedData/Buzz-faillbpsmponqzeruhhvskovixzk/SourcePackages/checkouts/stripe-ios-spm/StripeFinancialConnections/StripeFinancialConnections/Source/API\ Bindings/Models/FinancialConnectionsSelectInstitution.swift /Users/xinyufang/Library/Developer/Xcode/DerivedData/Buzz-faillbpsmponqzeruhhvskovixzk/SourcePackages/checkouts/stripe-ios-spm/StripeFinancialConnections/StripeFinancialConnections/Source/API\ Bindings/Models/FinancialConnectionsSession.swift /Users/xinyufang/Library/Developer/Xcode/DerivedData/Buzz-faillbpsmponqzeruhhvskovixzk/SourcePackages/checkouts/stripe-ios-spm/StripeFinancialConnections/StripeFinancialConnections/Source/API\ Bindings/Models/FinancialConnectionsSessionManifest.swift /Users/xinyufang/Library/Developer/Xcode/DerivedData/Buzz-faillbpsmponqzeruhhvskovixzk/SourcePackages/checkouts/stripe-ios-spm/StripeFinancialConnections/StripeFinancialConnections/Source/API\ Bindings/Models/FinancialConnectionsSynchronize.swift /Users/xinyufang/Library/Developer/Xcode/DerivedData/Buzz-faillbpsmponqzeruhhvskovixzk/SourcePackages/checkouts/stripe-ios-spm/StripeFinancialConnections/StripeFinancialConnections/Source/Analytics/FinancialConnectionsAnalyticsClient.swift /Users/xinyufang/Library/Developer/Xcode/DerivedData/Buzz-faillbpsmponqzeruhhvskovixzk/SourcePackages/checkouts/stripe-ios-spm/StripeFinancialConnections/StripeFinancialConnections/Source/Analytics/FinancialConnectionsSheetAnalytics.swift /Users/xinyufang/Library/Developer/Xcode/DerivedData/Buzz-faillbpsmponqzeruhhvskovixzk/SourcePackages/checkouts/stripe-ios-spm/StripeFinancialConnections/StripeFinancialConnections/Source/Common/FinancialConnectionsCustomManualEntryRequiredError.swift /Users/xinyufang/Library/Developer/Xcode/DerivedData/Buzz-faillbpsmponqzeruhhvskovixzk/SourcePackages/checkouts/stripe-ios-spm/StripeFinancialConnections/StripeFinancialConnections/Source/Common/FinancialConnectionsNavigationController.swift /Users/xinyufang/Library/Developer/Xcode/DerivedData/Buzz-faillbpsmponqzeruhhvskovixzk/SourcePackages/checkouts/stripe-ios-spm/StripeFinancialConnections/StripeFinancialConnections/Source/Common/FlowRouter.swift /Users/xinyufang/Library/Developer/Xcode/DerivedData/Buzz-faillbpsmponqzeruhhvskovixzk/SourcePackages/checkouts/stripe-ios-spm/StripeFinancialConnections/StripeFinancialConnections/Source/Common/HostController.swift /Users/xinyufang/Library/Developer/Xcode/DerivedData/Buzz-faillbpsmponqzeruhhvskovixzk/SourcePackages/checkouts/stripe-ios-spm/StripeFinancialConnections/StripeFinancialConnections/Source/Common/HostViewController.swift /Users/xinyufang/Library/Developer/Xcode/DerivedData/Buzz-faillbpsmponqzeruhhvskovixzk/SourcePackages/checkouts/stripe-ios-spm/StripeFinancialConnections/StripeFinancialConnections/Source/Common/LoadingView.swift /Users/xinyufang/Library/Developer/Xcode/DerivedData/Buzz-faillbpsmponqzeruhhvskovixzk/SourcePackages/checkouts/stripe-ios-spm/StripeFinancialConnections/StripeFinancialConnections/Source/Common/ModalPresentationWrapperViewController.swift /Users/xinyufang/Library/Developer/Xcode/DerivedData/Buzz-faillbpsmponqzeruhhvskovixzk/SourcePackages/checkouts/stripe-ios-spm/StripeFinancialConnections/StripeFinancialConnections/Source/Common/TestModeAutofillBannerView.swift /Users/xinyufang/Library/Developer/Xcode/DerivedData/Buzz-faillbpsmponqzeruhhvskovixzk/SourcePackages/checkouts/stripe-ios-spm/StripeFinancialConnections/StripeFinancialConnections/Source/FinancialConnectionsSDK/FinancialConnectionsSDKImplementation.swift (in target 'StripeFinancialConnections' from project 'Stripe')

SwiftCompile normal arm64 /Users/xinyufang/Library/Developer/Xcode/DerivedData/Buzz-faillbpsmponqzeruhhvskovixzk/SourcePackages/checkouts/stripe-ios-spm/StripeFinancialConnections/StripeFinancialConnections/Source/API\ Bindings/Models/FinancialConnectionsNetworkedAccountsResponse.swift (in target 'StripeFinancialConnections' from project 'Stripe')
    cd /Users/xinyufang/Documents/Buzz/Buzz.xcodeproj
    

SwiftCompile normal arm64 /Users/xinyufang/Library/Developer/Xcode/DerivedData/Buzz-faillbpsmponqzeruhhvskovixzk/SourcePackages/checkouts/stripe-ios-spm/StripeFinancialConnections/StripeFinancialConnections/Source/API\ Bindings/Models/FinancialConnectionsNetworkingLinkSignup.swift (in target 'StripeFinancialConnections' from project 'Stripe')
    cd /Users/xinyufang/Documents/Buzz/Buzz.xcodeproj
    

SwiftCompile normal arm64 /Users/xinyufang/Library/Developer/Xcode/DerivedData/Buzz-faillbpsmponqzeruhhvskovixzk/SourcePackages/checkouts/stripe-ios-spm/StripeFinancialConnections/StripeFinancialConnections/Source/API\ Bindings/Models/FinancialConnectionsOAuthPrepane.swift (in target 'StripeFinancialConnections' from project 'Stripe')
    cd /Users/xinyufang/Documents/Buzz/Buzz.xcodeproj
    

SwiftCompile normal arm64 /Users/xinyufang/Library/Developer/Xcode/DerivedData/Buzz-faillbpsmponqzeruhhvskovixzk/SourcePackages/checkouts/stripe-ios-spm/StripeFinancialConnections/StripeFinancialConnections/Source/API\ Bindings/Models/FinancialConnectionsPartnerAccount.swift (in target 'StripeFinancialConnections' from project 'Stripe')
    cd /Users/xinyufang/Documents/Buzz/Buzz.xcodeproj
    

SwiftCompile normal arm64 /Users/xinyufang/Library/Developer/Xcode/DerivedData/Buzz-faillbpsmponqzeruhhvskovixzk/SourcePackages/checkouts/stripe-ios-spm/StripeFinancialConnections/StripeFinancialConnections/Source/API\ Bindings/Models/FinancialConnectionsPaymentAccountResource.swift (in target 'StripeFinancialConnections' from project 'Stripe')
    cd /Users/xinyufang/Documents/Buzz/Buzz.xcodeproj
    

SwiftCompile normal arm64 /Users/xinyufang/Library/Developer/Xcode/DerivedData/Buzz-faillbpsmponqzeruhhvskovixzk/SourcePackages/checkouts/stripe-ios-spm/StripeFinancialConnections/StripeFinancialConnections/Source/API\ Bindings/Models/FinancialConnectionsPaymentDetails.swift (in target 'StripeFinancialConnections' from project 'Stripe')
    cd /Users/xinyufang/Documents/Buzz/Buzz.xcodeproj
    

SwiftCompile normal arm64 /Users/xinyufang/Library/Developer/Xcode/DerivedData/Buzz-faillbpsmponqzeruhhvskovixzk/SourcePackages/checkouts/stripe-ios-spm/StripeFinancialConnections/StripeFinancialConnections/Source/API\ Bindings/Models/FinancialConnectionsPaymentMethodType.swift (in target 'StripeFinancialConnections' from project 'Stripe')
    cd /Users/xinyufang/Documents/Buzz/Buzz.xcodeproj
    

SwiftCompile normal arm64 /Users/xinyufang/Library/Developer/Xcode/DerivedData/Buzz-faillbpsmponqzeruhhvskovixzk/SourcePackages/checkouts/stripe-ios-spm/StripeFinancialConnections/StripeFinancialConnections/Source/API\ Bindings/Models/FinancialConnectionsRepairSession.swift (in target 'StripeFinancialConnections' from project 'Stripe')
    cd /Users/xinyufang/Documents/Buzz/Buzz.xcodeproj
    

SwiftCompile normal arm64 /Users/xinyufang/Library/Developer/Xcode/DerivedData/Buzz-faillbpsmponqzeruhhvskovixzk/SourcePackages/checkouts/stripe-ios-spm/StripeFinancialConnections/StripeFinancialConnections/Source/API\ Bindings/Models/FinancialConnectionsSelectInstitution.swift (in target 'StripeFinancialConnections' from project 'Stripe')
    cd /Users/xinyufang/Documents/Buzz/Buzz.xcodeproj
    

SwiftCompile normal arm64 /Users/xinyufang/Library/Developer/Xcode/DerivedData/Buzz-faillbpsmponqzeruhhvskovixzk/SourcePackages/checkouts/stripe-ios-spm/StripeFinancialConnections/StripeFinancialConnections/Source/API\ Bindings/Models/FinancialConnectionsSession.swift (in target 'StripeFinancialConnections' from project 'Stripe')
    cd /Users/xinyufang/Documents/Buzz/Buzz.xcodeproj
    

SwiftCompile normal arm64 /Users/xinyufang/Library/Developer/Xcode/DerivedData/Buzz-faillbpsmponqzeruhhvskovixzk/SourcePackages/checkouts/stripe-ios-spm/StripeFinancialConnections/StripeFinancialConnections/Source/API\ Bindings/Models/FinancialConnectionsSessionManifest.swift (in target 'StripeFinancialConnections' from project 'Stripe')
    cd /Users/xinyufang/Documents/Buzz/Buzz.xcodeproj
    

SwiftCompile normal arm64 /Users/xinyufang/Library/Developer/Xcode/DerivedData/Buzz-faillbpsmponqzeruhhvskovixzk/SourcePackages/checkouts/stripe-ios-spm/StripeFinancialConnections/StripeFinancialConnections/Source/API\ Bindings/Models/FinancialConnectionsSynchronize.swift (in target 'StripeFinancialConnections' from project 'Stripe')
    cd /Users/xinyufang/Documents/Buzz/Buzz.xcodeproj
    

SwiftCompile normal arm64 /Users/xinyufang/Library/Developer/Xcode/DerivedData/Buzz-faillbpsmponqzeruhhvskovixzk/SourcePackages/checkouts/stripe-ios-spm/StripeFinancialConnections/StripeFinancialConnections/Source/Analytics/FinancialConnectionsAnalyticsClient.swift (in target 'StripeFinancialConnections' from project 'Stripe')
    cd /Users/xinyufang/Documents/Buzz/Buzz.xcodeproj
    

SwiftCompile normal arm64 /Users/xinyufang/Library/Developer/Xcode/DerivedData/Buzz-faillbpsmponqzeruhhvskovixzk/SourcePackages/checkouts/stripe-ios-spm/StripeFinancialConnections/StripeFinancialConnections/Source/Analytics/FinancialConnectionsSheetAnalytics.swift (in target 'StripeFinancialConnections' from project 'Stripe')
    cd /Users/xinyufang/Documents/Buzz/Buzz.xcodeproj
    

SwiftCompile normal arm64 /Users/xinyufang/Library/Developer/Xcode/DerivedData/Buzz-faillbpsmponqzeruhhvskovixzk/SourcePackages/checkouts/stripe-ios-spm/StripeFinancialConnections/StripeFinancialConnections/Source/Common/FinancialConnectionsCustomManualEntryRequiredError.swift (in target 'StripeFinancialConnections' from project 'Stripe')
    cd /Users/xinyufang/Documents/Buzz/Buzz.xcodeproj
    

SwiftCompile normal arm64 /Users/xinyufang/Library/Developer/Xcode/DerivedData/Buzz-faillbpsmponqzeruhhvskovixzk/SourcePackages/checkouts/stripe-ios-spm/StripeFinancialConnections/StripeFinancialConnections/Source/Common/FinancialConnectionsNavigationController.swift (in target 'StripeFinancialConnections' from project 'Stripe')
    cd /Users/xinyufang/Documents/Buzz/Buzz.xcodeproj
    

SwiftCompile normal arm64 /Users/xinyufang/Library/Developer/Xcode/DerivedData/Buzz-faillbpsmponqzeruhhvskovixzk/SourcePackages/checkouts/stripe-ios-spm/StripeFinancialConnections/StripeFinancialConnections/Source/Common/FlowRouter.swift (in target 'StripeFinancialConnections' from project 'Stripe')
    cd /Users/xinyufang/Documents/Buzz/Buzz.xcodeproj
    

SwiftCompile normal arm64 /Users/xinyufang/Library/Developer/Xcode/DerivedData/Buzz-faillbpsmponqzeruhhvskovixzk/SourcePackages/checkouts/stripe-ios-spm/StripeFinancialConnections/StripeFinancialConnections/Source/Common/HostController.swift (in target 'StripeFinancialConnections' from project 'Stripe')
    cd /Users/xinyufang/Documents/Buzz/Buzz.xcodeproj
    

SwiftCompile normal arm64 /Users/xinyufang/Library/Developer/Xcode/DerivedData/Buzz-faillbpsmponqzeruhhvskovixzk/SourcePackages/checkouts/stripe-ios-spm/StripeFinancialConnections/StripeFinancialConnections/Source/Common/HostViewController.swift (in target 'StripeFinancialConnections' from project 'Stripe')
    cd /Users/xinyufang/Documents/Buzz/Buzz.xcodeproj
    

SwiftCompile normal arm64 /Users/xinyufang/Library/Developer/Xcode/DerivedData/Buzz-faillbpsmponqzeruhhvskovixzk/SourcePackages/checkouts/stripe-ios-spm/StripeFinancialConnections/StripeFinancialConnections/Source/Common/LoadingView.swift (in target 'StripeFinancialConnections' from project 'Stripe')
    cd /Users/xinyufang/Documents/Buzz/Buzz.xcodeproj
    

SwiftCompile normal arm64 /Users/xinyufang/Library/Developer/Xcode/DerivedData/Buzz-faillbpsmponqzeruhhvskovixzk/SourcePackages/checkouts/stripe-ios-spm/StripeFinancialConnections/StripeFinancialConnections/Source/Common/ModalPresentationWrapperViewController.swift (in target 'StripeFinancialConnections' from project 'Stripe')
    cd /Users/xinyufang/Documents/Buzz/Buzz.xcodeproj
    

SwiftCompile normal arm64 /Users/xinyufang/Library/Developer/Xcode/DerivedData/Buzz-faillbpsmponqzeruhhvskovixzk/SourcePackages/checkouts/stripe-ios-spm/StripeFinancialConnections/StripeFinancialConnections/Source/Common/TestModeAutofillBannerView.swift (in target 'StripeFinancialConnections' from project 'Stripe')
    cd /Users/xinyufang/Documents/Buzz/Buzz.xcodeproj
    

SwiftCompile normal arm64 /Users/xinyufang/Library/Developer/Xcode/DerivedData/Buzz-faillbpsmponqzeruhhvskovixzk/SourcePackages/checkouts/stripe-ios-spm/StripeFinancialConnections/StripeFinancialConnections/Source/FinancialConnectionsSDK/FinancialConnectionsSDKImplementation.swift (in target 'StripeFinancialConnections' from project 'Stripe')
    cd /Users/xinyufang/Documents/Buzz/Buzz.xcodeproj
    

SwiftDriverJobDiscovery normal arm64 Compiling VerificationSheetController.swift, VerificationSheetFlowController.swift, VerificationSheetFlowControllerError.swift, BarcodeDetector.swift, FaceDetector.swift, FaceDetectorOutput.swift, IDDetector.swift, IDDetectorConstants.swift, IDDetectorOutput.swift, LaplacianBlurDetector.swift, MLDetectorConfiguration.swift, MLDetectorMetricsTracker.swift, MotionBlurDetector.swift, VisionBasedDetector.swift, DocumentSide.swift, IdentityDataCollecting.swift, IdentityFlowNavigationController.swift, IdentityUI.swift, MLModelLoader.swift (in target 'StripeIdentity' from project 'Stripe')

SwiftCompile normal arm64 Compiling\ FinancialConnectionsSheet.swift,\ FinancialConnectionsSheetError.swift,\ FinancialConnectionsAppearance.swift,\ FinancialConnectionsEvent+Extensions.swift,\ FinancialConnectionsFont.swift,\ Helpers.swift,\ Image.swift,\ NSAttributedString+Extensions.swift,\ PaymentAccount+Extensions.swift,\ STPLocalizedString.swift,\ ScreenNativeScale.swift,\ String+Extensions.swift,\ String+Localized.swift,\ StripeFinancialConnectionsBundleLocator.swift,\ UIViewController+Extensions.swift,\ AccountPickerAccountLoadErrorView.swift,\ AccountPickerDataSource.swift,\ AccountPickerFooterView.swift,\ AccountPickerHelpers.swift,\ AccountPickerNoAccountEligibleErrorView.swift,\ AccountPickerSelectionListView.swift,\ AccountPickerSelectionView.swift,\ AccountPickerViewController.swift /Users/xinyufang/Library/Developer/Xcode/DerivedData/Buzz-faillbpsmponqzeruhhvskovixzk/SourcePackages/checkouts/stripe-ios-spm/StripeFinancialConnections/StripeFinancialConnections/Source/FinancialConnectionsSheet.swift /Users/xinyufang/Library/Developer/Xcode/DerivedData/Buzz-faillbpsmponqzeruhhvskovixzk/SourcePackages/checkouts/stripe-ios-spm/StripeFinancialConnections/StripeFinancialConnections/Source/FinancialConnectionsSheetError.swift /Users/xinyufang/Library/Developer/Xcode/DerivedData/Buzz-faillbpsmponqzeruhhvskovixzk/SourcePackages/checkouts/stripe-ios-spm/StripeFinancialConnections/StripeFinancialConnections/Source/Helpers/FinancialConnectionsAppearance.swift /Users/xinyufang/Library/Developer/Xcode/DerivedData/Buzz-faillbpsmponqzeruhhvskovixzk/SourcePackages/checkouts/stripe-ios-spm/StripeFinancialConnections/StripeFinancialConnections/Source/Helpers/FinancialConnectionsEvent+Extensions.swift /Users/xinyufang/Library/Developer/Xcode/DerivedData/Buzz-faillbpsmponqzeruhhvskovixzk/SourcePackages/checkouts/stripe-ios-spm/StripeFinancialConnections/StripeFinancialConnections/Source/Helpers/FinancialConnectionsFont.swift /Users/xinyufang/Library/Developer/Xcode/DerivedData/Buzz-faillbpsmponqzeruhhvskovixzk/SourcePackages/checkouts/stripe-ios-spm/StripeFinancialConnections/StripeFinancialConnections/Source/Helpers/Helpers.swift /Users/xinyufang/Library/Developer/Xcode/DerivedData/Buzz-faillbpsmponqzeruhhvskovixzk/SourcePackages/checkouts/stripe-ios-spm/StripeFinancialConnections/StripeFinancialConnections/Source/Helpers/Image.swift /Users/xinyufang/Library/Developer/Xcode/DerivedData/Buzz-faillbpsmponqzeruhhvskovixzk/SourcePackages/checkouts/stripe-ios-spm/StripeFinancialConnections/StripeFinancialConnections/Source/Helpers/NSAttributedString+Extensions.swift /Users/xinyufang/Library/Developer/Xcode/DerivedData/Buzz-faillbpsmponqzeruhhvskovixzk/SourcePackages/checkouts/stripe-ios-spm/StripeFinancialConnections/StripeFinancialConnections/Source/Helpers/PaymentAccount+Extensions.swift /Users/xinyufang/Library/Developer/Xcode/DerivedData/Buzz-faillbpsmponqzeruhhvskovixzk/SourcePackages/checkouts/stripe-ios-spm/StripeFinancialConnections/StripeFinancialConnections/Source/Helpers/STPLocalizedString.swift /Users/xinyufang/Library/Developer/Xcode/DerivedData/Buzz-faillbpsmponqzeruhhvskovixzk/SourcePackages/checkouts/stripe-ios-spm/StripeFinancialConnections/StripeFinancialConnections/Source/Helpers/ScreenNativeScale.swift /Users/xinyufang/Library/Developer/Xcode/DerivedData/Buzz-faillbpsmponqzeruhhvskovixzk/SourcePackages/checkouts/stripe-ios-spm/StripeFinancialConnections/StripeFinancialConnections/Source/Helpers/String+Extensions.swift /Users/xinyufang/Library/Developer/Xcode/DerivedData/Buzz-faillbpsmponqzeruhhvskovixzk/SourcePackages/checkouts/stripe-ios-spm/StripeFinancialConnections/StripeFinancialConnections/Source/Helpers/String+Localized.swift /Users/xinyufang/Library/Developer/Xcode/DerivedData/Buzz-faillbpsmponqzeruhhvskovixzk/SourcePackages/checkouts/stripe-ios-spm/StripeFinancialConnections/StripeFinancialConnections/Source/Helpers/StripeFinancialConnectionsBundleLocator.swift /Users/xinyufang/Library/Developer/Xcode/DerivedData/Buzz-faillbpsmponqzeruhhvskovixzk/SourcePackages/checkouts/stripe-ios-spm/StripeFinancialConnections/StripeFinancialConnections/Source/Helpers/UIViewController+Extensions.swift /Users/xinyufang/Library/Developer/Xcode/DerivedData/Buzz-faillbpsmponqzeruhhvskovixzk/SourcePackages/checkouts/stripe-ios-spm/StripeFinancialConnections/StripeFinancialConnections/Source/Native/AccountPicker/AccountPickerAccountLoadErrorView.swift /Users/xinyufang/Library/Developer/Xcode/DerivedData/Buzz-faillbpsmponqzeruhhvskovixzk/SourcePackages/checkouts/stripe-ios-spm/StripeFinancialConnections/StripeFinancialConnections/Source/Native/AccountPicker/AccountPickerDataSource.swift /Users/xinyufang/Library/Developer/Xcode/DerivedData/Buzz-faillbpsmponqzeruhhvskovixzk/SourcePackages/checkouts/stripe-ios-spm/StripeFinancialConnections/StripeFinancialConnections/Source/Native/AccountPicker/AccountPickerFooterView.swift /Users/xinyufang/Library/Developer/Xcode/DerivedData/Buzz-faillbpsmponqzeruhhvskovixzk/SourcePackages/checkouts/stripe-ios-spm/StripeFinancialConnections/StripeFinancialConnections/Source/Native/AccountPicker/AccountPickerHelpers.swift /Users/xinyufang/Library/Developer/Xcode/DerivedData/Buzz-faillbpsmponqzeruhhvskovixzk/SourcePackages/checkouts/stripe-ios-spm/StripeFinancialConnections/StripeFinancialConnections/Source/Native/AccountPicker/AccountPickerNoAccountEligibleErrorView.swift /Users/xinyufang/Library/Developer/Xcode/DerivedData/Buzz-faillbpsmponqzeruhhvskovixzk/SourcePackages/checkouts/stripe-ios-spm/StripeFinancialConnections/StripeFinancialConnections/Source/Native/AccountPicker/AccountPickerSelectionListView.swift /Users/xinyufang/Library/Developer/Xcode/DerivedData/Buzz-faillbpsmponqzeruhhvskovixzk/SourcePackages/checkouts/stripe-ios-spm/StripeFinancialConnections/StripeFinancialConnections/Source/Native/AccountPicker/AccountPickerSelectionView.swift /Users/xinyufang/Library/Developer/Xcode/DerivedData/Buzz-faillbpsmponqzeruhhvskovixzk/SourcePackages/checkouts/stripe-ios-spm/StripeFinancialConnections/StripeFinancialConnections/Source/Native/AccountPicker/AccountPickerViewController.swift (in target 'StripeFinancialConnections' from project 'Stripe')

SwiftCompile normal arm64 /Users/xinyufang/Library/Developer/Xcode/DerivedData/Buzz-faillbpsmponqzeruhhvskovixzk/SourcePackages/checkouts/stripe-ios-spm/StripeFinancialConnections/StripeFinancialConnections/Source/FinancialConnectionsSheet.swift (in target 'StripeFinancialConnections' from project 'Stripe')
    cd /Users/xinyufang/Documents/Buzz/Buzz.xcodeproj
    

SwiftCompile normal arm64 /Users/xinyufang/Library/Developer/Xcode/DerivedData/Buzz-faillbpsmponqzeruhhvskovixzk/SourcePackages/checkouts/stripe-ios-spm/StripeFinancialConnections/StripeFinancialConnections/Source/FinancialConnectionsSheetError.swift (in target 'StripeFinancialConnections' from project 'Stripe')
    cd /Users/xinyufang/Documents/Buzz/Buzz.xcodeproj
    

SwiftCompile normal arm64 /Users/xinyufang/Library/Developer/Xcode/DerivedData/Buzz-faillbpsmponqzeruhhvskovixzk/SourcePackages/checkouts/stripe-ios-spm/StripeFinancialConnections/StripeFinancialConnections/Source/Helpers/FinancialConnectionsAppearance.swift (in target 'StripeFinancialConnections' from project 'Stripe')
    cd /Users/xinyufang/Documents/Buzz/Buzz.xcodeproj
    

SwiftCompile normal arm64 /Users/xinyufang/Library/Developer/Xcode/DerivedData/Buzz-faillbpsmponqzeruhhvskovixzk/SourcePackages/checkouts/stripe-ios-spm/StripeFinancialConnections/StripeFinancialConnections/Source/Helpers/FinancialConnectionsEvent+Extensions.swift (in target 'StripeFinancialConnections' from project 'Stripe')
    cd /Users/xinyufang/Documents/Buzz/Buzz.xcodeproj
    

SwiftCompile normal arm64 /Users/xinyufang/Library/Developer/Xcode/DerivedData/Buzz-faillbpsmponqzeruhhvskovixzk/SourcePackages/checkouts/stripe-ios-spm/StripeFinancialConnections/StripeFinancialConnections/Source/Helpers/FinancialConnectionsFont.swift (in target 'StripeFinancialConnections' from project 'Stripe')
    cd /Users/xinyufang/Documents/Buzz/Buzz.xcodeproj
    

SwiftCompile normal arm64 /Users/xinyufang/Library/Developer/Xcode/DerivedData/Buzz-faillbpsmponqzeruhhvskovixzk/SourcePackages/checkouts/stripe-ios-spm/StripeFinancialConnections/StripeFinancialConnections/Source/Helpers/Helpers.swift (in target 'StripeFinancialConnections' from project 'Stripe')
    cd /Users/xinyufang/Documents/Buzz/Buzz.xcodeproj
    

SwiftCompile normal arm64 /Users/xinyufang/Library/Developer/Xcode/DerivedData/Buzz-faillbpsmponqzeruhhvskovixzk/SourcePackages/checkouts/stripe-ios-spm/StripeFinancialConnections/StripeFinancialConnections/Source/Helpers/Image.swift (in target 'StripeFinancialConnections' from project 'Stripe')
    cd /Users/xinyufang/Documents/Buzz/Buzz.xcodeproj
    

SwiftCompile normal arm64 /Users/xinyufang/Library/Developer/Xcode/DerivedData/Buzz-faillbpsmponqzeruhhvskovixzk/SourcePackages/checkouts/stripe-ios-spm/StripeFinancialConnections/StripeFinancialConnections/Source/Helpers/NSAttributedString+Extensions.swift (in target 'StripeFinancialConnections' from project 'Stripe')
    cd /Users/xinyufang/Documents/Buzz/Buzz.xcodeproj
    

SwiftCompile normal arm64 /Users/xinyufang/Library/Developer/Xcode/DerivedData/Buzz-faillbpsmponqzeruhhvskovixzk/SourcePackages/checkouts/stripe-ios-spm/StripeFinancialConnections/StripeFinancialConnections/Source/Helpers/PaymentAccount+Extensions.swift (in target 'StripeFinancialConnections' from project 'Stripe')
    cd /Users/xinyufang/Documents/Buzz/Buzz.xcodeproj
    

SwiftCompile normal arm64 /Users/xinyufang/Library/Developer/Xcode/DerivedData/Buzz-faillbpsmponqzeruhhvskovixzk/SourcePackages/checkouts/stripe-ios-spm/StripeFinancialConnections/StripeFinancialConnections/Source/Helpers/STPLocalizedString.swift (in target 'StripeFinancialConnections' from project 'Stripe')
    cd /Users/xinyufang/Documents/Buzz/Buzz.xcodeproj
    

SwiftCompile normal arm64 /Users/xinyufang/Library/Developer/Xcode/DerivedData/Buzz-faillbpsmponqzeruhhvskovixzk/SourcePackages/checkouts/stripe-ios-spm/StripeFinancialConnections/StripeFinancialConnections/Source/Helpers/ScreenNativeScale.swift (in target 'StripeFinancialConnections' from project 'Stripe')
    cd /Users/xinyufang/Documents/Buzz/Buzz.xcodeproj
    

SwiftCompile normal arm64 /Users/xinyufang/Library/Developer/Xcode/DerivedData/Buzz-faillbpsmponqzeruhhvskovixzk/SourcePackages/checkouts/stripe-ios-spm/StripeFinancialConnections/StripeFinancialConnections/Source/Helpers/String+Extensions.swift (in target 'StripeFinancialConnections' from project 'Stripe')
    cd /Users/xinyufang/Documents/Buzz/Buzz.xcodeproj
    

SwiftCompile normal arm64 /Users/xinyufang/Library/Developer/Xcode/DerivedData/Buzz-faillbpsmponqzeruhhvskovixzk/SourcePackages/checkouts/stripe-ios-spm/StripeFinancialConnections/StripeFinancialConnections/Source/Helpers/String+Localized.swift (in target 'StripeFinancialConnections' from project 'Stripe')
    cd /Users/xinyufang/Documents/Buzz/Buzz.xcodeproj
    

SwiftCompile normal arm64 /Users/xinyufang/Library/Developer/Xcode/DerivedData/Buzz-faillbpsmponqzeruhhvskovixzk/SourcePackages/checkouts/stripe-ios-spm/StripeFinancialConnections/StripeFinancialConnections/Source/Helpers/StripeFinancialConnectionsBundleLocator.swift (in target 'StripeFinancialConnections' from project 'Stripe')
    cd /Users/xinyufang/Documents/Buzz/Buzz.xcodeproj
    

SwiftCompile normal arm64 /Users/xinyufang/Library/Developer/Xcode/DerivedData/Buzz-faillbpsmponqzeruhhvskovixzk/SourcePackages/checkouts/stripe-ios-spm/StripeFinancialConnections/StripeFinancialConnections/Source/Helpers/UIViewController+Extensions.swift (in target 'StripeFinancialConnections' from project 'Stripe')
    cd /Users/xinyufang/Documents/Buzz/Buzz.xcodeproj
    

SwiftCompile normal arm64 /Users/xinyufang/Library/Developer/Xcode/DerivedData/Buzz-faillbpsmponqzeruhhvskovixzk/SourcePackages/checkouts/stripe-ios-spm/StripeFinancialConnections/StripeFinancialConnections/Source/Native/AccountPicker/AccountPickerAccountLoadErrorView.swift (in target 'StripeFinancialConnections' from project 'Stripe')
    cd /Users/xinyufang/Documents/Buzz/Buzz.xcodeproj
    

SwiftCompile normal arm64 /Users/xinyufang/Library/Developer/Xcode/DerivedData/Buzz-faillbpsmponqzeruhhvskovixzk/SourcePackages/checkouts/stripe-ios-spm/StripeFinancialConnections/StripeFinancialConnections/Source/Native/AccountPicker/AccountPickerDataSource.swift (in target 'StripeFinancialConnections' from project 'Stripe')
    cd /Users/xinyufang/Documents/Buzz/Buzz.xcodeproj
    

SwiftCompile normal arm64 /Users/xinyufang/Library/Developer/Xcode/DerivedData/Buzz-faillbpsmponqzeruhhvskovixzk/SourcePackages/checkouts/stripe-ios-spm/StripeFinancialConnections/StripeFinancialConnections/Source/Native/AccountPicker/AccountPickerFooterView.swift (in target 'StripeFinancialConnections' from project 'Stripe')
    cd /Users/xinyufang/Documents/Buzz/Buzz.xcodeproj
    

SwiftCompile normal arm64 /Users/xinyufang/Library/Developer/Xcode/DerivedData/Buzz-faillbpsmponqzeruhhvskovixzk/SourcePackages/checkouts/stripe-ios-spm/StripeFinancialConnections/StripeFinancialConnections/Source/Native/AccountPicker/AccountPickerHelpers.swift (in target 'StripeFinancialConnections' from project 'Stripe')
    cd /Users/xinyufang/Documents/Buzz/Buzz.xcodeproj
    

SwiftCompile normal arm64 /Users/xinyufang/Library/Developer/Xcode/DerivedData/Buzz-faillbpsmponqzeruhhvskovixzk/SourcePackages/checkouts/stripe-ios-spm/StripeFinancialConnections/StripeFinancialConnections/Source/Native/AccountPicker/AccountPickerNoAccountEligibleErrorView.swift (in target 'StripeFinancialConnections' from project 'Stripe')
    cd /Users/xinyufang/Documents/Buzz/Buzz.xcodeproj
    

SwiftCompile normal arm64 /Users/xinyufang/Library/Developer/Xcode/DerivedData/Buzz-faillbpsmponqzeruhhvskovixzk/SourcePackages/checkouts/stripe-ios-spm/StripeFinancialConnections/StripeFinancialConnections/Source/Native/AccountPicker/AccountPickerSelectionListView.swift (in target 'StripeFinancialConnections' from project 'Stripe')
    cd /Users/xinyufang/Documents/Buzz/Buzz.xcodeproj
    

SwiftCompile normal arm64 /Users/xinyufang/Library/Developer/Xcode/DerivedData/Buzz-faillbpsmponqzeruhhvskovixzk/SourcePackages/checkouts/stripe-ios-spm/StripeFinancialConnections/StripeFinancialConnections/Source/Native/AccountPicker/AccountPickerSelectionView.swift (in target 'StripeFinancialConnections' from project 'Stripe')
    cd /Users/xinyufang/Documents/Buzz/Buzz.xcodeproj
    

SwiftCompile normal arm64 /Users/xinyufang/Library/Developer/Xcode/DerivedData/Buzz-faillbpsmponqzeruhhvskovixzk/SourcePackages/checkouts/stripe-ios-spm/StripeFinancialConnections/StripeFinancialConnections/Source/Native/AccountPicker/AccountPickerViewController.swift (in target 'StripeFinancialConnections' from project 'Stripe')
    cd /Users/xinyufang/Documents/Buzz/Buzz.xcodeproj
    

SwiftDriverJobDiscovery normal arm64 Compiling HTMLTextView.swift, HTMLViewWithIconLabels.swift, IconLabelHTMLView.swift, MultilineIconLabelHTMLView.swift, InstructionListView.swift, ListItemView.swift, ListView.swift, PhoneOtpView.swift, SelfieCaptureView.swift, SelfieScanningView.swift, SelfieWarmupView.swift, ShadowConfiguration.swift, ShadowedCorneredImageView.swift, StripeCore+Import.swift, VerificationClientSecret.swift, VerificationSheetAnalytics.swift, VerificationFlowWebView.swift, VerificationFlowWebViewController.swift, VerifyWebURLHelper.swift (in target 'StripeIdentity' from project 'Stripe')

SwiftDriverJobDiscovery normal arm64 Compiling resource_bundle_accessor.swift, APIVersion.swift, FinancialConnectionsAPI.swift, FinancialConnectionsAPIClientLogger.swift, FinancialConnectionsAPIEndpoint.swift, FinancialConnectionsAsyncAPIClient+Wrappers.swift, FinancialConnectionsAsyncAPIClient.swift, BankAccountToken.swift, ConsumerSessionModels.swift, FinancialConnectionsAccount.swift, FinancialConnectionsAccountPickerPane.swift, FinancialConnectionsAuthSession.swift, FinancialConnectionsBulletPoint.swift, FinancialConnectionsConsent.swift, FinancialConnectionsDataAccessNotice.swift, FinancialConnectionsGenericInfoScreen.swift, FinancialConnectionsIDConsentContent.swift, FinancialConnectionsImage.swift, FinancialConnectionsInstitution.swift, FinancialConnectionsInstitutionSearchResultResource.swift, FinancialConnectionsLegalDetailsNotice.swift, FinancialConnectionsLinkLoginPane.swift, FinancialConnectionsMixedOAuthParams.swift (in target 'StripeFinancialConnections' from project 'Stripe')

SwiftDriver\ Compilation StripeIdentity normal arm64 com.apple.xcode.tools.swift.compiler (in target 'StripeIdentity' from project 'Stripe')
    cd /Users/xinyufang/Documents/Buzz/Buzz.xcodeproj
    builtin-Swift-Compilation -- /Applications/Xcode.app/Contents/Developer/Toolchains/XcodeDefault.xctoolchain/usr/bin/swiftc -module-name StripeIdentity -Onone -enforce-exclusivity\=checked @/Users/xinyufang/Library/Developer/Xcode/DerivedData/Buzz-faillbpsmponqzeruhhvskovixzk/Build/Intermediates.noindex/Stripe.build/Debug-iphonesimulator/StripeIdentity.build/Objects-normal/arm64/StripeIdentity.SwiftFileList -DSWIFT_PACKAGE -DDEBUG -DSWIFT_MODULE_RESOURCE_BUNDLE_AVAILABLE -DXcode -plugin-path /Applications/Xcode.app/Contents/Developer/Toolchains/XcodeDefault.xctoolchain/usr/lib/swift/host/plugins/testing -enable-experimental-feature DebugDescriptionMacro -sdk /Applications/Xcode.app/Contents/Developer/Platforms/iPhoneSimulator.platform/Developer/SDKs/iPhoneSimulator26.0.sdk -target arm64-apple-ios13.0-simulator -g -module-cache-path /Users/xinyufang/Library/Developer/Xcode/DerivedData/ModuleCache.noindex -Xfrontend -serialize-debugging-options -enable-testing -suppress-warnings -index-store-path /Users/xinyufang/Library/Developer/Xcode/DerivedData/Buzz-faillbpsmponqzeruhhvskovixzk/Index.noindex/DataStore -Xcc -D_LIBCPP_HARDENING_MODE\=_LIBCPP_HARDENING_MODE_DEBUG -swift-version 5 -I /Users/xinyufang/Library/Developer/Xcode/DerivedData/Buzz-faillbpsmponqzeruhhvskovixzk/Build/Products/Debug-iphonesimulator -Isystem /Applications/Xcode.app/Contents/Developer/Platforms/iPhoneSimulator.platform/Developer/usr/lib -F /Users/xinyufang/Library/Developer/Xcode/DerivedData/Buzz-faillbpsmponqzeruhhvskovixzk/Build/Products/Debug-iphonesimulator/PackageFrameworks -F /Users/xinyufang/Library/Developer/Xcode/DerivedData/Buzz-faillbpsmponqzeruhhvskovixzk/Build/Products/Debug-iphonesimulator/PackageFrameworks -F /Users/xinyufang/Library/Developer/Xcode/DerivedData/Buzz-faillbpsmponqzeruhhvskovixzk/Build/Products/Debug-iphonesimulator/PackageFrameworks -F /Users/xinyufang/Library/Developer/Xcode/DerivedData/Buzz-faillbpsmponqzeruhhvskovixzk/Build/Products/Debug-iphonesimulator -F /Applications/Xcode.app/Contents/Developer/Platforms/iPhoneSimulator.platform/Developer/Library/Frameworks -F /Applications/Xcode.app/Contents/Developer/Platforms/iPhoneSimulator.platform/Developer/SDKs/iPhoneSimulator26.0.sdk/Developer/Library/Frameworks -emit-localized-strings -emit-localized-strings-path /Users/xinyufang/Library/Developer/Xcode/DerivedData/Buzz-faillbpsmponqzeruhhvskovixzk/Build/Intermediates.noindex/Stripe.build/Debug-iphonesimulator/StripeIdentity.build/Objects-normal/arm64 -c -j8 -enable-batch-mode -incremental -Xcc -ivfsstatcache -Xcc /Users/xinyufang/Library/Developer/Xcode/DerivedData/SDKStatCaches.noindex/iphonesimulator26.0-23A339-26257891a6c027eb51374368541b8346.sdkstatcache -output-file-map /Users/xinyufang/Library/Developer/Xcode/DerivedData/Buzz-faillbpsmponqzeruhhvskovixzk/Build/Intermediates.noindex/Stripe.build/Debug-iphonesimulator/StripeIdentity.build/Objects-normal/arm64/StripeIdentity-OutputFileMap.json -use-frontend-parseable-output -save-temps -no-color-diagnostics -explicit-module-build -module-cache-path /Users/xinyufang/Library/Developer/Xcode/DerivedData/Buzz-faillbpsmponqzeruhhvskovixzk/Build/Intermediates.noindex/SwiftExplicitPrecompiledModules -clang-scanner-module-cache-path /Users/xinyufang/Library/Developer/Xcode/DerivedData/ModuleCache.noindex -sdk-module-cache-path /Users/xinyufang/Library/Developer/Xcode/DerivedData/ModuleCache.noindex -serialize-diagnostics -emit-dependencies -emit-module -emit-module-path /Users/xinyufang/Library/Developer/Xcode/DerivedData/Buzz-faillbpsmponqzeruhhvskovixzk/Build/Intermediates.noindex/Stripe.build/Debug-iphonesimulator/StripeIdentity.build/Objects-normal/arm64/StripeIdentity.swiftmodule -validate-clang-modules-once -clang-build-session-file /Users/xinyufang/Library/Developer/Xcode/DerivedData/ModuleCache.noindex/Session.modulevalidation -Xcc -I/Users/xinyufang/Library/Developer/Xcode/DerivedData/Buzz-faillbpsmponqzeruhhvskovixzk/Build/Intermediates.noindex/Stripe.build/Debug-iphonesimulator/StripeIdentity.build/swift-overrides.hmap -emit-const-values -Xfrontend -const-gather-protocols-file -Xfrontend /Users/xinyufang/Library/Developer/Xcode/DerivedData/Buzz-faillbpsmponqzeruhhvskovixzk/Build/Intermediates.noindex/Stripe.build/Debug-iphonesimulator/StripeIdentity.build/Objects-normal/arm64/StripeIdentity_const_extract_protocols.json -Xcc -I/Users/xinyufang/Library/Developer/Xcode/DerivedData/Buzz-faillbpsmponqzeruhhvskovixzk/Build/Products/Debug-iphonesimulator/include -Xcc -I/Users/xinyufang/Library/Developer/Xcode/DerivedData/Buzz-faillbpsmponqzeruhhvskovixzk/Build/Intermediates.noindex/Stripe.build/Debug-iphonesimulator/StripeIdentity.build/DerivedSources-normal/arm64 -Xcc -I/Users/xinyufang/Library/Developer/Xcode/DerivedData/Buzz-faillbpsmponqzeruhhvskovixzk/Build/Intermediates.noindex/Stripe.build/Debug-iphonesimulator/StripeIdentity.build/DerivedSources/arm64 -Xcc -I/Users/xinyufang/Library/Developer/Xcode/DerivedData/Buzz-faillbpsmponqzeruhhvskovixzk/Build/Intermediates.noindex/Stripe.build/Debug-iphonesimulator/StripeIdentity.build/DerivedSources -Xcc -DSWIFT_PACKAGE -Xcc -DDEBUG\=1 -emit-objc-header -emit-objc-header-path /Users/xinyufang/Library/Developer/Xcode/DerivedData/Buzz-faillbpsmponqzeruhhvskovixzk/Build/Intermediates.noindex/Stripe.build/Debug-iphonesimulator/StripeIdentity.build/Objects-normal/arm64/StripeIdentity-Swift.h -working-directory /Users/xinyufang/Documents/Buzz/Buzz.xcodeproj -experimental-emit-module-separately -disable-cmo

SwiftCompile normal arm64 Compiling\ STPAPIClient+ApplePay.swift,\ STPApplePayContext+LegacySupport.swift,\ STPApplePayContext.swift,\ Blocks.swift /Users/xinyufang/Library/Developer/Xcode/DerivedData/Buzz-faillbpsmponqzeruhhvskovixzk/SourcePackages/checkouts/stripe-ios-spm/StripeApplePay/StripeApplePay/Source/ApplePayContext/STPAPIClient+ApplePay.swift /Users/xinyufang/Library/Developer/Xcode/DerivedData/Buzz-faillbpsmponqzeruhhvskovixzk/SourcePackages/checkouts/stripe-ios-spm/StripeApplePay/StripeApplePay/Source/ApplePayContext/STPApplePayContext+LegacySupport.swift /Users/xinyufang/Library/Developer/Xcode/DerivedData/Buzz-faillbpsmponqzeruhhvskovixzk/SourcePackages/checkouts/stripe-ios-spm/StripeApplePay/StripeApplePay/Source/ApplePayContext/STPApplePayContext.swift /Users/xinyufang/Library/Developer/Xcode/DerivedData/Buzz-faillbpsmponqzeruhhvskovixzk/SourcePackages/checkouts/stripe-ios-spm/StripeApplePay/StripeApplePay/Source/Blocks.swift (in target 'StripeApplePay' from project 'Stripe')

SwiftCompile normal arm64 /Users/xinyufang/Library/Developer/Xcode/DerivedData/Buzz-faillbpsmponqzeruhhvskovixzk/SourcePackages/checkouts/stripe-ios-spm/StripeApplePay/StripeApplePay/Source/ApplePayContext/STPAPIClient+ApplePay.swift (in target 'StripeApplePay' from project 'Stripe')
    cd /Users/xinyufang/Documents/Buzz/Buzz.xcodeproj
    

SwiftCompile normal arm64 /Users/xinyufang/Library/Developer/Xcode/DerivedData/Buzz-faillbpsmponqzeruhhvskovixzk/SourcePackages/checkouts/stripe-ios-spm/StripeApplePay/StripeApplePay/Source/ApplePayContext/STPApplePayContext+LegacySupport.swift (in target 'StripeApplePay' from project 'Stripe')
    cd /Users/xinyufang/Documents/Buzz/Buzz.xcodeproj
    

SwiftCompile normal arm64 /Users/xinyufang/Library/Developer/Xcode/DerivedData/Buzz-faillbpsmponqzeruhhvskovixzk/SourcePackages/checkouts/stripe-ios-spm/StripeApplePay/StripeApplePay/Source/ApplePayContext/STPApplePayContext.swift (in target 'StripeApplePay' from project 'Stripe')
    cd /Users/xinyufang/Documents/Buzz/Buzz.xcodeproj
    

SwiftCompile normal arm64 /Users/xinyufang/Library/Developer/Xcode/DerivedData/Buzz-faillbpsmponqzeruhhvskovixzk/SourcePackages/checkouts/stripe-ios-spm/StripeApplePay/StripeApplePay/Source/Blocks.swift (in target 'StripeApplePay' from project 'Stripe')
    cd /Users/xinyufang/Documents/Buzz/Buzz.xcodeproj
    

SwiftCompile normal arm64 Compiling\ SetupIntent.swift,\ SetupIntentParams.swift,\ ShippingDetails.swift /Users/xinyufang/Library/Developer/Xcode/DerivedData/Buzz-faillbpsmponqzeruhhvskovixzk/SourcePackages/checkouts/stripe-ios-spm/StripeApplePay/StripeApplePay/Source/PaymentsCore/API/Models/SetupIntent.swift /Users/xinyufang/Library/Developer/Xcode/DerivedData/Buzz-faillbpsmponqzeruhhvskovixzk/SourcePackages/checkouts/stripe-ios-spm/StripeApplePay/StripeApplePay/Source/PaymentsCore/API/Models/SetupIntentParams.swift /Users/xinyufang/Library/Developer/Xcode/DerivedData/Buzz-faillbpsmponqzeruhhvskovixzk/SourcePackages/checkouts/stripe-ios-spm/StripeApplePay/StripeApplePay/Source/PaymentsCore/API/Models/ShippingDetails.swift (in target 'StripeApplePay' from project 'Stripe')

SwiftCompile normal arm64 /Users/xinyufang/Library/Developer/Xcode/DerivedData/Buzz-faillbpsmponqzeruhhvskovixzk/SourcePackages/checkouts/stripe-ios-spm/StripeApplePay/StripeApplePay/Source/PaymentsCore/API/Models/SetupIntent.swift (in target 'StripeApplePay' from project 'Stripe')
    cd /Users/xinyufang/Documents/Buzz/Buzz.xcodeproj
    

SwiftCompile normal arm64 /Users/xinyufang/Library/Developer/Xcode/DerivedData/Buzz-faillbpsmponqzeruhhvskovixzk/SourcePackages/checkouts/stripe-ios-spm/StripeApplePay/StripeApplePay/Source/PaymentsCore/API/Models/SetupIntentParams.swift (in target 'StripeApplePay' from project 'Stripe')
    cd /Users/xinyufang/Documents/Buzz/Buzz.xcodeproj
    

SwiftCompile normal arm64 /Users/xinyufang/Library/Developer/Xcode/DerivedData/Buzz-faillbpsmponqzeruhhvskovixzk/SourcePackages/checkouts/stripe-ios-spm/StripeApplePay/StripeApplePay/Source/PaymentsCore/API/Models/ShippingDetails.swift (in target 'StripeApplePay' from project 'Stripe')
    cd /Users/xinyufang/Documents/Buzz/Buzz.xcodeproj
    

SwiftDriverJobDiscovery normal arm64 Compiling AuthFlowHelpers.swift, AutoResizableUIView.swift, BulletPointLabelView.swift, Button+Extensions.swift, CloseConfirmationViewController.swift, Constants.swift, CreatePaneParameters.swift, DataAccessNoticeViewController.swift, FeedbackGeneratorAdapter.swift, GenericInfoBodyView.swift, GenericInfoFooterView.swift, GenericInfoViewController.swift, HitTestStackView.swift, HitTestView.swift, InstitutionIconView.swift, LegalDetailsNoticeViewController.swift, NetworkingOTPDataSource.swift, NetworkingOTPView.swift, PaneLayoutView+Extensions.swift, PaneLayoutView.swift, PresentationManager.swift, RoundedIconView.swift (in target 'StripeFinancialConnections' from project 'Stripe')

SwiftDriverJobDiscovery normal arm64 Compiling CheckboxView.swift, RetrieveAccountsLoadingView.swift, AccountNumberRetrievalErrorView.swift, AttachLinkedPaymentAccountDataSource.swift, AttachLinkedPaymentAccountViewController.swift, ConsentBodyView.swift, ConsentDataSource.swift, ConsentFooterView.swift, ConsentLogoView.swift, ConsentViewController.swift, ErrorDataSource.swift, ErrorViewController.swift, IDConsentContentDataSource.swift, IDConsentContentViewController.swift, InstitutionCellView.swift, InstitutionDataSource.swift, InstitutionNoResultsView.swift, InstitutionPickerViewController.swift, InstitutionSearchBar.swift, InstitutionTableFooterView.swift, InstitutionTableLoadingView.swift, InstitutionTableView.swift (in target 'StripeFinancialConnections' from project 'Stripe')

SwiftCompile normal arm64 Compiling\ PaymentIntentParams.swift,\ PaymentMethod.swift,\ PaymentMethodParams.swift /Users/xinyufang/Library/Developer/Xcode/DerivedData/Buzz-faillbpsmponqzeruhhvskovixzk/SourcePackages/checkouts/stripe-ios-spm/StripeApplePay/StripeApplePay/Source/PaymentsCore/API/Models/PaymentIntentParams.swift /Users/xinyufang/Library/Developer/Xcode/DerivedData/Buzz-faillbpsmponqzeruhhvskovixzk/SourcePackages/checkouts/stripe-ios-spm/StripeApplePay/StripeApplePay/Source/PaymentsCore/API/Models/PaymentMethod.swift /Users/xinyufang/Library/Developer/Xcode/DerivedData/Buzz-faillbpsmponqzeruhhvskovixzk/SourcePackages/checkouts/stripe-ios-spm/StripeApplePay/StripeApplePay/Source/PaymentsCore/API/Models/PaymentMethodParams.swift (in target 'StripeApplePay' from project 'Stripe')

SwiftCompile normal arm64 /Users/xinyufang/Library/Developer/Xcode/DerivedData/Buzz-faillbpsmponqzeruhhvskovixzk/SourcePackages/checkouts/stripe-ios-spm/StripeApplePay/StripeApplePay/Source/PaymentsCore/API/Models/PaymentIntentParams.swift (in target 'StripeApplePay' from project 'Stripe')
    cd /Users/xinyufang/Documents/Buzz/Buzz.xcodeproj
    

SwiftCompile normal arm64 /Users/xinyufang/Library/Developer/Xcode/DerivedData/Buzz-faillbpsmponqzeruhhvskovixzk/SourcePackages/checkouts/stripe-ios-spm/StripeApplePay/StripeApplePay/Source/PaymentsCore/API/Models/PaymentMethod.swift (in target 'StripeApplePay' from project 'Stripe')
    cd /Users/xinyufang/Documents/Buzz/Buzz.xcodeproj
    

SwiftCompile normal arm64 /Users/xinyufang/Library/Developer/Xcode/DerivedData/Buzz-faillbpsmponqzeruhhvskovixzk/SourcePackages/checkouts/stripe-ios-spm/StripeApplePay/StripeApplePay/Source/PaymentsCore/API/Models/PaymentMethodParams.swift (in target 'StripeApplePay' from project 'Stripe')
    cd /Users/xinyufang/Documents/Buzz/Buzz.xcodeproj
    

SwiftCompile normal arm64 Compiling\ Token.swift,\ PaymentIntent+API.swift,\ PaymentMethod+API.swift /Users/xinyufang/Library/Developer/Xcode/DerivedData/Buzz-faillbpsmponqzeruhhvskovixzk/SourcePackages/checkouts/stripe-ios-spm/StripeApplePay/StripeApplePay/Source/PaymentsCore/API/Models/Token.swift /Users/xinyufang/Library/Developer/Xcode/DerivedData/Buzz-faillbpsmponqzeruhhvskovixzk/SourcePackages/checkouts/stripe-ios-spm/StripeApplePay/StripeApplePay/Source/PaymentsCore/API/PaymentIntent+API.swift /Users/xinyufang/Library/Developer/Xcode/DerivedData/Buzz-faillbpsmponqzeruhhvskovixzk/SourcePackages/checkouts/stripe-ios-spm/StripeApplePay/StripeApplePay/Source/PaymentsCore/API/PaymentMethod+API.swift (in target 'StripeApplePay' from project 'Stripe')

SwiftCompile normal arm64 /Users/xinyufang/Library/Developer/Xcode/DerivedData/Buzz-faillbpsmponqzeruhhvskovixzk/SourcePackages/checkouts/stripe-ios-spm/StripeApplePay/StripeApplePay/Source/PaymentsCore/API/Models/Token.swift (in target 'StripeApplePay' from project 'Stripe')
    cd /Users/xinyufang/Documents/Buzz/Buzz.xcodeproj
    

SwiftCompile normal arm64 /Users/xinyufang/Library/Developer/Xcode/DerivedData/Buzz-faillbpsmponqzeruhhvskovixzk/SourcePackages/checkouts/stripe-ios-spm/StripeApplePay/StripeApplePay/Source/PaymentsCore/API/PaymentIntent+API.swift (in target 'StripeApplePay' from project 'Stripe')
    cd /Users/xinyufang/Documents/Buzz/Buzz.xcodeproj
    

SwiftCompile normal arm64 /Users/xinyufang/Library/Developer/Xcode/DerivedData/Buzz-faillbpsmponqzeruhhvskovixzk/SourcePackages/checkouts/stripe-ios-spm/StripeApplePay/StripeApplePay/Source/PaymentsCore/API/PaymentMethod+API.swift (in target 'StripeApplePay' from project 'Stripe')
    cd /Users/xinyufang/Documents/Buzz/Buzz.xcodeproj
    

SwiftDriverJobDiscovery normal arm64 Compiling RoundedLogoView.swift, RoundedTextField.swift, SFSafariViewController+Extensions.swift, SheetViewController.swift, ShimmeringView.swift, SpinnerView.swift, StripeSchemeAddress.swift, TimeInterval+Extensions.swift, UIImage+Extensions.swift, UIImageView+Extensions.swift, UITableView+Extensions.swift, SuccessDataSource.swift, SuccessFooterView.swift, SuccessViewController.swift, TerminalErrorView.swift, TerminalErrorViewController.swift, StripeCore+Import.swift, AuthenticationSessionManager.swift, ContinueStateView.swift, FinancialConnectionsAccountFetcher.swift, FinancialConnectionsSessionFetcher.swift, FinancialConnectionsWebFlowViewController.swift (in target 'StripeFinancialConnections' from project 'Stripe')

SwiftDriverJobDiscovery normal arm64 Compiling SetupIntent.swift, SetupIntentParams.swift, ShippingDetails.swift (in target 'StripeApplePay' from project 'Stripe')

SwiftCompile normal arm64 Compiling\ STPAnalyticsClient+PaymentsAPI.swift,\ STPAPIClient+PaymentsCore.swift,\ StripeCore+Import.swift /Users/xinyufang/Library/Developer/Xcode/DerivedData/Buzz-faillbpsmponqzeruhhvskovixzk/SourcePackages/checkouts/stripe-ios-spm/StripeApplePay/StripeApplePay/Source/PaymentsCore/Analytics/STPAnalyticsClient+PaymentsAPI.swift /Users/xinyufang/Library/Developer/Xcode/DerivedData/Buzz-faillbpsmponqzeruhhvskovixzk/SourcePackages/checkouts/stripe-ios-spm/StripeApplePay/StripeApplePay/Source/PaymentsCore/Categories/STPAPIClient+PaymentsCore.swift /Users/xinyufang/Library/Developer/Xcode/DerivedData/Buzz-faillbpsmponqzeruhhvskovixzk/SourcePackages/checkouts/stripe-ios-spm/StripeApplePay/StripeApplePay/Source/StripeCore+Import.swift (in target 'StripeApplePay' from project 'Stripe')

SwiftCompile normal arm64 /Users/xinyufang/Library/Developer/Xcode/DerivedData/Buzz-faillbpsmponqzeruhhvskovixzk/SourcePackages/checkouts/stripe-ios-spm/StripeApplePay/StripeApplePay/Source/PaymentsCore/Analytics/STPAnalyticsClient+PaymentsAPI.swift (in target 'StripeApplePay' from project 'Stripe')
    cd /Users/xinyufang/Documents/Buzz/Buzz.xcodeproj
    

SwiftCompile normal arm64 /Users/xinyufang/Library/Developer/Xcode/DerivedData/Buzz-faillbpsmponqzeruhhvskovixzk/SourcePackages/checkouts/stripe-ios-spm/StripeApplePay/StripeApplePay/Source/PaymentsCore/Categories/STPAPIClient+PaymentsCore.swift (in target 'StripeApplePay' from project 'Stripe')
    cd /Users/xinyufang/Documents/Buzz/Buzz.xcodeproj
    

SwiftCompile normal arm64 /Users/xinyufang/Library/Developer/Xcode/DerivedData/Buzz-faillbpsmponqzeruhhvskovixzk/SourcePackages/checkouts/stripe-ios-spm/StripeApplePay/StripeApplePay/Source/StripeCore+Import.swift (in target 'StripeApplePay' from project 'Stripe')
    cd /Users/xinyufang/Documents/Buzz/Buzz.xcodeproj
    

SwiftCompile normal arm64 Compiling\ BillingDetails+ApplePay.swift,\ PKContact+Stripe.swift,\ PKPayment+Stripe.swift,\ Address.swift /Users/xinyufang/Library/Developer/Xcode/DerivedData/Buzz-faillbpsmponqzeruhhvskovixzk/SourcePackages/checkouts/stripe-ios-spm/StripeApplePay/StripeApplePay/Source/Extensions/BillingDetails+ApplePay.swift /Users/xinyufang/Library/Developer/Xcode/DerivedData/Buzz-faillbpsmponqzeruhhvskovixzk/SourcePackages/checkouts/stripe-ios-spm/StripeApplePay/StripeApplePay/Source/Extensions/PKContact+Stripe.swift /Users/xinyufang/Library/Developer/Xcode/DerivedData/Buzz-faillbpsmponqzeruhhvskovixzk/SourcePackages/checkouts/stripe-ios-spm/StripeApplePay/StripeApplePay/Source/Extensions/PKPayment+Stripe.swift /Users/xinyufang/Library/Developer/Xcode/DerivedData/Buzz-faillbpsmponqzeruhhvskovixzk/SourcePackages/checkouts/stripe-ios-spm/StripeApplePay/StripeApplePay/Source/PaymentsCore/API/Models/Address.swift (in target 'StripeApplePay' from project 'Stripe')

SwiftCompile normal arm64 /Users/xinyufang/Library/Developer/Xcode/DerivedData/Buzz-faillbpsmponqzeruhhvskovixzk/SourcePackages/checkouts/stripe-ios-spm/StripeApplePay/StripeApplePay/Source/Extensions/BillingDetails+ApplePay.swift (in target 'StripeApplePay' from project 'Stripe')
    cd /Users/xinyufang/Documents/Buzz/Buzz.xcodeproj
    

SwiftCompile normal arm64 /Users/xinyufang/Library/Developer/Xcode/DerivedData/Buzz-faillbpsmponqzeruhhvskovixzk/SourcePackages/checkouts/stripe-ios-spm/StripeApplePay/StripeApplePay/Source/Extensions/PKContact+Stripe.swift (in target 'StripeApplePay' from project 'Stripe')
    cd /Users/xinyufang/Documents/Buzz/Buzz.xcodeproj
    

SwiftCompile normal arm64 /Users/xinyufang/Library/Developer/Xcode/DerivedData/Buzz-faillbpsmponqzeruhhvskovixzk/SourcePackages/checkouts/stripe-ios-spm/StripeApplePay/StripeApplePay/Source/Extensions/PKPayment+Stripe.swift (in target 'StripeApplePay' from project 'Stripe')
    cd /Users/xinyufang/Documents/Buzz/Buzz.xcodeproj
    

SwiftCompile normal arm64 /Users/xinyufang/Library/Developer/Xcode/DerivedData/Buzz-faillbpsmponqzeruhhvskovixzk/SourcePackages/checkouts/stripe-ios-spm/StripeApplePay/StripeApplePay/Source/PaymentsCore/API/Models/Address.swift (in target 'StripeApplePay' from project 'Stripe')
    cd /Users/xinyufang/Documents/Buzz/Buzz.xcodeproj
    

SwiftDriverJobDiscovery normal arm64 Compiling STPAnalyticsClient+PaymentsAPI.swift, STPAPIClient+PaymentsCore.swift, StripeCore+Import.swift (in target 'StripeApplePay' from project 'Stripe')

SwiftCompile normal arm64 Compiling\ BillingDetails.swift,\ CardBrand.swift,\ PaymentIntent.swift /Users/xinyufang/Library/Developer/Xcode/DerivedData/Buzz-faillbpsmponqzeruhhvskovixzk/SourcePackages/checkouts/stripe-ios-spm/StripeApplePay/StripeApplePay/Source/PaymentsCore/API/Models/BillingDetails.swift /Users/xinyufang/Library/Developer/Xcode/DerivedData/Buzz-faillbpsmponqzeruhhvskovixzk/SourcePackages/checkouts/stripe-ios-spm/StripeApplePay/StripeApplePay/Source/PaymentsCore/API/Models/CardBrand.swift /Users/xinyufang/Library/Developer/Xcode/DerivedData/Buzz-faillbpsmponqzeruhhvskovixzk/SourcePackages/checkouts/stripe-ios-spm/StripeApplePay/StripeApplePay/Source/PaymentsCore/API/Models/PaymentIntent.swift (in target 'StripeApplePay' from project 'Stripe')

SwiftCompile normal arm64 /Users/xinyufang/Library/Developer/Xcode/DerivedData/Buzz-faillbpsmponqzeruhhvskovixzk/SourcePackages/checkouts/stripe-ios-spm/StripeApplePay/StripeApplePay/Source/PaymentsCore/API/Models/BillingDetails.swift (in target 'StripeApplePay' from project 'Stripe')
    cd /Users/xinyufang/Documents/Buzz/Buzz.xcodeproj
    

SwiftCompile normal arm64 /Users/xinyufang/Library/Developer/Xcode/DerivedData/Buzz-faillbpsmponqzeruhhvskovixzk/SourcePackages/checkouts/stripe-ios-spm/StripeApplePay/StripeApplePay/Source/PaymentsCore/API/Models/CardBrand.swift (in target 'StripeApplePay' from project 'Stripe')
    cd /Users/xinyufang/Documents/Buzz/Buzz.xcodeproj
    

SwiftCompile normal arm64 /Users/xinyufang/Library/Developer/Xcode/DerivedData/Buzz-faillbpsmponqzeruhhvskovixzk/SourcePackages/checkouts/stripe-ios-spm/StripeApplePay/StripeApplePay/Source/PaymentsCore/API/Models/PaymentIntent.swift (in target 'StripeApplePay' from project 'Stripe')
    cd /Users/xinyufang/Documents/Buzz/Buzz.xcodeproj
    

SwiftDriverJobDiscovery normal arm64 Compiling Token.swift, PaymentIntent+API.swift, PaymentMethod+API.swift (in target 'StripeApplePay' from project 'Stripe')

SwiftCompile normal arm64 Compiling\ SetupIntent+API.swift,\ Token+API.swift,\ STPAnalyticsClient+Payments.swift /Users/xinyufang/Library/Developer/Xcode/DerivedData/Buzz-faillbpsmponqzeruhhvskovixzk/SourcePackages/checkouts/stripe-ios-spm/StripeApplePay/StripeApplePay/Source/PaymentsCore/API/SetupIntent+API.swift /Users/xinyufang/Library/Developer/Xcode/DerivedData/Buzz-faillbpsmponqzeruhhvskovixzk/SourcePackages/checkouts/stripe-ios-spm/StripeApplePay/StripeApplePay/Source/PaymentsCore/API/Token+API.swift /Users/xinyufang/Library/Developer/Xcode/DerivedData/Buzz-faillbpsmponqzeruhhvskovixzk/SourcePackages/checkouts/stripe-ios-spm/StripeApplePay/StripeApplePay/Source/PaymentsCore/Analytics/STPAnalyticsClient+Payments.swift (in target 'StripeApplePay' from project 'Stripe')

SwiftCompile normal arm64 /Users/xinyufang/Library/Developer/Xcode/DerivedData/Buzz-faillbpsmponqzeruhhvskovixzk/SourcePackages/checkouts/stripe-ios-spm/StripeApplePay/StripeApplePay/Source/PaymentsCore/API/SetupIntent+API.swift (in target 'StripeApplePay' from project 'Stripe')
    cd /Users/xinyufang/Documents/Buzz/Buzz.xcodeproj
    

SwiftCompile normal arm64 /Users/xinyufang/Library/Developer/Xcode/DerivedData/Buzz-faillbpsmponqzeruhhvskovixzk/SourcePackages/checkouts/stripe-ios-spm/StripeApplePay/StripeApplePay/Source/PaymentsCore/API/Token+API.swift (in target 'StripeApplePay' from project 'Stripe')
    cd /Users/xinyufang/Documents/Buzz/Buzz.xcodeproj
    

SwiftCompile normal arm64 /Users/xinyufang/Library/Developer/Xcode/DerivedData/Buzz-faillbpsmponqzeruhhvskovixzk/SourcePackages/checkouts/stripe-ios-spm/StripeApplePay/StripeApplePay/Source/PaymentsCore/Analytics/STPAnalyticsClient+Payments.swift (in target 'StripeApplePay' from project 'Stripe')
    cd /Users/xinyufang/Documents/Buzz/Buzz.xcodeproj
    

SwiftDriverJobDiscovery normal arm64 Compiling STPAPIClient+ApplePay.swift, STPApplePayContext+LegacySupport.swift, STPApplePayContext.swift, Blocks.swift (in target 'StripeApplePay' from project 'Stripe')

SwiftDriverJobDiscovery normal arm64 Compiling FinancialConnectionsSheet.swift, FinancialConnectionsSheetError.swift, FinancialConnectionsAppearance.swift, FinancialConnectionsEvent+Extensions.swift, FinancialConnectionsFont.swift, Helpers.swift, Image.swift, NSAttributedString+Extensions.swift, PaymentAccount+Extensions.swift, STPLocalizedString.swift, ScreenNativeScale.swift, String+Extensions.swift, String+Localized.swift, StripeFinancialConnectionsBundleLocator.swift, UIViewController+Extensions.swift, AccountPickerAccountLoadErrorView.swift, AccountPickerDataSource.swift, AccountPickerFooterView.swift, AccountPickerHelpers.swift, AccountPickerNoAccountEligibleErrorView.swift, AccountPickerSelectionListView.swift, AccountPickerSelectionView.swift, AccountPickerViewController.swift (in target 'StripeFinancialConnections' from project 'Stripe')

SwiftCompile normal arm64 Compiling\ HTTPParsedFields.swift /Users/xinyufang/Library/Developer/Xcode/DerivedData/Buzz-faillbpsmponqzeruhhvskovixzk/SourcePackages/checkouts/swift-http-types/Sources/HTTPTypes/HTTPParsedFields.swift (in target 'HTTPTypes' from project 'swift-http-types')

SwiftCompile normal arm64 /Users/xinyufang/Library/Developer/Xcode/DerivedData/Buzz-faillbpsmponqzeruhhvskovixzk/SourcePackages/checkouts/swift-http-types/Sources/HTTPTypes/HTTPParsedFields.swift (in target 'HTTPTypes' from project 'swift-http-types')
    cd /Users/xinyufang/Documents/Buzz/Buzz.xcodeproj
    

ScanDependencies /Users/xinyufang/Library/Developer/Xcode/DerivedData/Buzz-faillbpsmponqzeruhhvskovixzk/Build/Intermediates.noindex/GoogleUtilities.build/Debug-iphonesimulator/GoogleUtilities-Logger.build/Objects-normal/arm64/resource_bundle_accessor.o /Users/xinyufang/Library/Developer/Xcode/DerivedData/Buzz-faillbpsmponqzeruhhvskovixzk/Build/Intermediates.noindex/GoogleUtilities.build/Debug-iphonesimulator/GoogleUtilities-Logger.build/DerivedSources/resource_bundle_accessor.m normal arm64 objective-c com.apple.compilers.llvm.clang.1_0.compiler (in target 'GoogleUtilities-Logger' from project 'GoogleUtilities')
    cd /Users/xinyufang/Documents/Buzz/Buzz.xcodeproj
    
    Using response file: /Users/xinyufang/Library/Developer/Xcode/DerivedData/Buzz-faillbpsmponqzeruhhvskovixzk/Build/Intermediates.noindex/GoogleUtilities.build/Debug-iphonesimulator/GoogleUtilities-Logger.build/Objects-normal/arm64/e6072d4f65d7061329687fe24e3d63a7-common-args.resp
    
    builtin-ScanDependencies -o /Users/xinyufang/Library/Developer/Xcode/DerivedData/Buzz-faillbpsmponqzeruhhvskovixzk/Build/Intermediates.noindex/GoogleUtilities.build/Debug-iphonesimulator/GoogleUtilities-Logger.build/Objects-normal/arm64/resource_bundle_accessor.o.scan -- /Applications/Xcode.app/Contents/Developer/Toolchains/XcodeDefault.xctoolchain/usr/bin/clang -x objective-c -ivfsstatcache /Users/xinyufang/Library/Developer/Xcode/DerivedData/SDKStatCaches.noindex/iphonesimulator26.0-23A339-26257891a6c027eb51374368541b8346.sdkstatcache -fmessage-length\=0 -fdiagnostics-show-note-include-stack -fmacro-backtrace-limit\=0 -fno-color-diagnostics -fmodules-prune-interval\=86400 -fmodules-prune-after\=345600 -fbuild-session-file\=/Users/xinyufang/Library/Developer/Xcode/DerivedData/ModuleCache.noindex/Session.modulevalidation -fmodules-validate-once-per-build-session -Wnon-modular-include-in-framework-module -Werror\=non-modular-include-in-framework-module -Wno-trigraphs -Wno-missing-field-initializers -Wno-missing-prototypes -Wno-return-type -Wno-implicit-atomic-properties -Wno-objc-interface-ivars -Wno-arc-repeated-use-of-weak -Wno-missing-braces -Wparentheses -Wswitch -Wno-unused-function -Wno-unused-label -Wno-unused-parameter -Wno-unused-variable -Wunused-value -Wno-empty-body -Wno-uninitialized -Wno-unknown-pragmas -w -Wno-shadow -Wno-four-char-constants -Wno-conversion -Wno-constant-conversion -Wno-int-conversion -Wno-bool-conversion -Wno-enum-conversion -Wno-float-conversion -Wno-non-literal-null-conversion -Wno-objc-literal-conversion -Wshorten-64-to-32 -Wpointer-sign -Wno-newline-eof -Wno-selector -Wno-strict-selector-match -Wno-undeclared-selector -Wno-deprecated-implementations -Wno-implicit-fallthrough -fstrict-aliasing -Wprotocol -Wdeprecated-declarations -Wno-sign-conversion -Wno-infinite-recursion -Wno-comma -Wno-block-capture-autoreleasing -Wno-strict-prototypes -Wno-semicolon-before-method-body -index-store-path /Users/xinyufang/Library/Developer/Xcode/DerivedData/Buzz-faillbpsmponqzeruhhvskovixzk/Index.noindex/DataStore @/Users/xinyufang/Library/Developer/Xcode/DerivedData/Buzz-faillbpsmponqzeruhhvskovixzk/Build/Intermediates.noindex/GoogleUtilities.build/Debug-iphonesimulator/GoogleUtilities-Logger.build/Objects-normal/arm64/e6072d4f65d7061329687fe24e3d63a7-common-args.resp -include /Users/xinyufang/Library/Developer/Xcode/DerivedData/Buzz-faillbpsmponqzeruhhvskovixzk/Build/Intermediates.noindex/GoogleUtilities.build/Debug-iphonesimulator/GoogleUtilities-Logger.build/DerivedSources/resource_bundle_accessor.h -MMD -MT dependencies -MF /Users/xinyufang/Library/Developer/Xcode/DerivedData/Buzz-faillbpsmponqzeruhhvskovixzk/Build/Intermediates.noindex/GoogleUtilities.build/Debug-iphonesimulator/GoogleUtilities-Logger.build/Objects-normal/arm64/resource_bundle_accessor.d --serialize-diagnostics /Users/xinyufang/Library/Developer/Xcode/DerivedData/Buzz-faillbpsmponqzeruhhvskovixzk/Build/Intermediates.noindex/GoogleUtilities.build/Debug-iphonesimulator/GoogleUtilities-Logger.build/Objects-normal/arm64/resource_bundle_accessor.dia -c /Users/xinyufang/Library/Developer/Xcode/DerivedData/Buzz-faillbpsmponqzeruhhvskovixzk/Build/Intermediates.noindex/GoogleUtilities.build/Debug-iphonesimulator/GoogleUtilities-Logger.build/DerivedSources/resource_bundle_accessor.m -o /Users/xinyufang/Library/Developer/Xcode/DerivedData/Buzz-faillbpsmponqzeruhhvskovixzk/Build/Intermediates.noindex/GoogleUtilities.build/Debug-iphonesimulator/GoogleUtilities-Logger.build/Objects-normal/arm64/resource_bundle_accessor.o -index-unit-output-path /GoogleUtilities.build/Debug-iphonesimulator/GoogleUtilities-Logger.build/Objects-normal/arm64/resource_bundle_accessor.o

SwiftDriverJobDiscovery normal arm64 Compiling PaymentIntentParams.swift, PaymentMethod.swift, PaymentMethodParams.swift (in target 'StripeApplePay' from project 'Stripe')

ScanDependencies /Users/xinyufang/Library/Developer/Xcode/DerivedData/Buzz-faillbpsmponqzeruhhvskovixzk/Build/Intermediates.noindex/GoogleUtilities.build/Debug-iphonesimulator/GoogleUtilities-Logger.build/Objects-normal/arm64/GULLogger.o /Users/xinyufang/Library/Developer/Xcode/DerivedData/Buzz-faillbpsmponqzeruhhvskovixzk/SourcePackages/checkouts/GoogleUtilities/GoogleUtilities/Logger/GULLogger.m normal arm64 objective-c com.apple.compilers.llvm.clang.1_0.compiler (in target 'GoogleUtilities-Logger' from project 'GoogleUtilities')
    cd /Users/xinyufang/Documents/Buzz/Buzz.xcodeproj
    
    Using response file: /Users/xinyufang/Library/Developer/Xcode/DerivedData/Buzz-faillbpsmponqzeruhhvskovixzk/Build/Intermediates.noindex/GoogleUtilities.build/Debug-iphonesimulator/GoogleUtilities-Logger.build/Objects-normal/arm64/e6072d4f65d7061329687fe24e3d63a7-common-args.resp
    
    builtin-ScanDependencies -o /Users/xinyufang/Library/Developer/Xcode/DerivedData/Buzz-faillbpsmponqzeruhhvskovixzk/Build/Intermediates.noindex/GoogleUtilities.build/Debug-iphonesimulator/GoogleUtilities-Logger.build/Objects-normal/arm64/GULLogger.o.scan -- /Applications/Xcode.app/Contents/Developer/Toolchains/XcodeDefault.xctoolchain/usr/bin/clang -x objective-c -ivfsstatcache /Users/xinyufang/Library/Developer/Xcode/DerivedData/SDKStatCaches.noindex/iphonesimulator26.0-23A339-26257891a6c027eb51374368541b8346.sdkstatcache -fmessage-length\=0 -fdiagnostics-show-note-include-stack -fmacro-backtrace-limit\=0 -fno-color-diagnostics -fmodules-prune-interval\=86400 -fmodules-prune-after\=345600 -fbuild-session-file\=/Users/xinyufang/Library/Developer/Xcode/DerivedData/ModuleCache.noindex/Session.modulevalidation -fmodules-validate-once-per-build-session -Wnon-modular-include-in-framework-module -Werror\=non-modular-include-in-framework-module -Wno-trigraphs -Wno-missing-field-initializers -Wno-missing-prototypes -Wno-return-type -Wno-implicit-atomic-properties -Wno-objc-interface-ivars -Wno-arc-repeated-use-of-weak -Wno-missing-braces -Wparentheses -Wswitch -Wno-unused-function -Wno-unused-label -Wno-unused-parameter -Wno-unused-variable -Wunused-value -Wno-empty-body -Wno-uninitialized -Wno-unknown-pragmas -w -Wno-shadow -Wno-four-char-constants -Wno-conversion -Wno-constant-conversion -Wno-int-conversion -Wno-bool-conversion -Wno-enum-conversion -Wno-float-conversion -Wno-non-literal-null-conversion -Wno-objc-literal-conversion -Wshorten-64-to-32 -Wpointer-sign -Wno-newline-eof -Wno-selector -Wno-strict-selector-match -Wno-undeclared-selector -Wno-deprecated-implementations -Wno-implicit-fallthrough -fstrict-aliasing -Wprotocol -Wdeprecated-declarations -Wno-sign-conversion -Wno-infinite-recursion -Wno-comma -Wno-block-capture-autoreleasing -Wno-strict-prototypes -Wno-semicolon-before-method-body -index-store-path /Users/xinyufang/Library/Developer/Xcode/DerivedData/Buzz-faillbpsmponqzeruhhvskovixzk/Index.noindex/DataStore @/Users/xinyufang/Library/Developer/Xcode/DerivedData/Buzz-faillbpsmponqzeruhhvskovixzk/Build/Intermediates.noindex/GoogleUtilities.build/Debug-iphonesimulator/GoogleUtilities-Logger.build/Objects-normal/arm64/e6072d4f65d7061329687fe24e3d63a7-common-args.resp -include /Users/xinyufang/Library/Developer/Xcode/DerivedData/Buzz-faillbpsmponqzeruhhvskovixzk/Build/Intermediates.noindex/GoogleUtilities.build/Debug-iphonesimulator/GoogleUtilities-Logger.build/DerivedSources/resource_bundle_accessor.h -MMD -MT dependencies -MF /Users/xinyufang/Library/Developer/Xcode/DerivedData/Buzz-faillbpsmponqzeruhhvskovixzk/Build/Intermediates.noindex/GoogleUtilities.build/Debug-iphonesimulator/GoogleUtilities-Logger.build/Objects-normal/arm64/GULLogger.d --serialize-diagnostics /Users/xinyufang/Library/Developer/Xcode/DerivedData/Buzz-faillbpsmponqzeruhhvskovixzk/Build/Intermediates.noindex/GoogleUtilities.build/Debug-iphonesimulator/GoogleUtilities-Logger.build/Objects-normal/arm64/GULLogger.dia -c /Users/xinyufang/Library/Developer/Xcode/DerivedData/Buzz-faillbpsmponqzeruhhvskovixzk/SourcePackages/checkouts/GoogleUtilities/GoogleUtilities/Logger/GULLogger.m -o /Users/xinyufang/Library/Developer/Xcode/DerivedData/Buzz-faillbpsmponqzeruhhvskovixzk/Build/Intermediates.noindex/GoogleUtilities.build/Debug-iphonesimulator/GoogleUtilities-Logger.build/Objects-normal/arm64/GULLogger.o -index-unit-output-path /GoogleUtilities.build/Debug-iphonesimulator/GoogleUtilities-Logger.build/Objects-normal/arm64/GULLogger.o

SwiftDriverJobDiscovery normal arm64 Compiling SetupIntent+API.swift, Token+API.swift, STPAnalyticsClient+Payments.swift (in target 'StripeApplePay' from project 'Stripe')

ScanDependencies /Users/xinyufang/Library/Developer/Xcode/DerivedData/Buzz-faillbpsmponqzeruhhvskovixzk/Build/Intermediates.noindex/GoogleUtilities.build/Debug-iphonesimulator/GoogleUtilities-Environment.build/Objects-normal/arm64/resource_bundle_accessor.o /Users/xinyufang/Library/Developer/Xcode/DerivedData/Buzz-faillbpsmponqzeruhhvskovixzk/Build/Intermediates.noindex/GoogleUtilities.build/Debug-iphonesimulator/GoogleUtilities-Environment.build/DerivedSources/resource_bundle_accessor.m normal arm64 objective-c com.apple.compilers.llvm.clang.1_0.compiler (in target 'GoogleUtilities-Environment' from project 'GoogleUtilities')
    cd /Users/xinyufang/Documents/Buzz/Buzz.xcodeproj
    
    Using response file: /Users/xinyufang/Library/Developer/Xcode/DerivedData/Buzz-faillbpsmponqzeruhhvskovixzk/Build/Intermediates.noindex/GoogleUtilities.build/Debug-iphonesimulator/GoogleUtilities-Environment.build/Objects-normal/arm64/e6072d4f65d7061329687fe24e3d63a7-common-args.resp
    
    builtin-ScanDependencies -o /Users/xinyufang/Library/Developer/Xcode/DerivedData/Buzz-faillbpsmponqzeruhhvskovixzk/Build/Intermediates.noindex/GoogleUtilities.build/Debug-iphonesimulator/GoogleUtilities-Environment.build/Objects-normal/arm64/resource_bundle_accessor.o.scan -- /Applications/Xcode.app/Contents/Developer/Toolchains/XcodeDefault.xctoolchain/usr/bin/clang -x objective-c -ivfsstatcache /Users/xinyufang/Library/Developer/Xcode/DerivedData/SDKStatCaches.noindex/iphonesimulator26.0-23A339-26257891a6c027eb51374368541b8346.sdkstatcache -fmessage-length\=0 -fdiagnostics-show-note-include-stack -fmacro-backtrace-limit\=0 -fno-color-diagnostics -fmodules-prune-interval\=86400 -fmodules-prune-after\=345600 -fbuild-session-file\=/Users/xinyufang/Library/Developer/Xcode/DerivedData/ModuleCache.noindex/Session.modulevalidation -fmodules-validate-once-per-build-session -Wnon-modular-include-in-framework-module -Werror\=non-modular-include-in-framework-module -Wno-trigraphs -Wno-missing-field-initializers -Wno-missing-prototypes -Wno-return-type -Wno-implicit-atomic-properties -Wno-objc-interface-ivars -Wno-arc-repeated-use-of-weak -Wno-missing-braces -Wparentheses -Wswitch -Wno-unused-function -Wno-unused-label -Wno-unused-parameter -Wno-unused-variable -Wunused-value -Wno-empty-body -Wno-uninitialized -Wno-unknown-pragmas -w -Wno-shadow -Wno-four-char-constants -Wno-conversion -Wno-constant-conversion -Wno-int-conversion -Wno-bool-conversion -Wno-enum-conversion -Wno-float-conversion -Wno-non-literal-null-conversion -Wno-objc-literal-conversion -Wshorten-64-to-32 -Wpointer-sign -Wno-newline-eof -Wno-selector -Wno-strict-selector-match -Wno-undeclared-selector -Wno-deprecated-implementations -Wno-implicit-fallthrough -fstrict-aliasing -Wprotocol -Wdeprecated-declarations -Wno-sign-conversion -Wno-infinite-recursion -Wno-comma -Wno-block-capture-autoreleasing -Wno-strict-prototypes -Wno-semicolon-before-method-body -index-store-path /Users/xinyufang/Library/Developer/Xcode/DerivedData/Buzz-faillbpsmponqzeruhhvskovixzk/Index.noindex/DataStore @/Users/xinyufang/Library/Developer/Xcode/DerivedData/Buzz-faillbpsmponqzeruhhvskovixzk/Build/Intermediates.noindex/GoogleUtilities.build/Debug-iphonesimulator/GoogleUtilities-Environment.build/Objects-normal/arm64/e6072d4f65d7061329687fe24e3d63a7-common-args.resp -include /Users/xinyufang/Library/Developer/Xcode/DerivedData/Buzz-faillbpsmponqzeruhhvskovixzk/Build/Intermediates.noindex/GoogleUtilities.build/Debug-iphonesimulator/GoogleUtilities-Environment.build/DerivedSources/resource_bundle_accessor.h -MMD -MT dependencies -MF /Users/xinyufang/Library/Developer/Xcode/DerivedData/Buzz-faillbpsmponqzeruhhvskovixzk/Build/Intermediates.noindex/GoogleUtilities.build/Debug-iphonesimulator/GoogleUtilities-Environment.build/Objects-normal/arm64/resource_bundle_accessor.d --serialize-diagnostics /Users/xinyufang/Library/Developer/Xcode/DerivedData/Buzz-faillbpsmponqzeruhhvskovixzk/Build/Intermediates.noindex/GoogleUtilities.build/Debug-iphonesimulator/GoogleUtilities-Environment.build/Objects-normal/arm64/resource_bundle_accessor.dia -c /Users/xinyufang/Library/Developer/Xcode/DerivedData/Buzz-faillbpsmponqzeruhhvskovixzk/Build/Intermediates.noindex/GoogleUtilities.build/Debug-iphonesimulator/GoogleUtilities-Environment.build/DerivedSources/resource_bundle_accessor.m -o /Users/xinyufang/Library/Developer/Xcode/DerivedData/Buzz-faillbpsmponqzeruhhvskovixzk/Build/Intermediates.noindex/GoogleUtilities.build/Debug-iphonesimulator/GoogleUtilities-Environment.build/Objects-normal/arm64/resource_bundle_accessor.o -index-unit-output-path /GoogleUtilities.build/Debug-iphonesimulator/GoogleUtilities-Environment.build/Objects-normal/arm64/resource_bundle_accessor.o

SwiftDriver GTMAppAuth normal arm64 com.apple.xcode.tools.swift.compiler (in target 'GTMAppAuth' from project 'GTMAppAuth')
    cd /Users/xinyufang/Documents/Buzz/Buzz.xcodeproj
    builtin-SwiftDriver -- /Applications/Xcode.app/Contents/Developer/Toolchains/XcodeDefault.xctoolchain/usr/bin/swiftc -module-name GTMAppAuth -Onone -enforce-exclusivity\=checked @/Users/xinyufang/Library/Developer/Xcode/DerivedData/Buzz-faillbpsmponqzeruhhvskovixzk/Build/Intermediates.noindex/GTMAppAuth.build/Debug-iphonesimulator/GTMAppAuth.build/Objects-normal/arm64/GTMAppAuth.SwiftFileList -DSWIFT_PACKAGE -DDEBUG -DSWIFT_MODULE_RESOURCE_BUNDLE_AVAILABLE -Xcc -fmodule-map-file\=/Users/xinyufang/Library/Developer/Xcode/DerivedData/Buzz-faillbpsmponqzeruhhvskovixzk/Build/Intermediates.noindex/GeneratedModuleMaps-iphonesimulator/GTMSessionFetcherCore.modulemap -Xcc -fmodule-map-file\=/Users/xinyufang/Library/Developer/Xcode/DerivedData/Buzz-faillbpsmponqzeruhhvskovixzk/Build/Intermediates.noindex/GeneratedModuleMaps-iphonesimulator/AppAuthCore.modulemap -DXcode -plugin-path /Applications/Xcode.app/Contents/Developer/Toolchains/XcodeDefault.xctoolchain/usr/lib/swift/host/plugins/testing -enable-experimental-feature DebugDescriptionMacro -sdk /Applications/Xcode.app/Contents/Developer/Platforms/iPhoneSimulator.platform/Developer/SDKs/iPhoneSimulator26.0.sdk -target arm64-apple-ios12.0-simulator -g -module-cache-path /Users/xinyufang/Library/Developer/Xcode/DerivedData/ModuleCache.noindex -Xfrontend -serialize-debugging-options -enable-testing -suppress-warnings -index-store-path /Users/xinyufang/Library/Developer/Xcode/DerivedData/Buzz-faillbpsmponqzeruhhvskovixzk/Index.noindex/DataStore -Xcc -D_LIBCPP_HARDENING_MODE\=_LIBCPP_HARDENING_MODE_DEBUG -swift-version 5 -I /Users/xinyufang/Library/Developer/Xcode/DerivedData/Buzz-faillbpsmponqzeruhhvskovixzk/Build/Products/Debug-iphonesimulator -Isystem /Applications/Xcode.app/Contents/Developer/Platforms/iPhoneSimulator.platform/Developer/usr/lib -F /Users/xinyufang/Library/Developer/Xcode/DerivedData/Buzz-faillbpsmponqzeruhhvskovixzk/Build/Products/Debug-iphonesimulator/PackageFrameworks -F /Users/xinyufang/Library/Developer/Xcode/DerivedData/Buzz-faillbpsmponqzeruhhvskovixzk/Build/Products/Debug-iphonesimulator/PackageFrameworks -F /Users/xinyufang/Library/Developer/Xcode/DerivedData/Buzz-faillbpsmponqzeruhhvskovixzk/Build/Products/Debug-iphonesimulator -F /Applications/Xcode.app/Contents/Developer/Platforms/iPhoneSimulator.platform/Developer/Library/Frameworks -F /Applications/Xcode.app/Contents/Developer/Platforms/iPhoneSimulator.platform/Developer/SDKs/iPhoneSimulator26.0.sdk/Developer/Library/Frameworks -c -j8 -enable-batch-mode -incremental -Xcc -ivfsstatcache -Xcc /Users/xinyufang/Library/Developer/Xcode/DerivedData/SDKStatCaches.noindex/iphonesimulator26.0-23A339-26257891a6c027eb51374368541b8346.sdkstatcache -output-file-map /Users/xinyufang/Library/Developer/Xcode/DerivedData/Buzz-faillbpsmponqzeruhhvskovixzk/Build/Intermediates.noindex/GTMAppAuth.build/Debug-iphonesimulator/GTMAppAuth.build/Objects-normal/arm64/GTMAppAuth-OutputFileMap.json -use-frontend-parseable-output -save-temps -no-color-diagnostics -explicit-module-build -module-cache-path /Users/xinyufang/Library/Developer/Xcode/DerivedData/Buzz-faillbpsmponqzeruhhvskovixzk/Build/Intermediates.noindex/SwiftExplicitPrecompiledModules -clang-scanner-module-cache-path /Users/xinyufang/Library/Developer/Xcode/DerivedData/ModuleCache.noindex -sdk-module-cache-path /Users/xinyufang/Library/Developer/Xcode/DerivedData/ModuleCache.noindex -serialize-diagnostics -emit-dependencies -emit-module -emit-module-path /Users/xinyufang/Library/Developer/Xcode/DerivedData/Buzz-faillbpsmponqzeruhhvskovixzk/Build/Intermediates.noindex/GTMAppAuth.build/Debug-iphonesimulator/GTMAppAuth.build/Objects-normal/arm64/GTMAppAuth.swiftmodule -validate-clang-modules-once -clang-build-session-file /Users/xinyufang/Library/Developer/Xcode/DerivedData/ModuleCache.noindex/Session.modulevalidation -Xcc -I/Users/xinyufang/Library/Developer/Xcode/DerivedData/Buzz-faillbpsmponqzeruhhvskovixzk/Build/Intermediates.noindex/GTMAppAuth.build/Debug-iphonesimulator/GTMAppAuth.build/swift-overrides.hmap -emit-const-values -Xfrontend -const-gather-protocols-file -Xfrontend /Users/xinyufang/Library/Developer/Xcode/DerivedData/Buzz-faillbpsmponqzeruhhvskovixzk/Build/Intermediates.noindex/GTMAppAuth.build/Debug-iphonesimulator/GTMAppAuth.build/Objects-normal/arm64/GTMAppAuth_const_extract_protocols.json -Xcc -I/Users/xinyufang/Library/Developer/Xcode/DerivedData/Buzz-faillbpsmponqzeruhhvskovixzk/SourcePackages/checkouts/gtm-session-fetcher/Sources/Core/Public -Xcc -I/Users/xinyufang/Library/Developer/Xcode/DerivedData/Buzz-faillbpsmponqzeruhhvskovixzk/SourcePackages/checkouts/AppAuth-iOS/Sources/AppAuthCore -Xcc -I/Users/xinyufang/Library/Developer/Xcode/DerivedData/Buzz-faillbpsmponqzeruhhvskovixzk/Build/Products/Debug-iphonesimulator/include -Xcc -I/Users/xinyufang/Library/Developer/Xcode/DerivedData/Buzz-faillbpsmponqzeruhhvskovixzk/Build/Intermediates.noindex/GTMAppAuth.build/Debug-iphonesimulator/GTMAppAuth.build/DerivedSources-normal/arm64 -Xcc -I/Users/xinyufang/Library/Developer/Xcode/DerivedData/Buzz-faillbpsmponqzeruhhvskovixzk/Build/Intermediates.noindex/GTMAppAuth.build/Debug-iphonesimulator/GTMAppAuth.build/DerivedSources/arm64 -Xcc -I/Users/xinyufang/Library/Developer/Xcode/DerivedData/Buzz-faillbpsmponqzeruhhvskovixzk/Build/Intermediates.noindex/GTMAppAuth.build/Debug-iphonesimulator/GTMAppAuth.build/DerivedSources -Xcc -DSWIFT_PACKAGE -Xcc -DDEBUG\=1 -emit-objc-header -emit-objc-header-path /Users/xinyufang/Library/Developer/Xcode/DerivedData/Buzz-faillbpsmponqzeruhhvskovixzk/Build/Intermediates.noindex/GTMAppAuth.build/Debug-iphonesimulator/GTMAppAuth.build/Objects-normal/arm64/GTMAppAuth-Swift.h -working-directory /Users/xinyufang/Documents/Buzz/Buzz.xcodeproj -experimental-emit-module-separately -disable-cmo

SwiftDriverJobDiscovery normal arm64 Compiling BillingDetails+ApplePay.swift, PKContact+Stripe.swift, PKPayment+Stripe.swift, Address.swift (in target 'StripeApplePay' from project 'Stripe')

SwiftDriver Crypto normal arm64 com.apple.xcode.tools.swift.compiler (in target 'Crypto' from project 'swift-crypto')
    cd /Users/xinyufang/Documents/Buzz/Buzz.xcodeproj
    builtin-SwiftDriver -- /Applications/Xcode.app/Contents/Developer/Toolchains/XcodeDefault.xctoolchain/usr/bin/swiftc -module-name Crypto -Onone -enforce-exclusivity\=checked @/Users/xinyufang/Library/Developer/Xcode/DerivedData/Buzz-faillbpsmponqzeruhhvskovixzk/Build/Intermediates.noindex/swift-crypto.build/Debug-iphonesimulator/Crypto.build/Objects-normal/arm64/Crypto.SwiftFileList -DSWIFT_PACKAGE -DDEBUG -DSWIFT_MODULE_RESOURCE_BUNDLE_AVAILABLE -DCRYPTO_IN_SWIFTPM -DXcode -enable-upcoming-feature MemberImportVisibility -plugin-path /Applications/Xcode.app/Contents/Developer/Toolchains/XcodeDefault.xctoolchain/usr/lib/swift/host/plugins/testing -enable-experimental-feature DebugDescriptionMacro -sdk /Applications/Xcode.app/Contents/Developer/Platforms/iPhoneSimulator.platform/Developer/SDKs/iPhoneSimulator26.0.sdk -target arm64-apple-ios12.0-simulator -g -module-cache-path /Users/xinyufang/Library/Developer/Xcode/DerivedData/ModuleCache.noindex -Xfrontend -serialize-debugging-options -enable-testing -suppress-warnings -index-store-path /Users/xinyufang/Library/Developer/Xcode/DerivedData/Buzz-faillbpsmponqzeruhhvskovixzk/Index.noindex/DataStore -Xcc -D_LIBCPP_HARDENING_MODE\=_LIBCPP_HARDENING_MODE_DEBUG -swift-version 6 -I /Users/xinyufang/Library/Developer/Xcode/DerivedData/Buzz-faillbpsmponqzeruhhvskovixzk/Build/Products/Debug-iphonesimulator -Isystem /Applications/Xcode.app/Contents/Developer/Platforms/iPhoneSimulator.platform/Developer/usr/lib -F /Users/xinyufang/Library/Developer/Xcode/DerivedData/Buzz-faillbpsmponqzeruhhvskovixzk/Build/Products/Debug-iphonesimulator -F /Applications/Xcode.app/Contents/Developer/Platforms/iPhoneSimulator.platform/Developer/Library/Frameworks -F /Applications/Xcode.app/Contents/Developer/Platforms/iPhoneSimulator.platform/Developer/SDKs/iPhoneSimulator26.0.sdk/Developer/Library/Frameworks -c -j8 -enable-batch-mode -incremental -Xcc -ivfsstatcache -Xcc /Users/xinyufang/Library/Developer/Xcode/DerivedData/SDKStatCaches.noindex/iphonesimulator26.0-23A339-26257891a6c027eb51374368541b8346.sdkstatcache -output-file-map /Users/xinyufang/Library/Developer/Xcode/DerivedData/Buzz-faillbpsmponqzeruhhvskovixzk/Build/Intermediates.noindex/swift-crypto.build/Debug-iphonesimulator/Crypto.build/Objects-normal/arm64/Crypto-OutputFileMap.json -use-frontend-parseable-output -save-temps -no-color-diagnostics -explicit-module-build -module-cache-path /Users/xinyufang/Library/Developer/Xcode/DerivedData/Buzz-faillbpsmponqzeruhhvskovixzk/Build/Intermediates.noindex/SwiftExplicitPrecompiledModules -clang-scanner-module-cache-path /Users/xinyufang/Library/Developer/Xcode/DerivedData/ModuleCache.noindex -sdk-module-cache-path /Users/xinyufang/Library/Developer/Xcode/DerivedData/ModuleCache.noindex -serialize-diagnostics -emit-dependencies -emit-module -emit-module-path /Users/xinyufang/Library/Developer/Xcode/DerivedData/Buzz-faillbpsmponqzeruhhvskovixzk/Build/Intermediates.noindex/swift-crypto.build/Debug-iphonesimulator/Crypto.build/Objects-normal/arm64/Crypto.swiftmodule -user-module-version 4.1.0 -validate-clang-modules-once -clang-build-session-file /Users/xinyufang/Library/Developer/Xcode/DerivedData/ModuleCache.noindex/Session.modulevalidation -package-name swift_crypto -Xcc -I/Users/xinyufang/Library/Developer/Xcode/DerivedData/Buzz-faillbpsmponqzeruhhvskovixzk/Build/Intermediates.noindex/swift-crypto.build/Debug-iphonesimulator/Crypto.build/swift-overrides.hmap -emit-const-values -Xfrontend -const-gather-protocols-file -Xfrontend /Users/xinyufang/Library/Developer/Xcode/DerivedData/Buzz-faillbpsmponqzeruhhvskovixzk/Build/Intermediates.noindex/swift-crypto.build/Debug-iphonesimulator/Crypto.build/Objects-normal/arm64/Crypto_const_extract_protocols.json -Xcc -I/Users/xinyufang/Library/Developer/Xcode/DerivedData/Buzz-faillbpsmponqzeruhhvskovixzk/Build/Products/Debug-iphonesimulator/include -Xcc -I/Users/xinyufang/Library/Developer/Xcode/DerivedData/Buzz-faillbpsmponqzeruhhvskovixzk/Build/Intermediates.noindex/swift-crypto.build/Debug-iphonesimulator/Crypto.build/DerivedSources-normal/arm64 -Xcc -I/Users/xinyufang/Library/Developer/Xcode/DerivedData/Buzz-faillbpsmponqzeruhhvskovixzk/Build/Intermediates.noindex/swift-crypto.build/Debug-iphonesimulator/Crypto.build/DerivedSources/arm64 -Xcc -I/Users/xinyufang/Library/Developer/Xcode/DerivedData/Buzz-faillbpsmponqzeruhhvskovixzk/Build/Intermediates.noindex/swift-crypto.build/Debug-iphonesimulator/Crypto.build/DerivedSources -Xcc -DSWIFT_PACKAGE -Xcc -DDEBUG\=1 -emit-objc-header -emit-objc-header-path /Users/xinyufang/Library/Developer/Xcode/DerivedData/Buzz-faillbpsmponqzeruhhvskovixzk/Build/Intermediates.noindex/swift-crypto.build/Debug-iphonesimulator/Crypto.build/Objects-normal/arm64/Crypto-Swift.h -working-directory /Users/xinyufang/Documents/Buzz/Buzz.xcodeproj -experimental-emit-module-separately -disable-cmo

SwiftDriver ConcurrencyExtras normal arm64 com.apple.xcode.tools.swift.compiler (in target 'ConcurrencyExtras' from project 'swift-concurrency-extras')
    cd /Users/xinyufang/Documents/Buzz/Buzz.xcodeproj
    builtin-SwiftDriver -- /Applications/Xcode.app/Contents/Developer/Toolchains/XcodeDefault.xctoolchain/usr/bin/swiftc -module-name ConcurrencyExtras -Onone -enforce-exclusivity\=checked @/Users/xinyufang/Library/Developer/Xcode/DerivedData/Buzz-faillbpsmponqzeruhhvskovixzk/Build/Intermediates.noindex/swift-concurrency-extras.build/Debug-iphonesimulator/ConcurrencyExtras.build/Objects-normal/arm64/ConcurrencyExtras.SwiftFileList -DSWIFT_PACKAGE -DDEBUG -DSWIFT_MODULE_RESOURCE_BUNDLE_UNAVAILABLE -DXcode -plugin-path /Applications/Xcode.app/Contents/Developer/Toolchains/XcodeDefault.xctoolchain/usr/lib/swift/host/plugins/testing -enable-experimental-feature DebugDescriptionMacro -sdk /Applications/Xcode.app/Contents/Developer/Platforms/iPhoneSimulator.platform/Developer/SDKs/iPhoneSimulator26.0.sdk -target arm64-apple-ios13.0-simulator -g -module-cache-path /Users/xinyufang/Library/Developer/Xcode/DerivedData/ModuleCache.noindex -Xfrontend -serialize-debugging-options -enable-testing -suppress-warnings -index-store-path /Users/xinyufang/Library/Developer/Xcode/DerivedData/Buzz-faillbpsmponqzeruhhvskovixzk/Index.noindex/DataStore -Xcc -D_LIBCPP_HARDENING_MODE\=_LIBCPP_HARDENING_MODE_DEBUG -swift-version 6 -I /Users/xinyufang/Library/Developer/Xcode/DerivedData/Buzz-faillbpsmponqzeruhhvskovixzk/Build/Products/Debug-iphonesimulator -Isystem /Applications/Xcode.app/Contents/Developer/Platforms/iPhoneSimulator.platform/Developer/usr/lib -F /Users/xinyufang/Library/Developer/Xcode/DerivedData/Buzz-faillbpsmponqzeruhhvskovixzk/Build/Products/Debug-iphonesimulator -F /Applications/Xcode.app/Contents/Developer/Platforms/iPhoneSimulator.platform/Developer/Library/Frameworks -F /Applications/Xcode.app/Contents/Developer/Platforms/iPhoneSimulator.platform/Developer/SDKs/iPhoneSimulator26.0.sdk/Developer/Library/Frameworks -c -j8 -enable-batch-mode -incremental -Xcc -ivfsstatcache -Xcc /Users/xinyufang/Library/Developer/Xcode/DerivedData/SDKStatCaches.noindex/iphonesimulator26.0-23A339-26257891a6c027eb51374368541b8346.sdkstatcache -output-file-map /Users/xinyufang/Library/Developer/Xcode/DerivedData/Buzz-faillbpsmponqzeruhhvskovixzk/Build/Intermediates.noindex/swift-concurrency-extras.build/Debug-iphonesimulator/ConcurrencyExtras.build/Objects-normal/arm64/ConcurrencyExtras-OutputFileMap.json -use-frontend-parseable-output -save-temps -no-color-diagnostics -explicit-module-build -module-cache-path /Users/xinyufang/Library/Developer/Xcode/DerivedData/Buzz-faillbpsmponqzeruhhvskovixzk/Build/Intermediates.noindex/SwiftExplicitPrecompiledModules -clang-scanner-module-cache-path /Users/xinyufang/Library/Developer/Xcode/DerivedData/ModuleCache.noindex -sdk-module-cache-path /Users/xinyufang/Library/Developer/Xcode/DerivedData/ModuleCache.noindex -serialize-diagnostics -emit-dependencies -emit-module -emit-module-path /Users/xinyufang/Library/Developer/Xcode/DerivedData/Buzz-faillbpsmponqzeruhhvskovixzk/Build/Intermediates.noindex/swift-concurrency-extras.build/Debug-iphonesimulator/ConcurrencyExtras.build/Objects-normal/arm64/ConcurrencyExtras.swiftmodule -user-module-version 1.3.2 -validate-clang-modules-once -clang-build-session-file /Users/xinyufang/Library/Developer/Xcode/DerivedData/ModuleCache.noindex/Session.modulevalidation -package-name swift_concurrency_extras -Xcc -I/Users/xinyufang/Library/Developer/Xcode/DerivedData/Buzz-faillbpsmponqzeruhhvskovixzk/Build/Intermediates.noindex/swift-concurrency-extras.build/Debug-iphonesimulator/ConcurrencyExtras.build/swift-overrides.hmap -emit-const-values -Xfrontend -const-gather-protocols-file -Xfrontend /Users/xinyufang/Library/Developer/Xcode/DerivedData/Buzz-faillbpsmponqzeruhhvskovixzk/Build/Intermediates.noindex/swift-concurrency-extras.build/Debug-iphonesimulator/ConcurrencyExtras.build/Objects-normal/arm64/ConcurrencyExtras_const_extract_protocols.json -Xcc -I/Users/xinyufang/Library/Developer/Xcode/DerivedData/Buzz-faillbpsmponqzeruhhvskovixzk/Build/Products/Debug-iphonesimulator/include -Xcc -I/Users/xinyufang/Library/Developer/Xcode/DerivedData/Buzz-faillbpsmponqzeruhhvskovixzk/Build/Intermediates.noindex/swift-concurrency-extras.build/Debug-iphonesimulator/ConcurrencyExtras.build/DerivedSources-normal/arm64 -Xcc -I/Users/xinyufang/Library/Developer/Xcode/DerivedData/Buzz-faillbpsmponqzeruhhvskovixzk/Build/Intermediates.noindex/swift-concurrency-extras.build/Debug-iphonesimulator/ConcurrencyExtras.build/DerivedSources/arm64 -Xcc -I/Users/xinyufang/Library/Developer/Xcode/DerivedData/Buzz-faillbpsmponqzeruhhvskovixzk/Build/Intermediates.noindex/swift-concurrency-extras.build/Debug-iphonesimulator/ConcurrencyExtras.build/DerivedSources -Xcc -DSWIFT_PACKAGE -Xcc -DDEBUG\=1 -emit-objc-header -emit-objc-header-path /Users/xinyufang/Library/Developer/Xcode/DerivedData/Buzz-faillbpsmponqzeruhhvskovixzk/Build/Intermediates.noindex/swift-concurrency-extras.build/Debug-iphonesimulator/ConcurrencyExtras.build/Objects-normal/arm64/ConcurrencyExtras-Swift.h -working-directory /Users/xinyufang/Documents/Buzz/Buzz.xcodeproj -experimental-emit-module-separately -disable-cmo

CompileC /Users/xinyufang/Library/Developer/Xcode/DerivedData/Buzz-faillbpsmponqzeruhhvskovixzk/Build/Intermediates.noindex/GoogleUtilities.build/Debug-iphonesimulator/GoogleUtilities-Logger.build/Objects-normal/arm64/resource_bundle_accessor.o /Users/xinyufang/Library/Developer/Xcode/DerivedData/Buzz-faillbpsmponqzeruhhvskovixzk/Build/Intermediates.noindex/GoogleUtilities.build/Debug-iphonesimulator/GoogleUtilities-Logger.build/DerivedSources/resource_bundle_accessor.m normal arm64 objective-c com.apple.compilers.llvm.clang.1_0.compiler (in target 'GoogleUtilities-Logger' from project 'GoogleUtilities')
    cd /Users/xinyufang/Documents/Buzz/Buzz.xcodeproj
    
    Using response file: /Users/xinyufang/Library/Developer/Xcode/DerivedData/Buzz-faillbpsmponqzeruhhvskovixzk/Build/Intermediates.noindex/GoogleUtilities.build/Debug-iphonesimulator/GoogleUtilities-Logger.build/Objects-normal/arm64/e6072d4f65d7061329687fe24e3d63a7-common-args.resp
    
    /Applications/Xcode.app/Contents/Developer/Toolchains/XcodeDefault.xctoolchain/usr/bin/clang -x objective-c -ivfsstatcache /Users/xinyufang/Library/Developer/Xcode/DerivedData/SDKStatCaches.noindex/iphonesimulator26.0-23A339-26257891a6c027eb51374368541b8346.sdkstatcache -fmessage-length\=0 -fdiagnostics-show-note-include-stack -fmacro-backtrace-limit\=0 -fno-color-diagnostics -fmodules-prune-interval\=86400 -fmodules-prune-after\=345600 -fbuild-session-file\=/Users/xinyufang/Library/Developer/Xcode/DerivedData/ModuleCache.noindex/Session.modulevalidation -fmodules-validate-once-per-build-session -Wnon-modular-include-in-framework-module -Werror\=non-modular-include-in-framework-module -Wno-trigraphs -Wno-missing-field-initializers -Wno-missing-prototypes -Wno-return-type -Wno-implicit-atomic-properties -Wno-objc-interface-ivars -Wno-arc-repeated-use-of-weak -Wno-missing-braces -Wparentheses -Wswitch -Wno-unused-function -Wno-unused-label -Wno-unused-parameter -Wno-unused-variable -Wunused-value -Wno-empty-body -Wno-uninitialized -Wno-unknown-pragmas -w -Wno-shadow -Wno-four-char-constants -Wno-conversion -Wno-constant-conversion -Wno-int-conversion -Wno-bool-conversion -Wno-enum-conversion -Wno-float-conversion -Wno-non-literal-null-conversion -Wno-objc-literal-conversion -Wshorten-64-to-32 -Wpointer-sign -Wno-newline-eof -Wno-selector -Wno-strict-selector-match -Wno-undeclared-selector -Wno-deprecated-implementations -Wno-implicit-fallthrough -fstrict-aliasing -Wprotocol -Wdeprecated-declarations -Wno-sign-conversion -Wno-infinite-recursion -Wno-comma -Wno-block-capture-autoreleasing -Wno-strict-prototypes -Wno-semicolon-before-method-body -index-store-path /Users/xinyufang/Library/Developer/Xcode/DerivedData/Buzz-faillbpsmponqzeruhhvskovixzk/Index.noindex/DataStore @/Users/xinyufang/Library/Developer/Xcode/DerivedData/Buzz-faillbpsmponqzeruhhvskovixzk/Build/Intermediates.noindex/GoogleUtilities.build/Debug-iphonesimulator/GoogleUtilities-Logger.build/Objects-normal/arm64/e6072d4f65d7061329687fe24e3d63a7-common-args.resp -include /Users/xinyufang/Library/Developer/Xcode/DerivedData/Buzz-faillbpsmponqzeruhhvskovixzk/Build/Intermediates.noindex/GoogleUtilities.build/Debug-iphonesimulator/GoogleUtilities-Logger.build/DerivedSources/resource_bundle_accessor.h -MMD -MT dependencies -MF /Users/xinyufang/Library/Developer/Xcode/DerivedData/Buzz-faillbpsmponqzeruhhvskovixzk/Build/Intermediates.noindex/GoogleUtilities.build/Debug-iphonesimulator/GoogleUtilities-Logger.build/Objects-normal/arm64/resource_bundle_accessor.d --serialize-diagnostics /Users/xinyufang/Library/Developer/Xcode/DerivedData/Buzz-faillbpsmponqzeruhhvskovixzk/Build/Intermediates.noindex/GoogleUtilities.build/Debug-iphonesimulator/GoogleUtilities-Logger.build/Objects-normal/arm64/resource_bundle_accessor.dia -c /Users/xinyufang/Library/Developer/Xcode/DerivedData/Buzz-faillbpsmponqzeruhhvskovixzk/Build/Intermediates.noindex/GoogleUtilities.build/Debug-iphonesimulator/GoogleUtilities-Logger.build/DerivedSources/resource_bundle_accessor.m -o /Users/xinyufang/Library/Developer/Xcode/DerivedData/Buzz-faillbpsmponqzeruhhvskovixzk/Build/Intermediates.noindex/GoogleUtilities.build/Debug-iphonesimulator/GoogleUtilities-Logger.build/Objects-normal/arm64/resource_bundle_accessor.o -index-unit-output-path /GoogleUtilities.build/Debug-iphonesimulator/GoogleUtilities-Logger.build/Objects-normal/arm64/resource_bundle_accessor.o

SwiftDriverJobDiscovery normal arm64 Compiling BillingDetails.swift, CardBrand.swift, PaymentIntent.swift (in target 'StripeApplePay' from project 'Stripe')

CompileC /Users/xinyufang/Library/Developer/Xcode/DerivedData/Buzz-faillbpsmponqzeruhhvskovixzk/Build/Intermediates.noindex/GoogleUtilities.build/Debug-iphonesimulator/GoogleUtilities-Environment.build/Objects-normal/arm64/resource_bundle_accessor.o /Users/xinyufang/Library/Developer/Xcode/DerivedData/Buzz-faillbpsmponqzeruhhvskovixzk/Build/Intermediates.noindex/GoogleUtilities.build/Debug-iphonesimulator/GoogleUtilities-Environment.build/DerivedSources/resource_bundle_accessor.m normal arm64 objective-c com.apple.compilers.llvm.clang.1_0.compiler (in target 'GoogleUtilities-Environment' from project 'GoogleUtilities')
    cd /Users/xinyufang/Documents/Buzz/Buzz.xcodeproj
    
    Using response file: /Users/xinyufang/Library/Developer/Xcode/DerivedData/Buzz-faillbpsmponqzeruhhvskovixzk/Build/Intermediates.noindex/GoogleUtilities.build/Debug-iphonesimulator/GoogleUtilities-Environment.build/Objects-normal/arm64/e6072d4f65d7061329687fe24e3d63a7-common-args.resp
    
    /Applications/Xcode.app/Contents/Developer/Toolchains/XcodeDefault.xctoolchain/usr/bin/clang -x objective-c -ivfsstatcache /Users/xinyufang/Library/Developer/Xcode/DerivedData/SDKStatCaches.noindex/iphonesimulator26.0-23A339-26257891a6c027eb51374368541b8346.sdkstatcache -fmessage-length\=0 -fdiagnostics-show-note-include-stack -fmacro-backtrace-limit\=0 -fno-color-diagnostics -fmodules-prune-interval\=86400 -fmodules-prune-after\=345600 -fbuild-session-file\=/Users/xinyufang/Library/Developer/Xcode/DerivedData/ModuleCache.noindex/Session.modulevalidation -fmodules-validate-once-per-build-session -Wnon-modular-include-in-framework-module -Werror\=non-modular-include-in-framework-module -Wno-trigraphs -Wno-missing-field-initializers -Wno-missing-prototypes -Wno-return-type -Wno-implicit-atomic-properties -Wno-objc-interface-ivars -Wno-arc-repeated-use-of-weak -Wno-missing-braces -Wparentheses -Wswitch -Wno-unused-function -Wno-unused-label -Wno-unused-parameter -Wno-unused-variable -Wunused-value -Wno-empty-body -Wno-uninitialized -Wno-unknown-pragmas -w -Wno-shadow -Wno-four-char-constants -Wno-conversion -Wno-constant-conversion -Wno-int-conversion -Wno-bool-conversion -Wno-enum-conversion -Wno-float-conversion -Wno-non-literal-null-conversion -Wno-objc-literal-conversion -Wshorten-64-to-32 -Wpointer-sign -Wno-newline-eof -Wno-selector -Wno-strict-selector-match -Wno-undeclared-selector -Wno-deprecated-implementations -Wno-implicit-fallthrough -fstrict-aliasing -Wprotocol -Wdeprecated-declarations -Wno-sign-conversion -Wno-infinite-recursion -Wno-comma -Wno-block-capture-autoreleasing -Wno-strict-prototypes -Wno-semicolon-before-method-body -index-store-path /Users/xinyufang/Library/Developer/Xcode/DerivedData/Buzz-faillbpsmponqzeruhhvskovixzk/Index.noindex/DataStore @/Users/xinyufang/Library/Developer/Xcode/DerivedData/Buzz-faillbpsmponqzeruhhvskovixzk/Build/Intermediates.noindex/GoogleUtilities.build/Debug-iphonesimulator/GoogleUtilities-Environment.build/Objects-normal/arm64/e6072d4f65d7061329687fe24e3d63a7-common-args.resp -include /Users/xinyufang/Library/Developer/Xcode/DerivedData/Buzz-faillbpsmponqzeruhhvskovixzk/Build/Intermediates.noindex/GoogleUtilities.build/Debug-iphonesimulator/GoogleUtilities-Environment.build/DerivedSources/resource_bundle_accessor.h -MMD -MT dependencies -MF /Users/xinyufang/Library/Developer/Xcode/DerivedData/Buzz-faillbpsmponqzeruhhvskovixzk/Build/Intermediates.noindex/GoogleUtilities.build/Debug-iphonesimulator/GoogleUtilities-Environment.build/Objects-normal/arm64/resource_bundle_accessor.d --serialize-diagnostics /Users/xinyufang/Library/Developer/Xcode/DerivedData/Buzz-faillbpsmponqzeruhhvskovixzk/Build/Intermediates.noindex/GoogleUtilities.build/Debug-iphonesimulator/GoogleUtilities-Environment.build/Objects-normal/arm64/resource_bundle_accessor.dia -c /Users/xinyufang/Library/Developer/Xcode/DerivedData/Buzz-faillbpsmponqzeruhhvskovixzk/Build/Intermediates.noindex/GoogleUtilities.build/Debug-iphonesimulator/GoogleUtilities-Environment.build/DerivedSources/resource_bundle_accessor.m -o /Users/xinyufang/Library/Developer/Xcode/DerivedData/Buzz-faillbpsmponqzeruhhvskovixzk/Build/Intermediates.noindex/GoogleUtilities.build/Debug-iphonesimulator/GoogleUtilities-Environment.build/Objects-normal/arm64/resource_bundle_accessor.o -index-unit-output-path /GoogleUtilities.build/Debug-iphonesimulator/GoogleUtilities-Environment.build/Objects-normal/arm64/resource_bundle_accessor.o

PrecompileModule /Users/xinyufang/Library/Developer/Xcode/DerivedData/Buzz-faillbpsmponqzeruhhvskovixzk/Build/Intermediates.noindex/ExplicitPrecompiledModules/_Builtin_stdatomic-1AKN7JHV91NW7ACS8QTYKN024.scan
    cd /
    builtin-precompileModule /Users/xinyufang/Library/Developer/Xcode/DerivedData/Buzz-faillbpsmponqzeruhhvskovixzk/Build/Intermediates.noindex/ExplicitPrecompiledModules/_Builtin_stdatomic-1AKN7JHV91NW7ACS8QTYKN024.scan

PrecompileModule /Users/xinyufang/Library/Developer/Xcode/DerivedData/Buzz-faillbpsmponqzeruhhvskovixzk/Build/Intermediates.noindex/ExplicitPrecompiledModules/GoogleUtilities_Environment-E1TGRXLXUDGEQNU7NT073BKRA.scan
    cd /
    builtin-precompileModule /Users/xinyufang/Library/Developer/Xcode/DerivedData/Buzz-faillbpsmponqzeruhhvskovixzk/Build/Intermediates.noindex/ExplicitPrecompiledModules/GoogleUtilities_Environment-E1TGRXLXUDGEQNU7NT073BKRA.scan

PrecompileModule /Users/xinyufang/Library/Developer/Xcode/DerivedData/Buzz-faillbpsmponqzeruhhvskovixzk/Build/Intermediates.noindex/ExplicitPrecompiledModules/os-7WDKBWARC64NSAP7G5IUYLYX2.scan
    cd /
    builtin-precompileModule /Users/xinyufang/Library/Developer/Xcode/DerivedData/Buzz-faillbpsmponqzeruhhvskovixzk/Build/Intermediates.noindex/ExplicitPrecompiledModules/os-7WDKBWARC64NSAP7G5IUYLYX2.scan

SwiftDriverJobDiscovery normal arm64 Compiling HTTPParsedFields.swift (in target 'HTTPTypes' from project 'swift-http-types')

SwiftDriver\ Compilation StripeApplePay normal arm64 com.apple.xcode.tools.swift.compiler (in target 'StripeApplePay' from project 'Stripe')
    cd /Users/xinyufang/Documents/Buzz/Buzz.xcodeproj
    builtin-Swift-Compilation -- /Applications/Xcode.app/Contents/Developer/Toolchains/XcodeDefault.xctoolchain/usr/bin/swiftc -module-name StripeApplePay -Onone -enforce-exclusivity\=checked @/Users/xinyufang/Library/Developer/Xcode/DerivedData/Buzz-faillbpsmponqzeruhhvskovixzk/Build/Intermediates.noindex/Stripe.build/Debug-iphonesimulator/StripeApplePay.build/Objects-normal/arm64/StripeApplePay.SwiftFileList -DSWIFT_PACKAGE -DDEBUG -DSWIFT_MODULE_RESOURCE_BUNDLE_UNAVAILABLE -DXcode -plugin-path /Applications/Xcode.app/Contents/Developer/Toolchains/XcodeDefault.xctoolchain/usr/lib/swift/host/plugins/testing -enable-experimental-feature DebugDescriptionMacro -sdk /Applications/Xcode.app/Contents/Developer/Platforms/iPhoneSimulator.platform/Developer/SDKs/iPhoneSimulator26.0.sdk -target arm64-apple-ios13.0-simulator -g -module-cache-path /Users/xinyufang/Library/Developer/Xcode/DerivedData/ModuleCache.noindex -Xfrontend -serialize-debugging-options -enable-testing -suppress-warnings -index-store-path /Users/xinyufang/Library/Developer/Xcode/DerivedData/Buzz-faillbpsmponqzeruhhvskovixzk/Index.noindex/DataStore -Xcc -D_LIBCPP_HARDENING_MODE\=_LIBCPP_HARDENING_MODE_DEBUG -swift-version 5 -I /Users/xinyufang/Library/Developer/Xcode/DerivedData/Buzz-faillbpsmponqzeruhhvskovixzk/Build/Products/Debug-iphonesimulator -Isystem /Applications/Xcode.app/Contents/Developer/Platforms/iPhoneSimulator.platform/Developer/usr/lib -F /Users/xinyufang/Library/Developer/Xcode/DerivedData/Buzz-faillbpsmponqzeruhhvskovixzk/Build/Products/Debug-iphonesimulator/PackageFrameworks -F /Users/xinyufang/Library/Developer/Xcode/DerivedData/Buzz-faillbpsmponqzeruhhvskovixzk/Build/Products/Debug-iphonesimulator -F /Applications/Xcode.app/Contents/Developer/Platforms/iPhoneSimulator.platform/Developer/Library/Frameworks -F /Applications/Xcode.app/Contents/Developer/Platforms/iPhoneSimulator.platform/Developer/SDKs/iPhoneSimulator26.0.sdk/Developer/Library/Frameworks -emit-localized-strings -emit-localized-strings-path /Users/xinyufang/Library/Developer/Xcode/DerivedData/Buzz-faillbpsmponqzeruhhvskovixzk/Build/Intermediates.noindex/Stripe.build/Debug-iphonesimulator/StripeApplePay.build/Objects-normal/arm64 -c -j8 -enable-batch-mode -incremental -Xcc -ivfsstatcache -Xcc /Users/xinyufang/Library/Developer/Xcode/DerivedData/SDKStatCaches.noindex/iphonesimulator26.0-23A339-26257891a6c027eb51374368541b8346.sdkstatcache -output-file-map /Users/xinyufang/Library/Developer/Xcode/DerivedData/Buzz-faillbpsmponqzeruhhvskovixzk/Build/Intermediates.noindex/Stripe.build/Debug-iphonesimulator/StripeApplePay.build/Objects-normal/arm64/StripeApplePay-OutputFileMap.json -use-frontend-parseable-output -save-temps -no-color-diagnostics -explicit-module-build -module-cache-path /Users/xinyufang/Library/Developer/Xcode/DerivedData/Buzz-faillbpsmponqzeruhhvskovixzk/Build/Intermediates.noindex/SwiftExplicitPrecompiledModules -clang-scanner-module-cache-path /Users/xinyufang/Library/Developer/Xcode/DerivedData/ModuleCache.noindex -sdk-module-cache-path /Users/xinyufang/Library/Developer/Xcode/DerivedData/ModuleCache.noindex -serialize-diagnostics -emit-dependencies -emit-module -emit-module-path /Users/xinyufang/Library/Developer/Xcode/DerivedData/Buzz-faillbpsmponqzeruhhvskovixzk/Build/Intermediates.noindex/Stripe.build/Debug-iphonesimulator/StripeApplePay.build/Objects-normal/arm64/StripeApplePay.swiftmodule -validate-clang-modules-once -clang-build-session-file /Users/xinyufang/Library/Developer/Xcode/DerivedData/ModuleCache.noindex/Session.modulevalidation -Xcc -I/Users/xinyufang/Library/Developer/Xcode/DerivedData/Buzz-faillbpsmponqzeruhhvskovixzk/Build/Intermediates.noindex/Stripe.build/Debug-iphonesimulator/StripeApplePay.build/swift-overrides.hmap -emit-const-values -Xfrontend -const-gather-protocols-file -Xfrontend /Users/xinyufang/Library/Developer/Xcode/DerivedData/Buzz-faillbpsmponqzeruhhvskovixzk/Build/Intermediates.noindex/Stripe.build/Debug-iphonesimulator/StripeApplePay.build/Objects-normal/arm64/StripeApplePay_const_extract_protocols.json -Xcc -I/Users/xinyufang/Library/Developer/Xcode/DerivedData/Buzz-faillbpsmponqzeruhhvskovixzk/Build/Products/Debug-iphonesimulator/include -Xcc -I/Users/xinyufang/Library/Developer/Xcode/DerivedData/Buzz-faillbpsmponqzeruhhvskovixzk/Build/Intermediates.noindex/Stripe.build/Debug-iphonesimulator/StripeApplePay.build/DerivedSources-normal/arm64 -Xcc -I/Users/xinyufang/Library/Developer/Xcode/DerivedData/Buzz-faillbpsmponqzeruhhvskovixzk/Build/Intermediates.noindex/Stripe.build/Debug-iphonesimulator/StripeApplePay.build/DerivedSources/arm64 -Xcc -I/Users/xinyufang/Library/Developer/Xcode/DerivedData/Buzz-faillbpsmponqzeruhhvskovixzk/Build/Intermediates.noindex/Stripe.build/Debug-iphonesimulator/StripeApplePay.build/DerivedSources -Xcc -DSWIFT_PACKAGE -Xcc -DDEBUG\=1 -emit-objc-header -emit-objc-header-path /Users/xinyufang/Library/Developer/Xcode/DerivedData/Buzz-faillbpsmponqzeruhhvskovixzk/Build/Intermediates.noindex/Stripe.build/Debug-iphonesimulator/StripeApplePay.build/Objects-normal/arm64/StripeApplePay-Swift.h -working-directory /Users/xinyufang/Documents/Buzz/Buzz.xcodeproj -experimental-emit-module-separately -disable-cmo

SwiftDriver\ Compilation HTTPTypes normal arm64 com.apple.xcode.tools.swift.compiler (in target 'HTTPTypes' from project 'swift-http-types')
    cd /Users/xinyufang/Documents/Buzz/Buzz.xcodeproj
    builtin-Swift-Compilation -- /Applications/Xcode.app/Contents/Developer/Toolchains/XcodeDefault.xctoolchain/usr/bin/swiftc -module-name HTTPTypes -Onone -enforce-exclusivity\=checked @/Users/xinyufang/Library/Developer/Xcode/DerivedData/Buzz-faillbpsmponqzeruhhvskovixzk/Build/Intermediates.noindex/swift-http-types.build/Debug-iphonesimulator/HTTPTypes.build/Objects-normal/arm64/HTTPTypes.SwiftFileList -DSWIFT_PACKAGE -DDEBUG -DSWIFT_MODULE_RESOURCE_BUNDLE_UNAVAILABLE -DXcode -enable-experimental-feature StrictConcurrency\=complete -enable-upcoming-feature MemberImportVisibility -plugin-path /Applications/Xcode.app/Contents/Developer/Toolchains/XcodeDefault.xctoolchain/usr/lib/swift/host/plugins/testing -enable-experimental-feature DebugDescriptionMacro -sdk /Applications/Xcode.app/Contents/Developer/Platforms/iPhoneSimulator.platform/Developer/SDKs/iPhoneSimulator26.0.sdk -target arm64-apple-ios12.0-simulator -g -module-cache-path /Users/xinyufang/Library/Developer/Xcode/DerivedData/ModuleCache.noindex -Xfrontend -serialize-debugging-options -enable-testing -suppress-warnings -index-store-path /Users/xinyufang/Library/Developer/Xcode/DerivedData/Buzz-faillbpsmponqzeruhhvskovixzk/Index.noindex/DataStore -Xcc -D_LIBCPP_HARDENING_MODE\=_LIBCPP_HARDENING_MODE_DEBUG -swift-version 5 -I /Users/xinyufang/Library/Developer/Xcode/DerivedData/Buzz-faillbpsmponqzeruhhvskovixzk/Build/Products/Debug-iphonesimulator -Isystem /Applications/Xcode.app/Contents/Developer/Platforms/iPhoneSimulator.platform/Developer/usr/lib -F /Users/xinyufang/Library/Developer/Xcode/DerivedData/Buzz-faillbpsmponqzeruhhvskovixzk/Build/Products/Debug-iphonesimulator -F /Applications/Xcode.app/Contents/Developer/Platforms/iPhoneSimulator.platform/Developer/Library/Frameworks -F /Applications/Xcode.app/Contents/Developer/Platforms/iPhoneSimulator.platform/Developer/SDKs/iPhoneSimulator26.0.sdk/Developer/Library/Frameworks -c -j8 -enable-batch-mode -incremental -Xcc -ivfsstatcache -Xcc /Users/xinyufang/Library/Developer/Xcode/DerivedData/SDKStatCaches.noindex/iphonesimulator26.0-23A339-26257891a6c027eb51374368541b8346.sdkstatcache -output-file-map /Users/xinyufang/Library/Developer/Xcode/DerivedData/Buzz-faillbpsmponqzeruhhvskovixzk/Build/Intermediates.noindex/swift-http-types.build/Debug-iphonesimulator/HTTPTypes.build/Objects-normal/arm64/HTTPTypes-OutputFileMap.json -use-frontend-parseable-output -save-temps -no-color-diagnostics -explicit-module-build -module-cache-path /Users/xinyufang/Library/Developer/Xcode/DerivedData/Buzz-faillbpsmponqzeruhhvskovixzk/Build/Intermediates.noindex/SwiftExplicitPrecompiledModules -clang-scanner-module-cache-path /Users/xinyufang/Library/Developer/Xcode/DerivedData/ModuleCache.noindex -sdk-module-cache-path /Users/xinyufang/Library/Developer/Xcode/DerivedData/ModuleCache.noindex -serialize-diagnostics -emit-dependencies -emit-module -emit-module-path /Users/xinyufang/Library/Developer/Xcode/DerivedData/Buzz-faillbpsmponqzeruhhvskovixzk/Build/Intermediates.noindex/swift-http-types.build/Debug-iphonesimulator/HTTPTypes.build/Objects-normal/arm64/HTTPTypes.swiftmodule -validate-clang-modules-once -clang-build-session-file /Users/xinyufang/Library/Developer/Xcode/DerivedData/ModuleCache.noindex/Session.modulevalidation -package-name swift_http_types -Xcc -I/Users/xinyufang/Library/Developer/Xcode/DerivedData/Buzz-faillbpsmponqzeruhhvskovixzk/Build/Intermediates.noindex/swift-http-types.build/Debug-iphonesimulator/HTTPTypes.build/swift-overrides.hmap -emit-const-values -Xfrontend -const-gather-protocols-file -Xfrontend /Users/xinyufang/Library/Developer/Xcode/DerivedData/Buzz-faillbpsmponqzeruhhvskovixzk/Build/Intermediates.noindex/swift-http-types.build/Debug-iphonesimulator/HTTPTypes.build/Objects-normal/arm64/HTTPTypes_const_extract_protocols.json -Xcc -I/Users/xinyufang/Library/Developer/Xcode/DerivedData/Buzz-faillbpsmponqzeruhhvskovixzk/Build/Products/Debug-iphonesimulator/include -Xcc -I/Users/xinyufang/Library/Developer/Xcode/DerivedData/Buzz-faillbpsmponqzeruhhvskovixzk/Build/Intermediates.noindex/swift-http-types.build/Debug-iphonesimulator/HTTPTypes.build/DerivedSources-normal/arm64 -Xcc -I/Users/xinyufang/Library/Developer/Xcode/DerivedData/Buzz-faillbpsmponqzeruhhvskovixzk/Build/Intermediates.noindex/swift-http-types.build/Debug-iphonesimulator/HTTPTypes.build/DerivedSources/arm64 -Xcc -I/Users/xinyufang/Library/Developer/Xcode/DerivedData/Buzz-faillbpsmponqzeruhhvskovixzk/Build/Intermediates.noindex/swift-http-types.build/Debug-iphonesimulator/HTTPTypes.build/DerivedSources -Xcc -DSWIFT_PACKAGE -Xcc -DDEBUG\=1 -emit-objc-header -emit-objc-header-path /Users/xinyufang/Library/Developer/Xcode/DerivedData/Buzz-faillbpsmponqzeruhhvskovixzk/Build/Intermediates.noindex/swift-http-types.build/Debug-iphonesimulator/HTTPTypes.build/Objects-normal/arm64/HTTPTypes-Swift.h -working-directory /Users/xinyufang/Documents/Buzz/Buzz.xcodeproj -experimental-emit-module-separately -disable-cmo

ScanDependencies /Users/xinyufang/Library/Developer/Xcode/DerivedData/Buzz-faillbpsmponqzeruhhvskovixzk/Build/Intermediates.noindex/GoogleUtilities.build/Debug-iphonesimulator/GoogleUtilities-Environment.build/Objects-normal/arm64/GULNetworkInfo.o /Users/xinyufang/Library/Developer/Xcode/DerivedData/Buzz-faillbpsmponqzeruhhvskovixzk/SourcePackages/checkouts/GoogleUtilities/GoogleUtilities/Environment/NetworkInfo/GULNetworkInfo.m normal arm64 objective-c com.apple.compilers.llvm.clang.1_0.compiler (in target 'GoogleUtilities-Environment' from project 'GoogleUtilities')
    cd /Users/xinyufang/Documents/Buzz/Buzz.xcodeproj
    
    Using response file: /Users/xinyufang/Library/Developer/Xcode/DerivedData/Buzz-faillbpsmponqzeruhhvskovixzk/Build/Intermediates.noindex/GoogleUtilities.build/Debug-iphonesimulator/GoogleUtilities-Environment.build/Objects-normal/arm64/e6072d4f65d7061329687fe24e3d63a7-common-args.resp
    
    builtin-ScanDependencies -o /Users/xinyufang/Library/Developer/Xcode/DerivedData/Buzz-faillbpsmponqzeruhhvskovixzk/Build/Intermediates.noindex/GoogleUtilities.build/Debug-iphonesimulator/GoogleUtilities-Environment.build/Objects-normal/arm64/GULNetworkInfo.o.scan -- /Applications/Xcode.app/Contents/Developer/Toolchains/XcodeDefault.xctoolchain/usr/bin/clang -x objective-c -ivfsstatcache /Users/xinyufang/Library/Developer/Xcode/DerivedData/SDKStatCaches.noindex/iphonesimulator26.0-23A339-26257891a6c027eb51374368541b8346.sdkstatcache -fmessage-length\=0 -fdiagnostics-show-note-include-stack -fmacro-backtrace-limit\=0 -fno-color-diagnostics -fmodules-prune-interval\=86400 -fmodules-prune-after\=345600 -fbuild-session-file\=/Users/xinyufang/Library/Developer/Xcode/DerivedData/ModuleCache.noindex/Session.modulevalidation -fmodules-validate-once-per-build-session -Wnon-modular-include-in-framework-module -Werror\=non-modular-include-in-framework-module -Wno-trigraphs -Wno-missing-field-initializers -Wno-missing-prototypes -Wno-return-type -Wno-implicit-atomic-properties -Wno-objc-interface-ivars -Wno-arc-repeated-use-of-weak -Wno-missing-braces -Wparentheses -Wswitch -Wno-unused-function -Wno-unused-label -Wno-unused-parameter -Wno-unused-variable -Wunused-value -Wno-empty-body -Wno-uninitialized -Wno-unknown-pragmas -w -Wno-shadow -Wno-four-char-constants -Wno-conversion -Wno-constant-conversion -Wno-int-conversion -Wno-bool-conversion -Wno-enum-conversion -Wno-float-conversion -Wno-non-literal-null-conversion -Wno-objc-literal-conversion -Wshorten-64-to-32 -Wpointer-sign -Wno-newline-eof -Wno-selector -Wno-strict-selector-match -Wno-undeclared-selector -Wno-deprecated-implementations -Wno-implicit-fallthrough -fstrict-aliasing -Wprotocol -Wdeprecated-declarations -Wno-sign-conversion -Wno-infinite-recursion -Wno-comma -Wno-block-capture-autoreleasing -Wno-strict-prototypes -Wno-semicolon-before-method-body -index-store-path /Users/xinyufang/Library/Developer/Xcode/DerivedData/Buzz-faillbpsmponqzeruhhvskovixzk/Index.noindex/DataStore @/Users/xinyufang/Library/Developer/Xcode/DerivedData/Buzz-faillbpsmponqzeruhhvskovixzk/Build/Intermediates.noindex/GoogleUtilities.build/Debug-iphonesimulator/GoogleUtilities-Environment.build/Objects-normal/arm64/e6072d4f65d7061329687fe24e3d63a7-common-args.resp -include /Users/xinyufang/Library/Developer/Xcode/DerivedData/Buzz-faillbpsmponqzeruhhvskovixzk/Build/Intermediates.noindex/GoogleUtilities.build/Debug-iphonesimulator/GoogleUtilities-Environment.build/DerivedSources/resource_bundle_accessor.h -MMD -MT dependencies -MF /Users/xinyufang/Library/Developer/Xcode/DerivedData/Buzz-faillbpsmponqzeruhhvskovixzk/Build/Intermediates.noindex/GoogleUtilities.build/Debug-iphonesimulator/GoogleUtilities-Environment.build/Objects-normal/arm64/GULNetworkInfo.d --serialize-diagnostics /Users/xinyufang/Library/Developer/Xcode/DerivedData/Buzz-faillbpsmponqzeruhhvskovixzk/Build/Intermediates.noindex/GoogleUtilities.build/Debug-iphonesimulator/GoogleUtilities-Environment.build/Objects-normal/arm64/GULNetworkInfo.dia -c /Users/xinyufang/Library/Developer/Xcode/DerivedData/Buzz-faillbpsmponqzeruhhvskovixzk/SourcePackages/checkouts/GoogleUtilities/GoogleUtilities/Environment/NetworkInfo/GULNetworkInfo.m -o /Users/xinyufang/Library/Developer/Xcode/DerivedData/Buzz-faillbpsmponqzeruhhvskovixzk/Build/Intermediates.noindex/GoogleUtilities.build/Debug-iphonesimulator/GoogleUtilities-Environment.build/Objects-normal/arm64/GULNetworkInfo.o -index-unit-output-path /GoogleUtilities.build/Debug-iphonesimulator/GoogleUtilities-Environment.build/Objects-normal/arm64/GULNetworkInfo.o

ScanDependencies /Users/xinyufang/Library/Developer/Xcode/DerivedData/Buzz-faillbpsmponqzeruhhvskovixzk/Build/Intermediates.noindex/GoogleUtilities.build/Debug-iphonesimulator/GoogleUtilities-Environment.build/Objects-normal/arm64/GULKeychainUtils.o /Users/xinyufang/Library/Developer/Xcode/DerivedData/Buzz-faillbpsmponqzeruhhvskovixzk/SourcePackages/checkouts/GoogleUtilities/GoogleUtilities/Environment/SecureStorage/GULKeychainUtils.m normal arm64 objective-c com.apple.compilers.llvm.clang.1_0.compiler (in target 'GoogleUtilities-Environment' from project 'GoogleUtilities')
    cd /Users/xinyufang/Documents/Buzz/Buzz.xcodeproj
    
    Using response file: /Users/xinyufang/Library/Developer/Xcode/DerivedData/Buzz-faillbpsmponqzeruhhvskovixzk/Build/Intermediates.noindex/GoogleUtilities.build/Debug-iphonesimulator/GoogleUtilities-Environment.build/Objects-normal/arm64/e6072d4f65d7061329687fe24e3d63a7-common-args.resp
    
    builtin-ScanDependencies -o /Users/xinyufang/Library/Developer/Xcode/DerivedData/Buzz-faillbpsmponqzeruhhvskovixzk/Build/Intermediates.noindex/GoogleUtilities.build/Debug-iphonesimulator/GoogleUtilities-Environment.build/Objects-normal/arm64/GULKeychainUtils.o.scan -- /Applications/Xcode.app/Contents/Developer/Toolchains/XcodeDefault.xctoolchain/usr/bin/clang -x objective-c -ivfsstatcache /Users/xinyufang/Library/Developer/Xcode/DerivedData/SDKStatCaches.noindex/iphonesimulator26.0-23A339-26257891a6c027eb51374368541b8346.sdkstatcache -fmessage-length\=0 -fdiagnostics-show-note-include-stack -fmacro-backtrace-limit\=0 -fno-color-diagnostics -fmodules-prune-interval\=86400 -fmodules-prune-after\=345600 -fbuild-session-file\=/Users/xinyufang/Library/Developer/Xcode/DerivedData/ModuleCache.noindex/Session.modulevalidation -fmodules-validate-once-per-build-session -Wnon-modular-include-in-framework-module -Werror\=non-modular-include-in-framework-module -Wno-trigraphs -Wno-missing-field-initializers -Wno-missing-prototypes -Wno-return-type -Wno-implicit-atomic-properties -Wno-objc-interface-ivars -Wno-arc-repeated-use-of-weak -Wno-missing-braces -Wparentheses -Wswitch -Wno-unused-function -Wno-unused-label -Wno-unused-parameter -Wno-unused-variable -Wunused-value -Wno-empty-body -Wno-uninitialized -Wno-unknown-pragmas -w -Wno-shadow -Wno-four-char-constants -Wno-conversion -Wno-constant-conversion -Wno-int-conversion -Wno-bool-conversion -Wno-enum-conversion -Wno-float-conversion -Wno-non-literal-null-conversion -Wno-objc-literal-conversion -Wshorten-64-to-32 -Wpointer-sign -Wno-newline-eof -Wno-selector -Wno-strict-selector-match -Wno-undeclared-selector -Wno-deprecated-implementations -Wno-implicit-fallthrough -fstrict-aliasing -Wprotocol -Wdeprecated-declarations -Wno-sign-conversion -Wno-infinite-recursion -Wno-comma -Wno-block-capture-autoreleasing -Wno-strict-prototypes -Wno-semicolon-before-method-body -index-store-path /Users/xinyufang/Library/Developer/Xcode/DerivedData/Buzz-faillbpsmponqzeruhhvskovixzk/Index.noindex/DataStore @/Users/xinyufang/Library/Developer/Xcode/DerivedData/Buzz-faillbpsmponqzeruhhvskovixzk/Build/Intermediates.noindex/GoogleUtilities.build/Debug-iphonesimulator/GoogleUtilities-Environment.build/Objects-normal/arm64/e6072d4f65d7061329687fe24e3d63a7-common-args.resp -include /Users/xinyufang/Library/Developer/Xcode/DerivedData/Buzz-faillbpsmponqzeruhhvskovixzk/Build/Intermediates.noindex/GoogleUtilities.build/Debug-iphonesimulator/GoogleUtilities-Environment.build/DerivedSources/resource_bundle_accessor.h -MMD -MT dependencies -MF /Users/xinyufang/Library/Developer/Xcode/DerivedData/Buzz-faillbpsmponqzeruhhvskovixzk/Build/Intermediates.noindex/GoogleUtilities.build/Debug-iphonesimulator/GoogleUtilities-Environment.build/Objects-normal/arm64/GULKeychainUtils.d --serialize-diagnostics /Users/xinyufang/Library/Developer/Xcode/DerivedData/Buzz-faillbpsmponqzeruhhvskovixzk/Build/Intermediates.noindex/GoogleUtilities.build/Debug-iphonesimulator/GoogleUtilities-Environment.build/Objects-normal/arm64/GULKeychainUtils.dia -c /Users/xinyufang/Library/Developer/Xcode/DerivedData/Buzz-faillbpsmponqzeruhhvskovixzk/SourcePackages/checkouts/GoogleUtilities/GoogleUtilities/Environment/SecureStorage/GULKeychainUtils.m -o /Users/xinyufang/Library/Developer/Xcode/DerivedData/Buzz-faillbpsmponqzeruhhvskovixzk/Build/Intermediates.noindex/GoogleUtilities.build/Debug-iphonesimulator/GoogleUtilities-Environment.build/Objects-normal/arm64/GULKeychainUtils.o -index-unit-output-path /GoogleUtilities.build/Debug-iphonesimulator/GoogleUtilities-Environment.build/Objects-normal/arm64/GULKeychainUtils.o

Ld /Users/xinyufang/Library/Developer/Xcode/DerivedData/Buzz-faillbpsmponqzeruhhvskovixzk/Build/Products/Debug-iphonesimulator/HTTPTypes.o normal (in target 'HTTPTypes' from project 'swift-http-types')
    cd /Users/xinyufang/Library/Developer/Xcode/DerivedData/Buzz-faillbpsmponqzeruhhvskovixzk/SourcePackages/checkouts/swift-http-types
    /Applications/Xcode.app/Contents/Developer/Toolchains/XcodeDefault.xctoolchain/usr/bin/clang -Xlinker -reproducible -target arm64-apple-ios12.0-simulator -r -isysroot /Applications/Xcode.app/Contents/Developer/Platforms/iPhoneSimulator.platform/Developer/SDKs/iPhoneSimulator26.0.sdk -O0 -w -L/Users/xinyufang/Library/Developer/Xcode/DerivedData/Buzz-faillbpsmponqzeruhhvskovixzk/Build/Intermediates.noindex/EagerLinkingTBDs/Debug-iphonesimulator -L/Users/xinyufang/Library/Developer/Xcode/DerivedData/Buzz-faillbpsmponqzeruhhvskovixzk/Build/Products/Debug-iphonesimulator -L/Applications/Xcode.app/Contents/Developer/Platforms/iPhoneSimulator.platform/Developer/usr/lib -F/Users/xinyufang/Library/Developer/Xcode/DerivedData/Buzz-faillbpsmponqzeruhhvskovixzk/Build/Intermediates.noindex/EagerLinkingTBDs/Debug-iphonesimulator -F/Users/xinyufang/Library/Developer/Xcode/DerivedData/Buzz-faillbpsmponqzeruhhvskovixzk/Build/Products/Debug-iphonesimulator -iframework /Applications/Xcode.app/Contents/Developer/Platforms/iPhoneSimulator.platform/Developer/Library/Frameworks -iframework /Applications/Xcode.app/Contents/Developer/Platforms/iPhoneSimulator.platform/Developer/SDKs/iPhoneSimulator26.0.sdk/Developer/Library/Frameworks -filelist /Users/xinyufang/Library/Developer/Xcode/DerivedData/Buzz-faillbpsmponqzeruhhvskovixzk/Build/Intermediates.noindex/swift-http-types.build/Debug-iphonesimulator/HTTPTypes.build/Objects-normal/arm64/HTTPTypes.LinkFileList -nostdlib -Xlinker -object_path_lto -Xlinker /Users/xinyufang/Library/Developer/Xcode/DerivedData/Buzz-faillbpsmponqzeruhhvskovixzk/Build/Intermediates.noindex/swift-http-types.build/Debug-iphonesimulator/HTTPTypes.build/Objects-normal/arm64/HTTPTypes_lto.o -rdynamic -Xlinker -no_deduplicate -Xlinker -objc_abi_version -Xlinker 2 -Xlinker -dependency_info -Xlinker /Users/xinyufang/Library/Developer/Xcode/DerivedData/Buzz-faillbpsmponqzeruhhvskovixzk/Build/Intermediates.noindex/swift-http-types.build/Debug-iphonesimulator/HTTPTypes.build/Objects-normal/arm64/HTTPTypes_dependency_info.dat -fobjc-link-runtime -L/Applications/Xcode.app/Contents/Developer/Toolchains/XcodeDefault.xctoolchain/usr/lib/swift/iphonesimulator -L/usr/lib/swift -Xlinker -add_ast_path -Xlinker /Users/xinyufang/Library/Developer/Xcode/DerivedData/Buzz-faillbpsmponqzeruhhvskovixzk/Build/Intermediates.noindex/swift-http-types.build/Debug-iphonesimulator/HTTPTypes.build/Objects-normal/arm64/HTTPTypes.swiftmodule @/Users/xinyufang/Library/Developer/Xcode/DerivedData/Buzz-faillbpsmponqzeruhhvskovixzk/Build/Intermediates.noindex/swift-http-types.build/Debug-iphonesimulator/HTTPTypes.build/Objects-normal/arm64/HTTPTypes-linker-args.resp -o /Users/xinyufang/Library/Developer/Xcode/DerivedData/Buzz-faillbpsmponqzeruhhvskovixzk/Build/Products/Debug-iphonesimulator/HTTPTypes.o

SwiftEmitModule normal arm64 Emitting\ module\ for\ ConcurrencyExtras (in target 'ConcurrencyExtras' from project 'swift-concurrency-extras')

EmitSwiftModule normal arm64 (in target 'ConcurrencyExtras' from project 'swift-concurrency-extras')
    cd /Users/xinyufang/Documents/Buzz/Buzz.xcodeproj
    

CompileC /Users/xinyufang/Library/Developer/Xcode/DerivedData/Buzz-faillbpsmponqzeruhhvskovixzk/Build/Intermediates.noindex/GoogleUtilities.build/Debug-iphonesimulator/GoogleUtilities-Logger.build/Objects-normal/arm64/GULLogger.o /Users/xinyufang/Library/Developer/Xcode/DerivedData/Buzz-faillbpsmponqzeruhhvskovixzk/SourcePackages/checkouts/GoogleUtilities/GoogleUtilities/Logger/GULLogger.m normal arm64 objective-c com.apple.compilers.llvm.clang.1_0.compiler (in target 'GoogleUtilities-Logger' from project 'GoogleUtilities')
    cd /Users/xinyufang/Documents/Buzz/Buzz.xcodeproj
    
    Using response file: /Users/xinyufang/Library/Developer/Xcode/DerivedData/Buzz-faillbpsmponqzeruhhvskovixzk/Build/Intermediates.noindex/GoogleUtilities.build/Debug-iphonesimulator/GoogleUtilities-Logger.build/Objects-normal/arm64/e6072d4f65d7061329687fe24e3d63a7-common-args.resp
    
    /Applications/Xcode.app/Contents/Developer/Toolchains/XcodeDefault.xctoolchain/usr/bin/clang -x objective-c -ivfsstatcache /Users/xinyufang/Library/Developer/Xcode/DerivedData/SDKStatCaches.noindex/iphonesimulator26.0-23A339-26257891a6c027eb51374368541b8346.sdkstatcache -fmessage-length\=0 -fdiagnostics-show-note-include-stack -fmacro-backtrace-limit\=0 -fno-color-diagnostics -fmodules-prune-interval\=86400 -fmodules-prune-after\=345600 -fbuild-session-file\=/Users/xinyufang/Library/Developer/Xcode/DerivedData/ModuleCache.noindex/Session.modulevalidation -fmodules-validate-once-per-build-session -Wnon-modular-include-in-framework-module -Werror\=non-modular-include-in-framework-module -Wno-trigraphs -Wno-missing-field-initializers -Wno-missing-prototypes -Wno-return-type -Wno-implicit-atomic-properties -Wno-objc-interface-ivars -Wno-arc-repeated-use-of-weak -Wno-missing-braces -Wparentheses -Wswitch -Wno-unused-function -Wno-unused-label -Wno-unused-parameter -Wno-unused-variable -Wunused-value -Wno-empty-body -Wno-uninitialized -Wno-unknown-pragmas -w -Wno-shadow -Wno-four-char-constants -Wno-conversion -Wno-constant-conversion -Wno-int-conversion -Wno-bool-conversion -Wno-enum-conversion -Wno-float-conversion -Wno-non-literal-null-conversion -Wno-objc-literal-conversion -Wshorten-64-to-32 -Wpointer-sign -Wno-newline-eof -Wno-selector -Wno-strict-selector-match -Wno-undeclared-selector -Wno-deprecated-implementations -Wno-implicit-fallthrough -fstrict-aliasing -Wprotocol -Wdeprecated-declarations -Wno-sign-conversion -Wno-infinite-recursion -Wno-comma -Wno-block-capture-autoreleasing -Wno-strict-prototypes -Wno-semicolon-before-method-body -index-store-path /Users/xinyufang/Library/Developer/Xcode/DerivedData/Buzz-faillbpsmponqzeruhhvskovixzk/Index.noindex/DataStore @/Users/xinyufang/Library/Developer/Xcode/DerivedData/Buzz-faillbpsmponqzeruhhvskovixzk/Build/Intermediates.noindex/GoogleUtilities.build/Debug-iphonesimulator/GoogleUtilities-Logger.build/Objects-normal/arm64/e6072d4f65d7061329687fe24e3d63a7-common-args.resp -include /Users/xinyufang/Library/Developer/Xcode/DerivedData/Buzz-faillbpsmponqzeruhhvskovixzk/Build/Intermediates.noindex/GoogleUtilities.build/Debug-iphonesimulator/GoogleUtilities-Logger.build/DerivedSources/resource_bundle_accessor.h -MMD -MT dependencies -MF /Users/xinyufang/Library/Developer/Xcode/DerivedData/Buzz-faillbpsmponqzeruhhvskovixzk/Build/Intermediates.noindex/GoogleUtilities.build/Debug-iphonesimulator/GoogleUtilities-Logger.build/Objects-normal/arm64/GULLogger.d --serialize-diagnostics /Users/xinyufang/Library/Developer/Xcode/DerivedData/Buzz-faillbpsmponqzeruhhvskovixzk/Build/Intermediates.noindex/GoogleUtilities.build/Debug-iphonesimulator/GoogleUtilities-Logger.build/Objects-normal/arm64/GULLogger.dia -c /Users/xinyufang/Library/Developer/Xcode/DerivedData/Buzz-faillbpsmponqzeruhhvskovixzk/SourcePackages/checkouts/GoogleUtilities/GoogleUtilities/Logger/GULLogger.m -o /Users/xinyufang/Library/Developer/Xcode/DerivedData/Buzz-faillbpsmponqzeruhhvskovixzk/Build/Intermediates.noindex/GoogleUtilities.build/Debug-iphonesimulator/GoogleUtilities-Logger.build/Objects-normal/arm64/GULLogger.o -index-unit-output-path /GoogleUtilities.build/Debug-iphonesimulator/GoogleUtilities-Logger.build/Objects-normal/arm64/GULLogger.o

CompileC /Users/xinyufang/Library/Developer/Xcode/DerivedData/Buzz-faillbpsmponqzeruhhvskovixzk/Build/Intermediates.noindex/GoogleUtilities.build/Debug-iphonesimulator/GoogleUtilities-Environment.build/Objects-normal/arm64/GULKeychainUtils.o /Users/xinyufang/Library/Developer/Xcode/DerivedData/Buzz-faillbpsmponqzeruhhvskovixzk/SourcePackages/checkouts/GoogleUtilities/GoogleUtilities/Environment/SecureStorage/GULKeychainUtils.m normal arm64 objective-c com.apple.compilers.llvm.clang.1_0.compiler (in target 'GoogleUtilities-Environment' from project 'GoogleUtilities')
    cd /Users/xinyufang/Documents/Buzz/Buzz.xcodeproj
    
    Using response file: /Users/xinyufang/Library/Developer/Xcode/DerivedData/Buzz-faillbpsmponqzeruhhvskovixzk/Build/Intermediates.noindex/GoogleUtilities.build/Debug-iphonesimulator/GoogleUtilities-Environment.build/Objects-normal/arm64/e6072d4f65d7061329687fe24e3d63a7-common-args.resp
    
    /Applications/Xcode.app/Contents/Developer/Toolchains/XcodeDefault.xctoolchain/usr/bin/clang -x objective-c -ivfsstatcache /Users/xinyufang/Library/Developer/Xcode/DerivedData/SDKStatCaches.noindex/iphonesimulator26.0-23A339-26257891a6c027eb51374368541b8346.sdkstatcache -fmessage-length\=0 -fdiagnostics-show-note-include-stack -fmacro-backtrace-limit\=0 -fno-color-diagnostics -fmodules-prune-interval\=86400 -fmodules-prune-after\=345600 -fbuild-session-file\=/Users/xinyufang/Library/Developer/Xcode/DerivedData/ModuleCache.noindex/Session.modulevalidation -fmodules-validate-once-per-build-session -Wnon-modular-include-in-framework-module -Werror\=non-modular-include-in-framework-module -Wno-trigraphs -Wno-missing-field-initializers -Wno-missing-prototypes -Wno-return-type -Wno-implicit-atomic-properties -Wno-objc-interface-ivars -Wno-arc-repeated-use-of-weak -Wno-missing-braces -Wparentheses -Wswitch -Wno-unused-function -Wno-unused-label -Wno-unused-parameter -Wno-unused-variable -Wunused-value -Wno-empty-body -Wno-uninitialized -Wno-unknown-pragmas -w -Wno-shadow -Wno-four-char-constants -Wno-conversion -Wno-constant-conversion -Wno-int-conversion -Wno-bool-conversion -Wno-enum-conversion -Wno-float-conversion -Wno-non-literal-null-conversion -Wno-objc-literal-conversion -Wshorten-64-to-32 -Wpointer-sign -Wno-newline-eof -Wno-selector -Wno-strict-selector-match -Wno-undeclared-selector -Wno-deprecated-implementations -Wno-implicit-fallthrough -fstrict-aliasing -Wprotocol -Wdeprecated-declarations -Wno-sign-conversion -Wno-infinite-recursion -Wno-comma -Wno-block-capture-autoreleasing -Wno-strict-prototypes -Wno-semicolon-before-method-body -index-store-path /Users/xinyufang/Library/Developer/Xcode/DerivedData/Buzz-faillbpsmponqzeruhhvskovixzk/Index.noindex/DataStore @/Users/xinyufang/Library/Developer/Xcode/DerivedData/Buzz-faillbpsmponqzeruhhvskovixzk/Build/Intermediates.noindex/GoogleUtilities.build/Debug-iphonesimulator/GoogleUtilities-Environment.build/Objects-normal/arm64/e6072d4f65d7061329687fe24e3d63a7-common-args.resp -include /Users/xinyufang/Library/Developer/Xcode/DerivedData/Buzz-faillbpsmponqzeruhhvskovixzk/Build/Intermediates.noindex/GoogleUtilities.build/Debug-iphonesimulator/GoogleUtilities-Environment.build/DerivedSources/resource_bundle_accessor.h -MMD -MT dependencies -MF /Users/xinyufang/Library/Developer/Xcode/DerivedData/Buzz-faillbpsmponqzeruhhvskovixzk/Build/Intermediates.noindex/GoogleUtilities.build/Debug-iphonesimulator/GoogleUtilities-Environment.build/Objects-normal/arm64/GULKeychainUtils.d --serialize-diagnostics /Users/xinyufang/Library/Developer/Xcode/DerivedData/Buzz-faillbpsmponqzeruhhvskovixzk/Build/Intermediates.noindex/GoogleUtilities.build/Debug-iphonesimulator/GoogleUtilities-Environment.build/Objects-normal/arm64/GULKeychainUtils.dia -c /Users/xinyufang/Library/Developer/Xcode/DerivedData/Buzz-faillbpsmponqzeruhhvskovixzk/SourcePackages/checkouts/GoogleUtilities/GoogleUtilities/Environment/SecureStorage/GULKeychainUtils.m -o /Users/xinyufang/Library/Developer/Xcode/DerivedData/Buzz-faillbpsmponqzeruhhvskovixzk/Build/Intermediates.noindex/GoogleUtilities.build/Debug-iphonesimulator/GoogleUtilities-Environment.build/Objects-normal/arm64/GULKeychainUtils.o -index-unit-output-path /GoogleUtilities.build/Debug-iphonesimulator/GoogleUtilities-Environment.build/Objects-normal/arm64/GULKeychainUtils.o

SwiftDriverJobDiscovery normal arm64 Compiling NetworkingLinkSignupFooterView.swift, NetworkingLinkSignupViewController.swift, PhoneCountryCodePickerView.swift, PhoneCountryCodeSelectorView.swift, PhoneTextField.swift, NetworkingLinkStepUpVerificationBodyView.swift, NetworkingLinkStepUpVerificationDataSource.swift, NetworkingLinkStepUpVerificationViewController.swift, NetworkingLinkVerificationDataSource.swift, NetworkingLinkVerificationViewController.swift, NetworkingSaveToLinkVerificationDataSource.swift, NetworkingSaveToLinkVerificationViewController.swift, PartnerAuthDataSource.swift, PartnerAuthViewController.swift, PrepaneImageView.swift, PrepaneViews.swift, ResetFlowDataSource.swift, ResetFlowViewController.swift, AccountPickerRowLabelView.swift, AccountPickerRowView.swift, AttributedLabel.swift, AttributedTextView.swift (in target 'StripeFinancialConnections' from project 'Stripe')

PrecompileModule /Users/xinyufang/Library/Developer/Xcode/DerivedData/Buzz-faillbpsmponqzeruhhvskovixzk/Build/Intermediates.noindex/ExplicitPrecompiledModules/SystemConfiguration-AU683NWLWFC7DJ15UWQZPDMLQ.scan
    cd /
    builtin-precompileModule /Users/xinyufang/Library/Developer/Xcode/DerivedData/Buzz-faillbpsmponqzeruhhvskovixzk/Build/Intermediates.noindex/ExplicitPrecompiledModules/SystemConfiguration-AU683NWLWFC7DJ15UWQZPDMLQ.scan

PrecompileModule /Users/xinyufang/Library/Developer/Xcode/DerivedData/Buzz-faillbpsmponqzeruhhvskovixzk/Build/Intermediates.noindex/ExplicitPrecompiledModules/CoreTelephony-A877JZI6RPLVQ7P3P80R3U8V2.scan
    cd /
    builtin-precompileModule /Users/xinyufang/Library/Developer/Xcode/DerivedData/Buzz-faillbpsmponqzeruhhvskovixzk/Build/Intermediates.noindex/ExplicitPrecompiledModules/CoreTelephony-A877JZI6RPLVQ7P3P80R3U8V2.scan

ScanDependencies /Users/xinyufang/Library/Developer/Xcode/DerivedData/Buzz-faillbpsmponqzeruhhvskovixzk/Build/Intermediates.noindex/GoogleUtilities.build/Debug-iphonesimulator/GoogleUtilities-Environment.build/Objects-normal/arm64/GULKeychainStorage.o /Users/xinyufang/Library/Developer/Xcode/DerivedData/Buzz-faillbpsmponqzeruhhvskovixzk/SourcePackages/checkouts/GoogleUtilities/GoogleUtilities/Environment/SecureStorage/GULKeychainStorage.m normal arm64 objective-c com.apple.compilers.llvm.clang.1_0.compiler (in target 'GoogleUtilities-Environment' from project 'GoogleUtilities')
    cd /Users/xinyufang/Documents/Buzz/Buzz.xcodeproj
    
    Using response file: /Users/xinyufang/Library/Developer/Xcode/DerivedData/Buzz-faillbpsmponqzeruhhvskovixzk/Build/Intermediates.noindex/GoogleUtilities.build/Debug-iphonesimulator/GoogleUtilities-Environment.build/Objects-normal/arm64/e6072d4f65d7061329687fe24e3d63a7-common-args.resp
    
    builtin-ScanDependencies -o /Users/xinyufang/Library/Developer/Xcode/DerivedData/Buzz-faillbpsmponqzeruhhvskovixzk/Build/Intermediates.noindex/GoogleUtilities.build/Debug-iphonesimulator/GoogleUtilities-Environment.build/Objects-normal/arm64/GULKeychainStorage.o.scan -- /Applications/Xcode.app/Contents/Developer/Toolchains/XcodeDefault.xctoolchain/usr/bin/clang -x objective-c -ivfsstatcache /Users/xinyufang/Library/Developer/Xcode/DerivedData/SDKStatCaches.noindex/iphonesimulator26.0-23A339-26257891a6c027eb51374368541b8346.sdkstatcache -fmessage-length\=0 -fdiagnostics-show-note-include-stack -fmacro-backtrace-limit\=0 -fno-color-diagnostics -fmodules-prune-interval\=86400 -fmodules-prune-after\=345600 -fbuild-session-file\=/Users/xinyufang/Library/Developer/Xcode/DerivedData/ModuleCache.noindex/Session.modulevalidation -fmodules-validate-once-per-build-session -Wnon-modular-include-in-framework-module -Werror\=non-modular-include-in-framework-module -Wno-trigraphs -Wno-missing-field-initializers -Wno-missing-prototypes -Wno-return-type -Wno-implicit-atomic-properties -Wno-objc-interface-ivars -Wno-arc-repeated-use-of-weak -Wno-missing-braces -Wparentheses -Wswitch -Wno-unused-function -Wno-unused-label -Wno-unused-parameter -Wno-unused-variable -Wunused-value -Wno-empty-body -Wno-uninitialized -Wno-unknown-pragmas -w -Wno-shadow -Wno-four-char-constants -Wno-conversion -Wno-constant-conversion -Wno-int-conversion -Wno-bool-conversion -Wno-enum-conversion -Wno-float-conversion -Wno-non-literal-null-conversion -Wno-objc-literal-conversion -Wshorten-64-to-32 -Wpointer-sign -Wno-newline-eof -Wno-selector -Wno-strict-selector-match -Wno-undeclared-selector -Wno-deprecated-implementations -Wno-implicit-fallthrough -fstrict-aliasing -Wprotocol -Wdeprecated-declarations -Wno-sign-conversion -Wno-infinite-recursion -Wno-comma -Wno-block-capture-autoreleasing -Wno-strict-prototypes -Wno-semicolon-before-method-body -index-store-path /Users/xinyufang/Library/Developer/Xcode/DerivedData/Buzz-faillbpsmponqzeruhhvskovixzk/Index.noindex/DataStore @/Users/xinyufang/Library/Developer/Xcode/DerivedData/Buzz-faillbpsmponqzeruhhvskovixzk/Build/Intermediates.noindex/GoogleUtilities.build/Debug-iphonesimulator/GoogleUtilities-Environment.build/Objects-normal/arm64/e6072d4f65d7061329687fe24e3d63a7-common-args.resp -include /Users/xinyufang/Library/Developer/Xcode/DerivedData/Buzz-faillbpsmponqzeruhhvskovixzk/Build/Intermediates.noindex/GoogleUtilities.build/Debug-iphonesimulator/GoogleUtilities-Environment.build/DerivedSources/resource_bundle_accessor.h -MMD -MT dependencies -MF /Users/xinyufang/Library/Developer/Xcode/DerivedData/Buzz-faillbpsmponqzeruhhvskovixzk/Build/Intermediates.noindex/GoogleUtilities.build/Debug-iphonesimulator/GoogleUtilities-Environment.build/Objects-normal/arm64/GULKeychainStorage.d --serialize-diagnostics /Users/xinyufang/Library/Developer/Xcode/DerivedData/Buzz-faillbpsmponqzeruhhvskovixzk/Build/Intermediates.noindex/GoogleUtilities.build/Debug-iphonesimulator/GoogleUtilities-Environment.build/Objects-normal/arm64/GULKeychainStorage.dia -c /Users/xinyufang/Library/Developer/Xcode/DerivedData/Buzz-faillbpsmponqzeruhhvskovixzk/SourcePackages/checkouts/GoogleUtilities/GoogleUtilities/Environment/SecureStorage/GULKeychainStorage.m -o /Users/xinyufang/Library/Developer/Xcode/DerivedData/Buzz-faillbpsmponqzeruhhvskovixzk/Build/Intermediates.noindex/GoogleUtilities.build/Debug-iphonesimulator/GoogleUtilities-Environment.build/Objects-normal/arm64/GULKeychainStorage.o -index-unit-output-path /GoogleUtilities.build/Debug-iphonesimulator/GoogleUtilities-Environment.build/Objects-normal/arm64/GULKeychainStorage.o

ScanDependencies /Users/xinyufang/Library/Developer/Xcode/DerivedData/Buzz-faillbpsmponqzeruhhvskovixzk/Build/Intermediates.noindex/GoogleUtilities.build/Debug-iphonesimulator/GoogleUtilities-Environment.build/Objects-normal/arm64/GULAppEnvironmentUtil.o /Users/xinyufang/Library/Developer/Xcode/DerivedData/Buzz-faillbpsmponqzeruhhvskovixzk/SourcePackages/checkouts/GoogleUtilities/GoogleUtilities/Environment/GULAppEnvironmentUtil.m normal arm64 objective-c com.apple.compilers.llvm.clang.1_0.compiler (in target 'GoogleUtilities-Environment' from project 'GoogleUtilities')
    cd /Users/xinyufang/Documents/Buzz/Buzz.xcodeproj
    
    Using response file: /Users/xinyufang/Library/Developer/Xcode/DerivedData/Buzz-faillbpsmponqzeruhhvskovixzk/Build/Intermediates.noindex/GoogleUtilities.build/Debug-iphonesimulator/GoogleUtilities-Environment.build/Objects-normal/arm64/e6072d4f65d7061329687fe24e3d63a7-common-args.resp
    
    builtin-ScanDependencies -o /Users/xinyufang/Library/Developer/Xcode/DerivedData/Buzz-faillbpsmponqzeruhhvskovixzk/Build/Intermediates.noindex/GoogleUtilities.build/Debug-iphonesimulator/GoogleUtilities-Environment.build/Objects-normal/arm64/GULAppEnvironmentUtil.o.scan -- /Applications/Xcode.app/Contents/Developer/Toolchains/XcodeDefault.xctoolchain/usr/bin/clang -x objective-c -ivfsstatcache /Users/xinyufang/Library/Developer/Xcode/DerivedData/SDKStatCaches.noindex/iphonesimulator26.0-23A339-26257891a6c027eb51374368541b8346.sdkstatcache -fmessage-length\=0 -fdiagnostics-show-note-include-stack -fmacro-backtrace-limit\=0 -fno-color-diagnostics -fmodules-prune-interval\=86400 -fmodules-prune-after\=345600 -fbuild-session-file\=/Users/xinyufang/Library/Developer/Xcode/DerivedData/ModuleCache.noindex/Session.modulevalidation -fmodules-validate-once-per-build-session -Wnon-modular-include-in-framework-module -Werror\=non-modular-include-in-framework-module -Wno-trigraphs -Wno-missing-field-initializers -Wno-missing-prototypes -Wno-return-type -Wno-implicit-atomic-properties -Wno-objc-interface-ivars -Wno-arc-repeated-use-of-weak -Wno-missing-braces -Wparentheses -Wswitch -Wno-unused-function -Wno-unused-label -Wno-unused-parameter -Wno-unused-variable -Wunused-value -Wno-empty-body -Wno-uninitialized -Wno-unknown-pragmas -w -Wno-shadow -Wno-four-char-constants -Wno-conversion -Wno-constant-conversion -Wno-int-conversion -Wno-bool-conversion -Wno-enum-conversion -Wno-float-conversion -Wno-non-literal-null-conversion -Wno-objc-literal-conversion -Wshorten-64-to-32 -Wpointer-sign -Wno-newline-eof -Wno-selector -Wno-strict-selector-match -Wno-undeclared-selector -Wno-deprecated-implementations -Wno-implicit-fallthrough -fstrict-aliasing -Wprotocol -Wdeprecated-declarations -Wno-sign-conversion -Wno-infinite-recursion -Wno-comma -Wno-block-capture-autoreleasing -Wno-strict-prototypes -Wno-semicolon-before-method-body -index-store-path /Users/xinyufang/Library/Developer/Xcode/DerivedData/Buzz-faillbpsmponqzeruhhvskovixzk/Index.noindex/DataStore @/Users/xinyufang/Library/Developer/Xcode/DerivedData/Buzz-faillbpsmponqzeruhhvskovixzk/Build/Intermediates.noindex/GoogleUtilities.build/Debug-iphonesimulator/GoogleUtilities-Environment.build/Objects-normal/arm64/e6072d4f65d7061329687fe24e3d63a7-common-args.resp -include /Users/xinyufang/Library/Developer/Xcode/DerivedData/Buzz-faillbpsmponqzeruhhvskovixzk/Build/Intermediates.noindex/GoogleUtilities.build/Debug-iphonesimulator/GoogleUtilities-Environment.build/DerivedSources/resource_bundle_accessor.h -MMD -MT dependencies -MF /Users/xinyufang/Library/Developer/Xcode/DerivedData/Buzz-faillbpsmponqzeruhhvskovixzk/Build/Intermediates.noindex/GoogleUtilities.build/Debug-iphonesimulator/GoogleUtilities-Environment.build/Objects-normal/arm64/GULAppEnvironmentUtil.d --serialize-diagnostics /Users/xinyufang/Library/Developer/Xcode/DerivedData/Buzz-faillbpsmponqzeruhhvskovixzk/Build/Intermediates.noindex/GoogleUtilities.build/Debug-iphonesimulator/GoogleUtilities-Environment.build/Objects-normal/arm64/GULAppEnvironmentUtil.dia -c /Users/xinyufang/Library/Developer/Xcode/DerivedData/Buzz-faillbpsmponqzeruhhvskovixzk/SourcePackages/checkouts/GoogleUtilities/GoogleUtilities/Environment/GULAppEnvironmentUtil.m -o /Users/xinyufang/Library/Developer/Xcode/DerivedData/Buzz-faillbpsmponqzeruhhvskovixzk/Build/Intermediates.noindex/GoogleUtilities.build/Debug-iphonesimulator/GoogleUtilities-Environment.build/Objects-normal/arm64/GULAppEnvironmentUtil.o -index-unit-output-path /GoogleUtilities.build/Debug-iphonesimulator/GoogleUtilities-Environment.build/Objects-normal/arm64/GULAppEnvironmentUtil.o

ProcessInfoPlistFile /Users/xinyufang/Library/Developer/Xcode/DerivedData/Buzz-faillbpsmponqzeruhhvskovixzk/Build/Products/Debug-iphonesimulator/GoogleSignIn_GoogleSignInSwift.bundle/Info.plist /Users/xinyufang/Library/Developer/Xcode/DerivedData/Buzz-faillbpsmponqzeruhhvskovixzk/Build/Intermediates.noindex/GoogleSignIn.build/Debug-iphonesimulator/GoogleSignIn_GoogleSignInSwift.build/empty-GoogleSignIn_GoogleSignInSwift.plist (in target 'GoogleSignIn_GoogleSignInSwift' from project 'GoogleSignIn')
    cd /Users/xinyufang/Library/Developer/Xcode/DerivedData/Buzz-faillbpsmponqzeruhhvskovixzk/SourcePackages/checkouts/GoogleSignIn-iOS
    builtin-infoPlistUtility /Users/xinyufang/Library/Developer/Xcode/DerivedData/Buzz-faillbpsmponqzeruhhvskovixzk/Build/Intermediates.noindex/GoogleSignIn.build/Debug-iphonesimulator/GoogleSignIn_GoogleSignInSwift.build/empty-GoogleSignIn_GoogleSignInSwift.plist -producttype com.apple.product-type.bundle -expandbuildsettings -format binary -platform iphonesimulator -o /Users/xinyufang/Library/Developer/Xcode/DerivedData/Buzz-faillbpsmponqzeruhhvskovixzk/Build/Products/Debug-iphonesimulator/GoogleSignIn_GoogleSignInSwift.bundle/Info.plist

CpResource /Users/xinyufang/Library/Developer/Xcode/DerivedData/Buzz-faillbpsmponqzeruhhvskovixzk/Build/Products/Debug-iphonesimulator/GoogleSignIn_GoogleSignInSwift.bundle/PrivacyInfo.xcprivacy /Users/xinyufang/Library/Developer/Xcode/DerivedData/Buzz-faillbpsmponqzeruhhvskovixzk/SourcePackages/checkouts/GoogleSignIn-iOS/GoogleSignInSwift/Sources/Resources/PrivacyInfo.xcprivacy (in target 'GoogleSignIn_GoogleSignInSwift' from project 'GoogleSignIn')
    cd /Users/xinyufang/Library/Developer/Xcode/DerivedData/Buzz-faillbpsmponqzeruhhvskovixzk/SourcePackages/checkouts/GoogleSignIn-iOS
    builtin-copy -exclude .DS_Store -exclude CVS -exclude .svn -exclude .git -exclude .hg -resolve-src-symlinks /Users/xinyufang/Library/Developer/Xcode/DerivedData/Buzz-faillbpsmponqzeruhhvskovixzk/SourcePackages/checkouts/GoogleSignIn-iOS/GoogleSignInSwift/Sources/Resources/PrivacyInfo.xcprivacy /Users/xinyufang/Library/Developer/Xcode/DerivedData/Buzz-faillbpsmponqzeruhhvskovixzk/Build/Products/Debug-iphonesimulator/GoogleSignIn_GoogleSignInSwift.bundle

ProcessInfoPlistFile /Users/xinyufang/Library/Developer/Xcode/DerivedData/Buzz-faillbpsmponqzeruhhvskovixzk/Build/Products/Debug-iphonesimulator/GoogleSignIn_GoogleSignIn.bundle/Info.plist /Users/xinyufang/Library/Developer/Xcode/DerivedData/Buzz-faillbpsmponqzeruhhvskovixzk/Build/Intermediates.noindex/GoogleSignIn.build/Debug-iphonesimulator/GoogleSignIn_GoogleSignIn.build/empty-GoogleSignIn_GoogleSignIn.plist (in target 'GoogleSignIn_GoogleSignIn' from project 'GoogleSignIn')
    cd /Users/xinyufang/Library/Developer/Xcode/DerivedData/Buzz-faillbpsmponqzeruhhvskovixzk/SourcePackages/checkouts/GoogleSignIn-iOS
    builtin-infoPlistUtility /Users/xinyufang/Library/Developer/Xcode/DerivedData/Buzz-faillbpsmponqzeruhhvskovixzk/Build/Intermediates.noindex/GoogleSignIn.build/Debug-iphonesimulator/GoogleSignIn_GoogleSignIn.build/empty-GoogleSignIn_GoogleSignIn.plist -producttype com.apple.product-type.bundle -expandbuildsettings -format binary -platform iphonesimulator -o /Users/xinyufang/Library/Developer/Xcode/DerivedData/Buzz-faillbpsmponqzeruhhvskovixzk/Build/Products/Debug-iphonesimulator/GoogleSignIn_GoogleSignIn.bundle/Info.plist

CpResource /Users/xinyufang/Library/Developer/Xcode/DerivedData/Buzz-faillbpsmponqzeruhhvskovixzk/Build/Products/Debug-iphonesimulator/GoogleSignIn_GoogleSignIn.bundle/zh_TW.lproj/GoogleSignIn.strings /Users/xinyufang/Library/Developer/Xcode/DerivedData/Buzz-faillbpsmponqzeruhhvskovixzk/SourcePackages/checkouts/GoogleSignIn-iOS/GoogleSignIn/Sources/Strings/zh_TW.lproj/GoogleSignIn.strings (in target 'GoogleSignIn_GoogleSignIn' from project 'GoogleSignIn')
    cd /Users/xinyufang/Library/Developer/Xcode/DerivedData/Buzz-faillbpsmponqzeruhhvskovixzk/SourcePackages/checkouts/GoogleSignIn-iOS
    builtin-copy -exclude .DS_Store -exclude CVS -exclude .svn -exclude .git -exclude .hg -resolve-src-symlinks /Users/xinyufang/Library/Developer/Xcode/DerivedData/Buzz-faillbpsmponqzeruhhvskovixzk/SourcePackages/checkouts/GoogleSignIn-iOS/GoogleSignIn/Sources/Strings/zh_TW.lproj/GoogleSignIn.strings /Users/xinyufang/Library/Developer/Xcode/DerivedData/Buzz-faillbpsmponqzeruhhvskovixzk/Build/Products/Debug-iphonesimulator/GoogleSignIn_GoogleSignIn.bundle/zh_TW.lproj

CpResource /Users/xinyufang/Library/Developer/Xcode/DerivedData/Buzz-faillbpsmponqzeruhhvskovixzk/Build/Products/Debug-iphonesimulator/GoogleSignIn_GoogleSignIn.bundle/zh_CN.lproj/GoogleSignIn.strings /Users/xinyufang/Library/Developer/Xcode/DerivedData/Buzz-faillbpsmponqzeruhhvskovixzk/SourcePackages/checkouts/GoogleSignIn-iOS/GoogleSignIn/Sources/Strings/zh_CN.lproj/GoogleSignIn.strings (in target 'GoogleSignIn_GoogleSignIn' from project 'GoogleSignIn')
    cd /Users/xinyufang/Library/Developer/Xcode/DerivedData/Buzz-faillbpsmponqzeruhhvskovixzk/SourcePackages/checkouts/GoogleSignIn-iOS
    builtin-copy -exclude .DS_Store -exclude CVS -exclude .svn -exclude .git -exclude .hg -resolve-src-symlinks /Users/xinyufang/Library/Developer/Xcode/DerivedData/Buzz-faillbpsmponqzeruhhvskovixzk/SourcePackages/checkouts/GoogleSignIn-iOS/GoogleSignIn/Sources/Strings/zh_CN.lproj/GoogleSignIn.strings /Users/xinyufang/Library/Developer/Xcode/DerivedData/Buzz-faillbpsmponqzeruhhvskovixzk/Build/Products/Debug-iphonesimulator/GoogleSignIn_GoogleSignIn.bundle/zh_CN.lproj

CpResource /Users/xinyufang/Library/Developer/Xcode/DerivedData/Buzz-faillbpsmponqzeruhhvskovixzk/Build/Products/Debug-iphonesimulator/GoogleSignIn_GoogleSignIn.bundle/vi.lproj/GoogleSignIn.strings /Users/xinyufang/Library/Developer/Xcode/DerivedData/Buzz-faillbpsmponqzeruhhvskovixzk/SourcePackages/checkouts/GoogleSignIn-iOS/GoogleSignIn/Sources/Strings/vi.lproj/GoogleSignIn.strings (in target 'GoogleSignIn_GoogleSignIn' from project 'GoogleSignIn')
    cd /Users/xinyufang/Library/Developer/Xcode/DerivedData/Buzz-faillbpsmponqzeruhhvskovixzk/SourcePackages/checkouts/GoogleSignIn-iOS
    builtin-copy -exclude .DS_Store -exclude CVS -exclude .svn -exclude .git -exclude .hg -resolve-src-symlinks /Users/xinyufang/Library/Developer/Xcode/DerivedData/Buzz-faillbpsmponqzeruhhvskovixzk/SourcePackages/checkouts/GoogleSignIn-iOS/GoogleSignIn/Sources/Strings/vi.lproj/GoogleSignIn.strings /Users/xinyufang/Library/Developer/Xcode/DerivedData/Buzz-faillbpsmponqzeruhhvskovixzk/Build/Products/Debug-iphonesimulator/GoogleSignIn_GoogleSignIn.bundle/vi.lproj

CpResource /Users/xinyufang/Library/Developer/Xcode/DerivedData/Buzz-faillbpsmponqzeruhhvskovixzk/Build/Products/Debug-iphonesimulator/GoogleSignIn_GoogleSignIn.bundle/uk.lproj/GoogleSignIn.strings /Users/xinyufang/Library/Developer/Xcode/DerivedData/Buzz-faillbpsmponqzeruhhvskovixzk/SourcePackages/checkouts/GoogleSignIn-iOS/GoogleSignIn/Sources/Strings/uk.lproj/GoogleSignIn.strings (in target 'GoogleSignIn_GoogleSignIn' from project 'GoogleSignIn')
    cd /Users/xinyufang/Library/Developer/Xcode/DerivedData/Buzz-faillbpsmponqzeruhhvskovixzk/SourcePackages/checkouts/GoogleSignIn-iOS
    builtin-copy -exclude .DS_Store -exclude CVS -exclude .svn -exclude .git -exclude .hg -resolve-src-symlinks /Users/xinyufang/Library/Developer/Xcode/DerivedData/Buzz-faillbpsmponqzeruhhvskovixzk/SourcePackages/checkouts/GoogleSignIn-iOS/GoogleSignIn/Sources/Strings/uk.lproj/GoogleSignIn.strings /Users/xinyufang/Library/Developer/Xcode/DerivedData/Buzz-faillbpsmponqzeruhhvskovixzk/Build/Products/Debug-iphonesimulator/GoogleSignIn_GoogleSignIn.bundle/uk.lproj

CpResource /Users/xinyufang/Library/Developer/Xcode/DerivedData/Buzz-faillbpsmponqzeruhhvskovixzk/Build/Products/Debug-iphonesimulator/GoogleSignIn_GoogleSignIn.bundle/tr.lproj/GoogleSignIn.strings /Users/xinyufang/Library/Developer/Xcode/DerivedData/Buzz-faillbpsmponqzeruhhvskovixzk/SourcePackages/checkouts/GoogleSignIn-iOS/GoogleSignIn/Sources/Strings/tr.lproj/GoogleSignIn.strings (in target 'GoogleSignIn_GoogleSignIn' from project 'GoogleSignIn')
    cd /Users/xinyufang/Library/Developer/Xcode/DerivedData/Buzz-faillbpsmponqzeruhhvskovixzk/SourcePackages/checkouts/GoogleSignIn-iOS
    builtin-copy -exclude .DS_Store -exclude CVS -exclude .svn -exclude .git -exclude .hg -resolve-src-symlinks /Users/xinyufang/Library/Developer/Xcode/DerivedData/Buzz-faillbpsmponqzeruhhvskovixzk/SourcePackages/checkouts/GoogleSignIn-iOS/GoogleSignIn/Sources/Strings/tr.lproj/GoogleSignIn.strings /Users/xinyufang/Library/Developer/Xcode/DerivedData/Buzz-faillbpsmponqzeruhhvskovixzk/Build/Products/Debug-iphonesimulator/GoogleSignIn_GoogleSignIn.bundle/tr.lproj

CpResource /Users/xinyufang/Library/Developer/Xcode/DerivedData/Buzz-faillbpsmponqzeruhhvskovixzk/Build/Products/Debug-iphonesimulator/GoogleSignIn_GoogleSignIn.bundle/th.lproj/GoogleSignIn.strings /Users/xinyufang/Library/Developer/Xcode/DerivedData/Buzz-faillbpsmponqzeruhhvskovixzk/SourcePackages/checkouts/GoogleSignIn-iOS/GoogleSignIn/Sources/Strings/th.lproj/GoogleSignIn.strings (in target 'GoogleSignIn_GoogleSignIn' from project 'GoogleSignIn')
    cd /Users/xinyufang/Library/Developer/Xcode/DerivedData/Buzz-faillbpsmponqzeruhhvskovixzk/SourcePackages/checkouts/GoogleSignIn-iOS
    builtin-copy -exclude .DS_Store -exclude CVS -exclude .svn -exclude .git -exclude .hg -resolve-src-symlinks /Users/xinyufang/Library/Developer/Xcode/DerivedData/Buzz-faillbpsmponqzeruhhvskovixzk/SourcePackages/checkouts/GoogleSignIn-iOS/GoogleSignIn/Sources/Strings/th.lproj/GoogleSignIn.strings /Users/xinyufang/Library/Developer/Xcode/DerivedData/Buzz-faillbpsmponqzeruhhvskovixzk/Build/Products/Debug-iphonesimulator/GoogleSignIn_GoogleSignIn.bundle/th.lproj

SwiftDriverJobDiscovery normal arm64 Compiling FinancialConnectionsNetworkedAccountsResponse.swift, FinancialConnectionsNetworkingLinkSignup.swift, FinancialConnectionsOAuthPrepane.swift, FinancialConnectionsPartnerAccount.swift, FinancialConnectionsPaymentAccountResource.swift, FinancialConnectionsPaymentDetails.swift, FinancialConnectionsPaymentMethodType.swift, FinancialConnectionsRepairSession.swift, FinancialConnectionsSelectInstitution.swift, FinancialConnectionsSession.swift, FinancialConnectionsSessionManifest.swift, FinancialConnectionsSynchronize.swift, FinancialConnectionsAnalyticsClient.swift, FinancialConnectionsSheetAnalytics.swift, FinancialConnectionsCustomManualEntryRequiredError.swift, FinancialConnectionsNavigationController.swift, FlowRouter.swift, HostController.swift, HostViewController.swift, LoadingView.swift, ModalPresentationWrapperViewController.swift, TestModeAutofillBannerView.swift, FinancialConnectionsSDKImplementation.swift (in target 'StripeFinancialConnections' from project 'Stripe')

CpResource /Users/xinyufang/Library/Developer/Xcode/DerivedData/Buzz-faillbpsmponqzeruhhvskovixzk/Build/Products/Debug-iphonesimulator/GoogleSignIn_GoogleSignIn.bundle/sv.lproj/GoogleSignIn.strings /Users/xinyufang/Library/Developer/Xcode/DerivedData/Buzz-faillbpsmponqzeruhhvskovixzk/SourcePackages/checkouts/GoogleSignIn-iOS/GoogleSignIn/Sources/Strings/sv.lproj/GoogleSignIn.strings (in target 'GoogleSignIn_GoogleSignIn' from project 'GoogleSignIn')
    cd /Users/xinyufang/Library/Developer/Xcode/DerivedData/Buzz-faillbpsmponqzeruhhvskovixzk/SourcePackages/checkouts/GoogleSignIn-iOS
    builtin-copy -exclude .DS_Store -exclude CVS -exclude .svn -exclude .git -exclude .hg -resolve-src-symlinks /Users/xinyufang/Library/Developer/Xcode/DerivedData/Buzz-faillbpsmponqzeruhhvskovixzk/SourcePackages/checkouts/GoogleSignIn-iOS/GoogleSignIn/Sources/Strings/sv.lproj/GoogleSignIn.strings /Users/xinyufang/Library/Developer/Xcode/DerivedData/Buzz-faillbpsmponqzeruhhvskovixzk/Build/Products/Debug-iphonesimulator/GoogleSignIn_GoogleSignIn.bundle/sv.lproj

CpResource /Users/xinyufang/Library/Developer/Xcode/DerivedData/Buzz-faillbpsmponqzeruhhvskovixzk/Build/Products/Debug-iphonesimulator/GoogleSignIn_GoogleSignIn.bundle/sk.lproj/GoogleSignIn.strings /Users/xinyufang/Library/Developer/Xcode/DerivedData/Buzz-faillbpsmponqzeruhhvskovixzk/SourcePackages/checkouts/GoogleSignIn-iOS/GoogleSignIn/Sources/Strings/sk.lproj/GoogleSignIn.strings (in target 'GoogleSignIn_GoogleSignIn' from project 'GoogleSignIn')
    cd /Users/xinyufang/Library/Developer/Xcode/DerivedData/Buzz-faillbpsmponqzeruhhvskovixzk/SourcePackages/checkouts/GoogleSignIn-iOS
    builtin-copy -exclude .DS_Store -exclude CVS -exclude .svn -exclude .git -exclude .hg -resolve-src-symlinks /Users/xinyufang/Library/Developer/Xcode/DerivedData/Buzz-faillbpsmponqzeruhhvskovixzk/SourcePackages/checkouts/GoogleSignIn-iOS/GoogleSignIn/Sources/Strings/sk.lproj/GoogleSignIn.strings /Users/xinyufang/Library/Developer/Xcode/DerivedData/Buzz-faillbpsmponqzeruhhvskovixzk/Build/Products/Debug-iphonesimulator/GoogleSignIn_GoogleSignIn.bundle/sk.lproj

CpResource /Users/xinyufang/Library/Developer/Xcode/DerivedData/Buzz-faillbpsmponqzeruhhvskovixzk/Build/Products/Debug-iphonesimulator/GoogleSignIn_GoogleSignIn.bundle/ru.lproj/GoogleSignIn.strings /Users/xinyufang/Library/Developer/Xcode/DerivedData/Buzz-faillbpsmponqzeruhhvskovixzk/SourcePackages/checkouts/GoogleSignIn-iOS/GoogleSignIn/Sources/Strings/ru.lproj/GoogleSignIn.strings (in target 'GoogleSignIn_GoogleSignIn' from project 'GoogleSignIn')
    cd /Users/xinyufang/Library/Developer/Xcode/DerivedData/Buzz-faillbpsmponqzeruhhvskovixzk/SourcePackages/checkouts/GoogleSignIn-iOS
    builtin-copy -exclude .DS_Store -exclude CVS -exclude .svn -exclude .git -exclude .hg -resolve-src-symlinks /Users/xinyufang/Library/Developer/Xcode/DerivedData/Buzz-faillbpsmponqzeruhhvskovixzk/SourcePackages/checkouts/GoogleSignIn-iOS/GoogleSignIn/Sources/Strings/ru.lproj/GoogleSignIn.strings /Users/xinyufang/Library/Developer/Xcode/DerivedData/Buzz-faillbpsmponqzeruhhvskovixzk/Build/Products/Debug-iphonesimulator/GoogleSignIn_GoogleSignIn.bundle/ru.lproj

CpResource /Users/xinyufang/Library/Developer/Xcode/DerivedData/Buzz-faillbpsmponqzeruhhvskovixzk/Build/Products/Debug-iphonesimulator/GoogleSignIn_GoogleSignIn.bundle/ro.lproj/GoogleSignIn.strings /Users/xinyufang/Library/Developer/Xcode/DerivedData/Buzz-faillbpsmponqzeruhhvskovixzk/SourcePackages/checkouts/GoogleSignIn-iOS/GoogleSignIn/Sources/Strings/ro.lproj/GoogleSignIn.strings (in target 'GoogleSignIn_GoogleSignIn' from project 'GoogleSignIn')
    cd /Users/xinyufang/Library/Developer/Xcode/DerivedData/Buzz-faillbpsmponqzeruhhvskovixzk/SourcePackages/checkouts/GoogleSignIn-iOS
    builtin-copy -exclude .DS_Store -exclude CVS -exclude .svn -exclude .git -exclude .hg -resolve-src-symlinks /Users/xinyufang/Library/Developer/Xcode/DerivedData/Buzz-faillbpsmponqzeruhhvskovixzk/SourcePackages/checkouts/GoogleSignIn-iOS/GoogleSignIn/Sources/Strings/ro.lproj/GoogleSignIn.strings /Users/xinyufang/Library/Developer/Xcode/DerivedData/Buzz-faillbpsmponqzeruhhvskovixzk/Build/Products/Debug-iphonesimulator/GoogleSignIn_GoogleSignIn.bundle/ro.lproj

CpResource /Users/xinyufang/Library/Developer/Xcode/DerivedData/Buzz-faillbpsmponqzeruhhvskovixzk/Build/Products/Debug-iphonesimulator/GoogleSignIn_GoogleSignIn.bundle/pt_PT.lproj/GoogleSignIn.strings /Users/xinyufang/Library/Developer/Xcode/DerivedData/Buzz-faillbpsmponqzeruhhvskovixzk/SourcePackages/checkouts/GoogleSignIn-iOS/GoogleSignIn/Sources/Strings/pt_PT.lproj/GoogleSignIn.strings (in target 'GoogleSignIn_GoogleSignIn' from project 'GoogleSignIn')
    cd /Users/xinyufang/Library/Developer/Xcode/DerivedData/Buzz-faillbpsmponqzeruhhvskovixzk/SourcePackages/checkouts/GoogleSignIn-iOS
    builtin-copy -exclude .DS_Store -exclude CVS -exclude .svn -exclude .git -exclude .hg -resolve-src-symlinks /Users/xinyufang/Library/Developer/Xcode/DerivedData/Buzz-faillbpsmponqzeruhhvskovixzk/SourcePackages/checkouts/GoogleSignIn-iOS/GoogleSignIn/Sources/Strings/pt_PT.lproj/GoogleSignIn.strings /Users/xinyufang/Library/Developer/Xcode/DerivedData/Buzz-faillbpsmponqzeruhhvskovixzk/Build/Products/Debug-iphonesimulator/GoogleSignIn_GoogleSignIn.bundle/pt_PT.lproj

CpResource /Users/xinyufang/Library/Developer/Xcode/DerivedData/Buzz-faillbpsmponqzeruhhvskovixzk/Build/Products/Debug-iphonesimulator/GoogleSignIn_GoogleSignIn.bundle/pt_BR.lproj/GoogleSignIn.strings /Users/xinyufang/Library/Developer/Xcode/DerivedData/Buzz-faillbpsmponqzeruhhvskovixzk/SourcePackages/checkouts/GoogleSignIn-iOS/GoogleSignIn/Sources/Strings/pt_BR.lproj/GoogleSignIn.strings (in target 'GoogleSignIn_GoogleSignIn' from project 'GoogleSignIn')
    cd /Users/xinyufang/Library/Developer/Xcode/DerivedData/Buzz-faillbpsmponqzeruhhvskovixzk/SourcePackages/checkouts/GoogleSignIn-iOS
    builtin-copy -exclude .DS_Store -exclude CVS -exclude .svn -exclude .git -exclude .hg -resolve-src-symlinks /Users/xinyufang/Library/Developer/Xcode/DerivedData/Buzz-faillbpsmponqzeruhhvskovixzk/SourcePackages/checkouts/GoogleSignIn-iOS/GoogleSignIn/Sources/Strings/pt_BR.lproj/GoogleSignIn.strings /Users/xinyufang/Library/Developer/Xcode/DerivedData/Buzz-faillbpsmponqzeruhhvskovixzk/Build/Products/Debug-iphonesimulator/GoogleSignIn_GoogleSignIn.bundle/pt_BR.lproj

CpResource /Users/xinyufang/Library/Developer/Xcode/DerivedData/Buzz-faillbpsmponqzeruhhvskovixzk/Build/Products/Debug-iphonesimulator/GoogleSignIn_GoogleSignIn.bundle/pt.lproj/GoogleSignIn.strings /Users/xinyufang/Library/Developer/Xcode/DerivedData/Buzz-faillbpsmponqzeruhhvskovixzk/SourcePackages/checkouts/GoogleSignIn-iOS/GoogleSignIn/Sources/Strings/pt.lproj/GoogleSignIn.strings (in target 'GoogleSignIn_GoogleSignIn' from project 'GoogleSignIn')
    cd /Users/xinyufang/Library/Developer/Xcode/DerivedData/Buzz-faillbpsmponqzeruhhvskovixzk/SourcePackages/checkouts/GoogleSignIn-iOS
    builtin-copy -exclude .DS_Store -exclude CVS -exclude .svn -exclude .git -exclude .hg -resolve-src-symlinks /Users/xinyufang/Library/Developer/Xcode/DerivedData/Buzz-faillbpsmponqzeruhhvskovixzk/SourcePackages/checkouts/GoogleSignIn-iOS/GoogleSignIn/Sources/Strings/pt.lproj/GoogleSignIn.strings /Users/xinyufang/Library/Developer/Xcode/DerivedData/Buzz-faillbpsmponqzeruhhvskovixzk/Build/Products/Debug-iphonesimulator/GoogleSignIn_GoogleSignIn.bundle/pt.lproj

CpResource /Users/xinyufang/Library/Developer/Xcode/DerivedData/Buzz-faillbpsmponqzeruhhvskovixzk/Build/Products/Debug-iphonesimulator/GoogleSignIn_GoogleSignIn.bundle/pl.lproj/GoogleSignIn.strings /Users/xinyufang/Library/Developer/Xcode/DerivedData/Buzz-faillbpsmponqzeruhhvskovixzk/SourcePackages/checkouts/GoogleSignIn-iOS/GoogleSignIn/Sources/Strings/pl.lproj/GoogleSignIn.strings (in target 'GoogleSignIn_GoogleSignIn' from project 'GoogleSignIn')
    cd /Users/xinyufang/Library/Developer/Xcode/DerivedData/Buzz-faillbpsmponqzeruhhvskovixzk/SourcePackages/checkouts/GoogleSignIn-iOS
    builtin-copy -exclude .DS_Store -exclude CVS -exclude .svn -exclude .git -exclude .hg -resolve-src-symlinks /Users/xinyufang/Library/Developer/Xcode/DerivedData/Buzz-faillbpsmponqzeruhhvskovixzk/SourcePackages/checkouts/GoogleSignIn-iOS/GoogleSignIn/Sources/Strings/pl.lproj/GoogleSignIn.strings /Users/xinyufang/Library/Developer/Xcode/DerivedData/Buzz-faillbpsmponqzeruhhvskovixzk/Build/Products/Debug-iphonesimulator/GoogleSignIn_GoogleSignIn.bundle/pl.lproj

CpResource /Users/xinyufang/Library/Developer/Xcode/DerivedData/Buzz-faillbpsmponqzeruhhvskovixzk/Build/Products/Debug-iphonesimulator/GoogleSignIn_GoogleSignIn.bundle/nl.lproj/GoogleSignIn.strings /Users/xinyufang/Library/Developer/Xcode/DerivedData/Buzz-faillbpsmponqzeruhhvskovixzk/SourcePackages/checkouts/GoogleSignIn-iOS/GoogleSignIn/Sources/Strings/nl.lproj/GoogleSignIn.strings (in target 'GoogleSignIn_GoogleSignIn' from project 'GoogleSignIn')
    cd /Users/xinyufang/Library/Developer/Xcode/DerivedData/Buzz-faillbpsmponqzeruhhvskovixzk/SourcePackages/checkouts/GoogleSignIn-iOS
    builtin-copy -exclude .DS_Store -exclude CVS -exclude .svn -exclude .git -exclude .hg -resolve-src-symlinks /Users/xinyufang/Library/Developer/Xcode/DerivedData/Buzz-faillbpsmponqzeruhhvskovixzk/SourcePackages/checkouts/GoogleSignIn-iOS/GoogleSignIn/Sources/Strings/nl.lproj/GoogleSignIn.strings /Users/xinyufang/Library/Developer/Xcode/DerivedData/Buzz-faillbpsmponqzeruhhvskovixzk/Build/Products/Debug-iphonesimulator/GoogleSignIn_GoogleSignIn.bundle/nl.lproj

CpResource /Users/xinyufang/Library/Developer/Xcode/DerivedData/Buzz-faillbpsmponqzeruhhvskovixzk/Build/Products/Debug-iphonesimulator/GoogleSignIn_GoogleSignIn.bundle/ms.lproj/GoogleSignIn.strings /Users/xinyufang/Library/Developer/Xcode/DerivedData/Buzz-faillbpsmponqzeruhhvskovixzk/SourcePackages/checkouts/GoogleSignIn-iOS/GoogleSignIn/Sources/Strings/ms.lproj/GoogleSignIn.strings (in target 'GoogleSignIn_GoogleSignIn' from project 'GoogleSignIn')
    cd /Users/xinyufang/Library/Developer/Xcode/DerivedData/Buzz-faillbpsmponqzeruhhvskovixzk/SourcePackages/checkouts/GoogleSignIn-iOS
    builtin-copy -exclude .DS_Store -exclude CVS -exclude .svn -exclude .git -exclude .hg -resolve-src-symlinks /Users/xinyufang/Library/Developer/Xcode/DerivedData/Buzz-faillbpsmponqzeruhhvskovixzk/SourcePackages/checkouts/GoogleSignIn-iOS/GoogleSignIn/Sources/Strings/ms.lproj/GoogleSignIn.strings /Users/xinyufang/Library/Developer/Xcode/DerivedData/Buzz-faillbpsmponqzeruhhvskovixzk/Build/Products/Debug-iphonesimulator/GoogleSignIn_GoogleSignIn.bundle/ms.lproj

CpResource /Users/xinyufang/Library/Developer/Xcode/DerivedData/Buzz-faillbpsmponqzeruhhvskovixzk/Build/Products/Debug-iphonesimulator/GoogleSignIn_GoogleSignIn.bundle/nb.lproj/GoogleSignIn.strings /Users/xinyufang/Library/Developer/Xcode/DerivedData/Buzz-faillbpsmponqzeruhhvskovixzk/SourcePackages/checkouts/GoogleSignIn-iOS/GoogleSignIn/Sources/Strings/nb.lproj/GoogleSignIn.strings (in target 'GoogleSignIn_GoogleSignIn' from project 'GoogleSignIn')
    cd /Users/xinyufang/Library/Developer/Xcode/DerivedData/Buzz-faillbpsmponqzeruhhvskovixzk/SourcePackages/checkouts/GoogleSignIn-iOS
    builtin-copy -exclude .DS_Store -exclude CVS -exclude .svn -exclude .git -exclude .hg -resolve-src-symlinks /Users/xinyufang/Library/Developer/Xcode/DerivedData/Buzz-faillbpsmponqzeruhhvskovixzk/SourcePackages/checkouts/GoogleSignIn-iOS/GoogleSignIn/Sources/Strings/nb.lproj/GoogleSignIn.strings /Users/xinyufang/Library/Developer/Xcode/DerivedData/Buzz-faillbpsmponqzeruhhvskovixzk/Build/Products/Debug-iphonesimulator/GoogleSignIn_GoogleSignIn.bundle/nb.lproj

CpResource /Users/xinyufang/Library/Developer/Xcode/DerivedData/Buzz-faillbpsmponqzeruhhvskovixzk/Build/Products/Debug-iphonesimulator/GoogleSignIn_GoogleSignIn.bundle/ko.lproj/GoogleSignIn.strings /Users/xinyufang/Library/Developer/Xcode/DerivedData/Buzz-faillbpsmponqzeruhhvskovixzk/SourcePackages/checkouts/GoogleSignIn-iOS/GoogleSignIn/Sources/Strings/ko.lproj/GoogleSignIn.strings (in target 'GoogleSignIn_GoogleSignIn' from project 'GoogleSignIn')
    cd /Users/xinyufang/Library/Developer/Xcode/DerivedData/Buzz-faillbpsmponqzeruhhvskovixzk/SourcePackages/checkouts/GoogleSignIn-iOS
    builtin-copy -exclude .DS_Store -exclude CVS -exclude .svn -exclude .git -exclude .hg -resolve-src-symlinks /Users/xinyufang/Library/Developer/Xcode/DerivedData/Buzz-faillbpsmponqzeruhhvskovixzk/SourcePackages/checkouts/GoogleSignIn-iOS/GoogleSignIn/Sources/Strings/ko.lproj/GoogleSignIn.strings /Users/xinyufang/Library/Developer/Xcode/DerivedData/Buzz-faillbpsmponqzeruhhvskovixzk/Build/Products/Debug-iphonesimulator/GoogleSignIn_GoogleSignIn.bundle/ko.lproj

CpResource /Users/xinyufang/Library/Developer/Xcode/DerivedData/Buzz-faillbpsmponqzeruhhvskovixzk/Build/Products/Debug-iphonesimulator/GoogleSignIn_GoogleSignIn.bundle/ja.lproj/GoogleSignIn.strings /Users/xinyufang/Library/Developer/Xcode/DerivedData/Buzz-faillbpsmponqzeruhhvskovixzk/SourcePackages/checkouts/GoogleSignIn-iOS/GoogleSignIn/Sources/Strings/ja.lproj/GoogleSignIn.strings (in target 'GoogleSignIn_GoogleSignIn' from project 'GoogleSignIn')
    cd /Users/xinyufang/Library/Developer/Xcode/DerivedData/Buzz-faillbpsmponqzeruhhvskovixzk/SourcePackages/checkouts/GoogleSignIn-iOS
    builtin-copy -exclude .DS_Store -exclude CVS -exclude .svn -exclude .git -exclude .hg -resolve-src-symlinks /Users/xinyufang/Library/Developer/Xcode/DerivedData/Buzz-faillbpsmponqzeruhhvskovixzk/SourcePackages/checkouts/GoogleSignIn-iOS/GoogleSignIn/Sources/Strings/ja.lproj/GoogleSignIn.strings /Users/xinyufang/Library/Developer/Xcode/DerivedData/Buzz-faillbpsmponqzeruhhvskovixzk/Build/Products/Debug-iphonesimulator/GoogleSignIn_GoogleSignIn.bundle/ja.lproj

CpResource /Users/xinyufang/Library/Developer/Xcode/DerivedData/Buzz-faillbpsmponqzeruhhvskovixzk/Build/Products/Debug-iphonesimulator/GoogleSignIn_GoogleSignIn.bundle/it.lproj/GoogleSignIn.strings /Users/xinyufang/Library/Developer/Xcode/DerivedData/Buzz-faillbpsmponqzeruhhvskovixzk/SourcePackages/checkouts/GoogleSignIn-iOS/GoogleSignIn/Sources/Strings/it.lproj/GoogleSignIn.strings (in target 'GoogleSignIn_GoogleSignIn' from project 'GoogleSignIn')
    cd /Users/xinyufang/Library/Developer/Xcode/DerivedData/Buzz-faillbpsmponqzeruhhvskovixzk/SourcePackages/checkouts/GoogleSignIn-iOS
    builtin-copy -exclude .DS_Store -exclude CVS -exclude .svn -exclude .git -exclude .hg -resolve-src-symlinks /Users/xinyufang/Library/Developer/Xcode/DerivedData/Buzz-faillbpsmponqzeruhhvskovixzk/SourcePackages/checkouts/GoogleSignIn-iOS/GoogleSignIn/Sources/Strings/it.lproj/GoogleSignIn.strings /Users/xinyufang/Library/Developer/Xcode/DerivedData/Buzz-faillbpsmponqzeruhhvskovixzk/Build/Products/Debug-iphonesimulator/GoogleSignIn_GoogleSignIn.bundle/it.lproj

CpResource /Users/xinyufang/Library/Developer/Xcode/DerivedData/Buzz-faillbpsmponqzeruhhvskovixzk/Build/Products/Debug-iphonesimulator/GoogleSignIn_GoogleSignIn.bundle/id.lproj/GoogleSignIn.strings /Users/xinyufang/Library/Developer/Xcode/DerivedData/Buzz-faillbpsmponqzeruhhvskovixzk/SourcePackages/checkouts/GoogleSignIn-iOS/GoogleSignIn/Sources/Strings/id.lproj/GoogleSignIn.strings (in target 'GoogleSignIn_GoogleSignIn' from project 'GoogleSignIn')
    cd /Users/xinyufang/Library/Developer/Xcode/DerivedData/Buzz-faillbpsmponqzeruhhvskovixzk/SourcePackages/checkouts/GoogleSignIn-iOS
    builtin-copy -exclude .DS_Store -exclude CVS -exclude .svn -exclude .git -exclude .hg -resolve-src-symlinks /Users/xinyufang/Library/Developer/Xcode/DerivedData/Buzz-faillbpsmponqzeruhhvskovixzk/SourcePackages/checkouts/GoogleSignIn-iOS/GoogleSignIn/Sources/Strings/id.lproj/GoogleSignIn.strings /Users/xinyufang/Library/Developer/Xcode/DerivedData/Buzz-faillbpsmponqzeruhhvskovixzk/Build/Products/Debug-iphonesimulator/GoogleSignIn_GoogleSignIn.bundle/id.lproj

CpResource /Users/xinyufang/Library/Developer/Xcode/DerivedData/Buzz-faillbpsmponqzeruhhvskovixzk/Build/Products/Debug-iphonesimulator/GoogleSignIn_GoogleSignIn.bundle/hu.lproj/GoogleSignIn.strings /Users/xinyufang/Library/Developer/Xcode/DerivedData/Buzz-faillbpsmponqzeruhhvskovixzk/SourcePackages/checkouts/GoogleSignIn-iOS/GoogleSignIn/Sources/Strings/hu.lproj/GoogleSignIn.strings (in target 'GoogleSignIn_GoogleSignIn' from project 'GoogleSignIn')
    cd /Users/xinyufang/Library/Developer/Xcode/DerivedData/Buzz-faillbpsmponqzeruhhvskovixzk/SourcePackages/checkouts/GoogleSignIn-iOS
    builtin-copy -exclude .DS_Store -exclude CVS -exclude .svn -exclude .git -exclude .hg -resolve-src-symlinks /Users/xinyufang/Library/Developer/Xcode/DerivedData/Buzz-faillbpsmponqzeruhhvskovixzk/SourcePackages/checkouts/GoogleSignIn-iOS/GoogleSignIn/Sources/Strings/hu.lproj/GoogleSignIn.strings /Users/xinyufang/Library/Developer/Xcode/DerivedData/Buzz-faillbpsmponqzeruhhvskovixzk/Build/Products/Debug-iphonesimulator/GoogleSignIn_GoogleSignIn.bundle/hu.lproj

CpResource /Users/xinyufang/Library/Developer/Xcode/DerivedData/Buzz-faillbpsmponqzeruhhvskovixzk/Build/Products/Debug-iphonesimulator/GoogleSignIn_GoogleSignIn.bundle/hr.lproj/GoogleSignIn.strings /Users/xinyufang/Library/Developer/Xcode/DerivedData/Buzz-faillbpsmponqzeruhhvskovixzk/SourcePackages/checkouts/GoogleSignIn-iOS/GoogleSignIn/Sources/Strings/hr.lproj/GoogleSignIn.strings (in target 'GoogleSignIn_GoogleSignIn' from project 'GoogleSignIn')
    cd /Users/xinyufang/Library/Developer/Xcode/DerivedData/Buzz-faillbpsmponqzeruhhvskovixzk/SourcePackages/checkouts/GoogleSignIn-iOS
    builtin-copy -exclude .DS_Store -exclude CVS -exclude .svn -exclude .git -exclude .hg -resolve-src-symlinks /Users/xinyufang/Library/Developer/Xcode/DerivedData/Buzz-faillbpsmponqzeruhhvskovixzk/SourcePackages/checkouts/GoogleSignIn-iOS/GoogleSignIn/Sources/Strings/hr.lproj/GoogleSignIn.strings /Users/xinyufang/Library/Developer/Xcode/DerivedData/Buzz-faillbpsmponqzeruhhvskovixzk/Build/Products/Debug-iphonesimulator/GoogleSignIn_GoogleSignIn.bundle/hr.lproj

CpResource /Users/xinyufang/Library/Developer/Xcode/DerivedData/Buzz-faillbpsmponqzeruhhvskovixzk/Build/Products/Debug-iphonesimulator/GoogleSignIn_GoogleSignIn.bundle/hi.lproj/GoogleSignIn.strings /Users/xinyufang/Library/Developer/Xcode/DerivedData/Buzz-faillbpsmponqzeruhhvskovixzk/SourcePackages/checkouts/GoogleSignIn-iOS/GoogleSignIn/Sources/Strings/hi.lproj/GoogleSignIn.strings (in target 'GoogleSignIn_GoogleSignIn' from project 'GoogleSignIn')
    cd /Users/xinyufang/Library/Developer/Xcode/DerivedData/Buzz-faillbpsmponqzeruhhvskovixzk/SourcePackages/checkouts/GoogleSignIn-iOS
    builtin-copy -exclude .DS_Store -exclude CVS -exclude .svn -exclude .git -exclude .hg -resolve-src-symlinks /Users/xinyufang/Library/Developer/Xcode/DerivedData/Buzz-faillbpsmponqzeruhhvskovixzk/SourcePackages/checkouts/GoogleSignIn-iOS/GoogleSignIn/Sources/Strings/hi.lproj/GoogleSignIn.strings /Users/xinyufang/Library/Developer/Xcode/DerivedData/Buzz-faillbpsmponqzeruhhvskovixzk/Build/Products/Debug-iphonesimulator/GoogleSignIn_GoogleSignIn.bundle/hi.lproj

CpResource /Users/xinyufang/Library/Developer/Xcode/DerivedData/Buzz-faillbpsmponqzeruhhvskovixzk/Build/Products/Debug-iphonesimulator/GoogleSignIn_GoogleSignIn.bundle/he.lproj/GoogleSignIn.strings /Users/xinyufang/Library/Developer/Xcode/DerivedData/Buzz-faillbpsmponqzeruhhvskovixzk/SourcePackages/checkouts/GoogleSignIn-iOS/GoogleSignIn/Sources/Strings/he.lproj/GoogleSignIn.strings (in target 'GoogleSignIn_GoogleSignIn' from project 'GoogleSignIn')
    cd /Users/xinyufang/Library/Developer/Xcode/DerivedData/Buzz-faillbpsmponqzeruhhvskovixzk/SourcePackages/checkouts/GoogleSignIn-iOS
    builtin-copy -exclude .DS_Store -exclude CVS -exclude .svn -exclude .git -exclude .hg -resolve-src-symlinks /Users/xinyufang/Library/Developer/Xcode/DerivedData/Buzz-faillbpsmponqzeruhhvskovixzk/SourcePackages/checkouts/GoogleSignIn-iOS/GoogleSignIn/Sources/Strings/he.lproj/GoogleSignIn.strings /Users/xinyufang/Library/Developer/Xcode/DerivedData/Buzz-faillbpsmponqzeruhhvskovixzk/Build/Products/Debug-iphonesimulator/GoogleSignIn_GoogleSignIn.bundle/he.lproj

CpResource /Users/xinyufang/Library/Developer/Xcode/DerivedData/Buzz-faillbpsmponqzeruhhvskovixzk/Build/Products/Debug-iphonesimulator/GoogleSignIn_GoogleSignIn.bundle/google@3x.png /Users/xinyufang/Library/Developer/Xcode/DerivedData/Buzz-faillbpsmponqzeruhhvskovixzk/SourcePackages/checkouts/GoogleSignIn-iOS/GoogleSignIn/Sources/Resources/google@3x.png (in target 'GoogleSignIn_GoogleSignIn' from project 'GoogleSignIn')
    cd /Users/xinyufang/Library/Developer/Xcode/DerivedData/Buzz-faillbpsmponqzeruhhvskovixzk/SourcePackages/checkouts/GoogleSignIn-iOS
    builtin-copy -exclude .DS_Store -exclude CVS -exclude .svn -exclude .git -exclude .hg -resolve-src-symlinks /Users/xinyufang/Library/Developer/Xcode/DerivedData/Buzz-faillbpsmponqzeruhhvskovixzk/SourcePackages/checkouts/GoogleSignIn-iOS/GoogleSignIn/Sources/Resources/google@3x.png /Users/xinyufang/Library/Developer/Xcode/DerivedData/Buzz-faillbpsmponqzeruhhvskovixzk/Build/Products/Debug-iphonesimulator/GoogleSignIn_GoogleSignIn.bundle

CpResource /Users/xinyufang/Library/Developer/Xcode/DerivedData/Buzz-faillbpsmponqzeruhhvskovixzk/Build/Products/Debug-iphonesimulator/GoogleSignIn_GoogleSignIn.bundle/google@2x.png /Users/xinyufang/Library/Developer/Xcode/DerivedData/Buzz-faillbpsmponqzeruhhvskovixzk/SourcePackages/checkouts/GoogleSignIn-iOS/GoogleSignIn/Sources/Resources/google@2x.png (in target 'GoogleSignIn_GoogleSignIn' from project 'GoogleSignIn')
    cd /Users/xinyufang/Library/Developer/Xcode/DerivedData/Buzz-faillbpsmponqzeruhhvskovixzk/SourcePackages/checkouts/GoogleSignIn-iOS
    builtin-copy -exclude .DS_Store -exclude CVS -exclude .svn -exclude .git -exclude .hg -resolve-src-symlinks /Users/xinyufang/Library/Developer/Xcode/DerivedData/Buzz-faillbpsmponqzeruhhvskovixzk/SourcePackages/checkouts/GoogleSignIn-iOS/GoogleSignIn/Sources/Resources/google@2x.png /Users/xinyufang/Library/Developer/Xcode/DerivedData/Buzz-faillbpsmponqzeruhhvskovixzk/Build/Products/Debug-iphonesimulator/GoogleSignIn_GoogleSignIn.bundle

CpResource /Users/xinyufang/Library/Developer/Xcode/DerivedData/Buzz-faillbpsmponqzeruhhvskovixzk/Build/Products/Debug-iphonesimulator/GoogleSignIn_GoogleSignIn.bundle/google.png /Users/xinyufang/Library/Developer/Xcode/DerivedData/Buzz-faillbpsmponqzeruhhvskovixzk/SourcePackages/checkouts/GoogleSignIn-iOS/GoogleSignIn/Sources/Resources/google.png (in target 'GoogleSignIn_GoogleSignIn' from project 'GoogleSignIn')
    cd /Users/xinyufang/Library/Developer/Xcode/DerivedData/Buzz-faillbpsmponqzeruhhvskovixzk/SourcePackages/checkouts/GoogleSignIn-iOS
    builtin-copy -exclude .DS_Store -exclude CVS -exclude .svn -exclude .git -exclude .hg -resolve-src-symlinks /Users/xinyufang/Library/Developer/Xcode/DerivedData/Buzz-faillbpsmponqzeruhhvskovixzk/SourcePackages/checkouts/GoogleSignIn-iOS/GoogleSignIn/Sources/Resources/google.png /Users/xinyufang/Library/Developer/Xcode/DerivedData/Buzz-faillbpsmponqzeruhhvskovixzk/Build/Products/Debug-iphonesimulator/GoogleSignIn_GoogleSignIn.bundle

CpResource /Users/xinyufang/Library/Developer/Xcode/DerivedData/Buzz-faillbpsmponqzeruhhvskovixzk/Build/Products/Debug-iphonesimulator/GoogleSignIn_GoogleSignIn.bundle/fr_CA.lproj/GoogleSignIn.strings /Users/xinyufang/Library/Developer/Xcode/DerivedData/Buzz-faillbpsmponqzeruhhvskovixzk/SourcePackages/checkouts/GoogleSignIn-iOS/GoogleSignIn/Sources/Strings/fr_CA.lproj/GoogleSignIn.strings (in target 'GoogleSignIn_GoogleSignIn' from project 'GoogleSignIn')
    cd /Users/xinyufang/Library/Developer/Xcode/DerivedData/Buzz-faillbpsmponqzeruhhvskovixzk/SourcePackages/checkouts/GoogleSignIn-iOS
    builtin-copy -exclude .DS_Store -exclude CVS -exclude .svn -exclude .git -exclude .hg -resolve-src-symlinks /Users/xinyufang/Library/Developer/Xcode/DerivedData/Buzz-faillbpsmponqzeruhhvskovixzk/SourcePackages/checkouts/GoogleSignIn-iOS/GoogleSignIn/Sources/Strings/fr_CA.lproj/GoogleSignIn.strings /Users/xinyufang/Library/Developer/Xcode/DerivedData/Buzz-faillbpsmponqzeruhhvskovixzk/Build/Products/Debug-iphonesimulator/GoogleSignIn_GoogleSignIn.bundle/fr_CA.lproj

CpResource /Users/xinyufang/Library/Developer/Xcode/DerivedData/Buzz-faillbpsmponqzeruhhvskovixzk/Build/Products/Debug-iphonesimulator/GoogleSignIn_GoogleSignIn.bundle/fr.lproj/GoogleSignIn.strings /Users/xinyufang/Library/Developer/Xcode/DerivedData/Buzz-faillbpsmponqzeruhhvskovixzk/SourcePackages/checkouts/GoogleSignIn-iOS/GoogleSignIn/Sources/Strings/fr.lproj/GoogleSignIn.strings (in target 'GoogleSignIn_GoogleSignIn' from project 'GoogleSignIn')
    cd /Users/xinyufang/Library/Developer/Xcode/DerivedData/Buzz-faillbpsmponqzeruhhvskovixzk/SourcePackages/checkouts/GoogleSignIn-iOS
    builtin-copy -exclude .DS_Store -exclude CVS -exclude .svn -exclude .git -exclude .hg -resolve-src-symlinks /Users/xinyufang/Library/Developer/Xcode/DerivedData/Buzz-faillbpsmponqzeruhhvskovixzk/SourcePackages/checkouts/GoogleSignIn-iOS/GoogleSignIn/Sources/Strings/fr.lproj/GoogleSignIn.strings /Users/xinyufang/Library/Developer/Xcode/DerivedData/Buzz-faillbpsmponqzeruhhvskovixzk/Build/Products/Debug-iphonesimulator/GoogleSignIn_GoogleSignIn.bundle/fr.lproj

CpResource /Users/xinyufang/Library/Developer/Xcode/DerivedData/Buzz-faillbpsmponqzeruhhvskovixzk/Build/Products/Debug-iphonesimulator/GoogleSignIn_GoogleSignIn.bundle/fi.lproj/GoogleSignIn.strings /Users/xinyufang/Library/Developer/Xcode/DerivedData/Buzz-faillbpsmponqzeruhhvskovixzk/SourcePackages/checkouts/GoogleSignIn-iOS/GoogleSignIn/Sources/Strings/fi.lproj/GoogleSignIn.strings (in target 'GoogleSignIn_GoogleSignIn' from project 'GoogleSignIn')
    cd /Users/xinyufang/Library/Developer/Xcode/DerivedData/Buzz-faillbpsmponqzeruhhvskovixzk/SourcePackages/checkouts/GoogleSignIn-iOS
    builtin-copy -exclude .DS_Store -exclude CVS -exclude .svn -exclude .git -exclude .hg -resolve-src-symlinks /Users/xinyufang/Library/Developer/Xcode/DerivedData/Buzz-faillbpsmponqzeruhhvskovixzk/SourcePackages/checkouts/GoogleSignIn-iOS/GoogleSignIn/Sources/Strings/fi.lproj/GoogleSignIn.strings /Users/xinyufang/Library/Developer/Xcode/DerivedData/Buzz-faillbpsmponqzeruhhvskovixzk/Build/Products/Debug-iphonesimulator/GoogleSignIn_GoogleSignIn.bundle/fi.lproj

CpResource /Users/xinyufang/Library/Developer/Xcode/DerivedData/Buzz-faillbpsmponqzeruhhvskovixzk/Build/Products/Debug-iphonesimulator/GoogleSignIn_GoogleSignIn.bundle/es_MX.lproj/GoogleSignIn.strings /Users/xinyufang/Library/Developer/Xcode/DerivedData/Buzz-faillbpsmponqzeruhhvskovixzk/SourcePackages/checkouts/GoogleSignIn-iOS/GoogleSignIn/Sources/Strings/es_MX.lproj/GoogleSignIn.strings (in target 'GoogleSignIn_GoogleSignIn' from project 'GoogleSignIn')
    cd /Users/xinyufang/Library/Developer/Xcode/DerivedData/Buzz-faillbpsmponqzeruhhvskovixzk/SourcePackages/checkouts/GoogleSignIn-iOS
    builtin-copy -exclude .DS_Store -exclude CVS -exclude .svn -exclude .git -exclude .hg -resolve-src-symlinks /Users/xinyufang/Library/Developer/Xcode/DerivedData/Buzz-faillbpsmponqzeruhhvskovixzk/SourcePackages/checkouts/GoogleSignIn-iOS/GoogleSignIn/Sources/Strings/es_MX.lproj/GoogleSignIn.strings /Users/xinyufang/Library/Developer/Xcode/DerivedData/Buzz-faillbpsmponqzeruhhvskovixzk/Build/Products/Debug-iphonesimulator/GoogleSignIn_GoogleSignIn.bundle/es_MX.lproj

CpResource /Users/xinyufang/Library/Developer/Xcode/DerivedData/Buzz-faillbpsmponqzeruhhvskovixzk/Build/Products/Debug-iphonesimulator/GoogleSignIn_GoogleSignIn.bundle/es.lproj/GoogleSignIn.strings /Users/xinyufang/Library/Developer/Xcode/DerivedData/Buzz-faillbpsmponqzeruhhvskovixzk/SourcePackages/checkouts/GoogleSignIn-iOS/GoogleSignIn/Sources/Strings/es.lproj/GoogleSignIn.strings (in target 'GoogleSignIn_GoogleSignIn' from project 'GoogleSignIn')
    cd /Users/xinyufang/Library/Developer/Xcode/DerivedData/Buzz-faillbpsmponqzeruhhvskovixzk/SourcePackages/checkouts/GoogleSignIn-iOS
    builtin-copy -exclude .DS_Store -exclude CVS -exclude .svn -exclude .git -exclude .hg -resolve-src-symlinks /Users/xinyufang/Library/Developer/Xcode/DerivedData/Buzz-faillbpsmponqzeruhhvskovixzk/SourcePackages/checkouts/GoogleSignIn-iOS/GoogleSignIn/Sources/Strings/es.lproj/GoogleSignIn.strings /Users/xinyufang/Library/Developer/Xcode/DerivedData/Buzz-faillbpsmponqzeruhhvskovixzk/Build/Products/Debug-iphonesimulator/GoogleSignIn_GoogleSignIn.bundle/es.lproj

CpResource /Users/xinyufang/Library/Developer/Xcode/DerivedData/Buzz-faillbpsmponqzeruhhvskovixzk/Build/Products/Debug-iphonesimulator/GoogleSignIn_GoogleSignIn.bundle/en_GB.lproj/GoogleSignIn.strings /Users/xinyufang/Library/Developer/Xcode/DerivedData/Buzz-faillbpsmponqzeruhhvskovixzk/SourcePackages/checkouts/GoogleSignIn-iOS/GoogleSignIn/Sources/Strings/en_GB.lproj/GoogleSignIn.strings (in target 'GoogleSignIn_GoogleSignIn' from project 'GoogleSignIn')
    cd /Users/xinyufang/Library/Developer/Xcode/DerivedData/Buzz-faillbpsmponqzeruhhvskovixzk/SourcePackages/checkouts/GoogleSignIn-iOS
    builtin-copy -exclude .DS_Store -exclude CVS -exclude .svn -exclude .git -exclude .hg -resolve-src-symlinks /Users/xinyufang/Library/Developer/Xcode/DerivedData/Buzz-faillbpsmponqzeruhhvskovixzk/SourcePackages/checkouts/GoogleSignIn-iOS/GoogleSignIn/Sources/Strings/en_GB.lproj/GoogleSignIn.strings /Users/xinyufang/Library/Developer/Xcode/DerivedData/Buzz-faillbpsmponqzeruhhvskovixzk/Build/Products/Debug-iphonesimulator/GoogleSignIn_GoogleSignIn.bundle/en_GB.lproj

CpResource /Users/xinyufang/Library/Developer/Xcode/DerivedData/Buzz-faillbpsmponqzeruhhvskovixzk/Build/Products/Debug-iphonesimulator/GoogleSignIn_GoogleSignIn.bundle/en.lproj/GoogleSignIn.strings /Users/xinyufang/Library/Developer/Xcode/DerivedData/Buzz-faillbpsmponqzeruhhvskovixzk/SourcePackages/checkouts/GoogleSignIn-iOS/GoogleSignIn/Sources/Strings/en.lproj/GoogleSignIn.strings (in target 'GoogleSignIn_GoogleSignIn' from project 'GoogleSignIn')
    cd /Users/xinyufang/Library/Developer/Xcode/DerivedData/Buzz-faillbpsmponqzeruhhvskovixzk/SourcePackages/checkouts/GoogleSignIn-iOS
    builtin-copy -exclude .DS_Store -exclude CVS -exclude .svn -exclude .git -exclude .hg -resolve-src-symlinks /Users/xinyufang/Library/Developer/Xcode/DerivedData/Buzz-faillbpsmponqzeruhhvskovixzk/SourcePackages/checkouts/GoogleSignIn-iOS/GoogleSignIn/Sources/Strings/en.lproj/GoogleSignIn.strings /Users/xinyufang/Library/Developer/Xcode/DerivedData/Buzz-faillbpsmponqzeruhhvskovixzk/Build/Products/Debug-iphonesimulator/GoogleSignIn_GoogleSignIn.bundle/en.lproj

CpResource /Users/xinyufang/Library/Developer/Xcode/DerivedData/Buzz-faillbpsmponqzeruhhvskovixzk/Build/Products/Debug-iphonesimulator/GoogleSignIn_GoogleSignIn.bundle/el.lproj/GoogleSignIn.strings /Users/xinyufang/Library/Developer/Xcode/DerivedData/Buzz-faillbpsmponqzeruhhvskovixzk/SourcePackages/checkouts/GoogleSignIn-iOS/GoogleSignIn/Sources/Strings/el.lproj/GoogleSignIn.strings (in target 'GoogleSignIn_GoogleSignIn' from project 'GoogleSignIn')
    cd /Users/xinyufang/Library/Developer/Xcode/DerivedData/Buzz-faillbpsmponqzeruhhvskovixzk/SourcePackages/checkouts/GoogleSignIn-iOS
    builtin-copy -exclude .DS_Store -exclude CVS -exclude .svn -exclude .git -exclude .hg -resolve-src-symlinks /Users/xinyufang/Library/Developer/Xcode/DerivedData/Buzz-faillbpsmponqzeruhhvskovixzk/SourcePackages/checkouts/GoogleSignIn-iOS/GoogleSignIn/Sources/Strings/el.lproj/GoogleSignIn.strings /Users/xinyufang/Library/Developer/Xcode/DerivedData/Buzz-faillbpsmponqzeruhhvskovixzk/Build/Products/Debug-iphonesimulator/GoogleSignIn_GoogleSignIn.bundle/el.lproj

CpResource /Users/xinyufang/Library/Developer/Xcode/DerivedData/Buzz-faillbpsmponqzeruhhvskovixzk/Build/Products/Debug-iphonesimulator/GoogleSignIn_GoogleSignIn.bundle/de.lproj/GoogleSignIn.strings /Users/xinyufang/Library/Developer/Xcode/DerivedData/Buzz-faillbpsmponqzeruhhvskovixzk/SourcePackages/checkouts/GoogleSignIn-iOS/GoogleSignIn/Sources/Strings/de.lproj/GoogleSignIn.strings (in target 'GoogleSignIn_GoogleSignIn' from project 'GoogleSignIn')
    cd /Users/xinyufang/Library/Developer/Xcode/DerivedData/Buzz-faillbpsmponqzeruhhvskovixzk/SourcePackages/checkouts/GoogleSignIn-iOS
    builtin-copy -exclude .DS_Store -exclude CVS -exclude .svn -exclude .git -exclude .hg -resolve-src-symlinks /Users/xinyufang/Library/Developer/Xcode/DerivedData/Buzz-faillbpsmponqzeruhhvskovixzk/SourcePackages/checkouts/GoogleSignIn-iOS/GoogleSignIn/Sources/Strings/de.lproj/GoogleSignIn.strings /Users/xinyufang/Library/Developer/Xcode/DerivedData/Buzz-faillbpsmponqzeruhhvskovixzk/Build/Products/Debug-iphonesimulator/GoogleSignIn_GoogleSignIn.bundle/de.lproj

CpResource /Users/xinyufang/Library/Developer/Xcode/DerivedData/Buzz-faillbpsmponqzeruhhvskovixzk/Build/Products/Debug-iphonesimulator/GoogleSignIn_GoogleSignIn.bundle/da.lproj/GoogleSignIn.strings /Users/xinyufang/Library/Developer/Xcode/DerivedData/Buzz-faillbpsmponqzeruhhvskovixzk/SourcePackages/checkouts/GoogleSignIn-iOS/GoogleSignIn/Sources/Strings/da.lproj/GoogleSignIn.strings (in target 'GoogleSignIn_GoogleSignIn' from project 'GoogleSignIn')
    cd /Users/xinyufang/Library/Developer/Xcode/DerivedData/Buzz-faillbpsmponqzeruhhvskovixzk/SourcePackages/checkouts/GoogleSignIn-iOS
    builtin-copy -exclude .DS_Store -exclude CVS -exclude .svn -exclude .git -exclude .hg -resolve-src-symlinks /Users/xinyufang/Library/Developer/Xcode/DerivedData/Buzz-faillbpsmponqzeruhhvskovixzk/SourcePackages/checkouts/GoogleSignIn-iOS/GoogleSignIn/Sources/Strings/da.lproj/GoogleSignIn.strings /Users/xinyufang/Library/Developer/Xcode/DerivedData/Buzz-faillbpsmponqzeruhhvskovixzk/Build/Products/Debug-iphonesimulator/GoogleSignIn_GoogleSignIn.bundle/da.lproj

CpResource /Users/xinyufang/Library/Developer/Xcode/DerivedData/Buzz-faillbpsmponqzeruhhvskovixzk/Build/Products/Debug-iphonesimulator/GoogleSignIn_GoogleSignIn.bundle/cs.lproj/GoogleSignIn.strings /Users/xinyufang/Library/Developer/Xcode/DerivedData/Buzz-faillbpsmponqzeruhhvskovixzk/SourcePackages/checkouts/GoogleSignIn-iOS/GoogleSignIn/Sources/Strings/cs.lproj/GoogleSignIn.strings (in target 'GoogleSignIn_GoogleSignIn' from project 'GoogleSignIn')
    cd /Users/xinyufang/Library/Developer/Xcode/DerivedData/Buzz-faillbpsmponqzeruhhvskovixzk/SourcePackages/checkouts/GoogleSignIn-iOS
    builtin-copy -exclude .DS_Store -exclude CVS -exclude .svn -exclude .git -exclude .hg -resolve-src-symlinks /Users/xinyufang/Library/Developer/Xcode/DerivedData/Buzz-faillbpsmponqzeruhhvskovixzk/SourcePackages/checkouts/GoogleSignIn-iOS/GoogleSignIn/Sources/Strings/cs.lproj/GoogleSignIn.strings /Users/xinyufang/Library/Developer/Xcode/DerivedData/Buzz-faillbpsmponqzeruhhvskovixzk/Build/Products/Debug-iphonesimulator/GoogleSignIn_GoogleSignIn.bundle/cs.lproj

CpResource /Users/xinyufang/Library/Developer/Xcode/DerivedData/Buzz-faillbpsmponqzeruhhvskovixzk/Build/Products/Debug-iphonesimulator/GoogleSignIn_GoogleSignIn.bundle/ca.lproj/GoogleSignIn.strings /Users/xinyufang/Library/Developer/Xcode/DerivedData/Buzz-faillbpsmponqzeruhhvskovixzk/SourcePackages/checkouts/GoogleSignIn-iOS/GoogleSignIn/Sources/Strings/ca.lproj/GoogleSignIn.strings (in target 'GoogleSignIn_GoogleSignIn' from project 'GoogleSignIn')
    cd /Users/xinyufang/Library/Developer/Xcode/DerivedData/Buzz-faillbpsmponqzeruhhvskovixzk/SourcePackages/checkouts/GoogleSignIn-iOS
    builtin-copy -exclude .DS_Store -exclude CVS -exclude .svn -exclude .git -exclude .hg -resolve-src-symlinks /Users/xinyufang/Library/Developer/Xcode/DerivedData/Buzz-faillbpsmponqzeruhhvskovixzk/SourcePackages/checkouts/GoogleSignIn-iOS/GoogleSignIn/Sources/Strings/ca.lproj/GoogleSignIn.strings /Users/xinyufang/Library/Developer/Xcode/DerivedData/Buzz-faillbpsmponqzeruhhvskovixzk/Build/Products/Debug-iphonesimulator/GoogleSignIn_GoogleSignIn.bundle/ca.lproj

CpResource /Users/xinyufang/Library/Developer/Xcode/DerivedData/Buzz-faillbpsmponqzeruhhvskovixzk/Build/Products/Debug-iphonesimulator/GoogleSignIn_GoogleSignIn.bundle/ar.lproj/GoogleSignIn.strings /Users/xinyufang/Library/Developer/Xcode/DerivedData/Buzz-faillbpsmponqzeruhhvskovixzk/SourcePackages/checkouts/GoogleSignIn-iOS/GoogleSignIn/Sources/Strings/ar.lproj/GoogleSignIn.strings (in target 'GoogleSignIn_GoogleSignIn' from project 'GoogleSignIn')
    cd /Users/xinyufang/Library/Developer/Xcode/DerivedData/Buzz-faillbpsmponqzeruhhvskovixzk/SourcePackages/checkouts/GoogleSignIn-iOS
    builtin-copy -exclude .DS_Store -exclude CVS -exclude .svn -exclude .git -exclude .hg -resolve-src-symlinks /Users/xinyufang/Library/Developer/Xcode/DerivedData/Buzz-faillbpsmponqzeruhhvskovixzk/SourcePackages/checkouts/GoogleSignIn-iOS/GoogleSignIn/Sources/Strings/ar.lproj/GoogleSignIn.strings /Users/xinyufang/Library/Developer/Xcode/DerivedData/Buzz-faillbpsmponqzeruhhvskovixzk/Build/Products/Debug-iphonesimulator/GoogleSignIn_GoogleSignIn.bundle/ar.lproj

CpResource /Users/xinyufang/Library/Developer/Xcode/DerivedData/Buzz-faillbpsmponqzeruhhvskovixzk/Build/Products/Debug-iphonesimulator/GoogleSignIn_GoogleSignIn.bundle/Roboto-Bold.ttf /Users/xinyufang/Library/Developer/Xcode/DerivedData/Buzz-faillbpsmponqzeruhhvskovixzk/SourcePackages/checkouts/GoogleSignIn-iOS/GoogleSignIn/Sources/Resources/Roboto-Bold.ttf (in target 'GoogleSignIn_GoogleSignIn' from project 'GoogleSignIn')
    cd /Users/xinyufang/Library/Developer/Xcode/DerivedData/Buzz-faillbpsmponqzeruhhvskovixzk/SourcePackages/checkouts/GoogleSignIn-iOS
    builtin-copy -exclude .DS_Store -exclude CVS -exclude .svn -exclude .git -exclude .hg -resolve-src-symlinks /Users/xinyufang/Library/Developer/Xcode/DerivedData/Buzz-faillbpsmponqzeruhhvskovixzk/SourcePackages/checkouts/GoogleSignIn-iOS/GoogleSignIn/Sources/Resources/Roboto-Bold.ttf /Users/xinyufang/Library/Developer/Xcode/DerivedData/Buzz-faillbpsmponqzeruhhvskovixzk/Build/Products/Debug-iphonesimulator/GoogleSignIn_GoogleSignIn.bundle

CpResource /Users/xinyufang/Library/Developer/Xcode/DerivedData/Buzz-faillbpsmponqzeruhhvskovixzk/Build/Products/Debug-iphonesimulator/GoogleSignIn_GoogleSignIn.bundle/PrivacyInfo.xcprivacy /Users/xinyufang/Library/Developer/Xcode/DerivedData/Buzz-faillbpsmponqzeruhhvskovixzk/SourcePackages/checkouts/GoogleSignIn-iOS/GoogleSignIn/Sources/Resources/PrivacyInfo.xcprivacy (in target 'GoogleSignIn_GoogleSignIn' from project 'GoogleSignIn')
    cd /Users/xinyufang/Library/Developer/Xcode/DerivedData/Buzz-faillbpsmponqzeruhhvskovixzk/SourcePackages/checkouts/GoogleSignIn-iOS
    builtin-copy -exclude .DS_Store -exclude CVS -exclude .svn -exclude .git -exclude .hg -resolve-src-symlinks /Users/xinyufang/Library/Developer/Xcode/DerivedData/Buzz-faillbpsmponqzeruhhvskovixzk/SourcePackages/checkouts/GoogleSignIn-iOS/GoogleSignIn/Sources/Resources/PrivacyInfo.xcprivacy /Users/xinyufang/Library/Developer/Xcode/DerivedData/Buzz-faillbpsmponqzeruhhvskovixzk/Build/Products/Debug-iphonesimulator/GoogleSignIn_GoogleSignIn.bundle

ProcessInfoPlistFile /Users/xinyufang/Library/Developer/Xcode/DerivedData/Buzz-faillbpsmponqzeruhhvskovixzk/Build/Products/Debug-iphonesimulator/GTMSessionFetcher_GTMSessionFetcherCore.bundle/Info.plist /Users/xinyufang/Library/Developer/Xcode/DerivedData/Buzz-faillbpsmponqzeruhhvskovixzk/Build/Intermediates.noindex/GTMSessionFetcher.build/Debug-iphonesimulator/GTMSessionFetcher_GTMSessionFetcherCore.build/empty-GTMSessionFetcher_GTMSessionFetcherCore.plist (in target 'GTMSessionFetcher_GTMSessionFetcherCore' from project 'GTMSessionFetcher')
    cd /Users/xinyufang/Library/Developer/Xcode/DerivedData/Buzz-faillbpsmponqzeruhhvskovixzk/SourcePackages/checkouts/gtm-session-fetcher
    builtin-infoPlistUtility /Users/xinyufang/Library/Developer/Xcode/DerivedData/Buzz-faillbpsmponqzeruhhvskovixzk/Build/Intermediates.noindex/GTMSessionFetcher.build/Debug-iphonesimulator/GTMSessionFetcher_GTMSessionFetcherCore.build/empty-GTMSessionFetcher_GTMSessionFetcherCore.plist -producttype com.apple.product-type.bundle -expandbuildsettings -format binary -platform iphonesimulator -o /Users/xinyufang/Library/Developer/Xcode/DerivedData/Buzz-faillbpsmponqzeruhhvskovixzk/Build/Products/Debug-iphonesimulator/GTMSessionFetcher_GTMSessionFetcherCore.bundle/Info.plist

CpResource /Users/xinyufang/Library/Developer/Xcode/DerivedData/Buzz-faillbpsmponqzeruhhvskovixzk/Build/Products/Debug-iphonesimulator/GTMSessionFetcher_GTMSessionFetcherCore.bundle/PrivacyInfo.xcprivacy /Users/xinyufang/Library/Developer/Xcode/DerivedData/Buzz-faillbpsmponqzeruhhvskovixzk/SourcePackages/checkouts/gtm-session-fetcher/Sources/Core/Resources/PrivacyInfo.xcprivacy (in target 'GTMSessionFetcher_GTMSessionFetcherCore' from project 'GTMSessionFetcher')
    cd /Users/xinyufang/Library/Developer/Xcode/DerivedData/Buzz-faillbpsmponqzeruhhvskovixzk/SourcePackages/checkouts/gtm-session-fetcher
    builtin-copy -exclude .DS_Store -exclude CVS -exclude .svn -exclude .git -exclude .hg -resolve-src-symlinks /Users/xinyufang/Library/Developer/Xcode/DerivedData/Buzz-faillbpsmponqzeruhhvskovixzk/SourcePackages/checkouts/gtm-session-fetcher/Sources/Core/Resources/PrivacyInfo.xcprivacy /Users/xinyufang/Library/Developer/Xcode/DerivedData/Buzz-faillbpsmponqzeruhhvskovixzk/Build/Products/Debug-iphonesimulator/GTMSessionFetcher_GTMSessionFetcherCore.bundle

ScanDependencies /Users/xinyufang/Library/Developer/Xcode/DerivedData/Buzz-faillbpsmponqzeruhhvskovixzk/Build/Intermediates.noindex/GTMSessionFetcher.build/Debug-iphonesimulator/GTMSessionFetcherCore.build/Objects-normal/arm64/resource_bundle_accessor.o /Users/xinyufang/Library/Developer/Xcode/DerivedData/Buzz-faillbpsmponqzeruhhvskovixzk/Build/Intermediates.noindex/GTMSessionFetcher.build/Debug-iphonesimulator/GTMSessionFetcherCore.build/DerivedSources/resource_bundle_accessor.m normal arm64 objective-c com.apple.compilers.llvm.clang.1_0.compiler (in target 'GTMSessionFetcherCore' from project 'GTMSessionFetcher')
    cd /Users/xinyufang/Documents/Buzz/Buzz.xcodeproj
    
    Using response file: /Users/xinyufang/Library/Developer/Xcode/DerivedData/Buzz-faillbpsmponqzeruhhvskovixzk/Build/Intermediates.noindex/GTMSessionFetcher.build/Debug-iphonesimulator/GTMSessionFetcherCore.build/Objects-normal/arm64/e6072d4f65d7061329687fe24e3d63a7-common-args.resp
    
    builtin-ScanDependencies -o /Users/xinyufang/Library/Developer/Xcode/DerivedData/Buzz-faillbpsmponqzeruhhvskovixzk/Build/Intermediates.noindex/GTMSessionFetcher.build/Debug-iphonesimulator/GTMSessionFetcherCore.build/Objects-normal/arm64/resource_bundle_accessor.o.scan -- /Applications/Xcode.app/Contents/Developer/Toolchains/XcodeDefault.xctoolchain/usr/bin/clang -x objective-c -ivfsstatcache /Users/xinyufang/Library/Developer/Xcode/DerivedData/SDKStatCaches.noindex/iphonesimulator26.0-23A339-26257891a6c027eb51374368541b8346.sdkstatcache -fmessage-length\=0 -fdiagnostics-show-note-include-stack -fmacro-backtrace-limit\=0 -fno-color-diagnostics -fmodules-prune-interval\=86400 -fmodules-prune-after\=345600 -fbuild-session-file\=/Users/xinyufang/Library/Developer/Xcode/DerivedData/ModuleCache.noindex/Session.modulevalidation -fmodules-validate-once-per-build-session -Wnon-modular-include-in-framework-module -Werror\=non-modular-include-in-framework-module -Wno-trigraphs -Wno-missing-field-initializers -Wno-missing-prototypes -Wno-return-type -Wno-implicit-atomic-properties -Wno-objc-interface-ivars -Wno-arc-repeated-use-of-weak -Wno-missing-braces -Wparentheses -Wswitch -Wno-unused-function -Wno-unused-label -Wno-unused-parameter -Wno-unused-variable -Wunused-value -Wno-empty-body -Wno-uninitialized -Wno-unknown-pragmas -w -Wno-shadow -Wno-four-char-constants -Wno-conversion -Wno-constant-conversion -Wno-int-conversion -Wno-bool-conversion -Wno-enum-conversion -Wno-float-conversion -Wno-non-literal-null-conversion -Wno-objc-literal-conversion -Wshorten-64-to-32 -Wpointer-sign -Wno-newline-eof -Wno-selector -Wno-strict-selector-match -Wno-undeclared-selector -Wno-deprecated-implementations -Wno-implicit-fallthrough -fstrict-aliasing -Wprotocol -Wdeprecated-declarations -Wno-sign-conversion -Wno-infinite-recursion -Wno-comma -Wno-block-capture-autoreleasing -Wno-strict-prototypes -Wno-semicolon-before-method-body -index-store-path /Users/xinyufang/Library/Developer/Xcode/DerivedData/Buzz-faillbpsmponqzeruhhvskovixzk/Index.noindex/DataStore @/Users/xinyufang/Library/Developer/Xcode/DerivedData/Buzz-faillbpsmponqzeruhhvskovixzk/Build/Intermediates.noindex/GTMSessionFetcher.build/Debug-iphonesimulator/GTMSessionFetcherCore.build/Objects-normal/arm64/e6072d4f65d7061329687fe24e3d63a7-common-args.resp -include /Users/xinyufang/Library/Developer/Xcode/DerivedData/Buzz-faillbpsmponqzeruhhvskovixzk/Build/Intermediates.noindex/GTMSessionFetcher.build/Debug-iphonesimulator/GTMSessionFetcherCore.build/DerivedSources/resource_bundle_accessor.h -MMD -MT dependencies -MF /Users/xinyufang/Library/Developer/Xcode/DerivedData/Buzz-faillbpsmponqzeruhhvskovixzk/Build/Intermediates.noindex/GTMSessionFetcher.build/Debug-iphonesimulator/GTMSessionFetcherCore.build/Objects-normal/arm64/resource_bundle_accessor.d --serialize-diagnostics /Users/xinyufang/Library/Developer/Xcode/DerivedData/Buzz-faillbpsmponqzeruhhvskovixzk/Build/Intermediates.noindex/GTMSessionFetcher.build/Debug-iphonesimulator/GTMSessionFetcherCore.build/Objects-normal/arm64/resource_bundle_accessor.dia -c /Users/xinyufang/Library/Developer/Xcode/DerivedData/Buzz-faillbpsmponqzeruhhvskovixzk/Build/Intermediates.noindex/GTMSessionFetcher.build/Debug-iphonesimulator/GTMSessionFetcherCore.build/DerivedSources/resource_bundle_accessor.m -o /Users/xinyufang/Library/Developer/Xcode/DerivedData/Buzz-faillbpsmponqzeruhhvskovixzk/Build/Intermediates.noindex/GTMSessionFetcher.build/Debug-iphonesimulator/GTMSessionFetcherCore.build/Objects-normal/arm64/resource_bundle_accessor.o -index-unit-output-path /GTMSessionFetcher.build/Debug-iphonesimulator/GTMSessionFetcherCore.build/Objects-normal/arm64/resource_bundle_accessor.o

ScanDependencies /Users/xinyufang/Library/Developer/Xcode/DerivedData/Buzz-faillbpsmponqzeruhhvskovixzk/Build/Intermediates.noindex/GTMSessionFetcher.build/Debug-iphonesimulator/GTMSessionFetcherCore.build/Objects-normal/arm64/GTMSessionUploadFetcher.o /Users/xinyufang/Library/Developer/Xcode/DerivedData/Buzz-faillbpsmponqzeruhhvskovixzk/SourcePackages/checkouts/gtm-session-fetcher/Sources/Core/GTMSessionUploadFetcher.m normal arm64 objective-c com.apple.compilers.llvm.clang.1_0.compiler (in target 'GTMSessionFetcherCore' from project 'GTMSessionFetcher')
    cd /Users/xinyufang/Documents/Buzz/Buzz.xcodeproj
    
    Using response file: /Users/xinyufang/Library/Developer/Xcode/DerivedData/Buzz-faillbpsmponqzeruhhvskovixzk/Build/Intermediates.noindex/GTMSessionFetcher.build/Debug-iphonesimulator/GTMSessionFetcherCore.build/Objects-normal/arm64/e6072d4f65d7061329687fe24e3d63a7-common-args.resp
    
    builtin-ScanDependencies -o /Users/xinyufang/Library/Developer/Xcode/DerivedData/Buzz-faillbpsmponqzeruhhvskovixzk/Build/Intermediates.noindex/GTMSessionFetcher.build/Debug-iphonesimulator/GTMSessionFetcherCore.build/Objects-normal/arm64/GTMSessionUploadFetcher.o.scan -- /Applications/Xcode.app/Contents/Developer/Toolchains/XcodeDefault.xctoolchain/usr/bin/clang -x objective-c -ivfsstatcache /Users/xinyufang/Library/Developer/Xcode/DerivedData/SDKStatCaches.noindex/iphonesimulator26.0-23A339-26257891a6c027eb51374368541b8346.sdkstatcache -fmessage-length\=0 -fdiagnostics-show-note-include-stack -fmacro-backtrace-limit\=0 -fno-color-diagnostics -fmodules-prune-interval\=86400 -fmodules-prune-after\=345600 -fbuild-session-file\=/Users/xinyufang/Library/Developer/Xcode/DerivedData/ModuleCache.noindex/Session.modulevalidation -fmodules-validate-once-per-build-session -Wnon-modular-include-in-framework-module -Werror\=non-modular-include-in-framework-module -Wno-trigraphs -Wno-missing-field-initializers -Wno-missing-prototypes -Wno-return-type -Wno-implicit-atomic-properties -Wno-objc-interface-ivars -Wno-arc-repeated-use-of-weak -Wno-missing-braces -Wparentheses -Wswitch -Wno-unused-function -Wno-unused-label -Wno-unused-parameter -Wno-unused-variable -Wunused-value -Wno-empty-body -Wno-uninitialized -Wno-unknown-pragmas -w -Wno-shadow -Wno-four-char-constants -Wno-conversion -Wno-constant-conversion -Wno-int-conversion -Wno-bool-conversion -Wno-enum-conversion -Wno-float-conversion -Wno-non-literal-null-conversion -Wno-objc-literal-conversion -Wshorten-64-to-32 -Wpointer-sign -Wno-newline-eof -Wno-selector -Wno-strict-selector-match -Wno-undeclared-selector -Wno-deprecated-implementations -Wno-implicit-fallthrough -fstrict-aliasing -Wprotocol -Wdeprecated-declarations -Wno-sign-conversion -Wno-infinite-recursion -Wno-comma -Wno-block-capture-autoreleasing -Wno-strict-prototypes -Wno-semicolon-before-method-body -index-store-path /Users/xinyufang/Library/Developer/Xcode/DerivedData/Buzz-faillbpsmponqzeruhhvskovixzk/Index.noindex/DataStore @/Users/xinyufang/Library/Developer/Xcode/DerivedData/Buzz-faillbpsmponqzeruhhvskovixzk/Build/Intermediates.noindex/GTMSessionFetcher.build/Debug-iphonesimulator/GTMSessionFetcherCore.build/Objects-normal/arm64/e6072d4f65d7061329687fe24e3d63a7-common-args.resp -include /Users/xinyufang/Library/Developer/Xcode/DerivedData/Buzz-faillbpsmponqzeruhhvskovixzk/Build/Intermediates.noindex/GTMSessionFetcher.build/Debug-iphonesimulator/GTMSessionFetcherCore.build/DerivedSources/resource_bundle_accessor.h -MMD -MT dependencies -MF /Users/xinyufang/Library/Developer/Xcode/DerivedData/Buzz-faillbpsmponqzeruhhvskovixzk/Build/Intermediates.noindex/GTMSessionFetcher.build/Debug-iphonesimulator/GTMSessionFetcherCore.build/Objects-normal/arm64/GTMSessionUploadFetcher.d --serialize-diagnostics /Users/xinyufang/Library/Developer/Xcode/DerivedData/Buzz-faillbpsmponqzeruhhvskovixzk/Build/Intermediates.noindex/GTMSessionFetcher.build/Debug-iphonesimulator/GTMSessionFetcherCore.build/Objects-normal/arm64/GTMSessionUploadFetcher.dia -c /Users/xinyufang/Library/Developer/Xcode/DerivedData/Buzz-faillbpsmponqzeruhhvskovixzk/SourcePackages/checkouts/gtm-session-fetcher/Sources/Core/GTMSessionUploadFetcher.m -o /Users/xinyufang/Library/Developer/Xcode/DerivedData/Buzz-faillbpsmponqzeruhhvskovixzk/Build/Intermediates.noindex/GTMSessionFetcher.build/Debug-iphonesimulator/GTMSessionFetcherCore.build/Objects-normal/arm64/GTMSessionUploadFetcher.o -index-unit-output-path /GTMSessionFetcher.build/Debug-iphonesimulator/GTMSessionFetcherCore.build/Objects-normal/arm64/GTMSessionUploadFetcher.o

ScanDependencies /Users/xinyufang/Library/Developer/Xcode/DerivedData/Buzz-faillbpsmponqzeruhhvskovixzk/Build/Intermediates.noindex/GTMSessionFetcher.build/Debug-iphonesimulator/GTMSessionFetcherCore.build/Objects-normal/arm64/GTMSessionFetcherService.o /Users/xinyufang/Library/Developer/Xcode/DerivedData/Buzz-faillbpsmponqzeruhhvskovixzk/SourcePackages/checkouts/gtm-session-fetcher/Sources/Core/GTMSessionFetcherService.m normal arm64 objective-c com.apple.compilers.llvm.clang.1_0.compiler (in target 'GTMSessionFetcherCore' from project 'GTMSessionFetcher')
    cd /Users/xinyufang/Documents/Buzz/Buzz.xcodeproj
    
    Using response file: /Users/xinyufang/Library/Developer/Xcode/DerivedData/Buzz-faillbpsmponqzeruhhvskovixzk/Build/Intermediates.noindex/GTMSessionFetcher.build/Debug-iphonesimulator/GTMSessionFetcherCore.build/Objects-normal/arm64/e6072d4f65d7061329687fe24e3d63a7-common-args.resp
    
    builtin-ScanDependencies -o /Users/xinyufang/Library/Developer/Xcode/DerivedData/Buzz-faillbpsmponqzeruhhvskovixzk/Build/Intermediates.noindex/GTMSessionFetcher.build/Debug-iphonesimulator/GTMSessionFetcherCore.build/Objects-normal/arm64/GTMSessionFetcherService.o.scan -- /Applications/Xcode.app/Contents/Developer/Toolchains/XcodeDefault.xctoolchain/usr/bin/clang -x objective-c -ivfsstatcache /Users/xinyufang/Library/Developer/Xcode/DerivedData/SDKStatCaches.noindex/iphonesimulator26.0-23A339-26257891a6c027eb51374368541b8346.sdkstatcache -fmessage-length\=0 -fdiagnostics-show-note-include-stack -fmacro-backtrace-limit\=0 -fno-color-diagnostics -fmodules-prune-interval\=86400 -fmodules-prune-after\=345600 -fbuild-session-file\=/Users/xinyufang/Library/Developer/Xcode/DerivedData/ModuleCache.noindex/Session.modulevalidation -fmodules-validate-once-per-build-session -Wnon-modular-include-in-framework-module -Werror\=non-modular-include-in-framework-module -Wno-trigraphs -Wno-missing-field-initializers -Wno-missing-prototypes -Wno-return-type -Wno-implicit-atomic-properties -Wno-objc-interface-ivars -Wno-arc-repeated-use-of-weak -Wno-missing-braces -Wparentheses -Wswitch -Wno-unused-function -Wno-unused-label -Wno-unused-parameter -Wno-unused-variable -Wunused-value -Wno-empty-body -Wno-uninitialized -Wno-unknown-pragmas -w -Wno-shadow -Wno-four-char-constants -Wno-conversion -Wno-constant-conversion -Wno-int-conversion -Wno-bool-conversion -Wno-enum-conversion -Wno-float-conversion -Wno-non-literal-null-conversion -Wno-objc-literal-conversion -Wshorten-64-to-32 -Wpointer-sign -Wno-newline-eof -Wno-selector -Wno-strict-selector-match -Wno-undeclared-selector -Wno-deprecated-implementations -Wno-implicit-fallthrough -fstrict-aliasing -Wprotocol -Wdeprecated-declarations -Wno-sign-conversion -Wno-infinite-recursion -Wno-comma -Wno-block-capture-autoreleasing -Wno-strict-prototypes -Wno-semicolon-before-method-body -index-store-path /Users/xinyufang/Library/Developer/Xcode/DerivedData/Buzz-faillbpsmponqzeruhhvskovixzk/Index.noindex/DataStore @/Users/xinyufang/Library/Developer/Xcode/DerivedData/Buzz-faillbpsmponqzeruhhvskovixzk/Build/Intermediates.noindex/GTMSessionFetcher.build/Debug-iphonesimulator/GTMSessionFetcherCore.build/Objects-normal/arm64/e6072d4f65d7061329687fe24e3d63a7-common-args.resp -include /Users/xinyufang/Library/Developer/Xcode/DerivedData/Buzz-faillbpsmponqzeruhhvskovixzk/Build/Intermediates.noindex/GTMSessionFetcher.build/Debug-iphonesimulator/GTMSessionFetcherCore.build/DerivedSources/resource_bundle_accessor.h -MMD -MT dependencies -MF /Users/xinyufang/Library/Developer/Xcode/DerivedData/Buzz-faillbpsmponqzeruhhvskovixzk/Build/Intermediates.noindex/GTMSessionFetcher.build/Debug-iphonesimulator/GTMSessionFetcherCore.build/Objects-normal/arm64/GTMSessionFetcherService.d --serialize-diagnostics /Users/xinyufang/Library/Developer/Xcode/DerivedData/Buzz-faillbpsmponqzeruhhvskovixzk/Build/Intermediates.noindex/GTMSessionFetcher.build/Debug-iphonesimulator/GTMSessionFetcherCore.build/Objects-normal/arm64/GTMSessionFetcherService.dia -c /Users/xinyufang/Library/Developer/Xcode/DerivedData/Buzz-faillbpsmponqzeruhhvskovixzk/SourcePackages/checkouts/gtm-session-fetcher/Sources/Core/GTMSessionFetcherService.m -o /Users/xinyufang/Library/Developer/Xcode/DerivedData/Buzz-faillbpsmponqzeruhhvskovixzk/Build/Intermediates.noindex/GTMSessionFetcher.build/Debug-iphonesimulator/GTMSessionFetcherCore.build/Objects-normal/arm64/GTMSessionFetcherService.o -index-unit-output-path /GTMSessionFetcher.build/Debug-iphonesimulator/GTMSessionFetcherCore.build/Objects-normal/arm64/GTMSessionFetcherService.o

ScanDependencies /Users/xinyufang/Library/Developer/Xcode/DerivedData/Buzz-faillbpsmponqzeruhhvskovixzk/Build/Intermediates.noindex/GTMSessionFetcher.build/Debug-iphonesimulator/GTMSessionFetcherCore.build/Objects-normal/arm64/GTMSessionFetcherLogging.o /Users/xinyufang/Library/Developer/Xcode/DerivedData/Buzz-faillbpsmponqzeruhhvskovixzk/SourcePackages/checkouts/gtm-session-fetcher/Sources/Core/GTMSessionFetcherLogging.m normal arm64 objective-c com.apple.compilers.llvm.clang.1_0.compiler (in target 'GTMSessionFetcherCore' from project 'GTMSessionFetcher')
    cd /Users/xinyufang/Documents/Buzz/Buzz.xcodeproj
    
    Using response file: /Users/xinyufang/Library/Developer/Xcode/DerivedData/Buzz-faillbpsmponqzeruhhvskovixzk/Build/Intermediates.noindex/GTMSessionFetcher.build/Debug-iphonesimulator/GTMSessionFetcherCore.build/Objects-normal/arm64/e6072d4f65d7061329687fe24e3d63a7-common-args.resp
    
    builtin-ScanDependencies -o /Users/xinyufang/Library/Developer/Xcode/DerivedData/Buzz-faillbpsmponqzeruhhvskovixzk/Build/Intermediates.noindex/GTMSessionFetcher.build/Debug-iphonesimulator/GTMSessionFetcherCore.build/Objects-normal/arm64/GTMSessionFetcherLogging.o.scan -- /Applications/Xcode.app/Contents/Developer/Toolchains/XcodeDefault.xctoolchain/usr/bin/clang -x objective-c -ivfsstatcache /Users/xinyufang/Library/Developer/Xcode/DerivedData/SDKStatCaches.noindex/iphonesimulator26.0-23A339-26257891a6c027eb51374368541b8346.sdkstatcache -fmessage-length\=0 -fdiagnostics-show-note-include-stack -fmacro-backtrace-limit\=0 -fno-color-diagnostics -fmodules-prune-interval\=86400 -fmodules-prune-after\=345600 -fbuild-session-file\=/Users/xinyufang/Library/Developer/Xcode/DerivedData/ModuleCache.noindex/Session.modulevalidation -fmodules-validate-once-per-build-session -Wnon-modular-include-in-framework-module -Werror\=non-modular-include-in-framework-module -Wno-trigraphs -Wno-missing-field-initializers -Wno-missing-prototypes -Wno-return-type -Wno-implicit-atomic-properties -Wno-objc-interface-ivars -Wno-arc-repeated-use-of-weak -Wno-missing-braces -Wparentheses -Wswitch -Wno-unused-function -Wno-unused-label -Wno-unused-parameter -Wno-unused-variable -Wunused-value -Wno-empty-body -Wno-uninitialized -Wno-unknown-pragmas -w -Wno-shadow -Wno-four-char-constants -Wno-conversion -Wno-constant-conversion -Wno-int-conversion -Wno-bool-conversion -Wno-enum-conversion -Wno-float-conversion -Wno-non-literal-null-conversion -Wno-objc-literal-conversion -Wshorten-64-to-32 -Wpointer-sign -Wno-newline-eof -Wno-selector -Wno-strict-selector-match -Wno-undeclared-selector -Wno-deprecated-implementations -Wno-implicit-fallthrough -fstrict-aliasing -Wprotocol -Wdeprecated-declarations -Wno-sign-conversion -Wno-infinite-recursion -Wno-comma -Wno-block-capture-autoreleasing -Wno-strict-prototypes -Wno-semicolon-before-method-body -index-store-path /Users/xinyufang/Library/Developer/Xcode/DerivedData/Buzz-faillbpsmponqzeruhhvskovixzk/Index.noindex/DataStore @/Users/xinyufang/Library/Developer/Xcode/DerivedData/Buzz-faillbpsmponqzeruhhvskovixzk/Build/Intermediates.noindex/GTMSessionFetcher.build/Debug-iphonesimulator/GTMSessionFetcherCore.build/Objects-normal/arm64/e6072d4f65d7061329687fe24e3d63a7-common-args.resp -include /Users/xinyufang/Library/Developer/Xcode/DerivedData/Buzz-faillbpsmponqzeruhhvskovixzk/Build/Intermediates.noindex/GTMSessionFetcher.build/Debug-iphonesimulator/GTMSessionFetcherCore.build/DerivedSources/resource_bundle_accessor.h -MMD -MT dependencies -MF /Users/xinyufang/Library/Developer/Xcode/DerivedData/Buzz-faillbpsmponqzeruhhvskovixzk/Build/Intermediates.noindex/GTMSessionFetcher.build/Debug-iphonesimulator/GTMSessionFetcherCore.build/Objects-normal/arm64/GTMSessionFetcherLogging.d --serialize-diagnostics /Users/xinyufang/Library/Developer/Xcode/DerivedData/Buzz-faillbpsmponqzeruhhvskovixzk/Build/Intermediates.noindex/GTMSessionFetcher.build/Debug-iphonesimulator/GTMSessionFetcherCore.build/Objects-normal/arm64/GTMSessionFetcherLogging.dia -c /Users/xinyufang/Library/Developer/Xcode/DerivedData/Buzz-faillbpsmponqzeruhhvskovixzk/SourcePackages/checkouts/gtm-session-fetcher/Sources/Core/GTMSessionFetcherLogging.m -o /Users/xinyufang/Library/Developer/Xcode/DerivedData/Buzz-faillbpsmponqzeruhhvskovixzk/Build/Intermediates.noindex/GTMSessionFetcher.build/Debug-iphonesimulator/GTMSessionFetcherCore.build/Objects-normal/arm64/GTMSessionFetcherLogging.o -index-unit-output-path /GTMSessionFetcher.build/Debug-iphonesimulator/GTMSessionFetcherCore.build/Objects-normal/arm64/GTMSessionFetcherLogging.o

ScanDependencies /Users/xinyufang/Library/Developer/Xcode/DerivedData/Buzz-faillbpsmponqzeruhhvskovixzk/Build/Intermediates.noindex/GTMSessionFetcher.build/Debug-iphonesimulator/GTMSessionFetcherCore.build/Objects-normal/arm64/GTMSessionFetcher.o /Users/xinyufang/Library/Developer/Xcode/DerivedData/Buzz-faillbpsmponqzeruhhvskovixzk/SourcePackages/checkouts/gtm-session-fetcher/Sources/Core/GTMSessionFetcher.m normal arm64 objective-c com.apple.compilers.llvm.clang.1_0.compiler (in target 'GTMSessionFetcherCore' from project 'GTMSessionFetcher')
    cd /Users/xinyufang/Documents/Buzz/Buzz.xcodeproj
    
    Using response file: /Users/xinyufang/Library/Developer/Xcode/DerivedData/Buzz-faillbpsmponqzeruhhvskovixzk/Build/Intermediates.noindex/GTMSessionFetcher.build/Debug-iphonesimulator/GTMSessionFetcherCore.build/Objects-normal/arm64/e6072d4f65d7061329687fe24e3d63a7-common-args.resp
    
    builtin-ScanDependencies -o /Users/xinyufang/Library/Developer/Xcode/DerivedData/Buzz-faillbpsmponqzeruhhvskovixzk/Build/Intermediates.noindex/GTMSessionFetcher.build/Debug-iphonesimulator/GTMSessionFetcherCore.build/Objects-normal/arm64/GTMSessionFetcher.o.scan -- /Applications/Xcode.app/Contents/Developer/Toolchains/XcodeDefault.xctoolchain/usr/bin/clang -x objective-c -ivfsstatcache /Users/xinyufang/Library/Developer/Xcode/DerivedData/SDKStatCaches.noindex/iphonesimulator26.0-23A339-26257891a6c027eb51374368541b8346.sdkstatcache -fmessage-length\=0 -fdiagnostics-show-note-include-stack -fmacro-backtrace-limit\=0 -fno-color-diagnostics -fmodules-prune-interval\=86400 -fmodules-prune-after\=345600 -fbuild-session-file\=/Users/xinyufang/Library/Developer/Xcode/DerivedData/ModuleCache.noindex/Session.modulevalidation -fmodules-validate-once-per-build-session -Wnon-modular-include-in-framework-module -Werror\=non-modular-include-in-framework-module -Wno-trigraphs -Wno-missing-field-initializers -Wno-missing-prototypes -Wno-return-type -Wno-implicit-atomic-properties -Wno-objc-interface-ivars -Wno-arc-repeated-use-of-weak -Wno-missing-braces -Wparentheses -Wswitch -Wno-unused-function -Wno-unused-label -Wno-unused-parameter -Wno-unused-variable -Wunused-value -Wno-empty-body -Wno-uninitialized -Wno-unknown-pragmas -w -Wno-shadow -Wno-four-char-constants -Wno-conversion -Wno-constant-conversion -Wno-int-conversion -Wno-bool-conversion -Wno-enum-conversion -Wno-float-conversion -Wno-non-literal-null-conversion -Wno-objc-literal-conversion -Wshorten-64-to-32 -Wpointer-sign -Wno-newline-eof -Wno-selector -Wno-strict-selector-match -Wno-undeclared-selector -Wno-deprecated-implementations -Wno-implicit-fallthrough -fstrict-aliasing -Wprotocol -Wdeprecated-declarations -Wno-sign-conversion -Wno-infinite-recursion -Wno-comma -Wno-block-capture-autoreleasing -Wno-strict-prototypes -Wno-semicolon-before-method-body -index-store-path /Users/xinyufang/Library/Developer/Xcode/DerivedData/Buzz-faillbpsmponqzeruhhvskovixzk/Index.noindex/DataStore @/Users/xinyufang/Library/Developer/Xcode/DerivedData/Buzz-faillbpsmponqzeruhhvskovixzk/Build/Intermediates.noindex/GTMSessionFetcher.build/Debug-iphonesimulator/GTMSessionFetcherCore.build/Objects-normal/arm64/e6072d4f65d7061329687fe24e3d63a7-common-args.resp -include /Users/xinyufang/Library/Developer/Xcode/DerivedData/Buzz-faillbpsmponqzeruhhvskovixzk/Build/Intermediates.noindex/GTMSessionFetcher.build/Debug-iphonesimulator/GTMSessionFetcherCore.build/DerivedSources/resource_bundle_accessor.h -MMD -MT dependencies -MF /Users/xinyufang/Library/Developer/Xcode/DerivedData/Buzz-faillbpsmponqzeruhhvskovixzk/Build/Intermediates.noindex/GTMSessionFetcher.build/Debug-iphonesimulator/GTMSessionFetcherCore.build/Objects-normal/arm64/GTMSessionFetcher.d --serialize-diagnostics /Users/xinyufang/Library/Developer/Xcode/DerivedData/Buzz-faillbpsmponqzeruhhvskovixzk/Build/Intermediates.noindex/GTMSessionFetcher.build/Debug-iphonesimulator/GTMSessionFetcherCore.build/Objects-normal/arm64/GTMSessionFetcher.dia -c /Users/xinyufang/Library/Developer/Xcode/DerivedData/Buzz-faillbpsmponqzeruhhvskovixzk/SourcePackages/checkouts/gtm-session-fetcher/Sources/Core/GTMSessionFetcher.m -o /Users/xinyufang/Library/Developer/Xcode/DerivedData/Buzz-faillbpsmponqzeruhhvskovixzk/Build/Intermediates.noindex/GTMSessionFetcher.build/Debug-iphonesimulator/GTMSessionFetcherCore.build/Objects-normal/arm64/GTMSessionFetcher.o -index-unit-output-path /GTMSessionFetcher.build/Debug-iphonesimulator/GTMSessionFetcherCore.build/Objects-normal/arm64/GTMSessionFetcher.o

ProcessInfoPlistFile /Users/xinyufang/Library/Developer/Xcode/DerivedData/Buzz-faillbpsmponqzeruhhvskovixzk/Build/Products/Debug-iphonesimulator/GTMAppAuth_GTMAppAuth.bundle/Info.plist /Users/xinyufang/Library/Developer/Xcode/DerivedData/Buzz-faillbpsmponqzeruhhvskovixzk/Build/Intermediates.noindex/GTMAppAuth.build/Debug-iphonesimulator/GTMAppAuth_GTMAppAuth.build/empty-GTMAppAuth_GTMAppAuth.plist (in target 'GTMAppAuth_GTMAppAuth' from project 'GTMAppAuth')
    cd /Users/xinyufang/Library/Developer/Xcode/DerivedData/Buzz-faillbpsmponqzeruhhvskovixzk/SourcePackages/checkouts/GTMAppAuth
    builtin-infoPlistUtility /Users/xinyufang/Library/Developer/Xcode/DerivedData/Buzz-faillbpsmponqzeruhhvskovixzk/Build/Intermediates.noindex/GTMAppAuth.build/Debug-iphonesimulator/GTMAppAuth_GTMAppAuth.build/empty-GTMAppAuth_GTMAppAuth.plist -producttype com.apple.product-type.bundle -expandbuildsettings -format binary -platform iphonesimulator -o /Users/xinyufang/Library/Developer/Xcode/DerivedData/Buzz-faillbpsmponqzeruhhvskovixzk/Build/Products/Debug-iphonesimulator/GTMAppAuth_GTMAppAuth.bundle/Info.plist

CompileC /Users/xinyufang/Library/Developer/Xcode/DerivedData/Buzz-faillbpsmponqzeruhhvskovixzk/Build/Intermediates.noindex/GoogleUtilities.build/Debug-iphonesimulator/GoogleUtilities-Environment.build/Objects-normal/arm64/GULNetworkInfo.o /Users/xinyufang/Library/Developer/Xcode/DerivedData/Buzz-faillbpsmponqzeruhhvskovixzk/SourcePackages/checkouts/GoogleUtilities/GoogleUtilities/Environment/NetworkInfo/GULNetworkInfo.m normal arm64 objective-c com.apple.compilers.llvm.clang.1_0.compiler (in target 'GoogleUtilities-Environment' from project 'GoogleUtilities')
    cd /Users/xinyufang/Documents/Buzz/Buzz.xcodeproj
    
    Using response file: /Users/xinyufang/Library/Developer/Xcode/DerivedData/Buzz-faillbpsmponqzeruhhvskovixzk/Build/Intermediates.noindex/GoogleUtilities.build/Debug-iphonesimulator/GoogleUtilities-Environment.build/Objects-normal/arm64/e6072d4f65d7061329687fe24e3d63a7-common-args.resp
    
    /Applications/Xcode.app/Contents/Developer/Toolchains/XcodeDefault.xctoolchain/usr/bin/clang -x objective-c -ivfsstatcache /Users/xinyufang/Library/Developer/Xcode/DerivedData/SDKStatCaches.noindex/iphonesimulator26.0-23A339-26257891a6c027eb51374368541b8346.sdkstatcache -fmessage-length\=0 -fdiagnostics-show-note-include-stack -fmacro-backtrace-limit\=0 -fno-color-diagnostics -fmodules-prune-interval\=86400 -fmodules-prune-after\=345600 -fbuild-session-file\=/Users/xinyufang/Library/Developer/Xcode/DerivedData/ModuleCache.noindex/Session.modulevalidation -fmodules-validate-once-per-build-session -Wnon-modular-include-in-framework-module -Werror\=non-modular-include-in-framework-module -Wno-trigraphs -Wno-missing-field-initializers -Wno-missing-prototypes -Wno-return-type -Wno-implicit-atomic-properties -Wno-objc-interface-ivars -Wno-arc-repeated-use-of-weak -Wno-missing-braces -Wparentheses -Wswitch -Wno-unused-function -Wno-unused-label -Wno-unused-parameter -Wno-unused-variable -Wunused-value -Wno-empty-body -Wno-uninitialized -Wno-unknown-pragmas -w -Wno-shadow -Wno-four-char-constants -Wno-conversion -Wno-constant-conversion -Wno-int-conversion -Wno-bool-conversion -Wno-enum-conversion -Wno-float-conversion -Wno-non-literal-null-conversion -Wno-objc-literal-conversion -Wshorten-64-to-32 -Wpointer-sign -Wno-newline-eof -Wno-selector -Wno-strict-selector-match -Wno-undeclared-selector -Wno-deprecated-implementations -Wno-implicit-fallthrough -fstrict-aliasing -Wprotocol -Wdeprecated-declarations -Wno-sign-conversion -Wno-infinite-recursion -Wno-comma -Wno-block-capture-autoreleasing -Wno-strict-prototypes -Wno-semicolon-before-method-body -index-store-path /Users/xinyufang/Library/Developer/Xcode/DerivedData/Buzz-faillbpsmponqzeruhhvskovixzk/Index.noindex/DataStore @/Users/xinyufang/Library/Developer/Xcode/DerivedData/Buzz-faillbpsmponqzeruhhvskovixzk/Build/Intermediates.noindex/GoogleUtilities.build/Debug-iphonesimulator/GoogleUtilities-Environment.build/Objects-normal/arm64/e6072d4f65d7061329687fe24e3d63a7-common-args.resp -include /Users/xinyufang/Library/Developer/Xcode/DerivedData/Buzz-faillbpsmponqzeruhhvskovixzk/Build/Intermediates.noindex/GoogleUtilities.build/Debug-iphonesimulator/GoogleUtilities-Environment.build/DerivedSources/resource_bundle_accessor.h -MMD -MT dependencies -MF /Users/xinyufang/Library/Developer/Xcode/DerivedData/Buzz-faillbpsmponqzeruhhvskovixzk/Build/Intermediates.noindex/GoogleUtilities.build/Debug-iphonesimulator/GoogleUtilities-Environment.build/Objects-normal/arm64/GULNetworkInfo.d --serialize-diagnostics /Users/xinyufang/Library/Developer/Xcode/DerivedData/Buzz-faillbpsmponqzeruhhvskovixzk/Build/Intermediates.noindex/GoogleUtilities.build/Debug-iphonesimulator/GoogleUtilities-Environment.build/Objects-normal/arm64/GULNetworkInfo.dia -c /Users/xinyufang/Library/Developer/Xcode/DerivedData/Buzz-faillbpsmponqzeruhhvskovixzk/SourcePackages/checkouts/GoogleUtilities/GoogleUtilities/Environment/NetworkInfo/GULNetworkInfo.m -o /Users/xinyufang/Library/Developer/Xcode/DerivedData/Buzz-faillbpsmponqzeruhhvskovixzk/Build/Intermediates.noindex/GoogleUtilities.build/Debug-iphonesimulator/GoogleUtilities-Environment.build/Objects-normal/arm64/GULNetworkInfo.o -index-unit-output-path /GoogleUtilities.build/Debug-iphonesimulator/GoogleUtilities-Environment.build/Objects-normal/arm64/GULNetworkInfo.o

CpResource /Users/xinyufang/Library/Developer/Xcode/DerivedData/Buzz-faillbpsmponqzeruhhvskovixzk/Build/Products/Debug-iphonesimulator/GTMAppAuth_GTMAppAuth.bundle/PrivacyInfo.xcprivacy /Users/xinyufang/Library/Developer/Xcode/DerivedData/Buzz-faillbpsmponqzeruhhvskovixzk/SourcePackages/checkouts/GTMAppAuth/GTMAppAuth/Sources/Resources/PrivacyInfo.xcprivacy (in target 'GTMAppAuth_GTMAppAuth' from project 'GTMAppAuth')
    cd /Users/xinyufang/Library/Developer/Xcode/DerivedData/Buzz-faillbpsmponqzeruhhvskovixzk/SourcePackages/checkouts/GTMAppAuth
    builtin-copy -exclude .DS_Store -exclude CVS -exclude .svn -exclude .git -exclude .hg -resolve-src-symlinks /Users/xinyufang/Library/Developer/Xcode/DerivedData/Buzz-faillbpsmponqzeruhhvskovixzk/SourcePackages/checkouts/GTMAppAuth/GTMAppAuth/Sources/Resources/PrivacyInfo.xcprivacy /Users/xinyufang/Library/Developer/Xcode/DerivedData/Buzz-faillbpsmponqzeruhhvskovixzk/Build/Products/Debug-iphonesimulator/GTMAppAuth_GTMAppAuth.bundle

SwiftEmitModule normal arm64 Emitting\ module\ for\ Crypto (in target 'Crypto' from project 'swift-crypto')
EmitSwiftModule normal arm64 (in target 'Crypto' from project 'swift-crypto')
    cd /Users/xinyufang/Documents/Buzz/Buzz.xcodeproj
    

SwiftExplicitDependencyGeneratePcm arm64 /Users/xinyufang/Library/Developer/Xcode/DerivedData/Buzz-faillbpsmponqzeruhhvskovixzk/Build/Intermediates.noindex/SwiftExplicitPrecompiledModules/GTMSessionFetcherCore-UZLSQ9SAJY6QFZ3UGIC4FB43.pcm

SwiftDriverJobDiscovery normal arm64 Emitting module for ConcurrencyExtras (in target 'ConcurrencyExtras' from project 'swift-concurrency-extras')

SwiftDriver\ Compilation\ Requirements ConcurrencyExtras normal arm64 com.apple.xcode.tools.swift.compiler (in target 'ConcurrencyExtras' from project 'swift-concurrency-extras')
    cd /Users/xinyufang/Documents/Buzz/Buzz.xcodeproj
    builtin-Swift-Compilation-Requirements -- /Applications/Xcode.app/Contents/Developer/Toolchains/XcodeDefault.xctoolchain/usr/bin/swiftc -module-name ConcurrencyExtras -Onone -enforce-exclusivity\=checked @/Users/xinyufang/Library/Developer/Xcode/DerivedData/Buzz-faillbpsmponqzeruhhvskovixzk/Build/Intermediates.noindex/swift-concurrency-extras.build/Debug-iphonesimulator/ConcurrencyExtras.build/Objects-normal/arm64/ConcurrencyExtras.SwiftFileList -DSWIFT_PACKAGE -DDEBUG -DSWIFT_MODULE_RESOURCE_BUNDLE_UNAVAILABLE -DXcode -plugin-path /Applications/Xcode.app/Contents/Developer/Toolchains/XcodeDefault.xctoolchain/usr/lib/swift/host/plugins/testing -enable-experimental-feature DebugDescriptionMacro -sdk /Applications/Xcode.app/Contents/Developer/Platforms/iPhoneSimulator.platform/Developer/SDKs/iPhoneSimulator26.0.sdk -target arm64-apple-ios13.0-simulator -g -module-cache-path /Users/xinyufang/Library/Developer/Xcode/DerivedData/ModuleCache.noindex -Xfrontend -serialize-debugging-options -enable-testing -suppress-warnings -index-store-path /Users/xinyufang/Library/Developer/Xcode/DerivedData/Buzz-faillbpsmponqzeruhhvskovixzk/Index.noindex/DataStore -Xcc -D_LIBCPP_HARDENING_MODE\=_LIBCPP_HARDENING_MODE_DEBUG -swift-version 6 -I /Users/xinyufang/Library/Developer/Xcode/DerivedData/Buzz-faillbpsmponqzeruhhvskovixzk/Build/Products/Debug-iphonesimulator -Isystem /Applications/Xcode.app/Contents/Developer/Platforms/iPhoneSimulator.platform/Developer/usr/lib -F /Users/xinyufang/Library/Developer/Xcode/DerivedData/Buzz-faillbpsmponqzeruhhvskovixzk/Build/Products/Debug-iphonesimulator -F /Applications/Xcode.app/Contents/Developer/Platforms/iPhoneSimulator.platform/Developer/Library/Frameworks -F /Applications/Xcode.app/Contents/Developer/Platforms/iPhoneSimulator.platform/Developer/SDKs/iPhoneSimulator26.0.sdk/Developer/Library/Frameworks -c -j8 -enable-batch-mode -incremental -Xcc -ivfsstatcache -Xcc /Users/xinyufang/Library/Developer/Xcode/DerivedData/SDKStatCaches.noindex/iphonesimulator26.0-23A339-26257891a6c027eb51374368541b8346.sdkstatcache -output-file-map /Users/xinyufang/Library/Developer/Xcode/DerivedData/Buzz-faillbpsmponqzeruhhvskovixzk/Build/Intermediates.noindex/swift-concurrency-extras.build/Debug-iphonesimulator/ConcurrencyExtras.build/Objects-normal/arm64/ConcurrencyExtras-OutputFileMap.json -use-frontend-parseable-output -save-temps -no-color-diagnostics -explicit-module-build -module-cache-path /Users/xinyufang/Library/Developer/Xcode/DerivedData/Buzz-faillbpsmponqzeruhhvskovixzk/Build/Intermediates.noindex/SwiftExplicitPrecompiledModules -clang-scanner-module-cache-path /Users/xinyufang/Library/Developer/Xcode/DerivedData/ModuleCache.noindex -sdk-module-cache-path /Users/xinyufang/Library/Developer/Xcode/DerivedData/ModuleCache.noindex -serialize-diagnostics -emit-dependencies -emit-module -emit-module-path /Users/xinyufang/Library/Developer/Xcode/DerivedData/Buzz-faillbpsmponqzeruhhvskovixzk/Build/Intermediates.noindex/swift-concurrency-extras.build/Debug-iphonesimulator/ConcurrencyExtras.build/Objects-normal/arm64/ConcurrencyExtras.swiftmodule -user-module-version 1.3.2 -validate-clang-modules-once -clang-build-session-file /Users/xinyufang/Library/Developer/Xcode/DerivedData/ModuleCache.noindex/Session.modulevalidation -package-name swift_concurrency_extras -Xcc -I/Users/xinyufang/Library/Developer/Xcode/DerivedData/Buzz-faillbpsmponqzeruhhvskovixzk/Build/Intermediates.noindex/swift-concurrency-extras.build/Debug-iphonesimulator/ConcurrencyExtras.build/swift-overrides.hmap -emit-const-values -Xfrontend -const-gather-protocols-file -Xfrontend /Users/xinyufang/Library/Developer/Xcode/DerivedData/Buzz-faillbpsmponqzeruhhvskovixzk/Build/Intermediates.noindex/swift-concurrency-extras.build/Debug-iphonesimulator/ConcurrencyExtras.build/Objects-normal/arm64/ConcurrencyExtras_const_extract_protocols.json -Xcc -I/Users/xinyufang/Library/Developer/Xcode/DerivedData/Buzz-faillbpsmponqzeruhhvskovixzk/Build/Products/Debug-iphonesimulator/include -Xcc -I/Users/xinyufang/Library/Developer/Xcode/DerivedData/Buzz-faillbpsmponqzeruhhvskovixzk/Build/Intermediates.noindex/swift-concurrency-extras.build/Debug-iphonesimulator/ConcurrencyExtras.build/DerivedSources-normal/arm64 -Xcc -I/Users/xinyufang/Library/Developer/Xcode/DerivedData/Buzz-faillbpsmponqzeruhhvskovixzk/Build/Intermediates.noindex/swift-concurrency-extras.build/Debug-iphonesimulator/ConcurrencyExtras.build/DerivedSources/arm64 -Xcc -I/Users/xinyufang/Library/Developer/Xcode/DerivedData/Buzz-faillbpsmponqzeruhhvskovixzk/Build/Intermediates.noindex/swift-concurrency-extras.build/Debug-iphonesimulator/ConcurrencyExtras.build/DerivedSources -Xcc -DSWIFT_PACKAGE -Xcc -DDEBUG\=1 -emit-objc-header -emit-objc-header-path /Users/xinyufang/Library/Developer/Xcode/DerivedData/Buzz-faillbpsmponqzeruhhvskovixzk/Build/Intermediates.noindex/swift-concurrency-extras.build/Debug-iphonesimulator/ConcurrencyExtras.build/Objects-normal/arm64/ConcurrencyExtras-Swift.h -working-directory /Users/xinyufang/Documents/Buzz/Buzz.xcodeproj -experimental-emit-module-separately -disable-cmo

SwiftExplicitDependencyGeneratePcm arm64 /Users/xinyufang/Library/Developer/Xcode/DerivedData/Buzz-faillbpsmponqzeruhhvskovixzk/Build/Intermediates.noindex/SwiftExplicitPrecompiledModules/AppAuthCore-8P3UDNE7K8ZIYU3OJYLK3ZYGT.pcm

CompileC /Users/xinyufang/Library/Developer/Xcode/DerivedData/Buzz-faillbpsmponqzeruhhvskovixzk/Build/Intermediates.noindex/GoogleUtilities.build/Debug-iphonesimulator/GoogleUtilities-Environment.build/Objects-normal/arm64/GULKeychainStorage.o /Users/xinyufang/Library/Developer/Xcode/DerivedData/Buzz-faillbpsmponqzeruhhvskovixzk/SourcePackages/checkouts/GoogleUtilities/GoogleUtilities/Environment/SecureStorage/GULKeychainStorage.m normal arm64 objective-c com.apple.compilers.llvm.clang.1_0.compiler (in target 'GoogleUtilities-Environment' from project 'GoogleUtilities')
    cd /Users/xinyufang/Documents/Buzz/Buzz.xcodeproj
    
    Using response file: /Users/xinyufang/Library/Developer/Xcode/DerivedData/Buzz-faillbpsmponqzeruhhvskovixzk/Build/Intermediates.noindex/GoogleUtilities.build/Debug-iphonesimulator/GoogleUtilities-Environment.build/Objects-normal/arm64/e6072d4f65d7061329687fe24e3d63a7-common-args.resp
    
    /Applications/Xcode.app/Contents/Developer/Toolchains/XcodeDefault.xctoolchain/usr/bin/clang -x objective-c -ivfsstatcache /Users/xinyufang/Library/Developer/Xcode/DerivedData/SDKStatCaches.noindex/iphonesimulator26.0-23A339-26257891a6c027eb51374368541b8346.sdkstatcache -fmessage-length\=0 -fdiagnostics-show-note-include-stack -fmacro-backtrace-limit\=0 -fno-color-diagnostics -fmodules-prune-interval\=86400 -fmodules-prune-after\=345600 -fbuild-session-file\=/Users/xinyufang/Library/Developer/Xcode/DerivedData/ModuleCache.noindex/Session.modulevalidation -fmodules-validate-once-per-build-session -Wnon-modular-include-in-framework-module -Werror\=non-modular-include-in-framework-module -Wno-trigraphs -Wno-missing-field-initializers -Wno-missing-prototypes -Wno-return-type -Wno-implicit-atomic-properties -Wno-objc-interface-ivars -Wno-arc-repeated-use-of-weak -Wno-missing-braces -Wparentheses -Wswitch -Wno-unused-function -Wno-unused-label -Wno-unused-parameter -Wno-unused-variable -Wunused-value -Wno-empty-body -Wno-uninitialized -Wno-unknown-pragmas -w -Wno-shadow -Wno-four-char-constants -Wno-conversion -Wno-constant-conversion -Wno-int-conversion -Wno-bool-conversion -Wno-enum-conversion -Wno-float-conversion -Wno-non-literal-null-conversion -Wno-objc-literal-conversion -Wshorten-64-to-32 -Wpointer-sign -Wno-newline-eof -Wno-selector -Wno-strict-selector-match -Wno-undeclared-selector -Wno-deprecated-implementations -Wno-implicit-fallthrough -fstrict-aliasing -Wprotocol -Wdeprecated-declarations -Wno-sign-conversion -Wno-infinite-recursion -Wno-comma -Wno-block-capture-autoreleasing -Wno-strict-prototypes -Wno-semicolon-before-method-body -index-store-path /Users/xinyufang/Library/Developer/Xcode/DerivedData/Buzz-faillbpsmponqzeruhhvskovixzk/Index.noindex/DataStore @/Users/xinyufang/Library/Developer/Xcode/DerivedData/Buzz-faillbpsmponqzeruhhvskovixzk/Build/Intermediates.noindex/GoogleUtilities.build/Debug-iphonesimulator/GoogleUtilities-Environment.build/Objects-normal/arm64/e6072d4f65d7061329687fe24e3d63a7-common-args.resp -include /Users/xinyufang/Library/Developer/Xcode/DerivedData/Buzz-faillbpsmponqzeruhhvskovixzk/Build/Intermediates.noindex/GoogleUtilities.build/Debug-iphonesimulator/GoogleUtilities-Environment.build/DerivedSources/resource_bundle_accessor.h -MMD -MT dependencies -MF /Users/xinyufang/Library/Developer/Xcode/DerivedData/Buzz-faillbpsmponqzeruhhvskovixzk/Build/Intermediates.noindex/GoogleUtilities.build/Debug-iphonesimulator/GoogleUtilities-Environment.build/Objects-normal/arm64/GULKeychainStorage.d --serialize-diagnostics /Users/xinyufang/Library/Developer/Xcode/DerivedData/Buzz-faillbpsmponqzeruhhvskovixzk/Build/Intermediates.noindex/GoogleUtilities.build/Debug-iphonesimulator/GoogleUtilities-Environment.build/Objects-normal/arm64/GULKeychainStorage.dia -c /Users/xinyufang/Library/Developer/Xcode/DerivedData/Buzz-faillbpsmponqzeruhhvskovixzk/SourcePackages/checkouts/GoogleUtilities/GoogleUtilities/Environment/SecureStorage/GULKeychainStorage.m -o /Users/xinyufang/Library/Developer/Xcode/DerivedData/Buzz-faillbpsmponqzeruhhvskovixzk/Build/Intermediates.noindex/GoogleUtilities.build/Debug-iphonesimulator/GoogleUtilities-Environment.build/Objects-normal/arm64/GULKeychainStorage.o -index-unit-output-path /GoogleUtilities.build/Debug-iphonesimulator/GoogleUtilities-Environment.build/Objects-normal/arm64/GULKeychainStorage.o

PrecompileModule /Users/xinyufang/Library/Developer/Xcode/DerivedData/Buzz-faillbpsmponqzeruhhvskovixzk/Build/Intermediates.noindex/ExplicitPrecompiledModules/OpenGLES-A426GM2SLE83M55J6B4EGRNTX.scan
    cd /
    builtin-precompileModule /Users/xinyufang/Library/Developer/Xcode/DerivedData/Buzz-faillbpsmponqzeruhhvskovixzk/Build/Intermediates.noindex/ExplicitPrecompiledModules/OpenGLES-A426GM2SLE83M55J6B4EGRNTX.scan

PrecompileModule /Users/xinyufang/Library/Developer/Xcode/DerivedData/Buzz-faillbpsmponqzeruhhvskovixzk/Build/Intermediates.noindex/ExplicitPrecompiledModules/ptrcheck-8YB6WHOHUF0E2IAOULNNA5DQQ.scan
    cd /
    builtin-precompileModule /Users/xinyufang/Library/Developer/Xcode/DerivedData/Buzz-faillbpsmponqzeruhhvskovixzk/Build/Intermediates.noindex/ExplicitPrecompiledModules/ptrcheck-8YB6WHOHUF0E2IAOULNNA5DQQ.scan

PrecompileModule /Users/xinyufang/Library/Developer/Xcode/DerivedData/Buzz-faillbpsmponqzeruhhvskovixzk/Build/Intermediates.noindex/ExplicitPrecompiledModules/CoreGraphics-AGA9RE3IU099XMTOIGYWMY30V.scan
    cd /
    builtin-precompileModule /Users/xinyufang/Library/Developer/Xcode/DerivedData/Buzz-faillbpsmponqzeruhhvskovixzk/Build/Intermediates.noindex/ExplicitPrecompiledModules/CoreGraphics-AGA9RE3IU099XMTOIGYWMY30V.scan

SwiftMergeGeneratedHeaders /Users/xinyufang/Library/Developer/Xcode/DerivedData/Buzz-faillbpsmponqzeruhhvskovixzk/Build/Intermediates.noindex/GeneratedModuleMaps-iphonesimulator/ConcurrencyExtras-Swift.h /Users/xinyufang/Library/Developer/Xcode/DerivedData/Buzz-faillbpsmponqzeruhhvskovixzk/Build/Intermediates.noindex/swift-concurrency-extras.build/Debug-iphonesimulator/ConcurrencyExtras.build/Objects-normal/arm64/ConcurrencyExtras-Swift.h (in target 'ConcurrencyExtras' from project 'swift-concurrency-extras')
    cd /Users/xinyufang/Library/Developer/Xcode/DerivedData/Buzz-faillbpsmponqzeruhhvskovixzk/SourcePackages/checkouts/swift-concurrency-extras
    builtin-swiftHeaderTool -arch arm64 /Users/xinyufang/Library/Developer/Xcode/DerivedData/Buzz-faillbpsmponqzeruhhvskovixzk/Build/Intermediates.noindex/swift-concurrency-extras.build/Debug-iphonesimulator/ConcurrencyExtras.build/Objects-normal/arm64/ConcurrencyExtras-Swift.h -o /Users/xinyufang/Library/Developer/Xcode/DerivedData/Buzz-faillbpsmponqzeruhhvskovixzk/Build/Intermediates.noindex/GeneratedModuleMaps-iphonesimulator/ConcurrencyExtras-Swift.h

Copy /Users/xinyufang/Library/Developer/Xcode/DerivedData/Buzz-faillbpsmponqzeruhhvskovixzk/Build/Products/Debug-iphonesimulator/ConcurrencyExtras.swiftmodule/arm64-apple-ios-simulator.swiftmodule /Users/xinyufang/Library/Developer/Xcode/DerivedData/Buzz-faillbpsmponqzeruhhvskovixzk/Build/Intermediates.noindex/swift-concurrency-extras.build/Debug-iphonesimulator/ConcurrencyExtras.build/Objects-normal/arm64/ConcurrencyExtras.swiftmodule (in target 'ConcurrencyExtras' from project 'swift-concurrency-extras')
    cd /Users/xinyufang/Library/Developer/Xcode/DerivedData/Buzz-faillbpsmponqzeruhhvskovixzk/SourcePackages/checkouts/swift-concurrency-extras
    builtin-copy -exclude .DS_Store -exclude CVS -exclude .svn -exclude .git -exclude .hg -resolve-src-symlinks -rename /Users/xinyufang/Library/Developer/Xcode/DerivedData/Buzz-faillbpsmponqzeruhhvskovixzk/Build/Intermediates.noindex/swift-concurrency-extras.build/Debug-iphonesimulator/ConcurrencyExtras.build/Objects-normal/arm64/ConcurrencyExtras.swiftmodule /Users/xinyufang/Library/Developer/Xcode/DerivedData/Buzz-faillbpsmponqzeruhhvskovixzk/Build/Products/Debug-iphonesimulator/ConcurrencyExtras.swiftmodule/arm64-apple-ios-simulator.swiftmodule

Copy /Users/xinyufang/Library/Developer/Xcode/DerivedData/Buzz-faillbpsmponqzeruhhvskovixzk/Build/Products/Debug-iphonesimulator/ConcurrencyExtras.swiftmodule/arm64-apple-ios-simulator.swiftdoc /Users/xinyufang/Library/Developer/Xcode/DerivedData/Buzz-faillbpsmponqzeruhhvskovixzk/Build/Intermediates.noindex/swift-concurrency-extras.build/Debug-iphonesimulator/ConcurrencyExtras.build/Objects-normal/arm64/ConcurrencyExtras.swiftdoc (in target 'ConcurrencyExtras' from project 'swift-concurrency-extras')
    cd /Users/xinyufang/Library/Developer/Xcode/DerivedData/Buzz-faillbpsmponqzeruhhvskovixzk/SourcePackages/checkouts/swift-concurrency-extras
    builtin-copy -exclude .DS_Store -exclude CVS -exclude .svn -exclude .git -exclude .hg -resolve-src-symlinks -rename /Users/xinyufang/Library/Developer/Xcode/DerivedData/Buzz-faillbpsmponqzeruhhvskovixzk/Build/Intermediates.noindex/swift-concurrency-extras.build/Debug-iphonesimulator/ConcurrencyExtras.build/Objects-normal/arm64/ConcurrencyExtras.swiftdoc /Users/xinyufang/Library/Developer/Xcode/DerivedData/Buzz-faillbpsmponqzeruhhvskovixzk/Build/Products/Debug-iphonesimulator/ConcurrencyExtras.swiftmodule/arm64-apple-ios-simulator.swiftdoc

Copy /Users/xinyufang/Library/Developer/Xcode/DerivedData/Buzz-faillbpsmponqzeruhhvskovixzk/Build/Products/Debug-iphonesimulator/ConcurrencyExtras.swiftmodule/arm64-apple-ios-simulator.abi.json /Users/xinyufang/Library/Developer/Xcode/DerivedData/Buzz-faillbpsmponqzeruhhvskovixzk/Build/Intermediates.noindex/swift-concurrency-extras.build/Debug-iphonesimulator/ConcurrencyExtras.build/Objects-normal/arm64/ConcurrencyExtras.abi.json (in target 'ConcurrencyExtras' from project 'swift-concurrency-extras')
    cd /Users/xinyufang/Library/Developer/Xcode/DerivedData/Buzz-faillbpsmponqzeruhhvskovixzk/SourcePackages/checkouts/swift-concurrency-extras
    builtin-copy -exclude .DS_Store -exclude CVS -exclude .svn -exclude .git -exclude .hg -resolve-src-symlinks -rename /Users/xinyufang/Library/Developer/Xcode/DerivedData/Buzz-faillbpsmponqzeruhhvskovixzk/Build/Intermediates.noindex/swift-concurrency-extras.build/Debug-iphonesimulator/ConcurrencyExtras.build/Objects-normal/arm64/ConcurrencyExtras.abi.json /Users/xinyufang/Library/Developer/Xcode/DerivedData/Buzz-faillbpsmponqzeruhhvskovixzk/Build/Products/Debug-iphonesimulator/ConcurrencyExtras.swiftmodule/arm64-apple-ios-simulator.abi.json

Copy /Users/xinyufang/Library/Developer/Xcode/DerivedData/Buzz-faillbpsmponqzeruhhvskovixzk/Build/Products/Debug-iphonesimulator/ConcurrencyExtras.swiftmodule/Project/arm64-apple-ios-simulator.swiftsourceinfo /Users/xinyufang/Library/Developer/Xcode/DerivedData/Buzz-faillbpsmponqzeruhhvskovixzk/Build/Intermediates.noindex/swift-concurrency-extras.build/Debug-iphonesimulator/ConcurrencyExtras.build/Objects-normal/arm64/ConcurrencyExtras.swiftsourceinfo (in target 'ConcurrencyExtras' from project 'swift-concurrency-extras')
    cd /Users/xinyufang/Library/Developer/Xcode/DerivedData/Buzz-faillbpsmponqzeruhhvskovixzk/SourcePackages/checkouts/swift-concurrency-extras
    builtin-copy -exclude .DS_Store -exclude CVS -exclude .svn -exclude .git -exclude .hg -resolve-src-symlinks -rename /Users/xinyufang/Library/Developer/Xcode/DerivedData/Buzz-faillbpsmponqzeruhhvskovixzk/Build/Intermediates.noindex/swift-concurrency-extras.build/Debug-iphonesimulator/ConcurrencyExtras.build/Objects-normal/arm64/ConcurrencyExtras.swiftsourceinfo /Users/xinyufang/Library/Developer/Xcode/DerivedData/Buzz-faillbpsmponqzeruhhvskovixzk/Build/Products/Debug-iphonesimulator/ConcurrencyExtras.swiftmodule/Project/arm64-apple-ios-simulator.swiftsourceinfo

PrecompileModule /Users/xinyufang/Library/Developer/Xcode/DerivedData/Buzz-faillbpsmponqzeruhhvskovixzk/Build/Intermediates.noindex/ExplicitPrecompiledModules/ptrauth-4MQ410D9NOA56JJX3SAACY652.scan
    cd /
    builtin-precompileModule /Users/xinyufang/Library/Developer/Xcode/DerivedData/Buzz-faillbpsmponqzeruhhvskovixzk/Build/Intermediates.noindex/ExplicitPrecompiledModules/ptrauth-4MQ410D9NOA56JJX3SAACY652.scan

PrecompileModule /Users/xinyufang/Library/Developer/Xcode/DerivedData/Buzz-faillbpsmponqzeruhhvskovixzk/Build/Intermediates.noindex/ExplicitPrecompiledModules/_Builtin_stdbool-G8YWSE0QQS95SN6K11Q059P0.scan
    cd /
    builtin-precompileModule /Users/xinyufang/Library/Developer/Xcode/DerivedData/Buzz-faillbpsmponqzeruhhvskovixzk/Build/Intermediates.noindex/ExplicitPrecompiledModules/_Builtin_stdbool-G8YWSE0QQS95SN6K11Q059P0.scan

PrecompileModule /Users/xinyufang/Library/Developer/Xcode/DerivedData/Buzz-faillbpsmponqzeruhhvskovixzk/Build/Intermediates.noindex/ExplicitPrecompiledModules/_AvailabilityInternal-E02SV8LVNLH5FYT43787YNAB4.scan
    cd /
    builtin-precompileModule /Users/xinyufang/Library/Developer/Xcode/DerivedData/Buzz-faillbpsmponqzeruhhvskovixzk/Build/Intermediates.noindex/ExplicitPrecompiledModules/_AvailabilityInternal-E02SV8LVNLH5FYT43787YNAB4.scan

PrecompileModule /Users/xinyufang/Library/Developer/Xcode/DerivedData/Buzz-faillbpsmponqzeruhhvskovixzk/Build/Intermediates.noindex/ExplicitPrecompiledModules/UserNotifications-8LENI3AOTV0TRAPEPFY5XLOKH.scan
    cd /
    builtin-precompileModule /Users/xinyufang/Library/Developer/Xcode/DerivedData/Buzz-faillbpsmponqzeruhhvskovixzk/Build/Intermediates.noindex/ExplicitPrecompiledModules/UserNotifications-8LENI3AOTV0TRAPEPFY5XLOKH.scan

PrecompileModule /Users/xinyufang/Library/Developer/Xcode/DerivedData/Buzz-faillbpsmponqzeruhhvskovixzk/Build/Intermediates.noindex/ExplicitPrecompiledModules/_Builtin_float-7PZVFY1DYL5ZW5JYEO6DMJDHS.scan
    cd /
    builtin-precompileModule /Users/xinyufang/Library/Developer/Xcode/DerivedData/Buzz-faillbpsmponqzeruhhvskovixzk/Build/Intermediates.noindex/ExplicitPrecompiledModules/_Builtin_float-7PZVFY1DYL5ZW5JYEO6DMJDHS.scan

PrecompileModule /Users/xinyufang/Library/Developer/Xcode/DerivedData/Buzz-faillbpsmponqzeruhhvskovixzk/Build/Intermediates.noindex/ExplicitPrecompiledModules/UIUtilities-3001SPEDDBRRO1BCNQRIEEPPK.scan
    cd /
    builtin-precompileModule /Users/xinyufang/Library/Developer/Xcode/DerivedData/Buzz-faillbpsmponqzeruhhvskovixzk/Build/Intermediates.noindex/ExplicitPrecompiledModules/UIUtilities-3001SPEDDBRRO1BCNQRIEEPPK.scan

PrecompileModule /Users/xinyufang/Library/Developer/Xcode/DerivedData/Buzz-faillbpsmponqzeruhhvskovixzk/Build/Intermediates.noindex/ExplicitPrecompiledModules/CoreText-5U79FAAK7A02B4WSEHSB92UG4.scan
    cd /
    builtin-precompileModule /Users/xinyufang/Library/Developer/Xcode/DerivedData/Buzz-faillbpsmponqzeruhhvskovixzk/Build/Intermediates.noindex/ExplicitPrecompiledModules/CoreText-5U79FAAK7A02B4WSEHSB92UG4.scan

PrecompileModule /Users/xinyufang/Library/Developer/Xcode/DerivedData/Buzz-faillbpsmponqzeruhhvskovixzk/Build/Intermediates.noindex/ExplicitPrecompiledModules/_DarwinFoundation1-2DUYXZ20XRS4UY4AU6YQZHFGV.scan
    cd /
    builtin-precompileModule /Users/xinyufang/Library/Developer/Xcode/DerivedData/Buzz-faillbpsmponqzeruhhvskovixzk/Build/Intermediates.noindex/ExplicitPrecompiledModules/_DarwinFoundation1-2DUYXZ20XRS4UY4AU6YQZHFGV.scan

PrecompileModule /Users/xinyufang/Library/Developer/Xcode/DerivedData/Buzz-faillbpsmponqzeruhhvskovixzk/Build/Intermediates.noindex/ExplicitPrecompiledModules/_Builtin_stdarg-1E0GU817EE2YRRMMJK0HIMKFI.scan
    cd /
    builtin-precompileModule /Users/xinyufang/Library/Developer/Xcode/DerivedData/Buzz-faillbpsmponqzeruhhvskovixzk/Build/Intermediates.noindex/ExplicitPrecompiledModules/_Builtin_stdarg-1E0GU817EE2YRRMMJK0HIMKFI.scan

PrecompileModule /Users/xinyufang/Library/Developer/Xcode/DerivedData/Buzz-faillbpsmponqzeruhhvskovixzk/Build/Intermediates.noindex/ExplicitPrecompiledModules/third_party_IsAppEncrypted-40P3BRN5LRXQLTJ9HS6NOHFMH.scan
    cd /
    builtin-precompileModule /Users/xinyufang/Library/Developer/Xcode/DerivedData/Buzz-faillbpsmponqzeruhhvskovixzk/Build/Intermediates.noindex/ExplicitPrecompiledModules/third_party_IsAppEncrypted-40P3BRN5LRXQLTJ9HS6NOHFMH.scan

SwiftEmitModule normal arm64 Emitting\ module\ for\ GTMAppAuth (in target 'GTMAppAuth' from project 'GTMAppAuth')
EmitSwiftModule normal arm64 (in target 'GTMAppAuth' from project 'GTMAppAuth')
    cd /Users/xinyufang/Documents/Buzz/Buzz.xcodeproj
    

SwiftDriverJobDiscovery normal arm64 Compiling InstitutionTableViewCell.swift, LinkAccountPickerBodyView.swift, LinkAccountPickerDataSource.swift, LinkAccountPickerFooterView.swift, LinkAccountPickerLoadingView.swift, LinkAccountPickerNewAccountRowView.swift, LinkAccountPickerViewController.swift, LinkLoginDataSource.swift, LinkLoginViewController.swift, ManualEntryDataSource.swift, ManualEntryFormView.swift, ManualEntryValidator.swift, ManualEntryViewController.swift, NativeFlowController.swift, NativeFlowDataManager.swift, NetworkingLinkLoginWarmupBodyView.swift, NetworkingLinkLoginWarmupDataSource.swift, NetworkingLinkLoginWarmupViewController.swift, EmailTextField.swift, LinkSignupFormView.swift, NetworkingLinkSignupBodyView.swift, NetworkingLinkSignupDataSource.swift (in target 'StripeFinancialConnections' from project 'Stripe')

PrecompileModule /Users/xinyufang/Library/Developer/Xcode/DerivedData/Buzz-faillbpsmponqzeruhhvskovixzk/Build/Intermediates.noindex/ExplicitPrecompiledModules/FileProvider-EGXK3NCFFPTE46NBWPFK169L6.scan
    cd /
    builtin-precompileModule /Users/xinyufang/Library/Developer/Xcode/DerivedData/Buzz-faillbpsmponqzeruhhvskovixzk/Build/Intermediates.noindex/ExplicitPrecompiledModules/FileProvider-EGXK3NCFFPTE46NBWPFK169L6.scan

PrecompileModule /Users/xinyufang/Library/Developer/Xcode/DerivedData/Buzz-faillbpsmponqzeruhhvskovixzk/Build/Intermediates.noindex/ExplicitPrecompiledModules/Symbols-5N0OVUK4D23K27AJSDTBXOQZ3.scan
    cd /
    builtin-precompileModule /Users/xinyufang/Library/Developer/Xcode/DerivedData/Buzz-faillbpsmponqzeruhhvskovixzk/Build/Intermediates.noindex/ExplicitPrecompiledModules/Symbols-5N0OVUK4D23K27AJSDTBXOQZ3.scan

PrecompileModule /Users/xinyufang/Library/Developer/Xcode/DerivedData/Buzz-faillbpsmponqzeruhhvskovixzk/Build/Intermediates.noindex/ExplicitPrecompiledModules/IOSurface-65T40ACGPXROWBSTZU358YWOM.scan
    cd /
    builtin-precompileModule /Users/xinyufang/Library/Developer/Xcode/DerivedData/Buzz-faillbpsmponqzeruhhvskovixzk/Build/Intermediates.noindex/ExplicitPrecompiledModules/IOSurface-65T40ACGPXROWBSTZU358YWOM.scan

PrecompileModule /Users/xinyufang/Library/Developer/Xcode/DerivedData/Buzz-faillbpsmponqzeruhhvskovixzk/Build/Intermediates.noindex/ExplicitPrecompiledModules/_Builtin_stddef-6ZLR93PFG8GA3HCSGY3GC5D8A.scan
    cd /
    builtin-precompileModule /Users/xinyufang/Library/Developer/Xcode/DerivedData/Buzz-faillbpsmponqzeruhhvskovixzk/Build/Intermediates.noindex/ExplicitPrecompiledModules/_Builtin_stddef-6ZLR93PFG8GA3HCSGY3GC5D8A.scan

PrecompileModule /Users/xinyufang/Library/Developer/Xcode/DerivedData/Buzz-faillbpsmponqzeruhhvskovixzk/Build/Intermediates.noindex/ExplicitPrecompiledModules/ImageIO-6L9ZGNFGEXV5DHKYOYG2NR0TH.scan
    cd /
    builtin-precompileModule /Users/xinyufang/Library/Developer/Xcode/DerivedData/Buzz-faillbpsmponqzeruhhvskovixzk/Build/Intermediates.noindex/ExplicitPrecompiledModules/ImageIO-6L9ZGNFGEXV5DHKYOYG2NR0TH.scan

SwiftCompile normal arm64 Compiling\ resource_bundle_accessor.swift /Users/xinyufang/Library/Developer/Xcode/DerivedData/Buzz-faillbpsmponqzeruhhvskovixzk/Build/Intermediates.noindex/GTMAppAuth.build/Debug-iphonesimulator/GTMAppAuth.build/DerivedSources/resource_bundle_accessor.swift (in target 'GTMAppAuth' from project 'GTMAppAuth')
SwiftCompile normal arm64 /Users/xinyufang/Library/Developer/Xcode/DerivedData/Buzz-faillbpsmponqzeruhhvskovixzk/Build/Intermediates.noindex/GTMAppAuth.build/Debug-iphonesimulator/GTMAppAuth.build/DerivedSources/resource_bundle_accessor.swift (in target 'GTMAppAuth' from project 'GTMAppAuth')
    cd /Users/xinyufang/Documents/Buzz/Buzz.xcodeproj
    

PrecompileModule /Users/xinyufang/Library/Developer/Xcode/DerivedData/Buzz-faillbpsmponqzeruhhvskovixzk/Build/Intermediates.noindex/ExplicitPrecompiledModules/_Builtin_limits-194HG0KBX3FCV0FKUCPIQPYZT.scan
    cd /
    builtin-precompileModule /Users/xinyufang/Library/Developer/Xcode/DerivedData/Buzz-faillbpsmponqzeruhhvskovixzk/Build/Intermediates.noindex/ExplicitPrecompiledModules/_Builtin_limits-194HG0KBX3FCV0FKUCPIQPYZT.scan

PrecompileModule /Users/xinyufang/Library/Developer/Xcode/DerivedData/Buzz-faillbpsmponqzeruhhvskovixzk/Build/Intermediates.noindex/ExplicitPrecompiledModules/_DarwinFoundation2-324VU2DQ4ZNSFCCT02HAB7OC6.scan
    cd /
    builtin-precompileModule /Users/xinyufang/Library/Developer/Xcode/DerivedData/Buzz-faillbpsmponqzeruhhvskovixzk/Build/Intermediates.noindex/ExplicitPrecompiledModules/_DarwinFoundation2-324VU2DQ4ZNSFCCT02HAB7OC6.scan

SwiftDriver\ Compilation StripeFinancialConnections normal arm64 com.apple.xcode.tools.swift.compiler (in target 'StripeFinancialConnections' from project 'Stripe')
    cd /Users/xinyufang/Documents/Buzz/Buzz.xcodeproj
    builtin-Swift-Compilation -- /Applications/Xcode.app/Contents/Developer/Toolchains/XcodeDefault.xctoolchain/usr/bin/swiftc -module-name StripeFinancialConnections -Onone -enforce-exclusivity\=checked @/Users/xinyufang/Library/Developer/Xcode/DerivedData/Buzz-faillbpsmponqzeruhhvskovixzk/Build/Intermediates.noindex/Stripe.build/Debug-iphonesimulator/StripeFinancialConnections.build/Objects-normal/arm64/StripeFinancialConnections.SwiftFileList -DSWIFT_PACKAGE -DDEBUG -DSWIFT_MODULE_RESOURCE_BUNDLE_AVAILABLE -DXcode -plugin-path /Applications/Xcode.app/Contents/Developer/Toolchains/XcodeDefault.xctoolchain/usr/lib/swift/host/plugins/testing -enable-experimental-feature DebugDescriptionMacro -sdk /Applications/Xcode.app/Contents/Developer/Platforms/iPhoneSimulator.platform/Developer/SDKs/iPhoneSimulator26.0.sdk -target arm64-apple-ios13.0-simulator -g -module-cache-path /Users/xinyufang/Library/Developer/Xcode/DerivedData/ModuleCache.noindex -Xfrontend -serialize-debugging-options -enable-testing -suppress-warnings -index-store-path /Users/xinyufang/Library/Developer/Xcode/DerivedData/Buzz-faillbpsmponqzeruhhvskovixzk/Index.noindex/DataStore -Xcc -D_LIBCPP_HARDENING_MODE\=_LIBCPP_HARDENING_MODE_DEBUG -swift-version 5 -I /Users/xinyufang/Library/Developer/Xcode/DerivedData/Buzz-faillbpsmponqzeruhhvskovixzk/Build/Products/Debug-iphonesimulator -Isystem /Applications/Xcode.app/Contents/Developer/Platforms/iPhoneSimulator.platform/Developer/usr/lib -F /Users/xinyufang/Library/Developer/Xcode/DerivedData/Buzz-faillbpsmponqzeruhhvskovixzk/Build/Products/Debug-iphonesimulator/PackageFrameworks -F /Users/xinyufang/Library/Developer/Xcode/DerivedData/Buzz-faillbpsmponqzeruhhvskovixzk/Build/Products/Debug-iphonesimulator/PackageFrameworks -F /Users/xinyufang/Library/Developer/Xcode/DerivedData/Buzz-faillbpsmponqzeruhhvskovixzk/Build/Products/Debug-iphonesimulator -F /Applications/Xcode.app/Contents/Developer/Platforms/iPhoneSimulator.platform/Developer/Library/Frameworks -F /Applications/Xcode.app/Contents/Developer/Platforms/iPhoneSimulator.platform/Developer/SDKs/iPhoneSimulator26.0.sdk/Developer/Library/Frameworks -emit-localized-strings -emit-localized-strings-path /Users/xinyufang/Library/Developer/Xcode/DerivedData/Buzz-faillbpsmponqzeruhhvskovixzk/Build/Intermediates.noindex/Stripe.build/Debug-iphonesimulator/StripeFinancialConnections.build/Objects-normal/arm64 -c -j8 -enable-batch-mode -incremental -Xcc -ivfsstatcache -Xcc /Users/xinyufang/Library/Developer/Xcode/DerivedData/SDKStatCaches.noindex/iphonesimulator26.0-23A339-26257891a6c027eb51374368541b8346.sdkstatcache -output-file-map /Users/xinyufang/Library/Developer/Xcode/DerivedData/Buzz-faillbpsmponqzeruhhvskovixzk/Build/Intermediates.noindex/Stripe.build/Debug-iphonesimulator/StripeFinancialConnections.build/Objects-normal/arm64/StripeFinancialConnections-OutputFileMap.json -use-frontend-parseable-output -save-temps -no-color-diagnostics -explicit-module-build -module-cache-path /Users/xinyufang/Library/Developer/Xcode/DerivedData/Buzz-faillbpsmponqzeruhhvskovixzk/Build/Intermediates.noindex/SwiftExplicitPrecompiledModules -clang-scanner-module-cache-path /Users/xinyufang/Library/Developer/Xcode/DerivedData/ModuleCache.noindex -sdk-module-cache-path /Users/xinyufang/Library/Developer/Xcode/DerivedData/ModuleCache.noindex -serialize-diagnostics -emit-dependencies -emit-module -emit-module-path /Users/xinyufang/Library/Developer/Xcode/DerivedData/Buzz-faillbpsmponqzeruhhvskovixzk/Build/Intermediates.noindex/Stripe.build/Debug-iphonesimulator/StripeFinancialConnections.build/Objects-normal/arm64/StripeFinancialConnections.swiftmodule -validate-clang-modules-once -clang-build-session-file /Users/xinyufang/Library/Developer/Xcode/DerivedData/ModuleCache.noindex/Session.modulevalidation -Xcc -I/Users/xinyufang/Library/Developer/Xcode/DerivedData/Buzz-faillbpsmponqzeruhhvskovixzk/Build/Intermediates.noindex/Stripe.build/Debug-iphonesimulator/StripeFinancialConnections.build/swift-overrides.hmap -emit-const-values -Xfrontend -const-gather-protocols-file -Xfrontend /Users/xinyufang/Library/Developer/Xcode/DerivedData/Buzz-faillbpsmponqzeruhhvskovixzk/Build/Intermediates.noindex/Stripe.build/Debug-iphonesimulator/StripeFinancialConnections.build/Objects-normal/arm64/StripeFinancialConnections_const_extract_protocols.json -Xcc -I/Users/xinyufang/Library/Developer/Xcode/DerivedData/Buzz-faillbpsmponqzeruhhvskovixzk/Build/Products/Debug-iphonesimulator/include -Xcc -I/Users/xinyufang/Library/Developer/Xcode/DerivedData/Buzz-faillbpsmponqzeruhhvskovixzk/Build/Intermediates.noindex/Stripe.build/Debug-iphonesimulator/StripeFinancialConnections.build/DerivedSources-normal/arm64 -Xcc -I/Users/xinyufang/Library/Developer/Xcode/DerivedData/Buzz-faillbpsmponqzeruhhvskovixzk/Build/Intermediates.noindex/Stripe.build/Debug-iphonesimulator/StripeFinancialConnections.build/DerivedSources/arm64 -Xcc -I/Users/xinyufang/Library/Developer/Xcode/DerivedData/Buzz-faillbpsmponqzeruhhvskovixzk/Build/Intermediates.noindex/Stripe.build/Debug-iphonesimulator/StripeFinancialConnections.build/DerivedSources -Xcc -DSWIFT_PACKAGE -Xcc -DDEBUG\=1 -emit-objc-header -emit-objc-header-path /Users/xinyufang/Library/Developer/Xcode/DerivedData/Buzz-faillbpsmponqzeruhhvskovixzk/Build/Intermediates.noindex/Stripe.build/Debug-iphonesimulator/StripeFinancialConnections.build/Objects-normal/arm64/StripeFinancialConnections-Swift.h -working-directory /Users/xinyufang/Documents/Buzz/Buzz.xcodeproj -experimental-emit-module-separately -disable-cmo

PrecompileModule /Users/xinyufang/Library/Developer/Xcode/DerivedData/Buzz-faillbpsmponqzeruhhvskovixzk/Build/Intermediates.noindex/ExplicitPrecompiledModules/Metal-124JNPVIRB7A897C2DBZQQEP9.scan
    cd /
    builtin-precompileModule /Users/xinyufang/Library/Developer/Xcode/DerivedData/Buzz-faillbpsmponqzeruhhvskovixzk/Build/Intermediates.noindex/ExplicitPrecompiledModules/Metal-124JNPVIRB7A897C2DBZQQEP9.scan

SwiftCompile normal arm64 Compiling\ AuthSessionStore.swift /Users/xinyufang/Library/Developer/Xcode/DerivedData/Buzz-faillbpsmponqzeruhhvskovixzk/SourcePackages/checkouts/GTMAppAuth/GTMAppAuth/Sources/AuthSessionStore.swift (in target 'GTMAppAuth' from project 'GTMAppAuth')

SwiftCompile normal arm64 /Users/xinyufang/Library/Developer/Xcode/DerivedData/Buzz-faillbpsmponqzeruhhvskovixzk/SourcePackages/checkouts/GTMAppAuth/GTMAppAuth/Sources/AuthSessionStore.swift (in target 'GTMAppAuth' from project 'GTMAppAuth')
    cd /Users/xinyufang/Documents/Buzz/Buzz.xcodeproj
    

SwiftCompile normal arm64 Compiling\ KeychainAttribute.swift /Users/xinyufang/Library/Developer/Xcode/DerivedData/Buzz-faillbpsmponqzeruhhvskovixzk/SourcePackages/checkouts/GTMAppAuth/GTMAppAuth/Sources/KeychainStore/KeychainAttribute.swift (in target 'GTMAppAuth' from project 'GTMAppAuth')

SwiftCompile normal arm64 /Users/xinyufang/Library/Developer/Xcode/DerivedData/Buzz-faillbpsmponqzeruhhvskovixzk/SourcePackages/checkouts/GTMAppAuth/GTMAppAuth/Sources/KeychainStore/KeychainAttribute.swift (in target 'GTMAppAuth' from project 'GTMAppAuth')
    cd /Users/xinyufang/Documents/Buzz/Buzz.xcodeproj
    

SwiftCompile normal arm64 Compiling\ GTMOAuth2Compatibility.swift /Users/xinyufang/Library/Developer/Xcode/DerivedData/Buzz-faillbpsmponqzeruhhvskovixzk/SourcePackages/checkouts/GTMAppAuth/GTMAppAuth/Sources/KeychainStore/GTMOAuth2Compatibility.swift (in target 'GTMAppAuth' from project 'GTMAppAuth')
SwiftCompile normal arm64 /Users/xinyufang/Library/Developer/Xcode/DerivedData/Buzz-faillbpsmponqzeruhhvskovixzk/SourcePackages/checkouts/GTMAppAuth/GTMAppAuth/Sources/KeychainStore/GTMOAuth2Compatibility.swift (in target 'GTMAppAuth' from project 'GTMAppAuth')
    cd /Users/xinyufang/Documents/Buzz/Buzz.xcodeproj
    

SwiftDriverJobDiscovery normal arm64 Emitting module for Crypto (in target 'Crypto' from project 'swift-crypto')

SwiftCompile normal arm64 Compiling\ KeychainStore.swift /Users/xinyufang/Library/Developer/Xcode/DerivedData/Buzz-faillbpsmponqzeruhhvskovixzk/SourcePackages/checkouts/GTMAppAuth/GTMAppAuth/Sources/KeychainStore/KeychainStore.swift (in target 'GTMAppAuth' from project 'GTMAppAuth')
SwiftCompile normal arm64 /Users/xinyufang/Library/Developer/Xcode/DerivedData/Buzz-faillbpsmponqzeruhhvskovixzk/SourcePackages/checkouts/GTMAppAuth/GTMAppAuth/Sources/KeychainStore/KeychainStore.swift (in target 'GTMAppAuth' from project 'GTMAppAuth')
    cd /Users/xinyufang/Documents/Buzz/Buzz.xcodeproj
    

SwiftDriver\ Compilation\ Requirements Crypto normal arm64 com.apple.xcode.tools.swift.compiler (in target 'Crypto' from project 'swift-crypto')
    cd /Users/xinyufang/Documents/Buzz/Buzz.xcodeproj
    builtin-Swift-Compilation-Requirements -- /Applications/Xcode.app/Contents/Developer/Toolchains/XcodeDefault.xctoolchain/usr/bin/swiftc -module-name Crypto -Onone -enforce-exclusivity\=checked @/Users/xinyufang/Library/Developer/Xcode/DerivedData/Buzz-faillbpsmponqzeruhhvskovixzk/Build/Intermediates.noindex/swift-crypto.build/Debug-iphonesimulator/Crypto.build/Objects-normal/arm64/Crypto.SwiftFileList -DSWIFT_PACKAGE -DDEBUG -DSWIFT_MODULE_RESOURCE_BUNDLE_AVAILABLE -DCRYPTO_IN_SWIFTPM -DXcode -enable-upcoming-feature MemberImportVisibility -plugin-path /Applications/Xcode.app/Contents/Developer/Toolchains/XcodeDefault.xctoolchain/usr/lib/swift/host/plugins/testing -enable-experimental-feature DebugDescriptionMacro -sdk /Applications/Xcode.app/Contents/Developer/Platforms/iPhoneSimulator.platform/Developer/SDKs/iPhoneSimulator26.0.sdk -target arm64-apple-ios12.0-simulator -g -module-cache-path /Users/xinyufang/Library/Developer/Xcode/DerivedData/ModuleCache.noindex -Xfrontend -serialize-debugging-options -enable-testing -suppress-warnings -index-store-path /Users/xinyufang/Library/Developer/Xcode/DerivedData/Buzz-faillbpsmponqzeruhhvskovixzk/Index.noindex/DataStore -Xcc -D_LIBCPP_HARDENING_MODE\=_LIBCPP_HARDENING_MODE_DEBUG -swift-version 6 -I /Users/xinyufang/Library/Developer/Xcode/DerivedData/Buzz-faillbpsmponqzeruhhvskovixzk/Build/Products/Debug-iphonesimulator -Isystem /Applications/Xcode.app/Contents/Developer/Platforms/iPhoneSimulator.platform/Developer/usr/lib -F /Users/xinyufang/Library/Developer/Xcode/DerivedData/Buzz-faillbpsmponqzeruhhvskovixzk/Build/Products/Debug-iphonesimulator -F /Applications/Xcode.app/Contents/Developer/Platforms/iPhoneSimulator.platform/Developer/Library/Frameworks -F /Applications/Xcode.app/Contents/Developer/Platforms/iPhoneSimulator.platform/Developer/SDKs/iPhoneSimulator26.0.sdk/Developer/Library/Frameworks -c -j8 -enable-batch-mode -incremental -Xcc -ivfsstatcache -Xcc /Users/xinyufang/Library/Developer/Xcode/DerivedData/SDKStatCaches.noindex/iphonesimulator26.0-23A339-26257891a6c027eb51374368541b8346.sdkstatcache -output-file-map /Users/xinyufang/Library/Developer/Xcode/DerivedData/Buzz-faillbpsmponqzeruhhvskovixzk/Build/Intermediates.noindex/swift-crypto.build/Debug-iphonesimulator/Crypto.build/Objects-normal/arm64/Crypto-OutputFileMap.json -use-frontend-parseable-output -save-temps -no-color-diagnostics -explicit-module-build -module-cache-path /Users/xinyufang/Library/Developer/Xcode/DerivedData/Buzz-faillbpsmponqzeruhhvskovixzk/Build/Intermediates.noindex/SwiftExplicitPrecompiledModules -clang-scanner-module-cache-path /Users/xinyufang/Library/Developer/Xcode/DerivedData/ModuleCache.noindex -sdk-module-cache-path /Users/xinyufang/Library/Developer/Xcode/DerivedData/ModuleCache.noindex -serialize-diagnostics -emit-dependencies -emit-module -emit-module-path /Users/xinyufang/Library/Developer/Xcode/DerivedData/Buzz-faillbpsmponqzeruhhvskovixzk/Build/Intermediates.noindex/swift-crypto.build/Debug-iphonesimulator/Crypto.build/Objects-normal/arm64/Crypto.swiftmodule -user-module-version 4.1.0 -validate-clang-modules-once -clang-build-session-file /Users/xinyufang/Library/Developer/Xcode/DerivedData/ModuleCache.noindex/Session.modulevalidation -package-name swift_crypto -Xcc -I/Users/xinyufang/Library/Developer/Xcode/DerivedData/Buzz-faillbpsmponqzeruhhvskovixzk/Build/Intermediates.noindex/swift-crypto.build/Debug-iphonesimulator/Crypto.build/swift-overrides.hmap -emit-const-values -Xfrontend -const-gather-protocols-file -Xfrontend /Users/xinyufang/Library/Developer/Xcode/DerivedData/Buzz-faillbpsmponqzeruhhvskovixzk/Build/Intermediates.noindex/swift-crypto.build/Debug-iphonesimulator/Crypto.build/Objects-normal/arm64/Crypto_const_extract_protocols.json -Xcc -I/Users/xinyufang/Library/Developer/Xcode/DerivedData/Buzz-faillbpsmponqzeruhhvskovixzk/Build/Products/Debug-iphonesimulator/include -Xcc -I/Users/xinyufang/Library/Developer/Xcode/DerivedData/Buzz-faillbpsmponqzeruhhvskovixzk/Build/Intermediates.noindex/swift-crypto.build/Debug-iphonesimulator/Crypto.build/DerivedSources-normal/arm64 -Xcc -I/Users/xinyufang/Library/Developer/Xcode/DerivedData/Buzz-faillbpsmponqzeruhhvskovixzk/Build/Intermediates.noindex/swift-crypto.build/Debug-iphonesimulator/Crypto.build/DerivedSources/arm64 -Xcc -I/Users/xinyufang/Library/Developer/Xcode/DerivedData/Buzz-faillbpsmponqzeruhhvskovixzk/Build/Intermediates.noindex/swift-crypto.build/Debug-iphonesimulator/Crypto.build/DerivedSources -Xcc -DSWIFT_PACKAGE -Xcc -DDEBUG\=1 -emit-objc-header -emit-objc-header-path /Users/xinyufang/Library/Developer/Xcode/DerivedData/Buzz-faillbpsmponqzeruhhvskovixzk/Build/Intermediates.noindex/swift-crypto.build/Debug-iphonesimulator/Crypto.build/Objects-normal/arm64/Crypto-Swift.h -working-directory /Users/xinyufang/Documents/Buzz/Buzz.xcodeproj -experimental-emit-module-separately -disable-cmo

PrecompileModule /Users/xinyufang/Library/Developer/Xcode/DerivedData/Buzz-faillbpsmponqzeruhhvskovixzk/Build/Intermediates.noindex/ExplicitPrecompiledModules/_Builtin_stdint-F09KZHFHQTZJZTR1F23LAGRJ7.scan
    cd /
    builtin-precompileModule /Users/xinyufang/Library/Developer/Xcode/DerivedData/Buzz-faillbpsmponqzeruhhvskovixzk/Build/Intermediates.noindex/ExplicitPrecompiledModules/_Builtin_stdint-F09KZHFHQTZJZTR1F23LAGRJ7.scan

SwiftMergeGeneratedHeaders /Users/xinyufang/Library/Developer/Xcode/DerivedData/Buzz-faillbpsmponqzeruhhvskovixzk/Build/Intermediates.noindex/GeneratedModuleMaps-iphonesimulator/Crypto-Swift.h /Users/xinyufang/Library/Developer/Xcode/DerivedData/Buzz-faillbpsmponqzeruhhvskovixzk/Build/Intermediates.noindex/swift-crypto.build/Debug-iphonesimulator/Crypto.build/Objects-normal/arm64/Crypto-Swift.h (in target 'Crypto' from project 'swift-crypto')
    cd /Users/xinyufang/Library/Developer/Xcode/DerivedData/Buzz-faillbpsmponqzeruhhvskovixzk/SourcePackages/checkouts/swift-crypto
    builtin-swiftHeaderTool -arch arm64 /Users/xinyufang/Library/Developer/Xcode/DerivedData/Buzz-faillbpsmponqzeruhhvskovixzk/Build/Intermediates.noindex/swift-crypto.build/Debug-iphonesimulator/Crypto.build/Objects-normal/arm64/Crypto-Swift.h -o /Users/xinyufang/Library/Developer/Xcode/DerivedData/Buzz-faillbpsmponqzeruhhvskovixzk/Build/Intermediates.noindex/GeneratedModuleMaps-iphonesimulator/Crypto-Swift.h

Copy /Users/xinyufang/Library/Developer/Xcode/DerivedData/Buzz-faillbpsmponqzeruhhvskovixzk/Build/Products/Debug-iphonesimulator/Crypto.swiftmodule/arm64-apple-ios-simulator.swiftmodule /Users/xinyufang/Library/Developer/Xcode/DerivedData/Buzz-faillbpsmponqzeruhhvskovixzk/Build/Intermediates.noindex/swift-crypto.build/Debug-iphonesimulator/Crypto.build/Objects-normal/arm64/Crypto.swiftmodule (in target 'Crypto' from project 'swift-crypto')
    cd /Users/xinyufang/Library/Developer/Xcode/DerivedData/Buzz-faillbpsmponqzeruhhvskovixzk/SourcePackages/checkouts/swift-crypto
    builtin-copy -exclude .DS_Store -exclude CVS -exclude .svn -exclude .git -exclude .hg -resolve-src-symlinks -rename /Users/xinyufang/Library/Developer/Xcode/DerivedData/Buzz-faillbpsmponqzeruhhvskovixzk/Build/Intermediates.noindex/swift-crypto.build/Debug-iphonesimulator/Crypto.build/Objects-normal/arm64/Crypto.swiftmodule /Users/xinyufang/Library/Developer/Xcode/DerivedData/Buzz-faillbpsmponqzeruhhvskovixzk/Build/Products/Debug-iphonesimulator/Crypto.swiftmodule/arm64-apple-ios-simulator.swiftmodule

Copy /Users/xinyufang/Library/Developer/Xcode/DerivedData/Buzz-faillbpsmponqzeruhhvskovixzk/Build/Products/Debug-iphonesimulator/Crypto.swiftmodule/arm64-apple-ios-simulator.swiftdoc /Users/xinyufang/Library/Developer/Xcode/DerivedData/Buzz-faillbpsmponqzeruhhvskovixzk/Build/Intermediates.noindex/swift-crypto.build/Debug-iphonesimulator/Crypto.build/Objects-normal/arm64/Crypto.swiftdoc (in target 'Crypto' from project 'swift-crypto')
    cd /Users/xinyufang/Library/Developer/Xcode/DerivedData/Buzz-faillbpsmponqzeruhhvskovixzk/SourcePackages/checkouts/swift-crypto
    builtin-copy -exclude .DS_Store -exclude CVS -exclude .svn -exclude .git -exclude .hg -resolve-src-symlinks -rename /Users/xinyufang/Library/Developer/Xcode/DerivedData/Buzz-faillbpsmponqzeruhhvskovixzk/Build/Intermediates.noindex/swift-crypto.build/Debug-iphonesimulator/Crypto.build/Objects-normal/arm64/Crypto.swiftdoc /Users/xinyufang/Library/Developer/Xcode/DerivedData/Buzz-faillbpsmponqzeruhhvskovixzk/Build/Products/Debug-iphonesimulator/Crypto.swiftmodule/arm64-apple-ios-simulator.swiftdoc

Copy /Users/xinyufang/Library/Developer/Xcode/DerivedData/Buzz-faillbpsmponqzeruhhvskovixzk/Build/Products/Debug-iphonesimulator/Crypto.swiftmodule/arm64-apple-ios-simulator.abi.json /Users/xinyufang/Library/Developer/Xcode/DerivedData/Buzz-faillbpsmponqzeruhhvskovixzk/Build/Intermediates.noindex/swift-crypto.build/Debug-iphonesimulator/Crypto.build/Objects-normal/arm64/Crypto.abi.json (in target 'Crypto' from project 'swift-crypto')
    cd /Users/xinyufang/Library/Developer/Xcode/DerivedData/Buzz-faillbpsmponqzeruhhvskovixzk/SourcePackages/checkouts/swift-crypto
    builtin-copy -exclude .DS_Store -exclude CVS -exclude .svn -exclude .git -exclude .hg -resolve-src-symlinks -rename /Users/xinyufang/Library/Developer/Xcode/DerivedData/Buzz-faillbpsmponqzeruhhvskovixzk/Build/Intermediates.noindex/swift-crypto.build/Debug-iphonesimulator/Crypto.build/Objects-normal/arm64/Crypto.abi.json /Users/xinyufang/Library/Developer/Xcode/DerivedData/Buzz-faillbpsmponqzeruhhvskovixzk/Build/Products/Debug-iphonesimulator/Crypto.swiftmodule/arm64-apple-ios-simulator.abi.json

Copy /Users/xinyufang/Library/Developer/Xcode/DerivedData/Buzz-faillbpsmponqzeruhhvskovixzk/Build/Products/Debug-iphonesimulator/Crypto.swiftmodule/Project/arm64-apple-ios-simulator.swiftsourceinfo /Users/xinyufang/Library/Developer/Xcode/DerivedData/Buzz-faillbpsmponqzeruhhvskovixzk/Build/Intermediates.noindex/swift-crypto.build/Debug-iphonesimulator/Crypto.build/Objects-normal/arm64/Crypto.swiftsourceinfo (in target 'Crypto' from project 'swift-crypto')
    cd /Users/xinyufang/Library/Developer/Xcode/DerivedData/Buzz-faillbpsmponqzeruhhvskovixzk/SourcePackages/checkouts/swift-crypto
    builtin-copy -exclude .DS_Store -exclude CVS -exclude .svn -exclude .git -exclude .hg -resolve-src-symlinks -rename /Users/xinyufang/Library/Developer/Xcode/DerivedData/Buzz-faillbpsmponqzeruhhvskovixzk/Build/Intermediates.noindex/swift-crypto.build/Debug-iphonesimulator/Crypto.build/Objects-normal/arm64/Crypto.swiftsourceinfo /Users/xinyufang/Library/Developer/Xcode/DerivedData/Buzz-faillbpsmponqzeruhhvskovixzk/Build/Products/Debug-iphonesimulator/Crypto.swiftmodule/Project/arm64-apple-ios-simulator.swiftsourceinfo

PrecompileModule /Users/xinyufang/Library/Developer/Xcode/DerivedData/Buzz-faillbpsmponqzeruhhvskovixzk/Build/Intermediates.noindex/ExplicitPrecompiledModules/_DarwinFoundation3-8170HYB2KV7ALXC4MMRLBVK9I.scan
    cd /
    builtin-precompileModule /Users/xinyufang/Library/Developer/Xcode/DerivedData/Buzz-faillbpsmponqzeruhhvskovixzk/Build/Intermediates.noindex/ExplicitPrecompiledModules/_DarwinFoundation3-8170HYB2KV7ALXC4MMRLBVK9I.scan

PrecompileModule /Users/xinyufang/Library/Developer/Xcode/DerivedData/Buzz-faillbpsmponqzeruhhvskovixzk/Build/Intermediates.noindex/ExplicitPrecompiledModules/CoreVideo-7ZJ9Q84X1KHUAJRG0DL5Z2JJ.scan
    cd /
    builtin-precompileModule /Users/xinyufang/Library/Developer/Xcode/DerivedData/Buzz-faillbpsmponqzeruhhvskovixzk/Build/Intermediates.noindex/ExplicitPrecompiledModules/CoreVideo-7ZJ9Q84X1KHUAJRG0DL5Z2JJ.scan

SwiftCompile normal arm64 Compiling\ AuthSessionDelegate.swift /Users/xinyufang/Library/Developer/Xcode/DerivedData/Buzz-faillbpsmponqzeruhhvskovixzk/SourcePackages/checkouts/GTMAppAuth/GTMAppAuth/Sources/AuthSessionDelegate.swift (in target 'GTMAppAuth' from project 'GTMAppAuth')

SwiftCompile normal arm64 /Users/xinyufang/Library/Developer/Xcode/DerivedData/Buzz-faillbpsmponqzeruhhvskovixzk/SourcePackages/checkouts/GTMAppAuth/GTMAppAuth/Sources/AuthSessionDelegate.swift (in target 'GTMAppAuth' from project 'GTMAppAuth')
    cd /Users/xinyufang/Documents/Buzz/Buzz.xcodeproj
    

SwiftDriverJobDiscovery normal arm64 Compiling AuthSessionStore.swift (in target 'GTMAppAuth' from project 'GTMAppAuth')

SwiftCompile normal arm64 Compiling\ KeychainHelper.swift /Users/xinyufang/Library/Developer/Xcode/DerivedData/Buzz-faillbpsmponqzeruhhvskovixzk/SourcePackages/checkouts/GTMAppAuth/GTMAppAuth/Sources/KeychainStore/KeychainHelper.swift (in target 'GTMAppAuth' from project 'GTMAppAuth')

SwiftCompile normal arm64 /Users/xinyufang/Library/Developer/Xcode/DerivedData/Buzz-faillbpsmponqzeruhhvskovixzk/SourcePackages/checkouts/GTMAppAuth/GTMAppAuth/Sources/KeychainStore/KeychainHelper.swift (in target 'GTMAppAuth' from project 'GTMAppAuth')
    cd /Users/xinyufang/Documents/Buzz/Buzz.xcodeproj
    

SwiftDriverJobDiscovery normal arm64 Emitting module for GTMAppAuth (in target 'GTMAppAuth' from project 'GTMAppAuth')

SwiftDriver\ Compilation\ Requirements GTMAppAuth normal arm64 com.apple.xcode.tools.swift.compiler (in target 'GTMAppAuth' from project 'GTMAppAuth')
    cd /Users/xinyufang/Documents/Buzz/Buzz.xcodeproj
    builtin-Swift-Compilation-Requirements -- /Applications/Xcode.app/Contents/Developer/Toolchains/XcodeDefault.xctoolchain/usr/bin/swiftc -module-name GTMAppAuth -Onone -enforce-exclusivity\=checked @/Users/xinyufang/Library/Developer/Xcode/DerivedData/Buzz-faillbpsmponqzeruhhvskovixzk/Build/Intermediates.noindex/GTMAppAuth.build/Debug-iphonesimulator/GTMAppAuth.build/Objects-normal/arm64/GTMAppAuth.SwiftFileList -DSWIFT_PACKAGE -DDEBUG -DSWIFT_MODULE_RESOURCE_BUNDLE_AVAILABLE -Xcc -fmodule-map-file\=/Users/xinyufang/Library/Developer/Xcode/DerivedData/Buzz-faillbpsmponqzeruhhvskovixzk/Build/Intermediates.noindex/GeneratedModuleMaps-iphonesimulator/GTMSessionFetcherCore.modulemap -Xcc -fmodule-map-file\=/Users/xinyufang/Library/Developer/Xcode/DerivedData/Buzz-faillbpsmponqzeruhhvskovixzk/Build/Intermediates.noindex/GeneratedModuleMaps-iphonesimulator/AppAuthCore.modulemap -DXcode -plugin-path /Applications/Xcode.app/Contents/Developer/Toolchains/XcodeDefault.xctoolchain/usr/lib/swift/host/plugins/testing -enable-experimental-feature DebugDescriptionMacro -sdk /Applications/Xcode.app/Contents/Developer/Platforms/iPhoneSimulator.platform/Developer/SDKs/iPhoneSimulator26.0.sdk -target arm64-apple-ios12.0-simulator -g -module-cache-path /Users/xinyufang/Library/Developer/Xcode/DerivedData/ModuleCache.noindex -Xfrontend -serialize-debugging-options -enable-testing -suppress-warnings -index-store-path /Users/xinyufang/Library/Developer/Xcode/DerivedData/Buzz-faillbpsmponqzeruhhvskovixzk/Index.noindex/DataStore -Xcc -D_LIBCPP_HARDENING_MODE\=_LIBCPP_HARDENING_MODE_DEBUG -swift-version 5 -I /Users/xinyufang/Library/Developer/Xcode/DerivedData/Buzz-faillbpsmponqzeruhhvskovixzk/Build/Products/Debug-iphonesimulator -Isystem /Applications/Xcode.app/Contents/Developer/Platforms/iPhoneSimulator.platform/Developer/usr/lib -F /Users/xinyufang/Library/Developer/Xcode/DerivedData/Buzz-faillbpsmponqzeruhhvskovixzk/Build/Products/Debug-iphonesimulator/PackageFrameworks -F /Users/xinyufang/Library/Developer/Xcode/DerivedData/Buzz-faillbpsmponqzeruhhvskovixzk/Build/Products/Debug-iphonesimulator/PackageFrameworks -F /Users/xinyufang/Library/Developer/Xcode/DerivedData/Buzz-faillbpsmponqzeruhhvskovixzk/Build/Products/Debug-iphonesimulator -F /Applications/Xcode.app/Contents/Developer/Platforms/iPhoneSimulator.platform/Developer/Library/Frameworks -F /Applications/Xcode.app/Contents/Developer/Platforms/iPhoneSimulator.platform/Developer/SDKs/iPhoneSimulator26.0.sdk/Developer/Library/Frameworks -c -j8 -enable-batch-mode -incremental -Xcc -ivfsstatcache -Xcc /Users/xinyufang/Library/Developer/Xcode/DerivedData/SDKStatCaches.noindex/iphonesimulator26.0-23A339-26257891a6c027eb51374368541b8346.sdkstatcache -output-file-map /Users/xinyufang/Library/Developer/Xcode/DerivedData/Buzz-faillbpsmponqzeruhhvskovixzk/Build/Intermediates.noindex/GTMAppAuth.build/Debug-iphonesimulator/GTMAppAuth.build/Objects-normal/arm64/GTMAppAuth-OutputFileMap.json -use-frontend-parseable-output -save-temps -no-color-diagnostics -explicit-module-build -module-cache-path /Users/xinyufang/Library/Developer/Xcode/DerivedData/Buzz-faillbpsmponqzeruhhvskovixzk/Build/Intermediates.noindex/SwiftExplicitPrecompiledModules -clang-scanner-module-cache-path /Users/xinyufang/Library/Developer/Xcode/DerivedData/ModuleCache.noindex -sdk-module-cache-path /Users/xinyufang/Library/Developer/Xcode/DerivedData/ModuleCache.noindex -serialize-diagnostics -emit-dependencies -emit-module -emit-module-path /Users/xinyufang/Library/Developer/Xcode/DerivedData/Buzz-faillbpsmponqzeruhhvskovixzk/Build/Intermediates.noindex/GTMAppAuth.build/Debug-iphonesimulator/GTMAppAuth.build/Objects-normal/arm64/GTMAppAuth.swiftmodule -validate-clang-modules-once -clang-build-session-file /Users/xinyufang/Library/Developer/Xcode/DerivedData/ModuleCache.noindex/Session.modulevalidation -Xcc -I/Users/xinyufang/Library/Developer/Xcode/DerivedData/Buzz-faillbpsmponqzeruhhvskovixzk/Build/Intermediates.noindex/GTMAppAuth.build/Debug-iphonesimulator/GTMAppAuth.build/swift-overrides.hmap -emit-const-values -Xfrontend -const-gather-protocols-file -Xfrontend /Users/xinyufang/Library/Developer/Xcode/DerivedData/Buzz-faillbpsmponqzeruhhvskovixzk/Build/Intermediates.noindex/GTMAppAuth.build/Debug-iphonesimulator/GTMAppAuth.build/Objects-normal/arm64/GTMAppAuth_const_extract_protocols.json -Xcc -I/Users/xinyufang/Library/Developer/Xcode/DerivedData/Buzz-faillbpsmponqzeruhhvskovixzk/SourcePackages/checkouts/gtm-session-fetcher/Sources/Core/Public -Xcc -I/Users/xinyufang/Library/Developer/Xcode/DerivedData/Buzz-faillbpsmponqzeruhhvskovixzk/SourcePackages/checkouts/AppAuth-iOS/Sources/AppAuthCore -Xcc -I/Users/xinyufang/Library/Developer/Xcode/DerivedData/Buzz-faillbpsmponqzeruhhvskovixzk/Build/Products/Debug-iphonesimulator/include -Xcc -I/Users/xinyufang/Library/Developer/Xcode/DerivedData/Buzz-faillbpsmponqzeruhhvskovixzk/Build/Intermediates.noindex/GTMAppAuth.build/Debug-iphonesimulator/GTMAppAuth.build/DerivedSources-normal/arm64 -Xcc -I/Users/xinyufang/Library/Developer/Xcode/DerivedData/Buzz-faillbpsmponqzeruhhvskovixzk/Build/Intermediates.noindex/GTMAppAuth.build/Debug-iphonesimulator/GTMAppAuth.build/DerivedSources/arm64 -Xcc -I/Users/xinyufang/Library/Developer/Xcode/DerivedData/Buzz-faillbpsmponqzeruhhvskovixzk/Build/Intermediates.noindex/GTMAppAuth.build/Debug-iphonesimulator/GTMAppAuth.build/DerivedSources -Xcc -DSWIFT_PACKAGE -Xcc -DDEBUG\=1 -emit-objc-header -emit-objc-header-path /Users/xinyufang/Library/Developer/Xcode/DerivedData/Buzz-faillbpsmponqzeruhhvskovixzk/Build/Intermediates.noindex/GTMAppAuth.build/Debug-iphonesimulator/GTMAppAuth.build/Objects-normal/arm64/GTMAppAuth-Swift.h -working-directory /Users/xinyufang/Documents/Buzz/Buzz.xcodeproj -experimental-emit-module-separately -disable-cmo

SwiftDriverJobDiscovery normal arm64 Compiling KeychainAttribute.swift (in target 'GTMAppAuth' from project 'GTMAppAuth')

SwiftCompile normal arm64 Compiling\ AuthSession.swift /Users/xinyufang/Library/Developer/Xcode/DerivedData/Buzz-faillbpsmponqzeruhhvskovixzk/SourcePackages/checkouts/GTMAppAuth/GTMAppAuth/Sources/AuthSession.swift (in target 'GTMAppAuth' from project 'GTMAppAuth')
SwiftCompile normal arm64 /Users/xinyufang/Library/Developer/Xcode/DerivedData/Buzz-faillbpsmponqzeruhhvskovixzk/SourcePackages/checkouts/GTMAppAuth/GTMAppAuth/Sources/AuthSession.swift (in target 'GTMAppAuth' from project 'GTMAppAuth')
    cd /Users/xinyufang/Documents/Buzz/Buzz.xcodeproj
    

ScanDependencies /Users/xinyufang/Library/Developer/Xcode/DerivedData/Buzz-faillbpsmponqzeruhhvskovixzk/Build/Intermediates.noindex/Promises.build/Debug-iphonesimulator/FBLPromises.build/Objects-normal/arm64/resource_bundle_accessor.o /Users/xinyufang/Library/Developer/Xcode/DerivedData/Buzz-faillbpsmponqzeruhhvskovixzk/Build/Intermediates.noindex/Promises.build/Debug-iphonesimulator/FBLPromises.build/DerivedSources/resource_bundle_accessor.m normal arm64 objective-c com.apple.compilers.llvm.clang.1_0.compiler (in target 'FBLPromises' from project 'Promises')
    cd /Users/xinyufang/Documents/Buzz/Buzz.xcodeproj
    
    Using response file: /Users/xinyufang/Library/Developer/Xcode/DerivedData/Buzz-faillbpsmponqzeruhhvskovixzk/Build/Intermediates.noindex/Promises.build/Debug-iphonesimulator/FBLPromises.build/Objects-normal/arm64/e6072d4f65d7061329687fe24e3d63a7-common-args.resp
    
    builtin-ScanDependencies -o /Users/xinyufang/Library/Developer/Xcode/DerivedData/Buzz-faillbpsmponqzeruhhvskovixzk/Build/Intermediates.noindex/Promises.build/Debug-iphonesimulator/FBLPromises.build/Objects-normal/arm64/resource_bundle_accessor.o.scan -- /Applications/Xcode.app/Contents/Developer/Toolchains/XcodeDefault.xctoolchain/usr/bin/clang -x objective-c -ivfsstatcache /Users/xinyufang/Library/Developer/Xcode/DerivedData/SDKStatCaches.noindex/iphonesimulator26.0-23A339-26257891a6c027eb51374368541b8346.sdkstatcache -fmessage-length\=0 -fdiagnostics-show-note-include-stack -fmacro-backtrace-limit\=0 -fno-color-diagnostics -fmodules-prune-interval\=86400 -fmodules-prune-after\=345600 -fbuild-session-file\=/Users/xinyufang/Library/Developer/Xcode/DerivedData/ModuleCache.noindex/Session.modulevalidation -fmodules-validate-once-per-build-session -Wnon-modular-include-in-framework-module -Werror\=non-modular-include-in-framework-module -Wno-trigraphs -Wno-missing-field-initializers -Wno-missing-prototypes -Wno-return-type -Wno-implicit-atomic-properties -Wno-objc-interface-ivars -Wno-arc-repeated-use-of-weak -Wno-missing-braces -Wparentheses -Wswitch -Wno-unused-function -Wno-unused-label -Wno-unused-parameter -Wno-unused-variable -Wunused-value -Wno-empty-body -Wno-uninitialized -Wno-unknown-pragmas -w -Wno-shadow -Wno-four-char-constants -Wno-conversion -Wno-constant-conversion -Wno-int-conversion -Wno-bool-conversion -Wno-enum-conversion -Wno-float-conversion -Wno-non-literal-null-conversion -Wno-objc-literal-conversion -Wshorten-64-to-32 -Wpointer-sign -Wno-newline-eof -Wno-selector -Wno-strict-selector-match -Wno-undeclared-selector -Wno-deprecated-implementations -Wno-implicit-fallthrough -fstrict-aliasing -Wprotocol -Wdeprecated-declarations -Wno-sign-conversion -Wno-infinite-recursion -Wno-comma -Wno-block-capture-autoreleasing -Wno-strict-prototypes -Wno-semicolon-before-method-body -index-store-path /Users/xinyufang/Library/Developer/Xcode/DerivedData/Buzz-faillbpsmponqzeruhhvskovixzk/Index.noindex/DataStore @/Users/xinyufang/Library/Developer/Xcode/DerivedData/Buzz-faillbpsmponqzeruhhvskovixzk/Build/Intermediates.noindex/Promises.build/Debug-iphonesimulator/FBLPromises.build/Objects-normal/arm64/e6072d4f65d7061329687fe24e3d63a7-common-args.resp -include /Users/xinyufang/Library/Developer/Xcode/DerivedData/Buzz-faillbpsmponqzeruhhvskovixzk/Build/Intermediates.noindex/Promises.build/Debug-iphonesimulator/FBLPromises.build/DerivedSources/resource_bundle_accessor.h -MMD -MT dependencies -MF /Users/xinyufang/Library/Developer/Xcode/DerivedData/Buzz-faillbpsmponqzeruhhvskovixzk/Build/Intermediates.noindex/Promises.build/Debug-iphonesimulator/FBLPromises.build/Objects-normal/arm64/resource_bundle_accessor.d --serialize-diagnostics /Users/xinyufang/Library/Developer/Xcode/DerivedData/Buzz-faillbpsmponqzeruhhvskovixzk/Build/Intermediates.noindex/Promises.build/Debug-iphonesimulator/FBLPromises.build/Objects-normal/arm64/resource_bundle_accessor.dia -c /Users/xinyufang/Library/Developer/Xcode/DerivedData/Buzz-faillbpsmponqzeruhhvskovixzk/Build/Intermediates.noindex/Promises.build/Debug-iphonesimulator/FBLPromises.build/DerivedSources/resource_bundle_accessor.m -o /Users/xinyufang/Library/Developer/Xcode/DerivedData/Buzz-faillbpsmponqzeruhhvskovixzk/Build/Intermediates.noindex/Promises.build/Debug-iphonesimulator/FBLPromises.build/Objects-normal/arm64/resource_bundle_accessor.o -index-unit-output-path /Promises.build/Debug-iphonesimulator/FBLPromises.build/Objects-normal/arm64/resource_bundle_accessor.o

ScanDependencies /Users/xinyufang/Library/Developer/Xcode/DerivedData/Buzz-faillbpsmponqzeruhhvskovixzk/Build/Intermediates.noindex/Promises.build/Debug-iphonesimulator/FBLPromises.build/Objects-normal/arm64/FBLPromiseError.o /Users/xinyufang/Library/Developer/Xcode/DerivedData/Buzz-faillbpsmponqzeruhhvskovixzk/SourcePackages/checkouts/promises/Sources/FBLPromises/FBLPromiseError.m normal arm64 objective-c com.apple.compilers.llvm.clang.1_0.compiler (in target 'FBLPromises' from project 'Promises')
    cd /Users/xinyufang/Documents/Buzz/Buzz.xcodeproj
    
    Using response file: /Users/xinyufang/Library/Developer/Xcode/DerivedData/Buzz-faillbpsmponqzeruhhvskovixzk/Build/Intermediates.noindex/Promises.build/Debug-iphonesimulator/FBLPromises.build/Objects-normal/arm64/e6072d4f65d7061329687fe24e3d63a7-common-args.resp
    
    builtin-ScanDependencies -o /Users/xinyufang/Library/Developer/Xcode/DerivedData/Buzz-faillbpsmponqzeruhhvskovixzk/Build/Intermediates.noindex/Promises.build/Debug-iphonesimulator/FBLPromises.build/Objects-normal/arm64/FBLPromiseError.o.scan -- /Applications/Xcode.app/Contents/Developer/Toolchains/XcodeDefault.xctoolchain/usr/bin/clang -x objective-c -ivfsstatcache /Users/xinyufang/Library/Developer/Xcode/DerivedData/SDKStatCaches.noindex/iphonesimulator26.0-23A339-26257891a6c027eb51374368541b8346.sdkstatcache -fmessage-length\=0 -fdiagnostics-show-note-include-stack -fmacro-backtrace-limit\=0 -fno-color-diagnostics -fmodules-prune-interval\=86400 -fmodules-prune-after\=345600 -fbuild-session-file\=/Users/xinyufang/Library/Developer/Xcode/DerivedData/ModuleCache.noindex/Session.modulevalidation -fmodules-validate-once-per-build-session -Wnon-modular-include-in-framework-module -Werror\=non-modular-include-in-framework-module -Wno-trigraphs -Wno-missing-field-initializers -Wno-missing-prototypes -Wno-return-type -Wno-implicit-atomic-properties -Wno-objc-interface-ivars -Wno-arc-repeated-use-of-weak -Wno-missing-braces -Wparentheses -Wswitch -Wno-unused-function -Wno-unused-label -Wno-unused-parameter -Wno-unused-variable -Wunused-value -Wno-empty-body -Wno-uninitialized -Wno-unknown-pragmas -w -Wno-shadow -Wno-four-char-constants -Wno-conversion -Wno-constant-conversion -Wno-int-conversion -Wno-bool-conversion -Wno-enum-conversion -Wno-float-conversion -Wno-non-literal-null-conversion -Wno-objc-literal-conversion -Wshorten-64-to-32 -Wpointer-sign -Wno-newline-eof -Wno-selector -Wno-strict-selector-match -Wno-undeclared-selector -Wno-deprecated-implementations -Wno-implicit-fallthrough -fstrict-aliasing -Wprotocol -Wdeprecated-declarations -Wno-sign-conversion -Wno-infinite-recursion -Wno-comma -Wno-block-capture-autoreleasing -Wno-strict-prototypes -Wno-semicolon-before-method-body -index-store-path /Users/xinyufang/Library/Developer/Xcode/DerivedData/Buzz-faillbpsmponqzeruhhvskovixzk/Index.noindex/DataStore @/Users/xinyufang/Library/Developer/Xcode/DerivedData/Buzz-faillbpsmponqzeruhhvskovixzk/Build/Intermediates.noindex/Promises.build/Debug-iphonesimulator/FBLPromises.build/Objects-normal/arm64/e6072d4f65d7061329687fe24e3d63a7-common-args.resp -include /Users/xinyufang/Library/Developer/Xcode/DerivedData/Buzz-faillbpsmponqzeruhhvskovixzk/Build/Intermediates.noindex/Promises.build/Debug-iphonesimulator/FBLPromises.build/DerivedSources/resource_bundle_accessor.h -MMD -MT dependencies -MF /Users/xinyufang/Library/Developer/Xcode/DerivedData/Buzz-faillbpsmponqzeruhhvskovixzk/Build/Intermediates.noindex/Promises.build/Debug-iphonesimulator/FBLPromises.build/Objects-normal/arm64/FBLPromiseError.d --serialize-diagnostics /Users/xinyufang/Library/Developer/Xcode/DerivedData/Buzz-faillbpsmponqzeruhhvskovixzk/Build/Intermediates.noindex/Promises.build/Debug-iphonesimulator/FBLPromises.build/Objects-normal/arm64/FBLPromiseError.dia -c /Users/xinyufang/Library/Developer/Xcode/DerivedData/Buzz-faillbpsmponqzeruhhvskovixzk/SourcePackages/checkouts/promises/Sources/FBLPromises/FBLPromiseError.m -o /Users/xinyufang/Library/Developer/Xcode/DerivedData/Buzz-faillbpsmponqzeruhhvskovixzk/Build/Intermediates.noindex/Promises.build/Debug-iphonesimulator/FBLPromises.build/Objects-normal/arm64/FBLPromiseError.o -index-unit-output-path /Promises.build/Debug-iphonesimulator/FBLPromises.build/Objects-normal/arm64/FBLPromiseError.o

SwiftDriverJobDiscovery normal arm64 Compiling resource_bundle_accessor.swift (in target 'GTMAppAuth' from project 'GTMAppAuth')

SwiftMergeGeneratedHeaders /Users/xinyufang/Library/Developer/Xcode/DerivedData/Buzz-faillbpsmponqzeruhhvskovixzk/Build/Intermediates.noindex/GeneratedModuleMaps-iphonesimulator/GTMAppAuth-Swift.h /Users/xinyufang/Library/Developer/Xcode/DerivedData/Buzz-faillbpsmponqzeruhhvskovixzk/Build/Intermediates.noindex/GTMAppAuth.build/Debug-iphonesimulator/GTMAppAuth.build/Objects-normal/arm64/GTMAppAuth-Swift.h (in target 'GTMAppAuth' from project 'GTMAppAuth')
    cd /Users/xinyufang/Library/Developer/Xcode/DerivedData/Buzz-faillbpsmponqzeruhhvskovixzk/SourcePackages/checkouts/GTMAppAuth
    builtin-swiftHeaderTool -arch arm64 /Users/xinyufang/Library/Developer/Xcode/DerivedData/Buzz-faillbpsmponqzeruhhvskovixzk/Build/Intermediates.noindex/GTMAppAuth.build/Debug-iphonesimulator/GTMAppAuth.build/Objects-normal/arm64/GTMAppAuth-Swift.h -o /Users/xinyufang/Library/Developer/Xcode/DerivedData/Buzz-faillbpsmponqzeruhhvskovixzk/Build/Intermediates.noindex/GeneratedModuleMaps-iphonesimulator/GTMAppAuth-Swift.h

Copy /Users/xinyufang/Library/Developer/Xcode/DerivedData/Buzz-faillbpsmponqzeruhhvskovixzk/Build/Products/Debug-iphonesimulator/GTMAppAuth.swiftmodule/arm64-apple-ios-simulator.swiftmodule /Users/xinyufang/Library/Developer/Xcode/DerivedData/Buzz-faillbpsmponqzeruhhvskovixzk/Build/Intermediates.noindex/GTMAppAuth.build/Debug-iphonesimulator/GTMAppAuth.build/Objects-normal/arm64/GTMAppAuth.swiftmodule (in target 'GTMAppAuth' from project 'GTMAppAuth')
    cd /Users/xinyufang/Library/Developer/Xcode/DerivedData/Buzz-faillbpsmponqzeruhhvskovixzk/SourcePackages/checkouts/GTMAppAuth
    builtin-copy -exclude .DS_Store -exclude CVS -exclude .svn -exclude .git -exclude .hg -resolve-src-symlinks -rename /Users/xinyufang/Library/Developer/Xcode/DerivedData/Buzz-faillbpsmponqzeruhhvskovixzk/Build/Intermediates.noindex/GTMAppAuth.build/Debug-iphonesimulator/GTMAppAuth.build/Objects-normal/arm64/GTMAppAuth.swiftmodule /Users/xinyufang/Library/Developer/Xcode/DerivedData/Buzz-faillbpsmponqzeruhhvskovixzk/Build/Products/Debug-iphonesimulator/GTMAppAuth.swiftmodule/arm64-apple-ios-simulator.swiftmodule

Copy /Users/xinyufang/Library/Developer/Xcode/DerivedData/Buzz-faillbpsmponqzeruhhvskovixzk/Build/Products/Debug-iphonesimulator/GTMAppAuth.swiftmodule/arm64-apple-ios-simulator.swiftdoc /Users/xinyufang/Library/Developer/Xcode/DerivedData/Buzz-faillbpsmponqzeruhhvskovixzk/Build/Intermediates.noindex/GTMAppAuth.build/Debug-iphonesimulator/GTMAppAuth.build/Objects-normal/arm64/GTMAppAuth.swiftdoc (in target 'GTMAppAuth' from project 'GTMAppAuth')
    cd /Users/xinyufang/Library/Developer/Xcode/DerivedData/Buzz-faillbpsmponqzeruhhvskovixzk/SourcePackages/checkouts/GTMAppAuth
    builtin-copy -exclude .DS_Store -exclude CVS -exclude .svn -exclude .git -exclude .hg -resolve-src-symlinks -rename /Users/xinyufang/Library/Developer/Xcode/DerivedData/Buzz-faillbpsmponqzeruhhvskovixzk/Build/Intermediates.noindex/GTMAppAuth.build/Debug-iphonesimulator/GTMAppAuth.build/Objects-normal/arm64/GTMAppAuth.swiftdoc /Users/xinyufang/Library/Developer/Xcode/DerivedData/Buzz-faillbpsmponqzeruhhvskovixzk/Build/Products/Debug-iphonesimulator/GTMAppAuth.swiftmodule/arm64-apple-ios-simulator.swiftdoc

Copy /Users/xinyufang/Library/Developer/Xcode/DerivedData/Buzz-faillbpsmponqzeruhhvskovixzk/Build/Products/Debug-iphonesimulator/GTMAppAuth.swiftmodule/arm64-apple-ios-simulator.abi.json /Users/xinyufang/Library/Developer/Xcode/DerivedData/Buzz-faillbpsmponqzeruhhvskovixzk/Build/Intermediates.noindex/GTMAppAuth.build/Debug-iphonesimulator/GTMAppAuth.build/Objects-normal/arm64/GTMAppAuth.abi.json (in target 'GTMAppAuth' from project 'GTMAppAuth')
    cd /Users/xinyufang/Library/Developer/Xcode/DerivedData/Buzz-faillbpsmponqzeruhhvskovixzk/SourcePackages/checkouts/GTMAppAuth
    builtin-copy -exclude .DS_Store -exclude CVS -exclude .svn -exclude .git -exclude .hg -resolve-src-symlinks -rename /Users/xinyufang/Library/Developer/Xcode/DerivedData/Buzz-faillbpsmponqzeruhhvskovixzk/Build/Intermediates.noindex/GTMAppAuth.build/Debug-iphonesimulator/GTMAppAuth.build/Objects-normal/arm64/GTMAppAuth.abi.json /Users/xinyufang/Library/Developer/Xcode/DerivedData/Buzz-faillbpsmponqzeruhhvskovixzk/Build/Products/Debug-iphonesimulator/GTMAppAuth.swiftmodule/arm64-apple-ios-simulator.abi.json

Copy /Users/xinyufang/Library/Developer/Xcode/DerivedData/Buzz-faillbpsmponqzeruhhvskovixzk/Build/Products/Debug-iphonesimulator/GTMAppAuth.swiftmodule/Project/arm64-apple-ios-simulator.swiftsourceinfo /Users/xinyufang/Library/Developer/Xcode/DerivedData/Buzz-faillbpsmponqzeruhhvskovixzk/Build/Intermediates.noindex/GTMAppAuth.build/Debug-iphonesimulator/GTMAppAuth.build/Objects-normal/arm64/GTMAppAuth.swiftsourceinfo (in target 'GTMAppAuth' from project 'GTMAppAuth')
    cd /Users/xinyufang/Library/Developer/Xcode/DerivedData/Buzz-faillbpsmponqzeruhhvskovixzk/SourcePackages/checkouts/GTMAppAuth
    builtin-copy -exclude .DS_Store -exclude CVS -exclude .svn -exclude .git -exclude .hg -resolve-src-symlinks -rename /Users/xinyufang/Library/Developer/Xcode/DerivedData/Buzz-faillbpsmponqzeruhhvskovixzk/Build/Intermediates.noindex/GTMAppAuth.build/Debug-iphonesimulator/GTMAppAuth.build/Objects-normal/arm64/GTMAppAuth.swiftsourceinfo /Users/xinyufang/Library/Developer/Xcode/DerivedData/Buzz-faillbpsmponqzeruhhvskovixzk/Build/Products/Debug-iphonesimulator/GTMAppAuth.swiftmodule/Project/arm64-apple-ios-simulator.swiftsourceinfo

PrecompileModule /Users/xinyufang/Library/Developer/Xcode/DerivedData/Buzz-faillbpsmponqzeruhhvskovixzk/Build/Intermediates.noindex/ExplicitPrecompiledModules/CoreImage-8HRHNGTC32FG4NQ7AR5NLPQIS.scan
    cd /
    builtin-precompileModule /Users/xinyufang/Library/Developer/Xcode/DerivedData/Buzz-faillbpsmponqzeruhhvskovixzk/Build/Intermediates.noindex/ExplicitPrecompiledModules/CoreImage-8HRHNGTC32FG4NQ7AR5NLPQIS.scan

PrecompileModule /Users/xinyufang/Library/Developer/Xcode/DerivedData/Buzz-faillbpsmponqzeruhhvskovixzk/Build/Intermediates.noindex/ExplicitPrecompiledModules/_Builtin_inttypes-RJSCL27GARUPTE0ETM49AJKD.scan
    cd /
    builtin-precompileModule /Users/xinyufang/Library/Developer/Xcode/DerivedData/Buzz-faillbpsmponqzeruhhvskovixzk/Build/Intermediates.noindex/ExplicitPrecompiledModules/_Builtin_inttypes-RJSCL27GARUPTE0ETM49AJKD.scan

PrecompileModule /Users/xinyufang/Library/Developer/Xcode/DerivedData/Buzz-faillbpsmponqzeruhhvskovixzk/Build/Intermediates.noindex/ExplicitPrecompiledModules/QuartzCore-AGXPUXQIJPD6JYTPJRV8PVONV.scan
    cd /
    builtin-precompileModule /Users/xinyufang/Library/Developer/Xcode/DerivedData/Buzz-faillbpsmponqzeruhhvskovixzk/Build/Intermediates.noindex/ExplicitPrecompiledModules/QuartzCore-AGXPUXQIJPD6JYTPJRV8PVONV.scan

ScanDependencies /Users/xinyufang/Library/Developer/Xcode/DerivedData/Buzz-faillbpsmponqzeruhhvskovixzk/Build/Intermediates.noindex/Promises.build/Debug-iphonesimulator/FBLPromises.build/Objects-normal/arm64/FBLPromise.o /Users/xinyufang/Library/Developer/Xcode/DerivedData/Buzz-faillbpsmponqzeruhhvskovixzk/SourcePackages/checkouts/promises/Sources/FBLPromises/FBLPromise.m normal arm64 objective-c com.apple.compilers.llvm.clang.1_0.compiler (in target 'FBLPromises' from project 'Promises')
    cd /Users/xinyufang/Documents/Buzz/Buzz.xcodeproj
    
    Using response file: /Users/xinyufang/Library/Developer/Xcode/DerivedData/Buzz-faillbpsmponqzeruhhvskovixzk/Build/Intermediates.noindex/Promises.build/Debug-iphonesimulator/FBLPromises.build/Objects-normal/arm64/e6072d4f65d7061329687fe24e3d63a7-common-args.resp
    
    builtin-ScanDependencies -o /Users/xinyufang/Library/Developer/Xcode/DerivedData/Buzz-faillbpsmponqzeruhhvskovixzk/Build/Intermediates.noindex/Promises.build/Debug-iphonesimulator/FBLPromises.build/Objects-normal/arm64/FBLPromise.o.scan -- /Applications/Xcode.app/Contents/Developer/Toolchains/XcodeDefault.xctoolchain/usr/bin/clang -x objective-c -ivfsstatcache /Users/xinyufang/Library/Developer/Xcode/DerivedData/SDKStatCaches.noindex/iphonesimulator26.0-23A339-26257891a6c027eb51374368541b8346.sdkstatcache -fmessage-length\=0 -fdiagnostics-show-note-include-stack -fmacro-backtrace-limit\=0 -fno-color-diagnostics -fmodules-prune-interval\=86400 -fmodules-prune-after\=345600 -fbuild-session-file\=/Users/xinyufang/Library/Developer/Xcode/DerivedData/ModuleCache.noindex/Session.modulevalidation -fmodules-validate-once-per-build-session -Wnon-modular-include-in-framework-module -Werror\=non-modular-include-in-framework-module -Wno-trigraphs -Wno-missing-field-initializers -Wno-missing-prototypes -Wno-return-type -Wno-implicit-atomic-properties -Wno-objc-interface-ivars -Wno-arc-repeated-use-of-weak -Wno-missing-braces -Wparentheses -Wswitch -Wno-unused-function -Wno-unused-label -Wno-unused-parameter -Wno-unused-variable -Wunused-value -Wno-empty-body -Wno-uninitialized -Wno-unknown-pragmas -w -Wno-shadow -Wno-four-char-constants -Wno-conversion -Wno-constant-conversion -Wno-int-conversion -Wno-bool-conversion -Wno-enum-conversion -Wno-float-conversion -Wno-non-literal-null-conversion -Wno-objc-literal-conversion -Wshorten-64-to-32 -Wpointer-sign -Wno-newline-eof -Wno-selector -Wno-strict-selector-match -Wno-undeclared-selector -Wno-deprecated-implementations -Wno-implicit-fallthrough -fstrict-aliasing -Wprotocol -Wdeprecated-declarations -Wno-sign-conversion -Wno-infinite-recursion -Wno-comma -Wno-block-capture-autoreleasing -Wno-strict-prototypes -Wno-semicolon-before-method-body -index-store-path /Users/xinyufang/Library/Developer/Xcode/DerivedData/Buzz-faillbpsmponqzeruhhvskovixzk/Index.noindex/DataStore @/Users/xinyufang/Library/Developer/Xcode/DerivedData/Buzz-faillbpsmponqzeruhhvskovixzk/Build/Intermediates.noindex/Promises.build/Debug-iphonesimulator/FBLPromises.build/Objects-normal/arm64/e6072d4f65d7061329687fe24e3d63a7-common-args.resp -include /Users/xinyufang/Library/Developer/Xcode/DerivedData/Buzz-faillbpsmponqzeruhhvskovixzk/Build/Intermediates.noindex/Promises.build/Debug-iphonesimulator/FBLPromises.build/DerivedSources/resource_bundle_accessor.h -MMD -MT dependencies -MF /Users/xinyufang/Library/Developer/Xcode/DerivedData/Buzz-faillbpsmponqzeruhhvskovixzk/Build/Intermediates.noindex/Promises.build/Debug-iphonesimulator/FBLPromises.build/Objects-normal/arm64/FBLPromise.d --serialize-diagnostics /Users/xinyufang/Library/Developer/Xcode/DerivedData/Buzz-faillbpsmponqzeruhhvskovixzk/Build/Intermediates.noindex/Promises.build/Debug-iphonesimulator/FBLPromises.build/Objects-normal/arm64/FBLPromise.dia -c /Users/xinyufang/Library/Developer/Xcode/DerivedData/Buzz-faillbpsmponqzeruhhvskovixzk/SourcePackages/checkouts/promises/Sources/FBLPromises/FBLPromise.m -o /Users/xinyufang/Library/Developer/Xcode/DerivedData/Buzz-faillbpsmponqzeruhhvskovixzk/Build/Intermediates.noindex/Promises.build/Debug-iphonesimulator/FBLPromises.build/Objects-normal/arm64/FBLPromise.o -index-unit-output-path /Promises.build/Debug-iphonesimulator/FBLPromises.build/Objects-normal/arm64/FBLPromise.o

ScanDependencies /Users/xinyufang/Library/Developer/Xcode/DerivedData/Buzz-faillbpsmponqzeruhhvskovixzk/Build/Intermediates.noindex/Promises.build/Debug-iphonesimulator/FBLPromises.build/Objects-normal/arm64/FBLPromise+Wrap.o /Users/xinyufang/Library/Developer/Xcode/DerivedData/Buzz-faillbpsmponqzeruhhvskovixzk/SourcePackages/checkouts/promises/Sources/FBLPromises/FBLPromise+Wrap.m normal arm64 objective-c com.apple.compilers.llvm.clang.1_0.compiler (in target 'FBLPromises' from project 'Promises')
    cd /Users/xinyufang/Documents/Buzz/Buzz.xcodeproj
    
    Using response file: /Users/xinyufang/Library/Developer/Xcode/DerivedData/Buzz-faillbpsmponqzeruhhvskovixzk/Build/Intermediates.noindex/Promises.build/Debug-iphonesimulator/FBLPromises.build/Objects-normal/arm64/e6072d4f65d7061329687fe24e3d63a7-common-args.resp
    
    builtin-ScanDependencies -o /Users/xinyufang/Library/Developer/Xcode/DerivedData/Buzz-faillbpsmponqzeruhhvskovixzk/Build/Intermediates.noindex/Promises.build/Debug-iphonesimulator/FBLPromises.build/Objects-normal/arm64/FBLPromise+Wrap.o.scan -- /Applications/Xcode.app/Contents/Developer/Toolchains/XcodeDefault.xctoolchain/usr/bin/clang -x objective-c -ivfsstatcache /Users/xinyufang/Library/Developer/Xcode/DerivedData/SDKStatCaches.noindex/iphonesimulator26.0-23A339-26257891a6c027eb51374368541b8346.sdkstatcache -fmessage-length\=0 -fdiagnostics-show-note-include-stack -fmacro-backtrace-limit\=0 -fno-color-diagnostics -fmodules-prune-interval\=86400 -fmodules-prune-after\=345600 -fbuild-session-file\=/Users/xinyufang/Library/Developer/Xcode/DerivedData/ModuleCache.noindex/Session.modulevalidation -fmodules-validate-once-per-build-session -Wnon-modular-include-in-framework-module -Werror\=non-modular-include-in-framework-module -Wno-trigraphs -Wno-missing-field-initializers -Wno-missing-prototypes -Wno-return-type -Wno-implicit-atomic-properties -Wno-objc-interface-ivars -Wno-arc-repeated-use-of-weak -Wno-missing-braces -Wparentheses -Wswitch -Wno-unused-function -Wno-unused-label -Wno-unused-parameter -Wno-unused-variable -Wunused-value -Wno-empty-body -Wno-uninitialized -Wno-unknown-pragmas -w -Wno-shadow -Wno-four-char-constants -Wno-conversion -Wno-constant-conversion -Wno-int-conversion -Wno-bool-conversion -Wno-enum-conversion -Wno-float-conversion -Wno-non-literal-null-conversion -Wno-objc-literal-conversion -Wshorten-64-to-32 -Wpointer-sign -Wno-newline-eof -Wno-selector -Wno-strict-selector-match -Wno-undeclared-selector -Wno-deprecated-implementations -Wno-implicit-fallthrough -fstrict-aliasing -Wprotocol -Wdeprecated-declarations -Wno-sign-conversion -Wno-infinite-recursion -Wno-comma -Wno-block-capture-autoreleasing -Wno-strict-prototypes -Wno-semicolon-before-method-body -index-store-path /Users/xinyufang/Library/Developer/Xcode/DerivedData/Buzz-faillbpsmponqzeruhhvskovixzk/Index.noindex/DataStore @/Users/xinyufang/Library/Developer/Xcode/DerivedData/Buzz-faillbpsmponqzeruhhvskovixzk/Build/Intermediates.noindex/Promises.build/Debug-iphonesimulator/FBLPromises.build/Objects-normal/arm64/e6072d4f65d7061329687fe24e3d63a7-common-args.resp -include /Users/xinyufang/Library/Developer/Xcode/DerivedData/Buzz-faillbpsmponqzeruhhvskovixzk/Build/Intermediates.noindex/Promises.build/Debug-iphonesimulator/FBLPromises.build/DerivedSources/resource_bundle_accessor.h -MMD -MT dependencies -MF /Users/xinyufang/Library/Developer/Xcode/DerivedData/Buzz-faillbpsmponqzeruhhvskovixzk/Build/Intermediates.noindex/Promises.build/Debug-iphonesimulator/FBLPromises.build/Objects-normal/arm64/FBLPromise+Wrap.d --serialize-diagnostics /Users/xinyufang/Library/Developer/Xcode/DerivedData/Buzz-faillbpsmponqzeruhhvskovixzk/Build/Intermediates.noindex/Promises.build/Debug-iphonesimulator/FBLPromises.build/Objects-normal/arm64/FBLPromise+Wrap.dia -c /Users/xinyufang/Library/Developer/Xcode/DerivedData/Buzz-faillbpsmponqzeruhhvskovixzk/SourcePackages/checkouts/promises/Sources/FBLPromises/FBLPromise+Wrap.m -o /Users/xinyufang/Library/Developer/Xcode/DerivedData/Buzz-faillbpsmponqzeruhhvskovixzk/Build/Intermediates.noindex/Promises.build/Debug-iphonesimulator/FBLPromises.build/Objects-normal/arm64/FBLPromise+Wrap.o -index-unit-output-path /Promises.build/Debug-iphonesimulator/FBLPromises.build/Objects-normal/arm64/FBLPromise+Wrap.o

SwiftDriverJobDiscovery normal arm64 Compiling AuthSessionDelegate.swift (in target 'GTMAppAuth' from project 'GTMAppAuth')

PrecompileModule /Users/xinyufang/Library/Developer/Xcode/DerivedData/Buzz-faillbpsmponqzeruhhvskovixzk/Build/Intermediates.noindex/ExplicitPrecompiledModules/Darwin-ARFEDIRWXQOXX3NURW8W89I0F.scan
    cd /
    builtin-precompileModule /Users/xinyufang/Library/Developer/Xcode/DerivedData/Buzz-faillbpsmponqzeruhhvskovixzk/Build/Intermediates.noindex/ExplicitPrecompiledModules/Darwin-ARFEDIRWXQOXX3NURW8W89I0F.scan

ScanDependencies /Users/xinyufang/Library/Developer/Xcode/DerivedData/Buzz-faillbpsmponqzeruhhvskovixzk/Build/Intermediates.noindex/Promises.build/Debug-iphonesimulator/FBLPromises.build/Objects-normal/arm64/FBLPromise+Validate.o /Users/xinyufang/Library/Developer/Xcode/DerivedData/Buzz-faillbpsmponqzeruhhvskovixzk/SourcePackages/checkouts/promises/Sources/FBLPromises/FBLPromise+Validate.m normal arm64 objective-c com.apple.compilers.llvm.clang.1_0.compiler (in target 'FBLPromises' from project 'Promises')
    cd /Users/xinyufang/Documents/Buzz/Buzz.xcodeproj
    
    Using response file: /Users/xinyufang/Library/Developer/Xcode/DerivedData/Buzz-faillbpsmponqzeruhhvskovixzk/Build/Intermediates.noindex/Promises.build/Debug-iphonesimulator/FBLPromises.build/Objects-normal/arm64/e6072d4f65d7061329687fe24e3d63a7-common-args.resp
    
    builtin-ScanDependencies -o /Users/xinyufang/Library/Developer/Xcode/DerivedData/Buzz-faillbpsmponqzeruhhvskovixzk/Build/Intermediates.noindex/Promises.build/Debug-iphonesimulator/FBLPromises.build/Objects-normal/arm64/FBLPromise+Validate.o.scan -- /Applications/Xcode.app/Contents/Developer/Toolchains/XcodeDefault.xctoolchain/usr/bin/clang -x objective-c -ivfsstatcache /Users/xinyufang/Library/Developer/Xcode/DerivedData/SDKStatCaches.noindex/iphonesimulator26.0-23A339-26257891a6c027eb51374368541b8346.sdkstatcache -fmessage-length\=0 -fdiagnostics-show-note-include-stack -fmacro-backtrace-limit\=0 -fno-color-diagnostics -fmodules-prune-interval\=86400 -fmodules-prune-after\=345600 -fbuild-session-file\=/Users/xinyufang/Library/Developer/Xcode/DerivedData/ModuleCache.noindex/Session.modulevalidation -fmodules-validate-once-per-build-session -Wnon-modular-include-in-framework-module -Werror\=non-modular-include-in-framework-module -Wno-trigraphs -Wno-missing-field-initializers -Wno-missing-prototypes -Wno-return-type -Wno-implicit-atomic-properties -Wno-objc-interface-ivars -Wno-arc-repeated-use-of-weak -Wno-missing-braces -Wparentheses -Wswitch -Wno-unused-function -Wno-unused-label -Wno-unused-parameter -Wno-unused-variable -Wunused-value -Wno-empty-body -Wno-uninitialized -Wno-unknown-pragmas -w -Wno-shadow -Wno-four-char-constants -Wno-conversion -Wno-constant-conversion -Wno-int-conversion -Wno-bool-conversion -Wno-enum-conversion -Wno-float-conversion -Wno-non-literal-null-conversion -Wno-objc-literal-conversion -Wshorten-64-to-32 -Wpointer-sign -Wno-newline-eof -Wno-selector -Wno-strict-selector-match -Wno-undeclared-selector -Wno-deprecated-implementations -Wno-implicit-fallthrough -fstrict-aliasing -Wprotocol -Wdeprecated-declarations -Wno-sign-conversion -Wno-infinite-recursion -Wno-comma -Wno-block-capture-autoreleasing -Wno-strict-prototypes -Wno-semicolon-before-method-body -index-store-path /Users/xinyufang/Library/Developer/Xcode/DerivedData/Buzz-faillbpsmponqzeruhhvskovixzk/Index.noindex/DataStore @/Users/xinyufang/Library/Developer/Xcode/DerivedData/Buzz-faillbpsmponqzeruhhvskovixzk/Build/Intermediates.noindex/Promises.build/Debug-iphonesimulator/FBLPromises.build/Objects-normal/arm64/e6072d4f65d7061329687fe24e3d63a7-common-args.resp -include /Users/xinyufang/Library/Developer/Xcode/DerivedData/Buzz-faillbpsmponqzeruhhvskovixzk/Build/Intermediates.noindex/Promises.build/Debug-iphonesimulator/FBLPromises.build/DerivedSources/resource_bundle_accessor.h -MMD -MT dependencies -MF /Users/xinyufang/Library/Developer/Xcode/DerivedData/Buzz-faillbpsmponqzeruhhvskovixzk/Build/Intermediates.noindex/Promises.build/Debug-iphonesimulator/FBLPromises.build/Objects-normal/arm64/FBLPromise+Validate.d --serialize-diagnostics /Users/xinyufang/Library/Developer/Xcode/DerivedData/Buzz-faillbpsmponqzeruhhvskovixzk/Build/Intermediates.noindex/Promises.build/Debug-iphonesimulator/FBLPromises.build/Objects-normal/arm64/FBLPromise+Validate.dia -c /Users/xinyufang/Library/Developer/Xcode/DerivedData/Buzz-faillbpsmponqzeruhhvskovixzk/SourcePackages/checkouts/promises/Sources/FBLPromises/FBLPromise+Validate.m -o /Users/xinyufang/Library/Developer/Xcode/DerivedData/Buzz-faillbpsmponqzeruhhvskovixzk/Build/Intermediates.noindex/Promises.build/Debug-iphonesimulator/FBLPromises.build/Objects-normal/arm64/FBLPromise+Validate.o -index-unit-output-path /Promises.build/Debug-iphonesimulator/FBLPromises.build/Objects-normal/arm64/FBLPromise+Validate.o

ScanDependencies /Users/xinyufang/Library/Developer/Xcode/DerivedData/Buzz-faillbpsmponqzeruhhvskovixzk/Build/Intermediates.noindex/Promises.build/Debug-iphonesimulator/FBLPromises.build/Objects-normal/arm64/FBLPromise+Timeout.o /Users/xinyufang/Library/Developer/Xcode/DerivedData/Buzz-faillbpsmponqzeruhhvskovixzk/SourcePackages/checkouts/promises/Sources/FBLPromises/FBLPromise+Timeout.m normal arm64 objective-c com.apple.compilers.llvm.clang.1_0.compiler (in target 'FBLPromises' from project 'Promises')
    cd /Users/xinyufang/Documents/Buzz/Buzz.xcodeproj
    
    Using response file: /Users/xinyufang/Library/Developer/Xcode/DerivedData/Buzz-faillbpsmponqzeruhhvskovixzk/Build/Intermediates.noindex/Promises.build/Debug-iphonesimulator/FBLPromises.build/Objects-normal/arm64/e6072d4f65d7061329687fe24e3d63a7-common-args.resp
    
    builtin-ScanDependencies -o /Users/xinyufang/Library/Developer/Xcode/DerivedData/Buzz-faillbpsmponqzeruhhvskovixzk/Build/Intermediates.noindex/Promises.build/Debug-iphonesimulator/FBLPromises.build/Objects-normal/arm64/FBLPromise+Timeout.o.scan -- /Applications/Xcode.app/Contents/Developer/Toolchains/XcodeDefault.xctoolchain/usr/bin/clang -x objective-c -ivfsstatcache /Users/xinyufang/Library/Developer/Xcode/DerivedData/SDKStatCaches.noindex/iphonesimulator26.0-23A339-26257891a6c027eb51374368541b8346.sdkstatcache -fmessage-length\=0 -fdiagnostics-show-note-include-stack -fmacro-backtrace-limit\=0 -fno-color-diagnostics -fmodules-prune-interval\=86400 -fmodules-prune-after\=345600 -fbuild-session-file\=/Users/xinyufang/Library/Developer/Xcode/DerivedData/ModuleCache.noindex/Session.modulevalidation -fmodules-validate-once-per-build-session -Wnon-modular-include-in-framework-module -Werror\=non-modular-include-in-framework-module -Wno-trigraphs -Wno-missing-field-initializers -Wno-missing-prototypes -Wno-return-type -Wno-implicit-atomic-properties -Wno-objc-interface-ivars -Wno-arc-repeated-use-of-weak -Wno-missing-braces -Wparentheses -Wswitch -Wno-unused-function -Wno-unused-label -Wno-unused-parameter -Wno-unused-variable -Wunused-value -Wno-empty-body -Wno-uninitialized -Wno-unknown-pragmas -w -Wno-shadow -Wno-four-char-constants -Wno-conversion -Wno-constant-conversion -Wno-int-conversion -Wno-bool-conversion -Wno-enum-conversion -Wno-float-conversion -Wno-non-literal-null-conversion -Wno-objc-literal-conversion -Wshorten-64-to-32 -Wpointer-sign -Wno-newline-eof -Wno-selector -Wno-strict-selector-match -Wno-undeclared-selector -Wno-deprecated-implementations -Wno-implicit-fallthrough -fstrict-aliasing -Wprotocol -Wdeprecated-declarations -Wno-sign-conversion -Wno-infinite-recursion -Wno-comma -Wno-block-capture-autoreleasing -Wno-strict-prototypes -Wno-semicolon-before-method-body -index-store-path /Users/xinyufang/Library/Developer/Xcode/DerivedData/Buzz-faillbpsmponqzeruhhvskovixzk/Index.noindex/DataStore @/Users/xinyufang/Library/Developer/Xcode/DerivedData/Buzz-faillbpsmponqzeruhhvskovixzk/Build/Intermediates.noindex/Promises.build/Debug-iphonesimulator/FBLPromises.build/Objects-normal/arm64/e6072d4f65d7061329687fe24e3d63a7-common-args.resp -include /Users/xinyufang/Library/Developer/Xcode/DerivedData/Buzz-faillbpsmponqzeruhhvskovixzk/Build/Intermediates.noindex/Promises.build/Debug-iphonesimulator/FBLPromises.build/DerivedSources/resource_bundle_accessor.h -MMD -MT dependencies -MF /Users/xinyufang/Library/Developer/Xcode/DerivedData/Buzz-faillbpsmponqzeruhhvskovixzk/Build/Intermediates.noindex/Promises.build/Debug-iphonesimulator/FBLPromises.build/Objects-normal/arm64/FBLPromise+Timeout.d --serialize-diagnostics /Users/xinyufang/Library/Developer/Xcode/DerivedData/Buzz-faillbpsmponqzeruhhvskovixzk/Build/Intermediates.noindex/Promises.build/Debug-iphonesimulator/FBLPromises.build/Objects-normal/arm64/FBLPromise+Timeout.dia -c /Users/xinyufang/Library/Developer/Xcode/DerivedData/Buzz-faillbpsmponqzeruhhvskovixzk/SourcePackages/checkouts/promises/Sources/FBLPromises/FBLPromise+Timeout.m -o /Users/xinyufang/Library/Developer/Xcode/DerivedData/Buzz-faillbpsmponqzeruhhvskovixzk/Build/Intermediates.noindex/Promises.build/Debug-iphonesimulator/FBLPromises.build/Objects-normal/arm64/FBLPromise+Timeout.o -index-unit-output-path /Promises.build/Debug-iphonesimulator/FBLPromises.build/Objects-normal/arm64/FBLPromise+Timeout.o

ScanDependencies /Users/xinyufang/Library/Developer/Xcode/DerivedData/Buzz-faillbpsmponqzeruhhvskovixzk/Build/Intermediates.noindex/Promises.build/Debug-iphonesimulator/FBLPromises.build/Objects-normal/arm64/FBLPromise+Then.o /Users/xinyufang/Library/Developer/Xcode/DerivedData/Buzz-faillbpsmponqzeruhhvskovixzk/SourcePackages/checkouts/promises/Sources/FBLPromises/FBLPromise+Then.m normal arm64 objective-c com.apple.compilers.llvm.clang.1_0.compiler (in target 'FBLPromises' from project 'Promises')
    cd /Users/xinyufang/Documents/Buzz/Buzz.xcodeproj
    
    Using response file: /Users/xinyufang/Library/Developer/Xcode/DerivedData/Buzz-faillbpsmponqzeruhhvskovixzk/Build/Intermediates.noindex/Promises.build/Debug-iphonesimulator/FBLPromises.build/Objects-normal/arm64/e6072d4f65d7061329687fe24e3d63a7-common-args.resp
    
    builtin-ScanDependencies -o /Users/xinyufang/Library/Developer/Xcode/DerivedData/Buzz-faillbpsmponqzeruhhvskovixzk/Build/Intermediates.noindex/Promises.build/Debug-iphonesimulator/FBLPromises.build/Objects-normal/arm64/FBLPromise+Then.o.scan -- /Applications/Xcode.app/Contents/Developer/Toolchains/XcodeDefault.xctoolchain/usr/bin/clang -x objective-c -ivfsstatcache /Users/xinyufang/Library/Developer/Xcode/DerivedData/SDKStatCaches.noindex/iphonesimulator26.0-23A339-26257891a6c027eb51374368541b8346.sdkstatcache -fmessage-length\=0 -fdiagnostics-show-note-include-stack -fmacro-backtrace-limit\=0 -fno-color-diagnostics -fmodules-prune-interval\=86400 -fmodules-prune-after\=345600 -fbuild-session-file\=/Users/xinyufang/Library/Developer/Xcode/DerivedData/ModuleCache.noindex/Session.modulevalidation -fmodules-validate-once-per-build-session -Wnon-modular-include-in-framework-module -Werror\=non-modular-include-in-framework-module -Wno-trigraphs -Wno-missing-field-initializers -Wno-missing-prototypes -Wno-return-type -Wno-implicit-atomic-properties -Wno-objc-interface-ivars -Wno-arc-repeated-use-of-weak -Wno-missing-braces -Wparentheses -Wswitch -Wno-unused-function -Wno-unused-label -Wno-unused-parameter -Wno-unused-variable -Wunused-value -Wno-empty-body -Wno-uninitialized -Wno-unknown-pragmas -w -Wno-shadow -Wno-four-char-constants -Wno-conversion -Wno-constant-conversion -Wno-int-conversion -Wno-bool-conversion -Wno-enum-conversion -Wno-float-conversion -Wno-non-literal-null-conversion -Wno-objc-literal-conversion -Wshorten-64-to-32 -Wpointer-sign -Wno-newline-eof -Wno-selector -Wno-strict-selector-match -Wno-undeclared-selector -Wno-deprecated-implementations -Wno-implicit-fallthrough -fstrict-aliasing -Wprotocol -Wdeprecated-declarations -Wno-sign-conversion -Wno-infinite-recursion -Wno-comma -Wno-block-capture-autoreleasing -Wno-strict-prototypes -Wno-semicolon-before-method-body -index-store-path /Users/xinyufang/Library/Developer/Xcode/DerivedData/Buzz-faillbpsmponqzeruhhvskovixzk/Index.noindex/DataStore @/Users/xinyufang/Library/Developer/Xcode/DerivedData/Buzz-faillbpsmponqzeruhhvskovixzk/Build/Intermediates.noindex/Promises.build/Debug-iphonesimulator/FBLPromises.build/Objects-normal/arm64/e6072d4f65d7061329687fe24e3d63a7-common-args.resp -include /Users/xinyufang/Library/Developer/Xcode/DerivedData/Buzz-faillbpsmponqzeruhhvskovixzk/Build/Intermediates.noindex/Promises.build/Debug-iphonesimulator/FBLPromises.build/DerivedSources/resource_bundle_accessor.h -MMD -MT dependencies -MF /Users/xinyufang/Library/Developer/Xcode/DerivedData/Buzz-faillbpsmponqzeruhhvskovixzk/Build/Intermediates.noindex/Promises.build/Debug-iphonesimulator/FBLPromises.build/Objects-normal/arm64/FBLPromise+Then.d --serialize-diagnostics /Users/xinyufang/Library/Developer/Xcode/DerivedData/Buzz-faillbpsmponqzeruhhvskovixzk/Build/Intermediates.noindex/Promises.build/Debug-iphonesimulator/FBLPromises.build/Objects-normal/arm64/FBLPromise+Then.dia -c /Users/xinyufang/Library/Developer/Xcode/DerivedData/Buzz-faillbpsmponqzeruhhvskovixzk/SourcePackages/checkouts/promises/Sources/FBLPromises/FBLPromise+Then.m -o /Users/xinyufang/Library/Developer/Xcode/DerivedData/Buzz-faillbpsmponqzeruhhvskovixzk/Build/Intermediates.noindex/Promises.build/Debug-iphonesimulator/FBLPromises.build/Objects-normal/arm64/FBLPromise+Then.o -index-unit-output-path /Promises.build/Debug-iphonesimulator/FBLPromises.build/Objects-normal/arm64/FBLPromise+Then.o

ScanDependencies /Users/xinyufang/Library/Developer/Xcode/DerivedData/Buzz-faillbpsmponqzeruhhvskovixzk/Build/Intermediates.noindex/Promises.build/Debug-iphonesimulator/FBLPromises.build/Objects-normal/arm64/FBLPromise+Testing.o /Users/xinyufang/Library/Developer/Xcode/DerivedData/Buzz-faillbpsmponqzeruhhvskovixzk/SourcePackages/checkouts/promises/Sources/FBLPromises/FBLPromise+Testing.m normal arm64 objective-c com.apple.compilers.llvm.clang.1_0.compiler (in target 'FBLPromises' from project 'Promises')
    cd /Users/xinyufang/Documents/Buzz/Buzz.xcodeproj
    
    Using response file: /Users/xinyufang/Library/Developer/Xcode/DerivedData/Buzz-faillbpsmponqzeruhhvskovixzk/Build/Intermediates.noindex/Promises.build/Debug-iphonesimulator/FBLPromises.build/Objects-normal/arm64/e6072d4f65d7061329687fe24e3d63a7-common-args.resp
    
    builtin-ScanDependencies -o /Users/xinyufang/Library/Developer/Xcode/DerivedData/Buzz-faillbpsmponqzeruhhvskovixzk/Build/Intermediates.noindex/Promises.build/Debug-iphonesimulator/FBLPromises.build/Objects-normal/arm64/FBLPromise+Testing.o.scan -- /Applications/Xcode.app/Contents/Developer/Toolchains/XcodeDefault.xctoolchain/usr/bin/clang -x objective-c -ivfsstatcache /Users/xinyufang/Library/Developer/Xcode/DerivedData/SDKStatCaches.noindex/iphonesimulator26.0-23A339-26257891a6c027eb51374368541b8346.sdkstatcache -fmessage-length\=0 -fdiagnostics-show-note-include-stack -fmacro-backtrace-limit\=0 -fno-color-diagnostics -fmodules-prune-interval\=86400 -fmodules-prune-after\=345600 -fbuild-session-file\=/Users/xinyufang/Library/Developer/Xcode/DerivedData/ModuleCache.noindex/Session.modulevalidation -fmodules-validate-once-per-build-session -Wnon-modular-include-in-framework-module -Werror\=non-modular-include-in-framework-module -Wno-trigraphs -Wno-missing-field-initializers -Wno-missing-prototypes -Wno-return-type -Wno-implicit-atomic-properties -Wno-objc-interface-ivars -Wno-arc-repeated-use-of-weak -Wno-missing-braces -Wparentheses -Wswitch -Wno-unused-function -Wno-unused-label -Wno-unused-parameter -Wno-unused-variable -Wunused-value -Wno-empty-body -Wno-uninitialized -Wno-unknown-pragmas -w -Wno-shadow -Wno-four-char-constants -Wno-conversion -Wno-constant-conversion -Wno-int-conversion -Wno-bool-conversion -Wno-enum-conversion -Wno-float-conversion -Wno-non-literal-null-conversion -Wno-objc-literal-conversion -Wshorten-64-to-32 -Wpointer-sign -Wno-newline-eof -Wno-selector -Wno-strict-selector-match -Wno-undeclared-selector -Wno-deprecated-implementations -Wno-implicit-fallthrough -fstrict-aliasing -Wprotocol -Wdeprecated-declarations -Wno-sign-conversion -Wno-infinite-recursion -Wno-comma -Wno-block-capture-autoreleasing -Wno-strict-prototypes -Wno-semicolon-before-method-body -index-store-path /Users/xinyufang/Library/Developer/Xcode/DerivedData/Buzz-faillbpsmponqzeruhhvskovixzk/Index.noindex/DataStore @/Users/xinyufang/Library/Developer/Xcode/DerivedData/Buzz-faillbpsmponqzeruhhvskovixzk/Build/Intermediates.noindex/Promises.build/Debug-iphonesimulator/FBLPromises.build/Objects-normal/arm64/e6072d4f65d7061329687fe24e3d63a7-common-args.resp -include /Users/xinyufang/Library/Developer/Xcode/DerivedData/Buzz-faillbpsmponqzeruhhvskovixzk/Build/Intermediates.noindex/Promises.build/Debug-iphonesimulator/FBLPromises.build/DerivedSources/resource_bundle_accessor.h -MMD -MT dependencies -MF /Users/xinyufang/Library/Developer/Xcode/DerivedData/Buzz-faillbpsmponqzeruhhvskovixzk/Build/Intermediates.noindex/Promises.build/Debug-iphonesimulator/FBLPromises.build/Objects-normal/arm64/FBLPromise+Testing.d --serialize-diagnostics /Users/xinyufang/Library/Developer/Xcode/DerivedData/Buzz-faillbpsmponqzeruhhvskovixzk/Build/Intermediates.noindex/Promises.build/Debug-iphonesimulator/FBLPromises.build/Objects-normal/arm64/FBLPromise+Testing.dia -c /Users/xinyufang/Library/Developer/Xcode/DerivedData/Buzz-faillbpsmponqzeruhhvskovixzk/SourcePackages/checkouts/promises/Sources/FBLPromises/FBLPromise+Testing.m -o /Users/xinyufang/Library/Developer/Xcode/DerivedData/Buzz-faillbpsmponqzeruhhvskovixzk/Build/Intermediates.noindex/Promises.build/Debug-iphonesimulator/FBLPromises.build/Objects-normal/arm64/FBLPromise+Testing.o -index-unit-output-path /Promises.build/Debug-iphonesimulator/FBLPromises.build/Objects-normal/arm64/FBLPromise+Testing.o

SwiftDriverJobDiscovery normal arm64 Compiling GTMOAuth2Compatibility.swift (in target 'GTMAppAuth' from project 'GTMAppAuth')

ScanDependencies /Users/xinyufang/Library/Developer/Xcode/DerivedData/Buzz-faillbpsmponqzeruhhvskovixzk/Build/Intermediates.noindex/Promises.build/Debug-iphonesimulator/FBLPromises.build/Objects-normal/arm64/FBLPromise+Retry.o /Users/xinyufang/Library/Developer/Xcode/DerivedData/Buzz-faillbpsmponqzeruhhvskovixzk/SourcePackages/checkouts/promises/Sources/FBLPromises/FBLPromise+Retry.m normal arm64 objective-c com.apple.compilers.llvm.clang.1_0.compiler (in target 'FBLPromises' from project 'Promises')
    cd /Users/xinyufang/Documents/Buzz/Buzz.xcodeproj
    
    Using response file: /Users/xinyufang/Library/Developer/Xcode/DerivedData/Buzz-faillbpsmponqzeruhhvskovixzk/Build/Intermediates.noindex/Promises.build/Debug-iphonesimulator/FBLPromises.build/Objects-normal/arm64/e6072d4f65d7061329687fe24e3d63a7-common-args.resp
    
    builtin-ScanDependencies -o /Users/xinyufang/Library/Developer/Xcode/DerivedData/Buzz-faillbpsmponqzeruhhvskovixzk/Build/Intermediates.noindex/Promises.build/Debug-iphonesimulator/FBLPromises.build/Objects-normal/arm64/FBLPromise+Retry.o.scan -- /Applications/Xcode.app/Contents/Developer/Toolchains/XcodeDefault.xctoolchain/usr/bin/clang -x objective-c -ivfsstatcache /Users/xinyufang/Library/Developer/Xcode/DerivedData/SDKStatCaches.noindex/iphonesimulator26.0-23A339-26257891a6c027eb51374368541b8346.sdkstatcache -fmessage-length\=0 -fdiagnostics-show-note-include-stack -fmacro-backtrace-limit\=0 -fno-color-diagnostics -fmodules-prune-interval\=86400 -fmodules-prune-after\=345600 -fbuild-session-file\=/Users/xinyufang/Library/Developer/Xcode/DerivedData/ModuleCache.noindex/Session.modulevalidation -fmodules-validate-once-per-build-session -Wnon-modular-include-in-framework-module -Werror\=non-modular-include-in-framework-module -Wno-trigraphs -Wno-missing-field-initializers -Wno-missing-prototypes -Wno-return-type -Wno-implicit-atomic-properties -Wno-objc-interface-ivars -Wno-arc-repeated-use-of-weak -Wno-missing-braces -Wparentheses -Wswitch -Wno-unused-function -Wno-unused-label -Wno-unused-parameter -Wno-unused-variable -Wunused-value -Wno-empty-body -Wno-uninitialized -Wno-unknown-pragmas -w -Wno-shadow -Wno-four-char-constants -Wno-conversion -Wno-constant-conversion -Wno-int-conversion -Wno-bool-conversion -Wno-enum-conversion -Wno-float-conversion -Wno-non-literal-null-conversion -Wno-objc-literal-conversion -Wshorten-64-to-32 -Wpointer-sign -Wno-newline-eof -Wno-selector -Wno-strict-selector-match -Wno-undeclared-selector -Wno-deprecated-implementations -Wno-implicit-fallthrough -fstrict-aliasing -Wprotocol -Wdeprecated-declarations -Wno-sign-conversion -Wno-infinite-recursion -Wno-comma -Wno-block-capture-autoreleasing -Wno-strict-prototypes -Wno-semicolon-before-method-body -index-store-path /Users/xinyufang/Library/Developer/Xcode/DerivedData/Buzz-faillbpsmponqzeruhhvskovixzk/Index.noindex/DataStore @/Users/xinyufang/Library/Developer/Xcode/DerivedData/Buzz-faillbpsmponqzeruhhvskovixzk/Build/Intermediates.noindex/Promises.build/Debug-iphonesimulator/FBLPromises.build/Objects-normal/arm64/e6072d4f65d7061329687fe24e3d63a7-common-args.resp -include /Users/xinyufang/Library/Developer/Xcode/DerivedData/Buzz-faillbpsmponqzeruhhvskovixzk/Build/Intermediates.noindex/Promises.build/Debug-iphonesimulator/FBLPromises.build/DerivedSources/resource_bundle_accessor.h -MMD -MT dependencies -MF /Users/xinyufang/Library/Developer/Xcode/DerivedData/Buzz-faillbpsmponqzeruhhvskovixzk/Build/Intermediates.noindex/Promises.build/Debug-iphonesimulator/FBLPromises.build/Objects-normal/arm64/FBLPromise+Retry.d --serialize-diagnostics /Users/xinyufang/Library/Developer/Xcode/DerivedData/Buzz-faillbpsmponqzeruhhvskovixzk/Build/Intermediates.noindex/Promises.build/Debug-iphonesimulator/FBLPromises.build/Objects-normal/arm64/FBLPromise+Retry.dia -c /Users/xinyufang/Library/Developer/Xcode/DerivedData/Buzz-faillbpsmponqzeruhhvskovixzk/SourcePackages/checkouts/promises/Sources/FBLPromises/FBLPromise+Retry.m -o /Users/xinyufang/Library/Developer/Xcode/DerivedData/Buzz-faillbpsmponqzeruhhvskovixzk/Build/Intermediates.noindex/Promises.build/Debug-iphonesimulator/FBLPromises.build/Objects-normal/arm64/FBLPromise+Retry.o -index-unit-output-path /Promises.build/Debug-iphonesimulator/FBLPromises.build/Objects-normal/arm64/FBLPromise+Retry.o

ScanDependencies /Users/xinyufang/Library/Developer/Xcode/DerivedData/Buzz-faillbpsmponqzeruhhvskovixzk/Build/Intermediates.noindex/Promises.build/Debug-iphonesimulator/FBLPromises.build/Objects-normal/arm64/FBLPromise+Reduce.o /Users/xinyufang/Library/Developer/Xcode/DerivedData/Buzz-faillbpsmponqzeruhhvskovixzk/SourcePackages/checkouts/promises/Sources/FBLPromises/FBLPromise+Reduce.m normal arm64 objective-c com.apple.compilers.llvm.clang.1_0.compiler (in target 'FBLPromises' from project 'Promises')
    cd /Users/xinyufang/Documents/Buzz/Buzz.xcodeproj
    
    Using response file: /Users/xinyufang/Library/Developer/Xcode/DerivedData/Buzz-faillbpsmponqzeruhhvskovixzk/Build/Intermediates.noindex/Promises.build/Debug-iphonesimulator/FBLPromises.build/Objects-normal/arm64/e6072d4f65d7061329687fe24e3d63a7-common-args.resp
    
    builtin-ScanDependencies -o /Users/xinyufang/Library/Developer/Xcode/DerivedData/Buzz-faillbpsmponqzeruhhvskovixzk/Build/Intermediates.noindex/Promises.build/Debug-iphonesimulator/FBLPromises.build/Objects-normal/arm64/FBLPromise+Reduce.o.scan -- /Applications/Xcode.app/Contents/Developer/Toolchains/XcodeDefault.xctoolchain/usr/bin/clang -x objective-c -ivfsstatcache /Users/xinyufang/Library/Developer/Xcode/DerivedData/SDKStatCaches.noindex/iphonesimulator26.0-23A339-26257891a6c027eb51374368541b8346.sdkstatcache -fmessage-length\=0 -fdiagnostics-show-note-include-stack -fmacro-backtrace-limit\=0 -fno-color-diagnostics -fmodules-prune-interval\=86400 -fmodules-prune-after\=345600 -fbuild-session-file\=/Users/xinyufang/Library/Developer/Xcode/DerivedData/ModuleCache.noindex/Session.modulevalidation -fmodules-validate-once-per-build-session -Wnon-modular-include-in-framework-module -Werror\=non-modular-include-in-framework-module -Wno-trigraphs -Wno-missing-field-initializers -Wno-missing-prototypes -Wno-return-type -Wno-implicit-atomic-properties -Wno-objc-interface-ivars -Wno-arc-repeated-use-of-weak -Wno-missing-braces -Wparentheses -Wswitch -Wno-unused-function -Wno-unused-label -Wno-unused-parameter -Wno-unused-variable -Wunused-value -Wno-empty-body -Wno-uninitialized -Wno-unknown-pragmas -w -Wno-shadow -Wno-four-char-constants -Wno-conversion -Wno-constant-conversion -Wno-int-conversion -Wno-bool-conversion -Wno-enum-conversion -Wno-float-conversion -Wno-non-literal-null-conversion -Wno-objc-literal-conversion -Wshorten-64-to-32 -Wpointer-sign -Wno-newline-eof -Wno-selector -Wno-strict-selector-match -Wno-undeclared-selector -Wno-deprecated-implementations -Wno-implicit-fallthrough -fstrict-aliasing -Wprotocol -Wdeprecated-declarations -Wno-sign-conversion -Wno-infinite-recursion -Wno-comma -Wno-block-capture-autoreleasing -Wno-strict-prototypes -Wno-semicolon-before-method-body -index-store-path /Users/xinyufang/Library/Developer/Xcode/DerivedData/Buzz-faillbpsmponqzeruhhvskovixzk/Index.noindex/DataStore @/Users/xinyufang/Library/Developer/Xcode/DerivedData/Buzz-faillbpsmponqzeruhhvskovixzk/Build/Intermediates.noindex/Promises.build/Debug-iphonesimulator/FBLPromises.build/Objects-normal/arm64/e6072d4f65d7061329687fe24e3d63a7-common-args.resp -include /Users/xinyufang/Library/Developer/Xcode/DerivedData/Buzz-faillbpsmponqzeruhhvskovixzk/Build/Intermediates.noindex/Promises.build/Debug-iphonesimulator/FBLPromises.build/DerivedSources/resource_bundle_accessor.h -MMD -MT dependencies -MF /Users/xinyufang/Library/Developer/Xcode/DerivedData/Buzz-faillbpsmponqzeruhhvskovixzk/Build/Intermediates.noindex/Promises.build/Debug-iphonesimulator/FBLPromises.build/Objects-normal/arm64/FBLPromise+Reduce.d --serialize-diagnostics /Users/xinyufang/Library/Developer/Xcode/DerivedData/Buzz-faillbpsmponqzeruhhvskovixzk/Build/Intermediates.noindex/Promises.build/Debug-iphonesimulator/FBLPromises.build/Objects-normal/arm64/FBLPromise+Reduce.dia -c /Users/xinyufang/Library/Developer/Xcode/DerivedData/Buzz-faillbpsmponqzeruhhvskovixzk/SourcePackages/checkouts/promises/Sources/FBLPromises/FBLPromise+Reduce.m -o /Users/xinyufang/Library/Developer/Xcode/DerivedData/Buzz-faillbpsmponqzeruhhvskovixzk/Build/Intermediates.noindex/Promises.build/Debug-iphonesimulator/FBLPromises.build/Objects-normal/arm64/FBLPromise+Reduce.o -index-unit-output-path /Promises.build/Debug-iphonesimulator/FBLPromises.build/Objects-normal/arm64/FBLPromise+Reduce.o

PrecompileModule /Users/xinyufang/Library/Developer/Xcode/DerivedData/Buzz-faillbpsmponqzeruhhvskovixzk/Build/Intermediates.noindex/ExplicitPrecompiledModules/UIKit-7B15QXZXPIBQ5SDRB214INS0A.scan
    cd /
    builtin-precompileModule /Users/xinyufang/Library/Developer/Xcode/DerivedData/Buzz-faillbpsmponqzeruhhvskovixzk/Build/Intermediates.noindex/ExplicitPrecompiledModules/UIKit-7B15QXZXPIBQ5SDRB214INS0A.scan

ScanDependencies /Users/xinyufang/Library/Developer/Xcode/DerivedData/Buzz-faillbpsmponqzeruhhvskovixzk/Build/Intermediates.noindex/Promises.build/Debug-iphonesimulator/FBLPromises.build/Objects-normal/arm64/FBLPromise+Recover.o /Users/xinyufang/Library/Developer/Xcode/DerivedData/Buzz-faillbpsmponqzeruhhvskovixzk/SourcePackages/checkouts/promises/Sources/FBLPromises/FBLPromise+Recover.m normal arm64 objective-c com.apple.compilers.llvm.clang.1_0.compiler (in target 'FBLPromises' from project 'Promises')
    cd /Users/xinyufang/Documents/Buzz/Buzz.xcodeproj
    
    Using response file: /Users/xinyufang/Library/Developer/Xcode/DerivedData/Buzz-faillbpsmponqzeruhhvskovixzk/Build/Intermediates.noindex/Promises.build/Debug-iphonesimulator/FBLPromises.build/Objects-normal/arm64/e6072d4f65d7061329687fe24e3d63a7-common-args.resp
    
    builtin-ScanDependencies -o /Users/xinyufang/Library/Developer/Xcode/DerivedData/Buzz-faillbpsmponqzeruhhvskovixzk/Build/Intermediates.noindex/Promises.build/Debug-iphonesimulator/FBLPromises.build/Objects-normal/arm64/FBLPromise+Recover.o.scan -- /Applications/Xcode.app/Contents/Developer/Toolchains/XcodeDefault.xctoolchain/usr/bin/clang -x objective-c -ivfsstatcache /Users/xinyufang/Library/Developer/Xcode/DerivedData/SDKStatCaches.noindex/iphonesimulator26.0-23A339-26257891a6c027eb51374368541b8346.sdkstatcache -fmessage-length\=0 -fdiagnostics-show-note-include-stack -fmacro-backtrace-limit\=0 -fno-color-diagnostics -fmodules-prune-interval\=86400 -fmodules-prune-after\=345600 -fbuild-session-file\=/Users/xinyufang/Library/Developer/Xcode/DerivedData/ModuleCache.noindex/Session.modulevalidation -fmodules-validate-once-per-build-session -Wnon-modular-include-in-framework-module -Werror\=non-modular-include-in-framework-module -Wno-trigraphs -Wno-missing-field-initializers -Wno-missing-prototypes -Wno-return-type -Wno-implicit-atomic-properties -Wno-objc-interface-ivars -Wno-arc-repeated-use-of-weak -Wno-missing-braces -Wparentheses -Wswitch -Wno-unused-function -Wno-unused-label -Wno-unused-parameter -Wno-unused-variable -Wunused-value -Wno-empty-body -Wno-uninitialized -Wno-unknown-pragmas -w -Wno-shadow -Wno-four-char-constants -Wno-conversion -Wno-constant-conversion -Wno-int-conversion -Wno-bool-conversion -Wno-enum-conversion -Wno-float-conversion -Wno-non-literal-null-conversion -Wno-objc-literal-conversion -Wshorten-64-to-32 -Wpointer-sign -Wno-newline-eof -Wno-selector -Wno-strict-selector-match -Wno-undeclared-selector -Wno-deprecated-implementations -Wno-implicit-fallthrough -fstrict-aliasing -Wprotocol -Wdeprecated-declarations -Wno-sign-conversion -Wno-infinite-recursion -Wno-comma -Wno-block-capture-autoreleasing -Wno-strict-prototypes -Wno-semicolon-before-method-body -index-store-path /Users/xinyufang/Library/Developer/Xcode/DerivedData/Buzz-faillbpsmponqzeruhhvskovixzk/Index.noindex/DataStore @/Users/xinyufang/Library/Developer/Xcode/DerivedData/Buzz-faillbpsmponqzeruhhvskovixzk/Build/Intermediates.noindex/Promises.build/Debug-iphonesimulator/FBLPromises.build/Objects-normal/arm64/e6072d4f65d7061329687fe24e3d63a7-common-args.resp -include /Users/xinyufang/Library/Developer/Xcode/DerivedData/Buzz-faillbpsmponqzeruhhvskovixzk/Build/Intermediates.noindex/Promises.build/Debug-iphonesimulator/FBLPromises.build/DerivedSources/resource_bundle_accessor.h -MMD -MT dependencies -MF /Users/xinyufang/Library/Developer/Xcode/DerivedData/Buzz-faillbpsmponqzeruhhvskovixzk/Build/Intermediates.noindex/Promises.build/Debug-iphonesimulator/FBLPromises.build/Objects-normal/arm64/FBLPromise+Recover.d --serialize-diagnostics /Users/xinyufang/Library/Developer/Xcode/DerivedData/Buzz-faillbpsmponqzeruhhvskovixzk/Build/Intermediates.noindex/Promises.build/Debug-iphonesimulator/FBLPromises.build/Objects-normal/arm64/FBLPromise+Recover.dia -c /Users/xinyufang/Library/Developer/Xcode/DerivedData/Buzz-faillbpsmponqzeruhhvskovixzk/SourcePackages/checkouts/promises/Sources/FBLPromises/FBLPromise+Recover.m -o /Users/xinyufang/Library/Developer/Xcode/DerivedData/Buzz-faillbpsmponqzeruhhvskovixzk/Build/Intermediates.noindex/Promises.build/Debug-iphonesimulator/FBLPromises.build/Objects-normal/arm64/FBLPromise+Recover.o -index-unit-output-path /Promises.build/Debug-iphonesimulator/FBLPromises.build/Objects-normal/arm64/FBLPromise+Recover.o

ScanDependencies /Users/xinyufang/Library/Developer/Xcode/DerivedData/Buzz-faillbpsmponqzeruhhvskovixzk/Build/Intermediates.noindex/Promises.build/Debug-iphonesimulator/FBLPromises.build/Objects-normal/arm64/FBLPromise+Race.o /Users/xinyufang/Library/Developer/Xcode/DerivedData/Buzz-faillbpsmponqzeruhhvskovixzk/SourcePackages/checkouts/promises/Sources/FBLPromises/FBLPromise+Race.m normal arm64 objective-c com.apple.compilers.llvm.clang.1_0.compiler (in target 'FBLPromises' from project 'Promises')
    cd /Users/xinyufang/Documents/Buzz/Buzz.xcodeproj
    
    Using response file: /Users/xinyufang/Library/Developer/Xcode/DerivedData/Buzz-faillbpsmponqzeruhhvskovixzk/Build/Intermediates.noindex/Promises.build/Debug-iphonesimulator/FBLPromises.build/Objects-normal/arm64/e6072d4f65d7061329687fe24e3d63a7-common-args.resp
    
    builtin-ScanDependencies -o /Users/xinyufang/Library/Developer/Xcode/DerivedData/Buzz-faillbpsmponqzeruhhvskovixzk/Build/Intermediates.noindex/Promises.build/Debug-iphonesimulator/FBLPromises.build/Objects-normal/arm64/FBLPromise+Race.o.scan -- /Applications/Xcode.app/Contents/Developer/Toolchains/XcodeDefault.xctoolchain/usr/bin/clang -x objective-c -ivfsstatcache /Users/xinyufang/Library/Developer/Xcode/DerivedData/SDKStatCaches.noindex/iphonesimulator26.0-23A339-26257891a6c027eb51374368541b8346.sdkstatcache -fmessage-length\=0 -fdiagnostics-show-note-include-stack -fmacro-backtrace-limit\=0 -fno-color-diagnostics -fmodules-prune-interval\=86400 -fmodules-prune-after\=345600 -fbuild-session-file\=/Users/xinyufang/Library/Developer/Xcode/DerivedData/ModuleCache.noindex/Session.modulevalidation -fmodules-validate-once-per-build-session -Wnon-modular-include-in-framework-module -Werror\=non-modular-include-in-framework-module -Wno-trigraphs -Wno-missing-field-initializers -Wno-missing-prototypes -Wno-return-type -Wno-implicit-atomic-properties -Wno-objc-interface-ivars -Wno-arc-repeated-use-of-weak -Wno-missing-braces -Wparentheses -Wswitch -Wno-unused-function -Wno-unused-label -Wno-unused-parameter -Wno-unused-variable -Wunused-value -Wno-empty-body -Wno-uninitialized -Wno-unknown-pragmas -w -Wno-shadow -Wno-four-char-constants -Wno-conversion -Wno-constant-conversion -Wno-int-conversion -Wno-bool-conversion -Wno-enum-conversion -Wno-float-conversion -Wno-non-literal-null-conversion -Wno-objc-literal-conversion -Wshorten-64-to-32 -Wpointer-sign -Wno-newline-eof -Wno-selector -Wno-strict-selector-match -Wno-undeclared-selector -Wno-deprecated-implementations -Wno-implicit-fallthrough -fstrict-aliasing -Wprotocol -Wdeprecated-declarations -Wno-sign-conversion -Wno-infinite-recursion -Wno-comma -Wno-block-capture-autoreleasing -Wno-strict-prototypes -Wno-semicolon-before-method-body -index-store-path /Users/xinyufang/Library/Developer/Xcode/DerivedData/Buzz-faillbpsmponqzeruhhvskovixzk/Index.noindex/DataStore @/Users/xinyufang/Library/Developer/Xcode/DerivedData/Buzz-faillbpsmponqzeruhhvskovixzk/Build/Intermediates.noindex/Promises.build/Debug-iphonesimulator/FBLPromises.build/Objects-normal/arm64/e6072d4f65d7061329687fe24e3d63a7-common-args.resp -include /Users/xinyufang/Library/Developer/Xcode/DerivedData/Buzz-faillbpsmponqzeruhhvskovixzk/Build/Intermediates.noindex/Promises.build/Debug-iphonesimulator/FBLPromises.build/DerivedSources/resource_bundle_accessor.h -MMD -MT dependencies -MF /Users/xinyufang/Library/Developer/Xcode/DerivedData/Buzz-faillbpsmponqzeruhhvskovixzk/Build/Intermediates.noindex/Promises.build/Debug-iphonesimulator/FBLPromises.build/Objects-normal/arm64/FBLPromise+Race.d --serialize-diagnostics /Users/xinyufang/Library/Developer/Xcode/DerivedData/Buzz-faillbpsmponqzeruhhvskovixzk/Build/Intermediates.noindex/Promises.build/Debug-iphonesimulator/FBLPromises.build/Objects-normal/arm64/FBLPromise+Race.dia -c /Users/xinyufang/Library/Developer/Xcode/DerivedData/Buzz-faillbpsmponqzeruhhvskovixzk/SourcePackages/checkouts/promises/Sources/FBLPromises/FBLPromise+Race.m -o /Users/xinyufang/Library/Developer/Xcode/DerivedData/Buzz-faillbpsmponqzeruhhvskovixzk/Build/Intermediates.noindex/Promises.build/Debug-iphonesimulator/FBLPromises.build/Objects-normal/arm64/FBLPromise+Race.o -index-unit-output-path /Promises.build/Debug-iphonesimulator/FBLPromises.build/Objects-normal/arm64/FBLPromise+Race.o

ScanDependencies /Users/xinyufang/Library/Developer/Xcode/DerivedData/Buzz-faillbpsmponqzeruhhvskovixzk/Build/Intermediates.noindex/Promises.build/Debug-iphonesimulator/FBLPromises.build/Objects-normal/arm64/FBLPromise+Do.o /Users/xinyufang/Library/Developer/Xcode/DerivedData/Buzz-faillbpsmponqzeruhhvskovixzk/SourcePackages/checkouts/promises/Sources/FBLPromises/FBLPromise+Do.m normal arm64 objective-c com.apple.compilers.llvm.clang.1_0.compiler (in target 'FBLPromises' from project 'Promises')
    cd /Users/xinyufang/Documents/Buzz/Buzz.xcodeproj
    
    Using response file: /Users/xinyufang/Library/Developer/Xcode/DerivedData/Buzz-faillbpsmponqzeruhhvskovixzk/Build/Intermediates.noindex/Promises.build/Debug-iphonesimulator/FBLPromises.build/Objects-normal/arm64/e6072d4f65d7061329687fe24e3d63a7-common-args.resp
    
    builtin-ScanDependencies -o /Users/xinyufang/Library/Developer/Xcode/DerivedData/Buzz-faillbpsmponqzeruhhvskovixzk/Build/Intermediates.noindex/Promises.build/Debug-iphonesimulator/FBLPromises.build/Objects-normal/arm64/FBLPromise+Do.o.scan -- /Applications/Xcode.app/Contents/Developer/Toolchains/XcodeDefault.xctoolchain/usr/bin/clang -x objective-c -ivfsstatcache /Users/xinyufang/Library/Developer/Xcode/DerivedData/SDKStatCaches.noindex/iphonesimulator26.0-23A339-26257891a6c027eb51374368541b8346.sdkstatcache -fmessage-length\=0 -fdiagnostics-show-note-include-stack -fmacro-backtrace-limit\=0 -fno-color-diagnostics -fmodules-prune-interval\=86400 -fmodules-prune-after\=345600 -fbuild-session-file\=/Users/xinyufang/Library/Developer/Xcode/DerivedData/ModuleCache.noindex/Session.modulevalidation -fmodules-validate-once-per-build-session -Wnon-modular-include-in-framework-module -Werror\=non-modular-include-in-framework-module -Wno-trigraphs -Wno-missing-field-initializers -Wno-missing-prototypes -Wno-return-type -Wno-implicit-atomic-properties -Wno-objc-interface-ivars -Wno-arc-repeated-use-of-weak -Wno-missing-braces -Wparentheses -Wswitch -Wno-unused-function -Wno-unused-label -Wno-unused-parameter -Wno-unused-variable -Wunused-value -Wno-empty-body -Wno-uninitialized -Wno-unknown-pragmas -w -Wno-shadow -Wno-four-char-constants -Wno-conversion -Wno-constant-conversion -Wno-int-conversion -Wno-bool-conversion -Wno-enum-conversion -Wno-float-conversion -Wno-non-literal-null-conversion -Wno-objc-literal-conversion -Wshorten-64-to-32 -Wpointer-sign -Wno-newline-eof -Wno-selector -Wno-strict-selector-match -Wno-undeclared-selector -Wno-deprecated-implementations -Wno-implicit-fallthrough -fstrict-aliasing -Wprotocol -Wdeprecated-declarations -Wno-sign-conversion -Wno-infinite-recursion -Wno-comma -Wno-block-capture-autoreleasing -Wno-strict-prototypes -Wno-semicolon-before-method-body -index-store-path /Users/xinyufang/Library/Developer/Xcode/DerivedData/Buzz-faillbpsmponqzeruhhvskovixzk/Index.noindex/DataStore @/Users/xinyufang/Library/Developer/Xcode/DerivedData/Buzz-faillbpsmponqzeruhhvskovixzk/Build/Intermediates.noindex/Promises.build/Debug-iphonesimulator/FBLPromises.build/Objects-normal/arm64/e6072d4f65d7061329687fe24e3d63a7-common-args.resp -include /Users/xinyufang/Library/Developer/Xcode/DerivedData/Buzz-faillbpsmponqzeruhhvskovixzk/Build/Intermediates.noindex/Promises.build/Debug-iphonesimulator/FBLPromises.build/DerivedSources/resource_bundle_accessor.h -MMD -MT dependencies -MF /Users/xinyufang/Library/Developer/Xcode/DerivedData/Buzz-faillbpsmponqzeruhhvskovixzk/Build/Intermediates.noindex/Promises.build/Debug-iphonesimulator/FBLPromises.build/Objects-normal/arm64/FBLPromise+Do.d --serialize-diagnostics /Users/xinyufang/Library/Developer/Xcode/DerivedData/Buzz-faillbpsmponqzeruhhvskovixzk/Build/Intermediates.noindex/Promises.build/Debug-iphonesimulator/FBLPromises.build/Objects-normal/arm64/FBLPromise+Do.dia -c /Users/xinyufang/Library/Developer/Xcode/DerivedData/Buzz-faillbpsmponqzeruhhvskovixzk/SourcePackages/checkouts/promises/Sources/FBLPromises/FBLPromise+Do.m -o /Users/xinyufang/Library/Developer/Xcode/DerivedData/Buzz-faillbpsmponqzeruhhvskovixzk/Build/Intermediates.noindex/Promises.build/Debug-iphonesimulator/FBLPromises.build/Objects-normal/arm64/FBLPromise+Do.o -index-unit-output-path /Promises.build/Debug-iphonesimulator/FBLPromises.build/Objects-normal/arm64/FBLPromise+Do.o

ScanDependencies /Users/xinyufang/Library/Developer/Xcode/DerivedData/Buzz-faillbpsmponqzeruhhvskovixzk/Build/Intermediates.noindex/Promises.build/Debug-iphonesimulator/FBLPromises.build/Objects-normal/arm64/FBLPromise+Delay.o /Users/xinyufang/Library/Developer/Xcode/DerivedData/Buzz-faillbpsmponqzeruhhvskovixzk/SourcePackages/checkouts/promises/Sources/FBLPromises/FBLPromise+Delay.m normal arm64 objective-c com.apple.compilers.llvm.clang.1_0.compiler (in target 'FBLPromises' from project 'Promises')
    cd /Users/xinyufang/Documents/Buzz/Buzz.xcodeproj
    
    Using response file: /Users/xinyufang/Library/Developer/Xcode/DerivedData/Buzz-faillbpsmponqzeruhhvskovixzk/Build/Intermediates.noindex/Promises.build/Debug-iphonesimulator/FBLPromises.build/Objects-normal/arm64/e6072d4f65d7061329687fe24e3d63a7-common-args.resp
    
    builtin-ScanDependencies -o /Users/xinyufang/Library/Developer/Xcode/DerivedData/Buzz-faillbpsmponqzeruhhvskovixzk/Build/Intermediates.noindex/Promises.build/Debug-iphonesimulator/FBLPromises.build/Objects-normal/arm64/FBLPromise+Delay.o.scan -- /Applications/Xcode.app/Contents/Developer/Toolchains/XcodeDefault.xctoolchain/usr/bin/clang -x objective-c -ivfsstatcache /Users/xinyufang/Library/Developer/Xcode/DerivedData/SDKStatCaches.noindex/iphonesimulator26.0-23A339-26257891a6c027eb51374368541b8346.sdkstatcache -fmessage-length\=0 -fdiagnostics-show-note-include-stack -fmacro-backtrace-limit\=0 -fno-color-diagnostics -fmodules-prune-interval\=86400 -fmodules-prune-after\=345600 -fbuild-session-file\=/Users/xinyufang/Library/Developer/Xcode/DerivedData/ModuleCache.noindex/Session.modulevalidation -fmodules-validate-once-per-build-session -Wnon-modular-include-in-framework-module -Werror\=non-modular-include-in-framework-module -Wno-trigraphs -Wno-missing-field-initializers -Wno-missing-prototypes -Wno-return-type -Wno-implicit-atomic-properties -Wno-objc-interface-ivars -Wno-arc-repeated-use-of-weak -Wno-missing-braces -Wparentheses -Wswitch -Wno-unused-function -Wno-unused-label -Wno-unused-parameter -Wno-unused-variable -Wunused-value -Wno-empty-body -Wno-uninitialized -Wno-unknown-pragmas -w -Wno-shadow -Wno-four-char-constants -Wno-conversion -Wno-constant-conversion -Wno-int-conversion -Wno-bool-conversion -Wno-enum-conversion -Wno-float-conversion -Wno-non-literal-null-conversion -Wno-objc-literal-conversion -Wshorten-64-to-32 -Wpointer-sign -Wno-newline-eof -Wno-selector -Wno-strict-selector-match -Wno-undeclared-selector -Wno-deprecated-implementations -Wno-implicit-fallthrough -fstrict-aliasing -Wprotocol -Wdeprecated-declarations -Wno-sign-conversion -Wno-infinite-recursion -Wno-comma -Wno-block-capture-autoreleasing -Wno-strict-prototypes -Wno-semicolon-before-method-body -index-store-path /Users/xinyufang/Library/Developer/Xcode/DerivedData/Buzz-faillbpsmponqzeruhhvskovixzk/Index.noindex/DataStore @/Users/xinyufang/Library/Developer/Xcode/DerivedData/Buzz-faillbpsmponqzeruhhvskovixzk/Build/Intermediates.noindex/Promises.build/Debug-iphonesimulator/FBLPromises.build/Objects-normal/arm64/e6072d4f65d7061329687fe24e3d63a7-common-args.resp -include /Users/xinyufang/Library/Developer/Xcode/DerivedData/Buzz-faillbpsmponqzeruhhvskovixzk/Build/Intermediates.noindex/Promises.build/Debug-iphonesimulator/FBLPromises.build/DerivedSources/resource_bundle_accessor.h -MMD -MT dependencies -MF /Users/xinyufang/Library/Developer/Xcode/DerivedData/Buzz-faillbpsmponqzeruhhvskovixzk/Build/Intermediates.noindex/Promises.build/Debug-iphonesimulator/FBLPromises.build/Objects-normal/arm64/FBLPromise+Delay.d --serialize-diagnostics /Users/xinyufang/Library/Developer/Xcode/DerivedData/Buzz-faillbpsmponqzeruhhvskovixzk/Build/Intermediates.noindex/Promises.build/Debug-iphonesimulator/FBLPromises.build/Objects-normal/arm64/FBLPromise+Delay.dia -c /Users/xinyufang/Library/Developer/Xcode/DerivedData/Buzz-faillbpsmponqzeruhhvskovixzk/SourcePackages/checkouts/promises/Sources/FBLPromises/FBLPromise+Delay.m -o /Users/xinyufang/Library/Developer/Xcode/DerivedData/Buzz-faillbpsmponqzeruhhvskovixzk/Build/Intermediates.noindex/Promises.build/Debug-iphonesimulator/FBLPromises.build/Objects-normal/arm64/FBLPromise+Delay.o -index-unit-output-path /Promises.build/Debug-iphonesimulator/FBLPromises.build/Objects-normal/arm64/FBLPromise+Delay.o

ScanDependencies /Users/xinyufang/Library/Developer/Xcode/DerivedData/Buzz-faillbpsmponqzeruhhvskovixzk/Build/Intermediates.noindex/Promises.build/Debug-iphonesimulator/FBLPromises.build/Objects-normal/arm64/FBLPromise+Catch.o /Users/xinyufang/Library/Developer/Xcode/DerivedData/Buzz-faillbpsmponqzeruhhvskovixzk/SourcePackages/checkouts/promises/Sources/FBLPromises/FBLPromise+Catch.m normal arm64 objective-c com.apple.compilers.llvm.clang.1_0.compiler (in target 'FBLPromises' from project 'Promises')
    cd /Users/xinyufang/Documents/Buzz/Buzz.xcodeproj
    
    Using response file: /Users/xinyufang/Library/Developer/Xcode/DerivedData/Buzz-faillbpsmponqzeruhhvskovixzk/Build/Intermediates.noindex/Promises.build/Debug-iphonesimulator/FBLPromises.build/Objects-normal/arm64/e6072d4f65d7061329687fe24e3d63a7-common-args.resp
    
    builtin-ScanDependencies -o /Users/xinyufang/Library/Developer/Xcode/DerivedData/Buzz-faillbpsmponqzeruhhvskovixzk/Build/Intermediates.noindex/Promises.build/Debug-iphonesimulator/FBLPromises.build/Objects-normal/arm64/FBLPromise+Catch.o.scan -- /Applications/Xcode.app/Contents/Developer/Toolchains/XcodeDefault.xctoolchain/usr/bin/clang -x objective-c -ivfsstatcache /Users/xinyufang/Library/Developer/Xcode/DerivedData/SDKStatCaches.noindex/iphonesimulator26.0-23A339-26257891a6c027eb51374368541b8346.sdkstatcache -fmessage-length\=0 -fdiagnostics-show-note-include-stack -fmacro-backtrace-limit\=0 -fno-color-diagnostics -fmodules-prune-interval\=86400 -fmodules-prune-after\=345600 -fbuild-session-file\=/Users/xinyufang/Library/Developer/Xcode/DerivedData/ModuleCache.noindex/Session.modulevalidation -fmodules-validate-once-per-build-session -Wnon-modular-include-in-framework-module -Werror\=non-modular-include-in-framework-module -Wno-trigraphs -Wno-missing-field-initializers -Wno-missing-prototypes -Wno-return-type -Wno-implicit-atomic-properties -Wno-objc-interface-ivars -Wno-arc-repeated-use-of-weak -Wno-missing-braces -Wparentheses -Wswitch -Wno-unused-function -Wno-unused-label -Wno-unused-parameter -Wno-unused-variable -Wunused-value -Wno-empty-body -Wno-uninitialized -Wno-unknown-pragmas -w -Wno-shadow -Wno-four-char-constants -Wno-conversion -Wno-constant-conversion -Wno-int-conversion -Wno-bool-conversion -Wno-enum-conversion -Wno-float-conversion -Wno-non-literal-null-conversion -Wno-objc-literal-conversion -Wshorten-64-to-32 -Wpointer-sign -Wno-newline-eof -Wno-selector -Wno-strict-selector-match -Wno-undeclared-selector -Wno-deprecated-implementations -Wno-implicit-fallthrough -fstrict-aliasing -Wprotocol -Wdeprecated-declarations -Wno-sign-conversion -Wno-infinite-recursion -Wno-comma -Wno-block-capture-autoreleasing -Wno-strict-prototypes -Wno-semicolon-before-method-body -index-store-path /Users/xinyufang/Library/Developer/Xcode/DerivedData/Buzz-faillbpsmponqzeruhhvskovixzk/Index.noindex/DataStore @/Users/xinyufang/Library/Developer/Xcode/DerivedData/Buzz-faillbpsmponqzeruhhvskovixzk/Build/Intermediates.noindex/Promises.build/Debug-iphonesimulator/FBLPromises.build/Objects-normal/arm64/e6072d4f65d7061329687fe24e3d63a7-common-args.resp -include /Users/xinyufang/Library/Developer/Xcode/DerivedData/Buzz-faillbpsmponqzeruhhvskovixzk/Build/Intermediates.noindex/Promises.build/Debug-iphonesimulator/FBLPromises.build/DerivedSources/resource_bundle_accessor.h -MMD -MT dependencies -MF /Users/xinyufang/Library/Developer/Xcode/DerivedData/Buzz-faillbpsmponqzeruhhvskovixzk/Build/Intermediates.noindex/Promises.build/Debug-iphonesimulator/FBLPromises.build/Objects-normal/arm64/FBLPromise+Catch.d --serialize-diagnostics /Users/xinyufang/Library/Developer/Xcode/DerivedData/Buzz-faillbpsmponqzeruhhvskovixzk/Build/Intermediates.noindex/Promises.build/Debug-iphonesimulator/FBLPromises.build/Objects-normal/arm64/FBLPromise+Catch.dia -c /Users/xinyufang/Library/Developer/Xcode/DerivedData/Buzz-faillbpsmponqzeruhhvskovixzk/SourcePackages/checkouts/promises/Sources/FBLPromises/FBLPromise+Catch.m -o /Users/xinyufang/Library/Developer/Xcode/DerivedData/Buzz-faillbpsmponqzeruhhvskovixzk/Build/Intermediates.noindex/Promises.build/Debug-iphonesimulator/FBLPromises.build/Objects-normal/arm64/FBLPromise+Catch.o -index-unit-output-path /Promises.build/Debug-iphonesimulator/FBLPromises.build/Objects-normal/arm64/FBLPromise+Catch.o

ScanDependencies /Users/xinyufang/Library/Developer/Xcode/DerivedData/Buzz-faillbpsmponqzeruhhvskovixzk/Build/Intermediates.noindex/Promises.build/Debug-iphonesimulator/FBLPromises.build/Objects-normal/arm64/FBLPromise+Await.o /Users/xinyufang/Library/Developer/Xcode/DerivedData/Buzz-faillbpsmponqzeruhhvskovixzk/SourcePackages/checkouts/promises/Sources/FBLPromises/FBLPromise+Await.m normal arm64 objective-c com.apple.compilers.llvm.clang.1_0.compiler (in target 'FBLPromises' from project 'Promises')
    cd /Users/xinyufang/Documents/Buzz/Buzz.xcodeproj
    
    Using response file: /Users/xinyufang/Library/Developer/Xcode/DerivedData/Buzz-faillbpsmponqzeruhhvskovixzk/Build/Intermediates.noindex/Promises.build/Debug-iphonesimulator/FBLPromises.build/Objects-normal/arm64/e6072d4f65d7061329687fe24e3d63a7-common-args.resp
    
    builtin-ScanDependencies -o /Users/xinyufang/Library/Developer/Xcode/DerivedData/Buzz-faillbpsmponqzeruhhvskovixzk/Build/Intermediates.noindex/Promises.build/Debug-iphonesimulator/FBLPromises.build/Objects-normal/arm64/FBLPromise+Await.o.scan -- /Applications/Xcode.app/Contents/Developer/Toolchains/XcodeDefault.xctoolchain/usr/bin/clang -x objective-c -ivfsstatcache /Users/xinyufang/Library/Developer/Xcode/DerivedData/SDKStatCaches.noindex/iphonesimulator26.0-23A339-26257891a6c027eb51374368541b8346.sdkstatcache -fmessage-length\=0 -fdiagnostics-show-note-include-stack -fmacro-backtrace-limit\=0 -fno-color-diagnostics -fmodules-prune-interval\=86400 -fmodules-prune-after\=345600 -fbuild-session-file\=/Users/xinyufang/Library/Developer/Xcode/DerivedData/ModuleCache.noindex/Session.modulevalidation -fmodules-validate-once-per-build-session -Wnon-modular-include-in-framework-module -Werror\=non-modular-include-in-framework-module -Wno-trigraphs -Wno-missing-field-initializers -Wno-missing-prototypes -Wno-return-type -Wno-implicit-atomic-properties -Wno-objc-interface-ivars -Wno-arc-repeated-use-of-weak -Wno-missing-braces -Wparentheses -Wswitch -Wno-unused-function -Wno-unused-label -Wno-unused-parameter -Wno-unused-variable -Wunused-value -Wno-empty-body -Wno-uninitialized -Wno-unknown-pragmas -w -Wno-shadow -Wno-four-char-constants -Wno-conversion -Wno-constant-conversion -Wno-int-conversion -Wno-bool-conversion -Wno-enum-conversion -Wno-float-conversion -Wno-non-literal-null-conversion -Wno-objc-literal-conversion -Wshorten-64-to-32 -Wpointer-sign -Wno-newline-eof -Wno-selector -Wno-strict-selector-match -Wno-undeclared-selector -Wno-deprecated-implementations -Wno-implicit-fallthrough -fstrict-aliasing -Wprotocol -Wdeprecated-declarations -Wno-sign-conversion -Wno-infinite-recursion -Wno-comma -Wno-block-capture-autoreleasing -Wno-strict-prototypes -Wno-semicolon-before-method-body -index-store-path /Users/xinyufang/Library/Developer/Xcode/DerivedData/Buzz-faillbpsmponqzeruhhvskovixzk/Index.noindex/DataStore @/Users/xinyufang/Library/Developer/Xcode/DerivedData/Buzz-faillbpsmponqzeruhhvskovixzk/Build/Intermediates.noindex/Promises.build/Debug-iphonesimulator/FBLPromises.build/Objects-normal/arm64/e6072d4f65d7061329687fe24e3d63a7-common-args.resp -include /Users/xinyufang/Library/Developer/Xcode/DerivedData/Buzz-faillbpsmponqzeruhhvskovixzk/Build/Intermediates.noindex/Promises.build/Debug-iphonesimulator/FBLPromises.build/DerivedSources/resource_bundle_accessor.h -MMD -MT dependencies -MF /Users/xinyufang/Library/Developer/Xcode/DerivedData/Buzz-faillbpsmponqzeruhhvskovixzk/Build/Intermediates.noindex/Promises.build/Debug-iphonesimulator/FBLPromises.build/Objects-normal/arm64/FBLPromise+Await.d --serialize-diagnostics /Users/xinyufang/Library/Developer/Xcode/DerivedData/Buzz-faillbpsmponqzeruhhvskovixzk/Build/Intermediates.noindex/Promises.build/Debug-iphonesimulator/FBLPromises.build/Objects-normal/arm64/FBLPromise+Await.dia -c /Users/xinyufang/Library/Developer/Xcode/DerivedData/Buzz-faillbpsmponqzeruhhvskovixzk/SourcePackages/checkouts/promises/Sources/FBLPromises/FBLPromise+Await.m -o /Users/xinyufang/Library/Developer/Xcode/DerivedData/Buzz-faillbpsmponqzeruhhvskovixzk/Build/Intermediates.noindex/Promises.build/Debug-iphonesimulator/FBLPromises.build/Objects-normal/arm64/FBLPromise+Await.o -index-unit-output-path /Promises.build/Debug-iphonesimulator/FBLPromises.build/Objects-normal/arm64/FBLPromise+Await.o

ScanDependencies /Users/xinyufang/Library/Developer/Xcode/DerivedData/Buzz-faillbpsmponqzeruhhvskovixzk/Build/Intermediates.noindex/Promises.build/Debug-iphonesimulator/FBLPromises.build/Objects-normal/arm64/FBLPromise+Async.o /Users/xinyufang/Library/Developer/Xcode/DerivedData/Buzz-faillbpsmponqzeruhhvskovixzk/SourcePackages/checkouts/promises/Sources/FBLPromises/FBLPromise+Async.m normal arm64 objective-c com.apple.compilers.llvm.clang.1_0.compiler (in target 'FBLPromises' from project 'Promises')
    cd /Users/xinyufang/Documents/Buzz/Buzz.xcodeproj
    
    Using response file: /Users/xinyufang/Library/Developer/Xcode/DerivedData/Buzz-faillbpsmponqzeruhhvskovixzk/Build/Intermediates.noindex/Promises.build/Debug-iphonesimulator/FBLPromises.build/Objects-normal/arm64/e6072d4f65d7061329687fe24e3d63a7-common-args.resp
    
    builtin-ScanDependencies -o /Users/xinyufang/Library/Developer/Xcode/DerivedData/Buzz-faillbpsmponqzeruhhvskovixzk/Build/Intermediates.noindex/Promises.build/Debug-iphonesimulator/FBLPromises.build/Objects-normal/arm64/FBLPromise+Async.o.scan -- /Applications/Xcode.app/Contents/Developer/Toolchains/XcodeDefault.xctoolchain/usr/bin/clang -x objective-c -ivfsstatcache /Users/xinyufang/Library/Developer/Xcode/DerivedData/SDKStatCaches.noindex/iphonesimulator26.0-23A339-26257891a6c027eb51374368541b8346.sdkstatcache -fmessage-length\=0 -fdiagnostics-show-note-include-stack -fmacro-backtrace-limit\=0 -fno-color-diagnostics -fmodules-prune-interval\=86400 -fmodules-prune-after\=345600 -fbuild-session-file\=/Users/xinyufang/Library/Developer/Xcode/DerivedData/ModuleCache.noindex/Session.modulevalidation -fmodules-validate-once-per-build-session -Wnon-modular-include-in-framework-module -Werror\=non-modular-include-in-framework-module -Wno-trigraphs -Wno-missing-field-initializers -Wno-missing-prototypes -Wno-return-type -Wno-implicit-atomic-properties -Wno-objc-interface-ivars -Wno-arc-repeated-use-of-weak -Wno-missing-braces -Wparentheses -Wswitch -Wno-unused-function -Wno-unused-label -Wno-unused-parameter -Wno-unused-variable -Wunused-value -Wno-empty-body -Wno-uninitialized -Wno-unknown-pragmas -w -Wno-shadow -Wno-four-char-constants -Wno-conversion -Wno-constant-conversion -Wno-int-conversion -Wno-bool-conversion -Wno-enum-conversion -Wno-float-conversion -Wno-non-literal-null-conversion -Wno-objc-literal-conversion -Wshorten-64-to-32 -Wpointer-sign -Wno-newline-eof -Wno-selector -Wno-strict-selector-match -Wno-undeclared-selector -Wno-deprecated-implementations -Wno-implicit-fallthrough -fstrict-aliasing -Wprotocol -Wdeprecated-declarations -Wno-sign-conversion -Wno-infinite-recursion -Wno-comma -Wno-block-capture-autoreleasing -Wno-strict-prototypes -Wno-semicolon-before-method-body -index-store-path /Users/xinyufang/Library/Developer/Xcode/DerivedData/Buzz-faillbpsmponqzeruhhvskovixzk/Index.noindex/DataStore @/Users/xinyufang/Library/Developer/Xcode/DerivedData/Buzz-faillbpsmponqzeruhhvskovixzk/Build/Intermediates.noindex/Promises.build/Debug-iphonesimulator/FBLPromises.build/Objects-normal/arm64/e6072d4f65d7061329687fe24e3d63a7-common-args.resp -include /Users/xinyufang/Library/Developer/Xcode/DerivedData/Buzz-faillbpsmponqzeruhhvskovixzk/Build/Intermediates.noindex/Promises.build/Debug-iphonesimulator/FBLPromises.build/DerivedSources/resource_bundle_accessor.h -MMD -MT dependencies -MF /Users/xinyufang/Library/Developer/Xcode/DerivedData/Buzz-faillbpsmponqzeruhhvskovixzk/Build/Intermediates.noindex/Promises.build/Debug-iphonesimulator/FBLPromises.build/Objects-normal/arm64/FBLPromise+Async.d --serialize-diagnostics /Users/xinyufang/Library/Developer/Xcode/DerivedData/Buzz-faillbpsmponqzeruhhvskovixzk/Build/Intermediates.noindex/Promises.build/Debug-iphonesimulator/FBLPromises.build/Objects-normal/arm64/FBLPromise+Async.dia -c /Users/xinyufang/Library/Developer/Xcode/DerivedData/Buzz-faillbpsmponqzeruhhvskovixzk/SourcePackages/checkouts/promises/Sources/FBLPromises/FBLPromise+Async.m -o /Users/xinyufang/Library/Developer/Xcode/DerivedData/Buzz-faillbpsmponqzeruhhvskovixzk/Build/Intermediates.noindex/Promises.build/Debug-iphonesimulator/FBLPromises.build/Objects-normal/arm64/FBLPromise+Async.o -index-unit-output-path /Promises.build/Debug-iphonesimulator/FBLPromises.build/Objects-normal/arm64/FBLPromise+Async.o

ScanDependencies /Users/xinyufang/Library/Developer/Xcode/DerivedData/Buzz-faillbpsmponqzeruhhvskovixzk/Build/Intermediates.noindex/Promises.build/Debug-iphonesimulator/FBLPromises.build/Objects-normal/arm64/FBLPromise+Any.o /Users/xinyufang/Library/Developer/Xcode/DerivedData/Buzz-faillbpsmponqzeruhhvskovixzk/SourcePackages/checkouts/promises/Sources/FBLPromises/FBLPromise+Any.m normal arm64 objective-c com.apple.compilers.llvm.clang.1_0.compiler (in target 'FBLPromises' from project 'Promises')
    cd /Users/xinyufang/Documents/Buzz/Buzz.xcodeproj
    
    Using response file: /Users/xinyufang/Library/Developer/Xcode/DerivedData/Buzz-faillbpsmponqzeruhhvskovixzk/Build/Intermediates.noindex/Promises.build/Debug-iphonesimulator/FBLPromises.build/Objects-normal/arm64/e6072d4f65d7061329687fe24e3d63a7-common-args.resp
    
    builtin-ScanDependencies -o /Users/xinyufang/Library/Developer/Xcode/DerivedData/Buzz-faillbpsmponqzeruhhvskovixzk/Build/Intermediates.noindex/Promises.build/Debug-iphonesimulator/FBLPromises.build/Objects-normal/arm64/FBLPromise+Any.o.scan -- /Applications/Xcode.app/Contents/Developer/Toolchains/XcodeDefault.xctoolchain/usr/bin/clang -x objective-c -ivfsstatcache /Users/xinyufang/Library/Developer/Xcode/DerivedData/SDKStatCaches.noindex/iphonesimulator26.0-23A339-26257891a6c027eb51374368541b8346.sdkstatcache -fmessage-length\=0 -fdiagnostics-show-note-include-stack -fmacro-backtrace-limit\=0 -fno-color-diagnostics -fmodules-prune-interval\=86400 -fmodules-prune-after\=345600 -fbuild-session-file\=/Users/xinyufang/Library/Developer/Xcode/DerivedData/ModuleCache.noindex/Session.modulevalidation -fmodules-validate-once-per-build-session -Wnon-modular-include-in-framework-module -Werror\=non-modular-include-in-framework-module -Wno-trigraphs -Wno-missing-field-initializers -Wno-missing-prototypes -Wno-return-type -Wno-implicit-atomic-properties -Wno-objc-interface-ivars -Wno-arc-repeated-use-of-weak -Wno-missing-braces -Wparentheses -Wswitch -Wno-unused-function -Wno-unused-label -Wno-unused-parameter -Wno-unused-variable -Wunused-value -Wno-empty-body -Wno-uninitialized -Wno-unknown-pragmas -w -Wno-shadow -Wno-four-char-constants -Wno-conversion -Wno-constant-conversion -Wno-int-conversion -Wno-bool-conversion -Wno-enum-conversion -Wno-float-conversion -Wno-non-literal-null-conversion -Wno-objc-literal-conversion -Wshorten-64-to-32 -Wpointer-sign -Wno-newline-eof -Wno-selector -Wno-strict-selector-match -Wno-undeclared-selector -Wno-deprecated-implementations -Wno-implicit-fallthrough -fstrict-aliasing -Wprotocol -Wdeprecated-declarations -Wno-sign-conversion -Wno-infinite-recursion -Wno-comma -Wno-block-capture-autoreleasing -Wno-strict-prototypes -Wno-semicolon-before-method-body -index-store-path /Users/xinyufang/Library/Developer/Xcode/DerivedData/Buzz-faillbpsmponqzeruhhvskovixzk/Index.noindex/DataStore @/Users/xinyufang/Library/Developer/Xcode/DerivedData/Buzz-faillbpsmponqzeruhhvskovixzk/Build/Intermediates.noindex/Promises.build/Debug-iphonesimulator/FBLPromises.build/Objects-normal/arm64/e6072d4f65d7061329687fe24e3d63a7-common-args.resp -include /Users/xinyufang/Library/Developer/Xcode/DerivedData/Buzz-faillbpsmponqzeruhhvskovixzk/Build/Intermediates.noindex/Promises.build/Debug-iphonesimulator/FBLPromises.build/DerivedSources/resource_bundle_accessor.h -MMD -MT dependencies -MF /Users/xinyufang/Library/Developer/Xcode/DerivedData/Buzz-faillbpsmponqzeruhhvskovixzk/Build/Intermediates.noindex/Promises.build/Debug-iphonesimulator/FBLPromises.build/Objects-normal/arm64/FBLPromise+Any.d --serialize-diagnostics /Users/xinyufang/Library/Developer/Xcode/DerivedData/Buzz-faillbpsmponqzeruhhvskovixzk/Build/Intermediates.noindex/Promises.build/Debug-iphonesimulator/FBLPromises.build/Objects-normal/arm64/FBLPromise+Any.dia -c /Users/xinyufang/Library/Developer/Xcode/DerivedData/Buzz-faillbpsmponqzeruhhvskovixzk/SourcePackages/checkouts/promises/Sources/FBLPromises/FBLPromise+Any.m -o /Users/xinyufang/Library/Developer/Xcode/DerivedData/Buzz-faillbpsmponqzeruhhvskovixzk/Build/Intermediates.noindex/Promises.build/Debug-iphonesimulator/FBLPromises.build/Objects-normal/arm64/FBLPromise+Any.o -index-unit-output-path /Promises.build/Debug-iphonesimulator/FBLPromises.build/Objects-normal/arm64/FBLPromise+Any.o

ScanDependencies /Users/xinyufang/Library/Developer/Xcode/DerivedData/Buzz-faillbpsmponqzeruhhvskovixzk/Build/Intermediates.noindex/Promises.build/Debug-iphonesimulator/FBLPromises.build/Objects-normal/arm64/FBLPromise+Always.o /Users/xinyufang/Library/Developer/Xcode/DerivedData/Buzz-faillbpsmponqzeruhhvskovixzk/SourcePackages/checkouts/promises/Sources/FBLPromises/FBLPromise+Always.m normal arm64 objective-c com.apple.compilers.llvm.clang.1_0.compiler (in target 'FBLPromises' from project 'Promises')
    cd /Users/xinyufang/Documents/Buzz/Buzz.xcodeproj
    
    Using response file: /Users/xinyufang/Library/Developer/Xcode/DerivedData/Buzz-faillbpsmponqzeruhhvskovixzk/Build/Intermediates.noindex/Promises.build/Debug-iphonesimulator/FBLPromises.build/Objects-normal/arm64/e6072d4f65d7061329687fe24e3d63a7-common-args.resp
    
    builtin-ScanDependencies -o /Users/xinyufang/Library/Developer/Xcode/DerivedData/Buzz-faillbpsmponqzeruhhvskovixzk/Build/Intermediates.noindex/Promises.build/Debug-iphonesimulator/FBLPromises.build/Objects-normal/arm64/FBLPromise+Always.o.scan -- /Applications/Xcode.app/Contents/Developer/Toolchains/XcodeDefault.xctoolchain/usr/bin/clang -x objective-c -ivfsstatcache /Users/xinyufang/Library/Developer/Xcode/DerivedData/SDKStatCaches.noindex/iphonesimulator26.0-23A339-26257891a6c027eb51374368541b8346.sdkstatcache -fmessage-length\=0 -fdiagnostics-show-note-include-stack -fmacro-backtrace-limit\=0 -fno-color-diagnostics -fmodules-prune-interval\=86400 -fmodules-prune-after\=345600 -fbuild-session-file\=/Users/xinyufang/Library/Developer/Xcode/DerivedData/ModuleCache.noindex/Session.modulevalidation -fmodules-validate-once-per-build-session -Wnon-modular-include-in-framework-module -Werror\=non-modular-include-in-framework-module -Wno-trigraphs -Wno-missing-field-initializers -Wno-missing-prototypes -Wno-return-type -Wno-implicit-atomic-properties -Wno-objc-interface-ivars -Wno-arc-repeated-use-of-weak -Wno-missing-braces -Wparentheses -Wswitch -Wno-unused-function -Wno-unused-label -Wno-unused-parameter -Wno-unused-variable -Wunused-value -Wno-empty-body -Wno-uninitialized -Wno-unknown-pragmas -w -Wno-shadow -Wno-four-char-constants -Wno-conversion -Wno-constant-conversion -Wno-int-conversion -Wno-bool-conversion -Wno-enum-conversion -Wno-float-conversion -Wno-non-literal-null-conversion -Wno-objc-literal-conversion -Wshorten-64-to-32 -Wpointer-sign -Wno-newline-eof -Wno-selector -Wno-strict-selector-match -Wno-undeclared-selector -Wno-deprecated-implementations -Wno-implicit-fallthrough -fstrict-aliasing -Wprotocol -Wdeprecated-declarations -Wno-sign-conversion -Wno-infinite-recursion -Wno-comma -Wno-block-capture-autoreleasing -Wno-strict-prototypes -Wno-semicolon-before-method-body -index-store-path /Users/xinyufang/Library/Developer/Xcode/DerivedData/Buzz-faillbpsmponqzeruhhvskovixzk/Index.noindex/DataStore @/Users/xinyufang/Library/Developer/Xcode/DerivedData/Buzz-faillbpsmponqzeruhhvskovixzk/Build/Intermediates.noindex/Promises.build/Debug-iphonesimulator/FBLPromises.build/Objects-normal/arm64/e6072d4f65d7061329687fe24e3d63a7-common-args.resp -include /Users/xinyufang/Library/Developer/Xcode/DerivedData/Buzz-faillbpsmponqzeruhhvskovixzk/Build/Intermediates.noindex/Promises.build/Debug-iphonesimulator/FBLPromises.build/DerivedSources/resource_bundle_accessor.h -MMD -MT dependencies -MF /Users/xinyufang/Library/Developer/Xcode/DerivedData/Buzz-faillbpsmponqzeruhhvskovixzk/Build/Intermediates.noindex/Promises.build/Debug-iphonesimulator/FBLPromises.build/Objects-normal/arm64/FBLPromise+Always.d --serialize-diagnostics /Users/xinyufang/Library/Developer/Xcode/DerivedData/Buzz-faillbpsmponqzeruhhvskovixzk/Build/Intermediates.noindex/Promises.build/Debug-iphonesimulator/FBLPromises.build/Objects-normal/arm64/FBLPromise+Always.dia -c /Users/xinyufang/Library/Developer/Xcode/DerivedData/Buzz-faillbpsmponqzeruhhvskovixzk/SourcePackages/checkouts/promises/Sources/FBLPromises/FBLPromise+Always.m -o /Users/xinyufang/Library/Developer/Xcode/DerivedData/Buzz-faillbpsmponqzeruhhvskovixzk/Build/Intermediates.noindex/Promises.build/Debug-iphonesimulator/FBLPromises.build/Objects-normal/arm64/FBLPromise+Always.o -index-unit-output-path /Promises.build/Debug-iphonesimulator/FBLPromises.build/Objects-normal/arm64/FBLPromise+Always.o

ScanDependencies /Users/xinyufang/Library/Developer/Xcode/DerivedData/Buzz-faillbpsmponqzeruhhvskovixzk/Build/Intermediates.noindex/Promises.build/Debug-iphonesimulator/FBLPromises.build/Objects-normal/arm64/FBLPromise+All.o /Users/xinyufang/Library/Developer/Xcode/DerivedData/Buzz-faillbpsmponqzeruhhvskovixzk/SourcePackages/checkouts/promises/Sources/FBLPromises/FBLPromise+All.m normal arm64 objective-c com.apple.compilers.llvm.clang.1_0.compiler (in target 'FBLPromises' from project 'Promises')
    cd /Users/xinyufang/Documents/Buzz/Buzz.xcodeproj
    
    Using response file: /Users/xinyufang/Library/Developer/Xcode/DerivedData/Buzz-faillbpsmponqzeruhhvskovixzk/Build/Intermediates.noindex/Promises.build/Debug-iphonesimulator/FBLPromises.build/Objects-normal/arm64/e6072d4f65d7061329687fe24e3d63a7-common-args.resp
    
    builtin-ScanDependencies -o /Users/xinyufang/Library/Developer/Xcode/DerivedData/Buzz-faillbpsmponqzeruhhvskovixzk/Build/Intermediates.noindex/Promises.build/Debug-iphonesimulator/FBLPromises.build/Objects-normal/arm64/FBLPromise+All.o.scan -- /Applications/Xcode.app/Contents/Developer/Toolchains/XcodeDefault.xctoolchain/usr/bin/clang -x objective-c -ivfsstatcache /Users/xinyufang/Library/Developer/Xcode/DerivedData/SDKStatCaches.noindex/iphonesimulator26.0-23A339-26257891a6c027eb51374368541b8346.sdkstatcache -fmessage-length\=0 -fdiagnostics-show-note-include-stack -fmacro-backtrace-limit\=0 -fno-color-diagnostics -fmodules-prune-interval\=86400 -fmodules-prune-after\=345600 -fbuild-session-file\=/Users/xinyufang/Library/Developer/Xcode/DerivedData/ModuleCache.noindex/Session.modulevalidation -fmodules-validate-once-per-build-session -Wnon-modular-include-in-framework-module -Werror\=non-modular-include-in-framework-module -Wno-trigraphs -Wno-missing-field-initializers -Wno-missing-prototypes -Wno-return-type -Wno-implicit-atomic-properties -Wno-objc-interface-ivars -Wno-arc-repeated-use-of-weak -Wno-missing-braces -Wparentheses -Wswitch -Wno-unused-function -Wno-unused-label -Wno-unused-parameter -Wno-unused-variable -Wunused-value -Wno-empty-body -Wno-uninitialized -Wno-unknown-pragmas -w -Wno-shadow -Wno-four-char-constants -Wno-conversion -Wno-constant-conversion -Wno-int-conversion -Wno-bool-conversion -Wno-enum-conversion -Wno-float-conversion -Wno-non-literal-null-conversion -Wno-objc-literal-conversion -Wshorten-64-to-32 -Wpointer-sign -Wno-newline-eof -Wno-selector -Wno-strict-selector-match -Wno-undeclared-selector -Wno-deprecated-implementations -Wno-implicit-fallthrough -fstrict-aliasing -Wprotocol -Wdeprecated-declarations -Wno-sign-conversion -Wno-infinite-recursion -Wno-comma -Wno-block-capture-autoreleasing -Wno-strict-prototypes -Wno-semicolon-before-method-body -index-store-path /Users/xinyufang/Library/Developer/Xcode/DerivedData/Buzz-faillbpsmponqzeruhhvskovixzk/Index.noindex/DataStore @/Users/xinyufang/Library/Developer/Xcode/DerivedData/Buzz-faillbpsmponqzeruhhvskovixzk/Build/Intermediates.noindex/Promises.build/Debug-iphonesimulator/FBLPromises.build/Objects-normal/arm64/e6072d4f65d7061329687fe24e3d63a7-common-args.resp -include /Users/xinyufang/Library/Developer/Xcode/DerivedData/Buzz-faillbpsmponqzeruhhvskovixzk/Build/Intermediates.noindex/Promises.build/Debug-iphonesimulator/FBLPromises.build/DerivedSources/resource_bundle_accessor.h -MMD -MT dependencies -MF /Users/xinyufang/Library/Developer/Xcode/DerivedData/Buzz-faillbpsmponqzeruhhvskovixzk/Build/Intermediates.noindex/Promises.build/Debug-iphonesimulator/FBLPromises.build/Objects-normal/arm64/FBLPromise+All.d --serialize-diagnostics /Users/xinyufang/Library/Developer/Xcode/DerivedData/Buzz-faillbpsmponqzeruhhvskovixzk/Build/Intermediates.noindex/Promises.build/Debug-iphonesimulator/FBLPromises.build/Objects-normal/arm64/FBLPromise+All.dia -c /Users/xinyufang/Library/Developer/Xcode/DerivedData/Buzz-faillbpsmponqzeruhhvskovixzk/SourcePackages/checkouts/promises/Sources/FBLPromises/FBLPromise+All.m -o /Users/xinyufang/Library/Developer/Xcode/DerivedData/Buzz-faillbpsmponqzeruhhvskovixzk/Build/Intermediates.noindex/Promises.build/Debug-iphonesimulator/FBLPromises.build/Objects-normal/arm64/FBLPromise+All.o -index-unit-output-path /Promises.build/Debug-iphonesimulator/FBLPromises.build/Objects-normal/arm64/FBLPromise+All.o

SwiftCompile normal arm64 Compiling\ HMAC.swift,\ MACFunctions.swift,\ MessageAuthenticationCode.swift,\ AES.swift,\ ECDSASignature_boring.swift,\ ECDSA_boring.swift,\ EdDSA_boring.swift,\ MLDSA_boring.swift,\ MLDSA_wrapper.swift,\ ECDSA.swift,\ Ed25519.swift /Users/xinyufang/Library/Developer/Xcode/DerivedData/Buzz-faillbpsmponqzeruhhvskovixzk/SourcePackages/checkouts/swift-crypto/Sources/Crypto/Message\ Authentication\ Codes/HMAC/HMAC.swift /Users/xinyufang/Library/Developer/Xcode/DerivedData/Buzz-faillbpsmponqzeruhhvskovixzk/SourcePackages/checkouts/swift-crypto/Sources/Crypto/Message\ Authentication\ Codes/MACFunctions.swift /Users/xinyufang/Library/Developer/Xcode/DerivedData/Buzz-faillbpsmponqzeruhhvskovixzk/SourcePackages/checkouts/swift-crypto/Sources/Crypto/Message\ Authentication\ Codes/MessageAuthenticationCode.swift /Users/xinyufang/Library/Developer/Xcode/DerivedData/Buzz-faillbpsmponqzeruhhvskovixzk/SourcePackages/checkouts/swift-crypto/Sources/Crypto/PRF/AES.swift /Users/xinyufang/Library/Developer/Xcode/DerivedData/Buzz-faillbpsmponqzeruhhvskovixzk/SourcePackages/checkouts/swift-crypto/Sources/Crypto/Signatures/BoringSSL/ECDSASignature_boring.swift /Users/xinyufang/Library/Developer/Xcode/DerivedData/Buzz-faillbpsmponqzeruhhvskovixzk/SourcePackages/checkouts/swift-crypto/Sources/Crypto/Signatures/BoringSSL/ECDSA_boring.swift /Users/xinyufang/Library/Developer/Xcode/DerivedData/Buzz-faillbpsmponqzeruhhvskovixzk/SourcePackages/checkouts/swift-crypto/Sources/Crypto/Signatures/BoringSSL/EdDSA_boring.swift /Users/xinyufang/Library/Developer/Xcode/DerivedData/Buzz-faillbpsmponqzeruhhvskovixzk/SourcePackages/checkouts/swift-crypto/Sources/Crypto/Signatures/BoringSSL/MLDSA_boring.swift /Users/xinyufang/Library/Developer/Xcode/DerivedData/Buzz-faillbpsmponqzeruhhvskovixzk/SourcePackages/checkouts/swift-crypto/Sources/Crypto/Signatures/BoringSSL/MLDSA_wrapper.swift /Users/xinyufang/Library/Developer/Xcode/DerivedData/Buzz-faillbpsmponqzeruhhvskovixzk/SourcePackages/checkouts/swift-crypto/Sources/Crypto/Signatures/ECDSA.swift /Users/xinyufang/Library/Developer/Xcode/DerivedData/Buzz-faillbpsmponqzeruhhvskovixzk/SourcePackages/checkouts/swift-crypto/Sources/Crypto/Signatures/Ed25519.swift (in target 'Crypto' from project 'swift-crypto')

SwiftCompile normal arm64 /Users/xinyufang/Library/Developer/Xcode/DerivedData/Buzz-faillbpsmponqzeruhhvskovixzk/SourcePackages/checkouts/swift-crypto/Sources/Crypto/Message\ Authentication\ Codes/HMAC/HMAC.swift (in target 'Crypto' from project 'swift-crypto')
    cd /Users/xinyufang/Documents/Buzz/Buzz.xcodeproj
    

SwiftCompile normal arm64 /Users/xinyufang/Library/Developer/Xcode/DerivedData/Buzz-faillbpsmponqzeruhhvskovixzk/SourcePackages/checkouts/swift-crypto/Sources/Crypto/Message\ Authentication\ Codes/MACFunctions.swift (in target 'Crypto' from project 'swift-crypto')
    cd /Users/xinyufang/Documents/Buzz/Buzz.xcodeproj
    

SwiftCompile normal arm64 /Users/xinyufang/Library/Developer/Xcode/DerivedData/Buzz-faillbpsmponqzeruhhvskovixzk/SourcePackages/checkouts/swift-crypto/Sources/Crypto/Message\ Authentication\ Codes/MessageAuthenticationCode.swift (in target 'Crypto' from project 'swift-crypto')
    cd /Users/xinyufang/Documents/Buzz/Buzz.xcodeproj
    

SwiftCompile normal arm64 /Users/xinyufang/Library/Developer/Xcode/DerivedData/Buzz-faillbpsmponqzeruhhvskovixzk/SourcePackages/checkouts/swift-crypto/Sources/Crypto/PRF/AES.swift (in target 'Crypto' from project 'swift-crypto')
    cd /Users/xinyufang/Documents/Buzz/Buzz.xcodeproj
    

SwiftCompile normal arm64 /Users/xinyufang/Library/Developer/Xcode/DerivedData/Buzz-faillbpsmponqzeruhhvskovixzk/SourcePackages/checkouts/swift-crypto/Sources/Crypto/Signatures/BoringSSL/ECDSASignature_boring.swift (in target 'Crypto' from project 'swift-crypto')
    cd /Users/xinyufang/Documents/Buzz/Buzz.xcodeproj
    

SwiftCompile normal arm64 /Users/xinyufang/Library/Developer/Xcode/DerivedData/Buzz-faillbpsmponqzeruhhvskovixzk/SourcePackages/checkouts/swift-crypto/Sources/Crypto/Signatures/BoringSSL/ECDSA_boring.swift (in target 'Crypto' from project 'swift-crypto')
    cd /Users/xinyufang/Documents/Buzz/Buzz.xcodeproj
    

SwiftCompile normal arm64 /Users/xinyufang/Library/Developer/Xcode/DerivedData/Buzz-faillbpsmponqzeruhhvskovixzk/SourcePackages/checkouts/swift-crypto/Sources/Crypto/Signatures/BoringSSL/EdDSA_boring.swift (in target 'Crypto' from project 'swift-crypto')
    cd /Users/xinyufang/Documents/Buzz/Buzz.xcodeproj
    

SwiftCompile normal arm64 /Users/xinyufang/Library/Developer/Xcode/DerivedData/Buzz-faillbpsmponqzeruhhvskovixzk/SourcePackages/checkouts/swift-crypto/Sources/Crypto/Signatures/BoringSSL/MLDSA_boring.swift (in target 'Crypto' from project 'swift-crypto')
    cd /Users/xinyufang/Documents/Buzz/Buzz.xcodeproj
    

SwiftCompile normal arm64 /Users/xinyufang/Library/Developer/Xcode/DerivedData/Buzz-faillbpsmponqzeruhhvskovixzk/SourcePackages/checkouts/swift-crypto/Sources/Crypto/Signatures/BoringSSL/MLDSA_wrapper.swift (in target 'Crypto' from project 'swift-crypto')
    cd /Users/xinyufang/Documents/Buzz/Buzz.xcodeproj
    

SwiftCompile normal arm64 /Users/xinyufang/Library/Developer/Xcode/DerivedData/Buzz-faillbpsmponqzeruhhvskovixzk/SourcePackages/checkouts/swift-crypto/Sources/Crypto/Signatures/ECDSA.swift (in target 'Crypto' from project 'swift-crypto')
    cd /Users/xinyufang/Documents/Buzz/Buzz.xcodeproj
    

SwiftCompile normal arm64 /Users/xinyufang/Library/Developer/Xcode/DerivedData/Buzz-faillbpsmponqzeruhhvskovixzk/SourcePackages/checkouts/swift-crypto/Sources/Crypto/Signatures/Ed25519.swift (in target 'Crypto' from project 'swift-crypto')
    cd /Users/xinyufang/Documents/Buzz/Buzz.xcodeproj
    

SwiftCompile normal arm64 Compiling\ HPKE-KexKeyDerivation.swift,\ HPKE-LabeledExtract.swift,\ HPKE-Utils.swift,\ DHKEM.swift,\ HPKE-KEM-Curve25519.swift,\ HPKE-NIST-EC-KEMs.swift,\ HPKE-KEM.swift,\ HPKE-Errors.swift,\ HPKE.swift,\ HPKE-Context.swift,\ HPKE-KeySchedule.swift,\ HPKE-Modes.swift /Users/xinyufang/Library/Developer/Xcode/DerivedData/Buzz-faillbpsmponqzeruhhvskovixzk/SourcePackages/checkouts/swift-crypto/Sources/Crypto/HPKE/Ciphersuite/HPKE-KexKeyDerivation.swift /Users/xinyufang/Library/Developer/Xcode/DerivedData/Buzz-faillbpsmponqzeruhhvskovixzk/SourcePackages/checkouts/swift-crypto/Sources/Crypto/HPKE/Ciphersuite/HPKE-LabeledExtract.swift /Users/xinyufang/Library/Developer/Xcode/DerivedData/Buzz-faillbpsmponqzeruhhvskovixzk/SourcePackages/checkouts/swift-crypto/Sources/Crypto/HPKE/Ciphersuite/HPKE-Utils.swift /Users/xinyufang/Library/Developer/Xcode/DerivedData/Buzz-faillbpsmponqzeruhhvskovixzk/SourcePackages/checkouts/swift-crypto/Sources/Crypto/HPKE/Ciphersuite/KEM/Conformances/DHKEM.swift /Users/xinyufang/Library/Developer/Xcode/DerivedData/Buzz-faillbpsmponqzeruhhvskovixzk/SourcePackages/checkouts/swift-crypto/Sources/Crypto/HPKE/Ciphersuite/KEM/Conformances/HPKE-KEM-Curve25519.swift /Users/xinyufang/Library/Developer/Xcode/DerivedData/Buzz-faillbpsmponqzeruhhvskovixzk/SourcePackages/checkouts/swift-crypto/Sources/Crypto/HPKE/Ciphersuite/KEM/Conformances/HPKE-NIST-EC-KEMs.swift /Users/xinyufang/Library/Developer/Xcode/DerivedData/Buzz-faillbpsmponqzeruhhvskovixzk/SourcePackages/checkouts/swift-crypto/Sources/Crypto/HPKE/Ciphersuite/KEM/HPKE-KEM.swift /Users/xinyufang/Library/Developer/Xcode/DerivedData/Buzz-faillbpsmponqzeruhhvskovixzk/SourcePackages/checkouts/swift-crypto/Sources/Crypto/HPKE/HPKE-Errors.swift /Users/xinyufang/Library/Developer/Xcode/DerivedData/Buzz-faillbpsmponqzeruhhvskovixzk/SourcePackages/checkouts/swift-crypto/Sources/Crypto/HPKE/HPKE.swift /Users/xinyufang/Library/Developer/Xcode/DerivedData/Buzz-faillbpsmponqzeruhhvskovixzk/SourcePackages/checkouts/swift-crypto/Sources/Crypto/HPKE/Key\ Schedule/HPKE-Context.swift /Users/xinyufang/Library/Developer/Xcode/DerivedData/Buzz-faillbpsmponqzeruhhvskovixzk/SourcePackages/checkouts/swift-crypto/Sources/Crypto/HPKE/Key\ Schedule/HPKE-KeySchedule.swift /Users/xinyufang/Library/Developer/Xcode/DerivedData/Buzz-faillbpsmponqzeruhhvskovixzk/SourcePackages/checkouts/swift-crypto/Sources/Crypto/HPKE/Modes/HPKE-Modes.swift (in target 'Crypto' from project 'swift-crypto')

SwiftCompile normal arm64 /Users/xinyufang/Library/Developer/Xcode/DerivedData/Buzz-faillbpsmponqzeruhhvskovixzk/SourcePackages/checkouts/swift-crypto/Sources/Crypto/HPKE/Ciphersuite/HPKE-KexKeyDerivation.swift (in target 'Crypto' from project 'swift-crypto')
    cd /Users/xinyufang/Documents/Buzz/Buzz.xcodeproj
    

SwiftCompile normal arm64 /Users/xinyufang/Library/Developer/Xcode/DerivedData/Buzz-faillbpsmponqzeruhhvskovixzk/SourcePackages/checkouts/swift-crypto/Sources/Crypto/HPKE/Ciphersuite/HPKE-LabeledExtract.swift (in target 'Crypto' from project 'swift-crypto')
    cd /Users/xinyufang/Documents/Buzz/Buzz.xcodeproj
    

SwiftCompile normal arm64 /Users/xinyufang/Library/Developer/Xcode/DerivedData/Buzz-faillbpsmponqzeruhhvskovixzk/SourcePackages/checkouts/swift-crypto/Sources/Crypto/HPKE/Ciphersuite/HPKE-Utils.swift (in target 'Crypto' from project 'swift-crypto')
    cd /Users/xinyufang/Documents/Buzz/Buzz.xcodeproj
    

SwiftCompile normal arm64 /Users/xinyufang/Library/Developer/Xcode/DerivedData/Buzz-faillbpsmponqzeruhhvskovixzk/SourcePackages/checkouts/swift-crypto/Sources/Crypto/HPKE/Ciphersuite/KEM/Conformances/DHKEM.swift (in target 'Crypto' from project 'swift-crypto')
    cd /Users/xinyufang/Documents/Buzz/Buzz.xcodeproj
    

SwiftCompile normal arm64 /Users/xinyufang/Library/Developer/Xcode/DerivedData/Buzz-faillbpsmponqzeruhhvskovixzk/SourcePackages/checkouts/swift-crypto/Sources/Crypto/HPKE/Ciphersuite/KEM/Conformances/HPKE-KEM-Curve25519.swift (in target 'Crypto' from project 'swift-crypto')
    cd /Users/xinyufang/Documents/Buzz/Buzz.xcodeproj
    

SwiftCompile normal arm64 /Users/xinyufang/Library/Developer/Xcode/DerivedData/Buzz-faillbpsmponqzeruhhvskovixzk/SourcePackages/checkouts/swift-crypto/Sources/Crypto/HPKE/Ciphersuite/KEM/Conformances/HPKE-NIST-EC-KEMs.swift (in target 'Crypto' from project 'swift-crypto')
    cd /Users/xinyufang/Documents/Buzz/Buzz.xcodeproj
    

SwiftCompile normal arm64 /Users/xinyufang/Library/Developer/Xcode/DerivedData/Buzz-faillbpsmponqzeruhhvskovixzk/SourcePackages/checkouts/swift-crypto/Sources/Crypto/HPKE/Ciphersuite/KEM/HPKE-KEM.swift (in target 'Crypto' from project 'swift-crypto')
    cd /Users/xinyufang/Documents/Buzz/Buzz.xcodeproj
    

SwiftCompile normal arm64 /Users/xinyufang/Library/Developer/Xcode/DerivedData/Buzz-faillbpsmponqzeruhhvskovixzk/SourcePackages/checkouts/swift-crypto/Sources/Crypto/HPKE/HPKE-Errors.swift (in target 'Crypto' from project 'swift-crypto')
    cd /Users/xinyufang/Documents/Buzz/Buzz.xcodeproj
    

SwiftCompile normal arm64 /Users/xinyufang/Library/Developer/Xcode/DerivedData/Buzz-faillbpsmponqzeruhhvskovixzk/SourcePackages/checkouts/swift-crypto/Sources/Crypto/HPKE/HPKE.swift (in target 'Crypto' from project 'swift-crypto')
    cd /Users/xinyufang/Documents/Buzz/Buzz.xcodeproj
    

SwiftCompile normal arm64 /Users/xinyufang/Library/Developer/Xcode/DerivedData/Buzz-faillbpsmponqzeruhhvskovixzk/SourcePackages/checkouts/swift-crypto/Sources/Crypto/HPKE/Key\ Schedule/HPKE-Context.swift (in target 'Crypto' from project 'swift-crypto')
    cd /Users/xinyufang/Documents/Buzz/Buzz.xcodeproj
    

SwiftCompile normal arm64 /Users/xinyufang/Library/Developer/Xcode/DerivedData/Buzz-faillbpsmponqzeruhhvskovixzk/SourcePackages/checkouts/swift-crypto/Sources/Crypto/HPKE/Key\ Schedule/HPKE-KeySchedule.swift (in target 'Crypto' from project 'swift-crypto')
    cd /Users/xinyufang/Documents/Buzz/Buzz.xcodeproj
    

SwiftCompile normal arm64 /Users/xinyufang/Library/Developer/Xcode/DerivedData/Buzz-faillbpsmponqzeruhhvskovixzk/SourcePackages/checkouts/swift-crypto/Sources/Crypto/HPKE/Modes/HPKE-Modes.swift (in target 'Crypto' from project 'swift-crypto')
    cd /Users/xinyufang/Documents/Buzz/Buzz.xcodeproj
    

SwiftCompile normal arm64 Compiling\ ANSIx963.swift,\ HKDF.swift,\ AESWrap.swift,\ AESWrap_boring.swift,\ Ed25519_boring.swift,\ NISTCurvesKeys_boring.swift,\ X25519Keys_boring.swift,\ Curve25519.swift,\ Ed25519Keys.swift,\ NISTCurvesKeys.swift,\ X25519Keys.swift,\ SymmetricKeys.swift /Users/xinyufang/Library/Developer/Xcode/DerivedData/Buzz-faillbpsmponqzeruhhvskovixzk/SourcePackages/checkouts/swift-crypto/Sources/Crypto/Key\ Derivation/ANSIx963.swift /Users/xinyufang/Library/Developer/Xcode/DerivedData/Buzz-faillbpsmponqzeruhhvskovixzk/SourcePackages/checkouts/swift-crypto/Sources/Crypto/Key\ Derivation/HKDF.swift /Users/xinyufang/Library/Developer/Xcode/DerivedData/Buzz-faillbpsmponqzeruhhvskovixzk/SourcePackages/checkouts/swift-crypto/Sources/Crypto/Key\ Wrapping/AESWrap.swift /Users/xinyufang/Library/Developer/Xcode/DerivedData/Buzz-faillbpsmponqzeruhhvskovixzk/SourcePackages/checkouts/swift-crypto/Sources/Crypto/Key\ Wrapping/BoringSSL/AESWrap_boring.swift /Users/xinyufang/Library/Developer/Xcode/DerivedData/Buzz-faillbpsmponqzeruhhvskovixzk/SourcePackages/checkouts/swift-crypto/Sources/Crypto/Keys/EC/BoringSSL/Ed25519_boring.swift /Users/xinyufang/Library/Developer/Xcode/DerivedData/Buzz-faillbpsmponqzeruhhvskovixzk/SourcePackages/checkouts/swift-crypto/Sources/Crypto/Keys/EC/BoringSSL/NISTCurvesKeys_boring.swift /Users/xinyufang/Library/Developer/Xcode/DerivedData/Buzz-faillbpsmponqzeruhhvskovixzk/SourcePackages/checkouts/swift-crypto/Sources/Crypto/Keys/EC/BoringSSL/X25519Keys_boring.swift /Users/xinyufang/Library/Developer/Xcode/DerivedData/Buzz-faillbpsmponqzeruhhvskovixzk/SourcePackages/checkouts/swift-crypto/Sources/Crypto/Keys/EC/Curve25519.swift /Users/xinyufang/Library/Developer/Xcode/DerivedData/Buzz-faillbpsmponqzeruhhvskovixzk/SourcePackages/checkouts/swift-crypto/Sources/Crypto/Keys/EC/Ed25519Keys.swift /Users/xinyufang/Library/Developer/Xcode/DerivedData/Buzz-faillbpsmponqzeruhhvskovixzk/SourcePackages/checkouts/swift-crypto/Sources/Crypto/Keys/EC/NISTCurvesKeys.swift /Users/xinyufang/Library/Developer/Xcode/DerivedData/Buzz-faillbpsmponqzeruhhvskovixzk/SourcePackages/checkouts/swift-crypto/Sources/Crypto/Keys/EC/X25519Keys.swift /Users/xinyufang/Library/Developer/Xcode/DerivedData/Buzz-faillbpsmponqzeruhhvskovixzk/SourcePackages/checkouts/swift-crypto/Sources/Crypto/Keys/Symmetric/SymmetricKeys.swift (in target 'Crypto' from project 'swift-crypto')

SwiftCompile normal arm64 /Users/xinyufang/Library/Developer/Xcode/DerivedData/Buzz-faillbpsmponqzeruhhvskovixzk/SourcePackages/checkouts/swift-crypto/Sources/Crypto/Key\ Derivation/ANSIx963.swift (in target 'Crypto' from project 'swift-crypto')
    cd /Users/xinyufang/Documents/Buzz/Buzz.xcodeproj
    

SwiftCompile normal arm64 /Users/xinyufang/Library/Developer/Xcode/DerivedData/Buzz-faillbpsmponqzeruhhvskovixzk/SourcePackages/checkouts/swift-crypto/Sources/Crypto/Key\ Derivation/HKDF.swift (in target 'Crypto' from project 'swift-crypto')
    cd /Users/xinyufang/Documents/Buzz/Buzz.xcodeproj
    

SwiftCompile normal arm64 /Users/xinyufang/Library/Developer/Xcode/DerivedData/Buzz-faillbpsmponqzeruhhvskovixzk/SourcePackages/checkouts/swift-crypto/Sources/Crypto/Key\ Wrapping/AESWrap.swift (in target 'Crypto' from project 'swift-crypto')
    cd /Users/xinyufang/Documents/Buzz/Buzz.xcodeproj
    

SwiftCompile normal arm64 /Users/xinyufang/Library/Developer/Xcode/DerivedData/Buzz-faillbpsmponqzeruhhvskovixzk/SourcePackages/checkouts/swift-crypto/Sources/Crypto/Key\ Wrapping/BoringSSL/AESWrap_boring.swift (in target 'Crypto' from project 'swift-crypto')
    cd /Users/xinyufang/Documents/Buzz/Buzz.xcodeproj
    

SwiftCompile normal arm64 /Users/xinyufang/Library/Developer/Xcode/DerivedData/Buzz-faillbpsmponqzeruhhvskovixzk/SourcePackages/checkouts/swift-crypto/Sources/Crypto/Keys/EC/BoringSSL/Ed25519_boring.swift (in target 'Crypto' from project 'swift-crypto')
    cd /Users/xinyufang/Documents/Buzz/Buzz.xcodeproj
    

SwiftCompile normal arm64 /Users/xinyufang/Library/Developer/Xcode/DerivedData/Buzz-faillbpsmponqzeruhhvskovixzk/SourcePackages/checkouts/swift-crypto/Sources/Crypto/Keys/EC/BoringSSL/NISTCurvesKeys_boring.swift (in target 'Crypto' from project 'swift-crypto')
    cd /Users/xinyufang/Documents/Buzz/Buzz.xcodeproj
    

SwiftCompile normal arm64 /Users/xinyufang/Library/Developer/Xcode/DerivedData/Buzz-faillbpsmponqzeruhhvskovixzk/SourcePackages/checkouts/swift-crypto/Sources/Crypto/Keys/EC/BoringSSL/X25519Keys_boring.swift (in target 'Crypto' from project 'swift-crypto')
    cd /Users/xinyufang/Documents/Buzz/Buzz.xcodeproj
    

SwiftCompile normal arm64 /Users/xinyufang/Library/Developer/Xcode/DerivedData/Buzz-faillbpsmponqzeruhhvskovixzk/SourcePackages/checkouts/swift-crypto/Sources/Crypto/Keys/EC/Curve25519.swift (in target 'Crypto' from project 'swift-crypto')
    cd /Users/xinyufang/Documents/Buzz/Buzz.xcodeproj
    

SwiftCompile normal arm64 /Users/xinyufang/Library/Developer/Xcode/DerivedData/Buzz-faillbpsmponqzeruhhvskovixzk/SourcePackages/checkouts/swift-crypto/Sources/Crypto/Keys/EC/Ed25519Keys.swift (in target 'Crypto' from project 'swift-crypto')
    cd /Users/xinyufang/Documents/Buzz/Buzz.xcodeproj
    

SwiftCompile normal arm64 /Users/xinyufang/Library/Developer/Xcode/DerivedData/Buzz-faillbpsmponqzeruhhvskovixzk/SourcePackages/checkouts/swift-crypto/Sources/Crypto/Keys/EC/NISTCurvesKeys.swift (in target 'Crypto' from project 'swift-crypto')
    cd /Users/xinyufang/Documents/Buzz/Buzz.xcodeproj
    

SwiftCompile normal arm64 /Users/xinyufang/Library/Developer/Xcode/DerivedData/Buzz-faillbpsmponqzeruhhvskovixzk/SourcePackages/checkouts/swift-crypto/Sources/Crypto/Keys/EC/X25519Keys.swift (in target 'Crypto' from project 'swift-crypto')
    cd /Users/xinyufang/Documents/Buzz/Buzz.xcodeproj
    

SwiftCompile normal arm64 /Users/xinyufang/Library/Developer/Xcode/DerivedData/Buzz-faillbpsmponqzeruhhvskovixzk/SourcePackages/checkouts/swift-crypto/Sources/Crypto/Keys/Symmetric/SymmetricKeys.swift (in target 'Crypto' from project 'swift-crypto')
    cd /Users/xinyufang/Documents/Buzz/Buzz.xcodeproj
    

SwiftDriverJobDiscovery normal arm64 Compiling KeychainHelper.swift (in target 'GTMAppAuth' from project 'GTMAppAuth')

SwiftCompile normal arm64 Compiling\ ASN1Integer.swift,\ ASN1Null.swift,\ ASN1OctetString.swift,\ ASN1Strings.swift,\ ArraySliceBigint.swift,\ GeneralizedTime.swift,\ ObjectIdentifier.swift,\ ECDSASignature.swift,\ PEMDocument.swift,\ PKCS8PrivateKey.swift,\ SEC1PrivateKey.swift,\ SubjectPublicKeyInfo.swift /Users/xinyufang/Library/Developer/Xcode/DerivedData/Buzz-faillbpsmponqzeruhhvskovixzk/SourcePackages/checkouts/swift-crypto/Sources/Crypto/ASN1/Basic\ ASN1\ Types/ASN1Integer.swift /Users/xinyufang/Library/Developer/Xcode/DerivedData/Buzz-faillbpsmponqzeruhhvskovixzk/SourcePackages/checkouts/swift-crypto/Sources/Crypto/ASN1/Basic\ ASN1\ Types/ASN1Null.swift /Users/xinyufang/Library/Developer/Xcode/DerivedData/Buzz-faillbpsmponqzeruhhvskovixzk/SourcePackages/checkouts/swift-crypto/Sources/Crypto/ASN1/Basic\ ASN1\ Types/ASN1OctetString.swift /Users/xinyufang/Library/Developer/Xcode/DerivedData/Buzz-faillbpsmponqzeruhhvskovixzk/SourcePackages/checkouts/swift-crypto/Sources/Crypto/ASN1/Basic\ ASN1\ Types/ASN1Strings.swift /Users/xinyufang/Library/Developer/Xcode/DerivedData/Buzz-faillbpsmponqzeruhhvskovixzk/SourcePackages/checkouts/swift-crypto/Sources/Crypto/ASN1/Basic\ ASN1\ Types/ArraySliceBigint.swift /Users/xinyufang/Library/Developer/Xcode/DerivedData/Buzz-faillbpsmponqzeruhhvskovixzk/SourcePackages/checkouts/swift-crypto/Sources/Crypto/ASN1/Basic\ ASN1\ Types/GeneralizedTime.swift /Users/xinyufang/Library/Developer/Xcode/DerivedData/Buzz-faillbpsmponqzeruhhvskovixzk/SourcePackages/checkouts/swift-crypto/Sources/Crypto/ASN1/Basic\ ASN1\ Types/ObjectIdentifier.swift /Users/xinyufang/Library/Developer/Xcode/DerivedData/Buzz-faillbpsmponqzeruhhvskovixzk/SourcePackages/checkouts/swift-crypto/Sources/Crypto/ASN1/ECDSASignature.swift /Users/xinyufang/Library/Developer/Xcode/DerivedData/Buzz-faillbpsmponqzeruhhvskovixzk/SourcePackages/checkouts/swift-crypto/Sources/Crypto/ASN1/PEMDocument.swift /Users/xinyufang/Library/Developer/Xcode/DerivedData/Buzz-faillbpsmponqzeruhhvskovixzk/SourcePackages/checkouts/swift-crypto/Sources/Crypto/ASN1/PKCS8PrivateKey.swift /Users/xinyufang/Library/Developer/Xcode/DerivedData/Buzz-faillbpsmponqzeruhhvskovixzk/SourcePackages/checkouts/swift-crypto/Sources/Crypto/ASN1/SEC1PrivateKey.swift /Users/xinyufang/Library/Developer/Xcode/DerivedData/Buzz-faillbpsmponqzeruhhvskovixzk/SourcePackages/checkouts/swift-crypto/Sources/Crypto/ASN1/SubjectPublicKeyInfo.swift (in target 'Crypto' from project 'swift-crypto')

SwiftCompile normal arm64 /Users/xinyufang/Library/Developer/Xcode/DerivedData/Buzz-faillbpsmponqzeruhhvskovixzk/SourcePackages/checkouts/swift-crypto/Sources/Crypto/ASN1/Basic\ ASN1\ Types/ASN1Integer.swift (in target 'Crypto' from project 'swift-crypto')
    cd /Users/xinyufang/Documents/Buzz/Buzz.xcodeproj
    

SwiftCompile normal arm64 /Users/xinyufang/Library/Developer/Xcode/DerivedData/Buzz-faillbpsmponqzeruhhvskovixzk/SourcePackages/checkouts/swift-crypto/Sources/Crypto/ASN1/Basic\ ASN1\ Types/ASN1Null.swift (in target 'Crypto' from project 'swift-crypto')
    cd /Users/xinyufang/Documents/Buzz/Buzz.xcodeproj
    

SwiftCompile normal arm64 /Users/xinyufang/Library/Developer/Xcode/DerivedData/Buzz-faillbpsmponqzeruhhvskovixzk/SourcePackages/checkouts/swift-crypto/Sources/Crypto/ASN1/Basic\ ASN1\ Types/ASN1OctetString.swift (in target 'Crypto' from project 'swift-crypto')
    cd /Users/xinyufang/Documents/Buzz/Buzz.xcodeproj
    

SwiftCompile normal arm64 /Users/xinyufang/Library/Developer/Xcode/DerivedData/Buzz-faillbpsmponqzeruhhvskovixzk/SourcePackages/checkouts/swift-crypto/Sources/Crypto/ASN1/Basic\ ASN1\ Types/ASN1Strings.swift (in target 'Crypto' from project 'swift-crypto')
    cd /Users/xinyufang/Documents/Buzz/Buzz.xcodeproj
    

SwiftCompile normal arm64 /Users/xinyufang/Library/Developer/Xcode/DerivedData/Buzz-faillbpsmponqzeruhhvskovixzk/SourcePackages/checkouts/swift-crypto/Sources/Crypto/ASN1/Basic\ ASN1\ Types/ArraySliceBigint.swift (in target 'Crypto' from project 'swift-crypto')
    cd /Users/xinyufang/Documents/Buzz/Buzz.xcodeproj
    

SwiftCompile normal arm64 /Users/xinyufang/Library/Developer/Xcode/DerivedData/Buzz-faillbpsmponqzeruhhvskovixzk/SourcePackages/checkouts/swift-crypto/Sources/Crypto/ASN1/Basic\ ASN1\ Types/GeneralizedTime.swift (in target 'Crypto' from project 'swift-crypto')
    cd /Users/xinyufang/Documents/Buzz/Buzz.xcodeproj
    

SwiftCompile normal arm64 /Users/xinyufang/Library/Developer/Xcode/DerivedData/Buzz-faillbpsmponqzeruhhvskovixzk/SourcePackages/checkouts/swift-crypto/Sources/Crypto/ASN1/Basic\ ASN1\ Types/ObjectIdentifier.swift (in target 'Crypto' from project 'swift-crypto')
    cd /Users/xinyufang/Documents/Buzz/Buzz.xcodeproj
    

SwiftCompile normal arm64 /Users/xinyufang/Library/Developer/Xcode/DerivedData/Buzz-faillbpsmponqzeruhhvskovixzk/SourcePackages/checkouts/swift-crypto/Sources/Crypto/ASN1/ECDSASignature.swift (in target 'Crypto' from project 'swift-crypto')
    cd /Users/xinyufang/Documents/Buzz/Buzz.xcodeproj
    

SwiftCompile normal arm64 /Users/xinyufang/Library/Developer/Xcode/DerivedData/Buzz-faillbpsmponqzeruhhvskovixzk/SourcePackages/checkouts/swift-crypto/Sources/Crypto/ASN1/PEMDocument.swift (in target 'Crypto' from project 'swift-crypto')
    cd /Users/xinyufang/Documents/Buzz/Buzz.xcodeproj
    

SwiftCompile normal arm64 /Users/xinyufang/Library/Developer/Xcode/DerivedData/Buzz-faillbpsmponqzeruhhvskovixzk/SourcePackages/checkouts/swift-crypto/Sources/Crypto/ASN1/PKCS8PrivateKey.swift (in target 'Crypto' from project 'swift-crypto')
    cd /Users/xinyufang/Documents/Buzz/Buzz.xcodeproj
    

SwiftCompile normal arm64 /Users/xinyufang/Library/Developer/Xcode/DerivedData/Buzz-faillbpsmponqzeruhhvskovixzk/SourcePackages/checkouts/swift-crypto/Sources/Crypto/ASN1/SEC1PrivateKey.swift (in target 'Crypto' from project 'swift-crypto')
    cd /Users/xinyufang/Documents/Buzz/Buzz.xcodeproj
    

SwiftCompile normal arm64 /Users/xinyufang/Library/Developer/Xcode/DerivedData/Buzz-faillbpsmponqzeruhhvskovixzk/SourcePackages/checkouts/swift-crypto/Sources/Crypto/ASN1/SubjectPublicKeyInfo.swift (in target 'Crypto' from project 'swift-crypto')
    cd /Users/xinyufang/Documents/Buzz/Buzz.xcodeproj
    

SwiftCompile normal arm64 Compiling\ CryptoError_boring.swift,\ CryptoKitErrors.swift,\ Digest_boring.swift,\ Digest.swift,\ Digests.swift,\ HashFunctions.swift,\ HashFunctions_SHA2.swift,\ HashFunctions_SHA3.swift,\ Digest_xkcp.swift,\ HPKE-AEAD.swift,\ HPKE-Ciphersuite.swift,\ HPKE-KDF.swift /Users/xinyufang/Library/Developer/Xcode/DerivedData/Buzz-faillbpsmponqzeruhhvskovixzk/SourcePackages/checkouts/swift-crypto/Sources/Crypto/CryptoError_boring.swift /Users/xinyufang/Library/Developer/Xcode/DerivedData/Buzz-faillbpsmponqzeruhhvskovixzk/SourcePackages/checkouts/swift-crypto/Sources/Crypto/CryptoKitErrors.swift /Users/xinyufang/Library/Developer/Xcode/DerivedData/Buzz-faillbpsmponqzeruhhvskovixzk/SourcePackages/checkouts/swift-crypto/Sources/Crypto/Digests/BoringSSL/Digest_boring.swift /Users/xinyufang/Library/Developer/Xcode/DerivedData/Buzz-faillbpsmponqzeruhhvskovixzk/SourcePackages/checkouts/swift-crypto/Sources/Crypto/Digests/Digest.swift /Users/xinyufang/Library/Developer/Xcode/DerivedData/Buzz-faillbpsmponqzeruhhvskovixzk/SourcePackages/checkouts/swift-crypto/Sources/Crypto/Digests/Digests.swift /Users/xinyufang/Library/Developer/Xcode/DerivedData/Buzz-faillbpsmponqzeruhhvskovixzk/SourcePackages/checkouts/swift-crypto/Sources/Crypto/Digests/HashFunctions.swift /Users/xinyufang/Library/Developer/Xcode/DerivedData/Buzz-faillbpsmponqzeruhhvskovixzk/SourcePackages/checkouts/swift-crypto/Sources/Crypto/Digests/HashFunctions_SHA2.swift /Users/xinyufang/Library/Developer/Xcode/DerivedData/Buzz-faillbpsmponqzeruhhvskovixzk/SourcePackages/checkouts/swift-crypto/Sources/Crypto/Digests/HashFunctions_SHA3.swift /Users/xinyufang/Library/Developer/Xcode/DerivedData/Buzz-faillbpsmponqzeruhhvskovixzk/SourcePackages/checkouts/swift-crypto/Sources/Crypto/Digests/XKCP/Digest_xkcp.swift /Users/xinyufang/Library/Developer/Xcode/DerivedData/Buzz-faillbpsmponqzeruhhvskovixzk/SourcePackages/checkouts/swift-crypto/Sources/Crypto/HPKE/Ciphersuite/HPKE-AEAD.swift /Users/xinyufang/Library/Developer/Xcode/DerivedData/Buzz-faillbpsmponqzeruhhvskovixzk/SourcePackages/checkouts/swift-crypto/Sources/Crypto/HPKE/Ciphersuite/HPKE-Ciphersuite.swift /Users/xinyufang/Library/Developer/Xcode/DerivedData/Buzz-faillbpsmponqzeruhhvskovixzk/SourcePackages/checkouts/swift-crypto/Sources/Crypto/HPKE/Ciphersuite/HPKE-KDF.swift (in target 'Crypto' from project 'swift-crypto')

SwiftCompile normal arm64 /Users/xinyufang/Library/Developer/Xcode/DerivedData/Buzz-faillbpsmponqzeruhhvskovixzk/SourcePackages/checkouts/swift-crypto/Sources/Crypto/CryptoError_boring.swift (in target 'Crypto' from project 'swift-crypto')
    cd /Users/xinyufang/Documents/Buzz/Buzz.xcodeproj
    

SwiftCompile normal arm64 /Users/xinyufang/Library/Developer/Xcode/DerivedData/Buzz-faillbpsmponqzeruhhvskovixzk/SourcePackages/checkouts/swift-crypto/Sources/Crypto/CryptoKitErrors.swift (in target 'Crypto' from project 'swift-crypto')
    cd /Users/xinyufang/Documents/Buzz/Buzz.xcodeproj
    

SwiftCompile normal arm64 /Users/xinyufang/Library/Developer/Xcode/DerivedData/Buzz-faillbpsmponqzeruhhvskovixzk/SourcePackages/checkouts/swift-crypto/Sources/Crypto/Digests/BoringSSL/Digest_boring.swift (in target 'Crypto' from project 'swift-crypto')
    cd /Users/xinyufang/Documents/Buzz/Buzz.xcodeproj
    

SwiftCompile normal arm64 /Users/xinyufang/Library/Developer/Xcode/DerivedData/Buzz-faillbpsmponqzeruhhvskovixzk/SourcePackages/checkouts/swift-crypto/Sources/Crypto/Digests/Digest.swift (in target 'Crypto' from project 'swift-crypto')
    cd /Users/xinyufang/Documents/Buzz/Buzz.xcodeproj
    

SwiftCompile normal arm64 /Users/xinyufang/Library/Developer/Xcode/DerivedData/Buzz-faillbpsmponqzeruhhvskovixzk/SourcePackages/checkouts/swift-crypto/Sources/Crypto/Digests/Digests.swift (in target 'Crypto' from project 'swift-crypto')
    cd /Users/xinyufang/Documents/Buzz/Buzz.xcodeproj
    

SwiftCompile normal arm64 /Users/xinyufang/Library/Developer/Xcode/DerivedData/Buzz-faillbpsmponqzeruhhvskovixzk/SourcePackages/checkouts/swift-crypto/Sources/Crypto/Digests/HashFunctions.swift (in target 'Crypto' from project 'swift-crypto')
    cd /Users/xinyufang/Documents/Buzz/Buzz.xcodeproj
    

SwiftCompile normal arm64 /Users/xinyufang/Library/Developer/Xcode/DerivedData/Buzz-faillbpsmponqzeruhhvskovixzk/SourcePackages/checkouts/swift-crypto/Sources/Crypto/Digests/HashFunctions_SHA2.swift (in target 'Crypto' from project 'swift-crypto')
    cd /Users/xinyufang/Documents/Buzz/Buzz.xcodeproj
    

SwiftCompile normal arm64 /Users/xinyufang/Library/Developer/Xcode/DerivedData/Buzz-faillbpsmponqzeruhhvskovixzk/SourcePackages/checkouts/swift-crypto/Sources/Crypto/Digests/HashFunctions_SHA3.swift (in target 'Crypto' from project 'swift-crypto')
    cd /Users/xinyufang/Documents/Buzz/Buzz.xcodeproj
    

SwiftCompile normal arm64 /Users/xinyufang/Library/Developer/Xcode/DerivedData/Buzz-faillbpsmponqzeruhhvskovixzk/SourcePackages/checkouts/swift-crypto/Sources/Crypto/Digests/XKCP/Digest_xkcp.swift (in target 'Crypto' from project 'swift-crypto')
    cd /Users/xinyufang/Documents/Buzz/Buzz.xcodeproj
    

SwiftCompile normal arm64 /Users/xinyufang/Library/Developer/Xcode/DerivedData/Buzz-faillbpsmponqzeruhhvskovixzk/SourcePackages/checkouts/swift-crypto/Sources/Crypto/HPKE/Ciphersuite/HPKE-AEAD.swift (in target 'Crypto' from project 'swift-crypto')
    cd /Users/xinyufang/Documents/Buzz/Buzz.xcodeproj
    

SwiftCompile normal arm64 /Users/xinyufang/Library/Developer/Xcode/DerivedData/Buzz-faillbpsmponqzeruhhvskovixzk/SourcePackages/checkouts/swift-crypto/Sources/Crypto/HPKE/Ciphersuite/HPKE-Ciphersuite.swift (in target 'Crypto' from project 'swift-crypto')
    cd /Users/xinyufang/Documents/Buzz/Buzz.xcodeproj
    

SwiftCompile normal arm64 /Users/xinyufang/Library/Developer/Xcode/DerivedData/Buzz-faillbpsmponqzeruhhvskovixzk/SourcePackages/checkouts/swift-crypto/Sources/Crypto/HPKE/Ciphersuite/HPKE-KDF.swift (in target 'Crypto' from project 'swift-crypto')
    cd /Users/xinyufang/Documents/Buzz/Buzz.xcodeproj
    

SwiftDriverJobDiscovery normal arm64 Compiling KeychainStore.swift (in target 'GTMAppAuth' from project 'GTMAppAuth')

SwiftCompile normal arm64 Compiling\ Insecure.swift,\ Insecure_HashFunctions.swift,\ MLKEM_boring.swift,\ MLKEM_wrapper.swift,\ XWing_boring.swift,\ KEM-Errors.swift,\ KEM.swift,\ MLKEM.swift,\ XWing.swift,\ ECDH_boring.swift,\ DH.swift,\ ECDH.swift /Users/xinyufang/Library/Developer/Xcode/DerivedData/Buzz-faillbpsmponqzeruhhvskovixzk/SourcePackages/checkouts/swift-crypto/Sources/Crypto/Insecure/Insecure.swift /Users/xinyufang/Library/Developer/Xcode/DerivedData/Buzz-faillbpsmponqzeruhhvskovixzk/SourcePackages/checkouts/swift-crypto/Sources/Crypto/Insecure/Insecure_HashFunctions.swift /Users/xinyufang/Library/Developer/Xcode/DerivedData/Buzz-faillbpsmponqzeruhhvskovixzk/SourcePackages/checkouts/swift-crypto/Sources/Crypto/KEM/BoringSSL/MLKEM_boring.swift /Users/xinyufang/Library/Developer/Xcode/DerivedData/Buzz-faillbpsmponqzeruhhvskovixzk/SourcePackages/checkouts/swift-crypto/Sources/Crypto/KEM/BoringSSL/MLKEM_wrapper.swift /Users/xinyufang/Library/Developer/Xcode/DerivedData/Buzz-faillbpsmponqzeruhhvskovixzk/SourcePackages/checkouts/swift-crypto/Sources/Crypto/KEM/BoringSSL/XWing_boring.swift /Users/xinyufang/Library/Developer/Xcode/DerivedData/Buzz-faillbpsmponqzeruhhvskovixzk/SourcePackages/checkouts/swift-crypto/Sources/Crypto/KEM/KEM-Errors.swift /Users/xinyufang/Library/Developer/Xcode/DerivedData/Buzz-faillbpsmponqzeruhhvskovixzk/SourcePackages/checkouts/swift-crypto/Sources/Crypto/KEM/KEM.swift /Users/xinyufang/Library/Developer/Xcode/DerivedData/Buzz-faillbpsmponqzeruhhvskovixzk/SourcePackages/checkouts/swift-crypto/Sources/Crypto/KEM/MLKEM.swift /Users/xinyufang/Library/Developer/Xcode/DerivedData/Buzz-faillbpsmponqzeruhhvskovixzk/SourcePackages/checkouts/swift-crypto/Sources/Crypto/KEM/XWing.swift /Users/xinyufang/Library/Developer/Xcode/DerivedData/Buzz-faillbpsmponqzeruhhvskovixzk/SourcePackages/checkouts/swift-crypto/Sources/Crypto/Key\ Agreement/BoringSSL/ECDH_boring.swift /Users/xinyufang/Library/Developer/Xcode/DerivedData/Buzz-faillbpsmponqzeruhhvskovixzk/SourcePackages/checkouts/swift-crypto/Sources/Crypto/Key\ Agreement/DH.swift /Users/xinyufang/Library/Developer/Xcode/DerivedData/Buzz-faillbpsmponqzeruhhvskovixzk/SourcePackages/checkouts/swift-crypto/Sources/Crypto/Key\ Agreement/ECDH.swift (in target 'Crypto' from project 'swift-crypto')

SwiftCompile normal arm64 /Users/xinyufang/Library/Developer/Xcode/DerivedData/Buzz-faillbpsmponqzeruhhvskovixzk/SourcePackages/checkouts/swift-crypto/Sources/Crypto/Insecure/Insecure.swift (in target 'Crypto' from project 'swift-crypto')
    cd /Users/xinyufang/Documents/Buzz/Buzz.xcodeproj
    

SwiftCompile normal arm64 /Users/xinyufang/Library/Developer/Xcode/DerivedData/Buzz-faillbpsmponqzeruhhvskovixzk/SourcePackages/checkouts/swift-crypto/Sources/Crypto/Insecure/Insecure_HashFunctions.swift (in target 'Crypto' from project 'swift-crypto')
    cd /Users/xinyufang/Documents/Buzz/Buzz.xcodeproj
    

SwiftCompile normal arm64 /Users/xinyufang/Library/Developer/Xcode/DerivedData/Buzz-faillbpsmponqzeruhhvskovixzk/SourcePackages/checkouts/swift-crypto/Sources/Crypto/KEM/BoringSSL/MLKEM_boring.swift (in target 'Crypto' from project 'swift-crypto')
    cd /Users/xinyufang/Documents/Buzz/Buzz.xcodeproj
    

SwiftCompile normal arm64 /Users/xinyufang/Library/Developer/Xcode/DerivedData/Buzz-faillbpsmponqzeruhhvskovixzk/SourcePackages/checkouts/swift-crypto/Sources/Crypto/KEM/BoringSSL/MLKEM_wrapper.swift (in target 'Crypto' from project 'swift-crypto')
    cd /Users/xinyufang/Documents/Buzz/Buzz.xcodeproj
    

SwiftCompile normal arm64 /Users/xinyufang/Library/Developer/Xcode/DerivedData/Buzz-faillbpsmponqzeruhhvskovixzk/SourcePackages/checkouts/swift-crypto/Sources/Crypto/KEM/BoringSSL/XWing_boring.swift (in target 'Crypto' from project 'swift-crypto')
    cd /Users/xinyufang/Documents/Buzz/Buzz.xcodeproj
    

SwiftCompile normal arm64 /Users/xinyufang/Library/Developer/Xcode/DerivedData/Buzz-faillbpsmponqzeruhhvskovixzk/SourcePackages/checkouts/swift-crypto/Sources/Crypto/KEM/KEM-Errors.swift (in target 'Crypto' from project 'swift-crypto')
    cd /Users/xinyufang/Documents/Buzz/Buzz.xcodeproj
    

SwiftCompile normal arm64 /Users/xinyufang/Library/Developer/Xcode/DerivedData/Buzz-faillbpsmponqzeruhhvskovixzk/SourcePackages/checkouts/swift-crypto/Sources/Crypto/KEM/KEM.swift (in target 'Crypto' from project 'swift-crypto')
    cd /Users/xinyufang/Documents/Buzz/Buzz.xcodeproj
    

SwiftCompile normal arm64 /Users/xinyufang/Library/Developer/Xcode/DerivedData/Buzz-faillbpsmponqzeruhhvskovixzk/SourcePackages/checkouts/swift-crypto/Sources/Crypto/KEM/MLKEM.swift (in target 'Crypto' from project 'swift-crypto')
    cd /Users/xinyufang/Documents/Buzz/Buzz.xcodeproj
    

SwiftCompile normal arm64 /Users/xinyufang/Library/Developer/Xcode/DerivedData/Buzz-faillbpsmponqzeruhhvskovixzk/SourcePackages/checkouts/swift-crypto/Sources/Crypto/KEM/XWing.swift (in target 'Crypto' from project 'swift-crypto')
    cd /Users/xinyufang/Documents/Buzz/Buzz.xcodeproj
    

SwiftCompile normal arm64 /Users/xinyufang/Library/Developer/Xcode/DerivedData/Buzz-faillbpsmponqzeruhhvskovixzk/SourcePackages/checkouts/swift-crypto/Sources/Crypto/Key\ Agreement/BoringSSL/ECDH_boring.swift (in target 'Crypto' from project 'swift-crypto')
    cd /Users/xinyufang/Documents/Buzz/Buzz.xcodeproj
    

SwiftCompile normal arm64 /Users/xinyufang/Library/Developer/Xcode/DerivedData/Buzz-faillbpsmponqzeruhhvskovixzk/SourcePackages/checkouts/swift-crypto/Sources/Crypto/Key\ Agreement/DH.swift (in target 'Crypto' from project 'swift-crypto')
    cd /Users/xinyufang/Documents/Buzz/Buzz.xcodeproj
    

SwiftCompile normal arm64 /Users/xinyufang/Library/Developer/Xcode/DerivedData/Buzz-faillbpsmponqzeruhhvskovixzk/SourcePackages/checkouts/swift-crypto/Sources/Crypto/Key\ Agreement/ECDH.swift (in target 'Crypto' from project 'swift-crypto')
    cd /Users/xinyufang/Documents/Buzz/Buzz.xcodeproj
    

PrecompileModule /Users/xinyufang/Library/Developer/Xcode/DerivedData/Buzz-faillbpsmponqzeruhhvskovixzk/Build/Intermediates.noindex/ExplicitPrecompiledModules/ObjectiveC-6ABCE662Y7GS60Q1EV7ZARMW8.scan
    cd /
    builtin-precompileModule /Users/xinyufang/Library/Developer/Xcode/DerivedData/Buzz-faillbpsmponqzeruhhvskovixzk/Build/Intermediates.noindex/ExplicitPrecompiledModules/ObjectiveC-6ABCE662Y7GS60Q1EV7ZARMW8.scan

SwiftDriverJobDiscovery normal arm64 Compiling ANSIx963.swift, HKDF.swift, AESWrap.swift, AESWrap_boring.swift, Ed25519_boring.swift, NISTCurvesKeys_boring.swift, X25519Keys_boring.swift, Curve25519.swift, Ed25519Keys.swift, NISTCurvesKeys.swift, X25519Keys.swift, SymmetricKeys.swift (in target 'Crypto' from project 'swift-crypto')

SwiftCompile normal arm64 Compiling\ MLDSA.swift,\ Signature.swift,\ CryptoKitErrors_boring.swift,\ Optional+withUnsafeBytes_boring.swift,\ RNG_boring.swift,\ SafeCompare_boring.swift,\ Zeroization_boring.swift,\ PrettyBytes.swift,\ SafeCompare.swift,\ SecureBytes.swift,\ Zeroization.swift /Users/xinyufang/Library/Developer/Xcode/DerivedData/Buzz-faillbpsmponqzeruhhvskovixzk/SourcePackages/checkouts/swift-crypto/Sources/Crypto/Signatures/MLDSA.swift /Users/xinyufang/Library/Developer/Xcode/DerivedData/Buzz-faillbpsmponqzeruhhvskovixzk/SourcePackages/checkouts/swift-crypto/Sources/Crypto/Signatures/Signature.swift /Users/xinyufang/Library/Developer/Xcode/DerivedData/Buzz-faillbpsmponqzeruhhvskovixzk/SourcePackages/checkouts/swift-crypto/Sources/Crypto/Util/BoringSSL/CryptoKitErrors_boring.swift /Users/xinyufang/Library/Developer/Xcode/DerivedData/Buzz-faillbpsmponqzeruhhvskovixzk/SourcePackages/checkouts/swift-crypto/Sources/Crypto/Util/BoringSSL/Optional+withUnsafeBytes_boring.swift /Users/xinyufang/Library/Developer/Xcode/DerivedData/Buzz-faillbpsmponqzeruhhvskovixzk/SourcePackages/checkouts/swift-crypto/Sources/Crypto/Util/BoringSSL/RNG_boring.swift /Users/xinyufang/Library/Developer/Xcode/DerivedData/Buzz-faillbpsmponqzeruhhvskovixzk/SourcePackages/checkouts/swift-crypto/Sources/Crypto/Util/BoringSSL/SafeCompare_boring.swift /Users/xinyufang/Library/Developer/Xcode/DerivedData/Buzz-faillbpsmponqzeruhhvskovixzk/SourcePackages/checkouts/swift-crypto/Sources/Crypto/Util/BoringSSL/Zeroization_boring.swift /Users/xinyufang/Library/Developer/Xcode/DerivedData/Buzz-faillbpsmponqzeruhhvskovixzk/SourcePackages/checkouts/swift-crypto/Sources/Crypto/Util/PrettyBytes.swift /Users/xinyufang/Library/Developer/Xcode/DerivedData/Buzz-faillbpsmponqzeruhhvskovixzk/SourcePackages/checkouts/swift-crypto/Sources/Crypto/Util/SafeCompare.swift /Users/xinyufang/Library/Developer/Xcode/DerivedData/Buzz-faillbpsmponqzeruhhvskovixzk/SourcePackages/checkouts/swift-crypto/Sources/Crypto/Util/SecureBytes.swift /Users/xinyufang/Library/Developer/Xcode/DerivedData/Buzz-faillbpsmponqzeruhhvskovixzk/SourcePackages/checkouts/swift-crypto/Sources/Crypto/Util/Zeroization.swift (in target 'Crypto' from project 'swift-crypto')
SwiftCompile normal arm64 /Users/xinyufang/Library/Developer/Xcode/DerivedData/Buzz-faillbpsmponqzeruhhvskovixzk/SourcePackages/checkouts/swift-crypto/Sources/Crypto/Signatures/MLDSA.swift (in target 'Crypto' from project 'swift-crypto')
    cd /Users/xinyufang/Documents/Buzz/Buzz.xcodeproj
    

SwiftCompile normal arm64 /Users/xinyufang/Library/Developer/Xcode/DerivedData/Buzz-faillbpsmponqzeruhhvskovixzk/SourcePackages/checkouts/swift-crypto/Sources/Crypto/Signatures/Signature.swift (in target 'Crypto' from project 'swift-crypto')
    cd /Users/xinyufang/Documents/Buzz/Buzz.xcodeproj
    

SwiftCompile normal arm64 /Users/xinyufang/Library/Developer/Xcode/DerivedData/Buzz-faillbpsmponqzeruhhvskovixzk/SourcePackages/checkouts/swift-crypto/Sources/Crypto/Util/BoringSSL/CryptoKitErrors_boring.swift (in target 'Crypto' from project 'swift-crypto')
    cd /Users/xinyufang/Documents/Buzz/Buzz.xcodeproj
    

SwiftCompile normal arm64 /Users/xinyufang/Library/Developer/Xcode/DerivedData/Buzz-faillbpsmponqzeruhhvskovixzk/SourcePackages/checkouts/swift-crypto/Sources/Crypto/Util/BoringSSL/Optional+withUnsafeBytes_boring.swift (in target 'Crypto' from project 'swift-crypto')
    cd /Users/xinyufang/Documents/Buzz/Buzz.xcodeproj
    

SwiftCompile normal arm64 /Users/xinyufang/Library/Developer/Xcode/DerivedData/Buzz-faillbpsmponqzeruhhvskovixzk/SourcePackages/checkouts/swift-crypto/Sources/Crypto/Util/BoringSSL/RNG_boring.swift (in target 'Crypto' from project 'swift-crypto')
    cd /Users/xinyufang/Documents/Buzz/Buzz.xcodeproj
    

SwiftCompile normal arm64 /Users/xinyufang/Library/Developer/Xcode/DerivedData/Buzz-faillbpsmponqzeruhhvskovixzk/SourcePackages/checkouts/swift-crypto/Sources/Crypto/Util/BoringSSL/SafeCompare_boring.swift (in target 'Crypto' from project 'swift-crypto')
    cd /Users/xinyufang/Documents/Buzz/Buzz.xcodeproj
    

SwiftCompile normal arm64 /Users/xinyufang/Library/Developer/Xcode/DerivedData/Buzz-faillbpsmponqzeruhhvskovixzk/SourcePackages/checkouts/swift-crypto/Sources/Crypto/Util/BoringSSL/Zeroization_boring.swift (in target 'Crypto' from project 'swift-crypto')
    cd /Users/xinyufang/Documents/Buzz/Buzz.xcodeproj
    

SwiftCompile normal arm64 /Users/xinyufang/Library/Developer/Xcode/DerivedData/Buzz-faillbpsmponqzeruhhvskovixzk/SourcePackages/checkouts/swift-crypto/Sources/Crypto/Util/PrettyBytes.swift (in target 'Crypto' from project 'swift-crypto')
    cd /Users/xinyufang/Documents/Buzz/Buzz.xcodeproj
    

SwiftCompile normal arm64 /Users/xinyufang/Library/Developer/Xcode/DerivedData/Buzz-faillbpsmponqzeruhhvskovixzk/SourcePackages/checkouts/swift-crypto/Sources/Crypto/Util/SafeCompare.swift (in target 'Crypto' from project 'swift-crypto')
    cd /Users/xinyufang/Documents/Buzz/Buzz.xcodeproj
    

SwiftCompile normal arm64 /Users/xinyufang/Library/Developer/Xcode/DerivedData/Buzz-faillbpsmponqzeruhhvskovixzk/SourcePackages/checkouts/swift-crypto/Sources/Crypto/Util/SecureBytes.swift (in target 'Crypto' from project 'swift-crypto')
    cd /Users/xinyufang/Documents/Buzz/Buzz.xcodeproj
    

SwiftCompile normal arm64 /Users/xinyufang/Library/Developer/Xcode/DerivedData/Buzz-faillbpsmponqzeruhhvskovixzk/SourcePackages/checkouts/swift-crypto/Sources/Crypto/Util/Zeroization.swift (in target 'Crypto' from project 'swift-crypto')
    cd /Users/xinyufang/Documents/Buzz/Buzz.xcodeproj
    

SwiftDriverJobDiscovery normal arm64 Compiling HMAC.swift, MACFunctions.swift, MessageAuthenticationCode.swift, AES.swift, ECDSASignature_boring.swift, ECDSA_boring.swift, EdDSA_boring.swift, MLDSA_boring.swift, MLDSA_wrapper.swift, ECDSA.swift, Ed25519.swift (in target 'Crypto' from project 'swift-crypto')

SwiftCompile normal arm64 Compiling\ resource_bundle_accessor.swift,\ AES-GCM.swift,\ AES-GCM_boring.swift,\ ChaChaPoly_boring.swift,\ ChaChaPoly.swift,\ Cipher.swift,\ Nonces.swift,\ ASN1.swift,\ ASN1Any.swift,\ ASN1BitString.swift,\ ASN1Boolean.swift,\ ASN1Identifier.swift /Users/xinyufang/Library/Developer/Xcode/DerivedData/Buzz-faillbpsmponqzeruhhvskovixzk/Build/Intermediates.noindex/swift-crypto.build/Debug-iphonesimulator/Crypto.build/DerivedSources/resource_bundle_accessor.swift /Users/xinyufang/Library/Developer/Xcode/DerivedData/Buzz-faillbpsmponqzeruhhvskovixzk/SourcePackages/checkouts/swift-crypto/Sources/Crypto/AEADs/AES/GCM/AES-GCM.swift /Users/xinyufang/Library/Developer/Xcode/DerivedData/Buzz-faillbpsmponqzeruhhvskovixzk/SourcePackages/checkouts/swift-crypto/Sources/Crypto/AEADs/AES/GCM/BoringSSL/AES-GCM_boring.swift /Users/xinyufang/Library/Developer/Xcode/DerivedData/Buzz-faillbpsmponqzeruhhvskovixzk/SourcePackages/checkouts/swift-crypto/Sources/Crypto/AEADs/ChachaPoly/BoringSSL/ChaChaPoly_boring.swift /Users/xinyufang/Library/Developer/Xcode/DerivedData/Buzz-faillbpsmponqzeruhhvskovixzk/SourcePackages/checkouts/swift-crypto/Sources/Crypto/AEADs/ChachaPoly/ChaChaPoly.swift /Users/xinyufang/Library/Developer/Xcode/DerivedData/Buzz-faillbpsmponqzeruhhvskovixzk/SourcePackages/checkouts/swift-crypto/Sources/Crypto/AEADs/Cipher.swift /Users/xinyufang/Library/Developer/Xcode/DerivedData/Buzz-faillbpsmponqzeruhhvskovixzk/SourcePackages/checkouts/swift-crypto/Sources/Crypto/AEADs/Nonces.swift /Users/xinyufang/Library/Developer/Xcode/DerivedData/Buzz-faillbpsmponqzeruhhvskovixzk/SourcePackages/checkouts/swift-crypto/Sources/Crypto/ASN1/ASN1.swift /Users/xinyufang/Library/Developer/Xcode/DerivedData/Buzz-faillbpsmponqzeruhhvskovixzk/SourcePackages/checkouts/swift-crypto/Sources/Crypto/ASN1/Basic\ ASN1\ Types/ASN1Any.swift /Users/xinyufang/Library/Developer/Xcode/DerivedData/Buzz-faillbpsmponqzeruhhvskovixzk/SourcePackages/checkouts/swift-crypto/Sources/Crypto/ASN1/Basic\ ASN1\ Types/ASN1BitString.swift /Users/xinyufang/Library/Developer/Xcode/DerivedData/Buzz-faillbpsmponqzeruhhvskovixzk/SourcePackages/checkouts/swift-crypto/Sources/Crypto/ASN1/Basic\ ASN1\ Types/ASN1Boolean.swift /Users/xinyufang/Library/Developer/Xcode/DerivedData/Buzz-faillbpsmponqzeruhhvskovixzk/SourcePackages/checkouts/swift-crypto/Sources/Crypto/ASN1/Basic\ ASN1\ Types/ASN1Identifier.swift (in target 'Crypto' from project 'swift-crypto')

SwiftCompile normal arm64 /Users/xinyufang/Library/Developer/Xcode/DerivedData/Buzz-faillbpsmponqzeruhhvskovixzk/Build/Intermediates.noindex/swift-crypto.build/Debug-iphonesimulator/Crypto.build/DerivedSources/resource_bundle_accessor.swift (in target 'Crypto' from project 'swift-crypto')
    cd /Users/xinyufang/Documents/Buzz/Buzz.xcodeproj
    

SwiftCompile normal arm64 /Users/xinyufang/Library/Developer/Xcode/DerivedData/Buzz-faillbpsmponqzeruhhvskovixzk/SourcePackages/checkouts/swift-crypto/Sources/Crypto/AEADs/AES/GCM/AES-GCM.swift (in target 'Crypto' from project 'swift-crypto')
    cd /Users/xinyufang/Documents/Buzz/Buzz.xcodeproj
    

SwiftCompile normal arm64 /Users/xinyufang/Library/Developer/Xcode/DerivedData/Buzz-faillbpsmponqzeruhhvskovixzk/SourcePackages/checkouts/swift-crypto/Sources/Crypto/AEADs/AES/GCM/BoringSSL/AES-GCM_boring.swift (in target 'Crypto' from project 'swift-crypto')
    cd /Users/xinyufang/Documents/Buzz/Buzz.xcodeproj
    

SwiftCompile normal arm64 /Users/xinyufang/Library/Developer/Xcode/DerivedData/Buzz-faillbpsmponqzeruhhvskovixzk/SourcePackages/checkouts/swift-crypto/Sources/Crypto/AEADs/ChachaPoly/BoringSSL/ChaChaPoly_boring.swift (in target 'Crypto' from project 'swift-crypto')
    cd /Users/xinyufang/Documents/Buzz/Buzz.xcodeproj
    

SwiftCompile normal arm64 /Users/xinyufang/Library/Developer/Xcode/DerivedData/Buzz-faillbpsmponqzeruhhvskovixzk/SourcePackages/checkouts/swift-crypto/Sources/Crypto/AEADs/ChachaPoly/ChaChaPoly.swift (in target 'Crypto' from project 'swift-crypto')
    cd /Users/xinyufang/Documents/Buzz/Buzz.xcodeproj
    

SwiftCompile normal arm64 /Users/xinyufang/Library/Developer/Xcode/DerivedData/Buzz-faillbpsmponqzeruhhvskovixzk/SourcePackages/checkouts/swift-crypto/Sources/Crypto/AEADs/Cipher.swift (in target 'Crypto' from project 'swift-crypto')
    cd /Users/xinyufang/Documents/Buzz/Buzz.xcodeproj
    

SwiftCompile normal arm64 /Users/xinyufang/Library/Developer/Xcode/DerivedData/Buzz-faillbpsmponqzeruhhvskovixzk/SourcePackages/checkouts/swift-crypto/Sources/Crypto/AEADs/Nonces.swift (in target 'Crypto' from project 'swift-crypto')
    cd /Users/xinyufang/Documents/Buzz/Buzz.xcodeproj
    

SwiftCompile normal arm64 /Users/xinyufang/Library/Developer/Xcode/DerivedData/Buzz-faillbpsmponqzeruhhvskovixzk/SourcePackages/checkouts/swift-crypto/Sources/Crypto/ASN1/ASN1.swift (in target 'Crypto' from project 'swift-crypto')
    cd /Users/xinyufang/Documents/Buzz/Buzz.xcodeproj
    

SwiftCompile normal arm64 /Users/xinyufang/Library/Developer/Xcode/DerivedData/Buzz-faillbpsmponqzeruhhvskovixzk/SourcePackages/checkouts/swift-crypto/Sources/Crypto/ASN1/Basic\ ASN1\ Types/ASN1Any.swift (in target 'Crypto' from project 'swift-crypto')
    cd /Users/xinyufang/Documents/Buzz/Buzz.xcodeproj
    

SwiftCompile normal arm64 /Users/xinyufang/Library/Developer/Xcode/DerivedData/Buzz-faillbpsmponqzeruhhvskovixzk/SourcePackages/checkouts/swift-crypto/Sources/Crypto/ASN1/Basic\ ASN1\ Types/ASN1BitString.swift (in target 'Crypto' from project 'swift-crypto')
    cd /Users/xinyufang/Documents/Buzz/Buzz.xcodeproj
    

SwiftCompile normal arm64 /Users/xinyufang/Library/Developer/Xcode/DerivedData/Buzz-faillbpsmponqzeruhhvskovixzk/SourcePackages/checkouts/swift-crypto/Sources/Crypto/ASN1/Basic\ ASN1\ Types/ASN1Boolean.swift (in target 'Crypto' from project 'swift-crypto')
    cd /Users/xinyufang/Documents/Buzz/Buzz.xcodeproj
    

SwiftCompile normal arm64 /Users/xinyufang/Library/Developer/Xcode/DerivedData/Buzz-faillbpsmponqzeruhhvskovixzk/SourcePackages/checkouts/swift-crypto/Sources/Crypto/ASN1/Basic\ ASN1\ Types/ASN1Identifier.swift (in target 'Crypto' from project 'swift-crypto')
    cd /Users/xinyufang/Documents/Buzz/Buzz.xcodeproj
    

PrecompileModule /Users/xinyufang/Library/Developer/Xcode/DerivedData/Buzz-faillbpsmponqzeruhhvskovixzk/Build/Intermediates.noindex/ExplicitPrecompiledModules/os_object-CI5Q5TP35W7RBML8VFESXZHYD.scan
    cd /
    builtin-precompileModule /Users/xinyufang/Library/Developer/Xcode/DerivedData/Buzz-faillbpsmponqzeruhhvskovixzk/Build/Intermediates.noindex/ExplicitPrecompiledModules/os_object-CI5Q5TP35W7RBML8VFESXZHYD.scan

SwiftDriverJobDiscovery normal arm64 Compiling HPKE-KexKeyDerivation.swift, HPKE-LabeledExtract.swift, HPKE-Utils.swift, DHKEM.swift, HPKE-KEM-Curve25519.swift, HPKE-NIST-EC-KEMs.swift, HPKE-KEM.swift, HPKE-Errors.swift, HPKE.swift, HPKE-Context.swift, HPKE-KeySchedule.swift, HPKE-Modes.swift (in target 'Crypto' from project 'swift-crypto')

SwiftCompile normal arm64 Compiling\ UncheckedSendable.swift /Users/xinyufang/Library/Developer/Xcode/DerivedData/Buzz-faillbpsmponqzeruhhvskovixzk/SourcePackages/checkouts/swift-concurrency-extras/Sources/ConcurrencyExtras/UncheckedSendable.swift (in target 'ConcurrencyExtras' from project 'swift-concurrency-extras')

SwiftCompile normal arm64 /Users/xinyufang/Library/Developer/Xcode/DerivedData/Buzz-faillbpsmponqzeruhhvskovixzk/SourcePackages/checkouts/swift-concurrency-extras/Sources/ConcurrencyExtras/UncheckedSendable.swift (in target 'ConcurrencyExtras' from project 'swift-concurrency-extras')
    cd /Users/xinyufang/Documents/Buzz/Buzz.xcodeproj
    

SwiftDriverJobDiscovery normal arm64 Compiling CryptoError_boring.swift, CryptoKitErrors.swift, Digest_boring.swift, Digest.swift, Digests.swift, HashFunctions.swift, HashFunctions_SHA2.swift, HashFunctions_SHA3.swift, Digest_xkcp.swift, HPKE-AEAD.swift, HPKE-Ciphersuite.swift, HPKE-KDF.swift (in target 'Crypto' from project 'swift-crypto')

SwiftDriverJobDiscovery normal arm64 Compiling ASN1Integer.swift, ASN1Null.swift, ASN1OctetString.swift, ASN1Strings.swift, ArraySliceBigint.swift, GeneralizedTime.swift, ObjectIdentifier.swift, ECDSASignature.swift, PEMDocument.swift, PKCS8PrivateKey.swift, SEC1PrivateKey.swift, SubjectPublicKeyInfo.swift (in target 'Crypto' from project 'swift-crypto')

SwiftCompile normal arm64 Compiling\ AsyncStream.swift,\ AsyncThrowingStream.swift /Users/xinyufang/Library/Developer/Xcode/DerivedData/Buzz-faillbpsmponqzeruhhvskovixzk/SourcePackages/checkouts/swift-concurrency-extras/Sources/ConcurrencyExtras/AsyncStream.swift /Users/xinyufang/Library/Developer/Xcode/DerivedData/Buzz-faillbpsmponqzeruhhvskovixzk/SourcePackages/checkouts/swift-concurrency-extras/Sources/ConcurrencyExtras/AsyncThrowingStream.swift (in target 'ConcurrencyExtras' from project 'swift-concurrency-extras')

SwiftCompile normal arm64 /Users/xinyufang/Library/Developer/Xcode/DerivedData/Buzz-faillbpsmponqzeruhhvskovixzk/SourcePackages/checkouts/swift-concurrency-extras/Sources/ConcurrencyExtras/AsyncStream.swift (in target 'ConcurrencyExtras' from project 'swift-concurrency-extras')
    cd /Users/xinyufang/Documents/Buzz/Buzz.xcodeproj
    

SwiftCompile normal arm64 /Users/xinyufang/Library/Developer/Xcode/DerivedData/Buzz-faillbpsmponqzeruhhvskovixzk/SourcePackages/checkouts/swift-concurrency-extras/Sources/ConcurrencyExtras/AsyncThrowingStream.swift (in target 'ConcurrencyExtras' from project 'swift-concurrency-extras')
    cd /Users/xinyufang/Documents/Buzz/Buzz.xcodeproj
    

SwiftCompile normal arm64 Compiling\ Result.swift /Users/xinyufang/Library/Developer/Xcode/DerivedData/Buzz-faillbpsmponqzeruhhvskovixzk/SourcePackages/checkouts/swift-concurrency-extras/Sources/ConcurrencyExtras/Result.swift (in target 'ConcurrencyExtras' from project 'swift-concurrency-extras')

SwiftCompile normal arm64 /Users/xinyufang/Library/Developer/Xcode/DerivedData/Buzz-faillbpsmponqzeruhhvskovixzk/SourcePackages/checkouts/swift-concurrency-extras/Sources/ConcurrencyExtras/Result.swift (in target 'ConcurrencyExtras' from project 'swift-concurrency-extras')
    cd /Users/xinyufang/Documents/Buzz/Buzz.xcodeproj
    

PrecompileModule /Users/xinyufang/Library/Developer/Xcode/DerivedData/Buzz-faillbpsmponqzeruhhvskovixzk/Build/Intermediates.noindex/ExplicitPrecompiledModules/os_workgroup-6XM2XIOFJEBAQIIRN68TZV1M3.scan
    cd /
    builtin-precompileModule /Users/xinyufang/Library/Developer/Xcode/DerivedData/Buzz-faillbpsmponqzeruhhvskovixzk/Build/Intermediates.noindex/ExplicitPrecompiledModules/os_workgroup-6XM2XIOFJEBAQIIRN68TZV1M3.scan

SwiftDriverJobDiscovery normal arm64 Compiling AuthSession.swift (in target 'GTMAppAuth' from project 'GTMAppAuth')

SwiftDriver\ Compilation GTMAppAuth normal arm64 com.apple.xcode.tools.swift.compiler (in target 'GTMAppAuth' from project 'GTMAppAuth')
    cd /Users/xinyufang/Documents/Buzz/Buzz.xcodeproj
    builtin-Swift-Compilation -- /Applications/Xcode.app/Contents/Developer/Toolchains/XcodeDefault.xctoolchain/usr/bin/swiftc -module-name GTMAppAuth -Onone -enforce-exclusivity\=checked @/Users/xinyufang/Library/Developer/Xcode/DerivedData/Buzz-faillbpsmponqzeruhhvskovixzk/Build/Intermediates.noindex/GTMAppAuth.build/Debug-iphonesimulator/GTMAppAuth.build/Objects-normal/arm64/GTMAppAuth.SwiftFileList -DSWIFT_PACKAGE -DDEBUG -DSWIFT_MODULE_RESOURCE_BUNDLE_AVAILABLE -Xcc -fmodule-map-file\=/Users/xinyufang/Library/Developer/Xcode/DerivedData/Buzz-faillbpsmponqzeruhhvskovixzk/Build/Intermediates.noindex/GeneratedModuleMaps-iphonesimulator/GTMSessionFetcherCore.modulemap -Xcc -fmodule-map-file\=/Users/xinyufang/Library/Developer/Xcode/DerivedData/Buzz-faillbpsmponqzeruhhvskovixzk/Build/Intermediates.noindex/GeneratedModuleMaps-iphonesimulator/AppAuthCore.modulemap -DXcode -plugin-path /Applications/Xcode.app/Contents/Developer/Toolchains/XcodeDefault.xctoolchain/usr/lib/swift/host/plugins/testing -enable-experimental-feature DebugDescriptionMacro -sdk /Applications/Xcode.app/Contents/Developer/Platforms/iPhoneSimulator.platform/Developer/SDKs/iPhoneSimulator26.0.sdk -target arm64-apple-ios12.0-simulator -g -module-cache-path /Users/xinyufang/Library/Developer/Xcode/DerivedData/ModuleCache.noindex -Xfrontend -serialize-debugging-options -enable-testing -suppress-warnings -index-store-path /Users/xinyufang/Library/Developer/Xcode/DerivedData/Buzz-faillbpsmponqzeruhhvskovixzk/Index.noindex/DataStore -Xcc -D_LIBCPP_HARDENING_MODE\=_LIBCPP_HARDENING_MODE_DEBUG -swift-version 5 -I /Users/xinyufang/Library/Developer/Xcode/DerivedData/Buzz-faillbpsmponqzeruhhvskovixzk/Build/Products/Debug-iphonesimulator -Isystem /Applications/Xcode.app/Contents/Developer/Platforms/iPhoneSimulator.platform/Developer/usr/lib -F /Users/xinyufang/Library/Developer/Xcode/DerivedData/Buzz-faillbpsmponqzeruhhvskovixzk/Build/Products/Debug-iphonesimulator/PackageFrameworks -F /Users/xinyufang/Library/Developer/Xcode/DerivedData/Buzz-faillbpsmponqzeruhhvskovixzk/Build/Products/Debug-iphonesimulator/PackageFrameworks -F /Users/xinyufang/Library/Developer/Xcode/DerivedData/Buzz-faillbpsmponqzeruhhvskovixzk/Build/Products/Debug-iphonesimulator -F /Applications/Xcode.app/Contents/Developer/Platforms/iPhoneSimulator.platform/Developer/Library/Frameworks -F /Applications/Xcode.app/Contents/Developer/Platforms/iPhoneSimulator.platform/Developer/SDKs/iPhoneSimulator26.0.sdk/Developer/Library/Frameworks -c -j8 -enable-batch-mode -incremental -Xcc -ivfsstatcache -Xcc /Users/xinyufang/Library/Developer/Xcode/DerivedData/SDKStatCaches.noindex/iphonesimulator26.0-23A339-26257891a6c027eb51374368541b8346.sdkstatcache -output-file-map /Users/xinyufang/Library/Developer/Xcode/DerivedData/Buzz-faillbpsmponqzeruhhvskovixzk/Build/Intermediates.noindex/GTMAppAuth.build/Debug-iphonesimulator/GTMAppAuth.build/Objects-normal/arm64/GTMAppAuth-OutputFileMap.json -use-frontend-parseable-output -save-temps -no-color-diagnostics -explicit-module-build -module-cache-path /Users/xinyufang/Library/Developer/Xcode/DerivedData/Buzz-faillbpsmponqzeruhhvskovixzk/Build/Intermediates.noindex/SwiftExplicitPrecompiledModules -clang-scanner-module-cache-path /Users/xinyufang/Library/Developer/Xcode/DerivedData/ModuleCache.noindex -sdk-module-cache-path /Users/xinyufang/Library/Developer/Xcode/DerivedData/ModuleCache.noindex -serialize-diagnostics -emit-dependencies -emit-module -emit-module-path /Users/xinyufang/Library/Developer/Xcode/DerivedData/Buzz-faillbpsmponqzeruhhvskovixzk/Build/Intermediates.noindex/GTMAppAuth.build/Debug-iphonesimulator/GTMAppAuth.build/Objects-normal/arm64/GTMAppAuth.swiftmodule -validate-clang-modules-once -clang-build-session-file /Users/xinyufang/Library/Developer/Xcode/DerivedData/ModuleCache.noindex/Session.modulevalidation -Xcc -I/Users/xinyufang/Library/Developer/Xcode/DerivedData/Buzz-faillbpsmponqzeruhhvskovixzk/Build/Intermediates.noindex/GTMAppAuth.build/Debug-iphonesimulator/GTMAppAuth.build/swift-overrides.hmap -emit-const-values -Xfrontend -const-gather-protocols-file -Xfrontend /Users/xinyufang/Library/Developer/Xcode/DerivedData/Buzz-faillbpsmponqzeruhhvskovixzk/Build/Intermediates.noindex/GTMAppAuth.build/Debug-iphonesimulator/GTMAppAuth.build/Objects-normal/arm64/GTMAppAuth_const_extract_protocols.json -Xcc -I/Users/xinyufang/Library/Developer/Xcode/DerivedData/Buzz-faillbpsmponqzeruhhvskovixzk/SourcePackages/checkouts/gtm-session-fetcher/Sources/Core/Public -Xcc -I/Users/xinyufang/Library/Developer/Xcode/DerivedData/Buzz-faillbpsmponqzeruhhvskovixzk/SourcePackages/checkouts/AppAuth-iOS/Sources/AppAuthCore -Xcc -I/Users/xinyufang/Library/Developer/Xcode/DerivedData/Buzz-faillbpsmponqzeruhhvskovixzk/Build/Products/Debug-iphonesimulator/include -Xcc -I/Users/xinyufang/Library/Developer/Xcode/DerivedData/Buzz-faillbpsmponqzeruhhvskovixzk/Build/Intermediates.noindex/GTMAppAuth.build/Debug-iphonesimulator/GTMAppAuth.build/DerivedSources-normal/arm64 -Xcc -I/Users/xinyufang/Library/Developer/Xcode/DerivedData/Buzz-faillbpsmponqzeruhhvskovixzk/Build/Intermediates.noindex/GTMAppAuth.build/Debug-iphonesimulator/GTMAppAuth.build/DerivedSources/arm64 -Xcc -I/Users/xinyufang/Library/Developer/Xcode/DerivedData/Buzz-faillbpsmponqzeruhhvskovixzk/Build/Intermediates.noindex/GTMAppAuth.build/Debug-iphonesimulator/GTMAppAuth.build/DerivedSources -Xcc -DSWIFT_PACKAGE -Xcc -DDEBUG\=1 -emit-objc-header -emit-objc-header-path /Users/xinyufang/Library/Developer/Xcode/DerivedData/Buzz-faillbpsmponqzeruhhvskovixzk/Build/Intermediates.noindex/GTMAppAuth.build/Debug-iphonesimulator/GTMAppAuth.build/Objects-normal/arm64/GTMAppAuth-Swift.h -working-directory /Users/xinyufang/Documents/Buzz/Buzz.xcodeproj -experimental-emit-module-separately -disable-cmo

PrecompileModule /Users/xinyufang/Library/Developer/Xcode/DerivedData/Buzz-faillbpsmponqzeruhhvskovixzk/Build/Intermediates.noindex/ExplicitPrecompiledModules/Dispatch-BOCULR56VZGJ5AHCM0GGA9O27.scan
    cd /
    builtin-precompileModule /Users/xinyufang/Library/Developer/Xcode/DerivedData/Buzz-faillbpsmponqzeruhhvskovixzk/Build/Intermediates.noindex/ExplicitPrecompiledModules/Dispatch-BOCULR56VZGJ5AHCM0GGA9O27.scan

SwiftCompile normal arm64 Compiling\ ActorIsolated.swift,\ AnyHashableSendable.swift /Users/xinyufang/Library/Developer/Xcode/DerivedData/Buzz-faillbpsmponqzeruhhvskovixzk/SourcePackages/checkouts/swift-concurrency-extras/Sources/ConcurrencyExtras/ActorIsolated.swift /Users/xinyufang/Library/Developer/Xcode/DerivedData/Buzz-faillbpsmponqzeruhhvskovixzk/SourcePackages/checkouts/swift-concurrency-extras/Sources/ConcurrencyExtras/AnyHashableSendable.swift (in target 'ConcurrencyExtras' from project 'swift-concurrency-extras')

SwiftCompile normal arm64 /Users/xinyufang/Library/Developer/Xcode/DerivedData/Buzz-faillbpsmponqzeruhhvskovixzk/SourcePackages/checkouts/swift-concurrency-extras/Sources/ConcurrencyExtras/ActorIsolated.swift (in target 'ConcurrencyExtras' from project 'swift-concurrency-extras')
    cd /Users/xinyufang/Documents/Buzz/Buzz.xcodeproj
    

SwiftCompile normal arm64 /Users/xinyufang/Library/Developer/Xcode/DerivedData/Buzz-faillbpsmponqzeruhhvskovixzk/SourcePackages/checkouts/swift-concurrency-extras/Sources/ConcurrencyExtras/AnyHashableSendable.swift (in target 'ConcurrencyExtras' from project 'swift-concurrency-extras')
    cd /Users/xinyufang/Documents/Buzz/Buzz.xcodeproj
    

SwiftDriverJobDiscovery normal arm64 Compiling Result.swift (in target 'ConcurrencyExtras' from project 'swift-concurrency-extras')

SwiftCompile normal arm64 Compiling\ Task.swift /Users/xinyufang/Library/Developer/Xcode/DerivedData/Buzz-faillbpsmponqzeruhhvskovixzk/SourcePackages/checkouts/swift-concurrency-extras/Sources/ConcurrencyExtras/Task.swift (in target 'ConcurrencyExtras' from project 'swift-concurrency-extras')

SwiftCompile normal arm64 /Users/xinyufang/Library/Developer/Xcode/DerivedData/Buzz-faillbpsmponqzeruhhvskovixzk/SourcePackages/checkouts/swift-concurrency-extras/Sources/ConcurrencyExtras/Task.swift (in target 'ConcurrencyExtras' from project 'swift-concurrency-extras')
    cd /Users/xinyufang/Documents/Buzz/Buzz.xcodeproj
    

PrecompileModule /Users/xinyufang/Library/Developer/Xcode/DerivedData/Buzz-faillbpsmponqzeruhhvskovixzk/Build/Intermediates.noindex/ExplicitPrecompiledModules/CoreFoundation-9ZX0735JCPPVBLPSE9R4E5KS.scan
    cd /
    builtin-precompileModule /Users/xinyufang/Library/Developer/Xcode/DerivedData/Buzz-faillbpsmponqzeruhhvskovixzk/Build/Intermediates.noindex/ExplicitPrecompiledModules/CoreFoundation-9ZX0735JCPPVBLPSE9R4E5KS.scan

SwiftDriverJobDiscovery normal arm64 Compiling UncheckedSendable.swift (in target 'ConcurrencyExtras' from project 'swift-concurrency-extras')

PrecompileModule /Users/xinyufang/Library/Developer/Xcode/DerivedData/Buzz-faillbpsmponqzeruhhvskovixzk/Build/Intermediates.noindex/ExplicitPrecompiledModules/XPC-BF8NJX88EMFD6958MQE4BHNTS.scan
    cd /
    builtin-precompileModule /Users/xinyufang/Library/Developer/Xcode/DerivedData/Buzz-faillbpsmponqzeruhhvskovixzk/Build/Intermediates.noindex/ExplicitPrecompiledModules/XPC-BF8NJX88EMFD6958MQE4BHNTS.scan

SwiftDriverJobDiscovery normal arm64 Compiling Insecure.swift, Insecure_HashFunctions.swift, MLKEM_boring.swift, MLKEM_wrapper.swift, XWing_boring.swift, KEM-Errors.swift, KEM.swift, MLKEM.swift, XWing.swift, ECDH_boring.swift, DH.swift, ECDH.swift (in target 'Crypto' from project 'swift-crypto')

SwiftCompile normal arm64 Compiling\ Locking.swift,\ UncheckedBox.swift /Users/xinyufang/Library/Developer/Xcode/DerivedData/Buzz-faillbpsmponqzeruhhvskovixzk/SourcePackages/checkouts/swift-concurrency-extras/Sources/ConcurrencyExtras/Internal/Locking.swift /Users/xinyufang/Library/Developer/Xcode/DerivedData/Buzz-faillbpsmponqzeruhhvskovixzk/SourcePackages/checkouts/swift-concurrency-extras/Sources/ConcurrencyExtras/Internal/UncheckedBox.swift (in target 'ConcurrencyExtras' from project 'swift-concurrency-extras')

SwiftCompile normal arm64 /Users/xinyufang/Library/Developer/Xcode/DerivedData/Buzz-faillbpsmponqzeruhhvskovixzk/SourcePackages/checkouts/swift-concurrency-extras/Sources/ConcurrencyExtras/Internal/Locking.swift (in target 'ConcurrencyExtras' from project 'swift-concurrency-extras')
    cd /Users/xinyufang/Documents/Buzz/Buzz.xcodeproj
    

SwiftCompile normal arm64 /Users/xinyufang/Library/Developer/Xcode/DerivedData/Buzz-faillbpsmponqzeruhhvskovixzk/SourcePackages/checkouts/swift-concurrency-extras/Sources/ConcurrencyExtras/Internal/UncheckedBox.swift (in target 'ConcurrencyExtras' from project 'swift-concurrency-extras')
    cd /Users/xinyufang/Documents/Buzz/Buzz.xcodeproj
    

SwiftCompile normal arm64 Compiling\ LockIsolated.swift /Users/xinyufang/Library/Developer/Xcode/DerivedData/Buzz-faillbpsmponqzeruhhvskovixzk/SourcePackages/checkouts/swift-concurrency-extras/Sources/ConcurrencyExtras/LockIsolated.swift (in target 'ConcurrencyExtras' from project 'swift-concurrency-extras')

SwiftCompile normal arm64 /Users/xinyufang/Library/Developer/Xcode/DerivedData/Buzz-faillbpsmponqzeruhhvskovixzk/SourcePackages/checkouts/swift-concurrency-extras/Sources/ConcurrencyExtras/LockIsolated.swift (in target 'ConcurrencyExtras' from project 'swift-concurrency-extras')
    cd /Users/xinyufang/Documents/Buzz/Buzz.xcodeproj
    

PrecompileModule /Users/xinyufang/Library/Developer/Xcode/DerivedData/Buzz-faillbpsmponqzeruhhvskovixzk/Build/Intermediates.noindex/ExplicitPrecompiledModules/CoreGraphics-9S8BM1K7BCJ5F6U360THG7VQ0.scan
    cd /
    builtin-precompileModule /Users/xinyufang/Library/Developer/Xcode/DerivedData/Buzz-faillbpsmponqzeruhhvskovixzk/Build/Intermediates.noindex/ExplicitPrecompiledModules/CoreGraphics-9S8BM1K7BCJ5F6U360THG7VQ0.scan

SwiftDriverJobDiscovery normal arm64 Compiling AsyncStream.swift, AsyncThrowingStream.swift (in target 'ConcurrencyExtras' from project 'swift-concurrency-extras')

PrecompileModule /Users/xinyufang/Library/Developer/Xcode/DerivedData/Buzz-faillbpsmponqzeruhhvskovixzk/Build/Intermediates.noindex/ExplicitPrecompiledModules/CFNetwork-8J7D35FQP9I1OKRLCPEWRAOKK.scan
    cd /
    builtin-precompileModule /Users/xinyufang/Library/Developer/Xcode/DerivedData/Buzz-faillbpsmponqzeruhhvskovixzk/Build/Intermediates.noindex/ExplicitPrecompiledModules/CFNetwork-8J7D35FQP9I1OKRLCPEWRAOKK.scan

CompileC /Users/xinyufang/Library/Developer/Xcode/DerivedData/Buzz-faillbpsmponqzeruhhvskovixzk/Build/Intermediates.noindex/GoogleUtilities.build/Debug-iphonesimulator/GoogleUtilities-Environment.build/Objects-normal/arm64/GULAppEnvironmentUtil.o /Users/xinyufang/Library/Developer/Xcode/DerivedData/Buzz-faillbpsmponqzeruhhvskovixzk/SourcePackages/checkouts/GoogleUtilities/GoogleUtilities/Environment/GULAppEnvironmentUtil.m normal arm64 objective-c com.apple.compilers.llvm.clang.1_0.compiler (in target 'GoogleUtilities-Environment' from project 'GoogleUtilities')
    cd /Users/xinyufang/Documents/Buzz/Buzz.xcodeproj
    
    Using response file: /Users/xinyufang/Library/Developer/Xcode/DerivedData/Buzz-faillbpsmponqzeruhhvskovixzk/Build/Intermediates.noindex/GoogleUtilities.build/Debug-iphonesimulator/GoogleUtilities-Environment.build/Objects-normal/arm64/e6072d4f65d7061329687fe24e3d63a7-common-args.resp
    
    /Applications/Xcode.app/Contents/Developer/Toolchains/XcodeDefault.xctoolchain/usr/bin/clang -x objective-c -ivfsstatcache /Users/xinyufang/Library/Developer/Xcode/DerivedData/SDKStatCaches.noindex/iphonesimulator26.0-23A339-26257891a6c027eb51374368541b8346.sdkstatcache -fmessage-length\=0 -fdiagnostics-show-note-include-stack -fmacro-backtrace-limit\=0 -fno-color-diagnostics -fmodules-prune-interval\=86400 -fmodules-prune-after\=345600 -fbuild-session-file\=/Users/xinyufang/Library/Developer/Xcode/DerivedData/ModuleCache.noindex/Session.modulevalidation -fmodules-validate-once-per-build-session -Wnon-modular-include-in-framework-module -Werror\=non-modular-include-in-framework-module -Wno-trigraphs -Wno-missing-field-initializers -Wno-missing-prototypes -Wno-return-type -Wno-implicit-atomic-properties -Wno-objc-interface-ivars -Wno-arc-repeated-use-of-weak -Wno-missing-braces -Wparentheses -Wswitch -Wno-unused-function -Wno-unused-label -Wno-unused-parameter -Wno-unused-variable -Wunused-value -Wno-empty-body -Wno-uninitialized -Wno-unknown-pragmas -w -Wno-shadow -Wno-four-char-constants -Wno-conversion -Wno-constant-conversion -Wno-int-conversion -Wno-bool-conversion -Wno-enum-conversion -Wno-float-conversion -Wno-non-literal-null-conversion -Wno-objc-literal-conversion -Wshorten-64-to-32 -Wpointer-sign -Wno-newline-eof -Wno-selector -Wno-strict-selector-match -Wno-undeclared-selector -Wno-deprecated-implementations -Wno-implicit-fallthrough -fstrict-aliasing -Wprotocol -Wdeprecated-declarations -Wno-sign-conversion -Wno-infinite-recursion -Wno-comma -Wno-block-capture-autoreleasing -Wno-strict-prototypes -Wno-semicolon-before-method-body -index-store-path /Users/xinyufang/Library/Developer/Xcode/DerivedData/Buzz-faillbpsmponqzeruhhvskovixzk/Index.noindex/DataStore @/Users/xinyufang/Library/Developer/Xcode/DerivedData/Buzz-faillbpsmponqzeruhhvskovixzk/Build/Intermediates.noindex/GoogleUtilities.build/Debug-iphonesimulator/GoogleUtilities-Environment.build/Objects-normal/arm64/e6072d4f65d7061329687fe24e3d63a7-common-args.resp -include /Users/xinyufang/Library/Developer/Xcode/DerivedData/Buzz-faillbpsmponqzeruhhvskovixzk/Build/Intermediates.noindex/GoogleUtilities.build/Debug-iphonesimulator/GoogleUtilities-Environment.build/DerivedSources/resource_bundle_accessor.h -MMD -MT dependencies -MF /Users/xinyufang/Library/Developer/Xcode/DerivedData/Buzz-faillbpsmponqzeruhhvskovixzk/Build/Intermediates.noindex/GoogleUtilities.build/Debug-iphonesimulator/GoogleUtilities-Environment.build/Objects-normal/arm64/GULAppEnvironmentUtil.d --serialize-diagnostics /Users/xinyufang/Library/Developer/Xcode/DerivedData/Buzz-faillbpsmponqzeruhhvskovixzk/Build/Intermediates.noindex/GoogleUtilities.build/Debug-iphonesimulator/GoogleUtilities-Environment.build/Objects-normal/arm64/GULAppEnvironmentUtil.dia -c /Users/xinyufang/Library/Developer/Xcode/DerivedData/Buzz-faillbpsmponqzeruhhvskovixzk/SourcePackages/checkouts/GoogleUtilities/GoogleUtilities/Environment/GULAppEnvironmentUtil.m -o /Users/xinyufang/Library/Developer/Xcode/DerivedData/Buzz-faillbpsmponqzeruhhvskovixzk/Build/Intermediates.noindex/GoogleUtilities.build/Debug-iphonesimulator/GoogleUtilities-Environment.build/Objects-normal/arm64/GULAppEnvironmentUtil.o -index-unit-output-path /GoogleUtilities.build/Debug-iphonesimulator/GoogleUtilities-Environment.build/Objects-normal/arm64/GULAppEnvironmentUtil.o

SwiftDriverJobDiscovery normal arm64 Compiling resource_bundle_accessor.swift, AES-GCM.swift, AES-GCM_boring.swift, ChaChaPoly_boring.swift, ChaChaPoly.swift, Cipher.swift, Nonces.swift, ASN1.swift, ASN1Any.swift, ASN1BitString.swift, ASN1Boolean.swift, ASN1Identifier.swift (in target 'Crypto' from project 'swift-crypto')

PrecompileModule /Users/xinyufang/Library/Developer/Xcode/DerivedData/Buzz-faillbpsmponqzeruhhvskovixzk/Build/Intermediates.noindex/ExplicitPrecompiledModules/Security-8YT47WO7A26N1AXQU3UDE8XJ2.scan
    cd /
    builtin-precompileModule /Users/xinyufang/Library/Developer/Xcode/DerivedData/Buzz-faillbpsmponqzeruhhvskovixzk/Build/Intermediates.noindex/ExplicitPrecompiledModules/Security-8YT47WO7A26N1AXQU3UDE8XJ2.scan

PrecompileModule /Users/xinyufang/Library/Developer/Xcode/DerivedData/Buzz-faillbpsmponqzeruhhvskovixzk/Build/Intermediates.noindex/ExplicitPrecompiledModules/ImageIO-DO4QLLVYIVWW00BT7HPE4F227.scan
    cd /
    builtin-precompileModule /Users/xinyufang/Library/Developer/Xcode/DerivedData/Buzz-faillbpsmponqzeruhhvskovixzk/Build/Intermediates.noindex/ExplicitPrecompiledModules/ImageIO-DO4QLLVYIVWW00BT7HPE4F227.scan

PrecompileModule /Users/xinyufang/Library/Developer/Xcode/DerivedData/Buzz-faillbpsmponqzeruhhvskovixzk/Build/Intermediates.noindex/ExplicitPrecompiledModules/CoreText-AE7GAIMSCALMPO344MSP88HSJ.scan
    cd /
    builtin-precompileModule /Users/xinyufang/Library/Developer/Xcode/DerivedData/Buzz-faillbpsmponqzeruhhvskovixzk/Build/Intermediates.noindex/ExplicitPrecompiledModules/CoreText-AE7GAIMSCALMPO344MSP88HSJ.scan

SwiftDriverJobDiscovery normal arm64 Compiling Task.swift (in target 'ConcurrencyExtras' from project 'swift-concurrency-extras')

SwiftCompile normal arm64 Compiling\ MainSerialExecutor.swift /Users/xinyufang/Library/Developer/Xcode/DerivedData/Buzz-faillbpsmponqzeruhhvskovixzk/SourcePackages/checkouts/swift-concurrency-extras/Sources/ConcurrencyExtras/MainSerialExecutor.swift (in target 'ConcurrencyExtras' from project 'swift-concurrency-extras')
SwiftCompile normal arm64 /Users/xinyufang/Library/Developer/Xcode/DerivedData/Buzz-faillbpsmponqzeruhhvskovixzk/SourcePackages/checkouts/swift-concurrency-extras/Sources/ConcurrencyExtras/MainSerialExecutor.swift (in target 'ConcurrencyExtras' from project 'swift-concurrency-extras')
    cd /Users/xinyufang/Documents/Buzz/Buzz.xcodeproj
    

SwiftDriverJobDiscovery normal arm64 Compiling Locking.swift, UncheckedBox.swift (in target 'ConcurrencyExtras' from project 'swift-concurrency-extras')

ScanDependencies /Users/xinyufang/Library/Developer/Xcode/DerivedData/Buzz-faillbpsmponqzeruhhvskovixzk/Build/Intermediates.noindex/AppCheck.build/Debug-iphonesimulator/AppCheckCore.build/Objects-normal/arm64/NSURLSession+GACPromises.o /Users/xinyufang/Library/Developer/Xcode/DerivedData/Buzz-faillbpsmponqzeruhhvskovixzk/SourcePackages/checkouts/app-check/AppCheckCore/Sources/Core/APIService/NSURLSession+GACPromises.m normal arm64 objective-c com.apple.compilers.llvm.clang.1_0.compiler (in target 'AppCheckCore' from project 'AppCheck')
    cd /Users/xinyufang/Documents/Buzz/Buzz.xcodeproj
    
    Using response file: /Users/xinyufang/Library/Developer/Xcode/DerivedData/Buzz-faillbpsmponqzeruhhvskovixzk/Build/Intermediates.noindex/AppCheck.build/Debug-iphonesimulator/AppCheckCore.build/Objects-normal/arm64/e6072d4f65d7061329687fe24e3d63a7-common-args.resp
    
    builtin-ScanDependencies -o /Users/xinyufang/Library/Developer/Xcode/DerivedData/Buzz-faillbpsmponqzeruhhvskovixzk/Build/Intermediates.noindex/AppCheck.build/Debug-iphonesimulator/AppCheckCore.build/Objects-normal/arm64/NSURLSession+GACPromises.o.scan -- /Applications/Xcode.app/Contents/Developer/Toolchains/XcodeDefault.xctoolchain/usr/bin/clang -x objective-c -ivfsstatcache /Users/xinyufang/Library/Developer/Xcode/DerivedData/SDKStatCaches.noindex/iphonesimulator26.0-23A339-26257891a6c027eb51374368541b8346.sdkstatcache -fmessage-length\=0 -fdiagnostics-show-note-include-stack -fmacro-backtrace-limit\=0 -fno-color-diagnostics -fmodules-prune-interval\=86400 -fmodules-prune-after\=345600 -fbuild-session-file\=/Users/xinyufang/Library/Developer/Xcode/DerivedData/ModuleCache.noindex/Session.modulevalidation -fmodules-validate-once-per-build-session -Wnon-modular-include-in-framework-module -Werror\=non-modular-include-in-framework-module -Wno-trigraphs -Wno-missing-field-initializers -Wno-missing-prototypes -Wno-return-type -Wno-implicit-atomic-properties -Wno-objc-interface-ivars -Wno-arc-repeated-use-of-weak -Wno-missing-braces -Wparentheses -Wswitch -Wno-unused-function -Wno-unused-label -Wno-unused-parameter -Wno-unused-variable -Wunused-value -Wno-empty-body -Wno-uninitialized -Wno-unknown-pragmas -w -Wno-shadow -Wno-four-char-constants -Wno-conversion -Wno-constant-conversion -Wno-int-conversion -Wno-bool-conversion -Wno-enum-conversion -Wno-float-conversion -Wno-non-literal-null-conversion -Wno-objc-literal-conversion -Wshorten-64-to-32 -Wpointer-sign -Wno-newline-eof -Wno-selector -Wno-strict-selector-match -Wno-undeclared-selector -Wno-deprecated-implementations -Wno-implicit-fallthrough -fstrict-aliasing -Wprotocol -Wdeprecated-declarations -Wno-sign-conversion -Wno-infinite-recursion -Wno-comma -Wno-block-capture-autoreleasing -Wno-strict-prototypes -Wno-semicolon-before-method-body -index-store-path /Users/xinyufang/Library/Developer/Xcode/DerivedData/Buzz-faillbpsmponqzeruhhvskovixzk/Index.noindex/DataStore @/Users/xinyufang/Library/Developer/Xcode/DerivedData/Buzz-faillbpsmponqzeruhhvskovixzk/Build/Intermediates.noindex/AppCheck.build/Debug-iphonesimulator/AppCheckCore.build/Objects-normal/arm64/e6072d4f65d7061329687fe24e3d63a7-common-args.resp -MMD -MT dependencies -MF /Users/xinyufang/Library/Developer/Xcode/DerivedData/Buzz-faillbpsmponqzeruhhvskovixzk/Build/Intermediates.noindex/AppCheck.build/Debug-iphonesimulator/AppCheckCore.build/Objects-normal/arm64/NSURLSession+GACPromises.d --serialize-diagnostics /Users/xinyufang/Library/Developer/Xcode/DerivedData/Buzz-faillbpsmponqzeruhhvskovixzk/Build/Intermediates.noindex/AppCheck.build/Debug-iphonesimulator/AppCheckCore.build/Objects-normal/arm64/NSURLSession+GACPromises.dia -c /Users/xinyufang/Library/Developer/Xcode/DerivedData/Buzz-faillbpsmponqzeruhhvskovixzk/SourcePackages/checkouts/app-check/AppCheckCore/Sources/Core/APIService/NSURLSession+GACPromises.m -o /Users/xinyufang/Library/Developer/Xcode/DerivedData/Buzz-faillbpsmponqzeruhhvskovixzk/Build/Intermediates.noindex/AppCheck.build/Debug-iphonesimulator/AppCheckCore.build/Objects-normal/arm64/NSURLSession+GACPromises.o -index-unit-output-path /AppCheck.build/Debug-iphonesimulator/AppCheckCore.build/Objects-normal/arm64/NSURLSession+GACPromises.o

ScanDependencies /Users/xinyufang/Library/Developer/Xcode/DerivedData/Buzz-faillbpsmponqzeruhhvskovixzk/Build/Intermediates.noindex/AppCheck.build/Debug-iphonesimulator/AppCheckCore.build/Objects-normal/arm64/GACURLSessionDataResponse.o /Users/xinyufang/Library/Developer/Xcode/DerivedData/Buzz-faillbpsmponqzeruhhvskovixzk/SourcePackages/checkouts/app-check/AppCheckCore/Sources/Core/APIService/GACURLSessionDataResponse.m normal arm64 objective-c com.apple.compilers.llvm.clang.1_0.compiler (in target 'AppCheckCore' from project 'AppCheck')
    cd /Users/xinyufang/Documents/Buzz/Buzz.xcodeproj
    
    Using response file: /Users/xinyufang/Library/Developer/Xcode/DerivedData/Buzz-faillbpsmponqzeruhhvskovixzk/Build/Intermediates.noindex/AppCheck.build/Debug-iphonesimulator/AppCheckCore.build/Objects-normal/arm64/e6072d4f65d7061329687fe24e3d63a7-common-args.resp
    
    builtin-ScanDependencies -o /Users/xinyufang/Library/Developer/Xcode/DerivedData/Buzz-faillbpsmponqzeruhhvskovixzk/Build/Intermediates.noindex/AppCheck.build/Debug-iphonesimulator/AppCheckCore.build/Objects-normal/arm64/GACURLSessionDataResponse.o.scan -- /Applications/Xcode.app/Contents/Developer/Toolchains/XcodeDefault.xctoolchain/usr/bin/clang -x objective-c -ivfsstatcache /Users/xinyufang/Library/Developer/Xcode/DerivedData/SDKStatCaches.noindex/iphonesimulator26.0-23A339-26257891a6c027eb51374368541b8346.sdkstatcache -fmessage-length\=0 -fdiagnostics-show-note-include-stack -fmacro-backtrace-limit\=0 -fno-color-diagnostics -fmodules-prune-interval\=86400 -fmodules-prune-after\=345600 -fbuild-session-file\=/Users/xinyufang/Library/Developer/Xcode/DerivedData/ModuleCache.noindex/Session.modulevalidation -fmodules-validate-once-per-build-session -Wnon-modular-include-in-framework-module -Werror\=non-modular-include-in-framework-module -Wno-trigraphs -Wno-missing-field-initializers -Wno-missing-prototypes -Wno-return-type -Wno-implicit-atomic-properties -Wno-objc-interface-ivars -Wno-arc-repeated-use-of-weak -Wno-missing-braces -Wparentheses -Wswitch -Wno-unused-function -Wno-unused-label -Wno-unused-parameter -Wno-unused-variable -Wunused-value -Wno-empty-body -Wno-uninitialized -Wno-unknown-pragmas -w -Wno-shadow -Wno-four-char-constants -Wno-conversion -Wno-constant-conversion -Wno-int-conversion -Wno-bool-conversion -Wno-enum-conversion -Wno-float-conversion -Wno-non-literal-null-conversion -Wno-objc-literal-conversion -Wshorten-64-to-32 -Wpointer-sign -Wno-newline-eof -Wno-selector -Wno-strict-selector-match -Wno-undeclared-selector -Wno-deprecated-implementations -Wno-implicit-fallthrough -fstrict-aliasing -Wprotocol -Wdeprecated-declarations -Wno-sign-conversion -Wno-infinite-recursion -Wno-comma -Wno-block-capture-autoreleasing -Wno-strict-prototypes -Wno-semicolon-before-method-body -index-store-path /Users/xinyufang/Library/Developer/Xcode/DerivedData/Buzz-faillbpsmponqzeruhhvskovixzk/Index.noindex/DataStore @/Users/xinyufang/Library/Developer/Xcode/DerivedData/Buzz-faillbpsmponqzeruhhvskovixzk/Build/Intermediates.noindex/AppCheck.build/Debug-iphonesimulator/AppCheckCore.build/Objects-normal/arm64/e6072d4f65d7061329687fe24e3d63a7-common-args.resp -MMD -MT dependencies -MF /Users/xinyufang/Library/Developer/Xcode/DerivedData/Buzz-faillbpsmponqzeruhhvskovixzk/Build/Intermediates.noindex/AppCheck.build/Debug-iphonesimulator/AppCheckCore.build/Objects-normal/arm64/GACURLSessionDataResponse.d --serialize-diagnostics /Users/xinyufang/Library/Developer/Xcode/DerivedData/Buzz-faillbpsmponqzeruhhvskovixzk/Build/Intermediates.noindex/AppCheck.build/Debug-iphonesimulator/AppCheckCore.build/Objects-normal/arm64/GACURLSessionDataResponse.dia -c /Users/xinyufang/Library/Developer/Xcode/DerivedData/Buzz-faillbpsmponqzeruhhvskovixzk/SourcePackages/checkouts/app-check/AppCheckCore/Sources/Core/APIService/GACURLSessionDataResponse.m -o /Users/xinyufang/Library/Developer/Xcode/DerivedData/Buzz-faillbpsmponqzeruhhvskovixzk/Build/Intermediates.noindex/AppCheck.build/Debug-iphonesimulator/AppCheckCore.build/Objects-normal/arm64/GACURLSessionDataResponse.o -index-unit-output-path /AppCheck.build/Debug-iphonesimulator/AppCheckCore.build/Objects-normal/arm64/GACURLSessionDataResponse.o

SwiftDriverJobDiscovery normal arm64 Compiling ActorIsolated.swift, AnyHashableSendable.swift (in target 'ConcurrencyExtras' from project 'swift-concurrency-extras')

ScanDependencies /Users/xinyufang/Library/Developer/Xcode/DerivedData/Buzz-faillbpsmponqzeruhhvskovixzk/Build/Intermediates.noindex/AppCheck.build/Debug-iphonesimulator/AppCheckCore.build/Objects-normal/arm64/GACDeviceCheckProvider.o /Users/xinyufang/Library/Developer/Xcode/DerivedData/Buzz-faillbpsmponqzeruhhvskovixzk/SourcePackages/checkouts/app-check/AppCheckCore/Sources/DeviceCheckProvider/GACDeviceCheckProvider.m normal arm64 objective-c com.apple.compilers.llvm.clang.1_0.compiler (in target 'AppCheckCore' from project 'AppCheck')
    cd /Users/xinyufang/Documents/Buzz/Buzz.xcodeproj
    
    Using response file: /Users/xinyufang/Library/Developer/Xcode/DerivedData/Buzz-faillbpsmponqzeruhhvskovixzk/Build/Intermediates.noindex/AppCheck.build/Debug-iphonesimulator/AppCheckCore.build/Objects-normal/arm64/e6072d4f65d7061329687fe24e3d63a7-common-args.resp
    
    builtin-ScanDependencies -o /Users/xinyufang/Library/Developer/Xcode/DerivedData/Buzz-faillbpsmponqzeruhhvskovixzk/Build/Intermediates.noindex/AppCheck.build/Debug-iphonesimulator/AppCheckCore.build/Objects-normal/arm64/GACDeviceCheckProvider.o.scan -- /Applications/Xcode.app/Contents/Developer/Toolchains/XcodeDefault.xctoolchain/usr/bin/clang -x objective-c -ivfsstatcache /Users/xinyufang/Library/Developer/Xcode/DerivedData/SDKStatCaches.noindex/iphonesimulator26.0-23A339-26257891a6c027eb51374368541b8346.sdkstatcache -fmessage-length\=0 -fdiagnostics-show-note-include-stack -fmacro-backtrace-limit\=0 -fno-color-diagnostics -fmodules-prune-interval\=86400 -fmodules-prune-after\=345600 -fbuild-session-file\=/Users/xinyufang/Library/Developer/Xcode/DerivedData/ModuleCache.noindex/Session.modulevalidation -fmodules-validate-once-per-build-session -Wnon-modular-include-in-framework-module -Werror\=non-modular-include-in-framework-module -Wno-trigraphs -Wno-missing-field-initializers -Wno-missing-prototypes -Wno-return-type -Wno-implicit-atomic-properties -Wno-objc-interface-ivars -Wno-arc-repeated-use-of-weak -Wno-missing-braces -Wparentheses -Wswitch -Wno-unused-function -Wno-unused-label -Wno-unused-parameter -Wno-unused-variable -Wunused-value -Wno-empty-body -Wno-uninitialized -Wno-unknown-pragmas -w -Wno-shadow -Wno-four-char-constants -Wno-conversion -Wno-constant-conversion -Wno-int-conversion -Wno-bool-conversion -Wno-enum-conversion -Wno-float-conversion -Wno-non-literal-null-conversion -Wno-objc-literal-conversion -Wshorten-64-to-32 -Wpointer-sign -Wno-newline-eof -Wno-selector -Wno-strict-selector-match -Wno-undeclared-selector -Wno-deprecated-implementations -Wno-implicit-fallthrough -fstrict-aliasing -Wprotocol -Wdeprecated-declarations -Wno-sign-conversion -Wno-infinite-recursion -Wno-comma -Wno-block-capture-autoreleasing -Wno-strict-prototypes -Wno-semicolon-before-method-body -index-store-path /Users/xinyufang/Library/Developer/Xcode/DerivedData/Buzz-faillbpsmponqzeruhhvskovixzk/Index.noindex/DataStore @/Users/xinyufang/Library/Developer/Xcode/DerivedData/Buzz-faillbpsmponqzeruhhvskovixzk/Build/Intermediates.noindex/AppCheck.build/Debug-iphonesimulator/AppCheckCore.build/Objects-normal/arm64/e6072d4f65d7061329687fe24e3d63a7-common-args.resp -MMD -MT dependencies -MF /Users/xinyufang/Library/Developer/Xcode/DerivedData/Buzz-faillbpsmponqzeruhhvskovixzk/Build/Intermediates.noindex/AppCheck.build/Debug-iphonesimulator/AppCheckCore.build/Objects-normal/arm64/GACDeviceCheckProvider.d --serialize-diagnostics /Users/xinyufang/Library/Developer/Xcode/DerivedData/Buzz-faillbpsmponqzeruhhvskovixzk/Build/Intermediates.noindex/AppCheck.build/Debug-iphonesimulator/AppCheckCore.build/Objects-normal/arm64/GACDeviceCheckProvider.dia -c /Users/xinyufang/Library/Developer/Xcode/DerivedData/Buzz-faillbpsmponqzeruhhvskovixzk/SourcePackages/checkouts/app-check/AppCheckCore/Sources/DeviceCheckProvider/GACDeviceCheckProvider.m -o /Users/xinyufang/Library/Developer/Xcode/DerivedData/Buzz-faillbpsmponqzeruhhvskovixzk/Build/Intermediates.noindex/AppCheck.build/Debug-iphonesimulator/AppCheckCore.build/Objects-normal/arm64/GACDeviceCheckProvider.o -index-unit-output-path /AppCheck.build/Debug-iphonesimulator/AppCheckCore.build/Objects-normal/arm64/GACDeviceCheckProvider.o

SwiftDriverJobDiscovery normal arm64 Compiling LockIsolated.swift (in target 'ConcurrencyExtras' from project 'swift-concurrency-extras')

PrecompileModule /Users/xinyufang/Library/Developer/Xcode/DerivedData/Buzz-faillbpsmponqzeruhhvskovixzk/Build/Intermediates.noindex/ExplicitPrecompiledModules/Foundation-3KPJJZA5IIDZI2PVZ6VOB6VFY.scan
    cd /
    builtin-precompileModule /Users/xinyufang/Library/Developer/Xcode/DerivedData/Buzz-faillbpsmponqzeruhhvskovixzk/Build/Intermediates.noindex/ExplicitPrecompiledModules/Foundation-3KPJJZA5IIDZI2PVZ6VOB6VFY.scan

ScanDependencies /Users/xinyufang/Library/Developer/Xcode/DerivedData/Buzz-faillbpsmponqzeruhhvskovixzk/Build/Intermediates.noindex/AppCheck.build/Debug-iphonesimulator/AppCheckCore.build/Objects-normal/arm64/GACDeviceCheckAPIService.o /Users/xinyufang/Library/Developer/Xcode/DerivedData/Buzz-faillbpsmponqzeruhhvskovixzk/SourcePackages/checkouts/app-check/AppCheckCore/Sources/DeviceCheckProvider/API/GACDeviceCheckAPIService.m normal arm64 objective-c com.apple.compilers.llvm.clang.1_0.compiler (in target 'AppCheckCore' from project 'AppCheck')
    cd /Users/xinyufang/Documents/Buzz/Buzz.xcodeproj
    
    Using response file: /Users/xinyufang/Library/Developer/Xcode/DerivedData/Buzz-faillbpsmponqzeruhhvskovixzk/Build/Intermediates.noindex/AppCheck.build/Debug-iphonesimulator/AppCheckCore.build/Objects-normal/arm64/e6072d4f65d7061329687fe24e3d63a7-common-args.resp
    
    builtin-ScanDependencies -o /Users/xinyufang/Library/Developer/Xcode/DerivedData/Buzz-faillbpsmponqzeruhhvskovixzk/Build/Intermediates.noindex/AppCheck.build/Debug-iphonesimulator/AppCheckCore.build/Objects-normal/arm64/GACDeviceCheckAPIService.o.scan -- /Applications/Xcode.app/Contents/Developer/Toolchains/XcodeDefault.xctoolchain/usr/bin/clang -x objective-c -ivfsstatcache /Users/xinyufang/Library/Developer/Xcode/DerivedData/SDKStatCaches.noindex/iphonesimulator26.0-23A339-26257891a6c027eb51374368541b8346.sdkstatcache -fmessage-length\=0 -fdiagnostics-show-note-include-stack -fmacro-backtrace-limit\=0 -fno-color-diagnostics -fmodules-prune-interval\=86400 -fmodules-prune-after\=345600 -fbuild-session-file\=/Users/xinyufang/Library/Developer/Xcode/DerivedData/ModuleCache.noindex/Session.modulevalidation -fmodules-validate-once-per-build-session -Wnon-modular-include-in-framework-module -Werror\=non-modular-include-in-framework-module -Wno-trigraphs -Wno-missing-field-initializers -Wno-missing-prototypes -Wno-return-type -Wno-implicit-atomic-properties -Wno-objc-interface-ivars -Wno-arc-repeated-use-of-weak -Wno-missing-braces -Wparentheses -Wswitch -Wno-unused-function -Wno-unused-label -Wno-unused-parameter -Wno-unused-variable -Wunused-value -Wno-empty-body -Wno-uninitialized -Wno-unknown-pragmas -w -Wno-shadow -Wno-four-char-constants -Wno-conversion -Wno-constant-conversion -Wno-int-conversion -Wno-bool-conversion -Wno-enum-conversion -Wno-float-conversion -Wno-non-literal-null-conversion -Wno-objc-literal-conversion -Wshorten-64-to-32 -Wpointer-sign -Wno-newline-eof -Wno-selector -Wno-strict-selector-match -Wno-undeclared-selector -Wno-deprecated-implementations -Wno-implicit-fallthrough -fstrict-aliasing -Wprotocol -Wdeprecated-declarations -Wno-sign-conversion -Wno-infinite-recursion -Wno-comma -Wno-block-capture-autoreleasing -Wno-strict-prototypes -Wno-semicolon-before-method-body -index-store-path /Users/xinyufang/Library/Developer/Xcode/DerivedData/Buzz-faillbpsmponqzeruhhvskovixzk/Index.noindex/DataStore @/Users/xinyufang/Library/Developer/Xcode/DerivedData/Buzz-faillbpsmponqzeruhhvskovixzk/Build/Intermediates.noindex/AppCheck.build/Debug-iphonesimulator/AppCheckCore.build/Objects-normal/arm64/e6072d4f65d7061329687fe24e3d63a7-common-args.resp -MMD -MT dependencies -MF /Users/xinyufang/Library/Developer/Xcode/DerivedData/Buzz-faillbpsmponqzeruhhvskovixzk/Build/Intermediates.noindex/AppCheck.build/Debug-iphonesimulator/AppCheckCore.build/Objects-normal/arm64/GACDeviceCheckAPIService.d --serialize-diagnostics /Users/xinyufang/Library/Developer/Xcode/DerivedData/Buzz-faillbpsmponqzeruhhvskovixzk/Build/Intermediates.noindex/AppCheck.build/Debug-iphonesimulator/AppCheckCore.build/Objects-normal/arm64/GACDeviceCheckAPIService.dia -c /Users/xinyufang/Library/Developer/Xcode/DerivedData/Buzz-faillbpsmponqzeruhhvskovixzk/SourcePackages/checkouts/app-check/AppCheckCore/Sources/DeviceCheckProvider/API/GACDeviceCheckAPIService.m -o /Users/xinyufang/Library/Developer/Xcode/DerivedData/Buzz-faillbpsmponqzeruhhvskovixzk/Build/Intermediates.noindex/AppCheck.build/Debug-iphonesimulator/AppCheckCore.build/Objects-normal/arm64/GACDeviceCheckAPIService.o -index-unit-output-path /AppCheck.build/Debug-iphonesimulator/AppCheckCore.build/Objects-normal/arm64/GACDeviceCheckAPIService.o

ScanDependencies /Users/xinyufang/Library/Developer/Xcode/DerivedData/Buzz-faillbpsmponqzeruhhvskovixzk/Build/Intermediates.noindex/AppCheck.build/Debug-iphonesimulator/AppCheckCore.build/Objects-normal/arm64/GACAppCheckTokenResult.o /Users/xinyufang/Library/Developer/Xcode/DerivedData/Buzz-faillbpsmponqzeruhhvskovixzk/SourcePackages/checkouts/app-check/AppCheckCore/Sources/Core/GACAppCheckTokenResult.m normal arm64 objective-c com.apple.compilers.llvm.clang.1_0.compiler (in target 'AppCheckCore' from project 'AppCheck')
    cd /Users/xinyufang/Documents/Buzz/Buzz.xcodeproj
    
    Using response file: /Users/xinyufang/Library/Developer/Xcode/DerivedData/Buzz-faillbpsmponqzeruhhvskovixzk/Build/Intermediates.noindex/AppCheck.build/Debug-iphonesimulator/AppCheckCore.build/Objects-normal/arm64/e6072d4f65d7061329687fe24e3d63a7-common-args.resp
    
    builtin-ScanDependencies -o /Users/xinyufang/Library/Developer/Xcode/DerivedData/Buzz-faillbpsmponqzeruhhvskovixzk/Build/Intermediates.noindex/AppCheck.build/Debug-iphonesimulator/AppCheckCore.build/Objects-normal/arm64/GACAppCheckTokenResult.o.scan -- /Applications/Xcode.app/Contents/Developer/Toolchains/XcodeDefault.xctoolchain/usr/bin/clang -x objective-c -ivfsstatcache /Users/xinyufang/Library/Developer/Xcode/DerivedData/SDKStatCaches.noindex/iphonesimulator26.0-23A339-26257891a6c027eb51374368541b8346.sdkstatcache -fmessage-length\=0 -fdiagnostics-show-note-include-stack -fmacro-backtrace-limit\=0 -fno-color-diagnostics -fmodules-prune-interval\=86400 -fmodules-prune-after\=345600 -fbuild-session-file\=/Users/xinyufang/Library/Developer/Xcode/DerivedData/ModuleCache.noindex/Session.modulevalidation -fmodules-validate-once-per-build-session -Wnon-modular-include-in-framework-module -Werror\=non-modular-include-in-framework-module -Wno-trigraphs -Wno-missing-field-initializers -Wno-missing-prototypes -Wno-return-type -Wno-implicit-atomic-properties -Wno-objc-interface-ivars -Wno-arc-repeated-use-of-weak -Wno-missing-braces -Wparentheses -Wswitch -Wno-unused-function -Wno-unused-label -Wno-unused-parameter -Wno-unused-variable -Wunused-value -Wno-empty-body -Wno-uninitialized -Wno-unknown-pragmas -w -Wno-shadow -Wno-four-char-constants -Wno-conversion -Wno-constant-conversion -Wno-int-conversion -Wno-bool-conversion -Wno-enum-conversion -Wno-float-conversion -Wno-non-literal-null-conversion -Wno-objc-literal-conversion -Wshorten-64-to-32 -Wpointer-sign -Wno-newline-eof -Wno-selector -Wno-strict-selector-match -Wno-undeclared-selector -Wno-deprecated-implementations -Wno-implicit-fallthrough -fstrict-aliasing -Wprotocol -Wdeprecated-declarations -Wno-sign-conversion -Wno-infinite-recursion -Wno-comma -Wno-block-capture-autoreleasing -Wno-strict-prototypes -Wno-semicolon-before-method-body -index-store-path /Users/xinyufang/Library/Developer/Xcode/DerivedData/Buzz-faillbpsmponqzeruhhvskovixzk/Index.noindex/DataStore @/Users/xinyufang/Library/Developer/Xcode/DerivedData/Buzz-faillbpsmponqzeruhhvskovixzk/Build/Intermediates.noindex/AppCheck.build/Debug-iphonesimulator/AppCheckCore.build/Objects-normal/arm64/e6072d4f65d7061329687fe24e3d63a7-common-args.resp -MMD -MT dependencies -MF /Users/xinyufang/Library/Developer/Xcode/DerivedData/Buzz-faillbpsmponqzeruhhvskovixzk/Build/Intermediates.noindex/AppCheck.build/Debug-iphonesimulator/AppCheckCore.build/Objects-normal/arm64/GACAppCheckTokenResult.d --serialize-diagnostics /Users/xinyufang/Library/Developer/Xcode/DerivedData/Buzz-faillbpsmponqzeruhhvskovixzk/Build/Intermediates.noindex/AppCheck.build/Debug-iphonesimulator/AppCheckCore.build/Objects-normal/arm64/GACAppCheckTokenResult.dia -c /Users/xinyufang/Library/Developer/Xcode/DerivedData/Buzz-faillbpsmponqzeruhhvskovixzk/SourcePackages/checkouts/app-check/AppCheckCore/Sources/Core/GACAppCheckTokenResult.m -o /Users/xinyufang/Library/Developer/Xcode/DerivedData/Buzz-faillbpsmponqzeruhhvskovixzk/Build/Intermediates.noindex/AppCheck.build/Debug-iphonesimulator/AppCheckCore.build/Objects-normal/arm64/GACAppCheckTokenResult.o -index-unit-output-path /AppCheck.build/Debug-iphonesimulator/AppCheckCore.build/Objects-normal/arm64/GACAppCheckTokenResult.o

ScanDependencies /Users/xinyufang/Library/Developer/Xcode/DerivedData/Buzz-faillbpsmponqzeruhhvskovixzk/Build/Intermediates.noindex/AppCheck.build/Debug-iphonesimulator/AppCheckCore.build/Objects-normal/arm64/GACAppCheckTokenRefresher.o /Users/xinyufang/Library/Developer/Xcode/DerivedData/Buzz-faillbpsmponqzeruhhvskovixzk/SourcePackages/checkouts/app-check/AppCheckCore/Sources/Core/TokenRefresh/GACAppCheckTokenRefresher.m normal arm64 objective-c com.apple.compilers.llvm.clang.1_0.compiler (in target 'AppCheckCore' from project 'AppCheck')
    cd /Users/xinyufang/Documents/Buzz/Buzz.xcodeproj
    
    Using response file: /Users/xinyufang/Library/Developer/Xcode/DerivedData/Buzz-faillbpsmponqzeruhhvskovixzk/Build/Intermediates.noindex/AppCheck.build/Debug-iphonesimulator/AppCheckCore.build/Objects-normal/arm64/e6072d4f65d7061329687fe24e3d63a7-common-args.resp
    
    builtin-ScanDependencies -o /Users/xinyufang/Library/Developer/Xcode/DerivedData/Buzz-faillbpsmponqzeruhhvskovixzk/Build/Intermediates.noindex/AppCheck.build/Debug-iphonesimulator/AppCheckCore.build/Objects-normal/arm64/GACAppCheckTokenRefresher.o.scan -- /Applications/Xcode.app/Contents/Developer/Toolchains/XcodeDefault.xctoolchain/usr/bin/clang -x objective-c -ivfsstatcache /Users/xinyufang/Library/Developer/Xcode/DerivedData/SDKStatCaches.noindex/iphonesimulator26.0-23A339-26257891a6c027eb51374368541b8346.sdkstatcache -fmessage-length\=0 -fdiagnostics-show-note-include-stack -fmacro-backtrace-limit\=0 -fno-color-diagnostics -fmodules-prune-interval\=86400 -fmodules-prune-after\=345600 -fbuild-session-file\=/Users/xinyufang/Library/Developer/Xcode/DerivedData/ModuleCache.noindex/Session.modulevalidation -fmodules-validate-once-per-build-session -Wnon-modular-include-in-framework-module -Werror\=non-modular-include-in-framework-module -Wno-trigraphs -Wno-missing-field-initializers -Wno-missing-prototypes -Wno-return-type -Wno-implicit-atomic-properties -Wno-objc-interface-ivars -Wno-arc-repeated-use-of-weak -Wno-missing-braces -Wparentheses -Wswitch -Wno-unused-function -Wno-unused-label -Wno-unused-parameter -Wno-unused-variable -Wunused-value -Wno-empty-body -Wno-uninitialized -Wno-unknown-pragmas -w -Wno-shadow -Wno-four-char-constants -Wno-conversion -Wno-constant-conversion -Wno-int-conversion -Wno-bool-conversion -Wno-enum-conversion -Wno-float-conversion -Wno-non-literal-null-conversion -Wno-objc-literal-conversion -Wshorten-64-to-32 -Wpointer-sign -Wno-newline-eof -Wno-selector -Wno-strict-selector-match -Wno-undeclared-selector -Wno-deprecated-implementations -Wno-implicit-fallthrough -fstrict-aliasing -Wprotocol -Wdeprecated-declarations -Wno-sign-conversion -Wno-infinite-recursion -Wno-comma -Wno-block-capture-autoreleasing -Wno-strict-prototypes -Wno-semicolon-before-method-body -index-store-path /Users/xinyufang/Library/Developer/Xcode/DerivedData/Buzz-faillbpsmponqzeruhhvskovixzk/Index.noindex/DataStore @/Users/xinyufang/Library/Developer/Xcode/DerivedData/Buzz-faillbpsmponqzeruhhvskovixzk/Build/Intermediates.noindex/AppCheck.build/Debug-iphonesimulator/AppCheckCore.build/Objects-normal/arm64/e6072d4f65d7061329687fe24e3d63a7-common-args.resp -MMD -MT dependencies -MF /Users/xinyufang/Library/Developer/Xcode/DerivedData/Buzz-faillbpsmponqzeruhhvskovixzk/Build/Intermediates.noindex/AppCheck.build/Debug-iphonesimulator/AppCheckCore.build/Objects-normal/arm64/GACAppCheckTokenRefresher.d --serialize-diagnostics /Users/xinyufang/Library/Developer/Xcode/DerivedData/Buzz-faillbpsmponqzeruhhvskovixzk/Build/Intermediates.noindex/AppCheck.build/Debug-iphonesimulator/AppCheckCore.build/Objects-normal/arm64/GACAppCheckTokenRefresher.dia -c /Users/xinyufang/Library/Developer/Xcode/DerivedData/Buzz-faillbpsmponqzeruhhvskovixzk/SourcePackages/checkouts/app-check/AppCheckCore/Sources/Core/TokenRefresh/GACAppCheckTokenRefresher.m -o /Users/xinyufang/Library/Developer/Xcode/DerivedData/Buzz-faillbpsmponqzeruhhvskovixzk/Build/Intermediates.noindex/AppCheck.build/Debug-iphonesimulator/AppCheckCore.build/Objects-normal/arm64/GACAppCheckTokenRefresher.o -index-unit-output-path /AppCheck.build/Debug-iphonesimulator/AppCheckCore.build/Objects-normal/arm64/GACAppCheckTokenRefresher.o

ScanDependencies /Users/xinyufang/Library/Developer/Xcode/DerivedData/Buzz-faillbpsmponqzeruhhvskovixzk/Build/Intermediates.noindex/AppCheck.build/Debug-iphonesimulator/AppCheckCore.build/Objects-normal/arm64/GACAppCheckTokenRefreshResult.o /Users/xinyufang/Library/Developer/Xcode/DerivedData/Buzz-faillbpsmponqzeruhhvskovixzk/SourcePackages/checkouts/app-check/AppCheckCore/Sources/Core/TokenRefresh/GACAppCheckTokenRefreshResult.m normal arm64 objective-c com.apple.compilers.llvm.clang.1_0.compiler (in target 'AppCheckCore' from project 'AppCheck')
    cd /Users/xinyufang/Documents/Buzz/Buzz.xcodeproj
    
    Using response file: /Users/xinyufang/Library/Developer/Xcode/DerivedData/Buzz-faillbpsmponqzeruhhvskovixzk/Build/Intermediates.noindex/AppCheck.build/Debug-iphonesimulator/AppCheckCore.build/Objects-normal/arm64/e6072d4f65d7061329687fe24e3d63a7-common-args.resp
    
    builtin-ScanDependencies -o /Users/xinyufang/Library/Developer/Xcode/DerivedData/Buzz-faillbpsmponqzeruhhvskovixzk/Build/Intermediates.noindex/AppCheck.build/Debug-iphonesimulator/AppCheckCore.build/Objects-normal/arm64/GACAppCheckTokenRefreshResult.o.scan -- /Applications/Xcode.app/Contents/Developer/Toolchains/XcodeDefault.xctoolchain/usr/bin/clang -x objective-c -ivfsstatcache /Users/xinyufang/Library/Developer/Xcode/DerivedData/SDKStatCaches.noindex/iphonesimulator26.0-23A339-26257891a6c027eb51374368541b8346.sdkstatcache -fmessage-length\=0 -fdiagnostics-show-note-include-stack -fmacro-backtrace-limit\=0 -fno-color-diagnostics -fmodules-prune-interval\=86400 -fmodules-prune-after\=345600 -fbuild-session-file\=/Users/xinyufang/Library/Developer/Xcode/DerivedData/ModuleCache.noindex/Session.modulevalidation -fmodules-validate-once-per-build-session -Wnon-modular-include-in-framework-module -Werror\=non-modular-include-in-framework-module -Wno-trigraphs -Wno-missing-field-initializers -Wno-missing-prototypes -Wno-return-type -Wno-implicit-atomic-properties -Wno-objc-interface-ivars -Wno-arc-repeated-use-of-weak -Wno-missing-braces -Wparentheses -Wswitch -Wno-unused-function -Wno-unused-label -Wno-unused-parameter -Wno-unused-variable -Wunused-value -Wno-empty-body -Wno-uninitialized -Wno-unknown-pragmas -w -Wno-shadow -Wno-four-char-constants -Wno-conversion -Wno-constant-conversion -Wno-int-conversion -Wno-bool-conversion -Wno-enum-conversion -Wno-float-conversion -Wno-non-literal-null-conversion -Wno-objc-literal-conversion -Wshorten-64-to-32 -Wpointer-sign -Wno-newline-eof -Wno-selector -Wno-strict-selector-match -Wno-undeclared-selector -Wno-deprecated-implementations -Wno-implicit-fallthrough -fstrict-aliasing -Wprotocol -Wdeprecated-declarations -Wno-sign-conversion -Wno-infinite-recursion -Wno-comma -Wno-block-capture-autoreleasing -Wno-strict-prototypes -Wno-semicolon-before-method-body -index-store-path /Users/xinyufang/Library/Developer/Xcode/DerivedData/Buzz-faillbpsmponqzeruhhvskovixzk/Index.noindex/DataStore @/Users/xinyufang/Library/Developer/Xcode/DerivedData/Buzz-faillbpsmponqzeruhhvskovixzk/Build/Intermediates.noindex/AppCheck.build/Debug-iphonesimulator/AppCheckCore.build/Objects-normal/arm64/e6072d4f65d7061329687fe24e3d63a7-common-args.resp -MMD -MT dependencies -MF /Users/xinyufang/Library/Developer/Xcode/DerivedData/Buzz-faillbpsmponqzeruhhvskovixzk/Build/Intermediates.noindex/AppCheck.build/Debug-iphonesimulator/AppCheckCore.build/Objects-normal/arm64/GACAppCheckTokenRefreshResult.d --serialize-diagnostics /Users/xinyufang/Library/Developer/Xcode/DerivedData/Buzz-faillbpsmponqzeruhhvskovixzk/Build/Intermediates.noindex/AppCheck.build/Debug-iphonesimulator/AppCheckCore.build/Objects-normal/arm64/GACAppCheckTokenRefreshResult.dia -c /Users/xinyufang/Library/Developer/Xcode/DerivedData/Buzz-faillbpsmponqzeruhhvskovixzk/SourcePackages/checkouts/app-check/AppCheckCore/Sources/Core/TokenRefresh/GACAppCheckTokenRefreshResult.m -o /Users/xinyufang/Library/Developer/Xcode/DerivedData/Buzz-faillbpsmponqzeruhhvskovixzk/Build/Intermediates.noindex/AppCheck.build/Debug-iphonesimulator/AppCheckCore.build/Objects-normal/arm64/GACAppCheckTokenRefreshResult.o -index-unit-output-path /AppCheck.build/Debug-iphonesimulator/AppCheckCore.build/Objects-normal/arm64/GACAppCheckTokenRefreshResult.o

ScanDependencies /Users/xinyufang/Library/Developer/Xcode/DerivedData/Buzz-faillbpsmponqzeruhhvskovixzk/Build/Intermediates.noindex/AppCheck.build/Debug-iphonesimulator/AppCheckCore.build/Objects-normal/arm64/GACAppCheckToken.o /Users/xinyufang/Library/Developer/Xcode/DerivedData/Buzz-faillbpsmponqzeruhhvskovixzk/SourcePackages/checkouts/app-check/AppCheckCore/Sources/Core/GACAppCheckToken.m normal arm64 objective-c com.apple.compilers.llvm.clang.1_0.compiler (in target 'AppCheckCore' from project 'AppCheck')
    cd /Users/xinyufang/Documents/Buzz/Buzz.xcodeproj
    
    Using response file: /Users/xinyufang/Library/Developer/Xcode/DerivedData/Buzz-faillbpsmponqzeruhhvskovixzk/Build/Intermediates.noindex/AppCheck.build/Debug-iphonesimulator/AppCheckCore.build/Objects-normal/arm64/e6072d4f65d7061329687fe24e3d63a7-common-args.resp
    
    builtin-ScanDependencies -o /Users/xinyufang/Library/Developer/Xcode/DerivedData/Buzz-faillbpsmponqzeruhhvskovixzk/Build/Intermediates.noindex/AppCheck.build/Debug-iphonesimulator/AppCheckCore.build/Objects-normal/arm64/GACAppCheckToken.o.scan -- /Applications/Xcode.app/Contents/Developer/Toolchains/XcodeDefault.xctoolchain/usr/bin/clang -x objective-c -ivfsstatcache /Users/xinyufang/Library/Developer/Xcode/DerivedData/SDKStatCaches.noindex/iphonesimulator26.0-23A339-26257891a6c027eb51374368541b8346.sdkstatcache -fmessage-length\=0 -fdiagnostics-show-note-include-stack -fmacro-backtrace-limit\=0 -fno-color-diagnostics -fmodules-prune-interval\=86400 -fmodules-prune-after\=345600 -fbuild-session-file\=/Users/xinyufang/Library/Developer/Xcode/DerivedData/ModuleCache.noindex/Session.modulevalidation -fmodules-validate-once-per-build-session -Wnon-modular-include-in-framework-module -Werror\=non-modular-include-in-framework-module -Wno-trigraphs -Wno-missing-field-initializers -Wno-missing-prototypes -Wno-return-type -Wno-implicit-atomic-properties -Wno-objc-interface-ivars -Wno-arc-repeated-use-of-weak -Wno-missing-braces -Wparentheses -Wswitch -Wno-unused-function -Wno-unused-label -Wno-unused-parameter -Wno-unused-variable -Wunused-value -Wno-empty-body -Wno-uninitialized -Wno-unknown-pragmas -w -Wno-shadow -Wno-four-char-constants -Wno-conversion -Wno-constant-conversion -Wno-int-conversion -Wno-bool-conversion -Wno-enum-conversion -Wno-float-conversion -Wno-non-literal-null-conversion -Wno-objc-literal-conversion -Wshorten-64-to-32 -Wpointer-sign -Wno-newline-eof -Wno-selector -Wno-strict-selector-match -Wno-undeclared-selector -Wno-deprecated-implementations -Wno-implicit-fallthrough -fstrict-aliasing -Wprotocol -Wdeprecated-declarations -Wno-sign-conversion -Wno-infinite-recursion -Wno-comma -Wno-block-capture-autoreleasing -Wno-strict-prototypes -Wno-semicolon-before-method-body -index-store-path /Users/xinyufang/Library/Developer/Xcode/DerivedData/Buzz-faillbpsmponqzeruhhvskovixzk/Index.noindex/DataStore @/Users/xinyufang/Library/Developer/Xcode/DerivedData/Buzz-faillbpsmponqzeruhhvskovixzk/Build/Intermediates.noindex/AppCheck.build/Debug-iphonesimulator/AppCheckCore.build/Objects-normal/arm64/e6072d4f65d7061329687fe24e3d63a7-common-args.resp -MMD -MT dependencies -MF /Users/xinyufang/Library/Developer/Xcode/DerivedData/Buzz-faillbpsmponqzeruhhvskovixzk/Build/Intermediates.noindex/AppCheck.build/Debug-iphonesimulator/AppCheckCore.build/Objects-normal/arm64/GACAppCheckToken.d --serialize-diagnostics /Users/xinyufang/Library/Developer/Xcode/DerivedData/Buzz-faillbpsmponqzeruhhvskovixzk/Build/Intermediates.noindex/AppCheck.build/Debug-iphonesimulator/AppCheckCore.build/Objects-normal/arm64/GACAppCheckToken.dia -c /Users/xinyufang/Library/Developer/Xcode/DerivedData/Buzz-faillbpsmponqzeruhhvskovixzk/SourcePackages/checkouts/app-check/AppCheckCore/Sources/Core/GACAppCheckToken.m -o /Users/xinyufang/Library/Developer/Xcode/DerivedData/Buzz-faillbpsmponqzeruhhvskovixzk/Build/Intermediates.noindex/AppCheck.build/Debug-iphonesimulator/AppCheckCore.build/Objects-normal/arm64/GACAppCheckToken.o -index-unit-output-path /AppCheck.build/Debug-iphonesimulator/AppCheckCore.build/Objects-normal/arm64/GACAppCheckToken.o

ScanDependencies /Users/xinyufang/Library/Developer/Xcode/DerivedData/Buzz-faillbpsmponqzeruhhvskovixzk/Build/Intermediates.noindex/AppCheck.build/Debug-iphonesimulator/AppCheckCore.build/Objects-normal/arm64/GACAppCheckToken+APIResponse.o /Users/xinyufang/Library/Developer/Xcode/DerivedData/Buzz-faillbpsmponqzeruhhvskovixzk/SourcePackages/checkouts/app-check/AppCheckCore/Sources/Core/APIService/GACAppCheckToken+APIResponse.m normal arm64 objective-c com.apple.compilers.llvm.clang.1_0.compiler (in target 'AppCheckCore' from project 'AppCheck')
    cd /Users/xinyufang/Documents/Buzz/Buzz.xcodeproj
    
    Using response file: /Users/xinyufang/Library/Developer/Xcode/DerivedData/Buzz-faillbpsmponqzeruhhvskovixzk/Build/Intermediates.noindex/AppCheck.build/Debug-iphonesimulator/AppCheckCore.build/Objects-normal/arm64/e6072d4f65d7061329687fe24e3d63a7-common-args.resp
    
    builtin-ScanDependencies -o /Users/xinyufang/Library/Developer/Xcode/DerivedData/Buzz-faillbpsmponqzeruhhvskovixzk/Build/Intermediates.noindex/AppCheck.build/Debug-iphonesimulator/AppCheckCore.build/Objects-normal/arm64/GACAppCheckToken+APIResponse.o.scan -- /Applications/Xcode.app/Contents/Developer/Toolchains/XcodeDefault.xctoolchain/usr/bin/clang -x objective-c -ivfsstatcache /Users/xinyufang/Library/Developer/Xcode/DerivedData/SDKStatCaches.noindex/iphonesimulator26.0-23A339-26257891a6c027eb51374368541b8346.sdkstatcache -fmessage-length\=0 -fdiagnostics-show-note-include-stack -fmacro-backtrace-limit\=0 -fno-color-diagnostics -fmodules-prune-interval\=86400 -fmodules-prune-after\=345600 -fbuild-session-file\=/Users/xinyufang/Library/Developer/Xcode/DerivedData/ModuleCache.noindex/Session.modulevalidation -fmodules-validate-once-per-build-session -Wnon-modular-include-in-framework-module -Werror\=non-modular-include-in-framework-module -Wno-trigraphs -Wno-missing-field-initializers -Wno-missing-prototypes -Wno-return-type -Wno-implicit-atomic-properties -Wno-objc-interface-ivars -Wno-arc-repeated-use-of-weak -Wno-missing-braces -Wparentheses -Wswitch -Wno-unused-function -Wno-unused-label -Wno-unused-parameter -Wno-unused-variable -Wunused-value -Wno-empty-body -Wno-uninitialized -Wno-unknown-pragmas -w -Wno-shadow -Wno-four-char-constants -Wno-conversion -Wno-constant-conversion -Wno-int-conversion -Wno-bool-conversion -Wno-enum-conversion -Wno-float-conversion -Wno-non-literal-null-conversion -Wno-objc-literal-conversion -Wshorten-64-to-32 -Wpointer-sign -Wno-newline-eof -Wno-selector -Wno-strict-selector-match -Wno-undeclared-selector -Wno-deprecated-implementations -Wno-implicit-fallthrough -fstrict-aliasing -Wprotocol -Wdeprecated-declarations -Wno-sign-conversion -Wno-infinite-recursion -Wno-comma -Wno-block-capture-autoreleasing -Wno-strict-prototypes -Wno-semicolon-before-method-body -index-store-path /Users/xinyufang/Library/Developer/Xcode/DerivedData/Buzz-faillbpsmponqzeruhhvskovixzk/Index.noindex/DataStore @/Users/xinyufang/Library/Developer/Xcode/DerivedData/Buzz-faillbpsmponqzeruhhvskovixzk/Build/Intermediates.noindex/AppCheck.build/Debug-iphonesimulator/AppCheckCore.build/Objects-normal/arm64/e6072d4f65d7061329687fe24e3d63a7-common-args.resp -MMD -MT dependencies -MF /Users/xinyufang/Library/Developer/Xcode/DerivedData/Buzz-faillbpsmponqzeruhhvskovixzk/Build/Intermediates.noindex/AppCheck.build/Debug-iphonesimulator/AppCheckCore.build/Objects-normal/arm64/GACAppCheckToken+APIResponse.d --serialize-diagnostics /Users/xinyufang/Library/Developer/Xcode/DerivedData/Buzz-faillbpsmponqzeruhhvskovixzk/Build/Intermediates.noindex/AppCheck.build/Debug-iphonesimulator/AppCheckCore.build/Objects-normal/arm64/GACAppCheckToken+APIResponse.dia -c /Users/xinyufang/Library/Developer/Xcode/DerivedData/Buzz-faillbpsmponqzeruhhvskovixzk/SourcePackages/checkouts/app-check/AppCheckCore/Sources/Core/APIService/GACAppCheckToken+APIResponse.m -o /Users/xinyufang/Library/Developer/Xcode/DerivedData/Buzz-faillbpsmponqzeruhhvskovixzk/Build/Intermediates.noindex/AppCheck.build/Debug-iphonesimulator/AppCheckCore.build/Objects-normal/arm64/GACAppCheckToken+APIResponse.o -index-unit-output-path /AppCheck.build/Debug-iphonesimulator/AppCheckCore.build/Objects-normal/arm64/GACAppCheckToken+APIResponse.o

ScanDependencies /Users/xinyufang/Library/Developer/Xcode/DerivedData/Buzz-faillbpsmponqzeruhhvskovixzk/Build/Intermediates.noindex/AppCheck.build/Debug-iphonesimulator/AppCheckCore.build/Objects-normal/arm64/GACAppCheckTimer.o /Users/xinyufang/Library/Developer/Xcode/DerivedData/Buzz-faillbpsmponqzeruhhvskovixzk/SourcePackages/checkouts/app-check/AppCheckCore/Sources/Core/TokenRefresh/GACAppCheckTimer.m normal arm64 objective-c com.apple.compilers.llvm.clang.1_0.compiler (in target 'AppCheckCore' from project 'AppCheck')
    cd /Users/xinyufang/Documents/Buzz/Buzz.xcodeproj
    
    Using response file: /Users/xinyufang/Library/Developer/Xcode/DerivedData/Buzz-faillbpsmponqzeruhhvskovixzk/Build/Intermediates.noindex/AppCheck.build/Debug-iphonesimulator/AppCheckCore.build/Objects-normal/arm64/e6072d4f65d7061329687fe24e3d63a7-common-args.resp
    
    builtin-ScanDependencies -o /Users/xinyufang/Library/Developer/Xcode/DerivedData/Buzz-faillbpsmponqzeruhhvskovixzk/Build/Intermediates.noindex/AppCheck.build/Debug-iphonesimulator/AppCheckCore.build/Objects-normal/arm64/GACAppCheckTimer.o.scan -- /Applications/Xcode.app/Contents/Developer/Toolchains/XcodeDefault.xctoolchain/usr/bin/clang -x objective-c -ivfsstatcache /Users/xinyufang/Library/Developer/Xcode/DerivedData/SDKStatCaches.noindex/iphonesimulator26.0-23A339-26257891a6c027eb51374368541b8346.sdkstatcache -fmessage-length\=0 -fdiagnostics-show-note-include-stack -fmacro-backtrace-limit\=0 -fno-color-diagnostics -fmodules-prune-interval\=86400 -fmodules-prune-after\=345600 -fbuild-session-file\=/Users/xinyufang/Library/Developer/Xcode/DerivedData/ModuleCache.noindex/Session.modulevalidation -fmodules-validate-once-per-build-session -Wnon-modular-include-in-framework-module -Werror\=non-modular-include-in-framework-module -Wno-trigraphs -Wno-missing-field-initializers -Wno-missing-prototypes -Wno-return-type -Wno-implicit-atomic-properties -Wno-objc-interface-ivars -Wno-arc-repeated-use-of-weak -Wno-missing-braces -Wparentheses -Wswitch -Wno-unused-function -Wno-unused-label -Wno-unused-parameter -Wno-unused-variable -Wunused-value -Wno-empty-body -Wno-uninitialized -Wno-unknown-pragmas -w -Wno-shadow -Wno-four-char-constants -Wno-conversion -Wno-constant-conversion -Wno-int-conversion -Wno-bool-conversion -Wno-enum-conversion -Wno-float-conversion -Wno-non-literal-null-conversion -Wno-objc-literal-conversion -Wshorten-64-to-32 -Wpointer-sign -Wno-newline-eof -Wno-selector -Wno-strict-selector-match -Wno-undeclared-selector -Wno-deprecated-implementations -Wno-implicit-fallthrough -fstrict-aliasing -Wprotocol -Wdeprecated-declarations -Wno-sign-conversion -Wno-infinite-recursion -Wno-comma -Wno-block-capture-autoreleasing -Wno-strict-prototypes -Wno-semicolon-before-method-body -index-store-path /Users/xinyufang/Library/Developer/Xcode/DerivedData/Buzz-faillbpsmponqzeruhhvskovixzk/Index.noindex/DataStore @/Users/xinyufang/Library/Developer/Xcode/DerivedData/Buzz-faillbpsmponqzeruhhvskovixzk/Build/Intermediates.noindex/AppCheck.build/Debug-iphonesimulator/AppCheckCore.build/Objects-normal/arm64/e6072d4f65d7061329687fe24e3d63a7-common-args.resp -MMD -MT dependencies -MF /Users/xinyufang/Library/Developer/Xcode/DerivedData/Buzz-faillbpsmponqzeruhhvskovixzk/Build/Intermediates.noindex/AppCheck.build/Debug-iphonesimulator/AppCheckCore.build/Objects-normal/arm64/GACAppCheckTimer.d --serialize-diagnostics /Users/xinyufang/Library/Developer/Xcode/DerivedData/Buzz-faillbpsmponqzeruhhvskovixzk/Build/Intermediates.noindex/AppCheck.build/Debug-iphonesimulator/AppCheckCore.build/Objects-normal/arm64/GACAppCheckTimer.dia -c /Users/xinyufang/Library/Developer/Xcode/DerivedData/Buzz-faillbpsmponqzeruhhvskovixzk/SourcePackages/checkouts/app-check/AppCheckCore/Sources/Core/TokenRefresh/GACAppCheckTimer.m -o /Users/xinyufang/Library/Developer/Xcode/DerivedData/Buzz-faillbpsmponqzeruhhvskovixzk/Build/Intermediates.noindex/AppCheck.build/Debug-iphonesimulator/AppCheckCore.build/Objects-normal/arm64/GACAppCheckTimer.o -index-unit-output-path /AppCheck.build/Debug-iphonesimulator/AppCheckCore.build/Objects-normal/arm64/GACAppCheckTimer.o

ScanDependencies /Users/xinyufang/Library/Developer/Xcode/DerivedData/Buzz-faillbpsmponqzeruhhvskovixzk/Build/Intermediates.noindex/AppCheck.build/Debug-iphonesimulator/AppCheckCore.build/Objects-normal/arm64/GACAppCheckStoredToken.o /Users/xinyufang/Library/Developer/Xcode/DerivedData/Buzz-faillbpsmponqzeruhhvskovixzk/SourcePackages/checkouts/app-check/AppCheckCore/Sources/Core/Storage/GACAppCheckStoredToken.m normal arm64 objective-c com.apple.compilers.llvm.clang.1_0.compiler (in target 'AppCheckCore' from project 'AppCheck')
    cd /Users/xinyufang/Documents/Buzz/Buzz.xcodeproj
    
    Using response file: /Users/xinyufang/Library/Developer/Xcode/DerivedData/Buzz-faillbpsmponqzeruhhvskovixzk/Build/Intermediates.noindex/AppCheck.build/Debug-iphonesimulator/AppCheckCore.build/Objects-normal/arm64/e6072d4f65d7061329687fe24e3d63a7-common-args.resp
    
    builtin-ScanDependencies -o /Users/xinyufang/Library/Developer/Xcode/DerivedData/Buzz-faillbpsmponqzeruhhvskovixzk/Build/Intermediates.noindex/AppCheck.build/Debug-iphonesimulator/AppCheckCore.build/Objects-normal/arm64/GACAppCheckStoredToken.o.scan -- /Applications/Xcode.app/Contents/Developer/Toolchains/XcodeDefault.xctoolchain/usr/bin/clang -x objective-c -ivfsstatcache /Users/xinyufang/Library/Developer/Xcode/DerivedData/SDKStatCaches.noindex/iphonesimulator26.0-23A339-26257891a6c027eb51374368541b8346.sdkstatcache -fmessage-length\=0 -fdiagnostics-show-note-include-stack -fmacro-backtrace-limit\=0 -fno-color-diagnostics -fmodules-prune-interval\=86400 -fmodules-prune-after\=345600 -fbuild-session-file\=/Users/xinyufang/Library/Developer/Xcode/DerivedData/ModuleCache.noindex/Session.modulevalidation -fmodules-validate-once-per-build-session -Wnon-modular-include-in-framework-module -Werror\=non-modular-include-in-framework-module -Wno-trigraphs -Wno-missing-field-initializers -Wno-missing-prototypes -Wno-return-type -Wno-implicit-atomic-properties -Wno-objc-interface-ivars -Wno-arc-repeated-use-of-weak -Wno-missing-braces -Wparentheses -Wswitch -Wno-unused-function -Wno-unused-label -Wno-unused-parameter -Wno-unused-variable -Wunused-value -Wno-empty-body -Wno-uninitialized -Wno-unknown-pragmas -w -Wno-shadow -Wno-four-char-constants -Wno-conversion -Wno-constant-conversion -Wno-int-conversion -Wno-bool-conversion -Wno-enum-conversion -Wno-float-conversion -Wno-non-literal-null-conversion -Wno-objc-literal-conversion -Wshorten-64-to-32 -Wpointer-sign -Wno-newline-eof -Wno-selector -Wno-strict-selector-match -Wno-undeclared-selector -Wno-deprecated-implementations -Wno-implicit-fallthrough -fstrict-aliasing -Wprotocol -Wdeprecated-declarations -Wno-sign-conversion -Wno-infinite-recursion -Wno-comma -Wno-block-capture-autoreleasing -Wno-strict-prototypes -Wno-semicolon-before-method-body -index-store-path /Users/xinyufang/Library/Developer/Xcode/DerivedData/Buzz-faillbpsmponqzeruhhvskovixzk/Index.noindex/DataStore @/Users/xinyufang/Library/Developer/Xcode/DerivedData/Buzz-faillbpsmponqzeruhhvskovixzk/Build/Intermediates.noindex/AppCheck.build/Debug-iphonesimulator/AppCheckCore.build/Objects-normal/arm64/e6072d4f65d7061329687fe24e3d63a7-common-args.resp -MMD -MT dependencies -MF /Users/xinyufang/Library/Developer/Xcode/DerivedData/Buzz-faillbpsmponqzeruhhvskovixzk/Build/Intermediates.noindex/AppCheck.build/Debug-iphonesimulator/AppCheckCore.build/Objects-normal/arm64/GACAppCheckStoredToken.d --serialize-diagnostics /Users/xinyufang/Library/Developer/Xcode/DerivedData/Buzz-faillbpsmponqzeruhhvskovixzk/Build/Intermediates.noindex/AppCheck.build/Debug-iphonesimulator/AppCheckCore.build/Objects-normal/arm64/GACAppCheckStoredToken.dia -c /Users/xinyufang/Library/Developer/Xcode/DerivedData/Buzz-faillbpsmponqzeruhhvskovixzk/SourcePackages/checkouts/app-check/AppCheckCore/Sources/Core/Storage/GACAppCheckStoredToken.m -o /Users/xinyufang/Library/Developer/Xcode/DerivedData/Buzz-faillbpsmponqzeruhhvskovixzk/Build/Intermediates.noindex/AppCheck.build/Debug-iphonesimulator/AppCheckCore.build/Objects-normal/arm64/GACAppCheckStoredToken.o -index-unit-output-path /AppCheck.build/Debug-iphonesimulator/AppCheckCore.build/Objects-normal/arm64/GACAppCheckStoredToken.o

ScanDependencies /Users/xinyufang/Library/Developer/Xcode/DerivedData/Buzz-faillbpsmponqzeruhhvskovixzk/Build/Intermediates.noindex/AppCheck.build/Debug-iphonesimulator/AppCheckCore.build/Objects-normal/arm64/GACAppCheckStoredToken+GACAppCheckToken.o /Users/xinyufang/Library/Developer/Xcode/DerivedData/Buzz-faillbpsmponqzeruhhvskovixzk/SourcePackages/checkouts/app-check/AppCheckCore/Sources/Core/Storage/GACAppCheckStoredToken+GACAppCheckToken.m normal arm64 objective-c com.apple.compilers.llvm.clang.1_0.compiler (in target 'AppCheckCore' from project 'AppCheck')
    cd /Users/xinyufang/Documents/Buzz/Buzz.xcodeproj
    
    Using response file: /Users/xinyufang/Library/Developer/Xcode/DerivedData/Buzz-faillbpsmponqzeruhhvskovixzk/Build/Intermediates.noindex/AppCheck.build/Debug-iphonesimulator/AppCheckCore.build/Objects-normal/arm64/e6072d4f65d7061329687fe24e3d63a7-common-args.resp
    
    builtin-ScanDependencies -o /Users/xinyufang/Library/Developer/Xcode/DerivedData/Buzz-faillbpsmponqzeruhhvskovixzk/Build/Intermediates.noindex/AppCheck.build/Debug-iphonesimulator/AppCheckCore.build/Objects-normal/arm64/GACAppCheckStoredToken+GACAppCheckToken.o.scan -- /Applications/Xcode.app/Contents/Developer/Toolchains/XcodeDefault.xctoolchain/usr/bin/clang -x objective-c -ivfsstatcache /Users/xinyufang/Library/Developer/Xcode/DerivedData/SDKStatCaches.noindex/iphonesimulator26.0-23A339-26257891a6c027eb51374368541b8346.sdkstatcache -fmessage-length\=0 -fdiagnostics-show-note-include-stack -fmacro-backtrace-limit\=0 -fno-color-diagnostics -fmodules-prune-interval\=86400 -fmodules-prune-after\=345600 -fbuild-session-file\=/Users/xinyufang/Library/Developer/Xcode/DerivedData/ModuleCache.noindex/Session.modulevalidation -fmodules-validate-once-per-build-session -Wnon-modular-include-in-framework-module -Werror\=non-modular-include-in-framework-module -Wno-trigraphs -Wno-missing-field-initializers -Wno-missing-prototypes -Wno-return-type -Wno-implicit-atomic-properties -Wno-objc-interface-ivars -Wno-arc-repeated-use-of-weak -Wno-missing-braces -Wparentheses -Wswitch -Wno-unused-function -Wno-unused-label -Wno-unused-parameter -Wno-unused-variable -Wunused-value -Wno-empty-body -Wno-uninitialized -Wno-unknown-pragmas -w -Wno-shadow -Wno-four-char-constants -Wno-conversion -Wno-constant-conversion -Wno-int-conversion -Wno-bool-conversion -Wno-enum-conversion -Wno-float-conversion -Wno-non-literal-null-conversion -Wno-objc-literal-conversion -Wshorten-64-to-32 -Wpointer-sign -Wno-newline-eof -Wno-selector -Wno-strict-selector-match -Wno-undeclared-selector -Wno-deprecated-implementations -Wno-implicit-fallthrough -fstrict-aliasing -Wprotocol -Wdeprecated-declarations -Wno-sign-conversion -Wno-infinite-recursion -Wno-comma -Wno-block-capture-autoreleasing -Wno-strict-prototypes -Wno-semicolon-before-method-body -index-store-path /Users/xinyufang/Library/Developer/Xcode/DerivedData/Buzz-faillbpsmponqzeruhhvskovixzk/Index.noindex/DataStore @/Users/xinyufang/Library/Developer/Xcode/DerivedData/Buzz-faillbpsmponqzeruhhvskovixzk/Build/Intermediates.noindex/AppCheck.build/Debug-iphonesimulator/AppCheckCore.build/Objects-normal/arm64/e6072d4f65d7061329687fe24e3d63a7-common-args.resp -MMD -MT dependencies -MF /Users/xinyufang/Library/Developer/Xcode/DerivedData/Buzz-faillbpsmponqzeruhhvskovixzk/Build/Intermediates.noindex/AppCheck.build/Debug-iphonesimulator/AppCheckCore.build/Objects-normal/arm64/GACAppCheckStoredToken+GACAppCheckToken.d --serialize-diagnostics /Users/xinyufang/Library/Developer/Xcode/DerivedData/Buzz-faillbpsmponqzeruhhvskovixzk/Build/Intermediates.noindex/AppCheck.build/Debug-iphonesimulator/AppCheckCore.build/Objects-normal/arm64/GACAppCheckStoredToken+GACAppCheckToken.dia -c /Users/xinyufang/Library/Developer/Xcode/DerivedData/Buzz-faillbpsmponqzeruhhvskovixzk/SourcePackages/checkouts/app-check/AppCheckCore/Sources/Core/Storage/GACAppCheckStoredToken+GACAppCheckToken.m -o /Users/xinyufang/Library/Developer/Xcode/DerivedData/Buzz-faillbpsmponqzeruhhvskovixzk/Build/Intermediates.noindex/AppCheck.build/Debug-iphonesimulator/AppCheckCore.build/Objects-normal/arm64/GACAppCheckStoredToken+GACAppCheckToken.o -index-unit-output-path /AppCheck.build/Debug-iphonesimulator/AppCheckCore.build/Objects-normal/arm64/GACAppCheckStoredToken+GACAppCheckToken.o

ScanDependencies /Users/xinyufang/Library/Developer/Xcode/DerivedData/Buzz-faillbpsmponqzeruhhvskovixzk/Build/Intermediates.noindex/AppCheck.build/Debug-iphonesimulator/AppCheckCore.build/Objects-normal/arm64/GACAppCheckStorage.o /Users/xinyufang/Library/Developer/Xcode/DerivedData/Buzz-faillbpsmponqzeruhhvskovixzk/SourcePackages/checkouts/app-check/AppCheckCore/Sources/Core/Storage/GACAppCheckStorage.m normal arm64 objective-c com.apple.compilers.llvm.clang.1_0.compiler (in target 'AppCheckCore' from project 'AppCheck')
    cd /Users/xinyufang/Documents/Buzz/Buzz.xcodeproj
    
    Using response file: /Users/xinyufang/Library/Developer/Xcode/DerivedData/Buzz-faillbpsmponqzeruhhvskovixzk/Build/Intermediates.noindex/AppCheck.build/Debug-iphonesimulator/AppCheckCore.build/Objects-normal/arm64/e6072d4f65d7061329687fe24e3d63a7-common-args.resp
    
    builtin-ScanDependencies -o /Users/xinyufang/Library/Developer/Xcode/DerivedData/Buzz-faillbpsmponqzeruhhvskovixzk/Build/Intermediates.noindex/AppCheck.build/Debug-iphonesimulator/AppCheckCore.build/Objects-normal/arm64/GACAppCheckStorage.o.scan -- /Applications/Xcode.app/Contents/Developer/Toolchains/XcodeDefault.xctoolchain/usr/bin/clang -x objective-c -ivfsstatcache /Users/xinyufang/Library/Developer/Xcode/DerivedData/SDKStatCaches.noindex/iphonesimulator26.0-23A339-26257891a6c027eb51374368541b8346.sdkstatcache -fmessage-length\=0 -fdiagnostics-show-note-include-stack -fmacro-backtrace-limit\=0 -fno-color-diagnostics -fmodules-prune-interval\=86400 -fmodules-prune-after\=345600 -fbuild-session-file\=/Users/xinyufang/Library/Developer/Xcode/DerivedData/ModuleCache.noindex/Session.modulevalidation -fmodules-validate-once-per-build-session -Wnon-modular-include-in-framework-module -Werror\=non-modular-include-in-framework-module -Wno-trigraphs -Wno-missing-field-initializers -Wno-missing-prototypes -Wno-return-type -Wno-implicit-atomic-properties -Wno-objc-interface-ivars -Wno-arc-repeated-use-of-weak -Wno-missing-braces -Wparentheses -Wswitch -Wno-unused-function -Wno-unused-label -Wno-unused-parameter -Wno-unused-variable -Wunused-value -Wno-empty-body -Wno-uninitialized -Wno-unknown-pragmas -w -Wno-shadow -Wno-four-char-constants -Wno-conversion -Wno-constant-conversion -Wno-int-conversion -Wno-bool-conversion -Wno-enum-conversion -Wno-float-conversion -Wno-non-literal-null-conversion -Wno-objc-literal-conversion -Wshorten-64-to-32 -Wpointer-sign -Wno-newline-eof -Wno-selector -Wno-strict-selector-match -Wno-undeclared-selector -Wno-deprecated-implementations -Wno-implicit-fallthrough -fstrict-aliasing -Wprotocol -Wdeprecated-declarations -Wno-sign-conversion -Wno-infinite-recursion -Wno-comma -Wno-block-capture-autoreleasing -Wno-strict-prototypes -Wno-semicolon-before-method-body -index-store-path /Users/xinyufang/Library/Developer/Xcode/DerivedData/Buzz-faillbpsmponqzeruhhvskovixzk/Index.noindex/DataStore @/Users/xinyufang/Library/Developer/Xcode/DerivedData/Buzz-faillbpsmponqzeruhhvskovixzk/Build/Intermediates.noindex/AppCheck.build/Debug-iphonesimulator/AppCheckCore.build/Objects-normal/arm64/e6072d4f65d7061329687fe24e3d63a7-common-args.resp -MMD -MT dependencies -MF /Users/xinyufang/Library/Developer/Xcode/DerivedData/Buzz-faillbpsmponqzeruhhvskovixzk/Build/Intermediates.noindex/AppCheck.build/Debug-iphonesimulator/AppCheckCore.build/Objects-normal/arm64/GACAppCheckStorage.d --serialize-diagnostics /Users/xinyufang/Library/Developer/Xcode/DerivedData/Buzz-faillbpsmponqzeruhhvskovixzk/Build/Intermediates.noindex/AppCheck.build/Debug-iphonesimulator/AppCheckCore.build/Objects-normal/arm64/GACAppCheckStorage.dia -c /Users/xinyufang/Library/Developer/Xcode/DerivedData/Buzz-faillbpsmponqzeruhhvskovixzk/SourcePackages/checkouts/app-check/AppCheckCore/Sources/Core/Storage/GACAppCheckStorage.m -o /Users/xinyufang/Library/Developer/Xcode/DerivedData/Buzz-faillbpsmponqzeruhhvskovixzk/Build/Intermediates.noindex/AppCheck.build/Debug-iphonesimulator/AppCheckCore.build/Objects-normal/arm64/GACAppCheckStorage.o -index-unit-output-path /AppCheck.build/Debug-iphonesimulator/AppCheckCore.build/Objects-normal/arm64/GACAppCheckStorage.o

ScanDependencies /Users/xinyufang/Library/Developer/Xcode/DerivedData/Buzz-faillbpsmponqzeruhhvskovixzk/Build/Intermediates.noindex/AppCheck.build/Debug-iphonesimulator/AppCheckCore.build/Objects-normal/arm64/GACAppCheckSettings.o /Users/xinyufang/Library/Developer/Xcode/DerivedData/Buzz-faillbpsmponqzeruhhvskovixzk/SourcePackages/checkouts/app-check/AppCheckCore/Sources/Core/GACAppCheckSettings.m normal arm64 objective-c com.apple.compilers.llvm.clang.1_0.compiler (in target 'AppCheckCore' from project 'AppCheck')
    cd /Users/xinyufang/Documents/Buzz/Buzz.xcodeproj
    
    Using response file: /Users/xinyufang/Library/Developer/Xcode/DerivedData/Buzz-faillbpsmponqzeruhhvskovixzk/Build/Intermediates.noindex/AppCheck.build/Debug-iphonesimulator/AppCheckCore.build/Objects-normal/arm64/e6072d4f65d7061329687fe24e3d63a7-common-args.resp
    
    builtin-ScanDependencies -o /Users/xinyufang/Library/Developer/Xcode/DerivedData/Buzz-faillbpsmponqzeruhhvskovixzk/Build/Intermediates.noindex/AppCheck.build/Debug-iphonesimulator/AppCheckCore.build/Objects-normal/arm64/GACAppCheckSettings.o.scan -- /Applications/Xcode.app/Contents/Developer/Toolchains/XcodeDefault.xctoolchain/usr/bin/clang -x objective-c -ivfsstatcache /Users/xinyufang/Library/Developer/Xcode/DerivedData/SDKStatCaches.noindex/iphonesimulator26.0-23A339-26257891a6c027eb51374368541b8346.sdkstatcache -fmessage-length\=0 -fdiagnostics-show-note-include-stack -fmacro-backtrace-limit\=0 -fno-color-diagnostics -fmodules-prune-interval\=86400 -fmodules-prune-after\=345600 -fbuild-session-file\=/Users/xinyufang/Library/Developer/Xcode/DerivedData/ModuleCache.noindex/Session.modulevalidation -fmodules-validate-once-per-build-session -Wnon-modular-include-in-framework-module -Werror\=non-modular-include-in-framework-module -Wno-trigraphs -Wno-missing-field-initializers -Wno-missing-prototypes -Wno-return-type -Wno-implicit-atomic-properties -Wno-objc-interface-ivars -Wno-arc-repeated-use-of-weak -Wno-missing-braces -Wparentheses -Wswitch -Wno-unused-function -Wno-unused-label -Wno-unused-parameter -Wno-unused-variable -Wunused-value -Wno-empty-body -Wno-uninitialized -Wno-unknown-pragmas -w -Wno-shadow -Wno-four-char-constants -Wno-conversion -Wno-constant-conversion -Wno-int-conversion -Wno-bool-conversion -Wno-enum-conversion -Wno-float-conversion -Wno-non-literal-null-conversion -Wno-objc-literal-conversion -Wshorten-64-to-32 -Wpointer-sign -Wno-newline-eof -Wno-selector -Wno-strict-selector-match -Wno-undeclared-selector -Wno-deprecated-implementations -Wno-implicit-fallthrough -fstrict-aliasing -Wprotocol -Wdeprecated-declarations -Wno-sign-conversion -Wno-infinite-recursion -Wno-comma -Wno-block-capture-autoreleasing -Wno-strict-prototypes -Wno-semicolon-before-method-body -index-store-path /Users/xinyufang/Library/Developer/Xcode/DerivedData/Buzz-faillbpsmponqzeruhhvskovixzk/Index.noindex/DataStore @/Users/xinyufang/Library/Developer/Xcode/DerivedData/Buzz-faillbpsmponqzeruhhvskovixzk/Build/Intermediates.noindex/AppCheck.build/Debug-iphonesimulator/AppCheckCore.build/Objects-normal/arm64/e6072d4f65d7061329687fe24e3d63a7-common-args.resp -MMD -MT dependencies -MF /Users/xinyufang/Library/Developer/Xcode/DerivedData/Buzz-faillbpsmponqzeruhhvskovixzk/Build/Intermediates.noindex/AppCheck.build/Debug-iphonesimulator/AppCheckCore.build/Objects-normal/arm64/GACAppCheckSettings.d --serialize-diagnostics /Users/xinyufang/Library/Developer/Xcode/DerivedData/Buzz-faillbpsmponqzeruhhvskovixzk/Build/Intermediates.noindex/AppCheck.build/Debug-iphonesimulator/AppCheckCore.build/Objects-normal/arm64/GACAppCheckSettings.dia -c /Users/xinyufang/Library/Developer/Xcode/DerivedData/Buzz-faillbpsmponqzeruhhvskovixzk/SourcePackages/checkouts/app-check/AppCheckCore/Sources/Core/GACAppCheckSettings.m -o /Users/xinyufang/Library/Developer/Xcode/DerivedData/Buzz-faillbpsmponqzeruhhvskovixzk/Build/Intermediates.noindex/AppCheck.build/Debug-iphonesimulator/AppCheckCore.build/Objects-normal/arm64/GACAppCheckSettings.o -index-unit-output-path /AppCheck.build/Debug-iphonesimulator/AppCheckCore.build/Objects-normal/arm64/GACAppCheckSettings.o

ScanDependencies /Users/xinyufang/Library/Developer/Xcode/DerivedData/Buzz-faillbpsmponqzeruhhvskovixzk/Build/Intermediates.noindex/AppCheck.build/Debug-iphonesimulator/AppCheckCore.build/Objects-normal/arm64/GACAppCheckLogger.o /Users/xinyufang/Library/Developer/Xcode/DerivedData/Buzz-faillbpsmponqzeruhhvskovixzk/SourcePackages/checkouts/app-check/AppCheckCore/Sources/Core/GACAppCheckLogger.m normal arm64 objective-c com.apple.compilers.llvm.clang.1_0.compiler (in target 'AppCheckCore' from project 'AppCheck')
    cd /Users/xinyufang/Documents/Buzz/Buzz.xcodeproj
    
    Using response file: /Users/xinyufang/Library/Developer/Xcode/DerivedData/Buzz-faillbpsmponqzeruhhvskovixzk/Build/Intermediates.noindex/AppCheck.build/Debug-iphonesimulator/AppCheckCore.build/Objects-normal/arm64/e6072d4f65d7061329687fe24e3d63a7-common-args.resp
    
    builtin-ScanDependencies -o /Users/xinyufang/Library/Developer/Xcode/DerivedData/Buzz-faillbpsmponqzeruhhvskovixzk/Build/Intermediates.noindex/AppCheck.build/Debug-iphonesimulator/AppCheckCore.build/Objects-normal/arm64/GACAppCheckLogger.o.scan -- /Applications/Xcode.app/Contents/Developer/Toolchains/XcodeDefault.xctoolchain/usr/bin/clang -x objective-c -ivfsstatcache /Users/xinyufang/Library/Developer/Xcode/DerivedData/SDKStatCaches.noindex/iphonesimulator26.0-23A339-26257891a6c027eb51374368541b8346.sdkstatcache -fmessage-length\=0 -fdiagnostics-show-note-include-stack -fmacro-backtrace-limit\=0 -fno-color-diagnostics -fmodules-prune-interval\=86400 -fmodules-prune-after\=345600 -fbuild-session-file\=/Users/xinyufang/Library/Developer/Xcode/DerivedData/ModuleCache.noindex/Session.modulevalidation -fmodules-validate-once-per-build-session -Wnon-modular-include-in-framework-module -Werror\=non-modular-include-in-framework-module -Wno-trigraphs -Wno-missing-field-initializers -Wno-missing-prototypes -Wno-return-type -Wno-implicit-atomic-properties -Wno-objc-interface-ivars -Wno-arc-repeated-use-of-weak -Wno-missing-braces -Wparentheses -Wswitch -Wno-unused-function -Wno-unused-label -Wno-unused-parameter -Wno-unused-variable -Wunused-value -Wno-empty-body -Wno-uninitialized -Wno-unknown-pragmas -w -Wno-shadow -Wno-four-char-constants -Wno-conversion -Wno-constant-conversion -Wno-int-conversion -Wno-bool-conversion -Wno-enum-conversion -Wno-float-conversion -Wno-non-literal-null-conversion -Wno-objc-literal-conversion -Wshorten-64-to-32 -Wpointer-sign -Wno-newline-eof -Wno-selector -Wno-strict-selector-match -Wno-undeclared-selector -Wno-deprecated-implementations -Wno-implicit-fallthrough -fstrict-aliasing -Wprotocol -Wdeprecated-declarations -Wno-sign-conversion -Wno-infinite-recursion -Wno-comma -Wno-block-capture-autoreleasing -Wno-strict-prototypes -Wno-semicolon-before-method-body -index-store-path /Users/xinyufang/Library/Developer/Xcode/DerivedData/Buzz-faillbpsmponqzeruhhvskovixzk/Index.noindex/DataStore @/Users/xinyufang/Library/Developer/Xcode/DerivedData/Buzz-faillbpsmponqzeruhhvskovixzk/Build/Intermediates.noindex/AppCheck.build/Debug-iphonesimulator/AppCheckCore.build/Objects-normal/arm64/e6072d4f65d7061329687fe24e3d63a7-common-args.resp -MMD -MT dependencies -MF /Users/xinyufang/Library/Developer/Xcode/DerivedData/Buzz-faillbpsmponqzeruhhvskovixzk/Build/Intermediates.noindex/AppCheck.build/Debug-iphonesimulator/AppCheckCore.build/Objects-normal/arm64/GACAppCheckLogger.d --serialize-diagnostics /Users/xinyufang/Library/Developer/Xcode/DerivedData/Buzz-faillbpsmponqzeruhhvskovixzk/Build/Intermediates.noindex/AppCheck.build/Debug-iphonesimulator/AppCheckCore.build/Objects-normal/arm64/GACAppCheckLogger.dia -c /Users/xinyufang/Library/Developer/Xcode/DerivedData/Buzz-faillbpsmponqzeruhhvskovixzk/SourcePackages/checkouts/app-check/AppCheckCore/Sources/Core/GACAppCheckLogger.m -o /Users/xinyufang/Library/Developer/Xcode/DerivedData/Buzz-faillbpsmponqzeruhhvskovixzk/Build/Intermediates.noindex/AppCheck.build/Debug-iphonesimulator/AppCheckCore.build/Objects-normal/arm64/GACAppCheckLogger.o -index-unit-output-path /AppCheck.build/Debug-iphonesimulator/AppCheckCore.build/Objects-normal/arm64/GACAppCheckLogger.o

ScanDependencies /Users/xinyufang/Library/Developer/Xcode/DerivedData/Buzz-faillbpsmponqzeruhhvskovixzk/Build/Intermediates.noindex/AppCheck.build/Debug-iphonesimulator/AppCheckCore.build/Objects-normal/arm64/GACAppCheckHTTPError.o /Users/xinyufang/Library/Developer/Xcode/DerivedData/Buzz-faillbpsmponqzeruhhvskovixzk/SourcePackages/checkouts/app-check/AppCheckCore/Sources/Core/Errors/GACAppCheckHTTPError.m normal arm64 objective-c com.apple.compilers.llvm.clang.1_0.compiler (in target 'AppCheckCore' from project 'AppCheck')
    cd /Users/xinyufang/Documents/Buzz/Buzz.xcodeproj
    
    Using response file: /Users/xinyufang/Library/Developer/Xcode/DerivedData/Buzz-faillbpsmponqzeruhhvskovixzk/Build/Intermediates.noindex/AppCheck.build/Debug-iphonesimulator/AppCheckCore.build/Objects-normal/arm64/e6072d4f65d7061329687fe24e3d63a7-common-args.resp
    
    builtin-ScanDependencies -o /Users/xinyufang/Library/Developer/Xcode/DerivedData/Buzz-faillbpsmponqzeruhhvskovixzk/Build/Intermediates.noindex/AppCheck.build/Debug-iphonesimulator/AppCheckCore.build/Objects-normal/arm64/GACAppCheckHTTPError.o.scan -- /Applications/Xcode.app/Contents/Developer/Toolchains/XcodeDefault.xctoolchain/usr/bin/clang -x objective-c -ivfsstatcache /Users/xinyufang/Library/Developer/Xcode/DerivedData/SDKStatCaches.noindex/iphonesimulator26.0-23A339-26257891a6c027eb51374368541b8346.sdkstatcache -fmessage-length\=0 -fdiagnostics-show-note-include-stack -fmacro-backtrace-limit\=0 -fno-color-diagnostics -fmodules-prune-interval\=86400 -fmodules-prune-after\=345600 -fbuild-session-file\=/Users/xinyufang/Library/Developer/Xcode/DerivedData/ModuleCache.noindex/Session.modulevalidation -fmodules-validate-once-per-build-session -Wnon-modular-include-in-framework-module -Werror\=non-modular-include-in-framework-module -Wno-trigraphs -Wno-missing-field-initializers -Wno-missing-prototypes -Wno-return-type -Wno-implicit-atomic-properties -Wno-objc-interface-ivars -Wno-arc-repeated-use-of-weak -Wno-missing-braces -Wparentheses -Wswitch -Wno-unused-function -Wno-unused-label -Wno-unused-parameter -Wno-unused-variable -Wunused-value -Wno-empty-body -Wno-uninitialized -Wno-unknown-pragmas -w -Wno-shadow -Wno-four-char-constants -Wno-conversion -Wno-constant-conversion -Wno-int-conversion -Wno-bool-conversion -Wno-enum-conversion -Wno-float-conversion -Wno-non-literal-null-conversion -Wno-objc-literal-conversion -Wshorten-64-to-32 -Wpointer-sign -Wno-newline-eof -Wno-selector -Wno-strict-selector-match -Wno-undeclared-selector -Wno-deprecated-implementations -Wno-implicit-fallthrough -fstrict-aliasing -Wprotocol -Wdeprecated-declarations -Wno-sign-conversion -Wno-infinite-recursion -Wno-comma -Wno-block-capture-autoreleasing -Wno-strict-prototypes -Wno-semicolon-before-method-body -index-store-path /Users/xinyufang/Library/Developer/Xcode/DerivedData/Buzz-faillbpsmponqzeruhhvskovixzk/Index.noindex/DataStore @/Users/xinyufang/Library/Developer/Xcode/DerivedData/Buzz-faillbpsmponqzeruhhvskovixzk/Build/Intermediates.noindex/AppCheck.build/Debug-iphonesimulator/AppCheckCore.build/Objects-normal/arm64/e6072d4f65d7061329687fe24e3d63a7-common-args.resp -MMD -MT dependencies -MF /Users/xinyufang/Library/Developer/Xcode/DerivedData/Buzz-faillbpsmponqzeruhhvskovixzk/Build/Intermediates.noindex/AppCheck.build/Debug-iphonesimulator/AppCheckCore.build/Objects-normal/arm64/GACAppCheckHTTPError.d --serialize-diagnostics /Users/xinyufang/Library/Developer/Xcode/DerivedData/Buzz-faillbpsmponqzeruhhvskovixzk/Build/Intermediates.noindex/AppCheck.build/Debug-iphonesimulator/AppCheckCore.build/Objects-normal/arm64/GACAppCheckHTTPError.dia -c /Users/xinyufang/Library/Developer/Xcode/DerivedData/Buzz-faillbpsmponqzeruhhvskovixzk/SourcePackages/checkouts/app-check/AppCheckCore/Sources/Core/Errors/GACAppCheckHTTPError.m -o /Users/xinyufang/Library/Developer/Xcode/DerivedData/Buzz-faillbpsmponqzeruhhvskovixzk/Build/Intermediates.noindex/AppCheck.build/Debug-iphonesimulator/AppCheckCore.build/Objects-normal/arm64/GACAppCheckHTTPError.o -index-unit-output-path /AppCheck.build/Debug-iphonesimulator/AppCheckCore.build/Objects-normal/arm64/GACAppCheckHTTPError.o

ScanDependencies /Users/xinyufang/Library/Developer/Xcode/DerivedData/Buzz-faillbpsmponqzeruhhvskovixzk/Build/Intermediates.noindex/AppCheck.build/Debug-iphonesimulator/AppCheckCore.build/Objects-normal/arm64/GACAppCheckErrors.o /Users/xinyufang/Library/Developer/Xcode/DerivedData/Buzz-faillbpsmponqzeruhhvskovixzk/SourcePackages/checkouts/app-check/AppCheckCore/Sources/Core/Errors/GACAppCheckErrors.m normal arm64 objective-c com.apple.compilers.llvm.clang.1_0.compiler (in target 'AppCheckCore' from project 'AppCheck')
    cd /Users/xinyufang/Documents/Buzz/Buzz.xcodeproj
    
    Using response file: /Users/xinyufang/Library/Developer/Xcode/DerivedData/Buzz-faillbpsmponqzeruhhvskovixzk/Build/Intermediates.noindex/AppCheck.build/Debug-iphonesimulator/AppCheckCore.build/Objects-normal/arm64/e6072d4f65d7061329687fe24e3d63a7-common-args.resp
    
    builtin-ScanDependencies -o /Users/xinyufang/Library/Developer/Xcode/DerivedData/Buzz-faillbpsmponqzeruhhvskovixzk/Build/Intermediates.noindex/AppCheck.build/Debug-iphonesimulator/AppCheckCore.build/Objects-normal/arm64/GACAppCheckErrors.o.scan -- /Applications/Xcode.app/Contents/Developer/Toolchains/XcodeDefault.xctoolchain/usr/bin/clang -x objective-c -ivfsstatcache /Users/xinyufang/Library/Developer/Xcode/DerivedData/SDKStatCaches.noindex/iphonesimulator26.0-23A339-26257891a6c027eb51374368541b8346.sdkstatcache -fmessage-length\=0 -fdiagnostics-show-note-include-stack -fmacro-backtrace-limit\=0 -fno-color-diagnostics -fmodules-prune-interval\=86400 -fmodules-prune-after\=345600 -fbuild-session-file\=/Users/xinyufang/Library/Developer/Xcode/DerivedData/ModuleCache.noindex/Session.modulevalidation -fmodules-validate-once-per-build-session -Wnon-modular-include-in-framework-module -Werror\=non-modular-include-in-framework-module -Wno-trigraphs -Wno-missing-field-initializers -Wno-missing-prototypes -Wno-return-type -Wno-implicit-atomic-properties -Wno-objc-interface-ivars -Wno-arc-repeated-use-of-weak -Wno-missing-braces -Wparentheses -Wswitch -Wno-unused-function -Wno-unused-label -Wno-unused-parameter -Wno-unused-variable -Wunused-value -Wno-empty-body -Wno-uninitialized -Wno-unknown-pragmas -w -Wno-shadow -Wno-four-char-constants -Wno-conversion -Wno-constant-conversion -Wno-int-conversion -Wno-bool-conversion -Wno-enum-conversion -Wno-float-conversion -Wno-non-literal-null-conversion -Wno-objc-literal-conversion -Wshorten-64-to-32 -Wpointer-sign -Wno-newline-eof -Wno-selector -Wno-strict-selector-match -Wno-undeclared-selector -Wno-deprecated-implementations -Wno-implicit-fallthrough -fstrict-aliasing -Wprotocol -Wdeprecated-declarations -Wno-sign-conversion -Wno-infinite-recursion -Wno-comma -Wno-block-capture-autoreleasing -Wno-strict-prototypes -Wno-semicolon-before-method-body -index-store-path /Users/xinyufang/Library/Developer/Xcode/DerivedData/Buzz-faillbpsmponqzeruhhvskovixzk/Index.noindex/DataStore @/Users/xinyufang/Library/Developer/Xcode/DerivedData/Buzz-faillbpsmponqzeruhhvskovixzk/Build/Intermediates.noindex/AppCheck.build/Debug-iphonesimulator/AppCheckCore.build/Objects-normal/arm64/e6072d4f65d7061329687fe24e3d63a7-common-args.resp -MMD -MT dependencies -MF /Users/xinyufang/Library/Developer/Xcode/DerivedData/Buzz-faillbpsmponqzeruhhvskovixzk/Build/Intermediates.noindex/AppCheck.build/Debug-iphonesimulator/AppCheckCore.build/Objects-normal/arm64/GACAppCheckErrors.d --serialize-diagnostics /Users/xinyufang/Library/Developer/Xcode/DerivedData/Buzz-faillbpsmponqzeruhhvskovixzk/Build/Intermediates.noindex/AppCheck.build/Debug-iphonesimulator/AppCheckCore.build/Objects-normal/arm64/GACAppCheckErrors.dia -c /Users/xinyufang/Library/Developer/Xcode/DerivedData/Buzz-faillbpsmponqzeruhhvskovixzk/SourcePackages/checkouts/app-check/AppCheckCore/Sources/Core/Errors/GACAppCheckErrors.m -o /Users/xinyufang/Library/Developer/Xcode/DerivedData/Buzz-faillbpsmponqzeruhhvskovixzk/Build/Intermediates.noindex/AppCheck.build/Debug-iphonesimulator/AppCheckCore.build/Objects-normal/arm64/GACAppCheckErrors.o -index-unit-output-path /AppCheck.build/Debug-iphonesimulator/AppCheckCore.build/Objects-normal/arm64/GACAppCheckErrors.o

ScanDependencies /Users/xinyufang/Library/Developer/Xcode/DerivedData/Buzz-faillbpsmponqzeruhhvskovixzk/Build/Intermediates.noindex/AppCheck.build/Debug-iphonesimulator/AppCheckCore.build/Objects-normal/arm64/GACAppCheckErrorUtil.o /Users/xinyufang/Library/Developer/Xcode/DerivedData/Buzz-faillbpsmponqzeruhhvskovixzk/SourcePackages/checkouts/app-check/AppCheckCore/Sources/Core/Errors/GACAppCheckErrorUtil.m normal arm64 objective-c com.apple.compilers.llvm.clang.1_0.compiler (in target 'AppCheckCore' from project 'AppCheck')
    cd /Users/xinyufang/Documents/Buzz/Buzz.xcodeproj
    
    Using response file: /Users/xinyufang/Library/Developer/Xcode/DerivedData/Buzz-faillbpsmponqzeruhhvskovixzk/Build/Intermediates.noindex/AppCheck.build/Debug-iphonesimulator/AppCheckCore.build/Objects-normal/arm64/e6072d4f65d7061329687fe24e3d63a7-common-args.resp
    
    builtin-ScanDependencies -o /Users/xinyufang/Library/Developer/Xcode/DerivedData/Buzz-faillbpsmponqzeruhhvskovixzk/Build/Intermediates.noindex/AppCheck.build/Debug-iphonesimulator/AppCheckCore.build/Objects-normal/arm64/GACAppCheckErrorUtil.o.scan -- /Applications/Xcode.app/Contents/Developer/Toolchains/XcodeDefault.xctoolchain/usr/bin/clang -x objective-c -ivfsstatcache /Users/xinyufang/Library/Developer/Xcode/DerivedData/SDKStatCaches.noindex/iphonesimulator26.0-23A339-26257891a6c027eb51374368541b8346.sdkstatcache -fmessage-length\=0 -fdiagnostics-show-note-include-stack -fmacro-backtrace-limit\=0 -fno-color-diagnostics -fmodules-prune-interval\=86400 -fmodules-prune-after\=345600 -fbuild-session-file\=/Users/xinyufang/Library/Developer/Xcode/DerivedData/ModuleCache.noindex/Session.modulevalidation -fmodules-validate-once-per-build-session -Wnon-modular-include-in-framework-module -Werror\=non-modular-include-in-framework-module -Wno-trigraphs -Wno-missing-field-initializers -Wno-missing-prototypes -Wno-return-type -Wno-implicit-atomic-properties -Wno-objc-interface-ivars -Wno-arc-repeated-use-of-weak -Wno-missing-braces -Wparentheses -Wswitch -Wno-unused-function -Wno-unused-label -Wno-unused-parameter -Wno-unused-variable -Wunused-value -Wno-empty-body -Wno-uninitialized -Wno-unknown-pragmas -w -Wno-shadow -Wno-four-char-constants -Wno-conversion -Wno-constant-conversion -Wno-int-conversion -Wno-bool-conversion -Wno-enum-conversion -Wno-float-conversion -Wno-non-literal-null-conversion -Wno-objc-literal-conversion -Wshorten-64-to-32 -Wpointer-sign -Wno-newline-eof -Wno-selector -Wno-strict-selector-match -Wno-undeclared-selector -Wno-deprecated-implementations -Wno-implicit-fallthrough -fstrict-aliasing -Wprotocol -Wdeprecated-declarations -Wno-sign-conversion -Wno-infinite-recursion -Wno-comma -Wno-block-capture-autoreleasing -Wno-strict-prototypes -Wno-semicolon-before-method-body -index-store-path /Users/xinyufang/Library/Developer/Xcode/DerivedData/Buzz-faillbpsmponqzeruhhvskovixzk/Index.noindex/DataStore @/Users/xinyufang/Library/Developer/Xcode/DerivedData/Buzz-faillbpsmponqzeruhhvskovixzk/Build/Intermediates.noindex/AppCheck.build/Debug-iphonesimulator/AppCheckCore.build/Objects-normal/arm64/e6072d4f65d7061329687fe24e3d63a7-common-args.resp -MMD -MT dependencies -MF /Users/xinyufang/Library/Developer/Xcode/DerivedData/Buzz-faillbpsmponqzeruhhvskovixzk/Build/Intermediates.noindex/AppCheck.build/Debug-iphonesimulator/AppCheckCore.build/Objects-normal/arm64/GACAppCheckErrorUtil.d --serialize-diagnostics /Users/xinyufang/Library/Developer/Xcode/DerivedData/Buzz-faillbpsmponqzeruhhvskovixzk/Build/Intermediates.noindex/AppCheck.build/Debug-iphonesimulator/AppCheckCore.build/Objects-normal/arm64/GACAppCheckErrorUtil.dia -c /Users/xinyufang/Library/Developer/Xcode/DerivedData/Buzz-faillbpsmponqzeruhhvskovixzk/SourcePackages/checkouts/app-check/AppCheckCore/Sources/Core/Errors/GACAppCheckErrorUtil.m -o /Users/xinyufang/Library/Developer/Xcode/DerivedData/Buzz-faillbpsmponqzeruhhvskovixzk/Build/Intermediates.noindex/AppCheck.build/Debug-iphonesimulator/AppCheckCore.build/Objects-normal/arm64/GACAppCheckErrorUtil.o -index-unit-output-path /AppCheck.build/Debug-iphonesimulator/AppCheckCore.build/Objects-normal/arm64/GACAppCheckErrorUtil.o

SwiftDriverJobDiscovery normal arm64 Compiling MLDSA.swift, Signature.swift, CryptoKitErrors_boring.swift, Optional+withUnsafeBytes_boring.swift, RNG_boring.swift, SafeCompare_boring.swift, Zeroization_boring.swift, PrettyBytes.swift, SafeCompare.swift, SecureBytes.swift, Zeroization.swift (in target 'Crypto' from project 'swift-crypto')

SwiftDriver\ Compilation Crypto normal arm64 com.apple.xcode.tools.swift.compiler (in target 'Crypto' from project 'swift-crypto')
    cd /Users/xinyufang/Documents/Buzz/Buzz.xcodeproj
    builtin-Swift-Compilation -- /Applications/Xcode.app/Contents/Developer/Toolchains/XcodeDefault.xctoolchain/usr/bin/swiftc -module-name Crypto -Onone -enforce-exclusivity\=checked @/Users/xinyufang/Library/Developer/Xcode/DerivedData/Buzz-faillbpsmponqzeruhhvskovixzk/Build/Intermediates.noindex/swift-crypto.build/Debug-iphonesimulator/Crypto.build/Objects-normal/arm64/Crypto.SwiftFileList -DSWIFT_PACKAGE -DDEBUG -DSWIFT_MODULE_RESOURCE_BUNDLE_AVAILABLE -DCRYPTO_IN_SWIFTPM -DXcode -enable-upcoming-feature MemberImportVisibility -plugin-path /Applications/Xcode.app/Contents/Developer/Toolchains/XcodeDefault.xctoolchain/usr/lib/swift/host/plugins/testing -enable-experimental-feature DebugDescriptionMacro -sdk /Applications/Xcode.app/Contents/Developer/Platforms/iPhoneSimulator.platform/Developer/SDKs/iPhoneSimulator26.0.sdk -target arm64-apple-ios12.0-simulator -g -module-cache-path /Users/xinyufang/Library/Developer/Xcode/DerivedData/ModuleCache.noindex -Xfrontend -serialize-debugging-options -enable-testing -suppress-warnings -index-store-path /Users/xinyufang/Library/Developer/Xcode/DerivedData/Buzz-faillbpsmponqzeruhhvskovixzk/Index.noindex/DataStore -Xcc -D_LIBCPP_HARDENING_MODE\=_LIBCPP_HARDENING_MODE_DEBUG -swift-version 6 -I /Users/xinyufang/Library/Developer/Xcode/DerivedData/Buzz-faillbpsmponqzeruhhvskovixzk/Build/Products/Debug-iphonesimulator -Isystem /Applications/Xcode.app/Contents/Developer/Platforms/iPhoneSimulator.platform/Developer/usr/lib -F /Users/xinyufang/Library/Developer/Xcode/DerivedData/Buzz-faillbpsmponqzeruhhvskovixzk/Build/Products/Debug-iphonesimulator -F /Applications/Xcode.app/Contents/Developer/Platforms/iPhoneSimulator.platform/Developer/Library/Frameworks -F /Applications/Xcode.app/Contents/Developer/Platforms/iPhoneSimulator.platform/Developer/SDKs/iPhoneSimulator26.0.sdk/Developer/Library/Frameworks -c -j8 -enable-batch-mode -incremental -Xcc -ivfsstatcache -Xcc /Users/xinyufang/Library/Developer/Xcode/DerivedData/SDKStatCaches.noindex/iphonesimulator26.0-23A339-26257891a6c027eb51374368541b8346.sdkstatcache -output-file-map /Users/xinyufang/Library/Developer/Xcode/DerivedData/Buzz-faillbpsmponqzeruhhvskovixzk/Build/Intermediates.noindex/swift-crypto.build/Debug-iphonesimulator/Crypto.build/Objects-normal/arm64/Crypto-OutputFileMap.json -use-frontend-parseable-output -save-temps -no-color-diagnostics -explicit-module-build -module-cache-path /Users/xinyufang/Library/Developer/Xcode/DerivedData/Buzz-faillbpsmponqzeruhhvskovixzk/Build/Intermediates.noindex/SwiftExplicitPrecompiledModules -clang-scanner-module-cache-path /Users/xinyufang/Library/Developer/Xcode/DerivedData/ModuleCache.noindex -sdk-module-cache-path /Users/xinyufang/Library/Developer/Xcode/DerivedData/ModuleCache.noindex -serialize-diagnostics -emit-dependencies -emit-module -emit-module-path /Users/xinyufang/Library/Developer/Xcode/DerivedData/Buzz-faillbpsmponqzeruhhvskovixzk/Build/Intermediates.noindex/swift-crypto.build/Debug-iphonesimulator/Crypto.build/Objects-normal/arm64/Crypto.swiftmodule -user-module-version 4.1.0 -validate-clang-modules-once -clang-build-session-file /Users/xinyufang/Library/Developer/Xcode/DerivedData/ModuleCache.noindex/Session.modulevalidation -package-name swift_crypto -Xcc -I/Users/xinyufang/Library/Developer/Xcode/DerivedData/Buzz-faillbpsmponqzeruhhvskovixzk/Build/Intermediates.noindex/swift-crypto.build/Debug-iphonesimulator/Crypto.build/swift-overrides.hmap -emit-const-values -Xfrontend -const-gather-protocols-file -Xfrontend /Users/xinyufang/Library/Developer/Xcode/DerivedData/Buzz-faillbpsmponqzeruhhvskovixzk/Build/Intermediates.noindex/swift-crypto.build/Debug-iphonesimulator/Crypto.build/Objects-normal/arm64/Crypto_const_extract_protocols.json -Xcc -I/Users/xinyufang/Library/Developer/Xcode/DerivedData/Buzz-faillbpsmponqzeruhhvskovixzk/Build/Products/Debug-iphonesimulator/include -Xcc -I/Users/xinyufang/Library/Developer/Xcode/DerivedData/Buzz-faillbpsmponqzeruhhvskovixzk/Build/Intermediates.noindex/swift-crypto.build/Debug-iphonesimulator/Crypto.build/DerivedSources-normal/arm64 -Xcc -I/Users/xinyufang/Library/Developer/Xcode/DerivedData/Buzz-faillbpsmponqzeruhhvskovixzk/Build/Intermediates.noindex/swift-crypto.build/Debug-iphonesimulator/Crypto.build/DerivedSources/arm64 -Xcc -I/Users/xinyufang/Library/Developer/Xcode/DerivedData/Buzz-faillbpsmponqzeruhhvskovixzk/Build/Intermediates.noindex/swift-crypto.build/Debug-iphonesimulator/Crypto.build/DerivedSources -Xcc -DSWIFT_PACKAGE -Xcc -DDEBUG\=1 -emit-objc-header -emit-objc-header-path /Users/xinyufang/Library/Developer/Xcode/DerivedData/Buzz-faillbpsmponqzeruhhvskovixzk/Build/Intermediates.noindex/swift-crypto.build/Debug-iphonesimulator/Crypto.build/Objects-normal/arm64/Crypto-Swift.h -working-directory /Users/xinyufang/Documents/Buzz/Buzz.xcodeproj -experimental-emit-module-separately -disable-cmo

SwiftDriverJobDiscovery normal arm64 Compiling MainSerialExecutor.swift (in target 'ConcurrencyExtras' from project 'swift-concurrency-extras')

ScanDependencies /Users/xinyufang/Library/Developer/Xcode/DerivedData/Buzz-faillbpsmponqzeruhhvskovixzk/Build/Intermediates.noindex/AppCheck.build/Debug-iphonesimulator/AppCheckCore.build/Objects-normal/arm64/GACAppCheckDebugProviderAPIService.o /Users/xinyufang/Library/Developer/Xcode/DerivedData/Buzz-faillbpsmponqzeruhhvskovixzk/SourcePackages/checkouts/app-check/AppCheckCore/Sources/DebugProvider/API/GACAppCheckDebugProviderAPIService.m normal arm64 objective-c com.apple.compilers.llvm.clang.1_0.compiler (in target 'AppCheckCore' from project 'AppCheck')
    cd /Users/xinyufang/Documents/Buzz/Buzz.xcodeproj
    
    Using response file: /Users/xinyufang/Library/Developer/Xcode/DerivedData/Buzz-faillbpsmponqzeruhhvskovixzk/Build/Intermediates.noindex/AppCheck.build/Debug-iphonesimulator/AppCheckCore.build/Objects-normal/arm64/e6072d4f65d7061329687fe24e3d63a7-common-args.resp
    
    builtin-ScanDependencies -o /Users/xinyufang/Library/Developer/Xcode/DerivedData/Buzz-faillbpsmponqzeruhhvskovixzk/Build/Intermediates.noindex/AppCheck.build/Debug-iphonesimulator/AppCheckCore.build/Objects-normal/arm64/GACAppCheckDebugProviderAPIService.o.scan -- /Applications/Xcode.app/Contents/Developer/Toolchains/XcodeDefault.xctoolchain/usr/bin/clang -x objective-c -ivfsstatcache /Users/xinyufang/Library/Developer/Xcode/DerivedData/SDKStatCaches.noindex/iphonesimulator26.0-23A339-26257891a6c027eb51374368541b8346.sdkstatcache -fmessage-length\=0 -fdiagnostics-show-note-include-stack -fmacro-backtrace-limit\=0 -fno-color-diagnostics -fmodules-prune-interval\=86400 -fmodules-prune-after\=345600 -fbuild-session-file\=/Users/xinyufang/Library/Developer/Xcode/DerivedData/ModuleCache.noindex/Session.modulevalidation -fmodules-validate-once-per-build-session -Wnon-modular-include-in-framework-module -Werror\=non-modular-include-in-framework-module -Wno-trigraphs -Wno-missing-field-initializers -Wno-missing-prototypes -Wno-return-type -Wno-implicit-atomic-properties -Wno-objc-interface-ivars -Wno-arc-repeated-use-of-weak -Wno-missing-braces -Wparentheses -Wswitch -Wno-unused-function -Wno-unused-label -Wno-unused-parameter -Wno-unused-variable -Wunused-value -Wno-empty-body -Wno-uninitialized -Wno-unknown-pragmas -w -Wno-shadow -Wno-four-char-constants -Wno-conversion -Wno-constant-conversion -Wno-int-conversion -Wno-bool-conversion -Wno-enum-conversion -Wno-float-conversion -Wno-non-literal-null-conversion -Wno-objc-literal-conversion -Wshorten-64-to-32 -Wpointer-sign -Wno-newline-eof -Wno-selector -Wno-strict-selector-match -Wno-undeclared-selector -Wno-deprecated-implementations -Wno-implicit-fallthrough -fstrict-aliasing -Wprotocol -Wdeprecated-declarations -Wno-sign-conversion -Wno-infinite-recursion -Wno-comma -Wno-block-capture-autoreleasing -Wno-strict-prototypes -Wno-semicolon-before-method-body -index-store-path /Users/xinyufang/Library/Developer/Xcode/DerivedData/Buzz-faillbpsmponqzeruhhvskovixzk/Index.noindex/DataStore @/Users/xinyufang/Library/Developer/Xcode/DerivedData/Buzz-faillbpsmponqzeruhhvskovixzk/Build/Intermediates.noindex/AppCheck.build/Debug-iphonesimulator/AppCheckCore.build/Objects-normal/arm64/e6072d4f65d7061329687fe24e3d63a7-common-args.resp -MMD -MT dependencies -MF /Users/xinyufang/Library/Developer/Xcode/DerivedData/Buzz-faillbpsmponqzeruhhvskovixzk/Build/Intermediates.noindex/AppCheck.build/Debug-iphonesimulator/AppCheckCore.build/Objects-normal/arm64/GACAppCheckDebugProviderAPIService.d --serialize-diagnostics /Users/xinyufang/Library/Developer/Xcode/DerivedData/Buzz-faillbpsmponqzeruhhvskovixzk/Build/Intermediates.noindex/AppCheck.build/Debug-iphonesimulator/AppCheckCore.build/Objects-normal/arm64/GACAppCheckDebugProviderAPIService.dia -c /Users/xinyufang/Library/Developer/Xcode/DerivedData/Buzz-faillbpsmponqzeruhhvskovixzk/SourcePackages/checkouts/app-check/AppCheckCore/Sources/DebugProvider/API/GACAppCheckDebugProviderAPIService.m -o /Users/xinyufang/Library/Developer/Xcode/DerivedData/Buzz-faillbpsmponqzeruhhvskovixzk/Build/Intermediates.noindex/AppCheck.build/Debug-iphonesimulator/AppCheckCore.build/Objects-normal/arm64/GACAppCheckDebugProviderAPIService.o -index-unit-output-path /AppCheck.build/Debug-iphonesimulator/AppCheckCore.build/Objects-normal/arm64/GACAppCheckDebugProviderAPIService.o

SwiftDriver\ Compilation ConcurrencyExtras normal arm64 com.apple.xcode.tools.swift.compiler (in target 'ConcurrencyExtras' from project 'swift-concurrency-extras')
    cd /Users/xinyufang/Documents/Buzz/Buzz.xcodeproj
    builtin-Swift-Compilation -- /Applications/Xcode.app/Contents/Developer/Toolchains/XcodeDefault.xctoolchain/usr/bin/swiftc -module-name ConcurrencyExtras -Onone -enforce-exclusivity\=checked @/Users/xinyufang/Library/Developer/Xcode/DerivedData/Buzz-faillbpsmponqzeruhhvskovixzk/Build/Intermediates.noindex/swift-concurrency-extras.build/Debug-iphonesimulator/ConcurrencyExtras.build/Objects-normal/arm64/ConcurrencyExtras.SwiftFileList -DSWIFT_PACKAGE -DDEBUG -DSWIFT_MODULE_RESOURCE_BUNDLE_UNAVAILABLE -DXcode -plugin-path /Applications/Xcode.app/Contents/Developer/Toolchains/XcodeDefault.xctoolchain/usr/lib/swift/host/plugins/testing -enable-experimental-feature DebugDescriptionMacro -sdk /Applications/Xcode.app/Contents/Developer/Platforms/iPhoneSimulator.platform/Developer/SDKs/iPhoneSimulator26.0.sdk -target arm64-apple-ios13.0-simulator -g -module-cache-path /Users/xinyufang/Library/Developer/Xcode/DerivedData/ModuleCache.noindex -Xfrontend -serialize-debugging-options -enable-testing -suppress-warnings -index-store-path /Users/xinyufang/Library/Developer/Xcode/DerivedData/Buzz-faillbpsmponqzeruhhvskovixzk/Index.noindex/DataStore -Xcc -D_LIBCPP_HARDENING_MODE\=_LIBCPP_HARDENING_MODE_DEBUG -swift-version 6 -I /Users/xinyufang/Library/Developer/Xcode/DerivedData/Buzz-faillbpsmponqzeruhhvskovixzk/Build/Products/Debug-iphonesimulator -Isystem /Applications/Xcode.app/Contents/Developer/Platforms/iPhoneSimulator.platform/Developer/usr/lib -F /Users/xinyufang/Library/Developer/Xcode/DerivedData/Buzz-faillbpsmponqzeruhhvskovixzk/Build/Products/Debug-iphonesimulator -F /Applications/Xcode.app/Contents/Developer/Platforms/iPhoneSimulator.platform/Developer/Library/Frameworks -F /Applications/Xcode.app/Contents/Developer/Platforms/iPhoneSimulator.platform/Developer/SDKs/iPhoneSimulator26.0.sdk/Developer/Library/Frameworks -c -j8 -enable-batch-mode -incremental -Xcc -ivfsstatcache -Xcc /Users/xinyufang/Library/Developer/Xcode/DerivedData/SDKStatCaches.noindex/iphonesimulator26.0-23A339-26257891a6c027eb51374368541b8346.sdkstatcache -output-file-map /Users/xinyufang/Library/Developer/Xcode/DerivedData/Buzz-faillbpsmponqzeruhhvskovixzk/Build/Intermediates.noindex/swift-concurrency-extras.build/Debug-iphonesimulator/ConcurrencyExtras.build/Objects-normal/arm64/ConcurrencyExtras-OutputFileMap.json -use-frontend-parseable-output -save-temps -no-color-diagnostics -explicit-module-build -module-cache-path /Users/xinyufang/Library/Developer/Xcode/DerivedData/Buzz-faillbpsmponqzeruhhvskovixzk/Build/Intermediates.noindex/SwiftExplicitPrecompiledModules -clang-scanner-module-cache-path /Users/xinyufang/Library/Developer/Xcode/DerivedData/ModuleCache.noindex -sdk-module-cache-path /Users/xinyufang/Library/Developer/Xcode/DerivedData/ModuleCache.noindex -serialize-diagnostics -emit-dependencies -emit-module -emit-module-path /Users/xinyufang/Library/Developer/Xcode/DerivedData/Buzz-faillbpsmponqzeruhhvskovixzk/Build/Intermediates.noindex/swift-concurrency-extras.build/Debug-iphonesimulator/ConcurrencyExtras.build/Objects-normal/arm64/ConcurrencyExtras.swiftmodule -user-module-version 1.3.2 -validate-clang-modules-once -clang-build-session-file /Users/xinyufang/Library/Developer/Xcode/DerivedData/ModuleCache.noindex/Session.modulevalidation -package-name swift_concurrency_extras -Xcc -I/Users/xinyufang/Library/Developer/Xcode/DerivedData/Buzz-faillbpsmponqzeruhhvskovixzk/Build/Intermediates.noindex/swift-concurrency-extras.build/Debug-iphonesimulator/ConcurrencyExtras.build/swift-overrides.hmap -emit-const-values -Xfrontend -const-gather-protocols-file -Xfrontend /Users/xinyufang/Library/Developer/Xcode/DerivedData/Buzz-faillbpsmponqzeruhhvskovixzk/Build/Intermediates.noindex/swift-concurrency-extras.build/Debug-iphonesimulator/ConcurrencyExtras.build/Objects-normal/arm64/ConcurrencyExtras_const_extract_protocols.json -Xcc -I/Users/xinyufang/Library/Developer/Xcode/DerivedData/Buzz-faillbpsmponqzeruhhvskovixzk/Build/Products/Debug-iphonesimulator/include -Xcc -I/Users/xinyufang/Library/Developer/Xcode/DerivedData/Buzz-faillbpsmponqzeruhhvskovixzk/Build/Intermediates.noindex/swift-concurrency-extras.build/Debug-iphonesimulator/ConcurrencyExtras.build/DerivedSources-normal/arm64 -Xcc -I/Users/xinyufang/Library/Developer/Xcode/DerivedData/Buzz-faillbpsmponqzeruhhvskovixzk/Build/Intermediates.noindex/swift-concurrency-extras.build/Debug-iphonesimulator/ConcurrencyExtras.build/DerivedSources/arm64 -Xcc -I/Users/xinyufang/Library/Developer/Xcode/DerivedData/Buzz-faillbpsmponqzeruhhvskovixzk/Build/Intermediates.noindex/swift-concurrency-extras.build/Debug-iphonesimulator/ConcurrencyExtras.build/DerivedSources -Xcc -DSWIFT_PACKAGE -Xcc -DDEBUG\=1 -emit-objc-header -emit-objc-header-path /Users/xinyufang/Library/Developer/Xcode/DerivedData/Buzz-faillbpsmponqzeruhhvskovixzk/Build/Intermediates.noindex/swift-concurrency-extras.build/Debug-iphonesimulator/ConcurrencyExtras.build/Objects-normal/arm64/ConcurrencyExtras-Swift.h -working-directory /Users/xinyufang/Documents/Buzz/Buzz.xcodeproj -experimental-emit-module-separately -disable-cmo

ScanDependencies /Users/xinyufang/Library/Developer/Xcode/DerivedData/Buzz-faillbpsmponqzeruhhvskovixzk/Build/Intermediates.noindex/AppCheck.build/Debug-iphonesimulator/AppCheckCore.build/Objects-normal/arm64/GACAppCheckDebugProvider.o /Users/xinyufang/Library/Developer/Xcode/DerivedData/Buzz-faillbpsmponqzeruhhvskovixzk/SourcePackages/checkouts/app-check/AppCheckCore/Sources/DebugProvider/GACAppCheckDebugProvider.m normal arm64 objective-c com.apple.compilers.llvm.clang.1_0.compiler (in target 'AppCheckCore' from project 'AppCheck')
    cd /Users/xinyufang/Documents/Buzz/Buzz.xcodeproj
    
    Using response file: /Users/xinyufang/Library/Developer/Xcode/DerivedData/Buzz-faillbpsmponqzeruhhvskovixzk/Build/Intermediates.noindex/AppCheck.build/Debug-iphonesimulator/AppCheckCore.build/Objects-normal/arm64/e6072d4f65d7061329687fe24e3d63a7-common-args.resp
    
    builtin-ScanDependencies -o /Users/xinyufang/Library/Developer/Xcode/DerivedData/Buzz-faillbpsmponqzeruhhvskovixzk/Build/Intermediates.noindex/AppCheck.build/Debug-iphonesimulator/AppCheckCore.build/Objects-normal/arm64/GACAppCheckDebugProvider.o.scan -- /Applications/Xcode.app/Contents/Developer/Toolchains/XcodeDefault.xctoolchain/usr/bin/clang -x objective-c -ivfsstatcache /Users/xinyufang/Library/Developer/Xcode/DerivedData/SDKStatCaches.noindex/iphonesimulator26.0-23A339-26257891a6c027eb51374368541b8346.sdkstatcache -fmessage-length\=0 -fdiagnostics-show-note-include-stack -fmacro-backtrace-limit\=0 -fno-color-diagnostics -fmodules-prune-interval\=86400 -fmodules-prune-after\=345600 -fbuild-session-file\=/Users/xinyufang/Library/Developer/Xcode/DerivedData/ModuleCache.noindex/Session.modulevalidation -fmodules-validate-once-per-build-session -Wnon-modular-include-in-framework-module -Werror\=non-modular-include-in-framework-module -Wno-trigraphs -Wno-missing-field-initializers -Wno-missing-prototypes -Wno-return-type -Wno-implicit-atomic-properties -Wno-objc-interface-ivars -Wno-arc-repeated-use-of-weak -Wno-missing-braces -Wparentheses -Wswitch -Wno-unused-function -Wno-unused-label -Wno-unused-parameter -Wno-unused-variable -Wunused-value -Wno-empty-body -Wno-uninitialized -Wno-unknown-pragmas -w -Wno-shadow -Wno-four-char-constants -Wno-conversion -Wno-constant-conversion -Wno-int-conversion -Wno-bool-conversion -Wno-enum-conversion -Wno-float-conversion -Wno-non-literal-null-conversion -Wno-objc-literal-conversion -Wshorten-64-to-32 -Wpointer-sign -Wno-newline-eof -Wno-selector -Wno-strict-selector-match -Wno-undeclared-selector -Wno-deprecated-implementations -Wno-implicit-fallthrough -fstrict-aliasing -Wprotocol -Wdeprecated-declarations -Wno-sign-conversion -Wno-infinite-recursion -Wno-comma -Wno-block-capture-autoreleasing -Wno-strict-prototypes -Wno-semicolon-before-method-body -index-store-path /Users/xinyufang/Library/Developer/Xcode/DerivedData/Buzz-faillbpsmponqzeruhhvskovixzk/Index.noindex/DataStore @/Users/xinyufang/Library/Developer/Xcode/DerivedData/Buzz-faillbpsmponqzeruhhvskovixzk/Build/Intermediates.noindex/AppCheck.build/Debug-iphonesimulator/AppCheckCore.build/Objects-normal/arm64/e6072d4f65d7061329687fe24e3d63a7-common-args.resp -MMD -MT dependencies -MF /Users/xinyufang/Library/Developer/Xcode/DerivedData/Buzz-faillbpsmponqzeruhhvskovixzk/Build/Intermediates.noindex/AppCheck.build/Debug-iphonesimulator/AppCheckCore.build/Objects-normal/arm64/GACAppCheckDebugProvider.d --serialize-diagnostics /Users/xinyufang/Library/Developer/Xcode/DerivedData/Buzz-faillbpsmponqzeruhhvskovixzk/Build/Intermediates.noindex/AppCheck.build/Debug-iphonesimulator/AppCheckCore.build/Objects-normal/arm64/GACAppCheckDebugProvider.dia -c /Users/xinyufang/Library/Developer/Xcode/DerivedData/Buzz-faillbpsmponqzeruhhvskovixzk/SourcePackages/checkouts/app-check/AppCheckCore/Sources/DebugProvider/GACAppCheckDebugProvider.m -o /Users/xinyufang/Library/Developer/Xcode/DerivedData/Buzz-faillbpsmponqzeruhhvskovixzk/Build/Intermediates.noindex/AppCheck.build/Debug-iphonesimulator/AppCheckCore.build/Objects-normal/arm64/GACAppCheckDebugProvider.o -index-unit-output-path /AppCheck.build/Debug-iphonesimulator/AppCheckCore.build/Objects-normal/arm64/GACAppCheckDebugProvider.o

ScanDependencies /Users/xinyufang/Library/Developer/Xcode/DerivedData/Buzz-faillbpsmponqzeruhhvskovixzk/Build/Intermediates.noindex/AppCheck.build/Debug-iphonesimulator/AppCheckCore.build/Objects-normal/arm64/GACAppCheckCryptoUtils.o /Users/xinyufang/Library/Developer/Xcode/DerivedData/Buzz-faillbpsmponqzeruhhvskovixzk/SourcePackages/checkouts/app-check/AppCheckCore/Sources/Core/Utils/GACAppCheckCryptoUtils.m normal arm64 objective-c com.apple.compilers.llvm.clang.1_0.compiler (in target 'AppCheckCore' from project 'AppCheck')
    cd /Users/xinyufang/Documents/Buzz/Buzz.xcodeproj
    
    Using response file: /Users/xinyufang/Library/Developer/Xcode/DerivedData/Buzz-faillbpsmponqzeruhhvskovixzk/Build/Intermediates.noindex/AppCheck.build/Debug-iphonesimulator/AppCheckCore.build/Objects-normal/arm64/e6072d4f65d7061329687fe24e3d63a7-common-args.resp
    
    builtin-ScanDependencies -o /Users/xinyufang/Library/Developer/Xcode/DerivedData/Buzz-faillbpsmponqzeruhhvskovixzk/Build/Intermediates.noindex/AppCheck.build/Debug-iphonesimulator/AppCheckCore.build/Objects-normal/arm64/GACAppCheckCryptoUtils.o.scan -- /Applications/Xcode.app/Contents/Developer/Toolchains/XcodeDefault.xctoolchain/usr/bin/clang -x objective-c -ivfsstatcache /Users/xinyufang/Library/Developer/Xcode/DerivedData/SDKStatCaches.noindex/iphonesimulator26.0-23A339-26257891a6c027eb51374368541b8346.sdkstatcache -fmessage-length\=0 -fdiagnostics-show-note-include-stack -fmacro-backtrace-limit\=0 -fno-color-diagnostics -fmodules-prune-interval\=86400 -fmodules-prune-after\=345600 -fbuild-session-file\=/Users/xinyufang/Library/Developer/Xcode/DerivedData/ModuleCache.noindex/Session.modulevalidation -fmodules-validate-once-per-build-session -Wnon-modular-include-in-framework-module -Werror\=non-modular-include-in-framework-module -Wno-trigraphs -Wno-missing-field-initializers -Wno-missing-prototypes -Wno-return-type -Wno-implicit-atomic-properties -Wno-objc-interface-ivars -Wno-arc-repeated-use-of-weak -Wno-missing-braces -Wparentheses -Wswitch -Wno-unused-function -Wno-unused-label -Wno-unused-parameter -Wno-unused-variable -Wunused-value -Wno-empty-body -Wno-uninitialized -Wno-unknown-pragmas -w -Wno-shadow -Wno-four-char-constants -Wno-conversion -Wno-constant-conversion -Wno-int-conversion -Wno-bool-conversion -Wno-enum-conversion -Wno-float-conversion -Wno-non-literal-null-conversion -Wno-objc-literal-conversion -Wshorten-64-to-32 -Wpointer-sign -Wno-newline-eof -Wno-selector -Wno-strict-selector-match -Wno-undeclared-selector -Wno-deprecated-implementations -Wno-implicit-fallthrough -fstrict-aliasing -Wprotocol -Wdeprecated-declarations -Wno-sign-conversion -Wno-infinite-recursion -Wno-comma -Wno-block-capture-autoreleasing -Wno-strict-prototypes -Wno-semicolon-before-method-body -index-store-path /Users/xinyufang/Library/Developer/Xcode/DerivedData/Buzz-faillbpsmponqzeruhhvskovixzk/Index.noindex/DataStore @/Users/xinyufang/Library/Developer/Xcode/DerivedData/Buzz-faillbpsmponqzeruhhvskovixzk/Build/Intermediates.noindex/AppCheck.build/Debug-iphonesimulator/AppCheckCore.build/Objects-normal/arm64/e6072d4f65d7061329687fe24e3d63a7-common-args.resp -MMD -MT dependencies -MF /Users/xinyufang/Library/Developer/Xcode/DerivedData/Buzz-faillbpsmponqzeruhhvskovixzk/Build/Intermediates.noindex/AppCheck.build/Debug-iphonesimulator/AppCheckCore.build/Objects-normal/arm64/GACAppCheckCryptoUtils.d --serialize-diagnostics /Users/xinyufang/Library/Developer/Xcode/DerivedData/Buzz-faillbpsmponqzeruhhvskovixzk/Build/Intermediates.noindex/AppCheck.build/Debug-iphonesimulator/AppCheckCore.build/Objects-normal/arm64/GACAppCheckCryptoUtils.dia -c /Users/xinyufang/Library/Developer/Xcode/DerivedData/Buzz-faillbpsmponqzeruhhvskovixzk/SourcePackages/checkouts/app-check/AppCheckCore/Sources/Core/Utils/GACAppCheckCryptoUtils.m -o /Users/xinyufang/Library/Developer/Xcode/DerivedData/Buzz-faillbpsmponqzeruhhvskovixzk/Build/Intermediates.noindex/AppCheck.build/Debug-iphonesimulator/AppCheckCore.build/Objects-normal/arm64/GACAppCheckCryptoUtils.o -index-unit-output-path /AppCheck.build/Debug-iphonesimulator/AppCheckCore.build/Objects-normal/arm64/GACAppCheckCryptoUtils.o

ScanDependencies /Users/xinyufang/Library/Developer/Xcode/DerivedData/Buzz-faillbpsmponqzeruhhvskovixzk/Build/Intermediates.noindex/AppCheck.build/Debug-iphonesimulator/AppCheckCore.build/Objects-normal/arm64/GACAppCheckBackoffWrapper.o /Users/xinyufang/Library/Developer/Xcode/DerivedData/Buzz-faillbpsmponqzeruhhvskovixzk/SourcePackages/checkouts/app-check/AppCheckCore/Sources/Core/Backoff/GACAppCheckBackoffWrapper.m normal arm64 objective-c com.apple.compilers.llvm.clang.1_0.compiler (in target 'AppCheckCore' from project 'AppCheck')
    cd /Users/xinyufang/Documents/Buzz/Buzz.xcodeproj
    
    Using response file: /Users/xinyufang/Library/Developer/Xcode/DerivedData/Buzz-faillbpsmponqzeruhhvskovixzk/Build/Intermediates.noindex/AppCheck.build/Debug-iphonesimulator/AppCheckCore.build/Objects-normal/arm64/e6072d4f65d7061329687fe24e3d63a7-common-args.resp
    
    builtin-ScanDependencies -o /Users/xinyufang/Library/Developer/Xcode/DerivedData/Buzz-faillbpsmponqzeruhhvskovixzk/Build/Intermediates.noindex/AppCheck.build/Debug-iphonesimulator/AppCheckCore.build/Objects-normal/arm64/GACAppCheckBackoffWrapper.o.scan -- /Applications/Xcode.app/Contents/Developer/Toolchains/XcodeDefault.xctoolchain/usr/bin/clang -x objective-c -ivfsstatcache /Users/xinyufang/Library/Developer/Xcode/DerivedData/SDKStatCaches.noindex/iphonesimulator26.0-23A339-26257891a6c027eb51374368541b8346.sdkstatcache -fmessage-length\=0 -fdiagnostics-show-note-include-stack -fmacro-backtrace-limit\=0 -fno-color-diagnostics -fmodules-prune-interval\=86400 -fmodules-prune-after\=345600 -fbuild-session-file\=/Users/xinyufang/Library/Developer/Xcode/DerivedData/ModuleCache.noindex/Session.modulevalidation -fmodules-validate-once-per-build-session -Wnon-modular-include-in-framework-module -Werror\=non-modular-include-in-framework-module -Wno-trigraphs -Wno-missing-field-initializers -Wno-missing-prototypes -Wno-return-type -Wno-implicit-atomic-properties -Wno-objc-interface-ivars -Wno-arc-repeated-use-of-weak -Wno-missing-braces -Wparentheses -Wswitch -Wno-unused-function -Wno-unused-label -Wno-unused-parameter -Wno-unused-variable -Wunused-value -Wno-empty-body -Wno-uninitialized -Wno-unknown-pragmas -w -Wno-shadow -Wno-four-char-constants -Wno-conversion -Wno-constant-conversion -Wno-int-conversion -Wno-bool-conversion -Wno-enum-conversion -Wno-float-conversion -Wno-non-literal-null-conversion -Wno-objc-literal-conversion -Wshorten-64-to-32 -Wpointer-sign -Wno-newline-eof -Wno-selector -Wno-strict-selector-match -Wno-undeclared-selector -Wno-deprecated-implementations -Wno-implicit-fallthrough -fstrict-aliasing -Wprotocol -Wdeprecated-declarations -Wno-sign-conversion -Wno-infinite-recursion -Wno-comma -Wno-block-capture-autoreleasing -Wno-strict-prototypes -Wno-semicolon-before-method-body -index-store-path /Users/xinyufang/Library/Developer/Xcode/DerivedData/Buzz-faillbpsmponqzeruhhvskovixzk/Index.noindex/DataStore @/Users/xinyufang/Library/Developer/Xcode/DerivedData/Buzz-faillbpsmponqzeruhhvskovixzk/Build/Intermediates.noindex/AppCheck.build/Debug-iphonesimulator/AppCheckCore.build/Objects-normal/arm64/e6072d4f65d7061329687fe24e3d63a7-common-args.resp -MMD -MT dependencies -MF /Users/xinyufang/Library/Developer/Xcode/DerivedData/Buzz-faillbpsmponqzeruhhvskovixzk/Build/Intermediates.noindex/AppCheck.build/Debug-iphonesimulator/AppCheckCore.build/Objects-normal/arm64/GACAppCheckBackoffWrapper.d --serialize-diagnostics /Users/xinyufang/Library/Developer/Xcode/DerivedData/Buzz-faillbpsmponqzeruhhvskovixzk/Build/Intermediates.noindex/AppCheck.build/Debug-iphonesimulator/AppCheckCore.build/Objects-normal/arm64/GACAppCheckBackoffWrapper.dia -c /Users/xinyufang/Library/Developer/Xcode/DerivedData/Buzz-faillbpsmponqzeruhhvskovixzk/SourcePackages/checkouts/app-check/AppCheckCore/Sources/Core/Backoff/GACAppCheckBackoffWrapper.m -o /Users/xinyufang/Library/Developer/Xcode/DerivedData/Buzz-faillbpsmponqzeruhhvskovixzk/Build/Intermediates.noindex/AppCheck.build/Debug-iphonesimulator/AppCheckCore.build/Objects-normal/arm64/GACAppCheckBackoffWrapper.o -index-unit-output-path /AppCheck.build/Debug-iphonesimulator/AppCheckCore.build/Objects-normal/arm64/GACAppCheckBackoffWrapper.o

ScanDependencies /Users/xinyufang/Library/Developer/Xcode/DerivedData/Buzz-faillbpsmponqzeruhhvskovixzk/Build/Intermediates.noindex/AppCheck.build/Debug-iphonesimulator/AppCheckCore.build/Objects-normal/arm64/GACAppCheckAPIService.o /Users/xinyufang/Library/Developer/Xcode/DerivedData/Buzz-faillbpsmponqzeruhhvskovixzk/SourcePackages/checkouts/app-check/AppCheckCore/Sources/Core/APIService/GACAppCheckAPIService.m normal arm64 objective-c com.apple.compilers.llvm.clang.1_0.compiler (in target 'AppCheckCore' from project 'AppCheck')
    cd /Users/xinyufang/Documents/Buzz/Buzz.xcodeproj
    
    Using response file: /Users/xinyufang/Library/Developer/Xcode/DerivedData/Buzz-faillbpsmponqzeruhhvskovixzk/Build/Intermediates.noindex/AppCheck.build/Debug-iphonesimulator/AppCheckCore.build/Objects-normal/arm64/e6072d4f65d7061329687fe24e3d63a7-common-args.resp
    
    builtin-ScanDependencies -o /Users/xinyufang/Library/Developer/Xcode/DerivedData/Buzz-faillbpsmponqzeruhhvskovixzk/Build/Intermediates.noindex/AppCheck.build/Debug-iphonesimulator/AppCheckCore.build/Objects-normal/arm64/GACAppCheckAPIService.o.scan -- /Applications/Xcode.app/Contents/Developer/Toolchains/XcodeDefault.xctoolchain/usr/bin/clang -x objective-c -ivfsstatcache /Users/xinyufang/Library/Developer/Xcode/DerivedData/SDKStatCaches.noindex/iphonesimulator26.0-23A339-26257891a6c027eb51374368541b8346.sdkstatcache -fmessage-length\=0 -fdiagnostics-show-note-include-stack -fmacro-backtrace-limit\=0 -fno-color-diagnostics -fmodules-prune-interval\=86400 -fmodules-prune-after\=345600 -fbuild-session-file\=/Users/xinyufang/Library/Developer/Xcode/DerivedData/ModuleCache.noindex/Session.modulevalidation -fmodules-validate-once-per-build-session -Wnon-modular-include-in-framework-module -Werror\=non-modular-include-in-framework-module -Wno-trigraphs -Wno-missing-field-initializers -Wno-missing-prototypes -Wno-return-type -Wno-implicit-atomic-properties -Wno-objc-interface-ivars -Wno-arc-repeated-use-of-weak -Wno-missing-braces -Wparentheses -Wswitch -Wno-unused-function -Wno-unused-label -Wno-unused-parameter -Wno-unused-variable -Wunused-value -Wno-empty-body -Wno-uninitialized -Wno-unknown-pragmas -w -Wno-shadow -Wno-four-char-constants -Wno-conversion -Wno-constant-conversion -Wno-int-conversion -Wno-bool-conversion -Wno-enum-conversion -Wno-float-conversion -Wno-non-literal-null-conversion -Wno-objc-literal-conversion -Wshorten-64-to-32 -Wpointer-sign -Wno-newline-eof -Wno-selector -Wno-strict-selector-match -Wno-undeclared-selector -Wno-deprecated-implementations -Wno-implicit-fallthrough -fstrict-aliasing -Wprotocol -Wdeprecated-declarations -Wno-sign-conversion -Wno-infinite-recursion -Wno-comma -Wno-block-capture-autoreleasing -Wno-strict-prototypes -Wno-semicolon-before-method-body -index-store-path /Users/xinyufang/Library/Developer/Xcode/DerivedData/Buzz-faillbpsmponqzeruhhvskovixzk/Index.noindex/DataStore @/Users/xinyufang/Library/Developer/Xcode/DerivedData/Buzz-faillbpsmponqzeruhhvskovixzk/Build/Intermediates.noindex/AppCheck.build/Debug-iphonesimulator/AppCheckCore.build/Objects-normal/arm64/e6072d4f65d7061329687fe24e3d63a7-common-args.resp -MMD -MT dependencies -MF /Users/xinyufang/Library/Developer/Xcode/DerivedData/Buzz-faillbpsmponqzeruhhvskovixzk/Build/Intermediates.noindex/AppCheck.build/Debug-iphonesimulator/AppCheckCore.build/Objects-normal/arm64/GACAppCheckAPIService.d --serialize-diagnostics /Users/xinyufang/Library/Developer/Xcode/DerivedData/Buzz-faillbpsmponqzeruhhvskovixzk/Build/Intermediates.noindex/AppCheck.build/Debug-iphonesimulator/AppCheckCore.build/Objects-normal/arm64/GACAppCheckAPIService.dia -c /Users/xinyufang/Library/Developer/Xcode/DerivedData/Buzz-faillbpsmponqzeruhhvskovixzk/SourcePackages/checkouts/app-check/AppCheckCore/Sources/Core/APIService/GACAppCheckAPIService.m -o /Users/xinyufang/Library/Developer/Xcode/DerivedData/Buzz-faillbpsmponqzeruhhvskovixzk/Build/Intermediates.noindex/AppCheck.build/Debug-iphonesimulator/AppCheckCore.build/Objects-normal/arm64/GACAppCheckAPIService.o -index-unit-output-path /AppCheck.build/Debug-iphonesimulator/AppCheckCore.build/Objects-normal/arm64/GACAppCheckAPIService.o

ScanDependencies /Users/xinyufang/Library/Developer/Xcode/DerivedData/Buzz-faillbpsmponqzeruhhvskovixzk/Build/Intermediates.noindex/AppCheck.build/Debug-iphonesimulator/AppCheckCore.build/Objects-normal/arm64/GACAppCheck.o /Users/xinyufang/Library/Developer/Xcode/DerivedData/Buzz-faillbpsmponqzeruhhvskovixzk/SourcePackages/checkouts/app-check/AppCheckCore/Sources/Core/GACAppCheck.m normal arm64 objective-c com.apple.compilers.llvm.clang.1_0.compiler (in target 'AppCheckCore' from project 'AppCheck')
    cd /Users/xinyufang/Documents/Buzz/Buzz.xcodeproj
    
    Using response file: /Users/xinyufang/Library/Developer/Xcode/DerivedData/Buzz-faillbpsmponqzeruhhvskovixzk/Build/Intermediates.noindex/AppCheck.build/Debug-iphonesimulator/AppCheckCore.build/Objects-normal/arm64/e6072d4f65d7061329687fe24e3d63a7-common-args.resp
    
    builtin-ScanDependencies -o /Users/xinyufang/Library/Developer/Xcode/DerivedData/Buzz-faillbpsmponqzeruhhvskovixzk/Build/Intermediates.noindex/AppCheck.build/Debug-iphonesimulator/AppCheckCore.build/Objects-normal/arm64/GACAppCheck.o.scan -- /Applications/Xcode.app/Contents/Developer/Toolchains/XcodeDefault.xctoolchain/usr/bin/clang -x objective-c -ivfsstatcache /Users/xinyufang/Library/Developer/Xcode/DerivedData/SDKStatCaches.noindex/iphonesimulator26.0-23A339-26257891a6c027eb51374368541b8346.sdkstatcache -fmessage-length\=0 -fdiagnostics-show-note-include-stack -fmacro-backtrace-limit\=0 -fno-color-diagnostics -fmodules-prune-interval\=86400 -fmodules-prune-after\=345600 -fbuild-session-file\=/Users/xinyufang/Library/Developer/Xcode/DerivedData/ModuleCache.noindex/Session.modulevalidation -fmodules-validate-once-per-build-session -Wnon-modular-include-in-framework-module -Werror\=non-modular-include-in-framework-module -Wno-trigraphs -Wno-missing-field-initializers -Wno-missing-prototypes -Wno-return-type -Wno-implicit-atomic-properties -Wno-objc-interface-ivars -Wno-arc-repeated-use-of-weak -Wno-missing-braces -Wparentheses -Wswitch -Wno-unused-function -Wno-unused-label -Wno-unused-parameter -Wno-unused-variable -Wunused-value -Wno-empty-body -Wno-uninitialized -Wno-unknown-pragmas -w -Wno-shadow -Wno-four-char-constants -Wno-conversion -Wno-constant-conversion -Wno-int-conversion -Wno-bool-conversion -Wno-enum-conversion -Wno-float-conversion -Wno-non-literal-null-conversion -Wno-objc-literal-conversion -Wshorten-64-to-32 -Wpointer-sign -Wno-newline-eof -Wno-selector -Wno-strict-selector-match -Wno-undeclared-selector -Wno-deprecated-implementations -Wno-implicit-fallthrough -fstrict-aliasing -Wprotocol -Wdeprecated-declarations -Wno-sign-conversion -Wno-infinite-recursion -Wno-comma -Wno-block-capture-autoreleasing -Wno-strict-prototypes -Wno-semicolon-before-method-body -index-store-path /Users/xinyufang/Library/Developer/Xcode/DerivedData/Buzz-faillbpsmponqzeruhhvskovixzk/Index.noindex/DataStore @/Users/xinyufang/Library/Developer/Xcode/DerivedData/Buzz-faillbpsmponqzeruhhvskovixzk/Build/Intermediates.noindex/AppCheck.build/Debug-iphonesimulator/AppCheckCore.build/Objects-normal/arm64/e6072d4f65d7061329687fe24e3d63a7-common-args.resp -MMD -MT dependencies -MF /Users/xinyufang/Library/Developer/Xcode/DerivedData/Buzz-faillbpsmponqzeruhhvskovixzk/Build/Intermediates.noindex/AppCheck.build/Debug-iphonesimulator/AppCheckCore.build/Objects-normal/arm64/GACAppCheck.d --serialize-diagnostics /Users/xinyufang/Library/Developer/Xcode/DerivedData/Buzz-faillbpsmponqzeruhhvskovixzk/Build/Intermediates.noindex/AppCheck.build/Debug-iphonesimulator/AppCheckCore.build/Objects-normal/arm64/GACAppCheck.dia -c /Users/xinyufang/Library/Developer/Xcode/DerivedData/Buzz-faillbpsmponqzeruhhvskovixzk/SourcePackages/checkouts/app-check/AppCheckCore/Sources/Core/GACAppCheck.m -o /Users/xinyufang/Library/Developer/Xcode/DerivedData/Buzz-faillbpsmponqzeruhhvskovixzk/Build/Intermediates.noindex/AppCheck.build/Debug-iphonesimulator/AppCheckCore.build/Objects-normal/arm64/GACAppCheck.o -index-unit-output-path /AppCheck.build/Debug-iphonesimulator/AppCheckCore.build/Objects-normal/arm64/GACAppCheck.o

ScanDependencies /Users/xinyufang/Library/Developer/Xcode/DerivedData/Buzz-faillbpsmponqzeruhhvskovixzk/Build/Intermediates.noindex/AppCheck.build/Debug-iphonesimulator/AppCheckCore.build/Objects-normal/arm64/GACAppAttestStoredArtifact.o /Users/xinyufang/Library/Developer/Xcode/DerivedData/Buzz-faillbpsmponqzeruhhvskovixzk/SourcePackages/checkouts/app-check/AppCheckCore/Sources/AppAttestProvider/Storage/GACAppAttestStoredArtifact.m normal arm64 objective-c com.apple.compilers.llvm.clang.1_0.compiler (in target 'AppCheckCore' from project 'AppCheck')
    cd /Users/xinyufang/Documents/Buzz/Buzz.xcodeproj
    
    Using response file: /Users/xinyufang/Library/Developer/Xcode/DerivedData/Buzz-faillbpsmponqzeruhhvskovixzk/Build/Intermediates.noindex/AppCheck.build/Debug-iphonesimulator/AppCheckCore.build/Objects-normal/arm64/e6072d4f65d7061329687fe24e3d63a7-common-args.resp
    
    builtin-ScanDependencies -o /Users/xinyufang/Library/Developer/Xcode/DerivedData/Buzz-faillbpsmponqzeruhhvskovixzk/Build/Intermediates.noindex/AppCheck.build/Debug-iphonesimulator/AppCheckCore.build/Objects-normal/arm64/GACAppAttestStoredArtifact.o.scan -- /Applications/Xcode.app/Contents/Developer/Toolchains/XcodeDefault.xctoolchain/usr/bin/clang -x objective-c -ivfsstatcache /Users/xinyufang/Library/Developer/Xcode/DerivedData/SDKStatCaches.noindex/iphonesimulator26.0-23A339-26257891a6c027eb51374368541b8346.sdkstatcache -fmessage-length\=0 -fdiagnostics-show-note-include-stack -fmacro-backtrace-limit\=0 -fno-color-diagnostics -fmodules-prune-interval\=86400 -fmodules-prune-after\=345600 -fbuild-session-file\=/Users/xinyufang/Library/Developer/Xcode/DerivedData/ModuleCache.noindex/Session.modulevalidation -fmodules-validate-once-per-build-session -Wnon-modular-include-in-framework-module -Werror\=non-modular-include-in-framework-module -Wno-trigraphs -Wno-missing-field-initializers -Wno-missing-prototypes -Wno-return-type -Wno-implicit-atomic-properties -Wno-objc-interface-ivars -Wno-arc-repeated-use-of-weak -Wno-missing-braces -Wparentheses -Wswitch -Wno-unused-function -Wno-unused-label -Wno-unused-parameter -Wno-unused-variable -Wunused-value -Wno-empty-body -Wno-uninitialized -Wno-unknown-pragmas -w -Wno-shadow -Wno-four-char-constants -Wno-conversion -Wno-constant-conversion -Wno-int-conversion -Wno-bool-conversion -Wno-enum-conversion -Wno-float-conversion -Wno-non-literal-null-conversion -Wno-objc-literal-conversion -Wshorten-64-to-32 -Wpointer-sign -Wno-newline-eof -Wno-selector -Wno-strict-selector-match -Wno-undeclared-selector -Wno-deprecated-implementations -Wno-implicit-fallthrough -fstrict-aliasing -Wprotocol -Wdeprecated-declarations -Wno-sign-conversion -Wno-infinite-recursion -Wno-comma -Wno-block-capture-autoreleasing -Wno-strict-prototypes -Wno-semicolon-before-method-body -index-store-path /Users/xinyufang/Library/Developer/Xcode/DerivedData/Buzz-faillbpsmponqzeruhhvskovixzk/Index.noindex/DataStore @/Users/xinyufang/Library/Developer/Xcode/DerivedData/Buzz-faillbpsmponqzeruhhvskovixzk/Build/Intermediates.noindex/AppCheck.build/Debug-iphonesimulator/AppCheckCore.build/Objects-normal/arm64/e6072d4f65d7061329687fe24e3d63a7-common-args.resp -MMD -MT dependencies -MF /Users/xinyufang/Library/Developer/Xcode/DerivedData/Buzz-faillbpsmponqzeruhhvskovixzk/Build/Intermediates.noindex/AppCheck.build/Debug-iphonesimulator/AppCheckCore.build/Objects-normal/arm64/GACAppAttestStoredArtifact.d --serialize-diagnostics /Users/xinyufang/Library/Developer/Xcode/DerivedData/Buzz-faillbpsmponqzeruhhvskovixzk/Build/Intermediates.noindex/AppCheck.build/Debug-iphonesimulator/AppCheckCore.build/Objects-normal/arm64/GACAppAttestStoredArtifact.dia -c /Users/xinyufang/Library/Developer/Xcode/DerivedData/Buzz-faillbpsmponqzeruhhvskovixzk/SourcePackages/checkouts/app-check/AppCheckCore/Sources/AppAttestProvider/Storage/GACAppAttestStoredArtifact.m -o /Users/xinyufang/Library/Developer/Xcode/DerivedData/Buzz-faillbpsmponqzeruhhvskovixzk/Build/Intermediates.noindex/AppCheck.build/Debug-iphonesimulator/AppCheckCore.build/Objects-normal/arm64/GACAppAttestStoredArtifact.o -index-unit-output-path /AppCheck.build/Debug-iphonesimulator/AppCheckCore.build/Objects-normal/arm64/GACAppAttestStoredArtifact.o

ScanDependencies /Users/xinyufang/Library/Developer/Xcode/DerivedData/Buzz-faillbpsmponqzeruhhvskovixzk/Build/Intermediates.noindex/AppCheck.build/Debug-iphonesimulator/AppCheckCore.build/Objects-normal/arm64/GACAppAttestRejectionError.o /Users/xinyufang/Library/Developer/Xcode/DerivedData/Buzz-faillbpsmponqzeruhhvskovixzk/SourcePackages/checkouts/app-check/AppCheckCore/Sources/AppAttestProvider/Errors/GACAppAttestRejectionError.m normal arm64 objective-c com.apple.compilers.llvm.clang.1_0.compiler (in target 'AppCheckCore' from project 'AppCheck')
    cd /Users/xinyufang/Documents/Buzz/Buzz.xcodeproj
    
    Using response file: /Users/xinyufang/Library/Developer/Xcode/DerivedData/Buzz-faillbpsmponqzeruhhvskovixzk/Build/Intermediates.noindex/AppCheck.build/Debug-iphonesimulator/AppCheckCore.build/Objects-normal/arm64/e6072d4f65d7061329687fe24e3d63a7-common-args.resp
    
    builtin-ScanDependencies -o /Users/xinyufang/Library/Developer/Xcode/DerivedData/Buzz-faillbpsmponqzeruhhvskovixzk/Build/Intermediates.noindex/AppCheck.build/Debug-iphonesimulator/AppCheckCore.build/Objects-normal/arm64/GACAppAttestRejectionError.o.scan -- /Applications/Xcode.app/Contents/Developer/Toolchains/XcodeDefault.xctoolchain/usr/bin/clang -x objective-c -ivfsstatcache /Users/xinyufang/Library/Developer/Xcode/DerivedData/SDKStatCaches.noindex/iphonesimulator26.0-23A339-26257891a6c027eb51374368541b8346.sdkstatcache -fmessage-length\=0 -fdiagnostics-show-note-include-stack -fmacro-backtrace-limit\=0 -fno-color-diagnostics -fmodules-prune-interval\=86400 -fmodules-prune-after\=345600 -fbuild-session-file\=/Users/xinyufang/Library/Developer/Xcode/DerivedData/ModuleCache.noindex/Session.modulevalidation -fmodules-validate-once-per-build-session -Wnon-modular-include-in-framework-module -Werror\=non-modular-include-in-framework-module -Wno-trigraphs -Wno-missing-field-initializers -Wno-missing-prototypes -Wno-return-type -Wno-implicit-atomic-properties -Wno-objc-interface-ivars -Wno-arc-repeated-use-of-weak -Wno-missing-braces -Wparentheses -Wswitch -Wno-unused-function -Wno-unused-label -Wno-unused-parameter -Wno-unused-variable -Wunused-value -Wno-empty-body -Wno-uninitialized -Wno-unknown-pragmas -w -Wno-shadow -Wno-four-char-constants -Wno-conversion -Wno-constant-conversion -Wno-int-conversion -Wno-bool-conversion -Wno-enum-conversion -Wno-float-conversion -Wno-non-literal-null-conversion -Wno-objc-literal-conversion -Wshorten-64-to-32 -Wpointer-sign -Wno-newline-eof -Wno-selector -Wno-strict-selector-match -Wno-undeclared-selector -Wno-deprecated-implementations -Wno-implicit-fallthrough -fstrict-aliasing -Wprotocol -Wdeprecated-declarations -Wno-sign-conversion -Wno-infinite-recursion -Wno-comma -Wno-block-capture-autoreleasing -Wno-strict-prototypes -Wno-semicolon-before-method-body -index-store-path /Users/xinyufang/Library/Developer/Xcode/DerivedData/Buzz-faillbpsmponqzeruhhvskovixzk/Index.noindex/DataStore @/Users/xinyufang/Library/Developer/Xcode/DerivedData/Buzz-faillbpsmponqzeruhhvskovixzk/Build/Intermediates.noindex/AppCheck.build/Debug-iphonesimulator/AppCheckCore.build/Objects-normal/arm64/e6072d4f65d7061329687fe24e3d63a7-common-args.resp -MMD -MT dependencies -MF /Users/xinyufang/Library/Developer/Xcode/DerivedData/Buzz-faillbpsmponqzeruhhvskovixzk/Build/Intermediates.noindex/AppCheck.build/Debug-iphonesimulator/AppCheckCore.build/Objects-normal/arm64/GACAppAttestRejectionError.d --serialize-diagnostics /Users/xinyufang/Library/Developer/Xcode/DerivedData/Buzz-faillbpsmponqzeruhhvskovixzk/Build/Intermediates.noindex/AppCheck.build/Debug-iphonesimulator/AppCheckCore.build/Objects-normal/arm64/GACAppAttestRejectionError.dia -c /Users/xinyufang/Library/Developer/Xcode/DerivedData/Buzz-faillbpsmponqzeruhhvskovixzk/SourcePackages/checkouts/app-check/AppCheckCore/Sources/AppAttestProvider/Errors/GACAppAttestRejectionError.m -o /Users/xinyufang/Library/Developer/Xcode/DerivedData/Buzz-faillbpsmponqzeruhhvskovixzk/Build/Intermediates.noindex/AppCheck.build/Debug-iphonesimulator/AppCheckCore.build/Objects-normal/arm64/GACAppAttestRejectionError.o -index-unit-output-path /AppCheck.build/Debug-iphonesimulator/AppCheckCore.build/Objects-normal/arm64/GACAppAttestRejectionError.o

ScanDependencies /Users/xinyufang/Library/Developer/Xcode/DerivedData/Buzz-faillbpsmponqzeruhhvskovixzk/Build/Intermediates.noindex/AppCheck.build/Debug-iphonesimulator/AppCheckCore.build/Objects-normal/arm64/GACAppAttestProviderState.o /Users/xinyufang/Library/Developer/Xcode/DerivedData/Buzz-faillbpsmponqzeruhhvskovixzk/SourcePackages/checkouts/app-check/AppCheckCore/Sources/AppAttestProvider/GACAppAttestProviderState.m normal arm64 objective-c com.apple.compilers.llvm.clang.1_0.compiler (in target 'AppCheckCore' from project 'AppCheck')
    cd /Users/xinyufang/Documents/Buzz/Buzz.xcodeproj
    
    Using response file: /Users/xinyufang/Library/Developer/Xcode/DerivedData/Buzz-faillbpsmponqzeruhhvskovixzk/Build/Intermediates.noindex/AppCheck.build/Debug-iphonesimulator/AppCheckCore.build/Objects-normal/arm64/e6072d4f65d7061329687fe24e3d63a7-common-args.resp
    
    builtin-ScanDependencies -o /Users/xinyufang/Library/Developer/Xcode/DerivedData/Buzz-faillbpsmponqzeruhhvskovixzk/Build/Intermediates.noindex/AppCheck.build/Debug-iphonesimulator/AppCheckCore.build/Objects-normal/arm64/GACAppAttestProviderState.o.scan -- /Applications/Xcode.app/Contents/Developer/Toolchains/XcodeDefault.xctoolchain/usr/bin/clang -x objective-c -ivfsstatcache /Users/xinyufang/Library/Developer/Xcode/DerivedData/SDKStatCaches.noindex/iphonesimulator26.0-23A339-26257891a6c027eb51374368541b8346.sdkstatcache -fmessage-length\=0 -fdiagnostics-show-note-include-stack -fmacro-backtrace-limit\=0 -fno-color-diagnostics -fmodules-prune-interval\=86400 -fmodules-prune-after\=345600 -fbuild-session-file\=/Users/xinyufang/Library/Developer/Xcode/DerivedData/ModuleCache.noindex/Session.modulevalidation -fmodules-validate-once-per-build-session -Wnon-modular-include-in-framework-module -Werror\=non-modular-include-in-framework-module -Wno-trigraphs -Wno-missing-field-initializers -Wno-missing-prototypes -Wno-return-type -Wno-implicit-atomic-properties -Wno-objc-interface-ivars -Wno-arc-repeated-use-of-weak -Wno-missing-braces -Wparentheses -Wswitch -Wno-unused-function -Wno-unused-label -Wno-unused-parameter -Wno-unused-variable -Wunused-value -Wno-empty-body -Wno-uninitialized -Wno-unknown-pragmas -w -Wno-shadow -Wno-four-char-constants -Wno-conversion -Wno-constant-conversion -Wno-int-conversion -Wno-bool-conversion -Wno-enum-conversion -Wno-float-conversion -Wno-non-literal-null-conversion -Wno-objc-literal-conversion -Wshorten-64-to-32 -Wpointer-sign -Wno-newline-eof -Wno-selector -Wno-strict-selector-match -Wno-undeclared-selector -Wno-deprecated-implementations -Wno-implicit-fallthrough -fstrict-aliasing -Wprotocol -Wdeprecated-declarations -Wno-sign-conversion -Wno-infinite-recursion -Wno-comma -Wno-block-capture-autoreleasing -Wno-strict-prototypes -Wno-semicolon-before-method-body -index-store-path /Users/xinyufang/Library/Developer/Xcode/DerivedData/Buzz-faillbpsmponqzeruhhvskovixzk/Index.noindex/DataStore @/Users/xinyufang/Library/Developer/Xcode/DerivedData/Buzz-faillbpsmponqzeruhhvskovixzk/Build/Intermediates.noindex/AppCheck.build/Debug-iphonesimulator/AppCheckCore.build/Objects-normal/arm64/e6072d4f65d7061329687fe24e3d63a7-common-args.resp -MMD -MT dependencies -MF /Users/xinyufang/Library/Developer/Xcode/DerivedData/Buzz-faillbpsmponqzeruhhvskovixzk/Build/Intermediates.noindex/AppCheck.build/Debug-iphonesimulator/AppCheckCore.build/Objects-normal/arm64/GACAppAttestProviderState.d --serialize-diagnostics /Users/xinyufang/Library/Developer/Xcode/DerivedData/Buzz-faillbpsmponqzeruhhvskovixzk/Build/Intermediates.noindex/AppCheck.build/Debug-iphonesimulator/AppCheckCore.build/Objects-normal/arm64/GACAppAttestProviderState.dia -c /Users/xinyufang/Library/Developer/Xcode/DerivedData/Buzz-faillbpsmponqzeruhhvskovixzk/SourcePackages/checkouts/app-check/AppCheckCore/Sources/AppAttestProvider/GACAppAttestProviderState.m -o /Users/xinyufang/Library/Developer/Xcode/DerivedData/Buzz-faillbpsmponqzeruhhvskovixzk/Build/Intermediates.noindex/AppCheck.build/Debug-iphonesimulator/AppCheckCore.build/Objects-normal/arm64/GACAppAttestProviderState.o -index-unit-output-path /AppCheck.build/Debug-iphonesimulator/AppCheckCore.build/Objects-normal/arm64/GACAppAttestProviderState.o

ScanDependencies /Users/xinyufang/Library/Developer/Xcode/DerivedData/Buzz-faillbpsmponqzeruhhvskovixzk/Build/Intermediates.noindex/AppCheck.build/Debug-iphonesimulator/AppCheckCore.build/Objects-normal/arm64/GACAppAttestProvider.o /Users/xinyufang/Library/Developer/Xcode/DerivedData/Buzz-faillbpsmponqzeruhhvskovixzk/SourcePackages/checkouts/app-check/AppCheckCore/Sources/AppAttestProvider/GACAppAttestProvider.m normal arm64 objective-c com.apple.compilers.llvm.clang.1_0.compiler (in target 'AppCheckCore' from project 'AppCheck')
    cd /Users/xinyufang/Documents/Buzz/Buzz.xcodeproj
    
    Using response file: /Users/xinyufang/Library/Developer/Xcode/DerivedData/Buzz-faillbpsmponqzeruhhvskovixzk/Build/Intermediates.noindex/AppCheck.build/Debug-iphonesimulator/AppCheckCore.build/Objects-normal/arm64/e6072d4f65d7061329687fe24e3d63a7-common-args.resp
    
    builtin-ScanDependencies -o /Users/xinyufang/Library/Developer/Xcode/DerivedData/Buzz-faillbpsmponqzeruhhvskovixzk/Build/Intermediates.noindex/AppCheck.build/Debug-iphonesimulator/AppCheckCore.build/Objects-normal/arm64/GACAppAttestProvider.o.scan -- /Applications/Xcode.app/Contents/Developer/Toolchains/XcodeDefault.xctoolchain/usr/bin/clang -x objective-c -ivfsstatcache /Users/xinyufang/Library/Developer/Xcode/DerivedData/SDKStatCaches.noindex/iphonesimulator26.0-23A339-26257891a6c027eb51374368541b8346.sdkstatcache -fmessage-length\=0 -fdiagnostics-show-note-include-stack -fmacro-backtrace-limit\=0 -fno-color-diagnostics -fmodules-prune-interval\=86400 -fmodules-prune-after\=345600 -fbuild-session-file\=/Users/xinyufang/Library/Developer/Xcode/DerivedData/ModuleCache.noindex/Session.modulevalidation -fmodules-validate-once-per-build-session -Wnon-modular-include-in-framework-module -Werror\=non-modular-include-in-framework-module -Wno-trigraphs -Wno-missing-field-initializers -Wno-missing-prototypes -Wno-return-type -Wno-implicit-atomic-properties -Wno-objc-interface-ivars -Wno-arc-repeated-use-of-weak -Wno-missing-braces -Wparentheses -Wswitch -Wno-unused-function -Wno-unused-label -Wno-unused-parameter -Wno-unused-variable -Wunused-value -Wno-empty-body -Wno-uninitialized -Wno-unknown-pragmas -w -Wno-shadow -Wno-four-char-constants -Wno-conversion -Wno-constant-conversion -Wno-int-conversion -Wno-bool-conversion -Wno-enum-conversion -Wno-float-conversion -Wno-non-literal-null-conversion -Wno-objc-literal-conversion -Wshorten-64-to-32 -Wpointer-sign -Wno-newline-eof -Wno-selector -Wno-strict-selector-match -Wno-undeclared-selector -Wno-deprecated-implementations -Wno-implicit-fallthrough -fstrict-aliasing -Wprotocol -Wdeprecated-declarations -Wno-sign-conversion -Wno-infinite-recursion -Wno-comma -Wno-block-capture-autoreleasing -Wno-strict-prototypes -Wno-semicolon-before-method-body -index-store-path /Users/xinyufang/Library/Developer/Xcode/DerivedData/Buzz-faillbpsmponqzeruhhvskovixzk/Index.noindex/DataStore @/Users/xinyufang/Library/Developer/Xcode/DerivedData/Buzz-faillbpsmponqzeruhhvskovixzk/Build/Intermediates.noindex/AppCheck.build/Debug-iphonesimulator/AppCheckCore.build/Objects-normal/arm64/e6072d4f65d7061329687fe24e3d63a7-common-args.resp -MMD -MT dependencies -MF /Users/xinyufang/Library/Developer/Xcode/DerivedData/Buzz-faillbpsmponqzeruhhvskovixzk/Build/Intermediates.noindex/AppCheck.build/Debug-iphonesimulator/AppCheckCore.build/Objects-normal/arm64/GACAppAttestProvider.d --serialize-diagnostics /Users/xinyufang/Library/Developer/Xcode/DerivedData/Buzz-faillbpsmponqzeruhhvskovixzk/Build/Intermediates.noindex/AppCheck.build/Debug-iphonesimulator/AppCheckCore.build/Objects-normal/arm64/GACAppAttestProvider.dia -c /Users/xinyufang/Library/Developer/Xcode/DerivedData/Buzz-faillbpsmponqzeruhhvskovixzk/SourcePackages/checkouts/app-check/AppCheckCore/Sources/AppAttestProvider/GACAppAttestProvider.m -o /Users/xinyufang/Library/Developer/Xcode/DerivedData/Buzz-faillbpsmponqzeruhhvskovixzk/Build/Intermediates.noindex/AppCheck.build/Debug-iphonesimulator/AppCheckCore.build/Objects-normal/arm64/GACAppAttestProvider.o -index-unit-output-path /AppCheck.build/Debug-iphonesimulator/AppCheckCore.build/Objects-normal/arm64/GACAppAttestProvider.o

ScanDependencies /Users/xinyufang/Library/Developer/Xcode/DerivedData/Buzz-faillbpsmponqzeruhhvskovixzk/Build/Intermediates.noindex/AppCheck.build/Debug-iphonesimulator/AppCheckCore.build/Objects-normal/arm64/GACAppAttestKeyIDStorage.o /Users/xinyufang/Library/Developer/Xcode/DerivedData/Buzz-faillbpsmponqzeruhhvskovixzk/SourcePackages/checkouts/app-check/AppCheckCore/Sources/AppAttestProvider/Storage/GACAppAttestKeyIDStorage.m normal arm64 objective-c com.apple.compilers.llvm.clang.1_0.compiler (in target 'AppCheckCore' from project 'AppCheck')
    cd /Users/xinyufang/Documents/Buzz/Buzz.xcodeproj
    
    Using response file: /Users/xinyufang/Library/Developer/Xcode/DerivedData/Buzz-faillbpsmponqzeruhhvskovixzk/Build/Intermediates.noindex/AppCheck.build/Debug-iphonesimulator/AppCheckCore.build/Objects-normal/arm64/e6072d4f65d7061329687fe24e3d63a7-common-args.resp
    
    builtin-ScanDependencies -o /Users/xinyufang/Library/Developer/Xcode/DerivedData/Buzz-faillbpsmponqzeruhhvskovixzk/Build/Intermediates.noindex/AppCheck.build/Debug-iphonesimulator/AppCheckCore.build/Objects-normal/arm64/GACAppAttestKeyIDStorage.o.scan -- /Applications/Xcode.app/Contents/Developer/Toolchains/XcodeDefault.xctoolchain/usr/bin/clang -x objective-c -ivfsstatcache /Users/xinyufang/Library/Developer/Xcode/DerivedData/SDKStatCaches.noindex/iphonesimulator26.0-23A339-26257891a6c027eb51374368541b8346.sdkstatcache -fmessage-length\=0 -fdiagnostics-show-note-include-stack -fmacro-backtrace-limit\=0 -fno-color-diagnostics -fmodules-prune-interval\=86400 -fmodules-prune-after\=345600 -fbuild-session-file\=/Users/xinyufang/Library/Developer/Xcode/DerivedData/ModuleCache.noindex/Session.modulevalidation -fmodules-validate-once-per-build-session -Wnon-modular-include-in-framework-module -Werror\=non-modular-include-in-framework-module -Wno-trigraphs -Wno-missing-field-initializers -Wno-missing-prototypes -Wno-return-type -Wno-implicit-atomic-properties -Wno-objc-interface-ivars -Wno-arc-repeated-use-of-weak -Wno-missing-braces -Wparentheses -Wswitch -Wno-unused-function -Wno-unused-label -Wno-unused-parameter -Wno-unused-variable -Wunused-value -Wno-empty-body -Wno-uninitialized -Wno-unknown-pragmas -w -Wno-shadow -Wno-four-char-constants -Wno-conversion -Wno-constant-conversion -Wno-int-conversion -Wno-bool-conversion -Wno-enum-conversion -Wno-float-conversion -Wno-non-literal-null-conversion -Wno-objc-literal-conversion -Wshorten-64-to-32 -Wpointer-sign -Wno-newline-eof -Wno-selector -Wno-strict-selector-match -Wno-undeclared-selector -Wno-deprecated-implementations -Wno-implicit-fallthrough -fstrict-aliasing -Wprotocol -Wdeprecated-declarations -Wno-sign-conversion -Wno-infinite-recursion -Wno-comma -Wno-block-capture-autoreleasing -Wno-strict-prototypes -Wno-semicolon-before-method-body -index-store-path /Users/xinyufang/Library/Developer/Xcode/DerivedData/Buzz-faillbpsmponqzeruhhvskovixzk/Index.noindex/DataStore @/Users/xinyufang/Library/Developer/Xcode/DerivedData/Buzz-faillbpsmponqzeruhhvskovixzk/Build/Intermediates.noindex/AppCheck.build/Debug-iphonesimulator/AppCheckCore.build/Objects-normal/arm64/e6072d4f65d7061329687fe24e3d63a7-common-args.resp -MMD -MT dependencies -MF /Users/xinyufang/Library/Developer/Xcode/DerivedData/Buzz-faillbpsmponqzeruhhvskovixzk/Build/Intermediates.noindex/AppCheck.build/Debug-iphonesimulator/AppCheckCore.build/Objects-normal/arm64/GACAppAttestKeyIDStorage.d --serialize-diagnostics /Users/xinyufang/Library/Developer/Xcode/DerivedData/Buzz-faillbpsmponqzeruhhvskovixzk/Build/Intermediates.noindex/AppCheck.build/Debug-iphonesimulator/AppCheckCore.build/Objects-normal/arm64/GACAppAttestKeyIDStorage.dia -c /Users/xinyufang/Library/Developer/Xcode/DerivedData/Buzz-faillbpsmponqzeruhhvskovixzk/SourcePackages/checkouts/app-check/AppCheckCore/Sources/AppAttestProvider/Storage/GACAppAttestKeyIDStorage.m -o /Users/xinyufang/Library/Developer/Xcode/DerivedData/Buzz-faillbpsmponqzeruhhvskovixzk/Build/Intermediates.noindex/AppCheck.build/Debug-iphonesimulator/AppCheckCore.build/Objects-normal/arm64/GACAppAttestKeyIDStorage.o -index-unit-output-path /AppCheck.build/Debug-iphonesimulator/AppCheckCore.build/Objects-normal/arm64/GACAppAttestKeyIDStorage.o

ScanDependencies /Users/xinyufang/Library/Developer/Xcode/DerivedData/Buzz-faillbpsmponqzeruhhvskovixzk/Build/Intermediates.noindex/AppCheck.build/Debug-iphonesimulator/AppCheckCore.build/Objects-normal/arm64/GACAppAttestAttestationResponse.o /Users/xinyufang/Library/Developer/Xcode/DerivedData/Buzz-faillbpsmponqzeruhhvskovixzk/SourcePackages/checkouts/app-check/AppCheckCore/Sources/AppAttestProvider/API/GACAppAttestAttestationResponse.m normal arm64 objective-c com.apple.compilers.llvm.clang.1_0.compiler (in target 'AppCheckCore' from project 'AppCheck')
    cd /Users/xinyufang/Documents/Buzz/Buzz.xcodeproj
    
    Using response file: /Users/xinyufang/Library/Developer/Xcode/DerivedData/Buzz-faillbpsmponqzeruhhvskovixzk/Build/Intermediates.noindex/AppCheck.build/Debug-iphonesimulator/AppCheckCore.build/Objects-normal/arm64/e6072d4f65d7061329687fe24e3d63a7-common-args.resp
    
    builtin-ScanDependencies -o /Users/xinyufang/Library/Developer/Xcode/DerivedData/Buzz-faillbpsmponqzeruhhvskovixzk/Build/Intermediates.noindex/AppCheck.build/Debug-iphonesimulator/AppCheckCore.build/Objects-normal/arm64/GACAppAttestAttestationResponse.o.scan -- /Applications/Xcode.app/Contents/Developer/Toolchains/XcodeDefault.xctoolchain/usr/bin/clang -x objective-c -ivfsstatcache /Users/xinyufang/Library/Developer/Xcode/DerivedData/SDKStatCaches.noindex/iphonesimulator26.0-23A339-26257891a6c027eb51374368541b8346.sdkstatcache -fmessage-length\=0 -fdiagnostics-show-note-include-stack -fmacro-backtrace-limit\=0 -fno-color-diagnostics -fmodules-prune-interval\=86400 -fmodules-prune-after\=345600 -fbuild-session-file\=/Users/xinyufang/Library/Developer/Xcode/DerivedData/ModuleCache.noindex/Session.modulevalidation -fmodules-validate-once-per-build-session -Wnon-modular-include-in-framework-module -Werror\=non-modular-include-in-framework-module -Wno-trigraphs -Wno-missing-field-initializers -Wno-missing-prototypes -Wno-return-type -Wno-implicit-atomic-properties -Wno-objc-interface-ivars -Wno-arc-repeated-use-of-weak -Wno-missing-braces -Wparentheses -Wswitch -Wno-unused-function -Wno-unused-label -Wno-unused-parameter -Wno-unused-variable -Wunused-value -Wno-empty-body -Wno-uninitialized -Wno-unknown-pragmas -w -Wno-shadow -Wno-four-char-constants -Wno-conversion -Wno-constant-conversion -Wno-int-conversion -Wno-bool-conversion -Wno-enum-conversion -Wno-float-conversion -Wno-non-literal-null-conversion -Wno-objc-literal-conversion -Wshorten-64-to-32 -Wpointer-sign -Wno-newline-eof -Wno-selector -Wno-strict-selector-match -Wno-undeclared-selector -Wno-deprecated-implementations -Wno-implicit-fallthrough -fstrict-aliasing -Wprotocol -Wdeprecated-declarations -Wno-sign-conversion -Wno-infinite-recursion -Wno-comma -Wno-block-capture-autoreleasing -Wno-strict-prototypes -Wno-semicolon-before-method-body -index-store-path /Users/xinyufang/Library/Developer/Xcode/DerivedData/Buzz-faillbpsmponqzeruhhvskovixzk/Index.noindex/DataStore @/Users/xinyufang/Library/Developer/Xcode/DerivedData/Buzz-faillbpsmponqzeruhhvskovixzk/Build/Intermediates.noindex/AppCheck.build/Debug-iphonesimulator/AppCheckCore.build/Objects-normal/arm64/e6072d4f65d7061329687fe24e3d63a7-common-args.resp -MMD -MT dependencies -MF /Users/xinyufang/Library/Developer/Xcode/DerivedData/Buzz-faillbpsmponqzeruhhvskovixzk/Build/Intermediates.noindex/AppCheck.build/Debug-iphonesimulator/AppCheckCore.build/Objects-normal/arm64/GACAppAttestAttestationResponse.d --serialize-diagnostics /Users/xinyufang/Library/Developer/Xcode/DerivedData/Buzz-faillbpsmponqzeruhhvskovixzk/Build/Intermediates.noindex/AppCheck.build/Debug-iphonesimulator/AppCheckCore.build/Objects-normal/arm64/GACAppAttestAttestationResponse.dia -c /Users/xinyufang/Library/Developer/Xcode/DerivedData/Buzz-faillbpsmponqzeruhhvskovixzk/SourcePackages/checkouts/app-check/AppCheckCore/Sources/AppAttestProvider/API/GACAppAttestAttestationResponse.m -o /Users/xinyufang/Library/Developer/Xcode/DerivedData/Buzz-faillbpsmponqzeruhhvskovixzk/Build/Intermediates.noindex/AppCheck.build/Debug-iphonesimulator/AppCheckCore.build/Objects-normal/arm64/GACAppAttestAttestationResponse.o -index-unit-output-path /AppCheck.build/Debug-iphonesimulator/AppCheckCore.build/Objects-normal/arm64/GACAppAttestAttestationResponse.o

ScanDependencies /Users/xinyufang/Library/Developer/Xcode/DerivedData/Buzz-faillbpsmponqzeruhhvskovixzk/Build/Intermediates.noindex/AppCheck.build/Debug-iphonesimulator/AppCheckCore.build/Objects-normal/arm64/GACAppAttestArtifactStorage.o /Users/xinyufang/Library/Developer/Xcode/DerivedData/Buzz-faillbpsmponqzeruhhvskovixzk/SourcePackages/checkouts/app-check/AppCheckCore/Sources/AppAttestProvider/Storage/GACAppAttestArtifactStorage.m normal arm64 objective-c com.apple.compilers.llvm.clang.1_0.compiler (in target 'AppCheckCore' from project 'AppCheck')
    cd /Users/xinyufang/Documents/Buzz/Buzz.xcodeproj
    
    Using response file: /Users/xinyufang/Library/Developer/Xcode/DerivedData/Buzz-faillbpsmponqzeruhhvskovixzk/Build/Intermediates.noindex/AppCheck.build/Debug-iphonesimulator/AppCheckCore.build/Objects-normal/arm64/e6072d4f65d7061329687fe24e3d63a7-common-args.resp
    
    builtin-ScanDependencies -o /Users/xinyufang/Library/Developer/Xcode/DerivedData/Buzz-faillbpsmponqzeruhhvskovixzk/Build/Intermediates.noindex/AppCheck.build/Debug-iphonesimulator/AppCheckCore.build/Objects-normal/arm64/GACAppAttestArtifactStorage.o.scan -- /Applications/Xcode.app/Contents/Developer/Toolchains/XcodeDefault.xctoolchain/usr/bin/clang -x objective-c -ivfsstatcache /Users/xinyufang/Library/Developer/Xcode/DerivedData/SDKStatCaches.noindex/iphonesimulator26.0-23A339-26257891a6c027eb51374368541b8346.sdkstatcache -fmessage-length\=0 -fdiagnostics-show-note-include-stack -fmacro-backtrace-limit\=0 -fno-color-diagnostics -fmodules-prune-interval\=86400 -fmodules-prune-after\=345600 -fbuild-session-file\=/Users/xinyufang/Library/Developer/Xcode/DerivedData/ModuleCache.noindex/Session.modulevalidation -fmodules-validate-once-per-build-session -Wnon-modular-include-in-framework-module -Werror\=non-modular-include-in-framework-module -Wno-trigraphs -Wno-missing-field-initializers -Wno-missing-prototypes -Wno-return-type -Wno-implicit-atomic-properties -Wno-objc-interface-ivars -Wno-arc-repeated-use-of-weak -Wno-missing-braces -Wparentheses -Wswitch -Wno-unused-function -Wno-unused-label -Wno-unused-parameter -Wno-unused-variable -Wunused-value -Wno-empty-body -Wno-uninitialized -Wno-unknown-pragmas -w -Wno-shadow -Wno-four-char-constants -Wno-conversion -Wno-constant-conversion -Wno-int-conversion -Wno-bool-conversion -Wno-enum-conversion -Wno-float-conversion -Wno-non-literal-null-conversion -Wno-objc-literal-conversion -Wshorten-64-to-32 -Wpointer-sign -Wno-newline-eof -Wno-selector -Wno-strict-selector-match -Wno-undeclared-selector -Wno-deprecated-implementations -Wno-implicit-fallthrough -fstrict-aliasing -Wprotocol -Wdeprecated-declarations -Wno-sign-conversion -Wno-infinite-recursion -Wno-comma -Wno-block-capture-autoreleasing -Wno-strict-prototypes -Wno-semicolon-before-method-body -index-store-path /Users/xinyufang/Library/Developer/Xcode/DerivedData/Buzz-faillbpsmponqzeruhhvskovixzk/Index.noindex/DataStore @/Users/xinyufang/Library/Developer/Xcode/DerivedData/Buzz-faillbpsmponqzeruhhvskovixzk/Build/Intermediates.noindex/AppCheck.build/Debug-iphonesimulator/AppCheckCore.build/Objects-normal/arm64/e6072d4f65d7061329687fe24e3d63a7-common-args.resp -MMD -MT dependencies -MF /Users/xinyufang/Library/Developer/Xcode/DerivedData/Buzz-faillbpsmponqzeruhhvskovixzk/Build/Intermediates.noindex/AppCheck.build/Debug-iphonesimulator/AppCheckCore.build/Objects-normal/arm64/GACAppAttestArtifactStorage.d --serialize-diagnostics /Users/xinyufang/Library/Developer/Xcode/DerivedData/Buzz-faillbpsmponqzeruhhvskovixzk/Build/Intermediates.noindex/AppCheck.build/Debug-iphonesimulator/AppCheckCore.build/Objects-normal/arm64/GACAppAttestArtifactStorage.dia -c /Users/xinyufang/Library/Developer/Xcode/DerivedData/Buzz-faillbpsmponqzeruhhvskovixzk/SourcePackages/checkouts/app-check/AppCheckCore/Sources/AppAttestProvider/Storage/GACAppAttestArtifactStorage.m -o /Users/xinyufang/Library/Developer/Xcode/DerivedData/Buzz-faillbpsmponqzeruhhvskovixzk/Build/Intermediates.noindex/AppCheck.build/Debug-iphonesimulator/AppCheckCore.build/Objects-normal/arm64/GACAppAttestArtifactStorage.o -index-unit-output-path /AppCheck.build/Debug-iphonesimulator/AppCheckCore.build/Objects-normal/arm64/GACAppAttestArtifactStorage.o

ScanDependencies /Users/xinyufang/Library/Developer/Xcode/DerivedData/Buzz-faillbpsmponqzeruhhvskovixzk/Build/Intermediates.noindex/AppCheck.build/Debug-iphonesimulator/AppCheckCore.build/Objects-normal/arm64/GACAppAttestAPIService.o /Users/xinyufang/Library/Developer/Xcode/DerivedData/Buzz-faillbpsmponqzeruhhvskovixzk/SourcePackages/checkouts/app-check/AppCheckCore/Sources/AppAttestProvider/API/GACAppAttestAPIService.m normal arm64 objective-c com.apple.compilers.llvm.clang.1_0.compiler (in target 'AppCheckCore' from project 'AppCheck')
    cd /Users/xinyufang/Documents/Buzz/Buzz.xcodeproj
    
    Using response file: /Users/xinyufang/Library/Developer/Xcode/DerivedData/Buzz-faillbpsmponqzeruhhvskovixzk/Build/Intermediates.noindex/AppCheck.build/Debug-iphonesimulator/AppCheckCore.build/Objects-normal/arm64/e6072d4f65d7061329687fe24e3d63a7-common-args.resp
    
    builtin-ScanDependencies -o /Users/xinyufang/Library/Developer/Xcode/DerivedData/Buzz-faillbpsmponqzeruhhvskovixzk/Build/Intermediates.noindex/AppCheck.build/Debug-iphonesimulator/AppCheckCore.build/Objects-normal/arm64/GACAppAttestAPIService.o.scan -- /Applications/Xcode.app/Contents/Developer/Toolchains/XcodeDefault.xctoolchain/usr/bin/clang -x objective-c -ivfsstatcache /Users/xinyufang/Library/Developer/Xcode/DerivedData/SDKStatCaches.noindex/iphonesimulator26.0-23A339-26257891a6c027eb51374368541b8346.sdkstatcache -fmessage-length\=0 -fdiagnostics-show-note-include-stack -fmacro-backtrace-limit\=0 -fno-color-diagnostics -fmodules-prune-interval\=86400 -fmodules-prune-after\=345600 -fbuild-session-file\=/Users/xinyufang/Library/Developer/Xcode/DerivedData/ModuleCache.noindex/Session.modulevalidation -fmodules-validate-once-per-build-session -Wnon-modular-include-in-framework-module -Werror\=non-modular-include-in-framework-module -Wno-trigraphs -Wno-missing-field-initializers -Wno-missing-prototypes -Wno-return-type -Wno-implicit-atomic-properties -Wno-objc-interface-ivars -Wno-arc-repeated-use-of-weak -Wno-missing-braces -Wparentheses -Wswitch -Wno-unused-function -Wno-unused-label -Wno-unused-parameter -Wno-unused-variable -Wunused-value -Wno-empty-body -Wno-uninitialized -Wno-unknown-pragmas -w -Wno-shadow -Wno-four-char-constants -Wno-conversion -Wno-constant-conversion -Wno-int-conversion -Wno-bool-conversion -Wno-enum-conversion -Wno-float-conversion -Wno-non-literal-null-conversion -Wno-objc-literal-conversion -Wshorten-64-to-32 -Wpointer-sign -Wno-newline-eof -Wno-selector -Wno-strict-selector-match -Wno-undeclared-selector -Wno-deprecated-implementations -Wno-implicit-fallthrough -fstrict-aliasing -Wprotocol -Wdeprecated-declarations -Wno-sign-conversion -Wno-infinite-recursion -Wno-comma -Wno-block-capture-autoreleasing -Wno-strict-prototypes -Wno-semicolon-before-method-body -index-store-path /Users/xinyufang/Library/Developer/Xcode/DerivedData/Buzz-faillbpsmponqzeruhhvskovixzk/Index.noindex/DataStore @/Users/xinyufang/Library/Developer/Xcode/DerivedData/Buzz-faillbpsmponqzeruhhvskovixzk/Build/Intermediates.noindex/AppCheck.build/Debug-iphonesimulator/AppCheckCore.build/Objects-normal/arm64/e6072d4f65d7061329687fe24e3d63a7-common-args.resp -MMD -MT dependencies -MF /Users/xinyufang/Library/Developer/Xcode/DerivedData/Buzz-faillbpsmponqzeruhhvskovixzk/Build/Intermediates.noindex/AppCheck.build/Debug-iphonesimulator/AppCheckCore.build/Objects-normal/arm64/GACAppAttestAPIService.d --serialize-diagnostics /Users/xinyufang/Library/Developer/Xcode/DerivedData/Buzz-faillbpsmponqzeruhhvskovixzk/Build/Intermediates.noindex/AppCheck.build/Debug-iphonesimulator/AppCheckCore.build/Objects-normal/arm64/GACAppAttestAPIService.dia -c /Users/xinyufang/Library/Developer/Xcode/DerivedData/Buzz-faillbpsmponqzeruhhvskovixzk/SourcePackages/checkouts/app-check/AppCheckCore/Sources/AppAttestProvider/API/GACAppAttestAPIService.m -o /Users/xinyufang/Library/Developer/Xcode/DerivedData/Buzz-faillbpsmponqzeruhhvskovixzk/Build/Intermediates.noindex/AppCheck.build/Debug-iphonesimulator/AppCheckCore.build/Objects-normal/arm64/GACAppAttestAPIService.o -index-unit-output-path /AppCheck.build/Debug-iphonesimulator/AppCheckCore.build/Objects-normal/arm64/GACAppAttestAPIService.o

PrecompileModule /Users/xinyufang/Library/Developer/Xcode/DerivedData/Buzz-faillbpsmponqzeruhhvskovixzk/Build/Intermediates.noindex/ExplicitPrecompiledModules/CommonCrypto-54UAM4BKMZZ2CY11XM4PMWUO0.scan
    cd /
    builtin-precompileModule /Users/xinyufang/Library/Developer/Xcode/DerivedData/Buzz-faillbpsmponqzeruhhvskovixzk/Build/Intermediates.noindex/ExplicitPrecompiledModules/CommonCrypto-54UAM4BKMZZ2CY11XM4PMWUO0.scan

ScanDependencies /Users/xinyufang/Library/Developer/Xcode/DerivedData/Buzz-faillbpsmponqzeruhhvskovixzk/Build/Intermediates.noindex/AppCheck.build/Debug-iphonesimulator/AppCheckCore.build/Objects-normal/arm64/DCDevice+GACDeviceCheckTokenGenerator.o /Users/xinyufang/Library/Developer/Xcode/DerivedData/Buzz-faillbpsmponqzeruhhvskovixzk/SourcePackages/checkouts/app-check/AppCheckCore/Sources/DeviceCheckProvider/DCDevice+GACDeviceCheckTokenGenerator.m normal arm64 objective-c com.apple.compilers.llvm.clang.1_0.compiler (in target 'AppCheckCore' from project 'AppCheck')
    cd /Users/xinyufang/Documents/Buzz/Buzz.xcodeproj
    
    Using response file: /Users/xinyufang/Library/Developer/Xcode/DerivedData/Buzz-faillbpsmponqzeruhhvskovixzk/Build/Intermediates.noindex/AppCheck.build/Debug-iphonesimulator/AppCheckCore.build/Objects-normal/arm64/e6072d4f65d7061329687fe24e3d63a7-common-args.resp
    
    builtin-ScanDependencies -o /Users/xinyufang/Library/Developer/Xcode/DerivedData/Buzz-faillbpsmponqzeruhhvskovixzk/Build/Intermediates.noindex/AppCheck.build/Debug-iphonesimulator/AppCheckCore.build/Objects-normal/arm64/DCDevice+GACDeviceCheckTokenGenerator.o.scan -- /Applications/Xcode.app/Contents/Developer/Toolchains/XcodeDefault.xctoolchain/usr/bin/clang -x objective-c -ivfsstatcache /Users/xinyufang/Library/Developer/Xcode/DerivedData/SDKStatCaches.noindex/iphonesimulator26.0-23A339-26257891a6c027eb51374368541b8346.sdkstatcache -fmessage-length\=0 -fdiagnostics-show-note-include-stack -fmacro-backtrace-limit\=0 -fno-color-diagnostics -fmodules-prune-interval\=86400 -fmodules-prune-after\=345600 -fbuild-session-file\=/Users/xinyufang/Library/Developer/Xcode/DerivedData/ModuleCache.noindex/Session.modulevalidation -fmodules-validate-once-per-build-session -Wnon-modular-include-in-framework-module -Werror\=non-modular-include-in-framework-module -Wno-trigraphs -Wno-missing-field-initializers -Wno-missing-prototypes -Wno-return-type -Wno-implicit-atomic-properties -Wno-objc-interface-ivars -Wno-arc-repeated-use-of-weak -Wno-missing-braces -Wparentheses -Wswitch -Wno-unused-function -Wno-unused-label -Wno-unused-parameter -Wno-unused-variable -Wunused-value -Wno-empty-body -Wno-uninitialized -Wno-unknown-pragmas -w -Wno-shadow -Wno-four-char-constants -Wno-conversion -Wno-constant-conversion -Wno-int-conversion -Wno-bool-conversion -Wno-enum-conversion -Wno-float-conversion -Wno-non-literal-null-conversion -Wno-objc-literal-conversion -Wshorten-64-to-32 -Wpointer-sign -Wno-newline-eof -Wno-selector -Wno-strict-selector-match -Wno-undeclared-selector -Wno-deprecated-implementations -Wno-implicit-fallthrough -fstrict-aliasing -Wprotocol -Wdeprecated-declarations -Wno-sign-conversion -Wno-infinite-recursion -Wno-comma -Wno-block-capture-autoreleasing -Wno-strict-prototypes -Wno-semicolon-before-method-body -index-store-path /Users/xinyufang/Library/Developer/Xcode/DerivedData/Buzz-faillbpsmponqzeruhhvskovixzk/Index.noindex/DataStore @/Users/xinyufang/Library/Developer/Xcode/DerivedData/Buzz-faillbpsmponqzeruhhvskovixzk/Build/Intermediates.noindex/AppCheck.build/Debug-iphonesimulator/AppCheckCore.build/Objects-normal/arm64/e6072d4f65d7061329687fe24e3d63a7-common-args.resp -MMD -MT dependencies -MF /Users/xinyufang/Library/Developer/Xcode/DerivedData/Buzz-faillbpsmponqzeruhhvskovixzk/Build/Intermediates.noindex/AppCheck.build/Debug-iphonesimulator/AppCheckCore.build/Objects-normal/arm64/DCDevice+GACDeviceCheckTokenGenerator.d --serialize-diagnostics /Users/xinyufang/Library/Developer/Xcode/DerivedData/Buzz-faillbpsmponqzeruhhvskovixzk/Build/Intermediates.noindex/AppCheck.build/Debug-iphonesimulator/AppCheckCore.build/Objects-normal/arm64/DCDevice+GACDeviceCheckTokenGenerator.dia -c /Users/xinyufang/Library/Developer/Xcode/DerivedData/Buzz-faillbpsmponqzeruhhvskovixzk/SourcePackages/checkouts/app-check/AppCheckCore/Sources/DeviceCheckProvider/DCDevice+GACDeviceCheckTokenGenerator.m -o /Users/xinyufang/Library/Developer/Xcode/DerivedData/Buzz-faillbpsmponqzeruhhvskovixzk/Build/Intermediates.noindex/AppCheck.build/Debug-iphonesimulator/AppCheckCore.build/Objects-normal/arm64/DCDevice+GACDeviceCheckTokenGenerator.o -index-unit-output-path /AppCheck.build/Debug-iphonesimulator/AppCheckCore.build/Objects-normal/arm64/DCDevice+GACDeviceCheckTokenGenerator.o

ScanDependencies /Users/xinyufang/Library/Developer/Xcode/DerivedData/Buzz-faillbpsmponqzeruhhvskovixzk/Build/Intermediates.noindex/AppCheck.build/Debug-iphonesimulator/AppCheckCore.build/Objects-normal/arm64/DCAppAttestService+GACAppAttestService.o /Users/xinyufang/Library/Developer/Xcode/DerivedData/Buzz-faillbpsmponqzeruhhvskovixzk/SourcePackages/checkouts/app-check/AppCheckCore/Sources/AppAttestProvider/DCAppAttestService+GACAppAttestService.m normal arm64 objective-c com.apple.compilers.llvm.clang.1_0.compiler (in target 'AppCheckCore' from project 'AppCheck')
    cd /Users/xinyufang/Documents/Buzz/Buzz.xcodeproj
    
    Using response file: /Users/xinyufang/Library/Developer/Xcode/DerivedData/Buzz-faillbpsmponqzeruhhvskovixzk/Build/Intermediates.noindex/AppCheck.build/Debug-iphonesimulator/AppCheckCore.build/Objects-normal/arm64/e6072d4f65d7061329687fe24e3d63a7-common-args.resp
    
    builtin-ScanDependencies -o /Users/xinyufang/Library/Developer/Xcode/DerivedData/Buzz-faillbpsmponqzeruhhvskovixzk/Build/Intermediates.noindex/AppCheck.build/Debug-iphonesimulator/AppCheckCore.build/Objects-normal/arm64/DCAppAttestService+GACAppAttestService.o.scan -- /Applications/Xcode.app/Contents/Developer/Toolchains/XcodeDefault.xctoolchain/usr/bin/clang -x objective-c -ivfsstatcache /Users/xinyufang/Library/Developer/Xcode/DerivedData/SDKStatCaches.noindex/iphonesimulator26.0-23A339-26257891a6c027eb51374368541b8346.sdkstatcache -fmessage-length\=0 -fdiagnostics-show-note-include-stack -fmacro-backtrace-limit\=0 -fno-color-diagnostics -fmodules-prune-interval\=86400 -fmodules-prune-after\=345600 -fbuild-session-file\=/Users/xinyufang/Library/Developer/Xcode/DerivedData/ModuleCache.noindex/Session.modulevalidation -fmodules-validate-once-per-build-session -Wnon-modular-include-in-framework-module -Werror\=non-modular-include-in-framework-module -Wno-trigraphs -Wno-missing-field-initializers -Wno-missing-prototypes -Wno-return-type -Wno-implicit-atomic-properties -Wno-objc-interface-ivars -Wno-arc-repeated-use-of-weak -Wno-missing-braces -Wparentheses -Wswitch -Wno-unused-function -Wno-unused-label -Wno-unused-parameter -Wno-unused-variable -Wunused-value -Wno-empty-body -Wno-uninitialized -Wno-unknown-pragmas -w -Wno-shadow -Wno-four-char-constants -Wno-conversion -Wno-constant-conversion -Wno-int-conversion -Wno-bool-conversion -Wno-enum-conversion -Wno-float-conversion -Wno-non-literal-null-conversion -Wno-objc-literal-conversion -Wshorten-64-to-32 -Wpointer-sign -Wno-newline-eof -Wno-selector -Wno-strict-selector-match -Wno-undeclared-selector -Wno-deprecated-implementations -Wno-implicit-fallthrough -fstrict-aliasing -Wprotocol -Wdeprecated-declarations -Wno-sign-conversion -Wno-infinite-recursion -Wno-comma -Wno-block-capture-autoreleasing -Wno-strict-prototypes -Wno-semicolon-before-method-body -index-store-path /Users/xinyufang/Library/Developer/Xcode/DerivedData/Buzz-faillbpsmponqzeruhhvskovixzk/Index.noindex/DataStore @/Users/xinyufang/Library/Developer/Xcode/DerivedData/Buzz-faillbpsmponqzeruhhvskovixzk/Build/Intermediates.noindex/AppCheck.build/Debug-iphonesimulator/AppCheckCore.build/Objects-normal/arm64/e6072d4f65d7061329687fe24e3d63a7-common-args.resp -MMD -MT dependencies -MF /Users/xinyufang/Library/Developer/Xcode/DerivedData/Buzz-faillbpsmponqzeruhhvskovixzk/Build/Intermediates.noindex/AppCheck.build/Debug-iphonesimulator/AppCheckCore.build/Objects-normal/arm64/DCAppAttestService+GACAppAttestService.d --serialize-diagnostics /Users/xinyufang/Library/Developer/Xcode/DerivedData/Buzz-faillbpsmponqzeruhhvskovixzk/Build/Intermediates.noindex/AppCheck.build/Debug-iphonesimulator/AppCheckCore.build/Objects-normal/arm64/DCAppAttestService+GACAppAttestService.dia -c /Users/xinyufang/Library/Developer/Xcode/DerivedData/Buzz-faillbpsmponqzeruhhvskovixzk/SourcePackages/checkouts/app-check/AppCheckCore/Sources/AppAttestProvider/DCAppAttestService+GACAppAttestService.m -o /Users/xinyufang/Library/Developer/Xcode/DerivedData/Buzz-faillbpsmponqzeruhhvskovixzk/Build/Intermediates.noindex/AppCheck.build/Debug-iphonesimulator/AppCheckCore.build/Objects-normal/arm64/DCAppAttestService+GACAppAttestService.o -index-unit-output-path /AppCheck.build/Debug-iphonesimulator/AppCheckCore.build/Objects-normal/arm64/DCAppAttestService+GACAppAttestService.o

ProcessInfoPlistFile /Users/xinyufang/Library/Developer/Xcode/DerivedData/Buzz-faillbpsmponqzeruhhvskovixzk/Build/Products/Debug-iphonesimulator/AppAuth_AppAuthCore.bundle/Info.plist /Users/xinyufang/Library/Developer/Xcode/DerivedData/Buzz-faillbpsmponqzeruhhvskovixzk/Build/Intermediates.noindex/AppAuth.build/Debug-iphonesimulator/AppAuth_AppAuthCore.build/empty-AppAuth_AppAuthCore.plist (in target 'AppAuth_AppAuthCore' from project 'AppAuth')
    cd /Users/xinyufang/Library/Developer/Xcode/DerivedData/Buzz-faillbpsmponqzeruhhvskovixzk/SourcePackages/checkouts/AppAuth-iOS
    builtin-infoPlistUtility /Users/xinyufang/Library/Developer/Xcode/DerivedData/Buzz-faillbpsmponqzeruhhvskovixzk/Build/Intermediates.noindex/AppAuth.build/Debug-iphonesimulator/AppAuth_AppAuthCore.build/empty-AppAuth_AppAuthCore.plist -producttype com.apple.product-type.bundle -expandbuildsettings -format binary -platform iphonesimulator -o /Users/xinyufang/Library/Developer/Xcode/DerivedData/Buzz-faillbpsmponqzeruhhvskovixzk/Build/Products/Debug-iphonesimulator/AppAuth_AppAuthCore.bundle/Info.plist

CpResource /Users/xinyufang/Library/Developer/Xcode/DerivedData/Buzz-faillbpsmponqzeruhhvskovixzk/Build/Products/Debug-iphonesimulator/AppAuth_AppAuthCore.bundle/PrivacyInfo.xcprivacy /Users/xinyufang/Library/Developer/Xcode/DerivedData/Buzz-faillbpsmponqzeruhhvskovixzk/SourcePackages/checkouts/AppAuth-iOS/Sources/AppAuthCore/Resources/PrivacyInfo.xcprivacy (in target 'AppAuth_AppAuthCore' from project 'AppAuth')
    cd /Users/xinyufang/Library/Developer/Xcode/DerivedData/Buzz-faillbpsmponqzeruhhvskovixzk/SourcePackages/checkouts/AppAuth-iOS
    builtin-copy -exclude .DS_Store -exclude CVS -exclude .svn -exclude .git -exclude .hg -resolve-src-symlinks /Users/xinyufang/Library/Developer/Xcode/DerivedData/Buzz-faillbpsmponqzeruhhvskovixzk/SourcePackages/checkouts/AppAuth-iOS/Sources/AppAuthCore/Resources/PrivacyInfo.xcprivacy /Users/xinyufang/Library/Developer/Xcode/DerivedData/Buzz-faillbpsmponqzeruhhvskovixzk/Build/Products/Debug-iphonesimulator/AppAuth_AppAuthCore.bundle

ProcessInfoPlistFile /Users/xinyufang/Library/Developer/Xcode/DerivedData/Buzz-faillbpsmponqzeruhhvskovixzk/Build/Products/Debug-iphonesimulator/AppAuth_AppAuth.bundle/Info.plist /Users/xinyufang/Library/Developer/Xcode/DerivedData/Buzz-faillbpsmponqzeruhhvskovixzk/Build/Intermediates.noindex/AppAuth.build/Debug-iphonesimulator/AppAuth_AppAuth.build/empty-AppAuth_AppAuth.plist (in target 'AppAuth_AppAuth' from project 'AppAuth')
    cd /Users/xinyufang/Library/Developer/Xcode/DerivedData/Buzz-faillbpsmponqzeruhhvskovixzk/SourcePackages/checkouts/AppAuth-iOS
    builtin-infoPlistUtility /Users/xinyufang/Library/Developer/Xcode/DerivedData/Buzz-faillbpsmponqzeruhhvskovixzk/Build/Intermediates.noindex/AppAuth.build/Debug-iphonesimulator/AppAuth_AppAuth.build/empty-AppAuth_AppAuth.plist -producttype com.apple.product-type.bundle -expandbuildsettings -format binary -platform iphonesimulator -o /Users/xinyufang/Library/Developer/Xcode/DerivedData/Buzz-faillbpsmponqzeruhhvskovixzk/Build/Products/Debug-iphonesimulator/AppAuth_AppAuth.bundle/Info.plist

CpResource /Users/xinyufang/Library/Developer/Xcode/DerivedData/Buzz-faillbpsmponqzeruhhvskovixzk/Build/Products/Debug-iphonesimulator/AppAuth_AppAuth.bundle/PrivacyInfo.xcprivacy /Users/xinyufang/Library/Developer/Xcode/DerivedData/Buzz-faillbpsmponqzeruhhvskovixzk/SourcePackages/checkouts/AppAuth-iOS/Sources/AppAuth/Resources/PrivacyInfo.xcprivacy (in target 'AppAuth_AppAuth' from project 'AppAuth')
    cd /Users/xinyufang/Library/Developer/Xcode/DerivedData/Buzz-faillbpsmponqzeruhhvskovixzk/SourcePackages/checkouts/AppAuth-iOS
    builtin-copy -exclude .DS_Store -exclude CVS -exclude .svn -exclude .git -exclude .hg -resolve-src-symlinks /Users/xinyufang/Library/Developer/Xcode/DerivedData/Buzz-faillbpsmponqzeruhhvskovixzk/SourcePackages/checkouts/AppAuth-iOS/Sources/AppAuth/Resources/PrivacyInfo.xcprivacy /Users/xinyufang/Library/Developer/Xcode/DerivedData/Buzz-faillbpsmponqzeruhhvskovixzk/Build/Products/Debug-iphonesimulator/AppAuth_AppAuth.bundle

ScanDependencies /Users/xinyufang/Library/Developer/Xcode/DerivedData/Buzz-faillbpsmponqzeruhhvskovixzk/Build/Intermediates.noindex/AppAuth.build/Debug-iphonesimulator/AppAuthCore.build/Objects-normal/arm64/resource_bundle_accessor.o /Users/xinyufang/Library/Developer/Xcode/DerivedData/Buzz-faillbpsmponqzeruhhvskovixzk/Build/Intermediates.noindex/AppAuth.build/Debug-iphonesimulator/AppAuthCore.build/DerivedSources/resource_bundle_accessor.m normal arm64 objective-c com.apple.compilers.llvm.clang.1_0.compiler (in target 'AppAuthCore' from project 'AppAuth')
    cd /Users/xinyufang/Documents/Buzz/Buzz.xcodeproj
    
    Using response file: /Users/xinyufang/Library/Developer/Xcode/DerivedData/Buzz-faillbpsmponqzeruhhvskovixzk/Build/Intermediates.noindex/AppAuth.build/Debug-iphonesimulator/AppAuthCore.build/Objects-normal/arm64/e6072d4f65d7061329687fe24e3d63a7-common-args.resp
    
    builtin-ScanDependencies -o /Users/xinyufang/Library/Developer/Xcode/DerivedData/Buzz-faillbpsmponqzeruhhvskovixzk/Build/Intermediates.noindex/AppAuth.build/Debug-iphonesimulator/AppAuthCore.build/Objects-normal/arm64/resource_bundle_accessor.o.scan -- /Applications/Xcode.app/Contents/Developer/Toolchains/XcodeDefault.xctoolchain/usr/bin/clang -x objective-c -ivfsstatcache /Users/xinyufang/Library/Developer/Xcode/DerivedData/SDKStatCaches.noindex/iphonesimulator26.0-23A339-26257891a6c027eb51374368541b8346.sdkstatcache -fmessage-length\=0 -fdiagnostics-show-note-include-stack -fmacro-backtrace-limit\=0 -fno-color-diagnostics -fmodules-prune-interval\=86400 -fmodules-prune-after\=345600 -fbuild-session-file\=/Users/xinyufang/Library/Developer/Xcode/DerivedData/ModuleCache.noindex/Session.modulevalidation -fmodules-validate-once-per-build-session -Wnon-modular-include-in-framework-module -Werror\=non-modular-include-in-framework-module -Wno-trigraphs -Wno-missing-field-initializers -Wno-missing-prototypes -Wno-return-type -Wno-implicit-atomic-properties -Wno-objc-interface-ivars -Wno-arc-repeated-use-of-weak -Wno-missing-braces -Wparentheses -Wswitch -Wno-unused-function -Wno-unused-label -Wno-unused-parameter -Wno-unused-variable -Wunused-value -Wno-empty-body -Wno-uninitialized -Wno-unknown-pragmas -w -Wno-shadow -Wno-four-char-constants -Wno-conversion -Wno-constant-conversion -Wno-int-conversion -Wno-bool-conversion -Wno-enum-conversion -Wno-float-conversion -Wno-non-literal-null-conversion -Wno-objc-literal-conversion -Wshorten-64-to-32 -Wpointer-sign -Wno-newline-eof -Wno-selector -Wno-strict-selector-match -Wno-undeclared-selector -Wno-deprecated-implementations -Wno-implicit-fallthrough -fstrict-aliasing -Wprotocol -Wdeprecated-declarations -Wno-sign-conversion -Wno-infinite-recursion -Wno-comma -Wno-block-capture-autoreleasing -Wno-strict-prototypes -Wno-semicolon-before-method-body -index-store-path /Users/xinyufang/Library/Developer/Xcode/DerivedData/Buzz-faillbpsmponqzeruhhvskovixzk/Index.noindex/DataStore @/Users/xinyufang/Library/Developer/Xcode/DerivedData/Buzz-faillbpsmponqzeruhhvskovixzk/Build/Intermediates.noindex/AppAuth.build/Debug-iphonesimulator/AppAuthCore.build/Objects-normal/arm64/e6072d4f65d7061329687fe24e3d63a7-common-args.resp -include /Users/xinyufang/Library/Developer/Xcode/DerivedData/Buzz-faillbpsmponqzeruhhvskovixzk/Build/Intermediates.noindex/AppAuth.build/Debug-iphonesimulator/AppAuthCore.build/DerivedSources/resource_bundle_accessor.h -MMD -MT dependencies -MF /Users/xinyufang/Library/Developer/Xcode/DerivedData/Buzz-faillbpsmponqzeruhhvskovixzk/Build/Intermediates.noindex/AppAuth.build/Debug-iphonesimulator/AppAuthCore.build/Objects-normal/arm64/resource_bundle_accessor.d --serialize-diagnostics /Users/xinyufang/Library/Developer/Xcode/DerivedData/Buzz-faillbpsmponqzeruhhvskovixzk/Build/Intermediates.noindex/AppAuth.build/Debug-iphonesimulator/AppAuthCore.build/Objects-normal/arm64/resource_bundle_accessor.dia -c /Users/xinyufang/Library/Developer/Xcode/DerivedData/Buzz-faillbpsmponqzeruhhvskovixzk/Build/Intermediates.noindex/AppAuth.build/Debug-iphonesimulator/AppAuthCore.build/DerivedSources/resource_bundle_accessor.m -o /Users/xinyufang/Library/Developer/Xcode/DerivedData/Buzz-faillbpsmponqzeruhhvskovixzk/Build/Intermediates.noindex/AppAuth.build/Debug-iphonesimulator/AppAuthCore.build/Objects-normal/arm64/resource_bundle_accessor.o -index-unit-output-path /AppAuth.build/Debug-iphonesimulator/AppAuthCore.build/Objects-normal/arm64/resource_bundle_accessor.o

ScanDependencies /Users/xinyufang/Library/Developer/Xcode/DerivedData/Buzz-faillbpsmponqzeruhhvskovixzk/Build/Intermediates.noindex/AppAuth.build/Debug-iphonesimulator/AppAuthCore.build/Objects-normal/arm64/OIDURLSessionProvider.o /Users/xinyufang/Library/Developer/Xcode/DerivedData/Buzz-faillbpsmponqzeruhhvskovixzk/SourcePackages/checkouts/AppAuth-iOS/Sources/AppAuthCore/OIDURLSessionProvider.m normal arm64 objective-c com.apple.compilers.llvm.clang.1_0.compiler (in target 'AppAuthCore' from project 'AppAuth')
    cd /Users/xinyufang/Documents/Buzz/Buzz.xcodeproj
    
    Using response file: /Users/xinyufang/Library/Developer/Xcode/DerivedData/Buzz-faillbpsmponqzeruhhvskovixzk/Build/Intermediates.noindex/AppAuth.build/Debug-iphonesimulator/AppAuthCore.build/Objects-normal/arm64/e6072d4f65d7061329687fe24e3d63a7-common-args.resp
    
    builtin-ScanDependencies -o /Users/xinyufang/Library/Developer/Xcode/DerivedData/Buzz-faillbpsmponqzeruhhvskovixzk/Build/Intermediates.noindex/AppAuth.build/Debug-iphonesimulator/AppAuthCore.build/Objects-normal/arm64/OIDURLSessionProvider.o.scan -- /Applications/Xcode.app/Contents/Developer/Toolchains/XcodeDefault.xctoolchain/usr/bin/clang -x objective-c -ivfsstatcache /Users/xinyufang/Library/Developer/Xcode/DerivedData/SDKStatCaches.noindex/iphonesimulator26.0-23A339-26257891a6c027eb51374368541b8346.sdkstatcache -fmessage-length\=0 -fdiagnostics-show-note-include-stack -fmacro-backtrace-limit\=0 -fno-color-diagnostics -fmodules-prune-interval\=86400 -fmodules-prune-after\=345600 -fbuild-session-file\=/Users/xinyufang/Library/Developer/Xcode/DerivedData/ModuleCache.noindex/Session.modulevalidation -fmodules-validate-once-per-build-session -Wnon-modular-include-in-framework-module -Werror\=non-modular-include-in-framework-module -Wno-trigraphs -Wno-missing-field-initializers -Wno-missing-prototypes -Wno-return-type -Wno-implicit-atomic-properties -Wno-objc-interface-ivars -Wno-arc-repeated-use-of-weak -Wno-missing-braces -Wparentheses -Wswitch -Wno-unused-function -Wno-unused-label -Wno-unused-parameter -Wno-unused-variable -Wunused-value -Wno-empty-body -Wno-uninitialized -Wno-unknown-pragmas -w -Wno-shadow -Wno-four-char-constants -Wno-conversion -Wno-constant-conversion -Wno-int-conversion -Wno-bool-conversion -Wno-enum-conversion -Wno-float-conversion -Wno-non-literal-null-conversion -Wno-objc-literal-conversion -Wshorten-64-to-32 -Wpointer-sign -Wno-newline-eof -Wno-selector -Wno-strict-selector-match -Wno-undeclared-selector -Wno-deprecated-implementations -Wno-implicit-fallthrough -fstrict-aliasing -Wprotocol -Wdeprecated-declarations -Wno-sign-conversion -Wno-infinite-recursion -Wno-comma -Wno-block-capture-autoreleasing -Wno-strict-prototypes -Wno-semicolon-before-method-body -index-store-path /Users/xinyufang/Library/Developer/Xcode/DerivedData/Buzz-faillbpsmponqzeruhhvskovixzk/Index.noindex/DataStore @/Users/xinyufang/Library/Developer/Xcode/DerivedData/Buzz-faillbpsmponqzeruhhvskovixzk/Build/Intermediates.noindex/AppAuth.build/Debug-iphonesimulator/AppAuthCore.build/Objects-normal/arm64/e6072d4f65d7061329687fe24e3d63a7-common-args.resp -include /Users/xinyufang/Library/Developer/Xcode/DerivedData/Buzz-faillbpsmponqzeruhhvskovixzk/Build/Intermediates.noindex/AppAuth.build/Debug-iphonesimulator/AppAuthCore.build/DerivedSources/resource_bundle_accessor.h -MMD -MT dependencies -MF /Users/xinyufang/Library/Developer/Xcode/DerivedData/Buzz-faillbpsmponqzeruhhvskovixzk/Build/Intermediates.noindex/AppAuth.build/Debug-iphonesimulator/AppAuthCore.build/Objects-normal/arm64/OIDURLSessionProvider.d --serialize-diagnostics /Users/xinyufang/Library/Developer/Xcode/DerivedData/Buzz-faillbpsmponqzeruhhvskovixzk/Build/Intermediates.noindex/AppAuth.build/Debug-iphonesimulator/AppAuthCore.build/Objects-normal/arm64/OIDURLSessionProvider.dia -c /Users/xinyufang/Library/Developer/Xcode/DerivedData/Buzz-faillbpsmponqzeruhhvskovixzk/SourcePackages/checkouts/AppAuth-iOS/Sources/AppAuthCore/OIDURLSessionProvider.m -o /Users/xinyufang/Library/Developer/Xcode/DerivedData/Buzz-faillbpsmponqzeruhhvskovixzk/Build/Intermediates.noindex/AppAuth.build/Debug-iphonesimulator/AppAuthCore.build/Objects-normal/arm64/OIDURLSessionProvider.o -index-unit-output-path /AppAuth.build/Debug-iphonesimulator/AppAuthCore.build/Objects-normal/arm64/OIDURLSessionProvider.o

ScanDependencies /Users/xinyufang/Library/Developer/Xcode/DerivedData/Buzz-faillbpsmponqzeruhhvskovixzk/Build/Intermediates.noindex/AppAuth.build/Debug-iphonesimulator/AppAuthCore.build/Objects-normal/arm64/OIDURLQueryComponent.o /Users/xinyufang/Library/Developer/Xcode/DerivedData/Buzz-faillbpsmponqzeruhhvskovixzk/SourcePackages/checkouts/AppAuth-iOS/Sources/AppAuthCore/OIDURLQueryComponent.m normal arm64 objective-c com.apple.compilers.llvm.clang.1_0.compiler (in target 'AppAuthCore' from project 'AppAuth')
    cd /Users/xinyufang/Documents/Buzz/Buzz.xcodeproj
    
    Using response file: /Users/xinyufang/Library/Developer/Xcode/DerivedData/Buzz-faillbpsmponqzeruhhvskovixzk/Build/Intermediates.noindex/AppAuth.build/Debug-iphonesimulator/AppAuthCore.build/Objects-normal/arm64/e6072d4f65d7061329687fe24e3d63a7-common-args.resp
    
    builtin-ScanDependencies -o /Users/xinyufang/Library/Developer/Xcode/DerivedData/Buzz-faillbpsmponqzeruhhvskovixzk/Build/Intermediates.noindex/AppAuth.build/Debug-iphonesimulator/AppAuthCore.build/Objects-normal/arm64/OIDURLQueryComponent.o.scan -- /Applications/Xcode.app/Contents/Developer/Toolchains/XcodeDefault.xctoolchain/usr/bin/clang -x objective-c -ivfsstatcache /Users/xinyufang/Library/Developer/Xcode/DerivedData/SDKStatCaches.noindex/iphonesimulator26.0-23A339-26257891a6c027eb51374368541b8346.sdkstatcache -fmessage-length\=0 -fdiagnostics-show-note-include-stack -fmacro-backtrace-limit\=0 -fno-color-diagnostics -fmodules-prune-interval\=86400 -fmodules-prune-after\=345600 -fbuild-session-file\=/Users/xinyufang/Library/Developer/Xcode/DerivedData/ModuleCache.noindex/Session.modulevalidation -fmodules-validate-once-per-build-session -Wnon-modular-include-in-framework-module -Werror\=non-modular-include-in-framework-module -Wno-trigraphs -Wno-missing-field-initializers -Wno-missing-prototypes -Wno-return-type -Wno-implicit-atomic-properties -Wno-objc-interface-ivars -Wno-arc-repeated-use-of-weak -Wno-missing-braces -Wparentheses -Wswitch -Wno-unused-function -Wno-unused-label -Wno-unused-parameter -Wno-unused-variable -Wunused-value -Wno-empty-body -Wno-uninitialized -Wno-unknown-pragmas -w -Wno-shadow -Wno-four-char-constants -Wno-conversion -Wno-constant-conversion -Wno-int-conversion -Wno-bool-conversion -Wno-enum-conversion -Wno-float-conversion -Wno-non-literal-null-conversion -Wno-objc-literal-conversion -Wshorten-64-to-32 -Wpointer-sign -Wno-newline-eof -Wno-selector -Wno-strict-selector-match -Wno-undeclared-selector -Wno-deprecated-implementations -Wno-implicit-fallthrough -fstrict-aliasing -Wprotocol -Wdeprecated-declarations -Wno-sign-conversion -Wno-infinite-recursion -Wno-comma -Wno-block-capture-autoreleasing -Wno-strict-prototypes -Wno-semicolon-before-method-body -index-store-path /Users/xinyufang/Library/Developer/Xcode/DerivedData/Buzz-faillbpsmponqzeruhhvskovixzk/Index.noindex/DataStore @/Users/xinyufang/Library/Developer/Xcode/DerivedData/Buzz-faillbpsmponqzeruhhvskovixzk/Build/Intermediates.noindex/AppAuth.build/Debug-iphonesimulator/AppAuthCore.build/Objects-normal/arm64/e6072d4f65d7061329687fe24e3d63a7-common-args.resp -include /Users/xinyufang/Library/Developer/Xcode/DerivedData/Buzz-faillbpsmponqzeruhhvskovixzk/Build/Intermediates.noindex/AppAuth.build/Debug-iphonesimulator/AppAuthCore.build/DerivedSources/resource_bundle_accessor.h -MMD -MT dependencies -MF /Users/xinyufang/Library/Developer/Xcode/DerivedData/Buzz-faillbpsmponqzeruhhvskovixzk/Build/Intermediates.noindex/AppAuth.build/Debug-iphonesimulator/AppAuthCore.build/Objects-normal/arm64/OIDURLQueryComponent.d --serialize-diagnostics /Users/xinyufang/Library/Developer/Xcode/DerivedData/Buzz-faillbpsmponqzeruhhvskovixzk/Build/Intermediates.noindex/AppAuth.build/Debug-iphonesimulator/AppAuthCore.build/Objects-normal/arm64/OIDURLQueryComponent.dia -c /Users/xinyufang/Library/Developer/Xcode/DerivedData/Buzz-faillbpsmponqzeruhhvskovixzk/SourcePackages/checkouts/AppAuth-iOS/Sources/AppAuthCore/OIDURLQueryComponent.m -o /Users/xinyufang/Library/Developer/Xcode/DerivedData/Buzz-faillbpsmponqzeruhhvskovixzk/Build/Intermediates.noindex/AppAuth.build/Debug-iphonesimulator/AppAuthCore.build/Objects-normal/arm64/OIDURLQueryComponent.o -index-unit-output-path /AppAuth.build/Debug-iphonesimulator/AppAuthCore.build/Objects-normal/arm64/OIDURLQueryComponent.o

ScanDependencies /Users/xinyufang/Library/Developer/Xcode/DerivedData/Buzz-faillbpsmponqzeruhhvskovixzk/Build/Intermediates.noindex/AppAuth.build/Debug-iphonesimulator/AppAuthCore.build/Objects-normal/arm64/OIDTokenUtilities.o /Users/xinyufang/Library/Developer/Xcode/DerivedData/Buzz-faillbpsmponqzeruhhvskovixzk/SourcePackages/checkouts/AppAuth-iOS/Sources/AppAuthCore/OIDTokenUtilities.m normal arm64 objective-c com.apple.compilers.llvm.clang.1_0.compiler (in target 'AppAuthCore' from project 'AppAuth')
    cd /Users/xinyufang/Documents/Buzz/Buzz.xcodeproj
    
    Using response file: /Users/xinyufang/Library/Developer/Xcode/DerivedData/Buzz-faillbpsmponqzeruhhvskovixzk/Build/Intermediates.noindex/AppAuth.build/Debug-iphonesimulator/AppAuthCore.build/Objects-normal/arm64/e6072d4f65d7061329687fe24e3d63a7-common-args.resp
    
    builtin-ScanDependencies -o /Users/xinyufang/Library/Developer/Xcode/DerivedData/Buzz-faillbpsmponqzeruhhvskovixzk/Build/Intermediates.noindex/AppAuth.build/Debug-iphonesimulator/AppAuthCore.build/Objects-normal/arm64/OIDTokenUtilities.o.scan -- /Applications/Xcode.app/Contents/Developer/Toolchains/XcodeDefault.xctoolchain/usr/bin/clang -x objective-c -ivfsstatcache /Users/xinyufang/Library/Developer/Xcode/DerivedData/SDKStatCaches.noindex/iphonesimulator26.0-23A339-26257891a6c027eb51374368541b8346.sdkstatcache -fmessage-length\=0 -fdiagnostics-show-note-include-stack -fmacro-backtrace-limit\=0 -fno-color-diagnostics -fmodules-prune-interval\=86400 -fmodules-prune-after\=345600 -fbuild-session-file\=/Users/xinyufang/Library/Developer/Xcode/DerivedData/ModuleCache.noindex/Session.modulevalidation -fmodules-validate-once-per-build-session -Wnon-modular-include-in-framework-module -Werror\=non-modular-include-in-framework-module -Wno-trigraphs -Wno-missing-field-initializers -Wno-missing-prototypes -Wno-return-type -Wno-implicit-atomic-properties -Wno-objc-interface-ivars -Wno-arc-repeated-use-of-weak -Wno-missing-braces -Wparentheses -Wswitch -Wno-unused-function -Wno-unused-label -Wno-unused-parameter -Wno-unused-variable -Wunused-value -Wno-empty-body -Wno-uninitialized -Wno-unknown-pragmas -w -Wno-shadow -Wno-four-char-constants -Wno-conversion -Wno-constant-conversion -Wno-int-conversion -Wno-bool-conversion -Wno-enum-conversion -Wno-float-conversion -Wno-non-literal-null-conversion -Wno-objc-literal-conversion -Wshorten-64-to-32 -Wpointer-sign -Wno-newline-eof -Wno-selector -Wno-strict-selector-match -Wno-undeclared-selector -Wno-deprecated-implementations -Wno-implicit-fallthrough -fstrict-aliasing -Wprotocol -Wdeprecated-declarations -Wno-sign-conversion -Wno-infinite-recursion -Wno-comma -Wno-block-capture-autoreleasing -Wno-strict-prototypes -Wno-semicolon-before-method-body -index-store-path /Users/xinyufang/Library/Developer/Xcode/DerivedData/Buzz-faillbpsmponqzeruhhvskovixzk/Index.noindex/DataStore @/Users/xinyufang/Library/Developer/Xcode/DerivedData/Buzz-faillbpsmponqzeruhhvskovixzk/Build/Intermediates.noindex/AppAuth.build/Debug-iphonesimulator/AppAuthCore.build/Objects-normal/arm64/e6072d4f65d7061329687fe24e3d63a7-common-args.resp -include /Users/xinyufang/Library/Developer/Xcode/DerivedData/Buzz-faillbpsmponqzeruhhvskovixzk/Build/Intermediates.noindex/AppAuth.build/Debug-iphonesimulator/AppAuthCore.build/DerivedSources/resource_bundle_accessor.h -MMD -MT dependencies -MF /Users/xinyufang/Library/Developer/Xcode/DerivedData/Buzz-faillbpsmponqzeruhhvskovixzk/Build/Intermediates.noindex/AppAuth.build/Debug-iphonesimulator/AppAuthCore.build/Objects-normal/arm64/OIDTokenUtilities.d --serialize-diagnostics /Users/xinyufang/Library/Developer/Xcode/DerivedData/Buzz-faillbpsmponqzeruhhvskovixzk/Build/Intermediates.noindex/AppAuth.build/Debug-iphonesimulator/AppAuthCore.build/Objects-normal/arm64/OIDTokenUtilities.dia -c /Users/xinyufang/Library/Developer/Xcode/DerivedData/Buzz-faillbpsmponqzeruhhvskovixzk/SourcePackages/checkouts/AppAuth-iOS/Sources/AppAuthCore/OIDTokenUtilities.m -o /Users/xinyufang/Library/Developer/Xcode/DerivedData/Buzz-faillbpsmponqzeruhhvskovixzk/Build/Intermediates.noindex/AppAuth.build/Debug-iphonesimulator/AppAuthCore.build/Objects-normal/arm64/OIDTokenUtilities.o -index-unit-output-path /AppAuth.build/Debug-iphonesimulator/AppAuthCore.build/Objects-normal/arm64/OIDTokenUtilities.o

ScanDependencies /Users/xinyufang/Library/Developer/Xcode/DerivedData/Buzz-faillbpsmponqzeruhhvskovixzk/Build/Intermediates.noindex/AppAuth.build/Debug-iphonesimulator/AppAuthCore.build/Objects-normal/arm64/OIDTokenResponse.o /Users/xinyufang/Library/Developer/Xcode/DerivedData/Buzz-faillbpsmponqzeruhhvskovixzk/SourcePackages/checkouts/AppAuth-iOS/Sources/AppAuthCore/OIDTokenResponse.m normal arm64 objective-c com.apple.compilers.llvm.clang.1_0.compiler (in target 'AppAuthCore' from project 'AppAuth')
    cd /Users/xinyufang/Documents/Buzz/Buzz.xcodeproj
    
    Using response file: /Users/xinyufang/Library/Developer/Xcode/DerivedData/Buzz-faillbpsmponqzeruhhvskovixzk/Build/Intermediates.noindex/AppAuth.build/Debug-iphonesimulator/AppAuthCore.build/Objects-normal/arm64/e6072d4f65d7061329687fe24e3d63a7-common-args.resp
    
    builtin-ScanDependencies -o /Users/xinyufang/Library/Developer/Xcode/DerivedData/Buzz-faillbpsmponqzeruhhvskovixzk/Build/Intermediates.noindex/AppAuth.build/Debug-iphonesimulator/AppAuthCore.build/Objects-normal/arm64/OIDTokenResponse.o.scan -- /Applications/Xcode.app/Contents/Developer/Toolchains/XcodeDefault.xctoolchain/usr/bin/clang -x objective-c -ivfsstatcache /Users/xinyufang/Library/Developer/Xcode/DerivedData/SDKStatCaches.noindex/iphonesimulator26.0-23A339-26257891a6c027eb51374368541b8346.sdkstatcache -fmessage-length\=0 -fdiagnostics-show-note-include-stack -fmacro-backtrace-limit\=0 -fno-color-diagnostics -fmodules-prune-interval\=86400 -fmodules-prune-after\=345600 -fbuild-session-file\=/Users/xinyufang/Library/Developer/Xcode/DerivedData/ModuleCache.noindex/Session.modulevalidation -fmodules-validate-once-per-build-session -Wnon-modular-include-in-framework-module -Werror\=non-modular-include-in-framework-module -Wno-trigraphs -Wno-missing-field-initializers -Wno-missing-prototypes -Wno-return-type -Wno-implicit-atomic-properties -Wno-objc-interface-ivars -Wno-arc-repeated-use-of-weak -Wno-missing-braces -Wparentheses -Wswitch -Wno-unused-function -Wno-unused-label -Wno-unused-parameter -Wno-unused-variable -Wunused-value -Wno-empty-body -Wno-uninitialized -Wno-unknown-pragmas -w -Wno-shadow -Wno-four-char-constants -Wno-conversion -Wno-constant-conversion -Wno-int-conversion -Wno-bool-conversion -Wno-enum-conversion -Wno-float-conversion -Wno-non-literal-null-conversion -Wno-objc-literal-conversion -Wshorten-64-to-32 -Wpointer-sign -Wno-newline-eof -Wno-selector -Wno-strict-selector-match -Wno-undeclared-selector -Wno-deprecated-implementations -Wno-implicit-fallthrough -fstrict-aliasing -Wprotocol -Wdeprecated-declarations -Wno-sign-conversion -Wno-infinite-recursion -Wno-comma -Wno-block-capture-autoreleasing -Wno-strict-prototypes -Wno-semicolon-before-method-body -index-store-path /Users/xinyufang/Library/Developer/Xcode/DerivedData/Buzz-faillbpsmponqzeruhhvskovixzk/Index.noindex/DataStore @/Users/xinyufang/Library/Developer/Xcode/DerivedData/Buzz-faillbpsmponqzeruhhvskovixzk/Build/Intermediates.noindex/AppAuth.build/Debug-iphonesimulator/AppAuthCore.build/Objects-normal/arm64/e6072d4f65d7061329687fe24e3d63a7-common-args.resp -include /Users/xinyufang/Library/Developer/Xcode/DerivedData/Buzz-faillbpsmponqzeruhhvskovixzk/Build/Intermediates.noindex/AppAuth.build/Debug-iphonesimulator/AppAuthCore.build/DerivedSources/resource_bundle_accessor.h -MMD -MT dependencies -MF /Users/xinyufang/Library/Developer/Xcode/DerivedData/Buzz-faillbpsmponqzeruhhvskovixzk/Build/Intermediates.noindex/AppAuth.build/Debug-iphonesimulator/AppAuthCore.build/Objects-normal/arm64/OIDTokenResponse.d --serialize-diagnostics /Users/xinyufang/Library/Developer/Xcode/DerivedData/Buzz-faillbpsmponqzeruhhvskovixzk/Build/Intermediates.noindex/AppAuth.build/Debug-iphonesimulator/AppAuthCore.build/Objects-normal/arm64/OIDTokenResponse.dia -c /Users/xinyufang/Library/Developer/Xcode/DerivedData/Buzz-faillbpsmponqzeruhhvskovixzk/SourcePackages/checkouts/AppAuth-iOS/Sources/AppAuthCore/OIDTokenResponse.m -o /Users/xinyufang/Library/Developer/Xcode/DerivedData/Buzz-faillbpsmponqzeruhhvskovixzk/Build/Intermediates.noindex/AppAuth.build/Debug-iphonesimulator/AppAuthCore.build/Objects-normal/arm64/OIDTokenResponse.o -index-unit-output-path /AppAuth.build/Debug-iphonesimulator/AppAuthCore.build/Objects-normal/arm64/OIDTokenResponse.o

ScanDependencies /Users/xinyufang/Library/Developer/Xcode/DerivedData/Buzz-faillbpsmponqzeruhhvskovixzk/Build/Intermediates.noindex/AppAuth.build/Debug-iphonesimulator/AppAuthCore.build/Objects-normal/arm64/OIDTokenRequest.o /Users/xinyufang/Library/Developer/Xcode/DerivedData/Buzz-faillbpsmponqzeruhhvskovixzk/SourcePackages/checkouts/AppAuth-iOS/Sources/AppAuthCore/OIDTokenRequest.m normal arm64 objective-c com.apple.compilers.llvm.clang.1_0.compiler (in target 'AppAuthCore' from project 'AppAuth')
    cd /Users/xinyufang/Documents/Buzz/Buzz.xcodeproj
    
    Using response file: /Users/xinyufang/Library/Developer/Xcode/DerivedData/Buzz-faillbpsmponqzeruhhvskovixzk/Build/Intermediates.noindex/AppAuth.build/Debug-iphonesimulator/AppAuthCore.build/Objects-normal/arm64/e6072d4f65d7061329687fe24e3d63a7-common-args.resp
    
    builtin-ScanDependencies -o /Users/xinyufang/Library/Developer/Xcode/DerivedData/Buzz-faillbpsmponqzeruhhvskovixzk/Build/Intermediates.noindex/AppAuth.build/Debug-iphonesimulator/AppAuthCore.build/Objects-normal/arm64/OIDTokenRequest.o.scan -- /Applications/Xcode.app/Contents/Developer/Toolchains/XcodeDefault.xctoolchain/usr/bin/clang -x objective-c -ivfsstatcache /Users/xinyufang/Library/Developer/Xcode/DerivedData/SDKStatCaches.noindex/iphonesimulator26.0-23A339-26257891a6c027eb51374368541b8346.sdkstatcache -fmessage-length\=0 -fdiagnostics-show-note-include-stack -fmacro-backtrace-limit\=0 -fno-color-diagnostics -fmodules-prune-interval\=86400 -fmodules-prune-after\=345600 -fbuild-session-file\=/Users/xinyufang/Library/Developer/Xcode/DerivedData/ModuleCache.noindex/Session.modulevalidation -fmodules-validate-once-per-build-session -Wnon-modular-include-in-framework-module -Werror\=non-modular-include-in-framework-module -Wno-trigraphs -Wno-missing-field-initializers -Wno-missing-prototypes -Wno-return-type -Wno-implicit-atomic-properties -Wno-objc-interface-ivars -Wno-arc-repeated-use-of-weak -Wno-missing-braces -Wparentheses -Wswitch -Wno-unused-function -Wno-unused-label -Wno-unused-parameter -Wno-unused-variable -Wunused-value -Wno-empty-body -Wno-uninitialized -Wno-unknown-pragmas -w -Wno-shadow -Wno-four-char-constants -Wno-conversion -Wno-constant-conversion -Wno-int-conversion -Wno-bool-conversion -Wno-enum-conversion -Wno-float-conversion -Wno-non-literal-null-conversion -Wno-objc-literal-conversion -Wshorten-64-to-32 -Wpointer-sign -Wno-newline-eof -Wno-selector -Wno-strict-selector-match -Wno-undeclared-selector -Wno-deprecated-implementations -Wno-implicit-fallthrough -fstrict-aliasing -Wprotocol -Wdeprecated-declarations -Wno-sign-conversion -Wno-infinite-recursion -Wno-comma -Wno-block-capture-autoreleasing -Wno-strict-prototypes -Wno-semicolon-before-method-body -index-store-path /Users/xinyufang/Library/Developer/Xcode/DerivedData/Buzz-faillbpsmponqzeruhhvskovixzk/Index.noindex/DataStore @/Users/xinyufang/Library/Developer/Xcode/DerivedData/Buzz-faillbpsmponqzeruhhvskovixzk/Build/Intermediates.noindex/AppAuth.build/Debug-iphonesimulator/AppAuthCore.build/Objects-normal/arm64/e6072d4f65d7061329687fe24e3d63a7-common-args.resp -include /Users/xinyufang/Library/Developer/Xcode/DerivedData/Buzz-faillbpsmponqzeruhhvskovixzk/Build/Intermediates.noindex/AppAuth.build/Debug-iphonesimulator/AppAuthCore.build/DerivedSources/resource_bundle_accessor.h -MMD -MT dependencies -MF /Users/xinyufang/Library/Developer/Xcode/DerivedData/Buzz-faillbpsmponqzeruhhvskovixzk/Build/Intermediates.noindex/AppAuth.build/Debug-iphonesimulator/AppAuthCore.build/Objects-normal/arm64/OIDTokenRequest.d --serialize-diagnostics /Users/xinyufang/Library/Developer/Xcode/DerivedData/Buzz-faillbpsmponqzeruhhvskovixzk/Build/Intermediates.noindex/AppAuth.build/Debug-iphonesimulator/AppAuthCore.build/Objects-normal/arm64/OIDTokenRequest.dia -c /Users/xinyufang/Library/Developer/Xcode/DerivedData/Buzz-faillbpsmponqzeruhhvskovixzk/SourcePackages/checkouts/AppAuth-iOS/Sources/AppAuthCore/OIDTokenRequest.m -o /Users/xinyufang/Library/Developer/Xcode/DerivedData/Buzz-faillbpsmponqzeruhhvskovixzk/Build/Intermediates.noindex/AppAuth.build/Debug-iphonesimulator/AppAuthCore.build/Objects-normal/arm64/OIDTokenRequest.o -index-unit-output-path /AppAuth.build/Debug-iphonesimulator/AppAuthCore.build/Objects-normal/arm64/OIDTokenRequest.o

ScanDependencies /Users/xinyufang/Library/Developer/Xcode/DerivedData/Buzz-faillbpsmponqzeruhhvskovixzk/Build/Intermediates.noindex/AppAuth.build/Debug-iphonesimulator/AppAuthCore.build/Objects-normal/arm64/OIDServiceDiscovery.o /Users/xinyufang/Library/Developer/Xcode/DerivedData/Buzz-faillbpsmponqzeruhhvskovixzk/SourcePackages/checkouts/AppAuth-iOS/Sources/AppAuthCore/OIDServiceDiscovery.m normal arm64 objective-c com.apple.compilers.llvm.clang.1_0.compiler (in target 'AppAuthCore' from project 'AppAuth')
    cd /Users/xinyufang/Documents/Buzz/Buzz.xcodeproj
    
    Using response file: /Users/xinyufang/Library/Developer/Xcode/DerivedData/Buzz-faillbpsmponqzeruhhvskovixzk/Build/Intermediates.noindex/AppAuth.build/Debug-iphonesimulator/AppAuthCore.build/Objects-normal/arm64/e6072d4f65d7061329687fe24e3d63a7-common-args.resp
    
    builtin-ScanDependencies -o /Users/xinyufang/Library/Developer/Xcode/DerivedData/Buzz-faillbpsmponqzeruhhvskovixzk/Build/Intermediates.noindex/AppAuth.build/Debug-iphonesimulator/AppAuthCore.build/Objects-normal/arm64/OIDServiceDiscovery.o.scan -- /Applications/Xcode.app/Contents/Developer/Toolchains/XcodeDefault.xctoolchain/usr/bin/clang -x objective-c -ivfsstatcache /Users/xinyufang/Library/Developer/Xcode/DerivedData/SDKStatCaches.noindex/iphonesimulator26.0-23A339-26257891a6c027eb51374368541b8346.sdkstatcache -fmessage-length\=0 -fdiagnostics-show-note-include-stack -fmacro-backtrace-limit\=0 -fno-color-diagnostics -fmodules-prune-interval\=86400 -fmodules-prune-after\=345600 -fbuild-session-file\=/Users/xinyufang/Library/Developer/Xcode/DerivedData/ModuleCache.noindex/Session.modulevalidation -fmodules-validate-once-per-build-session -Wnon-modular-include-in-framework-module -Werror\=non-modular-include-in-framework-module -Wno-trigraphs -Wno-missing-field-initializers -Wno-missing-prototypes -Wno-return-type -Wno-implicit-atomic-properties -Wno-objc-interface-ivars -Wno-arc-repeated-use-of-weak -Wno-missing-braces -Wparentheses -Wswitch -Wno-unused-function -Wno-unused-label -Wno-unused-parameter -Wno-unused-variable -Wunused-value -Wno-empty-body -Wno-uninitialized -Wno-unknown-pragmas -w -Wno-shadow -Wno-four-char-constants -Wno-conversion -Wno-constant-conversion -Wno-int-conversion -Wno-bool-conversion -Wno-enum-conversion -Wno-float-conversion -Wno-non-literal-null-conversion -Wno-objc-literal-conversion -Wshorten-64-to-32 -Wpointer-sign -Wno-newline-eof -Wno-selector -Wno-strict-selector-match -Wno-undeclared-selector -Wno-deprecated-implementations -Wno-implicit-fallthrough -fstrict-aliasing -Wprotocol -Wdeprecated-declarations -Wno-sign-conversion -Wno-infinite-recursion -Wno-comma -Wno-block-capture-autoreleasing -Wno-strict-prototypes -Wno-semicolon-before-method-body -index-store-path /Users/xinyufang/Library/Developer/Xcode/DerivedData/Buzz-faillbpsmponqzeruhhvskovixzk/Index.noindex/DataStore @/Users/xinyufang/Library/Developer/Xcode/DerivedData/Buzz-faillbpsmponqzeruhhvskovixzk/Build/Intermediates.noindex/AppAuth.build/Debug-iphonesimulator/AppAuthCore.build/Objects-normal/arm64/e6072d4f65d7061329687fe24e3d63a7-common-args.resp -include /Users/xinyufang/Library/Developer/Xcode/DerivedData/Buzz-faillbpsmponqzeruhhvskovixzk/Build/Intermediates.noindex/AppAuth.build/Debug-iphonesimulator/AppAuthCore.build/DerivedSources/resource_bundle_accessor.h -MMD -MT dependencies -MF /Users/xinyufang/Library/Developer/Xcode/DerivedData/Buzz-faillbpsmponqzeruhhvskovixzk/Build/Intermediates.noindex/AppAuth.build/Debug-iphonesimulator/AppAuthCore.build/Objects-normal/arm64/OIDServiceDiscovery.d --serialize-diagnostics /Users/xinyufang/Library/Developer/Xcode/DerivedData/Buzz-faillbpsmponqzeruhhvskovixzk/Build/Intermediates.noindex/AppAuth.build/Debug-iphonesimulator/AppAuthCore.build/Objects-normal/arm64/OIDServiceDiscovery.dia -c /Users/xinyufang/Library/Developer/Xcode/DerivedData/Buzz-faillbpsmponqzeruhhvskovixzk/SourcePackages/checkouts/AppAuth-iOS/Sources/AppAuthCore/OIDServiceDiscovery.m -o /Users/xinyufang/Library/Developer/Xcode/DerivedData/Buzz-faillbpsmponqzeruhhvskovixzk/Build/Intermediates.noindex/AppAuth.build/Debug-iphonesimulator/AppAuthCore.build/Objects-normal/arm64/OIDServiceDiscovery.o -index-unit-output-path /AppAuth.build/Debug-iphonesimulator/AppAuthCore.build/Objects-normal/arm64/OIDServiceDiscovery.o

ScanDependencies /Users/xinyufang/Library/Developer/Xcode/DerivedData/Buzz-faillbpsmponqzeruhhvskovixzk/Build/Intermediates.noindex/AppAuth.build/Debug-iphonesimulator/AppAuthCore.build/Objects-normal/arm64/OIDServiceConfiguration.o /Users/xinyufang/Library/Developer/Xcode/DerivedData/Buzz-faillbpsmponqzeruhhvskovixzk/SourcePackages/checkouts/AppAuth-iOS/Sources/AppAuthCore/OIDServiceConfiguration.m normal arm64 objective-c com.apple.compilers.llvm.clang.1_0.compiler (in target 'AppAuthCore' from project 'AppAuth')
    cd /Users/xinyufang/Documents/Buzz/Buzz.xcodeproj
    
    Using response file: /Users/xinyufang/Library/Developer/Xcode/DerivedData/Buzz-faillbpsmponqzeruhhvskovixzk/Build/Intermediates.noindex/AppAuth.build/Debug-iphonesimulator/AppAuthCore.build/Objects-normal/arm64/e6072d4f65d7061329687fe24e3d63a7-common-args.resp
    
    builtin-ScanDependencies -o /Users/xinyufang/Library/Developer/Xcode/DerivedData/Buzz-faillbpsmponqzeruhhvskovixzk/Build/Intermediates.noindex/AppAuth.build/Debug-iphonesimulator/AppAuthCore.build/Objects-normal/arm64/OIDServiceConfiguration.o.scan -- /Applications/Xcode.app/Contents/Developer/Toolchains/XcodeDefault.xctoolchain/usr/bin/clang -x objective-c -ivfsstatcache /Users/xinyufang/Library/Developer/Xcode/DerivedData/SDKStatCaches.noindex/iphonesimulator26.0-23A339-26257891a6c027eb51374368541b8346.sdkstatcache -fmessage-length\=0 -fdiagnostics-show-note-include-stack -fmacro-backtrace-limit\=0 -fno-color-diagnostics -fmodules-prune-interval\=86400 -fmodules-prune-after\=345600 -fbuild-session-file\=/Users/xinyufang/Library/Developer/Xcode/DerivedData/ModuleCache.noindex/Session.modulevalidation -fmodules-validate-once-per-build-session -Wnon-modular-include-in-framework-module -Werror\=non-modular-include-in-framework-module -Wno-trigraphs -Wno-missing-field-initializers -Wno-missing-prototypes -Wno-return-type -Wno-implicit-atomic-properties -Wno-objc-interface-ivars -Wno-arc-repeated-use-of-weak -Wno-missing-braces -Wparentheses -Wswitch -Wno-unused-function -Wno-unused-label -Wno-unused-parameter -Wno-unused-variable -Wunused-value -Wno-empty-body -Wno-uninitialized -Wno-unknown-pragmas -w -Wno-shadow -Wno-four-char-constants -Wno-conversion -Wno-constant-conversion -Wno-int-conversion -Wno-bool-conversion -Wno-enum-conversion -Wno-float-conversion -Wno-non-literal-null-conversion -Wno-objc-literal-conversion -Wshorten-64-to-32 -Wpointer-sign -Wno-newline-eof -Wno-selector -Wno-strict-selector-match -Wno-undeclared-selector -Wno-deprecated-implementations -Wno-implicit-fallthrough -fstrict-aliasing -Wprotocol -Wdeprecated-declarations -Wno-sign-conversion -Wno-infinite-recursion -Wno-comma -Wno-block-capture-autoreleasing -Wno-strict-prototypes -Wno-semicolon-before-method-body -index-store-path /Users/xinyufang/Library/Developer/Xcode/DerivedData/Buzz-faillbpsmponqzeruhhvskovixzk/Index.noindex/DataStore @/Users/xinyufang/Library/Developer/Xcode/DerivedData/Buzz-faillbpsmponqzeruhhvskovixzk/Build/Intermediates.noindex/AppAuth.build/Debug-iphonesimulator/AppAuthCore.build/Objects-normal/arm64/e6072d4f65d7061329687fe24e3d63a7-common-args.resp -include /Users/xinyufang/Library/Developer/Xcode/DerivedData/Buzz-faillbpsmponqzeruhhvskovixzk/Build/Intermediates.noindex/AppAuth.build/Debug-iphonesimulator/AppAuthCore.build/DerivedSources/resource_bundle_accessor.h -MMD -MT dependencies -MF /Users/xinyufang/Library/Developer/Xcode/DerivedData/Buzz-faillbpsmponqzeruhhvskovixzk/Build/Intermediates.noindex/AppAuth.build/Debug-iphonesimulator/AppAuthCore.build/Objects-normal/arm64/OIDServiceConfiguration.d --serialize-diagnostics /Users/xinyufang/Library/Developer/Xcode/DerivedData/Buzz-faillbpsmponqzeruhhvskovixzk/Build/Intermediates.noindex/AppAuth.build/Debug-iphonesimulator/AppAuthCore.build/Objects-normal/arm64/OIDServiceConfiguration.dia -c /Users/xinyufang/Library/Developer/Xcode/DerivedData/Buzz-faillbpsmponqzeruhhvskovixzk/SourcePackages/checkouts/AppAuth-iOS/Sources/AppAuthCore/OIDServiceConfiguration.m -o /Users/xinyufang/Library/Developer/Xcode/DerivedData/Buzz-faillbpsmponqzeruhhvskovixzk/Build/Intermediates.noindex/AppAuth.build/Debug-iphonesimulator/AppAuthCore.build/Objects-normal/arm64/OIDServiceConfiguration.o -index-unit-output-path /AppAuth.build/Debug-iphonesimulator/AppAuthCore.build/Objects-normal/arm64/OIDServiceConfiguration.o

ScanDependencies /Users/xinyufang/Library/Developer/Xcode/DerivedData/Buzz-faillbpsmponqzeruhhvskovixzk/Build/Intermediates.noindex/AppAuth.build/Debug-iphonesimulator/AppAuthCore.build/Objects-normal/arm64/OIDScopes.o /Users/xinyufang/Library/Developer/Xcode/DerivedData/Buzz-faillbpsmponqzeruhhvskovixzk/SourcePackages/checkouts/AppAuth-iOS/Sources/AppAuthCore/OIDScopes.m normal arm64 objective-c com.apple.compilers.llvm.clang.1_0.compiler (in target 'AppAuthCore' from project 'AppAuth')
    cd /Users/xinyufang/Documents/Buzz/Buzz.xcodeproj
    
    Using response file: /Users/xinyufang/Library/Developer/Xcode/DerivedData/Buzz-faillbpsmponqzeruhhvskovixzk/Build/Intermediates.noindex/AppAuth.build/Debug-iphonesimulator/AppAuthCore.build/Objects-normal/arm64/e6072d4f65d7061329687fe24e3d63a7-common-args.resp
    
    builtin-ScanDependencies -o /Users/xinyufang/Library/Developer/Xcode/DerivedData/Buzz-faillbpsmponqzeruhhvskovixzk/Build/Intermediates.noindex/AppAuth.build/Debug-iphonesimulator/AppAuthCore.build/Objects-normal/arm64/OIDScopes.o.scan -- /Applications/Xcode.app/Contents/Developer/Toolchains/XcodeDefault.xctoolchain/usr/bin/clang -x objective-c -ivfsstatcache /Users/xinyufang/Library/Developer/Xcode/DerivedData/SDKStatCaches.noindex/iphonesimulator26.0-23A339-26257891a6c027eb51374368541b8346.sdkstatcache -fmessage-length\=0 -fdiagnostics-show-note-include-stack -fmacro-backtrace-limit\=0 -fno-color-diagnostics -fmodules-prune-interval\=86400 -fmodules-prune-after\=345600 -fbuild-session-file\=/Users/xinyufang/Library/Developer/Xcode/DerivedData/ModuleCache.noindex/Session.modulevalidation -fmodules-validate-once-per-build-session -Wnon-modular-include-in-framework-module -Werror\=non-modular-include-in-framework-module -Wno-trigraphs -Wno-missing-field-initializers -Wno-missing-prototypes -Wno-return-type -Wno-implicit-atomic-properties -Wno-objc-interface-ivars -Wno-arc-repeated-use-of-weak -Wno-missing-braces -Wparentheses -Wswitch -Wno-unused-function -Wno-unused-label -Wno-unused-parameter -Wno-unused-variable -Wunused-value -Wno-empty-body -Wno-uninitialized -Wno-unknown-pragmas -w -Wno-shadow -Wno-four-char-constants -Wno-conversion -Wno-constant-conversion -Wno-int-conversion -Wno-bool-conversion -Wno-enum-conversion -Wno-float-conversion -Wno-non-literal-null-conversion -Wno-objc-literal-conversion -Wshorten-64-to-32 -Wpointer-sign -Wno-newline-eof -Wno-selector -Wno-strict-selector-match -Wno-undeclared-selector -Wno-deprecated-implementations -Wno-implicit-fallthrough -fstrict-aliasing -Wprotocol -Wdeprecated-declarations -Wno-sign-conversion -Wno-infinite-recursion -Wno-comma -Wno-block-capture-autoreleasing -Wno-strict-prototypes -Wno-semicolon-before-method-body -index-store-path /Users/xinyufang/Library/Developer/Xcode/DerivedData/Buzz-faillbpsmponqzeruhhvskovixzk/Index.noindex/DataStore @/Users/xinyufang/Library/Developer/Xcode/DerivedData/Buzz-faillbpsmponqzeruhhvskovixzk/Build/Intermediates.noindex/AppAuth.build/Debug-iphonesimulator/AppAuthCore.build/Objects-normal/arm64/e6072d4f65d7061329687fe24e3d63a7-common-args.resp -include /Users/xinyufang/Library/Developer/Xcode/DerivedData/Buzz-faillbpsmponqzeruhhvskovixzk/Build/Intermediates.noindex/AppAuth.build/Debug-iphonesimulator/AppAuthCore.build/DerivedSources/resource_bundle_accessor.h -MMD -MT dependencies -MF /Users/xinyufang/Library/Developer/Xcode/DerivedData/Buzz-faillbpsmponqzeruhhvskovixzk/Build/Intermediates.noindex/AppAuth.build/Debug-iphonesimulator/AppAuthCore.build/Objects-normal/arm64/OIDScopes.d --serialize-diagnostics /Users/xinyufang/Library/Developer/Xcode/DerivedData/Buzz-faillbpsmponqzeruhhvskovixzk/Build/Intermediates.noindex/AppAuth.build/Debug-iphonesimulator/AppAuthCore.build/Objects-normal/arm64/OIDScopes.dia -c /Users/xinyufang/Library/Developer/Xcode/DerivedData/Buzz-faillbpsmponqzeruhhvskovixzk/SourcePackages/checkouts/AppAuth-iOS/Sources/AppAuthCore/OIDScopes.m -o /Users/xinyufang/Library/Developer/Xcode/DerivedData/Buzz-faillbpsmponqzeruhhvskovixzk/Build/Intermediates.noindex/AppAuth.build/Debug-iphonesimulator/AppAuthCore.build/Objects-normal/arm64/OIDScopes.o -index-unit-output-path /AppAuth.build/Debug-iphonesimulator/AppAuthCore.build/Objects-normal/arm64/OIDScopes.o

ScanDependencies /Users/xinyufang/Library/Developer/Xcode/DerivedData/Buzz-faillbpsmponqzeruhhvskovixzk/Build/Intermediates.noindex/AppAuth.build/Debug-iphonesimulator/AppAuthCore.build/Objects-normal/arm64/OIDScopeUtilities.o /Users/xinyufang/Library/Developer/Xcode/DerivedData/Buzz-faillbpsmponqzeruhhvskovixzk/SourcePackages/checkouts/AppAuth-iOS/Sources/AppAuthCore/OIDScopeUtilities.m normal arm64 objective-c com.apple.compilers.llvm.clang.1_0.compiler (in target 'AppAuthCore' from project 'AppAuth')
    cd /Users/xinyufang/Documents/Buzz/Buzz.xcodeproj
    
    Using response file: /Users/xinyufang/Library/Developer/Xcode/DerivedData/Buzz-faillbpsmponqzeruhhvskovixzk/Build/Intermediates.noindex/AppAuth.build/Debug-iphonesimulator/AppAuthCore.build/Objects-normal/arm64/e6072d4f65d7061329687fe24e3d63a7-common-args.resp
    
    builtin-ScanDependencies -o /Users/xinyufang/Library/Developer/Xcode/DerivedData/Buzz-faillbpsmponqzeruhhvskovixzk/Build/Intermediates.noindex/AppAuth.build/Debug-iphonesimulator/AppAuthCore.build/Objects-normal/arm64/OIDScopeUtilities.o.scan -- /Applications/Xcode.app/Contents/Developer/Toolchains/XcodeDefault.xctoolchain/usr/bin/clang -x objective-c -ivfsstatcache /Users/xinyufang/Library/Developer/Xcode/DerivedData/SDKStatCaches.noindex/iphonesimulator26.0-23A339-26257891a6c027eb51374368541b8346.sdkstatcache -fmessage-length\=0 -fdiagnostics-show-note-include-stack -fmacro-backtrace-limit\=0 -fno-color-diagnostics -fmodules-prune-interval\=86400 -fmodules-prune-after\=345600 -fbuild-session-file\=/Users/xinyufang/Library/Developer/Xcode/DerivedData/ModuleCache.noindex/Session.modulevalidation -fmodules-validate-once-per-build-session -Wnon-modular-include-in-framework-module -Werror\=non-modular-include-in-framework-module -Wno-trigraphs -Wno-missing-field-initializers -Wno-missing-prototypes -Wno-return-type -Wno-implicit-atomic-properties -Wno-objc-interface-ivars -Wno-arc-repeated-use-of-weak -Wno-missing-braces -Wparentheses -Wswitch -Wno-unused-function -Wno-unused-label -Wno-unused-parameter -Wno-unused-variable -Wunused-value -Wno-empty-body -Wno-uninitialized -Wno-unknown-pragmas -w -Wno-shadow -Wno-four-char-constants -Wno-conversion -Wno-constant-conversion -Wno-int-conversion -Wno-bool-conversion -Wno-enum-conversion -Wno-float-conversion -Wno-non-literal-null-conversion -Wno-objc-literal-conversion -Wshorten-64-to-32 -Wpointer-sign -Wno-newline-eof -Wno-selector -Wno-strict-selector-match -Wno-undeclared-selector -Wno-deprecated-implementations -Wno-implicit-fallthrough -fstrict-aliasing -Wprotocol -Wdeprecated-declarations -Wno-sign-conversion -Wno-infinite-recursion -Wno-comma -Wno-block-capture-autoreleasing -Wno-strict-prototypes -Wno-semicolon-before-method-body -index-store-path /Users/xinyufang/Library/Developer/Xcode/DerivedData/Buzz-faillbpsmponqzeruhhvskovixzk/Index.noindex/DataStore @/Users/xinyufang/Library/Developer/Xcode/DerivedData/Buzz-faillbpsmponqzeruhhvskovixzk/Build/Intermediates.noindex/AppAuth.build/Debug-iphonesimulator/AppAuthCore.build/Objects-normal/arm64/e6072d4f65d7061329687fe24e3d63a7-common-args.resp -include /Users/xinyufang/Library/Developer/Xcode/DerivedData/Buzz-faillbpsmponqzeruhhvskovixzk/Build/Intermediates.noindex/AppAuth.build/Debug-iphonesimulator/AppAuthCore.build/DerivedSources/resource_bundle_accessor.h -MMD -MT dependencies -MF /Users/xinyufang/Library/Developer/Xcode/DerivedData/Buzz-faillbpsmponqzeruhhvskovixzk/Build/Intermediates.noindex/AppAuth.build/Debug-iphonesimulator/AppAuthCore.build/Objects-normal/arm64/OIDScopeUtilities.d --serialize-diagnostics /Users/xinyufang/Library/Developer/Xcode/DerivedData/Buzz-faillbpsmponqzeruhhvskovixzk/Build/Intermediates.noindex/AppAuth.build/Debug-iphonesimulator/AppAuthCore.build/Objects-normal/arm64/OIDScopeUtilities.dia -c /Users/xinyufang/Library/Developer/Xcode/DerivedData/Buzz-faillbpsmponqzeruhhvskovixzk/SourcePackages/checkouts/AppAuth-iOS/Sources/AppAuthCore/OIDScopeUtilities.m -o /Users/xinyufang/Library/Developer/Xcode/DerivedData/Buzz-faillbpsmponqzeruhhvskovixzk/Build/Intermediates.noindex/AppAuth.build/Debug-iphonesimulator/AppAuthCore.build/Objects-normal/arm64/OIDScopeUtilities.o -index-unit-output-path /AppAuth.build/Debug-iphonesimulator/AppAuthCore.build/Objects-normal/arm64/OIDScopeUtilities.o

ScanDependencies /Users/xinyufang/Library/Developer/Xcode/DerivedData/Buzz-faillbpsmponqzeruhhvskovixzk/Build/Intermediates.noindex/AppAuth.build/Debug-iphonesimulator/AppAuthCore.build/Objects-normal/arm64/OIDResponseTypes.o /Users/xinyufang/Library/Developer/Xcode/DerivedData/Buzz-faillbpsmponqzeruhhvskovixzk/SourcePackages/checkouts/AppAuth-iOS/Sources/AppAuthCore/OIDResponseTypes.m normal arm64 objective-c com.apple.compilers.llvm.clang.1_0.compiler (in target 'AppAuthCore' from project 'AppAuth')
    cd /Users/xinyufang/Documents/Buzz/Buzz.xcodeproj
    
    Using response file: /Users/xinyufang/Library/Developer/Xcode/DerivedData/Buzz-faillbpsmponqzeruhhvskovixzk/Build/Intermediates.noindex/AppAuth.build/Debug-iphonesimulator/AppAuthCore.build/Objects-normal/arm64/e6072d4f65d7061329687fe24e3d63a7-common-args.resp
    
    builtin-ScanDependencies -o /Users/xinyufang/Library/Developer/Xcode/DerivedData/Buzz-faillbpsmponqzeruhhvskovixzk/Build/Intermediates.noindex/AppAuth.build/Debug-iphonesimulator/AppAuthCore.build/Objects-normal/arm64/OIDResponseTypes.o.scan -- /Applications/Xcode.app/Contents/Developer/Toolchains/XcodeDefault.xctoolchain/usr/bin/clang -x objective-c -ivfsstatcache /Users/xinyufang/Library/Developer/Xcode/DerivedData/SDKStatCaches.noindex/iphonesimulator26.0-23A339-26257891a6c027eb51374368541b8346.sdkstatcache -fmessage-length\=0 -fdiagnostics-show-note-include-stack -fmacro-backtrace-limit\=0 -fno-color-diagnostics -fmodules-prune-interval\=86400 -fmodules-prune-after\=345600 -fbuild-session-file\=/Users/xinyufang/Library/Developer/Xcode/DerivedData/ModuleCache.noindex/Session.modulevalidation -fmodules-validate-once-per-build-session -Wnon-modular-include-in-framework-module -Werror\=non-modular-include-in-framework-module -Wno-trigraphs -Wno-missing-field-initializers -Wno-missing-prototypes -Wno-return-type -Wno-implicit-atomic-properties -Wno-objc-interface-ivars -Wno-arc-repeated-use-of-weak -Wno-missing-braces -Wparentheses -Wswitch -Wno-unused-function -Wno-unused-label -Wno-unused-parameter -Wno-unused-variable -Wunused-value -Wno-empty-body -Wno-uninitialized -Wno-unknown-pragmas -w -Wno-shadow -Wno-four-char-constants -Wno-conversion -Wno-constant-conversion -Wno-int-conversion -Wno-bool-conversion -Wno-enum-conversion -Wno-float-conversion -Wno-non-literal-null-conversion -Wno-objc-literal-conversion -Wshorten-64-to-32 -Wpointer-sign -Wno-newline-eof -Wno-selector -Wno-strict-selector-match -Wno-undeclared-selector -Wno-deprecated-implementations -Wno-implicit-fallthrough -fstrict-aliasing -Wprotocol -Wdeprecated-declarations -Wno-sign-conversion -Wno-infinite-recursion -Wno-comma -Wno-block-capture-autoreleasing -Wno-strict-prototypes -Wno-semicolon-before-method-body -index-store-path /Users/xinyufang/Library/Developer/Xcode/DerivedData/Buzz-faillbpsmponqzeruhhvskovixzk/Index.noindex/DataStore @/Users/xinyufang/Library/Developer/Xcode/DerivedData/Buzz-faillbpsmponqzeruhhvskovixzk/Build/Intermediates.noindex/AppAuth.build/Debug-iphonesimulator/AppAuthCore.build/Objects-normal/arm64/e6072d4f65d7061329687fe24e3d63a7-common-args.resp -include /Users/xinyufang/Library/Developer/Xcode/DerivedData/Buzz-faillbpsmponqzeruhhvskovixzk/Build/Intermediates.noindex/AppAuth.build/Debug-iphonesimulator/AppAuthCore.build/DerivedSources/resource_bundle_accessor.h -MMD -MT dependencies -MF /Users/xinyufang/Library/Developer/Xcode/DerivedData/Buzz-faillbpsmponqzeruhhvskovixzk/Build/Intermediates.noindex/AppAuth.build/Debug-iphonesimulator/AppAuthCore.build/Objects-normal/arm64/OIDResponseTypes.d --serialize-diagnostics /Users/xinyufang/Library/Developer/Xcode/DerivedData/Buzz-faillbpsmponqzeruhhvskovixzk/Build/Intermediates.noindex/AppAuth.build/Debug-iphonesimulator/AppAuthCore.build/Objects-normal/arm64/OIDResponseTypes.dia -c /Users/xinyufang/Library/Developer/Xcode/DerivedData/Buzz-faillbpsmponqzeruhhvskovixzk/SourcePackages/checkouts/AppAuth-iOS/Sources/AppAuthCore/OIDResponseTypes.m -o /Users/xinyufang/Library/Developer/Xcode/DerivedData/Buzz-faillbpsmponqzeruhhvskovixzk/Build/Intermediates.noindex/AppAuth.build/Debug-iphonesimulator/AppAuthCore.build/Objects-normal/arm64/OIDResponseTypes.o -index-unit-output-path /AppAuth.build/Debug-iphonesimulator/AppAuthCore.build/Objects-normal/arm64/OIDResponseTypes.o

ScanDependencies /Users/xinyufang/Library/Developer/Xcode/DerivedData/Buzz-faillbpsmponqzeruhhvskovixzk/Build/Intermediates.noindex/AppAuth.build/Debug-iphonesimulator/AppAuthCore.build/Objects-normal/arm64/OIDRegistrationResponse.o /Users/xinyufang/Library/Developer/Xcode/DerivedData/Buzz-faillbpsmponqzeruhhvskovixzk/SourcePackages/checkouts/AppAuth-iOS/Sources/AppAuthCore/OIDRegistrationResponse.m normal arm64 objective-c com.apple.compilers.llvm.clang.1_0.compiler (in target 'AppAuthCore' from project 'AppAuth')
    cd /Users/xinyufang/Documents/Buzz/Buzz.xcodeproj
    
    Using response file: /Users/xinyufang/Library/Developer/Xcode/DerivedData/Buzz-faillbpsmponqzeruhhvskovixzk/Build/Intermediates.noindex/AppAuth.build/Debug-iphonesimulator/AppAuthCore.build/Objects-normal/arm64/e6072d4f65d7061329687fe24e3d63a7-common-args.resp
    
    builtin-ScanDependencies -o /Users/xinyufang/Library/Developer/Xcode/DerivedData/Buzz-faillbpsmponqzeruhhvskovixzk/Build/Intermediates.noindex/AppAuth.build/Debug-iphonesimulator/AppAuthCore.build/Objects-normal/arm64/OIDRegistrationResponse.o.scan -- /Applications/Xcode.app/Contents/Developer/Toolchains/XcodeDefault.xctoolchain/usr/bin/clang -x objective-c -ivfsstatcache /Users/xinyufang/Library/Developer/Xcode/DerivedData/SDKStatCaches.noindex/iphonesimulator26.0-23A339-26257891a6c027eb51374368541b8346.sdkstatcache -fmessage-length\=0 -fdiagnostics-show-note-include-stack -fmacro-backtrace-limit\=0 -fno-color-diagnostics -fmodules-prune-interval\=86400 -fmodules-prune-after\=345600 -fbuild-session-file\=/Users/xinyufang/Library/Developer/Xcode/DerivedData/ModuleCache.noindex/Session.modulevalidation -fmodules-validate-once-per-build-session -Wnon-modular-include-in-framework-module -Werror\=non-modular-include-in-framework-module -Wno-trigraphs -Wno-missing-field-initializers -Wno-missing-prototypes -Wno-return-type -Wno-implicit-atomic-properties -Wno-objc-interface-ivars -Wno-arc-repeated-use-of-weak -Wno-missing-braces -Wparentheses -Wswitch -Wno-unused-function -Wno-unused-label -Wno-unused-parameter -Wno-unused-variable -Wunused-value -Wno-empty-body -Wno-uninitialized -Wno-unknown-pragmas -w -Wno-shadow -Wno-four-char-constants -Wno-conversion -Wno-constant-conversion -Wno-int-conversion -Wno-bool-conversion -Wno-enum-conversion -Wno-float-conversion -Wno-non-literal-null-conversion -Wno-objc-literal-conversion -Wshorten-64-to-32 -Wpointer-sign -Wno-newline-eof -Wno-selector -Wno-strict-selector-match -Wno-undeclared-selector -Wno-deprecated-implementations -Wno-implicit-fallthrough -fstrict-aliasing -Wprotocol -Wdeprecated-declarations -Wno-sign-conversion -Wno-infinite-recursion -Wno-comma -Wno-block-capture-autoreleasing -Wno-strict-prototypes -Wno-semicolon-before-method-body -index-store-path /Users/xinyufang/Library/Developer/Xcode/DerivedData/Buzz-faillbpsmponqzeruhhvskovixzk/Index.noindex/DataStore @/Users/xinyufang/Library/Developer/Xcode/DerivedData/Buzz-faillbpsmponqzeruhhvskovixzk/Build/Intermediates.noindex/AppAuth.build/Debug-iphonesimulator/AppAuthCore.build/Objects-normal/arm64/e6072d4f65d7061329687fe24e3d63a7-common-args.resp -include /Users/xinyufang/Library/Developer/Xcode/DerivedData/Buzz-faillbpsmponqzeruhhvskovixzk/Build/Intermediates.noindex/AppAuth.build/Debug-iphonesimulator/AppAuthCore.build/DerivedSources/resource_bundle_accessor.h -MMD -MT dependencies -MF /Users/xinyufang/Library/Developer/Xcode/DerivedData/Buzz-faillbpsmponqzeruhhvskovixzk/Build/Intermediates.noindex/AppAuth.build/Debug-iphonesimulator/AppAuthCore.build/Objects-normal/arm64/OIDRegistrationResponse.d --serialize-diagnostics /Users/xinyufang/Library/Developer/Xcode/DerivedData/Buzz-faillbpsmponqzeruhhvskovixzk/Build/Intermediates.noindex/AppAuth.build/Debug-iphonesimulator/AppAuthCore.build/Objects-normal/arm64/OIDRegistrationResponse.dia -c /Users/xinyufang/Library/Developer/Xcode/DerivedData/Buzz-faillbpsmponqzeruhhvskovixzk/SourcePackages/checkouts/AppAuth-iOS/Sources/AppAuthCore/OIDRegistrationResponse.m -o /Users/xinyufang/Library/Developer/Xcode/DerivedData/Buzz-faillbpsmponqzeruhhvskovixzk/Build/Intermediates.noindex/AppAuth.build/Debug-iphonesimulator/AppAuthCore.build/Objects-normal/arm64/OIDRegistrationResponse.o -index-unit-output-path /AppAuth.build/Debug-iphonesimulator/AppAuthCore.build/Objects-normal/arm64/OIDRegistrationResponse.o

ScanDependencies /Users/xinyufang/Library/Developer/Xcode/DerivedData/Buzz-faillbpsmponqzeruhhvskovixzk/Build/Intermediates.noindex/AppAuth.build/Debug-iphonesimulator/AppAuthCore.build/Objects-normal/arm64/OIDRegistrationRequest.o /Users/xinyufang/Library/Developer/Xcode/DerivedData/Buzz-faillbpsmponqzeruhhvskovixzk/SourcePackages/checkouts/AppAuth-iOS/Sources/AppAuthCore/OIDRegistrationRequest.m normal arm64 objective-c com.apple.compilers.llvm.clang.1_0.compiler (in target 'AppAuthCore' from project 'AppAuth')
    cd /Users/xinyufang/Documents/Buzz/Buzz.xcodeproj
    
    Using response file: /Users/xinyufang/Library/Developer/Xcode/DerivedData/Buzz-faillbpsmponqzeruhhvskovixzk/Build/Intermediates.noindex/AppAuth.build/Debug-iphonesimulator/AppAuthCore.build/Objects-normal/arm64/e6072d4f65d7061329687fe24e3d63a7-common-args.resp
    
    builtin-ScanDependencies -o /Users/xinyufang/Library/Developer/Xcode/DerivedData/Buzz-faillbpsmponqzeruhhvskovixzk/Build/Intermediates.noindex/AppAuth.build/Debug-iphonesimulator/AppAuthCore.build/Objects-normal/arm64/OIDRegistrationRequest.o.scan -- /Applications/Xcode.app/Contents/Developer/Toolchains/XcodeDefault.xctoolchain/usr/bin/clang -x objective-c -ivfsstatcache /Users/xinyufang/Library/Developer/Xcode/DerivedData/SDKStatCaches.noindex/iphonesimulator26.0-23A339-26257891a6c027eb51374368541b8346.sdkstatcache -fmessage-length\=0 -fdiagnostics-show-note-include-stack -fmacro-backtrace-limit\=0 -fno-color-diagnostics -fmodules-prune-interval\=86400 -fmodules-prune-after\=345600 -fbuild-session-file\=/Users/xinyufang/Library/Developer/Xcode/DerivedData/ModuleCache.noindex/Session.modulevalidation -fmodules-validate-once-per-build-session -Wnon-modular-include-in-framework-module -Werror\=non-modular-include-in-framework-module -Wno-trigraphs -Wno-missing-field-initializers -Wno-missing-prototypes -Wno-return-type -Wno-implicit-atomic-properties -Wno-objc-interface-ivars -Wno-arc-repeated-use-of-weak -Wno-missing-braces -Wparentheses -Wswitch -Wno-unused-function -Wno-unused-label -Wno-unused-parameter -Wno-unused-variable -Wunused-value -Wno-empty-body -Wno-uninitialized -Wno-unknown-pragmas -w -Wno-shadow -Wno-four-char-constants -Wno-conversion -Wno-constant-conversion -Wno-int-conversion -Wno-bool-conversion -Wno-enum-conversion -Wno-float-conversion -Wno-non-literal-null-conversion -Wno-objc-literal-conversion -Wshorten-64-to-32 -Wpointer-sign -Wno-newline-eof -Wno-selector -Wno-strict-selector-match -Wno-undeclared-selector -Wno-deprecated-implementations -Wno-implicit-fallthrough -fstrict-aliasing -Wprotocol -Wdeprecated-declarations -Wno-sign-conversion -Wno-infinite-recursion -Wno-comma -Wno-block-capture-autoreleasing -Wno-strict-prototypes -Wno-semicolon-before-method-body -index-store-path /Users/xinyufang/Library/Developer/Xcode/DerivedData/Buzz-faillbpsmponqzeruhhvskovixzk/Index.noindex/DataStore @/Users/xinyufang/Library/Developer/Xcode/DerivedData/Buzz-faillbpsmponqzeruhhvskovixzk/Build/Intermediates.noindex/AppAuth.build/Debug-iphonesimulator/AppAuthCore.build/Objects-normal/arm64/e6072d4f65d7061329687fe24e3d63a7-common-args.resp -include /Users/xinyufang/Library/Developer/Xcode/DerivedData/Buzz-faillbpsmponqzeruhhvskovixzk/Build/Intermediates.noindex/AppAuth.build/Debug-iphonesimulator/AppAuthCore.build/DerivedSources/resource_bundle_accessor.h -MMD -MT dependencies -MF /Users/xinyufang/Library/Developer/Xcode/DerivedData/Buzz-faillbpsmponqzeruhhvskovixzk/Build/Intermediates.noindex/AppAuth.build/Debug-iphonesimulator/AppAuthCore.build/Objects-normal/arm64/OIDRegistrationRequest.d --serialize-diagnostics /Users/xinyufang/Library/Developer/Xcode/DerivedData/Buzz-faillbpsmponqzeruhhvskovixzk/Build/Intermediates.noindex/AppAuth.build/Debug-iphonesimulator/AppAuthCore.build/Objects-normal/arm64/OIDRegistrationRequest.dia -c /Users/xinyufang/Library/Developer/Xcode/DerivedData/Buzz-faillbpsmponqzeruhhvskovixzk/SourcePackages/checkouts/AppAuth-iOS/Sources/AppAuthCore/OIDRegistrationRequest.m -o /Users/xinyufang/Library/Developer/Xcode/DerivedData/Buzz-faillbpsmponqzeruhhvskovixzk/Build/Intermediates.noindex/AppAuth.build/Debug-iphonesimulator/AppAuthCore.build/Objects-normal/arm64/OIDRegistrationRequest.o -index-unit-output-path /AppAuth.build/Debug-iphonesimulator/AppAuthCore.build/Objects-normal/arm64/OIDRegistrationRequest.o

ScanDependencies /Users/xinyufang/Library/Developer/Xcode/DerivedData/Buzz-faillbpsmponqzeruhhvskovixzk/Build/Intermediates.noindex/AppAuth.build/Debug-iphonesimulator/AppAuthCore.build/Objects-normal/arm64/OIDIDToken.o /Users/xinyufang/Library/Developer/Xcode/DerivedData/Buzz-faillbpsmponqzeruhhvskovixzk/SourcePackages/checkouts/AppAuth-iOS/Sources/AppAuthCore/OIDIDToken.m normal arm64 objective-c com.apple.compilers.llvm.clang.1_0.compiler (in target 'AppAuthCore' from project 'AppAuth')
    cd /Users/xinyufang/Documents/Buzz/Buzz.xcodeproj
    
    Using response file: /Users/xinyufang/Library/Developer/Xcode/DerivedData/Buzz-faillbpsmponqzeruhhvskovixzk/Build/Intermediates.noindex/AppAuth.build/Debug-iphonesimulator/AppAuthCore.build/Objects-normal/arm64/e6072d4f65d7061329687fe24e3d63a7-common-args.resp
    
    builtin-ScanDependencies -o /Users/xinyufang/Library/Developer/Xcode/DerivedData/Buzz-faillbpsmponqzeruhhvskovixzk/Build/Intermediates.noindex/AppAuth.build/Debug-iphonesimulator/AppAuthCore.build/Objects-normal/arm64/OIDIDToken.o.scan -- /Applications/Xcode.app/Contents/Developer/Toolchains/XcodeDefault.xctoolchain/usr/bin/clang -x objective-c -ivfsstatcache /Users/xinyufang/Library/Developer/Xcode/DerivedData/SDKStatCaches.noindex/iphonesimulator26.0-23A339-26257891a6c027eb51374368541b8346.sdkstatcache -fmessage-length\=0 -fdiagnostics-show-note-include-stack -fmacro-backtrace-limit\=0 -fno-color-diagnostics -fmodules-prune-interval\=86400 -fmodules-prune-after\=345600 -fbuild-session-file\=/Users/xinyufang/Library/Developer/Xcode/DerivedData/ModuleCache.noindex/Session.modulevalidation -fmodules-validate-once-per-build-session -Wnon-modular-include-in-framework-module -Werror\=non-modular-include-in-framework-module -Wno-trigraphs -Wno-missing-field-initializers -Wno-missing-prototypes -Wno-return-type -Wno-implicit-atomic-properties -Wno-objc-interface-ivars -Wno-arc-repeated-use-of-weak -Wno-missing-braces -Wparentheses -Wswitch -Wno-unused-function -Wno-unused-label -Wno-unused-parameter -Wno-unused-variable -Wunused-value -Wno-empty-body -Wno-uninitialized -Wno-unknown-pragmas -w -Wno-shadow -Wno-four-char-constants -Wno-conversion -Wno-constant-conversion -Wno-int-conversion -Wno-bool-conversion -Wno-enum-conversion -Wno-float-conversion -Wno-non-literal-null-conversion -Wno-objc-literal-conversion -Wshorten-64-to-32 -Wpointer-sign -Wno-newline-eof -Wno-selector -Wno-strict-selector-match -Wno-undeclared-selector -Wno-deprecated-implementations -Wno-implicit-fallthrough -fstrict-aliasing -Wprotocol -Wdeprecated-declarations -Wno-sign-conversion -Wno-infinite-recursion -Wno-comma -Wno-block-capture-autoreleasing -Wno-strict-prototypes -Wno-semicolon-before-method-body -index-store-path /Users/xinyufang/Library/Developer/Xcode/DerivedData/Buzz-faillbpsmponqzeruhhvskovixzk/Index.noindex/DataStore @/Users/xinyufang/Library/Developer/Xcode/DerivedData/Buzz-faillbpsmponqzeruhhvskovixzk/Build/Intermediates.noindex/AppAuth.build/Debug-iphonesimulator/AppAuthCore.build/Objects-normal/arm64/e6072d4f65d7061329687fe24e3d63a7-common-args.resp -include /Users/xinyufang/Library/Developer/Xcode/DerivedData/Buzz-faillbpsmponqzeruhhvskovixzk/Build/Intermediates.noindex/AppAuth.build/Debug-iphonesimulator/AppAuthCore.build/DerivedSources/resource_bundle_accessor.h -MMD -MT dependencies -MF /Users/xinyufang/Library/Developer/Xcode/DerivedData/Buzz-faillbpsmponqzeruhhvskovixzk/Build/Intermediates.noindex/AppAuth.build/Debug-iphonesimulator/AppAuthCore.build/Objects-normal/arm64/OIDIDToken.d --serialize-diagnostics /Users/xinyufang/Library/Developer/Xcode/DerivedData/Buzz-faillbpsmponqzeruhhvskovixzk/Build/Intermediates.noindex/AppAuth.build/Debug-iphonesimulator/AppAuthCore.build/Objects-normal/arm64/OIDIDToken.dia -c /Users/xinyufang/Library/Developer/Xcode/DerivedData/Buzz-faillbpsmponqzeruhhvskovixzk/SourcePackages/checkouts/AppAuth-iOS/Sources/AppAuthCore/OIDIDToken.m -o /Users/xinyufang/Library/Developer/Xcode/DerivedData/Buzz-faillbpsmponqzeruhhvskovixzk/Build/Intermediates.noindex/AppAuth.build/Debug-iphonesimulator/AppAuthCore.build/Objects-normal/arm64/OIDIDToken.o -index-unit-output-path /AppAuth.build/Debug-iphonesimulator/AppAuthCore.build/Objects-normal/arm64/OIDIDToken.o

ScanDependencies /Users/xinyufang/Library/Developer/Xcode/DerivedData/Buzz-faillbpsmponqzeruhhvskovixzk/Build/Intermediates.noindex/AppAuth.build/Debug-iphonesimulator/AppAuthCore.build/Objects-normal/arm64/OIDGrantTypes.o /Users/xinyufang/Library/Developer/Xcode/DerivedData/Buzz-faillbpsmponqzeruhhvskovixzk/SourcePackages/checkouts/AppAuth-iOS/Sources/AppAuthCore/OIDGrantTypes.m normal arm64 objective-c com.apple.compilers.llvm.clang.1_0.compiler (in target 'AppAuthCore' from project 'AppAuth')
    cd /Users/xinyufang/Documents/Buzz/Buzz.xcodeproj
    
    Using response file: /Users/xinyufang/Library/Developer/Xcode/DerivedData/Buzz-faillbpsmponqzeruhhvskovixzk/Build/Intermediates.noindex/AppAuth.build/Debug-iphonesimulator/AppAuthCore.build/Objects-normal/arm64/e6072d4f65d7061329687fe24e3d63a7-common-args.resp
    
    builtin-ScanDependencies -o /Users/xinyufang/Library/Developer/Xcode/DerivedData/Buzz-faillbpsmponqzeruhhvskovixzk/Build/Intermediates.noindex/AppAuth.build/Debug-iphonesimulator/AppAuthCore.build/Objects-normal/arm64/OIDGrantTypes.o.scan -- /Applications/Xcode.app/Contents/Developer/Toolchains/XcodeDefault.xctoolchain/usr/bin/clang -x objective-c -ivfsstatcache /Users/xinyufang/Library/Developer/Xcode/DerivedData/SDKStatCaches.noindex/iphonesimulator26.0-23A339-26257891a6c027eb51374368541b8346.sdkstatcache -fmessage-length\=0 -fdiagnostics-show-note-include-stack -fmacro-backtrace-limit\=0 -fno-color-diagnostics -fmodules-prune-interval\=86400 -fmodules-prune-after\=345600 -fbuild-session-file\=/Users/xinyufang/Library/Developer/Xcode/DerivedData/ModuleCache.noindex/Session.modulevalidation -fmodules-validate-once-per-build-session -Wnon-modular-include-in-framework-module -Werror\=non-modular-include-in-framework-module -Wno-trigraphs -Wno-missing-field-initializers -Wno-missing-prototypes -Wno-return-type -Wno-implicit-atomic-properties -Wno-objc-interface-ivars -Wno-arc-repeated-use-of-weak -Wno-missing-braces -Wparentheses -Wswitch -Wno-unused-function -Wno-unused-label -Wno-unused-parameter -Wno-unused-variable -Wunused-value -Wno-empty-body -Wno-uninitialized -Wno-unknown-pragmas -w -Wno-shadow -Wno-four-char-constants -Wno-conversion -Wno-constant-conversion -Wno-int-conversion -Wno-bool-conversion -Wno-enum-conversion -Wno-float-conversion -Wno-non-literal-null-conversion -Wno-objc-literal-conversion -Wshorten-64-to-32 -Wpointer-sign -Wno-newline-eof -Wno-selector -Wno-strict-selector-match -Wno-undeclared-selector -Wno-deprecated-implementations -Wno-implicit-fallthrough -fstrict-aliasing -Wprotocol -Wdeprecated-declarations -Wno-sign-conversion -Wno-infinite-recursion -Wno-comma -Wno-block-capture-autoreleasing -Wno-strict-prototypes -Wno-semicolon-before-method-body -index-store-path /Users/xinyufang/Library/Developer/Xcode/DerivedData/Buzz-faillbpsmponqzeruhhvskovixzk/Index.noindex/DataStore @/Users/xinyufang/Library/Developer/Xcode/DerivedData/Buzz-faillbpsmponqzeruhhvskovixzk/Build/Intermediates.noindex/AppAuth.build/Debug-iphonesimulator/AppAuthCore.build/Objects-normal/arm64/e6072d4f65d7061329687fe24e3d63a7-common-args.resp -include /Users/xinyufang/Library/Developer/Xcode/DerivedData/Buzz-faillbpsmponqzeruhhvskovixzk/Build/Intermediates.noindex/AppAuth.build/Debug-iphonesimulator/AppAuthCore.build/DerivedSources/resource_bundle_accessor.h -MMD -MT dependencies -MF /Users/xinyufang/Library/Developer/Xcode/DerivedData/Buzz-faillbpsmponqzeruhhvskovixzk/Build/Intermediates.noindex/AppAuth.build/Debug-iphonesimulator/AppAuthCore.build/Objects-normal/arm64/OIDGrantTypes.d --serialize-diagnostics /Users/xinyufang/Library/Developer/Xcode/DerivedData/Buzz-faillbpsmponqzeruhhvskovixzk/Build/Intermediates.noindex/AppAuth.build/Debug-iphonesimulator/AppAuthCore.build/Objects-normal/arm64/OIDGrantTypes.dia -c /Users/xinyufang/Library/Developer/Xcode/DerivedData/Buzz-faillbpsmponqzeruhhvskovixzk/SourcePackages/checkouts/AppAuth-iOS/Sources/AppAuthCore/OIDGrantTypes.m -o /Users/xinyufang/Library/Developer/Xcode/DerivedData/Buzz-faillbpsmponqzeruhhvskovixzk/Build/Intermediates.noindex/AppAuth.build/Debug-iphonesimulator/AppAuthCore.build/Objects-normal/arm64/OIDGrantTypes.o -index-unit-output-path /AppAuth.build/Debug-iphonesimulator/AppAuthCore.build/Objects-normal/arm64/OIDGrantTypes.o

CompileC /Users/xinyufang/Library/Developer/Xcode/DerivedData/Buzz-faillbpsmponqzeruhhvskovixzk/Build/Intermediates.noindex/GTMSessionFetcher.build/Debug-iphonesimulator/GTMSessionFetcherCore.build/Objects-normal/arm64/resource_bundle_accessor.o /Users/xinyufang/Library/Developer/Xcode/DerivedData/Buzz-faillbpsmponqzeruhhvskovixzk/Build/Intermediates.noindex/GTMSessionFetcher.build/Debug-iphonesimulator/GTMSessionFetcherCore.build/DerivedSources/resource_bundle_accessor.m normal arm64 objective-c com.apple.compilers.llvm.clang.1_0.compiler (in target 'GTMSessionFetcherCore' from project 'GTMSessionFetcher')
    cd /Users/xinyufang/Documents/Buzz/Buzz.xcodeproj
    
    Using response file: /Users/xinyufang/Library/Developer/Xcode/DerivedData/Buzz-faillbpsmponqzeruhhvskovixzk/Build/Intermediates.noindex/GTMSessionFetcher.build/Debug-iphonesimulator/GTMSessionFetcherCore.build/Objects-normal/arm64/e6072d4f65d7061329687fe24e3d63a7-common-args.resp
    
    /Applications/Xcode.app/Contents/Developer/Toolchains/XcodeDefault.xctoolchain/usr/bin/clang -x objective-c -ivfsstatcache /Users/xinyufang/Library/Developer/Xcode/DerivedData/SDKStatCaches.noindex/iphonesimulator26.0-23A339-26257891a6c027eb51374368541b8346.sdkstatcache -fmessage-length\=0 -fdiagnostics-show-note-include-stack -fmacro-backtrace-limit\=0 -fno-color-diagnostics -fmodules-prune-interval\=86400 -fmodules-prune-after\=345600 -fbuild-session-file\=/Users/xinyufang/Library/Developer/Xcode/DerivedData/ModuleCache.noindex/Session.modulevalidation -fmodules-validate-once-per-build-session -Wnon-modular-include-in-framework-module -Werror\=non-modular-include-in-framework-module -Wno-trigraphs -Wno-missing-field-initializers -Wno-missing-prototypes -Wno-return-type -Wno-implicit-atomic-properties -Wno-objc-interface-ivars -Wno-arc-repeated-use-of-weak -Wno-missing-braces -Wparentheses -Wswitch -Wno-unused-function -Wno-unused-label -Wno-unused-parameter -Wno-unused-variable -Wunused-value -Wno-empty-body -Wno-uninitialized -Wno-unknown-pragmas -w -Wno-shadow -Wno-four-char-constants -Wno-conversion -Wno-constant-conversion -Wno-int-conversion -Wno-bool-conversion -Wno-enum-conversion -Wno-float-conversion -Wno-non-literal-null-conversion -Wno-objc-literal-conversion -Wshorten-64-to-32 -Wpointer-sign -Wno-newline-eof -Wno-selector -Wno-strict-selector-match -Wno-undeclared-selector -Wno-deprecated-implementations -Wno-implicit-fallthrough -fstrict-aliasing -Wprotocol -Wdeprecated-declarations -Wno-sign-conversion -Wno-infinite-recursion -Wno-comma -Wno-block-capture-autoreleasing -Wno-strict-prototypes -Wno-semicolon-before-method-body -index-store-path /Users/xinyufang/Library/Developer/Xcode/DerivedData/Buzz-faillbpsmponqzeruhhvskovixzk/Index.noindex/DataStore @/Users/xinyufang/Library/Developer/Xcode/DerivedData/Buzz-faillbpsmponqzeruhhvskovixzk/Build/Intermediates.noindex/GTMSessionFetcher.build/Debug-iphonesimulator/GTMSessionFetcherCore.build/Objects-normal/arm64/e6072d4f65d7061329687fe24e3d63a7-common-args.resp -include /Users/xinyufang/Library/Developer/Xcode/DerivedData/Buzz-faillbpsmponqzeruhhvskovixzk/Build/Intermediates.noindex/GTMSessionFetcher.build/Debug-iphonesimulator/GTMSessionFetcherCore.build/DerivedSources/resource_bundle_accessor.h -MMD -MT dependencies -MF /Users/xinyufang/Library/Developer/Xcode/DerivedData/Buzz-faillbpsmponqzeruhhvskovixzk/Build/Intermediates.noindex/GTMSessionFetcher.build/Debug-iphonesimulator/GTMSessionFetcherCore.build/Objects-normal/arm64/resource_bundle_accessor.d --serialize-diagnostics /Users/xinyufang/Library/Developer/Xcode/DerivedData/Buzz-faillbpsmponqzeruhhvskovixzk/Build/Intermediates.noindex/GTMSessionFetcher.build/Debug-iphonesimulator/GTMSessionFetcherCore.build/Objects-normal/arm64/resource_bundle_accessor.dia -c /Users/xinyufang/Library/Developer/Xcode/DerivedData/Buzz-faillbpsmponqzeruhhvskovixzk/Build/Intermediates.noindex/GTMSessionFetcher.build/Debug-iphonesimulator/GTMSessionFetcherCore.build/DerivedSources/resource_bundle_accessor.m -o /Users/xinyufang/Library/Developer/Xcode/DerivedData/Buzz-faillbpsmponqzeruhhvskovixzk/Build/Intermediates.noindex/GTMSessionFetcher.build/Debug-iphonesimulator/GTMSessionFetcherCore.build/Objects-normal/arm64/resource_bundle_accessor.o -index-unit-output-path /GTMSessionFetcher.build/Debug-iphonesimulator/GTMSessionFetcherCore.build/Objects-normal/arm64/resource_bundle_accessor.o

CompileC /Users/xinyufang/Library/Developer/Xcode/DerivedData/Buzz-faillbpsmponqzeruhhvskovixzk/Build/Intermediates.noindex/Promises.build/Debug-iphonesimulator/FBLPromises.build/Objects-normal/arm64/resource_bundle_accessor.o /Users/xinyufang/Library/Developer/Xcode/DerivedData/Buzz-faillbpsmponqzeruhhvskovixzk/Build/Intermediates.noindex/Promises.build/Debug-iphonesimulator/FBLPromises.build/DerivedSources/resource_bundle_accessor.m normal arm64 objective-c com.apple.compilers.llvm.clang.1_0.compiler (in target 'FBLPromises' from project 'Promises')
    cd /Users/xinyufang/Documents/Buzz/Buzz.xcodeproj
    
    Using response file: /Users/xinyufang/Library/Developer/Xcode/DerivedData/Buzz-faillbpsmponqzeruhhvskovixzk/Build/Intermediates.noindex/Promises.build/Debug-iphonesimulator/FBLPromises.build/Objects-normal/arm64/e6072d4f65d7061329687fe24e3d63a7-common-args.resp
    
    /Applications/Xcode.app/Contents/Developer/Toolchains/XcodeDefault.xctoolchain/usr/bin/clang -x objective-c -ivfsstatcache /Users/xinyufang/Library/Developer/Xcode/DerivedData/SDKStatCaches.noindex/iphonesimulator26.0-23A339-26257891a6c027eb51374368541b8346.sdkstatcache -fmessage-length\=0 -fdiagnostics-show-note-include-stack -fmacro-backtrace-limit\=0 -fno-color-diagnostics -fmodules-prune-interval\=86400 -fmodules-prune-after\=345600 -fbuild-session-file\=/Users/xinyufang/Library/Developer/Xcode/DerivedData/ModuleCache.noindex/Session.modulevalidation -fmodules-validate-once-per-build-session -Wnon-modular-include-in-framework-module -Werror\=non-modular-include-in-framework-module -Wno-trigraphs -Wno-missing-field-initializers -Wno-missing-prototypes -Wno-return-type -Wno-implicit-atomic-properties -Wno-objc-interface-ivars -Wno-arc-repeated-use-of-weak -Wno-missing-braces -Wparentheses -Wswitch -Wno-unused-function -Wno-unused-label -Wno-unused-parameter -Wno-unused-variable -Wunused-value -Wno-empty-body -Wno-uninitialized -Wno-unknown-pragmas -w -Wno-shadow -Wno-four-char-constants -Wno-conversion -Wno-constant-conversion -Wno-int-conversion -Wno-bool-conversion -Wno-enum-conversion -Wno-float-conversion -Wno-non-literal-null-conversion -Wno-objc-literal-conversion -Wshorten-64-to-32 -Wpointer-sign -Wno-newline-eof -Wno-selector -Wno-strict-selector-match -Wno-undeclared-selector -Wno-deprecated-implementations -Wno-implicit-fallthrough -fstrict-aliasing -Wprotocol -Wdeprecated-declarations -Wno-sign-conversion -Wno-infinite-recursion -Wno-comma -Wno-block-capture-autoreleasing -Wno-strict-prototypes -Wno-semicolon-before-method-body -index-store-path /Users/xinyufang/Library/Developer/Xcode/DerivedData/Buzz-faillbpsmponqzeruhhvskovixzk/Index.noindex/DataStore @/Users/xinyufang/Library/Developer/Xcode/DerivedData/Buzz-faillbpsmponqzeruhhvskovixzk/Build/Intermediates.noindex/Promises.build/Debug-iphonesimulator/FBLPromises.build/Objects-normal/arm64/e6072d4f65d7061329687fe24e3d63a7-common-args.resp -include /Users/xinyufang/Library/Developer/Xcode/DerivedData/Buzz-faillbpsmponqzeruhhvskovixzk/Build/Intermediates.noindex/Promises.build/Debug-iphonesimulator/FBLPromises.build/DerivedSources/resource_bundle_accessor.h -MMD -MT dependencies -MF /Users/xinyufang/Library/Developer/Xcode/DerivedData/Buzz-faillbpsmponqzeruhhvskovixzk/Build/Intermediates.noindex/Promises.build/Debug-iphonesimulator/FBLPromises.build/Objects-normal/arm64/resource_bundle_accessor.d --serialize-diagnostics /Users/xinyufang/Library/Developer/Xcode/DerivedData/Buzz-faillbpsmponqzeruhhvskovixzk/Build/Intermediates.noindex/Promises.build/Debug-iphonesimulator/FBLPromises.build/Objects-normal/arm64/resource_bundle_accessor.dia -c /Users/xinyufang/Library/Developer/Xcode/DerivedData/Buzz-faillbpsmponqzeruhhvskovixzk/Build/Intermediates.noindex/Promises.build/Debug-iphonesimulator/FBLPromises.build/DerivedSources/resource_bundle_accessor.m -o /Users/xinyufang/Library/Developer/Xcode/DerivedData/Buzz-faillbpsmponqzeruhhvskovixzk/Build/Intermediates.noindex/Promises.build/Debug-iphonesimulator/FBLPromises.build/Objects-normal/arm64/resource_bundle_accessor.o -index-unit-output-path /Promises.build/Debug-iphonesimulator/FBLPromises.build/Objects-normal/arm64/resource_bundle_accessor.o

CompileC /Users/xinyufang/Library/Developer/Xcode/DerivedData/Buzz-faillbpsmponqzeruhhvskovixzk/Build/Intermediates.noindex/Promises.build/Debug-iphonesimulator/FBLPromises.build/Objects-normal/arm64/FBLPromiseError.o /Users/xinyufang/Library/Developer/Xcode/DerivedData/Buzz-faillbpsmponqzeruhhvskovixzk/SourcePackages/checkouts/promises/Sources/FBLPromises/FBLPromiseError.m normal arm64 objective-c com.apple.compilers.llvm.clang.1_0.compiler (in target 'FBLPromises' from project 'Promises')
    cd /Users/xinyufang/Documents/Buzz/Buzz.xcodeproj
    
    Using response file: /Users/xinyufang/Library/Developer/Xcode/DerivedData/Buzz-faillbpsmponqzeruhhvskovixzk/Build/Intermediates.noindex/Promises.build/Debug-iphonesimulator/FBLPromises.build/Objects-normal/arm64/e6072d4f65d7061329687fe24e3d63a7-common-args.resp
    
    /Applications/Xcode.app/Contents/Developer/Toolchains/XcodeDefault.xctoolchain/usr/bin/clang -x objective-c -ivfsstatcache /Users/xinyufang/Library/Developer/Xcode/DerivedData/SDKStatCaches.noindex/iphonesimulator26.0-23A339-26257891a6c027eb51374368541b8346.sdkstatcache -fmessage-length\=0 -fdiagnostics-show-note-include-stack -fmacro-backtrace-limit\=0 -fno-color-diagnostics -fmodules-prune-interval\=86400 -fmodules-prune-after\=345600 -fbuild-session-file\=/Users/xinyufang/Library/Developer/Xcode/DerivedData/ModuleCache.noindex/Session.modulevalidation -fmodules-validate-once-per-build-session -Wnon-modular-include-in-framework-module -Werror\=non-modular-include-in-framework-module -Wno-trigraphs -Wno-missing-field-initializers -Wno-missing-prototypes -Wno-return-type -Wno-implicit-atomic-properties -Wno-objc-interface-ivars -Wno-arc-repeated-use-of-weak -Wno-missing-braces -Wparentheses -Wswitch -Wno-unused-function -Wno-unused-label -Wno-unused-parameter -Wno-unused-variable -Wunused-value -Wno-empty-body -Wno-uninitialized -Wno-unknown-pragmas -w -Wno-shadow -Wno-four-char-constants -Wno-conversion -Wno-constant-conversion -Wno-int-conversion -Wno-bool-conversion -Wno-enum-conversion -Wno-float-conversion -Wno-non-literal-null-conversion -Wno-objc-literal-conversion -Wshorten-64-to-32 -Wpointer-sign -Wno-newline-eof -Wno-selector -Wno-strict-selector-match -Wno-undeclared-selector -Wno-deprecated-implementations -Wno-implicit-fallthrough -fstrict-aliasing -Wprotocol -Wdeprecated-declarations -Wno-sign-conversion -Wno-infinite-recursion -Wno-comma -Wno-block-capture-autoreleasing -Wno-strict-prototypes -Wno-semicolon-before-method-body -index-store-path /Users/xinyufang/Library/Developer/Xcode/DerivedData/Buzz-faillbpsmponqzeruhhvskovixzk/Index.noindex/DataStore @/Users/xinyufang/Library/Developer/Xcode/DerivedData/Buzz-faillbpsmponqzeruhhvskovixzk/Build/Intermediates.noindex/Promises.build/Debug-iphonesimulator/FBLPromises.build/Objects-normal/arm64/e6072d4f65d7061329687fe24e3d63a7-common-args.resp -include /Users/xinyufang/Library/Developer/Xcode/DerivedData/Buzz-faillbpsmponqzeruhhvskovixzk/Build/Intermediates.noindex/Promises.build/Debug-iphonesimulator/FBLPromises.build/DerivedSources/resource_bundle_accessor.h -MMD -MT dependencies -MF /Users/xinyufang/Library/Developer/Xcode/DerivedData/Buzz-faillbpsmponqzeruhhvskovixzk/Build/Intermediates.noindex/Promises.build/Debug-iphonesimulator/FBLPromises.build/Objects-normal/arm64/FBLPromiseError.d --serialize-diagnostics /Users/xinyufang/Library/Developer/Xcode/DerivedData/Buzz-faillbpsmponqzeruhhvskovixzk/Build/Intermediates.noindex/Promises.build/Debug-iphonesimulator/FBLPromises.build/Objects-normal/arm64/FBLPromiseError.dia -c /Users/xinyufang/Library/Developer/Xcode/DerivedData/Buzz-faillbpsmponqzeruhhvskovixzk/SourcePackages/checkouts/promises/Sources/FBLPromises/FBLPromiseError.m -o /Users/xinyufang/Library/Developer/Xcode/DerivedData/Buzz-faillbpsmponqzeruhhvskovixzk/Build/Intermediates.noindex/Promises.build/Debug-iphonesimulator/FBLPromises.build/Objects-normal/arm64/FBLPromiseError.o -index-unit-output-path /Promises.build/Debug-iphonesimulator/FBLPromises.build/Objects-normal/arm64/FBLPromiseError.o

CompileC /Users/xinyufang/Library/Developer/Xcode/DerivedData/Buzz-faillbpsmponqzeruhhvskovixzk/Build/Intermediates.noindex/Promises.build/Debug-iphonesimulator/FBLPromises.build/Objects-normal/arm64/FBLPromise.o /Users/xinyufang/Library/Developer/Xcode/DerivedData/Buzz-faillbpsmponqzeruhhvskovixzk/SourcePackages/checkouts/promises/Sources/FBLPromises/FBLPromise.m normal arm64 objective-c com.apple.compilers.llvm.clang.1_0.compiler (in target 'FBLPromises' from project 'Promises')
    cd /Users/xinyufang/Documents/Buzz/Buzz.xcodeproj
    
    Using response file: /Users/xinyufang/Library/Developer/Xcode/DerivedData/Buzz-faillbpsmponqzeruhhvskovixzk/Build/Intermediates.noindex/Promises.build/Debug-iphonesimulator/FBLPromises.build/Objects-normal/arm64/e6072d4f65d7061329687fe24e3d63a7-common-args.resp
    
    /Applications/Xcode.app/Contents/Developer/Toolchains/XcodeDefault.xctoolchain/usr/bin/clang -x objective-c -ivfsstatcache /Users/xinyufang/Library/Developer/Xcode/DerivedData/SDKStatCaches.noindex/iphonesimulator26.0-23A339-26257891a6c027eb51374368541b8346.sdkstatcache -fmessage-length\=0 -fdiagnostics-show-note-include-stack -fmacro-backtrace-limit\=0 -fno-color-diagnostics -fmodules-prune-interval\=86400 -fmodules-prune-after\=345600 -fbuild-session-file\=/Users/xinyufang/Library/Developer/Xcode/DerivedData/ModuleCache.noindex/Session.modulevalidation -fmodules-validate-once-per-build-session -Wnon-modular-include-in-framework-module -Werror\=non-modular-include-in-framework-module -Wno-trigraphs -Wno-missing-field-initializers -Wno-missing-prototypes -Wno-return-type -Wno-implicit-atomic-properties -Wno-objc-interface-ivars -Wno-arc-repeated-use-of-weak -Wno-missing-braces -Wparentheses -Wswitch -Wno-unused-function -Wno-unused-label -Wno-unused-parameter -Wno-unused-variable -Wunused-value -Wno-empty-body -Wno-uninitialized -Wno-unknown-pragmas -w -Wno-shadow -Wno-four-char-constants -Wno-conversion -Wno-constant-conversion -Wno-int-conversion -Wno-bool-conversion -Wno-enum-conversion -Wno-float-conversion -Wno-non-literal-null-conversion -Wno-objc-literal-conversion -Wshorten-64-to-32 -Wpointer-sign -Wno-newline-eof -Wno-selector -Wno-strict-selector-match -Wno-undeclared-selector -Wno-deprecated-implementations -Wno-implicit-fallthrough -fstrict-aliasing -Wprotocol -Wdeprecated-declarations -Wno-sign-conversion -Wno-infinite-recursion -Wno-comma -Wno-block-capture-autoreleasing -Wno-strict-prototypes -Wno-semicolon-before-method-body -index-store-path /Users/xinyufang/Library/Developer/Xcode/DerivedData/Buzz-faillbpsmponqzeruhhvskovixzk/Index.noindex/DataStore @/Users/xinyufang/Library/Developer/Xcode/DerivedData/Buzz-faillbpsmponqzeruhhvskovixzk/Build/Intermediates.noindex/Promises.build/Debug-iphonesimulator/FBLPromises.build/Objects-normal/arm64/e6072d4f65d7061329687fe24e3d63a7-common-args.resp -include /Users/xinyufang/Library/Developer/Xcode/DerivedData/Buzz-faillbpsmponqzeruhhvskovixzk/Build/Intermediates.noindex/Promises.build/Debug-iphonesimulator/FBLPromises.build/DerivedSources/resource_bundle_accessor.h -MMD -MT dependencies -MF /Users/xinyufang/Library/Developer/Xcode/DerivedData/Buzz-faillbpsmponqzeruhhvskovixzk/Build/Intermediates.noindex/Promises.build/Debug-iphonesimulator/FBLPromises.build/Objects-normal/arm64/FBLPromise.d --serialize-diagnostics /Users/xinyufang/Library/Developer/Xcode/DerivedData/Buzz-faillbpsmponqzeruhhvskovixzk/Build/Intermediates.noindex/Promises.build/Debug-iphonesimulator/FBLPromises.build/Objects-normal/arm64/FBLPromise.dia -c /Users/xinyufang/Library/Developer/Xcode/DerivedData/Buzz-faillbpsmponqzeruhhvskovixzk/SourcePackages/checkouts/promises/Sources/FBLPromises/FBLPromise.m -o /Users/xinyufang/Library/Developer/Xcode/DerivedData/Buzz-faillbpsmponqzeruhhvskovixzk/Build/Intermediates.noindex/Promises.build/Debug-iphonesimulator/FBLPromises.build/Objects-normal/arm64/FBLPromise.o -index-unit-output-path /Promises.build/Debug-iphonesimulator/FBLPromises.build/Objects-normal/arm64/FBLPromise.o

CompileC /Users/xinyufang/Library/Developer/Xcode/DerivedData/Buzz-faillbpsmponqzeruhhvskovixzk/Build/Intermediates.noindex/Promises.build/Debug-iphonesimulator/FBLPromises.build/Objects-normal/arm64/FBLPromise+Wrap.o /Users/xinyufang/Library/Developer/Xcode/DerivedData/Buzz-faillbpsmponqzeruhhvskovixzk/SourcePackages/checkouts/promises/Sources/FBLPromises/FBLPromise+Wrap.m normal arm64 objective-c com.apple.compilers.llvm.clang.1_0.compiler (in target 'FBLPromises' from project 'Promises')
    cd /Users/xinyufang/Documents/Buzz/Buzz.xcodeproj
    
    Using response file: /Users/xinyufang/Library/Developer/Xcode/DerivedData/Buzz-faillbpsmponqzeruhhvskovixzk/Build/Intermediates.noindex/Promises.build/Debug-iphonesimulator/FBLPromises.build/Objects-normal/arm64/e6072d4f65d7061329687fe24e3d63a7-common-args.resp
    
    /Applications/Xcode.app/Contents/Developer/Toolchains/XcodeDefault.xctoolchain/usr/bin/clang -x objective-c -ivfsstatcache /Users/xinyufang/Library/Developer/Xcode/DerivedData/SDKStatCaches.noindex/iphonesimulator26.0-23A339-26257891a6c027eb51374368541b8346.sdkstatcache -fmessage-length\=0 -fdiagnostics-show-note-include-stack -fmacro-backtrace-limit\=0 -fno-color-diagnostics -fmodules-prune-interval\=86400 -fmodules-prune-after\=345600 -fbuild-session-file\=/Users/xinyufang/Library/Developer/Xcode/DerivedData/ModuleCache.noindex/Session.modulevalidation -fmodules-validate-once-per-build-session -Wnon-modular-include-in-framework-module -Werror\=non-modular-include-in-framework-module -Wno-trigraphs -Wno-missing-field-initializers -Wno-missing-prototypes -Wno-return-type -Wno-implicit-atomic-properties -Wno-objc-interface-ivars -Wno-arc-repeated-use-of-weak -Wno-missing-braces -Wparentheses -Wswitch -Wno-unused-function -Wno-unused-label -Wno-unused-parameter -Wno-unused-variable -Wunused-value -Wno-empty-body -Wno-uninitialized -Wno-unknown-pragmas -w -Wno-shadow -Wno-four-char-constants -Wno-conversion -Wno-constant-conversion -Wno-int-conversion -Wno-bool-conversion -Wno-enum-conversion -Wno-float-conversion -Wno-non-literal-null-conversion -Wno-objc-literal-conversion -Wshorten-64-to-32 -Wpointer-sign -Wno-newline-eof -Wno-selector -Wno-strict-selector-match -Wno-undeclared-selector -Wno-deprecated-implementations -Wno-implicit-fallthrough -fstrict-aliasing -Wprotocol -Wdeprecated-declarations -Wno-sign-conversion -Wno-infinite-recursion -Wno-comma -Wno-block-capture-autoreleasing -Wno-strict-prototypes -Wno-semicolon-before-method-body -index-store-path /Users/xinyufang/Library/Developer/Xcode/DerivedData/Buzz-faillbpsmponqzeruhhvskovixzk/Index.noindex/DataStore @/Users/xinyufang/Library/Developer/Xcode/DerivedData/Buzz-faillbpsmponqzeruhhvskovixzk/Build/Intermediates.noindex/Promises.build/Debug-iphonesimulator/FBLPromises.build/Objects-normal/arm64/e6072d4f65d7061329687fe24e3d63a7-common-args.resp -include /Users/xinyufang/Library/Developer/Xcode/DerivedData/Buzz-faillbpsmponqzeruhhvskovixzk/Build/Intermediates.noindex/Promises.build/Debug-iphonesimulator/FBLPromises.build/DerivedSources/resource_bundle_accessor.h -MMD -MT dependencies -MF /Users/xinyufang/Library/Developer/Xcode/DerivedData/Buzz-faillbpsmponqzeruhhvskovixzk/Build/Intermediates.noindex/Promises.build/Debug-iphonesimulator/FBLPromises.build/Objects-normal/arm64/FBLPromise+Wrap.d --serialize-diagnostics /Users/xinyufang/Library/Developer/Xcode/DerivedData/Buzz-faillbpsmponqzeruhhvskovixzk/Build/Intermediates.noindex/Promises.build/Debug-iphonesimulator/FBLPromises.build/Objects-normal/arm64/FBLPromise+Wrap.dia -c /Users/xinyufang/Library/Developer/Xcode/DerivedData/Buzz-faillbpsmponqzeruhhvskovixzk/SourcePackages/checkouts/promises/Sources/FBLPromises/FBLPromise+Wrap.m -o /Users/xinyufang/Library/Developer/Xcode/DerivedData/Buzz-faillbpsmponqzeruhhvskovixzk/Build/Intermediates.noindex/Promises.build/Debug-iphonesimulator/FBLPromises.build/Objects-normal/arm64/FBLPromise+Wrap.o -index-unit-output-path /Promises.build/Debug-iphonesimulator/FBLPromises.build/Objects-normal/arm64/FBLPromise+Wrap.o

CompileC /Users/xinyufang/Library/Developer/Xcode/DerivedData/Buzz-faillbpsmponqzeruhhvskovixzk/Build/Intermediates.noindex/Promises.build/Debug-iphonesimulator/FBLPromises.build/Objects-normal/arm64/FBLPromise+Validate.o /Users/xinyufang/Library/Developer/Xcode/DerivedData/Buzz-faillbpsmponqzeruhhvskovixzk/SourcePackages/checkouts/promises/Sources/FBLPromises/FBLPromise+Validate.m normal arm64 objective-c com.apple.compilers.llvm.clang.1_0.compiler (in target 'FBLPromises' from project 'Promises')
    cd /Users/xinyufang/Documents/Buzz/Buzz.xcodeproj
    
    Using response file: /Users/xinyufang/Library/Developer/Xcode/DerivedData/Buzz-faillbpsmponqzeruhhvskovixzk/Build/Intermediates.noindex/Promises.build/Debug-iphonesimulator/FBLPromises.build/Objects-normal/arm64/e6072d4f65d7061329687fe24e3d63a7-common-args.resp
    
    /Applications/Xcode.app/Contents/Developer/Toolchains/XcodeDefault.xctoolchain/usr/bin/clang -x objective-c -ivfsstatcache /Users/xinyufang/Library/Developer/Xcode/DerivedData/SDKStatCaches.noindex/iphonesimulator26.0-23A339-26257891a6c027eb51374368541b8346.sdkstatcache -fmessage-length\=0 -fdiagnostics-show-note-include-stack -fmacro-backtrace-limit\=0 -fno-color-diagnostics -fmodules-prune-interval\=86400 -fmodules-prune-after\=345600 -fbuild-session-file\=/Users/xinyufang/Library/Developer/Xcode/DerivedData/ModuleCache.noindex/Session.modulevalidation -fmodules-validate-once-per-build-session -Wnon-modular-include-in-framework-module -Werror\=non-modular-include-in-framework-module -Wno-trigraphs -Wno-missing-field-initializers -Wno-missing-prototypes -Wno-return-type -Wno-implicit-atomic-properties -Wno-objc-interface-ivars -Wno-arc-repeated-use-of-weak -Wno-missing-braces -Wparentheses -Wswitch -Wno-unused-function -Wno-unused-label -Wno-unused-parameter -Wno-unused-variable -Wunused-value -Wno-empty-body -Wno-uninitialized -Wno-unknown-pragmas -w -Wno-shadow -Wno-four-char-constants -Wno-conversion -Wno-constant-conversion -Wno-int-conversion -Wno-bool-conversion -Wno-enum-conversion -Wno-float-conversion -Wno-non-literal-null-conversion -Wno-objc-literal-conversion -Wshorten-64-to-32 -Wpointer-sign -Wno-newline-eof -Wno-selector -Wno-strict-selector-match -Wno-undeclared-selector -Wno-deprecated-implementations -Wno-implicit-fallthrough -fstrict-aliasing -Wprotocol -Wdeprecated-declarations -Wno-sign-conversion -Wno-infinite-recursion -Wno-comma -Wno-block-capture-autoreleasing -Wno-strict-prototypes -Wno-semicolon-before-method-body -index-store-path /Users/xinyufang/Library/Developer/Xcode/DerivedData/Buzz-faillbpsmponqzeruhhvskovixzk/Index.noindex/DataStore @/Users/xinyufang/Library/Developer/Xcode/DerivedData/Buzz-faillbpsmponqzeruhhvskovixzk/Build/Intermediates.noindex/Promises.build/Debug-iphonesimulator/FBLPromises.build/Objects-normal/arm64/e6072d4f65d7061329687fe24e3d63a7-common-args.resp -include /Users/xinyufang/Library/Developer/Xcode/DerivedData/Buzz-faillbpsmponqzeruhhvskovixzk/Build/Intermediates.noindex/Promises.build/Debug-iphonesimulator/FBLPromises.build/DerivedSources/resource_bundle_accessor.h -MMD -MT dependencies -MF /Users/xinyufang/Library/Developer/Xcode/DerivedData/Buzz-faillbpsmponqzeruhhvskovixzk/Build/Intermediates.noindex/Promises.build/Debug-iphonesimulator/FBLPromises.build/Objects-normal/arm64/FBLPromise+Validate.d --serialize-diagnostics /Users/xinyufang/Library/Developer/Xcode/DerivedData/Buzz-faillbpsmponqzeruhhvskovixzk/Build/Intermediates.noindex/Promises.build/Debug-iphonesimulator/FBLPromises.build/Objects-normal/arm64/FBLPromise+Validate.dia -c /Users/xinyufang/Library/Developer/Xcode/DerivedData/Buzz-faillbpsmponqzeruhhvskovixzk/SourcePackages/checkouts/promises/Sources/FBLPromises/FBLPromise+Validate.m -o /Users/xinyufang/Library/Developer/Xcode/DerivedData/Buzz-faillbpsmponqzeruhhvskovixzk/Build/Intermediates.noindex/Promises.build/Debug-iphonesimulator/FBLPromises.build/Objects-normal/arm64/FBLPromise+Validate.o -index-unit-output-path /Promises.build/Debug-iphonesimulator/FBLPromises.build/Objects-normal/arm64/FBLPromise+Validate.o

CompileC /Users/xinyufang/Library/Developer/Xcode/DerivedData/Buzz-faillbpsmponqzeruhhvskovixzk/Build/Intermediates.noindex/Promises.build/Debug-iphonesimulator/FBLPromises.build/Objects-normal/arm64/FBLPromise+Timeout.o /Users/xinyufang/Library/Developer/Xcode/DerivedData/Buzz-faillbpsmponqzeruhhvskovixzk/SourcePackages/checkouts/promises/Sources/FBLPromises/FBLPromise+Timeout.m normal arm64 objective-c com.apple.compilers.llvm.clang.1_0.compiler (in target 'FBLPromises' from project 'Promises')
    cd /Users/xinyufang/Documents/Buzz/Buzz.xcodeproj
    
    Using response file: /Users/xinyufang/Library/Developer/Xcode/DerivedData/Buzz-faillbpsmponqzeruhhvskovixzk/Build/Intermediates.noindex/Promises.build/Debug-iphonesimulator/FBLPromises.build/Objects-normal/arm64/e6072d4f65d7061329687fe24e3d63a7-common-args.resp
    
    /Applications/Xcode.app/Contents/Developer/Toolchains/XcodeDefault.xctoolchain/usr/bin/clang -x objective-c -ivfsstatcache /Users/xinyufang/Library/Developer/Xcode/DerivedData/SDKStatCaches.noindex/iphonesimulator26.0-23A339-26257891a6c027eb51374368541b8346.sdkstatcache -fmessage-length\=0 -fdiagnostics-show-note-include-stack -fmacro-backtrace-limit\=0 -fno-color-diagnostics -fmodules-prune-interval\=86400 -fmodules-prune-after\=345600 -fbuild-session-file\=/Users/xinyufang/Library/Developer/Xcode/DerivedData/ModuleCache.noindex/Session.modulevalidation -fmodules-validate-once-per-build-session -Wnon-modular-include-in-framework-module -Werror\=non-modular-include-in-framework-module -Wno-trigraphs -Wno-missing-field-initializers -Wno-missing-prototypes -Wno-return-type -Wno-implicit-atomic-properties -Wno-objc-interface-ivars -Wno-arc-repeated-use-of-weak -Wno-missing-braces -Wparentheses -Wswitch -Wno-unused-function -Wno-unused-label -Wno-unused-parameter -Wno-unused-variable -Wunused-value -Wno-empty-body -Wno-uninitialized -Wno-unknown-pragmas -w -Wno-shadow -Wno-four-char-constants -Wno-conversion -Wno-constant-conversion -Wno-int-conversion -Wno-bool-conversion -Wno-enum-conversion -Wno-float-conversion -Wno-non-literal-null-conversion -Wno-objc-literal-conversion -Wshorten-64-to-32 -Wpointer-sign -Wno-newline-eof -Wno-selector -Wno-strict-selector-match -Wno-undeclared-selector -Wno-deprecated-implementations -Wno-implicit-fallthrough -fstrict-aliasing -Wprotocol -Wdeprecated-declarations -Wno-sign-conversion -Wno-infinite-recursion -Wno-comma -Wno-block-capture-autoreleasing -Wno-strict-prototypes -Wno-semicolon-before-method-body -index-store-path /Users/xinyufang/Library/Developer/Xcode/DerivedData/Buzz-faillbpsmponqzeruhhvskovixzk/Index.noindex/DataStore @/Users/xinyufang/Library/Developer/Xcode/DerivedData/Buzz-faillbpsmponqzeruhhvskovixzk/Build/Intermediates.noindex/Promises.build/Debug-iphonesimulator/FBLPromises.build/Objects-normal/arm64/e6072d4f65d7061329687fe24e3d63a7-common-args.resp -include /Users/xinyufang/Library/Developer/Xcode/DerivedData/Buzz-faillbpsmponqzeruhhvskovixzk/Build/Intermediates.noindex/Promises.build/Debug-iphonesimulator/FBLPromises.build/DerivedSources/resource_bundle_accessor.h -MMD -MT dependencies -MF /Users/xinyufang/Library/Developer/Xcode/DerivedData/Buzz-faillbpsmponqzeruhhvskovixzk/Build/Intermediates.noindex/Promises.build/Debug-iphonesimulator/FBLPromises.build/Objects-normal/arm64/FBLPromise+Timeout.d --serialize-diagnostics /Users/xinyufang/Library/Developer/Xcode/DerivedData/Buzz-faillbpsmponqzeruhhvskovixzk/Build/Intermediates.noindex/Promises.build/Debug-iphonesimulator/FBLPromises.build/Objects-normal/arm64/FBLPromise+Timeout.dia -c /Users/xinyufang/Library/Developer/Xcode/DerivedData/Buzz-faillbpsmponqzeruhhvskovixzk/SourcePackages/checkouts/promises/Sources/FBLPromises/FBLPromise+Timeout.m -o /Users/xinyufang/Library/Developer/Xcode/DerivedData/Buzz-faillbpsmponqzeruhhvskovixzk/Build/Intermediates.noindex/Promises.build/Debug-iphonesimulator/FBLPromises.build/Objects-normal/arm64/FBLPromise+Timeout.o -index-unit-output-path /Promises.build/Debug-iphonesimulator/FBLPromises.build/Objects-normal/arm64/FBLPromise+Timeout.o

CompileC /Users/xinyufang/Library/Developer/Xcode/DerivedData/Buzz-faillbpsmponqzeruhhvskovixzk/Build/Intermediates.noindex/Promises.build/Debug-iphonesimulator/FBLPromises.build/Objects-normal/arm64/FBLPromise+Then.o /Users/xinyufang/Library/Developer/Xcode/DerivedData/Buzz-faillbpsmponqzeruhhvskovixzk/SourcePackages/checkouts/promises/Sources/FBLPromises/FBLPromise+Then.m normal arm64 objective-c com.apple.compilers.llvm.clang.1_0.compiler (in target 'FBLPromises' from project 'Promises')
    cd /Users/xinyufang/Documents/Buzz/Buzz.xcodeproj
    
    Using response file: /Users/xinyufang/Library/Developer/Xcode/DerivedData/Buzz-faillbpsmponqzeruhhvskovixzk/Build/Intermediates.noindex/Promises.build/Debug-iphonesimulator/FBLPromises.build/Objects-normal/arm64/e6072d4f65d7061329687fe24e3d63a7-common-args.resp
    
    /Applications/Xcode.app/Contents/Developer/Toolchains/XcodeDefault.xctoolchain/usr/bin/clang -x objective-c -ivfsstatcache /Users/xinyufang/Library/Developer/Xcode/DerivedData/SDKStatCaches.noindex/iphonesimulator26.0-23A339-26257891a6c027eb51374368541b8346.sdkstatcache -fmessage-length\=0 -fdiagnostics-show-note-include-stack -fmacro-backtrace-limit\=0 -fno-color-diagnostics -fmodules-prune-interval\=86400 -fmodules-prune-after\=345600 -fbuild-session-file\=/Users/xinyufang/Library/Developer/Xcode/DerivedData/ModuleCache.noindex/Session.modulevalidation -fmodules-validate-once-per-build-session -Wnon-modular-include-in-framework-module -Werror\=non-modular-include-in-framework-module -Wno-trigraphs -Wno-missing-field-initializers -Wno-missing-prototypes -Wno-return-type -Wno-implicit-atomic-properties -Wno-objc-interface-ivars -Wno-arc-repeated-use-of-weak -Wno-missing-braces -Wparentheses -Wswitch -Wno-unused-function -Wno-unused-label -Wno-unused-parameter -Wno-unused-variable -Wunused-value -Wno-empty-body -Wno-uninitialized -Wno-unknown-pragmas -w -Wno-shadow -Wno-four-char-constants -Wno-conversion -Wno-constant-conversion -Wno-int-conversion -Wno-bool-conversion -Wno-enum-conversion -Wno-float-conversion -Wno-non-literal-null-conversion -Wno-objc-literal-conversion -Wshorten-64-to-32 -Wpointer-sign -Wno-newline-eof -Wno-selector -Wno-strict-selector-match -Wno-undeclared-selector -Wno-deprecated-implementations -Wno-implicit-fallthrough -fstrict-aliasing -Wprotocol -Wdeprecated-declarations -Wno-sign-conversion -Wno-infinite-recursion -Wno-comma -Wno-block-capture-autoreleasing -Wno-strict-prototypes -Wno-semicolon-before-method-body -index-store-path /Users/xinyufang/Library/Developer/Xcode/DerivedData/Buzz-faillbpsmponqzeruhhvskovixzk/Index.noindex/DataStore @/Users/xinyufang/Library/Developer/Xcode/DerivedData/Buzz-faillbpsmponqzeruhhvskovixzk/Build/Intermediates.noindex/Promises.build/Debug-iphonesimulator/FBLPromises.build/Objects-normal/arm64/e6072d4f65d7061329687fe24e3d63a7-common-args.resp -include /Users/xinyufang/Library/Developer/Xcode/DerivedData/Buzz-faillbpsmponqzeruhhvskovixzk/Build/Intermediates.noindex/Promises.build/Debug-iphonesimulator/FBLPromises.build/DerivedSources/resource_bundle_accessor.h -MMD -MT dependencies -MF /Users/xinyufang/Library/Developer/Xcode/DerivedData/Buzz-faillbpsmponqzeruhhvskovixzk/Build/Intermediates.noindex/Promises.build/Debug-iphonesimulator/FBLPromises.build/Objects-normal/arm64/FBLPromise+Then.d --serialize-diagnostics /Users/xinyufang/Library/Developer/Xcode/DerivedData/Buzz-faillbpsmponqzeruhhvskovixzk/Build/Intermediates.noindex/Promises.build/Debug-iphonesimulator/FBLPromises.build/Objects-normal/arm64/FBLPromise+Then.dia -c /Users/xinyufang/Library/Developer/Xcode/DerivedData/Buzz-faillbpsmponqzeruhhvskovixzk/SourcePackages/checkouts/promises/Sources/FBLPromises/FBLPromise+Then.m -o /Users/xinyufang/Library/Developer/Xcode/DerivedData/Buzz-faillbpsmponqzeruhhvskovixzk/Build/Intermediates.noindex/Promises.build/Debug-iphonesimulator/FBLPromises.build/Objects-normal/arm64/FBLPromise+Then.o -index-unit-output-path /Promises.build/Debug-iphonesimulator/FBLPromises.build/Objects-normal/arm64/FBLPromise+Then.o

CompileC /Users/xinyufang/Library/Developer/Xcode/DerivedData/Buzz-faillbpsmponqzeruhhvskovixzk/Build/Intermediates.noindex/Promises.build/Debug-iphonesimulator/FBLPromises.build/Objects-normal/arm64/FBLPromise+Testing.o /Users/xinyufang/Library/Developer/Xcode/DerivedData/Buzz-faillbpsmponqzeruhhvskovixzk/SourcePackages/checkouts/promises/Sources/FBLPromises/FBLPromise+Testing.m normal arm64 objective-c com.apple.compilers.llvm.clang.1_0.compiler (in target 'FBLPromises' from project 'Promises')
    cd /Users/xinyufang/Documents/Buzz/Buzz.xcodeproj
    
    Using response file: /Users/xinyufang/Library/Developer/Xcode/DerivedData/Buzz-faillbpsmponqzeruhhvskovixzk/Build/Intermediates.noindex/Promises.build/Debug-iphonesimulator/FBLPromises.build/Objects-normal/arm64/e6072d4f65d7061329687fe24e3d63a7-common-args.resp
    
    /Applications/Xcode.app/Contents/Developer/Toolchains/XcodeDefault.xctoolchain/usr/bin/clang -x objective-c -ivfsstatcache /Users/xinyufang/Library/Developer/Xcode/DerivedData/SDKStatCaches.noindex/iphonesimulator26.0-23A339-26257891a6c027eb51374368541b8346.sdkstatcache -fmessage-length\=0 -fdiagnostics-show-note-include-stack -fmacro-backtrace-limit\=0 -fno-color-diagnostics -fmodules-prune-interval\=86400 -fmodules-prune-after\=345600 -fbuild-session-file\=/Users/xinyufang/Library/Developer/Xcode/DerivedData/ModuleCache.noindex/Session.modulevalidation -fmodules-validate-once-per-build-session -Wnon-modular-include-in-framework-module -Werror\=non-modular-include-in-framework-module -Wno-trigraphs -Wno-missing-field-initializers -Wno-missing-prototypes -Wno-return-type -Wno-implicit-atomic-properties -Wno-objc-interface-ivars -Wno-arc-repeated-use-of-weak -Wno-missing-braces -Wparentheses -Wswitch -Wno-unused-function -Wno-unused-label -Wno-unused-parameter -Wno-unused-variable -Wunused-value -Wno-empty-body -Wno-uninitialized -Wno-unknown-pragmas -w -Wno-shadow -Wno-four-char-constants -Wno-conversion -Wno-constant-conversion -Wno-int-conversion -Wno-bool-conversion -Wno-enum-conversion -Wno-float-conversion -Wno-non-literal-null-conversion -Wno-objc-literal-conversion -Wshorten-64-to-32 -Wpointer-sign -Wno-newline-eof -Wno-selector -Wno-strict-selector-match -Wno-undeclared-selector -Wno-deprecated-implementations -Wno-implicit-fallthrough -fstrict-aliasing -Wprotocol -Wdeprecated-declarations -Wno-sign-conversion -Wno-infinite-recursion -Wno-comma -Wno-block-capture-autoreleasing -Wno-strict-prototypes -Wno-semicolon-before-method-body -index-store-path /Users/xinyufang/Library/Developer/Xcode/DerivedData/Buzz-faillbpsmponqzeruhhvskovixzk/Index.noindex/DataStore @/Users/xinyufang/Library/Developer/Xcode/DerivedData/Buzz-faillbpsmponqzeruhhvskovixzk/Build/Intermediates.noindex/Promises.build/Debug-iphonesimulator/FBLPromises.build/Objects-normal/arm64/e6072d4f65d7061329687fe24e3d63a7-common-args.resp -include /Users/xinyufang/Library/Developer/Xcode/DerivedData/Buzz-faillbpsmponqzeruhhvskovixzk/Build/Intermediates.noindex/Promises.build/Debug-iphonesimulator/FBLPromises.build/DerivedSources/resource_bundle_accessor.h -MMD -MT dependencies -MF /Users/xinyufang/Library/Developer/Xcode/DerivedData/Buzz-faillbpsmponqzeruhhvskovixzk/Build/Intermediates.noindex/Promises.build/Debug-iphonesimulator/FBLPromises.build/Objects-normal/arm64/FBLPromise+Testing.d --serialize-diagnostics /Users/xinyufang/Library/Developer/Xcode/DerivedData/Buzz-faillbpsmponqzeruhhvskovixzk/Build/Intermediates.noindex/Promises.build/Debug-iphonesimulator/FBLPromises.build/Objects-normal/arm64/FBLPromise+Testing.dia -c /Users/xinyufang/Library/Developer/Xcode/DerivedData/Buzz-faillbpsmponqzeruhhvskovixzk/SourcePackages/checkouts/promises/Sources/FBLPromises/FBLPromise+Testing.m -o /Users/xinyufang/Library/Developer/Xcode/DerivedData/Buzz-faillbpsmponqzeruhhvskovixzk/Build/Intermediates.noindex/Promises.build/Debug-iphonesimulator/FBLPromises.build/Objects-normal/arm64/FBLPromise+Testing.o -index-unit-output-path /Promises.build/Debug-iphonesimulator/FBLPromises.build/Objects-normal/arm64/FBLPromise+Testing.o

CompileC /Users/xinyufang/Library/Developer/Xcode/DerivedData/Buzz-faillbpsmponqzeruhhvskovixzk/Build/Intermediates.noindex/Promises.build/Debug-iphonesimulator/FBLPromises.build/Objects-normal/arm64/FBLPromise+Retry.o /Users/xinyufang/Library/Developer/Xcode/DerivedData/Buzz-faillbpsmponqzeruhhvskovixzk/SourcePackages/checkouts/promises/Sources/FBLPromises/FBLPromise+Retry.m normal arm64 objective-c com.apple.compilers.llvm.clang.1_0.compiler (in target 'FBLPromises' from project 'Promises')
    cd /Users/xinyufang/Documents/Buzz/Buzz.xcodeproj
    
    Using response file: /Users/xinyufang/Library/Developer/Xcode/DerivedData/Buzz-faillbpsmponqzeruhhvskovixzk/Build/Intermediates.noindex/Promises.build/Debug-iphonesimulator/FBLPromises.build/Objects-normal/arm64/e6072d4f65d7061329687fe24e3d63a7-common-args.resp
    
    /Applications/Xcode.app/Contents/Developer/Toolchains/XcodeDefault.xctoolchain/usr/bin/clang -x objective-c -ivfsstatcache /Users/xinyufang/Library/Developer/Xcode/DerivedData/SDKStatCaches.noindex/iphonesimulator26.0-23A339-26257891a6c027eb51374368541b8346.sdkstatcache -fmessage-length\=0 -fdiagnostics-show-note-include-stack -fmacro-backtrace-limit\=0 -fno-color-diagnostics -fmodules-prune-interval\=86400 -fmodules-prune-after\=345600 -fbuild-session-file\=/Users/xinyufang/Library/Developer/Xcode/DerivedData/ModuleCache.noindex/Session.modulevalidation -fmodules-validate-once-per-build-session -Wnon-modular-include-in-framework-module -Werror\=non-modular-include-in-framework-module -Wno-trigraphs -Wno-missing-field-initializers -Wno-missing-prototypes -Wno-return-type -Wno-implicit-atomic-properties -Wno-objc-interface-ivars -Wno-arc-repeated-use-of-weak -Wno-missing-braces -Wparentheses -Wswitch -Wno-unused-function -Wno-unused-label -Wno-unused-parameter -Wno-unused-variable -Wunused-value -Wno-empty-body -Wno-uninitialized -Wno-unknown-pragmas -w -Wno-shadow -Wno-four-char-constants -Wno-conversion -Wno-constant-conversion -Wno-int-conversion -Wno-bool-conversion -Wno-enum-conversion -Wno-float-conversion -Wno-non-literal-null-conversion -Wno-objc-literal-conversion -Wshorten-64-to-32 -Wpointer-sign -Wno-newline-eof -Wno-selector -Wno-strict-selector-match -Wno-undeclared-selector -Wno-deprecated-implementations -Wno-implicit-fallthrough -fstrict-aliasing -Wprotocol -Wdeprecated-declarations -Wno-sign-conversion -Wno-infinite-recursion -Wno-comma -Wno-block-capture-autoreleasing -Wno-strict-prototypes -Wno-semicolon-before-method-body -index-store-path /Users/xinyufang/Library/Developer/Xcode/DerivedData/Buzz-faillbpsmponqzeruhhvskovixzk/Index.noindex/DataStore @/Users/xinyufang/Library/Developer/Xcode/DerivedData/Buzz-faillbpsmponqzeruhhvskovixzk/Build/Intermediates.noindex/Promises.build/Debug-iphonesimulator/FBLPromises.build/Objects-normal/arm64/e6072d4f65d7061329687fe24e3d63a7-common-args.resp -include /Users/xinyufang/Library/Developer/Xcode/DerivedData/Buzz-faillbpsmponqzeruhhvskovixzk/Build/Intermediates.noindex/Promises.build/Debug-iphonesimulator/FBLPromises.build/DerivedSources/resource_bundle_accessor.h -MMD -MT dependencies -MF /Users/xinyufang/Library/Developer/Xcode/DerivedData/Buzz-faillbpsmponqzeruhhvskovixzk/Build/Intermediates.noindex/Promises.build/Debug-iphonesimulator/FBLPromises.build/Objects-normal/arm64/FBLPromise+Retry.d --serialize-diagnostics /Users/xinyufang/Library/Developer/Xcode/DerivedData/Buzz-faillbpsmponqzeruhhvskovixzk/Build/Intermediates.noindex/Promises.build/Debug-iphonesimulator/FBLPromises.build/Objects-normal/arm64/FBLPromise+Retry.dia -c /Users/xinyufang/Library/Developer/Xcode/DerivedData/Buzz-faillbpsmponqzeruhhvskovixzk/SourcePackages/checkouts/promises/Sources/FBLPromises/FBLPromise+Retry.m -o /Users/xinyufang/Library/Developer/Xcode/DerivedData/Buzz-faillbpsmponqzeruhhvskovixzk/Build/Intermediates.noindex/Promises.build/Debug-iphonesimulator/FBLPromises.build/Objects-normal/arm64/FBLPromise+Retry.o -index-unit-output-path /Promises.build/Debug-iphonesimulator/FBLPromises.build/Objects-normal/arm64/FBLPromise+Retry.o

CompileC /Users/xinyufang/Library/Developer/Xcode/DerivedData/Buzz-faillbpsmponqzeruhhvskovixzk/Build/Intermediates.noindex/Promises.build/Debug-iphonesimulator/FBLPromises.build/Objects-normal/arm64/FBLPromise+Reduce.o /Users/xinyufang/Library/Developer/Xcode/DerivedData/Buzz-faillbpsmponqzeruhhvskovixzk/SourcePackages/checkouts/promises/Sources/FBLPromises/FBLPromise+Reduce.m normal arm64 objective-c com.apple.compilers.llvm.clang.1_0.compiler (in target 'FBLPromises' from project 'Promises')
    cd /Users/xinyufang/Documents/Buzz/Buzz.xcodeproj
    
    Using response file: /Users/xinyufang/Library/Developer/Xcode/DerivedData/Buzz-faillbpsmponqzeruhhvskovixzk/Build/Intermediates.noindex/Promises.build/Debug-iphonesimulator/FBLPromises.build/Objects-normal/arm64/e6072d4f65d7061329687fe24e3d63a7-common-args.resp
    
    /Applications/Xcode.app/Contents/Developer/Toolchains/XcodeDefault.xctoolchain/usr/bin/clang -x objective-c -ivfsstatcache /Users/xinyufang/Library/Developer/Xcode/DerivedData/SDKStatCaches.noindex/iphonesimulator26.0-23A339-26257891a6c027eb51374368541b8346.sdkstatcache -fmessage-length\=0 -fdiagnostics-show-note-include-stack -fmacro-backtrace-limit\=0 -fno-color-diagnostics -fmodules-prune-interval\=86400 -fmodules-prune-after\=345600 -fbuild-session-file\=/Users/xinyufang/Library/Developer/Xcode/DerivedData/ModuleCache.noindex/Session.modulevalidation -fmodules-validate-once-per-build-session -Wnon-modular-include-in-framework-module -Werror\=non-modular-include-in-framework-module -Wno-trigraphs -Wno-missing-field-initializers -Wno-missing-prototypes -Wno-return-type -Wno-implicit-atomic-properties -Wno-objc-interface-ivars -Wno-arc-repeated-use-of-weak -Wno-missing-braces -Wparentheses -Wswitch -Wno-unused-function -Wno-unused-label -Wno-unused-parameter -Wno-unused-variable -Wunused-value -Wno-empty-body -Wno-uninitialized -Wno-unknown-pragmas -w -Wno-shadow -Wno-four-char-constants -Wno-conversion -Wno-constant-conversion -Wno-int-conversion -Wno-bool-conversion -Wno-enum-conversion -Wno-float-conversion -Wno-non-literal-null-conversion -Wno-objc-literal-conversion -Wshorten-64-to-32 -Wpointer-sign -Wno-newline-eof -Wno-selector -Wno-strict-selector-match -Wno-undeclared-selector -Wno-deprecated-implementations -Wno-implicit-fallthrough -fstrict-aliasing -Wprotocol -Wdeprecated-declarations -Wno-sign-conversion -Wno-infinite-recursion -Wno-comma -Wno-block-capture-autoreleasing -Wno-strict-prototypes -Wno-semicolon-before-method-body -index-store-path /Users/xinyufang/Library/Developer/Xcode/DerivedData/Buzz-faillbpsmponqzeruhhvskovixzk/Index.noindex/DataStore @/Users/xinyufang/Library/Developer/Xcode/DerivedData/Buzz-faillbpsmponqzeruhhvskovixzk/Build/Intermediates.noindex/Promises.build/Debug-iphonesimulator/FBLPromises.build/Objects-normal/arm64/e6072d4f65d7061329687fe24e3d63a7-common-args.resp -include /Users/xinyufang/Library/Developer/Xcode/DerivedData/Buzz-faillbpsmponqzeruhhvskovixzk/Build/Intermediates.noindex/Promises.build/Debug-iphonesimulator/FBLPromises.build/DerivedSources/resource_bundle_accessor.h -MMD -MT dependencies -MF /Users/xinyufang/Library/Developer/Xcode/DerivedData/Buzz-faillbpsmponqzeruhhvskovixzk/Build/Intermediates.noindex/Promises.build/Debug-iphonesimulator/FBLPromises.build/Objects-normal/arm64/FBLPromise+Reduce.d --serialize-diagnostics /Users/xinyufang/Library/Developer/Xcode/DerivedData/Buzz-faillbpsmponqzeruhhvskovixzk/Build/Intermediates.noindex/Promises.build/Debug-iphonesimulator/FBLPromises.build/Objects-normal/arm64/FBLPromise+Reduce.dia -c /Users/xinyufang/Library/Developer/Xcode/DerivedData/Buzz-faillbpsmponqzeruhhvskovixzk/SourcePackages/checkouts/promises/Sources/FBLPromises/FBLPromise+Reduce.m -o /Users/xinyufang/Library/Developer/Xcode/DerivedData/Buzz-faillbpsmponqzeruhhvskovixzk/Build/Intermediates.noindex/Promises.build/Debug-iphonesimulator/FBLPromises.build/Objects-normal/arm64/FBLPromise+Reduce.o -index-unit-output-path /Promises.build/Debug-iphonesimulator/FBLPromises.build/Objects-normal/arm64/FBLPromise+Reduce.o

CompileC /Users/xinyufang/Library/Developer/Xcode/DerivedData/Buzz-faillbpsmponqzeruhhvskovixzk/Build/Intermediates.noindex/Promises.build/Debug-iphonesimulator/FBLPromises.build/Objects-normal/arm64/FBLPromise+Recover.o /Users/xinyufang/Library/Developer/Xcode/DerivedData/Buzz-faillbpsmponqzeruhhvskovixzk/SourcePackages/checkouts/promises/Sources/FBLPromises/FBLPromise+Recover.m normal arm64 objective-c com.apple.compilers.llvm.clang.1_0.compiler (in target 'FBLPromises' from project 'Promises')
    cd /Users/xinyufang/Documents/Buzz/Buzz.xcodeproj
    
    Using response file: /Users/xinyufang/Library/Developer/Xcode/DerivedData/Buzz-faillbpsmponqzeruhhvskovixzk/Build/Intermediates.noindex/Promises.build/Debug-iphonesimulator/FBLPromises.build/Objects-normal/arm64/e6072d4f65d7061329687fe24e3d63a7-common-args.resp
    
    /Applications/Xcode.app/Contents/Developer/Toolchains/XcodeDefault.xctoolchain/usr/bin/clang -x objective-c -ivfsstatcache /Users/xinyufang/Library/Developer/Xcode/DerivedData/SDKStatCaches.noindex/iphonesimulator26.0-23A339-26257891a6c027eb51374368541b8346.sdkstatcache -fmessage-length\=0 -fdiagnostics-show-note-include-stack -fmacro-backtrace-limit\=0 -fno-color-diagnostics -fmodules-prune-interval\=86400 -fmodules-prune-after\=345600 -fbuild-session-file\=/Users/xinyufang/Library/Developer/Xcode/DerivedData/ModuleCache.noindex/Session.modulevalidation -fmodules-validate-once-per-build-session -Wnon-modular-include-in-framework-module -Werror\=non-modular-include-in-framework-module -Wno-trigraphs -Wno-missing-field-initializers -Wno-missing-prototypes -Wno-return-type -Wno-implicit-atomic-properties -Wno-objc-interface-ivars -Wno-arc-repeated-use-of-weak -Wno-missing-braces -Wparentheses -Wswitch -Wno-unused-function -Wno-unused-label -Wno-unused-parameter -Wno-unused-variable -Wunused-value -Wno-empty-body -Wno-uninitialized -Wno-unknown-pragmas -w -Wno-shadow -Wno-four-char-constants -Wno-conversion -Wno-constant-conversion -Wno-int-conversion -Wno-bool-conversion -Wno-enum-conversion -Wno-float-conversion -Wno-non-literal-null-conversion -Wno-objc-literal-conversion -Wshorten-64-to-32 -Wpointer-sign -Wno-newline-eof -Wno-selector -Wno-strict-selector-match -Wno-undeclared-selector -Wno-deprecated-implementations -Wno-implicit-fallthrough -fstrict-aliasing -Wprotocol -Wdeprecated-declarations -Wno-sign-conversion -Wno-infinite-recursion -Wno-comma -Wno-block-capture-autoreleasing -Wno-strict-prototypes -Wno-semicolon-before-method-body -index-store-path /Users/xinyufang/Library/Developer/Xcode/DerivedData/Buzz-faillbpsmponqzeruhhvskovixzk/Index.noindex/DataStore @/Users/xinyufang/Library/Developer/Xcode/DerivedData/Buzz-faillbpsmponqzeruhhvskovixzk/Build/Intermediates.noindex/Promises.build/Debug-iphonesimulator/FBLPromises.build/Objects-normal/arm64/e6072d4f65d7061329687fe24e3d63a7-common-args.resp -include /Users/xinyufang/Library/Developer/Xcode/DerivedData/Buzz-faillbpsmponqzeruhhvskovixzk/Build/Intermediates.noindex/Promises.build/Debug-iphonesimulator/FBLPromises.build/DerivedSources/resource_bundle_accessor.h -MMD -MT dependencies -MF /Users/xinyufang/Library/Developer/Xcode/DerivedData/Buzz-faillbpsmponqzeruhhvskovixzk/Build/Intermediates.noindex/Promises.build/Debug-iphonesimulator/FBLPromises.build/Objects-normal/arm64/FBLPromise+Recover.d --serialize-diagnostics /Users/xinyufang/Library/Developer/Xcode/DerivedData/Buzz-faillbpsmponqzeruhhvskovixzk/Build/Intermediates.noindex/Promises.build/Debug-iphonesimulator/FBLPromises.build/Objects-normal/arm64/FBLPromise+Recover.dia -c /Users/xinyufang/Library/Developer/Xcode/DerivedData/Buzz-faillbpsmponqzeruhhvskovixzk/SourcePackages/checkouts/promises/Sources/FBLPromises/FBLPromise+Recover.m -o /Users/xinyufang/Library/Developer/Xcode/DerivedData/Buzz-faillbpsmponqzeruhhvskovixzk/Build/Intermediates.noindex/Promises.build/Debug-iphonesimulator/FBLPromises.build/Objects-normal/arm64/FBLPromise+Recover.o -index-unit-output-path /Promises.build/Debug-iphonesimulator/FBLPromises.build/Objects-normal/arm64/FBLPromise+Recover.o

CompileC /Users/xinyufang/Library/Developer/Xcode/DerivedData/Buzz-faillbpsmponqzeruhhvskovixzk/Build/Intermediates.noindex/Promises.build/Debug-iphonesimulator/FBLPromises.build/Objects-normal/arm64/FBLPromise+Race.o /Users/xinyufang/Library/Developer/Xcode/DerivedData/Buzz-faillbpsmponqzeruhhvskovixzk/SourcePackages/checkouts/promises/Sources/FBLPromises/FBLPromise+Race.m normal arm64 objective-c com.apple.compilers.llvm.clang.1_0.compiler (in target 'FBLPromises' from project 'Promises')
    cd /Users/xinyufang/Documents/Buzz/Buzz.xcodeproj
    
    Using response file: /Users/xinyufang/Library/Developer/Xcode/DerivedData/Buzz-faillbpsmponqzeruhhvskovixzk/Build/Intermediates.noindex/Promises.build/Debug-iphonesimulator/FBLPromises.build/Objects-normal/arm64/e6072d4f65d7061329687fe24e3d63a7-common-args.resp
    
    /Applications/Xcode.app/Contents/Developer/Toolchains/XcodeDefault.xctoolchain/usr/bin/clang -x objective-c -ivfsstatcache /Users/xinyufang/Library/Developer/Xcode/DerivedData/SDKStatCaches.noindex/iphonesimulator26.0-23A339-26257891a6c027eb51374368541b8346.sdkstatcache -fmessage-length\=0 -fdiagnostics-show-note-include-stack -fmacro-backtrace-limit\=0 -fno-color-diagnostics -fmodules-prune-interval\=86400 -fmodules-prune-after\=345600 -fbuild-session-file\=/Users/xinyufang/Library/Developer/Xcode/DerivedData/ModuleCache.noindex/Session.modulevalidation -fmodules-validate-once-per-build-session -Wnon-modular-include-in-framework-module -Werror\=non-modular-include-in-framework-module -Wno-trigraphs -Wno-missing-field-initializers -Wno-missing-prototypes -Wno-return-type -Wno-implicit-atomic-properties -Wno-objc-interface-ivars -Wno-arc-repeated-use-of-weak -Wno-missing-braces -Wparentheses -Wswitch -Wno-unused-function -Wno-unused-label -Wno-unused-parameter -Wno-unused-variable -Wunused-value -Wno-empty-body -Wno-uninitialized -Wno-unknown-pragmas -w -Wno-shadow -Wno-four-char-constants -Wno-conversion -Wno-constant-conversion -Wno-int-conversion -Wno-bool-conversion -Wno-enum-conversion -Wno-float-conversion -Wno-non-literal-null-conversion -Wno-objc-literal-conversion -Wshorten-64-to-32 -Wpointer-sign -Wno-newline-eof -Wno-selector -Wno-strict-selector-match -Wno-undeclared-selector -Wno-deprecated-implementations -Wno-implicit-fallthrough -fstrict-aliasing -Wprotocol -Wdeprecated-declarations -Wno-sign-conversion -Wno-infinite-recursion -Wno-comma -Wno-block-capture-autoreleasing -Wno-strict-prototypes -Wno-semicolon-before-method-body -index-store-path /Users/xinyufang/Library/Developer/Xcode/DerivedData/Buzz-faillbpsmponqzeruhhvskovixzk/Index.noindex/DataStore @/Users/xinyufang/Library/Developer/Xcode/DerivedData/Buzz-faillbpsmponqzeruhhvskovixzk/Build/Intermediates.noindex/Promises.build/Debug-iphonesimulator/FBLPromises.build/Objects-normal/arm64/e6072d4f65d7061329687fe24e3d63a7-common-args.resp -include /Users/xinyufang/Library/Developer/Xcode/DerivedData/Buzz-faillbpsmponqzeruhhvskovixzk/Build/Intermediates.noindex/Promises.build/Debug-iphonesimulator/FBLPromises.build/DerivedSources/resource_bundle_accessor.h -MMD -MT dependencies -MF /Users/xinyufang/Library/Developer/Xcode/DerivedData/Buzz-faillbpsmponqzeruhhvskovixzk/Build/Intermediates.noindex/Promises.build/Debug-iphonesimulator/FBLPromises.build/Objects-normal/arm64/FBLPromise+Race.d --serialize-diagnostics /Users/xinyufang/Library/Developer/Xcode/DerivedData/Buzz-faillbpsmponqzeruhhvskovixzk/Build/Intermediates.noindex/Promises.build/Debug-iphonesimulator/FBLPromises.build/Objects-normal/arm64/FBLPromise+Race.dia -c /Users/xinyufang/Library/Developer/Xcode/DerivedData/Buzz-faillbpsmponqzeruhhvskovixzk/SourcePackages/checkouts/promises/Sources/FBLPromises/FBLPromise+Race.m -o /Users/xinyufang/Library/Developer/Xcode/DerivedData/Buzz-faillbpsmponqzeruhhvskovixzk/Build/Intermediates.noindex/Promises.build/Debug-iphonesimulator/FBLPromises.build/Objects-normal/arm64/FBLPromise+Race.o -index-unit-output-path /Promises.build/Debug-iphonesimulator/FBLPromises.build/Objects-normal/arm64/FBLPromise+Race.o

CompileC /Users/xinyufang/Library/Developer/Xcode/DerivedData/Buzz-faillbpsmponqzeruhhvskovixzk/Build/Intermediates.noindex/Promises.build/Debug-iphonesimulator/FBLPromises.build/Objects-normal/arm64/FBLPromise+Do.o /Users/xinyufang/Library/Developer/Xcode/DerivedData/Buzz-faillbpsmponqzeruhhvskovixzk/SourcePackages/checkouts/promises/Sources/FBLPromises/FBLPromise+Do.m normal arm64 objective-c com.apple.compilers.llvm.clang.1_0.compiler (in target 'FBLPromises' from project 'Promises')
    cd /Users/xinyufang/Documents/Buzz/Buzz.xcodeproj
    
    Using response file: /Users/xinyufang/Library/Developer/Xcode/DerivedData/Buzz-faillbpsmponqzeruhhvskovixzk/Build/Intermediates.noindex/Promises.build/Debug-iphonesimulator/FBLPromises.build/Objects-normal/arm64/e6072d4f65d7061329687fe24e3d63a7-common-args.resp
    
    /Applications/Xcode.app/Contents/Developer/Toolchains/XcodeDefault.xctoolchain/usr/bin/clang -x objective-c -ivfsstatcache /Users/xinyufang/Library/Developer/Xcode/DerivedData/SDKStatCaches.noindex/iphonesimulator26.0-23A339-26257891a6c027eb51374368541b8346.sdkstatcache -fmessage-length\=0 -fdiagnostics-show-note-include-stack -fmacro-backtrace-limit\=0 -fno-color-diagnostics -fmodules-prune-interval\=86400 -fmodules-prune-after\=345600 -fbuild-session-file\=/Users/xinyufang/Library/Developer/Xcode/DerivedData/ModuleCache.noindex/Session.modulevalidation -fmodules-validate-once-per-build-session -Wnon-modular-include-in-framework-module -Werror\=non-modular-include-in-framework-module -Wno-trigraphs -Wno-missing-field-initializers -Wno-missing-prototypes -Wno-return-type -Wno-implicit-atomic-properties -Wno-objc-interface-ivars -Wno-arc-repeated-use-of-weak -Wno-missing-braces -Wparentheses -Wswitch -Wno-unused-function -Wno-unused-label -Wno-unused-parameter -Wno-unused-variable -Wunused-value -Wno-empty-body -Wno-uninitialized -Wno-unknown-pragmas -w -Wno-shadow -Wno-four-char-constants -Wno-conversion -Wno-constant-conversion -Wno-int-conversion -Wno-bool-conversion -Wno-enum-conversion -Wno-float-conversion -Wno-non-literal-null-conversion -Wno-objc-literal-conversion -Wshorten-64-to-32 -Wpointer-sign -Wno-newline-eof -Wno-selector -Wno-strict-selector-match -Wno-undeclared-selector -Wno-deprecated-implementations -Wno-implicit-fallthrough -fstrict-aliasing -Wprotocol -Wdeprecated-declarations -Wno-sign-conversion -Wno-infinite-recursion -Wno-comma -Wno-block-capture-autoreleasing -Wno-strict-prototypes -Wno-semicolon-before-method-body -index-store-path /Users/xinyufang/Library/Developer/Xcode/DerivedData/Buzz-faillbpsmponqzeruhhvskovixzk/Index.noindex/DataStore @/Users/xinyufang/Library/Developer/Xcode/DerivedData/Buzz-faillbpsmponqzeruhhvskovixzk/Build/Intermediates.noindex/Promises.build/Debug-iphonesimulator/FBLPromises.build/Objects-normal/arm64/e6072d4f65d7061329687fe24e3d63a7-common-args.resp -include /Users/xinyufang/Library/Developer/Xcode/DerivedData/Buzz-faillbpsmponqzeruhhvskovixzk/Build/Intermediates.noindex/Promises.build/Debug-iphonesimulator/FBLPromises.build/DerivedSources/resource_bundle_accessor.h -MMD -MT dependencies -MF /Users/xinyufang/Library/Developer/Xcode/DerivedData/Buzz-faillbpsmponqzeruhhvskovixzk/Build/Intermediates.noindex/Promises.build/Debug-iphonesimulator/FBLPromises.build/Objects-normal/arm64/FBLPromise+Do.d --serialize-diagnostics /Users/xinyufang/Library/Developer/Xcode/DerivedData/Buzz-faillbpsmponqzeruhhvskovixzk/Build/Intermediates.noindex/Promises.build/Debug-iphonesimulator/FBLPromises.build/Objects-normal/arm64/FBLPromise+Do.dia -c /Users/xinyufang/Library/Developer/Xcode/DerivedData/Buzz-faillbpsmponqzeruhhvskovixzk/SourcePackages/checkouts/promises/Sources/FBLPromises/FBLPromise+Do.m -o /Users/xinyufang/Library/Developer/Xcode/DerivedData/Buzz-faillbpsmponqzeruhhvskovixzk/Build/Intermediates.noindex/Promises.build/Debug-iphonesimulator/FBLPromises.build/Objects-normal/arm64/FBLPromise+Do.o -index-unit-output-path /Promises.build/Debug-iphonesimulator/FBLPromises.build/Objects-normal/arm64/FBLPromise+Do.o

CompileC /Users/xinyufang/Library/Developer/Xcode/DerivedData/Buzz-faillbpsmponqzeruhhvskovixzk/Build/Intermediates.noindex/Promises.build/Debug-iphonesimulator/FBLPromises.build/Objects-normal/arm64/FBLPromise+Delay.o /Users/xinyufang/Library/Developer/Xcode/DerivedData/Buzz-faillbpsmponqzeruhhvskovixzk/SourcePackages/checkouts/promises/Sources/FBLPromises/FBLPromise+Delay.m normal arm64 objective-c com.apple.compilers.llvm.clang.1_0.compiler (in target 'FBLPromises' from project 'Promises')
    cd /Users/xinyufang/Documents/Buzz/Buzz.xcodeproj
    
    Using response file: /Users/xinyufang/Library/Developer/Xcode/DerivedData/Buzz-faillbpsmponqzeruhhvskovixzk/Build/Intermediates.noindex/Promises.build/Debug-iphonesimulator/FBLPromises.build/Objects-normal/arm64/e6072d4f65d7061329687fe24e3d63a7-common-args.resp
    
    /Applications/Xcode.app/Contents/Developer/Toolchains/XcodeDefault.xctoolchain/usr/bin/clang -x objective-c -ivfsstatcache /Users/xinyufang/Library/Developer/Xcode/DerivedData/SDKStatCaches.noindex/iphonesimulator26.0-23A339-26257891a6c027eb51374368541b8346.sdkstatcache -fmessage-length\=0 -fdiagnostics-show-note-include-stack -fmacro-backtrace-limit\=0 -fno-color-diagnostics -fmodules-prune-interval\=86400 -fmodules-prune-after\=345600 -fbuild-session-file\=/Users/xinyufang/Library/Developer/Xcode/DerivedData/ModuleCache.noindex/Session.modulevalidation -fmodules-validate-once-per-build-session -Wnon-modular-include-in-framework-module -Werror\=non-modular-include-in-framework-module -Wno-trigraphs -Wno-missing-field-initializers -Wno-missing-prototypes -Wno-return-type -Wno-implicit-atomic-properties -Wno-objc-interface-ivars -Wno-arc-repeated-use-of-weak -Wno-missing-braces -Wparentheses -Wswitch -Wno-unused-function -Wno-unused-label -Wno-unused-parameter -Wno-unused-variable -Wunused-value -Wno-empty-body -Wno-uninitialized -Wno-unknown-pragmas -w -Wno-shadow -Wno-four-char-constants -Wno-conversion -Wno-constant-conversion -Wno-int-conversion -Wno-bool-conversion -Wno-enum-conversion -Wno-float-conversion -Wno-non-literal-null-conversion -Wno-objc-literal-conversion -Wshorten-64-to-32 -Wpointer-sign -Wno-newline-eof -Wno-selector -Wno-strict-selector-match -Wno-undeclared-selector -Wno-deprecated-implementations -Wno-implicit-fallthrough -fstrict-aliasing -Wprotocol -Wdeprecated-declarations -Wno-sign-conversion -Wno-infinite-recursion -Wno-comma -Wno-block-capture-autoreleasing -Wno-strict-prototypes -Wno-semicolon-before-method-body -index-store-path /Users/xinyufang/Library/Developer/Xcode/DerivedData/Buzz-faillbpsmponqzeruhhvskovixzk/Index.noindex/DataStore @/Users/xinyufang/Library/Developer/Xcode/DerivedData/Buzz-faillbpsmponqzeruhhvskovixzk/Build/Intermediates.noindex/Promises.build/Debug-iphonesimulator/FBLPromises.build/Objects-normal/arm64/e6072d4f65d7061329687fe24e3d63a7-common-args.resp -include /Users/xinyufang/Library/Developer/Xcode/DerivedData/Buzz-faillbpsmponqzeruhhvskovixzk/Build/Intermediates.noindex/Promises.build/Debug-iphonesimulator/FBLPromises.build/DerivedSources/resource_bundle_accessor.h -MMD -MT dependencies -MF /Users/xinyufang/Library/Developer/Xcode/DerivedData/Buzz-faillbpsmponqzeruhhvskovixzk/Build/Intermediates.noindex/Promises.build/Debug-iphonesimulator/FBLPromises.build/Objects-normal/arm64/FBLPromise+Delay.d --serialize-diagnostics /Users/xinyufang/Library/Developer/Xcode/DerivedData/Buzz-faillbpsmponqzeruhhvskovixzk/Build/Intermediates.noindex/Promises.build/Debug-iphonesimulator/FBLPromises.build/Objects-normal/arm64/FBLPromise+Delay.dia -c /Users/xinyufang/Library/Developer/Xcode/DerivedData/Buzz-faillbpsmponqzeruhhvskovixzk/SourcePackages/checkouts/promises/Sources/FBLPromises/FBLPromise+Delay.m -o /Users/xinyufang/Library/Developer/Xcode/DerivedData/Buzz-faillbpsmponqzeruhhvskovixzk/Build/Intermediates.noindex/Promises.build/Debug-iphonesimulator/FBLPromises.build/Objects-normal/arm64/FBLPromise+Delay.o -index-unit-output-path /Promises.build/Debug-iphonesimulator/FBLPromises.build/Objects-normal/arm64/FBLPromise+Delay.o

CompileC /Users/xinyufang/Library/Developer/Xcode/DerivedData/Buzz-faillbpsmponqzeruhhvskovixzk/Build/Intermediates.noindex/Promises.build/Debug-iphonesimulator/FBLPromises.build/Objects-normal/arm64/FBLPromise+Catch.o /Users/xinyufang/Library/Developer/Xcode/DerivedData/Buzz-faillbpsmponqzeruhhvskovixzk/SourcePackages/checkouts/promises/Sources/FBLPromises/FBLPromise+Catch.m normal arm64 objective-c com.apple.compilers.llvm.clang.1_0.compiler (in target 'FBLPromises' from project 'Promises')
    cd /Users/xinyufang/Documents/Buzz/Buzz.xcodeproj
    
    Using response file: /Users/xinyufang/Library/Developer/Xcode/DerivedData/Buzz-faillbpsmponqzeruhhvskovixzk/Build/Intermediates.noindex/Promises.build/Debug-iphonesimulator/FBLPromises.build/Objects-normal/arm64/e6072d4f65d7061329687fe24e3d63a7-common-args.resp
    
    /Applications/Xcode.app/Contents/Developer/Toolchains/XcodeDefault.xctoolchain/usr/bin/clang -x objective-c -ivfsstatcache /Users/xinyufang/Library/Developer/Xcode/DerivedData/SDKStatCaches.noindex/iphonesimulator26.0-23A339-26257891a6c027eb51374368541b8346.sdkstatcache -fmessage-length\=0 -fdiagnostics-show-note-include-stack -fmacro-backtrace-limit\=0 -fno-color-diagnostics -fmodules-prune-interval\=86400 -fmodules-prune-after\=345600 -fbuild-session-file\=/Users/xinyufang/Library/Developer/Xcode/DerivedData/ModuleCache.noindex/Session.modulevalidation -fmodules-validate-once-per-build-session -Wnon-modular-include-in-framework-module -Werror\=non-modular-include-in-framework-module -Wno-trigraphs -Wno-missing-field-initializers -Wno-missing-prototypes -Wno-return-type -Wno-implicit-atomic-properties -Wno-objc-interface-ivars -Wno-arc-repeated-use-of-weak -Wno-missing-braces -Wparentheses -Wswitch -Wno-unused-function -Wno-unused-label -Wno-unused-parameter -Wno-unused-variable -Wunused-value -Wno-empty-body -Wno-uninitialized -Wno-unknown-pragmas -w -Wno-shadow -Wno-four-char-constants -Wno-conversion -Wno-constant-conversion -Wno-int-conversion -Wno-bool-conversion -Wno-enum-conversion -Wno-float-conversion -Wno-non-literal-null-conversion -Wno-objc-literal-conversion -Wshorten-64-to-32 -Wpointer-sign -Wno-newline-eof -Wno-selector -Wno-strict-selector-match -Wno-undeclared-selector -Wno-deprecated-implementations -Wno-implicit-fallthrough -fstrict-aliasing -Wprotocol -Wdeprecated-declarations -Wno-sign-conversion -Wno-infinite-recursion -Wno-comma -Wno-block-capture-autoreleasing -Wno-strict-prototypes -Wno-semicolon-before-method-body -index-store-path /Users/xinyufang/Library/Developer/Xcode/DerivedData/Buzz-faillbpsmponqzeruhhvskovixzk/Index.noindex/DataStore @/Users/xinyufang/Library/Developer/Xcode/DerivedData/Buzz-faillbpsmponqzeruhhvskovixzk/Build/Intermediates.noindex/Promises.build/Debug-iphonesimulator/FBLPromises.build/Objects-normal/arm64/e6072d4f65d7061329687fe24e3d63a7-common-args.resp -include /Users/xinyufang/Library/Developer/Xcode/DerivedData/Buzz-faillbpsmponqzeruhhvskovixzk/Build/Intermediates.noindex/Promises.build/Debug-iphonesimulator/FBLPromises.build/DerivedSources/resource_bundle_accessor.h -MMD -MT dependencies -MF /Users/xinyufang/Library/Developer/Xcode/DerivedData/Buzz-faillbpsmponqzeruhhvskovixzk/Build/Intermediates.noindex/Promises.build/Debug-iphonesimulator/FBLPromises.build/Objects-normal/arm64/FBLPromise+Catch.d --serialize-diagnostics /Users/xinyufang/Library/Developer/Xcode/DerivedData/Buzz-faillbpsmponqzeruhhvskovixzk/Build/Intermediates.noindex/Promises.build/Debug-iphonesimulator/FBLPromises.build/Objects-normal/arm64/FBLPromise+Catch.dia -c /Users/xinyufang/Library/Developer/Xcode/DerivedData/Buzz-faillbpsmponqzeruhhvskovixzk/SourcePackages/checkouts/promises/Sources/FBLPromises/FBLPromise+Catch.m -o /Users/xinyufang/Library/Developer/Xcode/DerivedData/Buzz-faillbpsmponqzeruhhvskovixzk/Build/Intermediates.noindex/Promises.build/Debug-iphonesimulator/FBLPromises.build/Objects-normal/arm64/FBLPromise+Catch.o -index-unit-output-path /Promises.build/Debug-iphonesimulator/FBLPromises.build/Objects-normal/arm64/FBLPromise+Catch.o

CompileC /Users/xinyufang/Library/Developer/Xcode/DerivedData/Buzz-faillbpsmponqzeruhhvskovixzk/Build/Intermediates.noindex/Promises.build/Debug-iphonesimulator/FBLPromises.build/Objects-normal/arm64/FBLPromise+Await.o /Users/xinyufang/Library/Developer/Xcode/DerivedData/Buzz-faillbpsmponqzeruhhvskovixzk/SourcePackages/checkouts/promises/Sources/FBLPromises/FBLPromise+Await.m normal arm64 objective-c com.apple.compilers.llvm.clang.1_0.compiler (in target 'FBLPromises' from project 'Promises')
    cd /Users/xinyufang/Documents/Buzz/Buzz.xcodeproj
    
    Using response file: /Users/xinyufang/Library/Developer/Xcode/DerivedData/Buzz-faillbpsmponqzeruhhvskovixzk/Build/Intermediates.noindex/Promises.build/Debug-iphonesimulator/FBLPromises.build/Objects-normal/arm64/e6072d4f65d7061329687fe24e3d63a7-common-args.resp
    
    /Applications/Xcode.app/Contents/Developer/Toolchains/XcodeDefault.xctoolchain/usr/bin/clang -x objective-c -ivfsstatcache /Users/xinyufang/Library/Developer/Xcode/DerivedData/SDKStatCaches.noindex/iphonesimulator26.0-23A339-26257891a6c027eb51374368541b8346.sdkstatcache -fmessage-length\=0 -fdiagnostics-show-note-include-stack -fmacro-backtrace-limit\=0 -fno-color-diagnostics -fmodules-prune-interval\=86400 -fmodules-prune-after\=345600 -fbuild-session-file\=/Users/xinyufang/Library/Developer/Xcode/DerivedData/ModuleCache.noindex/Session.modulevalidation -fmodules-validate-once-per-build-session -Wnon-modular-include-in-framework-module -Werror\=non-modular-include-in-framework-module -Wno-trigraphs -Wno-missing-field-initializers -Wno-missing-prototypes -Wno-return-type -Wno-implicit-atomic-properties -Wno-objc-interface-ivars -Wno-arc-repeated-use-of-weak -Wno-missing-braces -Wparentheses -Wswitch -Wno-unused-function -Wno-unused-label -Wno-unused-parameter -Wno-unused-variable -Wunused-value -Wno-empty-body -Wno-uninitialized -Wno-unknown-pragmas -w -Wno-shadow -Wno-four-char-constants -Wno-conversion -Wno-constant-conversion -Wno-int-conversion -Wno-bool-conversion -Wno-enum-conversion -Wno-float-conversion -Wno-non-literal-null-conversion -Wno-objc-literal-conversion -Wshorten-64-to-32 -Wpointer-sign -Wno-newline-eof -Wno-selector -Wno-strict-selector-match -Wno-undeclared-selector -Wno-deprecated-implementations -Wno-implicit-fallthrough -fstrict-aliasing -Wprotocol -Wdeprecated-declarations -Wno-sign-conversion -Wno-infinite-recursion -Wno-comma -Wno-block-capture-autoreleasing -Wno-strict-prototypes -Wno-semicolon-before-method-body -index-store-path /Users/xinyufang/Library/Developer/Xcode/DerivedData/Buzz-faillbpsmponqzeruhhvskovixzk/Index.noindex/DataStore @/Users/xinyufang/Library/Developer/Xcode/DerivedData/Buzz-faillbpsmponqzeruhhvskovixzk/Build/Intermediates.noindex/Promises.build/Debug-iphonesimulator/FBLPromises.build/Objects-normal/arm64/e6072d4f65d7061329687fe24e3d63a7-common-args.resp -include /Users/xinyufang/Library/Developer/Xcode/DerivedData/Buzz-faillbpsmponqzeruhhvskovixzk/Build/Intermediates.noindex/Promises.build/Debug-iphonesimulator/FBLPromises.build/DerivedSources/resource_bundle_accessor.h -MMD -MT dependencies -MF /Users/xinyufang/Library/Developer/Xcode/DerivedData/Buzz-faillbpsmponqzeruhhvskovixzk/Build/Intermediates.noindex/Promises.build/Debug-iphonesimulator/FBLPromises.build/Objects-normal/arm64/FBLPromise+Await.d --serialize-diagnostics /Users/xinyufang/Library/Developer/Xcode/DerivedData/Buzz-faillbpsmponqzeruhhvskovixzk/Build/Intermediates.noindex/Promises.build/Debug-iphonesimulator/FBLPromises.build/Objects-normal/arm64/FBLPromise+Await.dia -c /Users/xinyufang/Library/Developer/Xcode/DerivedData/Buzz-faillbpsmponqzeruhhvskovixzk/SourcePackages/checkouts/promises/Sources/FBLPromises/FBLPromise+Await.m -o /Users/xinyufang/Library/Developer/Xcode/DerivedData/Buzz-faillbpsmponqzeruhhvskovixzk/Build/Intermediates.noindex/Promises.build/Debug-iphonesimulator/FBLPromises.build/Objects-normal/arm64/FBLPromise+Await.o -index-unit-output-path /Promises.build/Debug-iphonesimulator/FBLPromises.build/Objects-normal/arm64/FBLPromise+Await.o

CompileC /Users/xinyufang/Library/Developer/Xcode/DerivedData/Buzz-faillbpsmponqzeruhhvskovixzk/Build/Intermediates.noindex/Promises.build/Debug-iphonesimulator/FBLPromises.build/Objects-normal/arm64/FBLPromise+Async.o /Users/xinyufang/Library/Developer/Xcode/DerivedData/Buzz-faillbpsmponqzeruhhvskovixzk/SourcePackages/checkouts/promises/Sources/FBLPromises/FBLPromise+Async.m normal arm64 objective-c com.apple.compilers.llvm.clang.1_0.compiler (in target 'FBLPromises' from project 'Promises')
    cd /Users/xinyufang/Documents/Buzz/Buzz.xcodeproj
    
    Using response file: /Users/xinyufang/Library/Developer/Xcode/DerivedData/Buzz-faillbpsmponqzeruhhvskovixzk/Build/Intermediates.noindex/Promises.build/Debug-iphonesimulator/FBLPromises.build/Objects-normal/arm64/e6072d4f65d7061329687fe24e3d63a7-common-args.resp
    
    /Applications/Xcode.app/Contents/Developer/Toolchains/XcodeDefault.xctoolchain/usr/bin/clang -x objective-c -ivfsstatcache /Users/xinyufang/Library/Developer/Xcode/DerivedData/SDKStatCaches.noindex/iphonesimulator26.0-23A339-26257891a6c027eb51374368541b8346.sdkstatcache -fmessage-length\=0 -fdiagnostics-show-note-include-stack -fmacro-backtrace-limit\=0 -fno-color-diagnostics -fmodules-prune-interval\=86400 -fmodules-prune-after\=345600 -fbuild-session-file\=/Users/xinyufang/Library/Developer/Xcode/DerivedData/ModuleCache.noindex/Session.modulevalidation -fmodules-validate-once-per-build-session -Wnon-modular-include-in-framework-module -Werror\=non-modular-include-in-framework-module -Wno-trigraphs -Wno-missing-field-initializers -Wno-missing-prototypes -Wno-return-type -Wno-implicit-atomic-properties -Wno-objc-interface-ivars -Wno-arc-repeated-use-of-weak -Wno-missing-braces -Wparentheses -Wswitch -Wno-unused-function -Wno-unused-label -Wno-unused-parameter -Wno-unused-variable -Wunused-value -Wno-empty-body -Wno-uninitialized -Wno-unknown-pragmas -w -Wno-shadow -Wno-four-char-constants -Wno-conversion -Wno-constant-conversion -Wno-int-conversion -Wno-bool-conversion -Wno-enum-conversion -Wno-float-conversion -Wno-non-literal-null-conversion -Wno-objc-literal-conversion -Wshorten-64-to-32 -Wpointer-sign -Wno-newline-eof -Wno-selector -Wno-strict-selector-match -Wno-undeclared-selector -Wno-deprecated-implementations -Wno-implicit-fallthrough -fstrict-aliasing -Wprotocol -Wdeprecated-declarations -Wno-sign-conversion -Wno-infinite-recursion -Wno-comma -Wno-block-capture-autoreleasing -Wno-strict-prototypes -Wno-semicolon-before-method-body -index-store-path /Users/xinyufang/Library/Developer/Xcode/DerivedData/Buzz-faillbpsmponqzeruhhvskovixzk/Index.noindex/DataStore @/Users/xinyufang/Library/Developer/Xcode/DerivedData/Buzz-faillbpsmponqzeruhhvskovixzk/Build/Intermediates.noindex/Promises.build/Debug-iphonesimulator/FBLPromises.build/Objects-normal/arm64/e6072d4f65d7061329687fe24e3d63a7-common-args.resp -include /Users/xinyufang/Library/Developer/Xcode/DerivedData/Buzz-faillbpsmponqzeruhhvskovixzk/Build/Intermediates.noindex/Promises.build/Debug-iphonesimulator/FBLPromises.build/DerivedSources/resource_bundle_accessor.h -MMD -MT dependencies -MF /Users/xinyufang/Library/Developer/Xcode/DerivedData/Buzz-faillbpsmponqzeruhhvskovixzk/Build/Intermediates.noindex/Promises.build/Debug-iphonesimulator/FBLPromises.build/Objects-normal/arm64/FBLPromise+Async.d --serialize-diagnostics /Users/xinyufang/Library/Developer/Xcode/DerivedData/Buzz-faillbpsmponqzeruhhvskovixzk/Build/Intermediates.noindex/Promises.build/Debug-iphonesimulator/FBLPromises.build/Objects-normal/arm64/FBLPromise+Async.dia -c /Users/xinyufang/Library/Developer/Xcode/DerivedData/Buzz-faillbpsmponqzeruhhvskovixzk/SourcePackages/checkouts/promises/Sources/FBLPromises/FBLPromise+Async.m -o /Users/xinyufang/Library/Developer/Xcode/DerivedData/Buzz-faillbpsmponqzeruhhvskovixzk/Build/Intermediates.noindex/Promises.build/Debug-iphonesimulator/FBLPromises.build/Objects-normal/arm64/FBLPromise+Async.o -index-unit-output-path /Promises.build/Debug-iphonesimulator/FBLPromises.build/Objects-normal/arm64/FBLPromise+Async.o

CompileC /Users/xinyufang/Library/Developer/Xcode/DerivedData/Buzz-faillbpsmponqzeruhhvskovixzk/Build/Intermediates.noindex/Promises.build/Debug-iphonesimulator/FBLPromises.build/Objects-normal/arm64/FBLPromise+Any.o /Users/xinyufang/Library/Developer/Xcode/DerivedData/Buzz-faillbpsmponqzeruhhvskovixzk/SourcePackages/checkouts/promises/Sources/FBLPromises/FBLPromise+Any.m normal arm64 objective-c com.apple.compilers.llvm.clang.1_0.compiler (in target 'FBLPromises' from project 'Promises')
    cd /Users/xinyufang/Documents/Buzz/Buzz.xcodeproj
    
    Using response file: /Users/xinyufang/Library/Developer/Xcode/DerivedData/Buzz-faillbpsmponqzeruhhvskovixzk/Build/Intermediates.noindex/Promises.build/Debug-iphonesimulator/FBLPromises.build/Objects-normal/arm64/e6072d4f65d7061329687fe24e3d63a7-common-args.resp
    
    /Applications/Xcode.app/Contents/Developer/Toolchains/XcodeDefault.xctoolchain/usr/bin/clang -x objective-c -ivfsstatcache /Users/xinyufang/Library/Developer/Xcode/DerivedData/SDKStatCaches.noindex/iphonesimulator26.0-23A339-26257891a6c027eb51374368541b8346.sdkstatcache -fmessage-length\=0 -fdiagnostics-show-note-include-stack -fmacro-backtrace-limit\=0 -fno-color-diagnostics -fmodules-prune-interval\=86400 -fmodules-prune-after\=345600 -fbuild-session-file\=/Users/xinyufang/Library/Developer/Xcode/DerivedData/ModuleCache.noindex/Session.modulevalidation -fmodules-validate-once-per-build-session -Wnon-modular-include-in-framework-module -Werror\=non-modular-include-in-framework-module -Wno-trigraphs -Wno-missing-field-initializers -Wno-missing-prototypes -Wno-return-type -Wno-implicit-atomic-properties -Wno-objc-interface-ivars -Wno-arc-repeated-use-of-weak -Wno-missing-braces -Wparentheses -Wswitch -Wno-unused-function -Wno-unused-label -Wno-unused-parameter -Wno-unused-variable -Wunused-value -Wno-empty-body -Wno-uninitialized -Wno-unknown-pragmas -w -Wno-shadow -Wno-four-char-constants -Wno-conversion -Wno-constant-conversion -Wno-int-conversion -Wno-bool-conversion -Wno-enum-conversion -Wno-float-conversion -Wno-non-literal-null-conversion -Wno-objc-literal-conversion -Wshorten-64-to-32 -Wpointer-sign -Wno-newline-eof -Wno-selector -Wno-strict-selector-match -Wno-undeclared-selector -Wno-deprecated-implementations -Wno-implicit-fallthrough -fstrict-aliasing -Wprotocol -Wdeprecated-declarations -Wno-sign-conversion -Wno-infinite-recursion -Wno-comma -Wno-block-capture-autoreleasing -Wno-strict-prototypes -Wno-semicolon-before-method-body -index-store-path /Users/xinyufang/Library/Developer/Xcode/DerivedData/Buzz-faillbpsmponqzeruhhvskovixzk/Index.noindex/DataStore @/Users/xinyufang/Library/Developer/Xcode/DerivedData/Buzz-faillbpsmponqzeruhhvskovixzk/Build/Intermediates.noindex/Promises.build/Debug-iphonesimulator/FBLPromises.build/Objects-normal/arm64/e6072d4f65d7061329687fe24e3d63a7-common-args.resp -include /Users/xinyufang/Library/Developer/Xcode/DerivedData/Buzz-faillbpsmponqzeruhhvskovixzk/Build/Intermediates.noindex/Promises.build/Debug-iphonesimulator/FBLPromises.build/DerivedSources/resource_bundle_accessor.h -MMD -MT dependencies -MF /Users/xinyufang/Library/Developer/Xcode/DerivedData/Buzz-faillbpsmponqzeruhhvskovixzk/Build/Intermediates.noindex/Promises.build/Debug-iphonesimulator/FBLPromises.build/Objects-normal/arm64/FBLPromise+Any.d --serialize-diagnostics /Users/xinyufang/Library/Developer/Xcode/DerivedData/Buzz-faillbpsmponqzeruhhvskovixzk/Build/Intermediates.noindex/Promises.build/Debug-iphonesimulator/FBLPromises.build/Objects-normal/arm64/FBLPromise+Any.dia -c /Users/xinyufang/Library/Developer/Xcode/DerivedData/Buzz-faillbpsmponqzeruhhvskovixzk/SourcePackages/checkouts/promises/Sources/FBLPromises/FBLPromise+Any.m -o /Users/xinyufang/Library/Developer/Xcode/DerivedData/Buzz-faillbpsmponqzeruhhvskovixzk/Build/Intermediates.noindex/Promises.build/Debug-iphonesimulator/FBLPromises.build/Objects-normal/arm64/FBLPromise+Any.o -index-unit-output-path /Promises.build/Debug-iphonesimulator/FBLPromises.build/Objects-normal/arm64/FBLPromise+Any.o

CompileC /Users/xinyufang/Library/Developer/Xcode/DerivedData/Buzz-faillbpsmponqzeruhhvskovixzk/Build/Intermediates.noindex/Promises.build/Debug-iphonesimulator/FBLPromises.build/Objects-normal/arm64/FBLPromise+Always.o /Users/xinyufang/Library/Developer/Xcode/DerivedData/Buzz-faillbpsmponqzeruhhvskovixzk/SourcePackages/checkouts/promises/Sources/FBLPromises/FBLPromise+Always.m normal arm64 objective-c com.apple.compilers.llvm.clang.1_0.compiler (in target 'FBLPromises' from project 'Promises')
    cd /Users/xinyufang/Documents/Buzz/Buzz.xcodeproj
    
    Using response file: /Users/xinyufang/Library/Developer/Xcode/DerivedData/Buzz-faillbpsmponqzeruhhvskovixzk/Build/Intermediates.noindex/Promises.build/Debug-iphonesimulator/FBLPromises.build/Objects-normal/arm64/e6072d4f65d7061329687fe24e3d63a7-common-args.resp
    
    /Applications/Xcode.app/Contents/Developer/Toolchains/XcodeDefault.xctoolchain/usr/bin/clang -x objective-c -ivfsstatcache /Users/xinyufang/Library/Developer/Xcode/DerivedData/SDKStatCaches.noindex/iphonesimulator26.0-23A339-26257891a6c027eb51374368541b8346.sdkstatcache -fmessage-length\=0 -fdiagnostics-show-note-include-stack -fmacro-backtrace-limit\=0 -fno-color-diagnostics -fmodules-prune-interval\=86400 -fmodules-prune-after\=345600 -fbuild-session-file\=/Users/xinyufang/Library/Developer/Xcode/DerivedData/ModuleCache.noindex/Session.modulevalidation -fmodules-validate-once-per-build-session -Wnon-modular-include-in-framework-module -Werror\=non-modular-include-in-framework-module -Wno-trigraphs -Wno-missing-field-initializers -Wno-missing-prototypes -Wno-return-type -Wno-implicit-atomic-properties -Wno-objc-interface-ivars -Wno-arc-repeated-use-of-weak -Wno-missing-braces -Wparentheses -Wswitch -Wno-unused-function -Wno-unused-label -Wno-unused-parameter -Wno-unused-variable -Wunused-value -Wno-empty-body -Wno-uninitialized -Wno-unknown-pragmas -w -Wno-shadow -Wno-four-char-constants -Wno-conversion -Wno-constant-conversion -Wno-int-conversion -Wno-bool-conversion -Wno-enum-conversion -Wno-float-conversion -Wno-non-literal-null-conversion -Wno-objc-literal-conversion -Wshorten-64-to-32 -Wpointer-sign -Wno-newline-eof -Wno-selector -Wno-strict-selector-match -Wno-undeclared-selector -Wno-deprecated-implementations -Wno-implicit-fallthrough -fstrict-aliasing -Wprotocol -Wdeprecated-declarations -Wno-sign-conversion -Wno-infinite-recursion -Wno-comma -Wno-block-capture-autoreleasing -Wno-strict-prototypes -Wno-semicolon-before-method-body -index-store-path /Users/xinyufang/Library/Developer/Xcode/DerivedData/Buzz-faillbpsmponqzeruhhvskovixzk/Index.noindex/DataStore @/Users/xinyufang/Library/Developer/Xcode/DerivedData/Buzz-faillbpsmponqzeruhhvskovixzk/Build/Intermediates.noindex/Promises.build/Debug-iphonesimulator/FBLPromises.build/Objects-normal/arm64/e6072d4f65d7061329687fe24e3d63a7-common-args.resp -include /Users/xinyufang/Library/Developer/Xcode/DerivedData/Buzz-faillbpsmponqzeruhhvskovixzk/Build/Intermediates.noindex/Promises.build/Debug-iphonesimulator/FBLPromises.build/DerivedSources/resource_bundle_accessor.h -MMD -MT dependencies -MF /Users/xinyufang/Library/Developer/Xcode/DerivedData/Buzz-faillbpsmponqzeruhhvskovixzk/Build/Intermediates.noindex/Promises.build/Debug-iphonesimulator/FBLPromises.build/Objects-normal/arm64/FBLPromise+Always.d --serialize-diagnostics /Users/xinyufang/Library/Developer/Xcode/DerivedData/Buzz-faillbpsmponqzeruhhvskovixzk/Build/Intermediates.noindex/Promises.build/Debug-iphonesimulator/FBLPromises.build/Objects-normal/arm64/FBLPromise+Always.dia -c /Users/xinyufang/Library/Developer/Xcode/DerivedData/Buzz-faillbpsmponqzeruhhvskovixzk/SourcePackages/checkouts/promises/Sources/FBLPromises/FBLPromise+Always.m -o /Users/xinyufang/Library/Developer/Xcode/DerivedData/Buzz-faillbpsmponqzeruhhvskovixzk/Build/Intermediates.noindex/Promises.build/Debug-iphonesimulator/FBLPromises.build/Objects-normal/arm64/FBLPromise+Always.o -index-unit-output-path /Promises.build/Debug-iphonesimulator/FBLPromises.build/Objects-normal/arm64/FBLPromise+Always.o

CompileC /Users/xinyufang/Library/Developer/Xcode/DerivedData/Buzz-faillbpsmponqzeruhhvskovixzk/Build/Intermediates.noindex/Promises.build/Debug-iphonesimulator/FBLPromises.build/Objects-normal/arm64/FBLPromise+All.o /Users/xinyufang/Library/Developer/Xcode/DerivedData/Buzz-faillbpsmponqzeruhhvskovixzk/SourcePackages/checkouts/promises/Sources/FBLPromises/FBLPromise+All.m normal arm64 objective-c com.apple.compilers.llvm.clang.1_0.compiler (in target 'FBLPromises' from project 'Promises')
    cd /Users/xinyufang/Documents/Buzz/Buzz.xcodeproj
    
    Using response file: /Users/xinyufang/Library/Developer/Xcode/DerivedData/Buzz-faillbpsmponqzeruhhvskovixzk/Build/Intermediates.noindex/Promises.build/Debug-iphonesimulator/FBLPromises.build/Objects-normal/arm64/e6072d4f65d7061329687fe24e3d63a7-common-args.resp
    
    /Applications/Xcode.app/Contents/Developer/Toolchains/XcodeDefault.xctoolchain/usr/bin/clang -x objective-c -ivfsstatcache /Users/xinyufang/Library/Developer/Xcode/DerivedData/SDKStatCaches.noindex/iphonesimulator26.0-23A339-26257891a6c027eb51374368541b8346.sdkstatcache -fmessage-length\=0 -fdiagnostics-show-note-include-stack -fmacro-backtrace-limit\=0 -fno-color-diagnostics -fmodules-prune-interval\=86400 -fmodules-prune-after\=345600 -fbuild-session-file\=/Users/xinyufang/Library/Developer/Xcode/DerivedData/ModuleCache.noindex/Session.modulevalidation -fmodules-validate-once-per-build-session -Wnon-modular-include-in-framework-module -Werror\=non-modular-include-in-framework-module -Wno-trigraphs -Wno-missing-field-initializers -Wno-missing-prototypes -Wno-return-type -Wno-implicit-atomic-properties -Wno-objc-interface-ivars -Wno-arc-repeated-use-of-weak -Wno-missing-braces -Wparentheses -Wswitch -Wno-unused-function -Wno-unused-label -Wno-unused-parameter -Wno-unused-variable -Wunused-value -Wno-empty-body -Wno-uninitialized -Wno-unknown-pragmas -w -Wno-shadow -Wno-four-char-constants -Wno-conversion -Wno-constant-conversion -Wno-int-conversion -Wno-bool-conversion -Wno-enum-conversion -Wno-float-conversion -Wno-non-literal-null-conversion -Wno-objc-literal-conversion -Wshorten-64-to-32 -Wpointer-sign -Wno-newline-eof -Wno-selector -Wno-strict-selector-match -Wno-undeclared-selector -Wno-deprecated-implementations -Wno-implicit-fallthrough -fstrict-aliasing -Wprotocol -Wdeprecated-declarations -Wno-sign-conversion -Wno-infinite-recursion -Wno-comma -Wno-block-capture-autoreleasing -Wno-strict-prototypes -Wno-semicolon-before-method-body -index-store-path /Users/xinyufang/Library/Developer/Xcode/DerivedData/Buzz-faillbpsmponqzeruhhvskovixzk/Index.noindex/DataStore @/Users/xinyufang/Library/Developer/Xcode/DerivedData/Buzz-faillbpsmponqzeruhhvskovixzk/Build/Intermediates.noindex/Promises.build/Debug-iphonesimulator/FBLPromises.build/Objects-normal/arm64/e6072d4f65d7061329687fe24e3d63a7-common-args.resp -include /Users/xinyufang/Library/Developer/Xcode/DerivedData/Buzz-faillbpsmponqzeruhhvskovixzk/Build/Intermediates.noindex/Promises.build/Debug-iphonesimulator/FBLPromises.build/DerivedSources/resource_bundle_accessor.h -MMD -MT dependencies -MF /Users/xinyufang/Library/Developer/Xcode/DerivedData/Buzz-faillbpsmponqzeruhhvskovixzk/Build/Intermediates.noindex/Promises.build/Debug-iphonesimulator/FBLPromises.build/Objects-normal/arm64/FBLPromise+All.d --serialize-diagnostics /Users/xinyufang/Library/Developer/Xcode/DerivedData/Buzz-faillbpsmponqzeruhhvskovixzk/Build/Intermediates.noindex/Promises.build/Debug-iphonesimulator/FBLPromises.build/Objects-normal/arm64/FBLPromise+All.dia -c /Users/xinyufang/Library/Developer/Xcode/DerivedData/Buzz-faillbpsmponqzeruhhvskovixzk/SourcePackages/checkouts/promises/Sources/FBLPromises/FBLPromise+All.m -o /Users/xinyufang/Library/Developer/Xcode/DerivedData/Buzz-faillbpsmponqzeruhhvskovixzk/Build/Intermediates.noindex/Promises.build/Debug-iphonesimulator/FBLPromises.build/Objects-normal/arm64/FBLPromise+All.o -index-unit-output-path /Promises.build/Debug-iphonesimulator/FBLPromises.build/Objects-normal/arm64/FBLPromise+All.o

CompileC /Users/xinyufang/Library/Developer/Xcode/DerivedData/Buzz-faillbpsmponqzeruhhvskovixzk/Build/Intermediates.noindex/AppCheck.build/Debug-iphonesimulator/AppCheckCore.build/Objects-normal/arm64/GACURLSessionDataResponse.o /Users/xinyufang/Library/Developer/Xcode/DerivedData/Buzz-faillbpsmponqzeruhhvskovixzk/SourcePackages/checkouts/app-check/AppCheckCore/Sources/Core/APIService/GACURLSessionDataResponse.m normal arm64 objective-c com.apple.compilers.llvm.clang.1_0.compiler (in target 'AppCheckCore' from project 'AppCheck')
    cd /Users/xinyufang/Documents/Buzz/Buzz.xcodeproj
    
    Using response file: /Users/xinyufang/Library/Developer/Xcode/DerivedData/Buzz-faillbpsmponqzeruhhvskovixzk/Build/Intermediates.noindex/AppCheck.build/Debug-iphonesimulator/AppCheckCore.build/Objects-normal/arm64/e6072d4f65d7061329687fe24e3d63a7-common-args.resp
    
    /Applications/Xcode.app/Contents/Developer/Toolchains/XcodeDefault.xctoolchain/usr/bin/clang -x objective-c -ivfsstatcache /Users/xinyufang/Library/Developer/Xcode/DerivedData/SDKStatCaches.noindex/iphonesimulator26.0-23A339-26257891a6c027eb51374368541b8346.sdkstatcache -fmessage-length\=0 -fdiagnostics-show-note-include-stack -fmacro-backtrace-limit\=0 -fno-color-diagnostics -fmodules-prune-interval\=86400 -fmodules-prune-after\=345600 -fbuild-session-file\=/Users/xinyufang/Library/Developer/Xcode/DerivedData/ModuleCache.noindex/Session.modulevalidation -fmodules-validate-once-per-build-session -Wnon-modular-include-in-framework-module -Werror\=non-modular-include-in-framework-module -Wno-trigraphs -Wno-missing-field-initializers -Wno-missing-prototypes -Wno-return-type -Wno-implicit-atomic-properties -Wno-objc-interface-ivars -Wno-arc-repeated-use-of-weak -Wno-missing-braces -Wparentheses -Wswitch -Wno-unused-function -Wno-unused-label -Wno-unused-parameter -Wno-unused-variable -Wunused-value -Wno-empty-body -Wno-uninitialized -Wno-unknown-pragmas -w -Wno-shadow -Wno-four-char-constants -Wno-conversion -Wno-constant-conversion -Wno-int-conversion -Wno-bool-conversion -Wno-enum-conversion -Wno-float-conversion -Wno-non-literal-null-conversion -Wno-objc-literal-conversion -Wshorten-64-to-32 -Wpointer-sign -Wno-newline-eof -Wno-selector -Wno-strict-selector-match -Wno-undeclared-selector -Wno-deprecated-implementations -Wno-implicit-fallthrough -fstrict-aliasing -Wprotocol -Wdeprecated-declarations -Wno-sign-conversion -Wno-infinite-recursion -Wno-comma -Wno-block-capture-autoreleasing -Wno-strict-prototypes -Wno-semicolon-before-method-body -index-store-path /Users/xinyufang/Library/Developer/Xcode/DerivedData/Buzz-faillbpsmponqzeruhhvskovixzk/Index.noindex/DataStore @/Users/xinyufang/Library/Developer/Xcode/DerivedData/Buzz-faillbpsmponqzeruhhvskovixzk/Build/Intermediates.noindex/AppCheck.build/Debug-iphonesimulator/AppCheckCore.build/Objects-normal/arm64/e6072d4f65d7061329687fe24e3d63a7-common-args.resp -MMD -MT dependencies -MF /Users/xinyufang/Library/Developer/Xcode/DerivedData/Buzz-faillbpsmponqzeruhhvskovixzk/Build/Intermediates.noindex/AppCheck.build/Debug-iphonesimulator/AppCheckCore.build/Objects-normal/arm64/GACURLSessionDataResponse.d --serialize-diagnostics /Users/xinyufang/Library/Developer/Xcode/DerivedData/Buzz-faillbpsmponqzeruhhvskovixzk/Build/Intermediates.noindex/AppCheck.build/Debug-iphonesimulator/AppCheckCore.build/Objects-normal/arm64/GACURLSessionDataResponse.dia -c /Users/xinyufang/Library/Developer/Xcode/DerivedData/Buzz-faillbpsmponqzeruhhvskovixzk/SourcePackages/checkouts/app-check/AppCheckCore/Sources/Core/APIService/GACURLSessionDataResponse.m -o /Users/xinyufang/Library/Developer/Xcode/DerivedData/Buzz-faillbpsmponqzeruhhvskovixzk/Build/Intermediates.noindex/AppCheck.build/Debug-iphonesimulator/AppCheckCore.build/Objects-normal/arm64/GACURLSessionDataResponse.o -index-unit-output-path /AppCheck.build/Debug-iphonesimulator/AppCheckCore.build/Objects-normal/arm64/GACURLSessionDataResponse.o

CompileC /Users/xinyufang/Library/Developer/Xcode/DerivedData/Buzz-faillbpsmponqzeruhhvskovixzk/Build/Intermediates.noindex/AppCheck.build/Debug-iphonesimulator/AppCheckCore.build/Objects-normal/arm64/GACAppCheckTokenResult.o /Users/xinyufang/Library/Developer/Xcode/DerivedData/Buzz-faillbpsmponqzeruhhvskovixzk/SourcePackages/checkouts/app-check/AppCheckCore/Sources/Core/GACAppCheckTokenResult.m normal arm64 objective-c com.apple.compilers.llvm.clang.1_0.compiler (in target 'AppCheckCore' from project 'AppCheck')
    cd /Users/xinyufang/Documents/Buzz/Buzz.xcodeproj
    
    Using response file: /Users/xinyufang/Library/Developer/Xcode/DerivedData/Buzz-faillbpsmponqzeruhhvskovixzk/Build/Intermediates.noindex/AppCheck.build/Debug-iphonesimulator/AppCheckCore.build/Objects-normal/arm64/e6072d4f65d7061329687fe24e3d63a7-common-args.resp
    
    /Applications/Xcode.app/Contents/Developer/Toolchains/XcodeDefault.xctoolchain/usr/bin/clang -x objective-c -ivfsstatcache /Users/xinyufang/Library/Developer/Xcode/DerivedData/SDKStatCaches.noindex/iphonesimulator26.0-23A339-26257891a6c027eb51374368541b8346.sdkstatcache -fmessage-length\=0 -fdiagnostics-show-note-include-stack -fmacro-backtrace-limit\=0 -fno-color-diagnostics -fmodules-prune-interval\=86400 -fmodules-prune-after\=345600 -fbuild-session-file\=/Users/xinyufang/Library/Developer/Xcode/DerivedData/ModuleCache.noindex/Session.modulevalidation -fmodules-validate-once-per-build-session -Wnon-modular-include-in-framework-module -Werror\=non-modular-include-in-framework-module -Wno-trigraphs -Wno-missing-field-initializers -Wno-missing-prototypes -Wno-return-type -Wno-implicit-atomic-properties -Wno-objc-interface-ivars -Wno-arc-repeated-use-of-weak -Wno-missing-braces -Wparentheses -Wswitch -Wno-unused-function -Wno-unused-label -Wno-unused-parameter -Wno-unused-variable -Wunused-value -Wno-empty-body -Wno-uninitialized -Wno-unknown-pragmas -w -Wno-shadow -Wno-four-char-constants -Wno-conversion -Wno-constant-conversion -Wno-int-conversion -Wno-bool-conversion -Wno-enum-conversion -Wno-float-conversion -Wno-non-literal-null-conversion -Wno-objc-literal-conversion -Wshorten-64-to-32 -Wpointer-sign -Wno-newline-eof -Wno-selector -Wno-strict-selector-match -Wno-undeclared-selector -Wno-deprecated-implementations -Wno-implicit-fallthrough -fstrict-aliasing -Wprotocol -Wdeprecated-declarations -Wno-sign-conversion -Wno-infinite-recursion -Wno-comma -Wno-block-capture-autoreleasing -Wno-strict-prototypes -Wno-semicolon-before-method-body -index-store-path /Users/xinyufang/Library/Developer/Xcode/DerivedData/Buzz-faillbpsmponqzeruhhvskovixzk/Index.noindex/DataStore @/Users/xinyufang/Library/Developer/Xcode/DerivedData/Buzz-faillbpsmponqzeruhhvskovixzk/Build/Intermediates.noindex/AppCheck.build/Debug-iphonesimulator/AppCheckCore.build/Objects-normal/arm64/e6072d4f65d7061329687fe24e3d63a7-common-args.resp -MMD -MT dependencies -MF /Users/xinyufang/Library/Developer/Xcode/DerivedData/Buzz-faillbpsmponqzeruhhvskovixzk/Build/Intermediates.noindex/AppCheck.build/Debug-iphonesimulator/AppCheckCore.build/Objects-normal/arm64/GACAppCheckTokenResult.d --serialize-diagnostics /Users/xinyufang/Library/Developer/Xcode/DerivedData/Buzz-faillbpsmponqzeruhhvskovixzk/Build/Intermediates.noindex/AppCheck.build/Debug-iphonesimulator/AppCheckCore.build/Objects-normal/arm64/GACAppCheckTokenResult.dia -c /Users/xinyufang/Library/Developer/Xcode/DerivedData/Buzz-faillbpsmponqzeruhhvskovixzk/SourcePackages/checkouts/app-check/AppCheckCore/Sources/Core/GACAppCheckTokenResult.m -o /Users/xinyufang/Library/Developer/Xcode/DerivedData/Buzz-faillbpsmponqzeruhhvskovixzk/Build/Intermediates.noindex/AppCheck.build/Debug-iphonesimulator/AppCheckCore.build/Objects-normal/arm64/GACAppCheckTokenResult.o -index-unit-output-path /AppCheck.build/Debug-iphonesimulator/AppCheckCore.build/Objects-normal/arm64/GACAppCheckTokenResult.o

CompileC /Users/xinyufang/Library/Developer/Xcode/DerivedData/Buzz-faillbpsmponqzeruhhvskovixzk/Build/Intermediates.noindex/AppCheck.build/Debug-iphonesimulator/AppCheckCore.build/Objects-normal/arm64/GACAppCheckTokenRefresher.o /Users/xinyufang/Library/Developer/Xcode/DerivedData/Buzz-faillbpsmponqzeruhhvskovixzk/SourcePackages/checkouts/app-check/AppCheckCore/Sources/Core/TokenRefresh/GACAppCheckTokenRefresher.m normal arm64 objective-c com.apple.compilers.llvm.clang.1_0.compiler (in target 'AppCheckCore' from project 'AppCheck')
    cd /Users/xinyufang/Documents/Buzz/Buzz.xcodeproj
    
    Using response file: /Users/xinyufang/Library/Developer/Xcode/DerivedData/Buzz-faillbpsmponqzeruhhvskovixzk/Build/Intermediates.noindex/AppCheck.build/Debug-iphonesimulator/AppCheckCore.build/Objects-normal/arm64/e6072d4f65d7061329687fe24e3d63a7-common-args.resp
    
    /Applications/Xcode.app/Contents/Developer/Toolchains/XcodeDefault.xctoolchain/usr/bin/clang -x objective-c -ivfsstatcache /Users/xinyufang/Library/Developer/Xcode/DerivedData/SDKStatCaches.noindex/iphonesimulator26.0-23A339-26257891a6c027eb51374368541b8346.sdkstatcache -fmessage-length\=0 -fdiagnostics-show-note-include-stack -fmacro-backtrace-limit\=0 -fno-color-diagnostics -fmodules-prune-interval\=86400 -fmodules-prune-after\=345600 -fbuild-session-file\=/Users/xinyufang/Library/Developer/Xcode/DerivedData/ModuleCache.noindex/Session.modulevalidation -fmodules-validate-once-per-build-session -Wnon-modular-include-in-framework-module -Werror\=non-modular-include-in-framework-module -Wno-trigraphs -Wno-missing-field-initializers -Wno-missing-prototypes -Wno-return-type -Wno-implicit-atomic-properties -Wno-objc-interface-ivars -Wno-arc-repeated-use-of-weak -Wno-missing-braces -Wparentheses -Wswitch -Wno-unused-function -Wno-unused-label -Wno-unused-parameter -Wno-unused-variable -Wunused-value -Wno-empty-body -Wno-uninitialized -Wno-unknown-pragmas -w -Wno-shadow -Wno-four-char-constants -Wno-conversion -Wno-constant-conversion -Wno-int-conversion -Wno-bool-conversion -Wno-enum-conversion -Wno-float-conversion -Wno-non-literal-null-conversion -Wno-objc-literal-conversion -Wshorten-64-to-32 -Wpointer-sign -Wno-newline-eof -Wno-selector -Wno-strict-selector-match -Wno-undeclared-selector -Wno-deprecated-implementations -Wno-implicit-fallthrough -fstrict-aliasing -Wprotocol -Wdeprecated-declarations -Wno-sign-conversion -Wno-infinite-recursion -Wno-comma -Wno-block-capture-autoreleasing -Wno-strict-prototypes -Wno-semicolon-before-method-body -index-store-path /Users/xinyufang/Library/Developer/Xcode/DerivedData/Buzz-faillbpsmponqzeruhhvskovixzk/Index.noindex/DataStore @/Users/xinyufang/Library/Developer/Xcode/DerivedData/Buzz-faillbpsmponqzeruhhvskovixzk/Build/Intermediates.noindex/AppCheck.build/Debug-iphonesimulator/AppCheckCore.build/Objects-normal/arm64/e6072d4f65d7061329687fe24e3d63a7-common-args.resp -MMD -MT dependencies -MF /Users/xinyufang/Library/Developer/Xcode/DerivedData/Buzz-faillbpsmponqzeruhhvskovixzk/Build/Intermediates.noindex/AppCheck.build/Debug-iphonesimulator/AppCheckCore.build/Objects-normal/arm64/GACAppCheckTokenRefresher.d --serialize-diagnostics /Users/xinyufang/Library/Developer/Xcode/DerivedData/Buzz-faillbpsmponqzeruhhvskovixzk/Build/Intermediates.noindex/AppCheck.build/Debug-iphonesimulator/AppCheckCore.build/Objects-normal/arm64/GACAppCheckTokenRefresher.dia -c /Users/xinyufang/Library/Developer/Xcode/DerivedData/Buzz-faillbpsmponqzeruhhvskovixzk/SourcePackages/checkouts/app-check/AppCheckCore/Sources/Core/TokenRefresh/GACAppCheckTokenRefresher.m -o /Users/xinyufang/Library/Developer/Xcode/DerivedData/Buzz-faillbpsmponqzeruhhvskovixzk/Build/Intermediates.noindex/AppCheck.build/Debug-iphonesimulator/AppCheckCore.build/Objects-normal/arm64/GACAppCheckTokenRefresher.o -index-unit-output-path /AppCheck.build/Debug-iphonesimulator/AppCheckCore.build/Objects-normal/arm64/GACAppCheckTokenRefresher.o

CompileC /Users/xinyufang/Library/Developer/Xcode/DerivedData/Buzz-faillbpsmponqzeruhhvskovixzk/Build/Intermediates.noindex/AppCheck.build/Debug-iphonesimulator/AppCheckCore.build/Objects-normal/arm64/GACAppCheckTokenRefreshResult.o /Users/xinyufang/Library/Developer/Xcode/DerivedData/Buzz-faillbpsmponqzeruhhvskovixzk/SourcePackages/checkouts/app-check/AppCheckCore/Sources/Core/TokenRefresh/GACAppCheckTokenRefreshResult.m normal arm64 objective-c com.apple.compilers.llvm.clang.1_0.compiler (in target 'AppCheckCore' from project 'AppCheck')
    cd /Users/xinyufang/Documents/Buzz/Buzz.xcodeproj
    
    Using response file: /Users/xinyufang/Library/Developer/Xcode/DerivedData/Buzz-faillbpsmponqzeruhhvskovixzk/Build/Intermediates.noindex/AppCheck.build/Debug-iphonesimulator/AppCheckCore.build/Objects-normal/arm64/e6072d4f65d7061329687fe24e3d63a7-common-args.resp
    
    /Applications/Xcode.app/Contents/Developer/Toolchains/XcodeDefault.xctoolchain/usr/bin/clang -x objective-c -ivfsstatcache /Users/xinyufang/Library/Developer/Xcode/DerivedData/SDKStatCaches.noindex/iphonesimulator26.0-23A339-26257891a6c027eb51374368541b8346.sdkstatcache -fmessage-length\=0 -fdiagnostics-show-note-include-stack -fmacro-backtrace-limit\=0 -fno-color-diagnostics -fmodules-prune-interval\=86400 -fmodules-prune-after\=345600 -fbuild-session-file\=/Users/xinyufang/Library/Developer/Xcode/DerivedData/ModuleCache.noindex/Session.modulevalidation -fmodules-validate-once-per-build-session -Wnon-modular-include-in-framework-module -Werror\=non-modular-include-in-framework-module -Wno-trigraphs -Wno-missing-field-initializers -Wno-missing-prototypes -Wno-return-type -Wno-implicit-atomic-properties -Wno-objc-interface-ivars -Wno-arc-repeated-use-of-weak -Wno-missing-braces -Wparentheses -Wswitch -Wno-unused-function -Wno-unused-label -Wno-unused-parameter -Wno-unused-variable -Wunused-value -Wno-empty-body -Wno-uninitialized -Wno-unknown-pragmas -w -Wno-shadow -Wno-four-char-constants -Wno-conversion -Wno-constant-conversion -Wno-int-conversion -Wno-bool-conversion -Wno-enum-conversion -Wno-float-conversion -Wno-non-literal-null-conversion -Wno-objc-literal-conversion -Wshorten-64-to-32 -Wpointer-sign -Wno-newline-eof -Wno-selector -Wno-strict-selector-match -Wno-undeclared-selector -Wno-deprecated-implementations -Wno-implicit-fallthrough -fstrict-aliasing -Wprotocol -Wdeprecated-declarations -Wno-sign-conversion -Wno-infinite-recursion -Wno-comma -Wno-block-capture-autoreleasing -Wno-strict-prototypes -Wno-semicolon-before-method-body -index-store-path /Users/xinyufang/Library/Developer/Xcode/DerivedData/Buzz-faillbpsmponqzeruhhvskovixzk/Index.noindex/DataStore @/Users/xinyufang/Library/Developer/Xcode/DerivedData/Buzz-faillbpsmponqzeruhhvskovixzk/Build/Intermediates.noindex/AppCheck.build/Debug-iphonesimulator/AppCheckCore.build/Objects-normal/arm64/e6072d4f65d7061329687fe24e3d63a7-common-args.resp -MMD -MT dependencies -MF /Users/xinyufang/Library/Developer/Xcode/DerivedData/Buzz-faillbpsmponqzeruhhvskovixzk/Build/Intermediates.noindex/AppCheck.build/Debug-iphonesimulator/AppCheckCore.build/Objects-normal/arm64/GACAppCheckTokenRefreshResult.d --serialize-diagnostics /Users/xinyufang/Library/Developer/Xcode/DerivedData/Buzz-faillbpsmponqzeruhhvskovixzk/Build/Intermediates.noindex/AppCheck.build/Debug-iphonesimulator/AppCheckCore.build/Objects-normal/arm64/GACAppCheckTokenRefreshResult.dia -c /Users/xinyufang/Library/Developer/Xcode/DerivedData/Buzz-faillbpsmponqzeruhhvskovixzk/SourcePackages/checkouts/app-check/AppCheckCore/Sources/Core/TokenRefresh/GACAppCheckTokenRefreshResult.m -o /Users/xinyufang/Library/Developer/Xcode/DerivedData/Buzz-faillbpsmponqzeruhhvskovixzk/Build/Intermediates.noindex/AppCheck.build/Debug-iphonesimulator/AppCheckCore.build/Objects-normal/arm64/GACAppCheckTokenRefreshResult.o -index-unit-output-path /AppCheck.build/Debug-iphonesimulator/AppCheckCore.build/Objects-normal/arm64/GACAppCheckTokenRefreshResult.o

CompileC /Users/xinyufang/Library/Developer/Xcode/DerivedData/Buzz-faillbpsmponqzeruhhvskovixzk/Build/Intermediates.noindex/AppCheck.build/Debug-iphonesimulator/AppCheckCore.build/Objects-normal/arm64/GACAppCheckToken.o /Users/xinyufang/Library/Developer/Xcode/DerivedData/Buzz-faillbpsmponqzeruhhvskovixzk/SourcePackages/checkouts/app-check/AppCheckCore/Sources/Core/GACAppCheckToken.m normal arm64 objective-c com.apple.compilers.llvm.clang.1_0.compiler (in target 'AppCheckCore' from project 'AppCheck')
    cd /Users/xinyufang/Documents/Buzz/Buzz.xcodeproj
    
    Using response file: /Users/xinyufang/Library/Developer/Xcode/DerivedData/Buzz-faillbpsmponqzeruhhvskovixzk/Build/Intermediates.noindex/AppCheck.build/Debug-iphonesimulator/AppCheckCore.build/Objects-normal/arm64/e6072d4f65d7061329687fe24e3d63a7-common-args.resp
    
    /Applications/Xcode.app/Contents/Developer/Toolchains/XcodeDefault.xctoolchain/usr/bin/clang -x objective-c -ivfsstatcache /Users/xinyufang/Library/Developer/Xcode/DerivedData/SDKStatCaches.noindex/iphonesimulator26.0-23A339-26257891a6c027eb51374368541b8346.sdkstatcache -fmessage-length\=0 -fdiagnostics-show-note-include-stack -fmacro-backtrace-limit\=0 -fno-color-diagnostics -fmodules-prune-interval\=86400 -fmodules-prune-after\=345600 -fbuild-session-file\=/Users/xinyufang/Library/Developer/Xcode/DerivedData/ModuleCache.noindex/Session.modulevalidation -fmodules-validate-once-per-build-session -Wnon-modular-include-in-framework-module -Werror\=non-modular-include-in-framework-module -Wno-trigraphs -Wno-missing-field-initializers -Wno-missing-prototypes -Wno-return-type -Wno-implicit-atomic-properties -Wno-objc-interface-ivars -Wno-arc-repeated-use-of-weak -Wno-missing-braces -Wparentheses -Wswitch -Wno-unused-function -Wno-unused-label -Wno-unused-parameter -Wno-unused-variable -Wunused-value -Wno-empty-body -Wno-uninitialized -Wno-unknown-pragmas -w -Wno-shadow -Wno-four-char-constants -Wno-conversion -Wno-constant-conversion -Wno-int-conversion -Wno-bool-conversion -Wno-enum-conversion -Wno-float-conversion -Wno-non-literal-null-conversion -Wno-objc-literal-conversion -Wshorten-64-to-32 -Wpointer-sign -Wno-newline-eof -Wno-selector -Wno-strict-selector-match -Wno-undeclared-selector -Wno-deprecated-implementations -Wno-implicit-fallthrough -fstrict-aliasing -Wprotocol -Wdeprecated-declarations -Wno-sign-conversion -Wno-infinite-recursion -Wno-comma -Wno-block-capture-autoreleasing -Wno-strict-prototypes -Wno-semicolon-before-method-body -index-store-path /Users/xinyufang/Library/Developer/Xcode/DerivedData/Buzz-faillbpsmponqzeruhhvskovixzk/Index.noindex/DataStore @/Users/xinyufang/Library/Developer/Xcode/DerivedData/Buzz-faillbpsmponqzeruhhvskovixzk/Build/Intermediates.noindex/AppCheck.build/Debug-iphonesimulator/AppCheckCore.build/Objects-normal/arm64/e6072d4f65d7061329687fe24e3d63a7-common-args.resp -MMD -MT dependencies -MF /Users/xinyufang/Library/Developer/Xcode/DerivedData/Buzz-faillbpsmponqzeruhhvskovixzk/Build/Intermediates.noindex/AppCheck.build/Debug-iphonesimulator/AppCheckCore.build/Objects-normal/arm64/GACAppCheckToken.d --serialize-diagnostics /Users/xinyufang/Library/Developer/Xcode/DerivedData/Buzz-faillbpsmponqzeruhhvskovixzk/Build/Intermediates.noindex/AppCheck.build/Debug-iphonesimulator/AppCheckCore.build/Objects-normal/arm64/GACAppCheckToken.dia -c /Users/xinyufang/Library/Developer/Xcode/DerivedData/Buzz-faillbpsmponqzeruhhvskovixzk/SourcePackages/checkouts/app-check/AppCheckCore/Sources/Core/GACAppCheckToken.m -o /Users/xinyufang/Library/Developer/Xcode/DerivedData/Buzz-faillbpsmponqzeruhhvskovixzk/Build/Intermediates.noindex/AppCheck.build/Debug-iphonesimulator/AppCheckCore.build/Objects-normal/arm64/GACAppCheckToken.o -index-unit-output-path /AppCheck.build/Debug-iphonesimulator/AppCheckCore.build/Objects-normal/arm64/GACAppCheckToken.o

CompileC /Users/xinyufang/Library/Developer/Xcode/DerivedData/Buzz-faillbpsmponqzeruhhvskovixzk/Build/Intermediates.noindex/AppCheck.build/Debug-iphonesimulator/AppCheckCore.build/Objects-normal/arm64/GACAppCheckTimer.o /Users/xinyufang/Library/Developer/Xcode/DerivedData/Buzz-faillbpsmponqzeruhhvskovixzk/SourcePackages/checkouts/app-check/AppCheckCore/Sources/Core/TokenRefresh/GACAppCheckTimer.m normal arm64 objective-c com.apple.compilers.llvm.clang.1_0.compiler (in target 'AppCheckCore' from project 'AppCheck')
    cd /Users/xinyufang/Documents/Buzz/Buzz.xcodeproj
    
    Using response file: /Users/xinyufang/Library/Developer/Xcode/DerivedData/Buzz-faillbpsmponqzeruhhvskovixzk/Build/Intermediates.noindex/AppCheck.build/Debug-iphonesimulator/AppCheckCore.build/Objects-normal/arm64/e6072d4f65d7061329687fe24e3d63a7-common-args.resp
    
    /Applications/Xcode.app/Contents/Developer/Toolchains/XcodeDefault.xctoolchain/usr/bin/clang -x objective-c -ivfsstatcache /Users/xinyufang/Library/Developer/Xcode/DerivedData/SDKStatCaches.noindex/iphonesimulator26.0-23A339-26257891a6c027eb51374368541b8346.sdkstatcache -fmessage-length\=0 -fdiagnostics-show-note-include-stack -fmacro-backtrace-limit\=0 -fno-color-diagnostics -fmodules-prune-interval\=86400 -fmodules-prune-after\=345600 -fbuild-session-file\=/Users/xinyufang/Library/Developer/Xcode/DerivedData/ModuleCache.noindex/Session.modulevalidation -fmodules-validate-once-per-build-session -Wnon-modular-include-in-framework-module -Werror\=non-modular-include-in-framework-module -Wno-trigraphs -Wno-missing-field-initializers -Wno-missing-prototypes -Wno-return-type -Wno-implicit-atomic-properties -Wno-objc-interface-ivars -Wno-arc-repeated-use-of-weak -Wno-missing-braces -Wparentheses -Wswitch -Wno-unused-function -Wno-unused-label -Wno-unused-parameter -Wno-unused-variable -Wunused-value -Wno-empty-body -Wno-uninitialized -Wno-unknown-pragmas -w -Wno-shadow -Wno-four-char-constants -Wno-conversion -Wno-constant-conversion -Wno-int-conversion -Wno-bool-conversion -Wno-enum-conversion -Wno-float-conversion -Wno-non-literal-null-conversion -Wno-objc-literal-conversion -Wshorten-64-to-32 -Wpointer-sign -Wno-newline-eof -Wno-selector -Wno-strict-selector-match -Wno-undeclared-selector -Wno-deprecated-implementations -Wno-implicit-fallthrough -fstrict-aliasing -Wprotocol -Wdeprecated-declarations -Wno-sign-conversion -Wno-infinite-recursion -Wno-comma -Wno-block-capture-autoreleasing -Wno-strict-prototypes -Wno-semicolon-before-method-body -index-store-path /Users/xinyufang/Library/Developer/Xcode/DerivedData/Buzz-faillbpsmponqzeruhhvskovixzk/Index.noindex/DataStore @/Users/xinyufang/Library/Developer/Xcode/DerivedData/Buzz-faillbpsmponqzeruhhvskovixzk/Build/Intermediates.noindex/AppCheck.build/Debug-iphonesimulator/AppCheckCore.build/Objects-normal/arm64/e6072d4f65d7061329687fe24e3d63a7-common-args.resp -MMD -MT dependencies -MF /Users/xinyufang/Library/Developer/Xcode/DerivedData/Buzz-faillbpsmponqzeruhhvskovixzk/Build/Intermediates.noindex/AppCheck.build/Debug-iphonesimulator/AppCheckCore.build/Objects-normal/arm64/GACAppCheckTimer.d --serialize-diagnostics /Users/xinyufang/Library/Developer/Xcode/DerivedData/Buzz-faillbpsmponqzeruhhvskovixzk/Build/Intermediates.noindex/AppCheck.build/Debug-iphonesimulator/AppCheckCore.build/Objects-normal/arm64/GACAppCheckTimer.dia -c /Users/xinyufang/Library/Developer/Xcode/DerivedData/Buzz-faillbpsmponqzeruhhvskovixzk/SourcePackages/checkouts/app-check/AppCheckCore/Sources/Core/TokenRefresh/GACAppCheckTimer.m -o /Users/xinyufang/Library/Developer/Xcode/DerivedData/Buzz-faillbpsmponqzeruhhvskovixzk/Build/Intermediates.noindex/AppCheck.build/Debug-iphonesimulator/AppCheckCore.build/Objects-normal/arm64/GACAppCheckTimer.o -index-unit-output-path /AppCheck.build/Debug-iphonesimulator/AppCheckCore.build/Objects-normal/arm64/GACAppCheckTimer.o

CompileC /Users/xinyufang/Library/Developer/Xcode/DerivedData/Buzz-faillbpsmponqzeruhhvskovixzk/Build/Intermediates.noindex/AppCheck.build/Debug-iphonesimulator/AppCheckCore.build/Objects-normal/arm64/GACAppCheckStoredToken.o /Users/xinyufang/Library/Developer/Xcode/DerivedData/Buzz-faillbpsmponqzeruhhvskovixzk/SourcePackages/checkouts/app-check/AppCheckCore/Sources/Core/Storage/GACAppCheckStoredToken.m normal arm64 objective-c com.apple.compilers.llvm.clang.1_0.compiler (in target 'AppCheckCore' from project 'AppCheck')
    cd /Users/xinyufang/Documents/Buzz/Buzz.xcodeproj
    
    Using response file: /Users/xinyufang/Library/Developer/Xcode/DerivedData/Buzz-faillbpsmponqzeruhhvskovixzk/Build/Intermediates.noindex/AppCheck.build/Debug-iphonesimulator/AppCheckCore.build/Objects-normal/arm64/e6072d4f65d7061329687fe24e3d63a7-common-args.resp
    
    /Applications/Xcode.app/Contents/Developer/Toolchains/XcodeDefault.xctoolchain/usr/bin/clang -x objective-c -ivfsstatcache /Users/xinyufang/Library/Developer/Xcode/DerivedData/SDKStatCaches.noindex/iphonesimulator26.0-23A339-26257891a6c027eb51374368541b8346.sdkstatcache -fmessage-length\=0 -fdiagnostics-show-note-include-stack -fmacro-backtrace-limit\=0 -fno-color-diagnostics -fmodules-prune-interval\=86400 -fmodules-prune-after\=345600 -fbuild-session-file\=/Users/xinyufang/Library/Developer/Xcode/DerivedData/ModuleCache.noindex/Session.modulevalidation -fmodules-validate-once-per-build-session -Wnon-modular-include-in-framework-module -Werror\=non-modular-include-in-framework-module -Wno-trigraphs -Wno-missing-field-initializers -Wno-missing-prototypes -Wno-return-type -Wno-implicit-atomic-properties -Wno-objc-interface-ivars -Wno-arc-repeated-use-of-weak -Wno-missing-braces -Wparentheses -Wswitch -Wno-unused-function -Wno-unused-label -Wno-unused-parameter -Wno-unused-variable -Wunused-value -Wno-empty-body -Wno-uninitialized -Wno-unknown-pragmas -w -Wno-shadow -Wno-four-char-constants -Wno-conversion -Wno-constant-conversion -Wno-int-conversion -Wno-bool-conversion -Wno-enum-conversion -Wno-float-conversion -Wno-non-literal-null-conversion -Wno-objc-literal-conversion -Wshorten-64-to-32 -Wpointer-sign -Wno-newline-eof -Wno-selector -Wno-strict-selector-match -Wno-undeclared-selector -Wno-deprecated-implementations -Wno-implicit-fallthrough -fstrict-aliasing -Wprotocol -Wdeprecated-declarations -Wno-sign-conversion -Wno-infinite-recursion -Wno-comma -Wno-block-capture-autoreleasing -Wno-strict-prototypes -Wno-semicolon-before-method-body -index-store-path /Users/xinyufang/Library/Developer/Xcode/DerivedData/Buzz-faillbpsmponqzeruhhvskovixzk/Index.noindex/DataStore @/Users/xinyufang/Library/Developer/Xcode/DerivedData/Buzz-faillbpsmponqzeruhhvskovixzk/Build/Intermediates.noindex/AppCheck.build/Debug-iphonesimulator/AppCheckCore.build/Objects-normal/arm64/e6072d4f65d7061329687fe24e3d63a7-common-args.resp -MMD -MT dependencies -MF /Users/xinyufang/Library/Developer/Xcode/DerivedData/Buzz-faillbpsmponqzeruhhvskovixzk/Build/Intermediates.noindex/AppCheck.build/Debug-iphonesimulator/AppCheckCore.build/Objects-normal/arm64/GACAppCheckStoredToken.d --serialize-diagnostics /Users/xinyufang/Library/Developer/Xcode/DerivedData/Buzz-faillbpsmponqzeruhhvskovixzk/Build/Intermediates.noindex/AppCheck.build/Debug-iphonesimulator/AppCheckCore.build/Objects-normal/arm64/GACAppCheckStoredToken.dia -c /Users/xinyufang/Library/Developer/Xcode/DerivedData/Buzz-faillbpsmponqzeruhhvskovixzk/SourcePackages/checkouts/app-check/AppCheckCore/Sources/Core/Storage/GACAppCheckStoredToken.m -o /Users/xinyufang/Library/Developer/Xcode/DerivedData/Buzz-faillbpsmponqzeruhhvskovixzk/Build/Intermediates.noindex/AppCheck.build/Debug-iphonesimulator/AppCheckCore.build/Objects-normal/arm64/GACAppCheckStoredToken.o -index-unit-output-path /AppCheck.build/Debug-iphonesimulator/AppCheckCore.build/Objects-normal/arm64/GACAppCheckStoredToken.o

CompileC /Users/xinyufang/Library/Developer/Xcode/DerivedData/Buzz-faillbpsmponqzeruhhvskovixzk/Build/Intermediates.noindex/AppCheck.build/Debug-iphonesimulator/AppCheckCore.build/Objects-normal/arm64/GACAppCheckStoredToken+GACAppCheckToken.o /Users/xinyufang/Library/Developer/Xcode/DerivedData/Buzz-faillbpsmponqzeruhhvskovixzk/SourcePackages/checkouts/app-check/AppCheckCore/Sources/Core/Storage/GACAppCheckStoredToken+GACAppCheckToken.m normal arm64 objective-c com.apple.compilers.llvm.clang.1_0.compiler (in target 'AppCheckCore' from project 'AppCheck')
    cd /Users/xinyufang/Documents/Buzz/Buzz.xcodeproj
    
    Using response file: /Users/xinyufang/Library/Developer/Xcode/DerivedData/Buzz-faillbpsmponqzeruhhvskovixzk/Build/Intermediates.noindex/AppCheck.build/Debug-iphonesimulator/AppCheckCore.build/Objects-normal/arm64/e6072d4f65d7061329687fe24e3d63a7-common-args.resp
    
    /Applications/Xcode.app/Contents/Developer/Toolchains/XcodeDefault.xctoolchain/usr/bin/clang -x objective-c -ivfsstatcache /Users/xinyufang/Library/Developer/Xcode/DerivedData/SDKStatCaches.noindex/iphonesimulator26.0-23A339-26257891a6c027eb51374368541b8346.sdkstatcache -fmessage-length\=0 -fdiagnostics-show-note-include-stack -fmacro-backtrace-limit\=0 -fno-color-diagnostics -fmodules-prune-interval\=86400 -fmodules-prune-after\=345600 -fbuild-session-file\=/Users/xinyufang/Library/Developer/Xcode/DerivedData/ModuleCache.noindex/Session.modulevalidation -fmodules-validate-once-per-build-session -Wnon-modular-include-in-framework-module -Werror\=non-modular-include-in-framework-module -Wno-trigraphs -Wno-missing-field-initializers -Wno-missing-prototypes -Wno-return-type -Wno-implicit-atomic-properties -Wno-objc-interface-ivars -Wno-arc-repeated-use-of-weak -Wno-missing-braces -Wparentheses -Wswitch -Wno-unused-function -Wno-unused-label -Wno-unused-parameter -Wno-unused-variable -Wunused-value -Wno-empty-body -Wno-uninitialized -Wno-unknown-pragmas -w -Wno-shadow -Wno-four-char-constants -Wno-conversion -Wno-constant-conversion -Wno-int-conversion -Wno-bool-conversion -Wno-enum-conversion -Wno-float-conversion -Wno-non-literal-null-conversion -Wno-objc-literal-conversion -Wshorten-64-to-32 -Wpointer-sign -Wno-newline-eof -Wno-selector -Wno-strict-selector-match -Wno-undeclared-selector -Wno-deprecated-implementations -Wno-implicit-fallthrough -fstrict-aliasing -Wprotocol -Wdeprecated-declarations -Wno-sign-conversion -Wno-infinite-recursion -Wno-comma -Wno-block-capture-autoreleasing -Wno-strict-prototypes -Wno-semicolon-before-method-body -index-store-path /Users/xinyufang/Library/Developer/Xcode/DerivedData/Buzz-faillbpsmponqzeruhhvskovixzk/Index.noindex/DataStore @/Users/xinyufang/Library/Developer/Xcode/DerivedData/Buzz-faillbpsmponqzeruhhvskovixzk/Build/Intermediates.noindex/AppCheck.build/Debug-iphonesimulator/AppCheckCore.build/Objects-normal/arm64/e6072d4f65d7061329687fe24e3d63a7-common-args.resp -MMD -MT dependencies -MF /Users/xinyufang/Library/Developer/Xcode/DerivedData/Buzz-faillbpsmponqzeruhhvskovixzk/Build/Intermediates.noindex/AppCheck.build/Debug-iphonesimulator/AppCheckCore.build/Objects-normal/arm64/GACAppCheckStoredToken+GACAppCheckToken.d --serialize-diagnostics /Users/xinyufang/Library/Developer/Xcode/DerivedData/Buzz-faillbpsmponqzeruhhvskovixzk/Build/Intermediates.noindex/AppCheck.build/Debug-iphonesimulator/AppCheckCore.build/Objects-normal/arm64/GACAppCheckStoredToken+GACAppCheckToken.dia -c /Users/xinyufang/Library/Developer/Xcode/DerivedData/Buzz-faillbpsmponqzeruhhvskovixzk/SourcePackages/checkouts/app-check/AppCheckCore/Sources/Core/Storage/GACAppCheckStoredToken+GACAppCheckToken.m -o /Users/xinyufang/Library/Developer/Xcode/DerivedData/Buzz-faillbpsmponqzeruhhvskovixzk/Build/Intermediates.noindex/AppCheck.build/Debug-iphonesimulator/AppCheckCore.build/Objects-normal/arm64/GACAppCheckStoredToken+GACAppCheckToken.o -index-unit-output-path /AppCheck.build/Debug-iphonesimulator/AppCheckCore.build/Objects-normal/arm64/GACAppCheckStoredToken+GACAppCheckToken.o

CompileC /Users/xinyufang/Library/Developer/Xcode/DerivedData/Buzz-faillbpsmponqzeruhhvskovixzk/Build/Intermediates.noindex/AppCheck.build/Debug-iphonesimulator/AppCheckCore.build/Objects-normal/arm64/GACAppCheckSettings.o /Users/xinyufang/Library/Developer/Xcode/DerivedData/Buzz-faillbpsmponqzeruhhvskovixzk/SourcePackages/checkouts/app-check/AppCheckCore/Sources/Core/GACAppCheckSettings.m normal arm64 objective-c com.apple.compilers.llvm.clang.1_0.compiler (in target 'AppCheckCore' from project 'AppCheck')
    cd /Users/xinyufang/Documents/Buzz/Buzz.xcodeproj
    
    Using response file: /Users/xinyufang/Library/Developer/Xcode/DerivedData/Buzz-faillbpsmponqzeruhhvskovixzk/Build/Intermediates.noindex/AppCheck.build/Debug-iphonesimulator/AppCheckCore.build/Objects-normal/arm64/e6072d4f65d7061329687fe24e3d63a7-common-args.resp
    
    /Applications/Xcode.app/Contents/Developer/Toolchains/XcodeDefault.xctoolchain/usr/bin/clang -x objective-c -ivfsstatcache /Users/xinyufang/Library/Developer/Xcode/DerivedData/SDKStatCaches.noindex/iphonesimulator26.0-23A339-26257891a6c027eb51374368541b8346.sdkstatcache -fmessage-length\=0 -fdiagnostics-show-note-include-stack -fmacro-backtrace-limit\=0 -fno-color-diagnostics -fmodules-prune-interval\=86400 -fmodules-prune-after\=345600 -fbuild-session-file\=/Users/xinyufang/Library/Developer/Xcode/DerivedData/ModuleCache.noindex/Session.modulevalidation -fmodules-validate-once-per-build-session -Wnon-modular-include-in-framework-module -Werror\=non-modular-include-in-framework-module -Wno-trigraphs -Wno-missing-field-initializers -Wno-missing-prototypes -Wno-return-type -Wno-implicit-atomic-properties -Wno-objc-interface-ivars -Wno-arc-repeated-use-of-weak -Wno-missing-braces -Wparentheses -Wswitch -Wno-unused-function -Wno-unused-label -Wno-unused-parameter -Wno-unused-variable -Wunused-value -Wno-empty-body -Wno-uninitialized -Wno-unknown-pragmas -w -Wno-shadow -Wno-four-char-constants -Wno-conversion -Wno-constant-conversion -Wno-int-conversion -Wno-bool-conversion -Wno-enum-conversion -Wno-float-conversion -Wno-non-literal-null-conversion -Wno-objc-literal-conversion -Wshorten-64-to-32 -Wpointer-sign -Wno-newline-eof -Wno-selector -Wno-strict-selector-match -Wno-undeclared-selector -Wno-deprecated-implementations -Wno-implicit-fallthrough -fstrict-aliasing -Wprotocol -Wdeprecated-declarations -Wno-sign-conversion -Wno-infinite-recursion -Wno-comma -Wno-block-capture-autoreleasing -Wno-strict-prototypes -Wno-semicolon-before-method-body -index-store-path /Users/xinyufang/Library/Developer/Xcode/DerivedData/Buzz-faillbpsmponqzeruhhvskovixzk/Index.noindex/DataStore @/Users/xinyufang/Library/Developer/Xcode/DerivedData/Buzz-faillbpsmponqzeruhhvskovixzk/Build/Intermediates.noindex/AppCheck.build/Debug-iphonesimulator/AppCheckCore.build/Objects-normal/arm64/e6072d4f65d7061329687fe24e3d63a7-common-args.resp -MMD -MT dependencies -MF /Users/xinyufang/Library/Developer/Xcode/DerivedData/Buzz-faillbpsmponqzeruhhvskovixzk/Build/Intermediates.noindex/AppCheck.build/Debug-iphonesimulator/AppCheckCore.build/Objects-normal/arm64/GACAppCheckSettings.d --serialize-diagnostics /Users/xinyufang/Library/Developer/Xcode/DerivedData/Buzz-faillbpsmponqzeruhhvskovixzk/Build/Intermediates.noindex/AppCheck.build/Debug-iphonesimulator/AppCheckCore.build/Objects-normal/arm64/GACAppCheckSettings.dia -c /Users/xinyufang/Library/Developer/Xcode/DerivedData/Buzz-faillbpsmponqzeruhhvskovixzk/SourcePackages/checkouts/app-check/AppCheckCore/Sources/Core/GACAppCheckSettings.m -o /Users/xinyufang/Library/Developer/Xcode/DerivedData/Buzz-faillbpsmponqzeruhhvskovixzk/Build/Intermediates.noindex/AppCheck.build/Debug-iphonesimulator/AppCheckCore.build/Objects-normal/arm64/GACAppCheckSettings.o -index-unit-output-path /AppCheck.build/Debug-iphonesimulator/AppCheckCore.build/Objects-normal/arm64/GACAppCheckSettings.o

CompileC /Users/xinyufang/Library/Developer/Xcode/DerivedData/Buzz-faillbpsmponqzeruhhvskovixzk/Build/Intermediates.noindex/AppCheck.build/Debug-iphonesimulator/AppCheckCore.build/Objects-normal/arm64/GACAppCheckLogger.o /Users/xinyufang/Library/Developer/Xcode/DerivedData/Buzz-faillbpsmponqzeruhhvskovixzk/SourcePackages/checkouts/app-check/AppCheckCore/Sources/Core/GACAppCheckLogger.m normal arm64 objective-c com.apple.compilers.llvm.clang.1_0.compiler (in target 'AppCheckCore' from project 'AppCheck')
    cd /Users/xinyufang/Documents/Buzz/Buzz.xcodeproj
    
    Using response file: /Users/xinyufang/Library/Developer/Xcode/DerivedData/Buzz-faillbpsmponqzeruhhvskovixzk/Build/Intermediates.noindex/AppCheck.build/Debug-iphonesimulator/AppCheckCore.build/Objects-normal/arm64/e6072d4f65d7061329687fe24e3d63a7-common-args.resp
    
    /Applications/Xcode.app/Contents/Developer/Toolchains/XcodeDefault.xctoolchain/usr/bin/clang -x objective-c -ivfsstatcache /Users/xinyufang/Library/Developer/Xcode/DerivedData/SDKStatCaches.noindex/iphonesimulator26.0-23A339-26257891a6c027eb51374368541b8346.sdkstatcache -fmessage-length\=0 -fdiagnostics-show-note-include-stack -fmacro-backtrace-limit\=0 -fno-color-diagnostics -fmodules-prune-interval\=86400 -fmodules-prune-after\=345600 -fbuild-session-file\=/Users/xinyufang/Library/Developer/Xcode/DerivedData/ModuleCache.noindex/Session.modulevalidation -fmodules-validate-once-per-build-session -Wnon-modular-include-in-framework-module -Werror\=non-modular-include-in-framework-module -Wno-trigraphs -Wno-missing-field-initializers -Wno-missing-prototypes -Wno-return-type -Wno-implicit-atomic-properties -Wno-objc-interface-ivars -Wno-arc-repeated-use-of-weak -Wno-missing-braces -Wparentheses -Wswitch -Wno-unused-function -Wno-unused-label -Wno-unused-parameter -Wno-unused-variable -Wunused-value -Wno-empty-body -Wno-uninitialized -Wno-unknown-pragmas -w -Wno-shadow -Wno-four-char-constants -Wno-conversion -Wno-constant-conversion -Wno-int-conversion -Wno-bool-conversion -Wno-enum-conversion -Wno-float-conversion -Wno-non-literal-null-conversion -Wno-objc-literal-conversion -Wshorten-64-to-32 -Wpointer-sign -Wno-newline-eof -Wno-selector -Wno-strict-selector-match -Wno-undeclared-selector -Wno-deprecated-implementations -Wno-implicit-fallthrough -fstrict-aliasing -Wprotocol -Wdeprecated-declarations -Wno-sign-conversion -Wno-infinite-recursion -Wno-comma -Wno-block-capture-autoreleasing -Wno-strict-prototypes -Wno-semicolon-before-method-body -index-store-path /Users/xinyufang/Library/Developer/Xcode/DerivedData/Buzz-faillbpsmponqzeruhhvskovixzk/Index.noindex/DataStore @/Users/xinyufang/Library/Developer/Xcode/DerivedData/Buzz-faillbpsmponqzeruhhvskovixzk/Build/Intermediates.noindex/AppCheck.build/Debug-iphonesimulator/AppCheckCore.build/Objects-normal/arm64/e6072d4f65d7061329687fe24e3d63a7-common-args.resp -MMD -MT dependencies -MF /Users/xinyufang/Library/Developer/Xcode/DerivedData/Buzz-faillbpsmponqzeruhhvskovixzk/Build/Intermediates.noindex/AppCheck.build/Debug-iphonesimulator/AppCheckCore.build/Objects-normal/arm64/GACAppCheckLogger.d --serialize-diagnostics /Users/xinyufang/Library/Developer/Xcode/DerivedData/Buzz-faillbpsmponqzeruhhvskovixzk/Build/Intermediates.noindex/AppCheck.build/Debug-iphonesimulator/AppCheckCore.build/Objects-normal/arm64/GACAppCheckLogger.dia -c /Users/xinyufang/Library/Developer/Xcode/DerivedData/Buzz-faillbpsmponqzeruhhvskovixzk/SourcePackages/checkouts/app-check/AppCheckCore/Sources/Core/GACAppCheckLogger.m -o /Users/xinyufang/Library/Developer/Xcode/DerivedData/Buzz-faillbpsmponqzeruhhvskovixzk/Build/Intermediates.noindex/AppCheck.build/Debug-iphonesimulator/AppCheckCore.build/Objects-normal/arm64/GACAppCheckLogger.o -index-unit-output-path /AppCheck.build/Debug-iphonesimulator/AppCheckCore.build/Objects-normal/arm64/GACAppCheckLogger.o

CompileC /Users/xinyufang/Library/Developer/Xcode/DerivedData/Buzz-faillbpsmponqzeruhhvskovixzk/Build/Intermediates.noindex/AppCheck.build/Debug-iphonesimulator/AppCheckCore.build/Objects-normal/arm64/GACAppCheckHTTPError.o /Users/xinyufang/Library/Developer/Xcode/DerivedData/Buzz-faillbpsmponqzeruhhvskovixzk/SourcePackages/checkouts/app-check/AppCheckCore/Sources/Core/Errors/GACAppCheckHTTPError.m normal arm64 objective-c com.apple.compilers.llvm.clang.1_0.compiler (in target 'AppCheckCore' from project 'AppCheck')
    cd /Users/xinyufang/Documents/Buzz/Buzz.xcodeproj
    
    Using response file: /Users/xinyufang/Library/Developer/Xcode/DerivedData/Buzz-faillbpsmponqzeruhhvskovixzk/Build/Intermediates.noindex/AppCheck.build/Debug-iphonesimulator/AppCheckCore.build/Objects-normal/arm64/e6072d4f65d7061329687fe24e3d63a7-common-args.resp
    
    /Applications/Xcode.app/Contents/Developer/Toolchains/XcodeDefault.xctoolchain/usr/bin/clang -x objective-c -ivfsstatcache /Users/xinyufang/Library/Developer/Xcode/DerivedData/SDKStatCaches.noindex/iphonesimulator26.0-23A339-26257891a6c027eb51374368541b8346.sdkstatcache -fmessage-length\=0 -fdiagnostics-show-note-include-stack -fmacro-backtrace-limit\=0 -fno-color-diagnostics -fmodules-prune-interval\=86400 -fmodules-prune-after\=345600 -fbuild-session-file\=/Users/xinyufang/Library/Developer/Xcode/DerivedData/ModuleCache.noindex/Session.modulevalidation -fmodules-validate-once-per-build-session -Wnon-modular-include-in-framework-module -Werror\=non-modular-include-in-framework-module -Wno-trigraphs -Wno-missing-field-initializers -Wno-missing-prototypes -Wno-return-type -Wno-implicit-atomic-properties -Wno-objc-interface-ivars -Wno-arc-repeated-use-of-weak -Wno-missing-braces -Wparentheses -Wswitch -Wno-unused-function -Wno-unused-label -Wno-unused-parameter -Wno-unused-variable -Wunused-value -Wno-empty-body -Wno-uninitialized -Wno-unknown-pragmas -w -Wno-shadow -Wno-four-char-constants -Wno-conversion -Wno-constant-conversion -Wno-int-conversion -Wno-bool-conversion -Wno-enum-conversion -Wno-float-conversion -Wno-non-literal-null-conversion -Wno-objc-literal-conversion -Wshorten-64-to-32 -Wpointer-sign -Wno-newline-eof -Wno-selector -Wno-strict-selector-match -Wno-undeclared-selector -Wno-deprecated-implementations -Wno-implicit-fallthrough -fstrict-aliasing -Wprotocol -Wdeprecated-declarations -Wno-sign-conversion -Wno-infinite-recursion -Wno-comma -Wno-block-capture-autoreleasing -Wno-strict-prototypes -Wno-semicolon-before-method-body -index-store-path /Users/xinyufang/Library/Developer/Xcode/DerivedData/Buzz-faillbpsmponqzeruhhvskovixzk/Index.noindex/DataStore @/Users/xinyufang/Library/Developer/Xcode/DerivedData/Buzz-faillbpsmponqzeruhhvskovixzk/Build/Intermediates.noindex/AppCheck.build/Debug-iphonesimulator/AppCheckCore.build/Objects-normal/arm64/e6072d4f65d7061329687fe24e3d63a7-common-args.resp -MMD -MT dependencies -MF /Users/xinyufang/Library/Developer/Xcode/DerivedData/Buzz-faillbpsmponqzeruhhvskovixzk/Build/Intermediates.noindex/AppCheck.build/Debug-iphonesimulator/AppCheckCore.build/Objects-normal/arm64/GACAppCheckHTTPError.d --serialize-diagnostics /Users/xinyufang/Library/Developer/Xcode/DerivedData/Buzz-faillbpsmponqzeruhhvskovixzk/Build/Intermediates.noindex/AppCheck.build/Debug-iphonesimulator/AppCheckCore.build/Objects-normal/arm64/GACAppCheckHTTPError.dia -c /Users/xinyufang/Library/Developer/Xcode/DerivedData/Buzz-faillbpsmponqzeruhhvskovixzk/SourcePackages/checkouts/app-check/AppCheckCore/Sources/Core/Errors/GACAppCheckHTTPError.m -o /Users/xinyufang/Library/Developer/Xcode/DerivedData/Buzz-faillbpsmponqzeruhhvskovixzk/Build/Intermediates.noindex/AppCheck.build/Debug-iphonesimulator/AppCheckCore.build/Objects-normal/arm64/GACAppCheckHTTPError.o -index-unit-output-path /AppCheck.build/Debug-iphonesimulator/AppCheckCore.build/Objects-normal/arm64/GACAppCheckHTTPError.o

CompileC /Users/xinyufang/Library/Developer/Xcode/DerivedData/Buzz-faillbpsmponqzeruhhvskovixzk/Build/Intermediates.noindex/AppCheck.build/Debug-iphonesimulator/AppCheckCore.build/Objects-normal/arm64/GACAppCheckErrors.o /Users/xinyufang/Library/Developer/Xcode/DerivedData/Buzz-faillbpsmponqzeruhhvskovixzk/SourcePackages/checkouts/app-check/AppCheckCore/Sources/Core/Errors/GACAppCheckErrors.m normal arm64 objective-c com.apple.compilers.llvm.clang.1_0.compiler (in target 'AppCheckCore' from project 'AppCheck')
    cd /Users/xinyufang/Documents/Buzz/Buzz.xcodeproj
    
    Using response file: /Users/xinyufang/Library/Developer/Xcode/DerivedData/Buzz-faillbpsmponqzeruhhvskovixzk/Build/Intermediates.noindex/AppCheck.build/Debug-iphonesimulator/AppCheckCore.build/Objects-normal/arm64/e6072d4f65d7061329687fe24e3d63a7-common-args.resp
    
    /Applications/Xcode.app/Contents/Developer/Toolchains/XcodeDefault.xctoolchain/usr/bin/clang -x objective-c -ivfsstatcache /Users/xinyufang/Library/Developer/Xcode/DerivedData/SDKStatCaches.noindex/iphonesimulator26.0-23A339-26257891a6c027eb51374368541b8346.sdkstatcache -fmessage-length\=0 -fdiagnostics-show-note-include-stack -fmacro-backtrace-limit\=0 -fno-color-diagnostics -fmodules-prune-interval\=86400 -fmodules-prune-after\=345600 -fbuild-session-file\=/Users/xinyufang/Library/Developer/Xcode/DerivedData/ModuleCache.noindex/Session.modulevalidation -fmodules-validate-once-per-build-session -Wnon-modular-include-in-framework-module -Werror\=non-modular-include-in-framework-module -Wno-trigraphs -Wno-missing-field-initializers -Wno-missing-prototypes -Wno-return-type -Wno-implicit-atomic-properties -Wno-objc-interface-ivars -Wno-arc-repeated-use-of-weak -Wno-missing-braces -Wparentheses -Wswitch -Wno-unused-function -Wno-unused-label -Wno-unused-parameter -Wno-unused-variable -Wunused-value -Wno-empty-body -Wno-uninitialized -Wno-unknown-pragmas -w -Wno-shadow -Wno-four-char-constants -Wno-conversion -Wno-constant-conversion -Wno-int-conversion -Wno-bool-conversion -Wno-enum-conversion -Wno-float-conversion -Wno-non-literal-null-conversion -Wno-objc-literal-conversion -Wshorten-64-to-32 -Wpointer-sign -Wno-newline-eof -Wno-selector -Wno-strict-selector-match -Wno-undeclared-selector -Wno-deprecated-implementations -Wno-implicit-fallthrough -fstrict-aliasing -Wprotocol -Wdeprecated-declarations -Wno-sign-conversion -Wno-infinite-recursion -Wno-comma -Wno-block-capture-autoreleasing -Wno-strict-prototypes -Wno-semicolon-before-method-body -index-store-path /Users/xinyufang/Library/Developer/Xcode/DerivedData/Buzz-faillbpsmponqzeruhhvskovixzk/Index.noindex/DataStore @/Users/xinyufang/Library/Developer/Xcode/DerivedData/Buzz-faillbpsmponqzeruhhvskovixzk/Build/Intermediates.noindex/AppCheck.build/Debug-iphonesimulator/AppCheckCore.build/Objects-normal/arm64/e6072d4f65d7061329687fe24e3d63a7-common-args.resp -MMD -MT dependencies -MF /Users/xinyufang/Library/Developer/Xcode/DerivedData/Buzz-faillbpsmponqzeruhhvskovixzk/Build/Intermediates.noindex/AppCheck.build/Debug-iphonesimulator/AppCheckCore.build/Objects-normal/arm64/GACAppCheckErrors.d --serialize-diagnostics /Users/xinyufang/Library/Developer/Xcode/DerivedData/Buzz-faillbpsmponqzeruhhvskovixzk/Build/Intermediates.noindex/AppCheck.build/Debug-iphonesimulator/AppCheckCore.build/Objects-normal/arm64/GACAppCheckErrors.dia -c /Users/xinyufang/Library/Developer/Xcode/DerivedData/Buzz-faillbpsmponqzeruhhvskovixzk/SourcePackages/checkouts/app-check/AppCheckCore/Sources/Core/Errors/GACAppCheckErrors.m -o /Users/xinyufang/Library/Developer/Xcode/DerivedData/Buzz-faillbpsmponqzeruhhvskovixzk/Build/Intermediates.noindex/AppCheck.build/Debug-iphonesimulator/AppCheckCore.build/Objects-normal/arm64/GACAppCheckErrors.o -index-unit-output-path /AppCheck.build/Debug-iphonesimulator/AppCheckCore.build/Objects-normal/arm64/GACAppCheckErrors.o

CompileC /Users/xinyufang/Library/Developer/Xcode/DerivedData/Buzz-faillbpsmponqzeruhhvskovixzk/Build/Intermediates.noindex/AppCheck.build/Debug-iphonesimulator/AppCheckCore.build/Objects-normal/arm64/GACAppCheckCryptoUtils.o /Users/xinyufang/Library/Developer/Xcode/DerivedData/Buzz-faillbpsmponqzeruhhvskovixzk/SourcePackages/checkouts/app-check/AppCheckCore/Sources/Core/Utils/GACAppCheckCryptoUtils.m normal arm64 objective-c com.apple.compilers.llvm.clang.1_0.compiler (in target 'AppCheckCore' from project 'AppCheck')
    cd /Users/xinyufang/Documents/Buzz/Buzz.xcodeproj
    
    Using response file: /Users/xinyufang/Library/Developer/Xcode/DerivedData/Buzz-faillbpsmponqzeruhhvskovixzk/Build/Intermediates.noindex/AppCheck.build/Debug-iphonesimulator/AppCheckCore.build/Objects-normal/arm64/e6072d4f65d7061329687fe24e3d63a7-common-args.resp
    
    /Applications/Xcode.app/Contents/Developer/Toolchains/XcodeDefault.xctoolchain/usr/bin/clang -x objective-c -ivfsstatcache /Users/xinyufang/Library/Developer/Xcode/DerivedData/SDKStatCaches.noindex/iphonesimulator26.0-23A339-26257891a6c027eb51374368541b8346.sdkstatcache -fmessage-length\=0 -fdiagnostics-show-note-include-stack -fmacro-backtrace-limit\=0 -fno-color-diagnostics -fmodules-prune-interval\=86400 -fmodules-prune-after\=345600 -fbuild-session-file\=/Users/xinyufang/Library/Developer/Xcode/DerivedData/ModuleCache.noindex/Session.modulevalidation -fmodules-validate-once-per-build-session -Wnon-modular-include-in-framework-module -Werror\=non-modular-include-in-framework-module -Wno-trigraphs -Wno-missing-field-initializers -Wno-missing-prototypes -Wno-return-type -Wno-implicit-atomic-properties -Wno-objc-interface-ivars -Wno-arc-repeated-use-of-weak -Wno-missing-braces -Wparentheses -Wswitch -Wno-unused-function -Wno-unused-label -Wno-unused-parameter -Wno-unused-variable -Wunused-value -Wno-empty-body -Wno-uninitialized -Wno-unknown-pragmas -w -Wno-shadow -Wno-four-char-constants -Wno-conversion -Wno-constant-conversion -Wno-int-conversion -Wno-bool-conversion -Wno-enum-conversion -Wno-float-conversion -Wno-non-literal-null-conversion -Wno-objc-literal-conversion -Wshorten-64-to-32 -Wpointer-sign -Wno-newline-eof -Wno-selector -Wno-strict-selector-match -Wno-undeclared-selector -Wno-deprecated-implementations -Wno-implicit-fallthrough -fstrict-aliasing -Wprotocol -Wdeprecated-declarations -Wno-sign-conversion -Wno-infinite-recursion -Wno-comma -Wno-block-capture-autoreleasing -Wno-strict-prototypes -Wno-semicolon-before-method-body -index-store-path /Users/xinyufang/Library/Developer/Xcode/DerivedData/Buzz-faillbpsmponqzeruhhvskovixzk/Index.noindex/DataStore @/Users/xinyufang/Library/Developer/Xcode/DerivedData/Buzz-faillbpsmponqzeruhhvskovixzk/Build/Intermediates.noindex/AppCheck.build/Debug-iphonesimulator/AppCheckCore.build/Objects-normal/arm64/e6072d4f65d7061329687fe24e3d63a7-common-args.resp -MMD -MT dependencies -MF /Users/xinyufang/Library/Developer/Xcode/DerivedData/Buzz-faillbpsmponqzeruhhvskovixzk/Build/Intermediates.noindex/AppCheck.build/Debug-iphonesimulator/AppCheckCore.build/Objects-normal/arm64/GACAppCheckCryptoUtils.d --serialize-diagnostics /Users/xinyufang/Library/Developer/Xcode/DerivedData/Buzz-faillbpsmponqzeruhhvskovixzk/Build/Intermediates.noindex/AppCheck.build/Debug-iphonesimulator/AppCheckCore.build/Objects-normal/arm64/GACAppCheckCryptoUtils.dia -c /Users/xinyufang/Library/Developer/Xcode/DerivedData/Buzz-faillbpsmponqzeruhhvskovixzk/SourcePackages/checkouts/app-check/AppCheckCore/Sources/Core/Utils/GACAppCheckCryptoUtils.m -o /Users/xinyufang/Library/Developer/Xcode/DerivedData/Buzz-faillbpsmponqzeruhhvskovixzk/Build/Intermediates.noindex/AppCheck.build/Debug-iphonesimulator/AppCheckCore.build/Objects-normal/arm64/GACAppCheckCryptoUtils.o -index-unit-output-path /AppCheck.build/Debug-iphonesimulator/AppCheckCore.build/Objects-normal/arm64/GACAppCheckCryptoUtils.o

CompileC /Users/xinyufang/Library/Developer/Xcode/DerivedData/Buzz-faillbpsmponqzeruhhvskovixzk/Build/Intermediates.noindex/AppCheck.build/Debug-iphonesimulator/AppCheckCore.build/Objects-normal/arm64/GACAppAttestStoredArtifact.o /Users/xinyufang/Library/Developer/Xcode/DerivedData/Buzz-faillbpsmponqzeruhhvskovixzk/SourcePackages/checkouts/app-check/AppCheckCore/Sources/AppAttestProvider/Storage/GACAppAttestStoredArtifact.m normal arm64 objective-c com.apple.compilers.llvm.clang.1_0.compiler (in target 'AppCheckCore' from project 'AppCheck')
    cd /Users/xinyufang/Documents/Buzz/Buzz.xcodeproj
    
    Using response file: /Users/xinyufang/Library/Developer/Xcode/DerivedData/Buzz-faillbpsmponqzeruhhvskovixzk/Build/Intermediates.noindex/AppCheck.build/Debug-iphonesimulator/AppCheckCore.build/Objects-normal/arm64/e6072d4f65d7061329687fe24e3d63a7-common-args.resp
    
    /Applications/Xcode.app/Contents/Developer/Toolchains/XcodeDefault.xctoolchain/usr/bin/clang -x objective-c -ivfsstatcache /Users/xinyufang/Library/Developer/Xcode/DerivedData/SDKStatCaches.noindex/iphonesimulator26.0-23A339-26257891a6c027eb51374368541b8346.sdkstatcache -fmessage-length\=0 -fdiagnostics-show-note-include-stack -fmacro-backtrace-limit\=0 -fno-color-diagnostics -fmodules-prune-interval\=86400 -fmodules-prune-after\=345600 -fbuild-session-file\=/Users/xinyufang/Library/Developer/Xcode/DerivedData/ModuleCache.noindex/Session.modulevalidation -fmodules-validate-once-per-build-session -Wnon-modular-include-in-framework-module -Werror\=non-modular-include-in-framework-module -Wno-trigraphs -Wno-missing-field-initializers -Wno-missing-prototypes -Wno-return-type -Wno-implicit-atomic-properties -Wno-objc-interface-ivars -Wno-arc-repeated-use-of-weak -Wno-missing-braces -Wparentheses -Wswitch -Wno-unused-function -Wno-unused-label -Wno-unused-parameter -Wno-unused-variable -Wunused-value -Wno-empty-body -Wno-uninitialized -Wno-unknown-pragmas -w -Wno-shadow -Wno-four-char-constants -Wno-conversion -Wno-constant-conversion -Wno-int-conversion -Wno-bool-conversion -Wno-enum-conversion -Wno-float-conversion -Wno-non-literal-null-conversion -Wno-objc-literal-conversion -Wshorten-64-to-32 -Wpointer-sign -Wno-newline-eof -Wno-selector -Wno-strict-selector-match -Wno-undeclared-selector -Wno-deprecated-implementations -Wno-implicit-fallthrough -fstrict-aliasing -Wprotocol -Wdeprecated-declarations -Wno-sign-conversion -Wno-infinite-recursion -Wno-comma -Wno-block-capture-autoreleasing -Wno-strict-prototypes -Wno-semicolon-before-method-body -index-store-path /Users/xinyufang/Library/Developer/Xcode/DerivedData/Buzz-faillbpsmponqzeruhhvskovixzk/Index.noindex/DataStore @/Users/xinyufang/Library/Developer/Xcode/DerivedData/Buzz-faillbpsmponqzeruhhvskovixzk/Build/Intermediates.noindex/AppCheck.build/Debug-iphonesimulator/AppCheckCore.build/Objects-normal/arm64/e6072d4f65d7061329687fe24e3d63a7-common-args.resp -MMD -MT dependencies -MF /Users/xinyufang/Library/Developer/Xcode/DerivedData/Buzz-faillbpsmponqzeruhhvskovixzk/Build/Intermediates.noindex/AppCheck.build/Debug-iphonesimulator/AppCheckCore.build/Objects-normal/arm64/GACAppAttestStoredArtifact.d --serialize-diagnostics /Users/xinyufang/Library/Developer/Xcode/DerivedData/Buzz-faillbpsmponqzeruhhvskovixzk/Build/Intermediates.noindex/AppCheck.build/Debug-iphonesimulator/AppCheckCore.build/Objects-normal/arm64/GACAppAttestStoredArtifact.dia -c /Users/xinyufang/Library/Developer/Xcode/DerivedData/Buzz-faillbpsmponqzeruhhvskovixzk/SourcePackages/checkouts/app-check/AppCheckCore/Sources/AppAttestProvider/Storage/GACAppAttestStoredArtifact.m -o /Users/xinyufang/Library/Developer/Xcode/DerivedData/Buzz-faillbpsmponqzeruhhvskovixzk/Build/Intermediates.noindex/AppCheck.build/Debug-iphonesimulator/AppCheckCore.build/Objects-normal/arm64/GACAppAttestStoredArtifact.o -index-unit-output-path /AppCheck.build/Debug-iphonesimulator/AppCheckCore.build/Objects-normal/arm64/GACAppAttestStoredArtifact.o

CompileC /Users/xinyufang/Library/Developer/Xcode/DerivedData/Buzz-faillbpsmponqzeruhhvskovixzk/Build/Intermediates.noindex/AppCheck.build/Debug-iphonesimulator/AppCheckCore.build/Objects-normal/arm64/GACAppAttestRejectionError.o /Users/xinyufang/Library/Developer/Xcode/DerivedData/Buzz-faillbpsmponqzeruhhvskovixzk/SourcePackages/checkouts/app-check/AppCheckCore/Sources/AppAttestProvider/Errors/GACAppAttestRejectionError.m normal arm64 objective-c com.apple.compilers.llvm.clang.1_0.compiler (in target 'AppCheckCore' from project 'AppCheck')
    cd /Users/xinyufang/Documents/Buzz/Buzz.xcodeproj
    
    Using response file: /Users/xinyufang/Library/Developer/Xcode/DerivedData/Buzz-faillbpsmponqzeruhhvskovixzk/Build/Intermediates.noindex/AppCheck.build/Debug-iphonesimulator/AppCheckCore.build/Objects-normal/arm64/e6072d4f65d7061329687fe24e3d63a7-common-args.resp
    
    /Applications/Xcode.app/Contents/Developer/Toolchains/XcodeDefault.xctoolchain/usr/bin/clang -x objective-c -ivfsstatcache /Users/xinyufang/Library/Developer/Xcode/DerivedData/SDKStatCaches.noindex/iphonesimulator26.0-23A339-26257891a6c027eb51374368541b8346.sdkstatcache -fmessage-length\=0 -fdiagnostics-show-note-include-stack -fmacro-backtrace-limit\=0 -fno-color-diagnostics -fmodules-prune-interval\=86400 -fmodules-prune-after\=345600 -fbuild-session-file\=/Users/xinyufang/Library/Developer/Xcode/DerivedData/ModuleCache.noindex/Session.modulevalidation -fmodules-validate-once-per-build-session -Wnon-modular-include-in-framework-module -Werror\=non-modular-include-in-framework-module -Wno-trigraphs -Wno-missing-field-initializers -Wno-missing-prototypes -Wno-return-type -Wno-implicit-atomic-properties -Wno-objc-interface-ivars -Wno-arc-repeated-use-of-weak -Wno-missing-braces -Wparentheses -Wswitch -Wno-unused-function -Wno-unused-label -Wno-unused-parameter -Wno-unused-variable -Wunused-value -Wno-empty-body -Wno-uninitialized -Wno-unknown-pragmas -w -Wno-shadow -Wno-four-char-constants -Wno-conversion -Wno-constant-conversion -Wno-int-conversion -Wno-bool-conversion -Wno-enum-conversion -Wno-float-conversion -Wno-non-literal-null-conversion -Wno-objc-literal-conversion -Wshorten-64-to-32 -Wpointer-sign -Wno-newline-eof -Wno-selector -Wno-strict-selector-match -Wno-undeclared-selector -Wno-deprecated-implementations -Wno-implicit-fallthrough -fstrict-aliasing -Wprotocol -Wdeprecated-declarations -Wno-sign-conversion -Wno-infinite-recursion -Wno-comma -Wno-block-capture-autoreleasing -Wno-strict-prototypes -Wno-semicolon-before-method-body -index-store-path /Users/xinyufang/Library/Developer/Xcode/DerivedData/Buzz-faillbpsmponqzeruhhvskovixzk/Index.noindex/DataStore @/Users/xinyufang/Library/Developer/Xcode/DerivedData/Buzz-faillbpsmponqzeruhhvskovixzk/Build/Intermediates.noindex/AppCheck.build/Debug-iphonesimulator/AppCheckCore.build/Objects-normal/arm64/e6072d4f65d7061329687fe24e3d63a7-common-args.resp -MMD -MT dependencies -MF /Users/xinyufang/Library/Developer/Xcode/DerivedData/Buzz-faillbpsmponqzeruhhvskovixzk/Build/Intermediates.noindex/AppCheck.build/Debug-iphonesimulator/AppCheckCore.build/Objects-normal/arm64/GACAppAttestRejectionError.d --serialize-diagnostics /Users/xinyufang/Library/Developer/Xcode/DerivedData/Buzz-faillbpsmponqzeruhhvskovixzk/Build/Intermediates.noindex/AppCheck.build/Debug-iphonesimulator/AppCheckCore.build/Objects-normal/arm64/GACAppAttestRejectionError.dia -c /Users/xinyufang/Library/Developer/Xcode/DerivedData/Buzz-faillbpsmponqzeruhhvskovixzk/SourcePackages/checkouts/app-check/AppCheckCore/Sources/AppAttestProvider/Errors/GACAppAttestRejectionError.m -o /Users/xinyufang/Library/Developer/Xcode/DerivedData/Buzz-faillbpsmponqzeruhhvskovixzk/Build/Intermediates.noindex/AppCheck.build/Debug-iphonesimulator/AppCheckCore.build/Objects-normal/arm64/GACAppAttestRejectionError.o -index-unit-output-path /AppCheck.build/Debug-iphonesimulator/AppCheckCore.build/Objects-normal/arm64/GACAppAttestRejectionError.o

CompileC /Users/xinyufang/Library/Developer/Xcode/DerivedData/Buzz-faillbpsmponqzeruhhvskovixzk/Build/Intermediates.noindex/AppCheck.build/Debug-iphonesimulator/AppCheckCore.build/Objects-normal/arm64/GACAppAttestProviderState.o /Users/xinyufang/Library/Developer/Xcode/DerivedData/Buzz-faillbpsmponqzeruhhvskovixzk/SourcePackages/checkouts/app-check/AppCheckCore/Sources/AppAttestProvider/GACAppAttestProviderState.m normal arm64 objective-c com.apple.compilers.llvm.clang.1_0.compiler (in target 'AppCheckCore' from project 'AppCheck')
    cd /Users/xinyufang/Documents/Buzz/Buzz.xcodeproj
    
    Using response file: /Users/xinyufang/Library/Developer/Xcode/DerivedData/Buzz-faillbpsmponqzeruhhvskovixzk/Build/Intermediates.noindex/AppCheck.build/Debug-iphonesimulator/AppCheckCore.build/Objects-normal/arm64/e6072d4f65d7061329687fe24e3d63a7-common-args.resp
    
    /Applications/Xcode.app/Contents/Developer/Toolchains/XcodeDefault.xctoolchain/usr/bin/clang -x objective-c -ivfsstatcache /Users/xinyufang/Library/Developer/Xcode/DerivedData/SDKStatCaches.noindex/iphonesimulator26.0-23A339-26257891a6c027eb51374368541b8346.sdkstatcache -fmessage-length\=0 -fdiagnostics-show-note-include-stack -fmacro-backtrace-limit\=0 -fno-color-diagnostics -fmodules-prune-interval\=86400 -fmodules-prune-after\=345600 -fbuild-session-file\=/Users/xinyufang/Library/Developer/Xcode/DerivedData/ModuleCache.noindex/Session.modulevalidation -fmodules-validate-once-per-build-session -Wnon-modular-include-in-framework-module -Werror\=non-modular-include-in-framework-module -Wno-trigraphs -Wno-missing-field-initializers -Wno-missing-prototypes -Wno-return-type -Wno-implicit-atomic-properties -Wno-objc-interface-ivars -Wno-arc-repeated-use-of-weak -Wno-missing-braces -Wparentheses -Wswitch -Wno-unused-function -Wno-unused-label -Wno-unused-parameter -Wno-unused-variable -Wunused-value -Wno-empty-body -Wno-uninitialized -Wno-unknown-pragmas -w -Wno-shadow -Wno-four-char-constants -Wno-conversion -Wno-constant-conversion -Wno-int-conversion -Wno-bool-conversion -Wno-enum-conversion -Wno-float-conversion -Wno-non-literal-null-conversion -Wno-objc-literal-conversion -Wshorten-64-to-32 -Wpointer-sign -Wno-newline-eof -Wno-selector -Wno-strict-selector-match -Wno-undeclared-selector -Wno-deprecated-implementations -Wno-implicit-fallthrough -fstrict-aliasing -Wprotocol -Wdeprecated-declarations -Wno-sign-conversion -Wno-infinite-recursion -Wno-comma -Wno-block-capture-autoreleasing -Wno-strict-prototypes -Wno-semicolon-before-method-body -index-store-path /Users/xinyufang/Library/Developer/Xcode/DerivedData/Buzz-faillbpsmponqzeruhhvskovixzk/Index.noindex/DataStore @/Users/xinyufang/Library/Developer/Xcode/DerivedData/Buzz-faillbpsmponqzeruhhvskovixzk/Build/Intermediates.noindex/AppCheck.build/Debug-iphonesimulator/AppCheckCore.build/Objects-normal/arm64/e6072d4f65d7061329687fe24e3d63a7-common-args.resp -MMD -MT dependencies -MF /Users/xinyufang/Library/Developer/Xcode/DerivedData/Buzz-faillbpsmponqzeruhhvskovixzk/Build/Intermediates.noindex/AppCheck.build/Debug-iphonesimulator/AppCheckCore.build/Objects-normal/arm64/GACAppAttestProviderState.d --serialize-diagnostics /Users/xinyufang/Library/Developer/Xcode/DerivedData/Buzz-faillbpsmponqzeruhhvskovixzk/Build/Intermediates.noindex/AppCheck.build/Debug-iphonesimulator/AppCheckCore.build/Objects-normal/arm64/GACAppAttestProviderState.dia -c /Users/xinyufang/Library/Developer/Xcode/DerivedData/Buzz-faillbpsmponqzeruhhvskovixzk/SourcePackages/checkouts/app-check/AppCheckCore/Sources/AppAttestProvider/GACAppAttestProviderState.m -o /Users/xinyufang/Library/Developer/Xcode/DerivedData/Buzz-faillbpsmponqzeruhhvskovixzk/Build/Intermediates.noindex/AppCheck.build/Debug-iphonesimulator/AppCheckCore.build/Objects-normal/arm64/GACAppAttestProviderState.o -index-unit-output-path /AppCheck.build/Debug-iphonesimulator/AppCheckCore.build/Objects-normal/arm64/GACAppAttestProviderState.o

CompileC /Users/xinyufang/Library/Developer/Xcode/DerivedData/Buzz-faillbpsmponqzeruhhvskovixzk/Build/Intermediates.noindex/AppCheck.build/Debug-iphonesimulator/AppCheckCore.build/Objects-normal/arm64/GACAppAttestAttestationResponse.o /Users/xinyufang/Library/Developer/Xcode/DerivedData/Buzz-faillbpsmponqzeruhhvskovixzk/SourcePackages/checkouts/app-check/AppCheckCore/Sources/AppAttestProvider/API/GACAppAttestAttestationResponse.m normal arm64 objective-c com.apple.compilers.llvm.clang.1_0.compiler (in target 'AppCheckCore' from project 'AppCheck')
    cd /Users/xinyufang/Documents/Buzz/Buzz.xcodeproj
    
    Using response file: /Users/xinyufang/Library/Developer/Xcode/DerivedData/Buzz-faillbpsmponqzeruhhvskovixzk/Build/Intermediates.noindex/AppCheck.build/Debug-iphonesimulator/AppCheckCore.build/Objects-normal/arm64/e6072d4f65d7061329687fe24e3d63a7-common-args.resp
    
    /Applications/Xcode.app/Contents/Developer/Toolchains/XcodeDefault.xctoolchain/usr/bin/clang -x objective-c -ivfsstatcache /Users/xinyufang/Library/Developer/Xcode/DerivedData/SDKStatCaches.noindex/iphonesimulator26.0-23A339-26257891a6c027eb51374368541b8346.sdkstatcache -fmessage-length\=0 -fdiagnostics-show-note-include-stack -fmacro-backtrace-limit\=0 -fno-color-diagnostics -fmodules-prune-interval\=86400 -fmodules-prune-after\=345600 -fbuild-session-file\=/Users/xinyufang/Library/Developer/Xcode/DerivedData/ModuleCache.noindex/Session.modulevalidation -fmodules-validate-once-per-build-session -Wnon-modular-include-in-framework-module -Werror\=non-modular-include-in-framework-module -Wno-trigraphs -Wno-missing-field-initializers -Wno-missing-prototypes -Wno-return-type -Wno-implicit-atomic-properties -Wno-objc-interface-ivars -Wno-arc-repeated-use-of-weak -Wno-missing-braces -Wparentheses -Wswitch -Wno-unused-function -Wno-unused-label -Wno-unused-parameter -Wno-unused-variable -Wunused-value -Wno-empty-body -Wno-uninitialized -Wno-unknown-pragmas -w -Wno-shadow -Wno-four-char-constants -Wno-conversion -Wno-constant-conversion -Wno-int-conversion -Wno-bool-conversion -Wno-enum-conversion -Wno-float-conversion -Wno-non-literal-null-conversion -Wno-objc-literal-conversion -Wshorten-64-to-32 -Wpointer-sign -Wno-newline-eof -Wno-selector -Wno-strict-selector-match -Wno-undeclared-selector -Wno-deprecated-implementations -Wno-implicit-fallthrough -fstrict-aliasing -Wprotocol -Wdeprecated-declarations -Wno-sign-conversion -Wno-infinite-recursion -Wno-comma -Wno-block-capture-autoreleasing -Wno-strict-prototypes -Wno-semicolon-before-method-body -index-store-path /Users/xinyufang/Library/Developer/Xcode/DerivedData/Buzz-faillbpsmponqzeruhhvskovixzk/Index.noindex/DataStore @/Users/xinyufang/Library/Developer/Xcode/DerivedData/Buzz-faillbpsmponqzeruhhvskovixzk/Build/Intermediates.noindex/AppCheck.build/Debug-iphonesimulator/AppCheckCore.build/Objects-normal/arm64/e6072d4f65d7061329687fe24e3d63a7-common-args.resp -MMD -MT dependencies -MF /Users/xinyufang/Library/Developer/Xcode/DerivedData/Buzz-faillbpsmponqzeruhhvskovixzk/Build/Intermediates.noindex/AppCheck.build/Debug-iphonesimulator/AppCheckCore.build/Objects-normal/arm64/GACAppAttestAttestationResponse.d --serialize-diagnostics /Users/xinyufang/Library/Developer/Xcode/DerivedData/Buzz-faillbpsmponqzeruhhvskovixzk/Build/Intermediates.noindex/AppCheck.build/Debug-iphonesimulator/AppCheckCore.build/Objects-normal/arm64/GACAppAttestAttestationResponse.dia -c /Users/xinyufang/Library/Developer/Xcode/DerivedData/Buzz-faillbpsmponqzeruhhvskovixzk/SourcePackages/checkouts/app-check/AppCheckCore/Sources/AppAttestProvider/API/GACAppAttestAttestationResponse.m -o /Users/xinyufang/Library/Developer/Xcode/DerivedData/Buzz-faillbpsmponqzeruhhvskovixzk/Build/Intermediates.noindex/AppCheck.build/Debug-iphonesimulator/AppCheckCore.build/Objects-normal/arm64/GACAppAttestAttestationResponse.o -index-unit-output-path /AppCheck.build/Debug-iphonesimulator/AppCheckCore.build/Objects-normal/arm64/GACAppAttestAttestationResponse.o

CompileC /Users/xinyufang/Library/Developer/Xcode/DerivedData/Buzz-faillbpsmponqzeruhhvskovixzk/Build/Intermediates.noindex/AppAuth.build/Debug-iphonesimulator/AppAuthCore.build/Objects-normal/arm64/resource_bundle_accessor.o /Users/xinyufang/Library/Developer/Xcode/DerivedData/Buzz-faillbpsmponqzeruhhvskovixzk/Build/Intermediates.noindex/AppAuth.build/Debug-iphonesimulator/AppAuthCore.build/DerivedSources/resource_bundle_accessor.m normal arm64 objective-c com.apple.compilers.llvm.clang.1_0.compiler (in target 'AppAuthCore' from project 'AppAuth')
    cd /Users/xinyufang/Documents/Buzz/Buzz.xcodeproj
    
    Using response file: /Users/xinyufang/Library/Developer/Xcode/DerivedData/Buzz-faillbpsmponqzeruhhvskovixzk/Build/Intermediates.noindex/AppAuth.build/Debug-iphonesimulator/AppAuthCore.build/Objects-normal/arm64/e6072d4f65d7061329687fe24e3d63a7-common-args.resp
    
    /Applications/Xcode.app/Contents/Developer/Toolchains/XcodeDefault.xctoolchain/usr/bin/clang -x objective-c -ivfsstatcache /Users/xinyufang/Library/Developer/Xcode/DerivedData/SDKStatCaches.noindex/iphonesimulator26.0-23A339-26257891a6c027eb51374368541b8346.sdkstatcache -fmessage-length\=0 -fdiagnostics-show-note-include-stack -fmacro-backtrace-limit\=0 -fno-color-diagnostics -fmodules-prune-interval\=86400 -fmodules-prune-after\=345600 -fbuild-session-file\=/Users/xinyufang/Library/Developer/Xcode/DerivedData/ModuleCache.noindex/Session.modulevalidation -fmodules-validate-once-per-build-session -Wnon-modular-include-in-framework-module -Werror\=non-modular-include-in-framework-module -Wno-trigraphs -Wno-missing-field-initializers -Wno-missing-prototypes -Wno-return-type -Wno-implicit-atomic-properties -Wno-objc-interface-ivars -Wno-arc-repeated-use-of-weak -Wno-missing-braces -Wparentheses -Wswitch -Wno-unused-function -Wno-unused-label -Wno-unused-parameter -Wno-unused-variable -Wunused-value -Wno-empty-body -Wno-uninitialized -Wno-unknown-pragmas -w -Wno-shadow -Wno-four-char-constants -Wno-conversion -Wno-constant-conversion -Wno-int-conversion -Wno-bool-conversion -Wno-enum-conversion -Wno-float-conversion -Wno-non-literal-null-conversion -Wno-objc-literal-conversion -Wshorten-64-to-32 -Wpointer-sign -Wno-newline-eof -Wno-selector -Wno-strict-selector-match -Wno-undeclared-selector -Wno-deprecated-implementations -Wno-implicit-fallthrough -fstrict-aliasing -Wprotocol -Wdeprecated-declarations -Wno-sign-conversion -Wno-infinite-recursion -Wno-comma -Wno-block-capture-autoreleasing -Wno-strict-prototypes -Wno-semicolon-before-method-body -index-store-path /Users/xinyufang/Library/Developer/Xcode/DerivedData/Buzz-faillbpsmponqzeruhhvskovixzk/Index.noindex/DataStore @/Users/xinyufang/Library/Developer/Xcode/DerivedData/Buzz-faillbpsmponqzeruhhvskovixzk/Build/Intermediates.noindex/AppAuth.build/Debug-iphonesimulator/AppAuthCore.build/Objects-normal/arm64/e6072d4f65d7061329687fe24e3d63a7-common-args.resp -include /Users/xinyufang/Library/Developer/Xcode/DerivedData/Buzz-faillbpsmponqzeruhhvskovixzk/Build/Intermediates.noindex/AppAuth.build/Debug-iphonesimulator/AppAuthCore.build/DerivedSources/resource_bundle_accessor.h -MMD -MT dependencies -MF /Users/xinyufang/Library/Developer/Xcode/DerivedData/Buzz-faillbpsmponqzeruhhvskovixzk/Build/Intermediates.noindex/AppAuth.build/Debug-iphonesimulator/AppAuthCore.build/Objects-normal/arm64/resource_bundle_accessor.d --serialize-diagnostics /Users/xinyufang/Library/Developer/Xcode/DerivedData/Buzz-faillbpsmponqzeruhhvskovixzk/Build/Intermediates.noindex/AppAuth.build/Debug-iphonesimulator/AppAuthCore.build/Objects-normal/arm64/resource_bundle_accessor.dia -c /Users/xinyufang/Library/Developer/Xcode/DerivedData/Buzz-faillbpsmponqzeruhhvskovixzk/Build/Intermediates.noindex/AppAuth.build/Debug-iphonesimulator/AppAuthCore.build/DerivedSources/resource_bundle_accessor.m -o /Users/xinyufang/Library/Developer/Xcode/DerivedData/Buzz-faillbpsmponqzeruhhvskovixzk/Build/Intermediates.noindex/AppAuth.build/Debug-iphonesimulator/AppAuthCore.build/Objects-normal/arm64/resource_bundle_accessor.o -index-unit-output-path /AppAuth.build/Debug-iphonesimulator/AppAuthCore.build/Objects-normal/arm64/resource_bundle_accessor.o

CompileC /Users/xinyufang/Library/Developer/Xcode/DerivedData/Buzz-faillbpsmponqzeruhhvskovixzk/Build/Intermediates.noindex/AppAuth.build/Debug-iphonesimulator/AppAuthCore.build/Objects-normal/arm64/OIDURLSessionProvider.o /Users/xinyufang/Library/Developer/Xcode/DerivedData/Buzz-faillbpsmponqzeruhhvskovixzk/SourcePackages/checkouts/AppAuth-iOS/Sources/AppAuthCore/OIDURLSessionProvider.m normal arm64 objective-c com.apple.compilers.llvm.clang.1_0.compiler (in target 'AppAuthCore' from project 'AppAuth')
    cd /Users/xinyufang/Documents/Buzz/Buzz.xcodeproj
    
    Using response file: /Users/xinyufang/Library/Developer/Xcode/DerivedData/Buzz-faillbpsmponqzeruhhvskovixzk/Build/Intermediates.noindex/AppAuth.build/Debug-iphonesimulator/AppAuthCore.build/Objects-normal/arm64/e6072d4f65d7061329687fe24e3d63a7-common-args.resp
    
    /Applications/Xcode.app/Contents/Developer/Toolchains/XcodeDefault.xctoolchain/usr/bin/clang -x objective-c -ivfsstatcache /Users/xinyufang/Library/Developer/Xcode/DerivedData/SDKStatCaches.noindex/iphonesimulator26.0-23A339-26257891a6c027eb51374368541b8346.sdkstatcache -fmessage-length\=0 -fdiagnostics-show-note-include-stack -fmacro-backtrace-limit\=0 -fno-color-diagnostics -fmodules-prune-interval\=86400 -fmodules-prune-after\=345600 -fbuild-session-file\=/Users/xinyufang/Library/Developer/Xcode/DerivedData/ModuleCache.noindex/Session.modulevalidation -fmodules-validate-once-per-build-session -Wnon-modular-include-in-framework-module -Werror\=non-modular-include-in-framework-module -Wno-trigraphs -Wno-missing-field-initializers -Wno-missing-prototypes -Wno-return-type -Wno-implicit-atomic-properties -Wno-objc-interface-ivars -Wno-arc-repeated-use-of-weak -Wno-missing-braces -Wparentheses -Wswitch -Wno-unused-function -Wno-unused-label -Wno-unused-parameter -Wno-unused-variable -Wunused-value -Wno-empty-body -Wno-uninitialized -Wno-unknown-pragmas -w -Wno-shadow -Wno-four-char-constants -Wno-conversion -Wno-constant-conversion -Wno-int-conversion -Wno-bool-conversion -Wno-enum-conversion -Wno-float-conversion -Wno-non-literal-null-conversion -Wno-objc-literal-conversion -Wshorten-64-to-32 -Wpointer-sign -Wno-newline-eof -Wno-selector -Wno-strict-selector-match -Wno-undeclared-selector -Wno-deprecated-implementations -Wno-implicit-fallthrough -fstrict-aliasing -Wprotocol -Wdeprecated-declarations -Wno-sign-conversion -Wno-infinite-recursion -Wno-comma -Wno-block-capture-autoreleasing -Wno-strict-prototypes -Wno-semicolon-before-method-body -index-store-path /Users/xinyufang/Library/Developer/Xcode/DerivedData/Buzz-faillbpsmponqzeruhhvskovixzk/Index.noindex/DataStore @/Users/xinyufang/Library/Developer/Xcode/DerivedData/Buzz-faillbpsmponqzeruhhvskovixzk/Build/Intermediates.noindex/AppAuth.build/Debug-iphonesimulator/AppAuthCore.build/Objects-normal/arm64/e6072d4f65d7061329687fe24e3d63a7-common-args.resp -include /Users/xinyufang/Library/Developer/Xcode/DerivedData/Buzz-faillbpsmponqzeruhhvskovixzk/Build/Intermediates.noindex/AppAuth.build/Debug-iphonesimulator/AppAuthCore.build/DerivedSources/resource_bundle_accessor.h -MMD -MT dependencies -MF /Users/xinyufang/Library/Developer/Xcode/DerivedData/Buzz-faillbpsmponqzeruhhvskovixzk/Build/Intermediates.noindex/AppAuth.build/Debug-iphonesimulator/AppAuthCore.build/Objects-normal/arm64/OIDURLSessionProvider.d --serialize-diagnostics /Users/xinyufang/Library/Developer/Xcode/DerivedData/Buzz-faillbpsmponqzeruhhvskovixzk/Build/Intermediates.noindex/AppAuth.build/Debug-iphonesimulator/AppAuthCore.build/Objects-normal/arm64/OIDURLSessionProvider.dia -c /Users/xinyufang/Library/Developer/Xcode/DerivedData/Buzz-faillbpsmponqzeruhhvskovixzk/SourcePackages/checkouts/AppAuth-iOS/Sources/AppAuthCore/OIDURLSessionProvider.m -o /Users/xinyufang/Library/Developer/Xcode/DerivedData/Buzz-faillbpsmponqzeruhhvskovixzk/Build/Intermediates.noindex/AppAuth.build/Debug-iphonesimulator/AppAuthCore.build/Objects-normal/arm64/OIDURLSessionProvider.o -index-unit-output-path /AppAuth.build/Debug-iphonesimulator/AppAuthCore.build/Objects-normal/arm64/OIDURLSessionProvider.o

CompileC /Users/xinyufang/Library/Developer/Xcode/DerivedData/Buzz-faillbpsmponqzeruhhvskovixzk/Build/Intermediates.noindex/AppAuth.build/Debug-iphonesimulator/AppAuthCore.build/Objects-normal/arm64/OIDURLQueryComponent.o /Users/xinyufang/Library/Developer/Xcode/DerivedData/Buzz-faillbpsmponqzeruhhvskovixzk/SourcePackages/checkouts/AppAuth-iOS/Sources/AppAuthCore/OIDURLQueryComponent.m normal arm64 objective-c com.apple.compilers.llvm.clang.1_0.compiler (in target 'AppAuthCore' from project 'AppAuth')
    cd /Users/xinyufang/Documents/Buzz/Buzz.xcodeproj
    
    Using response file: /Users/xinyufang/Library/Developer/Xcode/DerivedData/Buzz-faillbpsmponqzeruhhvskovixzk/Build/Intermediates.noindex/AppAuth.build/Debug-iphonesimulator/AppAuthCore.build/Objects-normal/arm64/e6072d4f65d7061329687fe24e3d63a7-common-args.resp
    
    /Applications/Xcode.app/Contents/Developer/Toolchains/XcodeDefault.xctoolchain/usr/bin/clang -x objective-c -ivfsstatcache /Users/xinyufang/Library/Developer/Xcode/DerivedData/SDKStatCaches.noindex/iphonesimulator26.0-23A339-26257891a6c027eb51374368541b8346.sdkstatcache -fmessage-length\=0 -fdiagnostics-show-note-include-stack -fmacro-backtrace-limit\=0 -fno-color-diagnostics -fmodules-prune-interval\=86400 -fmodules-prune-after\=345600 -fbuild-session-file\=/Users/xinyufang/Library/Developer/Xcode/DerivedData/ModuleCache.noindex/Session.modulevalidation -fmodules-validate-once-per-build-session -Wnon-modular-include-in-framework-module -Werror\=non-modular-include-in-framework-module -Wno-trigraphs -Wno-missing-field-initializers -Wno-missing-prototypes -Wno-return-type -Wno-implicit-atomic-properties -Wno-objc-interface-ivars -Wno-arc-repeated-use-of-weak -Wno-missing-braces -Wparentheses -Wswitch -Wno-unused-function -Wno-unused-label -Wno-unused-parameter -Wno-unused-variable -Wunused-value -Wno-empty-body -Wno-uninitialized -Wno-unknown-pragmas -w -Wno-shadow -Wno-four-char-constants -Wno-conversion -Wno-constant-conversion -Wno-int-conversion -Wno-bool-conversion -Wno-enum-conversion -Wno-float-conversion -Wno-non-literal-null-conversion -Wno-objc-literal-conversion -Wshorten-64-to-32 -Wpointer-sign -Wno-newline-eof -Wno-selector -Wno-strict-selector-match -Wno-undeclared-selector -Wno-deprecated-implementations -Wno-implicit-fallthrough -fstrict-aliasing -Wprotocol -Wdeprecated-declarations -Wno-sign-conversion -Wno-infinite-recursion -Wno-comma -Wno-block-capture-autoreleasing -Wno-strict-prototypes -Wno-semicolon-before-method-body -index-store-path /Users/xinyufang/Library/Developer/Xcode/DerivedData/Buzz-faillbpsmponqzeruhhvskovixzk/Index.noindex/DataStore @/Users/xinyufang/Library/Developer/Xcode/DerivedData/Buzz-faillbpsmponqzeruhhvskovixzk/Build/Intermediates.noindex/AppAuth.build/Debug-iphonesimulator/AppAuthCore.build/Objects-normal/arm64/e6072d4f65d7061329687fe24e3d63a7-common-args.resp -include /Users/xinyufang/Library/Developer/Xcode/DerivedData/Buzz-faillbpsmponqzeruhhvskovixzk/Build/Intermediates.noindex/AppAuth.build/Debug-iphonesimulator/AppAuthCore.build/DerivedSources/resource_bundle_accessor.h -MMD -MT dependencies -MF /Users/xinyufang/Library/Developer/Xcode/DerivedData/Buzz-faillbpsmponqzeruhhvskovixzk/Build/Intermediates.noindex/AppAuth.build/Debug-iphonesimulator/AppAuthCore.build/Objects-normal/arm64/OIDURLQueryComponent.d --serialize-diagnostics /Users/xinyufang/Library/Developer/Xcode/DerivedData/Buzz-faillbpsmponqzeruhhvskovixzk/Build/Intermediates.noindex/AppAuth.build/Debug-iphonesimulator/AppAuthCore.build/Objects-normal/arm64/OIDURLQueryComponent.dia -c /Users/xinyufang/Library/Developer/Xcode/DerivedData/Buzz-faillbpsmponqzeruhhvskovixzk/SourcePackages/checkouts/AppAuth-iOS/Sources/AppAuthCore/OIDURLQueryComponent.m -o /Users/xinyufang/Library/Developer/Xcode/DerivedData/Buzz-faillbpsmponqzeruhhvskovixzk/Build/Intermediates.noindex/AppAuth.build/Debug-iphonesimulator/AppAuthCore.build/Objects-normal/arm64/OIDURLQueryComponent.o -index-unit-output-path /AppAuth.build/Debug-iphonesimulator/AppAuthCore.build/Objects-normal/arm64/OIDURLQueryComponent.o

CompileC /Users/xinyufang/Library/Developer/Xcode/DerivedData/Buzz-faillbpsmponqzeruhhvskovixzk/Build/Intermediates.noindex/AppAuth.build/Debug-iphonesimulator/AppAuthCore.build/Objects-normal/arm64/OIDTokenUtilities.o /Users/xinyufang/Library/Developer/Xcode/DerivedData/Buzz-faillbpsmponqzeruhhvskovixzk/SourcePackages/checkouts/AppAuth-iOS/Sources/AppAuthCore/OIDTokenUtilities.m normal arm64 objective-c com.apple.compilers.llvm.clang.1_0.compiler (in target 'AppAuthCore' from project 'AppAuth')
    cd /Users/xinyufang/Documents/Buzz/Buzz.xcodeproj
    
    Using response file: /Users/xinyufang/Library/Developer/Xcode/DerivedData/Buzz-faillbpsmponqzeruhhvskovixzk/Build/Intermediates.noindex/AppAuth.build/Debug-iphonesimulator/AppAuthCore.build/Objects-normal/arm64/e6072d4f65d7061329687fe24e3d63a7-common-args.resp
    
    /Applications/Xcode.app/Contents/Developer/Toolchains/XcodeDefault.xctoolchain/usr/bin/clang -x objective-c -ivfsstatcache /Users/xinyufang/Library/Developer/Xcode/DerivedData/SDKStatCaches.noindex/iphonesimulator26.0-23A339-26257891a6c027eb51374368541b8346.sdkstatcache -fmessage-length\=0 -fdiagnostics-show-note-include-stack -fmacro-backtrace-limit\=0 -fno-color-diagnostics -fmodules-prune-interval\=86400 -fmodules-prune-after\=345600 -fbuild-session-file\=/Users/xinyufang/Library/Developer/Xcode/DerivedData/ModuleCache.noindex/Session.modulevalidation -fmodules-validate-once-per-build-session -Wnon-modular-include-in-framework-module -Werror\=non-modular-include-in-framework-module -Wno-trigraphs -Wno-missing-field-initializers -Wno-missing-prototypes -Wno-return-type -Wno-implicit-atomic-properties -Wno-objc-interface-ivars -Wno-arc-repeated-use-of-weak -Wno-missing-braces -Wparentheses -Wswitch -Wno-unused-function -Wno-unused-label -Wno-unused-parameter -Wno-unused-variable -Wunused-value -Wno-empty-body -Wno-uninitialized -Wno-unknown-pragmas -w -Wno-shadow -Wno-four-char-constants -Wno-conversion -Wno-constant-conversion -Wno-int-conversion -Wno-bool-conversion -Wno-enum-conversion -Wno-float-conversion -Wno-non-literal-null-conversion -Wno-objc-literal-conversion -Wshorten-64-to-32 -Wpointer-sign -Wno-newline-eof -Wno-selector -Wno-strict-selector-match -Wno-undeclared-selector -Wno-deprecated-implementations -Wno-implicit-fallthrough -fstrict-aliasing -Wprotocol -Wdeprecated-declarations -Wno-sign-conversion -Wno-infinite-recursion -Wno-comma -Wno-block-capture-autoreleasing -Wno-strict-prototypes -Wno-semicolon-before-method-body -index-store-path /Users/xinyufang/Library/Developer/Xcode/DerivedData/Buzz-faillbpsmponqzeruhhvskovixzk/Index.noindex/DataStore @/Users/xinyufang/Library/Developer/Xcode/DerivedData/Buzz-faillbpsmponqzeruhhvskovixzk/Build/Intermediates.noindex/AppAuth.build/Debug-iphonesimulator/AppAuthCore.build/Objects-normal/arm64/e6072d4f65d7061329687fe24e3d63a7-common-args.resp -include /Users/xinyufang/Library/Developer/Xcode/DerivedData/Buzz-faillbpsmponqzeruhhvskovixzk/Build/Intermediates.noindex/AppAuth.build/Debug-iphonesimulator/AppAuthCore.build/DerivedSources/resource_bundle_accessor.h -MMD -MT dependencies -MF /Users/xinyufang/Library/Developer/Xcode/DerivedData/Buzz-faillbpsmponqzeruhhvskovixzk/Build/Intermediates.noindex/AppAuth.build/Debug-iphonesimulator/AppAuthCore.build/Objects-normal/arm64/OIDTokenUtilities.d --serialize-diagnostics /Users/xinyufang/Library/Developer/Xcode/DerivedData/Buzz-faillbpsmponqzeruhhvskovixzk/Build/Intermediates.noindex/AppAuth.build/Debug-iphonesimulator/AppAuthCore.build/Objects-normal/arm64/OIDTokenUtilities.dia -c /Users/xinyufang/Library/Developer/Xcode/DerivedData/Buzz-faillbpsmponqzeruhhvskovixzk/SourcePackages/checkouts/AppAuth-iOS/Sources/AppAuthCore/OIDTokenUtilities.m -o /Users/xinyufang/Library/Developer/Xcode/DerivedData/Buzz-faillbpsmponqzeruhhvskovixzk/Build/Intermediates.noindex/AppAuth.build/Debug-iphonesimulator/AppAuthCore.build/Objects-normal/arm64/OIDTokenUtilities.o -index-unit-output-path /AppAuth.build/Debug-iphonesimulator/AppAuthCore.build/Objects-normal/arm64/OIDTokenUtilities.o

CompileC /Users/xinyufang/Library/Developer/Xcode/DerivedData/Buzz-faillbpsmponqzeruhhvskovixzk/Build/Intermediates.noindex/AppAuth.build/Debug-iphonesimulator/AppAuthCore.build/Objects-normal/arm64/OIDTokenResponse.o /Users/xinyufang/Library/Developer/Xcode/DerivedData/Buzz-faillbpsmponqzeruhhvskovixzk/SourcePackages/checkouts/AppAuth-iOS/Sources/AppAuthCore/OIDTokenResponse.m normal arm64 objective-c com.apple.compilers.llvm.clang.1_0.compiler (in target 'AppAuthCore' from project 'AppAuth')
    cd /Users/xinyufang/Documents/Buzz/Buzz.xcodeproj
    
    Using response file: /Users/xinyufang/Library/Developer/Xcode/DerivedData/Buzz-faillbpsmponqzeruhhvskovixzk/Build/Intermediates.noindex/AppAuth.build/Debug-iphonesimulator/AppAuthCore.build/Objects-normal/arm64/e6072d4f65d7061329687fe24e3d63a7-common-args.resp
    
    /Applications/Xcode.app/Contents/Developer/Toolchains/XcodeDefault.xctoolchain/usr/bin/clang -x objective-c -ivfsstatcache /Users/xinyufang/Library/Developer/Xcode/DerivedData/SDKStatCaches.noindex/iphonesimulator26.0-23A339-26257891a6c027eb51374368541b8346.sdkstatcache -fmessage-length\=0 -fdiagnostics-show-note-include-stack -fmacro-backtrace-limit\=0 -fno-color-diagnostics -fmodules-prune-interval\=86400 -fmodules-prune-after\=345600 -fbuild-session-file\=/Users/xinyufang/Library/Developer/Xcode/DerivedData/ModuleCache.noindex/Session.modulevalidation -fmodules-validate-once-per-build-session -Wnon-modular-include-in-framework-module -Werror\=non-modular-include-in-framework-module -Wno-trigraphs -Wno-missing-field-initializers -Wno-missing-prototypes -Wno-return-type -Wno-implicit-atomic-properties -Wno-objc-interface-ivars -Wno-arc-repeated-use-of-weak -Wno-missing-braces -Wparentheses -Wswitch -Wno-unused-function -Wno-unused-label -Wno-unused-parameter -Wno-unused-variable -Wunused-value -Wno-empty-body -Wno-uninitialized -Wno-unknown-pragmas -w -Wno-shadow -Wno-four-char-constants -Wno-conversion -Wno-constant-conversion -Wno-int-conversion -Wno-bool-conversion -Wno-enum-conversion -Wno-float-conversion -Wno-non-literal-null-conversion -Wno-objc-literal-conversion -Wshorten-64-to-32 -Wpointer-sign -Wno-newline-eof -Wno-selector -Wno-strict-selector-match -Wno-undeclared-selector -Wno-deprecated-implementations -Wno-implicit-fallthrough -fstrict-aliasing -Wprotocol -Wdeprecated-declarations -Wno-sign-conversion -Wno-infinite-recursion -Wno-comma -Wno-block-capture-autoreleasing -Wno-strict-prototypes -Wno-semicolon-before-method-body -index-store-path /Users/xinyufang/Library/Developer/Xcode/DerivedData/Buzz-faillbpsmponqzeruhhvskovixzk/Index.noindex/DataStore @/Users/xinyufang/Library/Developer/Xcode/DerivedData/Buzz-faillbpsmponqzeruhhvskovixzk/Build/Intermediates.noindex/AppAuth.build/Debug-iphonesimulator/AppAuthCore.build/Objects-normal/arm64/e6072d4f65d7061329687fe24e3d63a7-common-args.resp -include /Users/xinyufang/Library/Developer/Xcode/DerivedData/Buzz-faillbpsmponqzeruhhvskovixzk/Build/Intermediates.noindex/AppAuth.build/Debug-iphonesimulator/AppAuthCore.build/DerivedSources/resource_bundle_accessor.h -MMD -MT dependencies -MF /Users/xinyufang/Library/Developer/Xcode/DerivedData/Buzz-faillbpsmponqzeruhhvskovixzk/Build/Intermediates.noindex/AppAuth.build/Debug-iphonesimulator/AppAuthCore.build/Objects-normal/arm64/OIDTokenResponse.d --serialize-diagnostics /Users/xinyufang/Library/Developer/Xcode/DerivedData/Buzz-faillbpsmponqzeruhhvskovixzk/Build/Intermediates.noindex/AppAuth.build/Debug-iphonesimulator/AppAuthCore.build/Objects-normal/arm64/OIDTokenResponse.dia -c /Users/xinyufang/Library/Developer/Xcode/DerivedData/Buzz-faillbpsmponqzeruhhvskovixzk/SourcePackages/checkouts/AppAuth-iOS/Sources/AppAuthCore/OIDTokenResponse.m -o /Users/xinyufang/Library/Developer/Xcode/DerivedData/Buzz-faillbpsmponqzeruhhvskovixzk/Build/Intermediates.noindex/AppAuth.build/Debug-iphonesimulator/AppAuthCore.build/Objects-normal/arm64/OIDTokenResponse.o -index-unit-output-path /AppAuth.build/Debug-iphonesimulator/AppAuthCore.build/Objects-normal/arm64/OIDTokenResponse.o

CompileC /Users/xinyufang/Library/Developer/Xcode/DerivedData/Buzz-faillbpsmponqzeruhhvskovixzk/Build/Intermediates.noindex/AppAuth.build/Debug-iphonesimulator/AppAuthCore.build/Objects-normal/arm64/OIDTokenRequest.o /Users/xinyufang/Library/Developer/Xcode/DerivedData/Buzz-faillbpsmponqzeruhhvskovixzk/SourcePackages/checkouts/AppAuth-iOS/Sources/AppAuthCore/OIDTokenRequest.m normal arm64 objective-c com.apple.compilers.llvm.clang.1_0.compiler (in target 'AppAuthCore' from project 'AppAuth')
    cd /Users/xinyufang/Documents/Buzz/Buzz.xcodeproj
    
    Using response file: /Users/xinyufang/Library/Developer/Xcode/DerivedData/Buzz-faillbpsmponqzeruhhvskovixzk/Build/Intermediates.noindex/AppAuth.build/Debug-iphonesimulator/AppAuthCore.build/Objects-normal/arm64/e6072d4f65d7061329687fe24e3d63a7-common-args.resp
    
    /Applications/Xcode.app/Contents/Developer/Toolchains/XcodeDefault.xctoolchain/usr/bin/clang -x objective-c -ivfsstatcache /Users/xinyufang/Library/Developer/Xcode/DerivedData/SDKStatCaches.noindex/iphonesimulator26.0-23A339-26257891a6c027eb51374368541b8346.sdkstatcache -fmessage-length\=0 -fdiagnostics-show-note-include-stack -fmacro-backtrace-limit\=0 -fno-color-diagnostics -fmodules-prune-interval\=86400 -fmodules-prune-after\=345600 -fbuild-session-file\=/Users/xinyufang/Library/Developer/Xcode/DerivedData/ModuleCache.noindex/Session.modulevalidation -fmodules-validate-once-per-build-session -Wnon-modular-include-in-framework-module -Werror\=non-modular-include-in-framework-module -Wno-trigraphs -Wno-missing-field-initializers -Wno-missing-prototypes -Wno-return-type -Wno-implicit-atomic-properties -Wno-objc-interface-ivars -Wno-arc-repeated-use-of-weak -Wno-missing-braces -Wparentheses -Wswitch -Wno-unused-function -Wno-unused-label -Wno-unused-parameter -Wno-unused-variable -Wunused-value -Wno-empty-body -Wno-uninitialized -Wno-unknown-pragmas -w -Wno-shadow -Wno-four-char-constants -Wno-conversion -Wno-constant-conversion -Wno-int-conversion -Wno-bool-conversion -Wno-enum-conversion -Wno-float-conversion -Wno-non-literal-null-conversion -Wno-objc-literal-conversion -Wshorten-64-to-32 -Wpointer-sign -Wno-newline-eof -Wno-selector -Wno-strict-selector-match -Wno-undeclared-selector -Wno-deprecated-implementations -Wno-implicit-fallthrough -fstrict-aliasing -Wprotocol -Wdeprecated-declarations -Wno-sign-conversion -Wno-infinite-recursion -Wno-comma -Wno-block-capture-autoreleasing -Wno-strict-prototypes -Wno-semicolon-before-method-body -index-store-path /Users/xinyufang/Library/Developer/Xcode/DerivedData/Buzz-faillbpsmponqzeruhhvskovixzk/Index.noindex/DataStore @/Users/xinyufang/Library/Developer/Xcode/DerivedData/Buzz-faillbpsmponqzeruhhvskovixzk/Build/Intermediates.noindex/AppAuth.build/Debug-iphonesimulator/AppAuthCore.build/Objects-normal/arm64/e6072d4f65d7061329687fe24e3d63a7-common-args.resp -include /Users/xinyufang/Library/Developer/Xcode/DerivedData/Buzz-faillbpsmponqzeruhhvskovixzk/Build/Intermediates.noindex/AppAuth.build/Debug-iphonesimulator/AppAuthCore.build/DerivedSources/resource_bundle_accessor.h -MMD -MT dependencies -MF /Users/xinyufang/Library/Developer/Xcode/DerivedData/Buzz-faillbpsmponqzeruhhvskovixzk/Build/Intermediates.noindex/AppAuth.build/Debug-iphonesimulator/AppAuthCore.build/Objects-normal/arm64/OIDTokenRequest.d --serialize-diagnostics /Users/xinyufang/Library/Developer/Xcode/DerivedData/Buzz-faillbpsmponqzeruhhvskovixzk/Build/Intermediates.noindex/AppAuth.build/Debug-iphonesimulator/AppAuthCore.build/Objects-normal/arm64/OIDTokenRequest.dia -c /Users/xinyufang/Library/Developer/Xcode/DerivedData/Buzz-faillbpsmponqzeruhhvskovixzk/SourcePackages/checkouts/AppAuth-iOS/Sources/AppAuthCore/OIDTokenRequest.m -o /Users/xinyufang/Library/Developer/Xcode/DerivedData/Buzz-faillbpsmponqzeruhhvskovixzk/Build/Intermediates.noindex/AppAuth.build/Debug-iphonesimulator/AppAuthCore.build/Objects-normal/arm64/OIDTokenRequest.o -index-unit-output-path /AppAuth.build/Debug-iphonesimulator/AppAuthCore.build/Objects-normal/arm64/OIDTokenRequest.o

CompileC /Users/xinyufang/Library/Developer/Xcode/DerivedData/Buzz-faillbpsmponqzeruhhvskovixzk/Build/Intermediates.noindex/AppAuth.build/Debug-iphonesimulator/AppAuthCore.build/Objects-normal/arm64/OIDServiceDiscovery.o /Users/xinyufang/Library/Developer/Xcode/DerivedData/Buzz-faillbpsmponqzeruhhvskovixzk/SourcePackages/checkouts/AppAuth-iOS/Sources/AppAuthCore/OIDServiceDiscovery.m normal arm64 objective-c com.apple.compilers.llvm.clang.1_0.compiler (in target 'AppAuthCore' from project 'AppAuth')
    cd /Users/xinyufang/Documents/Buzz/Buzz.xcodeproj
    
    Using response file: /Users/xinyufang/Library/Developer/Xcode/DerivedData/Buzz-faillbpsmponqzeruhhvskovixzk/Build/Intermediates.noindex/AppAuth.build/Debug-iphonesimulator/AppAuthCore.build/Objects-normal/arm64/e6072d4f65d7061329687fe24e3d63a7-common-args.resp
    
    /Applications/Xcode.app/Contents/Developer/Toolchains/XcodeDefault.xctoolchain/usr/bin/clang -x objective-c -ivfsstatcache /Users/xinyufang/Library/Developer/Xcode/DerivedData/SDKStatCaches.noindex/iphonesimulator26.0-23A339-26257891a6c027eb51374368541b8346.sdkstatcache -fmessage-length\=0 -fdiagnostics-show-note-include-stack -fmacro-backtrace-limit\=0 -fno-color-diagnostics -fmodules-prune-interval\=86400 -fmodules-prune-after\=345600 -fbuild-session-file\=/Users/xinyufang/Library/Developer/Xcode/DerivedData/ModuleCache.noindex/Session.modulevalidation -fmodules-validate-once-per-build-session -Wnon-modular-include-in-framework-module -Werror\=non-modular-include-in-framework-module -Wno-trigraphs -Wno-missing-field-initializers -Wno-missing-prototypes -Wno-return-type -Wno-implicit-atomic-properties -Wno-objc-interface-ivars -Wno-arc-repeated-use-of-weak -Wno-missing-braces -Wparentheses -Wswitch -Wno-unused-function -Wno-unused-label -Wno-unused-parameter -Wno-unused-variable -Wunused-value -Wno-empty-body -Wno-uninitialized -Wno-unknown-pragmas -w -Wno-shadow -Wno-four-char-constants -Wno-conversion -Wno-constant-conversion -Wno-int-conversion -Wno-bool-conversion -Wno-enum-conversion -Wno-float-conversion -Wno-non-literal-null-conversion -Wno-objc-literal-conversion -Wshorten-64-to-32 -Wpointer-sign -Wno-newline-eof -Wno-selector -Wno-strict-selector-match -Wno-undeclared-selector -Wno-deprecated-implementations -Wno-implicit-fallthrough -fstrict-aliasing -Wprotocol -Wdeprecated-declarations -Wno-sign-conversion -Wno-infinite-recursion -Wno-comma -Wno-block-capture-autoreleasing -Wno-strict-prototypes -Wno-semicolon-before-method-body -index-store-path /Users/xinyufang/Library/Developer/Xcode/DerivedData/Buzz-faillbpsmponqzeruhhvskovixzk/Index.noindex/DataStore @/Users/xinyufang/Library/Developer/Xcode/DerivedData/Buzz-faillbpsmponqzeruhhvskovixzk/Build/Intermediates.noindex/AppAuth.build/Debug-iphonesimulator/AppAuthCore.build/Objects-normal/arm64/e6072d4f65d7061329687fe24e3d63a7-common-args.resp -include /Users/xinyufang/Library/Developer/Xcode/DerivedData/Buzz-faillbpsmponqzeruhhvskovixzk/Build/Intermediates.noindex/AppAuth.build/Debug-iphonesimulator/AppAuthCore.build/DerivedSources/resource_bundle_accessor.h -MMD -MT dependencies -MF /Users/xinyufang/Library/Developer/Xcode/DerivedData/Buzz-faillbpsmponqzeruhhvskovixzk/Build/Intermediates.noindex/AppAuth.build/Debug-iphonesimulator/AppAuthCore.build/Objects-normal/arm64/OIDServiceDiscovery.d --serialize-diagnostics /Users/xinyufang/Library/Developer/Xcode/DerivedData/Buzz-faillbpsmponqzeruhhvskovixzk/Build/Intermediates.noindex/AppAuth.build/Debug-iphonesimulator/AppAuthCore.build/Objects-normal/arm64/OIDServiceDiscovery.dia -c /Users/xinyufang/Library/Developer/Xcode/DerivedData/Buzz-faillbpsmponqzeruhhvskovixzk/SourcePackages/checkouts/AppAuth-iOS/Sources/AppAuthCore/OIDServiceDiscovery.m -o /Users/xinyufang/Library/Developer/Xcode/DerivedData/Buzz-faillbpsmponqzeruhhvskovixzk/Build/Intermediates.noindex/AppAuth.build/Debug-iphonesimulator/AppAuthCore.build/Objects-normal/arm64/OIDServiceDiscovery.o -index-unit-output-path /AppAuth.build/Debug-iphonesimulator/AppAuthCore.build/Objects-normal/arm64/OIDServiceDiscovery.o

CompileC /Users/xinyufang/Library/Developer/Xcode/DerivedData/Buzz-faillbpsmponqzeruhhvskovixzk/Build/Intermediates.noindex/AppAuth.build/Debug-iphonesimulator/AppAuthCore.build/Objects-normal/arm64/OIDServiceConfiguration.o /Users/xinyufang/Library/Developer/Xcode/DerivedData/Buzz-faillbpsmponqzeruhhvskovixzk/SourcePackages/checkouts/AppAuth-iOS/Sources/AppAuthCore/OIDServiceConfiguration.m normal arm64 objective-c com.apple.compilers.llvm.clang.1_0.compiler (in target 'AppAuthCore' from project 'AppAuth')
    cd /Users/xinyufang/Documents/Buzz/Buzz.xcodeproj
    
    Using response file: /Users/xinyufang/Library/Developer/Xcode/DerivedData/Buzz-faillbpsmponqzeruhhvskovixzk/Build/Intermediates.noindex/AppAuth.build/Debug-iphonesimulator/AppAuthCore.build/Objects-normal/arm64/e6072d4f65d7061329687fe24e3d63a7-common-args.resp
    
    /Applications/Xcode.app/Contents/Developer/Toolchains/XcodeDefault.xctoolchain/usr/bin/clang -x objective-c -ivfsstatcache /Users/xinyufang/Library/Developer/Xcode/DerivedData/SDKStatCaches.noindex/iphonesimulator26.0-23A339-26257891a6c027eb51374368541b8346.sdkstatcache -fmessage-length\=0 -fdiagnostics-show-note-include-stack -fmacro-backtrace-limit\=0 -fno-color-diagnostics -fmodules-prune-interval\=86400 -fmodules-prune-after\=345600 -fbuild-session-file\=/Users/xinyufang/Library/Developer/Xcode/DerivedData/ModuleCache.noindex/Session.modulevalidation -fmodules-validate-once-per-build-session -Wnon-modular-include-in-framework-module -Werror\=non-modular-include-in-framework-module -Wno-trigraphs -Wno-missing-field-initializers -Wno-missing-prototypes -Wno-return-type -Wno-implicit-atomic-properties -Wno-objc-interface-ivars -Wno-arc-repeated-use-of-weak -Wno-missing-braces -Wparentheses -Wswitch -Wno-unused-function -Wno-unused-label -Wno-unused-parameter -Wno-unused-variable -Wunused-value -Wno-empty-body -Wno-uninitialized -Wno-unknown-pragmas -w -Wno-shadow -Wno-four-char-constants -Wno-conversion -Wno-constant-conversion -Wno-int-conversion -Wno-bool-conversion -Wno-enum-conversion -Wno-float-conversion -Wno-non-literal-null-conversion -Wno-objc-literal-conversion -Wshorten-64-to-32 -Wpointer-sign -Wno-newline-eof -Wno-selector -Wno-strict-selector-match -Wno-undeclared-selector -Wno-deprecated-implementations -Wno-implicit-fallthrough -fstrict-aliasing -Wprotocol -Wdeprecated-declarations -Wno-sign-conversion -Wno-infinite-recursion -Wno-comma -Wno-block-capture-autoreleasing -Wno-strict-prototypes -Wno-semicolon-before-method-body -index-store-path /Users/xinyufang/Library/Developer/Xcode/DerivedData/Buzz-faillbpsmponqzeruhhvskovixzk/Index.noindex/DataStore @/Users/xinyufang/Library/Developer/Xcode/DerivedData/Buzz-faillbpsmponqzeruhhvskovixzk/Build/Intermediates.noindex/AppAuth.build/Debug-iphonesimulator/AppAuthCore.build/Objects-normal/arm64/e6072d4f65d7061329687fe24e3d63a7-common-args.resp -include /Users/xinyufang/Library/Developer/Xcode/DerivedData/Buzz-faillbpsmponqzeruhhvskovixzk/Build/Intermediates.noindex/AppAuth.build/Debug-iphonesimulator/AppAuthCore.build/DerivedSources/resource_bundle_accessor.h -MMD -MT dependencies -MF /Users/xinyufang/Library/Developer/Xcode/DerivedData/Buzz-faillbpsmponqzeruhhvskovixzk/Build/Intermediates.noindex/AppAuth.build/Debug-iphonesimulator/AppAuthCore.build/Objects-normal/arm64/OIDServiceConfiguration.d --serialize-diagnostics /Users/xinyufang/Library/Developer/Xcode/DerivedData/Buzz-faillbpsmponqzeruhhvskovixzk/Build/Intermediates.noindex/AppAuth.build/Debug-iphonesimulator/AppAuthCore.build/Objects-normal/arm64/OIDServiceConfiguration.dia -c /Users/xinyufang/Library/Developer/Xcode/DerivedData/Buzz-faillbpsmponqzeruhhvskovixzk/SourcePackages/checkouts/AppAuth-iOS/Sources/AppAuthCore/OIDServiceConfiguration.m -o /Users/xinyufang/Library/Developer/Xcode/DerivedData/Buzz-faillbpsmponqzeruhhvskovixzk/Build/Intermediates.noindex/AppAuth.build/Debug-iphonesimulator/AppAuthCore.build/Objects-normal/arm64/OIDServiceConfiguration.o -index-unit-output-path /AppAuth.build/Debug-iphonesimulator/AppAuthCore.build/Objects-normal/arm64/OIDServiceConfiguration.o

CompileC /Users/xinyufang/Library/Developer/Xcode/DerivedData/Buzz-faillbpsmponqzeruhhvskovixzk/Build/Intermediates.noindex/AppAuth.build/Debug-iphonesimulator/AppAuthCore.build/Objects-normal/arm64/OIDScopes.o /Users/xinyufang/Library/Developer/Xcode/DerivedData/Buzz-faillbpsmponqzeruhhvskovixzk/SourcePackages/checkouts/AppAuth-iOS/Sources/AppAuthCore/OIDScopes.m normal arm64 objective-c com.apple.compilers.llvm.clang.1_0.compiler (in target 'AppAuthCore' from project 'AppAuth')
    cd /Users/xinyufang/Documents/Buzz/Buzz.xcodeproj
    
    Using response file: /Users/xinyufang/Library/Developer/Xcode/DerivedData/Buzz-faillbpsmponqzeruhhvskovixzk/Build/Intermediates.noindex/AppAuth.build/Debug-iphonesimulator/AppAuthCore.build/Objects-normal/arm64/e6072d4f65d7061329687fe24e3d63a7-common-args.resp
    
    /Applications/Xcode.app/Contents/Developer/Toolchains/XcodeDefault.xctoolchain/usr/bin/clang -x objective-c -ivfsstatcache /Users/xinyufang/Library/Developer/Xcode/DerivedData/SDKStatCaches.noindex/iphonesimulator26.0-23A339-26257891a6c027eb51374368541b8346.sdkstatcache -fmessage-length\=0 -fdiagnostics-show-note-include-stack -fmacro-backtrace-limit\=0 -fno-color-diagnostics -fmodules-prune-interval\=86400 -fmodules-prune-after\=345600 -fbuild-session-file\=/Users/xinyufang/Library/Developer/Xcode/DerivedData/ModuleCache.noindex/Session.modulevalidation -fmodules-validate-once-per-build-session -Wnon-modular-include-in-framework-module -Werror\=non-modular-include-in-framework-module -Wno-trigraphs -Wno-missing-field-initializers -Wno-missing-prototypes -Wno-return-type -Wno-implicit-atomic-properties -Wno-objc-interface-ivars -Wno-arc-repeated-use-of-weak -Wno-missing-braces -Wparentheses -Wswitch -Wno-unused-function -Wno-unused-label -Wno-unused-parameter -Wno-unused-variable -Wunused-value -Wno-empty-body -Wno-uninitialized -Wno-unknown-pragmas -w -Wno-shadow -Wno-four-char-constants -Wno-conversion -Wno-constant-conversion -Wno-int-conversion -Wno-bool-conversion -Wno-enum-conversion -Wno-float-conversion -Wno-non-literal-null-conversion -Wno-objc-literal-conversion -Wshorten-64-to-32 -Wpointer-sign -Wno-newline-eof -Wno-selector -Wno-strict-selector-match -Wno-undeclared-selector -Wno-deprecated-implementations -Wno-implicit-fallthrough -fstrict-aliasing -Wprotocol -Wdeprecated-declarations -Wno-sign-conversion -Wno-infinite-recursion -Wno-comma -Wno-block-capture-autoreleasing -Wno-strict-prototypes -Wno-semicolon-before-method-body -index-store-path /Users/xinyufang/Library/Developer/Xcode/DerivedData/Buzz-faillbpsmponqzeruhhvskovixzk/Index.noindex/DataStore @/Users/xinyufang/Library/Developer/Xcode/DerivedData/Buzz-faillbpsmponqzeruhhvskovixzk/Build/Intermediates.noindex/AppAuth.build/Debug-iphonesimulator/AppAuthCore.build/Objects-normal/arm64/e6072d4f65d7061329687fe24e3d63a7-common-args.resp -include /Users/xinyufang/Library/Developer/Xcode/DerivedData/Buzz-faillbpsmponqzeruhhvskovixzk/Build/Intermediates.noindex/AppAuth.build/Debug-iphonesimulator/AppAuthCore.build/DerivedSources/resource_bundle_accessor.h -MMD -MT dependencies -MF /Users/xinyufang/Library/Developer/Xcode/DerivedData/Buzz-faillbpsmponqzeruhhvskovixzk/Build/Intermediates.noindex/AppAuth.build/Debug-iphonesimulator/AppAuthCore.build/Objects-normal/arm64/OIDScopes.d --serialize-diagnostics /Users/xinyufang/Library/Developer/Xcode/DerivedData/Buzz-faillbpsmponqzeruhhvskovixzk/Build/Intermediates.noindex/AppAuth.build/Debug-iphonesimulator/AppAuthCore.build/Objects-normal/arm64/OIDScopes.dia -c /Users/xinyufang/Library/Developer/Xcode/DerivedData/Buzz-faillbpsmponqzeruhhvskovixzk/SourcePackages/checkouts/AppAuth-iOS/Sources/AppAuthCore/OIDScopes.m -o /Users/xinyufang/Library/Developer/Xcode/DerivedData/Buzz-faillbpsmponqzeruhhvskovixzk/Build/Intermediates.noindex/AppAuth.build/Debug-iphonesimulator/AppAuthCore.build/Objects-normal/arm64/OIDScopes.o -index-unit-output-path /AppAuth.build/Debug-iphonesimulator/AppAuthCore.build/Objects-normal/arm64/OIDScopes.o

CompileC /Users/xinyufang/Library/Developer/Xcode/DerivedData/Buzz-faillbpsmponqzeruhhvskovixzk/Build/Intermediates.noindex/AppAuth.build/Debug-iphonesimulator/AppAuthCore.build/Objects-normal/arm64/OIDScopeUtilities.o /Users/xinyufang/Library/Developer/Xcode/DerivedData/Buzz-faillbpsmponqzeruhhvskovixzk/SourcePackages/checkouts/AppAuth-iOS/Sources/AppAuthCore/OIDScopeUtilities.m normal arm64 objective-c com.apple.compilers.llvm.clang.1_0.compiler (in target 'AppAuthCore' from project 'AppAuth')
    cd /Users/xinyufang/Documents/Buzz/Buzz.xcodeproj
    
    Using response file: /Users/xinyufang/Library/Developer/Xcode/DerivedData/Buzz-faillbpsmponqzeruhhvskovixzk/Build/Intermediates.noindex/AppAuth.build/Debug-iphonesimulator/AppAuthCore.build/Objects-normal/arm64/e6072d4f65d7061329687fe24e3d63a7-common-args.resp
    
    /Applications/Xcode.app/Contents/Developer/Toolchains/XcodeDefault.xctoolchain/usr/bin/clang -x objective-c -ivfsstatcache /Users/xinyufang/Library/Developer/Xcode/DerivedData/SDKStatCaches.noindex/iphonesimulator26.0-23A339-26257891a6c027eb51374368541b8346.sdkstatcache -fmessage-length\=0 -fdiagnostics-show-note-include-stack -fmacro-backtrace-limit\=0 -fno-color-diagnostics -fmodules-prune-interval\=86400 -fmodules-prune-after\=345600 -fbuild-session-file\=/Users/xinyufang/Library/Developer/Xcode/DerivedData/ModuleCache.noindex/Session.modulevalidation -fmodules-validate-once-per-build-session -Wnon-modular-include-in-framework-module -Werror\=non-modular-include-in-framework-module -Wno-trigraphs -Wno-missing-field-initializers -Wno-missing-prototypes -Wno-return-type -Wno-implicit-atomic-properties -Wno-objc-interface-ivars -Wno-arc-repeated-use-of-weak -Wno-missing-braces -Wparentheses -Wswitch -Wno-unused-function -Wno-unused-label -Wno-unused-parameter -Wno-unused-variable -Wunused-value -Wno-empty-body -Wno-uninitialized -Wno-unknown-pragmas -w -Wno-shadow -Wno-four-char-constants -Wno-conversion -Wno-constant-conversion -Wno-int-conversion -Wno-bool-conversion -Wno-enum-conversion -Wno-float-conversion -Wno-non-literal-null-conversion -Wno-objc-literal-conversion -Wshorten-64-to-32 -Wpointer-sign -Wno-newline-eof -Wno-selector -Wno-strict-selector-match -Wno-undeclared-selector -Wno-deprecated-implementations -Wno-implicit-fallthrough -fstrict-aliasing -Wprotocol -Wdeprecated-declarations -Wno-sign-conversion -Wno-infinite-recursion -Wno-comma -Wno-block-capture-autoreleasing -Wno-strict-prototypes -Wno-semicolon-before-method-body -index-store-path /Users/xinyufang/Library/Developer/Xcode/DerivedData/Buzz-faillbpsmponqzeruhhvskovixzk/Index.noindex/DataStore @/Users/xinyufang/Library/Developer/Xcode/DerivedData/Buzz-faillbpsmponqzeruhhvskovixzk/Build/Intermediates.noindex/AppAuth.build/Debug-iphonesimulator/AppAuthCore.build/Objects-normal/arm64/e6072d4f65d7061329687fe24e3d63a7-common-args.resp -include /Users/xinyufang/Library/Developer/Xcode/DerivedData/Buzz-faillbpsmponqzeruhhvskovixzk/Build/Intermediates.noindex/AppAuth.build/Debug-iphonesimulator/AppAuthCore.build/DerivedSources/resource_bundle_accessor.h -MMD -MT dependencies -MF /Users/xinyufang/Library/Developer/Xcode/DerivedData/Buzz-faillbpsmponqzeruhhvskovixzk/Build/Intermediates.noindex/AppAuth.build/Debug-iphonesimulator/AppAuthCore.build/Objects-normal/arm64/OIDScopeUtilities.d --serialize-diagnostics /Users/xinyufang/Library/Developer/Xcode/DerivedData/Buzz-faillbpsmponqzeruhhvskovixzk/Build/Intermediates.noindex/AppAuth.build/Debug-iphonesimulator/AppAuthCore.build/Objects-normal/arm64/OIDScopeUtilities.dia -c /Users/xinyufang/Library/Developer/Xcode/DerivedData/Buzz-faillbpsmponqzeruhhvskovixzk/SourcePackages/checkouts/AppAuth-iOS/Sources/AppAuthCore/OIDScopeUtilities.m -o /Users/xinyufang/Library/Developer/Xcode/DerivedData/Buzz-faillbpsmponqzeruhhvskovixzk/Build/Intermediates.noindex/AppAuth.build/Debug-iphonesimulator/AppAuthCore.build/Objects-normal/arm64/OIDScopeUtilities.o -index-unit-output-path /AppAuth.build/Debug-iphonesimulator/AppAuthCore.build/Objects-normal/arm64/OIDScopeUtilities.o

CompileC /Users/xinyufang/Library/Developer/Xcode/DerivedData/Buzz-faillbpsmponqzeruhhvskovixzk/Build/Intermediates.noindex/AppAuth.build/Debug-iphonesimulator/AppAuthCore.build/Objects-normal/arm64/OIDResponseTypes.o /Users/xinyufang/Library/Developer/Xcode/DerivedData/Buzz-faillbpsmponqzeruhhvskovixzk/SourcePackages/checkouts/AppAuth-iOS/Sources/AppAuthCore/OIDResponseTypes.m normal arm64 objective-c com.apple.compilers.llvm.clang.1_0.compiler (in target 'AppAuthCore' from project 'AppAuth')
    cd /Users/xinyufang/Documents/Buzz/Buzz.xcodeproj
    
    Using response file: /Users/xinyufang/Library/Developer/Xcode/DerivedData/Buzz-faillbpsmponqzeruhhvskovixzk/Build/Intermediates.noindex/AppAuth.build/Debug-iphonesimulator/AppAuthCore.build/Objects-normal/arm64/e6072d4f65d7061329687fe24e3d63a7-common-args.resp
    
    /Applications/Xcode.app/Contents/Developer/Toolchains/XcodeDefault.xctoolchain/usr/bin/clang -x objective-c -ivfsstatcache /Users/xinyufang/Library/Developer/Xcode/DerivedData/SDKStatCaches.noindex/iphonesimulator26.0-23A339-26257891a6c027eb51374368541b8346.sdkstatcache -fmessage-length\=0 -fdiagnostics-show-note-include-stack -fmacro-backtrace-limit\=0 -fno-color-diagnostics -fmodules-prune-interval\=86400 -fmodules-prune-after\=345600 -fbuild-session-file\=/Users/xinyufang/Library/Developer/Xcode/DerivedData/ModuleCache.noindex/Session.modulevalidation -fmodules-validate-once-per-build-session -Wnon-modular-include-in-framework-module -Werror\=non-modular-include-in-framework-module -Wno-trigraphs -Wno-missing-field-initializers -Wno-missing-prototypes -Wno-return-type -Wno-implicit-atomic-properties -Wno-objc-interface-ivars -Wno-arc-repeated-use-of-weak -Wno-missing-braces -Wparentheses -Wswitch -Wno-unused-function -Wno-unused-label -Wno-unused-parameter -Wno-unused-variable -Wunused-value -Wno-empty-body -Wno-uninitialized -Wno-unknown-pragmas -w -Wno-shadow -Wno-four-char-constants -Wno-conversion -Wno-constant-conversion -Wno-int-conversion -Wno-bool-conversion -Wno-enum-conversion -Wno-float-conversion -Wno-non-literal-null-conversion -Wno-objc-literal-conversion -Wshorten-64-to-32 -Wpointer-sign -Wno-newline-eof -Wno-selector -Wno-strict-selector-match -Wno-undeclared-selector -Wno-deprecated-implementations -Wno-implicit-fallthrough -fstrict-aliasing -Wprotocol -Wdeprecated-declarations -Wno-sign-conversion -Wno-infinite-recursion -Wno-comma -Wno-block-capture-autoreleasing -Wno-strict-prototypes -Wno-semicolon-before-method-body -index-store-path /Users/xinyufang/Library/Developer/Xcode/DerivedData/Buzz-faillbpsmponqzeruhhvskovixzk/Index.noindex/DataStore @/Users/xinyufang/Library/Developer/Xcode/DerivedData/Buzz-faillbpsmponqzeruhhvskovixzk/Build/Intermediates.noindex/AppAuth.build/Debug-iphonesimulator/AppAuthCore.build/Objects-normal/arm64/e6072d4f65d7061329687fe24e3d63a7-common-args.resp -include /Users/xinyufang/Library/Developer/Xcode/DerivedData/Buzz-faillbpsmponqzeruhhvskovixzk/Build/Intermediates.noindex/AppAuth.build/Debug-iphonesimulator/AppAuthCore.build/DerivedSources/resource_bundle_accessor.h -MMD -MT dependencies -MF /Users/xinyufang/Library/Developer/Xcode/DerivedData/Buzz-faillbpsmponqzeruhhvskovixzk/Build/Intermediates.noindex/AppAuth.build/Debug-iphonesimulator/AppAuthCore.build/Objects-normal/arm64/OIDResponseTypes.d --serialize-diagnostics /Users/xinyufang/Library/Developer/Xcode/DerivedData/Buzz-faillbpsmponqzeruhhvskovixzk/Build/Intermediates.noindex/AppAuth.build/Debug-iphonesimulator/AppAuthCore.build/Objects-normal/arm64/OIDResponseTypes.dia -c /Users/xinyufang/Library/Developer/Xcode/DerivedData/Buzz-faillbpsmponqzeruhhvskovixzk/SourcePackages/checkouts/AppAuth-iOS/Sources/AppAuthCore/OIDResponseTypes.m -o /Users/xinyufang/Library/Developer/Xcode/DerivedData/Buzz-faillbpsmponqzeruhhvskovixzk/Build/Intermediates.noindex/AppAuth.build/Debug-iphonesimulator/AppAuthCore.build/Objects-normal/arm64/OIDResponseTypes.o -index-unit-output-path /AppAuth.build/Debug-iphonesimulator/AppAuthCore.build/Objects-normal/arm64/OIDResponseTypes.o

CompileC /Users/xinyufang/Library/Developer/Xcode/DerivedData/Buzz-faillbpsmponqzeruhhvskovixzk/Build/Intermediates.noindex/AppAuth.build/Debug-iphonesimulator/AppAuthCore.build/Objects-normal/arm64/OIDRegistrationResponse.o /Users/xinyufang/Library/Developer/Xcode/DerivedData/Buzz-faillbpsmponqzeruhhvskovixzk/SourcePackages/checkouts/AppAuth-iOS/Sources/AppAuthCore/OIDRegistrationResponse.m normal arm64 objective-c com.apple.compilers.llvm.clang.1_0.compiler (in target 'AppAuthCore' from project 'AppAuth')
    cd /Users/xinyufang/Documents/Buzz/Buzz.xcodeproj
    
    Using response file: /Users/xinyufang/Library/Developer/Xcode/DerivedData/Buzz-faillbpsmponqzeruhhvskovixzk/Build/Intermediates.noindex/AppAuth.build/Debug-iphonesimulator/AppAuthCore.build/Objects-normal/arm64/e6072d4f65d7061329687fe24e3d63a7-common-args.resp
    
    /Applications/Xcode.app/Contents/Developer/Toolchains/XcodeDefault.xctoolchain/usr/bin/clang -x objective-c -ivfsstatcache /Users/xinyufang/Library/Developer/Xcode/DerivedData/SDKStatCaches.noindex/iphonesimulator26.0-23A339-26257891a6c027eb51374368541b8346.sdkstatcache -fmessage-length\=0 -fdiagnostics-show-note-include-stack -fmacro-backtrace-limit\=0 -fno-color-diagnostics -fmodules-prune-interval\=86400 -fmodules-prune-after\=345600 -fbuild-session-file\=/Users/xinyufang/Library/Developer/Xcode/DerivedData/ModuleCache.noindex/Session.modulevalidation -fmodules-validate-once-per-build-session -Wnon-modular-include-in-framework-module -Werror\=non-modular-include-in-framework-module -Wno-trigraphs -Wno-missing-field-initializers -Wno-missing-prototypes -Wno-return-type -Wno-implicit-atomic-properties -Wno-objc-interface-ivars -Wno-arc-repeated-use-of-weak -Wno-missing-braces -Wparentheses -Wswitch -Wno-unused-function -Wno-unused-label -Wno-unused-parameter -Wno-unused-variable -Wunused-value -Wno-empty-body -Wno-uninitialized -Wno-unknown-pragmas -w -Wno-shadow -Wno-four-char-constants -Wno-conversion -Wno-constant-conversion -Wno-int-conversion -Wno-bool-conversion -Wno-enum-conversion -Wno-float-conversion -Wno-non-literal-null-conversion -Wno-objc-literal-conversion -Wshorten-64-to-32 -Wpointer-sign -Wno-newline-eof -Wno-selector -Wno-strict-selector-match -Wno-undeclared-selector -Wno-deprecated-implementations -Wno-implicit-fallthrough -fstrict-aliasing -Wprotocol -Wdeprecated-declarations -Wno-sign-conversion -Wno-infinite-recursion -Wno-comma -Wno-block-capture-autoreleasing -Wno-strict-prototypes -Wno-semicolon-before-method-body -index-store-path /Users/xinyufang/Library/Developer/Xcode/DerivedData/Buzz-faillbpsmponqzeruhhvskovixzk/Index.noindex/DataStore @/Users/xinyufang/Library/Developer/Xcode/DerivedData/Buzz-faillbpsmponqzeruhhvskovixzk/Build/Intermediates.noindex/AppAuth.build/Debug-iphonesimulator/AppAuthCore.build/Objects-normal/arm64/e6072d4f65d7061329687fe24e3d63a7-common-args.resp -include /Users/xinyufang/Library/Developer/Xcode/DerivedData/Buzz-faillbpsmponqzeruhhvskovixzk/Build/Intermediates.noindex/AppAuth.build/Debug-iphonesimulator/AppAuthCore.build/DerivedSources/resource_bundle_accessor.h -MMD -MT dependencies -MF /Users/xinyufang/Library/Developer/Xcode/DerivedData/Buzz-faillbpsmponqzeruhhvskovixzk/Build/Intermediates.noindex/AppAuth.build/Debug-iphonesimulator/AppAuthCore.build/Objects-normal/arm64/OIDRegistrationResponse.d --serialize-diagnostics /Users/xinyufang/Library/Developer/Xcode/DerivedData/Buzz-faillbpsmponqzeruhhvskovixzk/Build/Intermediates.noindex/AppAuth.build/Debug-iphonesimulator/AppAuthCore.build/Objects-normal/arm64/OIDRegistrationResponse.dia -c /Users/xinyufang/Library/Developer/Xcode/DerivedData/Buzz-faillbpsmponqzeruhhvskovixzk/SourcePackages/checkouts/AppAuth-iOS/Sources/AppAuthCore/OIDRegistrationResponse.m -o /Users/xinyufang/Library/Developer/Xcode/DerivedData/Buzz-faillbpsmponqzeruhhvskovixzk/Build/Intermediates.noindex/AppAuth.build/Debug-iphonesimulator/AppAuthCore.build/Objects-normal/arm64/OIDRegistrationResponse.o -index-unit-output-path /AppAuth.build/Debug-iphonesimulator/AppAuthCore.build/Objects-normal/arm64/OIDRegistrationResponse.o

CompileC /Users/xinyufang/Library/Developer/Xcode/DerivedData/Buzz-faillbpsmponqzeruhhvskovixzk/Build/Intermediates.noindex/AppAuth.build/Debug-iphonesimulator/AppAuthCore.build/Objects-normal/arm64/OIDRegistrationRequest.o /Users/xinyufang/Library/Developer/Xcode/DerivedData/Buzz-faillbpsmponqzeruhhvskovixzk/SourcePackages/checkouts/AppAuth-iOS/Sources/AppAuthCore/OIDRegistrationRequest.m normal arm64 objective-c com.apple.compilers.llvm.clang.1_0.compiler (in target 'AppAuthCore' from project 'AppAuth')
    cd /Users/xinyufang/Documents/Buzz/Buzz.xcodeproj
    
    Using response file: /Users/xinyufang/Library/Developer/Xcode/DerivedData/Buzz-faillbpsmponqzeruhhvskovixzk/Build/Intermediates.noindex/AppAuth.build/Debug-iphonesimulator/AppAuthCore.build/Objects-normal/arm64/e6072d4f65d7061329687fe24e3d63a7-common-args.resp
    
    /Applications/Xcode.app/Contents/Developer/Toolchains/XcodeDefault.xctoolchain/usr/bin/clang -x objective-c -ivfsstatcache /Users/xinyufang/Library/Developer/Xcode/DerivedData/SDKStatCaches.noindex/iphonesimulator26.0-23A339-26257891a6c027eb51374368541b8346.sdkstatcache -fmessage-length\=0 -fdiagnostics-show-note-include-stack -fmacro-backtrace-limit\=0 -fno-color-diagnostics -fmodules-prune-interval\=86400 -fmodules-prune-after\=345600 -fbuild-session-file\=/Users/xinyufang/Library/Developer/Xcode/DerivedData/ModuleCache.noindex/Session.modulevalidation -fmodules-validate-once-per-build-session -Wnon-modular-include-in-framework-module -Werror\=non-modular-include-in-framework-module -Wno-trigraphs -Wno-missing-field-initializers -Wno-missing-prototypes -Wno-return-type -Wno-implicit-atomic-properties -Wno-objc-interface-ivars -Wno-arc-repeated-use-of-weak -Wno-missing-braces -Wparentheses -Wswitch -Wno-unused-function -Wno-unused-label -Wno-unused-parameter -Wno-unused-variable -Wunused-value -Wno-empty-body -Wno-uninitialized -Wno-unknown-pragmas -w -Wno-shadow -Wno-four-char-constants -Wno-conversion -Wno-constant-conversion -Wno-int-conversion -Wno-bool-conversion -Wno-enum-conversion -Wno-float-conversion -Wno-non-literal-null-conversion -Wno-objc-literal-conversion -Wshorten-64-to-32 -Wpointer-sign -Wno-newline-eof -Wno-selector -Wno-strict-selector-match -Wno-undeclared-selector -Wno-deprecated-implementations -Wno-implicit-fallthrough -fstrict-aliasing -Wprotocol -Wdeprecated-declarations -Wno-sign-conversion -Wno-infinite-recursion -Wno-comma -Wno-block-capture-autoreleasing -Wno-strict-prototypes -Wno-semicolon-before-method-body -index-store-path /Users/xinyufang/Library/Developer/Xcode/DerivedData/Buzz-faillbpsmponqzeruhhvskovixzk/Index.noindex/DataStore @/Users/xinyufang/Library/Developer/Xcode/DerivedData/Buzz-faillbpsmponqzeruhhvskovixzk/Build/Intermediates.noindex/AppAuth.build/Debug-iphonesimulator/AppAuthCore.build/Objects-normal/arm64/e6072d4f65d7061329687fe24e3d63a7-common-args.resp -include /Users/xinyufang/Library/Developer/Xcode/DerivedData/Buzz-faillbpsmponqzeruhhvskovixzk/Build/Intermediates.noindex/AppAuth.build/Debug-iphonesimulator/AppAuthCore.build/DerivedSources/resource_bundle_accessor.h -MMD -MT dependencies -MF /Users/xinyufang/Library/Developer/Xcode/DerivedData/Buzz-faillbpsmponqzeruhhvskovixzk/Build/Intermediates.noindex/AppAuth.build/Debug-iphonesimulator/AppAuthCore.build/Objects-normal/arm64/OIDRegistrationRequest.d --serialize-diagnostics /Users/xinyufang/Library/Developer/Xcode/DerivedData/Buzz-faillbpsmponqzeruhhvskovixzk/Build/Intermediates.noindex/AppAuth.build/Debug-iphonesimulator/AppAuthCore.build/Objects-normal/arm64/OIDRegistrationRequest.dia -c /Users/xinyufang/Library/Developer/Xcode/DerivedData/Buzz-faillbpsmponqzeruhhvskovixzk/SourcePackages/checkouts/AppAuth-iOS/Sources/AppAuthCore/OIDRegistrationRequest.m -o /Users/xinyufang/Library/Developer/Xcode/DerivedData/Buzz-faillbpsmponqzeruhhvskovixzk/Build/Intermediates.noindex/AppAuth.build/Debug-iphonesimulator/AppAuthCore.build/Objects-normal/arm64/OIDRegistrationRequest.o -index-unit-output-path /AppAuth.build/Debug-iphonesimulator/AppAuthCore.build/Objects-normal/arm64/OIDRegistrationRequest.o

CompileC /Users/xinyufang/Library/Developer/Xcode/DerivedData/Buzz-faillbpsmponqzeruhhvskovixzk/Build/Intermediates.noindex/AppAuth.build/Debug-iphonesimulator/AppAuthCore.build/Objects-normal/arm64/OIDIDToken.o /Users/xinyufang/Library/Developer/Xcode/DerivedData/Buzz-faillbpsmponqzeruhhvskovixzk/SourcePackages/checkouts/AppAuth-iOS/Sources/AppAuthCore/OIDIDToken.m normal arm64 objective-c com.apple.compilers.llvm.clang.1_0.compiler (in target 'AppAuthCore' from project 'AppAuth')
    cd /Users/xinyufang/Documents/Buzz/Buzz.xcodeproj
    
    Using response file: /Users/xinyufang/Library/Developer/Xcode/DerivedData/Buzz-faillbpsmponqzeruhhvskovixzk/Build/Intermediates.noindex/AppAuth.build/Debug-iphonesimulator/AppAuthCore.build/Objects-normal/arm64/e6072d4f65d7061329687fe24e3d63a7-common-args.resp
    
    /Applications/Xcode.app/Contents/Developer/Toolchains/XcodeDefault.xctoolchain/usr/bin/clang -x objective-c -ivfsstatcache /Users/xinyufang/Library/Developer/Xcode/DerivedData/SDKStatCaches.noindex/iphonesimulator26.0-23A339-26257891a6c027eb51374368541b8346.sdkstatcache -fmessage-length\=0 -fdiagnostics-show-note-include-stack -fmacro-backtrace-limit\=0 -fno-color-diagnostics -fmodules-prune-interval\=86400 -fmodules-prune-after\=345600 -fbuild-session-file\=/Users/xinyufang/Library/Developer/Xcode/DerivedData/ModuleCache.noindex/Session.modulevalidation -fmodules-validate-once-per-build-session -Wnon-modular-include-in-framework-module -Werror\=non-modular-include-in-framework-module -Wno-trigraphs -Wno-missing-field-initializers -Wno-missing-prototypes -Wno-return-type -Wno-implicit-atomic-properties -Wno-objc-interface-ivars -Wno-arc-repeated-use-of-weak -Wno-missing-braces -Wparentheses -Wswitch -Wno-unused-function -Wno-unused-label -Wno-unused-parameter -Wno-unused-variable -Wunused-value -Wno-empty-body -Wno-uninitialized -Wno-unknown-pragmas -w -Wno-shadow -Wno-four-char-constants -Wno-conversion -Wno-constant-conversion -Wno-int-conversion -Wno-bool-conversion -Wno-enum-conversion -Wno-float-conversion -Wno-non-literal-null-conversion -Wno-objc-literal-conversion -Wshorten-64-to-32 -Wpointer-sign -Wno-newline-eof -Wno-selector -Wno-strict-selector-match -Wno-undeclared-selector -Wno-deprecated-implementations -Wno-implicit-fallthrough -fstrict-aliasing -Wprotocol -Wdeprecated-declarations -Wno-sign-conversion -Wno-infinite-recursion -Wno-comma -Wno-block-capture-autoreleasing -Wno-strict-prototypes -Wno-semicolon-before-method-body -index-store-path /Users/xinyufang/Library/Developer/Xcode/DerivedData/Buzz-faillbpsmponqzeruhhvskovixzk/Index.noindex/DataStore @/Users/xinyufang/Library/Developer/Xcode/DerivedData/Buzz-faillbpsmponqzeruhhvskovixzk/Build/Intermediates.noindex/AppAuth.build/Debug-iphonesimulator/AppAuthCore.build/Objects-normal/arm64/e6072d4f65d7061329687fe24e3d63a7-common-args.resp -include /Users/xinyufang/Library/Developer/Xcode/DerivedData/Buzz-faillbpsmponqzeruhhvskovixzk/Build/Intermediates.noindex/AppAuth.build/Debug-iphonesimulator/AppAuthCore.build/DerivedSources/resource_bundle_accessor.h -MMD -MT dependencies -MF /Users/xinyufang/Library/Developer/Xcode/DerivedData/Buzz-faillbpsmponqzeruhhvskovixzk/Build/Intermediates.noindex/AppAuth.build/Debug-iphonesimulator/AppAuthCore.build/Objects-normal/arm64/OIDIDToken.d --serialize-diagnostics /Users/xinyufang/Library/Developer/Xcode/DerivedData/Buzz-faillbpsmponqzeruhhvskovixzk/Build/Intermediates.noindex/AppAuth.build/Debug-iphonesimulator/AppAuthCore.build/Objects-normal/arm64/OIDIDToken.dia -c /Users/xinyufang/Library/Developer/Xcode/DerivedData/Buzz-faillbpsmponqzeruhhvskovixzk/SourcePackages/checkouts/AppAuth-iOS/Sources/AppAuthCore/OIDIDToken.m -o /Users/xinyufang/Library/Developer/Xcode/DerivedData/Buzz-faillbpsmponqzeruhhvskovixzk/Build/Intermediates.noindex/AppAuth.build/Debug-iphonesimulator/AppAuthCore.build/Objects-normal/arm64/OIDIDToken.o -index-unit-output-path /AppAuth.build/Debug-iphonesimulator/AppAuthCore.build/Objects-normal/arm64/OIDIDToken.o

CompileC /Users/xinyufang/Library/Developer/Xcode/DerivedData/Buzz-faillbpsmponqzeruhhvskovixzk/Build/Intermediates.noindex/AppAuth.build/Debug-iphonesimulator/AppAuthCore.build/Objects-normal/arm64/OIDGrantTypes.o /Users/xinyufang/Library/Developer/Xcode/DerivedData/Buzz-faillbpsmponqzeruhhvskovixzk/SourcePackages/checkouts/AppAuth-iOS/Sources/AppAuthCore/OIDGrantTypes.m normal arm64 objective-c com.apple.compilers.llvm.clang.1_0.compiler (in target 'AppAuthCore' from project 'AppAuth')
    cd /Users/xinyufang/Documents/Buzz/Buzz.xcodeproj
    
    Using response file: /Users/xinyufang/Library/Developer/Xcode/DerivedData/Buzz-faillbpsmponqzeruhhvskovixzk/Build/Intermediates.noindex/AppAuth.build/Debug-iphonesimulator/AppAuthCore.build/Objects-normal/arm64/e6072d4f65d7061329687fe24e3d63a7-common-args.resp
    
    /Applications/Xcode.app/Contents/Developer/Toolchains/XcodeDefault.xctoolchain/usr/bin/clang -x objective-c -ivfsstatcache /Users/xinyufang/Library/Developer/Xcode/DerivedData/SDKStatCaches.noindex/iphonesimulator26.0-23A339-26257891a6c027eb51374368541b8346.sdkstatcache -fmessage-length\=0 -fdiagnostics-show-note-include-stack -fmacro-backtrace-limit\=0 -fno-color-diagnostics -fmodules-prune-interval\=86400 -fmodules-prune-after\=345600 -fbuild-session-file\=/Users/xinyufang/Library/Developer/Xcode/DerivedData/ModuleCache.noindex/Session.modulevalidation -fmodules-validate-once-per-build-session -Wnon-modular-include-in-framework-module -Werror\=non-modular-include-in-framework-module -Wno-trigraphs -Wno-missing-field-initializers -Wno-missing-prototypes -Wno-return-type -Wno-implicit-atomic-properties -Wno-objc-interface-ivars -Wno-arc-repeated-use-of-weak -Wno-missing-braces -Wparentheses -Wswitch -Wno-unused-function -Wno-unused-label -Wno-unused-parameter -Wno-unused-variable -Wunused-value -Wno-empty-body -Wno-uninitialized -Wno-unknown-pragmas -w -Wno-shadow -Wno-four-char-constants -Wno-conversion -Wno-constant-conversion -Wno-int-conversion -Wno-bool-conversion -Wno-enum-conversion -Wno-float-conversion -Wno-non-literal-null-conversion -Wno-objc-literal-conversion -Wshorten-64-to-32 -Wpointer-sign -Wno-newline-eof -Wno-selector -Wno-strict-selector-match -Wno-undeclared-selector -Wno-deprecated-implementations -Wno-implicit-fallthrough -fstrict-aliasing -Wprotocol -Wdeprecated-declarations -Wno-sign-conversion -Wno-infinite-recursion -Wno-comma -Wno-block-capture-autoreleasing -Wno-strict-prototypes -Wno-semicolon-before-method-body -index-store-path /Users/xinyufang/Library/Developer/Xcode/DerivedData/Buzz-faillbpsmponqzeruhhvskovixzk/Index.noindex/DataStore @/Users/xinyufang/Library/Developer/Xcode/DerivedData/Buzz-faillbpsmponqzeruhhvskovixzk/Build/Intermediates.noindex/AppAuth.build/Debug-iphonesimulator/AppAuthCore.build/Objects-normal/arm64/e6072d4f65d7061329687fe24e3d63a7-common-args.resp -include /Users/xinyufang/Library/Developer/Xcode/DerivedData/Buzz-faillbpsmponqzeruhhvskovixzk/Build/Intermediates.noindex/AppAuth.build/Debug-iphonesimulator/AppAuthCore.build/DerivedSources/resource_bundle_accessor.h -MMD -MT dependencies -MF /Users/xinyufang/Library/Developer/Xcode/DerivedData/Buzz-faillbpsmponqzeruhhvskovixzk/Build/Intermediates.noindex/AppAuth.build/Debug-iphonesimulator/AppAuthCore.build/Objects-normal/arm64/OIDGrantTypes.d --serialize-diagnostics /Users/xinyufang/Library/Developer/Xcode/DerivedData/Buzz-faillbpsmponqzeruhhvskovixzk/Build/Intermediates.noindex/AppAuth.build/Debug-iphonesimulator/AppAuthCore.build/Objects-normal/arm64/OIDGrantTypes.dia -c /Users/xinyufang/Library/Developer/Xcode/DerivedData/Buzz-faillbpsmponqzeruhhvskovixzk/SourcePackages/checkouts/AppAuth-iOS/Sources/AppAuthCore/OIDGrantTypes.m -o /Users/xinyufang/Library/Developer/Xcode/DerivedData/Buzz-faillbpsmponqzeruhhvskovixzk/Build/Intermediates.noindex/AppAuth.build/Debug-iphonesimulator/AppAuthCore.build/Objects-normal/arm64/OIDGrantTypes.o -index-unit-output-path /AppAuth.build/Debug-iphonesimulator/AppAuthCore.build/Objects-normal/arm64/OIDGrantTypes.o

PrecompileModule /Users/xinyufang/Library/Developer/Xcode/DerivedData/Buzz-faillbpsmponqzeruhhvskovixzk/Build/Intermediates.noindex/ExplicitPrecompiledModules/FileProvider-9M56V42BE2UD6KFNPT96H7QYQ.scan
    cd /
    builtin-precompileModule /Users/xinyufang/Library/Developer/Xcode/DerivedData/Buzz-faillbpsmponqzeruhhvskovixzk/Build/Intermediates.noindex/ExplicitPrecompiledModules/FileProvider-9M56V42BE2UD6KFNPT96H7QYQ.scan

PrecompileModule /Users/xinyufang/Library/Developer/Xcode/DerivedData/Buzz-faillbpsmponqzeruhhvskovixzk/Build/Intermediates.noindex/ExplicitPrecompiledModules/DeviceCheck-EJKG3VH8N2XL6VXLNA4YPX5XL.scan
    cd /
    builtin-precompileModule /Users/xinyufang/Library/Developer/Xcode/DerivedData/Buzz-faillbpsmponqzeruhhvskovixzk/Build/Intermediates.noindex/ExplicitPrecompiledModules/DeviceCheck-EJKG3VH8N2XL6VXLNA4YPX5XL.scan

PrecompileModule /Users/xinyufang/Library/Developer/Xcode/DerivedData/Buzz-faillbpsmponqzeruhhvskovixzk/Build/Intermediates.noindex/ExplicitPrecompiledModules/FBLPromises-AE06EYS7W3UAV50BSXNJBVMXV.scan
    cd /
    builtin-precompileModule /Users/xinyufang/Library/Developer/Xcode/DerivedData/Buzz-faillbpsmponqzeruhhvskovixzk/Build/Intermediates.noindex/ExplicitPrecompiledModules/FBLPromises-AE06EYS7W3UAV50BSXNJBVMXV.scan

PrecompileModule /Users/xinyufang/Library/Developer/Xcode/DerivedData/Buzz-faillbpsmponqzeruhhvskovixzk/Build/Intermediates.noindex/ExplicitPrecompiledModules/GoogleUtilities_UserDefaults-DJU5HXKQKAZ2DG5UEHTDKR75V.scan
    cd /
    builtin-precompileModule /Users/xinyufang/Library/Developer/Xcode/DerivedData/Buzz-faillbpsmponqzeruhhvskovixzk/Build/Intermediates.noindex/ExplicitPrecompiledModules/GoogleUtilities_UserDefaults-DJU5HXKQKAZ2DG5UEHTDKR75V.scan

PrecompileModule /Users/xinyufang/Library/Developer/Xcode/DerivedData/Buzz-faillbpsmponqzeruhhvskovixzk/Build/Intermediates.noindex/ExplicitPrecompiledModules/IOSurface-WFWHDJDMM2H4HIW87PD2GNAK.scan
    cd /
    builtin-precompileModule /Users/xinyufang/Library/Developer/Xcode/DerivedData/Buzz-faillbpsmponqzeruhhvskovixzk/Build/Intermediates.noindex/ExplicitPrecompiledModules/IOSurface-WFWHDJDMM2H4HIW87PD2GNAK.scan

PrecompileModule /Users/xinyufang/Library/Developer/Xcode/DerivedData/Buzz-faillbpsmponqzeruhhvskovixzk/Build/Intermediates.noindex/ExplicitPrecompiledModules/Symbols-2JYDWS6DGE7GSKRHUSBL1ZGKT.scan
    cd /
    builtin-precompileModule /Users/xinyufang/Library/Developer/Xcode/DerivedData/Buzz-faillbpsmponqzeruhhvskovixzk/Build/Intermediates.noindex/ExplicitPrecompiledModules/Symbols-2JYDWS6DGE7GSKRHUSBL1ZGKT.scan

PrecompileModule /Users/xinyufang/Library/Developer/Xcode/DerivedData/Buzz-faillbpsmponqzeruhhvskovixzk/Build/Intermediates.noindex/ExplicitPrecompiledModules/UserNotifications-548QHGWGTO3RRRMB5DQZXLQVA.scan
    cd /
    builtin-precompileModule /Users/xinyufang/Library/Developer/Xcode/DerivedData/Buzz-faillbpsmponqzeruhhvskovixzk/Build/Intermediates.noindex/ExplicitPrecompiledModules/UserNotifications-548QHGWGTO3RRRMB5DQZXLQVA.scan

PrecompileModule /Users/xinyufang/Library/Developer/Xcode/DerivedData/Buzz-faillbpsmponqzeruhhvskovixzk/Build/Intermediates.noindex/ExplicitPrecompiledModules/OpenGLES-CV4NTSN3PHVQAP2DFV5T55M4J.scan
    cd /
    builtin-precompileModule /Users/xinyufang/Library/Developer/Xcode/DerivedData/Buzz-faillbpsmponqzeruhhvskovixzk/Build/Intermediates.noindex/ExplicitPrecompiledModules/OpenGLES-CV4NTSN3PHVQAP2DFV5T55M4J.scan

PrecompileModule /Users/xinyufang/Library/Developer/Xcode/DerivedData/Buzz-faillbpsmponqzeruhhvskovixzk/Build/Intermediates.noindex/ExplicitPrecompiledModules/UIUtilities-EUKOPYNVAWFWKD2H7I468BE54.scan
    cd /
    builtin-precompileModule /Users/xinyufang/Library/Developer/Xcode/DerivedData/Buzz-faillbpsmponqzeruhhvskovixzk/Build/Intermediates.noindex/ExplicitPrecompiledModules/UIUtilities-EUKOPYNVAWFWKD2H7I468BE54.scan

CompileC /Users/xinyufang/Library/Developer/Xcode/DerivedData/Buzz-faillbpsmponqzeruhhvskovixzk/Build/Intermediates.noindex/AppCheck.build/Debug-iphonesimulator/AppCheckCore.build/Objects-normal/arm64/DCDevice+GACDeviceCheckTokenGenerator.o /Users/xinyufang/Library/Developer/Xcode/DerivedData/Buzz-faillbpsmponqzeruhhvskovixzk/SourcePackages/checkouts/app-check/AppCheckCore/Sources/DeviceCheckProvider/DCDevice+GACDeviceCheckTokenGenerator.m normal arm64 objective-c com.apple.compilers.llvm.clang.1_0.compiler (in target 'AppCheckCore' from project 'AppCheck')
    cd /Users/xinyufang/Documents/Buzz/Buzz.xcodeproj
    
    Using response file: /Users/xinyufang/Library/Developer/Xcode/DerivedData/Buzz-faillbpsmponqzeruhhvskovixzk/Build/Intermediates.noindex/AppCheck.build/Debug-iphonesimulator/AppCheckCore.build/Objects-normal/arm64/e6072d4f65d7061329687fe24e3d63a7-common-args.resp
    
    /Applications/Xcode.app/Contents/Developer/Toolchains/XcodeDefault.xctoolchain/usr/bin/clang -x objective-c -ivfsstatcache /Users/xinyufang/Library/Developer/Xcode/DerivedData/SDKStatCaches.noindex/iphonesimulator26.0-23A339-26257891a6c027eb51374368541b8346.sdkstatcache -fmessage-length\=0 -fdiagnostics-show-note-include-stack -fmacro-backtrace-limit\=0 -fno-color-diagnostics -fmodules-prune-interval\=86400 -fmodules-prune-after\=345600 -fbuild-session-file\=/Users/xinyufang/Library/Developer/Xcode/DerivedData/ModuleCache.noindex/Session.modulevalidation -fmodules-validate-once-per-build-session -Wnon-modular-include-in-framework-module -Werror\=non-modular-include-in-framework-module -Wno-trigraphs -Wno-missing-field-initializers -Wno-missing-prototypes -Wno-return-type -Wno-implicit-atomic-properties -Wno-objc-interface-ivars -Wno-arc-repeated-use-of-weak -Wno-missing-braces -Wparentheses -Wswitch -Wno-unused-function -Wno-unused-label -Wno-unused-parameter -Wno-unused-variable -Wunused-value -Wno-empty-body -Wno-uninitialized -Wno-unknown-pragmas -w -Wno-shadow -Wno-four-char-constants -Wno-conversion -Wno-constant-conversion -Wno-int-conversion -Wno-bool-conversion -Wno-enum-conversion -Wno-float-conversion -Wno-non-literal-null-conversion -Wno-objc-literal-conversion -Wshorten-64-to-32 -Wpointer-sign -Wno-newline-eof -Wno-selector -Wno-strict-selector-match -Wno-undeclared-selector -Wno-deprecated-implementations -Wno-implicit-fallthrough -fstrict-aliasing -Wprotocol -Wdeprecated-declarations -Wno-sign-conversion -Wno-infinite-recursion -Wno-comma -Wno-block-capture-autoreleasing -Wno-strict-prototypes -Wno-semicolon-before-method-body -index-store-path /Users/xinyufang/Library/Developer/Xcode/DerivedData/Buzz-faillbpsmponqzeruhhvskovixzk/Index.noindex/DataStore @/Users/xinyufang/Library/Developer/Xcode/DerivedData/Buzz-faillbpsmponqzeruhhvskovixzk/Build/Intermediates.noindex/AppCheck.build/Debug-iphonesimulator/AppCheckCore.build/Objects-normal/arm64/e6072d4f65d7061329687fe24e3d63a7-common-args.resp -MMD -MT dependencies -MF /Users/xinyufang/Library/Developer/Xcode/DerivedData/Buzz-faillbpsmponqzeruhhvskovixzk/Build/Intermediates.noindex/AppCheck.build/Debug-iphonesimulator/AppCheckCore.build/Objects-normal/arm64/DCDevice+GACDeviceCheckTokenGenerator.d --serialize-diagnostics /Users/xinyufang/Library/Developer/Xcode/DerivedData/Buzz-faillbpsmponqzeruhhvskovixzk/Build/Intermediates.noindex/AppCheck.build/Debug-iphonesimulator/AppCheckCore.build/Objects-normal/arm64/DCDevice+GACDeviceCheckTokenGenerator.dia -c /Users/xinyufang/Library/Developer/Xcode/DerivedData/Buzz-faillbpsmponqzeruhhvskovixzk/SourcePackages/checkouts/app-check/AppCheckCore/Sources/DeviceCheckProvider/DCDevice+GACDeviceCheckTokenGenerator.m -o /Users/xinyufang/Library/Developer/Xcode/DerivedData/Buzz-faillbpsmponqzeruhhvskovixzk/Build/Intermediates.noindex/AppCheck.build/Debug-iphonesimulator/AppCheckCore.build/Objects-normal/arm64/DCDevice+GACDeviceCheckTokenGenerator.o -index-unit-output-path /AppCheck.build/Debug-iphonesimulator/AppCheckCore.build/Objects-normal/arm64/DCDevice+GACDeviceCheckTokenGenerator.o

CompileC /Users/xinyufang/Library/Developer/Xcode/DerivedData/Buzz-faillbpsmponqzeruhhvskovixzk/Build/Intermediates.noindex/AppCheck.build/Debug-iphonesimulator/AppCheckCore.build/Objects-normal/arm64/NSURLSession+GACPromises.o /Users/xinyufang/Library/Developer/Xcode/DerivedData/Buzz-faillbpsmponqzeruhhvskovixzk/SourcePackages/checkouts/app-check/AppCheckCore/Sources/Core/APIService/NSURLSession+GACPromises.m normal arm64 objective-c com.apple.compilers.llvm.clang.1_0.compiler (in target 'AppCheckCore' from project 'AppCheck')
    cd /Users/xinyufang/Documents/Buzz/Buzz.xcodeproj
    
    Using response file: /Users/xinyufang/Library/Developer/Xcode/DerivedData/Buzz-faillbpsmponqzeruhhvskovixzk/Build/Intermediates.noindex/AppCheck.build/Debug-iphonesimulator/AppCheckCore.build/Objects-normal/arm64/e6072d4f65d7061329687fe24e3d63a7-common-args.resp
    
    /Applications/Xcode.app/Contents/Developer/Toolchains/XcodeDefault.xctoolchain/usr/bin/clang -x objective-c -ivfsstatcache /Users/xinyufang/Library/Developer/Xcode/DerivedData/SDKStatCaches.noindex/iphonesimulator26.0-23A339-26257891a6c027eb51374368541b8346.sdkstatcache -fmessage-length\=0 -fdiagnostics-show-note-include-stack -fmacro-backtrace-limit\=0 -fno-color-diagnostics -fmodules-prune-interval\=86400 -fmodules-prune-after\=345600 -fbuild-session-file\=/Users/xinyufang/Library/Developer/Xcode/DerivedData/ModuleCache.noindex/Session.modulevalidation -fmodules-validate-once-per-build-session -Wnon-modular-include-in-framework-module -Werror\=non-modular-include-in-framework-module -Wno-trigraphs -Wno-missing-field-initializers -Wno-missing-prototypes -Wno-return-type -Wno-implicit-atomic-properties -Wno-objc-interface-ivars -Wno-arc-repeated-use-of-weak -Wno-missing-braces -Wparentheses -Wswitch -Wno-unused-function -Wno-unused-label -Wno-unused-parameter -Wno-unused-variable -Wunused-value -Wno-empty-body -Wno-uninitialized -Wno-unknown-pragmas -w -Wno-shadow -Wno-four-char-constants -Wno-conversion -Wno-constant-conversion -Wno-int-conversion -Wno-bool-conversion -Wno-enum-conversion -Wno-float-conversion -Wno-non-literal-null-conversion -Wno-objc-literal-conversion -Wshorten-64-to-32 -Wpointer-sign -Wno-newline-eof -Wno-selector -Wno-strict-selector-match -Wno-undeclared-selector -Wno-deprecated-implementations -Wno-implicit-fallthrough -fstrict-aliasing -Wprotocol -Wdeprecated-declarations -Wno-sign-conversion -Wno-infinite-recursion -Wno-comma -Wno-block-capture-autoreleasing -Wno-strict-prototypes -Wno-semicolon-before-method-body -index-store-path /Users/xinyufang/Library/Developer/Xcode/DerivedData/Buzz-faillbpsmponqzeruhhvskovixzk/Index.noindex/DataStore @/Users/xinyufang/Library/Developer/Xcode/DerivedData/Buzz-faillbpsmponqzeruhhvskovixzk/Build/Intermediates.noindex/AppCheck.build/Debug-iphonesimulator/AppCheckCore.build/Objects-normal/arm64/e6072d4f65d7061329687fe24e3d63a7-common-args.resp -MMD -MT dependencies -MF /Users/xinyufang/Library/Developer/Xcode/DerivedData/Buzz-faillbpsmponqzeruhhvskovixzk/Build/Intermediates.noindex/AppCheck.build/Debug-iphonesimulator/AppCheckCore.build/Objects-normal/arm64/NSURLSession+GACPromises.d --serialize-diagnostics /Users/xinyufang/Library/Developer/Xcode/DerivedData/Buzz-faillbpsmponqzeruhhvskovixzk/Build/Intermediates.noindex/AppCheck.build/Debug-iphonesimulator/AppCheckCore.build/Objects-normal/arm64/NSURLSession+GACPromises.dia -c /Users/xinyufang/Library/Developer/Xcode/DerivedData/Buzz-faillbpsmponqzeruhhvskovixzk/SourcePackages/checkouts/app-check/AppCheckCore/Sources/Core/APIService/NSURLSession+GACPromises.m -o /Users/xinyufang/Library/Developer/Xcode/DerivedData/Buzz-faillbpsmponqzeruhhvskovixzk/Build/Intermediates.noindex/AppCheck.build/Debug-iphonesimulator/AppCheckCore.build/Objects-normal/arm64/NSURLSession+GACPromises.o -index-unit-output-path /AppCheck.build/Debug-iphonesimulator/AppCheckCore.build/Objects-normal/arm64/NSURLSession+GACPromises.o

CompileC /Users/xinyufang/Library/Developer/Xcode/DerivedData/Buzz-faillbpsmponqzeruhhvskovixzk/Build/Intermediates.noindex/AppCheck.build/Debug-iphonesimulator/AppCheckCore.build/Objects-normal/arm64/GACDeviceCheckProvider.o /Users/xinyufang/Library/Developer/Xcode/DerivedData/Buzz-faillbpsmponqzeruhhvskovixzk/SourcePackages/checkouts/app-check/AppCheckCore/Sources/DeviceCheckProvider/GACDeviceCheckProvider.m normal arm64 objective-c com.apple.compilers.llvm.clang.1_0.compiler (in target 'AppCheckCore' from project 'AppCheck')
    cd /Users/xinyufang/Documents/Buzz/Buzz.xcodeproj
    
    Using response file: /Users/xinyufang/Library/Developer/Xcode/DerivedData/Buzz-faillbpsmponqzeruhhvskovixzk/Build/Intermediates.noindex/AppCheck.build/Debug-iphonesimulator/AppCheckCore.build/Objects-normal/arm64/e6072d4f65d7061329687fe24e3d63a7-common-args.resp
    
    /Applications/Xcode.app/Contents/Developer/Toolchains/XcodeDefault.xctoolchain/usr/bin/clang -x objective-c -ivfsstatcache /Users/xinyufang/Library/Developer/Xcode/DerivedData/SDKStatCaches.noindex/iphonesimulator26.0-23A339-26257891a6c027eb51374368541b8346.sdkstatcache -fmessage-length\=0 -fdiagnostics-show-note-include-stack -fmacro-backtrace-limit\=0 -fno-color-diagnostics -fmodules-prune-interval\=86400 -fmodules-prune-after\=345600 -fbuild-session-file\=/Users/xinyufang/Library/Developer/Xcode/DerivedData/ModuleCache.noindex/Session.modulevalidation -fmodules-validate-once-per-build-session -Wnon-modular-include-in-framework-module -Werror\=non-modular-include-in-framework-module -Wno-trigraphs -Wno-missing-field-initializers -Wno-missing-prototypes -Wno-return-type -Wno-implicit-atomic-properties -Wno-objc-interface-ivars -Wno-arc-repeated-use-of-weak -Wno-missing-braces -Wparentheses -Wswitch -Wno-unused-function -Wno-unused-label -Wno-unused-parameter -Wno-unused-variable -Wunused-value -Wno-empty-body -Wno-uninitialized -Wno-unknown-pragmas -w -Wno-shadow -Wno-four-char-constants -Wno-conversion -Wno-constant-conversion -Wno-int-conversion -Wno-bool-conversion -Wno-enum-conversion -Wno-float-conversion -Wno-non-literal-null-conversion -Wno-objc-literal-conversion -Wshorten-64-to-32 -Wpointer-sign -Wno-newline-eof -Wno-selector -Wno-strict-selector-match -Wno-undeclared-selector -Wno-deprecated-implementations -Wno-implicit-fallthrough -fstrict-aliasing -Wprotocol -Wdeprecated-declarations -Wno-sign-conversion -Wno-infinite-recursion -Wno-comma -Wno-block-capture-autoreleasing -Wno-strict-prototypes -Wno-semicolon-before-method-body -index-store-path /Users/xinyufang/Library/Developer/Xcode/DerivedData/Buzz-faillbpsmponqzeruhhvskovixzk/Index.noindex/DataStore @/Users/xinyufang/Library/Developer/Xcode/DerivedData/Buzz-faillbpsmponqzeruhhvskovixzk/Build/Intermediates.noindex/AppCheck.build/Debug-iphonesimulator/AppCheckCore.build/Objects-normal/arm64/e6072d4f65d7061329687fe24e3d63a7-common-args.resp -MMD -MT dependencies -MF /Users/xinyufang/Library/Developer/Xcode/DerivedData/Buzz-faillbpsmponqzeruhhvskovixzk/Build/Intermediates.noindex/AppCheck.build/Debug-iphonesimulator/AppCheckCore.build/Objects-normal/arm64/GACDeviceCheckProvider.d --serialize-diagnostics /Users/xinyufang/Library/Developer/Xcode/DerivedData/Buzz-faillbpsmponqzeruhhvskovixzk/Build/Intermediates.noindex/AppCheck.build/Debug-iphonesimulator/AppCheckCore.build/Objects-normal/arm64/GACDeviceCheckProvider.dia -c /Users/xinyufang/Library/Developer/Xcode/DerivedData/Buzz-faillbpsmponqzeruhhvskovixzk/SourcePackages/checkouts/app-check/AppCheckCore/Sources/DeviceCheckProvider/GACDeviceCheckProvider.m -o /Users/xinyufang/Library/Developer/Xcode/DerivedData/Buzz-faillbpsmponqzeruhhvskovixzk/Build/Intermediates.noindex/AppCheck.build/Debug-iphonesimulator/AppCheckCore.build/Objects-normal/arm64/GACDeviceCheckProvider.o -index-unit-output-path /AppCheck.build/Debug-iphonesimulator/AppCheckCore.build/Objects-normal/arm64/GACDeviceCheckProvider.o

CompileC /Users/xinyufang/Library/Developer/Xcode/DerivedData/Buzz-faillbpsmponqzeruhhvskovixzk/Build/Intermediates.noindex/AppCheck.build/Debug-iphonesimulator/AppCheckCore.build/Objects-normal/arm64/GACDeviceCheckAPIService.o /Users/xinyufang/Library/Developer/Xcode/DerivedData/Buzz-faillbpsmponqzeruhhvskovixzk/SourcePackages/checkouts/app-check/AppCheckCore/Sources/DeviceCheckProvider/API/GACDeviceCheckAPIService.m normal arm64 objective-c com.apple.compilers.llvm.clang.1_0.compiler (in target 'AppCheckCore' from project 'AppCheck')
    cd /Users/xinyufang/Documents/Buzz/Buzz.xcodeproj
    
    Using response file: /Users/xinyufang/Library/Developer/Xcode/DerivedData/Buzz-faillbpsmponqzeruhhvskovixzk/Build/Intermediates.noindex/AppCheck.build/Debug-iphonesimulator/AppCheckCore.build/Objects-normal/arm64/e6072d4f65d7061329687fe24e3d63a7-common-args.resp
    
    /Applications/Xcode.app/Contents/Developer/Toolchains/XcodeDefault.xctoolchain/usr/bin/clang -x objective-c -ivfsstatcache /Users/xinyufang/Library/Developer/Xcode/DerivedData/SDKStatCaches.noindex/iphonesimulator26.0-23A339-26257891a6c027eb51374368541b8346.sdkstatcache -fmessage-length\=0 -fdiagnostics-show-note-include-stack -fmacro-backtrace-limit\=0 -fno-color-diagnostics -fmodules-prune-interval\=86400 -fmodules-prune-after\=345600 -fbuild-session-file\=/Users/xinyufang/Library/Developer/Xcode/DerivedData/ModuleCache.noindex/Session.modulevalidation -fmodules-validate-once-per-build-session -Wnon-modular-include-in-framework-module -Werror\=non-modular-include-in-framework-module -Wno-trigraphs -Wno-missing-field-initializers -Wno-missing-prototypes -Wno-return-type -Wno-implicit-atomic-properties -Wno-objc-interface-ivars -Wno-arc-repeated-use-of-weak -Wno-missing-braces -Wparentheses -Wswitch -Wno-unused-function -Wno-unused-label -Wno-unused-parameter -Wno-unused-variable -Wunused-value -Wno-empty-body -Wno-uninitialized -Wno-unknown-pragmas -w -Wno-shadow -Wno-four-char-constants -Wno-conversion -Wno-constant-conversion -Wno-int-conversion -Wno-bool-conversion -Wno-enum-conversion -Wno-float-conversion -Wno-non-literal-null-conversion -Wno-objc-literal-conversion -Wshorten-64-to-32 -Wpointer-sign -Wno-newline-eof -Wno-selector -Wno-strict-selector-match -Wno-undeclared-selector -Wno-deprecated-implementations -Wno-implicit-fallthrough -fstrict-aliasing -Wprotocol -Wdeprecated-declarations -Wno-sign-conversion -Wno-infinite-recursion -Wno-comma -Wno-block-capture-autoreleasing -Wno-strict-prototypes -Wno-semicolon-before-method-body -index-store-path /Users/xinyufang/Library/Developer/Xcode/DerivedData/Buzz-faillbpsmponqzeruhhvskovixzk/Index.noindex/DataStore @/Users/xinyufang/Library/Developer/Xcode/DerivedData/Buzz-faillbpsmponqzeruhhvskovixzk/Build/Intermediates.noindex/AppCheck.build/Debug-iphonesimulator/AppCheckCore.build/Objects-normal/arm64/e6072d4f65d7061329687fe24e3d63a7-common-args.resp -MMD -MT dependencies -MF /Users/xinyufang/Library/Developer/Xcode/DerivedData/Buzz-faillbpsmponqzeruhhvskovixzk/Build/Intermediates.noindex/AppCheck.build/Debug-iphonesimulator/AppCheckCore.build/Objects-normal/arm64/GACDeviceCheckAPIService.d --serialize-diagnostics /Users/xinyufang/Library/Developer/Xcode/DerivedData/Buzz-faillbpsmponqzeruhhvskovixzk/Build/Intermediates.noindex/AppCheck.build/Debug-iphonesimulator/AppCheckCore.build/Objects-normal/arm64/GACDeviceCheckAPIService.dia -c /Users/xinyufang/Library/Developer/Xcode/DerivedData/Buzz-faillbpsmponqzeruhhvskovixzk/SourcePackages/checkouts/app-check/AppCheckCore/Sources/DeviceCheckProvider/API/GACDeviceCheckAPIService.m -o /Users/xinyufang/Library/Developer/Xcode/DerivedData/Buzz-faillbpsmponqzeruhhvskovixzk/Build/Intermediates.noindex/AppCheck.build/Debug-iphonesimulator/AppCheckCore.build/Objects-normal/arm64/GACDeviceCheckAPIService.o -index-unit-output-path /AppCheck.build/Debug-iphonesimulator/AppCheckCore.build/Objects-normal/arm64/GACDeviceCheckAPIService.o

CompileC /Users/xinyufang/Library/Developer/Xcode/DerivedData/Buzz-faillbpsmponqzeruhhvskovixzk/Build/Intermediates.noindex/AppCheck.build/Debug-iphonesimulator/AppCheckCore.build/Objects-normal/arm64/GACAppCheckToken+APIResponse.o /Users/xinyufang/Library/Developer/Xcode/DerivedData/Buzz-faillbpsmponqzeruhhvskovixzk/SourcePackages/checkouts/app-check/AppCheckCore/Sources/Core/APIService/GACAppCheckToken+APIResponse.m normal arm64 objective-c com.apple.compilers.llvm.clang.1_0.compiler (in target 'AppCheckCore' from project 'AppCheck')
    cd /Users/xinyufang/Documents/Buzz/Buzz.xcodeproj
    
    Using response file: /Users/xinyufang/Library/Developer/Xcode/DerivedData/Buzz-faillbpsmponqzeruhhvskovixzk/Build/Intermediates.noindex/AppCheck.build/Debug-iphonesimulator/AppCheckCore.build/Objects-normal/arm64/e6072d4f65d7061329687fe24e3d63a7-common-args.resp
    
    /Applications/Xcode.app/Contents/Developer/Toolchains/XcodeDefault.xctoolchain/usr/bin/clang -x objective-c -ivfsstatcache /Users/xinyufang/Library/Developer/Xcode/DerivedData/SDKStatCaches.noindex/iphonesimulator26.0-23A339-26257891a6c027eb51374368541b8346.sdkstatcache -fmessage-length\=0 -fdiagnostics-show-note-include-stack -fmacro-backtrace-limit\=0 -fno-color-diagnostics -fmodules-prune-interval\=86400 -fmodules-prune-after\=345600 -fbuild-session-file\=/Users/xinyufang/Library/Developer/Xcode/DerivedData/ModuleCache.noindex/Session.modulevalidation -fmodules-validate-once-per-build-session -Wnon-modular-include-in-framework-module -Werror\=non-modular-include-in-framework-module -Wno-trigraphs -Wno-missing-field-initializers -Wno-missing-prototypes -Wno-return-type -Wno-implicit-atomic-properties -Wno-objc-interface-ivars -Wno-arc-repeated-use-of-weak -Wno-missing-braces -Wparentheses -Wswitch -Wno-unused-function -Wno-unused-label -Wno-unused-parameter -Wno-unused-variable -Wunused-value -Wno-empty-body -Wno-uninitialized -Wno-unknown-pragmas -w -Wno-shadow -Wno-four-char-constants -Wno-conversion -Wno-constant-conversion -Wno-int-conversion -Wno-bool-conversion -Wno-enum-conversion -Wno-float-conversion -Wno-non-literal-null-conversion -Wno-objc-literal-conversion -Wshorten-64-to-32 -Wpointer-sign -Wno-newline-eof -Wno-selector -Wno-strict-selector-match -Wno-undeclared-selector -Wno-deprecated-implementations -Wno-implicit-fallthrough -fstrict-aliasing -Wprotocol -Wdeprecated-declarations -Wno-sign-conversion -Wno-infinite-recursion -Wno-comma -Wno-block-capture-autoreleasing -Wno-strict-prototypes -Wno-semicolon-before-method-body -index-store-path /Users/xinyufang/Library/Developer/Xcode/DerivedData/Buzz-faillbpsmponqzeruhhvskovixzk/Index.noindex/DataStore @/Users/xinyufang/Library/Developer/Xcode/DerivedData/Buzz-faillbpsmponqzeruhhvskovixzk/Build/Intermediates.noindex/AppCheck.build/Debug-iphonesimulator/AppCheckCore.build/Objects-normal/arm64/e6072d4f65d7061329687fe24e3d63a7-common-args.resp -MMD -MT dependencies -MF /Users/xinyufang/Library/Developer/Xcode/DerivedData/Buzz-faillbpsmponqzeruhhvskovixzk/Build/Intermediates.noindex/AppCheck.build/Debug-iphonesimulator/AppCheckCore.build/Objects-normal/arm64/GACAppCheckToken+APIResponse.d --serialize-diagnostics /Users/xinyufang/Library/Developer/Xcode/DerivedData/Buzz-faillbpsmponqzeruhhvskovixzk/Build/Intermediates.noindex/AppCheck.build/Debug-iphonesimulator/AppCheckCore.build/Objects-normal/arm64/GACAppCheckToken+APIResponse.dia -c /Users/xinyufang/Library/Developer/Xcode/DerivedData/Buzz-faillbpsmponqzeruhhvskovixzk/SourcePackages/checkouts/app-check/AppCheckCore/Sources/Core/APIService/GACAppCheckToken+APIResponse.m -o /Users/xinyufang/Library/Developer/Xcode/DerivedData/Buzz-faillbpsmponqzeruhhvskovixzk/Build/Intermediates.noindex/AppCheck.build/Debug-iphonesimulator/AppCheckCore.build/Objects-normal/arm64/GACAppCheckToken+APIResponse.o -index-unit-output-path /AppCheck.build/Debug-iphonesimulator/AppCheckCore.build/Objects-normal/arm64/GACAppCheckToken+APIResponse.o

CompileC /Users/xinyufang/Library/Developer/Xcode/DerivedData/Buzz-faillbpsmponqzeruhhvskovixzk/Build/Intermediates.noindex/AppCheck.build/Debug-iphonesimulator/AppCheckCore.build/Objects-normal/arm64/GACAppCheckDebugProviderAPIService.o /Users/xinyufang/Library/Developer/Xcode/DerivedData/Buzz-faillbpsmponqzeruhhvskovixzk/SourcePackages/checkouts/app-check/AppCheckCore/Sources/DebugProvider/API/GACAppCheckDebugProviderAPIService.m normal arm64 objective-c com.apple.compilers.llvm.clang.1_0.compiler (in target 'AppCheckCore' from project 'AppCheck')
    cd /Users/xinyufang/Documents/Buzz/Buzz.xcodeproj
    
    Using response file: /Users/xinyufang/Library/Developer/Xcode/DerivedData/Buzz-faillbpsmponqzeruhhvskovixzk/Build/Intermediates.noindex/AppCheck.build/Debug-iphonesimulator/AppCheckCore.build/Objects-normal/arm64/e6072d4f65d7061329687fe24e3d63a7-common-args.resp
    
    /Applications/Xcode.app/Contents/Developer/Toolchains/XcodeDefault.xctoolchain/usr/bin/clang -x objective-c -ivfsstatcache /Users/xinyufang/Library/Developer/Xcode/DerivedData/SDKStatCaches.noindex/iphonesimulator26.0-23A339-26257891a6c027eb51374368541b8346.sdkstatcache -fmessage-length\=0 -fdiagnostics-show-note-include-stack -fmacro-backtrace-limit\=0 -fno-color-diagnostics -fmodules-prune-interval\=86400 -fmodules-prune-after\=345600 -fbuild-session-file\=/Users/xinyufang/Library/Developer/Xcode/DerivedData/ModuleCache.noindex/Session.modulevalidation -fmodules-validate-once-per-build-session -Wnon-modular-include-in-framework-module -Werror\=non-modular-include-in-framework-module -Wno-trigraphs -Wno-missing-field-initializers -Wno-missing-prototypes -Wno-return-type -Wno-implicit-atomic-properties -Wno-objc-interface-ivars -Wno-arc-repeated-use-of-weak -Wno-missing-braces -Wparentheses -Wswitch -Wno-unused-function -Wno-unused-label -Wno-unused-parameter -Wno-unused-variable -Wunused-value -Wno-empty-body -Wno-uninitialized -Wno-unknown-pragmas -w -Wno-shadow -Wno-four-char-constants -Wno-conversion -Wno-constant-conversion -Wno-int-conversion -Wno-bool-conversion -Wno-enum-conversion -Wno-float-conversion -Wno-non-literal-null-conversion -Wno-objc-literal-conversion -Wshorten-64-to-32 -Wpointer-sign -Wno-newline-eof -Wno-selector -Wno-strict-selector-match -Wno-undeclared-selector -Wno-deprecated-implementations -Wno-implicit-fallthrough -fstrict-aliasing -Wprotocol -Wdeprecated-declarations -Wno-sign-conversion -Wno-infinite-recursion -Wno-comma -Wno-block-capture-autoreleasing -Wno-strict-prototypes -Wno-semicolon-before-method-body -index-store-path /Users/xinyufang/Library/Developer/Xcode/DerivedData/Buzz-faillbpsmponqzeruhhvskovixzk/Index.noindex/DataStore @/Users/xinyufang/Library/Developer/Xcode/DerivedData/Buzz-faillbpsmponqzeruhhvskovixzk/Build/Intermediates.noindex/AppCheck.build/Debug-iphonesimulator/AppCheckCore.build/Objects-normal/arm64/e6072d4f65d7061329687fe24e3d63a7-common-args.resp -MMD -MT dependencies -MF /Users/xinyufang/Library/Developer/Xcode/DerivedData/Buzz-faillbpsmponqzeruhhvskovixzk/Build/Intermediates.noindex/AppCheck.build/Debug-iphonesimulator/AppCheckCore.build/Objects-normal/arm64/GACAppCheckDebugProviderAPIService.d --serialize-diagnostics /Users/xinyufang/Library/Developer/Xcode/DerivedData/Buzz-faillbpsmponqzeruhhvskovixzk/Build/Intermediates.noindex/AppCheck.build/Debug-iphonesimulator/AppCheckCore.build/Objects-normal/arm64/GACAppCheckDebugProviderAPIService.dia -c /Users/xinyufang/Library/Developer/Xcode/DerivedData/Buzz-faillbpsmponqzeruhhvskovixzk/SourcePackages/checkouts/app-check/AppCheckCore/Sources/DebugProvider/API/GACAppCheckDebugProviderAPIService.m -o /Users/xinyufang/Library/Developer/Xcode/DerivedData/Buzz-faillbpsmponqzeruhhvskovixzk/Build/Intermediates.noindex/AppCheck.build/Debug-iphonesimulator/AppCheckCore.build/Objects-normal/arm64/GACAppCheckDebugProviderAPIService.o -index-unit-output-path /AppCheck.build/Debug-iphonesimulator/AppCheckCore.build/Objects-normal/arm64/GACAppCheckDebugProviderAPIService.o

CompileC /Users/xinyufang/Library/Developer/Xcode/DerivedData/Buzz-faillbpsmponqzeruhhvskovixzk/Build/Intermediates.noindex/AppCheck.build/Debug-iphonesimulator/AppCheckCore.build/Objects-normal/arm64/GACAppCheckDebugProvider.o /Users/xinyufang/Library/Developer/Xcode/DerivedData/Buzz-faillbpsmponqzeruhhvskovixzk/SourcePackages/checkouts/app-check/AppCheckCore/Sources/DebugProvider/GACAppCheckDebugProvider.m normal arm64 objective-c com.apple.compilers.llvm.clang.1_0.compiler (in target 'AppCheckCore' from project 'AppCheck')
    cd /Users/xinyufang/Documents/Buzz/Buzz.xcodeproj
    
    Using response file: /Users/xinyufang/Library/Developer/Xcode/DerivedData/Buzz-faillbpsmponqzeruhhvskovixzk/Build/Intermediates.noindex/AppCheck.build/Debug-iphonesimulator/AppCheckCore.build/Objects-normal/arm64/e6072d4f65d7061329687fe24e3d63a7-common-args.resp
    
    /Applications/Xcode.app/Contents/Developer/Toolchains/XcodeDefault.xctoolchain/usr/bin/clang -x objective-c -ivfsstatcache /Users/xinyufang/Library/Developer/Xcode/DerivedData/SDKStatCaches.noindex/iphonesimulator26.0-23A339-26257891a6c027eb51374368541b8346.sdkstatcache -fmessage-length\=0 -fdiagnostics-show-note-include-stack -fmacro-backtrace-limit\=0 -fno-color-diagnostics -fmodules-prune-interval\=86400 -fmodules-prune-after\=345600 -fbuild-session-file\=/Users/xinyufang/Library/Developer/Xcode/DerivedData/ModuleCache.noindex/Session.modulevalidation -fmodules-validate-once-per-build-session -Wnon-modular-include-in-framework-module -Werror\=non-modular-include-in-framework-module -Wno-trigraphs -Wno-missing-field-initializers -Wno-missing-prototypes -Wno-return-type -Wno-implicit-atomic-properties -Wno-objc-interface-ivars -Wno-arc-repeated-use-of-weak -Wno-missing-braces -Wparentheses -Wswitch -Wno-unused-function -Wno-unused-label -Wno-unused-parameter -Wno-unused-variable -Wunused-value -Wno-empty-body -Wno-uninitialized -Wno-unknown-pragmas -w -Wno-shadow -Wno-four-char-constants -Wno-conversion -Wno-constant-conversion -Wno-int-conversion -Wno-bool-conversion -Wno-enum-conversion -Wno-float-conversion -Wno-non-literal-null-conversion -Wno-objc-literal-conversion -Wshorten-64-to-32 -Wpointer-sign -Wno-newline-eof -Wno-selector -Wno-strict-selector-match -Wno-undeclared-selector -Wno-deprecated-implementations -Wno-implicit-fallthrough -fstrict-aliasing -Wprotocol -Wdeprecated-declarations -Wno-sign-conversion -Wno-infinite-recursion -Wno-comma -Wno-block-capture-autoreleasing -Wno-strict-prototypes -Wno-semicolon-before-method-body -index-store-path /Users/xinyufang/Library/Developer/Xcode/DerivedData/Buzz-faillbpsmponqzeruhhvskovixzk/Index.noindex/DataStore @/Users/xinyufang/Library/Developer/Xcode/DerivedData/Buzz-faillbpsmponqzeruhhvskovixzk/Build/Intermediates.noindex/AppCheck.build/Debug-iphonesimulator/AppCheckCore.build/Objects-normal/arm64/e6072d4f65d7061329687fe24e3d63a7-common-args.resp -MMD -MT dependencies -MF /Users/xinyufang/Library/Developer/Xcode/DerivedData/Buzz-faillbpsmponqzeruhhvskovixzk/Build/Intermediates.noindex/AppCheck.build/Debug-iphonesimulator/AppCheckCore.build/Objects-normal/arm64/GACAppCheckDebugProvider.d --serialize-diagnostics /Users/xinyufang/Library/Developer/Xcode/DerivedData/Buzz-faillbpsmponqzeruhhvskovixzk/Build/Intermediates.noindex/AppCheck.build/Debug-iphonesimulator/AppCheckCore.build/Objects-normal/arm64/GACAppCheckDebugProvider.dia -c /Users/xinyufang/Library/Developer/Xcode/DerivedData/Buzz-faillbpsmponqzeruhhvskovixzk/SourcePackages/checkouts/app-check/AppCheckCore/Sources/DebugProvider/GACAppCheckDebugProvider.m -o /Users/xinyufang/Library/Developer/Xcode/DerivedData/Buzz-faillbpsmponqzeruhhvskovixzk/Build/Intermediates.noindex/AppCheck.build/Debug-iphonesimulator/AppCheckCore.build/Objects-normal/arm64/GACAppCheckDebugProvider.o -index-unit-output-path /AppCheck.build/Debug-iphonesimulator/AppCheckCore.build/Objects-normal/arm64/GACAppCheckDebugProvider.o

CompileC /Users/xinyufang/Library/Developer/Xcode/DerivedData/Buzz-faillbpsmponqzeruhhvskovixzk/Build/Intermediates.noindex/AppCheck.build/Debug-iphonesimulator/AppCheckCore.build/Objects-normal/arm64/GACAppCheckBackoffWrapper.o /Users/xinyufang/Library/Developer/Xcode/DerivedData/Buzz-faillbpsmponqzeruhhvskovixzk/SourcePackages/checkouts/app-check/AppCheckCore/Sources/Core/Backoff/GACAppCheckBackoffWrapper.m normal arm64 objective-c com.apple.compilers.llvm.clang.1_0.compiler (in target 'AppCheckCore' from project 'AppCheck')
    cd /Users/xinyufang/Documents/Buzz/Buzz.xcodeproj
    
    Using response file: /Users/xinyufang/Library/Developer/Xcode/DerivedData/Buzz-faillbpsmponqzeruhhvskovixzk/Build/Intermediates.noindex/AppCheck.build/Debug-iphonesimulator/AppCheckCore.build/Objects-normal/arm64/e6072d4f65d7061329687fe24e3d63a7-common-args.resp
    
    /Applications/Xcode.app/Contents/Developer/Toolchains/XcodeDefault.xctoolchain/usr/bin/clang -x objective-c -ivfsstatcache /Users/xinyufang/Library/Developer/Xcode/DerivedData/SDKStatCaches.noindex/iphonesimulator26.0-23A339-26257891a6c027eb51374368541b8346.sdkstatcache -fmessage-length\=0 -fdiagnostics-show-note-include-stack -fmacro-backtrace-limit\=0 -fno-color-diagnostics -fmodules-prune-interval\=86400 -fmodules-prune-after\=345600 -fbuild-session-file\=/Users/xinyufang/Library/Developer/Xcode/DerivedData/ModuleCache.noindex/Session.modulevalidation -fmodules-validate-once-per-build-session -Wnon-modular-include-in-framework-module -Werror\=non-modular-include-in-framework-module -Wno-trigraphs -Wno-missing-field-initializers -Wno-missing-prototypes -Wno-return-type -Wno-implicit-atomic-properties -Wno-objc-interface-ivars -Wno-arc-repeated-use-of-weak -Wno-missing-braces -Wparentheses -Wswitch -Wno-unused-function -Wno-unused-label -Wno-unused-parameter -Wno-unused-variable -Wunused-value -Wno-empty-body -Wno-uninitialized -Wno-unknown-pragmas -w -Wno-shadow -Wno-four-char-constants -Wno-conversion -Wno-constant-conversion -Wno-int-conversion -Wno-bool-conversion -Wno-enum-conversion -Wno-float-conversion -Wno-non-literal-null-conversion -Wno-objc-literal-conversion -Wshorten-64-to-32 -Wpointer-sign -Wno-newline-eof -Wno-selector -Wno-strict-selector-match -Wno-undeclared-selector -Wno-deprecated-implementations -Wno-implicit-fallthrough -fstrict-aliasing -Wprotocol -Wdeprecated-declarations -Wno-sign-conversion -Wno-infinite-recursion -Wno-comma -Wno-block-capture-autoreleasing -Wno-strict-prototypes -Wno-semicolon-before-method-body -index-store-path /Users/xinyufang/Library/Developer/Xcode/DerivedData/Buzz-faillbpsmponqzeruhhvskovixzk/Index.noindex/DataStore @/Users/xinyufang/Library/Developer/Xcode/DerivedData/Buzz-faillbpsmponqzeruhhvskovixzk/Build/Intermediates.noindex/AppCheck.build/Debug-iphonesimulator/AppCheckCore.build/Objects-normal/arm64/e6072d4f65d7061329687fe24e3d63a7-common-args.resp -MMD -MT dependencies -MF /Users/xinyufang/Library/Developer/Xcode/DerivedData/Buzz-faillbpsmponqzeruhhvskovixzk/Build/Intermediates.noindex/AppCheck.build/Debug-iphonesimulator/AppCheckCore.build/Objects-normal/arm64/GACAppCheckBackoffWrapper.d --serialize-diagnostics /Users/xinyufang/Library/Developer/Xcode/DerivedData/Buzz-faillbpsmponqzeruhhvskovixzk/Build/Intermediates.noindex/AppCheck.build/Debug-iphonesimulator/AppCheckCore.build/Objects-normal/arm64/GACAppCheckBackoffWrapper.dia -c /Users/xinyufang/Library/Developer/Xcode/DerivedData/Buzz-faillbpsmponqzeruhhvskovixzk/SourcePackages/checkouts/app-check/AppCheckCore/Sources/Core/Backoff/GACAppCheckBackoffWrapper.m -o /Users/xinyufang/Library/Developer/Xcode/DerivedData/Buzz-faillbpsmponqzeruhhvskovixzk/Build/Intermediates.noindex/AppCheck.build/Debug-iphonesimulator/AppCheckCore.build/Objects-normal/arm64/GACAppCheckBackoffWrapper.o -index-unit-output-path /AppCheck.build/Debug-iphonesimulator/AppCheckCore.build/Objects-normal/arm64/GACAppCheckBackoffWrapper.o

CompileC /Users/xinyufang/Library/Developer/Xcode/DerivedData/Buzz-faillbpsmponqzeruhhvskovixzk/Build/Intermediates.noindex/AppCheck.build/Debug-iphonesimulator/AppCheckCore.build/Objects-normal/arm64/GACAppCheckAPIService.o /Users/xinyufang/Library/Developer/Xcode/DerivedData/Buzz-faillbpsmponqzeruhhvskovixzk/SourcePackages/checkouts/app-check/AppCheckCore/Sources/Core/APIService/GACAppCheckAPIService.m normal arm64 objective-c com.apple.compilers.llvm.clang.1_0.compiler (in target 'AppCheckCore' from project 'AppCheck')
    cd /Users/xinyufang/Documents/Buzz/Buzz.xcodeproj
    
    Using response file: /Users/xinyufang/Library/Developer/Xcode/DerivedData/Buzz-faillbpsmponqzeruhhvskovixzk/Build/Intermediates.noindex/AppCheck.build/Debug-iphonesimulator/AppCheckCore.build/Objects-normal/arm64/e6072d4f65d7061329687fe24e3d63a7-common-args.resp
    
    /Applications/Xcode.app/Contents/Developer/Toolchains/XcodeDefault.xctoolchain/usr/bin/clang -x objective-c -ivfsstatcache /Users/xinyufang/Library/Developer/Xcode/DerivedData/SDKStatCaches.noindex/iphonesimulator26.0-23A339-26257891a6c027eb51374368541b8346.sdkstatcache -fmessage-length\=0 -fdiagnostics-show-note-include-stack -fmacro-backtrace-limit\=0 -fno-color-diagnostics -fmodules-prune-interval\=86400 -fmodules-prune-after\=345600 -fbuild-session-file\=/Users/xinyufang/Library/Developer/Xcode/DerivedData/ModuleCache.noindex/Session.modulevalidation -fmodules-validate-once-per-build-session -Wnon-modular-include-in-framework-module -Werror\=non-modular-include-in-framework-module -Wno-trigraphs -Wno-missing-field-initializers -Wno-missing-prototypes -Wno-return-type -Wno-implicit-atomic-properties -Wno-objc-interface-ivars -Wno-arc-repeated-use-of-weak -Wno-missing-braces -Wparentheses -Wswitch -Wno-unused-function -Wno-unused-label -Wno-unused-parameter -Wno-unused-variable -Wunused-value -Wno-empty-body -Wno-uninitialized -Wno-unknown-pragmas -w -Wno-shadow -Wno-four-char-constants -Wno-conversion -Wno-constant-conversion -Wno-int-conversion -Wno-bool-conversion -Wno-enum-conversion -Wno-float-conversion -Wno-non-literal-null-conversion -Wno-objc-literal-conversion -Wshorten-64-to-32 -Wpointer-sign -Wno-newline-eof -Wno-selector -Wno-strict-selector-match -Wno-undeclared-selector -Wno-deprecated-implementations -Wno-implicit-fallthrough -fstrict-aliasing -Wprotocol -Wdeprecated-declarations -Wno-sign-conversion -Wno-infinite-recursion -Wno-comma -Wno-block-capture-autoreleasing -Wno-strict-prototypes -Wno-semicolon-before-method-body -index-store-path /Users/xinyufang/Library/Developer/Xcode/DerivedData/Buzz-faillbpsmponqzeruhhvskovixzk/Index.noindex/DataStore @/Users/xinyufang/Library/Developer/Xcode/DerivedData/Buzz-faillbpsmponqzeruhhvskovixzk/Build/Intermediates.noindex/AppCheck.build/Debug-iphonesimulator/AppCheckCore.build/Objects-normal/arm64/e6072d4f65d7061329687fe24e3d63a7-common-args.resp -MMD -MT dependencies -MF /Users/xinyufang/Library/Developer/Xcode/DerivedData/Buzz-faillbpsmponqzeruhhvskovixzk/Build/Intermediates.noindex/AppCheck.build/Debug-iphonesimulator/AppCheckCore.build/Objects-normal/arm64/GACAppCheckAPIService.d --serialize-diagnostics /Users/xinyufang/Library/Developer/Xcode/DerivedData/Buzz-faillbpsmponqzeruhhvskovixzk/Build/Intermediates.noindex/AppCheck.build/Debug-iphonesimulator/AppCheckCore.build/Objects-normal/arm64/GACAppCheckAPIService.dia -c /Users/xinyufang/Library/Developer/Xcode/DerivedData/Buzz-faillbpsmponqzeruhhvskovixzk/SourcePackages/checkouts/app-check/AppCheckCore/Sources/Core/APIService/GACAppCheckAPIService.m -o /Users/xinyufang/Library/Developer/Xcode/DerivedData/Buzz-faillbpsmponqzeruhhvskovixzk/Build/Intermediates.noindex/AppCheck.build/Debug-iphonesimulator/AppCheckCore.build/Objects-normal/arm64/GACAppCheckAPIService.o -index-unit-output-path /AppCheck.build/Debug-iphonesimulator/AppCheckCore.build/Objects-normal/arm64/GACAppCheckAPIService.o

CompileC /Users/xinyufang/Library/Developer/Xcode/DerivedData/Buzz-faillbpsmponqzeruhhvskovixzk/Build/Intermediates.noindex/AppCheck.build/Debug-iphonesimulator/AppCheckCore.build/Objects-normal/arm64/GACAppCheck.o /Users/xinyufang/Library/Developer/Xcode/DerivedData/Buzz-faillbpsmponqzeruhhvskovixzk/SourcePackages/checkouts/app-check/AppCheckCore/Sources/Core/GACAppCheck.m normal arm64 objective-c com.apple.compilers.llvm.clang.1_0.compiler (in target 'AppCheckCore' from project 'AppCheck')
    cd /Users/xinyufang/Documents/Buzz/Buzz.xcodeproj
    
    Using response file: /Users/xinyufang/Library/Developer/Xcode/DerivedData/Buzz-faillbpsmponqzeruhhvskovixzk/Build/Intermediates.noindex/AppCheck.build/Debug-iphonesimulator/AppCheckCore.build/Objects-normal/arm64/e6072d4f65d7061329687fe24e3d63a7-common-args.resp
    
    /Applications/Xcode.app/Contents/Developer/Toolchains/XcodeDefault.xctoolchain/usr/bin/clang -x objective-c -ivfsstatcache /Users/xinyufang/Library/Developer/Xcode/DerivedData/SDKStatCaches.noindex/iphonesimulator26.0-23A339-26257891a6c027eb51374368541b8346.sdkstatcache -fmessage-length\=0 -fdiagnostics-show-note-include-stack -fmacro-backtrace-limit\=0 -fno-color-diagnostics -fmodules-prune-interval\=86400 -fmodules-prune-after\=345600 -fbuild-session-file\=/Users/xinyufang/Library/Developer/Xcode/DerivedData/ModuleCache.noindex/Session.modulevalidation -fmodules-validate-once-per-build-session -Wnon-modular-include-in-framework-module -Werror\=non-modular-include-in-framework-module -Wno-trigraphs -Wno-missing-field-initializers -Wno-missing-prototypes -Wno-return-type -Wno-implicit-atomic-properties -Wno-objc-interface-ivars -Wno-arc-repeated-use-of-weak -Wno-missing-braces -Wparentheses -Wswitch -Wno-unused-function -Wno-unused-label -Wno-unused-parameter -Wno-unused-variable -Wunused-value -Wno-empty-body -Wno-uninitialized -Wno-unknown-pragmas -w -Wno-shadow -Wno-four-char-constants -Wno-conversion -Wno-constant-conversion -Wno-int-conversion -Wno-bool-conversion -Wno-enum-conversion -Wno-float-conversion -Wno-non-literal-null-conversion -Wno-objc-literal-conversion -Wshorten-64-to-32 -Wpointer-sign -Wno-newline-eof -Wno-selector -Wno-strict-selector-match -Wno-undeclared-selector -Wno-deprecated-implementations -Wno-implicit-fallthrough -fstrict-aliasing -Wprotocol -Wdeprecated-declarations -Wno-sign-conversion -Wno-infinite-recursion -Wno-comma -Wno-block-capture-autoreleasing -Wno-strict-prototypes -Wno-semicolon-before-method-body -index-store-path /Users/xinyufang/Library/Developer/Xcode/DerivedData/Buzz-faillbpsmponqzeruhhvskovixzk/Index.noindex/DataStore @/Users/xinyufang/Library/Developer/Xcode/DerivedData/Buzz-faillbpsmponqzeruhhvskovixzk/Build/Intermediates.noindex/AppCheck.build/Debug-iphonesimulator/AppCheckCore.build/Objects-normal/arm64/e6072d4f65d7061329687fe24e3d63a7-common-args.resp -MMD -MT dependencies -MF /Users/xinyufang/Library/Developer/Xcode/DerivedData/Buzz-faillbpsmponqzeruhhvskovixzk/Build/Intermediates.noindex/AppCheck.build/Debug-iphonesimulator/AppCheckCore.build/Objects-normal/arm64/GACAppCheck.d --serialize-diagnostics /Users/xinyufang/Library/Developer/Xcode/DerivedData/Buzz-faillbpsmponqzeruhhvskovixzk/Build/Intermediates.noindex/AppCheck.build/Debug-iphonesimulator/AppCheckCore.build/Objects-normal/arm64/GACAppCheck.dia -c /Users/xinyufang/Library/Developer/Xcode/DerivedData/Buzz-faillbpsmponqzeruhhvskovixzk/SourcePackages/checkouts/app-check/AppCheckCore/Sources/Core/GACAppCheck.m -o /Users/xinyufang/Library/Developer/Xcode/DerivedData/Buzz-faillbpsmponqzeruhhvskovixzk/Build/Intermediates.noindex/AppCheck.build/Debug-iphonesimulator/AppCheckCore.build/Objects-normal/arm64/GACAppCheck.o -index-unit-output-path /AppCheck.build/Debug-iphonesimulator/AppCheckCore.build/Objects-normal/arm64/GACAppCheck.o

CompileC /Users/xinyufang/Library/Developer/Xcode/DerivedData/Buzz-faillbpsmponqzeruhhvskovixzk/Build/Intermediates.noindex/AppCheck.build/Debug-iphonesimulator/AppCheckCore.build/Objects-normal/arm64/GACAppAttestProvider.o /Users/xinyufang/Library/Developer/Xcode/DerivedData/Buzz-faillbpsmponqzeruhhvskovixzk/SourcePackages/checkouts/app-check/AppCheckCore/Sources/AppAttestProvider/GACAppAttestProvider.m normal arm64 objective-c com.apple.compilers.llvm.clang.1_0.compiler (in target 'AppCheckCore' from project 'AppCheck')
    cd /Users/xinyufang/Documents/Buzz/Buzz.xcodeproj
    
    Using response file: /Users/xinyufang/Library/Developer/Xcode/DerivedData/Buzz-faillbpsmponqzeruhhvskovixzk/Build/Intermediates.noindex/AppCheck.build/Debug-iphonesimulator/AppCheckCore.build/Objects-normal/arm64/e6072d4f65d7061329687fe24e3d63a7-common-args.resp
    
    /Applications/Xcode.app/Contents/Developer/Toolchains/XcodeDefault.xctoolchain/usr/bin/clang -x objective-c -ivfsstatcache /Users/xinyufang/Library/Developer/Xcode/DerivedData/SDKStatCaches.noindex/iphonesimulator26.0-23A339-26257891a6c027eb51374368541b8346.sdkstatcache -fmessage-length\=0 -fdiagnostics-show-note-include-stack -fmacro-backtrace-limit\=0 -fno-color-diagnostics -fmodules-prune-interval\=86400 -fmodules-prune-after\=345600 -fbuild-session-file\=/Users/xinyufang/Library/Developer/Xcode/DerivedData/ModuleCache.noindex/Session.modulevalidation -fmodules-validate-once-per-build-session -Wnon-modular-include-in-framework-module -Werror\=non-modular-include-in-framework-module -Wno-trigraphs -Wno-missing-field-initializers -Wno-missing-prototypes -Wno-return-type -Wno-implicit-atomic-properties -Wno-objc-interface-ivars -Wno-arc-repeated-use-of-weak -Wno-missing-braces -Wparentheses -Wswitch -Wno-unused-function -Wno-unused-label -Wno-unused-parameter -Wno-unused-variable -Wunused-value -Wno-empty-body -Wno-uninitialized -Wno-unknown-pragmas -w -Wno-shadow -Wno-four-char-constants -Wno-conversion -Wno-constant-conversion -Wno-int-conversion -Wno-bool-conversion -Wno-enum-conversion -Wno-float-conversion -Wno-non-literal-null-conversion -Wno-objc-literal-conversion -Wshorten-64-to-32 -Wpointer-sign -Wno-newline-eof -Wno-selector -Wno-strict-selector-match -Wno-undeclared-selector -Wno-deprecated-implementations -Wno-implicit-fallthrough -fstrict-aliasing -Wprotocol -Wdeprecated-declarations -Wno-sign-conversion -Wno-infinite-recursion -Wno-comma -Wno-block-capture-autoreleasing -Wno-strict-prototypes -Wno-semicolon-before-method-body -index-store-path /Users/xinyufang/Library/Developer/Xcode/DerivedData/Buzz-faillbpsmponqzeruhhvskovixzk/Index.noindex/DataStore @/Users/xinyufang/Library/Developer/Xcode/DerivedData/Buzz-faillbpsmponqzeruhhvskovixzk/Build/Intermediates.noindex/AppCheck.build/Debug-iphonesimulator/AppCheckCore.build/Objects-normal/arm64/e6072d4f65d7061329687fe24e3d63a7-common-args.resp -MMD -MT dependencies -MF /Users/xinyufang/Library/Developer/Xcode/DerivedData/Buzz-faillbpsmponqzeruhhvskovixzk/Build/Intermediates.noindex/AppCheck.build/Debug-iphonesimulator/AppCheckCore.build/Objects-normal/arm64/GACAppAttestProvider.d --serialize-diagnostics /Users/xinyufang/Library/Developer/Xcode/DerivedData/Buzz-faillbpsmponqzeruhhvskovixzk/Build/Intermediates.noindex/AppCheck.build/Debug-iphonesimulator/AppCheckCore.build/Objects-normal/arm64/GACAppAttestProvider.dia -c /Users/xinyufang/Library/Developer/Xcode/DerivedData/Buzz-faillbpsmponqzeruhhvskovixzk/SourcePackages/checkouts/app-check/AppCheckCore/Sources/AppAttestProvider/GACAppAttestProvider.m -o /Users/xinyufang/Library/Developer/Xcode/DerivedData/Buzz-faillbpsmponqzeruhhvskovixzk/Build/Intermediates.noindex/AppCheck.build/Debug-iphonesimulator/AppCheckCore.build/Objects-normal/arm64/GACAppAttestProvider.o -index-unit-output-path /AppCheck.build/Debug-iphonesimulator/AppCheckCore.build/Objects-normal/arm64/GACAppAttestProvider.o

CompileC /Users/xinyufang/Library/Developer/Xcode/DerivedData/Buzz-faillbpsmponqzeruhhvskovixzk/Build/Intermediates.noindex/AppCheck.build/Debug-iphonesimulator/AppCheckCore.build/Objects-normal/arm64/GACAppAttestKeyIDStorage.o /Users/xinyufang/Library/Developer/Xcode/DerivedData/Buzz-faillbpsmponqzeruhhvskovixzk/SourcePackages/checkouts/app-check/AppCheckCore/Sources/AppAttestProvider/Storage/GACAppAttestKeyIDStorage.m normal arm64 objective-c com.apple.compilers.llvm.clang.1_0.compiler (in target 'AppCheckCore' from project 'AppCheck')
    cd /Users/xinyufang/Documents/Buzz/Buzz.xcodeproj
    
    Using response file: /Users/xinyufang/Library/Developer/Xcode/DerivedData/Buzz-faillbpsmponqzeruhhvskovixzk/Build/Intermediates.noindex/AppCheck.build/Debug-iphonesimulator/AppCheckCore.build/Objects-normal/arm64/e6072d4f65d7061329687fe24e3d63a7-common-args.resp
    
    /Applications/Xcode.app/Contents/Developer/Toolchains/XcodeDefault.xctoolchain/usr/bin/clang -x objective-c -ivfsstatcache /Users/xinyufang/Library/Developer/Xcode/DerivedData/SDKStatCaches.noindex/iphonesimulator26.0-23A339-26257891a6c027eb51374368541b8346.sdkstatcache -fmessage-length\=0 -fdiagnostics-show-note-include-stack -fmacro-backtrace-limit\=0 -fno-color-diagnostics -fmodules-prune-interval\=86400 -fmodules-prune-after\=345600 -fbuild-session-file\=/Users/xinyufang/Library/Developer/Xcode/DerivedData/ModuleCache.noindex/Session.modulevalidation -fmodules-validate-once-per-build-session -Wnon-modular-include-in-framework-module -Werror\=non-modular-include-in-framework-module -Wno-trigraphs -Wno-missing-field-initializers -Wno-missing-prototypes -Wno-return-type -Wno-implicit-atomic-properties -Wno-objc-interface-ivars -Wno-arc-repeated-use-of-weak -Wno-missing-braces -Wparentheses -Wswitch -Wno-unused-function -Wno-unused-label -Wno-unused-parameter -Wno-unused-variable -Wunused-value -Wno-empty-body -Wno-uninitialized -Wno-unknown-pragmas -w -Wno-shadow -Wno-four-char-constants -Wno-conversion -Wno-constant-conversion -Wno-int-conversion -Wno-bool-conversion -Wno-enum-conversion -Wno-float-conversion -Wno-non-literal-null-conversion -Wno-objc-literal-conversion -Wshorten-64-to-32 -Wpointer-sign -Wno-newline-eof -Wno-selector -Wno-strict-selector-match -Wno-undeclared-selector -Wno-deprecated-implementations -Wno-implicit-fallthrough -fstrict-aliasing -Wprotocol -Wdeprecated-declarations -Wno-sign-conversion -Wno-infinite-recursion -Wno-comma -Wno-block-capture-autoreleasing -Wno-strict-prototypes -Wno-semicolon-before-method-body -index-store-path /Users/xinyufang/Library/Developer/Xcode/DerivedData/Buzz-faillbpsmponqzeruhhvskovixzk/Index.noindex/DataStore @/Users/xinyufang/Library/Developer/Xcode/DerivedData/Buzz-faillbpsmponqzeruhhvskovixzk/Build/Intermediates.noindex/AppCheck.build/Debug-iphonesimulator/AppCheckCore.build/Objects-normal/arm64/e6072d4f65d7061329687fe24e3d63a7-common-args.resp -MMD -MT dependencies -MF /Users/xinyufang/Library/Developer/Xcode/DerivedData/Buzz-faillbpsmponqzeruhhvskovixzk/Build/Intermediates.noindex/AppCheck.build/Debug-iphonesimulator/AppCheckCore.build/Objects-normal/arm64/GACAppAttestKeyIDStorage.d --serialize-diagnostics /Users/xinyufang/Library/Developer/Xcode/DerivedData/Buzz-faillbpsmponqzeruhhvskovixzk/Build/Intermediates.noindex/AppCheck.build/Debug-iphonesimulator/AppCheckCore.build/Objects-normal/arm64/GACAppAttestKeyIDStorage.dia -c /Users/xinyufang/Library/Developer/Xcode/DerivedData/Buzz-faillbpsmponqzeruhhvskovixzk/SourcePackages/checkouts/app-check/AppCheckCore/Sources/AppAttestProvider/Storage/GACAppAttestKeyIDStorage.m -o /Users/xinyufang/Library/Developer/Xcode/DerivedData/Buzz-faillbpsmponqzeruhhvskovixzk/Build/Intermediates.noindex/AppCheck.build/Debug-iphonesimulator/AppCheckCore.build/Objects-normal/arm64/GACAppAttestKeyIDStorage.o -index-unit-output-path /AppCheck.build/Debug-iphonesimulator/AppCheckCore.build/Objects-normal/arm64/GACAppAttestKeyIDStorage.o

CompileC /Users/xinyufang/Library/Developer/Xcode/DerivedData/Buzz-faillbpsmponqzeruhhvskovixzk/Build/Intermediates.noindex/AppCheck.build/Debug-iphonesimulator/AppCheckCore.build/Objects-normal/arm64/GACAppAttestAPIService.o /Users/xinyufang/Library/Developer/Xcode/DerivedData/Buzz-faillbpsmponqzeruhhvskovixzk/SourcePackages/checkouts/app-check/AppCheckCore/Sources/AppAttestProvider/API/GACAppAttestAPIService.m normal arm64 objective-c com.apple.compilers.llvm.clang.1_0.compiler (in target 'AppCheckCore' from project 'AppCheck')
    cd /Users/xinyufang/Documents/Buzz/Buzz.xcodeproj
    
    Using response file: /Users/xinyufang/Library/Developer/Xcode/DerivedData/Buzz-faillbpsmponqzeruhhvskovixzk/Build/Intermediates.noindex/AppCheck.build/Debug-iphonesimulator/AppCheckCore.build/Objects-normal/arm64/e6072d4f65d7061329687fe24e3d63a7-common-args.resp
    
    /Applications/Xcode.app/Contents/Developer/Toolchains/XcodeDefault.xctoolchain/usr/bin/clang -x objective-c -ivfsstatcache /Users/xinyufang/Library/Developer/Xcode/DerivedData/SDKStatCaches.noindex/iphonesimulator26.0-23A339-26257891a6c027eb51374368541b8346.sdkstatcache -fmessage-length\=0 -fdiagnostics-show-note-include-stack -fmacro-backtrace-limit\=0 -fno-color-diagnostics -fmodules-prune-interval\=86400 -fmodules-prune-after\=345600 -fbuild-session-file\=/Users/xinyufang/Library/Developer/Xcode/DerivedData/ModuleCache.noindex/Session.modulevalidation -fmodules-validate-once-per-build-session -Wnon-modular-include-in-framework-module -Werror\=non-modular-include-in-framework-module -Wno-trigraphs -Wno-missing-field-initializers -Wno-missing-prototypes -Wno-return-type -Wno-implicit-atomic-properties -Wno-objc-interface-ivars -Wno-arc-repeated-use-of-weak -Wno-missing-braces -Wparentheses -Wswitch -Wno-unused-function -Wno-unused-label -Wno-unused-parameter -Wno-unused-variable -Wunused-value -Wno-empty-body -Wno-uninitialized -Wno-unknown-pragmas -w -Wno-shadow -Wno-four-char-constants -Wno-conversion -Wno-constant-conversion -Wno-int-conversion -Wno-bool-conversion -Wno-enum-conversion -Wno-float-conversion -Wno-non-literal-null-conversion -Wno-objc-literal-conversion -Wshorten-64-to-32 -Wpointer-sign -Wno-newline-eof -Wno-selector -Wno-strict-selector-match -Wno-undeclared-selector -Wno-deprecated-implementations -Wno-implicit-fallthrough -fstrict-aliasing -Wprotocol -Wdeprecated-declarations -Wno-sign-conversion -Wno-infinite-recursion -Wno-comma -Wno-block-capture-autoreleasing -Wno-strict-prototypes -Wno-semicolon-before-method-body -index-store-path /Users/xinyufang/Library/Developer/Xcode/DerivedData/Buzz-faillbpsmponqzeruhhvskovixzk/Index.noindex/DataStore @/Users/xinyufang/Library/Developer/Xcode/DerivedData/Buzz-faillbpsmponqzeruhhvskovixzk/Build/Intermediates.noindex/AppCheck.build/Debug-iphonesimulator/AppCheckCore.build/Objects-normal/arm64/e6072d4f65d7061329687fe24e3d63a7-common-args.resp -MMD -MT dependencies -MF /Users/xinyufang/Library/Developer/Xcode/DerivedData/Buzz-faillbpsmponqzeruhhvskovixzk/Build/Intermediates.noindex/AppCheck.build/Debug-iphonesimulator/AppCheckCore.build/Objects-normal/arm64/GACAppAttestAPIService.d --serialize-diagnostics /Users/xinyufang/Library/Developer/Xcode/DerivedData/Buzz-faillbpsmponqzeruhhvskovixzk/Build/Intermediates.noindex/AppCheck.build/Debug-iphonesimulator/AppCheckCore.build/Objects-normal/arm64/GACAppAttestAPIService.dia -c /Users/xinyufang/Library/Developer/Xcode/DerivedData/Buzz-faillbpsmponqzeruhhvskovixzk/SourcePackages/checkouts/app-check/AppCheckCore/Sources/AppAttestProvider/API/GACAppAttestAPIService.m -o /Users/xinyufang/Library/Developer/Xcode/DerivedData/Buzz-faillbpsmponqzeruhhvskovixzk/Build/Intermediates.noindex/AppCheck.build/Debug-iphonesimulator/AppCheckCore.build/Objects-normal/arm64/GACAppAttestAPIService.o -index-unit-output-path /AppCheck.build/Debug-iphonesimulator/AppCheckCore.build/Objects-normal/arm64/GACAppAttestAPIService.o

CompileC /Users/xinyufang/Library/Developer/Xcode/DerivedData/Buzz-faillbpsmponqzeruhhvskovixzk/Build/Intermediates.noindex/AppCheck.build/Debug-iphonesimulator/AppCheckCore.build/Objects-normal/arm64/DCAppAttestService+GACAppAttestService.o /Users/xinyufang/Library/Developer/Xcode/DerivedData/Buzz-faillbpsmponqzeruhhvskovixzk/SourcePackages/checkouts/app-check/AppCheckCore/Sources/AppAttestProvider/DCAppAttestService+GACAppAttestService.m normal arm64 objective-c com.apple.compilers.llvm.clang.1_0.compiler (in target 'AppCheckCore' from project 'AppCheck')
    cd /Users/xinyufang/Documents/Buzz/Buzz.xcodeproj
    
    Using response file: /Users/xinyufang/Library/Developer/Xcode/DerivedData/Buzz-faillbpsmponqzeruhhvskovixzk/Build/Intermediates.noindex/AppCheck.build/Debug-iphonesimulator/AppCheckCore.build/Objects-normal/arm64/e6072d4f65d7061329687fe24e3d63a7-common-args.resp
    
    /Applications/Xcode.app/Contents/Developer/Toolchains/XcodeDefault.xctoolchain/usr/bin/clang -x objective-c -ivfsstatcache /Users/xinyufang/Library/Developer/Xcode/DerivedData/SDKStatCaches.noindex/iphonesimulator26.0-23A339-26257891a6c027eb51374368541b8346.sdkstatcache -fmessage-length\=0 -fdiagnostics-show-note-include-stack -fmacro-backtrace-limit\=0 -fno-color-diagnostics -fmodules-prune-interval\=86400 -fmodules-prune-after\=345600 -fbuild-session-file\=/Users/xinyufang/Library/Developer/Xcode/DerivedData/ModuleCache.noindex/Session.modulevalidation -fmodules-validate-once-per-build-session -Wnon-modular-include-in-framework-module -Werror\=non-modular-include-in-framework-module -Wno-trigraphs -Wno-missing-field-initializers -Wno-missing-prototypes -Wno-return-type -Wno-implicit-atomic-properties -Wno-objc-interface-ivars -Wno-arc-repeated-use-of-weak -Wno-missing-braces -Wparentheses -Wswitch -Wno-unused-function -Wno-unused-label -Wno-unused-parameter -Wno-unused-variable -Wunused-value -Wno-empty-body -Wno-uninitialized -Wno-unknown-pragmas -w -Wno-shadow -Wno-four-char-constants -Wno-conversion -Wno-constant-conversion -Wno-int-conversion -Wno-bool-conversion -Wno-enum-conversion -Wno-float-conversion -Wno-non-literal-null-conversion -Wno-objc-literal-conversion -Wshorten-64-to-32 -Wpointer-sign -Wno-newline-eof -Wno-selector -Wno-strict-selector-match -Wno-undeclared-selector -Wno-deprecated-implementations -Wno-implicit-fallthrough -fstrict-aliasing -Wprotocol -Wdeprecated-declarations -Wno-sign-conversion -Wno-infinite-recursion -Wno-comma -Wno-block-capture-autoreleasing -Wno-strict-prototypes -Wno-semicolon-before-method-body -index-store-path /Users/xinyufang/Library/Developer/Xcode/DerivedData/Buzz-faillbpsmponqzeruhhvskovixzk/Index.noindex/DataStore @/Users/xinyufang/Library/Developer/Xcode/DerivedData/Buzz-faillbpsmponqzeruhhvskovixzk/Build/Intermediates.noindex/AppCheck.build/Debug-iphonesimulator/AppCheckCore.build/Objects-normal/arm64/e6072d4f65d7061329687fe24e3d63a7-common-args.resp -MMD -MT dependencies -MF /Users/xinyufang/Library/Developer/Xcode/DerivedData/Buzz-faillbpsmponqzeruhhvskovixzk/Build/Intermediates.noindex/AppCheck.build/Debug-iphonesimulator/AppCheckCore.build/Objects-normal/arm64/DCAppAttestService+GACAppAttestService.d --serialize-diagnostics /Users/xinyufang/Library/Developer/Xcode/DerivedData/Buzz-faillbpsmponqzeruhhvskovixzk/Build/Intermediates.noindex/AppCheck.build/Debug-iphonesimulator/AppCheckCore.build/Objects-normal/arm64/DCAppAttestService+GACAppAttestService.dia -c /Users/xinyufang/Library/Developer/Xcode/DerivedData/Buzz-faillbpsmponqzeruhhvskovixzk/SourcePackages/checkouts/app-check/AppCheckCore/Sources/AppAttestProvider/DCAppAttestService+GACAppAttestService.m -o /Users/xinyufang/Library/Developer/Xcode/DerivedData/Buzz-faillbpsmponqzeruhhvskovixzk/Build/Intermediates.noindex/AppCheck.build/Debug-iphonesimulator/AppCheckCore.build/Objects-normal/arm64/DCAppAttestService+GACAppAttestService.o -index-unit-output-path /AppCheck.build/Debug-iphonesimulator/AppCheckCore.build/Objects-normal/arm64/DCAppAttestService+GACAppAttestService.o

PrecompileModule /Users/xinyufang/Library/Developer/Xcode/DerivedData/Buzz-faillbpsmponqzeruhhvskovixzk/Build/Intermediates.noindex/ExplicitPrecompiledModules/Metal-9JMNDUL9GNMVMVLOPXMTBMTTA.scan
    cd /
    builtin-precompileModule /Users/xinyufang/Library/Developer/Xcode/DerivedData/Buzz-faillbpsmponqzeruhhvskovixzk/Build/Intermediates.noindex/ExplicitPrecompiledModules/Metal-9JMNDUL9GNMVMVLOPXMTBMTTA.scan

PrecompileModule /Users/xinyufang/Library/Developer/Xcode/DerivedData/Buzz-faillbpsmponqzeruhhvskovixzk/Build/Intermediates.noindex/ExplicitPrecompiledModules/GoogleUtilities_Environment-7HCQMLENPSJDNDO8EJD35S7L7.scan
    cd /
    builtin-precompileModule /Users/xinyufang/Library/Developer/Xcode/DerivedData/Buzz-faillbpsmponqzeruhhvskovixzk/Build/Intermediates.noindex/ExplicitPrecompiledModules/GoogleUtilities_Environment-7HCQMLENPSJDNDO8EJD35S7L7.scan

ScanDependencies /Users/xinyufang/Library/Developer/Xcode/DerivedData/Buzz-faillbpsmponqzeruhhvskovixzk/Build/Intermediates.noindex/AppAuth.build/Debug-iphonesimulator/AppAuthCore.build/Objects-normal/arm64/OIDFieldMapping.o /Users/xinyufang/Library/Developer/Xcode/DerivedData/Buzz-faillbpsmponqzeruhhvskovixzk/SourcePackages/checkouts/AppAuth-iOS/Sources/AppAuthCore/OIDFieldMapping.m normal arm64 objective-c com.apple.compilers.llvm.clang.1_0.compiler (in target 'AppAuthCore' from project 'AppAuth')
    cd /Users/xinyufang/Documents/Buzz/Buzz.xcodeproj
    
    Using response file: /Users/xinyufang/Library/Developer/Xcode/DerivedData/Buzz-faillbpsmponqzeruhhvskovixzk/Build/Intermediates.noindex/AppAuth.build/Debug-iphonesimulator/AppAuthCore.build/Objects-normal/arm64/e6072d4f65d7061329687fe24e3d63a7-common-args.resp
    
    builtin-ScanDependencies -o /Users/xinyufang/Library/Developer/Xcode/DerivedData/Buzz-faillbpsmponqzeruhhvskovixzk/Build/Intermediates.noindex/AppAuth.build/Debug-iphonesimulator/AppAuthCore.build/Objects-normal/arm64/OIDFieldMapping.o.scan -- /Applications/Xcode.app/Contents/Developer/Toolchains/XcodeDefault.xctoolchain/usr/bin/clang -x objective-c -ivfsstatcache /Users/xinyufang/Library/Developer/Xcode/DerivedData/SDKStatCaches.noindex/iphonesimulator26.0-23A339-26257891a6c027eb51374368541b8346.sdkstatcache -fmessage-length\=0 -fdiagnostics-show-note-include-stack -fmacro-backtrace-limit\=0 -fno-color-diagnostics -fmodules-prune-interval\=86400 -fmodules-prune-after\=345600 -fbuild-session-file\=/Users/xinyufang/Library/Developer/Xcode/DerivedData/ModuleCache.noindex/Session.modulevalidation -fmodules-validate-once-per-build-session -Wnon-modular-include-in-framework-module -Werror\=non-modular-include-in-framework-module -Wno-trigraphs -Wno-missing-field-initializers -Wno-missing-prototypes -Wno-return-type -Wno-implicit-atomic-properties -Wno-objc-interface-ivars -Wno-arc-repeated-use-of-weak -Wno-missing-braces -Wparentheses -Wswitch -Wno-unused-function -Wno-unused-label -Wno-unused-parameter -Wno-unused-variable -Wunused-value -Wno-empty-body -Wno-uninitialized -Wno-unknown-pragmas -w -Wno-shadow -Wno-four-char-constants -Wno-conversion -Wno-constant-conversion -Wno-int-conversion -Wno-bool-conversion -Wno-enum-conversion -Wno-float-conversion -Wno-non-literal-null-conversion -Wno-objc-literal-conversion -Wshorten-64-to-32 -Wpointer-sign -Wno-newline-eof -Wno-selector -Wno-strict-selector-match -Wno-undeclared-selector -Wno-deprecated-implementations -Wno-implicit-fallthrough -fstrict-aliasing -Wprotocol -Wdeprecated-declarations -Wno-sign-conversion -Wno-infinite-recursion -Wno-comma -Wno-block-capture-autoreleasing -Wno-strict-prototypes -Wno-semicolon-before-method-body -index-store-path /Users/xinyufang/Library/Developer/Xcode/DerivedData/Buzz-faillbpsmponqzeruhhvskovixzk/Index.noindex/DataStore @/Users/xinyufang/Library/Developer/Xcode/DerivedData/Buzz-faillbpsmponqzeruhhvskovixzk/Build/Intermediates.noindex/AppAuth.build/Debug-iphonesimulator/AppAuthCore.build/Objects-normal/arm64/e6072d4f65d7061329687fe24e3d63a7-common-args.resp -include /Users/xinyufang/Library/Developer/Xcode/DerivedData/Buzz-faillbpsmponqzeruhhvskovixzk/Build/Intermediates.noindex/AppAuth.build/Debug-iphonesimulator/AppAuthCore.build/DerivedSources/resource_bundle_accessor.h -MMD -MT dependencies -MF /Users/xinyufang/Library/Developer/Xcode/DerivedData/Buzz-faillbpsmponqzeruhhvskovixzk/Build/Intermediates.noindex/AppAuth.build/Debug-iphonesimulator/AppAuthCore.build/Objects-normal/arm64/OIDFieldMapping.d --serialize-diagnostics /Users/xinyufang/Library/Developer/Xcode/DerivedData/Buzz-faillbpsmponqzeruhhvskovixzk/Build/Intermediates.noindex/AppAuth.build/Debug-iphonesimulator/AppAuthCore.build/Objects-normal/arm64/OIDFieldMapping.dia -c /Users/xinyufang/Library/Developer/Xcode/DerivedData/Buzz-faillbpsmponqzeruhhvskovixzk/SourcePackages/checkouts/AppAuth-iOS/Sources/AppAuthCore/OIDFieldMapping.m -o /Users/xinyufang/Library/Developer/Xcode/DerivedData/Buzz-faillbpsmponqzeruhhvskovixzk/Build/Intermediates.noindex/AppAuth.build/Debug-iphonesimulator/AppAuthCore.build/Objects-normal/arm64/OIDFieldMapping.o -index-unit-output-path /AppAuth.build/Debug-iphonesimulator/AppAuthCore.build/Objects-normal/arm64/OIDFieldMapping.o

ScanDependencies /Users/xinyufang/Library/Developer/Xcode/DerivedData/Buzz-faillbpsmponqzeruhhvskovixzk/Build/Intermediates.noindex/AppAuth.build/Debug-iphonesimulator/AppAuthCore.build/Objects-normal/arm64/OIDErrorUtilities.o /Users/xinyufang/Library/Developer/Xcode/DerivedData/Buzz-faillbpsmponqzeruhhvskovixzk/SourcePackages/checkouts/AppAuth-iOS/Sources/AppAuthCore/OIDErrorUtilities.m normal arm64 objective-c com.apple.compilers.llvm.clang.1_0.compiler (in target 'AppAuthCore' from project 'AppAuth')
    cd /Users/xinyufang/Documents/Buzz/Buzz.xcodeproj
    
    Using response file: /Users/xinyufang/Library/Developer/Xcode/DerivedData/Buzz-faillbpsmponqzeruhhvskovixzk/Build/Intermediates.noindex/AppAuth.build/Debug-iphonesimulator/AppAuthCore.build/Objects-normal/arm64/e6072d4f65d7061329687fe24e3d63a7-common-args.resp
    
    builtin-ScanDependencies -o /Users/xinyufang/Library/Developer/Xcode/DerivedData/Buzz-faillbpsmponqzeruhhvskovixzk/Build/Intermediates.noindex/AppAuth.build/Debug-iphonesimulator/AppAuthCore.build/Objects-normal/arm64/OIDErrorUtilities.o.scan -- /Applications/Xcode.app/Contents/Developer/Toolchains/XcodeDefault.xctoolchain/usr/bin/clang -x objective-c -ivfsstatcache /Users/xinyufang/Library/Developer/Xcode/DerivedData/SDKStatCaches.noindex/iphonesimulator26.0-23A339-26257891a6c027eb51374368541b8346.sdkstatcache -fmessage-length\=0 -fdiagnostics-show-note-include-stack -fmacro-backtrace-limit\=0 -fno-color-diagnostics -fmodules-prune-interval\=86400 -fmodules-prune-after\=345600 -fbuild-session-file\=/Users/xinyufang/Library/Developer/Xcode/DerivedData/ModuleCache.noindex/Session.modulevalidation -fmodules-validate-once-per-build-session -Wnon-modular-include-in-framework-module -Werror\=non-modular-include-in-framework-module -Wno-trigraphs -Wno-missing-field-initializers -Wno-missing-prototypes -Wno-return-type -Wno-implicit-atomic-properties -Wno-objc-interface-ivars -Wno-arc-repeated-use-of-weak -Wno-missing-braces -Wparentheses -Wswitch -Wno-unused-function -Wno-unused-label -Wno-unused-parameter -Wno-unused-variable -Wunused-value -Wno-empty-body -Wno-uninitialized -Wno-unknown-pragmas -w -Wno-shadow -Wno-four-char-constants -Wno-conversion -Wno-constant-conversion -Wno-int-conversion -Wno-bool-conversion -Wno-enum-conversion -Wno-float-conversion -Wno-non-literal-null-conversion -Wno-objc-literal-conversion -Wshorten-64-to-32 -Wpointer-sign -Wno-newline-eof -Wno-selector -Wno-strict-selector-match -Wno-undeclared-selector -Wno-deprecated-implementations -Wno-implicit-fallthrough -fstrict-aliasing -Wprotocol -Wdeprecated-declarations -Wno-sign-conversion -Wno-infinite-recursion -Wno-comma -Wno-block-capture-autoreleasing -Wno-strict-prototypes -Wno-semicolon-before-method-body -index-store-path /Users/xinyufang/Library/Developer/Xcode/DerivedData/Buzz-faillbpsmponqzeruhhvskovixzk/Index.noindex/DataStore @/Users/xinyufang/Library/Developer/Xcode/DerivedData/Buzz-faillbpsmponqzeruhhvskovixzk/Build/Intermediates.noindex/AppAuth.build/Debug-iphonesimulator/AppAuthCore.build/Objects-normal/arm64/e6072d4f65d7061329687fe24e3d63a7-common-args.resp -include /Users/xinyufang/Library/Developer/Xcode/DerivedData/Buzz-faillbpsmponqzeruhhvskovixzk/Build/Intermediates.noindex/AppAuth.build/Debug-iphonesimulator/AppAuthCore.build/DerivedSources/resource_bundle_accessor.h -MMD -MT dependencies -MF /Users/xinyufang/Library/Developer/Xcode/DerivedData/Buzz-faillbpsmponqzeruhhvskovixzk/Build/Intermediates.noindex/AppAuth.build/Debug-iphonesimulator/AppAuthCore.build/Objects-normal/arm64/OIDErrorUtilities.d --serialize-diagnostics /Users/xinyufang/Library/Developer/Xcode/DerivedData/Buzz-faillbpsmponqzeruhhvskovixzk/Build/Intermediates.noindex/AppAuth.build/Debug-iphonesimulator/AppAuthCore.build/Objects-normal/arm64/OIDErrorUtilities.dia -c /Users/xinyufang/Library/Developer/Xcode/DerivedData/Buzz-faillbpsmponqzeruhhvskovixzk/SourcePackages/checkouts/AppAuth-iOS/Sources/AppAuthCore/OIDErrorUtilities.m -o /Users/xinyufang/Library/Developer/Xcode/DerivedData/Buzz-faillbpsmponqzeruhhvskovixzk/Build/Intermediates.noindex/AppAuth.build/Debug-iphonesimulator/AppAuthCore.build/Objects-normal/arm64/OIDErrorUtilities.o -index-unit-output-path /AppAuth.build/Debug-iphonesimulator/AppAuthCore.build/Objects-normal/arm64/OIDErrorUtilities.o

ScanDependencies /Users/xinyufang/Library/Developer/Xcode/DerivedData/Buzz-faillbpsmponqzeruhhvskovixzk/Build/Intermediates.noindex/AppAuth.build/Debug-iphonesimulator/AppAuthCore.build/Objects-normal/arm64/OIDError.o /Users/xinyufang/Library/Developer/Xcode/DerivedData/Buzz-faillbpsmponqzeruhhvskovixzk/SourcePackages/checkouts/AppAuth-iOS/Sources/AppAuthCore/OIDError.m normal arm64 objective-c com.apple.compilers.llvm.clang.1_0.compiler (in target 'AppAuthCore' from project 'AppAuth')
    cd /Users/xinyufang/Documents/Buzz/Buzz.xcodeproj
    
    Using response file: /Users/xinyufang/Library/Developer/Xcode/DerivedData/Buzz-faillbpsmponqzeruhhvskovixzk/Build/Intermediates.noindex/AppAuth.build/Debug-iphonesimulator/AppAuthCore.build/Objects-normal/arm64/e6072d4f65d7061329687fe24e3d63a7-common-args.resp
    
    builtin-ScanDependencies -o /Users/xinyufang/Library/Developer/Xcode/DerivedData/Buzz-faillbpsmponqzeruhhvskovixzk/Build/Intermediates.noindex/AppAuth.build/Debug-iphonesimulator/AppAuthCore.build/Objects-normal/arm64/OIDError.o.scan -- /Applications/Xcode.app/Contents/Developer/Toolchains/XcodeDefault.xctoolchain/usr/bin/clang -x objective-c -ivfsstatcache /Users/xinyufang/Library/Developer/Xcode/DerivedData/SDKStatCaches.noindex/iphonesimulator26.0-23A339-26257891a6c027eb51374368541b8346.sdkstatcache -fmessage-length\=0 -fdiagnostics-show-note-include-stack -fmacro-backtrace-limit\=0 -fno-color-diagnostics -fmodules-prune-interval\=86400 -fmodules-prune-after\=345600 -fbuild-session-file\=/Users/xinyufang/Library/Developer/Xcode/DerivedData/ModuleCache.noindex/Session.modulevalidation -fmodules-validate-once-per-build-session -Wnon-modular-include-in-framework-module -Werror\=non-modular-include-in-framework-module -Wno-trigraphs -Wno-missing-field-initializers -Wno-missing-prototypes -Wno-return-type -Wno-implicit-atomic-properties -Wno-objc-interface-ivars -Wno-arc-repeated-use-of-weak -Wno-missing-braces -Wparentheses -Wswitch -Wno-unused-function -Wno-unused-label -Wno-unused-parameter -Wno-unused-variable -Wunused-value -Wno-empty-body -Wno-uninitialized -Wno-unknown-pragmas -w -Wno-shadow -Wno-four-char-constants -Wno-conversion -Wno-constant-conversion -Wno-int-conversion -Wno-bool-conversion -Wno-enum-conversion -Wno-float-conversion -Wno-non-literal-null-conversion -Wno-objc-literal-conversion -Wshorten-64-to-32 -Wpointer-sign -Wno-newline-eof -Wno-selector -Wno-strict-selector-match -Wno-undeclared-selector -Wno-deprecated-implementations -Wno-implicit-fallthrough -fstrict-aliasing -Wprotocol -Wdeprecated-declarations -Wno-sign-conversion -Wno-infinite-recursion -Wno-comma -Wno-block-capture-autoreleasing -Wno-strict-prototypes -Wno-semicolon-before-method-body -index-store-path /Users/xinyufang/Library/Developer/Xcode/DerivedData/Buzz-faillbpsmponqzeruhhvskovixzk/Index.noindex/DataStore @/Users/xinyufang/Library/Developer/Xcode/DerivedData/Buzz-faillbpsmponqzeruhhvskovixzk/Build/Intermediates.noindex/AppAuth.build/Debug-iphonesimulator/AppAuthCore.build/Objects-normal/arm64/e6072d4f65d7061329687fe24e3d63a7-common-args.resp -include /Users/xinyufang/Library/Developer/Xcode/DerivedData/Buzz-faillbpsmponqzeruhhvskovixzk/Build/Intermediates.noindex/AppAuth.build/Debug-iphonesimulator/AppAuthCore.build/DerivedSources/resource_bundle_accessor.h -MMD -MT dependencies -MF /Users/xinyufang/Library/Developer/Xcode/DerivedData/Buzz-faillbpsmponqzeruhhvskovixzk/Build/Intermediates.noindex/AppAuth.build/Debug-iphonesimulator/AppAuthCore.build/Objects-normal/arm64/OIDError.d --serialize-diagnostics /Users/xinyufang/Library/Developer/Xcode/DerivedData/Buzz-faillbpsmponqzeruhhvskovixzk/Build/Intermediates.noindex/AppAuth.build/Debug-iphonesimulator/AppAuthCore.build/Objects-normal/arm64/OIDError.dia -c /Users/xinyufang/Library/Developer/Xcode/DerivedData/Buzz-faillbpsmponqzeruhhvskovixzk/SourcePackages/checkouts/AppAuth-iOS/Sources/AppAuthCore/OIDError.m -o /Users/xinyufang/Library/Developer/Xcode/DerivedData/Buzz-faillbpsmponqzeruhhvskovixzk/Build/Intermediates.noindex/AppAuth.build/Debug-iphonesimulator/AppAuthCore.build/Objects-normal/arm64/OIDError.o -index-unit-output-path /AppAuth.build/Debug-iphonesimulator/AppAuthCore.build/Objects-normal/arm64/OIDError.o

ScanDependencies /Users/xinyufang/Library/Developer/Xcode/DerivedData/Buzz-faillbpsmponqzeruhhvskovixzk/Build/Intermediates.noindex/AppAuth.build/Debug-iphonesimulator/AppAuthCore.build/Objects-normal/arm64/OIDEndSessionResponse.o /Users/xinyufang/Library/Developer/Xcode/DerivedData/Buzz-faillbpsmponqzeruhhvskovixzk/SourcePackages/checkouts/AppAuth-iOS/Sources/AppAuthCore/OIDEndSessionResponse.m normal arm64 objective-c com.apple.compilers.llvm.clang.1_0.compiler (in target 'AppAuthCore' from project 'AppAuth')
    cd /Users/xinyufang/Documents/Buzz/Buzz.xcodeproj
    
    Using response file: /Users/xinyufang/Library/Developer/Xcode/DerivedData/Buzz-faillbpsmponqzeruhhvskovixzk/Build/Intermediates.noindex/AppAuth.build/Debug-iphonesimulator/AppAuthCore.build/Objects-normal/arm64/e6072d4f65d7061329687fe24e3d63a7-common-args.resp
    
    builtin-ScanDependencies -o /Users/xinyufang/Library/Developer/Xcode/DerivedData/Buzz-faillbpsmponqzeruhhvskovixzk/Build/Intermediates.noindex/AppAuth.build/Debug-iphonesimulator/AppAuthCore.build/Objects-normal/arm64/OIDEndSessionResponse.o.scan -- /Applications/Xcode.app/Contents/Developer/Toolchains/XcodeDefault.xctoolchain/usr/bin/clang -x objective-c -ivfsstatcache /Users/xinyufang/Library/Developer/Xcode/DerivedData/SDKStatCaches.noindex/iphonesimulator26.0-23A339-26257891a6c027eb51374368541b8346.sdkstatcache -fmessage-length\=0 -fdiagnostics-show-note-include-stack -fmacro-backtrace-limit\=0 -fno-color-diagnostics -fmodules-prune-interval\=86400 -fmodules-prune-after\=345600 -fbuild-session-file\=/Users/xinyufang/Library/Developer/Xcode/DerivedData/ModuleCache.noindex/Session.modulevalidation -fmodules-validate-once-per-build-session -Wnon-modular-include-in-framework-module -Werror\=non-modular-include-in-framework-module -Wno-trigraphs -Wno-missing-field-initializers -Wno-missing-prototypes -Wno-return-type -Wno-implicit-atomic-properties -Wno-objc-interface-ivars -Wno-arc-repeated-use-of-weak -Wno-missing-braces -Wparentheses -Wswitch -Wno-unused-function -Wno-unused-label -Wno-unused-parameter -Wno-unused-variable -Wunused-value -Wno-empty-body -Wno-uninitialized -Wno-unknown-pragmas -w -Wno-shadow -Wno-four-char-constants -Wno-conversion -Wno-constant-conversion -Wno-int-conversion -Wno-bool-conversion -Wno-enum-conversion -Wno-float-conversion -Wno-non-literal-null-conversion -Wno-objc-literal-conversion -Wshorten-64-to-32 -Wpointer-sign -Wno-newline-eof -Wno-selector -Wno-strict-selector-match -Wno-undeclared-selector -Wno-deprecated-implementations -Wno-implicit-fallthrough -fstrict-aliasing -Wprotocol -Wdeprecated-declarations -Wno-sign-conversion -Wno-infinite-recursion -Wno-comma -Wno-block-capture-autoreleasing -Wno-strict-prototypes -Wno-semicolon-before-method-body -index-store-path /Users/xinyufang/Library/Developer/Xcode/DerivedData/Buzz-faillbpsmponqzeruhhvskovixzk/Index.noindex/DataStore @/Users/xinyufang/Library/Developer/Xcode/DerivedData/Buzz-faillbpsmponqzeruhhvskovixzk/Build/Intermediates.noindex/AppAuth.build/Debug-iphonesimulator/AppAuthCore.build/Objects-normal/arm64/e6072d4f65d7061329687fe24e3d63a7-common-args.resp -include /Users/xinyufang/Library/Developer/Xcode/DerivedData/Buzz-faillbpsmponqzeruhhvskovixzk/Build/Intermediates.noindex/AppAuth.build/Debug-iphonesimulator/AppAuthCore.build/DerivedSources/resource_bundle_accessor.h -MMD -MT dependencies -MF /Users/xinyufang/Library/Developer/Xcode/DerivedData/Buzz-faillbpsmponqzeruhhvskovixzk/Build/Intermediates.noindex/AppAuth.build/Debug-iphonesimulator/AppAuthCore.build/Objects-normal/arm64/OIDEndSessionResponse.d --serialize-diagnostics /Users/xinyufang/Library/Developer/Xcode/DerivedData/Buzz-faillbpsmponqzeruhhvskovixzk/Build/Intermediates.noindex/AppAuth.build/Debug-iphonesimulator/AppAuthCore.build/Objects-normal/arm64/OIDEndSessionResponse.dia -c /Users/xinyufang/Library/Developer/Xcode/DerivedData/Buzz-faillbpsmponqzeruhhvskovixzk/SourcePackages/checkouts/AppAuth-iOS/Sources/AppAuthCore/OIDEndSessionResponse.m -o /Users/xinyufang/Library/Developer/Xcode/DerivedData/Buzz-faillbpsmponqzeruhhvskovixzk/Build/Intermediates.noindex/AppAuth.build/Debug-iphonesimulator/AppAuthCore.build/Objects-normal/arm64/OIDEndSessionResponse.o -index-unit-output-path /AppAuth.build/Debug-iphonesimulator/AppAuthCore.build/Objects-normal/arm64/OIDEndSessionResponse.o

CompileC /Users/xinyufang/Library/Developer/Xcode/DerivedData/Buzz-faillbpsmponqzeruhhvskovixzk/Build/Intermediates.noindex/AppCheck.build/Debug-iphonesimulator/AppCheckCore.build/Objects-normal/arm64/GACAppCheckStorage.o /Users/xinyufang/Library/Developer/Xcode/DerivedData/Buzz-faillbpsmponqzeruhhvskovixzk/SourcePackages/checkouts/app-check/AppCheckCore/Sources/Core/Storage/GACAppCheckStorage.m normal arm64 objective-c com.apple.compilers.llvm.clang.1_0.compiler (in target 'AppCheckCore' from project 'AppCheck')
    cd /Users/xinyufang/Documents/Buzz/Buzz.xcodeproj
    
    Using response file: /Users/xinyufang/Library/Developer/Xcode/DerivedData/Buzz-faillbpsmponqzeruhhvskovixzk/Build/Intermediates.noindex/AppCheck.build/Debug-iphonesimulator/AppCheckCore.build/Objects-normal/arm64/e6072d4f65d7061329687fe24e3d63a7-common-args.resp
    
    /Applications/Xcode.app/Contents/Developer/Toolchains/XcodeDefault.xctoolchain/usr/bin/clang -x objective-c -ivfsstatcache /Users/xinyufang/Library/Developer/Xcode/DerivedData/SDKStatCaches.noindex/iphonesimulator26.0-23A339-26257891a6c027eb51374368541b8346.sdkstatcache -fmessage-length\=0 -fdiagnostics-show-note-include-stack -fmacro-backtrace-limit\=0 -fno-color-diagnostics -fmodules-prune-interval\=86400 -fmodules-prune-after\=345600 -fbuild-session-file\=/Users/xinyufang/Library/Developer/Xcode/DerivedData/ModuleCache.noindex/Session.modulevalidation -fmodules-validate-once-per-build-session -Wnon-modular-include-in-framework-module -Werror\=non-modular-include-in-framework-module -Wno-trigraphs -Wno-missing-field-initializers -Wno-missing-prototypes -Wno-return-type -Wno-implicit-atomic-properties -Wno-objc-interface-ivars -Wno-arc-repeated-use-of-weak -Wno-missing-braces -Wparentheses -Wswitch -Wno-unused-function -Wno-unused-label -Wno-unused-parameter -Wno-unused-variable -Wunused-value -Wno-empty-body -Wno-uninitialized -Wno-unknown-pragmas -w -Wno-shadow -Wno-four-char-constants -Wno-conversion -Wno-constant-conversion -Wno-int-conversion -Wno-bool-conversion -Wno-enum-conversion -Wno-float-conversion -Wno-non-literal-null-conversion -Wno-objc-literal-conversion -Wshorten-64-to-32 -Wpointer-sign -Wno-newline-eof -Wno-selector -Wno-strict-selector-match -Wno-undeclared-selector -Wno-deprecated-implementations -Wno-implicit-fallthrough -fstrict-aliasing -Wprotocol -Wdeprecated-declarations -Wno-sign-conversion -Wno-infinite-recursion -Wno-comma -Wno-block-capture-autoreleasing -Wno-strict-prototypes -Wno-semicolon-before-method-body -index-store-path /Users/xinyufang/Library/Developer/Xcode/DerivedData/Buzz-faillbpsmponqzeruhhvskovixzk/Index.noindex/DataStore @/Users/xinyufang/Library/Developer/Xcode/DerivedData/Buzz-faillbpsmponqzeruhhvskovixzk/Build/Intermediates.noindex/AppCheck.build/Debug-iphonesimulator/AppCheckCore.build/Objects-normal/arm64/e6072d4f65d7061329687fe24e3d63a7-common-args.resp -MMD -MT dependencies -MF /Users/xinyufang/Library/Developer/Xcode/DerivedData/Buzz-faillbpsmponqzeruhhvskovixzk/Build/Intermediates.noindex/AppCheck.build/Debug-iphonesimulator/AppCheckCore.build/Objects-normal/arm64/GACAppCheckStorage.d --serialize-diagnostics /Users/xinyufang/Library/Developer/Xcode/DerivedData/Buzz-faillbpsmponqzeruhhvskovixzk/Build/Intermediates.noindex/AppCheck.build/Debug-iphonesimulator/AppCheckCore.build/Objects-normal/arm64/GACAppCheckStorage.dia -c /Users/xinyufang/Library/Developer/Xcode/DerivedData/Buzz-faillbpsmponqzeruhhvskovixzk/SourcePackages/checkouts/app-check/AppCheckCore/Sources/Core/Storage/GACAppCheckStorage.m -o /Users/xinyufang/Library/Developer/Xcode/DerivedData/Buzz-faillbpsmponqzeruhhvskovixzk/Build/Intermediates.noindex/AppCheck.build/Debug-iphonesimulator/AppCheckCore.build/Objects-normal/arm64/GACAppCheckStorage.o -index-unit-output-path /AppCheck.build/Debug-iphonesimulator/AppCheckCore.build/Objects-normal/arm64/GACAppCheckStorage.o

CompileC /Users/xinyufang/Library/Developer/Xcode/DerivedData/Buzz-faillbpsmponqzeruhhvskovixzk/Build/Intermediates.noindex/AppCheck.build/Debug-iphonesimulator/AppCheckCore.build/Objects-normal/arm64/GACAppCheckErrorUtil.o /Users/xinyufang/Library/Developer/Xcode/DerivedData/Buzz-faillbpsmponqzeruhhvskovixzk/SourcePackages/checkouts/app-check/AppCheckCore/Sources/Core/Errors/GACAppCheckErrorUtil.m normal arm64 objective-c com.apple.compilers.llvm.clang.1_0.compiler (in target 'AppCheckCore' from project 'AppCheck')
    cd /Users/xinyufang/Documents/Buzz/Buzz.xcodeproj
    
    Using response file: /Users/xinyufang/Library/Developer/Xcode/DerivedData/Buzz-faillbpsmponqzeruhhvskovixzk/Build/Intermediates.noindex/AppCheck.build/Debug-iphonesimulator/AppCheckCore.build/Objects-normal/arm64/e6072d4f65d7061329687fe24e3d63a7-common-args.resp
    
    /Applications/Xcode.app/Contents/Developer/Toolchains/XcodeDefault.xctoolchain/usr/bin/clang -x objective-c -ivfsstatcache /Users/xinyufang/Library/Developer/Xcode/DerivedData/SDKStatCaches.noindex/iphonesimulator26.0-23A339-26257891a6c027eb51374368541b8346.sdkstatcache -fmessage-length\=0 -fdiagnostics-show-note-include-stack -fmacro-backtrace-limit\=0 -fno-color-diagnostics -fmodules-prune-interval\=86400 -fmodules-prune-after\=345600 -fbuild-session-file\=/Users/xinyufang/Library/Developer/Xcode/DerivedData/ModuleCache.noindex/Session.modulevalidation -fmodules-validate-once-per-build-session -Wnon-modular-include-in-framework-module -Werror\=non-modular-include-in-framework-module -Wno-trigraphs -Wno-missing-field-initializers -Wno-missing-prototypes -Wno-return-type -Wno-implicit-atomic-properties -Wno-objc-interface-ivars -Wno-arc-repeated-use-of-weak -Wno-missing-braces -Wparentheses -Wswitch -Wno-unused-function -Wno-unused-label -Wno-unused-parameter -Wno-unused-variable -Wunused-value -Wno-empty-body -Wno-uninitialized -Wno-unknown-pragmas -w -Wno-shadow -Wno-four-char-constants -Wno-conversion -Wno-constant-conversion -Wno-int-conversion -Wno-bool-conversion -Wno-enum-conversion -Wno-float-conversion -Wno-non-literal-null-conversion -Wno-objc-literal-conversion -Wshorten-64-to-32 -Wpointer-sign -Wno-newline-eof -Wno-selector -Wno-strict-selector-match -Wno-undeclared-selector -Wno-deprecated-implementations -Wno-implicit-fallthrough -fstrict-aliasing -Wprotocol -Wdeprecated-declarations -Wno-sign-conversion -Wno-infinite-recursion -Wno-comma -Wno-block-capture-autoreleasing -Wno-strict-prototypes -Wno-semicolon-before-method-body -index-store-path /Users/xinyufang/Library/Developer/Xcode/DerivedData/Buzz-faillbpsmponqzeruhhvskovixzk/Index.noindex/DataStore @/Users/xinyufang/Library/Developer/Xcode/DerivedData/Buzz-faillbpsmponqzeruhhvskovixzk/Build/Intermediates.noindex/AppCheck.build/Debug-iphonesimulator/AppCheckCore.build/Objects-normal/arm64/e6072d4f65d7061329687fe24e3d63a7-common-args.resp -MMD -MT dependencies -MF /Users/xinyufang/Library/Developer/Xcode/DerivedData/Buzz-faillbpsmponqzeruhhvskovixzk/Build/Intermediates.noindex/AppCheck.build/Debug-iphonesimulator/AppCheckCore.build/Objects-normal/arm64/GACAppCheckErrorUtil.d --serialize-diagnostics /Users/xinyufang/Library/Developer/Xcode/DerivedData/Buzz-faillbpsmponqzeruhhvskovixzk/Build/Intermediates.noindex/AppCheck.build/Debug-iphonesimulator/AppCheckCore.build/Objects-normal/arm64/GACAppCheckErrorUtil.dia -c /Users/xinyufang/Library/Developer/Xcode/DerivedData/Buzz-faillbpsmponqzeruhhvskovixzk/SourcePackages/checkouts/app-check/AppCheckCore/Sources/Core/Errors/GACAppCheckErrorUtil.m -o /Users/xinyufang/Library/Developer/Xcode/DerivedData/Buzz-faillbpsmponqzeruhhvskovixzk/Build/Intermediates.noindex/AppCheck.build/Debug-iphonesimulator/AppCheckCore.build/Objects-normal/arm64/GACAppCheckErrorUtil.o -index-unit-output-path /AppCheck.build/Debug-iphonesimulator/AppCheckCore.build/Objects-normal/arm64/GACAppCheckErrorUtil.o

CompileC /Users/xinyufang/Library/Developer/Xcode/DerivedData/Buzz-faillbpsmponqzeruhhvskovixzk/Build/Intermediates.noindex/AppCheck.build/Debug-iphonesimulator/AppCheckCore.build/Objects-normal/arm64/GACAppAttestArtifactStorage.o /Users/xinyufang/Library/Developer/Xcode/DerivedData/Buzz-faillbpsmponqzeruhhvskovixzk/SourcePackages/checkouts/app-check/AppCheckCore/Sources/AppAttestProvider/Storage/GACAppAttestArtifactStorage.m normal arm64 objective-c com.apple.compilers.llvm.clang.1_0.compiler (in target 'AppCheckCore' from project 'AppCheck')
    cd /Users/xinyufang/Documents/Buzz/Buzz.xcodeproj
    
    Using response file: /Users/xinyufang/Library/Developer/Xcode/DerivedData/Buzz-faillbpsmponqzeruhhvskovixzk/Build/Intermediates.noindex/AppCheck.build/Debug-iphonesimulator/AppCheckCore.build/Objects-normal/arm64/e6072d4f65d7061329687fe24e3d63a7-common-args.resp
    
    /Applications/Xcode.app/Contents/Developer/Toolchains/XcodeDefault.xctoolchain/usr/bin/clang -x objective-c -ivfsstatcache /Users/xinyufang/Library/Developer/Xcode/DerivedData/SDKStatCaches.noindex/iphonesimulator26.0-23A339-26257891a6c027eb51374368541b8346.sdkstatcache -fmessage-length\=0 -fdiagnostics-show-note-include-stack -fmacro-backtrace-limit\=0 -fno-color-diagnostics -fmodules-prune-interval\=86400 -fmodules-prune-after\=345600 -fbuild-session-file\=/Users/xinyufang/Library/Developer/Xcode/DerivedData/ModuleCache.noindex/Session.modulevalidation -fmodules-validate-once-per-build-session -Wnon-modular-include-in-framework-module -Werror\=non-modular-include-in-framework-module -Wno-trigraphs -Wno-missing-field-initializers -Wno-missing-prototypes -Wno-return-type -Wno-implicit-atomic-properties -Wno-objc-interface-ivars -Wno-arc-repeated-use-of-weak -Wno-missing-braces -Wparentheses -Wswitch -Wno-unused-function -Wno-unused-label -Wno-unused-parameter -Wno-unused-variable -Wunused-value -Wno-empty-body -Wno-uninitialized -Wno-unknown-pragmas -w -Wno-shadow -Wno-four-char-constants -Wno-conversion -Wno-constant-conversion -Wno-int-conversion -Wno-bool-conversion -Wno-enum-conversion -Wno-float-conversion -Wno-non-literal-null-conversion -Wno-objc-literal-conversion -Wshorten-64-to-32 -Wpointer-sign -Wno-newline-eof -Wno-selector -Wno-strict-selector-match -Wno-undeclared-selector -Wno-deprecated-implementations -Wno-implicit-fallthrough -fstrict-aliasing -Wprotocol -Wdeprecated-declarations -Wno-sign-conversion -Wno-infinite-recursion -Wno-comma -Wno-block-capture-autoreleasing -Wno-strict-prototypes -Wno-semicolon-before-method-body -index-store-path /Users/xinyufang/Library/Developer/Xcode/DerivedData/Buzz-faillbpsmponqzeruhhvskovixzk/Index.noindex/DataStore @/Users/xinyufang/Library/Developer/Xcode/DerivedData/Buzz-faillbpsmponqzeruhhvskovixzk/Build/Intermediates.noindex/AppCheck.build/Debug-iphonesimulator/AppCheckCore.build/Objects-normal/arm64/e6072d4f65d7061329687fe24e3d63a7-common-args.resp -MMD -MT dependencies -MF /Users/xinyufang/Library/Developer/Xcode/DerivedData/Buzz-faillbpsmponqzeruhhvskovixzk/Build/Intermediates.noindex/AppCheck.build/Debug-iphonesimulator/AppCheckCore.build/Objects-normal/arm64/GACAppAttestArtifactStorage.d --serialize-diagnostics /Users/xinyufang/Library/Developer/Xcode/DerivedData/Buzz-faillbpsmponqzeruhhvskovixzk/Build/Intermediates.noindex/AppCheck.build/Debug-iphonesimulator/AppCheckCore.build/Objects-normal/arm64/GACAppAttestArtifactStorage.dia -c /Users/xinyufang/Library/Developer/Xcode/DerivedData/Buzz-faillbpsmponqzeruhhvskovixzk/SourcePackages/checkouts/app-check/AppCheckCore/Sources/AppAttestProvider/Storage/GACAppAttestArtifactStorage.m -o /Users/xinyufang/Library/Developer/Xcode/DerivedData/Buzz-faillbpsmponqzeruhhvskovixzk/Build/Intermediates.noindex/AppCheck.build/Debug-iphonesimulator/AppCheckCore.build/Objects-normal/arm64/GACAppAttestArtifactStorage.o -index-unit-output-path /AppCheck.build/Debug-iphonesimulator/AppCheckCore.build/Objects-normal/arm64/GACAppAttestArtifactStorage.o

ScanDependencies /Users/xinyufang/Library/Developer/Xcode/DerivedData/Buzz-faillbpsmponqzeruhhvskovixzk/Build/Intermediates.noindex/AppAuth.build/Debug-iphonesimulator/AppAuthCore.build/Objects-normal/arm64/OIDEndSessionRequest.o /Users/xinyufang/Library/Developer/Xcode/DerivedData/Buzz-faillbpsmponqzeruhhvskovixzk/SourcePackages/checkouts/AppAuth-iOS/Sources/AppAuthCore/OIDEndSessionRequest.m normal arm64 objective-c com.apple.compilers.llvm.clang.1_0.compiler (in target 'AppAuthCore' from project 'AppAuth')
    cd /Users/xinyufang/Documents/Buzz/Buzz.xcodeproj
    
    Using response file: /Users/xinyufang/Library/Developer/Xcode/DerivedData/Buzz-faillbpsmponqzeruhhvskovixzk/Build/Intermediates.noindex/AppAuth.build/Debug-iphonesimulator/AppAuthCore.build/Objects-normal/arm64/e6072d4f65d7061329687fe24e3d63a7-common-args.resp
    
    builtin-ScanDependencies -o /Users/xinyufang/Library/Developer/Xcode/DerivedData/Buzz-faillbpsmponqzeruhhvskovixzk/Build/Intermediates.noindex/AppAuth.build/Debug-iphonesimulator/AppAuthCore.build/Objects-normal/arm64/OIDEndSessionRequest.o.scan -- /Applications/Xcode.app/Contents/Developer/Toolchains/XcodeDefault.xctoolchain/usr/bin/clang -x objective-c -ivfsstatcache /Users/xinyufang/Library/Developer/Xcode/DerivedData/SDKStatCaches.noindex/iphonesimulator26.0-23A339-26257891a6c027eb51374368541b8346.sdkstatcache -fmessage-length\=0 -fdiagnostics-show-note-include-stack -fmacro-backtrace-limit\=0 -fno-color-diagnostics -fmodules-prune-interval\=86400 -fmodules-prune-after\=345600 -fbuild-session-file\=/Users/xinyufang/Library/Developer/Xcode/DerivedData/ModuleCache.noindex/Session.modulevalidation -fmodules-validate-once-per-build-session -Wnon-modular-include-in-framework-module -Werror\=non-modular-include-in-framework-module -Wno-trigraphs -Wno-missing-field-initializers -Wno-missing-prototypes -Wno-return-type -Wno-implicit-atomic-properties -Wno-objc-interface-ivars -Wno-arc-repeated-use-of-weak -Wno-missing-braces -Wparentheses -Wswitch -Wno-unused-function -Wno-unused-label -Wno-unused-parameter -Wno-unused-variable -Wunused-value -Wno-empty-body -Wno-uninitialized -Wno-unknown-pragmas -w -Wno-shadow -Wno-four-char-constants -Wno-conversion -Wno-constant-conversion -Wno-int-conversion -Wno-bool-conversion -Wno-enum-conversion -Wno-float-conversion -Wno-non-literal-null-conversion -Wno-objc-literal-conversion -Wshorten-64-to-32 -Wpointer-sign -Wno-newline-eof -Wno-selector -Wno-strict-selector-match -Wno-undeclared-selector -Wno-deprecated-implementations -Wno-implicit-fallthrough -fstrict-aliasing -Wprotocol -Wdeprecated-declarations -Wno-sign-conversion -Wno-infinite-recursion -Wno-comma -Wno-block-capture-autoreleasing -Wno-strict-prototypes -Wno-semicolon-before-method-body -index-store-path /Users/xinyufang/Library/Developer/Xcode/DerivedData/Buzz-faillbpsmponqzeruhhvskovixzk/Index.noindex/DataStore @/Users/xinyufang/Library/Developer/Xcode/DerivedData/Buzz-faillbpsmponqzeruhhvskovixzk/Build/Intermediates.noindex/AppAuth.build/Debug-iphonesimulator/AppAuthCore.build/Objects-normal/arm64/e6072d4f65d7061329687fe24e3d63a7-common-args.resp -include /Users/xinyufang/Library/Developer/Xcode/DerivedData/Buzz-faillbpsmponqzeruhhvskovixzk/Build/Intermediates.noindex/AppAuth.build/Debug-iphonesimulator/AppAuthCore.build/DerivedSources/resource_bundle_accessor.h -MMD -MT dependencies -MF /Users/xinyufang/Library/Developer/Xcode/DerivedData/Buzz-faillbpsmponqzeruhhvskovixzk/Build/Intermediates.noindex/AppAuth.build/Debug-iphonesimulator/AppAuthCore.build/Objects-normal/arm64/OIDEndSessionRequest.d --serialize-diagnostics /Users/xinyufang/Library/Developer/Xcode/DerivedData/Buzz-faillbpsmponqzeruhhvskovixzk/Build/Intermediates.noindex/AppAuth.build/Debug-iphonesimulator/AppAuthCore.build/Objects-normal/arm64/OIDEndSessionRequest.dia -c /Users/xinyufang/Library/Developer/Xcode/DerivedData/Buzz-faillbpsmponqzeruhhvskovixzk/SourcePackages/checkouts/AppAuth-iOS/Sources/AppAuthCore/OIDEndSessionRequest.m -o /Users/xinyufang/Library/Developer/Xcode/DerivedData/Buzz-faillbpsmponqzeruhhvskovixzk/Build/Intermediates.noindex/AppAuth.build/Debug-iphonesimulator/AppAuthCore.build/Objects-normal/arm64/OIDEndSessionRequest.o -index-unit-output-path /AppAuth.build/Debug-iphonesimulator/AppAuthCore.build/Objects-normal/arm64/OIDEndSessionRequest.o

ScanDependencies /Users/xinyufang/Library/Developer/Xcode/DerivedData/Buzz-faillbpsmponqzeruhhvskovixzk/Build/Intermediates.noindex/AppAuth.build/Debug-iphonesimulator/AppAuthCore.build/Objects-normal/arm64/OIDClientMetadataParameters.o /Users/xinyufang/Library/Developer/Xcode/DerivedData/Buzz-faillbpsmponqzeruhhvskovixzk/SourcePackages/checkouts/AppAuth-iOS/Sources/AppAuthCore/OIDClientMetadataParameters.m normal arm64 objective-c com.apple.compilers.llvm.clang.1_0.compiler (in target 'AppAuthCore' from project 'AppAuth')
    cd /Users/xinyufang/Documents/Buzz/Buzz.xcodeproj
    
    Using response file: /Users/xinyufang/Library/Developer/Xcode/DerivedData/Buzz-faillbpsmponqzeruhhvskovixzk/Build/Intermediates.noindex/AppAuth.build/Debug-iphonesimulator/AppAuthCore.build/Objects-normal/arm64/e6072d4f65d7061329687fe24e3d63a7-common-args.resp
    
    builtin-ScanDependencies -o /Users/xinyufang/Library/Developer/Xcode/DerivedData/Buzz-faillbpsmponqzeruhhvskovixzk/Build/Intermediates.noindex/AppAuth.build/Debug-iphonesimulator/AppAuthCore.build/Objects-normal/arm64/OIDClientMetadataParameters.o.scan -- /Applications/Xcode.app/Contents/Developer/Toolchains/XcodeDefault.xctoolchain/usr/bin/clang -x objective-c -ivfsstatcache /Users/xinyufang/Library/Developer/Xcode/DerivedData/SDKStatCaches.noindex/iphonesimulator26.0-23A339-26257891a6c027eb51374368541b8346.sdkstatcache -fmessage-length\=0 -fdiagnostics-show-note-include-stack -fmacro-backtrace-limit\=0 -fno-color-diagnostics -fmodules-prune-interval\=86400 -fmodules-prune-after\=345600 -fbuild-session-file\=/Users/xinyufang/Library/Developer/Xcode/DerivedData/ModuleCache.noindex/Session.modulevalidation -fmodules-validate-once-per-build-session -Wnon-modular-include-in-framework-module -Werror\=non-modular-include-in-framework-module -Wno-trigraphs -Wno-missing-field-initializers -Wno-missing-prototypes -Wno-return-type -Wno-implicit-atomic-properties -Wno-objc-interface-ivars -Wno-arc-repeated-use-of-weak -Wno-missing-braces -Wparentheses -Wswitch -Wno-unused-function -Wno-unused-label -Wno-unused-parameter -Wno-unused-variable -Wunused-value -Wno-empty-body -Wno-uninitialized -Wno-unknown-pragmas -w -Wno-shadow -Wno-four-char-constants -Wno-conversion -Wno-constant-conversion -Wno-int-conversion -Wno-bool-conversion -Wno-enum-conversion -Wno-float-conversion -Wno-non-literal-null-conversion -Wno-objc-literal-conversion -Wshorten-64-to-32 -Wpointer-sign -Wno-newline-eof -Wno-selector -Wno-strict-selector-match -Wno-undeclared-selector -Wno-deprecated-implementations -Wno-implicit-fallthrough -fstrict-aliasing -Wprotocol -Wdeprecated-declarations -Wno-sign-conversion -Wno-infinite-recursion -Wno-comma -Wno-block-capture-autoreleasing -Wno-strict-prototypes -Wno-semicolon-before-method-body -index-store-path /Users/xinyufang/Library/Developer/Xcode/DerivedData/Buzz-faillbpsmponqzeruhhvskovixzk/Index.noindex/DataStore @/Users/xinyufang/Library/Developer/Xcode/DerivedData/Buzz-faillbpsmponqzeruhhvskovixzk/Build/Intermediates.noindex/AppAuth.build/Debug-iphonesimulator/AppAuthCore.build/Objects-normal/arm64/e6072d4f65d7061329687fe24e3d63a7-common-args.resp -include /Users/xinyufang/Library/Developer/Xcode/DerivedData/Buzz-faillbpsmponqzeruhhvskovixzk/Build/Intermediates.noindex/AppAuth.build/Debug-iphonesimulator/AppAuthCore.build/DerivedSources/resource_bundle_accessor.h -MMD -MT dependencies -MF /Users/xinyufang/Library/Developer/Xcode/DerivedData/Buzz-faillbpsmponqzeruhhvskovixzk/Build/Intermediates.noindex/AppAuth.build/Debug-iphonesimulator/AppAuthCore.build/Objects-normal/arm64/OIDClientMetadataParameters.d --serialize-diagnostics /Users/xinyufang/Library/Developer/Xcode/DerivedData/Buzz-faillbpsmponqzeruhhvskovixzk/Build/Intermediates.noindex/AppAuth.build/Debug-iphonesimulator/AppAuthCore.build/Objects-normal/arm64/OIDClientMetadataParameters.dia -c /Users/xinyufang/Library/Developer/Xcode/DerivedData/Buzz-faillbpsmponqzeruhhvskovixzk/SourcePackages/checkouts/AppAuth-iOS/Sources/AppAuthCore/OIDClientMetadataParameters.m -o /Users/xinyufang/Library/Developer/Xcode/DerivedData/Buzz-faillbpsmponqzeruhhvskovixzk/Build/Intermediates.noindex/AppAuth.build/Debug-iphonesimulator/AppAuthCore.build/Objects-normal/arm64/OIDClientMetadataParameters.o -index-unit-output-path /AppAuth.build/Debug-iphonesimulator/AppAuthCore.build/Objects-normal/arm64/OIDClientMetadataParameters.o

CompileC /Users/xinyufang/Library/Developer/Xcode/DerivedData/Buzz-faillbpsmponqzeruhhvskovixzk/Build/Intermediates.noindex/AppAuth.build/Debug-iphonesimulator/AppAuthCore.build/Objects-normal/arm64/OIDError.o /Users/xinyufang/Library/Developer/Xcode/DerivedData/Buzz-faillbpsmponqzeruhhvskovixzk/SourcePackages/checkouts/AppAuth-iOS/Sources/AppAuthCore/OIDError.m normal arm64 objective-c com.apple.compilers.llvm.clang.1_0.compiler (in target 'AppAuthCore' from project 'AppAuth')
    cd /Users/xinyufang/Documents/Buzz/Buzz.xcodeproj
    
    Using response file: /Users/xinyufang/Library/Developer/Xcode/DerivedData/Buzz-faillbpsmponqzeruhhvskovixzk/Build/Intermediates.noindex/AppAuth.build/Debug-iphonesimulator/AppAuthCore.build/Objects-normal/arm64/e6072d4f65d7061329687fe24e3d63a7-common-args.resp
    
    /Applications/Xcode.app/Contents/Developer/Toolchains/XcodeDefault.xctoolchain/usr/bin/clang -x objective-c -ivfsstatcache /Users/xinyufang/Library/Developer/Xcode/DerivedData/SDKStatCaches.noindex/iphonesimulator26.0-23A339-26257891a6c027eb51374368541b8346.sdkstatcache -fmessage-length\=0 -fdiagnostics-show-note-include-stack -fmacro-backtrace-limit\=0 -fno-color-diagnostics -fmodules-prune-interval\=86400 -fmodules-prune-after\=345600 -fbuild-session-file\=/Users/xinyufang/Library/Developer/Xcode/DerivedData/ModuleCache.noindex/Session.modulevalidation -fmodules-validate-once-per-build-session -Wnon-modular-include-in-framework-module -Werror\=non-modular-include-in-framework-module -Wno-trigraphs -Wno-missing-field-initializers -Wno-missing-prototypes -Wno-return-type -Wno-implicit-atomic-properties -Wno-objc-interface-ivars -Wno-arc-repeated-use-of-weak -Wno-missing-braces -Wparentheses -Wswitch -Wno-unused-function -Wno-unused-label -Wno-unused-parameter -Wno-unused-variable -Wunused-value -Wno-empty-body -Wno-uninitialized -Wno-unknown-pragmas -w -Wno-shadow -Wno-four-char-constants -Wno-conversion -Wno-constant-conversion -Wno-int-conversion -Wno-bool-conversion -Wno-enum-conversion -Wno-float-conversion -Wno-non-literal-null-conversion -Wno-objc-literal-conversion -Wshorten-64-to-32 -Wpointer-sign -Wno-newline-eof -Wno-selector -Wno-strict-selector-match -Wno-undeclared-selector -Wno-deprecated-implementations -Wno-implicit-fallthrough -fstrict-aliasing -Wprotocol -Wdeprecated-declarations -Wno-sign-conversion -Wno-infinite-recursion -Wno-comma -Wno-block-capture-autoreleasing -Wno-strict-prototypes -Wno-semicolon-before-method-body -index-store-path /Users/xinyufang/Library/Developer/Xcode/DerivedData/Buzz-faillbpsmponqzeruhhvskovixzk/Index.noindex/DataStore @/Users/xinyufang/Library/Developer/Xcode/DerivedData/Buzz-faillbpsmponqzeruhhvskovixzk/Build/Intermediates.noindex/AppAuth.build/Debug-iphonesimulator/AppAuthCore.build/Objects-normal/arm64/e6072d4f65d7061329687fe24e3d63a7-common-args.resp -include /Users/xinyufang/Library/Developer/Xcode/DerivedData/Buzz-faillbpsmponqzeruhhvskovixzk/Build/Intermediates.noindex/AppAuth.build/Debug-iphonesimulator/AppAuthCore.build/DerivedSources/resource_bundle_accessor.h -MMD -MT dependencies -MF /Users/xinyufang/Library/Developer/Xcode/DerivedData/Buzz-faillbpsmponqzeruhhvskovixzk/Build/Intermediates.noindex/AppAuth.build/Debug-iphonesimulator/AppAuthCore.build/Objects-normal/arm64/OIDError.d --serialize-diagnostics /Users/xinyufang/Library/Developer/Xcode/DerivedData/Buzz-faillbpsmponqzeruhhvskovixzk/Build/Intermediates.noindex/AppAuth.build/Debug-iphonesimulator/AppAuthCore.build/Objects-normal/arm64/OIDError.dia -c /Users/xinyufang/Library/Developer/Xcode/DerivedData/Buzz-faillbpsmponqzeruhhvskovixzk/SourcePackages/checkouts/AppAuth-iOS/Sources/AppAuthCore/OIDError.m -o /Users/xinyufang/Library/Developer/Xcode/DerivedData/Buzz-faillbpsmponqzeruhhvskovixzk/Build/Intermediates.noindex/AppAuth.build/Debug-iphonesimulator/AppAuthCore.build/Objects-normal/arm64/OIDError.o -index-unit-output-path /AppAuth.build/Debug-iphonesimulator/AppAuthCore.build/Objects-normal/arm64/OIDError.o

CompileC /Users/xinyufang/Library/Developer/Xcode/DerivedData/Buzz-faillbpsmponqzeruhhvskovixzk/Build/Intermediates.noindex/AppAuth.build/Debug-iphonesimulator/AppAuthCore.build/Objects-normal/arm64/OIDFieldMapping.o /Users/xinyufang/Library/Developer/Xcode/DerivedData/Buzz-faillbpsmponqzeruhhvskovixzk/SourcePackages/checkouts/AppAuth-iOS/Sources/AppAuthCore/OIDFieldMapping.m normal arm64 objective-c com.apple.compilers.llvm.clang.1_0.compiler (in target 'AppAuthCore' from project 'AppAuth')
    cd /Users/xinyufang/Documents/Buzz/Buzz.xcodeproj
    
    Using response file: /Users/xinyufang/Library/Developer/Xcode/DerivedData/Buzz-faillbpsmponqzeruhhvskovixzk/Build/Intermediates.noindex/AppAuth.build/Debug-iphonesimulator/AppAuthCore.build/Objects-normal/arm64/e6072d4f65d7061329687fe24e3d63a7-common-args.resp
    
    /Applications/Xcode.app/Contents/Developer/Toolchains/XcodeDefault.xctoolchain/usr/bin/clang -x objective-c -ivfsstatcache /Users/xinyufang/Library/Developer/Xcode/DerivedData/SDKStatCaches.noindex/iphonesimulator26.0-23A339-26257891a6c027eb51374368541b8346.sdkstatcache -fmessage-length\=0 -fdiagnostics-show-note-include-stack -fmacro-backtrace-limit\=0 -fno-color-diagnostics -fmodules-prune-interval\=86400 -fmodules-prune-after\=345600 -fbuild-session-file\=/Users/xinyufang/Library/Developer/Xcode/DerivedData/ModuleCache.noindex/Session.modulevalidation -fmodules-validate-once-per-build-session -Wnon-modular-include-in-framework-module -Werror\=non-modular-include-in-framework-module -Wno-trigraphs -Wno-missing-field-initializers -Wno-missing-prototypes -Wno-return-type -Wno-implicit-atomic-properties -Wno-objc-interface-ivars -Wno-arc-repeated-use-of-weak -Wno-missing-braces -Wparentheses -Wswitch -Wno-unused-function -Wno-unused-label -Wno-unused-parameter -Wno-unused-variable -Wunused-value -Wno-empty-body -Wno-uninitialized -Wno-unknown-pragmas -w -Wno-shadow -Wno-four-char-constants -Wno-conversion -Wno-constant-conversion -Wno-int-conversion -Wno-bool-conversion -Wno-enum-conversion -Wno-float-conversion -Wno-non-literal-null-conversion -Wno-objc-literal-conversion -Wshorten-64-to-32 -Wpointer-sign -Wno-newline-eof -Wno-selector -Wno-strict-selector-match -Wno-undeclared-selector -Wno-deprecated-implementations -Wno-implicit-fallthrough -fstrict-aliasing -Wprotocol -Wdeprecated-declarations -Wno-sign-conversion -Wno-infinite-recursion -Wno-comma -Wno-block-capture-autoreleasing -Wno-strict-prototypes -Wno-semicolon-before-method-body -index-store-path /Users/xinyufang/Library/Developer/Xcode/DerivedData/Buzz-faillbpsmponqzeruhhvskovixzk/Index.noindex/DataStore @/Users/xinyufang/Library/Developer/Xcode/DerivedData/Buzz-faillbpsmponqzeruhhvskovixzk/Build/Intermediates.noindex/AppAuth.build/Debug-iphonesimulator/AppAuthCore.build/Objects-normal/arm64/e6072d4f65d7061329687fe24e3d63a7-common-args.resp -include /Users/xinyufang/Library/Developer/Xcode/DerivedData/Buzz-faillbpsmponqzeruhhvskovixzk/Build/Intermediates.noindex/AppAuth.build/Debug-iphonesimulator/AppAuthCore.build/DerivedSources/resource_bundle_accessor.h -MMD -MT dependencies -MF /Users/xinyufang/Library/Developer/Xcode/DerivedData/Buzz-faillbpsmponqzeruhhvskovixzk/Build/Intermediates.noindex/AppAuth.build/Debug-iphonesimulator/AppAuthCore.build/Objects-normal/arm64/OIDFieldMapping.d --serialize-diagnostics /Users/xinyufang/Library/Developer/Xcode/DerivedData/Buzz-faillbpsmponqzeruhhvskovixzk/Build/Intermediates.noindex/AppAuth.build/Debug-iphonesimulator/AppAuthCore.build/Objects-normal/arm64/OIDFieldMapping.dia -c /Users/xinyufang/Library/Developer/Xcode/DerivedData/Buzz-faillbpsmponqzeruhhvskovixzk/SourcePackages/checkouts/AppAuth-iOS/Sources/AppAuthCore/OIDFieldMapping.m -o /Users/xinyufang/Library/Developer/Xcode/DerivedData/Buzz-faillbpsmponqzeruhhvskovixzk/Build/Intermediates.noindex/AppAuth.build/Debug-iphonesimulator/AppAuthCore.build/Objects-normal/arm64/OIDFieldMapping.o -index-unit-output-path /AppAuth.build/Debug-iphonesimulator/AppAuthCore.build/Objects-normal/arm64/OIDFieldMapping.o

CompileC /Users/xinyufang/Library/Developer/Xcode/DerivedData/Buzz-faillbpsmponqzeruhhvskovixzk/Build/Intermediates.noindex/AppAuth.build/Debug-iphonesimulator/AppAuthCore.build/Objects-normal/arm64/OIDErrorUtilities.o /Users/xinyufang/Library/Developer/Xcode/DerivedData/Buzz-faillbpsmponqzeruhhvskovixzk/SourcePackages/checkouts/AppAuth-iOS/Sources/AppAuthCore/OIDErrorUtilities.m normal arm64 objective-c com.apple.compilers.llvm.clang.1_0.compiler (in target 'AppAuthCore' from project 'AppAuth')
    cd /Users/xinyufang/Documents/Buzz/Buzz.xcodeproj
    
    Using response file: /Users/xinyufang/Library/Developer/Xcode/DerivedData/Buzz-faillbpsmponqzeruhhvskovixzk/Build/Intermediates.noindex/AppAuth.build/Debug-iphonesimulator/AppAuthCore.build/Objects-normal/arm64/e6072d4f65d7061329687fe24e3d63a7-common-args.resp
    
    /Applications/Xcode.app/Contents/Developer/Toolchains/XcodeDefault.xctoolchain/usr/bin/clang -x objective-c -ivfsstatcache /Users/xinyufang/Library/Developer/Xcode/DerivedData/SDKStatCaches.noindex/iphonesimulator26.0-23A339-26257891a6c027eb51374368541b8346.sdkstatcache -fmessage-length\=0 -fdiagnostics-show-note-include-stack -fmacro-backtrace-limit\=0 -fno-color-diagnostics -fmodules-prune-interval\=86400 -fmodules-prune-after\=345600 -fbuild-session-file\=/Users/xinyufang/Library/Developer/Xcode/DerivedData/ModuleCache.noindex/Session.modulevalidation -fmodules-validate-once-per-build-session -Wnon-modular-include-in-framework-module -Werror\=non-modular-include-in-framework-module -Wno-trigraphs -Wno-missing-field-initializers -Wno-missing-prototypes -Wno-return-type -Wno-implicit-atomic-properties -Wno-objc-interface-ivars -Wno-arc-repeated-use-of-weak -Wno-missing-braces -Wparentheses -Wswitch -Wno-unused-function -Wno-unused-label -Wno-unused-parameter -Wno-unused-variable -Wunused-value -Wno-empty-body -Wno-uninitialized -Wno-unknown-pragmas -w -Wno-shadow -Wno-four-char-constants -Wno-conversion -Wno-constant-conversion -Wno-int-conversion -Wno-bool-conversion -Wno-enum-conversion -Wno-float-conversion -Wno-non-literal-null-conversion -Wno-objc-literal-conversion -Wshorten-64-to-32 -Wpointer-sign -Wno-newline-eof -Wno-selector -Wno-strict-selector-match -Wno-undeclared-selector -Wno-deprecated-implementations -Wno-implicit-fallthrough -fstrict-aliasing -Wprotocol -Wdeprecated-declarations -Wno-sign-conversion -Wno-infinite-recursion -Wno-comma -Wno-block-capture-autoreleasing -Wno-strict-prototypes -Wno-semicolon-before-method-body -index-store-path /Users/xinyufang/Library/Developer/Xcode/DerivedData/Buzz-faillbpsmponqzeruhhvskovixzk/Index.noindex/DataStore @/Users/xinyufang/Library/Developer/Xcode/DerivedData/Buzz-faillbpsmponqzeruhhvskovixzk/Build/Intermediates.noindex/AppAuth.build/Debug-iphonesimulator/AppAuthCore.build/Objects-normal/arm64/e6072d4f65d7061329687fe24e3d63a7-common-args.resp -include /Users/xinyufang/Library/Developer/Xcode/DerivedData/Buzz-faillbpsmponqzeruhhvskovixzk/Build/Intermediates.noindex/AppAuth.build/Debug-iphonesimulator/AppAuthCore.build/DerivedSources/resource_bundle_accessor.h -MMD -MT dependencies -MF /Users/xinyufang/Library/Developer/Xcode/DerivedData/Buzz-faillbpsmponqzeruhhvskovixzk/Build/Intermediates.noindex/AppAuth.build/Debug-iphonesimulator/AppAuthCore.build/Objects-normal/arm64/OIDErrorUtilities.d --serialize-diagnostics /Users/xinyufang/Library/Developer/Xcode/DerivedData/Buzz-faillbpsmponqzeruhhvskovixzk/Build/Intermediates.noindex/AppAuth.build/Debug-iphonesimulator/AppAuthCore.build/Objects-normal/arm64/OIDErrorUtilities.dia -c /Users/xinyufang/Library/Developer/Xcode/DerivedData/Buzz-faillbpsmponqzeruhhvskovixzk/SourcePackages/checkouts/AppAuth-iOS/Sources/AppAuthCore/OIDErrorUtilities.m -o /Users/xinyufang/Library/Developer/Xcode/DerivedData/Buzz-faillbpsmponqzeruhhvskovixzk/Build/Intermediates.noindex/AppAuth.build/Debug-iphonesimulator/AppAuthCore.build/Objects-normal/arm64/OIDErrorUtilities.o -index-unit-output-path /AppAuth.build/Debug-iphonesimulator/AppAuthCore.build/Objects-normal/arm64/OIDErrorUtilities.o

CompileC /Users/xinyufang/Library/Developer/Xcode/DerivedData/Buzz-faillbpsmponqzeruhhvskovixzk/Build/Intermediates.noindex/AppAuth.build/Debug-iphonesimulator/AppAuthCore.build/Objects-normal/arm64/OIDEndSessionResponse.o /Users/xinyufang/Library/Developer/Xcode/DerivedData/Buzz-faillbpsmponqzeruhhvskovixzk/SourcePackages/checkouts/AppAuth-iOS/Sources/AppAuthCore/OIDEndSessionResponse.m normal arm64 objective-c com.apple.compilers.llvm.clang.1_0.compiler (in target 'AppAuthCore' from project 'AppAuth')
    cd /Users/xinyufang/Documents/Buzz/Buzz.xcodeproj
    
    Using response file: /Users/xinyufang/Library/Developer/Xcode/DerivedData/Buzz-faillbpsmponqzeruhhvskovixzk/Build/Intermediates.noindex/AppAuth.build/Debug-iphonesimulator/AppAuthCore.build/Objects-normal/arm64/e6072d4f65d7061329687fe24e3d63a7-common-args.resp
    
    /Applications/Xcode.app/Contents/Developer/Toolchains/XcodeDefault.xctoolchain/usr/bin/clang -x objective-c -ivfsstatcache /Users/xinyufang/Library/Developer/Xcode/DerivedData/SDKStatCaches.noindex/iphonesimulator26.0-23A339-26257891a6c027eb51374368541b8346.sdkstatcache -fmessage-length\=0 -fdiagnostics-show-note-include-stack -fmacro-backtrace-limit\=0 -fno-color-diagnostics -fmodules-prune-interval\=86400 -fmodules-prune-after\=345600 -fbuild-session-file\=/Users/xinyufang/Library/Developer/Xcode/DerivedData/ModuleCache.noindex/Session.modulevalidation -fmodules-validate-once-per-build-session -Wnon-modular-include-in-framework-module -Werror\=non-modular-include-in-framework-module -Wno-trigraphs -Wno-missing-field-initializers -Wno-missing-prototypes -Wno-return-type -Wno-implicit-atomic-properties -Wno-objc-interface-ivars -Wno-arc-repeated-use-of-weak -Wno-missing-braces -Wparentheses -Wswitch -Wno-unused-function -Wno-unused-label -Wno-unused-parameter -Wno-unused-variable -Wunused-value -Wno-empty-body -Wno-uninitialized -Wno-unknown-pragmas -w -Wno-shadow -Wno-four-char-constants -Wno-conversion -Wno-constant-conversion -Wno-int-conversion -Wno-bool-conversion -Wno-enum-conversion -Wno-float-conversion -Wno-non-literal-null-conversion -Wno-objc-literal-conversion -Wshorten-64-to-32 -Wpointer-sign -Wno-newline-eof -Wno-selector -Wno-strict-selector-match -Wno-undeclared-selector -Wno-deprecated-implementations -Wno-implicit-fallthrough -fstrict-aliasing -Wprotocol -Wdeprecated-declarations -Wno-sign-conversion -Wno-infinite-recursion -Wno-comma -Wno-block-capture-autoreleasing -Wno-strict-prototypes -Wno-semicolon-before-method-body -index-store-path /Users/xinyufang/Library/Developer/Xcode/DerivedData/Buzz-faillbpsmponqzeruhhvskovixzk/Index.noindex/DataStore @/Users/xinyufang/Library/Developer/Xcode/DerivedData/Buzz-faillbpsmponqzeruhhvskovixzk/Build/Intermediates.noindex/AppAuth.build/Debug-iphonesimulator/AppAuthCore.build/Objects-normal/arm64/e6072d4f65d7061329687fe24e3d63a7-common-args.resp -include /Users/xinyufang/Library/Developer/Xcode/DerivedData/Buzz-faillbpsmponqzeruhhvskovixzk/Build/Intermediates.noindex/AppAuth.build/Debug-iphonesimulator/AppAuthCore.build/DerivedSources/resource_bundle_accessor.h -MMD -MT dependencies -MF /Users/xinyufang/Library/Developer/Xcode/DerivedData/Buzz-faillbpsmponqzeruhhvskovixzk/Build/Intermediates.noindex/AppAuth.build/Debug-iphonesimulator/AppAuthCore.build/Objects-normal/arm64/OIDEndSessionResponse.d --serialize-diagnostics /Users/xinyufang/Library/Developer/Xcode/DerivedData/Buzz-faillbpsmponqzeruhhvskovixzk/Build/Intermediates.noindex/AppAuth.build/Debug-iphonesimulator/AppAuthCore.build/Objects-normal/arm64/OIDEndSessionResponse.dia -c /Users/xinyufang/Library/Developer/Xcode/DerivedData/Buzz-faillbpsmponqzeruhhvskovixzk/SourcePackages/checkouts/AppAuth-iOS/Sources/AppAuthCore/OIDEndSessionResponse.m -o /Users/xinyufang/Library/Developer/Xcode/DerivedData/Buzz-faillbpsmponqzeruhhvskovixzk/Build/Intermediates.noindex/AppAuth.build/Debug-iphonesimulator/AppAuthCore.build/Objects-normal/arm64/OIDEndSessionResponse.o -index-unit-output-path /AppAuth.build/Debug-iphonesimulator/AppAuthCore.build/Objects-normal/arm64/OIDEndSessionResponse.o

CompileC /Users/xinyufang/Library/Developer/Xcode/DerivedData/Buzz-faillbpsmponqzeruhhvskovixzk/Build/Intermediates.noindex/AppAuth.build/Debug-iphonesimulator/AppAuthCore.build/Objects-normal/arm64/OIDEndSessionRequest.o /Users/xinyufang/Library/Developer/Xcode/DerivedData/Buzz-faillbpsmponqzeruhhvskovixzk/SourcePackages/checkouts/AppAuth-iOS/Sources/AppAuthCore/OIDEndSessionRequest.m normal arm64 objective-c com.apple.compilers.llvm.clang.1_0.compiler (in target 'AppAuthCore' from project 'AppAuth')
    cd /Users/xinyufang/Documents/Buzz/Buzz.xcodeproj
    
    Using response file: /Users/xinyufang/Library/Developer/Xcode/DerivedData/Buzz-faillbpsmponqzeruhhvskovixzk/Build/Intermediates.noindex/AppAuth.build/Debug-iphonesimulator/AppAuthCore.build/Objects-normal/arm64/e6072d4f65d7061329687fe24e3d63a7-common-args.resp
    
    /Applications/Xcode.app/Contents/Developer/Toolchains/XcodeDefault.xctoolchain/usr/bin/clang -x objective-c -ivfsstatcache /Users/xinyufang/Library/Developer/Xcode/DerivedData/SDKStatCaches.noindex/iphonesimulator26.0-23A339-26257891a6c027eb51374368541b8346.sdkstatcache -fmessage-length\=0 -fdiagnostics-show-note-include-stack -fmacro-backtrace-limit\=0 -fno-color-diagnostics -fmodules-prune-interval\=86400 -fmodules-prune-after\=345600 -fbuild-session-file\=/Users/xinyufang/Library/Developer/Xcode/DerivedData/ModuleCache.noindex/Session.modulevalidation -fmodules-validate-once-per-build-session -Wnon-modular-include-in-framework-module -Werror\=non-modular-include-in-framework-module -Wno-trigraphs -Wno-missing-field-initializers -Wno-missing-prototypes -Wno-return-type -Wno-implicit-atomic-properties -Wno-objc-interface-ivars -Wno-arc-repeated-use-of-weak -Wno-missing-braces -Wparentheses -Wswitch -Wno-unused-function -Wno-unused-label -Wno-unused-parameter -Wno-unused-variable -Wunused-value -Wno-empty-body -Wno-uninitialized -Wno-unknown-pragmas -w -Wno-shadow -Wno-four-char-constants -Wno-conversion -Wno-constant-conversion -Wno-int-conversion -Wno-bool-conversion -Wno-enum-conversion -Wno-float-conversion -Wno-non-literal-null-conversion -Wno-objc-literal-conversion -Wshorten-64-to-32 -Wpointer-sign -Wno-newline-eof -Wno-selector -Wno-strict-selector-match -Wno-undeclared-selector -Wno-deprecated-implementations -Wno-implicit-fallthrough -fstrict-aliasing -Wprotocol -Wdeprecated-declarations -Wno-sign-conversion -Wno-infinite-recursion -Wno-comma -Wno-block-capture-autoreleasing -Wno-strict-prototypes -Wno-semicolon-before-method-body -index-store-path /Users/xinyufang/Library/Developer/Xcode/DerivedData/Buzz-faillbpsmponqzeruhhvskovixzk/Index.noindex/DataStore @/Users/xinyufang/Library/Developer/Xcode/DerivedData/Buzz-faillbpsmponqzeruhhvskovixzk/Build/Intermediates.noindex/AppAuth.build/Debug-iphonesimulator/AppAuthCore.build/Objects-normal/arm64/e6072d4f65d7061329687fe24e3d63a7-common-args.resp -include /Users/xinyufang/Library/Developer/Xcode/DerivedData/Buzz-faillbpsmponqzeruhhvskovixzk/Build/Intermediates.noindex/AppAuth.build/Debug-iphonesimulator/AppAuthCore.build/DerivedSources/resource_bundle_accessor.h -MMD -MT dependencies -MF /Users/xinyufang/Library/Developer/Xcode/DerivedData/Buzz-faillbpsmponqzeruhhvskovixzk/Build/Intermediates.noindex/AppAuth.build/Debug-iphonesimulator/AppAuthCore.build/Objects-normal/arm64/OIDEndSessionRequest.d --serialize-diagnostics /Users/xinyufang/Library/Developer/Xcode/DerivedData/Buzz-faillbpsmponqzeruhhvskovixzk/Build/Intermediates.noindex/AppAuth.build/Debug-iphonesimulator/AppAuthCore.build/Objects-normal/arm64/OIDEndSessionRequest.dia -c /Users/xinyufang/Library/Developer/Xcode/DerivedData/Buzz-faillbpsmponqzeruhhvskovixzk/SourcePackages/checkouts/AppAuth-iOS/Sources/AppAuthCore/OIDEndSessionRequest.m -o /Users/xinyufang/Library/Developer/Xcode/DerivedData/Buzz-faillbpsmponqzeruhhvskovixzk/Build/Intermediates.noindex/AppAuth.build/Debug-iphonesimulator/AppAuthCore.build/Objects-normal/arm64/OIDEndSessionRequest.o -index-unit-output-path /AppAuth.build/Debug-iphonesimulator/AppAuthCore.build/Objects-normal/arm64/OIDEndSessionRequest.o

CompileC /Users/xinyufang/Library/Developer/Xcode/DerivedData/Buzz-faillbpsmponqzeruhhvskovixzk/Build/Intermediates.noindex/AppAuth.build/Debug-iphonesimulator/AppAuthCore.build/Objects-normal/arm64/OIDClientMetadataParameters.o /Users/xinyufang/Library/Developer/Xcode/DerivedData/Buzz-faillbpsmponqzeruhhvskovixzk/SourcePackages/checkouts/AppAuth-iOS/Sources/AppAuthCore/OIDClientMetadataParameters.m normal arm64 objective-c com.apple.compilers.llvm.clang.1_0.compiler (in target 'AppAuthCore' from project 'AppAuth')
    cd /Users/xinyufang/Documents/Buzz/Buzz.xcodeproj
    
    Using response file: /Users/xinyufang/Library/Developer/Xcode/DerivedData/Buzz-faillbpsmponqzeruhhvskovixzk/Build/Intermediates.noindex/AppAuth.build/Debug-iphonesimulator/AppAuthCore.build/Objects-normal/arm64/e6072d4f65d7061329687fe24e3d63a7-common-args.resp
    
    /Applications/Xcode.app/Contents/Developer/Toolchains/XcodeDefault.xctoolchain/usr/bin/clang -x objective-c -ivfsstatcache /Users/xinyufang/Library/Developer/Xcode/DerivedData/SDKStatCaches.noindex/iphonesimulator26.0-23A339-26257891a6c027eb51374368541b8346.sdkstatcache -fmessage-length\=0 -fdiagnostics-show-note-include-stack -fmacro-backtrace-limit\=0 -fno-color-diagnostics -fmodules-prune-interval\=86400 -fmodules-prune-after\=345600 -fbuild-session-file\=/Users/xinyufang/Library/Developer/Xcode/DerivedData/ModuleCache.noindex/Session.modulevalidation -fmodules-validate-once-per-build-session -Wnon-modular-include-in-framework-module -Werror\=non-modular-include-in-framework-module -Wno-trigraphs -Wno-missing-field-initializers -Wno-missing-prototypes -Wno-return-type -Wno-implicit-atomic-properties -Wno-objc-interface-ivars -Wno-arc-repeated-use-of-weak -Wno-missing-braces -Wparentheses -Wswitch -Wno-unused-function -Wno-unused-label -Wno-unused-parameter -Wno-unused-variable -Wunused-value -Wno-empty-body -Wno-uninitialized -Wno-unknown-pragmas -w -Wno-shadow -Wno-four-char-constants -Wno-conversion -Wno-constant-conversion -Wno-int-conversion -Wno-bool-conversion -Wno-enum-conversion -Wno-float-conversion -Wno-non-literal-null-conversion -Wno-objc-literal-conversion -Wshorten-64-to-32 -Wpointer-sign -Wno-newline-eof -Wno-selector -Wno-strict-selector-match -Wno-undeclared-selector -Wno-deprecated-implementations -Wno-implicit-fallthrough -fstrict-aliasing -Wprotocol -Wdeprecated-declarations -Wno-sign-conversion -Wno-infinite-recursion -Wno-comma -Wno-block-capture-autoreleasing -Wno-strict-prototypes -Wno-semicolon-before-method-body -index-store-path /Users/xinyufang/Library/Developer/Xcode/DerivedData/Buzz-faillbpsmponqzeruhhvskovixzk/Index.noindex/DataStore @/Users/xinyufang/Library/Developer/Xcode/DerivedData/Buzz-faillbpsmponqzeruhhvskovixzk/Build/Intermediates.noindex/AppAuth.build/Debug-iphonesimulator/AppAuthCore.build/Objects-normal/arm64/e6072d4f65d7061329687fe24e3d63a7-common-args.resp -include /Users/xinyufang/Library/Developer/Xcode/DerivedData/Buzz-faillbpsmponqzeruhhvskovixzk/Build/Intermediates.noindex/AppAuth.build/Debug-iphonesimulator/AppAuthCore.build/DerivedSources/resource_bundle_accessor.h -MMD -MT dependencies -MF /Users/xinyufang/Library/Developer/Xcode/DerivedData/Buzz-faillbpsmponqzeruhhvskovixzk/Build/Intermediates.noindex/AppAuth.build/Debug-iphonesimulator/AppAuthCore.build/Objects-normal/arm64/OIDClientMetadataParameters.d --serialize-diagnostics /Users/xinyufang/Library/Developer/Xcode/DerivedData/Buzz-faillbpsmponqzeruhhvskovixzk/Build/Intermediates.noindex/AppAuth.build/Debug-iphonesimulator/AppAuthCore.build/Objects-normal/arm64/OIDClientMetadataParameters.dia -c /Users/xinyufang/Library/Developer/Xcode/DerivedData/Buzz-faillbpsmponqzeruhhvskovixzk/SourcePackages/checkouts/AppAuth-iOS/Sources/AppAuthCore/OIDClientMetadataParameters.m -o /Users/xinyufang/Library/Developer/Xcode/DerivedData/Buzz-faillbpsmponqzeruhhvskovixzk/Build/Intermediates.noindex/AppAuth.build/Debug-iphonesimulator/AppAuthCore.build/Objects-normal/arm64/OIDClientMetadataParameters.o -index-unit-output-path /AppAuth.build/Debug-iphonesimulator/AppAuthCore.build/Objects-normal/arm64/OIDClientMetadataParameters.o

ScanDependencies /Users/xinyufang/Library/Developer/Xcode/DerivedData/Buzz-faillbpsmponqzeruhhvskovixzk/Build/Intermediates.noindex/AppAuth.build/Debug-iphonesimulator/AppAuthCore.build/Objects-normal/arm64/OIDAuthorizationService.o /Users/xinyufang/Library/Developer/Xcode/DerivedData/Buzz-faillbpsmponqzeruhhvskovixzk/SourcePackages/checkouts/AppAuth-iOS/Sources/AppAuthCore/OIDAuthorizationService.m normal arm64 objective-c com.apple.compilers.llvm.clang.1_0.compiler (in target 'AppAuthCore' from project 'AppAuth')
    cd /Users/xinyufang/Documents/Buzz/Buzz.xcodeproj
    
    Using response file: /Users/xinyufang/Library/Developer/Xcode/DerivedData/Buzz-faillbpsmponqzeruhhvskovixzk/Build/Intermediates.noindex/AppAuth.build/Debug-iphonesimulator/AppAuthCore.build/Objects-normal/arm64/e6072d4f65d7061329687fe24e3d63a7-common-args.resp
    
    builtin-ScanDependencies -o /Users/xinyufang/Library/Developer/Xcode/DerivedData/Buzz-faillbpsmponqzeruhhvskovixzk/Build/Intermediates.noindex/AppAuth.build/Debug-iphonesimulator/AppAuthCore.build/Objects-normal/arm64/OIDAuthorizationService.o.scan -- /Applications/Xcode.app/Contents/Developer/Toolchains/XcodeDefault.xctoolchain/usr/bin/clang -x objective-c -ivfsstatcache /Users/xinyufang/Library/Developer/Xcode/DerivedData/SDKStatCaches.noindex/iphonesimulator26.0-23A339-26257891a6c027eb51374368541b8346.sdkstatcache -fmessage-length\=0 -fdiagnostics-show-note-include-stack -fmacro-backtrace-limit\=0 -fno-color-diagnostics -fmodules-prune-interval\=86400 -fmodules-prune-after\=345600 -fbuild-session-file\=/Users/xinyufang/Library/Developer/Xcode/DerivedData/ModuleCache.noindex/Session.modulevalidation -fmodules-validate-once-per-build-session -Wnon-modular-include-in-framework-module -Werror\=non-modular-include-in-framework-module -Wno-trigraphs -Wno-missing-field-initializers -Wno-missing-prototypes -Wno-return-type -Wno-implicit-atomic-properties -Wno-objc-interface-ivars -Wno-arc-repeated-use-of-weak -Wno-missing-braces -Wparentheses -Wswitch -Wno-unused-function -Wno-unused-label -Wno-unused-parameter -Wno-unused-variable -Wunused-value -Wno-empty-body -Wno-uninitialized -Wno-unknown-pragmas -w -Wno-shadow -Wno-four-char-constants -Wno-conversion -Wno-constant-conversion -Wno-int-conversion -Wno-bool-conversion -Wno-enum-conversion -Wno-float-conversion -Wno-non-literal-null-conversion -Wno-objc-literal-conversion -Wshorten-64-to-32 -Wpointer-sign -Wno-newline-eof -Wno-selector -Wno-strict-selector-match -Wno-undeclared-selector -Wno-deprecated-implementations -Wno-implicit-fallthrough -fstrict-aliasing -Wprotocol -Wdeprecated-declarations -Wno-sign-conversion -Wno-infinite-recursion -Wno-comma -Wno-block-capture-autoreleasing -Wno-strict-prototypes -Wno-semicolon-before-method-body -index-store-path /Users/xinyufang/Library/Developer/Xcode/DerivedData/Buzz-faillbpsmponqzeruhhvskovixzk/Index.noindex/DataStore @/Users/xinyufang/Library/Developer/Xcode/DerivedData/Buzz-faillbpsmponqzeruhhvskovixzk/Build/Intermediates.noindex/AppAuth.build/Debug-iphonesimulator/AppAuthCore.build/Objects-normal/arm64/e6072d4f65d7061329687fe24e3d63a7-common-args.resp -include /Users/xinyufang/Library/Developer/Xcode/DerivedData/Buzz-faillbpsmponqzeruhhvskovixzk/Build/Intermediates.noindex/AppAuth.build/Debug-iphonesimulator/AppAuthCore.build/DerivedSources/resource_bundle_accessor.h -MMD -MT dependencies -MF /Users/xinyufang/Library/Developer/Xcode/DerivedData/Buzz-faillbpsmponqzeruhhvskovixzk/Build/Intermediates.noindex/AppAuth.build/Debug-iphonesimulator/AppAuthCore.build/Objects-normal/arm64/OIDAuthorizationService.d --serialize-diagnostics /Users/xinyufang/Library/Developer/Xcode/DerivedData/Buzz-faillbpsmponqzeruhhvskovixzk/Build/Intermediates.noindex/AppAuth.build/Debug-iphonesimulator/AppAuthCore.build/Objects-normal/arm64/OIDAuthorizationService.dia -c /Users/xinyufang/Library/Developer/Xcode/DerivedData/Buzz-faillbpsmponqzeruhhvskovixzk/SourcePackages/checkouts/AppAuth-iOS/Sources/AppAuthCore/OIDAuthorizationService.m -o /Users/xinyufang/Library/Developer/Xcode/DerivedData/Buzz-faillbpsmponqzeruhhvskovixzk/Build/Intermediates.noindex/AppAuth.build/Debug-iphonesimulator/AppAuthCore.build/Objects-normal/arm64/OIDAuthorizationService.o -index-unit-output-path /AppAuth.build/Debug-iphonesimulator/AppAuthCore.build/Objects-normal/arm64/OIDAuthorizationService.o

ScanDependencies /Users/xinyufang/Library/Developer/Xcode/DerivedData/Buzz-faillbpsmponqzeruhhvskovixzk/Build/Intermediates.noindex/AppAuth.build/Debug-iphonesimulator/AppAuthCore.build/Objects-normal/arm64/OIDAuthorizationResponse.o /Users/xinyufang/Library/Developer/Xcode/DerivedData/Buzz-faillbpsmponqzeruhhvskovixzk/SourcePackages/checkouts/AppAuth-iOS/Sources/AppAuthCore/OIDAuthorizationResponse.m normal arm64 objective-c com.apple.compilers.llvm.clang.1_0.compiler (in target 'AppAuthCore' from project 'AppAuth')
    cd /Users/xinyufang/Documents/Buzz/Buzz.xcodeproj
    
    Using response file: /Users/xinyufang/Library/Developer/Xcode/DerivedData/Buzz-faillbpsmponqzeruhhvskovixzk/Build/Intermediates.noindex/AppAuth.build/Debug-iphonesimulator/AppAuthCore.build/Objects-normal/arm64/e6072d4f65d7061329687fe24e3d63a7-common-args.resp
    
    builtin-ScanDependencies -o /Users/xinyufang/Library/Developer/Xcode/DerivedData/Buzz-faillbpsmponqzeruhhvskovixzk/Build/Intermediates.noindex/AppAuth.build/Debug-iphonesimulator/AppAuthCore.build/Objects-normal/arm64/OIDAuthorizationResponse.o.scan -- /Applications/Xcode.app/Contents/Developer/Toolchains/XcodeDefault.xctoolchain/usr/bin/clang -x objective-c -ivfsstatcache /Users/xinyufang/Library/Developer/Xcode/DerivedData/SDKStatCaches.noindex/iphonesimulator26.0-23A339-26257891a6c027eb51374368541b8346.sdkstatcache -fmessage-length\=0 -fdiagnostics-show-note-include-stack -fmacro-backtrace-limit\=0 -fno-color-diagnostics -fmodules-prune-interval\=86400 -fmodules-prune-after\=345600 -fbuild-session-file\=/Users/xinyufang/Library/Developer/Xcode/DerivedData/ModuleCache.noindex/Session.modulevalidation -fmodules-validate-once-per-build-session -Wnon-modular-include-in-framework-module -Werror\=non-modular-include-in-framework-module -Wno-trigraphs -Wno-missing-field-initializers -Wno-missing-prototypes -Wno-return-type -Wno-implicit-atomic-properties -Wno-objc-interface-ivars -Wno-arc-repeated-use-of-weak -Wno-missing-braces -Wparentheses -Wswitch -Wno-unused-function -Wno-unused-label -Wno-unused-parameter -Wno-unused-variable -Wunused-value -Wno-empty-body -Wno-uninitialized -Wno-unknown-pragmas -w -Wno-shadow -Wno-four-char-constants -Wno-conversion -Wno-constant-conversion -Wno-int-conversion -Wno-bool-conversion -Wno-enum-conversion -Wno-float-conversion -Wno-non-literal-null-conversion -Wno-objc-literal-conversion -Wshorten-64-to-32 -Wpointer-sign -Wno-newline-eof -Wno-selector -Wno-strict-selector-match -Wno-undeclared-selector -Wno-deprecated-implementations -Wno-implicit-fallthrough -fstrict-aliasing -Wprotocol -Wdeprecated-declarations -Wno-sign-conversion -Wno-infinite-recursion -Wno-comma -Wno-block-capture-autoreleasing -Wno-strict-prototypes -Wno-semicolon-before-method-body -index-store-path /Users/xinyufang/Library/Developer/Xcode/DerivedData/Buzz-faillbpsmponqzeruhhvskovixzk/Index.noindex/DataStore @/Users/xinyufang/Library/Developer/Xcode/DerivedData/Buzz-faillbpsmponqzeruhhvskovixzk/Build/Intermediates.noindex/AppAuth.build/Debug-iphonesimulator/AppAuthCore.build/Objects-normal/arm64/e6072d4f65d7061329687fe24e3d63a7-common-args.resp -include /Users/xinyufang/Library/Developer/Xcode/DerivedData/Buzz-faillbpsmponqzeruhhvskovixzk/Build/Intermediates.noindex/AppAuth.build/Debug-iphonesimulator/AppAuthCore.build/DerivedSources/resource_bundle_accessor.h -MMD -MT dependencies -MF /Users/xinyufang/Library/Developer/Xcode/DerivedData/Buzz-faillbpsmponqzeruhhvskovixzk/Build/Intermediates.noindex/AppAuth.build/Debug-iphonesimulator/AppAuthCore.build/Objects-normal/arm64/OIDAuthorizationResponse.d --serialize-diagnostics /Users/xinyufang/Library/Developer/Xcode/DerivedData/Buzz-faillbpsmponqzeruhhvskovixzk/Build/Intermediates.noindex/AppAuth.build/Debug-iphonesimulator/AppAuthCore.build/Objects-normal/arm64/OIDAuthorizationResponse.dia -c /Users/xinyufang/Library/Developer/Xcode/DerivedData/Buzz-faillbpsmponqzeruhhvskovixzk/SourcePackages/checkouts/AppAuth-iOS/Sources/AppAuthCore/OIDAuthorizationResponse.m -o /Users/xinyufang/Library/Developer/Xcode/DerivedData/Buzz-faillbpsmponqzeruhhvskovixzk/Build/Intermediates.noindex/AppAuth.build/Debug-iphonesimulator/AppAuthCore.build/Objects-normal/arm64/OIDAuthorizationResponse.o -index-unit-output-path /AppAuth.build/Debug-iphonesimulator/AppAuthCore.build/Objects-normal/arm64/OIDAuthorizationResponse.o

ScanDependencies /Users/xinyufang/Library/Developer/Xcode/DerivedData/Buzz-faillbpsmponqzeruhhvskovixzk/Build/Intermediates.noindex/AppAuth.build/Debug-iphonesimulator/AppAuthCore.build/Objects-normal/arm64/OIDAuthorizationRequest.o /Users/xinyufang/Library/Developer/Xcode/DerivedData/Buzz-faillbpsmponqzeruhhvskovixzk/SourcePackages/checkouts/AppAuth-iOS/Sources/AppAuthCore/OIDAuthorizationRequest.m normal arm64 objective-c com.apple.compilers.llvm.clang.1_0.compiler (in target 'AppAuthCore' from project 'AppAuth')
    cd /Users/xinyufang/Documents/Buzz/Buzz.xcodeproj
    
    Using response file: /Users/xinyufang/Library/Developer/Xcode/DerivedData/Buzz-faillbpsmponqzeruhhvskovixzk/Build/Intermediates.noindex/AppAuth.build/Debug-iphonesimulator/AppAuthCore.build/Objects-normal/arm64/e6072d4f65d7061329687fe24e3d63a7-common-args.resp
    
    builtin-ScanDependencies -o /Users/xinyufang/Library/Developer/Xcode/DerivedData/Buzz-faillbpsmponqzeruhhvskovixzk/Build/Intermediates.noindex/AppAuth.build/Debug-iphonesimulator/AppAuthCore.build/Objects-normal/arm64/OIDAuthorizationRequest.o.scan -- /Applications/Xcode.app/Contents/Developer/Toolchains/XcodeDefault.xctoolchain/usr/bin/clang -x objective-c -ivfsstatcache /Users/xinyufang/Library/Developer/Xcode/DerivedData/SDKStatCaches.noindex/iphonesimulator26.0-23A339-26257891a6c027eb51374368541b8346.sdkstatcache -fmessage-length\=0 -fdiagnostics-show-note-include-stack -fmacro-backtrace-limit\=0 -fno-color-diagnostics -fmodules-prune-interval\=86400 -fmodules-prune-after\=345600 -fbuild-session-file\=/Users/xinyufang/Library/Developer/Xcode/DerivedData/ModuleCache.noindex/Session.modulevalidation -fmodules-validate-once-per-build-session -Wnon-modular-include-in-framework-module -Werror\=non-modular-include-in-framework-module -Wno-trigraphs -Wno-missing-field-initializers -Wno-missing-prototypes -Wno-return-type -Wno-implicit-atomic-properties -Wno-objc-interface-ivars -Wno-arc-repeated-use-of-weak -Wno-missing-braces -Wparentheses -Wswitch -Wno-unused-function -Wno-unused-label -Wno-unused-parameter -Wno-unused-variable -Wunused-value -Wno-empty-body -Wno-uninitialized -Wno-unknown-pragmas -w -Wno-shadow -Wno-four-char-constants -Wno-conversion -Wno-constant-conversion -Wno-int-conversion -Wno-bool-conversion -Wno-enum-conversion -Wno-float-conversion -Wno-non-literal-null-conversion -Wno-objc-literal-conversion -Wshorten-64-to-32 -Wpointer-sign -Wno-newline-eof -Wno-selector -Wno-strict-selector-match -Wno-undeclared-selector -Wno-deprecated-implementations -Wno-implicit-fallthrough -fstrict-aliasing -Wprotocol -Wdeprecated-declarations -Wno-sign-conversion -Wno-infinite-recursion -Wno-comma -Wno-block-capture-autoreleasing -Wno-strict-prototypes -Wno-semicolon-before-method-body -index-store-path /Users/xinyufang/Library/Developer/Xcode/DerivedData/Buzz-faillbpsmponqzeruhhvskovixzk/Index.noindex/DataStore @/Users/xinyufang/Library/Developer/Xcode/DerivedData/Buzz-faillbpsmponqzeruhhvskovixzk/Build/Intermediates.noindex/AppAuth.build/Debug-iphonesimulator/AppAuthCore.build/Objects-normal/arm64/e6072d4f65d7061329687fe24e3d63a7-common-args.resp -include /Users/xinyufang/Library/Developer/Xcode/DerivedData/Buzz-faillbpsmponqzeruhhvskovixzk/Build/Intermediates.noindex/AppAuth.build/Debug-iphonesimulator/AppAuthCore.build/DerivedSources/resource_bundle_accessor.h -MMD -MT dependencies -MF /Users/xinyufang/Library/Developer/Xcode/DerivedData/Buzz-faillbpsmponqzeruhhvskovixzk/Build/Intermediates.noindex/AppAuth.build/Debug-iphonesimulator/AppAuthCore.build/Objects-normal/arm64/OIDAuthorizationRequest.d --serialize-diagnostics /Users/xinyufang/Library/Developer/Xcode/DerivedData/Buzz-faillbpsmponqzeruhhvskovixzk/Build/Intermediates.noindex/AppAuth.build/Debug-iphonesimulator/AppAuthCore.build/Objects-normal/arm64/OIDAuthorizationRequest.dia -c /Users/xinyufang/Library/Developer/Xcode/DerivedData/Buzz-faillbpsmponqzeruhhvskovixzk/SourcePackages/checkouts/AppAuth-iOS/Sources/AppAuthCore/OIDAuthorizationRequest.m -o /Users/xinyufang/Library/Developer/Xcode/DerivedData/Buzz-faillbpsmponqzeruhhvskovixzk/Build/Intermediates.noindex/AppAuth.build/Debug-iphonesimulator/AppAuthCore.build/Objects-normal/arm64/OIDAuthorizationRequest.o -index-unit-output-path /AppAuth.build/Debug-iphonesimulator/AppAuthCore.build/Objects-normal/arm64/OIDAuthorizationRequest.o

ScanDependencies /Users/xinyufang/Library/Developer/Xcode/DerivedData/Buzz-faillbpsmponqzeruhhvskovixzk/Build/Intermediates.noindex/AppAuth.build/Debug-iphonesimulator/AppAuthCore.build/Objects-normal/arm64/OIDAuthState.o /Users/xinyufang/Library/Developer/Xcode/DerivedData/Buzz-faillbpsmponqzeruhhvskovixzk/SourcePackages/checkouts/AppAuth-iOS/Sources/AppAuthCore/OIDAuthState.m normal arm64 objective-c com.apple.compilers.llvm.clang.1_0.compiler (in target 'AppAuthCore' from project 'AppAuth')
    cd /Users/xinyufang/Documents/Buzz/Buzz.xcodeproj
    
    Using response file: /Users/xinyufang/Library/Developer/Xcode/DerivedData/Buzz-faillbpsmponqzeruhhvskovixzk/Build/Intermediates.noindex/AppAuth.build/Debug-iphonesimulator/AppAuthCore.build/Objects-normal/arm64/e6072d4f65d7061329687fe24e3d63a7-common-args.resp
    
    builtin-ScanDependencies -o /Users/xinyufang/Library/Developer/Xcode/DerivedData/Buzz-faillbpsmponqzeruhhvskovixzk/Build/Intermediates.noindex/AppAuth.build/Debug-iphonesimulator/AppAuthCore.build/Objects-normal/arm64/OIDAuthState.o.scan -- /Applications/Xcode.app/Contents/Developer/Toolchains/XcodeDefault.xctoolchain/usr/bin/clang -x objective-c -ivfsstatcache /Users/xinyufang/Library/Developer/Xcode/DerivedData/SDKStatCaches.noindex/iphonesimulator26.0-23A339-26257891a6c027eb51374368541b8346.sdkstatcache -fmessage-length\=0 -fdiagnostics-show-note-include-stack -fmacro-backtrace-limit\=0 -fno-color-diagnostics -fmodules-prune-interval\=86400 -fmodules-prune-after\=345600 -fbuild-session-file\=/Users/xinyufang/Library/Developer/Xcode/DerivedData/ModuleCache.noindex/Session.modulevalidation -fmodules-validate-once-per-build-session -Wnon-modular-include-in-framework-module -Werror\=non-modular-include-in-framework-module -Wno-trigraphs -Wno-missing-field-initializers -Wno-missing-prototypes -Wno-return-type -Wno-implicit-atomic-properties -Wno-objc-interface-ivars -Wno-arc-repeated-use-of-weak -Wno-missing-braces -Wparentheses -Wswitch -Wno-unused-function -Wno-unused-label -Wno-unused-parameter -Wno-unused-variable -Wunused-value -Wno-empty-body -Wno-uninitialized -Wno-unknown-pragmas -w -Wno-shadow -Wno-four-char-constants -Wno-conversion -Wno-constant-conversion -Wno-int-conversion -Wno-bool-conversion -Wno-enum-conversion -Wno-float-conversion -Wno-non-literal-null-conversion -Wno-objc-literal-conversion -Wshorten-64-to-32 -Wpointer-sign -Wno-newline-eof -Wno-selector -Wno-strict-selector-match -Wno-undeclared-selector -Wno-deprecated-implementations -Wno-implicit-fallthrough -fstrict-aliasing -Wprotocol -Wdeprecated-declarations -Wno-sign-conversion -Wno-infinite-recursion -Wno-comma -Wno-block-capture-autoreleasing -Wno-strict-prototypes -Wno-semicolon-before-method-body -index-store-path /Users/xinyufang/Library/Developer/Xcode/DerivedData/Buzz-faillbpsmponqzeruhhvskovixzk/Index.noindex/DataStore @/Users/xinyufang/Library/Developer/Xcode/DerivedData/Buzz-faillbpsmponqzeruhhvskovixzk/Build/Intermediates.noindex/AppAuth.build/Debug-iphonesimulator/AppAuthCore.build/Objects-normal/arm64/e6072d4f65d7061329687fe24e3d63a7-common-args.resp -include /Users/xinyufang/Library/Developer/Xcode/DerivedData/Buzz-faillbpsmponqzeruhhvskovixzk/Build/Intermediates.noindex/AppAuth.build/Debug-iphonesimulator/AppAuthCore.build/DerivedSources/resource_bundle_accessor.h -MMD -MT dependencies -MF /Users/xinyufang/Library/Developer/Xcode/DerivedData/Buzz-faillbpsmponqzeruhhvskovixzk/Build/Intermediates.noindex/AppAuth.build/Debug-iphonesimulator/AppAuthCore.build/Objects-normal/arm64/OIDAuthState.d --serialize-diagnostics /Users/xinyufang/Library/Developer/Xcode/DerivedData/Buzz-faillbpsmponqzeruhhvskovixzk/Build/Intermediates.noindex/AppAuth.build/Debug-iphonesimulator/AppAuthCore.build/Objects-normal/arm64/OIDAuthState.dia -c /Users/xinyufang/Library/Developer/Xcode/DerivedData/Buzz-faillbpsmponqzeruhhvskovixzk/SourcePackages/checkouts/AppAuth-iOS/Sources/AppAuthCore/OIDAuthState.m -o /Users/xinyufang/Library/Developer/Xcode/DerivedData/Buzz-faillbpsmponqzeruhhvskovixzk/Build/Intermediates.noindex/AppAuth.build/Debug-iphonesimulator/AppAuthCore.build/Objects-normal/arm64/OIDAuthState.o -index-unit-output-path /AppAuth.build/Debug-iphonesimulator/AppAuthCore.build/Objects-normal/arm64/OIDAuthState.o

PrecompileModule /Users/xinyufang/Library/Developer/Xcode/DerivedData/Buzz-faillbpsmponqzeruhhvskovixzk/Build/Intermediates.noindex/ExplicitPrecompiledModules/CoreVideo-7696JNAULCXB2DV6TT5KM2YXI.scan
    cd /
    builtin-precompileModule /Users/xinyufang/Library/Developer/Xcode/DerivedData/Buzz-faillbpsmponqzeruhhvskovixzk/Build/Intermediates.noindex/ExplicitPrecompiledModules/CoreVideo-7696JNAULCXB2DV6TT5KM2YXI.scan

ScanDependencies /Users/xinyufang/Library/Developer/Xcode/DerivedData/Buzz-faillbpsmponqzeruhhvskovixzk/Build/Intermediates.noindex/AppAuth.build/Debug-iphonesimulator/AppAuth.build/Objects-normal/arm64/resource_bundle_accessor.o /Users/xinyufang/Library/Developer/Xcode/DerivedData/Buzz-faillbpsmponqzeruhhvskovixzk/Build/Intermediates.noindex/AppAuth.build/Debug-iphonesimulator/AppAuth.build/DerivedSources/resource_bundle_accessor.m normal arm64 objective-c com.apple.compilers.llvm.clang.1_0.compiler (in target 'AppAuth' from project 'AppAuth')
    cd /Users/xinyufang/Documents/Buzz/Buzz.xcodeproj
    
    Using response file: /Users/xinyufang/Library/Developer/Xcode/DerivedData/Buzz-faillbpsmponqzeruhhvskovixzk/Build/Intermediates.noindex/AppAuth.build/Debug-iphonesimulator/AppAuth.build/Objects-normal/arm64/e6072d4f65d7061329687fe24e3d63a7-common-args.resp
    
    builtin-ScanDependencies -o /Users/xinyufang/Library/Developer/Xcode/DerivedData/Buzz-faillbpsmponqzeruhhvskovixzk/Build/Intermediates.noindex/AppAuth.build/Debug-iphonesimulator/AppAuth.build/Objects-normal/arm64/resource_bundle_accessor.o.scan -- /Applications/Xcode.app/Contents/Developer/Toolchains/XcodeDefault.xctoolchain/usr/bin/clang -x objective-c -ivfsstatcache /Users/xinyufang/Library/Developer/Xcode/DerivedData/SDKStatCaches.noindex/iphonesimulator26.0-23A339-26257891a6c027eb51374368541b8346.sdkstatcache -fmessage-length\=0 -fdiagnostics-show-note-include-stack -fmacro-backtrace-limit\=0 -fno-color-diagnostics -fmodules-prune-interval\=86400 -fmodules-prune-after\=345600 -fbuild-session-file\=/Users/xinyufang/Library/Developer/Xcode/DerivedData/ModuleCache.noindex/Session.modulevalidation -fmodules-validate-once-per-build-session -Wnon-modular-include-in-framework-module -Werror\=non-modular-include-in-framework-module -Wno-trigraphs -Wno-missing-field-initializers -Wno-missing-prototypes -Wno-return-type -Wno-implicit-atomic-properties -Wno-objc-interface-ivars -Wno-arc-repeated-use-of-weak -Wno-missing-braces -Wparentheses -Wswitch -Wno-unused-function -Wno-unused-label -Wno-unused-parameter -Wno-unused-variable -Wunused-value -Wno-empty-body -Wno-uninitialized -Wno-unknown-pragmas -w -Wno-shadow -Wno-four-char-constants -Wno-conversion -Wno-constant-conversion -Wno-int-conversion -Wno-bool-conversion -Wno-enum-conversion -Wno-float-conversion -Wno-non-literal-null-conversion -Wno-objc-literal-conversion -Wshorten-64-to-32 -Wpointer-sign -Wno-newline-eof -Wno-selector -Wno-strict-selector-match -Wno-undeclared-selector -Wno-deprecated-implementations -Wno-implicit-fallthrough -fstrict-aliasing -Wprotocol -Wdeprecated-declarations -Wno-sign-conversion -Wno-infinite-recursion -Wno-comma -Wno-block-capture-autoreleasing -Wno-strict-prototypes -Wno-semicolon-before-method-body -index-store-path /Users/xinyufang/Library/Developer/Xcode/DerivedData/Buzz-faillbpsmponqzeruhhvskovixzk/Index.noindex/DataStore @/Users/xinyufang/Library/Developer/Xcode/DerivedData/Buzz-faillbpsmponqzeruhhvskovixzk/Build/Intermediates.noindex/AppAuth.build/Debug-iphonesimulator/AppAuth.build/Objects-normal/arm64/e6072d4f65d7061329687fe24e3d63a7-common-args.resp -include /Users/xinyufang/Library/Developer/Xcode/DerivedData/Buzz-faillbpsmponqzeruhhvskovixzk/Build/Intermediates.noindex/AppAuth.build/Debug-iphonesimulator/AppAuth.build/DerivedSources/resource_bundle_accessor.h -MMD -MT dependencies -MF /Users/xinyufang/Library/Developer/Xcode/DerivedData/Buzz-faillbpsmponqzeruhhvskovixzk/Build/Intermediates.noindex/AppAuth.build/Debug-iphonesimulator/AppAuth.build/Objects-normal/arm64/resource_bundle_accessor.d --serialize-diagnostics /Users/xinyufang/Library/Developer/Xcode/DerivedData/Buzz-faillbpsmponqzeruhhvskovixzk/Build/Intermediates.noindex/AppAuth.build/Debug-iphonesimulator/AppAuth.build/Objects-normal/arm64/resource_bundle_accessor.dia -c /Users/xinyufang/Library/Developer/Xcode/DerivedData/Buzz-faillbpsmponqzeruhhvskovixzk/Build/Intermediates.noindex/AppAuth.build/Debug-iphonesimulator/AppAuth.build/DerivedSources/resource_bundle_accessor.m -o /Users/xinyufang/Library/Developer/Xcode/DerivedData/Buzz-faillbpsmponqzeruhhvskovixzk/Build/Intermediates.noindex/AppAuth.build/Debug-iphonesimulator/AppAuth.build/Objects-normal/arm64/resource_bundle_accessor.o -index-unit-output-path /AppAuth.build/Debug-iphonesimulator/AppAuth.build/Objects-normal/arm64/resource_bundle_accessor.o

ScanDependencies /Users/xinyufang/Library/Developer/Xcode/DerivedData/Buzz-faillbpsmponqzeruhhvskovixzk/Build/Intermediates.noindex/AppAuth.build/Debug-iphonesimulator/AppAuth.build/Objects-normal/arm64/OIDRedirectHTTPHandler.o /Users/xinyufang/Library/Developer/Xcode/DerivedData/Buzz-faillbpsmponqzeruhhvskovixzk/SourcePackages/checkouts/AppAuth-iOS/Sources/AppAuth/macOS/OIDRedirectHTTPHandler.m normal arm64 objective-c com.apple.compilers.llvm.clang.1_0.compiler (in target 'AppAuth' from project 'AppAuth')
    cd /Users/xinyufang/Documents/Buzz/Buzz.xcodeproj
    
    Using response file: /Users/xinyufang/Library/Developer/Xcode/DerivedData/Buzz-faillbpsmponqzeruhhvskovixzk/Build/Intermediates.noindex/AppAuth.build/Debug-iphonesimulator/AppAuth.build/Objects-normal/arm64/e6072d4f65d7061329687fe24e3d63a7-common-args.resp
    
    builtin-ScanDependencies -o /Users/xinyufang/Library/Developer/Xcode/DerivedData/Buzz-faillbpsmponqzeruhhvskovixzk/Build/Intermediates.noindex/AppAuth.build/Debug-iphonesimulator/AppAuth.build/Objects-normal/arm64/OIDRedirectHTTPHandler.o.scan -- /Applications/Xcode.app/Contents/Developer/Toolchains/XcodeDefault.xctoolchain/usr/bin/clang -x objective-c -ivfsstatcache /Users/xinyufang/Library/Developer/Xcode/DerivedData/SDKStatCaches.noindex/iphonesimulator26.0-23A339-26257891a6c027eb51374368541b8346.sdkstatcache -fmessage-length\=0 -fdiagnostics-show-note-include-stack -fmacro-backtrace-limit\=0 -fno-color-diagnostics -fmodules-prune-interval\=86400 -fmodules-prune-after\=345600 -fbuild-session-file\=/Users/xinyufang/Library/Developer/Xcode/DerivedData/ModuleCache.noindex/Session.modulevalidation -fmodules-validate-once-per-build-session -Wnon-modular-include-in-framework-module -Werror\=non-modular-include-in-framework-module -Wno-trigraphs -Wno-missing-field-initializers -Wno-missing-prototypes -Wno-return-type -Wno-implicit-atomic-properties -Wno-objc-interface-ivars -Wno-arc-repeated-use-of-weak -Wno-missing-braces -Wparentheses -Wswitch -Wno-unused-function -Wno-unused-label -Wno-unused-parameter -Wno-unused-variable -Wunused-value -Wno-empty-body -Wno-uninitialized -Wno-unknown-pragmas -w -Wno-shadow -Wno-four-char-constants -Wno-conversion -Wno-constant-conversion -Wno-int-conversion -Wno-bool-conversion -Wno-enum-conversion -Wno-float-conversion -Wno-non-literal-null-conversion -Wno-objc-literal-conversion -Wshorten-64-to-32 -Wpointer-sign -Wno-newline-eof -Wno-selector -Wno-strict-selector-match -Wno-undeclared-selector -Wno-deprecated-implementations -Wno-implicit-fallthrough -fstrict-aliasing -Wprotocol -Wdeprecated-declarations -Wno-sign-conversion -Wno-infinite-recursion -Wno-comma -Wno-block-capture-autoreleasing -Wno-strict-prototypes -Wno-semicolon-before-method-body -index-store-path /Users/xinyufang/Library/Developer/Xcode/DerivedData/Buzz-faillbpsmponqzeruhhvskovixzk/Index.noindex/DataStore @/Users/xinyufang/Library/Developer/Xcode/DerivedData/Buzz-faillbpsmponqzeruhhvskovixzk/Build/Intermediates.noindex/AppAuth.build/Debug-iphonesimulator/AppAuth.build/Objects-normal/arm64/e6072d4f65d7061329687fe24e3d63a7-common-args.resp -include /Users/xinyufang/Library/Developer/Xcode/DerivedData/Buzz-faillbpsmponqzeruhhvskovixzk/Build/Intermediates.noindex/AppAuth.build/Debug-iphonesimulator/AppAuth.build/DerivedSources/resource_bundle_accessor.h -MMD -MT dependencies -MF /Users/xinyufang/Library/Developer/Xcode/DerivedData/Buzz-faillbpsmponqzeruhhvskovixzk/Build/Intermediates.noindex/AppAuth.build/Debug-iphonesimulator/AppAuth.build/Objects-normal/arm64/OIDRedirectHTTPHandler.d --serialize-diagnostics /Users/xinyufang/Library/Developer/Xcode/DerivedData/Buzz-faillbpsmponqzeruhhvskovixzk/Build/Intermediates.noindex/AppAuth.build/Debug-iphonesimulator/AppAuth.build/Objects-normal/arm64/OIDRedirectHTTPHandler.dia -c /Users/xinyufang/Library/Developer/Xcode/DerivedData/Buzz-faillbpsmponqzeruhhvskovixzk/SourcePackages/checkouts/AppAuth-iOS/Sources/AppAuth/macOS/OIDRedirectHTTPHandler.m -o /Users/xinyufang/Library/Developer/Xcode/DerivedData/Buzz-faillbpsmponqzeruhhvskovixzk/Build/Intermediates.noindex/AppAuth.build/Debug-iphonesimulator/AppAuth.build/Objects-normal/arm64/OIDRedirectHTTPHandler.o -index-unit-output-path /AppAuth.build/Debug-iphonesimulator/AppAuth.build/Objects-normal/arm64/OIDRedirectHTTPHandler.o

ScanDependencies /Users/xinyufang/Library/Developer/Xcode/DerivedData/Buzz-faillbpsmponqzeruhhvskovixzk/Build/Intermediates.noindex/AppAuth.build/Debug-iphonesimulator/AppAuth.build/Objects-normal/arm64/OIDLoopbackHTTPServer.o /Users/xinyufang/Library/Developer/Xcode/DerivedData/Buzz-faillbpsmponqzeruhhvskovixzk/SourcePackages/checkouts/AppAuth-iOS/Sources/AppAuth/macOS/LoopbackHTTPServer/OIDLoopbackHTTPServer.m normal arm64 objective-c com.apple.compilers.llvm.clang.1_0.compiler (in target 'AppAuth' from project 'AppAuth')
    cd /Users/xinyufang/Documents/Buzz/Buzz.xcodeproj
    
    Using response file: /Users/xinyufang/Library/Developer/Xcode/DerivedData/Buzz-faillbpsmponqzeruhhvskovixzk/Build/Intermediates.noindex/AppAuth.build/Debug-iphonesimulator/AppAuth.build/Objects-normal/arm64/e6072d4f65d7061329687fe24e3d63a7-common-args.resp
    
    builtin-ScanDependencies -o /Users/xinyufang/Library/Developer/Xcode/DerivedData/Buzz-faillbpsmponqzeruhhvskovixzk/Build/Intermediates.noindex/AppAuth.build/Debug-iphonesimulator/AppAuth.build/Objects-normal/arm64/OIDLoopbackHTTPServer.o.scan -- /Applications/Xcode.app/Contents/Developer/Toolchains/XcodeDefault.xctoolchain/usr/bin/clang -x objective-c -ivfsstatcache /Users/xinyufang/Library/Developer/Xcode/DerivedData/SDKStatCaches.noindex/iphonesimulator26.0-23A339-26257891a6c027eb51374368541b8346.sdkstatcache -fmessage-length\=0 -fdiagnostics-show-note-include-stack -fmacro-backtrace-limit\=0 -fno-color-diagnostics -fmodules-prune-interval\=86400 -fmodules-prune-after\=345600 -fbuild-session-file\=/Users/xinyufang/Library/Developer/Xcode/DerivedData/ModuleCache.noindex/Session.modulevalidation -fmodules-validate-once-per-build-session -Wnon-modular-include-in-framework-module -Werror\=non-modular-include-in-framework-module -Wno-trigraphs -Wno-missing-field-initializers -Wno-missing-prototypes -Wno-return-type -Wno-implicit-atomic-properties -Wno-objc-interface-ivars -Wno-arc-repeated-use-of-weak -Wno-missing-braces -Wparentheses -Wswitch -Wno-unused-function -Wno-unused-label -Wno-unused-parameter -Wno-unused-variable -Wunused-value -Wno-empty-body -Wno-uninitialized -Wno-unknown-pragmas -w -Wno-shadow -Wno-four-char-constants -Wno-conversion -Wno-constant-conversion -Wno-int-conversion -Wno-bool-conversion -Wno-enum-conversion -Wno-float-conversion -Wno-non-literal-null-conversion -Wno-objc-literal-conversion -Wshorten-64-to-32 -Wpointer-sign -Wno-newline-eof -Wno-selector -Wno-strict-selector-match -Wno-undeclared-selector -Wno-deprecated-implementations -Wno-implicit-fallthrough -fstrict-aliasing -Wprotocol -Wdeprecated-declarations -Wno-sign-conversion -Wno-infinite-recursion -Wno-comma -Wno-block-capture-autoreleasing -Wno-strict-prototypes -Wno-semicolon-before-method-body -index-store-path /Users/xinyufang/Library/Developer/Xcode/DerivedData/Buzz-faillbpsmponqzeruhhvskovixzk/Index.noindex/DataStore @/Users/xinyufang/Library/Developer/Xcode/DerivedData/Buzz-faillbpsmponqzeruhhvskovixzk/Build/Intermediates.noindex/AppAuth.build/Debug-iphonesimulator/AppAuth.build/Objects-normal/arm64/e6072d4f65d7061329687fe24e3d63a7-common-args.resp -include /Users/xinyufang/Library/Developer/Xcode/DerivedData/Buzz-faillbpsmponqzeruhhvskovixzk/Build/Intermediates.noindex/AppAuth.build/Debug-iphonesimulator/AppAuth.build/DerivedSources/resource_bundle_accessor.h -MMD -MT dependencies -MF /Users/xinyufang/Library/Developer/Xcode/DerivedData/Buzz-faillbpsmponqzeruhhvskovixzk/Build/Intermediates.noindex/AppAuth.build/Debug-iphonesimulator/AppAuth.build/Objects-normal/arm64/OIDLoopbackHTTPServer.d --serialize-diagnostics /Users/xinyufang/Library/Developer/Xcode/DerivedData/Buzz-faillbpsmponqzeruhhvskovixzk/Build/Intermediates.noindex/AppAuth.build/Debug-iphonesimulator/AppAuth.build/Objects-normal/arm64/OIDLoopbackHTTPServer.dia -c /Users/xinyufang/Library/Developer/Xcode/DerivedData/Buzz-faillbpsmponqzeruhhvskovixzk/SourcePackages/checkouts/AppAuth-iOS/Sources/AppAuth/macOS/LoopbackHTTPServer/OIDLoopbackHTTPServer.m -o /Users/xinyufang/Library/Developer/Xcode/DerivedData/Buzz-faillbpsmponqzeruhhvskovixzk/Build/Intermediates.noindex/AppAuth.build/Debug-iphonesimulator/AppAuth.build/Objects-normal/arm64/OIDLoopbackHTTPServer.o -index-unit-output-path /AppAuth.build/Debug-iphonesimulator/AppAuth.build/Objects-normal/arm64/OIDLoopbackHTTPServer.o

ScanDependencies /Users/xinyufang/Library/Developer/Xcode/DerivedData/Buzz-faillbpsmponqzeruhhvskovixzk/Build/Intermediates.noindex/AppAuth.build/Debug-iphonesimulator/AppAuth.build/Objects-normal/arm64/OIDExternalUserAgentMac.o /Users/xinyufang/Library/Developer/Xcode/DerivedData/Buzz-faillbpsmponqzeruhhvskovixzk/SourcePackages/checkouts/AppAuth-iOS/Sources/AppAuth/macOS/OIDExternalUserAgentMac.m normal arm64 objective-c com.apple.compilers.llvm.clang.1_0.compiler (in target 'AppAuth' from project 'AppAuth')
    cd /Users/xinyufang/Documents/Buzz/Buzz.xcodeproj
    
    Using response file: /Users/xinyufang/Library/Developer/Xcode/DerivedData/Buzz-faillbpsmponqzeruhhvskovixzk/Build/Intermediates.noindex/AppAuth.build/Debug-iphonesimulator/AppAuth.build/Objects-normal/arm64/e6072d4f65d7061329687fe24e3d63a7-common-args.resp
    
    builtin-ScanDependencies -o /Users/xinyufang/Library/Developer/Xcode/DerivedData/Buzz-faillbpsmponqzeruhhvskovixzk/Build/Intermediates.noindex/AppAuth.build/Debug-iphonesimulator/AppAuth.build/Objects-normal/arm64/OIDExternalUserAgentMac.o.scan -- /Applications/Xcode.app/Contents/Developer/Toolchains/XcodeDefault.xctoolchain/usr/bin/clang -x objective-c -ivfsstatcache /Users/xinyufang/Library/Developer/Xcode/DerivedData/SDKStatCaches.noindex/iphonesimulator26.0-23A339-26257891a6c027eb51374368541b8346.sdkstatcache -fmessage-length\=0 -fdiagnostics-show-note-include-stack -fmacro-backtrace-limit\=0 -fno-color-diagnostics -fmodules-prune-interval\=86400 -fmodules-prune-after\=345600 -fbuild-session-file\=/Users/xinyufang/Library/Developer/Xcode/DerivedData/ModuleCache.noindex/Session.modulevalidation -fmodules-validate-once-per-build-session -Wnon-modular-include-in-framework-module -Werror\=non-modular-include-in-framework-module -Wno-trigraphs -Wno-missing-field-initializers -Wno-missing-prototypes -Wno-return-type -Wno-implicit-atomic-properties -Wno-objc-interface-ivars -Wno-arc-repeated-use-of-weak -Wno-missing-braces -Wparentheses -Wswitch -Wno-unused-function -Wno-unused-label -Wno-unused-parameter -Wno-unused-variable -Wunused-value -Wno-empty-body -Wno-uninitialized -Wno-unknown-pragmas -w -Wno-shadow -Wno-four-char-constants -Wno-conversion -Wno-constant-conversion -Wno-int-conversion -Wno-bool-conversion -Wno-enum-conversion -Wno-float-conversion -Wno-non-literal-null-conversion -Wno-objc-literal-conversion -Wshorten-64-to-32 -Wpointer-sign -Wno-newline-eof -Wno-selector -Wno-strict-selector-match -Wno-undeclared-selector -Wno-deprecated-implementations -Wno-implicit-fallthrough -fstrict-aliasing -Wprotocol -Wdeprecated-declarations -Wno-sign-conversion -Wno-infinite-recursion -Wno-comma -Wno-block-capture-autoreleasing -Wno-strict-prototypes -Wno-semicolon-before-method-body -index-store-path /Users/xinyufang/Library/Developer/Xcode/DerivedData/Buzz-faillbpsmponqzeruhhvskovixzk/Index.noindex/DataStore @/Users/xinyufang/Library/Developer/Xcode/DerivedData/Buzz-faillbpsmponqzeruhhvskovixzk/Build/Intermediates.noindex/AppAuth.build/Debug-iphonesimulator/AppAuth.build/Objects-normal/arm64/e6072d4f65d7061329687fe24e3d63a7-common-args.resp -include /Users/xinyufang/Library/Developer/Xcode/DerivedData/Buzz-faillbpsmponqzeruhhvskovixzk/Build/Intermediates.noindex/AppAuth.build/Debug-iphonesimulator/AppAuth.build/DerivedSources/resource_bundle_accessor.h -MMD -MT dependencies -MF /Users/xinyufang/Library/Developer/Xcode/DerivedData/Buzz-faillbpsmponqzeruhhvskovixzk/Build/Intermediates.noindex/AppAuth.build/Debug-iphonesimulator/AppAuth.build/Objects-normal/arm64/OIDExternalUserAgentMac.d --serialize-diagnostics /Users/xinyufang/Library/Developer/Xcode/DerivedData/Buzz-faillbpsmponqzeruhhvskovixzk/Build/Intermediates.noindex/AppAuth.build/Debug-iphonesimulator/AppAuth.build/Objects-normal/arm64/OIDExternalUserAgentMac.dia -c /Users/xinyufang/Library/Developer/Xcode/DerivedData/Buzz-faillbpsmponqzeruhhvskovixzk/SourcePackages/checkouts/AppAuth-iOS/Sources/AppAuth/macOS/OIDExternalUserAgentMac.m -o /Users/xinyufang/Library/Developer/Xcode/DerivedData/Buzz-faillbpsmponqzeruhhvskovixzk/Build/Intermediates.noindex/AppAuth.build/Debug-iphonesimulator/AppAuth.build/Objects-normal/arm64/OIDExternalUserAgentMac.o -index-unit-output-path /AppAuth.build/Debug-iphonesimulator/AppAuth.build/Objects-normal/arm64/OIDExternalUserAgentMac.o

ScanDependencies /Users/xinyufang/Library/Developer/Xcode/DerivedData/Buzz-faillbpsmponqzeruhhvskovixzk/Build/Intermediates.noindex/AppAuth.build/Debug-iphonesimulator/AppAuth.build/Objects-normal/arm64/OIDExternalUserAgentIOSCustomBrowser.o /Users/xinyufang/Library/Developer/Xcode/DerivedData/Buzz-faillbpsmponqzeruhhvskovixzk/SourcePackages/checkouts/AppAuth-iOS/Sources/AppAuth/iOS/OIDExternalUserAgentIOSCustomBrowser.m normal arm64 objective-c com.apple.compilers.llvm.clang.1_0.compiler (in target 'AppAuth' from project 'AppAuth')
    cd /Users/xinyufang/Documents/Buzz/Buzz.xcodeproj
    
    Using response file: /Users/xinyufang/Library/Developer/Xcode/DerivedData/Buzz-faillbpsmponqzeruhhvskovixzk/Build/Intermediates.noindex/AppAuth.build/Debug-iphonesimulator/AppAuth.build/Objects-normal/arm64/e6072d4f65d7061329687fe24e3d63a7-common-args.resp
    
    builtin-ScanDependencies -o /Users/xinyufang/Library/Developer/Xcode/DerivedData/Buzz-faillbpsmponqzeruhhvskovixzk/Build/Intermediates.noindex/AppAuth.build/Debug-iphonesimulator/AppAuth.build/Objects-normal/arm64/OIDExternalUserAgentIOSCustomBrowser.o.scan -- /Applications/Xcode.app/Contents/Developer/Toolchains/XcodeDefault.xctoolchain/usr/bin/clang -x objective-c -ivfsstatcache /Users/xinyufang/Library/Developer/Xcode/DerivedData/SDKStatCaches.noindex/iphonesimulator26.0-23A339-26257891a6c027eb51374368541b8346.sdkstatcache -fmessage-length\=0 -fdiagnostics-show-note-include-stack -fmacro-backtrace-limit\=0 -fno-color-diagnostics -fmodules-prune-interval\=86400 -fmodules-prune-after\=345600 -fbuild-session-file\=/Users/xinyufang/Library/Developer/Xcode/DerivedData/ModuleCache.noindex/Session.modulevalidation -fmodules-validate-once-per-build-session -Wnon-modular-include-in-framework-module -Werror\=non-modular-include-in-framework-module -Wno-trigraphs -Wno-missing-field-initializers -Wno-missing-prototypes -Wno-return-type -Wno-implicit-atomic-properties -Wno-objc-interface-ivars -Wno-arc-repeated-use-of-weak -Wno-missing-braces -Wparentheses -Wswitch -Wno-unused-function -Wno-unused-label -Wno-unused-parameter -Wno-unused-variable -Wunused-value -Wno-empty-body -Wno-uninitialized -Wno-unknown-pragmas -w -Wno-shadow -Wno-four-char-constants -Wno-conversion -Wno-constant-conversion -Wno-int-conversion -Wno-bool-conversion -Wno-enum-conversion -Wno-float-conversion -Wno-non-literal-null-conversion -Wno-objc-literal-conversion -Wshorten-64-to-32 -Wpointer-sign -Wno-newline-eof -Wno-selector -Wno-strict-selector-match -Wno-undeclared-selector -Wno-deprecated-implementations -Wno-implicit-fallthrough -fstrict-aliasing -Wprotocol -Wdeprecated-declarations -Wno-sign-conversion -Wno-infinite-recursion -Wno-comma -Wno-block-capture-autoreleasing -Wno-strict-prototypes -Wno-semicolon-before-method-body -index-store-path /Users/xinyufang/Library/Developer/Xcode/DerivedData/Buzz-faillbpsmponqzeruhhvskovixzk/Index.noindex/DataStore @/Users/xinyufang/Library/Developer/Xcode/DerivedData/Buzz-faillbpsmponqzeruhhvskovixzk/Build/Intermediates.noindex/AppAuth.build/Debug-iphonesimulator/AppAuth.build/Objects-normal/arm64/e6072d4f65d7061329687fe24e3d63a7-common-args.resp -include /Users/xinyufang/Library/Developer/Xcode/DerivedData/Buzz-faillbpsmponqzeruhhvskovixzk/Build/Intermediates.noindex/AppAuth.build/Debug-iphonesimulator/AppAuth.build/DerivedSources/resource_bundle_accessor.h -MMD -MT dependencies -MF /Users/xinyufang/Library/Developer/Xcode/DerivedData/Buzz-faillbpsmponqzeruhhvskovixzk/Build/Intermediates.noindex/AppAuth.build/Debug-iphonesimulator/AppAuth.build/Objects-normal/arm64/OIDExternalUserAgentIOSCustomBrowser.d --serialize-diagnostics /Users/xinyufang/Library/Developer/Xcode/DerivedData/Buzz-faillbpsmponqzeruhhvskovixzk/Build/Intermediates.noindex/AppAuth.build/Debug-iphonesimulator/AppAuth.build/Objects-normal/arm64/OIDExternalUserAgentIOSCustomBrowser.dia -c /Users/xinyufang/Library/Developer/Xcode/DerivedData/Buzz-faillbpsmponqzeruhhvskovixzk/SourcePackages/checkouts/AppAuth-iOS/Sources/AppAuth/iOS/OIDExternalUserAgentIOSCustomBrowser.m -o /Users/xinyufang/Library/Developer/Xcode/DerivedData/Buzz-faillbpsmponqzeruhhvskovixzk/Build/Intermediates.noindex/AppAuth.build/Debug-iphonesimulator/AppAuth.build/Objects-normal/arm64/OIDExternalUserAgentIOSCustomBrowser.o -index-unit-output-path /AppAuth.build/Debug-iphonesimulator/AppAuth.build/Objects-normal/arm64/OIDExternalUserAgentIOSCustomBrowser.o

CompileC /Users/xinyufang/Library/Developer/Xcode/DerivedData/Buzz-faillbpsmponqzeruhhvskovixzk/Build/Intermediates.noindex/AppAuth.build/Debug-iphonesimulator/AppAuthCore.build/Objects-normal/arm64/OIDAuthorizationRequest.o /Users/xinyufang/Library/Developer/Xcode/DerivedData/Buzz-faillbpsmponqzeruhhvskovixzk/SourcePackages/checkouts/AppAuth-iOS/Sources/AppAuthCore/OIDAuthorizationRequest.m normal arm64 objective-c com.apple.compilers.llvm.clang.1_0.compiler (in target 'AppAuthCore' from project 'AppAuth')
    cd /Users/xinyufang/Documents/Buzz/Buzz.xcodeproj
    
    Using response file: /Users/xinyufang/Library/Developer/Xcode/DerivedData/Buzz-faillbpsmponqzeruhhvskovixzk/Build/Intermediates.noindex/AppAuth.build/Debug-iphonesimulator/AppAuthCore.build/Objects-normal/arm64/e6072d4f65d7061329687fe24e3d63a7-common-args.resp
    
    /Applications/Xcode.app/Contents/Developer/Toolchains/XcodeDefault.xctoolchain/usr/bin/clang -x objective-c -ivfsstatcache /Users/xinyufang/Library/Developer/Xcode/DerivedData/SDKStatCaches.noindex/iphonesimulator26.0-23A339-26257891a6c027eb51374368541b8346.sdkstatcache -fmessage-length\=0 -fdiagnostics-show-note-include-stack -fmacro-backtrace-limit\=0 -fno-color-diagnostics -fmodules-prune-interval\=86400 -fmodules-prune-after\=345600 -fbuild-session-file\=/Users/xinyufang/Library/Developer/Xcode/DerivedData/ModuleCache.noindex/Session.modulevalidation -fmodules-validate-once-per-build-session -Wnon-modular-include-in-framework-module -Werror\=non-modular-include-in-framework-module -Wno-trigraphs -Wno-missing-field-initializers -Wno-missing-prototypes -Wno-return-type -Wno-implicit-atomic-properties -Wno-objc-interface-ivars -Wno-arc-repeated-use-of-weak -Wno-missing-braces -Wparentheses -Wswitch -Wno-unused-function -Wno-unused-label -Wno-unused-parameter -Wno-unused-variable -Wunused-value -Wno-empty-body -Wno-uninitialized -Wno-unknown-pragmas -w -Wno-shadow -Wno-four-char-constants -Wno-conversion -Wno-constant-conversion -Wno-int-conversion -Wno-bool-conversion -Wno-enum-conversion -Wno-float-conversion -Wno-non-literal-null-conversion -Wno-objc-literal-conversion -Wshorten-64-to-32 -Wpointer-sign -Wno-newline-eof -Wno-selector -Wno-strict-selector-match -Wno-undeclared-selector -Wno-deprecated-implementations -Wno-implicit-fallthrough -fstrict-aliasing -Wprotocol -Wdeprecated-declarations -Wno-sign-conversion -Wno-infinite-recursion -Wno-comma -Wno-block-capture-autoreleasing -Wno-strict-prototypes -Wno-semicolon-before-method-body -index-store-path /Users/xinyufang/Library/Developer/Xcode/DerivedData/Buzz-faillbpsmponqzeruhhvskovixzk/Index.noindex/DataStore @/Users/xinyufang/Library/Developer/Xcode/DerivedData/Buzz-faillbpsmponqzeruhhvskovixzk/Build/Intermediates.noindex/AppAuth.build/Debug-iphonesimulator/AppAuthCore.build/Objects-normal/arm64/e6072d4f65d7061329687fe24e3d63a7-common-args.resp -include /Users/xinyufang/Library/Developer/Xcode/DerivedData/Buzz-faillbpsmponqzeruhhvskovixzk/Build/Intermediates.noindex/AppAuth.build/Debug-iphonesimulator/AppAuthCore.build/DerivedSources/resource_bundle_accessor.h -MMD -MT dependencies -MF /Users/xinyufang/Library/Developer/Xcode/DerivedData/Buzz-faillbpsmponqzeruhhvskovixzk/Build/Intermediates.noindex/AppAuth.build/Debug-iphonesimulator/AppAuthCore.build/Objects-normal/arm64/OIDAuthorizationRequest.d --serialize-diagnostics /Users/xinyufang/Library/Developer/Xcode/DerivedData/Buzz-faillbpsmponqzeruhhvskovixzk/Build/Intermediates.noindex/AppAuth.build/Debug-iphonesimulator/AppAuthCore.build/Objects-normal/arm64/OIDAuthorizationRequest.dia -c /Users/xinyufang/Library/Developer/Xcode/DerivedData/Buzz-faillbpsmponqzeruhhvskovixzk/SourcePackages/checkouts/AppAuth-iOS/Sources/AppAuthCore/OIDAuthorizationRequest.m -o /Users/xinyufang/Library/Developer/Xcode/DerivedData/Buzz-faillbpsmponqzeruhhvskovixzk/Build/Intermediates.noindex/AppAuth.build/Debug-iphonesimulator/AppAuthCore.build/Objects-normal/arm64/OIDAuthorizationRequest.o -index-unit-output-path /AppAuth.build/Debug-iphonesimulator/AppAuthCore.build/Objects-normal/arm64/OIDAuthorizationRequest.o

CompileC /Users/xinyufang/Library/Developer/Xcode/DerivedData/Buzz-faillbpsmponqzeruhhvskovixzk/Build/Intermediates.noindex/AppAuth.build/Debug-iphonesimulator/AppAuthCore.build/Objects-normal/arm64/OIDAuthorizationService.o /Users/xinyufang/Library/Developer/Xcode/DerivedData/Buzz-faillbpsmponqzeruhhvskovixzk/SourcePackages/checkouts/AppAuth-iOS/Sources/AppAuthCore/OIDAuthorizationService.m normal arm64 objective-c com.apple.compilers.llvm.clang.1_0.compiler (in target 'AppAuthCore' from project 'AppAuth')
    cd /Users/xinyufang/Documents/Buzz/Buzz.xcodeproj
    
    Using response file: /Users/xinyufang/Library/Developer/Xcode/DerivedData/Buzz-faillbpsmponqzeruhhvskovixzk/Build/Intermediates.noindex/AppAuth.build/Debug-iphonesimulator/AppAuthCore.build/Objects-normal/arm64/e6072d4f65d7061329687fe24e3d63a7-common-args.resp
    
    /Applications/Xcode.app/Contents/Developer/Toolchains/XcodeDefault.xctoolchain/usr/bin/clang -x objective-c -ivfsstatcache /Users/xinyufang/Library/Developer/Xcode/DerivedData/SDKStatCaches.noindex/iphonesimulator26.0-23A339-26257891a6c027eb51374368541b8346.sdkstatcache -fmessage-length\=0 -fdiagnostics-show-note-include-stack -fmacro-backtrace-limit\=0 -fno-color-diagnostics -fmodules-prune-interval\=86400 -fmodules-prune-after\=345600 -fbuild-session-file\=/Users/xinyufang/Library/Developer/Xcode/DerivedData/ModuleCache.noindex/Session.modulevalidation -fmodules-validate-once-per-build-session -Wnon-modular-include-in-framework-module -Werror\=non-modular-include-in-framework-module -Wno-trigraphs -Wno-missing-field-initializers -Wno-missing-prototypes -Wno-return-type -Wno-implicit-atomic-properties -Wno-objc-interface-ivars -Wno-arc-repeated-use-of-weak -Wno-missing-braces -Wparentheses -Wswitch -Wno-unused-function -Wno-unused-label -Wno-unused-parameter -Wno-unused-variable -Wunused-value -Wno-empty-body -Wno-uninitialized -Wno-unknown-pragmas -w -Wno-shadow -Wno-four-char-constants -Wno-conversion -Wno-constant-conversion -Wno-int-conversion -Wno-bool-conversion -Wno-enum-conversion -Wno-float-conversion -Wno-non-literal-null-conversion -Wno-objc-literal-conversion -Wshorten-64-to-32 -Wpointer-sign -Wno-newline-eof -Wno-selector -Wno-strict-selector-match -Wno-undeclared-selector -Wno-deprecated-implementations -Wno-implicit-fallthrough -fstrict-aliasing -Wprotocol -Wdeprecated-declarations -Wno-sign-conversion -Wno-infinite-recursion -Wno-comma -Wno-block-capture-autoreleasing -Wno-strict-prototypes -Wno-semicolon-before-method-body -index-store-path /Users/xinyufang/Library/Developer/Xcode/DerivedData/Buzz-faillbpsmponqzeruhhvskovixzk/Index.noindex/DataStore @/Users/xinyufang/Library/Developer/Xcode/DerivedData/Buzz-faillbpsmponqzeruhhvskovixzk/Build/Intermediates.noindex/AppAuth.build/Debug-iphonesimulator/AppAuthCore.build/Objects-normal/arm64/e6072d4f65d7061329687fe24e3d63a7-common-args.resp -include /Users/xinyufang/Library/Developer/Xcode/DerivedData/Buzz-faillbpsmponqzeruhhvskovixzk/Build/Intermediates.noindex/AppAuth.build/Debug-iphonesimulator/AppAuthCore.build/DerivedSources/resource_bundle_accessor.h -MMD -MT dependencies -MF /Users/xinyufang/Library/Developer/Xcode/DerivedData/Buzz-faillbpsmponqzeruhhvskovixzk/Build/Intermediates.noindex/AppAuth.build/Debug-iphonesimulator/AppAuthCore.build/Objects-normal/arm64/OIDAuthorizationService.d --serialize-diagnostics /Users/xinyufang/Library/Developer/Xcode/DerivedData/Buzz-faillbpsmponqzeruhhvskovixzk/Build/Intermediates.noindex/AppAuth.build/Debug-iphonesimulator/AppAuthCore.build/Objects-normal/arm64/OIDAuthorizationService.dia -c /Users/xinyufang/Library/Developer/Xcode/DerivedData/Buzz-faillbpsmponqzeruhhvskovixzk/SourcePackages/checkouts/AppAuth-iOS/Sources/AppAuthCore/OIDAuthorizationService.m -o /Users/xinyufang/Library/Developer/Xcode/DerivedData/Buzz-faillbpsmponqzeruhhvskovixzk/Build/Intermediates.noindex/AppAuth.build/Debug-iphonesimulator/AppAuthCore.build/Objects-normal/arm64/OIDAuthorizationService.o -index-unit-output-path /AppAuth.build/Debug-iphonesimulator/AppAuthCore.build/Objects-normal/arm64/OIDAuthorizationService.o

CompileC /Users/xinyufang/Library/Developer/Xcode/DerivedData/Buzz-faillbpsmponqzeruhhvskovixzk/Build/Intermediates.noindex/AppAuth.build/Debug-iphonesimulator/AppAuthCore.build/Objects-normal/arm64/OIDAuthorizationResponse.o /Users/xinyufang/Library/Developer/Xcode/DerivedData/Buzz-faillbpsmponqzeruhhvskovixzk/SourcePackages/checkouts/AppAuth-iOS/Sources/AppAuthCore/OIDAuthorizationResponse.m normal arm64 objective-c com.apple.compilers.llvm.clang.1_0.compiler (in target 'AppAuthCore' from project 'AppAuth')
    cd /Users/xinyufang/Documents/Buzz/Buzz.xcodeproj
    
    Using response file: /Users/xinyufang/Library/Developer/Xcode/DerivedData/Buzz-faillbpsmponqzeruhhvskovixzk/Build/Intermediates.noindex/AppAuth.build/Debug-iphonesimulator/AppAuthCore.build/Objects-normal/arm64/e6072d4f65d7061329687fe24e3d63a7-common-args.resp
    
    /Applications/Xcode.app/Contents/Developer/Toolchains/XcodeDefault.xctoolchain/usr/bin/clang -x objective-c -ivfsstatcache /Users/xinyufang/Library/Developer/Xcode/DerivedData/SDKStatCaches.noindex/iphonesimulator26.0-23A339-26257891a6c027eb51374368541b8346.sdkstatcache -fmessage-length\=0 -fdiagnostics-show-note-include-stack -fmacro-backtrace-limit\=0 -fno-color-diagnostics -fmodules-prune-interval\=86400 -fmodules-prune-after\=345600 -fbuild-session-file\=/Users/xinyufang/Library/Developer/Xcode/DerivedData/ModuleCache.noindex/Session.modulevalidation -fmodules-validate-once-per-build-session -Wnon-modular-include-in-framework-module -Werror\=non-modular-include-in-framework-module -Wno-trigraphs -Wno-missing-field-initializers -Wno-missing-prototypes -Wno-return-type -Wno-implicit-atomic-properties -Wno-objc-interface-ivars -Wno-arc-repeated-use-of-weak -Wno-missing-braces -Wparentheses -Wswitch -Wno-unused-function -Wno-unused-label -Wno-unused-parameter -Wno-unused-variable -Wunused-value -Wno-empty-body -Wno-uninitialized -Wno-unknown-pragmas -w -Wno-shadow -Wno-four-char-constants -Wno-conversion -Wno-constant-conversion -Wno-int-conversion -Wno-bool-conversion -Wno-enum-conversion -Wno-float-conversion -Wno-non-literal-null-conversion -Wno-objc-literal-conversion -Wshorten-64-to-32 -Wpointer-sign -Wno-newline-eof -Wno-selector -Wno-strict-selector-match -Wno-undeclared-selector -Wno-deprecated-implementations -Wno-implicit-fallthrough -fstrict-aliasing -Wprotocol -Wdeprecated-declarations -Wno-sign-conversion -Wno-infinite-recursion -Wno-comma -Wno-block-capture-autoreleasing -Wno-strict-prototypes -Wno-semicolon-before-method-body -index-store-path /Users/xinyufang/Library/Developer/Xcode/DerivedData/Buzz-faillbpsmponqzeruhhvskovixzk/Index.noindex/DataStore @/Users/xinyufang/Library/Developer/Xcode/DerivedData/Buzz-faillbpsmponqzeruhhvskovixzk/Build/Intermediates.noindex/AppAuth.build/Debug-iphonesimulator/AppAuthCore.build/Objects-normal/arm64/e6072d4f65d7061329687fe24e3d63a7-common-args.resp -include /Users/xinyufang/Library/Developer/Xcode/DerivedData/Buzz-faillbpsmponqzeruhhvskovixzk/Build/Intermediates.noindex/AppAuth.build/Debug-iphonesimulator/AppAuthCore.build/DerivedSources/resource_bundle_accessor.h -MMD -MT dependencies -MF /Users/xinyufang/Library/Developer/Xcode/DerivedData/Buzz-faillbpsmponqzeruhhvskovixzk/Build/Intermediates.noindex/AppAuth.build/Debug-iphonesimulator/AppAuthCore.build/Objects-normal/arm64/OIDAuthorizationResponse.d --serialize-diagnostics /Users/xinyufang/Library/Developer/Xcode/DerivedData/Buzz-faillbpsmponqzeruhhvskovixzk/Build/Intermediates.noindex/AppAuth.build/Debug-iphonesimulator/AppAuthCore.build/Objects-normal/arm64/OIDAuthorizationResponse.dia -c /Users/xinyufang/Library/Developer/Xcode/DerivedData/Buzz-faillbpsmponqzeruhhvskovixzk/SourcePackages/checkouts/AppAuth-iOS/Sources/AppAuthCore/OIDAuthorizationResponse.m -o /Users/xinyufang/Library/Developer/Xcode/DerivedData/Buzz-faillbpsmponqzeruhhvskovixzk/Build/Intermediates.noindex/AppAuth.build/Debug-iphonesimulator/AppAuthCore.build/Objects-normal/arm64/OIDAuthorizationResponse.o -index-unit-output-path /AppAuth.build/Debug-iphonesimulator/AppAuthCore.build/Objects-normal/arm64/OIDAuthorizationResponse.o

CompileC /Users/xinyufang/Library/Developer/Xcode/DerivedData/Buzz-faillbpsmponqzeruhhvskovixzk/Build/Intermediates.noindex/AppAuth.build/Debug-iphonesimulator/AppAuthCore.build/Objects-normal/arm64/OIDAuthState.o /Users/xinyufang/Library/Developer/Xcode/DerivedData/Buzz-faillbpsmponqzeruhhvskovixzk/SourcePackages/checkouts/AppAuth-iOS/Sources/AppAuthCore/OIDAuthState.m normal arm64 objective-c com.apple.compilers.llvm.clang.1_0.compiler (in target 'AppAuthCore' from project 'AppAuth')
    cd /Users/xinyufang/Documents/Buzz/Buzz.xcodeproj
    
    Using response file: /Users/xinyufang/Library/Developer/Xcode/DerivedData/Buzz-faillbpsmponqzeruhhvskovixzk/Build/Intermediates.noindex/AppAuth.build/Debug-iphonesimulator/AppAuthCore.build/Objects-normal/arm64/e6072d4f65d7061329687fe24e3d63a7-common-args.resp
    
    /Applications/Xcode.app/Contents/Developer/Toolchains/XcodeDefault.xctoolchain/usr/bin/clang -x objective-c -ivfsstatcache /Users/xinyufang/Library/Developer/Xcode/DerivedData/SDKStatCaches.noindex/iphonesimulator26.0-23A339-26257891a6c027eb51374368541b8346.sdkstatcache -fmessage-length\=0 -fdiagnostics-show-note-include-stack -fmacro-backtrace-limit\=0 -fno-color-diagnostics -fmodules-prune-interval\=86400 -fmodules-prune-after\=345600 -fbuild-session-file\=/Users/xinyufang/Library/Developer/Xcode/DerivedData/ModuleCache.noindex/Session.modulevalidation -fmodules-validate-once-per-build-session -Wnon-modular-include-in-framework-module -Werror\=non-modular-include-in-framework-module -Wno-trigraphs -Wno-missing-field-initializers -Wno-missing-prototypes -Wno-return-type -Wno-implicit-atomic-properties -Wno-objc-interface-ivars -Wno-arc-repeated-use-of-weak -Wno-missing-braces -Wparentheses -Wswitch -Wno-unused-function -Wno-unused-label -Wno-unused-parameter -Wno-unused-variable -Wunused-value -Wno-empty-body -Wno-uninitialized -Wno-unknown-pragmas -w -Wno-shadow -Wno-four-char-constants -Wno-conversion -Wno-constant-conversion -Wno-int-conversion -Wno-bool-conversion -Wno-enum-conversion -Wno-float-conversion -Wno-non-literal-null-conversion -Wno-objc-literal-conversion -Wshorten-64-to-32 -Wpointer-sign -Wno-newline-eof -Wno-selector -Wno-strict-selector-match -Wno-undeclared-selector -Wno-deprecated-implementations -Wno-implicit-fallthrough -fstrict-aliasing -Wprotocol -Wdeprecated-declarations -Wno-sign-conversion -Wno-infinite-recursion -Wno-comma -Wno-block-capture-autoreleasing -Wno-strict-prototypes -Wno-semicolon-before-method-body -index-store-path /Users/xinyufang/Library/Developer/Xcode/DerivedData/Buzz-faillbpsmponqzeruhhvskovixzk/Index.noindex/DataStore @/Users/xinyufang/Library/Developer/Xcode/DerivedData/Buzz-faillbpsmponqzeruhhvskovixzk/Build/Intermediates.noindex/AppAuth.build/Debug-iphonesimulator/AppAuthCore.build/Objects-normal/arm64/e6072d4f65d7061329687fe24e3d63a7-common-args.resp -include /Users/xinyufang/Library/Developer/Xcode/DerivedData/Buzz-faillbpsmponqzeruhhvskovixzk/Build/Intermediates.noindex/AppAuth.build/Debug-iphonesimulator/AppAuthCore.build/DerivedSources/resource_bundle_accessor.h -MMD -MT dependencies -MF /Users/xinyufang/Library/Developer/Xcode/DerivedData/Buzz-faillbpsmponqzeruhhvskovixzk/Build/Intermediates.noindex/AppAuth.build/Debug-iphonesimulator/AppAuthCore.build/Objects-normal/arm64/OIDAuthState.d --serialize-diagnostics /Users/xinyufang/Library/Developer/Xcode/DerivedData/Buzz-faillbpsmponqzeruhhvskovixzk/Build/Intermediates.noindex/AppAuth.build/Debug-iphonesimulator/AppAuthCore.build/Objects-normal/arm64/OIDAuthState.dia -c /Users/xinyufang/Library/Developer/Xcode/DerivedData/Buzz-faillbpsmponqzeruhhvskovixzk/SourcePackages/checkouts/AppAuth-iOS/Sources/AppAuthCore/OIDAuthState.m -o /Users/xinyufang/Library/Developer/Xcode/DerivedData/Buzz-faillbpsmponqzeruhhvskovixzk/Build/Intermediates.noindex/AppAuth.build/Debug-iphonesimulator/AppAuthCore.build/Objects-normal/arm64/OIDAuthState.o -index-unit-output-path /AppAuth.build/Debug-iphonesimulator/AppAuthCore.build/Objects-normal/arm64/OIDAuthState.o

CompileC /Users/xinyufang/Library/Developer/Xcode/DerivedData/Buzz-faillbpsmponqzeruhhvskovixzk/Build/Intermediates.noindex/AppAuth.build/Debug-iphonesimulator/AppAuth.build/Objects-normal/arm64/resource_bundle_accessor.o /Users/xinyufang/Library/Developer/Xcode/DerivedData/Buzz-faillbpsmponqzeruhhvskovixzk/Build/Intermediates.noindex/AppAuth.build/Debug-iphonesimulator/AppAuth.build/DerivedSources/resource_bundle_accessor.m normal arm64 objective-c com.apple.compilers.llvm.clang.1_0.compiler (in target 'AppAuth' from project 'AppAuth')
    cd /Users/xinyufang/Documents/Buzz/Buzz.xcodeproj
    
    Using response file: /Users/xinyufang/Library/Developer/Xcode/DerivedData/Buzz-faillbpsmponqzeruhhvskovixzk/Build/Intermediates.noindex/AppAuth.build/Debug-iphonesimulator/AppAuth.build/Objects-normal/arm64/e6072d4f65d7061329687fe24e3d63a7-common-args.resp
    
    /Applications/Xcode.app/Contents/Developer/Toolchains/XcodeDefault.xctoolchain/usr/bin/clang -x objective-c -ivfsstatcache /Users/xinyufang/Library/Developer/Xcode/DerivedData/SDKStatCaches.noindex/iphonesimulator26.0-23A339-26257891a6c027eb51374368541b8346.sdkstatcache -fmessage-length\=0 -fdiagnostics-show-note-include-stack -fmacro-backtrace-limit\=0 -fno-color-diagnostics -fmodules-prune-interval\=86400 -fmodules-prune-after\=345600 -fbuild-session-file\=/Users/xinyufang/Library/Developer/Xcode/DerivedData/ModuleCache.noindex/Session.modulevalidation -fmodules-validate-once-per-build-session -Wnon-modular-include-in-framework-module -Werror\=non-modular-include-in-framework-module -Wno-trigraphs -Wno-missing-field-initializers -Wno-missing-prototypes -Wno-return-type -Wno-implicit-atomic-properties -Wno-objc-interface-ivars -Wno-arc-repeated-use-of-weak -Wno-missing-braces -Wparentheses -Wswitch -Wno-unused-function -Wno-unused-label -Wno-unused-parameter -Wno-unused-variable -Wunused-value -Wno-empty-body -Wno-uninitialized -Wno-unknown-pragmas -w -Wno-shadow -Wno-four-char-constants -Wno-conversion -Wno-constant-conversion -Wno-int-conversion -Wno-bool-conversion -Wno-enum-conversion -Wno-float-conversion -Wno-non-literal-null-conversion -Wno-objc-literal-conversion -Wshorten-64-to-32 -Wpointer-sign -Wno-newline-eof -Wno-selector -Wno-strict-selector-match -Wno-undeclared-selector -Wno-deprecated-implementations -Wno-implicit-fallthrough -fstrict-aliasing -Wprotocol -Wdeprecated-declarations -Wno-sign-conversion -Wno-infinite-recursion -Wno-comma -Wno-block-capture-autoreleasing -Wno-strict-prototypes -Wno-semicolon-before-method-body -index-store-path /Users/xinyufang/Library/Developer/Xcode/DerivedData/Buzz-faillbpsmponqzeruhhvskovixzk/Index.noindex/DataStore @/Users/xinyufang/Library/Developer/Xcode/DerivedData/Buzz-faillbpsmponqzeruhhvskovixzk/Build/Intermediates.noindex/AppAuth.build/Debug-iphonesimulator/AppAuth.build/Objects-normal/arm64/e6072d4f65d7061329687fe24e3d63a7-common-args.resp -include /Users/xinyufang/Library/Developer/Xcode/DerivedData/Buzz-faillbpsmponqzeruhhvskovixzk/Build/Intermediates.noindex/AppAuth.build/Debug-iphonesimulator/AppAuth.build/DerivedSources/resource_bundle_accessor.h -MMD -MT dependencies -MF /Users/xinyufang/Library/Developer/Xcode/DerivedData/Buzz-faillbpsmponqzeruhhvskovixzk/Build/Intermediates.noindex/AppAuth.build/Debug-iphonesimulator/AppAuth.build/Objects-normal/arm64/resource_bundle_accessor.d --serialize-diagnostics /Users/xinyufang/Library/Developer/Xcode/DerivedData/Buzz-faillbpsmponqzeruhhvskovixzk/Build/Intermediates.noindex/AppAuth.build/Debug-iphonesimulator/AppAuth.build/Objects-normal/arm64/resource_bundle_accessor.dia -c /Users/xinyufang/Library/Developer/Xcode/DerivedData/Buzz-faillbpsmponqzeruhhvskovixzk/Build/Intermediates.noindex/AppAuth.build/Debug-iphonesimulator/AppAuth.build/DerivedSources/resource_bundle_accessor.m -o /Users/xinyufang/Library/Developer/Xcode/DerivedData/Buzz-faillbpsmponqzeruhhvskovixzk/Build/Intermediates.noindex/AppAuth.build/Debug-iphonesimulator/AppAuth.build/Objects-normal/arm64/resource_bundle_accessor.o -index-unit-output-path /AppAuth.build/Debug-iphonesimulator/AppAuth.build/Objects-normal/arm64/resource_bundle_accessor.o

CompileC /Users/xinyufang/Library/Developer/Xcode/DerivedData/Buzz-faillbpsmponqzeruhhvskovixzk/Build/Intermediates.noindex/AppAuth.build/Debug-iphonesimulator/AppAuth.build/Objects-normal/arm64/OIDRedirectHTTPHandler.o /Users/xinyufang/Library/Developer/Xcode/DerivedData/Buzz-faillbpsmponqzeruhhvskovixzk/SourcePackages/checkouts/AppAuth-iOS/Sources/AppAuth/macOS/OIDRedirectHTTPHandler.m normal arm64 objective-c com.apple.compilers.llvm.clang.1_0.compiler (in target 'AppAuth' from project 'AppAuth')
    cd /Users/xinyufang/Documents/Buzz/Buzz.xcodeproj
    
    Using response file: /Users/xinyufang/Library/Developer/Xcode/DerivedData/Buzz-faillbpsmponqzeruhhvskovixzk/Build/Intermediates.noindex/AppAuth.build/Debug-iphonesimulator/AppAuth.build/Objects-normal/arm64/e6072d4f65d7061329687fe24e3d63a7-common-args.resp
    
    /Applications/Xcode.app/Contents/Developer/Toolchains/XcodeDefault.xctoolchain/usr/bin/clang -x objective-c -ivfsstatcache /Users/xinyufang/Library/Developer/Xcode/DerivedData/SDKStatCaches.noindex/iphonesimulator26.0-23A339-26257891a6c027eb51374368541b8346.sdkstatcache -fmessage-length\=0 -fdiagnostics-show-note-include-stack -fmacro-backtrace-limit\=0 -fno-color-diagnostics -fmodules-prune-interval\=86400 -fmodules-prune-after\=345600 -fbuild-session-file\=/Users/xinyufang/Library/Developer/Xcode/DerivedData/ModuleCache.noindex/Session.modulevalidation -fmodules-validate-once-per-build-session -Wnon-modular-include-in-framework-module -Werror\=non-modular-include-in-framework-module -Wno-trigraphs -Wno-missing-field-initializers -Wno-missing-prototypes -Wno-return-type -Wno-implicit-atomic-properties -Wno-objc-interface-ivars -Wno-arc-repeated-use-of-weak -Wno-missing-braces -Wparentheses -Wswitch -Wno-unused-function -Wno-unused-label -Wno-unused-parameter -Wno-unused-variable -Wunused-value -Wno-empty-body -Wno-uninitialized -Wno-unknown-pragmas -w -Wno-shadow -Wno-four-char-constants -Wno-conversion -Wno-constant-conversion -Wno-int-conversion -Wno-bool-conversion -Wno-enum-conversion -Wno-float-conversion -Wno-non-literal-null-conversion -Wno-objc-literal-conversion -Wshorten-64-to-32 -Wpointer-sign -Wno-newline-eof -Wno-selector -Wno-strict-selector-match -Wno-undeclared-selector -Wno-deprecated-implementations -Wno-implicit-fallthrough -fstrict-aliasing -Wprotocol -Wdeprecated-declarations -Wno-sign-conversion -Wno-infinite-recursion -Wno-comma -Wno-block-capture-autoreleasing -Wno-strict-prototypes -Wno-semicolon-before-method-body -index-store-path /Users/xinyufang/Library/Developer/Xcode/DerivedData/Buzz-faillbpsmponqzeruhhvskovixzk/Index.noindex/DataStore @/Users/xinyufang/Library/Developer/Xcode/DerivedData/Buzz-faillbpsmponqzeruhhvskovixzk/Build/Intermediates.noindex/AppAuth.build/Debug-iphonesimulator/AppAuth.build/Objects-normal/arm64/e6072d4f65d7061329687fe24e3d63a7-common-args.resp -include /Users/xinyufang/Library/Developer/Xcode/DerivedData/Buzz-faillbpsmponqzeruhhvskovixzk/Build/Intermediates.noindex/AppAuth.build/Debug-iphonesimulator/AppAuth.build/DerivedSources/resource_bundle_accessor.h -MMD -MT dependencies -MF /Users/xinyufang/Library/Developer/Xcode/DerivedData/Buzz-faillbpsmponqzeruhhvskovixzk/Build/Intermediates.noindex/AppAuth.build/Debug-iphonesimulator/AppAuth.build/Objects-normal/arm64/OIDRedirectHTTPHandler.d --serialize-diagnostics /Users/xinyufang/Library/Developer/Xcode/DerivedData/Buzz-faillbpsmponqzeruhhvskovixzk/Build/Intermediates.noindex/AppAuth.build/Debug-iphonesimulator/AppAuth.build/Objects-normal/arm64/OIDRedirectHTTPHandler.dia -c /Users/xinyufang/Library/Developer/Xcode/DerivedData/Buzz-faillbpsmponqzeruhhvskovixzk/SourcePackages/checkouts/AppAuth-iOS/Sources/AppAuth/macOS/OIDRedirectHTTPHandler.m -o /Users/xinyufang/Library/Developer/Xcode/DerivedData/Buzz-faillbpsmponqzeruhhvskovixzk/Build/Intermediates.noindex/AppAuth.build/Debug-iphonesimulator/AppAuth.build/Objects-normal/arm64/OIDRedirectHTTPHandler.o -index-unit-output-path /AppAuth.build/Debug-iphonesimulator/AppAuth.build/Objects-normal/arm64/OIDRedirectHTTPHandler.o

CompileC /Users/xinyufang/Library/Developer/Xcode/DerivedData/Buzz-faillbpsmponqzeruhhvskovixzk/Build/Intermediates.noindex/AppAuth.build/Debug-iphonesimulator/AppAuth.build/Objects-normal/arm64/OIDLoopbackHTTPServer.o /Users/xinyufang/Library/Developer/Xcode/DerivedData/Buzz-faillbpsmponqzeruhhvskovixzk/SourcePackages/checkouts/AppAuth-iOS/Sources/AppAuth/macOS/LoopbackHTTPServer/OIDLoopbackHTTPServer.m normal arm64 objective-c com.apple.compilers.llvm.clang.1_0.compiler (in target 'AppAuth' from project 'AppAuth')
    cd /Users/xinyufang/Documents/Buzz/Buzz.xcodeproj
    
    Using response file: /Users/xinyufang/Library/Developer/Xcode/DerivedData/Buzz-faillbpsmponqzeruhhvskovixzk/Build/Intermediates.noindex/AppAuth.build/Debug-iphonesimulator/AppAuth.build/Objects-normal/arm64/e6072d4f65d7061329687fe24e3d63a7-common-args.resp
    
    /Applications/Xcode.app/Contents/Developer/Toolchains/XcodeDefault.xctoolchain/usr/bin/clang -x objective-c -ivfsstatcache /Users/xinyufang/Library/Developer/Xcode/DerivedData/SDKStatCaches.noindex/iphonesimulator26.0-23A339-26257891a6c027eb51374368541b8346.sdkstatcache -fmessage-length\=0 -fdiagnostics-show-note-include-stack -fmacro-backtrace-limit\=0 -fno-color-diagnostics -fmodules-prune-interval\=86400 -fmodules-prune-after\=345600 -fbuild-session-file\=/Users/xinyufang/Library/Developer/Xcode/DerivedData/ModuleCache.noindex/Session.modulevalidation -fmodules-validate-once-per-build-session -Wnon-modular-include-in-framework-module -Werror\=non-modular-include-in-framework-module -Wno-trigraphs -Wno-missing-field-initializers -Wno-missing-prototypes -Wno-return-type -Wno-implicit-atomic-properties -Wno-objc-interface-ivars -Wno-arc-repeated-use-of-weak -Wno-missing-braces -Wparentheses -Wswitch -Wno-unused-function -Wno-unused-label -Wno-unused-parameter -Wno-unused-variable -Wunused-value -Wno-empty-body -Wno-uninitialized -Wno-unknown-pragmas -w -Wno-shadow -Wno-four-char-constants -Wno-conversion -Wno-constant-conversion -Wno-int-conversion -Wno-bool-conversion -Wno-enum-conversion -Wno-float-conversion -Wno-non-literal-null-conversion -Wno-objc-literal-conversion -Wshorten-64-to-32 -Wpointer-sign -Wno-newline-eof -Wno-selector -Wno-strict-selector-match -Wno-undeclared-selector -Wno-deprecated-implementations -Wno-implicit-fallthrough -fstrict-aliasing -Wprotocol -Wdeprecated-declarations -Wno-sign-conversion -Wno-infinite-recursion -Wno-comma -Wno-block-capture-autoreleasing -Wno-strict-prototypes -Wno-semicolon-before-method-body -index-store-path /Users/xinyufang/Library/Developer/Xcode/DerivedData/Buzz-faillbpsmponqzeruhhvskovixzk/Index.noindex/DataStore @/Users/xinyufang/Library/Developer/Xcode/DerivedData/Buzz-faillbpsmponqzeruhhvskovixzk/Build/Intermediates.noindex/AppAuth.build/Debug-iphonesimulator/AppAuth.build/Objects-normal/arm64/e6072d4f65d7061329687fe24e3d63a7-common-args.resp -include /Users/xinyufang/Library/Developer/Xcode/DerivedData/Buzz-faillbpsmponqzeruhhvskovixzk/Build/Intermediates.noindex/AppAuth.build/Debug-iphonesimulator/AppAuth.build/DerivedSources/resource_bundle_accessor.h -MMD -MT dependencies -MF /Users/xinyufang/Library/Developer/Xcode/DerivedData/Buzz-faillbpsmponqzeruhhvskovixzk/Build/Intermediates.noindex/AppAuth.build/Debug-iphonesimulator/AppAuth.build/Objects-normal/arm64/OIDLoopbackHTTPServer.d --serialize-diagnostics /Users/xinyufang/Library/Developer/Xcode/DerivedData/Buzz-faillbpsmponqzeruhhvskovixzk/Build/Intermediates.noindex/AppAuth.build/Debug-iphonesimulator/AppAuth.build/Objects-normal/arm64/OIDLoopbackHTTPServer.dia -c /Users/xinyufang/Library/Developer/Xcode/DerivedData/Buzz-faillbpsmponqzeruhhvskovixzk/SourcePackages/checkouts/AppAuth-iOS/Sources/AppAuth/macOS/LoopbackHTTPServer/OIDLoopbackHTTPServer.m -o /Users/xinyufang/Library/Developer/Xcode/DerivedData/Buzz-faillbpsmponqzeruhhvskovixzk/Build/Intermediates.noindex/AppAuth.build/Debug-iphonesimulator/AppAuth.build/Objects-normal/arm64/OIDLoopbackHTTPServer.o -index-unit-output-path /AppAuth.build/Debug-iphonesimulator/AppAuth.build/Objects-normal/arm64/OIDLoopbackHTTPServer.o

CompileC /Users/xinyufang/Library/Developer/Xcode/DerivedData/Buzz-faillbpsmponqzeruhhvskovixzk/Build/Intermediates.noindex/AppAuth.build/Debug-iphonesimulator/AppAuth.build/Objects-normal/arm64/OIDExternalUserAgentMac.o /Users/xinyufang/Library/Developer/Xcode/DerivedData/Buzz-faillbpsmponqzeruhhvskovixzk/SourcePackages/checkouts/AppAuth-iOS/Sources/AppAuth/macOS/OIDExternalUserAgentMac.m normal arm64 objective-c com.apple.compilers.llvm.clang.1_0.compiler (in target 'AppAuth' from project 'AppAuth')
    cd /Users/xinyufang/Documents/Buzz/Buzz.xcodeproj
    
    Using response file: /Users/xinyufang/Library/Developer/Xcode/DerivedData/Buzz-faillbpsmponqzeruhhvskovixzk/Build/Intermediates.noindex/AppAuth.build/Debug-iphonesimulator/AppAuth.build/Objects-normal/arm64/e6072d4f65d7061329687fe24e3d63a7-common-args.resp
    
    /Applications/Xcode.app/Contents/Developer/Toolchains/XcodeDefault.xctoolchain/usr/bin/clang -x objective-c -ivfsstatcache /Users/xinyufang/Library/Developer/Xcode/DerivedData/SDKStatCaches.noindex/iphonesimulator26.0-23A339-26257891a6c027eb51374368541b8346.sdkstatcache -fmessage-length\=0 -fdiagnostics-show-note-include-stack -fmacro-backtrace-limit\=0 -fno-color-diagnostics -fmodules-prune-interval\=86400 -fmodules-prune-after\=345600 -fbuild-session-file\=/Users/xinyufang/Library/Developer/Xcode/DerivedData/ModuleCache.noindex/Session.modulevalidation -fmodules-validate-once-per-build-session -Wnon-modular-include-in-framework-module -Werror\=non-modular-include-in-framework-module -Wno-trigraphs -Wno-missing-field-initializers -Wno-missing-prototypes -Wno-return-type -Wno-implicit-atomic-properties -Wno-objc-interface-ivars -Wno-arc-repeated-use-of-weak -Wno-missing-braces -Wparentheses -Wswitch -Wno-unused-function -Wno-unused-label -Wno-unused-parameter -Wno-unused-variable -Wunused-value -Wno-empty-body -Wno-uninitialized -Wno-unknown-pragmas -w -Wno-shadow -Wno-four-char-constants -Wno-conversion -Wno-constant-conversion -Wno-int-conversion -Wno-bool-conversion -Wno-enum-conversion -Wno-float-conversion -Wno-non-literal-null-conversion -Wno-objc-literal-conversion -Wshorten-64-to-32 -Wpointer-sign -Wno-newline-eof -Wno-selector -Wno-strict-selector-match -Wno-undeclared-selector -Wno-deprecated-implementations -Wno-implicit-fallthrough -fstrict-aliasing -Wprotocol -Wdeprecated-declarations -Wno-sign-conversion -Wno-infinite-recursion -Wno-comma -Wno-block-capture-autoreleasing -Wno-strict-prototypes -Wno-semicolon-before-method-body -index-store-path /Users/xinyufang/Library/Developer/Xcode/DerivedData/Buzz-faillbpsmponqzeruhhvskovixzk/Index.noindex/DataStore @/Users/xinyufang/Library/Developer/Xcode/DerivedData/Buzz-faillbpsmponqzeruhhvskovixzk/Build/Intermediates.noindex/AppAuth.build/Debug-iphonesimulator/AppAuth.build/Objects-normal/arm64/e6072d4f65d7061329687fe24e3d63a7-common-args.resp -include /Users/xinyufang/Library/Developer/Xcode/DerivedData/Buzz-faillbpsmponqzeruhhvskovixzk/Build/Intermediates.noindex/AppAuth.build/Debug-iphonesimulator/AppAuth.build/DerivedSources/resource_bundle_accessor.h -MMD -MT dependencies -MF /Users/xinyufang/Library/Developer/Xcode/DerivedData/Buzz-faillbpsmponqzeruhhvskovixzk/Build/Intermediates.noindex/AppAuth.build/Debug-iphonesimulator/AppAuth.build/Objects-normal/arm64/OIDExternalUserAgentMac.d --serialize-diagnostics /Users/xinyufang/Library/Developer/Xcode/DerivedData/Buzz-faillbpsmponqzeruhhvskovixzk/Build/Intermediates.noindex/AppAuth.build/Debug-iphonesimulator/AppAuth.build/Objects-normal/arm64/OIDExternalUserAgentMac.dia -c /Users/xinyufang/Library/Developer/Xcode/DerivedData/Buzz-faillbpsmponqzeruhhvskovixzk/SourcePackages/checkouts/AppAuth-iOS/Sources/AppAuth/macOS/OIDExternalUserAgentMac.m -o /Users/xinyufang/Library/Developer/Xcode/DerivedData/Buzz-faillbpsmponqzeruhhvskovixzk/Build/Intermediates.noindex/AppAuth.build/Debug-iphonesimulator/AppAuth.build/Objects-normal/arm64/OIDExternalUserAgentMac.o -index-unit-output-path /AppAuth.build/Debug-iphonesimulator/AppAuth.build/Objects-normal/arm64/OIDExternalUserAgentMac.o

PrecompileModule /Users/xinyufang/Library/Developer/Xcode/DerivedData/Buzz-faillbpsmponqzeruhhvskovixzk/Build/Intermediates.noindex/ExplicitPrecompiledModules/QuartzCore-CYN9XNANUDTR9P50FKTFIKW9X.scan
    cd /
    builtin-precompileModule /Users/xinyufang/Library/Developer/Xcode/DerivedData/Buzz-faillbpsmponqzeruhhvskovixzk/Build/Intermediates.noindex/ExplicitPrecompiledModules/QuartzCore-CYN9XNANUDTR9P50FKTFIKW9X.scan

PrecompileModule /Users/xinyufang/Library/Developer/Xcode/DerivedData/Buzz-faillbpsmponqzeruhhvskovixzk/Build/Intermediates.noindex/ExplicitPrecompiledModules/CoreImage-CD69S5OL3YI82I02O02IZV7Z3.scan
    cd /
    builtin-precompileModule /Users/xinyufang/Library/Developer/Xcode/DerivedData/Buzz-faillbpsmponqzeruhhvskovixzk/Build/Intermediates.noindex/ExplicitPrecompiledModules/CoreImage-CD69S5OL3YI82I02O02IZV7Z3.scan

ScanDependencies /Users/xinyufang/Library/Developer/Xcode/DerivedData/Buzz-faillbpsmponqzeruhhvskovixzk/Build/Intermediates.noindex/AppAuth.build/Debug-iphonesimulator/AppAuth.build/Objects-normal/arm64/OIDExternalUserAgentIOS.o /Users/xinyufang/Library/Developer/Xcode/DerivedData/Buzz-faillbpsmponqzeruhhvskovixzk/SourcePackages/checkouts/AppAuth-iOS/Sources/AppAuth/iOS/OIDExternalUserAgentIOS.m normal arm64 objective-c com.apple.compilers.llvm.clang.1_0.compiler (in target 'AppAuth' from project 'AppAuth')
    cd /Users/xinyufang/Documents/Buzz/Buzz.xcodeproj
    
    Using response file: /Users/xinyufang/Library/Developer/Xcode/DerivedData/Buzz-faillbpsmponqzeruhhvskovixzk/Build/Intermediates.noindex/AppAuth.build/Debug-iphonesimulator/AppAuth.build/Objects-normal/arm64/e6072d4f65d7061329687fe24e3d63a7-common-args.resp
    
    builtin-ScanDependencies -o /Users/xinyufang/Library/Developer/Xcode/DerivedData/Buzz-faillbpsmponqzeruhhvskovixzk/Build/Intermediates.noindex/AppAuth.build/Debug-iphonesimulator/AppAuth.build/Objects-normal/arm64/OIDExternalUserAgentIOS.o.scan -- /Applications/Xcode.app/Contents/Developer/Toolchains/XcodeDefault.xctoolchain/usr/bin/clang -x objective-c -ivfsstatcache /Users/xinyufang/Library/Developer/Xcode/DerivedData/SDKStatCaches.noindex/iphonesimulator26.0-23A339-26257891a6c027eb51374368541b8346.sdkstatcache -fmessage-length\=0 -fdiagnostics-show-note-include-stack -fmacro-backtrace-limit\=0 -fno-color-diagnostics -fmodules-prune-interval\=86400 -fmodules-prune-after\=345600 -fbuild-session-file\=/Users/xinyufang/Library/Developer/Xcode/DerivedData/ModuleCache.noindex/Session.modulevalidation -fmodules-validate-once-per-build-session -Wnon-modular-include-in-framework-module -Werror\=non-modular-include-in-framework-module -Wno-trigraphs -Wno-missing-field-initializers -Wno-missing-prototypes -Wno-return-type -Wno-implicit-atomic-properties -Wno-objc-interface-ivars -Wno-arc-repeated-use-of-weak -Wno-missing-braces -Wparentheses -Wswitch -Wno-unused-function -Wno-unused-label -Wno-unused-parameter -Wno-unused-variable -Wunused-value -Wno-empty-body -Wno-uninitialized -Wno-unknown-pragmas -w -Wno-shadow -Wno-four-char-constants -Wno-conversion -Wno-constant-conversion -Wno-int-conversion -Wno-bool-conversion -Wno-enum-conversion -Wno-float-conversion -Wno-non-literal-null-conversion -Wno-objc-literal-conversion -Wshorten-64-to-32 -Wpointer-sign -Wno-newline-eof -Wno-selector -Wno-strict-selector-match -Wno-undeclared-selector -Wno-deprecated-implementations -Wno-implicit-fallthrough -fstrict-aliasing -Wprotocol -Wdeprecated-declarations -Wno-sign-conversion -Wno-infinite-recursion -Wno-comma -Wno-block-capture-autoreleasing -Wno-strict-prototypes -Wno-semicolon-before-method-body -index-store-path /Users/xinyufang/Library/Developer/Xcode/DerivedData/Buzz-faillbpsmponqzeruhhvskovixzk/Index.noindex/DataStore @/Users/xinyufang/Library/Developer/Xcode/DerivedData/Buzz-faillbpsmponqzeruhhvskovixzk/Build/Intermediates.noindex/AppAuth.build/Debug-iphonesimulator/AppAuth.build/Objects-normal/arm64/e6072d4f65d7061329687fe24e3d63a7-common-args.resp -include /Users/xinyufang/Library/Developer/Xcode/DerivedData/Buzz-faillbpsmponqzeruhhvskovixzk/Build/Intermediates.noindex/AppAuth.build/Debug-iphonesimulator/AppAuth.build/DerivedSources/resource_bundle_accessor.h -MMD -MT dependencies -MF /Users/xinyufang/Library/Developer/Xcode/DerivedData/Buzz-faillbpsmponqzeruhhvskovixzk/Build/Intermediates.noindex/AppAuth.build/Debug-iphonesimulator/AppAuth.build/Objects-normal/arm64/OIDExternalUserAgentIOS.d --serialize-diagnostics /Users/xinyufang/Library/Developer/Xcode/DerivedData/Buzz-faillbpsmponqzeruhhvskovixzk/Build/Intermediates.noindex/AppAuth.build/Debug-iphonesimulator/AppAuth.build/Objects-normal/arm64/OIDExternalUserAgentIOS.dia -c /Users/xinyufang/Library/Developer/Xcode/DerivedData/Buzz-faillbpsmponqzeruhhvskovixzk/SourcePackages/checkouts/AppAuth-iOS/Sources/AppAuth/iOS/OIDExternalUserAgentIOS.m -o /Users/xinyufang/Library/Developer/Xcode/DerivedData/Buzz-faillbpsmponqzeruhhvskovixzk/Build/Intermediates.noindex/AppAuth.build/Debug-iphonesimulator/AppAuth.build/Objects-normal/arm64/OIDExternalUserAgentIOS.o -index-unit-output-path /AppAuth.build/Debug-iphonesimulator/AppAuth.build/Objects-normal/arm64/OIDExternalUserAgentIOS.o

PrecompileModule /Users/xinyufang/Library/Developer/Xcode/DerivedData/Buzz-faillbpsmponqzeruhhvskovixzk/Build/Intermediates.noindex/ExplicitPrecompiledModules/AppAuthCore-7WGR3LKCK3NR62MHFCI03ZL58.scan
    cd /
    builtin-precompileModule /Users/xinyufang/Library/Developer/Xcode/DerivedData/Buzz-faillbpsmponqzeruhhvskovixzk/Build/Intermediates.noindex/ExplicitPrecompiledModules/AppAuthCore-7WGR3LKCK3NR62MHFCI03ZL58.scan

ScanDependencies /Users/xinyufang/Library/Developer/Xcode/DerivedData/Buzz-faillbpsmponqzeruhhvskovixzk/Build/Intermediates.noindex/AppAuth.build/Debug-iphonesimulator/AppAuth.build/Objects-normal/arm64/OIDExternalUserAgentCatalyst.o /Users/xinyufang/Library/Developer/Xcode/DerivedData/Buzz-faillbpsmponqzeruhhvskovixzk/SourcePackages/checkouts/AppAuth-iOS/Sources/AppAuth/iOS/OIDExternalUserAgentCatalyst.m normal arm64 objective-c com.apple.compilers.llvm.clang.1_0.compiler (in target 'AppAuth' from project 'AppAuth')
    cd /Users/xinyufang/Documents/Buzz/Buzz.xcodeproj
    
    Using response file: /Users/xinyufang/Library/Developer/Xcode/DerivedData/Buzz-faillbpsmponqzeruhhvskovixzk/Build/Intermediates.noindex/AppAuth.build/Debug-iphonesimulator/AppAuth.build/Objects-normal/arm64/e6072d4f65d7061329687fe24e3d63a7-common-args.resp
    
    builtin-ScanDependencies -o /Users/xinyufang/Library/Developer/Xcode/DerivedData/Buzz-faillbpsmponqzeruhhvskovixzk/Build/Intermediates.noindex/AppAuth.build/Debug-iphonesimulator/AppAuth.build/Objects-normal/arm64/OIDExternalUserAgentCatalyst.o.scan -- /Applications/Xcode.app/Contents/Developer/Toolchains/XcodeDefault.xctoolchain/usr/bin/clang -x objective-c -ivfsstatcache /Users/xinyufang/Library/Developer/Xcode/DerivedData/SDKStatCaches.noindex/iphonesimulator26.0-23A339-26257891a6c027eb51374368541b8346.sdkstatcache -fmessage-length\=0 -fdiagnostics-show-note-include-stack -fmacro-backtrace-limit\=0 -fno-color-diagnostics -fmodules-prune-interval\=86400 -fmodules-prune-after\=345600 -fbuild-session-file\=/Users/xinyufang/Library/Developer/Xcode/DerivedData/ModuleCache.noindex/Session.modulevalidation -fmodules-validate-once-per-build-session -Wnon-modular-include-in-framework-module -Werror\=non-modular-include-in-framework-module -Wno-trigraphs -Wno-missing-field-initializers -Wno-missing-prototypes -Wno-return-type -Wno-implicit-atomic-properties -Wno-objc-interface-ivars -Wno-arc-repeated-use-of-weak -Wno-missing-braces -Wparentheses -Wswitch -Wno-unused-function -Wno-unused-label -Wno-unused-parameter -Wno-unused-variable -Wunused-value -Wno-empty-body -Wno-uninitialized -Wno-unknown-pragmas -w -Wno-shadow -Wno-four-char-constants -Wno-conversion -Wno-constant-conversion -Wno-int-conversion -Wno-bool-conversion -Wno-enum-conversion -Wno-float-conversion -Wno-non-literal-null-conversion -Wno-objc-literal-conversion -Wshorten-64-to-32 -Wpointer-sign -Wno-newline-eof -Wno-selector -Wno-strict-selector-match -Wno-undeclared-selector -Wno-deprecated-implementations -Wno-implicit-fallthrough -fstrict-aliasing -Wprotocol -Wdeprecated-declarations -Wno-sign-conversion -Wno-infinite-recursion -Wno-comma -Wno-block-capture-autoreleasing -Wno-strict-prototypes -Wno-semicolon-before-method-body -index-store-path /Users/xinyufang/Library/Developer/Xcode/DerivedData/Buzz-faillbpsmponqzeruhhvskovixzk/Index.noindex/DataStore @/Users/xinyufang/Library/Developer/Xcode/DerivedData/Buzz-faillbpsmponqzeruhhvskovixzk/Build/Intermediates.noindex/AppAuth.build/Debug-iphonesimulator/AppAuth.build/Objects-normal/arm64/e6072d4f65d7061329687fe24e3d63a7-common-args.resp -include /Users/xinyufang/Library/Developer/Xcode/DerivedData/Buzz-faillbpsmponqzeruhhvskovixzk/Build/Intermediates.noindex/AppAuth.build/Debug-iphonesimulator/AppAuth.build/DerivedSources/resource_bundle_accessor.h -MMD -MT dependencies -MF /Users/xinyufang/Library/Developer/Xcode/DerivedData/Buzz-faillbpsmponqzeruhhvskovixzk/Build/Intermediates.noindex/AppAuth.build/Debug-iphonesimulator/AppAuth.build/Objects-normal/arm64/OIDExternalUserAgentCatalyst.d --serialize-diagnostics /Users/xinyufang/Library/Developer/Xcode/DerivedData/Buzz-faillbpsmponqzeruhhvskovixzk/Build/Intermediates.noindex/AppAuth.build/Debug-iphonesimulator/AppAuth.build/Objects-normal/arm64/OIDExternalUserAgentCatalyst.dia -c /Users/xinyufang/Library/Developer/Xcode/DerivedData/Buzz-faillbpsmponqzeruhhvskovixzk/SourcePackages/checkouts/AppAuth-iOS/Sources/AppAuth/iOS/OIDExternalUserAgentCatalyst.m -o /Users/xinyufang/Library/Developer/Xcode/DerivedData/Buzz-faillbpsmponqzeruhhvskovixzk/Build/Intermediates.noindex/AppAuth.build/Debug-iphonesimulator/AppAuth.build/Objects-normal/arm64/OIDExternalUserAgentCatalyst.o -index-unit-output-path /AppAuth.build/Debug-iphonesimulator/AppAuth.build/Objects-normal/arm64/OIDExternalUserAgentCatalyst.o

ScanDependencies /Users/xinyufang/Library/Developer/Xcode/DerivedData/Buzz-faillbpsmponqzeruhhvskovixzk/Build/Intermediates.noindex/AppAuth.build/Debug-iphonesimulator/AppAuth.build/Objects-normal/arm64/OIDAuthorizationService+Mac.o /Users/xinyufang/Library/Developer/Xcode/DerivedData/Buzz-faillbpsmponqzeruhhvskovixzk/SourcePackages/checkouts/AppAuth-iOS/Sources/AppAuth/macOS/OIDAuthorizationService+Mac.m normal arm64 objective-c com.apple.compilers.llvm.clang.1_0.compiler (in target 'AppAuth' from project 'AppAuth')
    cd /Users/xinyufang/Documents/Buzz/Buzz.xcodeproj
    
    Using response file: /Users/xinyufang/Library/Developer/Xcode/DerivedData/Buzz-faillbpsmponqzeruhhvskovixzk/Build/Intermediates.noindex/AppAuth.build/Debug-iphonesimulator/AppAuth.build/Objects-normal/arm64/e6072d4f65d7061329687fe24e3d63a7-common-args.resp
    
    builtin-ScanDependencies -o /Users/xinyufang/Library/Developer/Xcode/DerivedData/Buzz-faillbpsmponqzeruhhvskovixzk/Build/Intermediates.noindex/AppAuth.build/Debug-iphonesimulator/AppAuth.build/Objects-normal/arm64/OIDAuthorizationService+Mac.o.scan -- /Applications/Xcode.app/Contents/Developer/Toolchains/XcodeDefault.xctoolchain/usr/bin/clang -x objective-c -ivfsstatcache /Users/xinyufang/Library/Developer/Xcode/DerivedData/SDKStatCaches.noindex/iphonesimulator26.0-23A339-26257891a6c027eb51374368541b8346.sdkstatcache -fmessage-length\=0 -fdiagnostics-show-note-include-stack -fmacro-backtrace-limit\=0 -fno-color-diagnostics -fmodules-prune-interval\=86400 -fmodules-prune-after\=345600 -fbuild-session-file\=/Users/xinyufang/Library/Developer/Xcode/DerivedData/ModuleCache.noindex/Session.modulevalidation -fmodules-validate-once-per-build-session -Wnon-modular-include-in-framework-module -Werror\=non-modular-include-in-framework-module -Wno-trigraphs -Wno-missing-field-initializers -Wno-missing-prototypes -Wno-return-type -Wno-implicit-atomic-properties -Wno-objc-interface-ivars -Wno-arc-repeated-use-of-weak -Wno-missing-braces -Wparentheses -Wswitch -Wno-unused-function -Wno-unused-label -Wno-unused-parameter -Wno-unused-variable -Wunused-value -Wno-empty-body -Wno-uninitialized -Wno-unknown-pragmas -w -Wno-shadow -Wno-four-char-constants -Wno-conversion -Wno-constant-conversion -Wno-int-conversion -Wno-bool-conversion -Wno-enum-conversion -Wno-float-conversion -Wno-non-literal-null-conversion -Wno-objc-literal-conversion -Wshorten-64-to-32 -Wpointer-sign -Wno-newline-eof -Wno-selector -Wno-strict-selector-match -Wno-undeclared-selector -Wno-deprecated-implementations -Wno-implicit-fallthrough -fstrict-aliasing -Wprotocol -Wdeprecated-declarations -Wno-sign-conversion -Wno-infinite-recursion -Wno-comma -Wno-block-capture-autoreleasing -Wno-strict-prototypes -Wno-semicolon-before-method-body -index-store-path /Users/xinyufang/Library/Developer/Xcode/DerivedData/Buzz-faillbpsmponqzeruhhvskovixzk/Index.noindex/DataStore @/Users/xinyufang/Library/Developer/Xcode/DerivedData/Buzz-faillbpsmponqzeruhhvskovixzk/Build/Intermediates.noindex/AppAuth.build/Debug-iphonesimulator/AppAuth.build/Objects-normal/arm64/e6072d4f65d7061329687fe24e3d63a7-common-args.resp -include /Users/xinyufang/Library/Developer/Xcode/DerivedData/Buzz-faillbpsmponqzeruhhvskovixzk/Build/Intermediates.noindex/AppAuth.build/Debug-iphonesimulator/AppAuth.build/DerivedSources/resource_bundle_accessor.h -MMD -MT dependencies -MF /Users/xinyufang/Library/Developer/Xcode/DerivedData/Buzz-faillbpsmponqzeruhhvskovixzk/Build/Intermediates.noindex/AppAuth.build/Debug-iphonesimulator/AppAuth.build/Objects-normal/arm64/OIDAuthorizationService+Mac.d --serialize-diagnostics /Users/xinyufang/Library/Developer/Xcode/DerivedData/Buzz-faillbpsmponqzeruhhvskovixzk/Build/Intermediates.noindex/AppAuth.build/Debug-iphonesimulator/AppAuth.build/Objects-normal/arm64/OIDAuthorizationService+Mac.dia -c /Users/xinyufang/Library/Developer/Xcode/DerivedData/Buzz-faillbpsmponqzeruhhvskovixzk/SourcePackages/checkouts/AppAuth-iOS/Sources/AppAuth/macOS/OIDAuthorizationService+Mac.m -o /Users/xinyufang/Library/Developer/Xcode/DerivedData/Buzz-faillbpsmponqzeruhhvskovixzk/Build/Intermediates.noindex/AppAuth.build/Debug-iphonesimulator/AppAuth.build/Objects-normal/arm64/OIDAuthorizationService+Mac.o -index-unit-output-path /AppAuth.build/Debug-iphonesimulator/AppAuth.build/Objects-normal/arm64/OIDAuthorizationService+Mac.o

ScanDependencies /Users/xinyufang/Library/Developer/Xcode/DerivedData/Buzz-faillbpsmponqzeruhhvskovixzk/Build/Intermediates.noindex/AppAuth.build/Debug-iphonesimulator/AppAuth.build/Objects-normal/arm64/OIDAuthorizationService+IOS.o /Users/xinyufang/Library/Developer/Xcode/DerivedData/Buzz-faillbpsmponqzeruhhvskovixzk/SourcePackages/checkouts/AppAuth-iOS/Sources/AppAuth/iOS/OIDAuthorizationService+IOS.m normal arm64 objective-c com.apple.compilers.llvm.clang.1_0.compiler (in target 'AppAuth' from project 'AppAuth')
    cd /Users/xinyufang/Documents/Buzz/Buzz.xcodeproj
    
    Using response file: /Users/xinyufang/Library/Developer/Xcode/DerivedData/Buzz-faillbpsmponqzeruhhvskovixzk/Build/Intermediates.noindex/AppAuth.build/Debug-iphonesimulator/AppAuth.build/Objects-normal/arm64/e6072d4f65d7061329687fe24e3d63a7-common-args.resp
    
    builtin-ScanDependencies -o /Users/xinyufang/Library/Developer/Xcode/DerivedData/Buzz-faillbpsmponqzeruhhvskovixzk/Build/Intermediates.noindex/AppAuth.build/Debug-iphonesimulator/AppAuth.build/Objects-normal/arm64/OIDAuthorizationService+IOS.o.scan -- /Applications/Xcode.app/Contents/Developer/Toolchains/XcodeDefault.xctoolchain/usr/bin/clang -x objective-c -ivfsstatcache /Users/xinyufang/Library/Developer/Xcode/DerivedData/SDKStatCaches.noindex/iphonesimulator26.0-23A339-26257891a6c027eb51374368541b8346.sdkstatcache -fmessage-length\=0 -fdiagnostics-show-note-include-stack -fmacro-backtrace-limit\=0 -fno-color-diagnostics -fmodules-prune-interval\=86400 -fmodules-prune-after\=345600 -fbuild-session-file\=/Users/xinyufang/Library/Developer/Xcode/DerivedData/ModuleCache.noindex/Session.modulevalidation -fmodules-validate-once-per-build-session -Wnon-modular-include-in-framework-module -Werror\=non-modular-include-in-framework-module -Wno-trigraphs -Wno-missing-field-initializers -Wno-missing-prototypes -Wno-return-type -Wno-implicit-atomic-properties -Wno-objc-interface-ivars -Wno-arc-repeated-use-of-weak -Wno-missing-braces -Wparentheses -Wswitch -Wno-unused-function -Wno-unused-label -Wno-unused-parameter -Wno-unused-variable -Wunused-value -Wno-empty-body -Wno-uninitialized -Wno-unknown-pragmas -w -Wno-shadow -Wno-four-char-constants -Wno-conversion -Wno-constant-conversion -Wno-int-conversion -Wno-bool-conversion -Wno-enum-conversion -Wno-float-conversion -Wno-non-literal-null-conversion -Wno-objc-literal-conversion -Wshorten-64-to-32 -Wpointer-sign -Wno-newline-eof -Wno-selector -Wno-strict-selector-match -Wno-undeclared-selector -Wno-deprecated-implementations -Wno-implicit-fallthrough -fstrict-aliasing -Wprotocol -Wdeprecated-declarations -Wno-sign-conversion -Wno-infinite-recursion -Wno-comma -Wno-block-capture-autoreleasing -Wno-strict-prototypes -Wno-semicolon-before-method-body -index-store-path /Users/xinyufang/Library/Developer/Xcode/DerivedData/Buzz-faillbpsmponqzeruhhvskovixzk/Index.noindex/DataStore @/Users/xinyufang/Library/Developer/Xcode/DerivedData/Buzz-faillbpsmponqzeruhhvskovixzk/Build/Intermediates.noindex/AppAuth.build/Debug-iphonesimulator/AppAuth.build/Objects-normal/arm64/e6072d4f65d7061329687fe24e3d63a7-common-args.resp -include /Users/xinyufang/Library/Developer/Xcode/DerivedData/Buzz-faillbpsmponqzeruhhvskovixzk/Build/Intermediates.noindex/AppAuth.build/Debug-iphonesimulator/AppAuth.build/DerivedSources/resource_bundle_accessor.h -MMD -MT dependencies -MF /Users/xinyufang/Library/Developer/Xcode/DerivedData/Buzz-faillbpsmponqzeruhhvskovixzk/Build/Intermediates.noindex/AppAuth.build/Debug-iphonesimulator/AppAuth.build/Objects-normal/arm64/OIDAuthorizationService+IOS.d --serialize-diagnostics /Users/xinyufang/Library/Developer/Xcode/DerivedData/Buzz-faillbpsmponqzeruhhvskovixzk/Build/Intermediates.noindex/AppAuth.build/Debug-iphonesimulator/AppAuth.build/Objects-normal/arm64/OIDAuthorizationService+IOS.dia -c /Users/xinyufang/Library/Developer/Xcode/DerivedData/Buzz-faillbpsmponqzeruhhvskovixzk/SourcePackages/checkouts/AppAuth-iOS/Sources/AppAuth/iOS/OIDAuthorizationService+IOS.m -o /Users/xinyufang/Library/Developer/Xcode/DerivedData/Buzz-faillbpsmponqzeruhhvskovixzk/Build/Intermediates.noindex/AppAuth.build/Debug-iphonesimulator/AppAuth.build/Objects-normal/arm64/OIDAuthorizationService+IOS.o -index-unit-output-path /AppAuth.build/Debug-iphonesimulator/AppAuth.build/Objects-normal/arm64/OIDAuthorizationService+IOS.o

ScanDependencies /Users/xinyufang/Library/Developer/Xcode/DerivedData/Buzz-faillbpsmponqzeruhhvskovixzk/Build/Intermediates.noindex/AppAuth.build/Debug-iphonesimulator/AppAuth.build/Objects-normal/arm64/OIDAuthState+Mac.o /Users/xinyufang/Library/Developer/Xcode/DerivedData/Buzz-faillbpsmponqzeruhhvskovixzk/SourcePackages/checkouts/AppAuth-iOS/Sources/AppAuth/macOS/OIDAuthState+Mac.m normal arm64 objective-c com.apple.compilers.llvm.clang.1_0.compiler (in target 'AppAuth' from project 'AppAuth')
    cd /Users/xinyufang/Documents/Buzz/Buzz.xcodeproj
    
    Using response file: /Users/xinyufang/Library/Developer/Xcode/DerivedData/Buzz-faillbpsmponqzeruhhvskovixzk/Build/Intermediates.noindex/AppAuth.build/Debug-iphonesimulator/AppAuth.build/Objects-normal/arm64/e6072d4f65d7061329687fe24e3d63a7-common-args.resp
    
    builtin-ScanDependencies -o /Users/xinyufang/Library/Developer/Xcode/DerivedData/Buzz-faillbpsmponqzeruhhvskovixzk/Build/Intermediates.noindex/AppAuth.build/Debug-iphonesimulator/AppAuth.build/Objects-normal/arm64/OIDAuthState+Mac.o.scan -- /Applications/Xcode.app/Contents/Developer/Toolchains/XcodeDefault.xctoolchain/usr/bin/clang -x objective-c -ivfsstatcache /Users/xinyufang/Library/Developer/Xcode/DerivedData/SDKStatCaches.noindex/iphonesimulator26.0-23A339-26257891a6c027eb51374368541b8346.sdkstatcache -fmessage-length\=0 -fdiagnostics-show-note-include-stack -fmacro-backtrace-limit\=0 -fno-color-diagnostics -fmodules-prune-interval\=86400 -fmodules-prune-after\=345600 -fbuild-session-file\=/Users/xinyufang/Library/Developer/Xcode/DerivedData/ModuleCache.noindex/Session.modulevalidation -fmodules-validate-once-per-build-session -Wnon-modular-include-in-framework-module -Werror\=non-modular-include-in-framework-module -Wno-trigraphs -Wno-missing-field-initializers -Wno-missing-prototypes -Wno-return-type -Wno-implicit-atomic-properties -Wno-objc-interface-ivars -Wno-arc-repeated-use-of-weak -Wno-missing-braces -Wparentheses -Wswitch -Wno-unused-function -Wno-unused-label -Wno-unused-parameter -Wno-unused-variable -Wunused-value -Wno-empty-body -Wno-uninitialized -Wno-unknown-pragmas -w -Wno-shadow -Wno-four-char-constants -Wno-conversion -Wno-constant-conversion -Wno-int-conversion -Wno-bool-conversion -Wno-enum-conversion -Wno-float-conversion -Wno-non-literal-null-conversion -Wno-objc-literal-conversion -Wshorten-64-to-32 -Wpointer-sign -Wno-newline-eof -Wno-selector -Wno-strict-selector-match -Wno-undeclared-selector -Wno-deprecated-implementations -Wno-implicit-fallthrough -fstrict-aliasing -Wprotocol -Wdeprecated-declarations -Wno-sign-conversion -Wno-infinite-recursion -Wno-comma -Wno-block-capture-autoreleasing -Wno-strict-prototypes -Wno-semicolon-before-method-body -index-store-path /Users/xinyufang/Library/Developer/Xcode/DerivedData/Buzz-faillbpsmponqzeruhhvskovixzk/Index.noindex/DataStore @/Users/xinyufang/Library/Developer/Xcode/DerivedData/Buzz-faillbpsmponqzeruhhvskovixzk/Build/Intermediates.noindex/AppAuth.build/Debug-iphonesimulator/AppAuth.build/Objects-normal/arm64/e6072d4f65d7061329687fe24e3d63a7-common-args.resp -include /Users/xinyufang/Library/Developer/Xcode/DerivedData/Buzz-faillbpsmponqzeruhhvskovixzk/Build/Intermediates.noindex/AppAuth.build/Debug-iphonesimulator/AppAuth.build/DerivedSources/resource_bundle_accessor.h -MMD -MT dependencies -MF /Users/xinyufang/Library/Developer/Xcode/DerivedData/Buzz-faillbpsmponqzeruhhvskovixzk/Build/Intermediates.noindex/AppAuth.build/Debug-iphonesimulator/AppAuth.build/Objects-normal/arm64/OIDAuthState+Mac.d --serialize-diagnostics /Users/xinyufang/Library/Developer/Xcode/DerivedData/Buzz-faillbpsmponqzeruhhvskovixzk/Build/Intermediates.noindex/AppAuth.build/Debug-iphonesimulator/AppAuth.build/Objects-normal/arm64/OIDAuthState+Mac.dia -c /Users/xinyufang/Library/Developer/Xcode/DerivedData/Buzz-faillbpsmponqzeruhhvskovixzk/SourcePackages/checkouts/AppAuth-iOS/Sources/AppAuth/macOS/OIDAuthState+Mac.m -o /Users/xinyufang/Library/Developer/Xcode/DerivedData/Buzz-faillbpsmponqzeruhhvskovixzk/Build/Intermediates.noindex/AppAuth.build/Debug-iphonesimulator/AppAuth.build/Objects-normal/arm64/OIDAuthState+Mac.o -index-unit-output-path /AppAuth.build/Debug-iphonesimulator/AppAuth.build/Objects-normal/arm64/OIDAuthState+Mac.o

ScanDependencies /Users/xinyufang/Library/Developer/Xcode/DerivedData/Buzz-faillbpsmponqzeruhhvskovixzk/Build/Intermediates.noindex/AppAuth.build/Debug-iphonesimulator/AppAuth.build/Objects-normal/arm64/OIDAuthState+IOS.o /Users/xinyufang/Library/Developer/Xcode/DerivedData/Buzz-faillbpsmponqzeruhhvskovixzk/SourcePackages/checkouts/AppAuth-iOS/Sources/AppAuth/iOS/OIDAuthState+IOS.m normal arm64 objective-c com.apple.compilers.llvm.clang.1_0.compiler (in target 'AppAuth' from project 'AppAuth')
    cd /Users/xinyufang/Documents/Buzz/Buzz.xcodeproj
    
    Using response file: /Users/xinyufang/Library/Developer/Xcode/DerivedData/Buzz-faillbpsmponqzeruhhvskovixzk/Build/Intermediates.noindex/AppAuth.build/Debug-iphonesimulator/AppAuth.build/Objects-normal/arm64/e6072d4f65d7061329687fe24e3d63a7-common-args.resp
    
    builtin-ScanDependencies -o /Users/xinyufang/Library/Developer/Xcode/DerivedData/Buzz-faillbpsmponqzeruhhvskovixzk/Build/Intermediates.noindex/AppAuth.build/Debug-iphonesimulator/AppAuth.build/Objects-normal/arm64/OIDAuthState+IOS.o.scan -- /Applications/Xcode.app/Contents/Developer/Toolchains/XcodeDefault.xctoolchain/usr/bin/clang -x objective-c -ivfsstatcache /Users/xinyufang/Library/Developer/Xcode/DerivedData/SDKStatCaches.noindex/iphonesimulator26.0-23A339-26257891a6c027eb51374368541b8346.sdkstatcache -fmessage-length\=0 -fdiagnostics-show-note-include-stack -fmacro-backtrace-limit\=0 -fno-color-diagnostics -fmodules-prune-interval\=86400 -fmodules-prune-after\=345600 -fbuild-session-file\=/Users/xinyufang/Library/Developer/Xcode/DerivedData/ModuleCache.noindex/Session.modulevalidation -fmodules-validate-once-per-build-session -Wnon-modular-include-in-framework-module -Werror\=non-modular-include-in-framework-module -Wno-trigraphs -Wno-missing-field-initializers -Wno-missing-prototypes -Wno-return-type -Wno-implicit-atomic-properties -Wno-objc-interface-ivars -Wno-arc-repeated-use-of-weak -Wno-missing-braces -Wparentheses -Wswitch -Wno-unused-function -Wno-unused-label -Wno-unused-parameter -Wno-unused-variable -Wunused-value -Wno-empty-body -Wno-uninitialized -Wno-unknown-pragmas -w -Wno-shadow -Wno-four-char-constants -Wno-conversion -Wno-constant-conversion -Wno-int-conversion -Wno-bool-conversion -Wno-enum-conversion -Wno-float-conversion -Wno-non-literal-null-conversion -Wno-objc-literal-conversion -Wshorten-64-to-32 -Wpointer-sign -Wno-newline-eof -Wno-selector -Wno-strict-selector-match -Wno-undeclared-selector -Wno-deprecated-implementations -Wno-implicit-fallthrough -fstrict-aliasing -Wprotocol -Wdeprecated-declarations -Wno-sign-conversion -Wno-infinite-recursion -Wno-comma -Wno-block-capture-autoreleasing -Wno-strict-prototypes -Wno-semicolon-before-method-body -index-store-path /Users/xinyufang/Library/Developer/Xcode/DerivedData/Buzz-faillbpsmponqzeruhhvskovixzk/Index.noindex/DataStore @/Users/xinyufang/Library/Developer/Xcode/DerivedData/Buzz-faillbpsmponqzeruhhvskovixzk/Build/Intermediates.noindex/AppAuth.build/Debug-iphonesimulator/AppAuth.build/Objects-normal/arm64/e6072d4f65d7061329687fe24e3d63a7-common-args.resp -include /Users/xinyufang/Library/Developer/Xcode/DerivedData/Buzz-faillbpsmponqzeruhhvskovixzk/Build/Intermediates.noindex/AppAuth.build/Debug-iphonesimulator/AppAuth.build/DerivedSources/resource_bundle_accessor.h -MMD -MT dependencies -MF /Users/xinyufang/Library/Developer/Xcode/DerivedData/Buzz-faillbpsmponqzeruhhvskovixzk/Build/Intermediates.noindex/AppAuth.build/Debug-iphonesimulator/AppAuth.build/Objects-normal/arm64/OIDAuthState+IOS.d --serialize-diagnostics /Users/xinyufang/Library/Developer/Xcode/DerivedData/Buzz-faillbpsmponqzeruhhvskovixzk/Build/Intermediates.noindex/AppAuth.build/Debug-iphonesimulator/AppAuth.build/Objects-normal/arm64/OIDAuthState+IOS.dia -c /Users/xinyufang/Library/Developer/Xcode/DerivedData/Buzz-faillbpsmponqzeruhhvskovixzk/SourcePackages/checkouts/AppAuth-iOS/Sources/AppAuth/iOS/OIDAuthState+IOS.m -o /Users/xinyufang/Library/Developer/Xcode/DerivedData/Buzz-faillbpsmponqzeruhhvskovixzk/Build/Intermediates.noindex/AppAuth.build/Debug-iphonesimulator/AppAuth.build/Objects-normal/arm64/OIDAuthState+IOS.o -index-unit-output-path /AppAuth.build/Debug-iphonesimulator/AppAuth.build/Objects-normal/arm64/OIDAuthState+IOS.o

CompileC /Users/xinyufang/Library/Developer/Xcode/DerivedData/Buzz-faillbpsmponqzeruhhvskovixzk/Build/Intermediates.noindex/AppAuth.build/Debug-iphonesimulator/AppAuth.build/Objects-normal/arm64/OIDAuthorizationService+Mac.o /Users/xinyufang/Library/Developer/Xcode/DerivedData/Buzz-faillbpsmponqzeruhhvskovixzk/SourcePackages/checkouts/AppAuth-iOS/Sources/AppAuth/macOS/OIDAuthorizationService+Mac.m normal arm64 objective-c com.apple.compilers.llvm.clang.1_0.compiler (in target 'AppAuth' from project 'AppAuth')
    cd /Users/xinyufang/Documents/Buzz/Buzz.xcodeproj
    
    Using response file: /Users/xinyufang/Library/Developer/Xcode/DerivedData/Buzz-faillbpsmponqzeruhhvskovixzk/Build/Intermediates.noindex/AppAuth.build/Debug-iphonesimulator/AppAuth.build/Objects-normal/arm64/e6072d4f65d7061329687fe24e3d63a7-common-args.resp
    
    /Applications/Xcode.app/Contents/Developer/Toolchains/XcodeDefault.xctoolchain/usr/bin/clang -x objective-c -ivfsstatcache /Users/xinyufang/Library/Developer/Xcode/DerivedData/SDKStatCaches.noindex/iphonesimulator26.0-23A339-26257891a6c027eb51374368541b8346.sdkstatcache -fmessage-length\=0 -fdiagnostics-show-note-include-stack -fmacro-backtrace-limit\=0 -fno-color-diagnostics -fmodules-prune-interval\=86400 -fmodules-prune-after\=345600 -fbuild-session-file\=/Users/xinyufang/Library/Developer/Xcode/DerivedData/ModuleCache.noindex/Session.modulevalidation -fmodules-validate-once-per-build-session -Wnon-modular-include-in-framework-module -Werror\=non-modular-include-in-framework-module -Wno-trigraphs -Wno-missing-field-initializers -Wno-missing-prototypes -Wno-return-type -Wno-implicit-atomic-properties -Wno-objc-interface-ivars -Wno-arc-repeated-use-of-weak -Wno-missing-braces -Wparentheses -Wswitch -Wno-unused-function -Wno-unused-label -Wno-unused-parameter -Wno-unused-variable -Wunused-value -Wno-empty-body -Wno-uninitialized -Wno-unknown-pragmas -w -Wno-shadow -Wno-four-char-constants -Wno-conversion -Wno-constant-conversion -Wno-int-conversion -Wno-bool-conversion -Wno-enum-conversion -Wno-float-conversion -Wno-non-literal-null-conversion -Wno-objc-literal-conversion -Wshorten-64-to-32 -Wpointer-sign -Wno-newline-eof -Wno-selector -Wno-strict-selector-match -Wno-undeclared-selector -Wno-deprecated-implementations -Wno-implicit-fallthrough -fstrict-aliasing -Wprotocol -Wdeprecated-declarations -Wno-sign-conversion -Wno-infinite-recursion -Wno-comma -Wno-block-capture-autoreleasing -Wno-strict-prototypes -Wno-semicolon-before-method-body -index-store-path /Users/xinyufang/Library/Developer/Xcode/DerivedData/Buzz-faillbpsmponqzeruhhvskovixzk/Index.noindex/DataStore @/Users/xinyufang/Library/Developer/Xcode/DerivedData/Buzz-faillbpsmponqzeruhhvskovixzk/Build/Intermediates.noindex/AppAuth.build/Debug-iphonesimulator/AppAuth.build/Objects-normal/arm64/e6072d4f65d7061329687fe24e3d63a7-common-args.resp -include /Users/xinyufang/Library/Developer/Xcode/DerivedData/Buzz-faillbpsmponqzeruhhvskovixzk/Build/Intermediates.noindex/AppAuth.build/Debug-iphonesimulator/AppAuth.build/DerivedSources/resource_bundle_accessor.h -MMD -MT dependencies -MF /Users/xinyufang/Library/Developer/Xcode/DerivedData/Buzz-faillbpsmponqzeruhhvskovixzk/Build/Intermediates.noindex/AppAuth.build/Debug-iphonesimulator/AppAuth.build/Objects-normal/arm64/OIDAuthorizationService+Mac.d --serialize-diagnostics /Users/xinyufang/Library/Developer/Xcode/DerivedData/Buzz-faillbpsmponqzeruhhvskovixzk/Build/Intermediates.noindex/AppAuth.build/Debug-iphonesimulator/AppAuth.build/Objects-normal/arm64/OIDAuthorizationService+Mac.dia -c /Users/xinyufang/Library/Developer/Xcode/DerivedData/Buzz-faillbpsmponqzeruhhvskovixzk/SourcePackages/checkouts/AppAuth-iOS/Sources/AppAuth/macOS/OIDAuthorizationService+Mac.m -o /Users/xinyufang/Library/Developer/Xcode/DerivedData/Buzz-faillbpsmponqzeruhhvskovixzk/Build/Intermediates.noindex/AppAuth.build/Debug-iphonesimulator/AppAuth.build/Objects-normal/arm64/OIDAuthorizationService+Mac.o -index-unit-output-path /AppAuth.build/Debug-iphonesimulator/AppAuth.build/Objects-normal/arm64/OIDAuthorizationService+Mac.o

Touch /Users/xinyufang/Library/Developer/Xcode/DerivedData/Buzz-faillbpsmponqzeruhhvskovixzk/Build/Products/Debug-iphonesimulator/Stripe_StripePaymentsUI.bundle (in target 'Stripe_StripePaymentsUI' from project 'Stripe')
    cd /Users/xinyufang/Library/Developer/Xcode/DerivedData/Buzz-faillbpsmponqzeruhhvskovixzk/SourcePackages/checkouts/stripe-ios-spm
    /usr/bin/touch -c /Users/xinyufang/Library/Developer/Xcode/DerivedData/Buzz-faillbpsmponqzeruhhvskovixzk/Build/Products/Debug-iphonesimulator/Stripe_StripePaymentsUI.bundle

Touch /Users/xinyufang/Library/Developer/Xcode/DerivedData/Buzz-faillbpsmponqzeruhhvskovixzk/Build/Products/Debug-iphonesimulator/Stripe_StripePaymentSheet.bundle (in target 'Stripe_StripePaymentSheet' from project 'Stripe')
    cd /Users/xinyufang/Library/Developer/Xcode/DerivedData/Buzz-faillbpsmponqzeruhhvskovixzk/SourcePackages/checkouts/stripe-ios-spm
    /usr/bin/touch -c /Users/xinyufang/Library/Developer/Xcode/DerivedData/Buzz-faillbpsmponqzeruhhvskovixzk/Build/Products/Debug-iphonesimulator/Stripe_StripePaymentSheet.bundle

CompileC /Users/xinyufang/Library/Developer/Xcode/DerivedData/Buzz-faillbpsmponqzeruhhvskovixzk/Build/Intermediates.noindex/AppAuth.build/Debug-iphonesimulator/AppAuth.build/Objects-normal/arm64/OIDAuthState+Mac.o /Users/xinyufang/Library/Developer/Xcode/DerivedData/Buzz-faillbpsmponqzeruhhvskovixzk/SourcePackages/checkouts/AppAuth-iOS/Sources/AppAuth/macOS/OIDAuthState+Mac.m normal arm64 objective-c com.apple.compilers.llvm.clang.1_0.compiler (in target 'AppAuth' from project 'AppAuth')
    cd /Users/xinyufang/Documents/Buzz/Buzz.xcodeproj
    
    Using response file: /Users/xinyufang/Library/Developer/Xcode/DerivedData/Buzz-faillbpsmponqzeruhhvskovixzk/Build/Intermediates.noindex/AppAuth.build/Debug-iphonesimulator/AppAuth.build/Objects-normal/arm64/e6072d4f65d7061329687fe24e3d63a7-common-args.resp
    
    /Applications/Xcode.app/Contents/Developer/Toolchains/XcodeDefault.xctoolchain/usr/bin/clang -x objective-c -ivfsstatcache /Users/xinyufang/Library/Developer/Xcode/DerivedData/SDKStatCaches.noindex/iphonesimulator26.0-23A339-26257891a6c027eb51374368541b8346.sdkstatcache -fmessage-length\=0 -fdiagnostics-show-note-include-stack -fmacro-backtrace-limit\=0 -fno-color-diagnostics -fmodules-prune-interval\=86400 -fmodules-prune-after\=345600 -fbuild-session-file\=/Users/xinyufang/Library/Developer/Xcode/DerivedData/ModuleCache.noindex/Session.modulevalidation -fmodules-validate-once-per-build-session -Wnon-modular-include-in-framework-module -Werror\=non-modular-include-in-framework-module -Wno-trigraphs -Wno-missing-field-initializers -Wno-missing-prototypes -Wno-return-type -Wno-implicit-atomic-properties -Wno-objc-interface-ivars -Wno-arc-repeated-use-of-weak -Wno-missing-braces -Wparentheses -Wswitch -Wno-unused-function -Wno-unused-label -Wno-unused-parameter -Wno-unused-variable -Wunused-value -Wno-empty-body -Wno-uninitialized -Wno-unknown-pragmas -w -Wno-shadow -Wno-four-char-constants -Wno-conversion -Wno-constant-conversion -Wno-int-conversion -Wno-bool-conversion -Wno-enum-conversion -Wno-float-conversion -Wno-non-literal-null-conversion -Wno-objc-literal-conversion -Wshorten-64-to-32 -Wpointer-sign -Wno-newline-eof -Wno-selector -Wno-strict-selector-match -Wno-undeclared-selector -Wno-deprecated-implementations -Wno-implicit-fallthrough -fstrict-aliasing -Wprotocol -Wdeprecated-declarations -Wno-sign-conversion -Wno-infinite-recursion -Wno-comma -Wno-block-capture-autoreleasing -Wno-strict-prototypes -Wno-semicolon-before-method-body -index-store-path /Users/xinyufang/Library/Developer/Xcode/DerivedData/Buzz-faillbpsmponqzeruhhvskovixzk/Index.noindex/DataStore @/Users/xinyufang/Library/Developer/Xcode/DerivedData/Buzz-faillbpsmponqzeruhhvskovixzk/Build/Intermediates.noindex/AppAuth.build/Debug-iphonesimulator/AppAuth.build/Objects-normal/arm64/e6072d4f65d7061329687fe24e3d63a7-common-args.resp -include /Users/xinyufang/Library/Developer/Xcode/DerivedData/Buzz-faillbpsmponqzeruhhvskovixzk/Build/Intermediates.noindex/AppAuth.build/Debug-iphonesimulator/AppAuth.build/DerivedSources/resource_bundle_accessor.h -MMD -MT dependencies -MF /Users/xinyufang/Library/Developer/Xcode/DerivedData/Buzz-faillbpsmponqzeruhhvskovixzk/Build/Intermediates.noindex/AppAuth.build/Debug-iphonesimulator/AppAuth.build/Objects-normal/arm64/OIDAuthState+Mac.d --serialize-diagnostics /Users/xinyufang/Library/Developer/Xcode/DerivedData/Buzz-faillbpsmponqzeruhhvskovixzk/Build/Intermediates.noindex/AppAuth.build/Debug-iphonesimulator/AppAuth.build/Objects-normal/arm64/OIDAuthState+Mac.dia -c /Users/xinyufang/Library/Developer/Xcode/DerivedData/Buzz-faillbpsmponqzeruhhvskovixzk/SourcePackages/checkouts/AppAuth-iOS/Sources/AppAuth/macOS/OIDAuthState+Mac.m -o /Users/xinyufang/Library/Developer/Xcode/DerivedData/Buzz-faillbpsmponqzeruhhvskovixzk/Build/Intermediates.noindex/AppAuth.build/Debug-iphonesimulator/AppAuth.build/Objects-normal/arm64/OIDAuthState+Mac.o -index-unit-output-path /AppAuth.build/Debug-iphonesimulator/AppAuth.build/Objects-normal/arm64/OIDAuthState+Mac.o

RegisterExecutionPolicyException /Users/xinyufang/Library/Developer/Xcode/DerivedData/Buzz-faillbpsmponqzeruhhvskovixzk/Build/Products/Debug-iphonesimulator/StripeCore.o (in target 'StripeCore' from project 'Stripe')
    cd /Users/xinyufang/Library/Developer/Xcode/DerivedData/Buzz-faillbpsmponqzeruhhvskovixzk/SourcePackages/checkouts/stripe-ios-spm
    builtin-RegisterExecutionPolicyException /Users/xinyufang/Library/Developer/Xcode/DerivedData/Buzz-faillbpsmponqzeruhhvskovixzk/Build/Products/Debug-iphonesimulator/StripeCore.o

RegisterExecutionPolicyException /Users/xinyufang/Library/Developer/Xcode/DerivedData/Buzz-faillbpsmponqzeruhhvskovixzk/Build/Products/Debug-iphonesimulator/Stripe3DS2.o (in target 'Stripe3DS2' from project 'Stripe')
    cd /Users/xinyufang/Library/Developer/Xcode/DerivedData/Buzz-faillbpsmponqzeruhhvskovixzk/SourcePackages/checkouts/stripe-ios-spm
    builtin-RegisterExecutionPolicyException /Users/xinyufang/Library/Developer/Xcode/DerivedData/Buzz-faillbpsmponqzeruhhvskovixzk/Build/Products/Debug-iphonesimulator/Stripe3DS2.o

PrecompileModule /Users/xinyufang/Library/Developer/Xcode/DerivedData/Buzz-faillbpsmponqzeruhhvskovixzk/Build/Intermediates.noindex/ExplicitPrecompiledModules/UIKit-8XWFNC5VVMPJ7ZW36ONHJ8JL9.scan
    cd /
    builtin-precompileModule /Users/xinyufang/Library/Developer/Xcode/DerivedData/Buzz-faillbpsmponqzeruhhvskovixzk/Build/Intermediates.noindex/ExplicitPrecompiledModules/UIKit-8XWFNC5VVMPJ7ZW36ONHJ8JL9.scan

GenerateAssetSymbols /Users/xinyufang/Library/Developer/Xcode/DerivedData/Buzz-faillbpsmponqzeruhhvskovixzk/SourcePackages/checkouts/stripe-ios-spm/StripePaymentSheet/StripePaymentSheet/Resources/StripePaymentSheet.xcassets (in target 'StripePaymentSheet' from project 'Stripe')
    cd /Users/xinyufang/Library/Developer/Xcode/DerivedData/Buzz-faillbpsmponqzeruhhvskovixzk/SourcePackages/checkouts/stripe-ios-spm
    /Applications/Xcode.app/Contents/Developer/usr/bin/actool /Users/xinyufang/Library/Developer/Xcode/DerivedData/Buzz-faillbpsmponqzeruhhvskovixzk/SourcePackages/checkouts/stripe-ios-spm/StripePaymentSheet/StripePaymentSheet/Resources/StripePaymentSheet.xcassets --compile /Users/xinyufang/Library/Developer/Xcode/DerivedData/Buzz-faillbpsmponqzeruhhvskovixzk/Build/Products/Debug-iphonesimulator --output-format human-readable-text --notices --warnings --export-dependency-info /Users/xinyufang/Library/Developer/Xcode/DerivedData/Buzz-faillbpsmponqzeruhhvskovixzk/Build/Intermediates.noindex/Stripe.build/Debug-iphonesimulator/StripePaymentSheet.build/assetcatalog_dependencies --output-partial-info-plist /Users/xinyufang/Library/Developer/Xcode/DerivedData/Buzz-faillbpsmponqzeruhhvskovixzk/Build/Intermediates.noindex/Stripe.build/Debug-iphonesimulator/StripePaymentSheet.build/assetcatalog_generated_info.plist --compress-pngs --enable-on-demand-resources NO --development-region en --target-device iphone --target-device ipad --minimum-deployment-target 13.0 --platform iphonesimulator --bundle-identifier stripe-ios-spm.StripePaymentSheet --generate-swift-asset-symbol-extensions NO --generate-swift-asset-symbols /Users/xinyufang/Library/Developer/Xcode/DerivedData/Buzz-faillbpsmponqzeruhhvskovixzk/Build/Intermediates.noindex/Stripe.build/Debug-iphonesimulator/StripePaymentSheet.build/DerivedSources/GeneratedAssetSymbols.swift --generate-objc-asset-symbols /Users/xinyufang/Library/Developer/Xcode/DerivedData/Buzz-faillbpsmponqzeruhhvskovixzk/Build/Intermediates.noindex/Stripe.build/Debug-iphonesimulator/StripePaymentSheet.build/DerivedSources/GeneratedAssetSymbols.h --generate-asset-symbol-index /Users/xinyufang/Library/Developer/Xcode/DerivedData/Buzz-faillbpsmponqzeruhhvskovixzk/Build/Intermediates.noindex/Stripe.build/Debug-iphonesimulator/StripePaymentSheet.build/DerivedSources/GeneratedAssetSymbols-Index.plist
/* com.apple.actool.compilation-results */
/Users/xinyufang/Library/Developer/Xcode/DerivedData/Buzz-faillbpsmponqzeruhhvskovixzk/Build/Intermediates.noindex/Stripe.build/Debug-iphonesimulator/StripePaymentSheet.build/DerivedSources/GeneratedAssetSymbols-Index.plist
/Users/xinyufang/Library/Developer/Xcode/DerivedData/Buzz-faillbpsmponqzeruhhvskovixzk/Build/Intermediates.noindex/Stripe.build/Debug-iphonesimulator/StripePaymentSheet.build/DerivedSources/GeneratedAssetSymbols.h
/Users/xinyufang/Library/Developer/Xcode/DerivedData/Buzz-faillbpsmponqzeruhhvskovixzk/Build/Intermediates.noindex/Stripe.build/Debug-iphonesimulator/StripePaymentSheet.build/DerivedSources/GeneratedAssetSymbols.swift


Touch /Users/xinyufang/Library/Developer/Xcode/DerivedData/Buzz-faillbpsmponqzeruhhvskovixzk/Build/Products/Debug-iphonesimulator/Promises_FBLPromises.bundle (in target 'Promises_FBLPromises' from project 'Promises')
    cd /Users/xinyufang/Library/Developer/Xcode/DerivedData/Buzz-faillbpsmponqzeruhhvskovixzk/SourcePackages/checkouts/promises
    /usr/bin/touch -c /Users/xinyufang/Library/Developer/Xcode/DerivedData/Buzz-faillbpsmponqzeruhhvskovixzk/Build/Products/Debug-iphonesimulator/Promises_FBLPromises.bundle

SwiftDriver IssueReporting normal arm64 com.apple.xcode.tools.swift.compiler (in target 'IssueReporting' from project 'xctest-dynamic-overlay')
    cd /Users/xinyufang/Documents/Buzz/Buzz.xcodeproj
    builtin-SwiftDriver -- /Applications/Xcode.app/Contents/Developer/Toolchains/XcodeDefault.xctoolchain/usr/bin/swiftc -module-name IssueReporting -Onone -enforce-exclusivity\=checked @/Users/xinyufang/Library/Developer/Xcode/DerivedData/Buzz-faillbpsmponqzeruhhvskovixzk/Build/Intermediates.noindex/xctest-dynamic-overlay.build/Debug-iphonesimulator/IssueReporting.build/Objects-normal/arm64/IssueReporting.SwiftFileList -DSWIFT_PACKAGE -DDEBUG -DSWIFT_MODULE_RESOURCE_BUNDLE_UNAVAILABLE -DXcode -plugin-path /Applications/Xcode.app/Contents/Developer/Toolchains/XcodeDefault.xctoolchain/usr/lib/swift/host/plugins/testing -enable-experimental-feature DebugDescriptionMacro -sdk /Applications/Xcode.app/Contents/Developer/Platforms/iPhoneSimulator.platform/Developer/SDKs/iPhoneSimulator26.0.sdk -target arm64-apple-ios13.0-simulator -g -module-cache-path /Users/xinyufang/Library/Developer/Xcode/DerivedData/ModuleCache.noindex -Xfrontend -serialize-debugging-options -enable-testing -suppress-warnings -index-store-path /Users/xinyufang/Library/Developer/Xcode/DerivedData/Buzz-faillbpsmponqzeruhhvskovixzk/Index.noindex/DataStore -Xcc -D_LIBCPP_HARDENING_MODE\=_LIBCPP_HARDENING_MODE_DEBUG -swift-version 6 -I /Users/xinyufang/Library/Developer/Xcode/DerivedData/Buzz-faillbpsmponqzeruhhvskovixzk/Build/Products/Debug-iphonesimulator -Isystem /Applications/Xcode.app/Contents/Developer/Platforms/iPhoneSimulator.platform/Developer/usr/lib -F /Users/xinyufang/Library/Developer/Xcode/DerivedData/Buzz-faillbpsmponqzeruhhvskovixzk/Build/Products/Debug-iphonesimulator/PackageFrameworks -F /Users/xinyufang/Library/Developer/Xcode/DerivedData/Buzz-faillbpsmponqzeruhhvskovixzk/Build/Products/Debug-iphonesimulator -F /Applications/Xcode.app/Contents/Developer/Platforms/iPhoneSimulator.platform/Developer/Library/Frameworks -F /Applications/Xcode.app/Contents/Developer/Platforms/iPhoneSimulator.platform/Developer/SDKs/iPhoneSimulator26.0.sdk/Developer/Library/Frameworks -c -j8 -enable-batch-mode -incremental -Xcc -ivfsstatcache -Xcc /Users/xinyufang/Library/Developer/Xcode/DerivedData/SDKStatCaches.noindex/iphonesimulator26.0-23A339-26257891a6c027eb51374368541b8346.sdkstatcache -output-file-map /Users/xinyufang/Library/Developer/Xcode/DerivedData/Buzz-faillbpsmponqzeruhhvskovixzk/Build/Intermediates.noindex/xctest-dynamic-overlay.build/Debug-iphonesimulator/IssueReporting.build/Objects-normal/arm64/IssueReporting-OutputFileMap.json -use-frontend-parseable-output -save-temps -no-color-diagnostics -explicit-module-build -module-cache-path /Users/xinyufang/Library/Developer/Xcode/DerivedData/Buzz-faillbpsmponqzeruhhvskovixzk/Build/Intermediates.noindex/SwiftExplicitPrecompiledModules -clang-scanner-module-cache-path /Users/xinyufang/Library/Developer/Xcode/DerivedData/ModuleCache.noindex -sdk-module-cache-path /Users/xinyufang/Library/Developer/Xcode/DerivedData/ModuleCache.noindex -serialize-diagnostics -emit-dependencies -emit-module -emit-module-path /Users/xinyufang/Library/Developer/Xcode/DerivedData/Buzz-faillbpsmponqzeruhhvskovixzk/Build/Intermediates.noindex/xctest-dynamic-overlay.build/Debug-iphonesimulator/IssueReporting.build/Objects-normal/arm64/IssueReporting.swiftmodule -user-module-version 1.7.0 -validate-clang-modules-once -clang-build-session-file /Users/xinyufang/Library/Developer/Xcode/DerivedData/ModuleCache.noindex/Session.modulevalidation -package-name xctest_dynamic_overlay -Xcc -I/Users/xinyufang/Library/Developer/Xcode/DerivedData/Buzz-faillbpsmponqzeruhhvskovixzk/Build/Intermediates.noindex/xctest-dynamic-overlay.build/Debug-iphonesimulator/IssueReporting.build/swift-overrides.hmap -emit-const-values -Xfrontend -const-gather-protocols-file -Xfrontend /Users/xinyufang/Library/Developer/Xcode/DerivedData/Buzz-faillbpsmponqzeruhhvskovixzk/Build/Intermediates.noindex/xctest-dynamic-overlay.build/Debug-iphonesimulator/IssueReporting.build/Objects-normal/arm64/IssueReporting_const_extract_protocols.json -Xcc -I/Users/xinyufang/Library/Developer/Xcode/DerivedData/Buzz-faillbpsmponqzeruhhvskovixzk/Build/Products/Debug-iphonesimulator/include -Xcc -I/Users/xinyufang/Library/Developer/Xcode/DerivedData/Buzz-faillbpsmponqzeruhhvskovixzk/Build/Intermediates.noindex/xctest-dynamic-overlay.build/Debug-iphonesimulator/IssueReporting.build/DerivedSources-normal/arm64 -Xcc -I/Users/xinyufang/Library/Developer/Xcode/DerivedData/Buzz-faillbpsmponqzeruhhvskovixzk/Build/Intermediates.noindex/xctest-dynamic-overlay.build/Debug-iphonesimulator/IssueReporting.build/DerivedSources/arm64 -Xcc -I/Users/xinyufang/Library/Developer/Xcode/DerivedData/Buzz-faillbpsmponqzeruhhvskovixzk/Build/Intermediates.noindex/xctest-dynamic-overlay.build/Debug-iphonesimulator/IssueReporting.build/DerivedSources -Xcc -DSWIFT_PACKAGE -Xcc -DDEBUG\=1 -emit-objc-header -emit-objc-header-path /Users/xinyufang/Library/Developer/Xcode/DerivedData/Buzz-faillbpsmponqzeruhhvskovixzk/Build/Intermediates.noindex/xctest-dynamic-overlay.build/Debug-iphonesimulator/IssueReporting.build/Objects-normal/arm64/IssueReporting-Swift.h -working-directory /Users/xinyufang/Documents/Buzz/Buzz.xcodeproj -experimental-emit-module-separately -disable-cmo

SwiftDriver StripeConnect normal arm64 com.apple.xcode.tools.swift.compiler (in target 'StripeConnect' from project 'Stripe')
    cd /Users/xinyufang/Documents/Buzz/Buzz.xcodeproj
    builtin-SwiftDriver -- /Applications/Xcode.app/Contents/Developer/Toolchains/XcodeDefault.xctoolchain/usr/bin/swiftc -module-name StripeConnect -Onone -enforce-exclusivity\=checked @/Users/xinyufang/Library/Developer/Xcode/DerivedData/Buzz-faillbpsmponqzeruhhvskovixzk/Build/Intermediates.noindex/Stripe.build/Debug-iphonesimulator/StripeConnect.build/Objects-normal/arm64/StripeConnect.SwiftFileList -DSWIFT_PACKAGE -DDEBUG -DSWIFT_MODULE_RESOURCE_BUNDLE_AVAILABLE -DXcode -plugin-path /Applications/Xcode.app/Contents/Developer/Toolchains/XcodeDefault.xctoolchain/usr/lib/swift/host/plugins/testing -enable-experimental-feature DebugDescriptionMacro -sdk /Applications/Xcode.app/Contents/Developer/Platforms/iPhoneSimulator.platform/Developer/SDKs/iPhoneSimulator26.0.sdk -target arm64-apple-ios13.0-simulator -g -module-cache-path /Users/xinyufang/Library/Developer/Xcode/DerivedData/ModuleCache.noindex -Xfrontend -serialize-debugging-options -enable-testing -suppress-warnings -index-store-path /Users/xinyufang/Library/Developer/Xcode/DerivedData/Buzz-faillbpsmponqzeruhhvskovixzk/Index.noindex/DataStore -Xcc -D_LIBCPP_HARDENING_MODE\=_LIBCPP_HARDENING_MODE_DEBUG -swift-version 5 -I /Users/xinyufang/Library/Developer/Xcode/DerivedData/Buzz-faillbpsmponqzeruhhvskovixzk/Build/Products/Debug-iphonesimulator -Isystem /Applications/Xcode.app/Contents/Developer/Platforms/iPhoneSimulator.platform/Developer/usr/lib -F /Users/xinyufang/Library/Developer/Xcode/DerivedData/Buzz-faillbpsmponqzeruhhvskovixzk/Build/Products/Debug-iphonesimulator/PackageFrameworks -F /Users/xinyufang/Library/Developer/Xcode/DerivedData/Buzz-faillbpsmponqzeruhhvskovixzk/Build/Products/Debug-iphonesimulator/PackageFrameworks -F /Users/xinyufang/Library/Developer/Xcode/DerivedData/Buzz-faillbpsmponqzeruhhvskovixzk/Build/Products/Debug-iphonesimulator/PackageFrameworks -F /Users/xinyufang/Library/Developer/Xcode/DerivedData/Buzz-faillbpsmponqzeruhhvskovixzk/Build/Products/Debug-iphonesimulator -F /Applications/Xcode.app/Contents/Developer/Platforms/iPhoneSimulator.platform/Developer/Library/Frameworks -F /Applications/Xcode.app/Contents/Developer/Platforms/iPhoneSimulator.platform/Developer/SDKs/iPhoneSimulator26.0.sdk/Developer/Library/Frameworks -emit-localized-strings -emit-localized-strings-path /Users/xinyufang/Library/Developer/Xcode/DerivedData/Buzz-faillbpsmponqzeruhhvskovixzk/Build/Intermediates.noindex/Stripe.build/Debug-iphonesimulator/StripeConnect.build/Objects-normal/arm64 -c -j8 -enable-batch-mode -incremental -Xcc -ivfsstatcache -Xcc /Users/xinyufang/Library/Developer/Xcode/DerivedData/SDKStatCaches.noindex/iphonesimulator26.0-23A339-26257891a6c027eb51374368541b8346.sdkstatcache -output-file-map /Users/xinyufang/Library/Developer/Xcode/DerivedData/Buzz-faillbpsmponqzeruhhvskovixzk/Build/Intermediates.noindex/Stripe.build/Debug-iphonesimulator/StripeConnect.build/Objects-normal/arm64/StripeConnect-OutputFileMap.json -use-frontend-parseable-output -save-temps -no-color-diagnostics -explicit-module-build -module-cache-path /Users/xinyufang/Library/Developer/Xcode/DerivedData/Buzz-faillbpsmponqzeruhhvskovixzk/Build/Intermediates.noindex/SwiftExplicitPrecompiledModules -clang-scanner-module-cache-path /Users/xinyufang/Library/Developer/Xcode/DerivedData/ModuleCache.noindex -sdk-module-cache-path /Users/xinyufang/Library/Developer/Xcode/DerivedData/ModuleCache.noindex -serialize-diagnostics -emit-dependencies -emit-module -emit-module-path /Users/xinyufang/Library/Developer/Xcode/DerivedData/Buzz-faillbpsmponqzeruhhvskovixzk/Build/Intermediates.noindex/Stripe.build/Debug-iphonesimulator/StripeConnect.build/Objects-normal/arm64/StripeConnect.swiftmodule -validate-clang-modules-once -clang-build-session-file /Users/xinyufang/Library/Developer/Xcode/DerivedData/ModuleCache.noindex/Session.modulevalidation -Xcc -I/Users/xinyufang/Library/Developer/Xcode/DerivedData/Buzz-faillbpsmponqzeruhhvskovixzk/Build/Intermediates.noindex/Stripe.build/Debug-iphonesimulator/StripeConnect.build/swift-overrides.hmap -emit-const-values -Xfrontend -const-gather-protocols-file -Xfrontend /Users/xinyufang/Library/Developer/Xcode/DerivedData/Buzz-faillbpsmponqzeruhhvskovixzk/Build/Intermediates.noindex/Stripe.build/Debug-iphonesimulator/StripeConnect.build/Objects-normal/arm64/StripeConnect_const_extract_protocols.json -Xcc -I/Users/xinyufang/Library/Developer/Xcode/DerivedData/Buzz-faillbpsmponqzeruhhvskovixzk/Build/Products/Debug-iphonesimulator/include -Xcc -I/Users/xinyufang/Library/Developer/Xcode/DerivedData/Buzz-faillbpsmponqzeruhhvskovixzk/Build/Intermediates.noindex/Stripe.build/Debug-iphonesimulator/StripeConnect.build/DerivedSources-normal/arm64 -Xcc -I/Users/xinyufang/Library/Developer/Xcode/DerivedData/Buzz-faillbpsmponqzeruhhvskovixzk/Build/Intermediates.noindex/Stripe.build/Debug-iphonesimulator/StripeConnect.build/DerivedSources/arm64 -Xcc -I/Users/xinyufang/Library/Developer/Xcode/DerivedData/Buzz-faillbpsmponqzeruhhvskovixzk/Build/Intermediates.noindex/Stripe.build/Debug-iphonesimulator/StripeConnect.build/DerivedSources -Xcc -DSWIFT_PACKAGE -Xcc -DDEBUG\=1 -emit-objc-header -emit-objc-header-path /Users/xinyufang/Library/Developer/Xcode/DerivedData/Buzz-faillbpsmponqzeruhhvskovixzk/Build/Intermediates.noindex/Stripe.build/Debug-iphonesimulator/StripeConnect.build/Objects-normal/arm64/StripeConnect-Swift.h -working-directory /Users/xinyufang/Documents/Buzz/Buzz.xcodeproj -experimental-emit-module-separately -disable-cmo

ExtractAppIntentsMetadata (in target 'HTTPTypes' from project 'swift-http-types')
    cd /Users/xinyufang/Library/Developer/Xcode/DerivedData/Buzz-faillbpsmponqzeruhhvskovixzk/SourcePackages/checkouts/swift-http-types
    /Applications/Xcode.app/Contents/Developer/Toolchains/XcodeDefault.xctoolchain/usr/bin/appintentsmetadataprocessor --toolchain-dir /Applications/Xcode.app/Contents/Developer/Toolchains/XcodeDefault.xctoolchain --module-name HTTPTypes --sdk-root /Applications/Xcode.app/Contents/Developer/Platforms/iPhoneSimulator.platform/Developer/SDKs/iPhoneSimulator26.0.sdk --xcode-version 17A400 --platform-family iOS --deployment-target 12.0 --bundle-identifier swift-http-types.HTTPTypes --output /Users/xinyufang/Library/Developer/Xcode/DerivedData/Buzz-faillbpsmponqzeruhhvskovixzk/Build/Products/Debug-iphonesimulator/HTTPTypes.appintents --target-triple arm64-apple-ios12.0-simulator --binary-file /Users/xinyufang/Library/Developer/Xcode/DerivedData/Buzz-faillbpsmponqzeruhhvskovixzk/Build/Products/Debug-iphonesimulator/HTTPTypes.o --dependency-file /Users/xinyufang/Library/Developer/Xcode/DerivedData/Buzz-faillbpsmponqzeruhhvskovixzk/Build/Intermediates.noindex/swift-http-types.build/Debug-iphonesimulator/HTTPTypes.build/Objects-normal/arm64/HTTPTypes_dependency_info.dat --stringsdata-file /Users/xinyufang/Library/Developer/Xcode/DerivedData/Buzz-faillbpsmponqzeruhhvskovixzk/Build/Intermediates.noindex/swift-http-types.build/Debug-iphonesimulator/HTTPTypes.build/Objects-normal/arm64/ExtractedAppShortcutsMetadata.stringsdata --source-file-list /Users/xinyufang/Library/Developer/Xcode/DerivedData/Buzz-faillbpsmponqzeruhhvskovixzk/Build/Intermediates.noindex/swift-http-types.build/Debug-iphonesimulator/HTTPTypes.build/Objects-normal/arm64/HTTPTypes.SwiftFileList --metadata-file-list /Users/xinyufang/Library/Developer/Xcode/DerivedData/Buzz-faillbpsmponqzeruhhvskovixzk/Build/Intermediates.noindex/swift-http-types.build/Debug-iphonesimulator/HTTPTypes.build/HTTPTypes.DependencyMetadataFileList --static-metadata-file-list /Users/xinyufang/Library/Developer/Xcode/DerivedData/Buzz-faillbpsmponqzeruhhvskovixzk/Build/Intermediates.noindex/swift-http-types.build/Debug-iphonesimulator/HTTPTypes.build/HTTPTypes.DependencyStaticMetadataFileList --swift-const-vals-list /Users/xinyufang/Library/Developer/Xcode/DerivedData/Buzz-faillbpsmponqzeruhhvskovixzk/Build/Intermediates.noindex/swift-http-types.build/Debug-iphonesimulator/HTTPTypes.build/Objects-normal/arm64/HTTPTypes.SwiftConstValuesFileList --force --compile-time-extraction --deployment-aware-processing --validate-assistant-intents --no-app-shortcuts-localization
2025-11-16 01:12:06.513 appintentsmetadataprocessor[64237:26421571] Starting appintentsmetadataprocessor export
2025-11-16 01:12:06.705 appintentsmetadataprocessor[64237:26421571] Extracted no relevant App Intents symbols, skipping writing output

Ld /Users/xinyufang/Library/Developer/Xcode/DerivedData/Buzz-faillbpsmponqzeruhhvskovixzk/Build/Products/Debug-iphonesimulator/StripeUICore.o normal (in target 'StripeUICore' from project 'Stripe')
    cd /Users/xinyufang/Library/Developer/Xcode/DerivedData/Buzz-faillbpsmponqzeruhhvskovixzk/SourcePackages/checkouts/stripe-ios-spm
    /Applications/Xcode.app/Contents/Developer/Toolchains/XcodeDefault.xctoolchain/usr/bin/clang -Xlinker -reproducible -target arm64-apple-ios13.0-simulator -r -isysroot /Applications/Xcode.app/Contents/Developer/Platforms/iPhoneSimulator.platform/Developer/SDKs/iPhoneSimulator26.0.sdk -O0 -w -L/Users/xinyufang/Library/Developer/Xcode/DerivedData/Buzz-faillbpsmponqzeruhhvskovixzk/Build/Intermediates.noindex/EagerLinkingTBDs/Debug-iphonesimulator -L/Users/xinyufang/Library/Developer/Xcode/DerivedData/Buzz-faillbpsmponqzeruhhvskovixzk/Build/Products/Debug-iphonesimulator -L/Applications/Xcode.app/Contents/Developer/Platforms/iPhoneSimulator.platform/Developer/usr/lib -F/Users/xinyufang/Library/Developer/Xcode/DerivedData/Buzz-faillbpsmponqzeruhhvskovixzk/Build/Intermediates.noindex/EagerLinkingTBDs/Debug-iphonesimulator -F/Users/xinyufang/Library/Developer/Xcode/DerivedData/Buzz-faillbpsmponqzeruhhvskovixzk/Build/Products/Debug-iphonesimulator/PackageFrameworks -F/Users/xinyufang/Library/Developer/Xcode/DerivedData/Buzz-faillbpsmponqzeruhhvskovixzk/Build/Products/Debug-iphonesimulator -iframework /Applications/Xcode.app/Contents/Developer/Platforms/iPhoneSimulator.platform/Developer/Library/Frameworks -iframework /Applications/Xcode.app/Contents/Developer/Platforms/iPhoneSimulator.platform/Developer/SDKs/iPhoneSimulator26.0.sdk/Developer/Library/Frameworks -filelist /Users/xinyufang/Library/Developer/Xcode/DerivedData/Buzz-faillbpsmponqzeruhhvskovixzk/Build/Intermediates.noindex/Stripe.build/Debug-iphonesimulator/StripeUICore.build/Objects-normal/arm64/StripeUICore.LinkFileList -nostdlib -Xlinker -object_path_lto -Xlinker /Users/xinyufang/Library/Developer/Xcode/DerivedData/Buzz-faillbpsmponqzeruhhvskovixzk/Build/Intermediates.noindex/Stripe.build/Debug-iphonesimulator/StripeUICore.build/Objects-normal/arm64/StripeUICore_lto.o -rdynamic -Xlinker -no_deduplicate -Xlinker -objc_abi_version -Xlinker 2 -Xlinker -dependency_info -Xlinker /Users/xinyufang/Library/Developer/Xcode/DerivedData/Buzz-faillbpsmponqzeruhhvskovixzk/Build/Intermediates.noindex/Stripe.build/Debug-iphonesimulator/StripeUICore.build/Objects-normal/arm64/StripeUICore_dependency_info.dat -fobjc-link-runtime -L/Applications/Xcode.app/Contents/Developer/Toolchains/XcodeDefault.xctoolchain/usr/lib/swift/iphonesimulator -L/usr/lib/swift -Xlinker -add_ast_path -Xlinker /Users/xinyufang/Library/Developer/Xcode/DerivedData/Buzz-faillbpsmponqzeruhhvskovixzk/Build/Intermediates.noindex/Stripe.build/Debug-iphonesimulator/StripeUICore.build/Objects-normal/arm64/StripeUICore.swiftmodule @/Users/xinyufang/Library/Developer/Xcode/DerivedData/Buzz-faillbpsmponqzeruhhvskovixzk/Build/Intermediates.noindex/Stripe.build/Debug-iphonesimulator/StripeUICore.build/Objects-normal/arm64/StripeUICore-linker-args.resp -o /Users/xinyufang/Library/Developer/Xcode/DerivedData/Buzz-faillbpsmponqzeruhhvskovixzk/Build/Products/Debug-iphonesimulator/StripeUICore.o

Ld /Users/xinyufang/Library/Developer/Xcode/DerivedData/Buzz-faillbpsmponqzeruhhvskovixzk/Build/Products/Debug-iphonesimulator/StripeCardScan.o normal (in target 'StripeCardScan' from project 'Stripe')
    cd /Users/xinyufang/Library/Developer/Xcode/DerivedData/Buzz-faillbpsmponqzeruhhvskovixzk/SourcePackages/checkouts/stripe-ios-spm
    /Applications/Xcode.app/Contents/Developer/Toolchains/XcodeDefault.xctoolchain/usr/bin/clang -Xlinker -reproducible -target arm64-apple-ios13.0-simulator -r -isysroot /Applications/Xcode.app/Contents/Developer/Platforms/iPhoneSimulator.platform/Developer/SDKs/iPhoneSimulator26.0.sdk -O0 -w -L/Users/xinyufang/Library/Developer/Xcode/DerivedData/Buzz-faillbpsmponqzeruhhvskovixzk/Build/Intermediates.noindex/EagerLinkingTBDs/Debug-iphonesimulator -L/Users/xinyufang/Library/Developer/Xcode/DerivedData/Buzz-faillbpsmponqzeruhhvskovixzk/Build/Products/Debug-iphonesimulator -L/Applications/Xcode.app/Contents/Developer/Platforms/iPhoneSimulator.platform/Developer/usr/lib -F/Users/xinyufang/Library/Developer/Xcode/DerivedData/Buzz-faillbpsmponqzeruhhvskovixzk/Build/Intermediates.noindex/EagerLinkingTBDs/Debug-iphonesimulator -F/Users/xinyufang/Library/Developer/Xcode/DerivedData/Buzz-faillbpsmponqzeruhhvskovixzk/Build/Products/Debug-iphonesimulator/PackageFrameworks -F/Users/xinyufang/Library/Developer/Xcode/DerivedData/Buzz-faillbpsmponqzeruhhvskovixzk/Build/Products/Debug-iphonesimulator -iframework /Applications/Xcode.app/Contents/Developer/Platforms/iPhoneSimulator.platform/Developer/Library/Frameworks -iframework /Applications/Xcode.app/Contents/Developer/Platforms/iPhoneSimulator.platform/Developer/SDKs/iPhoneSimulator26.0.sdk/Developer/Library/Frameworks -filelist /Users/xinyufang/Library/Developer/Xcode/DerivedData/Buzz-faillbpsmponqzeruhhvskovixzk/Build/Intermediates.noindex/Stripe.build/Debug-iphonesimulator/StripeCardScan.build/Objects-normal/arm64/StripeCardScan.LinkFileList -nostdlib -Xlinker -object_path_lto -Xlinker /Users/xinyufang/Library/Developer/Xcode/DerivedData/Buzz-faillbpsmponqzeruhhvskovixzk/Build/Intermediates.noindex/Stripe.build/Debug-iphonesimulator/StripeCardScan.build/Objects-normal/arm64/StripeCardScan_lto.o -rdynamic -Xlinker -no_deduplicate -Xlinker -objc_abi_version -Xlinker 2 -Xlinker -dependency_info -Xlinker /Users/xinyufang/Library/Developer/Xcode/DerivedData/Buzz-faillbpsmponqzeruhhvskovixzk/Build/Intermediates.noindex/Stripe.build/Debug-iphonesimulator/StripeCardScan.build/Objects-normal/arm64/StripeCardScan_dependency_info.dat -fobjc-link-runtime -L/Applications/Xcode.app/Contents/Developer/Toolchains/XcodeDefault.xctoolchain/usr/lib/swift/iphonesimulator -L/usr/lib/swift -Xlinker -add_ast_path -Xlinker /Users/xinyufang/Library/Developer/Xcode/DerivedData/Buzz-faillbpsmponqzeruhhvskovixzk/Build/Intermediates.noindex/Stripe.build/Debug-iphonesimulator/StripeCardScan.build/Objects-normal/arm64/StripeCardScan.swiftmodule @/Users/xinyufang/Library/Developer/Xcode/DerivedData/Buzz-faillbpsmponqzeruhhvskovixzk/Build/Intermediates.noindex/Stripe.build/Debug-iphonesimulator/StripeCardScan.build/Objects-normal/arm64/StripeCardScan-linker-args.resp -o /Users/xinyufang/Library/Developer/Xcode/DerivedData/Buzz-faillbpsmponqzeruhhvskovixzk/Build/Products/Debug-iphonesimulator/StripeCardScan.o

Ld /Users/xinyufang/Library/Developer/Xcode/DerivedData/Buzz-faillbpsmponqzeruhhvskovixzk/Build/Products/Debug-iphonesimulator/StripeCameraCore.o normal (in target 'StripeCameraCore' from project 'Stripe')
    cd /Users/xinyufang/Library/Developer/Xcode/DerivedData/Buzz-faillbpsmponqzeruhhvskovixzk/SourcePackages/checkouts/stripe-ios-spm
    /Applications/Xcode.app/Contents/Developer/Toolchains/XcodeDefault.xctoolchain/usr/bin/clang -Xlinker -reproducible -target arm64-apple-ios13.0-simulator -r -isysroot /Applications/Xcode.app/Contents/Developer/Platforms/iPhoneSimulator.platform/Developer/SDKs/iPhoneSimulator26.0.sdk -O0 -w -L/Users/xinyufang/Library/Developer/Xcode/DerivedData/Buzz-faillbpsmponqzeruhhvskovixzk/Build/Intermediates.noindex/EagerLinkingTBDs/Debug-iphonesimulator -L/Users/xinyufang/Library/Developer/Xcode/DerivedData/Buzz-faillbpsmponqzeruhhvskovixzk/Build/Products/Debug-iphonesimulator -L/Applications/Xcode.app/Contents/Developer/Platforms/iPhoneSimulator.platform/Developer/usr/lib -F/Users/xinyufang/Library/Developer/Xcode/DerivedData/Buzz-faillbpsmponqzeruhhvskovixzk/Build/Intermediates.noindex/EagerLinkingTBDs/Debug-iphonesimulator -F/Users/xinyufang/Library/Developer/Xcode/DerivedData/Buzz-faillbpsmponqzeruhhvskovixzk/Build/Products/Debug-iphonesimulator/PackageFrameworks -F/Users/xinyufang/Library/Developer/Xcode/DerivedData/Buzz-faillbpsmponqzeruhhvskovixzk/Build/Products/Debug-iphonesimulator -iframework /Applications/Xcode.app/Contents/Developer/Platforms/iPhoneSimulator.platform/Developer/Library/Frameworks -iframework /Applications/Xcode.app/Contents/Developer/Platforms/iPhoneSimulator.platform/Developer/SDKs/iPhoneSimulator26.0.sdk/Developer/Library/Frameworks -filelist /Users/xinyufang/Library/Developer/Xcode/DerivedData/Buzz-faillbpsmponqzeruhhvskovixzk/Build/Intermediates.noindex/Stripe.build/Debug-iphonesimulator/StripeCameraCore.build/Objects-normal/arm64/StripeCameraCore.LinkFileList -nostdlib -Xlinker -object_path_lto -Xlinker /Users/xinyufang/Library/Developer/Xcode/DerivedData/Buzz-faillbpsmponqzeruhhvskovixzk/Build/Intermediates.noindex/Stripe.build/Debug-iphonesimulator/StripeCameraCore.build/Objects-normal/arm64/StripeCameraCore_lto.o -rdynamic -Xlinker -no_deduplicate -Xlinker -objc_abi_version -Xlinker 2 -Xlinker -dependency_info -Xlinker /Users/xinyufang/Library/Developer/Xcode/DerivedData/Buzz-faillbpsmponqzeruhhvskovixzk/Build/Intermediates.noindex/Stripe.build/Debug-iphonesimulator/StripeCameraCore.build/Objects-normal/arm64/StripeCameraCore_dependency_info.dat -fobjc-link-runtime -L/Applications/Xcode.app/Contents/Developer/Toolchains/XcodeDefault.xctoolchain/usr/lib/swift/iphonesimulator -L/usr/lib/swift -Xlinker -add_ast_path -Xlinker /Users/xinyufang/Library/Developer/Xcode/DerivedData/Buzz-faillbpsmponqzeruhhvskovixzk/Build/Intermediates.noindex/Stripe.build/Debug-iphonesimulator/StripeCameraCore.build/Objects-normal/arm64/StripeCameraCore.swiftmodule @/Users/xinyufang/Library/Developer/Xcode/DerivedData/Buzz-faillbpsmponqzeruhhvskovixzk/Build/Intermediates.noindex/Stripe.build/Debug-iphonesimulator/StripeCameraCore.build/Objects-normal/arm64/StripeCameraCore-linker-args.resp -o /Users/xinyufang/Library/Developer/Xcode/DerivedData/Buzz-faillbpsmponqzeruhhvskovixzk/Build/Products/Debug-iphonesimulator/StripeCameraCore.o

Ld /Users/xinyufang/Library/Developer/Xcode/DerivedData/Buzz-faillbpsmponqzeruhhvskovixzk/Build/Products/Debug-iphonesimulator/StripeApplePay.o normal (in target 'StripeApplePay' from project 'Stripe')
    cd /Users/xinyufang/Library/Developer/Xcode/DerivedData/Buzz-faillbpsmponqzeruhhvskovixzk/SourcePackages/checkouts/stripe-ios-spm
    /Applications/Xcode.app/Contents/Developer/Toolchains/XcodeDefault.xctoolchain/usr/bin/clang -Xlinker -reproducible -target arm64-apple-ios13.0-simulator -r -isysroot /Applications/Xcode.app/Contents/Developer/Platforms/iPhoneSimulator.platform/Developer/SDKs/iPhoneSimulator26.0.sdk -O0 -w -L/Users/xinyufang/Library/Developer/Xcode/DerivedData/Buzz-faillbpsmponqzeruhhvskovixzk/Build/Intermediates.noindex/EagerLinkingTBDs/Debug-iphonesimulator -L/Users/xinyufang/Library/Developer/Xcode/DerivedData/Buzz-faillbpsmponqzeruhhvskovixzk/Build/Products/Debug-iphonesimulator -L/Applications/Xcode.app/Contents/Developer/Platforms/iPhoneSimulator.platform/Developer/usr/lib -F/Users/xinyufang/Library/Developer/Xcode/DerivedData/Buzz-faillbpsmponqzeruhhvskovixzk/Build/Intermediates.noindex/EagerLinkingTBDs/Debug-iphonesimulator -F/Users/xinyufang/Library/Developer/Xcode/DerivedData/Buzz-faillbpsmponqzeruhhvskovixzk/Build/Products/Debug-iphonesimulator/PackageFrameworks -F/Users/xinyufang/Library/Developer/Xcode/DerivedData/Buzz-faillbpsmponqzeruhhvskovixzk/Build/Products/Debug-iphonesimulator -iframework /Applications/Xcode.app/Contents/Developer/Platforms/iPhoneSimulator.platform/Developer/Library/Frameworks -iframework /Applications/Xcode.app/Contents/Developer/Platforms/iPhoneSimulator.platform/Developer/SDKs/iPhoneSimulator26.0.sdk/Developer/Library/Frameworks -filelist /Users/xinyufang/Library/Developer/Xcode/DerivedData/Buzz-faillbpsmponqzeruhhvskovixzk/Build/Intermediates.noindex/Stripe.build/Debug-iphonesimulator/StripeApplePay.build/Objects-normal/arm64/StripeApplePay.LinkFileList -nostdlib -Xlinker -object_path_lto -Xlinker /Users/xinyufang/Library/Developer/Xcode/DerivedData/Buzz-faillbpsmponqzeruhhvskovixzk/Build/Intermediates.noindex/Stripe.build/Debug-iphonesimulator/StripeApplePay.build/Objects-normal/arm64/StripeApplePay_lto.o -rdynamic -Xlinker -no_deduplicate -Xlinker -objc_abi_version -Xlinker 2 -Xlinker -dependency_info -Xlinker /Users/xinyufang/Library/Developer/Xcode/DerivedData/Buzz-faillbpsmponqzeruhhvskovixzk/Build/Intermediates.noindex/Stripe.build/Debug-iphonesimulator/StripeApplePay.build/Objects-normal/arm64/StripeApplePay_dependency_info.dat -fobjc-link-runtime -L/Applications/Xcode.app/Contents/Developer/Toolchains/XcodeDefault.xctoolchain/usr/lib/swift/iphonesimulator -L/usr/lib/swift -Xlinker -add_ast_path -Xlinker /Users/xinyufang/Library/Developer/Xcode/DerivedData/Buzz-faillbpsmponqzeruhhvskovixzk/Build/Intermediates.noindex/Stripe.build/Debug-iphonesimulator/StripeApplePay.build/Objects-normal/arm64/StripeApplePay.swiftmodule @/Users/xinyufang/Library/Developer/Xcode/DerivedData/Buzz-faillbpsmponqzeruhhvskovixzk/Build/Intermediates.noindex/Stripe.build/Debug-iphonesimulator/StripeApplePay.build/Objects-normal/arm64/StripeApplePay-linker-args.resp -o /Users/xinyufang/Library/Developer/Xcode/DerivedData/Buzz-faillbpsmponqzeruhhvskovixzk/Build/Products/Debug-iphonesimulator/StripeApplePay.o

SwiftDriver StripePaymentSheet normal arm64 com.apple.xcode.tools.swift.compiler (in target 'StripePaymentSheet' from project 'Stripe')
    cd /Users/xinyufang/Documents/Buzz/Buzz.xcodeproj
    builtin-SwiftDriver -- /Applications/Xcode.app/Contents/Developer/Toolchains/XcodeDefault.xctoolchain/usr/bin/swiftc -module-name StripePaymentSheet -Onone -enforce-exclusivity\=checked @/Users/xinyufang/Library/Developer/Xcode/DerivedData/Buzz-faillbpsmponqzeruhhvskovixzk/Build/Intermediates.noindex/Stripe.build/Debug-iphonesimulator/StripePaymentSheet.build/Objects-normal/arm64/StripePaymentSheet.SwiftFileList -DSWIFT_PACKAGE -DDEBUG -DSWIFT_MODULE_RESOURCE_BUNDLE_AVAILABLE -Xcc -fmodule-map-file\=/Users/xinyufang/Library/Developer/Xcode/DerivedData/Buzz-faillbpsmponqzeruhhvskovixzk/Build/Intermediates.noindex/GeneratedModuleMaps-iphonesimulator/Stripe3DS2.modulemap -DXcode -plugin-path /Applications/Xcode.app/Contents/Developer/Toolchains/XcodeDefault.xctoolchain/usr/lib/swift/host/plugins/testing -enable-experimental-feature DebugDescriptionMacro -sdk /Applications/Xcode.app/Contents/Developer/Platforms/iPhoneSimulator.platform/Developer/SDKs/iPhoneSimulator26.0.sdk -target arm64-apple-ios13.0-simulator -g -module-cache-path /Users/xinyufang/Library/Developer/Xcode/DerivedData/ModuleCache.noindex -Xfrontend -serialize-debugging-options -enable-testing -suppress-warnings -index-store-path /Users/xinyufang/Library/Developer/Xcode/DerivedData/Buzz-faillbpsmponqzeruhhvskovixzk/Index.noindex/DataStore -Xcc -D_LIBCPP_HARDENING_MODE\=_LIBCPP_HARDENING_MODE_DEBUG -swift-version 5 -I /Users/xinyufang/Library/Developer/Xcode/DerivedData/Buzz-faillbpsmponqzeruhhvskovixzk/Build/Products/Debug-iphonesimulator -Isystem /Applications/Xcode.app/Contents/Developer/Platforms/iPhoneSimulator.platform/Developer/usr/lib -F /Users/xinyufang/Library/Developer/Xcode/DerivedData/Buzz-faillbpsmponqzeruhhvskovixzk/Build/Products/Debug-iphonesimulator/PackageFrameworks -F /Users/xinyufang/Library/Developer/Xcode/DerivedData/Buzz-faillbpsmponqzeruhhvskovixzk/Build/Products/Debug-iphonesimulator/PackageFrameworks -F /Users/xinyufang/Library/Developer/Xcode/DerivedData/Buzz-faillbpsmponqzeruhhvskovixzk/Build/Products/Debug-iphonesimulator/PackageFrameworks -F /Users/xinyufang/Library/Developer/Xcode/DerivedData/Buzz-faillbpsmponqzeruhhvskovixzk/Build/Products/Debug-iphonesimulator/PackageFrameworks -F /Users/xinyufang/Library/Developer/Xcode/DerivedData/Buzz-faillbpsmponqzeruhhvskovixzk/Build/Products/Debug-iphonesimulator/PackageFrameworks -F /Users/xinyufang/Library/Developer/Xcode/DerivedData/Buzz-faillbpsmponqzeruhhvskovixzk/Build/Products/Debug-iphonesimulator/PackageFrameworks -F /Users/xinyufang/Library/Developer/Xcode/DerivedData/Buzz-faillbpsmponqzeruhhvskovixzk/Build/Products/Debug-iphonesimulator -F /Applications/Xcode.app/Contents/Developer/Platforms/iPhoneSimulator.platform/Developer/Library/Frameworks -F /Applications/Xcode.app/Contents/Developer/Platforms/iPhoneSimulator.platform/Developer/SDKs/iPhoneSimulator26.0.sdk/Developer/Library/Frameworks -emit-localized-strings -emit-localized-strings-path /Users/xinyufang/Library/Developer/Xcode/DerivedData/Buzz-faillbpsmponqzeruhhvskovixzk/Build/Intermediates.noindex/Stripe.build/Debug-iphonesimulator/StripePaymentSheet.build/Objects-normal/arm64 -c -j8 -enable-batch-mode -incremental -Xcc -ivfsstatcache -Xcc /Users/xinyufang/Library/Developer/Xcode/DerivedData/SDKStatCaches.noindex/iphonesimulator26.0-23A339-26257891a6c027eb51374368541b8346.sdkstatcache -output-file-map /Users/xinyufang/Library/Developer/Xcode/DerivedData/Buzz-faillbpsmponqzeruhhvskovixzk/Build/Intermediates.noindex/Stripe.build/Debug-iphonesimulator/StripePaymentSheet.build/Objects-normal/arm64/StripePaymentSheet-OutputFileMap.json -use-frontend-parseable-output -save-temps -no-color-diagnostics -explicit-module-build -module-cache-path /Users/xinyufang/Library/Developer/Xcode/DerivedData/Buzz-faillbpsmponqzeruhhvskovixzk/Build/Intermediates.noindex/SwiftExplicitPrecompiledModules -clang-scanner-module-cache-path /Users/xinyufang/Library/Developer/Xcode/DerivedData/ModuleCache.noindex -sdk-module-cache-path /Users/xinyufang/Library/Developer/Xcode/DerivedData/ModuleCache.noindex -serialize-diagnostics -emit-dependencies -emit-module -emit-module-path /Users/xinyufang/Library/Developer/Xcode/DerivedData/Buzz-faillbpsmponqzeruhhvskovixzk/Build/Intermediates.noindex/Stripe.build/Debug-iphonesimulator/StripePaymentSheet.build/Objects-normal/arm64/StripePaymentSheet.swiftmodule -validate-clang-modules-once -clang-build-session-file /Users/xinyufang/Library/Developer/Xcode/DerivedData/ModuleCache.noindex/Session.modulevalidation -Xcc -I/Users/xinyufang/Library/Developer/Xcode/DerivedData/Buzz-faillbpsmponqzeruhhvskovixzk/Build/Intermediates.noindex/Stripe.build/Debug-iphonesimulator/StripePaymentSheet.build/swift-overrides.hmap -emit-const-values -Xfrontend -const-gather-protocols-file -Xfrontend /Users/xinyufang/Library/Developer/Xcode/DerivedData/Buzz-faillbpsmponqzeruhhvskovixzk/Build/Intermediates.noindex/Stripe.build/Debug-iphonesimulator/StripePaymentSheet.build/Objects-normal/arm64/StripePaymentSheet_const_extract_protocols.json -Xcc -I/Users/xinyufang/Library/Developer/Xcode/DerivedData/Buzz-faillbpsmponqzeruhhvskovixzk/SourcePackages/checkouts/stripe-ios-spm/Stripe3DS2/Stripe3DS2/include -Xcc -I/Users/xinyufang/Library/Developer/Xcode/DerivedData/Buzz-faillbpsmponqzeruhhvskovixzk/Build/Products/Debug-iphonesimulator/include -Xcc -I/Users/xinyufang/Library/Developer/Xcode/DerivedData/Buzz-faillbpsmponqzeruhhvskovixzk/Build/Intermediates.noindex/Stripe.build/Debug-iphonesimulator/StripePaymentSheet.build/DerivedSources-normal/arm64 -Xcc -I/Users/xinyufang/Library/Developer/Xcode/DerivedData/Buzz-faillbpsmponqzeruhhvskovixzk/Build/Intermediates.noindex/Stripe.build/Debug-iphonesimulator/StripePaymentSheet.build/DerivedSources/arm64 -Xcc -I/Users/xinyufang/Library/Developer/Xcode/DerivedData/Buzz-faillbpsmponqzeruhhvskovixzk/Build/Intermediates.noindex/Stripe.build/Debug-iphonesimulator/StripePaymentSheet.build/DerivedSources -Xcc -DSWIFT_PACKAGE -Xcc -DDEBUG\=1 -emit-objc-header -emit-objc-header-path /Users/xinyufang/Library/Developer/Xcode/DerivedData/Buzz-faillbpsmponqzeruhhvskovixzk/Build/Intermediates.noindex/Stripe.build/Debug-iphonesimulator/StripePaymentSheet.build/Objects-normal/arm64/StripePaymentSheet-Swift.h -working-directory /Users/xinyufang/Documents/Buzz/Buzz.xcodeproj -experimental-emit-module-separately -disable-cmo

ExtractAppIntentsMetadata (in target 'StripeCardScan' from project 'Stripe')
    cd /Users/xinyufang/Library/Developer/Xcode/DerivedData/Buzz-faillbpsmponqzeruhhvskovixzk/SourcePackages/checkouts/stripe-ios-spm
    /Applications/Xcode.app/Contents/Developer/Toolchains/XcodeDefault.xctoolchain/usr/bin/appintentsmetadataprocessor --toolchain-dir /Applications/Xcode.app/Contents/Developer/Toolchains/XcodeDefault.xctoolchain --module-name StripeCardScan --sdk-root /Applications/Xcode.app/Contents/Developer/Platforms/iPhoneSimulator.platform/Developer/SDKs/iPhoneSimulator26.0.sdk --xcode-version 17A400 --platform-family iOS --deployment-target 13.0 --bundle-identifier stripe-ios-spm.StripeCardScan --output /Users/xinyufang/Library/Developer/Xcode/DerivedData/Buzz-faillbpsmponqzeruhhvskovixzk/Build/Products/Debug-iphonesimulator/StripeCardScan.appintents --target-triple arm64-apple-ios13.0-simulator --binary-file /Users/xinyufang/Library/Developer/Xcode/DerivedData/Buzz-faillbpsmponqzeruhhvskovixzk/Build/Products/Debug-iphonesimulator/StripeCardScan.o --dependency-file /Users/xinyufang/Library/Developer/Xcode/DerivedData/Buzz-faillbpsmponqzeruhhvskovixzk/Build/Intermediates.noindex/Stripe.build/Debug-iphonesimulator/StripeCardScan.build/Objects-normal/arm64/StripeCardScan_dependency_info.dat --stringsdata-file /Users/xinyufang/Library/Developer/Xcode/DerivedData/Buzz-faillbpsmponqzeruhhvskovixzk/Build/Intermediates.noindex/Stripe.build/Debug-iphonesimulator/StripeCardScan.build/Objects-normal/arm64/ExtractedAppShortcutsMetadata.stringsdata --source-file-list /Users/xinyufang/Library/Developer/Xcode/DerivedData/Buzz-faillbpsmponqzeruhhvskovixzk/Build/Intermediates.noindex/Stripe.build/Debug-iphonesimulator/StripeCardScan.build/Objects-normal/arm64/StripeCardScan.SwiftFileList --metadata-file-list /Users/xinyufang/Library/Developer/Xcode/DerivedData/Buzz-faillbpsmponqzeruhhvskovixzk/Build/Intermediates.noindex/Stripe.build/Debug-iphonesimulator/StripeCardScan.build/StripeCardScan.DependencyMetadataFileList --static-metadata-file-list /Users/xinyufang/Library/Developer/Xcode/DerivedData/Buzz-faillbpsmponqzeruhhvskovixzk/Build/Intermediates.noindex/Stripe.build/Debug-iphonesimulator/StripeCardScan.build/StripeCardScan.DependencyStaticMetadataFileList --swift-const-vals-list /Users/xinyufang/Library/Developer/Xcode/DerivedData/Buzz-faillbpsmponqzeruhhvskovixzk/Build/Intermediates.noindex/Stripe.build/Debug-iphonesimulator/StripeCardScan.build/Objects-normal/arm64/StripeCardScan.SwiftConstValuesFileList --force --compile-time-extraction --deployment-aware-processing --validate-assistant-intents --no-app-shortcuts-localization
2025-11-16 01:12:06.633 appintentsmetadataprocessor[64246:26421636] Starting appintentsmetadataprocessor export
2025-11-16 01:12:06.882 appintentsmetadataprocessor[64246:26421636] Extracted no relevant App Intents symbols, skipping writing output

ExtractAppIntentsMetadata (in target 'StripeCameraCore' from project 'Stripe')
    cd /Users/xinyufang/Library/Developer/Xcode/DerivedData/Buzz-faillbpsmponqzeruhhvskovixzk/SourcePackages/checkouts/stripe-ios-spm
    /Applications/Xcode.app/Contents/Developer/Toolchains/XcodeDefault.xctoolchain/usr/bin/appintentsmetadataprocessor --toolchain-dir /Applications/Xcode.app/Contents/Developer/Toolchains/XcodeDefault.xctoolchain --module-name StripeCameraCore --sdk-root /Applications/Xcode.app/Contents/Developer/Platforms/iPhoneSimulator.platform/Developer/SDKs/iPhoneSimulator26.0.sdk --xcode-version 17A400 --platform-family iOS --deployment-target 13.0 --bundle-identifier stripe-ios-spm.StripeCameraCore --output /Users/xinyufang/Library/Developer/Xcode/DerivedData/Buzz-faillbpsmponqzeruhhvskovixzk/Build/Products/Debug-iphonesimulator/StripeCameraCore.appintents --target-triple arm64-apple-ios13.0-simulator --binary-file /Users/xinyufang/Library/Developer/Xcode/DerivedData/Buzz-faillbpsmponqzeruhhvskovixzk/Build/Products/Debug-iphonesimulator/StripeCameraCore.o --dependency-file /Users/xinyufang/Library/Developer/Xcode/DerivedData/Buzz-faillbpsmponqzeruhhvskovixzk/Build/Intermediates.noindex/Stripe.build/Debug-iphonesimulator/StripeCameraCore.build/Objects-normal/arm64/StripeCameraCore_dependency_info.dat --stringsdata-file /Users/xinyufang/Library/Developer/Xcode/DerivedData/Buzz-faillbpsmponqzeruhhvskovixzk/Build/Intermediates.noindex/Stripe.build/Debug-iphonesimulator/StripeCameraCore.build/Objects-normal/arm64/ExtractedAppShortcutsMetadata.stringsdata --source-file-list /Users/xinyufang/Library/Developer/Xcode/DerivedData/Buzz-faillbpsmponqzeruhhvskovixzk/Build/Intermediates.noindex/Stripe.build/Debug-iphonesimulator/StripeCameraCore.build/Objects-normal/arm64/StripeCameraCore.SwiftFileList --metadata-file-list /Users/xinyufang/Library/Developer/Xcode/DerivedData/Buzz-faillbpsmponqzeruhhvskovixzk/Build/Intermediates.noindex/Stripe.build/Debug-iphonesimulator/StripeCameraCore.build/StripeCameraCore.DependencyMetadataFileList --static-metadata-file-list /Users/xinyufang/Library/Developer/Xcode/DerivedData/Buzz-faillbpsmponqzeruhhvskovixzk/Build/Intermediates.noindex/Stripe.build/Debug-iphonesimulator/StripeCameraCore.build/StripeCameraCore.DependencyStaticMetadataFileList --swift-const-vals-list /Users/xinyufang/Library/Developer/Xcode/DerivedData/Buzz-faillbpsmponqzeruhhvskovixzk/Build/Intermediates.noindex/Stripe.build/Debug-iphonesimulator/StripeCameraCore.build/Objects-normal/arm64/StripeCameraCore.SwiftConstValuesFileList --force --compile-time-extraction --deployment-aware-processing --validate-assistant-intents --no-app-shortcuts-localization
2025-11-16 01:12:06.622 appintentsmetadataprocessor[64247:26421637] Starting appintentsmetadataprocessor export
2025-11-16 01:12:06.892 appintentsmetadataprocessor[64247:26421637] Extracted no relevant App Intents symbols, skipping writing output

Ld /Users/xinyufang/Library/Developer/Xcode/DerivedData/Buzz-faillbpsmponqzeruhhvskovixzk/Build/Products/Debug-iphonesimulator/FBLPromises.o normal (in target 'FBLPromises' from project 'Promises')
    cd /Users/xinyufang/Library/Developer/Xcode/DerivedData/Buzz-faillbpsmponqzeruhhvskovixzk/SourcePackages/checkouts/promises
    /Applications/Xcode.app/Contents/Developer/Toolchains/XcodeDefault.xctoolchain/usr/bin/clang -Xlinker -reproducible -target arm64-apple-ios12.0-simulator -r -isysroot /Applications/Xcode.app/Contents/Developer/Platforms/iPhoneSimulator.platform/Developer/SDKs/iPhoneSimulator26.0.sdk -O0 -w -L/Users/xinyufang/Library/Developer/Xcode/DerivedData/Buzz-faillbpsmponqzeruhhvskovixzk/Build/Intermediates.noindex/EagerLinkingTBDs/Debug-iphonesimulator -L/Users/xinyufang/Library/Developer/Xcode/DerivedData/Buzz-faillbpsmponqzeruhhvskovixzk/Build/Products/Debug-iphonesimulator -L/Applications/Xcode.app/Contents/Developer/Platforms/iPhoneSimulator.platform/Developer/usr/lib -F/Users/xinyufang/Library/Developer/Xcode/DerivedData/Buzz-faillbpsmponqzeruhhvskovixzk/Build/Intermediates.noindex/EagerLinkingTBDs/Debug-iphonesimulator -F/Users/xinyufang/Library/Developer/Xcode/DerivedData/Buzz-faillbpsmponqzeruhhvskovixzk/Build/Products/Debug-iphonesimulator -iframework /Applications/Xcode.app/Contents/Developer/Platforms/iPhoneSimulator.platform/Developer/Library/Frameworks -iframework /Applications/Xcode.app/Contents/Developer/Platforms/iPhoneSimulator.platform/Developer/SDKs/iPhoneSimulator26.0.sdk/Developer/Library/Frameworks -filelist /Users/xinyufang/Library/Developer/Xcode/DerivedData/Buzz-faillbpsmponqzeruhhvskovixzk/Build/Intermediates.noindex/Promises.build/Debug-iphonesimulator/FBLPromises.build/Objects-normal/arm64/FBLPromises.LinkFileList -nostdlib -Xlinker -object_path_lto -Xlinker /Users/xinyufang/Library/Developer/Xcode/DerivedData/Buzz-faillbpsmponqzeruhhvskovixzk/Build/Intermediates.noindex/Promises.build/Debug-iphonesimulator/FBLPromises.build/Objects-normal/arm64/FBLPromises_lto.o -rdynamic -Xlinker -no_deduplicate -Xlinker -objc_abi_version -Xlinker 2 -Xlinker -dependency_info -Xlinker /Users/xinyufang/Library/Developer/Xcode/DerivedData/Buzz-faillbpsmponqzeruhhvskovixzk/Build/Intermediates.noindex/Promises.build/Debug-iphonesimulator/FBLPromises.build/Objects-normal/arm64/FBLPromises_dependency_info.dat -fobjc-arc -fobjc-link-runtime -o /Users/xinyufang/Library/Developer/Xcode/DerivedData/Buzz-faillbpsmponqzeruhhvskovixzk/Build/Products/Debug-iphonesimulator/FBLPromises.o

ExtractAppIntentsMetadata (in target 'StripeUICore' from project 'Stripe')
    cd /Users/xinyufang/Library/Developer/Xcode/DerivedData/Buzz-faillbpsmponqzeruhhvskovixzk/SourcePackages/checkouts/stripe-ios-spm
    /Applications/Xcode.app/Contents/Developer/Toolchains/XcodeDefault.xctoolchain/usr/bin/appintentsmetadataprocessor --toolchain-dir /Applications/Xcode.app/Contents/Developer/Toolchains/XcodeDefault.xctoolchain --module-name StripeUICore --sdk-root /Applications/Xcode.app/Contents/Developer/Platforms/iPhoneSimulator.platform/Developer/SDKs/iPhoneSimulator26.0.sdk --xcode-version 17A400 --platform-family iOS --deployment-target 13.0 --bundle-identifier stripe-ios-spm.StripeUICore --output /Users/xinyufang/Library/Developer/Xcode/DerivedData/Buzz-faillbpsmponqzeruhhvskovixzk/Build/Products/Debug-iphonesimulator/StripeUICore.appintents --target-triple arm64-apple-ios13.0-simulator --binary-file /Users/xinyufang/Library/Developer/Xcode/DerivedData/Buzz-faillbpsmponqzeruhhvskovixzk/Build/Products/Debug-iphonesimulator/StripeUICore.o --dependency-file /Users/xinyufang/Library/Developer/Xcode/DerivedData/Buzz-faillbpsmponqzeruhhvskovixzk/Build/Intermediates.noindex/Stripe.build/Debug-iphonesimulator/StripeUICore.build/Objects-normal/arm64/StripeUICore_dependency_info.dat --stringsdata-file /Users/xinyufang/Library/Developer/Xcode/DerivedData/Buzz-faillbpsmponqzeruhhvskovixzk/Build/Intermediates.noindex/Stripe.build/Debug-iphonesimulator/StripeUICore.build/Objects-normal/arm64/ExtractedAppShortcutsMetadata.stringsdata --source-file-list /Users/xinyufang/Library/Developer/Xcode/DerivedData/Buzz-faillbpsmponqzeruhhvskovixzk/Build/Intermediates.noindex/Stripe.build/Debug-iphonesimulator/StripeUICore.build/Objects-normal/arm64/StripeUICore.SwiftFileList --metadata-file-list /Users/xinyufang/Library/Developer/Xcode/DerivedData/Buzz-faillbpsmponqzeruhhvskovixzk/Build/Intermediates.noindex/Stripe.build/Debug-iphonesimulator/StripeUICore.build/StripeUICore.DependencyMetadataFileList --static-metadata-file-list /Users/xinyufang/Library/Developer/Xcode/DerivedData/Buzz-faillbpsmponqzeruhhvskovixzk/Build/Intermediates.noindex/Stripe.build/Debug-iphonesimulator/StripeUICore.build/StripeUICore.DependencyStaticMetadataFileList --swift-const-vals-list /Users/xinyufang/Library/Developer/Xcode/DerivedData/Buzz-faillbpsmponqzeruhhvskovixzk/Build/Intermediates.noindex/Stripe.build/Debug-iphonesimulator/StripeUICore.build/Objects-normal/arm64/StripeUICore.SwiftConstValuesFileList --force --compile-time-extraction --deployment-aware-processing --validate-assistant-intents --no-app-shortcuts-localization
2025-11-16 01:12:06.705 appintentsmetadataprocessor[64250:26421652] Starting appintentsmetadataprocessor export
2025-11-16 01:12:06.880 appintentsmetadataprocessor[64250:26421652] Extracted no relevant App Intents symbols, skipping writing output

ExtractAppIntentsMetadata (in target 'StripeApplePay' from project 'Stripe')
    cd /Users/xinyufang/Library/Developer/Xcode/DerivedData/Buzz-faillbpsmponqzeruhhvskovixzk/SourcePackages/checkouts/stripe-ios-spm
    /Applications/Xcode.app/Contents/Developer/Toolchains/XcodeDefault.xctoolchain/usr/bin/appintentsmetadataprocessor --toolchain-dir /Applications/Xcode.app/Contents/Developer/Toolchains/XcodeDefault.xctoolchain --module-name StripeApplePay --sdk-root /Applications/Xcode.app/Contents/Developer/Platforms/iPhoneSimulator.platform/Developer/SDKs/iPhoneSimulator26.0.sdk --xcode-version 17A400 --platform-family iOS --deployment-target 13.0 --bundle-identifier stripe-ios-spm.StripeApplePay --output /Users/xinyufang/Library/Developer/Xcode/DerivedData/Buzz-faillbpsmponqzeruhhvskovixzk/Build/Products/Debug-iphonesimulator/StripeApplePay.appintents --target-triple arm64-apple-ios13.0-simulator --binary-file /Users/xinyufang/Library/Developer/Xcode/DerivedData/Buzz-faillbpsmponqzeruhhvskovixzk/Build/Products/Debug-iphonesimulator/StripeApplePay.o --dependency-file /Users/xinyufang/Library/Developer/Xcode/DerivedData/Buzz-faillbpsmponqzeruhhvskovixzk/Build/Intermediates.noindex/Stripe.build/Debug-iphonesimulator/StripeApplePay.build/Objects-normal/arm64/StripeApplePay_dependency_info.dat --stringsdata-file /Users/xinyufang/Library/Developer/Xcode/DerivedData/Buzz-faillbpsmponqzeruhhvskovixzk/Build/Intermediates.noindex/Stripe.build/Debug-iphonesimulator/StripeApplePay.build/Objects-normal/arm64/ExtractedAppShortcutsMetadata.stringsdata --source-file-list /Users/xinyufang/Library/Developer/Xcode/DerivedData/Buzz-faillbpsmponqzeruhhvskovixzk/Build/Intermediates.noindex/Stripe.build/Debug-iphonesimulator/StripeApplePay.build/Objects-normal/arm64/StripeApplePay.SwiftFileList --metadata-file-list /Users/xinyufang/Library/Developer/Xcode/DerivedData/Buzz-faillbpsmponqzeruhhvskovixzk/Build/Intermediates.noindex/Stripe.build/Debug-iphonesimulator/StripeApplePay.build/StripeApplePay.DependencyMetadataFileList --static-metadata-file-list /Users/xinyufang/Library/Developer/Xcode/DerivedData/Buzz-faillbpsmponqzeruhhvskovixzk/Build/Intermediates.noindex/Stripe.build/Debug-iphonesimulator/StripeApplePay.build/StripeApplePay.DependencyStaticMetadataFileList --swift-const-vals-list /Users/xinyufang/Library/Developer/Xcode/DerivedData/Buzz-faillbpsmponqzeruhhvskovixzk/Build/Intermediates.noindex/Stripe.build/Debug-iphonesimulator/StripeApplePay.build/Objects-normal/arm64/StripeApplePay.SwiftConstValuesFileList --force --compile-time-extraction --deployment-aware-processing --validate-assistant-intents --no-app-shortcuts-localization
2025-11-16 01:12:06.729 appintentsmetadataprocessor[64251:26421653] Starting appintentsmetadataprocessor export
2025-11-16 01:12:06.900 appintentsmetadataprocessor[64251:26421653] Extracted no relevant App Intents symbols, skipping writing output

SwiftEmitModule normal arm64 Emitting\ module\ for\ IssueReporting (in target 'IssueReporting' from project 'xctest-dynamic-overlay')

EmitSwiftModule normal arm64 (in target 'IssueReporting' from project 'xctest-dynamic-overlay')
    cd /Users/xinyufang/Documents/Buzz/Buzz.xcodeproj
    

GenerateAssetSymbols /Users/xinyufang/Library/Developer/Xcode/DerivedData/Buzz-faillbpsmponqzeruhhvskovixzk/SourcePackages/checkouts/stripe-ios-spm/Stripe/StripeiOS/Resources/StripeiOS.xcassets (in target 'Stripe' from project 'Stripe')
    cd /Users/xinyufang/Library/Developer/Xcode/DerivedData/Buzz-faillbpsmponqzeruhhvskovixzk/SourcePackages/checkouts/stripe-ios-spm
    /Applications/Xcode.app/Contents/Developer/usr/bin/actool /Users/xinyufang/Library/Developer/Xcode/DerivedData/Buzz-faillbpsmponqzeruhhvskovixzk/SourcePackages/checkouts/stripe-ios-spm/Stripe/StripeiOS/Resources/StripeiOS.xcassets --compile /Users/xinyufang/Library/Developer/Xcode/DerivedData/Buzz-faillbpsmponqzeruhhvskovixzk/Build/Products/Debug-iphonesimulator --output-format human-readable-text --notices --warnings --export-dependency-info /Users/xinyufang/Library/Developer/Xcode/DerivedData/Buzz-faillbpsmponqzeruhhvskovixzk/Build/Intermediates.noindex/Stripe.build/Debug-iphonesimulator/Stripe.build/assetcatalog_dependencies --output-partial-info-plist /Users/xinyufang/Library/Developer/Xcode/DerivedData/Buzz-faillbpsmponqzeruhhvskovixzk/Build/Intermediates.noindex/Stripe.build/Debug-iphonesimulator/Stripe.build/assetcatalog_generated_info.plist --compress-pngs --enable-on-demand-resources NO --development-region en --target-device iphone --target-device ipad --minimum-deployment-target 13.0 --platform iphonesimulator --bundle-identifier stripe-ios-spm.Stripe --generate-swift-asset-symbol-extensions NO --generate-swift-asset-symbols /Users/xinyufang/Library/Developer/Xcode/DerivedData/Buzz-faillbpsmponqzeruhhvskovixzk/Build/Intermediates.noindex/Stripe.build/Debug-iphonesimulator/Stripe.build/DerivedSources/GeneratedAssetSymbols.swift --generate-objc-asset-symbols /Users/xinyufang/Library/Developer/Xcode/DerivedData/Buzz-faillbpsmponqzeruhhvskovixzk/Build/Intermediates.noindex/Stripe.build/Debug-iphonesimulator/Stripe.build/DerivedSources/GeneratedAssetSymbols.h --generate-asset-symbol-index /Users/xinyufang/Library/Developer/Xcode/DerivedData/Buzz-faillbpsmponqzeruhhvskovixzk/Build/Intermediates.noindex/Stripe.build/Debug-iphonesimulator/Stripe.build/DerivedSources/GeneratedAssetSymbols-Index.plist
/* com.apple.actool.compilation-results */
/Users/xinyufang/Library/Developer/Xcode/DerivedData/Buzz-faillbpsmponqzeruhhvskovixzk/Build/Intermediates.noindex/Stripe.build/Debug-iphonesimulator/Stripe.build/DerivedSources/GeneratedAssetSymbols-Index.plist
/Users/xinyufang/Library/Developer/Xcode/DerivedData/Buzz-faillbpsmponqzeruhhvskovixzk/Build/Intermediates.noindex/Stripe.build/Debug-iphonesimulator/Stripe.build/DerivedSources/GeneratedAssetSymbols.h
/Users/xinyufang/Library/Developer/Xcode/DerivedData/Buzz-faillbpsmponqzeruhhvskovixzk/Build/Intermediates.noindex/Stripe.build/Debug-iphonesimulator/Stripe.build/DerivedSources/GeneratedAssetSymbols.swift


SwiftCompile normal arm64 Compiling\ WithExpectedIssue.swift,\ WithIssueContext.swift /Users/xinyufang/Library/Developer/Xcode/DerivedData/Buzz-faillbpsmponqzeruhhvskovixzk/SourcePackages/checkouts/xctest-dynamic-overlay/Sources/IssueReporting/WithExpectedIssue.swift /Users/xinyufang/Library/Developer/Xcode/DerivedData/Buzz-faillbpsmponqzeruhhvskovixzk/SourcePackages/checkouts/xctest-dynamic-overlay/Sources/IssueReporting/WithIssueContext.swift (in target 'IssueReporting' from project 'xctest-dynamic-overlay')

SwiftCompile normal arm64 /Users/xinyufang/Library/Developer/Xcode/DerivedData/Buzz-faillbpsmponqzeruhhvskovixzk/SourcePackages/checkouts/xctest-dynamic-overlay/Sources/IssueReporting/WithExpectedIssue.swift (in target 'IssueReporting' from project 'xctest-dynamic-overlay')
    cd /Users/xinyufang/Documents/Buzz/Buzz.xcodeproj
    

SwiftCompile normal arm64 /Users/xinyufang/Library/Developer/Xcode/DerivedData/Buzz-faillbpsmponqzeruhhvskovixzk/SourcePackages/checkouts/xctest-dynamic-overlay/Sources/IssueReporting/WithIssueContext.swift (in target 'IssueReporting' from project 'xctest-dynamic-overlay')
    cd /Users/xinyufang/Documents/Buzz/Buzz.xcodeproj
    

Ld /Users/xinyufang/Library/Developer/Xcode/DerivedData/Buzz-faillbpsmponqzeruhhvskovixzk/Build/Products/Debug-iphonesimulator/StripePayments.o normal (in target 'StripePayments' from project 'Stripe')
    cd /Users/xinyufang/Library/Developer/Xcode/DerivedData/Buzz-faillbpsmponqzeruhhvskovixzk/SourcePackages/checkouts/stripe-ios-spm
    /Applications/Xcode.app/Contents/Developer/Toolchains/XcodeDefault.xctoolchain/usr/bin/clang -Xlinker -reproducible -target arm64-apple-ios13.0-simulator -r -isysroot /Applications/Xcode.app/Contents/Developer/Platforms/iPhoneSimulator.platform/Developer/SDKs/iPhoneSimulator26.0.sdk -O0 -w -L/Users/xinyufang/Library/Developer/Xcode/DerivedData/Buzz-faillbpsmponqzeruhhvskovixzk/Build/Intermediates.noindex/EagerLinkingTBDs/Debug-iphonesimulator -L/Users/xinyufang/Library/Developer/Xcode/DerivedData/Buzz-faillbpsmponqzeruhhvskovixzk/Build/Products/Debug-iphonesimulator -L/Applications/Xcode.app/Contents/Developer/Platforms/iPhoneSimulator.platform/Developer/usr/lib -F/Users/xinyufang/Library/Developer/Xcode/DerivedData/Buzz-faillbpsmponqzeruhhvskovixzk/Build/Intermediates.noindex/EagerLinkingTBDs/Debug-iphonesimulator -F/Users/xinyufang/Library/Developer/Xcode/DerivedData/Buzz-faillbpsmponqzeruhhvskovixzk/Build/Products/Debug-iphonesimulator/PackageFrameworks -F/Users/xinyufang/Library/Developer/Xcode/DerivedData/Buzz-faillbpsmponqzeruhhvskovixzk/Build/Products/Debug-iphonesimulator/PackageFrameworks -F/Users/xinyufang/Library/Developer/Xcode/DerivedData/Buzz-faillbpsmponqzeruhhvskovixzk/Build/Products/Debug-iphonesimulator -iframework /Applications/Xcode.app/Contents/Developer/Platforms/iPhoneSimulator.platform/Developer/Library/Frameworks -iframework /Applications/Xcode.app/Contents/Developer/Platforms/iPhoneSimulator.platform/Developer/SDKs/iPhoneSimulator26.0.sdk/Developer/Library/Frameworks -filelist /Users/xinyufang/Library/Developer/Xcode/DerivedData/Buzz-faillbpsmponqzeruhhvskovixzk/Build/Intermediates.noindex/Stripe.build/Debug-iphonesimulator/StripePayments.build/Objects-normal/arm64/StripePayments.LinkFileList -nostdlib -Xlinker -object_path_lto -Xlinker /Users/xinyufang/Library/Developer/Xcode/DerivedData/Buzz-faillbpsmponqzeruhhvskovixzk/Build/Intermediates.noindex/Stripe.build/Debug-iphonesimulator/StripePayments.build/Objects-normal/arm64/StripePayments_lto.o -rdynamic -Xlinker -no_deduplicate -Xlinker -objc_abi_version -Xlinker 2 -Xlinker -dependency_info -Xlinker /Users/xinyufang/Library/Developer/Xcode/DerivedData/Buzz-faillbpsmponqzeruhhvskovixzk/Build/Intermediates.noindex/Stripe.build/Debug-iphonesimulator/StripePayments.build/Objects-normal/arm64/StripePayments_dependency_info.dat -fobjc-link-runtime -L/Applications/Xcode.app/Contents/Developer/Toolchains/XcodeDefault.xctoolchain/usr/lib/swift/iphonesimulator -L/usr/lib/swift -Xlinker -add_ast_path -Xlinker /Users/xinyufang/Library/Developer/Xcode/DerivedData/Buzz-faillbpsmponqzeruhhvskovixzk/Build/Intermediates.noindex/Stripe.build/Debug-iphonesimulator/StripePayments.build/Objects-normal/arm64/StripePayments.swiftmodule @/Users/xinyufang/Library/Developer/Xcode/DerivedData/Buzz-faillbpsmponqzeruhhvskovixzk/Build/Intermediates.noindex/Stripe.build/Debug-iphonesimulator/StripePayments.build/Objects-normal/arm64/StripePayments-linker-args.resp -o /Users/xinyufang/Library/Developer/Xcode/DerivedData/Buzz-faillbpsmponqzeruhhvskovixzk/Build/Products/Debug-iphonesimulator/StripePayments.o

SwiftCompile normal arm64 Compiling\ FailureObserver.swift,\ LockIsolated.swift,\ Rethrows.swift /Users/xinyufang/Library/Developer/Xcode/DerivedData/Buzz-faillbpsmponqzeruhhvskovixzk/SourcePackages/checkouts/xctest-dynamic-overlay/Sources/IssueReporting/Internal/FailureObserver.swift /Users/xinyufang/Library/Developer/Xcode/DerivedData/Buzz-faillbpsmponqzeruhhvskovixzk/SourcePackages/checkouts/xctest-dynamic-overlay/Sources/IssueReporting/Internal/LockIsolated.swift /Users/xinyufang/Library/Developer/Xcode/DerivedData/Buzz-faillbpsmponqzeruhhvskovixzk/SourcePackages/checkouts/xctest-dynamic-overlay/Sources/IssueReporting/Internal/Rethrows.swift (in target 'IssueReporting' from project 'xctest-dynamic-overlay')

SwiftCompile normal arm64 /Users/xinyufang/Library/Developer/Xcode/DerivedData/Buzz-faillbpsmponqzeruhhvskovixzk/SourcePackages/checkouts/xctest-dynamic-overlay/Sources/IssueReporting/Internal/FailureObserver.swift (in target 'IssueReporting' from project 'xctest-dynamic-overlay')
    cd /Users/xinyufang/Documents/Buzz/Buzz.xcodeproj
    

SwiftCompile normal arm64 /Users/xinyufang/Library/Developer/Xcode/DerivedData/Buzz-faillbpsmponqzeruhhvskovixzk/SourcePackages/checkouts/xctest-dynamic-overlay/Sources/IssueReporting/Internal/LockIsolated.swift (in target 'IssueReporting' from project 'xctest-dynamic-overlay')
    cd /Users/xinyufang/Documents/Buzz/Buzz.xcodeproj
    

SwiftCompile normal arm64 /Users/xinyufang/Library/Developer/Xcode/DerivedData/Buzz-faillbpsmponqzeruhhvskovixzk/SourcePackages/checkouts/xctest-dynamic-overlay/Sources/IssueReporting/Internal/Rethrows.swift (in target 'IssueReporting' from project 'xctest-dynamic-overlay')
    cd /Users/xinyufang/Documents/Buzz/Buzz.xcodeproj
    

SwiftCompile normal arm64 Compiling\ SwiftTesting.swift,\ UncheckedSendable.swift,\ Warn.swift /Users/xinyufang/Library/Developer/Xcode/DerivedData/Buzz-faillbpsmponqzeruhhvskovixzk/SourcePackages/checkouts/xctest-dynamic-overlay/Sources/IssueReporting/Internal/SwiftTesting.swift /Users/xinyufang/Library/Developer/Xcode/DerivedData/Buzz-faillbpsmponqzeruhhvskovixzk/SourcePackages/checkouts/xctest-dynamic-overlay/Sources/IssueReporting/Internal/UncheckedSendable.swift /Users/xinyufang/Library/Developer/Xcode/DerivedData/Buzz-faillbpsmponqzeruhhvskovixzk/SourcePackages/checkouts/xctest-dynamic-overlay/Sources/IssueReporting/Internal/Warn.swift (in target 'IssueReporting' from project 'xctest-dynamic-overlay')

SwiftCompile normal arm64 /Users/xinyufang/Library/Developer/Xcode/DerivedData/Buzz-faillbpsmponqzeruhhvskovixzk/SourcePackages/checkouts/xctest-dynamic-overlay/Sources/IssueReporting/Internal/SwiftTesting.swift (in target 'IssueReporting' from project 'xctest-dynamic-overlay')
    cd /Users/xinyufang/Documents/Buzz/Buzz.xcodeproj
    

SwiftCompile normal arm64 /Users/xinyufang/Library/Developer/Xcode/DerivedData/Buzz-faillbpsmponqzeruhhvskovixzk/SourcePackages/checkouts/xctest-dynamic-overlay/Sources/IssueReporting/Internal/UncheckedSendable.swift (in target 'IssueReporting' from project 'xctest-dynamic-overlay')
    cd /Users/xinyufang/Documents/Buzz/Buzz.xcodeproj
    

SwiftCompile normal arm64 /Users/xinyufang/Library/Developer/Xcode/DerivedData/Buzz-faillbpsmponqzeruhhvskovixzk/SourcePackages/checkouts/xctest-dynamic-overlay/Sources/IssueReporting/Internal/Warn.swift (in target 'IssueReporting' from project 'xctest-dynamic-overlay')
    cd /Users/xinyufang/Documents/Buzz/Buzz.xcodeproj
    

SwiftCompile normal arm64 Compiling\ ErrorReporting.swift,\ AppHostWarning.swift,\ Deprecations.swift /Users/xinyufang/Library/Developer/Xcode/DerivedData/Buzz-faillbpsmponqzeruhhvskovixzk/SourcePackages/checkouts/xctest-dynamic-overlay/Sources/IssueReporting/ErrorReporting.swift /Users/xinyufang/Library/Developer/Xcode/DerivedData/Buzz-faillbpsmponqzeruhhvskovixzk/SourcePackages/checkouts/xctest-dynamic-overlay/Sources/IssueReporting/Internal/AppHostWarning.swift /Users/xinyufang/Library/Developer/Xcode/DerivedData/Buzz-faillbpsmponqzeruhhvskovixzk/SourcePackages/checkouts/xctest-dynamic-overlay/Sources/IssueReporting/Internal/Deprecations.swift (in target 'IssueReporting' from project 'xctest-dynamic-overlay')

SwiftCompile normal arm64 /Users/xinyufang/Library/Developer/Xcode/DerivedData/Buzz-faillbpsmponqzeruhhvskovixzk/SourcePackages/checkouts/xctest-dynamic-overlay/Sources/IssueReporting/ErrorReporting.swift (in target 'IssueReporting' from project 'xctest-dynamic-overlay')
    cd /Users/xinyufang/Documents/Buzz/Buzz.xcodeproj
    

SwiftCompile normal arm64 /Users/xinyufang/Library/Developer/Xcode/DerivedData/Buzz-faillbpsmponqzeruhhvskovixzk/SourcePackages/checkouts/xctest-dynamic-overlay/Sources/IssueReporting/Internal/AppHostWarning.swift (in target 'IssueReporting' from project 'xctest-dynamic-overlay')
    cd /Users/xinyufang/Documents/Buzz/Buzz.xcodeproj
    

SwiftCompile normal arm64 /Users/xinyufang/Library/Developer/Xcode/DerivedData/Buzz-faillbpsmponqzeruhhvskovixzk/SourcePackages/checkouts/xctest-dynamic-overlay/Sources/IssueReporting/Internal/Deprecations.swift (in target 'IssueReporting' from project 'xctest-dynamic-overlay')
    cd /Users/xinyufang/Documents/Buzz/Buzz.xcodeproj
    

SwiftDriverJobDiscovery normal arm64 Compiling FailureObserver.swift, LockIsolated.swift, Rethrows.swift (in target 'IssueReporting' from project 'xctest-dynamic-overlay')

SwiftCompile normal arm64 Compiling\ XCTest.swift,\ IsTesting.swift,\ IssueReporter.swift /Users/xinyufang/Library/Developer/Xcode/DerivedData/Buzz-faillbpsmponqzeruhhvskovixzk/SourcePackages/checkouts/xctest-dynamic-overlay/Sources/IssueReporting/Internal/XCTest.swift /Users/xinyufang/Library/Developer/Xcode/DerivedData/Buzz-faillbpsmponqzeruhhvskovixzk/SourcePackages/checkouts/xctest-dynamic-overlay/Sources/IssueReporting/IsTesting.swift /Users/xinyufang/Library/Developer/Xcode/DerivedData/Buzz-faillbpsmponqzeruhhvskovixzk/SourcePackages/checkouts/xctest-dynamic-overlay/Sources/IssueReporting/IssueReporter.swift (in target 'IssueReporting' from project 'xctest-dynamic-overlay')

SwiftCompile normal arm64 /Users/xinyufang/Library/Developer/Xcode/DerivedData/Buzz-faillbpsmponqzeruhhvskovixzk/SourcePackages/checkouts/xctest-dynamic-overlay/Sources/IssueReporting/Internal/XCTest.swift (in target 'IssueReporting' from project 'xctest-dynamic-overlay')
    cd /Users/xinyufang/Documents/Buzz/Buzz.xcodeproj
    

SwiftCompile normal arm64 /Users/xinyufang/Library/Developer/Xcode/DerivedData/Buzz-faillbpsmponqzeruhhvskovixzk/SourcePackages/checkouts/xctest-dynamic-overlay/Sources/IssueReporting/IsTesting.swift (in target 'IssueReporting' from project 'xctest-dynamic-overlay')
    cd /Users/xinyufang/Documents/Buzz/Buzz.xcodeproj
    

SwiftCompile normal arm64 /Users/xinyufang/Library/Developer/Xcode/DerivedData/Buzz-faillbpsmponqzeruhhvskovixzk/SourcePackages/checkouts/xctest-dynamic-overlay/Sources/IssueReporting/IssueReporter.swift (in target 'IssueReporting' from project 'xctest-dynamic-overlay')
    cd /Users/xinyufang/Documents/Buzz/Buzz.xcodeproj
    

SwiftCompile normal arm64 Compiling\ RuntimeWarningReporter.swift,\ ReportIssue.swift /Users/xinyufang/Library/Developer/Xcode/DerivedData/Buzz-faillbpsmponqzeruhhvskovixzk/SourcePackages/checkouts/xctest-dynamic-overlay/Sources/IssueReporting/IssueReporters/RuntimeWarningReporter.swift /Users/xinyufang/Library/Developer/Xcode/DerivedData/Buzz-faillbpsmponqzeruhhvskovixzk/SourcePackages/checkouts/xctest-dynamic-overlay/Sources/IssueReporting/ReportIssue.swift (in target 'IssueReporting' from project 'xctest-dynamic-overlay')

SwiftCompile normal arm64 /Users/xinyufang/Library/Developer/Xcode/DerivedData/Buzz-faillbpsmponqzeruhhvskovixzk/SourcePackages/checkouts/xctest-dynamic-overlay/Sources/IssueReporting/IssueReporters/RuntimeWarningReporter.swift (in target 'IssueReporting' from project 'xctest-dynamic-overlay')
    cd /Users/xinyufang/Documents/Buzz/Buzz.xcodeproj
    

SwiftCompile normal arm64 /Users/xinyufang/Library/Developer/Xcode/DerivedData/Buzz-faillbpsmponqzeruhhvskovixzk/SourcePackages/checkouts/xctest-dynamic-overlay/Sources/IssueReporting/ReportIssue.swift (in target 'IssueReporting' from project 'xctest-dynamic-overlay')
    cd /Users/xinyufang/Documents/Buzz/Buzz.xcodeproj
    

CompileC /Users/xinyufang/Library/Developer/Xcode/DerivedData/Buzz-faillbpsmponqzeruhhvskovixzk/Build/Intermediates.noindex/GTMSessionFetcher.build/Debug-iphonesimulator/GTMSessionFetcherCore.build/Objects-normal/arm64/GTMSessionUploadFetcher.o /Users/xinyufang/Library/Developer/Xcode/DerivedData/Buzz-faillbpsmponqzeruhhvskovixzk/SourcePackages/checkouts/gtm-session-fetcher/Sources/Core/GTMSessionUploadFetcher.m normal arm64 objective-c com.apple.compilers.llvm.clang.1_0.compiler (in target 'GTMSessionFetcherCore' from project 'GTMSessionFetcher')
    cd /Users/xinyufang/Documents/Buzz/Buzz.xcodeproj
    
    Using response file: /Users/xinyufang/Library/Developer/Xcode/DerivedData/Buzz-faillbpsmponqzeruhhvskovixzk/Build/Intermediates.noindex/GTMSessionFetcher.build/Debug-iphonesimulator/GTMSessionFetcherCore.build/Objects-normal/arm64/e6072d4f65d7061329687fe24e3d63a7-common-args.resp
    
    /Applications/Xcode.app/Contents/Developer/Toolchains/XcodeDefault.xctoolchain/usr/bin/clang -x objective-c -ivfsstatcache /Users/xinyufang/Library/Developer/Xcode/DerivedData/SDKStatCaches.noindex/iphonesimulator26.0-23A339-26257891a6c027eb51374368541b8346.sdkstatcache -fmessage-length\=0 -fdiagnostics-show-note-include-stack -fmacro-backtrace-limit\=0 -fno-color-diagnostics -fmodules-prune-interval\=86400 -fmodules-prune-after\=345600 -fbuild-session-file\=/Users/xinyufang/Library/Developer/Xcode/DerivedData/ModuleCache.noindex/Session.modulevalidation -fmodules-validate-once-per-build-session -Wnon-modular-include-in-framework-module -Werror\=non-modular-include-in-framework-module -Wno-trigraphs -Wno-missing-field-initializers -Wno-missing-prototypes -Wno-return-type -Wno-implicit-atomic-properties -Wno-objc-interface-ivars -Wno-arc-repeated-use-of-weak -Wno-missing-braces -Wparentheses -Wswitch -Wno-unused-function -Wno-unused-label -Wno-unused-parameter -Wno-unused-variable -Wunused-value -Wno-empty-body -Wno-uninitialized -Wno-unknown-pragmas -w -Wno-shadow -Wno-four-char-constants -Wno-conversion -Wno-constant-conversion -Wno-int-conversion -Wno-bool-conversion -Wno-enum-conversion -Wno-float-conversion -Wno-non-literal-null-conversion -Wno-objc-literal-conversion -Wshorten-64-to-32 -Wpointer-sign -Wno-newline-eof -Wno-selector -Wno-strict-selector-match -Wno-undeclared-selector -Wno-deprecated-implementations -Wno-implicit-fallthrough -fstrict-aliasing -Wprotocol -Wdeprecated-declarations -Wno-sign-conversion -Wno-infinite-recursion -Wno-comma -Wno-block-capture-autoreleasing -Wno-strict-prototypes -Wno-semicolon-before-method-body -index-store-path /Users/xinyufang/Library/Developer/Xcode/DerivedData/Buzz-faillbpsmponqzeruhhvskovixzk/Index.noindex/DataStore @/Users/xinyufang/Library/Developer/Xcode/DerivedData/Buzz-faillbpsmponqzeruhhvskovixzk/Build/Intermediates.noindex/GTMSessionFetcher.build/Debug-iphonesimulator/GTMSessionFetcherCore.build/Objects-normal/arm64/e6072d4f65d7061329687fe24e3d63a7-common-args.resp -include /Users/xinyufang/Library/Developer/Xcode/DerivedData/Buzz-faillbpsmponqzeruhhvskovixzk/Build/Intermediates.noindex/GTMSessionFetcher.build/Debug-iphonesimulator/GTMSessionFetcherCore.build/DerivedSources/resource_bundle_accessor.h -MMD -MT dependencies -MF /Users/xinyufang/Library/Developer/Xcode/DerivedData/Buzz-faillbpsmponqzeruhhvskovixzk/Build/Intermediates.noindex/GTMSessionFetcher.build/Debug-iphonesimulator/GTMSessionFetcherCore.build/Objects-normal/arm64/GTMSessionUploadFetcher.d --serialize-diagnostics /Users/xinyufang/Library/Developer/Xcode/DerivedData/Buzz-faillbpsmponqzeruhhvskovixzk/Build/Intermediates.noindex/GTMSessionFetcher.build/Debug-iphonesimulator/GTMSessionFetcherCore.build/Objects-normal/arm64/GTMSessionUploadFetcher.dia -c /Users/xinyufang/Library/Developer/Xcode/DerivedData/Buzz-faillbpsmponqzeruhhvskovixzk/SourcePackages/checkouts/gtm-session-fetcher/Sources/Core/GTMSessionUploadFetcher.m -o /Users/xinyufang/Library/Developer/Xcode/DerivedData/Buzz-faillbpsmponqzeruhhvskovixzk/Build/Intermediates.noindex/GTMSessionFetcher.build/Debug-iphonesimulator/GTMSessionFetcherCore.build/Objects-normal/arm64/GTMSessionUploadFetcher.o -index-unit-output-path /GTMSessionFetcher.build/Debug-iphonesimulator/GTMSessionFetcherCore.build/Objects-normal/arm64/GTMSessionUploadFetcher.o

SwiftDriverJobDiscovery normal arm64 Compiling ErrorReporting.swift, AppHostWarning.swift, Deprecations.swift (in target 'IssueReporting' from project 'xctest-dynamic-overlay')

CompileC /Users/xinyufang/Library/Developer/Xcode/DerivedData/Buzz-faillbpsmponqzeruhhvskovixzk/Build/Intermediates.noindex/GTMSessionFetcher.build/Debug-iphonesimulator/GTMSessionFetcherCore.build/Objects-normal/arm64/GTMSessionFetcherService.o /Users/xinyufang/Library/Developer/Xcode/DerivedData/Buzz-faillbpsmponqzeruhhvskovixzk/SourcePackages/checkouts/gtm-session-fetcher/Sources/Core/GTMSessionFetcherService.m normal arm64 objective-c com.apple.compilers.llvm.clang.1_0.compiler (in target 'GTMSessionFetcherCore' from project 'GTMSessionFetcher')
    cd /Users/xinyufang/Documents/Buzz/Buzz.xcodeproj
    
    Using response file: /Users/xinyufang/Library/Developer/Xcode/DerivedData/Buzz-faillbpsmponqzeruhhvskovixzk/Build/Intermediates.noindex/GTMSessionFetcher.build/Debug-iphonesimulator/GTMSessionFetcherCore.build/Objects-normal/arm64/e6072d4f65d7061329687fe24e3d63a7-common-args.resp
    
    /Applications/Xcode.app/Contents/Developer/Toolchains/XcodeDefault.xctoolchain/usr/bin/clang -x objective-c -ivfsstatcache /Users/xinyufang/Library/Developer/Xcode/DerivedData/SDKStatCaches.noindex/iphonesimulator26.0-23A339-26257891a6c027eb51374368541b8346.sdkstatcache -fmessage-length\=0 -fdiagnostics-show-note-include-stack -fmacro-backtrace-limit\=0 -fno-color-diagnostics -fmodules-prune-interval\=86400 -fmodules-prune-after\=345600 -fbuild-session-file\=/Users/xinyufang/Library/Developer/Xcode/DerivedData/ModuleCache.noindex/Session.modulevalidation -fmodules-validate-once-per-build-session -Wnon-modular-include-in-framework-module -Werror\=non-modular-include-in-framework-module -Wno-trigraphs -Wno-missing-field-initializers -Wno-missing-prototypes -Wno-return-type -Wno-implicit-atomic-properties -Wno-objc-interface-ivars -Wno-arc-repeated-use-of-weak -Wno-missing-braces -Wparentheses -Wswitch -Wno-unused-function -Wno-unused-label -Wno-unused-parameter -Wno-unused-variable -Wunused-value -Wno-empty-body -Wno-uninitialized -Wno-unknown-pragmas -w -Wno-shadow -Wno-four-char-constants -Wno-conversion -Wno-constant-conversion -Wno-int-conversion -Wno-bool-conversion -Wno-enum-conversion -Wno-float-conversion -Wno-non-literal-null-conversion -Wno-objc-literal-conversion -Wshorten-64-to-32 -Wpointer-sign -Wno-newline-eof -Wno-selector -Wno-strict-selector-match -Wno-undeclared-selector -Wno-deprecated-implementations -Wno-implicit-fallthrough -fstrict-aliasing -Wprotocol -Wdeprecated-declarations -Wno-sign-conversion -Wno-infinite-recursion -Wno-comma -Wno-block-capture-autoreleasing -Wno-strict-prototypes -Wno-semicolon-before-method-body -index-store-path /Users/xinyufang/Library/Developer/Xcode/DerivedData/Buzz-faillbpsmponqzeruhhvskovixzk/Index.noindex/DataStore @/Users/xinyufang/Library/Developer/Xcode/DerivedData/Buzz-faillbpsmponqzeruhhvskovixzk/Build/Intermediates.noindex/GTMSessionFetcher.build/Debug-iphonesimulator/GTMSessionFetcherCore.build/Objects-normal/arm64/e6072d4f65d7061329687fe24e3d63a7-common-args.resp -include /Users/xinyufang/Library/Developer/Xcode/DerivedData/Buzz-faillbpsmponqzeruhhvskovixzk/Build/Intermediates.noindex/GTMSessionFetcher.build/Debug-iphonesimulator/GTMSessionFetcherCore.build/DerivedSources/resource_bundle_accessor.h -MMD -MT dependencies -MF /Users/xinyufang/Library/Developer/Xcode/DerivedData/Buzz-faillbpsmponqzeruhhvskovixzk/Build/Intermediates.noindex/GTMSessionFetcher.build/Debug-iphonesimulator/GTMSessionFetcherCore.build/Objects-normal/arm64/GTMSessionFetcherService.d --serialize-diagnostics /Users/xinyufang/Library/Developer/Xcode/DerivedData/Buzz-faillbpsmponqzeruhhvskovixzk/Build/Intermediates.noindex/GTMSessionFetcher.build/Debug-iphonesimulator/GTMSessionFetcherCore.build/Objects-normal/arm64/GTMSessionFetcherService.dia -c /Users/xinyufang/Library/Developer/Xcode/DerivedData/Buzz-faillbpsmponqzeruhhvskovixzk/SourcePackages/checkouts/gtm-session-fetcher/Sources/Core/GTMSessionFetcherService.m -o /Users/xinyufang/Library/Developer/Xcode/DerivedData/Buzz-faillbpsmponqzeruhhvskovixzk/Build/Intermediates.noindex/GTMSessionFetcher.build/Debug-iphonesimulator/GTMSessionFetcherCore.build/Objects-normal/arm64/GTMSessionFetcherService.o -index-unit-output-path /GTMSessionFetcher.build/Debug-iphonesimulator/GTMSessionFetcherCore.build/Objects-normal/arm64/GTMSessionFetcherService.o

SwiftEmitModule normal arm64 Emitting\ module\ for\ StripeConnect (in target 'StripeConnect' from project 'Stripe')
EmitSwiftModule normal arm64 (in target 'StripeConnect' from project 'Stripe')
    cd /Users/xinyufang/Documents/Buzz/Buzz.xcodeproj
    

SwiftDriverJobDiscovery normal arm64 Compiling WithExpectedIssue.swift, WithIssueContext.swift (in target 'IssueReporting' from project 'xctest-dynamic-overlay')

CompileC /Users/xinyufang/Library/Developer/Xcode/DerivedData/Buzz-faillbpsmponqzeruhhvskovixzk/Build/Intermediates.noindex/GTMSessionFetcher.build/Debug-iphonesimulator/GTMSessionFetcherCore.build/Objects-normal/arm64/GTMSessionFetcherLogging.o /Users/xinyufang/Library/Developer/Xcode/DerivedData/Buzz-faillbpsmponqzeruhhvskovixzk/SourcePackages/checkouts/gtm-session-fetcher/Sources/Core/GTMSessionFetcherLogging.m normal arm64 objective-c com.apple.compilers.llvm.clang.1_0.compiler (in target 'GTMSessionFetcherCore' from project 'GTMSessionFetcher')
    cd /Users/xinyufang/Documents/Buzz/Buzz.xcodeproj
    
    Using response file: /Users/xinyufang/Library/Developer/Xcode/DerivedData/Buzz-faillbpsmponqzeruhhvskovixzk/Build/Intermediates.noindex/GTMSessionFetcher.build/Debug-iphonesimulator/GTMSessionFetcherCore.build/Objects-normal/arm64/e6072d4f65d7061329687fe24e3d63a7-common-args.resp
    
    /Applications/Xcode.app/Contents/Developer/Toolchains/XcodeDefault.xctoolchain/usr/bin/clang -x objective-c -ivfsstatcache /Users/xinyufang/Library/Developer/Xcode/DerivedData/SDKStatCaches.noindex/iphonesimulator26.0-23A339-26257891a6c027eb51374368541b8346.sdkstatcache -fmessage-length\=0 -fdiagnostics-show-note-include-stack -fmacro-backtrace-limit\=0 -fno-color-diagnostics -fmodules-prune-interval\=86400 -fmodules-prune-after\=345600 -fbuild-session-file\=/Users/xinyufang/Library/Developer/Xcode/DerivedData/ModuleCache.noindex/Session.modulevalidation -fmodules-validate-once-per-build-session -Wnon-modular-include-in-framework-module -Werror\=non-modular-include-in-framework-module -Wno-trigraphs -Wno-missing-field-initializers -Wno-missing-prototypes -Wno-return-type -Wno-implicit-atomic-properties -Wno-objc-interface-ivars -Wno-arc-repeated-use-of-weak -Wno-missing-braces -Wparentheses -Wswitch -Wno-unused-function -Wno-unused-label -Wno-unused-parameter -Wno-unused-variable -Wunused-value -Wno-empty-body -Wno-uninitialized -Wno-unknown-pragmas -w -Wno-shadow -Wno-four-char-constants -Wno-conversion -Wno-constant-conversion -Wno-int-conversion -Wno-bool-conversion -Wno-enum-conversion -Wno-float-conversion -Wno-non-literal-null-conversion -Wno-objc-literal-conversion -Wshorten-64-to-32 -Wpointer-sign -Wno-newline-eof -Wno-selector -Wno-strict-selector-match -Wno-undeclared-selector -Wno-deprecated-implementations -Wno-implicit-fallthrough -fstrict-aliasing -Wprotocol -Wdeprecated-declarations -Wno-sign-conversion -Wno-infinite-recursion -Wno-comma -Wno-block-capture-autoreleasing -Wno-strict-prototypes -Wno-semicolon-before-method-body -index-store-path /Users/xinyufang/Library/Developer/Xcode/DerivedData/Buzz-faillbpsmponqzeruhhvskovixzk/Index.noindex/DataStore @/Users/xinyufang/Library/Developer/Xcode/DerivedData/Buzz-faillbpsmponqzeruhhvskovixzk/Build/Intermediates.noindex/GTMSessionFetcher.build/Debug-iphonesimulator/GTMSessionFetcherCore.build/Objects-normal/arm64/e6072d4f65d7061329687fe24e3d63a7-common-args.resp -include /Users/xinyufang/Library/Developer/Xcode/DerivedData/Buzz-faillbpsmponqzeruhhvskovixzk/Build/Intermediates.noindex/GTMSessionFetcher.build/Debug-iphonesimulator/GTMSessionFetcherCore.build/DerivedSources/resource_bundle_accessor.h -MMD -MT dependencies -MF /Users/xinyufang/Library/Developer/Xcode/DerivedData/Buzz-faillbpsmponqzeruhhvskovixzk/Build/Intermediates.noindex/GTMSessionFetcher.build/Debug-iphonesimulator/GTMSessionFetcherCore.build/Objects-normal/arm64/GTMSessionFetcherLogging.d --serialize-diagnostics /Users/xinyufang/Library/Developer/Xcode/DerivedData/Buzz-faillbpsmponqzeruhhvskovixzk/Build/Intermediates.noindex/GTMSessionFetcher.build/Debug-iphonesimulator/GTMSessionFetcherCore.build/Objects-normal/arm64/GTMSessionFetcherLogging.dia -c /Users/xinyufang/Library/Developer/Xcode/DerivedData/Buzz-faillbpsmponqzeruhhvskovixzk/SourcePackages/checkouts/gtm-session-fetcher/Sources/Core/GTMSessionFetcherLogging.m -o /Users/xinyufang/Library/Developer/Xcode/DerivedData/Buzz-faillbpsmponqzeruhhvskovixzk/Build/Intermediates.noindex/GTMSessionFetcher.build/Debug-iphonesimulator/GTMSessionFetcherCore.build/Objects-normal/arm64/GTMSessionFetcherLogging.o -index-unit-output-path /GTMSessionFetcher.build/Debug-iphonesimulator/GTMSessionFetcherCore.build/Objects-normal/arm64/GTMSessionFetcherLogging.o

CompileC /Users/xinyufang/Library/Developer/Xcode/DerivedData/Buzz-faillbpsmponqzeruhhvskovixzk/Build/Intermediates.noindex/GTMSessionFetcher.build/Debug-iphonesimulator/GTMSessionFetcherCore.build/Objects-normal/arm64/GTMSessionFetcher.o /Users/xinyufang/Library/Developer/Xcode/DerivedData/Buzz-faillbpsmponqzeruhhvskovixzk/SourcePackages/checkouts/gtm-session-fetcher/Sources/Core/GTMSessionFetcher.m normal arm64 objective-c com.apple.compilers.llvm.clang.1_0.compiler (in target 'GTMSessionFetcherCore' from project 'GTMSessionFetcher')
    cd /Users/xinyufang/Documents/Buzz/Buzz.xcodeproj
    
    Using response file: /Users/xinyufang/Library/Developer/Xcode/DerivedData/Buzz-faillbpsmponqzeruhhvskovixzk/Build/Intermediates.noindex/GTMSessionFetcher.build/Debug-iphonesimulator/GTMSessionFetcherCore.build/Objects-normal/arm64/e6072d4f65d7061329687fe24e3d63a7-common-args.resp
    
    /Applications/Xcode.app/Contents/Developer/Toolchains/XcodeDefault.xctoolchain/usr/bin/clang -x objective-c -ivfsstatcache /Users/xinyufang/Library/Developer/Xcode/DerivedData/SDKStatCaches.noindex/iphonesimulator26.0-23A339-26257891a6c027eb51374368541b8346.sdkstatcache -fmessage-length\=0 -fdiagnostics-show-note-include-stack -fmacro-backtrace-limit\=0 -fno-color-diagnostics -fmodules-prune-interval\=86400 -fmodules-prune-after\=345600 -fbuild-session-file\=/Users/xinyufang/Library/Developer/Xcode/DerivedData/ModuleCache.noindex/Session.modulevalidation -fmodules-validate-once-per-build-session -Wnon-modular-include-in-framework-module -Werror\=non-modular-include-in-framework-module -Wno-trigraphs -Wno-missing-field-initializers -Wno-missing-prototypes -Wno-return-type -Wno-implicit-atomic-properties -Wno-objc-interface-ivars -Wno-arc-repeated-use-of-weak -Wno-missing-braces -Wparentheses -Wswitch -Wno-unused-function -Wno-unused-label -Wno-unused-parameter -Wno-unused-variable -Wunused-value -Wno-empty-body -Wno-uninitialized -Wno-unknown-pragmas -w -Wno-shadow -Wno-four-char-constants -Wno-conversion -Wno-constant-conversion -Wno-int-conversion -Wno-bool-conversion -Wno-enum-conversion -Wno-float-conversion -Wno-non-literal-null-conversion -Wno-objc-literal-conversion -Wshorten-64-to-32 -Wpointer-sign -Wno-newline-eof -Wno-selector -Wno-strict-selector-match -Wno-undeclared-selector -Wno-deprecated-implementations -Wno-implicit-fallthrough -fstrict-aliasing -Wprotocol -Wdeprecated-declarations -Wno-sign-conversion -Wno-infinite-recursion -Wno-comma -Wno-block-capture-autoreleasing -Wno-strict-prototypes -Wno-semicolon-before-method-body -index-store-path /Users/xinyufang/Library/Developer/Xcode/DerivedData/Buzz-faillbpsmponqzeruhhvskovixzk/Index.noindex/DataStore @/Users/xinyufang/Library/Developer/Xcode/DerivedData/Buzz-faillbpsmponqzeruhhvskovixzk/Build/Intermediates.noindex/GTMSessionFetcher.build/Debug-iphonesimulator/GTMSessionFetcherCore.build/Objects-normal/arm64/e6072d4f65d7061329687fe24e3d63a7-common-args.resp -include /Users/xinyufang/Library/Developer/Xcode/DerivedData/Buzz-faillbpsmponqzeruhhvskovixzk/Build/Intermediates.noindex/GTMSessionFetcher.build/Debug-iphonesimulator/GTMSessionFetcherCore.build/DerivedSources/resource_bundle_accessor.h -MMD -MT dependencies -MF /Users/xinyufang/Library/Developer/Xcode/DerivedData/Buzz-faillbpsmponqzeruhhvskovixzk/Build/Intermediates.noindex/GTMSessionFetcher.build/Debug-iphonesimulator/GTMSessionFetcherCore.build/Objects-normal/arm64/GTMSessionFetcher.d --serialize-diagnostics /Users/xinyufang/Library/Developer/Xcode/DerivedData/Buzz-faillbpsmponqzeruhhvskovixzk/Build/Intermediates.noindex/GTMSessionFetcher.build/Debug-iphonesimulator/GTMSessionFetcherCore.build/Objects-normal/arm64/GTMSessionFetcher.dia -c /Users/xinyufang/Library/Developer/Xcode/DerivedData/Buzz-faillbpsmponqzeruhhvskovixzk/SourcePackages/checkouts/gtm-session-fetcher/Sources/Core/GTMSessionFetcher.m -o /Users/xinyufang/Library/Developer/Xcode/DerivedData/Buzz-faillbpsmponqzeruhhvskovixzk/Build/Intermediates.noindex/GTMSessionFetcher.build/Debug-iphonesimulator/GTMSessionFetcherCore.build/Objects-normal/arm64/GTMSessionFetcher.o -index-unit-output-path /GTMSessionFetcher.build/Debug-iphonesimulator/GTMSessionFetcherCore.build/Objects-normal/arm64/GTMSessionFetcher.o

CompileC /Users/xinyufang/Library/Developer/Xcode/DerivedData/Buzz-faillbpsmponqzeruhhvskovixzk/Build/Intermediates.noindex/AppAuth.build/Debug-iphonesimulator/AppAuth.build/Objects-normal/arm64/OIDExternalUserAgentIOSCustomBrowser.o /Users/xinyufang/Library/Developer/Xcode/DerivedData/Buzz-faillbpsmponqzeruhhvskovixzk/SourcePackages/checkouts/AppAuth-iOS/Sources/AppAuth/iOS/OIDExternalUserAgentIOSCustomBrowser.m normal arm64 objective-c com.apple.compilers.llvm.clang.1_0.compiler (in target 'AppAuth' from project 'AppAuth')
    cd /Users/xinyufang/Documents/Buzz/Buzz.xcodeproj
    
    Using response file: /Users/xinyufang/Library/Developer/Xcode/DerivedData/Buzz-faillbpsmponqzeruhhvskovixzk/Build/Intermediates.noindex/AppAuth.build/Debug-iphonesimulator/AppAuth.build/Objects-normal/arm64/e6072d4f65d7061329687fe24e3d63a7-common-args.resp
    
    /Applications/Xcode.app/Contents/Developer/Toolchains/XcodeDefault.xctoolchain/usr/bin/clang -x objective-c -ivfsstatcache /Users/xinyufang/Library/Developer/Xcode/DerivedData/SDKStatCaches.noindex/iphonesimulator26.0-23A339-26257891a6c027eb51374368541b8346.sdkstatcache -fmessage-length\=0 -fdiagnostics-show-note-include-stack -fmacro-backtrace-limit\=0 -fno-color-diagnostics -fmodules-prune-interval\=86400 -fmodules-prune-after\=345600 -fbuild-session-file\=/Users/xinyufang/Library/Developer/Xcode/DerivedData/ModuleCache.noindex/Session.modulevalidation -fmodules-validate-once-per-build-session -Wnon-modular-include-in-framework-module -Werror\=non-modular-include-in-framework-module -Wno-trigraphs -Wno-missing-field-initializers -Wno-missing-prototypes -Wno-return-type -Wno-implicit-atomic-properties -Wno-objc-interface-ivars -Wno-arc-repeated-use-of-weak -Wno-missing-braces -Wparentheses -Wswitch -Wno-unused-function -Wno-unused-label -Wno-unused-parameter -Wno-unused-variable -Wunused-value -Wno-empty-body -Wno-uninitialized -Wno-unknown-pragmas -w -Wno-shadow -Wno-four-char-constants -Wno-conversion -Wno-constant-conversion -Wno-int-conversion -Wno-bool-conversion -Wno-enum-conversion -Wno-float-conversion -Wno-non-literal-null-conversion -Wno-objc-literal-conversion -Wshorten-64-to-32 -Wpointer-sign -Wno-newline-eof -Wno-selector -Wno-strict-selector-match -Wno-undeclared-selector -Wno-deprecated-implementations -Wno-implicit-fallthrough -fstrict-aliasing -Wprotocol -Wdeprecated-declarations -Wno-sign-conversion -Wno-infinite-recursion -Wno-comma -Wno-block-capture-autoreleasing -Wno-strict-prototypes -Wno-semicolon-before-method-body -index-store-path /Users/xinyufang/Library/Developer/Xcode/DerivedData/Buzz-faillbpsmponqzeruhhvskovixzk/Index.noindex/DataStore @/Users/xinyufang/Library/Developer/Xcode/DerivedData/Buzz-faillbpsmponqzeruhhvskovixzk/Build/Intermediates.noindex/AppAuth.build/Debug-iphonesimulator/AppAuth.build/Objects-normal/arm64/e6072d4f65d7061329687fe24e3d63a7-common-args.resp -include /Users/xinyufang/Library/Developer/Xcode/DerivedData/Buzz-faillbpsmponqzeruhhvskovixzk/Build/Intermediates.noindex/AppAuth.build/Debug-iphonesimulator/AppAuth.build/DerivedSources/resource_bundle_accessor.h -MMD -MT dependencies -MF /Users/xinyufang/Library/Developer/Xcode/DerivedData/Buzz-faillbpsmponqzeruhhvskovixzk/Build/Intermediates.noindex/AppAuth.build/Debug-iphonesimulator/AppAuth.build/Objects-normal/arm64/OIDExternalUserAgentIOSCustomBrowser.d --serialize-diagnostics /Users/xinyufang/Library/Developer/Xcode/DerivedData/Buzz-faillbpsmponqzeruhhvskovixzk/Build/Intermediates.noindex/AppAuth.build/Debug-iphonesimulator/AppAuth.build/Objects-normal/arm64/OIDExternalUserAgentIOSCustomBrowser.dia -c /Users/xinyufang/Library/Developer/Xcode/DerivedData/Buzz-faillbpsmponqzeruhhvskovixzk/SourcePackages/checkouts/AppAuth-iOS/Sources/AppAuth/iOS/OIDExternalUserAgentIOSCustomBrowser.m -o /Users/xinyufang/Library/Developer/Xcode/DerivedData/Buzz-faillbpsmponqzeruhhvskovixzk/Build/Intermediates.noindex/AppAuth.build/Debug-iphonesimulator/AppAuth.build/Objects-normal/arm64/OIDExternalUserAgentIOSCustomBrowser.o -index-unit-output-path /AppAuth.build/Debug-iphonesimulator/AppAuth.build/Objects-normal/arm64/OIDExternalUserAgentIOSCustomBrowser.o

SwiftDriverJobDiscovery normal arm64 Compiling XCTest.swift, IsTesting.swift, IssueReporter.swift (in target 'IssueReporting' from project 'xctest-dynamic-overlay')

CompileC /Users/xinyufang/Library/Developer/Xcode/DerivedData/Buzz-faillbpsmponqzeruhhvskovixzk/Build/Intermediates.noindex/AppAuth.build/Debug-iphonesimulator/AppAuth.build/Objects-normal/arm64/OIDAuthorizationService+IOS.o /Users/xinyufang/Library/Developer/Xcode/DerivedData/Buzz-faillbpsmponqzeruhhvskovixzk/SourcePackages/checkouts/AppAuth-iOS/Sources/AppAuth/iOS/OIDAuthorizationService+IOS.m normal arm64 objective-c com.apple.compilers.llvm.clang.1_0.compiler (in target 'AppAuth' from project 'AppAuth')
    cd /Users/xinyufang/Documents/Buzz/Buzz.xcodeproj
    
    Using response file: /Users/xinyufang/Library/Developer/Xcode/DerivedData/Buzz-faillbpsmponqzeruhhvskovixzk/Build/Intermediates.noindex/AppAuth.build/Debug-iphonesimulator/AppAuth.build/Objects-normal/arm64/e6072d4f65d7061329687fe24e3d63a7-common-args.resp
    
    /Applications/Xcode.app/Contents/Developer/Toolchains/XcodeDefault.xctoolchain/usr/bin/clang -x objective-c -ivfsstatcache /Users/xinyufang/Library/Developer/Xcode/DerivedData/SDKStatCaches.noindex/iphonesimulator26.0-23A339-26257891a6c027eb51374368541b8346.sdkstatcache -fmessage-length\=0 -fdiagnostics-show-note-include-stack -fmacro-backtrace-limit\=0 -fno-color-diagnostics -fmodules-prune-interval\=86400 -fmodules-prune-after\=345600 -fbuild-session-file\=/Users/xinyufang/Library/Developer/Xcode/DerivedData/ModuleCache.noindex/Session.modulevalidation -fmodules-validate-once-per-build-session -Wnon-modular-include-in-framework-module -Werror\=non-modular-include-in-framework-module -Wno-trigraphs -Wno-missing-field-initializers -Wno-missing-prototypes -Wno-return-type -Wno-implicit-atomic-properties -Wno-objc-interface-ivars -Wno-arc-repeated-use-of-weak -Wno-missing-braces -Wparentheses -Wswitch -Wno-unused-function -Wno-unused-label -Wno-unused-parameter -Wno-unused-variable -Wunused-value -Wno-empty-body -Wno-uninitialized -Wno-unknown-pragmas -w -Wno-shadow -Wno-four-char-constants -Wno-conversion -Wno-constant-conversion -Wno-int-conversion -Wno-bool-conversion -Wno-enum-conversion -Wno-float-conversion -Wno-non-literal-null-conversion -Wno-objc-literal-conversion -Wshorten-64-to-32 -Wpointer-sign -Wno-newline-eof -Wno-selector -Wno-strict-selector-match -Wno-undeclared-selector -Wno-deprecated-implementations -Wno-implicit-fallthrough -fstrict-aliasing -Wprotocol -Wdeprecated-declarations -Wno-sign-conversion -Wno-infinite-recursion -Wno-comma -Wno-block-capture-autoreleasing -Wno-strict-prototypes -Wno-semicolon-before-method-body -index-store-path /Users/xinyufang/Library/Developer/Xcode/DerivedData/Buzz-faillbpsmponqzeruhhvskovixzk/Index.noindex/DataStore @/Users/xinyufang/Library/Developer/Xcode/DerivedData/Buzz-faillbpsmponqzeruhhvskovixzk/Build/Intermediates.noindex/AppAuth.build/Debug-iphonesimulator/AppAuth.build/Objects-normal/arm64/e6072d4f65d7061329687fe24e3d63a7-common-args.resp -include /Users/xinyufang/Library/Developer/Xcode/DerivedData/Buzz-faillbpsmponqzeruhhvskovixzk/Build/Intermediates.noindex/AppAuth.build/Debug-iphonesimulator/AppAuth.build/DerivedSources/resource_bundle_accessor.h -MMD -MT dependencies -MF /Users/xinyufang/Library/Developer/Xcode/DerivedData/Buzz-faillbpsmponqzeruhhvskovixzk/Build/Intermediates.noindex/AppAuth.build/Debug-iphonesimulator/AppAuth.build/Objects-normal/arm64/OIDAuthorizationService+IOS.d --serialize-diagnostics /Users/xinyufang/Library/Developer/Xcode/DerivedData/Buzz-faillbpsmponqzeruhhvskovixzk/Build/Intermediates.noindex/AppAuth.build/Debug-iphonesimulator/AppAuth.build/Objects-normal/arm64/OIDAuthorizationService+IOS.dia -c /Users/xinyufang/Library/Developer/Xcode/DerivedData/Buzz-faillbpsmponqzeruhhvskovixzk/SourcePackages/checkouts/AppAuth-iOS/Sources/AppAuth/iOS/OIDAuthorizationService+IOS.m -o /Users/xinyufang/Library/Developer/Xcode/DerivedData/Buzz-faillbpsmponqzeruhhvskovixzk/Build/Intermediates.noindex/AppAuth.build/Debug-iphonesimulator/AppAuth.build/Objects-normal/arm64/OIDAuthorizationService+IOS.o -index-unit-output-path /AppAuth.build/Debug-iphonesimulator/AppAuth.build/Objects-normal/arm64/OIDAuthorizationService+IOS.o

CompileC /Users/xinyufang/Library/Developer/Xcode/DerivedData/Buzz-faillbpsmponqzeruhhvskovixzk/Build/Intermediates.noindex/AppAuth.build/Debug-iphonesimulator/AppAuth.build/Objects-normal/arm64/OIDAuthState+IOS.o /Users/xinyufang/Library/Developer/Xcode/DerivedData/Buzz-faillbpsmponqzeruhhvskovixzk/SourcePackages/checkouts/AppAuth-iOS/Sources/AppAuth/iOS/OIDAuthState+IOS.m normal arm64 objective-c com.apple.compilers.llvm.clang.1_0.compiler (in target 'AppAuth' from project 'AppAuth')
    cd /Users/xinyufang/Documents/Buzz/Buzz.xcodeproj
    
    Using response file: /Users/xinyufang/Library/Developer/Xcode/DerivedData/Buzz-faillbpsmponqzeruhhvskovixzk/Build/Intermediates.noindex/AppAuth.build/Debug-iphonesimulator/AppAuth.build/Objects-normal/arm64/e6072d4f65d7061329687fe24e3d63a7-common-args.resp
    
    /Applications/Xcode.app/Contents/Developer/Toolchains/XcodeDefault.xctoolchain/usr/bin/clang -x objective-c -ivfsstatcache /Users/xinyufang/Library/Developer/Xcode/DerivedData/SDKStatCaches.noindex/iphonesimulator26.0-23A339-26257891a6c027eb51374368541b8346.sdkstatcache -fmessage-length\=0 -fdiagnostics-show-note-include-stack -fmacro-backtrace-limit\=0 -fno-color-diagnostics -fmodules-prune-interval\=86400 -fmodules-prune-after\=345600 -fbuild-session-file\=/Users/xinyufang/Library/Developer/Xcode/DerivedData/ModuleCache.noindex/Session.modulevalidation -fmodules-validate-once-per-build-session -Wnon-modular-include-in-framework-module -Werror\=non-modular-include-in-framework-module -Wno-trigraphs -Wno-missing-field-initializers -Wno-missing-prototypes -Wno-return-type -Wno-implicit-atomic-properties -Wno-objc-interface-ivars -Wno-arc-repeated-use-of-weak -Wno-missing-braces -Wparentheses -Wswitch -Wno-unused-function -Wno-unused-label -Wno-unused-parameter -Wno-unused-variable -Wunused-value -Wno-empty-body -Wno-uninitialized -Wno-unknown-pragmas -w -Wno-shadow -Wno-four-char-constants -Wno-conversion -Wno-constant-conversion -Wno-int-conversion -Wno-bool-conversion -Wno-enum-conversion -Wno-float-conversion -Wno-non-literal-null-conversion -Wno-objc-literal-conversion -Wshorten-64-to-32 -Wpointer-sign -Wno-newline-eof -Wno-selector -Wno-strict-selector-match -Wno-undeclared-selector -Wno-deprecated-implementations -Wno-implicit-fallthrough -fstrict-aliasing -Wprotocol -Wdeprecated-declarations -Wno-sign-conversion -Wno-infinite-recursion -Wno-comma -Wno-block-capture-autoreleasing -Wno-strict-prototypes -Wno-semicolon-before-method-body -index-store-path /Users/xinyufang/Library/Developer/Xcode/DerivedData/Buzz-faillbpsmponqzeruhhvskovixzk/Index.noindex/DataStore @/Users/xinyufang/Library/Developer/Xcode/DerivedData/Buzz-faillbpsmponqzeruhhvskovixzk/Build/Intermediates.noindex/AppAuth.build/Debug-iphonesimulator/AppAuth.build/Objects-normal/arm64/e6072d4f65d7061329687fe24e3d63a7-common-args.resp -include /Users/xinyufang/Library/Developer/Xcode/DerivedData/Buzz-faillbpsmponqzeruhhvskovixzk/Build/Intermediates.noindex/AppAuth.build/Debug-iphonesimulator/AppAuth.build/DerivedSources/resource_bundle_accessor.h -MMD -MT dependencies -MF /Users/xinyufang/Library/Developer/Xcode/DerivedData/Buzz-faillbpsmponqzeruhhvskovixzk/Build/Intermediates.noindex/AppAuth.build/Debug-iphonesimulator/AppAuth.build/Objects-normal/arm64/OIDAuthState+IOS.d --serialize-diagnostics /Users/xinyufang/Library/Developer/Xcode/DerivedData/Buzz-faillbpsmponqzeruhhvskovixzk/Build/Intermediates.noindex/AppAuth.build/Debug-iphonesimulator/AppAuth.build/Objects-normal/arm64/OIDAuthState+IOS.dia -c /Users/xinyufang/Library/Developer/Xcode/DerivedData/Buzz-faillbpsmponqzeruhhvskovixzk/SourcePackages/checkouts/AppAuth-iOS/Sources/AppAuth/iOS/OIDAuthState+IOS.m -o /Users/xinyufang/Library/Developer/Xcode/DerivedData/Buzz-faillbpsmponqzeruhhvskovixzk/Build/Intermediates.noindex/AppAuth.build/Debug-iphonesimulator/AppAuth.build/Objects-normal/arm64/OIDAuthState+IOS.o -index-unit-output-path /AppAuth.build/Debug-iphonesimulator/AppAuth.build/Objects-normal/arm64/OIDAuthState+IOS.o

PrecompileModule /Users/xinyufang/Library/Developer/Xcode/DerivedData/Buzz-faillbpsmponqzeruhhvskovixzk/Build/Intermediates.noindex/ExplicitPrecompiledModules/SafariServices-BHCO1UVY6YWPNYMOZHX0UJLIX.scan
    cd /
    builtin-precompileModule /Users/xinyufang/Library/Developer/Xcode/DerivedData/Buzz-faillbpsmponqzeruhhvskovixzk/Build/Intermediates.noindex/ExplicitPrecompiledModules/SafariServices-BHCO1UVY6YWPNYMOZHX0UJLIX.scan

PrecompileModule /Users/xinyufang/Library/Developer/Xcode/DerivedData/Buzz-faillbpsmponqzeruhhvskovixzk/Build/Intermediates.noindex/ExplicitPrecompiledModules/AuthenticationServices-B8QJD6C2ZKYSVK75F1SNZW2H0.scan
    cd /
    builtin-precompileModule /Users/xinyufang/Library/Developer/Xcode/DerivedData/Buzz-faillbpsmponqzeruhhvskovixzk/Build/Intermediates.noindex/ExplicitPrecompiledModules/AuthenticationServices-B8QJD6C2ZKYSVK75F1SNZW2H0.scan

SwiftDriverJobDiscovery normal arm64 Compiling RuntimeWarningReporter.swift, ReportIssue.swift (in target 'IssueReporting' from project 'xctest-dynamic-overlay')

SwiftCompile normal arm64 Compiling\ OnNotificationsChangeHandler.swift,\ OnLoadErrorMessageHandler.swift,\ OnLoaderStartMessageHandler.swift,\ OnExitMessageHandler.swift,\ OpenAuthenticatedWebViewMessageHandler.swift,\ OpenFinancialConnectionsMessageHandler.swift,\ PageDidLoadMessageHandler.swift,\ CallSetterWithSerializableValueSender.swift,\ MessageSender.swift,\ MobileInputReceivedSender.swift,\ ReturnedFromAuthenticatedWebViewSender.swift /Users/xinyufang/Library/Developer/Xcode/DerivedData/Buzz-faillbpsmponqzeruhhvskovixzk/SourcePackages/checkouts/stripe-ios-spm/StripeConnect/StripeConnect/Source/Internal/Webview/MessageHandlers/NotificationBanner/OnNotificationsChangeHandler.swift /Users/xinyufang/Library/Developer/Xcode/DerivedData/Buzz-faillbpsmponqzeruhhvskovixzk/SourcePackages/checkouts/stripe-ios-spm/StripeConnect/StripeConnect/Source/Internal/Webview/MessageHandlers/OnLoadErrorMessageHandler.swift /Users/xinyufang/Library/Developer/Xcode/DerivedData/Buzz-faillbpsmponqzeruhhvskovixzk/SourcePackages/checkouts/stripe-ios-spm/StripeConnect/StripeConnect/Source/Internal/Webview/MessageHandlers/OnLoaderStartMessageHandler.swift /Users/xinyufang/Library/Developer/Xcode/DerivedData/Buzz-faillbpsmponqzeruhhvskovixzk/SourcePackages/checkouts/stripe-ios-spm/StripeConnect/StripeConnect/Source/Internal/Webview/MessageHandlers/Onboarding/OnExitMessageHandler.swift /Users/xinyufang/Library/Developer/Xcode/DerivedData/Buzz-faillbpsmponqzeruhhvskovixzk/SourcePackages/checkouts/stripe-ios-spm/StripeConnect/StripeConnect/Source/Internal/Webview/MessageHandlers/OpenAuthenticatedWebViewMessageHandler.swift /Users/xinyufang/Library/Developer/Xcode/DerivedData/Buzz-faillbpsmponqzeruhhvskovixzk/SourcePackages/checkouts/stripe-ios-spm/StripeConnect/StripeConnect/Source/Internal/Webview/MessageHandlers/OpenFinancialConnectionsMessageHandler.swift /Users/xinyufang/Library/Developer/Xcode/DerivedData/Buzz-faillbpsmponqzeruhhvskovixzk/SourcePackages/checkouts/stripe-ios-spm/StripeConnect/StripeConnect/Source/Internal/Webview/MessageHandlers/PageDidLoadMessageHandler.swift /Users/xinyufang/Library/Developer/Xcode/DerivedData/Buzz-faillbpsmponqzeruhhvskovixzk/SourcePackages/checkouts/stripe-ios-spm/StripeConnect/StripeConnect/Source/Internal/Webview/MessageSenders/CallSetterWithSerializableValueSender.swift /Users/xinyufang/Library/Developer/Xcode/DerivedData/Buzz-faillbpsmponqzeruhhvskovixzk/SourcePackages/checkouts/stripe-ios-spm/StripeConnect/StripeConnect/Source/Internal/Webview/MessageSenders/MessageSender.swift /Users/xinyufang/Library/Developer/Xcode/DerivedData/Buzz-faillbpsmponqzeruhhvskovixzk/SourcePackages/checkouts/stripe-ios-spm/StripeConnect/StripeConnect/Source/Internal/Webview/MessageSenders/MobileInputReceivedSender.swift /Users/xinyufang/Library/Developer/Xcode/DerivedData/Buzz-faillbpsmponqzeruhhvskovixzk/SourcePackages/checkouts/stripe-ios-spm/StripeConnect/StripeConnect/Source/Internal/Webview/MessageSenders/ReturnedFromAuthenticatedWebViewSender.swift (in target 'StripeConnect' from project 'Stripe')
SwiftCompile normal arm64 /Users/xinyufang/Library/Developer/Xcode/DerivedData/Buzz-faillbpsmponqzeruhhvskovixzk/SourcePackages/checkouts/stripe-ios-spm/StripeConnect/StripeConnect/Source/Internal/Webview/MessageHandlers/NotificationBanner/OnNotificationsChangeHandler.swift (in target 'StripeConnect' from project 'Stripe')
    cd /Users/xinyufang/Documents/Buzz/Buzz.xcodeproj
    

SwiftCompile normal arm64 /Users/xinyufang/Library/Developer/Xcode/DerivedData/Buzz-faillbpsmponqzeruhhvskovixzk/SourcePackages/checkouts/stripe-ios-spm/StripeConnect/StripeConnect/Source/Internal/Webview/MessageHandlers/OnLoadErrorMessageHandler.swift (in target 'StripeConnect' from project 'Stripe')
    cd /Users/xinyufang/Documents/Buzz/Buzz.xcodeproj
    

SwiftCompile normal arm64 /Users/xinyufang/Library/Developer/Xcode/DerivedData/Buzz-faillbpsmponqzeruhhvskovixzk/SourcePackages/checkouts/stripe-ios-spm/StripeConnect/StripeConnect/Source/Internal/Webview/MessageHandlers/OnLoaderStartMessageHandler.swift (in target 'StripeConnect' from project 'Stripe')
    cd /Users/xinyufang/Documents/Buzz/Buzz.xcodeproj
    

SwiftCompile normal arm64 /Users/xinyufang/Library/Developer/Xcode/DerivedData/Buzz-faillbpsmponqzeruhhvskovixzk/SourcePackages/checkouts/stripe-ios-spm/StripeConnect/StripeConnect/Source/Internal/Webview/MessageHandlers/Onboarding/OnExitMessageHandler.swift (in target 'StripeConnect' from project 'Stripe')
    cd /Users/xinyufang/Documents/Buzz/Buzz.xcodeproj
    

SwiftCompile normal arm64 /Users/xinyufang/Library/Developer/Xcode/DerivedData/Buzz-faillbpsmponqzeruhhvskovixzk/SourcePackages/checkouts/stripe-ios-spm/StripeConnect/StripeConnect/Source/Internal/Webview/MessageHandlers/OpenAuthenticatedWebViewMessageHandler.swift (in target 'StripeConnect' from project 'Stripe')
    cd /Users/xinyufang/Documents/Buzz/Buzz.xcodeproj
    

SwiftCompile normal arm64 /Users/xinyufang/Library/Developer/Xcode/DerivedData/Buzz-faillbpsmponqzeruhhvskovixzk/SourcePackages/checkouts/stripe-ios-spm/StripeConnect/StripeConnect/Source/Internal/Webview/MessageHandlers/OpenFinancialConnectionsMessageHandler.swift (in target 'StripeConnect' from project 'Stripe')
    cd /Users/xinyufang/Documents/Buzz/Buzz.xcodeproj
    

SwiftCompile normal arm64 /Users/xinyufang/Library/Developer/Xcode/DerivedData/Buzz-faillbpsmponqzeruhhvskovixzk/SourcePackages/checkouts/stripe-ios-spm/StripeConnect/StripeConnect/Source/Internal/Webview/MessageHandlers/PageDidLoadMessageHandler.swift (in target 'StripeConnect' from project 'Stripe')
    cd /Users/xinyufang/Documents/Buzz/Buzz.xcodeproj
    

SwiftCompile normal arm64 /Users/xinyufang/Library/Developer/Xcode/DerivedData/Buzz-faillbpsmponqzeruhhvskovixzk/SourcePackages/checkouts/stripe-ios-spm/StripeConnect/StripeConnect/Source/Internal/Webview/MessageSenders/CallSetterWithSerializableValueSender.swift (in target 'StripeConnect' from project 'Stripe')
    cd /Users/xinyufang/Documents/Buzz/Buzz.xcodeproj
    

SwiftCompile normal arm64 /Users/xinyufang/Library/Developer/Xcode/DerivedData/Buzz-faillbpsmponqzeruhhvskovixzk/SourcePackages/checkouts/stripe-ios-spm/StripeConnect/StripeConnect/Source/Internal/Webview/MessageSenders/MessageSender.swift (in target 'StripeConnect' from project 'Stripe')
    cd /Users/xinyufang/Documents/Buzz/Buzz.xcodeproj
    

SwiftCompile normal arm64 /Users/xinyufang/Library/Developer/Xcode/DerivedData/Buzz-faillbpsmponqzeruhhvskovixzk/SourcePackages/checkouts/stripe-ios-spm/StripeConnect/StripeConnect/Source/Internal/Webview/MessageSenders/MobileInputReceivedSender.swift (in target 'StripeConnect' from project 'Stripe')
    cd /Users/xinyufang/Documents/Buzz/Buzz.xcodeproj
    

SwiftCompile normal arm64 /Users/xinyufang/Library/Developer/Xcode/DerivedData/Buzz-faillbpsmponqzeruhhvskovixzk/SourcePackages/checkouts/stripe-ios-spm/StripeConnect/StripeConnect/Source/Internal/Webview/MessageSenders/ReturnedFromAuthenticatedWebViewSender.swift (in target 'StripeConnect' from project 'Stripe')
    cd /Users/xinyufang/Documents/Buzz/Buzz.xcodeproj
    

SwiftDriverJobDiscovery normal arm64 Compiling SwiftTesting.swift, UncheckedSendable.swift, Warn.swift (in target 'IssueReporting' from project 'xctest-dynamic-overlay')

SwiftCompile normal arm64 Compiling\ SetCollectMobileFinancialConnectionsResultSender.swift,\ SupplementalFunctionCompletedSender.swift,\ UpdateConnectInstanceSender.swift,\ PopupWebViewController.swift,\ SupplementalFunctions.swift,\ WebViewErrorScreen.swift,\ STPLocalizedString.swift,\ StripeConnectBundleLocator.swift,\ AccountCollectionOptions.swift,\ PaymentsListDefaultFiltersOptions.swift,\ StripeConnect+Exports.swift /Users/xinyufang/Library/Developer/Xcode/DerivedData/Buzz-faillbpsmponqzeruhhvskovixzk/SourcePackages/checkouts/stripe-ios-spm/StripeConnect/StripeConnect/Source/Internal/Webview/MessageSenders/SetCollectMobileFinancialConnectionsResultSender.swift /Users/xinyufang/Library/Developer/Xcode/DerivedData/Buzz-faillbpsmponqzeruhhvskovixzk/SourcePackages/checkouts/stripe-ios-spm/StripeConnect/StripeConnect/Source/Internal/Webview/MessageSenders/SupplementalFunctionCompletedSender.swift /Users/xinyufang/Library/Developer/Xcode/DerivedData/Buzz-faillbpsmponqzeruhhvskovixzk/SourcePackages/checkouts/stripe-ios-spm/StripeConnect/StripeConnect/Source/Internal/Webview/MessageSenders/UpdateConnectInstanceSender.swift /Users/xinyufang/Library/Developer/Xcode/DerivedData/Buzz-faillbpsmponqzeruhhvskovixzk/SourcePackages/checkouts/stripe-ios-spm/StripeConnect/StripeConnect/Source/Internal/Webview/PopupWebViewController.swift /Users/xinyufang/Library/Developer/Xcode/DerivedData/Buzz-faillbpsmponqzeruhhvskovixzk/SourcePackages/checkouts/stripe-ios-spm/StripeConnect/StripeConnect/Source/Internal/Webview/SupplementalFunctions.swift /Users/xinyufang/Library/Developer/Xcode/DerivedData/Buzz-faillbpsmponqzeruhhvskovixzk/SourcePackages/checkouts/stripe-ios-spm/StripeConnect/StripeConnect/Source/Internal/Webview/WebViewErrorScreen.swift /Users/xinyufang/Library/Developer/Xcode/DerivedData/Buzz-faillbpsmponqzeruhhvskovixzk/SourcePackages/checkouts/stripe-ios-spm/StripeConnect/StripeConnect/Source/Localization/STPLocalizedString.swift /Users/xinyufang/Library/Developer/Xcode/DerivedData/Buzz-faillbpsmponqzeruhhvskovixzk/SourcePackages/checkouts/stripe-ios-spm/StripeConnect/StripeConnect/Source/Localization/StripeConnectBundleLocator.swift /Users/xinyufang/Library/Developer/Xcode/DerivedData/Buzz-faillbpsmponqzeruhhvskovixzk/SourcePackages/checkouts/stripe-ios-spm/StripeConnect/StripeConnect/Source/Models/AccountCollectionOptions.swift /Users/xinyufang/Library/Developer/Xcode/DerivedData/Buzz-faillbpsmponqzeruhhvskovixzk/SourcePackages/checkouts/stripe-ios-spm/StripeConnect/StripeConnect/Source/Models/PaymentsListDefaultFiltersOptions.swift /Users/xinyufang/Library/Developer/Xcode/DerivedData/Buzz-faillbpsmponqzeruhhvskovixzk/SourcePackages/checkouts/stripe-ios-spm/StripeConnect/StripeConnect/Source/StripeConnect+Exports.swift (in target 'StripeConnect' from project 'Stripe')
SwiftCompile normal arm64 /Users/xinyufang/Library/Developer/Xcode/DerivedData/Buzz-faillbpsmponqzeruhhvskovixzk/SourcePackages/checkouts/stripe-ios-spm/StripeConnect/StripeConnect/Source/Internal/Webview/MessageSenders/SetCollectMobileFinancialConnectionsResultSender.swift (in target 'StripeConnect' from project 'Stripe')
    cd /Users/xinyufang/Documents/Buzz/Buzz.xcodeproj
    

SwiftCompile normal arm64 /Users/xinyufang/Library/Developer/Xcode/DerivedData/Buzz-faillbpsmponqzeruhhvskovixzk/SourcePackages/checkouts/stripe-ios-spm/StripeConnect/StripeConnect/Source/Internal/Webview/MessageSenders/SupplementalFunctionCompletedSender.swift (in target 'StripeConnect' from project 'Stripe')
    cd /Users/xinyufang/Documents/Buzz/Buzz.xcodeproj
    

SwiftCompile normal arm64 /Users/xinyufang/Library/Developer/Xcode/DerivedData/Buzz-faillbpsmponqzeruhhvskovixzk/SourcePackages/checkouts/stripe-ios-spm/StripeConnect/StripeConnect/Source/Internal/Webview/MessageSenders/UpdateConnectInstanceSender.swift (in target 'StripeConnect' from project 'Stripe')
    cd /Users/xinyufang/Documents/Buzz/Buzz.xcodeproj
    

SwiftCompile normal arm64 /Users/xinyufang/Library/Developer/Xcode/DerivedData/Buzz-faillbpsmponqzeruhhvskovixzk/SourcePackages/checkouts/stripe-ios-spm/StripeConnect/StripeConnect/Source/Internal/Webview/PopupWebViewController.swift (in target 'StripeConnect' from project 'Stripe')
    cd /Users/xinyufang/Documents/Buzz/Buzz.xcodeproj
    

SwiftCompile normal arm64 /Users/xinyufang/Library/Developer/Xcode/DerivedData/Buzz-faillbpsmponqzeruhhvskovixzk/SourcePackages/checkouts/stripe-ios-spm/StripeConnect/StripeConnect/Source/Internal/Webview/SupplementalFunctions.swift (in target 'StripeConnect' from project 'Stripe')
    cd /Users/xinyufang/Documents/Buzz/Buzz.xcodeproj
    

SwiftCompile normal arm64 /Users/xinyufang/Library/Developer/Xcode/DerivedData/Buzz-faillbpsmponqzeruhhvskovixzk/SourcePackages/checkouts/stripe-ios-spm/StripeConnect/StripeConnect/Source/Internal/Webview/WebViewErrorScreen.swift (in target 'StripeConnect' from project 'Stripe')
    cd /Users/xinyufang/Documents/Buzz/Buzz.xcodeproj
    

SwiftCompile normal arm64 /Users/xinyufang/Library/Developer/Xcode/DerivedData/Buzz-faillbpsmponqzeruhhvskovixzk/SourcePackages/checkouts/stripe-ios-spm/StripeConnect/StripeConnect/Source/Localization/STPLocalizedString.swift (in target 'StripeConnect' from project 'Stripe')
    cd /Users/xinyufang/Documents/Buzz/Buzz.xcodeproj
    

SwiftCompile normal arm64 /Users/xinyufang/Library/Developer/Xcode/DerivedData/Buzz-faillbpsmponqzeruhhvskovixzk/SourcePackages/checkouts/stripe-ios-spm/StripeConnect/StripeConnect/Source/Localization/StripeConnectBundleLocator.swift (in target 'StripeConnect' from project 'Stripe')
    cd /Users/xinyufang/Documents/Buzz/Buzz.xcodeproj
    

SwiftCompile normal arm64 /Users/xinyufang/Library/Developer/Xcode/DerivedData/Buzz-faillbpsmponqzeruhhvskovixzk/SourcePackages/checkouts/stripe-ios-spm/StripeConnect/StripeConnect/Source/Models/AccountCollectionOptions.swift (in target 'StripeConnect' from project 'Stripe')
    cd /Users/xinyufang/Documents/Buzz/Buzz.xcodeproj
    

SwiftCompile normal arm64 /Users/xinyufang/Library/Developer/Xcode/DerivedData/Buzz-faillbpsmponqzeruhhvskovixzk/SourcePackages/checkouts/stripe-ios-spm/StripeConnect/StripeConnect/Source/Models/PaymentsListDefaultFiltersOptions.swift (in target 'StripeConnect' from project 'Stripe')
    cd /Users/xinyufang/Documents/Buzz/Buzz.xcodeproj
    

SwiftCompile normal arm64 /Users/xinyufang/Library/Developer/Xcode/DerivedData/Buzz-faillbpsmponqzeruhhvskovixzk/SourcePackages/checkouts/stripe-ios-spm/StripeConnect/StripeConnect/Source/StripeConnect+Exports.swift (in target 'StripeConnect' from project 'Stripe')
    cd /Users/xinyufang/Documents/Buzz/Buzz.xcodeproj
    

SwiftCompile normal arm64 Compiling\ Appearance+Encoding.swift,\ CSSHelpers.swift,\ ConnectJSURLParams.swift,\ EmbeddedComponentError.swift,\ StringCodingKey.swift,\ AnalyticsClientV2+Connect.swift,\ ComponentAnalyticsClient.swift,\ ConnectAnalyticEvent.swift,\ AuthenticatedWebViewCanceledEvent.swift,\ AuthenticatedWebViewErrorEvent.swift,\ AuthenticatedWebViewOpenedEvent.swift /Users/xinyufang/Library/Developer/Xcode/DerivedData/Buzz-faillbpsmponqzeruhhvskovixzk/SourcePackages/checkouts/stripe-ios-spm/StripeConnect/StripeConnect/Source/Helpers/Appearance+Encoding.swift /Users/xinyufang/Library/Developer/Xcode/DerivedData/Buzz-faillbpsmponqzeruhhvskovixzk/SourcePackages/checkouts/stripe-ios-spm/StripeConnect/StripeConnect/Source/Helpers/CSSHelpers.swift /Users/xinyufang/Library/Developer/Xcode/DerivedData/Buzz-faillbpsmponqzeruhhvskovixzk/SourcePackages/checkouts/stripe-ios-spm/StripeConnect/StripeConnect/Source/Helpers/ConnectJSURLParams.swift /Users/xinyufang/Library/Developer/Xcode/DerivedData/Buzz-faillbpsmponqzeruhhvskovixzk/SourcePackages/checkouts/stripe-ios-spm/StripeConnect/StripeConnect/Source/Helpers/EmbeddedComponentError.swift /Users/xinyufang/Library/Developer/Xcode/DerivedData/Buzz-faillbpsmponqzeruhhvskovixzk/SourcePackages/checkouts/stripe-ios-spm/StripeConnect/StripeConnect/Source/Helpers/StringCodingKey.swift /Users/xinyufang/Library/Developer/Xcode/DerivedData/Buzz-faillbpsmponqzeruhhvskovixzk/SourcePackages/checkouts/stripe-ios-spm/StripeConnect/StripeConnect/Source/Internal/Analytics/AnalyticsClientV2+Connect.swift /Users/xinyufang/Library/Developer/Xcode/DerivedData/Buzz-faillbpsmponqzeruhhvskovixzk/SourcePackages/checkouts/stripe-ios-spm/StripeConnect/StripeConnect/Source/Internal/Analytics/ComponentAnalyticsClient.swift /Users/xinyufang/Library/Developer/Xcode/DerivedData/Buzz-faillbpsmponqzeruhhvskovixzk/SourcePackages/checkouts/stripe-ios-spm/StripeConnect/StripeConnect/Source/Internal/Analytics/ConnectAnalyticEvent.swift /Users/xinyufang/Library/Developer/Xcode/DerivedData/Buzz-faillbpsmponqzeruhhvskovixzk/SourcePackages/checkouts/stripe-ios-spm/StripeConnect/StripeConnect/Source/Internal/Analytics/Events/AuthenticatedWebViewCanceledEvent.swift /Users/xinyufang/Library/Developer/Xcode/DerivedData/Buzz-faillbpsmponqzeruhhvskovixzk/SourcePackages/checkouts/stripe-ios-spm/StripeConnect/StripeConnect/Source/Internal/Analytics/Events/AuthenticatedWebViewErrorEvent.swift /Users/xinyufang/Library/Developer/Xcode/DerivedData/Buzz-faillbpsmponqzeruhhvskovixzk/SourcePackages/checkouts/stripe-ios-spm/StripeConnect/StripeConnect/Source/Internal/Analytics/Events/AuthenticatedWebViewOpenedEvent.swift (in target 'StripeConnect' from project 'Stripe')

SwiftCompile normal arm64 /Users/xinyufang/Library/Developer/Xcode/DerivedData/Buzz-faillbpsmponqzeruhhvskovixzk/SourcePackages/checkouts/stripe-ios-spm/StripeConnect/StripeConnect/Source/Helpers/Appearance+Encoding.swift (in target 'StripeConnect' from project 'Stripe')
    cd /Users/xinyufang/Documents/Buzz/Buzz.xcodeproj
    

SwiftCompile normal arm64 /Users/xinyufang/Library/Developer/Xcode/DerivedData/Buzz-faillbpsmponqzeruhhvskovixzk/SourcePackages/checkouts/stripe-ios-spm/StripeConnect/StripeConnect/Source/Helpers/CSSHelpers.swift (in target 'StripeConnect' from project 'Stripe')
    cd /Users/xinyufang/Documents/Buzz/Buzz.xcodeproj
    

SwiftCompile normal arm64 /Users/xinyufang/Library/Developer/Xcode/DerivedData/Buzz-faillbpsmponqzeruhhvskovixzk/SourcePackages/checkouts/stripe-ios-spm/StripeConnect/StripeConnect/Source/Helpers/ConnectJSURLParams.swift (in target 'StripeConnect' from project 'Stripe')
    cd /Users/xinyufang/Documents/Buzz/Buzz.xcodeproj
    

SwiftCompile normal arm64 /Users/xinyufang/Library/Developer/Xcode/DerivedData/Buzz-faillbpsmponqzeruhhvskovixzk/SourcePackages/checkouts/stripe-ios-spm/StripeConnect/StripeConnect/Source/Helpers/EmbeddedComponentError.swift (in target 'StripeConnect' from project 'Stripe')
    cd /Users/xinyufang/Documents/Buzz/Buzz.xcodeproj
    

SwiftCompile normal arm64 /Users/xinyufang/Library/Developer/Xcode/DerivedData/Buzz-faillbpsmponqzeruhhvskovixzk/SourcePackages/checkouts/stripe-ios-spm/StripeConnect/StripeConnect/Source/Helpers/StringCodingKey.swift (in target 'StripeConnect' from project 'Stripe')
    cd /Users/xinyufang/Documents/Buzz/Buzz.xcodeproj
    

SwiftCompile normal arm64 /Users/xinyufang/Library/Developer/Xcode/DerivedData/Buzz-faillbpsmponqzeruhhvskovixzk/SourcePackages/checkouts/stripe-ios-spm/StripeConnect/StripeConnect/Source/Internal/Analytics/AnalyticsClientV2+Connect.swift (in target 'StripeConnect' from project 'Stripe')
    cd /Users/xinyufang/Documents/Buzz/Buzz.xcodeproj
    

SwiftCompile normal arm64 /Users/xinyufang/Library/Developer/Xcode/DerivedData/Buzz-faillbpsmponqzeruhhvskovixzk/SourcePackages/checkouts/stripe-ios-spm/StripeConnect/StripeConnect/Source/Internal/Analytics/ComponentAnalyticsClient.swift (in target 'StripeConnect' from project 'Stripe')
    cd /Users/xinyufang/Documents/Buzz/Buzz.xcodeproj
    

SwiftCompile normal arm64 /Users/xinyufang/Library/Developer/Xcode/DerivedData/Buzz-faillbpsmponqzeruhhvskovixzk/SourcePackages/checkouts/stripe-ios-spm/StripeConnect/StripeConnect/Source/Internal/Analytics/ConnectAnalyticEvent.swift (in target 'StripeConnect' from project 'Stripe')
    cd /Users/xinyufang/Documents/Buzz/Buzz.xcodeproj
    

SwiftCompile normal arm64 /Users/xinyufang/Library/Developer/Xcode/DerivedData/Buzz-faillbpsmponqzeruhhvskovixzk/SourcePackages/checkouts/stripe-ios-spm/StripeConnect/StripeConnect/Source/Internal/Analytics/Events/AuthenticatedWebViewCanceledEvent.swift (in target 'StripeConnect' from project 'Stripe')
    cd /Users/xinyufang/Documents/Buzz/Buzz.xcodeproj
    

SwiftCompile normal arm64 /Users/xinyufang/Library/Developer/Xcode/DerivedData/Buzz-faillbpsmponqzeruhhvskovixzk/SourcePackages/checkouts/stripe-ios-spm/StripeConnect/StripeConnect/Source/Internal/Analytics/Events/AuthenticatedWebViewErrorEvent.swift (in target 'StripeConnect' from project 'Stripe')
    cd /Users/xinyufang/Documents/Buzz/Buzz.xcodeproj
    

SwiftCompile normal arm64 /Users/xinyufang/Library/Developer/Xcode/DerivedData/Buzz-faillbpsmponqzeruhhvskovixzk/SourcePackages/checkouts/stripe-ios-spm/StripeConnect/StripeConnect/Source/Internal/Analytics/Events/AuthenticatedWebViewOpenedEvent.swift (in target 'StripeConnect' from project 'Stripe')
    cd /Users/xinyufang/Documents/Buzz/Buzz.xcodeproj
    

SwiftCompile normal arm64 Compiling\ AuthenticatedWebViewError.swift,\ AuthenticatedWebViewManager.swift,\ ConnectActivityIndicator.swift,\ Encodable+Connect.swift,\ Error+extensions.swift,\ Font+Extension.swift,\ HTTPURLResponse+StripeConnect.swift,\ JSONEncoder+extension.swift,\ JSONSerialization+extension.swift,\ UIViewController+StripeConnect.swift,\ URL+extension.swift /Users/xinyufang/Library/Developer/Xcode/DerivedData/Buzz-faillbpsmponqzeruhhvskovixzk/SourcePackages/checkouts/stripe-ios-spm/StripeConnect/StripeConnect/Source/Internal/AuthenticatedWebView/AuthenticatedWebViewError.swift /Users/xinyufang/Library/Developer/Xcode/DerivedData/Buzz-faillbpsmponqzeruhhvskovixzk/SourcePackages/checkouts/stripe-ios-spm/StripeConnect/StripeConnect/Source/Internal/AuthenticatedWebView/AuthenticatedWebViewManager.swift /Users/xinyufang/Library/Developer/Xcode/DerivedData/Buzz-faillbpsmponqzeruhhvskovixzk/SourcePackages/checkouts/stripe-ios-spm/StripeConnect/StripeConnect/Source/Internal/ConnectActivityIndicator.swift /Users/xinyufang/Library/Developer/Xcode/DerivedData/Buzz-faillbpsmponqzeruhhvskovixzk/SourcePackages/checkouts/stripe-ios-spm/StripeConnect/StripeConnect/Source/Internal/Extensions/Encodable+Connect.swift /Users/xinyufang/Library/Developer/Xcode/DerivedData/Buzz-faillbpsmponqzeruhhvskovixzk/SourcePackages/checkouts/stripe-ios-spm/StripeConnect/StripeConnect/Source/Internal/Extensions/Error+extensions.swift /Users/xinyufang/Library/Developer/Xcode/DerivedData/Buzz-faillbpsmponqzeruhhvskovixzk/SourcePackages/checkouts/stripe-ios-spm/StripeConnect/StripeConnect/Source/Internal/Extensions/Font+Extension.swift /Users/xinyufang/Library/Developer/Xcode/DerivedData/Buzz-faillbpsmponqzeruhhvskovixzk/SourcePackages/checkouts/stripe-ios-spm/StripeConnect/StripeConnect/Source/Internal/Extensions/HTTPURLResponse+StripeConnect.swift /Users/xinyufang/Library/Developer/Xcode/DerivedData/Buzz-faillbpsmponqzeruhhvskovixzk/SourcePackages/checkouts/stripe-ios-spm/StripeConnect/StripeConnect/Source/Internal/Extensions/JSONEncoder+extension.swift /Users/xinyufang/Library/Developer/Xcode/DerivedData/Buzz-faillbpsmponqzeruhhvskovixzk/SourcePackages/checkouts/stripe-ios-spm/StripeConnect/StripeConnect/Source/Internal/Extensions/JSONSerialization+extension.swift /Users/xinyufang/Library/Developer/Xcode/DerivedData/Buzz-faillbpsmponqzeruhhvskovixzk/SourcePackages/checkouts/stripe-ios-spm/StripeConnect/StripeConnect/Source/Internal/Extensions/UIViewController+StripeConnect.swift /Users/xinyufang/Library/Developer/Xcode/DerivedData/Buzz-faillbpsmponqzeruhhvskovixzk/SourcePackages/checkouts/stripe-ios-spm/StripeConnect/StripeConnect/Source/Internal/Extensions/URL+extension.swift (in target 'StripeConnect' from project 'Stripe')

SwiftCompile normal arm64 /Users/xinyufang/Library/Developer/Xcode/DerivedData/Buzz-faillbpsmponqzeruhhvskovixzk/SourcePackages/checkouts/stripe-ios-spm/StripeConnect/StripeConnect/Source/Internal/AuthenticatedWebView/AuthenticatedWebViewError.swift (in target 'StripeConnect' from project 'Stripe')
    cd /Users/xinyufang/Documents/Buzz/Buzz.xcodeproj
    

SwiftCompile normal arm64 /Users/xinyufang/Library/Developer/Xcode/DerivedData/Buzz-faillbpsmponqzeruhhvskovixzk/SourcePackages/checkouts/stripe-ios-spm/StripeConnect/StripeConnect/Source/Internal/AuthenticatedWebView/AuthenticatedWebViewManager.swift (in target 'StripeConnect' from project 'Stripe')
    cd /Users/xinyufang/Documents/Buzz/Buzz.xcodeproj
    

SwiftCompile normal arm64 /Users/xinyufang/Library/Developer/Xcode/DerivedData/Buzz-faillbpsmponqzeruhhvskovixzk/SourcePackages/checkouts/stripe-ios-spm/StripeConnect/StripeConnect/Source/Internal/ConnectActivityIndicator.swift (in target 'StripeConnect' from project 'Stripe')
    cd /Users/xinyufang/Documents/Buzz/Buzz.xcodeproj
    

SwiftCompile normal arm64 /Users/xinyufang/Library/Developer/Xcode/DerivedData/Buzz-faillbpsmponqzeruhhvskovixzk/SourcePackages/checkouts/stripe-ios-spm/StripeConnect/StripeConnect/Source/Internal/Extensions/Encodable+Connect.swift (in target 'StripeConnect' from project 'Stripe')
    cd /Users/xinyufang/Documents/Buzz/Buzz.xcodeproj
    

SwiftCompile normal arm64 /Users/xinyufang/Library/Developer/Xcode/DerivedData/Buzz-faillbpsmponqzeruhhvskovixzk/SourcePackages/checkouts/stripe-ios-spm/StripeConnect/StripeConnect/Source/Internal/Extensions/Error+extensions.swift (in target 'StripeConnect' from project 'Stripe')
    cd /Users/xinyufang/Documents/Buzz/Buzz.xcodeproj
    

SwiftCompile normal arm64 /Users/xinyufang/Library/Developer/Xcode/DerivedData/Buzz-faillbpsmponqzeruhhvskovixzk/SourcePackages/checkouts/stripe-ios-spm/StripeConnect/StripeConnect/Source/Internal/Extensions/Font+Extension.swift (in target 'StripeConnect' from project 'Stripe')
    cd /Users/xinyufang/Documents/Buzz/Buzz.xcodeproj
    

SwiftCompile normal arm64 /Users/xinyufang/Library/Developer/Xcode/DerivedData/Buzz-faillbpsmponqzeruhhvskovixzk/SourcePackages/checkouts/stripe-ios-spm/StripeConnect/StripeConnect/Source/Internal/Extensions/HTTPURLResponse+StripeConnect.swift (in target 'StripeConnect' from project 'Stripe')
    cd /Users/xinyufang/Documents/Buzz/Buzz.xcodeproj
    

SwiftCompile normal arm64 /Users/xinyufang/Library/Developer/Xcode/DerivedData/Buzz-faillbpsmponqzeruhhvskovixzk/SourcePackages/checkouts/stripe-ios-spm/StripeConnect/StripeConnect/Source/Internal/Extensions/JSONEncoder+extension.swift (in target 'StripeConnect' from project 'Stripe')
    cd /Users/xinyufang/Documents/Buzz/Buzz.xcodeproj
    

SwiftCompile normal arm64 /Users/xinyufang/Library/Developer/Xcode/DerivedData/Buzz-faillbpsmponqzeruhhvskovixzk/SourcePackages/checkouts/stripe-ios-spm/StripeConnect/StripeConnect/Source/Internal/Extensions/JSONSerialization+extension.swift (in target 'StripeConnect' from project 'Stripe')
    cd /Users/xinyufang/Documents/Buzz/Buzz.xcodeproj
    

SwiftCompile normal arm64 /Users/xinyufang/Library/Developer/Xcode/DerivedData/Buzz-faillbpsmponqzeruhhvskovixzk/SourcePackages/checkouts/stripe-ios-spm/StripeConnect/StripeConnect/Source/Internal/Extensions/UIViewController+StripeConnect.swift (in target 'StripeConnect' from project 'Stripe')
    cd /Users/xinyufang/Documents/Buzz/Buzz.xcodeproj
    

SwiftCompile normal arm64 /Users/xinyufang/Library/Developer/Xcode/DerivedData/Buzz-faillbpsmponqzeruhhvskovixzk/SourcePackages/checkouts/stripe-ios-spm/StripeConnect/StripeConnect/Source/Internal/Extensions/URL+extension.swift (in target 'StripeConnect' from project 'Stripe')
    cd /Users/xinyufang/Documents/Buzz/Buzz.xcodeproj
    

SwiftDriverJobDiscovery normal arm64 Emitting module for IssueReporting (in target 'IssueReporting' from project 'xctest-dynamic-overlay')

SwiftDriver\ Compilation\ Requirements IssueReporting normal arm64 com.apple.xcode.tools.swift.compiler (in target 'IssueReporting' from project 'xctest-dynamic-overlay')
    cd /Users/xinyufang/Documents/Buzz/Buzz.xcodeproj
    builtin-Swift-Compilation-Requirements -- /Applications/Xcode.app/Contents/Developer/Toolchains/XcodeDefault.xctoolchain/usr/bin/swiftc -module-name IssueReporting -Onone -enforce-exclusivity\=checked @/Users/xinyufang/Library/Developer/Xcode/DerivedData/Buzz-faillbpsmponqzeruhhvskovixzk/Build/Intermediates.noindex/xctest-dynamic-overlay.build/Debug-iphonesimulator/IssueReporting.build/Objects-normal/arm64/IssueReporting.SwiftFileList -DSWIFT_PACKAGE -DDEBUG -DSWIFT_MODULE_RESOURCE_BUNDLE_UNAVAILABLE -DXcode -plugin-path /Applications/Xcode.app/Contents/Developer/Toolchains/XcodeDefault.xctoolchain/usr/lib/swift/host/plugins/testing -enable-experimental-feature DebugDescriptionMacro -sdk /Applications/Xcode.app/Contents/Developer/Platforms/iPhoneSimulator.platform/Developer/SDKs/iPhoneSimulator26.0.sdk -target arm64-apple-ios13.0-simulator -g -module-cache-path /Users/xinyufang/Library/Developer/Xcode/DerivedData/ModuleCache.noindex -Xfrontend -serialize-debugging-options -enable-testing -suppress-warnings -index-store-path /Users/xinyufang/Library/Developer/Xcode/DerivedData/Buzz-faillbpsmponqzeruhhvskovixzk/Index.noindex/DataStore -Xcc -D_LIBCPP_HARDENING_MODE\=_LIBCPP_HARDENING_MODE_DEBUG -swift-version 6 -I /Users/xinyufang/Library/Developer/Xcode/DerivedData/Buzz-faillbpsmponqzeruhhvskovixzk/Build/Products/Debug-iphonesimulator -Isystem /Applications/Xcode.app/Contents/Developer/Platforms/iPhoneSimulator.platform/Developer/usr/lib -F /Users/xinyufang/Library/Developer/Xcode/DerivedData/Buzz-faillbpsmponqzeruhhvskovixzk/Build/Products/Debug-iphonesimulator/PackageFrameworks -F /Users/xinyufang/Library/Developer/Xcode/DerivedData/Buzz-faillbpsmponqzeruhhvskovixzk/Build/Products/Debug-iphonesimulator -F /Applications/Xcode.app/Contents/Developer/Platforms/iPhoneSimulator.platform/Developer/Library/Frameworks -F /Applications/Xcode.app/Contents/Developer/Platforms/iPhoneSimulator.platform/Developer/SDKs/iPhoneSimulator26.0.sdk/Developer/Library/Frameworks -c -j8 -enable-batch-mode -incremental -Xcc -ivfsstatcache -Xcc /Users/xinyufang/Library/Developer/Xcode/DerivedData/SDKStatCaches.noindex/iphonesimulator26.0-23A339-26257891a6c027eb51374368541b8346.sdkstatcache -output-file-map /Users/xinyufang/Library/Developer/Xcode/DerivedData/Buzz-faillbpsmponqzeruhhvskovixzk/Build/Intermediates.noindex/xctest-dynamic-overlay.build/Debug-iphonesimulator/IssueReporting.build/Objects-normal/arm64/IssueReporting-OutputFileMap.json -use-frontend-parseable-output -save-temps -no-color-diagnostics -explicit-module-build -module-cache-path /Users/xinyufang/Library/Developer/Xcode/DerivedData/Buzz-faillbpsmponqzeruhhvskovixzk/Build/Intermediates.noindex/SwiftExplicitPrecompiledModules -clang-scanner-module-cache-path /Users/xinyufang/Library/Developer/Xcode/DerivedData/ModuleCache.noindex -sdk-module-cache-path /Users/xinyufang/Library/Developer/Xcode/DerivedData/ModuleCache.noindex -serialize-diagnostics -emit-dependencies -emit-module -emit-module-path /Users/xinyufang/Library/Developer/Xcode/DerivedData/Buzz-faillbpsmponqzeruhhvskovixzk/Build/Intermediates.noindex/xctest-dynamic-overlay.build/Debug-iphonesimulator/IssueReporting.build/Objects-normal/arm64/IssueReporting.swiftmodule -user-module-version 1.7.0 -validate-clang-modules-once -clang-build-session-file /Users/xinyufang/Library/Developer/Xcode/DerivedData/ModuleCache.noindex/Session.modulevalidation -package-name xctest_dynamic_overlay -Xcc -I/Users/xinyufang/Library/Developer/Xcode/DerivedData/Buzz-faillbpsmponqzeruhhvskovixzk/Build/Intermediates.noindex/xctest-dynamic-overlay.build/Debug-iphonesimulator/IssueReporting.build/swift-overrides.hmap -emit-const-values -Xfrontend -const-gather-protocols-file -Xfrontend /Users/xinyufang/Library/Developer/Xcode/DerivedData/Buzz-faillbpsmponqzeruhhvskovixzk/Build/Intermediates.noindex/xctest-dynamic-overlay.build/Debug-iphonesimulator/IssueReporting.build/Objects-normal/arm64/IssueReporting_const_extract_protocols.json -Xcc -I/Users/xinyufang/Library/Developer/Xcode/DerivedData/Buzz-faillbpsmponqzeruhhvskovixzk/Build/Products/Debug-iphonesimulator/include -Xcc -I/Users/xinyufang/Library/Developer/Xcode/DerivedData/Buzz-faillbpsmponqzeruhhvskovixzk/Build/Intermediates.noindex/xctest-dynamic-overlay.build/Debug-iphonesimulator/IssueReporting.build/DerivedSources-normal/arm64 -Xcc -I/Users/xinyufang/Library/Developer/Xcode/DerivedData/Buzz-faillbpsmponqzeruhhvskovixzk/Build/Intermediates.noindex/xctest-dynamic-overlay.build/Debug-iphonesimulator/IssueReporting.build/DerivedSources/arm64 -Xcc -I/Users/xinyufang/Library/Developer/Xcode/DerivedData/Buzz-faillbpsmponqzeruhhvskovixzk/Build/Intermediates.noindex/xctest-dynamic-overlay.build/Debug-iphonesimulator/IssueReporting.build/DerivedSources -Xcc -DSWIFT_PACKAGE -Xcc -DDEBUG\=1 -emit-objc-header -emit-objc-header-path /Users/xinyufang/Library/Developer/Xcode/DerivedData/Buzz-faillbpsmponqzeruhhvskovixzk/Build/Intermediates.noindex/xctest-dynamic-overlay.build/Debug-iphonesimulator/IssueReporting.build/Objects-normal/arm64/IssueReporting-Swift.h -working-directory /Users/xinyufang/Documents/Buzz/Buzz.xcodeproj -experimental-emit-module-separately -disable-cmo

SwiftCompile normal arm64 Compiling\ resource_bundle_accessor.swift,\ AccountManagementViewController.swift,\ AccountOnboardingController.swift,\ CheckScanningController.swift,\ ComponentType.swift,\ NotificationBannerViewController.swift,\ PaymentDetailsViewController.swift,\ PaymentsViewController.swift,\ PayoutsViewController.swift,\ CustomFontSource.swift,\ EmbeddedComponentManager+Appearance.swift,\ EmbeddedComponentManager.swift /Users/xinyufang/Library/Developer/Xcode/DerivedData/Buzz-faillbpsmponqzeruhhvskovixzk/Build/Intermediates.noindex/Stripe.build/Debug-iphonesimulator/StripeConnect.build/DerivedSources/resource_bundle_accessor.swift /Users/xinyufang/Library/Developer/Xcode/DerivedData/Buzz-faillbpsmponqzeruhhvskovixzk/SourcePackages/checkouts/stripe-ios-spm/StripeConnect/StripeConnect/Source/Components/AccountManagementViewController.swift /Users/xinyufang/Library/Developer/Xcode/DerivedData/Buzz-faillbpsmponqzeruhhvskovixzk/SourcePackages/checkouts/stripe-ios-spm/StripeConnect/StripeConnect/Source/Components/AccountOnboardingController.swift /Users/xinyufang/Library/Developer/Xcode/DerivedData/Buzz-faillbpsmponqzeruhhvskovixzk/SourcePackages/checkouts/stripe-ios-spm/StripeConnect/StripeConnect/Source/Components/CheckScanningController.swift /Users/xinyufang/Library/Developer/Xcode/DerivedData/Buzz-faillbpsmponqzeruhhvskovixzk/SourcePackages/checkouts/stripe-ios-spm/StripeConnect/StripeConnect/Source/Components/ComponentType.swift /Users/xinyufang/Library/Developer/Xcode/DerivedData/Buzz-faillbpsmponqzeruhhvskovixzk/SourcePackages/checkouts/stripe-ios-spm/StripeConnect/StripeConnect/Source/Components/NotificationBannerViewController.swift /Users/xinyufang/Library/Developer/Xcode/DerivedData/Buzz-faillbpsmponqzeruhhvskovixzk/SourcePackages/checkouts/stripe-ios-spm/StripeConnect/StripeConnect/Source/Components/PaymentDetailsViewController.swift /Users/xinyufang/Library/Developer/Xcode/DerivedData/Buzz-faillbpsmponqzeruhhvskovixzk/SourcePackages/checkouts/stripe-ios-spm/StripeConnect/StripeConnect/Source/Components/PaymentsViewController.swift /Users/xinyufang/Library/Developer/Xcode/DerivedData/Buzz-faillbpsmponqzeruhhvskovixzk/SourcePackages/checkouts/stripe-ios-spm/StripeConnect/StripeConnect/Source/Components/PayoutsViewController.swift /Users/xinyufang/Library/Developer/Xcode/DerivedData/Buzz-faillbpsmponqzeruhhvskovixzk/SourcePackages/checkouts/stripe-ios-spm/StripeConnect/StripeConnect/Source/CustomFontSource.swift /Users/xinyufang/Library/Developer/Xcode/DerivedData/Buzz-faillbpsmponqzeruhhvskovixzk/SourcePackages/checkouts/stripe-ios-spm/StripeConnect/StripeConnect/Source/EmbeddedComponentManager+Appearance.swift /Users/xinyufang/Library/Developer/Xcode/DerivedData/Buzz-faillbpsmponqzeruhhvskovixzk/SourcePackages/checkouts/stripe-ios-spm/StripeConnect/StripeConnect/Source/EmbeddedComponentManager.swift (in target 'StripeConnect' from project 'Stripe')

SwiftCompile normal arm64 /Users/xinyufang/Library/Developer/Xcode/DerivedData/Buzz-faillbpsmponqzeruhhvskovixzk/Build/Intermediates.noindex/Stripe.build/Debug-iphonesimulator/StripeConnect.build/DerivedSources/resource_bundle_accessor.swift (in target 'StripeConnect' from project 'Stripe')
    cd /Users/xinyufang/Documents/Buzz/Buzz.xcodeproj
    

SwiftCompile normal arm64 /Users/xinyufang/Library/Developer/Xcode/DerivedData/Buzz-faillbpsmponqzeruhhvskovixzk/SourcePackages/checkouts/stripe-ios-spm/StripeConnect/StripeConnect/Source/Components/AccountManagementViewController.swift (in target 'StripeConnect' from project 'Stripe')
    cd /Users/xinyufang/Documents/Buzz/Buzz.xcodeproj
    

SwiftCompile normal arm64 /Users/xinyufang/Library/Developer/Xcode/DerivedData/Buzz-faillbpsmponqzeruhhvskovixzk/SourcePackages/checkouts/stripe-ios-spm/StripeConnect/StripeConnect/Source/Components/AccountOnboardingController.swift (in target 'StripeConnect' from project 'Stripe')
    cd /Users/xinyufang/Documents/Buzz/Buzz.xcodeproj
    

SwiftCompile normal arm64 /Users/xinyufang/Library/Developer/Xcode/DerivedData/Buzz-faillbpsmponqzeruhhvskovixzk/SourcePackages/checkouts/stripe-ios-spm/StripeConnect/StripeConnect/Source/Components/CheckScanningController.swift (in target 'StripeConnect' from project 'Stripe')
    cd /Users/xinyufang/Documents/Buzz/Buzz.xcodeproj
    

SwiftCompile normal arm64 /Users/xinyufang/Library/Developer/Xcode/DerivedData/Buzz-faillbpsmponqzeruhhvskovixzk/SourcePackages/checkouts/stripe-ios-spm/StripeConnect/StripeConnect/Source/Components/ComponentType.swift (in target 'StripeConnect' from project 'Stripe')
    cd /Users/xinyufang/Documents/Buzz/Buzz.xcodeproj
    

SwiftCompile normal arm64 /Users/xinyufang/Library/Developer/Xcode/DerivedData/Buzz-faillbpsmponqzeruhhvskovixzk/SourcePackages/checkouts/stripe-ios-spm/StripeConnect/StripeConnect/Source/Components/NotificationBannerViewController.swift (in target 'StripeConnect' from project 'Stripe')
    cd /Users/xinyufang/Documents/Buzz/Buzz.xcodeproj
    

SwiftCompile normal arm64 /Users/xinyufang/Library/Developer/Xcode/DerivedData/Buzz-faillbpsmponqzeruhhvskovixzk/SourcePackages/checkouts/stripe-ios-spm/StripeConnect/StripeConnect/Source/Components/PaymentDetailsViewController.swift (in target 'StripeConnect' from project 'Stripe')
    cd /Users/xinyufang/Documents/Buzz/Buzz.xcodeproj
    

SwiftCompile normal arm64 /Users/xinyufang/Library/Developer/Xcode/DerivedData/Buzz-faillbpsmponqzeruhhvskovixzk/SourcePackages/checkouts/stripe-ios-spm/StripeConnect/StripeConnect/Source/Components/PaymentsViewController.swift (in target 'StripeConnect' from project 'Stripe')
    cd /Users/xinyufang/Documents/Buzz/Buzz.xcodeproj
    

SwiftCompile normal arm64 /Users/xinyufang/Library/Developer/Xcode/DerivedData/Buzz-faillbpsmponqzeruhhvskovixzk/SourcePackages/checkouts/stripe-ios-spm/StripeConnect/StripeConnect/Source/Components/PayoutsViewController.swift (in target 'StripeConnect' from project 'Stripe')
    cd /Users/xinyufang/Documents/Buzz/Buzz.xcodeproj
    

SwiftCompile normal arm64 /Users/xinyufang/Library/Developer/Xcode/DerivedData/Buzz-faillbpsmponqzeruhhvskovixzk/SourcePackages/checkouts/stripe-ios-spm/StripeConnect/StripeConnect/Source/CustomFontSource.swift (in target 'StripeConnect' from project 'Stripe')
    cd /Users/xinyufang/Documents/Buzz/Buzz.xcodeproj
    

SwiftCompile normal arm64 /Users/xinyufang/Library/Developer/Xcode/DerivedData/Buzz-faillbpsmponqzeruhhvskovixzk/SourcePackages/checkouts/stripe-ios-spm/StripeConnect/StripeConnect/Source/EmbeddedComponentManager+Appearance.swift (in target 'StripeConnect' from project 'Stripe')
    cd /Users/xinyufang/Documents/Buzz/Buzz.xcodeproj
    

SwiftCompile normal arm64 /Users/xinyufang/Library/Developer/Xcode/DerivedData/Buzz-faillbpsmponqzeruhhvskovixzk/SourcePackages/checkouts/stripe-ios-spm/StripeConnect/StripeConnect/Source/EmbeddedComponentManager.swift (in target 'StripeConnect' from project 'Stripe')
    cd /Users/xinyufang/Documents/Buzz/Buzz.xcodeproj
    

CompileC /Users/xinyufang/Library/Developer/Xcode/DerivedData/Buzz-faillbpsmponqzeruhhvskovixzk/Build/Intermediates.noindex/AppAuth.build/Debug-iphonesimulator/AppAuth.build/Objects-normal/arm64/OIDExternalUserAgentIOS.o /Users/xinyufang/Library/Developer/Xcode/DerivedData/Buzz-faillbpsmponqzeruhhvskovixzk/SourcePackages/checkouts/AppAuth-iOS/Sources/AppAuth/iOS/OIDExternalUserAgentIOS.m normal arm64 objective-c com.apple.compilers.llvm.clang.1_0.compiler (in target 'AppAuth' from project 'AppAuth')
    cd /Users/xinyufang/Documents/Buzz/Buzz.xcodeproj
    
    Using response file: /Users/xinyufang/Library/Developer/Xcode/DerivedData/Buzz-faillbpsmponqzeruhhvskovixzk/Build/Intermediates.noindex/AppAuth.build/Debug-iphonesimulator/AppAuth.build/Objects-normal/arm64/e6072d4f65d7061329687fe24e3d63a7-common-args.resp
    
    /Applications/Xcode.app/Contents/Developer/Toolchains/XcodeDefault.xctoolchain/usr/bin/clang -x objective-c -ivfsstatcache /Users/xinyufang/Library/Developer/Xcode/DerivedData/SDKStatCaches.noindex/iphonesimulator26.0-23A339-26257891a6c027eb51374368541b8346.sdkstatcache -fmessage-length\=0 -fdiagnostics-show-note-include-stack -fmacro-backtrace-limit\=0 -fno-color-diagnostics -fmodules-prune-interval\=86400 -fmodules-prune-after\=345600 -fbuild-session-file\=/Users/xinyufang/Library/Developer/Xcode/DerivedData/ModuleCache.noindex/Session.modulevalidation -fmodules-validate-once-per-build-session -Wnon-modular-include-in-framework-module -Werror\=non-modular-include-in-framework-module -Wno-trigraphs -Wno-missing-field-initializers -Wno-missing-prototypes -Wno-return-type -Wno-implicit-atomic-properties -Wno-objc-interface-ivars -Wno-arc-repeated-use-of-weak -Wno-missing-braces -Wparentheses -Wswitch -Wno-unused-function -Wno-unused-label -Wno-unused-parameter -Wno-unused-variable -Wunused-value -Wno-empty-body -Wno-uninitialized -Wno-unknown-pragmas -w -Wno-shadow -Wno-four-char-constants -Wno-conversion -Wno-constant-conversion -Wno-int-conversion -Wno-bool-conversion -Wno-enum-conversion -Wno-float-conversion -Wno-non-literal-null-conversion -Wno-objc-literal-conversion -Wshorten-64-to-32 -Wpointer-sign -Wno-newline-eof -Wno-selector -Wno-strict-selector-match -Wno-undeclared-selector -Wno-deprecated-implementations -Wno-implicit-fallthrough -fstrict-aliasing -Wprotocol -Wdeprecated-declarations -Wno-sign-conversion -Wno-infinite-recursion -Wno-comma -Wno-block-capture-autoreleasing -Wno-strict-prototypes -Wno-semicolon-before-method-body -index-store-path /Users/xinyufang/Library/Developer/Xcode/DerivedData/Buzz-faillbpsmponqzeruhhvskovixzk/Index.noindex/DataStore @/Users/xinyufang/Library/Developer/Xcode/DerivedData/Buzz-faillbpsmponqzeruhhvskovixzk/Build/Intermediates.noindex/AppAuth.build/Debug-iphonesimulator/AppAuth.build/Objects-normal/arm64/e6072d4f65d7061329687fe24e3d63a7-common-args.resp -include /Users/xinyufang/Library/Developer/Xcode/DerivedData/Buzz-faillbpsmponqzeruhhvskovixzk/Build/Intermediates.noindex/AppAuth.build/Debug-iphonesimulator/AppAuth.build/DerivedSources/resource_bundle_accessor.h -MMD -MT dependencies -MF /Users/xinyufang/Library/Developer/Xcode/DerivedData/Buzz-faillbpsmponqzeruhhvskovixzk/Build/Intermediates.noindex/AppAuth.build/Debug-iphonesimulator/AppAuth.build/Objects-normal/arm64/OIDExternalUserAgentIOS.d --serialize-diagnostics /Users/xinyufang/Library/Developer/Xcode/DerivedData/Buzz-faillbpsmponqzeruhhvskovixzk/Build/Intermediates.noindex/AppAuth.build/Debug-iphonesimulator/AppAuth.build/Objects-normal/arm64/OIDExternalUserAgentIOS.dia -c /Users/xinyufang/Library/Developer/Xcode/DerivedData/Buzz-faillbpsmponqzeruhhvskovixzk/SourcePackages/checkouts/AppAuth-iOS/Sources/AppAuth/iOS/OIDExternalUserAgentIOS.m -o /Users/xinyufang/Library/Developer/Xcode/DerivedData/Buzz-faillbpsmponqzeruhhvskovixzk/Build/Intermediates.noindex/AppAuth.build/Debug-iphonesimulator/AppAuth.build/Objects-normal/arm64/OIDExternalUserAgentIOS.o -index-unit-output-path /AppAuth.build/Debug-iphonesimulator/AppAuth.build/Objects-normal/arm64/OIDExternalUserAgentIOS.o

SwiftMergeGeneratedHeaders /Users/xinyufang/Library/Developer/Xcode/DerivedData/Buzz-faillbpsmponqzeruhhvskovixzk/Build/Intermediates.noindex/GeneratedModuleMaps-iphonesimulator/IssueReporting-Swift.h /Users/xinyufang/Library/Developer/Xcode/DerivedData/Buzz-faillbpsmponqzeruhhvskovixzk/Build/Intermediates.noindex/xctest-dynamic-overlay.build/Debug-iphonesimulator/IssueReporting.build/Objects-normal/arm64/IssueReporting-Swift.h (in target 'IssueReporting' from project 'xctest-dynamic-overlay')
    cd /Users/xinyufang/Library/Developer/Xcode/DerivedData/Buzz-faillbpsmponqzeruhhvskovixzk/SourcePackages/checkouts/xctest-dynamic-overlay
    builtin-swiftHeaderTool -arch arm64 /Users/xinyufang/Library/Developer/Xcode/DerivedData/Buzz-faillbpsmponqzeruhhvskovixzk/Build/Intermediates.noindex/xctest-dynamic-overlay.build/Debug-iphonesimulator/IssueReporting.build/Objects-normal/arm64/IssueReporting-Swift.h -o /Users/xinyufang/Library/Developer/Xcode/DerivedData/Buzz-faillbpsmponqzeruhhvskovixzk/Build/Intermediates.noindex/GeneratedModuleMaps-iphonesimulator/IssueReporting-Swift.h

Copy /Users/xinyufang/Library/Developer/Xcode/DerivedData/Buzz-faillbpsmponqzeruhhvskovixzk/Build/Products/Debug-iphonesimulator/IssueReporting.swiftmodule/arm64-apple-ios-simulator.swiftmodule /Users/xinyufang/Library/Developer/Xcode/DerivedData/Buzz-faillbpsmponqzeruhhvskovixzk/Build/Intermediates.noindex/xctest-dynamic-overlay.build/Debug-iphonesimulator/IssueReporting.build/Objects-normal/arm64/IssueReporting.swiftmodule (in target 'IssueReporting' from project 'xctest-dynamic-overlay')
    cd /Users/xinyufang/Library/Developer/Xcode/DerivedData/Buzz-faillbpsmponqzeruhhvskovixzk/SourcePackages/checkouts/xctest-dynamic-overlay
    builtin-copy -exclude .DS_Store -exclude CVS -exclude .svn -exclude .git -exclude .hg -resolve-src-symlinks -rename /Users/xinyufang/Library/Developer/Xcode/DerivedData/Buzz-faillbpsmponqzeruhhvskovixzk/Build/Intermediates.noindex/xctest-dynamic-overlay.build/Debug-iphonesimulator/IssueReporting.build/Objects-normal/arm64/IssueReporting.swiftmodule /Users/xinyufang/Library/Developer/Xcode/DerivedData/Buzz-faillbpsmponqzeruhhvskovixzk/Build/Products/Debug-iphonesimulator/IssueReporting.swiftmodule/arm64-apple-ios-simulator.swiftmodule

Copy /Users/xinyufang/Library/Developer/Xcode/DerivedData/Buzz-faillbpsmponqzeruhhvskovixzk/Build/Products/Debug-iphonesimulator/IssueReporting.swiftmodule/arm64-apple-ios-simulator.swiftdoc /Users/xinyufang/Library/Developer/Xcode/DerivedData/Buzz-faillbpsmponqzeruhhvskovixzk/Build/Intermediates.noindex/xctest-dynamic-overlay.build/Debug-iphonesimulator/IssueReporting.build/Objects-normal/arm64/IssueReporting.swiftdoc (in target 'IssueReporting' from project 'xctest-dynamic-overlay')
    cd /Users/xinyufang/Library/Developer/Xcode/DerivedData/Buzz-faillbpsmponqzeruhhvskovixzk/SourcePackages/checkouts/xctest-dynamic-overlay
    builtin-copy -exclude .DS_Store -exclude CVS -exclude .svn -exclude .git -exclude .hg -resolve-src-symlinks -rename /Users/xinyufang/Library/Developer/Xcode/DerivedData/Buzz-faillbpsmponqzeruhhvskovixzk/Build/Intermediates.noindex/xctest-dynamic-overlay.build/Debug-iphonesimulator/IssueReporting.build/Objects-normal/arm64/IssueReporting.swiftdoc /Users/xinyufang/Library/Developer/Xcode/DerivedData/Buzz-faillbpsmponqzeruhhvskovixzk/Build/Products/Debug-iphonesimulator/IssueReporting.swiftmodule/arm64-apple-ios-simulator.swiftdoc

Copy /Users/xinyufang/Library/Developer/Xcode/DerivedData/Buzz-faillbpsmponqzeruhhvskovixzk/Build/Products/Debug-iphonesimulator/IssueReporting.swiftmodule/arm64-apple-ios-simulator.abi.json /Users/xinyufang/Library/Developer/Xcode/DerivedData/Buzz-faillbpsmponqzeruhhvskovixzk/Build/Intermediates.noindex/xctest-dynamic-overlay.build/Debug-iphonesimulator/IssueReporting.build/Objects-normal/arm64/IssueReporting.abi.json (in target 'IssueReporting' from project 'xctest-dynamic-overlay')
    cd /Users/xinyufang/Library/Developer/Xcode/DerivedData/Buzz-faillbpsmponqzeruhhvskovixzk/SourcePackages/checkouts/xctest-dynamic-overlay
    builtin-copy -exclude .DS_Store -exclude CVS -exclude .svn -exclude .git -exclude .hg -resolve-src-symlinks -rename /Users/xinyufang/Library/Developer/Xcode/DerivedData/Buzz-faillbpsmponqzeruhhvskovixzk/Build/Intermediates.noindex/xctest-dynamic-overlay.build/Debug-iphonesimulator/IssueReporting.build/Objects-normal/arm64/IssueReporting.abi.json /Users/xinyufang/Library/Developer/Xcode/DerivedData/Buzz-faillbpsmponqzeruhhvskovixzk/Build/Products/Debug-iphonesimulator/IssueReporting.swiftmodule/arm64-apple-ios-simulator.abi.json

Copy /Users/xinyufang/Library/Developer/Xcode/DerivedData/Buzz-faillbpsmponqzeruhhvskovixzk/Build/Products/Debug-iphonesimulator/IssueReporting.swiftmodule/Project/arm64-apple-ios-simulator.swiftsourceinfo /Users/xinyufang/Library/Developer/Xcode/DerivedData/Buzz-faillbpsmponqzeruhhvskovixzk/Build/Intermediates.noindex/xctest-dynamic-overlay.build/Debug-iphonesimulator/IssueReporting.build/Objects-normal/arm64/IssueReporting.swiftsourceinfo (in target 'IssueReporting' from project 'xctest-dynamic-overlay')
    cd /Users/xinyufang/Library/Developer/Xcode/DerivedData/Buzz-faillbpsmponqzeruhhvskovixzk/SourcePackages/checkouts/xctest-dynamic-overlay
    builtin-copy -exclude .DS_Store -exclude CVS -exclude .svn -exclude .git -exclude .hg -resolve-src-symlinks -rename /Users/xinyufang/Library/Developer/Xcode/DerivedData/Buzz-faillbpsmponqzeruhhvskovixzk/Build/Intermediates.noindex/xctest-dynamic-overlay.build/Debug-iphonesimulator/IssueReporting.build/Objects-normal/arm64/IssueReporting.swiftsourceinfo /Users/xinyufang/Library/Developer/Xcode/DerivedData/Buzz-faillbpsmponqzeruhhvskovixzk/Build/Products/Debug-iphonesimulator/IssueReporting.swiftmodule/Project/arm64-apple-ios-simulator.swiftsourceinfo

CompileC /Users/xinyufang/Library/Developer/Xcode/DerivedData/Buzz-faillbpsmponqzeruhhvskovixzk/Build/Intermediates.noindex/AppAuth.build/Debug-iphonesimulator/AppAuth.build/Objects-normal/arm64/OIDExternalUserAgentCatalyst.o /Users/xinyufang/Library/Developer/Xcode/DerivedData/Buzz-faillbpsmponqzeruhhvskovixzk/SourcePackages/checkouts/AppAuth-iOS/Sources/AppAuth/iOS/OIDExternalUserAgentCatalyst.m normal arm64 objective-c com.apple.compilers.llvm.clang.1_0.compiler (in target 'AppAuth' from project 'AppAuth')
    cd /Users/xinyufang/Documents/Buzz/Buzz.xcodeproj
    
    Using response file: /Users/xinyufang/Library/Developer/Xcode/DerivedData/Buzz-faillbpsmponqzeruhhvskovixzk/Build/Intermediates.noindex/AppAuth.build/Debug-iphonesimulator/AppAuth.build/Objects-normal/arm64/e6072d4f65d7061329687fe24e3d63a7-common-args.resp
    
    /Applications/Xcode.app/Contents/Developer/Toolchains/XcodeDefault.xctoolchain/usr/bin/clang -x objective-c -ivfsstatcache /Users/xinyufang/Library/Developer/Xcode/DerivedData/SDKStatCaches.noindex/iphonesimulator26.0-23A339-26257891a6c027eb51374368541b8346.sdkstatcache -fmessage-length\=0 -fdiagnostics-show-note-include-stack -fmacro-backtrace-limit\=0 -fno-color-diagnostics -fmodules-prune-interval\=86400 -fmodules-prune-after\=345600 -fbuild-session-file\=/Users/xinyufang/Library/Developer/Xcode/DerivedData/ModuleCache.noindex/Session.modulevalidation -fmodules-validate-once-per-build-session -Wnon-modular-include-in-framework-module -Werror\=non-modular-include-in-framework-module -Wno-trigraphs -Wno-missing-field-initializers -Wno-missing-prototypes -Wno-return-type -Wno-implicit-atomic-properties -Wno-objc-interface-ivars -Wno-arc-repeated-use-of-weak -Wno-missing-braces -Wparentheses -Wswitch -Wno-unused-function -Wno-unused-label -Wno-unused-parameter -Wno-unused-variable -Wunused-value -Wno-empty-body -Wno-uninitialized -Wno-unknown-pragmas -w -Wno-shadow -Wno-four-char-constants -Wno-conversion -Wno-constant-conversion -Wno-int-conversion -Wno-bool-conversion -Wno-enum-conversion -Wno-float-conversion -Wno-non-literal-null-conversion -Wno-objc-literal-conversion -Wshorten-64-to-32 -Wpointer-sign -Wno-newline-eof -Wno-selector -Wno-strict-selector-match -Wno-undeclared-selector -Wno-deprecated-implementations -Wno-implicit-fallthrough -fstrict-aliasing -Wprotocol -Wdeprecated-declarations -Wno-sign-conversion -Wno-infinite-recursion -Wno-comma -Wno-block-capture-autoreleasing -Wno-strict-prototypes -Wno-semicolon-before-method-body -index-store-path /Users/xinyufang/Library/Developer/Xcode/DerivedData/Buzz-faillbpsmponqzeruhhvskovixzk/Index.noindex/DataStore @/Users/xinyufang/Library/Developer/Xcode/DerivedData/Buzz-faillbpsmponqzeruhhvskovixzk/Build/Intermediates.noindex/AppAuth.build/Debug-iphonesimulator/AppAuth.build/Objects-normal/arm64/e6072d4f65d7061329687fe24e3d63a7-common-args.resp -include /Users/xinyufang/Library/Developer/Xcode/DerivedData/Buzz-faillbpsmponqzeruhhvskovixzk/Build/Intermediates.noindex/AppAuth.build/Debug-iphonesimulator/AppAuth.build/DerivedSources/resource_bundle_accessor.h -MMD -MT dependencies -MF /Users/xinyufang/Library/Developer/Xcode/DerivedData/Buzz-faillbpsmponqzeruhhvskovixzk/Build/Intermediates.noindex/AppAuth.build/Debug-iphonesimulator/AppAuth.build/Objects-normal/arm64/OIDExternalUserAgentCatalyst.d --serialize-diagnostics /Users/xinyufang/Library/Developer/Xcode/DerivedData/Buzz-faillbpsmponqzeruhhvskovixzk/Build/Intermediates.noindex/AppAuth.build/Debug-iphonesimulator/AppAuth.build/Objects-normal/arm64/OIDExternalUserAgentCatalyst.dia -c /Users/xinyufang/Library/Developer/Xcode/DerivedData/Buzz-faillbpsmponqzeruhhvskovixzk/SourcePackages/checkouts/AppAuth-iOS/Sources/AppAuth/iOS/OIDExternalUserAgentCatalyst.m -o /Users/xinyufang/Library/Developer/Xcode/DerivedData/Buzz-faillbpsmponqzeruhhvskovixzk/Build/Intermediates.noindex/AppAuth.build/Debug-iphonesimulator/AppAuth.build/Objects-normal/arm64/OIDExternalUserAgentCatalyst.o -index-unit-output-path /AppAuth.build/Debug-iphonesimulator/AppAuth.build/Objects-normal/arm64/OIDExternalUserAgentCatalyst.o

SwiftCompile normal arm64 Compiling\ CallSupplementalFunctionMessageHandler.swift,\ CloseWebView.swift,\ DebugMessageHandler.swift,\ FetchAppInfoMessageHandler.swift,\ FetchClientSecretMessageHandler.swift,\ FetchInitComponentPropsMessageHandler.swift,\ FetchInitParamsMessageHandler.swift,\ OnSetterFunctionCalledMessageHandler.swift,\ ScriptMessageHandler.swift,\ ScriptMessageHandlerWithReply.swift,\ VoidPayload.swift /Users/xinyufang/Library/Developer/Xcode/DerivedData/Buzz-faillbpsmponqzeruhhvskovixzk/SourcePackages/checkouts/stripe-ios-spm/StripeConnect/StripeConnect/Source/Internal/Webview/MessageHandlers/CallSupplementalFunctionMessageHandler.swift /Users/xinyufang/Library/Developer/Xcode/DerivedData/Buzz-faillbpsmponqzeruhhvskovixzk/SourcePackages/checkouts/stripe-ios-spm/StripeConnect/StripeConnect/Source/Internal/Webview/MessageHandlers/CloseWebView.swift /Users/xinyufang/Library/Developer/Xcode/DerivedData/Buzz-faillbpsmponqzeruhhvskovixzk/SourcePackages/checkouts/stripe-ios-spm/StripeConnect/StripeConnect/Source/Internal/Webview/MessageHandlers/DebugMessageHandler.swift /Users/xinyufang/Library/Developer/Xcode/DerivedData/Buzz-faillbpsmponqzeruhhvskovixzk/SourcePackages/checkouts/stripe-ios-spm/StripeConnect/StripeConnect/Source/Internal/Webview/MessageHandlers/FetchAppInfoMessageHandler.swift /Users/xinyufang/Library/Developer/Xcode/DerivedData/Buzz-faillbpsmponqzeruhhvskovixzk/SourcePackages/checkouts/stripe-ios-spm/StripeConnect/StripeConnect/Source/Internal/Webview/MessageHandlers/FetchClientSecretMessageHandler.swift /Users/xinyufang/Library/Developer/Xcode/DerivedData/Buzz-faillbpsmponqzeruhhvskovixzk/SourcePackages/checkouts/stripe-ios-spm/StripeConnect/StripeConnect/Source/Internal/Webview/MessageHandlers/FetchInitComponentPropsMessageHandler.swift /Users/xinyufang/Library/Developer/Xcode/DerivedData/Buzz-faillbpsmponqzeruhhvskovixzk/SourcePackages/checkouts/stripe-ios-spm/StripeConnect/StripeConnect/Source/Internal/Webview/MessageHandlers/FetchInitParamsMessageHandler.swift /Users/xinyufang/Library/Developer/Xcode/DerivedData/Buzz-faillbpsmponqzeruhhvskovixzk/SourcePackages/checkouts/stripe-ios-spm/StripeConnect/StripeConnect/Source/Internal/Webview/MessageHandlers/Helpers/OnSetterFunctionCalledMessageHandler.swift /Users/xinyufang/Library/Developer/Xcode/DerivedData/Buzz-faillbpsmponqzeruhhvskovixzk/SourcePackages/checkouts/stripe-ios-spm/StripeConnect/StripeConnect/Source/Internal/Webview/MessageHandlers/Helpers/ScriptMessageHandler.swift /Users/xinyufang/Library/Developer/Xcode/DerivedData/Buzz-faillbpsmponqzeruhhvskovixzk/SourcePackages/checkouts/stripe-ios-spm/StripeConnect/StripeConnect/Source/Internal/Webview/MessageHandlers/Helpers/ScriptMessageHandlerWithReply.swift /Users/xinyufang/Library/Developer/Xcode/DerivedData/Buzz-faillbpsmponqzeruhhvskovixzk/SourcePackages/checkouts/stripe-ios-spm/StripeConnect/StripeConnect/Source/Internal/Webview/MessageHandlers/Helpers/VoidPayload.swift (in target 'StripeConnect' from project 'Stripe')

SwiftCompile normal arm64 /Users/xinyufang/Library/Developer/Xcode/DerivedData/Buzz-faillbpsmponqzeruhhvskovixzk/SourcePackages/checkouts/stripe-ios-spm/StripeConnect/StripeConnect/Source/Internal/Webview/MessageHandlers/CallSupplementalFunctionMessageHandler.swift (in target 'StripeConnect' from project 'Stripe')
    cd /Users/xinyufang/Documents/Buzz/Buzz.xcodeproj
    

SwiftCompile normal arm64 /Users/xinyufang/Library/Developer/Xcode/DerivedData/Buzz-faillbpsmponqzeruhhvskovixzk/SourcePackages/checkouts/stripe-ios-spm/StripeConnect/StripeConnect/Source/Internal/Webview/MessageHandlers/CloseWebView.swift (in target 'StripeConnect' from project 'Stripe')
    cd /Users/xinyufang/Documents/Buzz/Buzz.xcodeproj
    

SwiftCompile normal arm64 /Users/xinyufang/Library/Developer/Xcode/DerivedData/Buzz-faillbpsmponqzeruhhvskovixzk/SourcePackages/checkouts/stripe-ios-spm/StripeConnect/StripeConnect/Source/Internal/Webview/MessageHandlers/DebugMessageHandler.swift (in target 'StripeConnect' from project 'Stripe')
    cd /Users/xinyufang/Documents/Buzz/Buzz.xcodeproj
    

SwiftCompile normal arm64 /Users/xinyufang/Library/Developer/Xcode/DerivedData/Buzz-faillbpsmponqzeruhhvskovixzk/SourcePackages/checkouts/stripe-ios-spm/StripeConnect/StripeConnect/Source/Internal/Webview/MessageHandlers/FetchAppInfoMessageHandler.swift (in target 'StripeConnect' from project 'Stripe')
    cd /Users/xinyufang/Documents/Buzz/Buzz.xcodeproj
    

SwiftCompile normal arm64 /Users/xinyufang/Library/Developer/Xcode/DerivedData/Buzz-faillbpsmponqzeruhhvskovixzk/SourcePackages/checkouts/stripe-ios-spm/StripeConnect/StripeConnect/Source/Internal/Webview/MessageHandlers/FetchClientSecretMessageHandler.swift (in target 'StripeConnect' from project 'Stripe')
    cd /Users/xinyufang/Documents/Buzz/Buzz.xcodeproj
    

SwiftCompile normal arm64 /Users/xinyufang/Library/Developer/Xcode/DerivedData/Buzz-faillbpsmponqzeruhhvskovixzk/SourcePackages/checkouts/stripe-ios-spm/StripeConnect/StripeConnect/Source/Internal/Webview/MessageHandlers/FetchInitComponentPropsMessageHandler.swift (in target 'StripeConnect' from project 'Stripe')
    cd /Users/xinyufang/Documents/Buzz/Buzz.xcodeproj
    

SwiftCompile normal arm64 /Users/xinyufang/Library/Developer/Xcode/DerivedData/Buzz-faillbpsmponqzeruhhvskovixzk/SourcePackages/checkouts/stripe-ios-spm/StripeConnect/StripeConnect/Source/Internal/Webview/MessageHandlers/FetchInitParamsMessageHandler.swift (in target 'StripeConnect' from project 'Stripe')
    cd /Users/xinyufang/Documents/Buzz/Buzz.xcodeproj
    

SwiftCompile normal arm64 /Users/xinyufang/Library/Developer/Xcode/DerivedData/Buzz-faillbpsmponqzeruhhvskovixzk/SourcePackages/checkouts/stripe-ios-spm/StripeConnect/StripeConnect/Source/Internal/Webview/MessageHandlers/Helpers/OnSetterFunctionCalledMessageHandler.swift (in target 'StripeConnect' from project 'Stripe')
    cd /Users/xinyufang/Documents/Buzz/Buzz.xcodeproj
    

SwiftCompile normal arm64 /Users/xinyufang/Library/Developer/Xcode/DerivedData/Buzz-faillbpsmponqzeruhhvskovixzk/SourcePackages/checkouts/stripe-ios-spm/StripeConnect/StripeConnect/Source/Internal/Webview/MessageHandlers/Helpers/ScriptMessageHandler.swift (in target 'StripeConnect' from project 'Stripe')
    cd /Users/xinyufang/Documents/Buzz/Buzz.xcodeproj
    

SwiftCompile normal arm64 /Users/xinyufang/Library/Developer/Xcode/DerivedData/Buzz-faillbpsmponqzeruhhvskovixzk/SourcePackages/checkouts/stripe-ios-spm/StripeConnect/StripeConnect/Source/Internal/Webview/MessageHandlers/Helpers/ScriptMessageHandlerWithReply.swift (in target 'StripeConnect' from project 'Stripe')
    cd /Users/xinyufang/Documents/Buzz/Buzz.xcodeproj
    

SwiftCompile normal arm64 /Users/xinyufang/Library/Developer/Xcode/DerivedData/Buzz-faillbpsmponqzeruhhvskovixzk/SourcePackages/checkouts/stripe-ios-spm/StripeConnect/StripeConnect/Source/Internal/Webview/MessageHandlers/Helpers/VoidPayload.swift (in target 'StripeConnect' from project 'Stripe')
    cd /Users/xinyufang/Documents/Buzz/Buzz.xcodeproj
    

SwiftCompile normal arm64 Compiling\ WKScriptMessage+extension.swift,\ FinancialConnectionsPresenter.swift,\ StripeConnectConstants.swift,\ ActivityViewControllerWithoutPopover.swift,\ AppearanceWrapper.swift,\ ApplicationURLOpener.swift,\ ConnectComponentWebViewController.swift,\ ConnectWebViewController.swift,\ CustomFontSourceWrapper.swift,\ HTTPStatusError.swift,\ AccountSessionClaimedMessageHandler.swift /Users/xinyufang/Library/Developer/Xcode/DerivedData/Buzz-faillbpsmponqzeruhhvskovixzk/SourcePackages/checkouts/stripe-ios-spm/StripeConnect/StripeConnect/Source/Internal/Extensions/WKScriptMessage+extension.swift /Users/xinyufang/Library/Developer/Xcode/DerivedData/Buzz-faillbpsmponqzeruhhvskovixzk/SourcePackages/checkouts/stripe-ios-spm/StripeConnect/StripeConnect/Source/Internal/FinancialConnectionsPresenter.swift /Users/xinyufang/Library/Developer/Xcode/DerivedData/Buzz-faillbpsmponqzeruhhvskovixzk/SourcePackages/checkouts/stripe-ios-spm/StripeConnect/StripeConnect/Source/Internal/StripeConnectConstants.swift /Users/xinyufang/Library/Developer/Xcode/DerivedData/Buzz-faillbpsmponqzeruhhvskovixzk/SourcePackages/checkouts/stripe-ios-spm/StripeConnect/StripeConnect/Source/Internal/Webview/ActivityViewControllerWithoutPopover.swift /Users/xinyufang/Library/Developer/Xcode/DerivedData/Buzz-faillbpsmponqzeruhhvskovixzk/SourcePackages/checkouts/stripe-ios-spm/StripeConnect/StripeConnect/Source/Internal/Webview/AppearanceWrapper.swift /Users/xinyufang/Library/Developer/Xcode/DerivedData/Buzz-faillbpsmponqzeruhhvskovixzk/SourcePackages/checkouts/stripe-ios-spm/StripeConnect/StripeConnect/Source/Internal/Webview/ApplicationURLOpener.swift /Users/xinyufang/Library/Developer/Xcode/DerivedData/Buzz-faillbpsmponqzeruhhvskovixzk/SourcePackages/checkouts/stripe-ios-spm/StripeConnect/StripeConnect/Source/Internal/Webview/ConnectComponentWebViewController.swift /Users/xinyufang/Library/Developer/Xcode/DerivedData/Buzz-faillbpsmponqzeruhhvskovixzk/SourcePackages/checkouts/stripe-ios-spm/StripeConnect/StripeConnect/Source/Internal/Webview/ConnectWebViewController.swift /Users/xinyufang/Library/Developer/Xcode/DerivedData/Buzz-faillbpsmponqzeruhhvskovixzk/SourcePackages/checkouts/stripe-ios-spm/StripeConnect/StripeConnect/Source/Internal/Webview/CustomFontSourceWrapper.swift /Users/xinyufang/Library/Developer/Xcode/DerivedData/Buzz-faillbpsmponqzeruhhvskovixzk/SourcePackages/checkouts/stripe-ios-spm/StripeConnect/StripeConnect/Source/Internal/Webview/HTTPStatusError.swift /Users/xinyufang/Library/Developer/Xcode/DerivedData/Buzz-faillbpsmponqzeruhhvskovixzk/SourcePackages/checkouts/stripe-ios-spm/StripeConnect/StripeConnect/Source/Internal/Webview/MessageHandlers/AccountSessionClaimedMessageHandler.swift (in target 'StripeConnect' from project 'Stripe')

SwiftCompile normal arm64 /Users/xinyufang/Library/Developer/Xcode/DerivedData/Buzz-faillbpsmponqzeruhhvskovixzk/SourcePackages/checkouts/stripe-ios-spm/StripeConnect/StripeConnect/Source/Internal/Extensions/WKScriptMessage+extension.swift (in target 'StripeConnect' from project 'Stripe')
    cd /Users/xinyufang/Documents/Buzz/Buzz.xcodeproj
    

SwiftCompile normal arm64 /Users/xinyufang/Library/Developer/Xcode/DerivedData/Buzz-faillbpsmponqzeruhhvskovixzk/SourcePackages/checkouts/stripe-ios-spm/StripeConnect/StripeConnect/Source/Internal/FinancialConnectionsPresenter.swift (in target 'StripeConnect' from project 'Stripe')
    cd /Users/xinyufang/Documents/Buzz/Buzz.xcodeproj
    

SwiftCompile normal arm64 /Users/xinyufang/Library/Developer/Xcode/DerivedData/Buzz-faillbpsmponqzeruhhvskovixzk/SourcePackages/checkouts/stripe-ios-spm/StripeConnect/StripeConnect/Source/Internal/StripeConnectConstants.swift (in target 'StripeConnect' from project 'Stripe')
    cd /Users/xinyufang/Documents/Buzz/Buzz.xcodeproj
    

SwiftCompile normal arm64 /Users/xinyufang/Library/Developer/Xcode/DerivedData/Buzz-faillbpsmponqzeruhhvskovixzk/SourcePackages/checkouts/stripe-ios-spm/StripeConnect/StripeConnect/Source/Internal/Webview/ActivityViewControllerWithoutPopover.swift (in target 'StripeConnect' from project 'Stripe')
    cd /Users/xinyufang/Documents/Buzz/Buzz.xcodeproj
    

SwiftCompile normal arm64 /Users/xinyufang/Library/Developer/Xcode/DerivedData/Buzz-faillbpsmponqzeruhhvskovixzk/SourcePackages/checkouts/stripe-ios-spm/StripeConnect/StripeConnect/Source/Internal/Webview/AppearanceWrapper.swift (in target 'StripeConnect' from project 'Stripe')
    cd /Users/xinyufang/Documents/Buzz/Buzz.xcodeproj
    

SwiftCompile normal arm64 /Users/xinyufang/Library/Developer/Xcode/DerivedData/Buzz-faillbpsmponqzeruhhvskovixzk/SourcePackages/checkouts/stripe-ios-spm/StripeConnect/StripeConnect/Source/Internal/Webview/ApplicationURLOpener.swift (in target 'StripeConnect' from project 'Stripe')
    cd /Users/xinyufang/Documents/Buzz/Buzz.xcodeproj
    

SwiftCompile normal arm64 /Users/xinyufang/Library/Developer/Xcode/DerivedData/Buzz-faillbpsmponqzeruhhvskovixzk/SourcePackages/checkouts/stripe-ios-spm/StripeConnect/StripeConnect/Source/Internal/Webview/ConnectComponentWebViewController.swift (in target 'StripeConnect' from project 'Stripe')
    cd /Users/xinyufang/Documents/Buzz/Buzz.xcodeproj
    

SwiftCompile normal arm64 /Users/xinyufang/Library/Developer/Xcode/DerivedData/Buzz-faillbpsmponqzeruhhvskovixzk/SourcePackages/checkouts/stripe-ios-spm/StripeConnect/StripeConnect/Source/Internal/Webview/ConnectWebViewController.swift (in target 'StripeConnect' from project 'Stripe')
    cd /Users/xinyufang/Documents/Buzz/Buzz.xcodeproj
    

SwiftCompile normal arm64 /Users/xinyufang/Library/Developer/Xcode/DerivedData/Buzz-faillbpsmponqzeruhhvskovixzk/SourcePackages/checkouts/stripe-ios-spm/StripeConnect/StripeConnect/Source/Internal/Webview/CustomFontSourceWrapper.swift (in target 'StripeConnect' from project 'Stripe')
    cd /Users/xinyufang/Documents/Buzz/Buzz.xcodeproj
    

SwiftCompile normal arm64 /Users/xinyufang/Library/Developer/Xcode/DerivedData/Buzz-faillbpsmponqzeruhhvskovixzk/SourcePackages/checkouts/stripe-ios-spm/StripeConnect/StripeConnect/Source/Internal/Webview/HTTPStatusError.swift (in target 'StripeConnect' from project 'Stripe')
    cd /Users/xinyufang/Documents/Buzz/Buzz.xcodeproj
    

SwiftCompile normal arm64 /Users/xinyufang/Library/Developer/Xcode/DerivedData/Buzz-faillbpsmponqzeruhhvskovixzk/SourcePackages/checkouts/stripe-ios-spm/StripeConnect/StripeConnect/Source/Internal/Webview/MessageHandlers/AccountSessionClaimedMessageHandler.swift (in target 'StripeConnect' from project 'Stripe')
    cd /Users/xinyufang/Documents/Buzz/Buzz.xcodeproj
    

SwiftEmitModule normal arm64 Emitting\ module\ for\ StripePaymentSheet (in target 'StripePaymentSheet' from project 'Stripe')
EmitSwiftModule normal arm64 (in target 'StripePaymentSheet' from project 'Stripe')
    cd /Users/xinyufang/Documents/Buzz/Buzz.xcodeproj
    

SwiftDriverJobDiscovery normal arm64 Emitting module for StripeConnect (in target 'StripeConnect' from project 'Stripe')

SwiftDriver\ Compilation\ Requirements StripeConnect normal arm64 com.apple.xcode.tools.swift.compiler (in target 'StripeConnect' from project 'Stripe')
    cd /Users/xinyufang/Documents/Buzz/Buzz.xcodeproj
    builtin-Swift-Compilation-Requirements -- /Applications/Xcode.app/Contents/Developer/Toolchains/XcodeDefault.xctoolchain/usr/bin/swiftc -module-name StripeConnect -Onone -enforce-exclusivity\=checked @/Users/xinyufang/Library/Developer/Xcode/DerivedData/Buzz-faillbpsmponqzeruhhvskovixzk/Build/Intermediates.noindex/Stripe.build/Debug-iphonesimulator/StripeConnect.build/Objects-normal/arm64/StripeConnect.SwiftFileList -DSWIFT_PACKAGE -DDEBUG -DSWIFT_MODULE_RESOURCE_BUNDLE_AVAILABLE -DXcode -plugin-path /Applications/Xcode.app/Contents/Developer/Toolchains/XcodeDefault.xctoolchain/usr/lib/swift/host/plugins/testing -enable-experimental-feature DebugDescriptionMacro -sdk /Applications/Xcode.app/Contents/Developer/Platforms/iPhoneSimulator.platform/Developer/SDKs/iPhoneSimulator26.0.sdk -target arm64-apple-ios13.0-simulator -g -module-cache-path /Users/xinyufang/Library/Developer/Xcode/DerivedData/ModuleCache.noindex -Xfrontend -serialize-debugging-options -enable-testing -suppress-warnings -index-store-path /Users/xinyufang/Library/Developer/Xcode/DerivedData/Buzz-faillbpsmponqzeruhhvskovixzk/Index.noindex/DataStore -Xcc -D_LIBCPP_HARDENING_MODE\=_LIBCPP_HARDENING_MODE_DEBUG -swift-version 5 -I /Users/xinyufang/Library/Developer/Xcode/DerivedData/Buzz-faillbpsmponqzeruhhvskovixzk/Build/Products/Debug-iphonesimulator -Isystem /Applications/Xcode.app/Contents/Developer/Platforms/iPhoneSimulator.platform/Developer/usr/lib -F /Users/xinyufang/Library/Developer/Xcode/DerivedData/Buzz-faillbpsmponqzeruhhvskovixzk/Build/Products/Debug-iphonesimulator/PackageFrameworks -F /Users/xinyufang/Library/Developer/Xcode/DerivedData/Buzz-faillbpsmponqzeruhhvskovixzk/Build/Products/Debug-iphonesimulator/PackageFrameworks -F /Users/xinyufang/Library/Developer/Xcode/DerivedData/Buzz-faillbpsmponqzeruhhvskovixzk/Build/Products/Debug-iphonesimulator/PackageFrameworks -F /Users/xinyufang/Library/Developer/Xcode/DerivedData/Buzz-faillbpsmponqzeruhhvskovixzk/Build/Products/Debug-iphonesimulator -F /Applications/Xcode.app/Contents/Developer/Platforms/iPhoneSimulator.platform/Developer/Library/Frameworks -F /Applications/Xcode.app/Contents/Developer/Platforms/iPhoneSimulator.platform/Developer/SDKs/iPhoneSimulator26.0.sdk/Developer/Library/Frameworks -emit-localized-strings -emit-localized-strings-path /Users/xinyufang/Library/Developer/Xcode/DerivedData/Buzz-faillbpsmponqzeruhhvskovixzk/Build/Intermediates.noindex/Stripe.build/Debug-iphonesimulator/StripeConnect.build/Objects-normal/arm64 -c -j8 -enable-batch-mode -incremental -Xcc -ivfsstatcache -Xcc /Users/xinyufang/Library/Developer/Xcode/DerivedData/SDKStatCaches.noindex/iphonesimulator26.0-23A339-26257891a6c027eb51374368541b8346.sdkstatcache -output-file-map /Users/xinyufang/Library/Developer/Xcode/DerivedData/Buzz-faillbpsmponqzeruhhvskovixzk/Build/Intermediates.noindex/Stripe.build/Debug-iphonesimulator/StripeConnect.build/Objects-normal/arm64/StripeConnect-OutputFileMap.json -use-frontend-parseable-output -save-temps -no-color-diagnostics -explicit-module-build -module-cache-path /Users/xinyufang/Library/Developer/Xcode/DerivedData/Buzz-faillbpsmponqzeruhhvskovixzk/Build/Intermediates.noindex/SwiftExplicitPrecompiledModules -clang-scanner-module-cache-path /Users/xinyufang/Library/Developer/Xcode/DerivedData/ModuleCache.noindex -sdk-module-cache-path /Users/xinyufang/Library/Developer/Xcode/DerivedData/ModuleCache.noindex -serialize-diagnostics -emit-dependencies -emit-module -emit-module-path /Users/xinyufang/Library/Developer/Xcode/DerivedData/Buzz-faillbpsmponqzeruhhvskovixzk/Build/Intermediates.noindex/Stripe.build/Debug-iphonesimulator/StripeConnect.build/Objects-normal/arm64/StripeConnect.swiftmodule -validate-clang-modules-once -clang-build-session-file /Users/xinyufang/Library/Developer/Xcode/DerivedData/ModuleCache.noindex/Session.modulevalidation -Xcc -I/Users/xinyufang/Library/Developer/Xcode/DerivedData/Buzz-faillbpsmponqzeruhhvskovixzk/Build/Intermediates.noindex/Stripe.build/Debug-iphonesimulator/StripeConnect.build/swift-overrides.hmap -emit-const-values -Xfrontend -const-gather-protocols-file -Xfrontend /Users/xinyufang/Library/Developer/Xcode/DerivedData/Buzz-faillbpsmponqzeruhhvskovixzk/Build/Intermediates.noindex/Stripe.build/Debug-iphonesimulator/StripeConnect.build/Objects-normal/arm64/StripeConnect_const_extract_protocols.json -Xcc -I/Users/xinyufang/Library/Developer/Xcode/DerivedData/Buzz-faillbpsmponqzeruhhvskovixzk/Build/Products/Debug-iphonesimulator/include -Xcc -I/Users/xinyufang/Library/Developer/Xcode/DerivedData/Buzz-faillbpsmponqzeruhhvskovixzk/Build/Intermediates.noindex/Stripe.build/Debug-iphonesimulator/StripeConnect.build/DerivedSources-normal/arm64 -Xcc -I/Users/xinyufang/Library/Developer/Xcode/DerivedData/Buzz-faillbpsmponqzeruhhvskovixzk/Build/Intermediates.noindex/Stripe.build/Debug-iphonesimulator/StripeConnect.build/DerivedSources/arm64 -Xcc -I/Users/xinyufang/Library/Developer/Xcode/DerivedData/Buzz-faillbpsmponqzeruhhvskovixzk/Build/Intermediates.noindex/Stripe.build/Debug-iphonesimulator/StripeConnect.build/DerivedSources -Xcc -DSWIFT_PACKAGE -Xcc -DDEBUG\=1 -emit-objc-header -emit-objc-header-path /Users/xinyufang/Library/Developer/Xcode/DerivedData/Buzz-faillbpsmponqzeruhhvskovixzk/Build/Intermediates.noindex/Stripe.build/Debug-iphonesimulator/StripeConnect.build/Objects-normal/arm64/StripeConnect-Swift.h -working-directory /Users/xinyufang/Documents/Buzz/Buzz.xcodeproj -experimental-emit-module-separately -disable-cmo

SwiftDriverJobDiscovery normal arm64 Compiling AuthenticatedWebViewError.swift, AuthenticatedWebViewManager.swift, ConnectActivityIndicator.swift, Encodable+Connect.swift, Error+extensions.swift, Font+Extension.swift, HTTPURLResponse+StripeConnect.swift, JSONEncoder+extension.swift, JSONSerialization+extension.swift, UIViewController+StripeConnect.swift, URL+extension.swift (in target 'StripeConnect' from project 'Stripe')

SwiftCompile normal arm64 Compiling\ FCLiteManifest.swift,\ FCLiteSession.swift,\ InstantDebitsOnlyFinancialConnectionsAuthManager.swift,\ LinkBadgeView.swift,\ LinkFullConsent-EmailView.swift,\ LinkFullConsent-FooterView.swift,\ LinkFullConsent-HeaderView.swift,\ LinkFullConsent-ScopesView.swift,\ LinkFullConsentViewController.swift,\ LinkHintMessageView.swift,\ LinkSheetNavigationBar.swift,\ LinkPaymentMethodPicker-AddButton.swift,\ LinkPaymentMethodPicker-Cell.swift,\ LinkPaymentMethodPicker-CellContentView.swift,\ LinkPaymentMethodPicker-Email.swift,\ LinkPaymentMethodPicker-Header.swift,\ LinkPaymentMethodPicker-RadioButton.swift,\ LinkPaymentMethodPicker.swift,\ TappableAttributedLabel.swift,\ LinkToast.swift,\ PayWithLinkViewController-BaseViewController.swift,\ PayWithLinkViewController-LoaderViewController.swift,\ PayWithLinkViewController-NewPaymentViewController.swift,\ PayWithLinkViewController-SignUpViewController.swift /Users/xinyufang/Library/Developer/Xcode/DerivedData/Buzz-faillbpsmponqzeruhhvskovixzk/SourcePackages/checkouts/stripe-ios-spm/StripePaymentSheet/StripePaymentSheet/Source/Internal/FC\ Lite/Models/FCLiteManifest.swift /Users/xinyufang/Library/Developer/Xcode/DerivedData/Buzz-faillbpsmponqzeruhhvskovixzk/SourcePackages/checkouts/stripe-ios-spm/StripePaymentSheet/StripePaymentSheet/Source/Internal/FC\ Lite/Models/FCLiteSession.swift /Users/xinyufang/Library/Developer/Xcode/DerivedData/Buzz-faillbpsmponqzeruhhvskovixzk/SourcePackages/checkouts/stripe-ios-spm/StripePaymentSheet/StripePaymentSheet/Source/Internal/Link/ACH/InstantDebitsOnlyFinancialConnectionsAuthManager.swift /Users/xinyufang/Library/Developer/Xcode/DerivedData/Buzz-faillbpsmponqzeruhhvskovixzk/SourcePackages/checkouts/stripe-ios-spm/StripePaymentSheet/StripePaymentSheet/Source/Internal/Link/Components/Badge/LinkBadgeView.swift /Users/xinyufang/Library/Developer/Xcode/DerivedData/Buzz-faillbpsmponqzeruhhvskovixzk/SourcePackages/checkouts/stripe-ios-spm/StripePaymentSheet/StripePaymentSheet/Source/Internal/Link/Components/Consent/LinkFullConsent-EmailView.swift /Users/xinyufang/Library/Developer/Xcode/DerivedData/Buzz-faillbpsmponqzeruhhvskovixzk/SourcePackages/checkouts/stripe-ios-spm/StripePaymentSheet/StripePaymentSheet/Source/Internal/Link/Components/Consent/LinkFullConsent-FooterView.swift /Users/xinyufang/Library/Developer/Xcode/DerivedData/Buzz-faillbpsmponqzeruhhvskovixzk/SourcePackages/checkouts/stripe-ios-spm/StripePaymentSheet/StripePaymentSheet/Source/Internal/Link/Components/Consent/LinkFullConsent-HeaderView.swift /Users/xinyufang/Library/Developer/Xcode/DerivedData/Buzz-faillbpsmponqzeruhhvskovixzk/SourcePackages/checkouts/stripe-ios-spm/StripePaymentSheet/StripePaymentSheet/Source/Internal/Link/Components/Consent/LinkFullConsent-ScopesView.swift /Users/xinyufang/Library/Developer/Xcode/DerivedData/Buzz-faillbpsmponqzeruhhvskovixzk/SourcePackages/checkouts/stripe-ios-spm/StripePaymentSheet/StripePaymentSheet/Source/Internal/Link/Components/Consent/LinkFullConsentViewController.swift /Users/xinyufang/Library/Developer/Xcode/DerivedData/Buzz-faillbpsmponqzeruhhvskovixzk/SourcePackages/checkouts/stripe-ios-spm/StripePaymentSheet/StripePaymentSheet/Source/Internal/Link/Components/Hint/LinkHintMessageView.swift /Users/xinyufang/Library/Developer/Xcode/DerivedData/Buzz-faillbpsmponqzeruhhvskovixzk/SourcePackages/checkouts/stripe-ios-spm/StripePaymentSheet/StripePaymentSheet/Source/Internal/Link/Components/NavigationBar/LinkSheetNavigationBar.swift /Users/xinyufang/Library/Developer/Xcode/DerivedData/Buzz-faillbpsmponqzeruhhvskovixzk/SourcePackages/checkouts/stripe-ios-spm/StripePaymentSheet/StripePaymentSheet/Source/Internal/Link/Components/PaymentMethodPicker/LinkPaymentMethodPicker-AddButton.swift /Users/xinyufang/Library/Developer/Xcode/DerivedData/Buzz-faillbpsmponqzeruhhvskovixzk/SourcePackages/checkouts/stripe-ios-spm/StripePaymentSheet/StripePaymentSheet/Source/Internal/Link/Components/PaymentMethodPicker/LinkPaymentMethodPicker-Cell.swift /Users/xinyufang/Library/Developer/Xcode/DerivedData/Buzz-faillbpsmponqzeruhhvskovixzk/SourcePackages/checkouts/stripe-ios-spm/StripePaymentSheet/StripePaymentSheet/Source/Internal/Link/Components/PaymentMethodPicker/LinkPaymentMethodPicker-CellContentView.swift /Users/xinyufang/Library/Developer/Xcode/DerivedData/Buzz-faillbpsmponqzeruhhvskovixzk/SourcePackages/checkouts/stripe-ios-spm/StripePaymentSheet/StripePaymentSheet/Source/Internal/Link/Components/PaymentMethodPicker/LinkPaymentMethodPicker-Email.swift /Users/xinyufang/Library/Developer/Xcode/DerivedData/Buzz-faillbpsmponqzeruhhvskovixzk/SourcePackages/checkouts/stripe-ios-spm/StripePaymentSheet/StripePaymentSheet/Source/Internal/Link/Components/PaymentMethodPicker/LinkPaymentMethodPicker-Header.swift /Users/xinyufang/Library/Developer/Xcode/DerivedData/Buzz-faillbpsmponqzeruhhvskovixzk/SourcePackages/checkouts/stripe-ios-spm/StripePaymentSheet/StripePaymentSheet/Source/Internal/Link/Components/PaymentMethodPicker/LinkPaymentMethodPicker-RadioButton.swift /Users/xinyufang/Library/Developer/Xcode/DerivedData/Buzz-faillbpsmponqzeruhhvskovixzk/SourcePackages/checkouts/stripe-ios-spm/StripePaymentSheet/StripePaymentSheet/Source/Internal/Link/Components/PaymentMethodPicker/LinkPaymentMethodPicker.swift /Users/xinyufang/Library/Developer/Xcode/DerivedData/Buzz-faillbpsmponqzeruhhvskovixzk/SourcePackages/checkouts/stripe-ios-spm/StripePaymentSheet/StripePaymentSheet/Source/Internal/Link/Components/TappableAttributedLabel.swift /Users/xinyufang/Library/Developer/Xcode/DerivedData/Buzz-faillbpsmponqzeruhhvskovixzk/SourcePackages/checkouts/stripe-ios-spm/StripePaymentSheet/StripePaymentSheet/Source/Internal/Link/Components/Toast/LinkToast.swift /Users/xinyufang/Library/Developer/Xcode/DerivedData/Buzz-faillbpsmponqzeruhhvskovixzk/SourcePackages/checkouts/stripe-ios-spm/StripePaymentSheet/StripePaymentSheet/Source/Internal/Link/Controllers/PayWithLinkViewController-BaseViewController.swift /Users/xinyufang/Library/Developer/Xcode/DerivedData/Buzz-faillbpsmponqzeruhhvskovixzk/SourcePackages/checkouts/stripe-ios-spm/StripePaymentSheet/StripePaymentSheet/Source/Internal/Link/Controllers/PayWithLinkViewController-LoaderViewController.swift /Users/xinyufang/Library/Developer/Xcode/DerivedData/Buzz-faillbpsmponqzeruhhvskovixzk/SourcePackages/checkouts/stripe-ios-spm/StripePaymentSheet/StripePaymentSheet/Source/Internal/Link/Controllers/PayWithLinkViewController-NewPaymentViewController.swift /Users/xinyufang/Library/Developer/Xcode/DerivedData/Buzz-faillbpsmponqzeruhhvskovixzk/SourcePackages/checkouts/stripe-ios-spm/StripePaymentSheet/StripePaymentSheet/Source/Internal/Link/Controllers/PayWithLinkViewController-SignUpViewController.swift (in target 'StripePaymentSheet' from project 'Stripe')
SwiftCompile normal arm64 /Users/xinyufang/Library/Developer/Xcode/DerivedData/Buzz-faillbpsmponqzeruhhvskovixzk/SourcePackages/checkouts/stripe-ios-spm/StripePaymentSheet/StripePaymentSheet/Source/Internal/FC\ Lite/Models/FCLiteManifest.swift (in target 'StripePaymentSheet' from project 'Stripe')
    cd /Users/xinyufang/Documents/Buzz/Buzz.xcodeproj
    

SwiftCompile normal arm64 /Users/xinyufang/Library/Developer/Xcode/DerivedData/Buzz-faillbpsmponqzeruhhvskovixzk/SourcePackages/checkouts/stripe-ios-spm/StripePaymentSheet/StripePaymentSheet/Source/Internal/FC\ Lite/Models/FCLiteSession.swift (in target 'StripePaymentSheet' from project 'Stripe')
    cd /Users/xinyufang/Documents/Buzz/Buzz.xcodeproj
    

SwiftCompile normal arm64 /Users/xinyufang/Library/Developer/Xcode/DerivedData/Buzz-faillbpsmponqzeruhhvskovixzk/SourcePackages/checkouts/stripe-ios-spm/StripePaymentSheet/StripePaymentSheet/Source/Internal/Link/ACH/InstantDebitsOnlyFinancialConnectionsAuthManager.swift (in target 'StripePaymentSheet' from project 'Stripe')
    cd /Users/xinyufang/Documents/Buzz/Buzz.xcodeproj
    

SwiftCompile normal arm64 /Users/xinyufang/Library/Developer/Xcode/DerivedData/Buzz-faillbpsmponqzeruhhvskovixzk/SourcePackages/checkouts/stripe-ios-spm/StripePaymentSheet/StripePaymentSheet/Source/Internal/Link/Components/Badge/LinkBadgeView.swift (in target 'StripePaymentSheet' from project 'Stripe')
    cd /Users/xinyufang/Documents/Buzz/Buzz.xcodeproj
    

SwiftCompile normal arm64 /Users/xinyufang/Library/Developer/Xcode/DerivedData/Buzz-faillbpsmponqzeruhhvskovixzk/SourcePackages/checkouts/stripe-ios-spm/StripePaymentSheet/StripePaymentSheet/Source/Internal/Link/Components/Consent/LinkFullConsent-EmailView.swift (in target 'StripePaymentSheet' from project 'Stripe')
    cd /Users/xinyufang/Documents/Buzz/Buzz.xcodeproj
    

SwiftCompile normal arm64 /Users/xinyufang/Library/Developer/Xcode/DerivedData/Buzz-faillbpsmponqzeruhhvskovixzk/SourcePackages/checkouts/stripe-ios-spm/StripePaymentSheet/StripePaymentSheet/Source/Internal/Link/Components/Consent/LinkFullConsent-FooterView.swift (in target 'StripePaymentSheet' from project 'Stripe')
    cd /Users/xinyufang/Documents/Buzz/Buzz.xcodeproj
    

SwiftCompile normal arm64 /Users/xinyufang/Library/Developer/Xcode/DerivedData/Buzz-faillbpsmponqzeruhhvskovixzk/SourcePackages/checkouts/stripe-ios-spm/StripePaymentSheet/StripePaymentSheet/Source/Internal/Link/Components/Consent/LinkFullConsent-HeaderView.swift (in target 'StripePaymentSheet' from project 'Stripe')
    cd /Users/xinyufang/Documents/Buzz/Buzz.xcodeproj
    

SwiftCompile normal arm64 /Users/xinyufang/Library/Developer/Xcode/DerivedData/Buzz-faillbpsmponqzeruhhvskovixzk/SourcePackages/checkouts/stripe-ios-spm/StripePaymentSheet/StripePaymentSheet/Source/Internal/Link/Components/Consent/LinkFullConsent-ScopesView.swift (in target 'StripePaymentSheet' from project 'Stripe')
    cd /Users/xinyufang/Documents/Buzz/Buzz.xcodeproj
    

SwiftCompile normal arm64 /Users/xinyufang/Library/Developer/Xcode/DerivedData/Buzz-faillbpsmponqzeruhhvskovixzk/SourcePackages/checkouts/stripe-ios-spm/StripePaymentSheet/StripePaymentSheet/Source/Internal/Link/Components/Consent/LinkFullConsentViewController.swift (in target 'StripePaymentSheet' from project 'Stripe')
    cd /Users/xinyufang/Documents/Buzz/Buzz.xcodeproj
    

SwiftCompile normal arm64 /Users/xinyufang/Library/Developer/Xcode/DerivedData/Buzz-faillbpsmponqzeruhhvskovixzk/SourcePackages/checkouts/stripe-ios-spm/StripePaymentSheet/StripePaymentSheet/Source/Internal/Link/Components/Hint/LinkHintMessageView.swift (in target 'StripePaymentSheet' from project 'Stripe')
    cd /Users/xinyufang/Documents/Buzz/Buzz.xcodeproj
    

SwiftCompile normal arm64 /Users/xinyufang/Library/Developer/Xcode/DerivedData/Buzz-faillbpsmponqzeruhhvskovixzk/SourcePackages/checkouts/stripe-ios-spm/StripePaymentSheet/StripePaymentSheet/Source/Internal/Link/Components/NavigationBar/LinkSheetNavigationBar.swift (in target 'StripePaymentSheet' from project 'Stripe')
    cd /Users/xinyufang/Documents/Buzz/Buzz.xcodeproj
    

SwiftCompile normal arm64 /Users/xinyufang/Library/Developer/Xcode/DerivedData/Buzz-faillbpsmponqzeruhhvskovixzk/SourcePackages/checkouts/stripe-ios-spm/StripePaymentSheet/StripePaymentSheet/Source/Internal/Link/Components/PaymentMethodPicker/LinkPaymentMethodPicker-AddButton.swift (in target 'StripePaymentSheet' from project 'Stripe')
    cd /Users/xinyufang/Documents/Buzz/Buzz.xcodeproj
    

SwiftCompile normal arm64 /Users/xinyufang/Library/Developer/Xcode/DerivedData/Buzz-faillbpsmponqzeruhhvskovixzk/SourcePackages/checkouts/stripe-ios-spm/StripePaymentSheet/StripePaymentSheet/Source/Internal/Link/Components/PaymentMethodPicker/LinkPaymentMethodPicker-Cell.swift (in target 'StripePaymentSheet' from project 'Stripe')
    cd /Users/xinyufang/Documents/Buzz/Buzz.xcodeproj
    

SwiftCompile normal arm64 /Users/xinyufang/Library/Developer/Xcode/DerivedData/Buzz-faillbpsmponqzeruhhvskovixzk/SourcePackages/checkouts/stripe-ios-spm/StripePaymentSheet/StripePaymentSheet/Source/Internal/Link/Components/PaymentMethodPicker/LinkPaymentMethodPicker-CellContentView.swift (in target 'StripePaymentSheet' from project 'Stripe')
    cd /Users/xinyufang/Documents/Buzz/Buzz.xcodeproj
    

SwiftCompile normal arm64 /Users/xinyufang/Library/Developer/Xcode/DerivedData/Buzz-faillbpsmponqzeruhhvskovixzk/SourcePackages/checkouts/stripe-ios-spm/StripePaymentSheet/StripePaymentSheet/Source/Internal/Link/Components/PaymentMethodPicker/LinkPaymentMethodPicker-Email.swift (in target 'StripePaymentSheet' from project 'Stripe')
    cd /Users/xinyufang/Documents/Buzz/Buzz.xcodeproj
    

SwiftCompile normal arm64 /Users/xinyufang/Library/Developer/Xcode/DerivedData/Buzz-faillbpsmponqzeruhhvskovixzk/SourcePackages/checkouts/stripe-ios-spm/StripePaymentSheet/StripePaymentSheet/Source/Internal/Link/Components/PaymentMethodPicker/LinkPaymentMethodPicker-Header.swift (in target 'StripePaymentSheet' from project 'Stripe')
    cd /Users/xinyufang/Documents/Buzz/Buzz.xcodeproj
    

SwiftCompile normal arm64 /Users/xinyufang/Library/Developer/Xcode/DerivedData/Buzz-faillbpsmponqzeruhhvskovixzk/SourcePackages/checkouts/stripe-ios-spm/StripePaymentSheet/StripePaymentSheet/Source/Internal/Link/Components/PaymentMethodPicker/LinkPaymentMethodPicker-RadioButton.swift (in target 'StripePaymentSheet' from project 'Stripe')
    cd /Users/xinyufang/Documents/Buzz/Buzz.xcodeproj
    

SwiftCompile normal arm64 /Users/xinyufang/Library/Developer/Xcode/DerivedData/Buzz-faillbpsmponqzeruhhvskovixzk/SourcePackages/checkouts/stripe-ios-spm/StripePaymentSheet/StripePaymentSheet/Source/Internal/Link/Components/PaymentMethodPicker/LinkPaymentMethodPicker.swift (in target 'StripePaymentSheet' from project 'Stripe')
    cd /Users/xinyufang/Documents/Buzz/Buzz.xcodeproj
    

SwiftCompile normal arm64 /Users/xinyufang/Library/Developer/Xcode/DerivedData/Buzz-faillbpsmponqzeruhhvskovixzk/SourcePackages/checkouts/stripe-ios-spm/StripePaymentSheet/StripePaymentSheet/Source/Internal/Link/Components/TappableAttributedLabel.swift (in target 'StripePaymentSheet' from project 'Stripe')
    cd /Users/xinyufang/Documents/Buzz/Buzz.xcodeproj
    

SwiftCompile normal arm64 /Users/xinyufang/Library/Developer/Xcode/DerivedData/Buzz-faillbpsmponqzeruhhvskovixzk/SourcePackages/checkouts/stripe-ios-spm/StripePaymentSheet/StripePaymentSheet/Source/Internal/Link/Components/Toast/LinkToast.swift (in target 'StripePaymentSheet' from project 'Stripe')
    cd /Users/xinyufang/Documents/Buzz/Buzz.xcodeproj
    

SwiftCompile normal arm64 /Users/xinyufang/Library/Developer/Xcode/DerivedData/Buzz-faillbpsmponqzeruhhvskovixzk/SourcePackages/checkouts/stripe-ios-spm/StripePaymentSheet/StripePaymentSheet/Source/Internal/Link/Controllers/PayWithLinkViewController-BaseViewController.swift (in target 'StripePaymentSheet' from project 'Stripe')
    cd /Users/xinyufang/Documents/Buzz/Buzz.xcodeproj
    

SwiftCompile normal arm64 /Users/xinyufang/Library/Developer/Xcode/DerivedData/Buzz-faillbpsmponqzeruhhvskovixzk/SourcePackages/checkouts/stripe-ios-spm/StripePaymentSheet/StripePaymentSheet/Source/Internal/Link/Controllers/PayWithLinkViewController-LoaderViewController.swift (in target 'StripePaymentSheet' from project 'Stripe')
    cd /Users/xinyufang/Documents/Buzz/Buzz.xcodeproj
    

SwiftCompile normal arm64 /Users/xinyufang/Library/Developer/Xcode/DerivedData/Buzz-faillbpsmponqzeruhhvskovixzk/SourcePackages/checkouts/stripe-ios-spm/StripePaymentSheet/StripePaymentSheet/Source/Internal/Link/Controllers/PayWithLinkViewController-NewPaymentViewController.swift (in target 'StripePaymentSheet' from project 'Stripe')
    cd /Users/xinyufang/Documents/Buzz/Buzz.xcodeproj
    

SwiftCompile normal arm64 /Users/xinyufang/Library/Developer/Xcode/DerivedData/Buzz-faillbpsmponqzeruhhvskovixzk/SourcePackages/checkouts/stripe-ios-spm/StripePaymentSheet/StripePaymentSheet/Source/Internal/Link/Controllers/PayWithLinkViewController-SignUpViewController.swift (in target 'StripePaymentSheet' from project 'Stripe')
    cd /Users/xinyufang/Documents/Buzz/Buzz.xcodeproj
    

SwiftCompile normal arm64 Compiling\ BottomSheetPresentationAnimator.swift,\ BottomSheetPresentationController.swift,\ BottomSheetTransitioningDelegate.swift,\ UIViewController+BottomSheet.swift,\ CardBrandFilter.swift,\ CustomerAdapter.swift,\ CustomerPaymentOption.swift,\ UserDefaults+StripePaymentSheet.swift,\ CustomerSessionAdapter.swift,\ CustomerAddPaymentMethodViewController.swift,\ CustomerSavedPaymentMethodsCollectionViewController.swift,\ CustomerSavedPaymentMethodsViewController.swift,\ CustomerSheet+API.swift,\ CustomerSheet+PaymentMethodAvailability.swift,\ CustomerSheet+SwiftUI.swift,\ CustomerSheet.swift,\ CustomerSheetConfiguration.swift,\ CustomerSheetDataSource.swift,\ CustomerSheetError.swift,\ CVCRecollectionElement.swift,\ CardSectionElement.swift,\ CardSectionWithScannerView.swift,\ HostedSurface.swift,\ PaymentMethodElement.swift /Users/xinyufang/Library/Developer/Xcode/DerivedData/Buzz-faillbpsmponqzeruhhvskovixzk/SourcePackages/checkouts/stripe-ios-spm/StripePaymentSheet/StripePaymentSheet/Source/PaymentSheet/BottomSheet/BottomSheetPresentationAnimator.swift /Users/xinyufang/Library/Developer/Xcode/DerivedData/Buzz-faillbpsmponqzeruhhvskovixzk/SourcePackages/checkouts/stripe-ios-spm/StripePaymentSheet/StripePaymentSheet/Source/PaymentSheet/BottomSheet/BottomSheetPresentationController.swift /Users/xinyufang/Library/Developer/Xcode/DerivedData/Buzz-faillbpsmponqzeruhhvskovixzk/SourcePackages/checkouts/stripe-ios-spm/StripePaymentSheet/StripePaymentSheet/Source/PaymentSheet/BottomSheet/BottomSheetTransitioningDelegate.swift /Users/xinyufang/Library/Developer/Xcode/DerivedData/Buzz-faillbpsmponqzeruhhvskovixzk/SourcePackages/checkouts/stripe-ios-spm/StripePaymentSheet/StripePaymentSheet/Source/PaymentSheet/BottomSheet/UIViewController+BottomSheet.swift /Users/xinyufang/Library/Developer/Xcode/DerivedData/Buzz-faillbpsmponqzeruhhvskovixzk/SourcePackages/checkouts/stripe-ios-spm/StripePaymentSheet/StripePaymentSheet/Source/PaymentSheet/CardBrandFilter.swift /Users/xinyufang/Library/Developer/Xcode/DerivedData/Buzz-faillbpsmponqzeruhhvskovixzk/SourcePackages/checkouts/stripe-ios-spm/StripePaymentSheet/StripePaymentSheet/Source/PaymentSheet/CustomerAdapter/CustomerAdapter.swift /Users/xinyufang/Library/Developer/Xcode/DerivedData/Buzz-faillbpsmponqzeruhhvskovixzk/SourcePackages/checkouts/stripe-ios-spm/StripePaymentSheet/StripePaymentSheet/Source/PaymentSheet/CustomerAdapter/CustomerPaymentOption.swift /Users/xinyufang/Library/Developer/Xcode/DerivedData/Buzz-faillbpsmponqzeruhhvskovixzk/SourcePackages/checkouts/stripe-ios-spm/StripePaymentSheet/StripePaymentSheet/Source/PaymentSheet/CustomerAdapter/UserDefaults+StripePaymentSheet.swift /Users/xinyufang/Library/Developer/Xcode/DerivedData/Buzz-faillbpsmponqzeruhhvskovixzk/SourcePackages/checkouts/stripe-ios-spm/StripePaymentSheet/StripePaymentSheet/Source/PaymentSheet/CustomerSessionAdapter/CustomerSessionAdapter.swift /Users/xinyufang/Library/Developer/Xcode/DerivedData/Buzz-faillbpsmponqzeruhhvskovixzk/SourcePackages/checkouts/stripe-ios-spm/StripePaymentSheet/StripePaymentSheet/Source/PaymentSheet/CustomerSheet/CustomerAddPaymentMethodViewController.swift /Users/xinyufang/Library/Developer/Xcode/DerivedData/Buzz-faillbpsmponqzeruhhvskovixzk/SourcePackages/checkouts/stripe-ios-spm/StripePaymentSheet/StripePaymentSheet/Source/PaymentSheet/CustomerSheet/CustomerSavedPaymentMethodsCollectionViewController.swift /Users/xinyufang/Library/Developer/Xcode/DerivedData/Buzz-faillbpsmponqzeruhhvskovixzk/SourcePackages/checkouts/stripe-ios-spm/StripePaymentSheet/StripePaymentSheet/Source/PaymentSheet/CustomerSheet/CustomerSavedPaymentMethodsViewController.swift /Users/xinyufang/Library/Developer/Xcode/DerivedData/Buzz-faillbpsmponqzeruhhvskovixzk/SourcePackages/checkouts/stripe-ios-spm/StripePaymentSheet/StripePaymentSheet/Source/PaymentSheet/CustomerSheet/CustomerSheet+API.swift /Users/xinyufang/Library/Developer/Xcode/DerivedData/Buzz-faillbpsmponqzeruhhvskovixzk/SourcePackages/checkouts/stripe-ios-spm/StripePaymentSheet/StripePaymentSheet/Source/PaymentSheet/CustomerSheet/CustomerSheet+PaymentMethodAvailability.swift /Users/xinyufang/Library/Developer/Xcode/DerivedData/Buzz-faillbpsmponqzeruhhvskovixzk/SourcePackages/checkouts/stripe-ios-spm/StripePaymentSheet/StripePaymentSheet/Source/PaymentSheet/CustomerSheet/CustomerSheet+SwiftUI.swift /Users/xinyufang/Library/Developer/Xcode/DerivedData/Buzz-faillbpsmponqzeruhhvskovixzk/SourcePackages/checkouts/stripe-ios-spm/StripePaymentSheet/StripePaymentSheet/Source/PaymentSheet/CustomerSheet/CustomerSheet.swift /Users/xinyufang/Library/Developer/Xcode/DerivedData/Buzz-faillbpsmponqzeruhhvskovixzk/SourcePackages/checkouts/stripe-ios-spm/StripePaymentSheet/StripePaymentSheet/Source/PaymentSheet/CustomerSheet/CustomerSheetConfiguration.swift /Users/xinyufang/Library/Developer/Xcode/DerivedData/Buzz-faillbpsmponqzeruhhvskovixzk/SourcePackages/checkouts/stripe-ios-spm/StripePaymentSheet/StripePaymentSheet/Source/PaymentSheet/CustomerSheet/CustomerSheetDataSource.swift /Users/xinyufang/Library/Developer/Xcode/DerivedData/Buzz-faillbpsmponqzeruhhvskovixzk/SourcePackages/checkouts/stripe-ios-spm/StripePaymentSheet/StripePaymentSheet/Source/PaymentSheet/CustomerSheet/CustomerSheetError.swift /Users/xinyufang/Library/Developer/Xcode/DerivedData/Buzz-faillbpsmponqzeruhhvskovixzk/SourcePackages/checkouts/stripe-ios-spm/StripePaymentSheet/StripePaymentSheet/Source/PaymentSheet/Elements/CardSection/CVCRecollectionElement.swift /Users/xinyufang/Library/Developer/Xcode/DerivedData/Buzz-faillbpsmponqzeruhhvskovixzk/SourcePackages/checkouts/stripe-ios-spm/StripePaymentSheet/StripePaymentSheet/Source/PaymentSheet/Elements/CardSection/CardSectionElement.swift /Users/xinyufang/Library/Developer/Xcode/DerivedData/Buzz-faillbpsmponqzeruhhvskovixzk/SourcePackages/checkouts/stripe-ios-spm/StripePaymentSheet/StripePaymentSheet/Source/PaymentSheet/Elements/CardSection/CardSectionWithScannerView.swift /Users/xinyufang/Library/Developer/Xcode/DerivedData/Buzz-faillbpsmponqzeruhhvskovixzk/SourcePackages/checkouts/stripe-ios-spm/StripePaymentSheet/StripePaymentSheet/Source/PaymentSheet/Elements/CardSection/HostedSurface.swift /Users/xinyufang/Library/Developer/Xcode/DerivedData/Buzz-faillbpsmponqzeruhhvskovixzk/SourcePackages/checkouts/stripe-ios-spm/StripePaymentSheet/StripePaymentSheet/Source/PaymentSheet/Elements/PaymentMethodElement/PaymentMethodElement.swift (in target 'StripePaymentSheet' from project 'Stripe')
SwiftCompile normal arm64 /Users/xinyufang/Library/Developer/Xcode/DerivedData/Buzz-faillbpsmponqzeruhhvskovixzk/SourcePackages/checkouts/stripe-ios-spm/StripePaymentSheet/StripePaymentSheet/Source/PaymentSheet/BottomSheet/BottomSheetPresentationAnimator.swift (in target 'StripePaymentSheet' from project 'Stripe')
    cd /Users/xinyufang/Documents/Buzz/Buzz.xcodeproj
    

SwiftCompile normal arm64 /Users/xinyufang/Library/Developer/Xcode/DerivedData/Buzz-faillbpsmponqzeruhhvskovixzk/SourcePackages/checkouts/stripe-ios-spm/StripePaymentSheet/StripePaymentSheet/Source/PaymentSheet/BottomSheet/BottomSheetPresentationController.swift (in target 'StripePaymentSheet' from project 'Stripe')
    cd /Users/xinyufang/Documents/Buzz/Buzz.xcodeproj
    

SwiftCompile normal arm64 /Users/xinyufang/Library/Developer/Xcode/DerivedData/Buzz-faillbpsmponqzeruhhvskovixzk/SourcePackages/checkouts/stripe-ios-spm/StripePaymentSheet/StripePaymentSheet/Source/PaymentSheet/BottomSheet/BottomSheetTransitioningDelegate.swift (in target 'StripePaymentSheet' from project 'Stripe')
    cd /Users/xinyufang/Documents/Buzz/Buzz.xcodeproj
    

SwiftCompile normal arm64 /Users/xinyufang/Library/Developer/Xcode/DerivedData/Buzz-faillbpsmponqzeruhhvskovixzk/SourcePackages/checkouts/stripe-ios-spm/StripePaymentSheet/StripePaymentSheet/Source/PaymentSheet/BottomSheet/UIViewController+BottomSheet.swift (in target 'StripePaymentSheet' from project 'Stripe')
    cd /Users/xinyufang/Documents/Buzz/Buzz.xcodeproj
    

SwiftCompile normal arm64 /Users/xinyufang/Library/Developer/Xcode/DerivedData/Buzz-faillbpsmponqzeruhhvskovixzk/SourcePackages/checkouts/stripe-ios-spm/StripePaymentSheet/StripePaymentSheet/Source/PaymentSheet/CardBrandFilter.swift (in target 'StripePaymentSheet' from project 'Stripe')
    cd /Users/xinyufang/Documents/Buzz/Buzz.xcodeproj
    

SwiftCompile normal arm64 /Users/xinyufang/Library/Developer/Xcode/DerivedData/Buzz-faillbpsmponqzeruhhvskovixzk/SourcePackages/checkouts/stripe-ios-spm/StripePaymentSheet/StripePaymentSheet/Source/PaymentSheet/CustomerAdapter/CustomerAdapter.swift (in target 'StripePaymentSheet' from project 'Stripe')
    cd /Users/xinyufang/Documents/Buzz/Buzz.xcodeproj
    

SwiftCompile normal arm64 /Users/xinyufang/Library/Developer/Xcode/DerivedData/Buzz-faillbpsmponqzeruhhvskovixzk/SourcePackages/checkouts/stripe-ios-spm/StripePaymentSheet/StripePaymentSheet/Source/PaymentSheet/CustomerAdapter/CustomerPaymentOption.swift (in target 'StripePaymentSheet' from project 'Stripe')
    cd /Users/xinyufang/Documents/Buzz/Buzz.xcodeproj
    

SwiftCompile normal arm64 /Users/xinyufang/Library/Developer/Xcode/DerivedData/Buzz-faillbpsmponqzeruhhvskovixzk/SourcePackages/checkouts/stripe-ios-spm/StripePaymentSheet/StripePaymentSheet/Source/PaymentSheet/CustomerAdapter/UserDefaults+StripePaymentSheet.swift (in target 'StripePaymentSheet' from project 'Stripe')
    cd /Users/xinyufang/Documents/Buzz/Buzz.xcodeproj
    

SwiftCompile normal arm64 /Users/xinyufang/Library/Developer/Xcode/DerivedData/Buzz-faillbpsmponqzeruhhvskovixzk/SourcePackages/checkouts/stripe-ios-spm/StripePaymentSheet/StripePaymentSheet/Source/PaymentSheet/CustomerSessionAdapter/CustomerSessionAdapter.swift (in target 'StripePaymentSheet' from project 'Stripe')
    cd /Users/xinyufang/Documents/Buzz/Buzz.xcodeproj
    

SwiftCompile normal arm64 /Users/xinyufang/Library/Developer/Xcode/DerivedData/Buzz-faillbpsmponqzeruhhvskovixzk/SourcePackages/checkouts/stripe-ios-spm/StripePaymentSheet/StripePaymentSheet/Source/PaymentSheet/CustomerSheet/CustomerAddPaymentMethodViewController.swift (in target 'StripePaymentSheet' from project 'Stripe')
    cd /Users/xinyufang/Documents/Buzz/Buzz.xcodeproj
    

SwiftCompile normal arm64 /Users/xinyufang/Library/Developer/Xcode/DerivedData/Buzz-faillbpsmponqzeruhhvskovixzk/SourcePackages/checkouts/stripe-ios-spm/StripePaymentSheet/StripePaymentSheet/Source/PaymentSheet/CustomerSheet/CustomerSavedPaymentMethodsCollectionViewController.swift (in target 'StripePaymentSheet' from project 'Stripe')
    cd /Users/xinyufang/Documents/Buzz/Buzz.xcodeproj
    

SwiftCompile normal arm64 /Users/xinyufang/Library/Developer/Xcode/DerivedData/Buzz-faillbpsmponqzeruhhvskovixzk/SourcePackages/checkouts/stripe-ios-spm/StripePaymentSheet/StripePaymentSheet/Source/PaymentSheet/CustomerSheet/CustomerSavedPaymentMethodsViewController.swift (in target 'StripePaymentSheet' from project 'Stripe')
    cd /Users/xinyufang/Documents/Buzz/Buzz.xcodeproj
    

SwiftCompile normal arm64 /Users/xinyufang/Library/Developer/Xcode/DerivedData/Buzz-faillbpsmponqzeruhhvskovixzk/SourcePackages/checkouts/stripe-ios-spm/StripePaymentSheet/StripePaymentSheet/Source/PaymentSheet/CustomerSheet/CustomerSheet+API.swift (in target 'StripePaymentSheet' from project 'Stripe')
    cd /Users/xinyufang/Documents/Buzz/Buzz.xcodeproj
    

SwiftCompile normal arm64 /Users/xinyufang/Library/Developer/Xcode/DerivedData/Buzz-faillbpsmponqzeruhhvskovixzk/SourcePackages/checkouts/stripe-ios-spm/StripePaymentSheet/StripePaymentSheet/Source/PaymentSheet/CustomerSheet/CustomerSheet+PaymentMethodAvailability.swift (in target 'StripePaymentSheet' from project 'Stripe')
    cd /Users/xinyufang/Documents/Buzz/Buzz.xcodeproj
    

SwiftCompile normal arm64 /Users/xinyufang/Library/Developer/Xcode/DerivedData/Buzz-faillbpsmponqzeruhhvskovixzk/SourcePackages/checkouts/stripe-ios-spm/StripePaymentSheet/StripePaymentSheet/Source/PaymentSheet/CustomerSheet/CustomerSheet+SwiftUI.swift (in target 'StripePaymentSheet' from project 'Stripe')
    cd /Users/xinyufang/Documents/Buzz/Buzz.xcodeproj
    

SwiftCompile normal arm64 /Users/xinyufang/Library/Developer/Xcode/DerivedData/Buzz-faillbpsmponqzeruhhvskovixzk/SourcePackages/checkouts/stripe-ios-spm/StripePaymentSheet/StripePaymentSheet/Source/PaymentSheet/CustomerSheet/CustomerSheet.swift (in target 'StripePaymentSheet' from project 'Stripe')
    cd /Users/xinyufang/Documents/Buzz/Buzz.xcodeproj
    

SwiftCompile normal arm64 /Users/xinyufang/Library/Developer/Xcode/DerivedData/Buzz-faillbpsmponqzeruhhvskovixzk/SourcePackages/checkouts/stripe-ios-spm/StripePaymentSheet/StripePaymentSheet/Source/PaymentSheet/CustomerSheet/CustomerSheetConfiguration.swift (in target 'StripePaymentSheet' from project 'Stripe')
    cd /Users/xinyufang/Documents/Buzz/Buzz.xcodeproj
    

SwiftCompile normal arm64 /Users/xinyufang/Library/Developer/Xcode/DerivedData/Buzz-faillbpsmponqzeruhhvskovixzk/SourcePackages/checkouts/stripe-ios-spm/StripePaymentSheet/StripePaymentSheet/Source/PaymentSheet/CustomerSheet/CustomerSheetDataSource.swift (in target 'StripePaymentSheet' from project 'Stripe')
    cd /Users/xinyufang/Documents/Buzz/Buzz.xcodeproj
    

SwiftCompile normal arm64 /Users/xinyufang/Library/Developer/Xcode/DerivedData/Buzz-faillbpsmponqzeruhhvskovixzk/SourcePackages/checkouts/stripe-ios-spm/StripePaymentSheet/StripePaymentSheet/Source/PaymentSheet/CustomerSheet/CustomerSheetError.swift (in target 'StripePaymentSheet' from project 'Stripe')
    cd /Users/xinyufang/Documents/Buzz/Buzz.xcodeproj
    

SwiftCompile normal arm64 /Users/xinyufang/Library/Developer/Xcode/DerivedData/Buzz-faillbpsmponqzeruhhvskovixzk/SourcePackages/checkouts/stripe-ios-spm/StripePaymentSheet/StripePaymentSheet/Source/PaymentSheet/Elements/CardSection/CVCRecollectionElement.swift (in target 'StripePaymentSheet' from project 'Stripe')
    cd /Users/xinyufang/Documents/Buzz/Buzz.xcodeproj
    

SwiftCompile normal arm64 /Users/xinyufang/Library/Developer/Xcode/DerivedData/Buzz-faillbpsmponqzeruhhvskovixzk/SourcePackages/checkouts/stripe-ios-spm/StripePaymentSheet/StripePaymentSheet/Source/PaymentSheet/Elements/CardSection/CardSectionElement.swift (in target 'StripePaymentSheet' from project 'Stripe')
    cd /Users/xinyufang/Documents/Buzz/Buzz.xcodeproj
    

SwiftCompile normal arm64 /Users/xinyufang/Library/Developer/Xcode/DerivedData/Buzz-faillbpsmponqzeruhhvskovixzk/SourcePackages/checkouts/stripe-ios-spm/StripePaymentSheet/StripePaymentSheet/Source/PaymentSheet/Elements/CardSection/CardSectionWithScannerView.swift (in target 'StripePaymentSheet' from project 'Stripe')
    cd /Users/xinyufang/Documents/Buzz/Buzz.xcodeproj
    

SwiftCompile normal arm64 /Users/xinyufang/Library/Developer/Xcode/DerivedData/Buzz-faillbpsmponqzeruhhvskovixzk/SourcePackages/checkouts/stripe-ios-spm/StripePaymentSheet/StripePaymentSheet/Source/PaymentSheet/Elements/CardSection/HostedSurface.swift (in target 'StripePaymentSheet' from project 'Stripe')
    cd /Users/xinyufang/Documents/Buzz/Buzz.xcodeproj
    

SwiftCompile normal arm64 /Users/xinyufang/Library/Developer/Xcode/DerivedData/Buzz-faillbpsmponqzeruhhvskovixzk/SourcePackages/checkouts/stripe-ios-spm/StripePaymentSheet/StripePaymentSheet/Source/PaymentSheet/Elements/PaymentMethodElement/PaymentMethodElement.swift (in target 'StripePaymentSheet' from project 'Stripe')
    cd /Users/xinyufang/Documents/Buzz/Buzz.xcodeproj
    

SwiftDriverJobDiscovery normal arm64 Compiling OnNotificationsChangeHandler.swift, OnLoadErrorMessageHandler.swift, OnLoaderStartMessageHandler.swift, OnExitMessageHandler.swift, OpenAuthenticatedWebViewMessageHandler.swift, OpenFinancialConnectionsMessageHandler.swift, PageDidLoadMessageHandler.swift, CallSetterWithSerializableValueSender.swift, MessageSender.swift, MobileInputReceivedSender.swift, ReturnedFromAuthenticatedWebViewSender.swift (in target 'StripeConnect' from project 'Stripe')

SwiftMergeGeneratedHeaders /Users/xinyufang/Library/Developer/Xcode/DerivedData/Buzz-faillbpsmponqzeruhhvskovixzk/Build/Intermediates.noindex/GeneratedModuleMaps-iphonesimulator/StripeConnect-Swift.h /Users/xinyufang/Library/Developer/Xcode/DerivedData/Buzz-faillbpsmponqzeruhhvskovixzk/Build/Intermediates.noindex/Stripe.build/Debug-iphonesimulator/StripeConnect.build/Objects-normal/arm64/StripeConnect-Swift.h (in target 'StripeConnect' from project 'Stripe')
    cd /Users/xinyufang/Library/Developer/Xcode/DerivedData/Buzz-faillbpsmponqzeruhhvskovixzk/SourcePackages/checkouts/stripe-ios-spm
    builtin-swiftHeaderTool -arch arm64 /Users/xinyufang/Library/Developer/Xcode/DerivedData/Buzz-faillbpsmponqzeruhhvskovixzk/Build/Intermediates.noindex/Stripe.build/Debug-iphonesimulator/StripeConnect.build/Objects-normal/arm64/StripeConnect-Swift.h -o /Users/xinyufang/Library/Developer/Xcode/DerivedData/Buzz-faillbpsmponqzeruhhvskovixzk/Build/Intermediates.noindex/GeneratedModuleMaps-iphonesimulator/StripeConnect-Swift.h

SwiftDriverJobDiscovery normal arm64 Compiling Appearance+Encoding.swift, CSSHelpers.swift, ConnectJSURLParams.swift, EmbeddedComponentError.swift, StringCodingKey.swift, AnalyticsClientV2+Connect.swift, ComponentAnalyticsClient.swift, ConnectAnalyticEvent.swift, AuthenticatedWebViewCanceledEvent.swift, AuthenticatedWebViewErrorEvent.swift, AuthenticatedWebViewOpenedEvent.swift (in target 'StripeConnect' from project 'Stripe')

Copy /Users/xinyufang/Library/Developer/Xcode/DerivedData/Buzz-faillbpsmponqzeruhhvskovixzk/Build/Products/Debug-iphonesimulator/StripeConnect.swiftmodule/arm64-apple-ios-simulator.swiftmodule /Users/xinyufang/Library/Developer/Xcode/DerivedData/Buzz-faillbpsmponqzeruhhvskovixzk/Build/Intermediates.noindex/Stripe.build/Debug-iphonesimulator/StripeConnect.build/Objects-normal/arm64/StripeConnect.swiftmodule (in target 'StripeConnect' from project 'Stripe')
    cd /Users/xinyufang/Library/Developer/Xcode/DerivedData/Buzz-faillbpsmponqzeruhhvskovixzk/SourcePackages/checkouts/stripe-ios-spm
    builtin-copy -exclude .DS_Store -exclude CVS -exclude .svn -exclude .git -exclude .hg -resolve-src-symlinks -rename /Users/xinyufang/Library/Developer/Xcode/DerivedData/Buzz-faillbpsmponqzeruhhvskovixzk/Build/Intermediates.noindex/Stripe.build/Debug-iphonesimulator/StripeConnect.build/Objects-normal/arm64/StripeConnect.swiftmodule /Users/xinyufang/Library/Developer/Xcode/DerivedData/Buzz-faillbpsmponqzeruhhvskovixzk/Build/Products/Debug-iphonesimulator/StripeConnect.swiftmodule/arm64-apple-ios-simulator.swiftmodule

Copy /Users/xinyufang/Library/Developer/Xcode/DerivedData/Buzz-faillbpsmponqzeruhhvskovixzk/Build/Products/Debug-iphonesimulator/StripeConnect.swiftmodule/arm64-apple-ios-simulator.swiftdoc /Users/xinyufang/Library/Developer/Xcode/DerivedData/Buzz-faillbpsmponqzeruhhvskovixzk/Build/Intermediates.noindex/Stripe.build/Debug-iphonesimulator/StripeConnect.build/Objects-normal/arm64/StripeConnect.swiftdoc (in target 'StripeConnect' from project 'Stripe')
    cd /Users/xinyufang/Library/Developer/Xcode/DerivedData/Buzz-faillbpsmponqzeruhhvskovixzk/SourcePackages/checkouts/stripe-ios-spm
    builtin-copy -exclude .DS_Store -exclude CVS -exclude .svn -exclude .git -exclude .hg -resolve-src-symlinks -rename /Users/xinyufang/Library/Developer/Xcode/DerivedData/Buzz-faillbpsmponqzeruhhvskovixzk/Build/Intermediates.noindex/Stripe.build/Debug-iphonesimulator/StripeConnect.build/Objects-normal/arm64/StripeConnect.swiftdoc /Users/xinyufang/Library/Developer/Xcode/DerivedData/Buzz-faillbpsmponqzeruhhvskovixzk/Build/Products/Debug-iphonesimulator/StripeConnect.swiftmodule/arm64-apple-ios-simulator.swiftdoc

Copy /Users/xinyufang/Library/Developer/Xcode/DerivedData/Buzz-faillbpsmponqzeruhhvskovixzk/Build/Products/Debug-iphonesimulator/StripeConnect.swiftmodule/arm64-apple-ios-simulator.abi.json /Users/xinyufang/Library/Developer/Xcode/DerivedData/Buzz-faillbpsmponqzeruhhvskovixzk/Build/Intermediates.noindex/Stripe.build/Debug-iphonesimulator/StripeConnect.build/Objects-normal/arm64/StripeConnect.abi.json (in target 'StripeConnect' from project 'Stripe')
    cd /Users/xinyufang/Library/Developer/Xcode/DerivedData/Buzz-faillbpsmponqzeruhhvskovixzk/SourcePackages/checkouts/stripe-ios-spm
    builtin-copy -exclude .DS_Store -exclude CVS -exclude .svn -exclude .git -exclude .hg -resolve-src-symlinks -rename /Users/xinyufang/Library/Developer/Xcode/DerivedData/Buzz-faillbpsmponqzeruhhvskovixzk/Build/Intermediates.noindex/Stripe.build/Debug-iphonesimulator/StripeConnect.build/Objects-normal/arm64/StripeConnect.abi.json /Users/xinyufang/Library/Developer/Xcode/DerivedData/Buzz-faillbpsmponqzeruhhvskovixzk/Build/Products/Debug-iphonesimulator/StripeConnect.swiftmodule/arm64-apple-ios-simulator.abi.json

Copy /Users/xinyufang/Library/Developer/Xcode/DerivedData/Buzz-faillbpsmponqzeruhhvskovixzk/Build/Products/Debug-iphonesimulator/StripeConnect.swiftmodule/Project/arm64-apple-ios-simulator.swiftsourceinfo /Users/xinyufang/Library/Developer/Xcode/DerivedData/Buzz-faillbpsmponqzeruhhvskovixzk/Build/Intermediates.noindex/Stripe.build/Debug-iphonesimulator/StripeConnect.build/Objects-normal/arm64/StripeConnect.swiftsourceinfo (in target 'StripeConnect' from project 'Stripe')
    cd /Users/xinyufang/Library/Developer/Xcode/DerivedData/Buzz-faillbpsmponqzeruhhvskovixzk/SourcePackages/checkouts/stripe-ios-spm
    builtin-copy -exclude .DS_Store -exclude CVS -exclude .svn -exclude .git -exclude .hg -resolve-src-symlinks -rename /Users/xinyufang/Library/Developer/Xcode/DerivedData/Buzz-faillbpsmponqzeruhhvskovixzk/Build/Intermediates.noindex/Stripe.build/Debug-iphonesimulator/StripeConnect.build/Objects-normal/arm64/StripeConnect.swiftsourceinfo /Users/xinyufang/Library/Developer/Xcode/DerivedData/Buzz-faillbpsmponqzeruhhvskovixzk/Build/Products/Debug-iphonesimulator/StripeConnect.swiftmodule/Project/arm64-apple-ios-simulator.swiftsourceinfo

SwiftCompile normal arm64 Compiling\ SavedPaymentMethodRowButton.swift,\ VerticalSavedPaymentMethodsViewController.swift,\ AddressSearchResult.swift,\ AutoCompleteViewController.swift,\ String+AutoComplete.swift,\ BottomSheet3DS2ViewController.swift,\ BottomSheetViewController.swift,\ CVCReconfirmationVerticalViewController.swift,\ CVCReconfirmationViewController.swift,\ LoadingViewController.swift,\ PaymentMethodFormViewController.swift,\ PaymentSheetFlowControllerViewController.swift,\ PaymentSheetViewController.swift,\ PollingViewController.swift,\ PollingViewModel.swift,\ SepaMandateViewController.swift,\ UpdatePaymentMethodViewController+Configuration.swift,\ UpdatePaymentMethodViewController.swift,\ AUBECSMandate.swift,\ AffirmCopyLabel.swift,\ AfterpayPriceBreakdownView.swift,\ Appearance+FontScaling.swift,\ BacsDDMandateView.swift,\ CardScanButton.swift /Users/xinyufang/Library/Developer/Xcode/DerivedData/Buzz-faillbpsmponqzeruhhvskovixzk/SourcePackages/checkouts/stripe-ios-spm/StripePaymentSheet/StripePaymentSheet/Source/PaymentSheet/Vertical\ Saved\ Payment\ Method\ Screen/SavedPaymentMethodRowButton.swift /Users/xinyufang/Library/Developer/Xcode/DerivedData/Buzz-faillbpsmponqzeruhhvskovixzk/SourcePackages/checkouts/stripe-ios-spm/StripePaymentSheet/StripePaymentSheet/Source/PaymentSheet/Vertical\ Saved\ Payment\ Method\ Screen/VerticalSavedPaymentMethodsViewController.swift /Users/xinyufang/Library/Developer/Xcode/DerivedData/Buzz-faillbpsmponqzeruhhvskovixzk/SourcePackages/checkouts/stripe-ios-spm/StripePaymentSheet/StripePaymentSheet/Source/PaymentSheet/ViewControllers/AutoComplete/AddressSearchResult.swift /Users/xinyufang/Library/Developer/Xcode/DerivedData/Buzz-faillbpsmponqzeruhhvskovixzk/SourcePackages/checkouts/stripe-ios-spm/StripePaymentSheet/StripePaymentSheet/Source/PaymentSheet/ViewControllers/AutoComplete/AutoCompleteViewController.swift /Users/xinyufang/Library/Developer/Xcode/DerivedData/Buzz-faillbpsmponqzeruhhvskovixzk/SourcePackages/checkouts/stripe-ios-spm/StripePaymentSheet/StripePaymentSheet/Source/PaymentSheet/ViewControllers/AutoComplete/String+AutoComplete.swift /Users/xinyufang/Library/Developer/Xcode/DerivedData/Buzz-faillbpsmponqzeruhhvskovixzk/SourcePackages/checkouts/stripe-ios-spm/StripePaymentSheet/StripePaymentSheet/Source/PaymentSheet/ViewControllers/BottomSheet3DS2ViewController.swift /Users/xinyufang/Library/Developer/Xcode/DerivedData/Buzz-faillbpsmponqzeruhhvskovixzk/SourcePackages/checkouts/stripe-ios-spm/StripePaymentSheet/StripePaymentSheet/Source/PaymentSheet/ViewControllers/BottomSheetViewController.swift /Users/xinyufang/Library/Developer/Xcode/DerivedData/Buzz-faillbpsmponqzeruhhvskovixzk/SourcePackages/checkouts/stripe-ios-spm/StripePaymentSheet/StripePaymentSheet/Source/PaymentSheet/ViewControllers/CVCReconfirmationVerticalViewController.swift /Users/xinyufang/Library/Developer/Xcode/DerivedData/Buzz-faillbpsmponqzeruhhvskovixzk/SourcePackages/checkouts/stripe-ios-spm/StripePaymentSheet/StripePaymentSheet/Source/PaymentSheet/ViewControllers/CVCReconfirmationViewController.swift /Users/xinyufang/Library/Developer/Xcode/DerivedData/Buzz-faillbpsmponqzeruhhvskovixzk/SourcePackages/checkouts/stripe-ios-spm/StripePaymentSheet/StripePaymentSheet/Source/PaymentSheet/ViewControllers/LoadingViewController.swift /Users/xinyufang/Library/Developer/Xcode/DerivedData/Buzz-faillbpsmponqzeruhhvskovixzk/SourcePackages/checkouts/stripe-ios-spm/StripePaymentSheet/StripePaymentSheet/Source/PaymentSheet/ViewControllers/PaymentMethodFormViewController.swift /Users/xinyufang/Library/Developer/Xcode/DerivedData/Buzz-faillbpsmponqzeruhhvskovixzk/SourcePackages/checkouts/stripe-ios-spm/StripePaymentSheet/StripePaymentSheet/Source/PaymentSheet/ViewControllers/PaymentSheetFlowControllerViewController.swift /Users/xinyufang/Library/Developer/Xcode/DerivedData/Buzz-faillbpsmponqzeruhhvskovixzk/SourcePackages/checkouts/stripe-ios-spm/StripePaymentSheet/StripePaymentSheet/Source/PaymentSheet/ViewControllers/PaymentSheetViewController.swift /Users/xinyufang/Library/Developer/Xcode/DerivedData/Buzz-faillbpsmponqzeruhhvskovixzk/SourcePackages/checkouts/stripe-ios-spm/StripePaymentSheet/StripePaymentSheet/Source/PaymentSheet/ViewControllers/PollingViewController.swift /Users/xinyufang/Library/Developer/Xcode/DerivedData/Buzz-faillbpsmponqzeruhhvskovixzk/SourcePackages/checkouts/stripe-ios-spm/StripePaymentSheet/StripePaymentSheet/Source/PaymentSheet/ViewControllers/PollingViewModel.swift /Users/xinyufang/Library/Developer/Xcode/DerivedData/Buzz-faillbpsmponqzeruhhvskovixzk/SourcePackages/checkouts/stripe-ios-spm/StripePaymentSheet/StripePaymentSheet/Source/PaymentSheet/ViewControllers/SepaMandateViewController.swift /Users/xinyufang/Library/Developer/Xcode/DerivedData/Buzz-faillbpsmponqzeruhhvskovixzk/SourcePackages/checkouts/stripe-ios-spm/StripePaymentSheet/StripePaymentSheet/Source/PaymentSheet/ViewControllers/UpdatePaymentMethodViewController+Configuration.swift /Users/xinyufang/Library/Developer/Xcode/DerivedData/Buzz-faillbpsmponqzeruhhvskovixzk/SourcePackages/checkouts/stripe-ios-spm/StripePaymentSheet/StripePaymentSheet/Source/PaymentSheet/ViewControllers/UpdatePaymentMethodViewController.swift /Users/xinyufang/Library/Developer/Xcode/DerivedData/Buzz-faillbpsmponqzeruhhvskovixzk/SourcePackages/checkouts/stripe-ios-spm/StripePaymentSheet/StripePaymentSheet/Source/PaymentSheet/Views/AUBECSMandate.swift /Users/xinyufang/Library/Developer/Xcode/DerivedData/Buzz-faillbpsmponqzeruhhvskovixzk/SourcePackages/checkouts/stripe-ios-spm/StripePaymentSheet/StripePaymentSheet/Source/PaymentSheet/Views/AffirmCopyLabel.swift /Users/xinyufang/Library/Developer/Xcode/DerivedData/Buzz-faillbpsmponqzeruhhvskovixzk/SourcePackages/checkouts/stripe-ios-spm/StripePaymentSheet/StripePaymentSheet/Source/PaymentSheet/Views/AfterpayPriceBreakdownView.swift /Users/xinyufang/Library/Developer/Xcode/DerivedData/Buzz-faillbpsmponqzeruhhvskovixzk/SourcePackages/checkouts/stripe-ios-spm/StripePaymentSheet/StripePaymentSheet/Source/PaymentSheet/Views/Appearance+FontScaling.swift /Users/xinyufang/Library/Developer/Xcode/DerivedData/Buzz-faillbpsmponqzeruhhvskovixzk/SourcePackages/checkouts/stripe-ios-spm/StripePaymentSheet/StripePaymentSheet/Source/PaymentSheet/Views/BacsDDMandateView.swift /Users/xinyufang/Library/Developer/Xcode/DerivedData/Buzz-faillbpsmponqzeruhhvskovixzk/SourcePackages/checkouts/stripe-ios-spm/StripePaymentSheet/StripePaymentSheet/Source/PaymentSheet/Views/CardScanButton.swift (in target 'StripePaymentSheet' from project 'Stripe')
SwiftCompile normal arm64 /Users/xinyufang/Library/Developer/Xcode/DerivedData/Buzz-faillbpsmponqzeruhhvskovixzk/SourcePackages/checkouts/stripe-ios-spm/StripePaymentSheet/StripePaymentSheet/Source/PaymentSheet/Vertical\ Saved\ Payment\ Method\ Screen/SavedPaymentMethodRowButton.swift (in target 'StripePaymentSheet' from project 'Stripe')
    cd /Users/xinyufang/Documents/Buzz/Buzz.xcodeproj
    

SwiftCompile normal arm64 /Users/xinyufang/Library/Developer/Xcode/DerivedData/Buzz-faillbpsmponqzeruhhvskovixzk/SourcePackages/checkouts/stripe-ios-spm/StripePaymentSheet/StripePaymentSheet/Source/PaymentSheet/Vertical\ Saved\ Payment\ Method\ Screen/VerticalSavedPaymentMethodsViewController.swift (in target 'StripePaymentSheet' from project 'Stripe')
    cd /Users/xinyufang/Documents/Buzz/Buzz.xcodeproj
    

SwiftCompile normal arm64 /Users/xinyufang/Library/Developer/Xcode/DerivedData/Buzz-faillbpsmponqzeruhhvskovixzk/SourcePackages/checkouts/stripe-ios-spm/StripePaymentSheet/StripePaymentSheet/Source/PaymentSheet/ViewControllers/AutoComplete/AddressSearchResult.swift (in target 'StripePaymentSheet' from project 'Stripe')
    cd /Users/xinyufang/Documents/Buzz/Buzz.xcodeproj
    

SwiftCompile normal arm64 /Users/xinyufang/Library/Developer/Xcode/DerivedData/Buzz-faillbpsmponqzeruhhvskovixzk/SourcePackages/checkouts/stripe-ios-spm/StripePaymentSheet/StripePaymentSheet/Source/PaymentSheet/ViewControllers/AutoComplete/AutoCompleteViewController.swift (in target 'StripePaymentSheet' from project 'Stripe')
    cd /Users/xinyufang/Documents/Buzz/Buzz.xcodeproj
    

SwiftCompile normal arm64 /Users/xinyufang/Library/Developer/Xcode/DerivedData/Buzz-faillbpsmponqzeruhhvskovixzk/SourcePackages/checkouts/stripe-ios-spm/StripePaymentSheet/StripePaymentSheet/Source/PaymentSheet/ViewControllers/AutoComplete/String+AutoComplete.swift (in target 'StripePaymentSheet' from project 'Stripe')
    cd /Users/xinyufang/Documents/Buzz/Buzz.xcodeproj
    

SwiftCompile normal arm64 /Users/xinyufang/Library/Developer/Xcode/DerivedData/Buzz-faillbpsmponqzeruhhvskovixzk/SourcePackages/checkouts/stripe-ios-spm/StripePaymentSheet/StripePaymentSheet/Source/PaymentSheet/ViewControllers/BottomSheet3DS2ViewController.swift (in target 'StripePaymentSheet' from project 'Stripe')
    cd /Users/xinyufang/Documents/Buzz/Buzz.xcodeproj
    

SwiftCompile normal arm64 /Users/xinyufang/Library/Developer/Xcode/DerivedData/Buzz-faillbpsmponqzeruhhvskovixzk/SourcePackages/checkouts/stripe-ios-spm/StripePaymentSheet/StripePaymentSheet/Source/PaymentSheet/ViewControllers/BottomSheetViewController.swift (in target 'StripePaymentSheet' from project 'Stripe')
    cd /Users/xinyufang/Documents/Buzz/Buzz.xcodeproj
    

SwiftCompile normal arm64 /Users/xinyufang/Library/Developer/Xcode/DerivedData/Buzz-faillbpsmponqzeruhhvskovixzk/SourcePackages/checkouts/stripe-ios-spm/StripePaymentSheet/StripePaymentSheet/Source/PaymentSheet/ViewControllers/CVCReconfirmationVerticalViewController.swift (in target 'StripePaymentSheet' from project 'Stripe')
    cd /Users/xinyufang/Documents/Buzz/Buzz.xcodeproj
    

SwiftCompile normal arm64 /Users/xinyufang/Library/Developer/Xcode/DerivedData/Buzz-faillbpsmponqzeruhhvskovixzk/SourcePackages/checkouts/stripe-ios-spm/StripePaymentSheet/StripePaymentSheet/Source/PaymentSheet/ViewControllers/CVCReconfirmationViewController.swift (in target 'StripePaymentSheet' from project 'Stripe')
    cd /Users/xinyufang/Documents/Buzz/Buzz.xcodeproj
    

SwiftCompile normal arm64 /Users/xinyufang/Library/Developer/Xcode/DerivedData/Buzz-faillbpsmponqzeruhhvskovixzk/SourcePackages/checkouts/stripe-ios-spm/StripePaymentSheet/StripePaymentSheet/Source/PaymentSheet/ViewControllers/LoadingViewController.swift (in target 'StripePaymentSheet' from project 'Stripe')
    cd /Users/xinyufang/Documents/Buzz/Buzz.xcodeproj
    

SwiftCompile normal arm64 /Users/xinyufang/Library/Developer/Xcode/DerivedData/Buzz-faillbpsmponqzeruhhvskovixzk/SourcePackages/checkouts/stripe-ios-spm/StripePaymentSheet/StripePaymentSheet/Source/PaymentSheet/ViewControllers/PaymentMethodFormViewController.swift (in target 'StripePaymentSheet' from project 'Stripe')
    cd /Users/xinyufang/Documents/Buzz/Buzz.xcodeproj
    

SwiftCompile normal arm64 /Users/xinyufang/Library/Developer/Xcode/DerivedData/Buzz-faillbpsmponqzeruhhvskovixzk/SourcePackages/checkouts/stripe-ios-spm/StripePaymentSheet/StripePaymentSheet/Source/PaymentSheet/ViewControllers/PaymentSheetFlowControllerViewController.swift (in target 'StripePaymentSheet' from project 'Stripe')
    cd /Users/xinyufang/Documents/Buzz/Buzz.xcodeproj
    

SwiftCompile normal arm64 /Users/xinyufang/Library/Developer/Xcode/DerivedData/Buzz-faillbpsmponqzeruhhvskovixzk/SourcePackages/checkouts/stripe-ios-spm/StripePaymentSheet/StripePaymentSheet/Source/PaymentSheet/ViewControllers/PaymentSheetViewController.swift (in target 'StripePaymentSheet' from project 'Stripe')
    cd /Users/xinyufang/Documents/Buzz/Buzz.xcodeproj
    

SwiftCompile normal arm64 /Users/xinyufang/Library/Developer/Xcode/DerivedData/Buzz-faillbpsmponqzeruhhvskovixzk/SourcePackages/checkouts/stripe-ios-spm/StripePaymentSheet/StripePaymentSheet/Source/PaymentSheet/ViewControllers/PollingViewController.swift (in target 'StripePaymentSheet' from project 'Stripe')
    cd /Users/xinyufang/Documents/Buzz/Buzz.xcodeproj
    

SwiftCompile normal arm64 /Users/xinyufang/Library/Developer/Xcode/DerivedData/Buzz-faillbpsmponqzeruhhvskovixzk/SourcePackages/checkouts/stripe-ios-spm/StripePaymentSheet/StripePaymentSheet/Source/PaymentSheet/ViewControllers/PollingViewModel.swift (in target 'StripePaymentSheet' from project 'Stripe')
    cd /Users/xinyufang/Documents/Buzz/Buzz.xcodeproj
    

SwiftCompile normal arm64 /Users/xinyufang/Library/Developer/Xcode/DerivedData/Buzz-faillbpsmponqzeruhhvskovixzk/SourcePackages/checkouts/stripe-ios-spm/StripePaymentSheet/StripePaymentSheet/Source/PaymentSheet/ViewControllers/SepaMandateViewController.swift (in target 'StripePaymentSheet' from project 'Stripe')
    cd /Users/xinyufang/Documents/Buzz/Buzz.xcodeproj
    

SwiftCompile normal arm64 /Users/xinyufang/Library/Developer/Xcode/DerivedData/Buzz-faillbpsmponqzeruhhvskovixzk/SourcePackages/checkouts/stripe-ios-spm/StripePaymentSheet/StripePaymentSheet/Source/PaymentSheet/ViewControllers/UpdatePaymentMethodViewController+Configuration.swift (in target 'StripePaymentSheet' from project 'Stripe')
    cd /Users/xinyufang/Documents/Buzz/Buzz.xcodeproj
    

SwiftCompile normal arm64 /Users/xinyufang/Library/Developer/Xcode/DerivedData/Buzz-faillbpsmponqzeruhhvskovixzk/SourcePackages/checkouts/stripe-ios-spm/StripePaymentSheet/StripePaymentSheet/Source/PaymentSheet/ViewControllers/UpdatePaymentMethodViewController.swift (in target 'StripePaymentSheet' from project 'Stripe')
    cd /Users/xinyufang/Documents/Buzz/Buzz.xcodeproj
    

SwiftCompile normal arm64 /Users/xinyufang/Library/Developer/Xcode/DerivedData/Buzz-faillbpsmponqzeruhhvskovixzk/SourcePackages/checkouts/stripe-ios-spm/StripePaymentSheet/StripePaymentSheet/Source/PaymentSheet/Views/AUBECSMandate.swift (in target 'StripePaymentSheet' from project 'Stripe')
    cd /Users/xinyufang/Documents/Buzz/Buzz.xcodeproj
    

SwiftCompile normal arm64 /Users/xinyufang/Library/Developer/Xcode/DerivedData/Buzz-faillbpsmponqzeruhhvskovixzk/SourcePackages/checkouts/stripe-ios-spm/StripePaymentSheet/StripePaymentSheet/Source/PaymentSheet/Views/AffirmCopyLabel.swift (in target 'StripePaymentSheet' from project 'Stripe')
    cd /Users/xinyufang/Documents/Buzz/Buzz.xcodeproj
    

SwiftCompile normal arm64 /Users/xinyufang/Library/Developer/Xcode/DerivedData/Buzz-faillbpsmponqzeruhhvskovixzk/SourcePackages/checkouts/stripe-ios-spm/StripePaymentSheet/StripePaymentSheet/Source/PaymentSheet/Views/AfterpayPriceBreakdownView.swift (in target 'StripePaymentSheet' from project 'Stripe')
    cd /Users/xinyufang/Documents/Buzz/Buzz.xcodeproj
    

SwiftCompile normal arm64 /Users/xinyufang/Library/Developer/Xcode/DerivedData/Buzz-faillbpsmponqzeruhhvskovixzk/SourcePackages/checkouts/stripe-ios-spm/StripePaymentSheet/StripePaymentSheet/Source/PaymentSheet/Views/Appearance+FontScaling.swift (in target 'StripePaymentSheet' from project 'Stripe')
    cd /Users/xinyufang/Documents/Buzz/Buzz.xcodeproj
    

SwiftCompile normal arm64 /Users/xinyufang/Library/Developer/Xcode/DerivedData/Buzz-faillbpsmponqzeruhhvskovixzk/SourcePackages/checkouts/stripe-ios-spm/StripePaymentSheet/StripePaymentSheet/Source/PaymentSheet/Views/BacsDDMandateView.swift (in target 'StripePaymentSheet' from project 'Stripe')
    cd /Users/xinyufang/Documents/Buzz/Buzz.xcodeproj
    

SwiftCompile normal arm64 /Users/xinyufang/Library/Developer/Xcode/DerivedData/Buzz-faillbpsmponqzeruhhvskovixzk/SourcePackages/checkouts/stripe-ios-spm/StripePaymentSheet/StripePaymentSheet/Source/PaymentSheet/Views/CardScanButton.swift (in target 'StripePaymentSheet' from project 'Stripe')
    cd /Users/xinyufang/Documents/Buzz/Buzz.xcodeproj
    

SwiftCompile normal arm64 Compiling\ resource_bundle_accessor.swift,\ BaseLinkHoldbackExperiment.swift,\ LinkABTest.swift,\ LinkGlobalHoldback.swift,\ LinkGlobalHoldbackAA.swift,\ PaymentSheetAnalytics+Experiments.swift,\ PaymentSheetAnalyticsHelper.swift,\ STPAnalyticsClient+Address.swift,\ STPAnalyticsClient+CustomerSheet.swift,\ STPAnalyticsClient+LUXE.swift,\ AddressDetails+STPAddress.swift,\ NSAttributedString+Stripe.swift,\ STPPaymentIntentConfirmParams+PaymentSheet.swift,\ STPPaymentMethod+PaymentSheet.swift,\ STPPaymentMethodParams+PaymentSheet.swift,\ String+Localized.swift,\ UIApplication+StripePaymentSheet.swift,\ BoolReference.swift,\ DownloadManager.swift,\ Images.swift,\ IntentStatusPoller.swift,\ PaymentSheetLinkAccount.swift,\ STPCameraView.swift,\ STPCardScanner.swift,\ STPClientAttributionMetadata+PaymentSheet.swift /Users/xinyufang/Library/Developer/Xcode/DerivedData/Buzz-faillbpsmponqzeruhhvskovixzk/Build/Intermediates.noindex/Stripe.build/Debug-iphonesimulator/StripePaymentSheet.build/DerivedSources/resource_bundle_accessor.swift /Users/xinyufang/Library/Developer/Xcode/DerivedData/Buzz-faillbpsmponqzeruhhvskovixzk/SourcePackages/checkouts/stripe-ios-spm/StripePaymentSheet/StripePaymentSheet/Source/Analytics/Experiments/BaseLinkHoldbackExperiment.swift /Users/xinyufang/Library/Developer/Xcode/DerivedData/Buzz-faillbpsmponqzeruhhvskovixzk/SourcePackages/checkouts/stripe-ios-spm/StripePaymentSheet/StripePaymentSheet/Source/Analytics/Experiments/LinkABTest.swift /Users/xinyufang/Library/Developer/Xcode/DerivedData/Buzz-faillbpsmponqzeruhhvskovixzk/SourcePackages/checkouts/stripe-ios-spm/StripePaymentSheet/StripePaymentSheet/Source/Analytics/Experiments/LinkGlobalHoldback.swift /Users/xinyufang/Library/Developer/Xcode/DerivedData/Buzz-faillbpsmponqzeruhhvskovixzk/SourcePackages/checkouts/stripe-ios-spm/StripePaymentSheet/StripePaymentSheet/Source/Analytics/Experiments/LinkGlobalHoldbackAA.swift /Users/xinyufang/Library/Developer/Xcode/DerivedData/Buzz-faillbpsmponqzeruhhvskovixzk/SourcePackages/checkouts/stripe-ios-spm/StripePaymentSheet/StripePaymentSheet/Source/Analytics/Experiments/PaymentSheetAnalytics+Experiments.swift /Users/xinyufang/Library/Developer/Xcode/DerivedData/Buzz-faillbpsmponqzeruhhvskovixzk/SourcePackages/checkouts/stripe-ios-spm/StripePaymentSheet/StripePaymentSheet/Source/Analytics/PaymentSheetAnalyticsHelper.swift /Users/xinyufang/Library/Developer/Xcode/DerivedData/Buzz-faillbpsmponqzeruhhvskovixzk/SourcePackages/checkouts/stripe-ios-spm/StripePaymentSheet/StripePaymentSheet/Source/Analytics/STPAnalyticsClient+Address.swift /Users/xinyufang/Library/Developer/Xcode/DerivedData/Buzz-faillbpsmponqzeruhhvskovixzk/SourcePackages/checkouts/stripe-ios-spm/StripePaymentSheet/StripePaymentSheet/Source/Analytics/STPAnalyticsClient+CustomerSheet.swift /Users/xinyufang/Library/Developer/Xcode/DerivedData/Buzz-faillbpsmponqzeruhhvskovixzk/SourcePackages/checkouts/stripe-ios-spm/StripePaymentSheet/StripePaymentSheet/Source/Analytics/STPAnalyticsClient+LUXE.swift /Users/xinyufang/Library/Developer/Xcode/DerivedData/Buzz-faillbpsmponqzeruhhvskovixzk/SourcePackages/checkouts/stripe-ios-spm/StripePaymentSheet/StripePaymentSheet/Source/Categories/AddressDetails+STPAddress.swift /Users/xinyufang/Library/Developer/Xcode/DerivedData/Buzz-faillbpsmponqzeruhhvskovixzk/SourcePackages/checkouts/stripe-ios-spm/StripePaymentSheet/StripePaymentSheet/Source/Categories/NSAttributedString+Stripe.swift /Users/xinyufang/Library/Developer/Xcode/DerivedData/Buzz-faillbpsmponqzeruhhvskovixzk/SourcePackages/checkouts/stripe-ios-spm/StripePaymentSheet/StripePaymentSheet/Source/Categories/STPPaymentIntentConfirmParams+PaymentSheet.swift /Users/xinyufang/Library/Developer/Xcode/DerivedData/Buzz-faillbpsmponqzeruhhvskovixzk/SourcePackages/checkouts/stripe-ios-spm/StripePaymentSheet/StripePaymentSheet/Source/Categories/STPPaymentMethod+PaymentSheet.swift /Users/xinyufang/Library/Developer/Xcode/DerivedData/Buzz-faillbpsmponqzeruhhvskovixzk/SourcePackages/checkouts/stripe-ios-spm/StripePaymentSheet/StripePaymentSheet/Source/Categories/STPPaymentMethodParams+PaymentSheet.swift /Users/xinyufang/Library/Developer/Xcode/DerivedData/Buzz-faillbpsmponqzeruhhvskovixzk/SourcePackages/checkouts/stripe-ios-spm/StripePaymentSheet/StripePaymentSheet/Source/Categories/String+Localized.swift /Users/xinyufang/Library/Developer/Xcode/DerivedData/Buzz-faillbpsmponqzeruhhvskovixzk/SourcePackages/checkouts/stripe-ios-spm/StripePaymentSheet/StripePaymentSheet/Source/Categories/UIApplication+StripePaymentSheet.swift /Users/xinyufang/Library/Developer/Xcode/DerivedData/Buzz-faillbpsmponqzeruhhvskovixzk/SourcePackages/checkouts/stripe-ios-spm/StripePaymentSheet/StripePaymentSheet/Source/Helpers/BoolReference.swift /Users/xinyufang/Library/Developer/Xcode/DerivedData/Buzz-faillbpsmponqzeruhhvskovixzk/SourcePackages/checkouts/stripe-ios-spm/StripePaymentSheet/StripePaymentSheet/Source/Helpers/DownloadManager.swift /Users/xinyufang/Library/Developer/Xcode/DerivedData/Buzz-faillbpsmponqzeruhhvskovixzk/SourcePackages/checkouts/stripe-ios-spm/StripePaymentSheet/StripePaymentSheet/Source/Helpers/Images.swift /Users/xinyufang/Library/Developer/Xcode/DerivedData/Buzz-faillbpsmponqzeruhhvskovixzk/SourcePackages/checkouts/stripe-ios-spm/StripePaymentSheet/StripePaymentSheet/Source/Helpers/IntentStatusPoller.swift /Users/xinyufang/Library/Developer/Xcode/DerivedData/Buzz-faillbpsmponqzeruhhvskovixzk/SourcePackages/checkouts/stripe-ios-spm/StripePaymentSheet/StripePaymentSheet/Source/Helpers/PaymentSheetLinkAccount.swift /Users/xinyufang/Library/Developer/Xcode/DerivedData/Buzz-faillbpsmponqzeruhhvskovixzk/SourcePackages/checkouts/stripe-ios-spm/StripePaymentSheet/StripePaymentSheet/Source/Helpers/STPCameraView.swift /Users/xinyufang/Library/Developer/Xcode/DerivedData/Buzz-faillbpsmponqzeruhhvskovixzk/SourcePackages/checkouts/stripe-ios-spm/StripePaymentSheet/StripePaymentSheet/Source/Helpers/STPCardScanner.swift /Users/xinyufang/Library/Developer/Xcode/DerivedData/Buzz-faillbpsmponqzeruhhvskovixzk/SourcePackages/checkouts/stripe-ios-spm/StripePaymentSheet/StripePaymentSheet/Source/Helpers/STPClientAttributionMetadata+PaymentSheet.swift (in target 'StripePaymentSheet' from project 'Stripe')

SwiftCompile normal arm64 /Users/xinyufang/Library/Developer/Xcode/DerivedData/Buzz-faillbpsmponqzeruhhvskovixzk/Build/Intermediates.noindex/Stripe.build/Debug-iphonesimulator/StripePaymentSheet.build/DerivedSources/resource_bundle_accessor.swift (in target 'StripePaymentSheet' from project 'Stripe')
    cd /Users/xinyufang/Documents/Buzz/Buzz.xcodeproj
    

SwiftCompile normal arm64 /Users/xinyufang/Library/Developer/Xcode/DerivedData/Buzz-faillbpsmponqzeruhhvskovixzk/SourcePackages/checkouts/stripe-ios-spm/StripePaymentSheet/StripePaymentSheet/Source/Analytics/Experiments/BaseLinkHoldbackExperiment.swift (in target 'StripePaymentSheet' from project 'Stripe')
    cd /Users/xinyufang/Documents/Buzz/Buzz.xcodeproj
    

SwiftCompile normal arm64 /Users/xinyufang/Library/Developer/Xcode/DerivedData/Buzz-faillbpsmponqzeruhhvskovixzk/SourcePackages/checkouts/stripe-ios-spm/StripePaymentSheet/StripePaymentSheet/Source/Analytics/Experiments/LinkABTest.swift (in target 'StripePaymentSheet' from project 'Stripe')
    cd /Users/xinyufang/Documents/Buzz/Buzz.xcodeproj
    

SwiftCompile normal arm64 /Users/xinyufang/Library/Developer/Xcode/DerivedData/Buzz-faillbpsmponqzeruhhvskovixzk/SourcePackages/checkouts/stripe-ios-spm/StripePaymentSheet/StripePaymentSheet/Source/Analytics/Experiments/LinkGlobalHoldback.swift (in target 'StripePaymentSheet' from project 'Stripe')
    cd /Users/xinyufang/Documents/Buzz/Buzz.xcodeproj
    

SwiftCompile normal arm64 /Users/xinyufang/Library/Developer/Xcode/DerivedData/Buzz-faillbpsmponqzeruhhvskovixzk/SourcePackages/checkouts/stripe-ios-spm/StripePaymentSheet/StripePaymentSheet/Source/Analytics/Experiments/LinkGlobalHoldbackAA.swift (in target 'StripePaymentSheet' from project 'Stripe')
    cd /Users/xinyufang/Documents/Buzz/Buzz.xcodeproj
    

SwiftCompile normal arm64 /Users/xinyufang/Library/Developer/Xcode/DerivedData/Buzz-faillbpsmponqzeruhhvskovixzk/SourcePackages/checkouts/stripe-ios-spm/StripePaymentSheet/StripePaymentSheet/Source/Analytics/Experiments/PaymentSheetAnalytics+Experiments.swift (in target 'StripePaymentSheet' from project 'Stripe')
    cd /Users/xinyufang/Documents/Buzz/Buzz.xcodeproj
    

SwiftCompile normal arm64 /Users/xinyufang/Library/Developer/Xcode/DerivedData/Buzz-faillbpsmponqzeruhhvskovixzk/SourcePackages/checkouts/stripe-ios-spm/StripePaymentSheet/StripePaymentSheet/Source/Analytics/PaymentSheetAnalyticsHelper.swift (in target 'StripePaymentSheet' from project 'Stripe')
    cd /Users/xinyufang/Documents/Buzz/Buzz.xcodeproj
    

SwiftCompile normal arm64 /Users/xinyufang/Library/Developer/Xcode/DerivedData/Buzz-faillbpsmponqzeruhhvskovixzk/SourcePackages/checkouts/stripe-ios-spm/StripePaymentSheet/StripePaymentSheet/Source/Analytics/STPAnalyticsClient+Address.swift (in target 'StripePaymentSheet' from project 'Stripe')
    cd /Users/xinyufang/Documents/Buzz/Buzz.xcodeproj
    

SwiftCompile normal arm64 /Users/xinyufang/Library/Developer/Xcode/DerivedData/Buzz-faillbpsmponqzeruhhvskovixzk/SourcePackages/checkouts/stripe-ios-spm/StripePaymentSheet/StripePaymentSheet/Source/Analytics/STPAnalyticsClient+CustomerSheet.swift (in target 'StripePaymentSheet' from project 'Stripe')
    cd /Users/xinyufang/Documents/Buzz/Buzz.xcodeproj
    

SwiftCompile normal arm64 /Users/xinyufang/Library/Developer/Xcode/DerivedData/Buzz-faillbpsmponqzeruhhvskovixzk/SourcePackages/checkouts/stripe-ios-spm/StripePaymentSheet/StripePaymentSheet/Source/Analytics/STPAnalyticsClient+LUXE.swift (in target 'StripePaymentSheet' from project 'Stripe')
    cd /Users/xinyufang/Documents/Buzz/Buzz.xcodeproj
    

SwiftCompile normal arm64 /Users/xinyufang/Library/Developer/Xcode/DerivedData/Buzz-faillbpsmponqzeruhhvskovixzk/SourcePackages/checkouts/stripe-ios-spm/StripePaymentSheet/StripePaymentSheet/Source/Categories/AddressDetails+STPAddress.swift (in target 'StripePaymentSheet' from project 'Stripe')
    cd /Users/xinyufang/Documents/Buzz/Buzz.xcodeproj
    

SwiftCompile normal arm64 /Users/xinyufang/Library/Developer/Xcode/DerivedData/Buzz-faillbpsmponqzeruhhvskovixzk/SourcePackages/checkouts/stripe-ios-spm/StripePaymentSheet/StripePaymentSheet/Source/Categories/NSAttributedString+Stripe.swift (in target 'StripePaymentSheet' from project 'Stripe')
    cd /Users/xinyufang/Documents/Buzz/Buzz.xcodeproj
    

SwiftCompile normal arm64 /Users/xinyufang/Library/Developer/Xcode/DerivedData/Buzz-faillbpsmponqzeruhhvskovixzk/SourcePackages/checkouts/stripe-ios-spm/StripePaymentSheet/StripePaymentSheet/Source/Categories/STPPaymentIntentConfirmParams+PaymentSheet.swift (in target 'StripePaymentSheet' from project 'Stripe')
    cd /Users/xinyufang/Documents/Buzz/Buzz.xcodeproj
    

SwiftCompile normal arm64 /Users/xinyufang/Library/Developer/Xcode/DerivedData/Buzz-faillbpsmponqzeruhhvskovixzk/SourcePackages/checkouts/stripe-ios-spm/StripePaymentSheet/StripePaymentSheet/Source/Categories/STPPaymentMethod+PaymentSheet.swift (in target 'StripePaymentSheet' from project 'Stripe')
    cd /Users/xinyufang/Documents/Buzz/Buzz.xcodeproj
    

SwiftCompile normal arm64 /Users/xinyufang/Library/Developer/Xcode/DerivedData/Buzz-faillbpsmponqzeruhhvskovixzk/SourcePackages/checkouts/stripe-ios-spm/StripePaymentSheet/StripePaymentSheet/Source/Categories/STPPaymentMethodParams+PaymentSheet.swift (in target 'StripePaymentSheet' from project 'Stripe')
    cd /Users/xinyufang/Documents/Buzz/Buzz.xcodeproj
    

SwiftCompile normal arm64 /Users/xinyufang/Library/Developer/Xcode/DerivedData/Buzz-faillbpsmponqzeruhhvskovixzk/SourcePackages/checkouts/stripe-ios-spm/StripePaymentSheet/StripePaymentSheet/Source/Categories/String+Localized.swift (in target 'StripePaymentSheet' from project 'Stripe')
    cd /Users/xinyufang/Documents/Buzz/Buzz.xcodeproj
    

SwiftCompile normal arm64 /Users/xinyufang/Library/Developer/Xcode/DerivedData/Buzz-faillbpsmponqzeruhhvskovixzk/SourcePackages/checkouts/stripe-ios-spm/StripePaymentSheet/StripePaymentSheet/Source/Categories/UIApplication+StripePaymentSheet.swift (in target 'StripePaymentSheet' from project 'Stripe')
    cd /Users/xinyufang/Documents/Buzz/Buzz.xcodeproj
    

SwiftCompile normal arm64 /Users/xinyufang/Library/Developer/Xcode/DerivedData/Buzz-faillbpsmponqzeruhhvskovixzk/SourcePackages/checkouts/stripe-ios-spm/StripePaymentSheet/StripePaymentSheet/Source/Helpers/BoolReference.swift (in target 'StripePaymentSheet' from project 'Stripe')
    cd /Users/xinyufang/Documents/Buzz/Buzz.xcodeproj
    

SwiftCompile normal arm64 /Users/xinyufang/Library/Developer/Xcode/DerivedData/Buzz-faillbpsmponqzeruhhvskovixzk/SourcePackages/checkouts/stripe-ios-spm/StripePaymentSheet/StripePaymentSheet/Source/Helpers/DownloadManager.swift (in target 'StripePaymentSheet' from project 'Stripe')
    cd /Users/xinyufang/Documents/Buzz/Buzz.xcodeproj
    

SwiftCompile normal arm64 /Users/xinyufang/Library/Developer/Xcode/DerivedData/Buzz-faillbpsmponqzeruhhvskovixzk/SourcePackages/checkouts/stripe-ios-spm/StripePaymentSheet/StripePaymentSheet/Source/Helpers/Images.swift (in target 'StripePaymentSheet' from project 'Stripe')
    cd /Users/xinyufang/Documents/Buzz/Buzz.xcodeproj
    

SwiftCompile normal arm64 /Users/xinyufang/Library/Developer/Xcode/DerivedData/Buzz-faillbpsmponqzeruhhvskovixzk/SourcePackages/checkouts/stripe-ios-spm/StripePaymentSheet/StripePaymentSheet/Source/Helpers/IntentStatusPoller.swift (in target 'StripePaymentSheet' from project 'Stripe')
    cd /Users/xinyufang/Documents/Buzz/Buzz.xcodeproj
    

SwiftCompile normal arm64 /Users/xinyufang/Library/Developer/Xcode/DerivedData/Buzz-faillbpsmponqzeruhhvskovixzk/SourcePackages/checkouts/stripe-ios-spm/StripePaymentSheet/StripePaymentSheet/Source/Helpers/PaymentSheetLinkAccount.swift (in target 'StripePaymentSheet' from project 'Stripe')
    cd /Users/xinyufang/Documents/Buzz/Buzz.xcodeproj
    

SwiftCompile normal arm64 /Users/xinyufang/Library/Developer/Xcode/DerivedData/Buzz-faillbpsmponqzeruhhvskovixzk/SourcePackages/checkouts/stripe-ios-spm/StripePaymentSheet/StripePaymentSheet/Source/Helpers/STPCameraView.swift (in target 'StripePaymentSheet' from project 'Stripe')
    cd /Users/xinyufang/Documents/Buzz/Buzz.xcodeproj
    

SwiftCompile normal arm64 /Users/xinyufang/Library/Developer/Xcode/DerivedData/Buzz-faillbpsmponqzeruhhvskovixzk/SourcePackages/checkouts/stripe-ios-spm/StripePaymentSheet/StripePaymentSheet/Source/Helpers/STPCardScanner.swift (in target 'StripePaymentSheet' from project 'Stripe')
    cd /Users/xinyufang/Documents/Buzz/Buzz.xcodeproj
    

SwiftCompile normal arm64 /Users/xinyufang/Library/Developer/Xcode/DerivedData/Buzz-faillbpsmponqzeruhhvskovixzk/SourcePackages/checkouts/stripe-ios-spm/StripePaymentSheet/StripePaymentSheet/Source/Helpers/STPClientAttributionMetadata+PaymentSheet.swift (in target 'StripePaymentSheet' from project 'Stripe')
    cd /Users/xinyufang/Documents/Buzz/Buzz.xcodeproj
    

SwiftDriverJobDiscovery normal arm64 Compiling CallSupplementalFunctionMessageHandler.swift, CloseWebView.swift, DebugMessageHandler.swift, FetchAppInfoMessageHandler.swift, FetchClientSecretMessageHandler.swift, FetchInitComponentPropsMessageHandler.swift, FetchInitParamsMessageHandler.swift, OnSetterFunctionCalledMessageHandler.swift, ScriptMessageHandler.swift, ScriptMessageHandlerWithReply.swift, VoidPayload.swift (in target 'StripeConnect' from project 'Stripe')

SwiftCompile normal arm64 Compiling\ PaymentSheet+DeferredAPI.swift,\ PaymentSheet+Link.swift,\ PaymentSheet+PaymentMethodAvailability.swift,\ PaymentSheet+SwiftUI.swift,\ PaymentSheet.swift,\ PaymentSheetAppearance+Helpers.swift,\ PaymentSheetAppearance.swift,\ PaymentSheetConfiguration.swift,\ PaymentSheetDeferredValidator.swift,\ PaymentSheetError.swift,\ PaymentSheetFlowController+AsyncPublicAPIs.swift,\ PaymentSheetFlowController.swift,\ FormSpec.swift,\ FormSpecProvider.swift,\ MandateVariant.swift,\ PaymentSheetFormFactory+BLIK.swift,\ PaymentSheetFormFactory+Boleto.swift,\ PaymentSheetFormFactory+Card.swift,\ PaymentSheetFormFactory+FormSpec.swift,\ PaymentSheetFormFactory+Mandates.swift,\ PaymentSheetFormFactory+OXXO.swift,\ PaymentSheetFormFactory+UPI.swift,\ PaymentSheetFormFactory.swift,\ PaymentSheetFormFactoryConfig.swift /Users/xinyufang/Library/Developer/Xcode/DerivedData/Buzz-faillbpsmponqzeruhhvskovixzk/SourcePackages/checkouts/stripe-ios-spm/StripePaymentSheet/StripePaymentSheet/Source/PaymentSheet/PaymentSheet+DeferredAPI.swift /Users/xinyufang/Library/Developer/Xcode/DerivedData/Buzz-faillbpsmponqzeruhhvskovixzk/SourcePackages/checkouts/stripe-ios-spm/StripePaymentSheet/StripePaymentSheet/Source/PaymentSheet/PaymentSheet+Link.swift /Users/xinyufang/Library/Developer/Xcode/DerivedData/Buzz-faillbpsmponqzeruhhvskovixzk/SourcePackages/checkouts/stripe-ios-spm/StripePaymentSheet/StripePaymentSheet/Source/PaymentSheet/PaymentSheet+PaymentMethodAvailability.swift /Users/xinyufang/Library/Developer/Xcode/DerivedData/Buzz-faillbpsmponqzeruhhvskovixzk/SourcePackages/checkouts/stripe-ios-spm/StripePaymentSheet/StripePaymentSheet/Source/PaymentSheet/PaymentSheet+SwiftUI.swift /Users/xinyufang/Library/Developer/Xcode/DerivedData/Buzz-faillbpsmponqzeruhhvskovixzk/SourcePackages/checkouts/stripe-ios-spm/StripePaymentSheet/StripePaymentSheet/Source/PaymentSheet/PaymentSheet.swift /Users/xinyufang/Library/Developer/Xcode/DerivedData/Buzz-faillbpsmponqzeruhhvskovixzk/SourcePackages/checkouts/stripe-ios-spm/StripePaymentSheet/StripePaymentSheet/Source/PaymentSheet/PaymentSheetAppearance+Helpers.swift /Users/xinyufang/Library/Developer/Xcode/DerivedData/Buzz-faillbpsmponqzeruhhvskovixzk/SourcePackages/checkouts/stripe-ios-spm/StripePaymentSheet/StripePaymentSheet/Source/PaymentSheet/PaymentSheetAppearance.swift /Users/xinyufang/Library/Developer/Xcode/DerivedData/Buzz-faillbpsmponqzeruhhvskovixzk/SourcePackages/checkouts/stripe-ios-spm/StripePaymentSheet/StripePaymentSheet/Source/PaymentSheet/PaymentSheetConfiguration.swift /Users/xinyufang/Library/Developer/Xcode/DerivedData/Buzz-faillbpsmponqzeruhhvskovixzk/SourcePackages/checkouts/stripe-ios-spm/StripePaymentSheet/StripePaymentSheet/Source/PaymentSheet/PaymentSheetDeferredValidator.swift /Users/xinyufang/Library/Developer/Xcode/DerivedData/Buzz-faillbpsmponqzeruhhvskovixzk/SourcePackages/checkouts/stripe-ios-spm/StripePaymentSheet/StripePaymentSheet/Source/PaymentSheet/PaymentSheetError.swift /Users/xinyufang/Library/Developer/Xcode/DerivedData/Buzz-faillbpsmponqzeruhhvskovixzk/SourcePackages/checkouts/stripe-ios-spm/StripePaymentSheet/StripePaymentSheet/Source/PaymentSheet/PaymentSheetFlowController+AsyncPublicAPIs.swift /Users/xinyufang/Library/Developer/Xcode/DerivedData/Buzz-faillbpsmponqzeruhhvskovixzk/SourcePackages/checkouts/stripe-ios-spm/StripePaymentSheet/StripePaymentSheet/Source/PaymentSheet/PaymentSheetFlowController.swift /Users/xinyufang/Library/Developer/Xcode/DerivedData/Buzz-faillbpsmponqzeruhhvskovixzk/SourcePackages/checkouts/stripe-ios-spm/StripePaymentSheet/StripePaymentSheet/Source/PaymentSheet/PaymentSheetFormFactory/FormSpec/FormSpec.swift /Users/xinyufang/Library/Developer/Xcode/DerivedData/Buzz-faillbpsmponqzeruhhvskovixzk/SourcePackages/checkouts/stripe-ios-spm/StripePaymentSheet/StripePaymentSheet/Source/PaymentSheet/PaymentSheetFormFactory/FormSpec/FormSpecProvider.swift /Users/xinyufang/Library/Developer/Xcode/DerivedData/Buzz-faillbpsmponqzeruhhvskovixzk/SourcePackages/checkouts/stripe-ios-spm/StripePaymentSheet/StripePaymentSheet/Source/PaymentSheet/PaymentSheetFormFactory/MandateVariant.swift /Users/xinyufang/Library/Developer/Xcode/DerivedData/Buzz-faillbpsmponqzeruhhvskovixzk/SourcePackages/checkouts/stripe-ios-spm/StripePaymentSheet/StripePaymentSheet/Source/PaymentSheet/PaymentSheetFormFactory/PaymentSheetFormFactory+BLIK.swift /Users/xinyufang/Library/Developer/Xcode/DerivedData/Buzz-faillbpsmponqzeruhhvskovixzk/SourcePackages/checkouts/stripe-ios-spm/StripePaymentSheet/StripePaymentSheet/Source/PaymentSheet/PaymentSheetFormFactory/PaymentSheetFormFactory+Boleto.swift /Users/xinyufang/Library/Developer/Xcode/DerivedData/Buzz-faillbpsmponqzeruhhvskovixzk/SourcePackages/checkouts/stripe-ios-spm/StripePaymentSheet/StripePaymentSheet/Source/PaymentSheet/PaymentSheetFormFactory/PaymentSheetFormFactory+Card.swift /Users/xinyufang/Library/Developer/Xcode/DerivedData/Buzz-faillbpsmponqzeruhhvskovixzk/SourcePackages/checkouts/stripe-ios-spm/StripePaymentSheet/StripePaymentSheet/Source/PaymentSheet/PaymentSheetFormFactory/PaymentSheetFormFactory+FormSpec.swift /Users/xinyufang/Library/Developer/Xcode/DerivedData/Buzz-faillbpsmponqzeruhhvskovixzk/SourcePackages/checkouts/stripe-ios-spm/StripePaymentSheet/StripePaymentSheet/Source/PaymentSheet/PaymentSheetFormFactory/PaymentSheetFormFactory+Mandates.swift /Users/xinyufang/Library/Developer/Xcode/DerivedData/Buzz-faillbpsmponqzeruhhvskovixzk/SourcePackages/checkouts/stripe-ios-spm/StripePaymentSheet/StripePaymentSheet/Source/PaymentSheet/PaymentSheetFormFactory/PaymentSheetFormFactory+OXXO.swift /Users/xinyufang/Library/Developer/Xcode/DerivedData/Buzz-faillbpsmponqzeruhhvskovixzk/SourcePackages/checkouts/stripe-ios-spm/StripePaymentSheet/StripePaymentSheet/Source/PaymentSheet/PaymentSheetFormFactory/PaymentSheetFormFactory+UPI.swift /Users/xinyufang/Library/Developer/Xcode/DerivedData/Buzz-faillbpsmponqzeruhhvskovixzk/SourcePackages/checkouts/stripe-ios-spm/StripePaymentSheet/StripePaymentSheet/Source/PaymentSheet/PaymentSheetFormFactory/PaymentSheetFormFactory.swift /Users/xinyufang/Library/Developer/Xcode/DerivedData/Buzz-faillbpsmponqzeruhhvskovixzk/SourcePackages/checkouts/stripe-ios-spm/StripePaymentSheet/StripePaymentSheet/Source/PaymentSheet/PaymentSheetFormFactory/PaymentSheetFormFactoryConfig.swift (in target 'StripePaymentSheet' from project 'Stripe')
SwiftCompile normal arm64 /Users/xinyufang/Library/Developer/Xcode/DerivedData/Buzz-faillbpsmponqzeruhhvskovixzk/SourcePackages/checkouts/stripe-ios-spm/StripePaymentSheet/StripePaymentSheet/Source/PaymentSheet/PaymentSheet+DeferredAPI.swift (in target 'StripePaymentSheet' from project 'Stripe')
    cd /Users/xinyufang/Documents/Buzz/Buzz.xcodeproj
    

SwiftCompile normal arm64 /Users/xinyufang/Library/Developer/Xcode/DerivedData/Buzz-faillbpsmponqzeruhhvskovixzk/SourcePackages/checkouts/stripe-ios-spm/StripePaymentSheet/StripePaymentSheet/Source/PaymentSheet/PaymentSheet+Link.swift (in target 'StripePaymentSheet' from project 'Stripe')
    cd /Users/xinyufang/Documents/Buzz/Buzz.xcodeproj
    

SwiftCompile normal arm64 /Users/xinyufang/Library/Developer/Xcode/DerivedData/Buzz-faillbpsmponqzeruhhvskovixzk/SourcePackages/checkouts/stripe-ios-spm/StripePaymentSheet/StripePaymentSheet/Source/PaymentSheet/PaymentSheet+PaymentMethodAvailability.swift (in target 'StripePaymentSheet' from project 'Stripe')
    cd /Users/xinyufang/Documents/Buzz/Buzz.xcodeproj
    

SwiftCompile normal arm64 /Users/xinyufang/Library/Developer/Xcode/DerivedData/Buzz-faillbpsmponqzeruhhvskovixzk/SourcePackages/checkouts/stripe-ios-spm/StripePaymentSheet/StripePaymentSheet/Source/PaymentSheet/PaymentSheet+SwiftUI.swift (in target 'StripePaymentSheet' from project 'Stripe')
    cd /Users/xinyufang/Documents/Buzz/Buzz.xcodeproj
    

SwiftCompile normal arm64 /Users/xinyufang/Library/Developer/Xcode/DerivedData/Buzz-faillbpsmponqzeruhhvskovixzk/SourcePackages/checkouts/stripe-ios-spm/StripePaymentSheet/StripePaymentSheet/Source/PaymentSheet/PaymentSheet.swift (in target 'StripePaymentSheet' from project 'Stripe')
    cd /Users/xinyufang/Documents/Buzz/Buzz.xcodeproj
    

SwiftCompile normal arm64 /Users/xinyufang/Library/Developer/Xcode/DerivedData/Buzz-faillbpsmponqzeruhhvskovixzk/SourcePackages/checkouts/stripe-ios-spm/StripePaymentSheet/StripePaymentSheet/Source/PaymentSheet/PaymentSheetAppearance+Helpers.swift (in target 'StripePaymentSheet' from project 'Stripe')
    cd /Users/xinyufang/Documents/Buzz/Buzz.xcodeproj
    

SwiftCompile normal arm64 /Users/xinyufang/Library/Developer/Xcode/DerivedData/Buzz-faillbpsmponqzeruhhvskovixzk/SourcePackages/checkouts/stripe-ios-spm/StripePaymentSheet/StripePaymentSheet/Source/PaymentSheet/PaymentSheetAppearance.swift (in target 'StripePaymentSheet' from project 'Stripe')
    cd /Users/xinyufang/Documents/Buzz/Buzz.xcodeproj
    

SwiftCompile normal arm64 /Users/xinyufang/Library/Developer/Xcode/DerivedData/Buzz-faillbpsmponqzeruhhvskovixzk/SourcePackages/checkouts/stripe-ios-spm/StripePaymentSheet/StripePaymentSheet/Source/PaymentSheet/PaymentSheetConfiguration.swift (in target 'StripePaymentSheet' from project 'Stripe')
    cd /Users/xinyufang/Documents/Buzz/Buzz.xcodeproj
    

SwiftCompile normal arm64 /Users/xinyufang/Library/Developer/Xcode/DerivedData/Buzz-faillbpsmponqzeruhhvskovixzk/SourcePackages/checkouts/stripe-ios-spm/StripePaymentSheet/StripePaymentSheet/Source/PaymentSheet/PaymentSheetDeferredValidator.swift (in target 'StripePaymentSheet' from project 'Stripe')
    cd /Users/xinyufang/Documents/Buzz/Buzz.xcodeproj
    

SwiftCompile normal arm64 /Users/xinyufang/Library/Developer/Xcode/DerivedData/Buzz-faillbpsmponqzeruhhvskovixzk/SourcePackages/checkouts/stripe-ios-spm/StripePaymentSheet/StripePaymentSheet/Source/PaymentSheet/PaymentSheetError.swift (in target 'StripePaymentSheet' from project 'Stripe')
    cd /Users/xinyufang/Documents/Buzz/Buzz.xcodeproj
    

SwiftCompile normal arm64 /Users/xinyufang/Library/Developer/Xcode/DerivedData/Buzz-faillbpsmponqzeruhhvskovixzk/SourcePackages/checkouts/stripe-ios-spm/StripePaymentSheet/StripePaymentSheet/Source/PaymentSheet/PaymentSheetFlowController+AsyncPublicAPIs.swift (in target 'StripePaymentSheet' from project 'Stripe')
    cd /Users/xinyufang/Documents/Buzz/Buzz.xcodeproj
    

SwiftCompile normal arm64 /Users/xinyufang/Library/Developer/Xcode/DerivedData/Buzz-faillbpsmponqzeruhhvskovixzk/SourcePackages/checkouts/stripe-ios-spm/StripePaymentSheet/StripePaymentSheet/Source/PaymentSheet/PaymentSheetFlowController.swift (in target 'StripePaymentSheet' from project 'Stripe')
    cd /Users/xinyufang/Documents/Buzz/Buzz.xcodeproj
    

SwiftCompile normal arm64 /Users/xinyufang/Library/Developer/Xcode/DerivedData/Buzz-faillbpsmponqzeruhhvskovixzk/SourcePackages/checkouts/stripe-ios-spm/StripePaymentSheet/StripePaymentSheet/Source/PaymentSheet/PaymentSheetFormFactory/FormSpec/FormSpec.swift (in target 'StripePaymentSheet' from project 'Stripe')
    cd /Users/xinyufang/Documents/Buzz/Buzz.xcodeproj
    

SwiftCompile normal arm64 /Users/xinyufang/Library/Developer/Xcode/DerivedData/Buzz-faillbpsmponqzeruhhvskovixzk/SourcePackages/checkouts/stripe-ios-spm/StripePaymentSheet/StripePaymentSheet/Source/PaymentSheet/PaymentSheetFormFactory/FormSpec/FormSpecProvider.swift (in target 'StripePaymentSheet' from project 'Stripe')
    cd /Users/xinyufang/Documents/Buzz/Buzz.xcodeproj
    

SwiftCompile normal arm64 /Users/xinyufang/Library/Developer/Xcode/DerivedData/Buzz-faillbpsmponqzeruhhvskovixzk/SourcePackages/checkouts/stripe-ios-spm/StripePaymentSheet/StripePaymentSheet/Source/PaymentSheet/PaymentSheetFormFactory/MandateVariant.swift (in target 'StripePaymentSheet' from project 'Stripe')
    cd /Users/xinyufang/Documents/Buzz/Buzz.xcodeproj
    

SwiftCompile normal arm64 /Users/xinyufang/Library/Developer/Xcode/DerivedData/Buzz-faillbpsmponqzeruhhvskovixzk/SourcePackages/checkouts/stripe-ios-spm/StripePaymentSheet/StripePaymentSheet/Source/PaymentSheet/PaymentSheetFormFactory/PaymentSheetFormFactory+BLIK.swift (in target 'StripePaymentSheet' from project 'Stripe')
    cd /Users/xinyufang/Documents/Buzz/Buzz.xcodeproj
    

SwiftCompile normal arm64 /Users/xinyufang/Library/Developer/Xcode/DerivedData/Buzz-faillbpsmponqzeruhhvskovixzk/SourcePackages/checkouts/stripe-ios-spm/StripePaymentSheet/StripePaymentSheet/Source/PaymentSheet/PaymentSheetFormFactory/PaymentSheetFormFactory+Boleto.swift (in target 'StripePaymentSheet' from project 'Stripe')
    cd /Users/xinyufang/Documents/Buzz/Buzz.xcodeproj
    

SwiftCompile normal arm64 /Users/xinyufang/Library/Developer/Xcode/DerivedData/Buzz-faillbpsmponqzeruhhvskovixzk/SourcePackages/checkouts/stripe-ios-spm/StripePaymentSheet/StripePaymentSheet/Source/PaymentSheet/PaymentSheetFormFactory/PaymentSheetFormFactory+Card.swift (in target 'StripePaymentSheet' from project 'Stripe')
    cd /Users/xinyufang/Documents/Buzz/Buzz.xcodeproj
    

SwiftCompile normal arm64 /Users/xinyufang/Library/Developer/Xcode/DerivedData/Buzz-faillbpsmponqzeruhhvskovixzk/SourcePackages/checkouts/stripe-ios-spm/StripePaymentSheet/StripePaymentSheet/Source/PaymentSheet/PaymentSheetFormFactory/PaymentSheetFormFactory+FormSpec.swift (in target 'StripePaymentSheet' from project 'Stripe')
    cd /Users/xinyufang/Documents/Buzz/Buzz.xcodeproj
    

SwiftCompile normal arm64 /Users/xinyufang/Library/Developer/Xcode/DerivedData/Buzz-faillbpsmponqzeruhhvskovixzk/SourcePackages/checkouts/stripe-ios-spm/StripePaymentSheet/StripePaymentSheet/Source/PaymentSheet/PaymentSheetFormFactory/PaymentSheetFormFactory+Mandates.swift (in target 'StripePaymentSheet' from project 'Stripe')
    cd /Users/xinyufang/Documents/Buzz/Buzz.xcodeproj
    

SwiftCompile normal arm64 /Users/xinyufang/Library/Developer/Xcode/DerivedData/Buzz-faillbpsmponqzeruhhvskovixzk/SourcePackages/checkouts/stripe-ios-spm/StripePaymentSheet/StripePaymentSheet/Source/PaymentSheet/PaymentSheetFormFactory/PaymentSheetFormFactory+OXXO.swift (in target 'StripePaymentSheet' from project 'Stripe')
    cd /Users/xinyufang/Documents/Buzz/Buzz.xcodeproj
    

SwiftCompile normal arm64 /Users/xinyufang/Library/Developer/Xcode/DerivedData/Buzz-faillbpsmponqzeruhhvskovixzk/SourcePackages/checkouts/stripe-ios-spm/StripePaymentSheet/StripePaymentSheet/Source/PaymentSheet/PaymentSheetFormFactory/PaymentSheetFormFactory+UPI.swift (in target 'StripePaymentSheet' from project 'Stripe')
    cd /Users/xinyufang/Documents/Buzz/Buzz.xcodeproj
    

SwiftCompile normal arm64 /Users/xinyufang/Library/Developer/Xcode/DerivedData/Buzz-faillbpsmponqzeruhhvskovixzk/SourcePackages/checkouts/stripe-ios-spm/StripePaymentSheet/StripePaymentSheet/Source/PaymentSheet/PaymentSheetFormFactory/PaymentSheetFormFactory.swift (in target 'StripePaymentSheet' from project 'Stripe')
    cd /Users/xinyufang/Documents/Buzz/Buzz.xcodeproj
    

SwiftCompile normal arm64 /Users/xinyufang/Library/Developer/Xcode/DerivedData/Buzz-faillbpsmponqzeruhhvskovixzk/SourcePackages/checkouts/stripe-ios-spm/StripePaymentSheet/StripePaymentSheet/Source/PaymentSheet/PaymentSheetFormFactory/PaymentSheetFormFactoryConfig.swift (in target 'StripePaymentSheet' from project 'Stripe')
    cd /Users/xinyufang/Documents/Buzz/Buzz.xcodeproj
    

SwiftDriverJobDiscovery normal arm64 Compiling resource_bundle_accessor.swift, AccountManagementViewController.swift, AccountOnboardingController.swift, CheckScanningController.swift, ComponentType.swift, NotificationBannerViewController.swift, PaymentDetailsViewController.swift, PaymentsViewController.swift, PayoutsViewController.swift, CustomFontSource.swift, EmbeddedComponentManager+Appearance.swift, EmbeddedComponentManager.swift (in target 'StripeConnect' from project 'Stripe')

SwiftCompile normal arm64 Compiling\ CardScanningView.swift,\ CircularButton.swift,\ ConfirmButton.swift,\ ManualEntryButton.swift,\ PayWithLinkButton.swift,\ PaymentMethodTypeImageView.swift,\ PaymentSheetUIKitAdditions.swift,\ PromoBadgeView.swift,\ RemoveButton.swift,\ RotatingCardBrandsView.swift,\ ShadowedRoundedRectangleView.swift,\ SheetNavigationBar.swift,\ SheetNavigationButton.swift,\ SimpleMandateTextView.swift,\ TestModeView.swift,\ LinkButton.swift,\ LinkButtonViewModel.swift,\ LinkInlineVerificationView.swift,\ LinkInlineVerificationViewModel.swift,\ LinkPaymentMethodPreview.swift,\ LinkProgressIndicatorView.swift,\ ShopPayButton.swift,\ WalletButtonsView.swift,\ GeneratedAssetSymbols.swift /Users/xinyufang/Library/Developer/Xcode/DerivedData/Buzz-faillbpsmponqzeruhhvskovixzk/SourcePackages/checkouts/stripe-ios-spm/StripePaymentSheet/StripePaymentSheet/Source/PaymentSheet/Views/CardScanningView.swift /Users/xinyufang/Library/Developer/Xcode/DerivedData/Buzz-faillbpsmponqzeruhhvskovixzk/SourcePackages/checkouts/stripe-ios-spm/StripePaymentSheet/StripePaymentSheet/Source/PaymentSheet/Views/CircularButton.swift /Users/xinyufang/Library/Developer/Xcode/DerivedData/Buzz-faillbpsmponqzeruhhvskovixzk/SourcePackages/checkouts/stripe-ios-spm/StripePaymentSheet/StripePaymentSheet/Source/PaymentSheet/Views/ConfirmButton.swift /Users/xinyufang/Library/Developer/Xcode/DerivedData/Buzz-faillbpsmponqzeruhhvskovixzk/SourcePackages/checkouts/stripe-ios-spm/StripePaymentSheet/StripePaymentSheet/Source/PaymentSheet/Views/ManualEntryButton.swift /Users/xinyufang/Library/Developer/Xcode/DerivedData/Buzz-faillbpsmponqzeruhhvskovixzk/SourcePackages/checkouts/stripe-ios-spm/StripePaymentSheet/StripePaymentSheet/Source/PaymentSheet/Views/PayWithLinkButton.swift /Users/xinyufang/Library/Developer/Xcode/DerivedData/Buzz-faillbpsmponqzeruhhvskovixzk/SourcePackages/checkouts/stripe-ios-spm/StripePaymentSheet/StripePaymentSheet/Source/PaymentSheet/Views/PaymentMethodTypeImageView.swift /Users/xinyufang/Library/Developer/Xcode/DerivedData/Buzz-faillbpsmponqzeruhhvskovixzk/SourcePackages/checkouts/stripe-ios-spm/StripePaymentSheet/StripePaymentSheet/Source/PaymentSheet/Views/PaymentSheetUIKitAdditions.swift /Users/xinyufang/Library/Developer/Xcode/DerivedData/Buzz-faillbpsmponqzeruhhvskovixzk/SourcePackages/checkouts/stripe-ios-spm/StripePaymentSheet/StripePaymentSheet/Source/PaymentSheet/Views/PromoBadgeView.swift /Users/xinyufang/Library/Developer/Xcode/DerivedData/Buzz-faillbpsmponqzeruhhvskovixzk/SourcePackages/checkouts/stripe-ios-spm/StripePaymentSheet/StripePaymentSheet/Source/PaymentSheet/Views/RemoveButton.swift /Users/xinyufang/Library/Developer/Xcode/DerivedData/Buzz-faillbpsmponqzeruhhvskovixzk/SourcePackages/checkouts/stripe-ios-spm/StripePaymentSheet/StripePaymentSheet/Source/PaymentSheet/Views/RotatingCardBrandsView.swift /Users/xinyufang/Library/Developer/Xcode/DerivedData/Buzz-faillbpsmponqzeruhhvskovixzk/SourcePackages/checkouts/stripe-ios-spm/StripePaymentSheet/StripePaymentSheet/Source/PaymentSheet/Views/ShadowedRoundedRectangleView.swift /Users/xinyufang/Library/Developer/Xcode/DerivedData/Buzz-faillbpsmponqzeruhhvskovixzk/SourcePackages/checkouts/stripe-ios-spm/StripePaymentSheet/StripePaymentSheet/Source/PaymentSheet/Views/SheetNavigationBar.swift /Users/xinyufang/Library/Developer/Xcode/DerivedData/Buzz-faillbpsmponqzeruhhvskovixzk/SourcePackages/checkouts/stripe-ios-spm/StripePaymentSheet/StripePaymentSheet/Source/PaymentSheet/Views/SheetNavigationButton.swift /Users/xinyufang/Library/Developer/Xcode/DerivedData/Buzz-faillbpsmponqzeruhhvskovixzk/SourcePackages/checkouts/stripe-ios-spm/StripePaymentSheet/StripePaymentSheet/Source/PaymentSheet/Views/SimpleMandateTextView.swift /Users/xinyufang/Library/Developer/Xcode/DerivedData/Buzz-faillbpsmponqzeruhhvskovixzk/SourcePackages/checkouts/stripe-ios-spm/StripePaymentSheet/StripePaymentSheet/Source/PaymentSheet/Views/TestModeView.swift /Users/xinyufang/Library/Developer/Xcode/DerivedData/Buzz-faillbpsmponqzeruhhvskovixzk/SourcePackages/checkouts/stripe-ios-spm/StripePaymentSheet/StripePaymentSheet/Source/PaymentSheet/WalletButtonsView/LinkButton.swift /Users/xinyufang/Library/Developer/Xcode/DerivedData/Buzz-faillbpsmponqzeruhhvskovixzk/SourcePackages/checkouts/stripe-ios-spm/StripePaymentSheet/StripePaymentSheet/Source/PaymentSheet/WalletButtonsView/LinkButtonViewModel.swift /Users/xinyufang/Library/Developer/Xcode/DerivedData/Buzz-faillbpsmponqzeruhhvskovixzk/SourcePackages/checkouts/stripe-ios-spm/StripePaymentSheet/StripePaymentSheet/Source/PaymentSheet/WalletButtonsView/LinkInlineVerificationView.swift /Users/xinyufang/Library/Developer/Xcode/DerivedData/Buzz-faillbpsmponqzeruhhvskovixzk/SourcePackages/checkouts/stripe-ios-spm/StripePaymentSheet/StripePaymentSheet/Source/PaymentSheet/WalletButtonsView/LinkInlineVerificationViewModel.swift /Users/xinyufang/Library/Developer/Xcode/DerivedData/Buzz-faillbpsmponqzeruhhvskovixzk/SourcePackages/checkouts/stripe-ios-spm/StripePaymentSheet/StripePaymentSheet/Source/PaymentSheet/WalletButtonsView/LinkPaymentMethodPreview.swift /Users/xinyufang/Library/Developer/Xcode/DerivedData/Buzz-faillbpsmponqzeruhhvskovixzk/SourcePackages/checkouts/stripe-ios-spm/StripePaymentSheet/StripePaymentSheet/Source/PaymentSheet/WalletButtonsView/LinkProgressIndicatorView.swift /Users/xinyufang/Library/Developer/Xcode/DerivedData/Buzz-faillbpsmponqzeruhhvskovixzk/SourcePackages/checkouts/stripe-ios-spm/StripePaymentSheet/StripePaymentSheet/Source/PaymentSheet/WalletButtonsView/ShopPayButton.swift /Users/xinyufang/Library/Developer/Xcode/DerivedData/Buzz-faillbpsmponqzeruhhvskovixzk/SourcePackages/checkouts/stripe-ios-spm/StripePaymentSheet/StripePaymentSheet/Source/PaymentSheet/WalletButtonsView/WalletButtonsView.swift /Users/xinyufang/Library/Developer/Xcode/DerivedData/Buzz-faillbpsmponqzeruhhvskovixzk/Build/Intermediates.noindex/Stripe.build/Debug-iphonesimulator/StripePaymentSheet.build/DerivedSources/GeneratedAssetSymbols.swift (in target 'StripePaymentSheet' from project 'Stripe')

SwiftCompile normal arm64 /Users/xinyufang/Library/Developer/Xcode/DerivedData/Buzz-faillbpsmponqzeruhhvskovixzk/SourcePackages/checkouts/stripe-ios-spm/StripePaymentSheet/StripePaymentSheet/Source/PaymentSheet/Views/CardScanningView.swift (in target 'StripePaymentSheet' from project 'Stripe')
    cd /Users/xinyufang/Documents/Buzz/Buzz.xcodeproj
    

SwiftCompile normal arm64 /Users/xinyufang/Library/Developer/Xcode/DerivedData/Buzz-faillbpsmponqzeruhhvskovixzk/SourcePackages/checkouts/stripe-ios-spm/StripePaymentSheet/StripePaymentSheet/Source/PaymentSheet/Views/CircularButton.swift (in target 'StripePaymentSheet' from project 'Stripe')
    cd /Users/xinyufang/Documents/Buzz/Buzz.xcodeproj
    

SwiftCompile normal arm64 /Users/xinyufang/Library/Developer/Xcode/DerivedData/Buzz-faillbpsmponqzeruhhvskovixzk/SourcePackages/checkouts/stripe-ios-spm/StripePaymentSheet/StripePaymentSheet/Source/PaymentSheet/Views/ConfirmButton.swift (in target 'StripePaymentSheet' from project 'Stripe')
    cd /Users/xinyufang/Documents/Buzz/Buzz.xcodeproj
    

SwiftCompile normal arm64 /Users/xinyufang/Library/Developer/Xcode/DerivedData/Buzz-faillbpsmponqzeruhhvskovixzk/SourcePackages/checkouts/stripe-ios-spm/StripePaymentSheet/StripePaymentSheet/Source/PaymentSheet/Views/ManualEntryButton.swift (in target 'StripePaymentSheet' from project 'Stripe')
    cd /Users/xinyufang/Documents/Buzz/Buzz.xcodeproj
    

SwiftCompile normal arm64 /Users/xinyufang/Library/Developer/Xcode/DerivedData/Buzz-faillbpsmponqzeruhhvskovixzk/SourcePackages/checkouts/stripe-ios-spm/StripePaymentSheet/StripePaymentSheet/Source/PaymentSheet/Views/PayWithLinkButton.swift (in target 'StripePaymentSheet' from project 'Stripe')
    cd /Users/xinyufang/Documents/Buzz/Buzz.xcodeproj
    

SwiftCompile normal arm64 /Users/xinyufang/Library/Developer/Xcode/DerivedData/Buzz-faillbpsmponqzeruhhvskovixzk/SourcePackages/checkouts/stripe-ios-spm/StripePaymentSheet/StripePaymentSheet/Source/PaymentSheet/Views/PaymentMethodTypeImageView.swift (in target 'StripePaymentSheet' from project 'Stripe')
    cd /Users/xinyufang/Documents/Buzz/Buzz.xcodeproj
    

SwiftCompile normal arm64 /Users/xinyufang/Library/Developer/Xcode/DerivedData/Buzz-faillbpsmponqzeruhhvskovixzk/SourcePackages/checkouts/stripe-ios-spm/StripePaymentSheet/StripePaymentSheet/Source/PaymentSheet/Views/PaymentSheetUIKitAdditions.swift (in target 'StripePaymentSheet' from project 'Stripe')
    cd /Users/xinyufang/Documents/Buzz/Buzz.xcodeproj
    

SwiftCompile normal arm64 /Users/xinyufang/Library/Developer/Xcode/DerivedData/Buzz-faillbpsmponqzeruhhvskovixzk/SourcePackages/checkouts/stripe-ios-spm/StripePaymentSheet/StripePaymentSheet/Source/PaymentSheet/Views/PromoBadgeView.swift (in target 'StripePaymentSheet' from project 'Stripe')
    cd /Users/xinyufang/Documents/Buzz/Buzz.xcodeproj
    

SwiftCompile normal arm64 /Users/xinyufang/Library/Developer/Xcode/DerivedData/Buzz-faillbpsmponqzeruhhvskovixzk/SourcePackages/checkouts/stripe-ios-spm/StripePaymentSheet/StripePaymentSheet/Source/PaymentSheet/Views/RemoveButton.swift (in target 'StripePaymentSheet' from project 'Stripe')
    cd /Users/xinyufang/Documents/Buzz/Buzz.xcodeproj
    

SwiftCompile normal arm64 /Users/xinyufang/Library/Developer/Xcode/DerivedData/Buzz-faillbpsmponqzeruhhvskovixzk/SourcePackages/checkouts/stripe-ios-spm/StripePaymentSheet/StripePaymentSheet/Source/PaymentSheet/Views/RotatingCardBrandsView.swift (in target 'StripePaymentSheet' from project 'Stripe')
    cd /Users/xinyufang/Documents/Buzz/Buzz.xcodeproj
    

SwiftCompile normal arm64 /Users/xinyufang/Library/Developer/Xcode/DerivedData/Buzz-faillbpsmponqzeruhhvskovixzk/SourcePackages/checkouts/stripe-ios-spm/StripePaymentSheet/StripePaymentSheet/Source/PaymentSheet/Views/ShadowedRoundedRectangleView.swift (in target 'StripePaymentSheet' from project 'Stripe')
    cd /Users/xinyufang/Documents/Buzz/Buzz.xcodeproj
    

SwiftCompile normal arm64 /Users/xinyufang/Library/Developer/Xcode/DerivedData/Buzz-faillbpsmponqzeruhhvskovixzk/SourcePackages/checkouts/stripe-ios-spm/StripePaymentSheet/StripePaymentSheet/Source/PaymentSheet/Views/SheetNavigationBar.swift (in target 'StripePaymentSheet' from project 'Stripe')
    cd /Users/xinyufang/Documents/Buzz/Buzz.xcodeproj
    

SwiftCompile normal arm64 /Users/xinyufang/Library/Developer/Xcode/DerivedData/Buzz-faillbpsmponqzeruhhvskovixzk/SourcePackages/checkouts/stripe-ios-spm/StripePaymentSheet/StripePaymentSheet/Source/PaymentSheet/Views/SheetNavigationButton.swift (in target 'StripePaymentSheet' from project 'Stripe')
    cd /Users/xinyufang/Documents/Buzz/Buzz.xcodeproj
    

SwiftCompile normal arm64 /Users/xinyufang/Library/Developer/Xcode/DerivedData/Buzz-faillbpsmponqzeruhhvskovixzk/SourcePackages/checkouts/stripe-ios-spm/StripePaymentSheet/StripePaymentSheet/Source/PaymentSheet/Views/SimpleMandateTextView.swift (in target 'StripePaymentSheet' from project 'Stripe')
    cd /Users/xinyufang/Documents/Buzz/Buzz.xcodeproj
    

SwiftCompile normal arm64 /Users/xinyufang/Library/Developer/Xcode/DerivedData/Buzz-faillbpsmponqzeruhhvskovixzk/SourcePackages/checkouts/stripe-ios-spm/StripePaymentSheet/StripePaymentSheet/Source/PaymentSheet/Views/TestModeView.swift (in target 'StripePaymentSheet' from project 'Stripe')
    cd /Users/xinyufang/Documents/Buzz/Buzz.xcodeproj
    

SwiftCompile normal arm64 /Users/xinyufang/Library/Developer/Xcode/DerivedData/Buzz-faillbpsmponqzeruhhvskovixzk/SourcePackages/checkouts/stripe-ios-spm/StripePaymentSheet/StripePaymentSheet/Source/PaymentSheet/WalletButtonsView/LinkButton.swift (in target 'StripePaymentSheet' from project 'Stripe')
    cd /Users/xinyufang/Documents/Buzz/Buzz.xcodeproj
    

SwiftCompile normal arm64 /Users/xinyufang/Library/Developer/Xcode/DerivedData/Buzz-faillbpsmponqzeruhhvskovixzk/SourcePackages/checkouts/stripe-ios-spm/StripePaymentSheet/StripePaymentSheet/Source/PaymentSheet/WalletButtonsView/LinkButtonViewModel.swift (in target 'StripePaymentSheet' from project 'Stripe')
    cd /Users/xinyufang/Documents/Buzz/Buzz.xcodeproj
    

SwiftCompile normal arm64 /Users/xinyufang/Library/Developer/Xcode/DerivedData/Buzz-faillbpsmponqzeruhhvskovixzk/SourcePackages/checkouts/stripe-ios-spm/StripePaymentSheet/StripePaymentSheet/Source/PaymentSheet/WalletButtonsView/LinkInlineVerificationView.swift (in target 'StripePaymentSheet' from project 'Stripe')
    cd /Users/xinyufang/Documents/Buzz/Buzz.xcodeproj
    

SwiftCompile normal arm64 /Users/xinyufang/Library/Developer/Xcode/DerivedData/Buzz-faillbpsmponqzeruhhvskovixzk/SourcePackages/checkouts/stripe-ios-spm/StripePaymentSheet/StripePaymentSheet/Source/PaymentSheet/WalletButtonsView/LinkInlineVerificationViewModel.swift (in target 'StripePaymentSheet' from project 'Stripe')
    cd /Users/xinyufang/Documents/Buzz/Buzz.xcodeproj
    

SwiftCompile normal arm64 /Users/xinyufang/Library/Developer/Xcode/DerivedData/Buzz-faillbpsmponqzeruhhvskovixzk/SourcePackages/checkouts/stripe-ios-spm/StripePaymentSheet/StripePaymentSheet/Source/PaymentSheet/WalletButtonsView/LinkPaymentMethodPreview.swift (in target 'StripePaymentSheet' from project 'Stripe')
    cd /Users/xinyufang/Documents/Buzz/Buzz.xcodeproj
    

SwiftCompile normal arm64 /Users/xinyufang/Library/Developer/Xcode/DerivedData/Buzz-faillbpsmponqzeruhhvskovixzk/SourcePackages/checkouts/stripe-ios-spm/StripePaymentSheet/StripePaymentSheet/Source/PaymentSheet/WalletButtonsView/LinkProgressIndicatorView.swift (in target 'StripePaymentSheet' from project 'Stripe')
    cd /Users/xinyufang/Documents/Buzz/Buzz.xcodeproj
    

SwiftCompile normal arm64 /Users/xinyufang/Library/Developer/Xcode/DerivedData/Buzz-faillbpsmponqzeruhhvskovixzk/SourcePackages/checkouts/stripe-ios-spm/StripePaymentSheet/StripePaymentSheet/Source/PaymentSheet/WalletButtonsView/ShopPayButton.swift (in target 'StripePaymentSheet' from project 'Stripe')
    cd /Users/xinyufang/Documents/Buzz/Buzz.xcodeproj
    

SwiftCompile normal arm64 /Users/xinyufang/Library/Developer/Xcode/DerivedData/Buzz-faillbpsmponqzeruhhvskovixzk/SourcePackages/checkouts/stripe-ios-spm/StripePaymentSheet/StripePaymentSheet/Source/PaymentSheet/WalletButtonsView/WalletButtonsView.swift (in target 'StripePaymentSheet' from project 'Stripe')
    cd /Users/xinyufang/Documents/Buzz/Buzz.xcodeproj
    

SwiftCompile normal arm64 /Users/xinyufang/Library/Developer/Xcode/DerivedData/Buzz-faillbpsmponqzeruhhvskovixzk/Build/Intermediates.noindex/Stripe.build/Debug-iphonesimulator/StripePaymentSheet.build/DerivedSources/GeneratedAssetSymbols.swift (in target 'StripePaymentSheet' from project 'Stripe')
    cd /Users/xinyufang/Documents/Buzz/Buzz.xcodeproj
    

SwiftDriverJobDiscovery normal arm64 Compiling WKScriptMessage+extension.swift, FinancialConnectionsPresenter.swift, StripeConnectConstants.swift, ActivityViewControllerWithoutPopover.swift, AppearanceWrapper.swift, ApplicationURLOpener.swift, ConnectComponentWebViewController.swift, ConnectWebViewController.swift, CustomFontSourceWrapper.swift, HTTPStatusError.swift, AccountSessionClaimedMessageHandler.swift (in target 'StripeConnect' from project 'Stripe')

SwiftCompile normal arm64 Compiling\ LinkBillingDetailsValidator.swift,\ LinkConfirmationExtras.swift,\ LinkPopupURLParser.swift,\ LinkURLGenerator.swift,\ OperationDebouncer.swift,\ LinkAccountContext.swift,\ LinkUtils.swift,\ LinkVerificationController.swift,\ LinkVerificationView-Header.swift,\ LinkVerificationView-LogoutView.swift,\ LinkVerificationView.swift,\ LinkVerificationViewController-PresentationController.swift,\ LinkVerificationViewController.swift,\ LinkVerificationWebFallbackController.swift,\ LinkConsentViewModel.swift,\ LinkInlineSignupViewModel.swift,\ LinkLegalTermsView.swift,\ LinkMandateView.swift,\ LinkMoreInfoView.swift,\ LinkSeparatorView.swift,\ AddressViewController+Configuration.swift,\ AddressViewController+SwiftUI.swift,\ AddressViewController.swift,\ BottomSheetPresentable.swift /Users/xinyufang/Library/Developer/Xcode/DerivedData/Buzz-faillbpsmponqzeruhhvskovixzk/SourcePackages/checkouts/stripe-ios-spm/StripePaymentSheet/StripePaymentSheet/Source/Internal/Link/Utils/LinkBillingDetailsValidator.swift /Users/xinyufang/Library/Developer/Xcode/DerivedData/Buzz-faillbpsmponqzeruhhvskovixzk/SourcePackages/checkouts/stripe-ios-spm/StripePaymentSheet/StripePaymentSheet/Source/Internal/Link/Utils/LinkConfirmationExtras.swift /Users/xinyufang/Library/Developer/Xcode/DerivedData/Buzz-faillbpsmponqzeruhhvskovixzk/SourcePackages/checkouts/stripe-ios-spm/StripePaymentSheet/StripePaymentSheet/Source/Internal/Link/Utils/LinkPopupURLParser.swift /Users/xinyufang/Library/Developer/Xcode/DerivedData/Buzz-faillbpsmponqzeruhhvskovixzk/SourcePackages/checkouts/stripe-ios-spm/StripePaymentSheet/StripePaymentSheet/Source/Internal/Link/Utils/LinkURLGenerator.swift /Users/xinyufang/Library/Developer/Xcode/DerivedData/Buzz-faillbpsmponqzeruhhvskovixzk/SourcePackages/checkouts/stripe-ios-spm/StripePaymentSheet/StripePaymentSheet/Source/Internal/Link/Utils/OperationDebouncer.swift /Users/xinyufang/Library/Developer/Xcode/DerivedData/Buzz-faillbpsmponqzeruhhvskovixzk/SourcePackages/checkouts/stripe-ios-spm/StripePaymentSheet/StripePaymentSheet/Source/Internal/Link/Verification/LinkAccountContext.swift /Users/xinyufang/Library/Developer/Xcode/DerivedData/Buzz-faillbpsmponqzeruhhvskovixzk/SourcePackages/checkouts/stripe-ios-spm/StripePaymentSheet/StripePaymentSheet/Source/Internal/Link/Verification/LinkUtils.swift /Users/xinyufang/Library/Developer/Xcode/DerivedData/Buzz-faillbpsmponqzeruhhvskovixzk/SourcePackages/checkouts/stripe-ios-spm/StripePaymentSheet/StripePaymentSheet/Source/Internal/Link/Verification/LinkVerificationController.swift /Users/xinyufang/Library/Developer/Xcode/DerivedData/Buzz-faillbpsmponqzeruhhvskovixzk/SourcePackages/checkouts/stripe-ios-spm/StripePaymentSheet/StripePaymentSheet/Source/Internal/Link/Verification/LinkVerificationView-Header.swift /Users/xinyufang/Library/Developer/Xcode/DerivedData/Buzz-faillbpsmponqzeruhhvskovixzk/SourcePackages/checkouts/stripe-ios-spm/StripePaymentSheet/StripePaymentSheet/Source/Internal/Link/Verification/LinkVerificationView-LogoutView.swift /Users/xinyufang/Library/Developer/Xcode/DerivedData/Buzz-faillbpsmponqzeruhhvskovixzk/SourcePackages/checkouts/stripe-ios-spm/StripePaymentSheet/StripePaymentSheet/Source/Internal/Link/Verification/LinkVerificationView.swift /Users/xinyufang/Library/Developer/Xcode/DerivedData/Buzz-faillbpsmponqzeruhhvskovixzk/SourcePackages/checkouts/stripe-ios-spm/StripePaymentSheet/StripePaymentSheet/Source/Internal/Link/Verification/LinkVerificationViewController-PresentationController.swift /Users/xinyufang/Library/Developer/Xcode/DerivedData/Buzz-faillbpsmponqzeruhhvskovixzk/SourcePackages/checkouts/stripe-ios-spm/StripePaymentSheet/StripePaymentSheet/Source/Internal/Link/Verification/LinkVerificationViewController.swift /Users/xinyufang/Library/Developer/Xcode/DerivedData/Buzz-faillbpsmponqzeruhhvskovixzk/SourcePackages/checkouts/stripe-ios-spm/StripePaymentSheet/StripePaymentSheet/Source/Internal/Link/Verification/LinkVerificationWebFallbackController.swift /Users/xinyufang/Library/Developer/Xcode/DerivedData/Buzz-faillbpsmponqzeruhhvskovixzk/SourcePackages/checkouts/stripe-ios-spm/StripePaymentSheet/StripePaymentSheet/Source/Internal/Link/ViewModels/LinkConsentViewModel.swift /Users/xinyufang/Library/Developer/Xcode/DerivedData/Buzz-faillbpsmponqzeruhhvskovixzk/SourcePackages/checkouts/stripe-ios-spm/StripePaymentSheet/StripePaymentSheet/Source/Internal/Link/ViewModels/LinkInlineSignupViewModel.swift /Users/xinyufang/Library/Developer/Xcode/DerivedData/Buzz-faillbpsmponqzeruhhvskovixzk/SourcePackages/checkouts/stripe-ios-spm/StripePaymentSheet/StripePaymentSheet/Source/Internal/Link/Views/LinkLegalTermsView.swift /Users/xinyufang/Library/Developer/Xcode/DerivedData/Buzz-faillbpsmponqzeruhhvskovixzk/SourcePackages/checkouts/stripe-ios-spm/StripePaymentSheet/StripePaymentSheet/Source/Internal/Link/Views/LinkMandateView.swift /Users/xinyufang/Library/Developer/Xcode/DerivedData/Buzz-faillbpsmponqzeruhhvskovixzk/SourcePackages/checkouts/stripe-ios-spm/StripePaymentSheet/StripePaymentSheet/Source/Internal/Link/Views/LinkMoreInfoView.swift /Users/xinyufang/Library/Developer/Xcode/DerivedData/Buzz-faillbpsmponqzeruhhvskovixzk/SourcePackages/checkouts/stripe-ios-spm/StripePaymentSheet/StripePaymentSheet/Source/Internal/Link/Views/LinkSeparatorView.swift /Users/xinyufang/Library/Developer/Xcode/DerivedData/Buzz-faillbpsmponqzeruhhvskovixzk/SourcePackages/checkouts/stripe-ios-spm/StripePaymentSheet/StripePaymentSheet/Source/PaymentSheet/AddressViewController/AddressViewController+Configuration.swift /Users/xinyufang/Library/Developer/Xcode/DerivedData/Buzz-faillbpsmponqzeruhhvskovixzk/SourcePackages/checkouts/stripe-ios-spm/StripePaymentSheet/StripePaymentSheet/Source/PaymentSheet/AddressViewController/AddressViewController+SwiftUI.swift /Users/xinyufang/Library/Developer/Xcode/DerivedData/Buzz-faillbpsmponqzeruhhvskovixzk/SourcePackages/checkouts/stripe-ios-spm/StripePaymentSheet/StripePaymentSheet/Source/PaymentSheet/AddressViewController/AddressViewController.swift /Users/xinyufang/Library/Developer/Xcode/DerivedData/Buzz-faillbpsmponqzeruhhvskovixzk/SourcePackages/checkouts/stripe-ios-spm/StripePaymentSheet/StripePaymentSheet/Source/PaymentSheet/BottomSheet/BottomSheetPresentable.swift (in target 'StripePaymentSheet' from project 'Stripe')

SwiftCompile normal arm64 /Users/xinyufang/Library/Developer/Xcode/DerivedData/Buzz-faillbpsmponqzeruhhvskovixzk/SourcePackages/checkouts/stripe-ios-spm/StripePaymentSheet/StripePaymentSheet/Source/Internal/Link/Utils/LinkBillingDetailsValidator.swift (in target 'StripePaymentSheet' from project 'Stripe')
    cd /Users/xinyufang/Documents/Buzz/Buzz.xcodeproj
    

SwiftCompile normal arm64 /Users/xinyufang/Library/Developer/Xcode/DerivedData/Buzz-faillbpsmponqzeruhhvskovixzk/SourcePackages/checkouts/stripe-ios-spm/StripePaymentSheet/StripePaymentSheet/Source/Internal/Link/Utils/LinkConfirmationExtras.swift (in target 'StripePaymentSheet' from project 'Stripe')
    cd /Users/xinyufang/Documents/Buzz/Buzz.xcodeproj
    

SwiftCompile normal arm64 /Users/xinyufang/Library/Developer/Xcode/DerivedData/Buzz-faillbpsmponqzeruhhvskovixzk/SourcePackages/checkouts/stripe-ios-spm/StripePaymentSheet/StripePaymentSheet/Source/Internal/Link/Utils/LinkPopupURLParser.swift (in target 'StripePaymentSheet' from project 'Stripe')
    cd /Users/xinyufang/Documents/Buzz/Buzz.xcodeproj
    

SwiftCompile normal arm64 /Users/xinyufang/Library/Developer/Xcode/DerivedData/Buzz-faillbpsmponqzeruhhvskovixzk/SourcePackages/checkouts/stripe-ios-spm/StripePaymentSheet/StripePaymentSheet/Source/Internal/Link/Utils/LinkURLGenerator.swift (in target 'StripePaymentSheet' from project 'Stripe')
    cd /Users/xinyufang/Documents/Buzz/Buzz.xcodeproj
    

SwiftCompile normal arm64 /Users/xinyufang/Library/Developer/Xcode/DerivedData/Buzz-faillbpsmponqzeruhhvskovixzk/SourcePackages/checkouts/stripe-ios-spm/StripePaymentSheet/StripePaymentSheet/Source/Internal/Link/Utils/OperationDebouncer.swift (in target 'StripePaymentSheet' from project 'Stripe')
    cd /Users/xinyufang/Documents/Buzz/Buzz.xcodeproj
    

SwiftCompile normal arm64 /Users/xinyufang/Library/Developer/Xcode/DerivedData/Buzz-faillbpsmponqzeruhhvskovixzk/SourcePackages/checkouts/stripe-ios-spm/StripePaymentSheet/StripePaymentSheet/Source/Internal/Link/Verification/LinkAccountContext.swift (in target 'StripePaymentSheet' from project 'Stripe')
    cd /Users/xinyufang/Documents/Buzz/Buzz.xcodeproj
    

SwiftCompile normal arm64 /Users/xinyufang/Library/Developer/Xcode/DerivedData/Buzz-faillbpsmponqzeruhhvskovixzk/SourcePackages/checkouts/stripe-ios-spm/StripePaymentSheet/StripePaymentSheet/Source/Internal/Link/Verification/LinkUtils.swift (in target 'StripePaymentSheet' from project 'Stripe')
    cd /Users/xinyufang/Documents/Buzz/Buzz.xcodeproj
    

SwiftCompile normal arm64 /Users/xinyufang/Library/Developer/Xcode/DerivedData/Buzz-faillbpsmponqzeruhhvskovixzk/SourcePackages/checkouts/stripe-ios-spm/StripePaymentSheet/StripePaymentSheet/Source/Internal/Link/Verification/LinkVerificationController.swift (in target 'StripePaymentSheet' from project 'Stripe')
    cd /Users/xinyufang/Documents/Buzz/Buzz.xcodeproj
    

SwiftCompile normal arm64 /Users/xinyufang/Library/Developer/Xcode/DerivedData/Buzz-faillbpsmponqzeruhhvskovixzk/SourcePackages/checkouts/stripe-ios-spm/StripePaymentSheet/StripePaymentSheet/Source/Internal/Link/Verification/LinkVerificationView-Header.swift (in target 'StripePaymentSheet' from project 'Stripe')
    cd /Users/xinyufang/Documents/Buzz/Buzz.xcodeproj
    

SwiftCompile normal arm64 /Users/xinyufang/Library/Developer/Xcode/DerivedData/Buzz-faillbpsmponqzeruhhvskovixzk/SourcePackages/checkouts/stripe-ios-spm/StripePaymentSheet/StripePaymentSheet/Source/Internal/Link/Verification/LinkVerificationView-LogoutView.swift (in target 'StripePaymentSheet' from project 'Stripe')
    cd /Users/xinyufang/Documents/Buzz/Buzz.xcodeproj
    

SwiftCompile normal arm64 /Users/xinyufang/Library/Developer/Xcode/DerivedData/Buzz-faillbpsmponqzeruhhvskovixzk/SourcePackages/checkouts/stripe-ios-spm/StripePaymentSheet/StripePaymentSheet/Source/Internal/Link/Verification/LinkVerificationView.swift (in target 'StripePaymentSheet' from project 'Stripe')
    cd /Users/xinyufang/Documents/Buzz/Buzz.xcodeproj
    

SwiftCompile normal arm64 /Users/xinyufang/Library/Developer/Xcode/DerivedData/Buzz-faillbpsmponqzeruhhvskovixzk/SourcePackages/checkouts/stripe-ios-spm/StripePaymentSheet/StripePaymentSheet/Source/Internal/Link/Verification/LinkVerificationViewController-PresentationController.swift (in target 'StripePaymentSheet' from project 'Stripe')
    cd /Users/xinyufang/Documents/Buzz/Buzz.xcodeproj
    

SwiftCompile normal arm64 /Users/xinyufang/Library/Developer/Xcode/DerivedData/Buzz-faillbpsmponqzeruhhvskovixzk/SourcePackages/checkouts/stripe-ios-spm/StripePaymentSheet/StripePaymentSheet/Source/Internal/Link/Verification/LinkVerificationViewController.swift (in target 'StripePaymentSheet' from project 'Stripe')
    cd /Users/xinyufang/Documents/Buzz/Buzz.xcodeproj
    

SwiftCompile normal arm64 /Users/xinyufang/Library/Developer/Xcode/DerivedData/Buzz-faillbpsmponqzeruhhvskovixzk/SourcePackages/checkouts/stripe-ios-spm/StripePaymentSheet/StripePaymentSheet/Source/Internal/Link/Verification/LinkVerificationWebFallbackController.swift (in target 'StripePaymentSheet' from project 'Stripe')
    cd /Users/xinyufang/Documents/Buzz/Buzz.xcodeproj
    

SwiftCompile normal arm64 /Users/xinyufang/Library/Developer/Xcode/DerivedData/Buzz-faillbpsmponqzeruhhvskovixzk/SourcePackages/checkouts/stripe-ios-spm/StripePaymentSheet/StripePaymentSheet/Source/Internal/Link/ViewModels/LinkConsentViewModel.swift (in target 'StripePaymentSheet' from project 'Stripe')
    cd /Users/xinyufang/Documents/Buzz/Buzz.xcodeproj
    

SwiftCompile normal arm64 /Users/xinyufang/Library/Developer/Xcode/DerivedData/Buzz-faillbpsmponqzeruhhvskovixzk/SourcePackages/checkouts/stripe-ios-spm/StripePaymentSheet/StripePaymentSheet/Source/Internal/Link/ViewModels/LinkInlineSignupViewModel.swift (in target 'StripePaymentSheet' from project 'Stripe')
    cd /Users/xinyufang/Documents/Buzz/Buzz.xcodeproj
    

SwiftCompile normal arm64 /Users/xinyufang/Library/Developer/Xcode/DerivedData/Buzz-faillbpsmponqzeruhhvskovixzk/SourcePackages/checkouts/stripe-ios-spm/StripePaymentSheet/StripePaymentSheet/Source/Internal/Link/Views/LinkLegalTermsView.swift (in target 'StripePaymentSheet' from project 'Stripe')
    cd /Users/xinyufang/Documents/Buzz/Buzz.xcodeproj
    

SwiftCompile normal arm64 /Users/xinyufang/Library/Developer/Xcode/DerivedData/Buzz-faillbpsmponqzeruhhvskovixzk/SourcePackages/checkouts/stripe-ios-spm/StripePaymentSheet/StripePaymentSheet/Source/Internal/Link/Views/LinkMandateView.swift (in target 'StripePaymentSheet' from project 'Stripe')
    cd /Users/xinyufang/Documents/Buzz/Buzz.xcodeproj
    

SwiftCompile normal arm64 /Users/xinyufang/Library/Developer/Xcode/DerivedData/Buzz-faillbpsmponqzeruhhvskovixzk/SourcePackages/checkouts/stripe-ios-spm/StripePaymentSheet/StripePaymentSheet/Source/Internal/Link/Views/LinkMoreInfoView.swift (in target 'StripePaymentSheet' from project 'Stripe')
    cd /Users/xinyufang/Documents/Buzz/Buzz.xcodeproj
    

SwiftCompile normal arm64 /Users/xinyufang/Library/Developer/Xcode/DerivedData/Buzz-faillbpsmponqzeruhhvskovixzk/SourcePackages/checkouts/stripe-ios-spm/StripePaymentSheet/StripePaymentSheet/Source/Internal/Link/Views/LinkSeparatorView.swift (in target 'StripePaymentSheet' from project 'Stripe')
    cd /Users/xinyufang/Documents/Buzz/Buzz.xcodeproj
    

SwiftCompile normal arm64 /Users/xinyufang/Library/Developer/Xcode/DerivedData/Buzz-faillbpsmponqzeruhhvskovixzk/SourcePackages/checkouts/stripe-ios-spm/StripePaymentSheet/StripePaymentSheet/Source/PaymentSheet/AddressViewController/AddressViewController+Configuration.swift (in target 'StripePaymentSheet' from project 'Stripe')
    cd /Users/xinyufang/Documents/Buzz/Buzz.xcodeproj
    

SwiftCompile normal arm64 /Users/xinyufang/Library/Developer/Xcode/DerivedData/Buzz-faillbpsmponqzeruhhvskovixzk/SourcePackages/checkouts/stripe-ios-spm/StripePaymentSheet/StripePaymentSheet/Source/PaymentSheet/AddressViewController/AddressViewController+SwiftUI.swift (in target 'StripePaymentSheet' from project 'Stripe')
    cd /Users/xinyufang/Documents/Buzz/Buzz.xcodeproj
    

SwiftCompile normal arm64 /Users/xinyufang/Library/Developer/Xcode/DerivedData/Buzz-faillbpsmponqzeruhhvskovixzk/SourcePackages/checkouts/stripe-ios-spm/StripePaymentSheet/StripePaymentSheet/Source/PaymentSheet/AddressViewController/AddressViewController.swift (in target 'StripePaymentSheet' from project 'Stripe')
    cd /Users/xinyufang/Documents/Buzz/Buzz.xcodeproj
    

SwiftCompile normal arm64 /Users/xinyufang/Library/Developer/Xcode/DerivedData/Buzz-faillbpsmponqzeruhhvskovixzk/SourcePackages/checkouts/stripe-ios-spm/StripePaymentSheet/StripePaymentSheet/Source/PaymentSheet/BottomSheet/BottomSheetPresentable.swift (in target 'StripePaymentSheet' from project 'Stripe')
    cd /Users/xinyufang/Documents/Buzz/Buzz.xcodeproj
    

SwiftDriverJobDiscovery normal arm64 Compiling SetCollectMobileFinancialConnectionsResultSender.swift, SupplementalFunctionCompletedSender.swift, UpdateConnectInstanceSender.swift, PopupWebViewController.swift, SupplementalFunctions.swift, WebViewErrorScreen.swift, STPLocalizedString.swift, StripeConnectBundleLocator.swift, AccountCollectionOptions.swift, PaymentsListDefaultFiltersOptions.swift, StripeConnect+Exports.swift (in target 'StripeConnect' from project 'Stripe')

SwiftCompile normal arm64 Compiling\ LinkConfiguration.swift,\ LinkController.swift,\ LinkFlowControllerHelpers.swift,\ LinkPaymentController.swift,\ PayWithLinkController.swift,\ PayWithNativeLinkController.swift,\ PaymentSheet-LinkConfirmOption.swift,\ AddPaymentMethodViewController.swift,\ PaymentMethodTypeCollectionView.swift,\ WalletHeaderView.swift,\ PaymentElementConfiguration.swift,\ PaymentMethodIncentive.swift,\ PMME+API.swift,\ PMME+Internal.swift,\ PMME+SwiftUI+Internal.swift,\ PMMEMultiPartnerView.swift,\ PMMESinglePartnerView.swift,\ PMMEUIView.swift,\ PaymentMethodMessagingElement+SwiftUI.swift,\ PaymentMethodMessagingElement.swift,\ PaymentMethodType.swift,\ PaymentOption+Images.swift,\ PaymentSheet+API.swift,\ PaymentSheet+ConfirmationTokens.swift /Users/xinyufang/Library/Developer/Xcode/DerivedData/Buzz-faillbpsmponqzeruhhvskovixzk/SourcePackages/checkouts/stripe-ios-spm/StripePaymentSheet/StripePaymentSheet/Source/PaymentSheet/Link/LinkConfiguration.swift /Users/xinyufang/Library/Developer/Xcode/DerivedData/Buzz-faillbpsmponqzeruhhvskovixzk/SourcePackages/checkouts/stripe-ios-spm/StripePaymentSheet/StripePaymentSheet/Source/PaymentSheet/Link/LinkController.swift /Users/xinyufang/Library/Developer/Xcode/DerivedData/Buzz-faillbpsmponqzeruhhvskovixzk/SourcePackages/checkouts/stripe-ios-spm/StripePaymentSheet/StripePaymentSheet/Source/PaymentSheet/Link/LinkFlowControllerHelpers.swift /Users/xinyufang/Library/Developer/Xcode/DerivedData/Buzz-faillbpsmponqzeruhhvskovixzk/SourcePackages/checkouts/stripe-ios-spm/StripePaymentSheet/StripePaymentSheet/Source/PaymentSheet/Link/LinkPaymentController.swift /Users/xinyufang/Library/Developer/Xcode/DerivedData/Buzz-faillbpsmponqzeruhhvskovixzk/SourcePackages/checkouts/stripe-ios-spm/StripePaymentSheet/StripePaymentSheet/Source/PaymentSheet/Link/PayWithLinkController.swift /Users/xinyufang/Library/Developer/Xcode/DerivedData/Buzz-faillbpsmponqzeruhhvskovixzk/SourcePackages/checkouts/stripe-ios-spm/StripePaymentSheet/StripePaymentSheet/Source/PaymentSheet/Link/PayWithNativeLinkController.swift /Users/xinyufang/Library/Developer/Xcode/DerivedData/Buzz-faillbpsmponqzeruhhvskovixzk/SourcePackages/checkouts/stripe-ios-spm/StripePaymentSheet/StripePaymentSheet/Source/PaymentSheet/Link/PaymentSheet-LinkConfirmOption.swift /Users/xinyufang/Library/Developer/Xcode/DerivedData/Buzz-faillbpsmponqzeruhhvskovixzk/SourcePackages/checkouts/stripe-ios-spm/StripePaymentSheet/StripePaymentSheet/Source/PaymentSheet/New\ Payment\ Method\ Screen/AddPaymentMethodViewController.swift /Users/xinyufang/Library/Developer/Xcode/DerivedData/Buzz-faillbpsmponqzeruhhvskovixzk/SourcePackages/checkouts/stripe-ios-spm/StripePaymentSheet/StripePaymentSheet/Source/PaymentSheet/New\ Payment\ Method\ Screen/PaymentMethodTypeCollectionView.swift /Users/xinyufang/Library/Developer/Xcode/DerivedData/Buzz-faillbpsmponqzeruhhvskovixzk/SourcePackages/checkouts/stripe-ios-spm/StripePaymentSheet/StripePaymentSheet/Source/PaymentSheet/New\ Payment\ Method\ Screen/WalletHeaderView.swift /Users/xinyufang/Library/Developer/Xcode/DerivedData/Buzz-faillbpsmponqzeruhhvskovixzk/SourcePackages/checkouts/stripe-ios-spm/StripePaymentSheet/StripePaymentSheet/Source/PaymentSheet/PaymentElementConfiguration.swift /Users/xinyufang/Library/Developer/Xcode/DerivedData/Buzz-faillbpsmponqzeruhhvskovixzk/SourcePackages/checkouts/stripe-ios-spm/StripePaymentSheet/StripePaymentSheet/Source/PaymentSheet/PaymentMethodIncentive.swift /Users/xinyufang/Library/Developer/Xcode/DerivedData/Buzz-faillbpsmponqzeruhhvskovixzk/SourcePackages/checkouts/stripe-ios-spm/StripePaymentSheet/StripePaymentSheet/Source/PaymentSheet/PaymentMethodMessagingElement/PMME+API.swift /Users/xinyufang/Library/Developer/Xcode/DerivedData/Buzz-faillbpsmponqzeruhhvskovixzk/SourcePackages/checkouts/stripe-ios-spm/StripePaymentSheet/StripePaymentSheet/Source/PaymentSheet/PaymentMethodMessagingElement/PMME+Internal.swift /Users/xinyufang/Library/Developer/Xcode/DerivedData/Buzz-faillbpsmponqzeruhhvskovixzk/SourcePackages/checkouts/stripe-ios-spm/StripePaymentSheet/StripePaymentSheet/Source/PaymentSheet/PaymentMethodMessagingElement/PMME+SwiftUI+Internal.swift /Users/xinyufang/Library/Developer/Xcode/DerivedData/Buzz-faillbpsmponqzeruhhvskovixzk/SourcePackages/checkouts/stripe-ios-spm/StripePaymentSheet/StripePaymentSheet/Source/PaymentSheet/PaymentMethodMessagingElement/PMMEMultiPartnerView.swift /Users/xinyufang/Library/Developer/Xcode/DerivedData/Buzz-faillbpsmponqzeruhhvskovixzk/SourcePackages/checkouts/stripe-ios-spm/StripePaymentSheet/StripePaymentSheet/Source/PaymentSheet/PaymentMethodMessagingElement/PMMESinglePartnerView.swift /Users/xinyufang/Library/Developer/Xcode/DerivedData/Buzz-faillbpsmponqzeruhhvskovixzk/SourcePackages/checkouts/stripe-ios-spm/StripePaymentSheet/StripePaymentSheet/Source/PaymentSheet/PaymentMethodMessagingElement/PMMEUIView.swift /Users/xinyufang/Library/Developer/Xcode/DerivedData/Buzz-faillbpsmponqzeruhhvskovixzk/SourcePackages/checkouts/stripe-ios-spm/StripePaymentSheet/StripePaymentSheet/Source/PaymentSheet/PaymentMethodMessagingElement/PaymentMethodMessagingElement+SwiftUI.swift /Users/xinyufang/Library/Developer/Xcode/DerivedData/Buzz-faillbpsmponqzeruhhvskovixzk/SourcePackages/checkouts/stripe-ios-spm/StripePaymentSheet/StripePaymentSheet/Source/PaymentSheet/PaymentMethodMessagingElement/PaymentMethodMessagingElement.swift /Users/xinyufang/Library/Developer/Xcode/DerivedData/Buzz-faillbpsmponqzeruhhvskovixzk/SourcePackages/checkouts/stripe-ios-spm/StripePaymentSheet/StripePaymentSheet/Source/PaymentSheet/PaymentMethodType.swift /Users/xinyufang/Library/Developer/Xcode/DerivedData/Buzz-faillbpsmponqzeruhhvskovixzk/SourcePackages/checkouts/stripe-ios-spm/StripePaymentSheet/StripePaymentSheet/Source/PaymentSheet/PaymentOption+Images.swift /Users/xinyufang/Library/Developer/Xcode/DerivedData/Buzz-faillbpsmponqzeruhhvskovixzk/SourcePackages/checkouts/stripe-ios-spm/StripePaymentSheet/StripePaymentSheet/Source/PaymentSheet/PaymentSheet+API.swift /Users/xinyufang/Library/Developer/Xcode/DerivedData/Buzz-faillbpsmponqzeruhhvskovixzk/SourcePackages/checkouts/stripe-ios-spm/StripePaymentSheet/StripePaymentSheet/Source/PaymentSheet/PaymentSheet+ConfirmationTokens.swift (in target 'StripePaymentSheet' from project 'Stripe')
SwiftCompile normal arm64 /Users/xinyufang/Library/Developer/Xcode/DerivedData/Buzz-faillbpsmponqzeruhhvskovixzk/SourcePackages/checkouts/stripe-ios-spm/StripePaymentSheet/StripePaymentSheet/Source/PaymentSheet/Link/LinkConfiguration.swift (in target 'StripePaymentSheet' from project 'Stripe')
    cd /Users/xinyufang/Documents/Buzz/Buzz.xcodeproj
    

SwiftCompile normal arm64 /Users/xinyufang/Library/Developer/Xcode/DerivedData/Buzz-faillbpsmponqzeruhhvskovixzk/SourcePackages/checkouts/stripe-ios-spm/StripePaymentSheet/StripePaymentSheet/Source/PaymentSheet/Link/LinkController.swift (in target 'StripePaymentSheet' from project 'Stripe')
    cd /Users/xinyufang/Documents/Buzz/Buzz.xcodeproj
    

SwiftCompile normal arm64 /Users/xinyufang/Library/Developer/Xcode/DerivedData/Buzz-faillbpsmponqzeruhhvskovixzk/SourcePackages/checkouts/stripe-ios-spm/StripePaymentSheet/StripePaymentSheet/Source/PaymentSheet/Link/LinkFlowControllerHelpers.swift (in target 'StripePaymentSheet' from project 'Stripe')
    cd /Users/xinyufang/Documents/Buzz/Buzz.xcodeproj
    

SwiftCompile normal arm64 /Users/xinyufang/Library/Developer/Xcode/DerivedData/Buzz-faillbpsmponqzeruhhvskovixzk/SourcePackages/checkouts/stripe-ios-spm/StripePaymentSheet/StripePaymentSheet/Source/PaymentSheet/Link/LinkPaymentController.swift (in target 'StripePaymentSheet' from project 'Stripe')
    cd /Users/xinyufang/Documents/Buzz/Buzz.xcodeproj
    

SwiftCompile normal arm64 /Users/xinyufang/Library/Developer/Xcode/DerivedData/Buzz-faillbpsmponqzeruhhvskovixzk/SourcePackages/checkouts/stripe-ios-spm/StripePaymentSheet/StripePaymentSheet/Source/PaymentSheet/Link/PayWithLinkController.swift (in target 'StripePaymentSheet' from project 'Stripe')
    cd /Users/xinyufang/Documents/Buzz/Buzz.xcodeproj
    

SwiftCompile normal arm64 /Users/xinyufang/Library/Developer/Xcode/DerivedData/Buzz-faillbpsmponqzeruhhvskovixzk/SourcePackages/checkouts/stripe-ios-spm/StripePaymentSheet/StripePaymentSheet/Source/PaymentSheet/Link/PayWithNativeLinkController.swift (in target 'StripePaymentSheet' from project 'Stripe')
    cd /Users/xinyufang/Documents/Buzz/Buzz.xcodeproj
    

SwiftCompile normal arm64 /Users/xinyufang/Library/Developer/Xcode/DerivedData/Buzz-faillbpsmponqzeruhhvskovixzk/SourcePackages/checkouts/stripe-ios-spm/StripePaymentSheet/StripePaymentSheet/Source/PaymentSheet/Link/PaymentSheet-LinkConfirmOption.swift (in target 'StripePaymentSheet' from project 'Stripe')
    cd /Users/xinyufang/Documents/Buzz/Buzz.xcodeproj
    

SwiftCompile normal arm64 /Users/xinyufang/Library/Developer/Xcode/DerivedData/Buzz-faillbpsmponqzeruhhvskovixzk/SourcePackages/checkouts/stripe-ios-spm/StripePaymentSheet/StripePaymentSheet/Source/PaymentSheet/New\ Payment\ Method\ Screen/AddPaymentMethodViewController.swift (in target 'StripePaymentSheet' from project 'Stripe')
    cd /Users/xinyufang/Documents/Buzz/Buzz.xcodeproj
    

SwiftCompile normal arm64 /Users/xinyufang/Library/Developer/Xcode/DerivedData/Buzz-faillbpsmponqzeruhhvskovixzk/SourcePackages/checkouts/stripe-ios-spm/StripePaymentSheet/StripePaymentSheet/Source/PaymentSheet/New\ Payment\ Method\ Screen/PaymentMethodTypeCollectionView.swift (in target 'StripePaymentSheet' from project 'Stripe')
    cd /Users/xinyufang/Documents/Buzz/Buzz.xcodeproj
    

SwiftCompile normal arm64 /Users/xinyufang/Library/Developer/Xcode/DerivedData/Buzz-faillbpsmponqzeruhhvskovixzk/SourcePackages/checkouts/stripe-ios-spm/StripePaymentSheet/StripePaymentSheet/Source/PaymentSheet/New\ Payment\ Method\ Screen/WalletHeaderView.swift (in target 'StripePaymentSheet' from project 'Stripe')
    cd /Users/xinyufang/Documents/Buzz/Buzz.xcodeproj
    

SwiftCompile normal arm64 /Users/xinyufang/Library/Developer/Xcode/DerivedData/Buzz-faillbpsmponqzeruhhvskovixzk/SourcePackages/checkouts/stripe-ios-spm/StripePaymentSheet/StripePaymentSheet/Source/PaymentSheet/PaymentElementConfiguration.swift (in target 'StripePaymentSheet' from project 'Stripe')
    cd /Users/xinyufang/Documents/Buzz/Buzz.xcodeproj
    

SwiftCompile normal arm64 /Users/xinyufang/Library/Developer/Xcode/DerivedData/Buzz-faillbpsmponqzeruhhvskovixzk/SourcePackages/checkouts/stripe-ios-spm/StripePaymentSheet/StripePaymentSheet/Source/PaymentSheet/PaymentMethodIncentive.swift (in target 'StripePaymentSheet' from project 'Stripe')
    cd /Users/xinyufang/Documents/Buzz/Buzz.xcodeproj
    

SwiftCompile normal arm64 /Users/xinyufang/Library/Developer/Xcode/DerivedData/Buzz-faillbpsmponqzeruhhvskovixzk/SourcePackages/checkouts/stripe-ios-spm/StripePaymentSheet/StripePaymentSheet/Source/PaymentSheet/PaymentMethodMessagingElement/PMME+API.swift (in target 'StripePaymentSheet' from project 'Stripe')
    cd /Users/xinyufang/Documents/Buzz/Buzz.xcodeproj
    

SwiftCompile normal arm64 /Users/xinyufang/Library/Developer/Xcode/DerivedData/Buzz-faillbpsmponqzeruhhvskovixzk/SourcePackages/checkouts/stripe-ios-spm/StripePaymentSheet/StripePaymentSheet/Source/PaymentSheet/PaymentMethodMessagingElement/PMME+Internal.swift (in target 'StripePaymentSheet' from project 'Stripe')
    cd /Users/xinyufang/Documents/Buzz/Buzz.xcodeproj
    

SwiftCompile normal arm64 /Users/xinyufang/Library/Developer/Xcode/DerivedData/Buzz-faillbpsmponqzeruhhvskovixzk/SourcePackages/checkouts/stripe-ios-spm/StripePaymentSheet/StripePaymentSheet/Source/PaymentSheet/PaymentMethodMessagingElement/PMME+SwiftUI+Internal.swift (in target 'StripePaymentSheet' from project 'Stripe')
    cd /Users/xinyufang/Documents/Buzz/Buzz.xcodeproj
    

SwiftCompile normal arm64 /Users/xinyufang/Library/Developer/Xcode/DerivedData/Buzz-faillbpsmponqzeruhhvskovixzk/SourcePackages/checkouts/stripe-ios-spm/StripePaymentSheet/StripePaymentSheet/Source/PaymentSheet/PaymentMethodMessagingElement/PMMEMultiPartnerView.swift (in target 'StripePaymentSheet' from project 'Stripe')
    cd /Users/xinyufang/Documents/Buzz/Buzz.xcodeproj
    

SwiftCompile normal arm64 /Users/xinyufang/Library/Developer/Xcode/DerivedData/Buzz-faillbpsmponqzeruhhvskovixzk/SourcePackages/checkouts/stripe-ios-spm/StripePaymentSheet/StripePaymentSheet/Source/PaymentSheet/PaymentMethodMessagingElement/PMMESinglePartnerView.swift (in target 'StripePaymentSheet' from project 'Stripe')
    cd /Users/xinyufang/Documents/Buzz/Buzz.xcodeproj
    

SwiftCompile normal arm64 /Users/xinyufang/Library/Developer/Xcode/DerivedData/Buzz-faillbpsmponqzeruhhvskovixzk/SourcePackages/checkouts/stripe-ios-spm/StripePaymentSheet/StripePaymentSheet/Source/PaymentSheet/PaymentMethodMessagingElement/PMMEUIView.swift (in target 'StripePaymentSheet' from project 'Stripe')
    cd /Users/xinyufang/Documents/Buzz/Buzz.xcodeproj
    

SwiftCompile normal arm64 /Users/xinyufang/Library/Developer/Xcode/DerivedData/Buzz-faillbpsmponqzeruhhvskovixzk/SourcePackages/checkouts/stripe-ios-spm/StripePaymentSheet/StripePaymentSheet/Source/PaymentSheet/PaymentMethodMessagingElement/PaymentMethodMessagingElement+SwiftUI.swift (in target 'StripePaymentSheet' from project 'Stripe')
    cd /Users/xinyufang/Documents/Buzz/Buzz.xcodeproj
    

SwiftCompile normal arm64 /Users/xinyufang/Library/Developer/Xcode/DerivedData/Buzz-faillbpsmponqzeruhhvskovixzk/SourcePackages/checkouts/stripe-ios-spm/StripePaymentSheet/StripePaymentSheet/Source/PaymentSheet/PaymentMethodMessagingElement/PaymentMethodMessagingElement.swift (in target 'StripePaymentSheet' from project 'Stripe')
    cd /Users/xinyufang/Documents/Buzz/Buzz.xcodeproj
    

SwiftCompile normal arm64 /Users/xinyufang/Library/Developer/Xcode/DerivedData/Buzz-faillbpsmponqzeruhhvskovixzk/SourcePackages/checkouts/stripe-ios-spm/StripePaymentSheet/StripePaymentSheet/Source/PaymentSheet/PaymentMethodType.swift (in target 'StripePaymentSheet' from project 'Stripe')
    cd /Users/xinyufang/Documents/Buzz/Buzz.xcodeproj
    

SwiftCompile normal arm64 /Users/xinyufang/Library/Developer/Xcode/DerivedData/Buzz-faillbpsmponqzeruhhvskovixzk/SourcePackages/checkouts/stripe-ios-spm/StripePaymentSheet/StripePaymentSheet/Source/PaymentSheet/PaymentOption+Images.swift (in target 'StripePaymentSheet' from project 'Stripe')
    cd /Users/xinyufang/Documents/Buzz/Buzz.xcodeproj
    

SwiftCompile normal arm64 /Users/xinyufang/Library/Developer/Xcode/DerivedData/Buzz-faillbpsmponqzeruhhvskovixzk/SourcePackages/checkouts/stripe-ios-spm/StripePaymentSheet/StripePaymentSheet/Source/PaymentSheet/PaymentSheet+API.swift (in target 'StripePaymentSheet' from project 'Stripe')
    cd /Users/xinyufang/Documents/Buzz/Buzz.xcodeproj
    

SwiftCompile normal arm64 /Users/xinyufang/Library/Developer/Xcode/DerivedData/Buzz-faillbpsmponqzeruhhvskovixzk/SourcePackages/checkouts/stripe-ios-spm/StripePaymentSheet/StripePaymentSheet/Source/PaymentSheet/PaymentSheet+ConfirmationTokens.swift (in target 'StripePaymentSheet' from project 'Stripe')
    cd /Users/xinyufang/Documents/Buzz/Buzz.xcodeproj
    

SwiftDriverJobDiscovery normal arm64 Compiling resource_bundle_accessor.swift, BaseLinkHoldbackExperiment.swift, LinkABTest.swift, LinkGlobalHoldback.swift, LinkGlobalHoldbackAA.swift, PaymentSheetAnalytics+Experiments.swift, PaymentSheetAnalyticsHelper.swift, STPAnalyticsClient+Address.swift, STPAnalyticsClient+CustomerSheet.swift, STPAnalyticsClient+LUXE.swift, AddressDetails+STPAddress.swift, NSAttributedString+Stripe.swift, STPPaymentIntentConfirmParams+PaymentSheet.swift, STPPaymentMethod+PaymentSheet.swift, STPPaymentMethodParams+PaymentSheet.swift, String+Localized.swift, UIApplication+StripePaymentSheet.swift, BoolReference.swift, DownloadManager.swift, Images.swift, IntentStatusPoller.swift, PaymentSheetLinkAccount.swift, STPCameraView.swift, STPCardScanner.swift, STPClientAttributionMetadata+PaymentSheet.swift (in target 'StripePaymentSheet' from project 'Stripe')

SwiftCompile normal arm64 Compiling\ PaymentMethodElementWrapper.swift,\ SimpleMandateElement.swift,\ TextFieldElement+Card.swift,\ TextFieldElement+IBAN.swift,\ TextFieldElement+USBankAccount.swift,\ EmbeddedFormViewController.swift,\ EmbeddedPaymentElement+Internal.swift,\ EmbeddedPaymentElement+SwiftUI.swift,\ EmbeddedPaymentElement.swift,\ EmbeddedPaymentElementConfiguration.swift,\ EmbeddedPaymentElementContainerView.swift,\ EmbeddedPaymentElementDelegate.swift,\ EmbeddedPaymentMethodsView.swift,\ EmbeddedUpdateContext.swift,\ EmbeddedViewRepresentable.swift,\ MandateTextProvider.swift,\ RadioButton.swift,\ UIStackView+Separator.swift,\ Error+PaymentSheet.swift,\ ExternalPaymentOption.swift,\ Intent.swift,\ IntentConfiguration+ClientContext.swift,\ IntentConfirmParams.swift,\ LinkAppearance.swift /Users/xinyufang/Library/Developer/Xcode/DerivedData/Buzz-faillbpsmponqzeruhhvskovixzk/SourcePackages/checkouts/stripe-ios-spm/StripePaymentSheet/StripePaymentSheet/Source/PaymentSheet/Elements/PaymentMethodElement/PaymentMethodElementWrapper.swift /Users/xinyufang/Library/Developer/Xcode/DerivedData/Buzz-faillbpsmponqzeruhhvskovixzk/SourcePackages/checkouts/stripe-ios-spm/StripePaymentSheet/StripePaymentSheet/Source/PaymentSheet/Elements/SimpleMandateElement.swift /Users/xinyufang/Library/Developer/Xcode/DerivedData/Buzz-faillbpsmponqzeruhhvskovixzk/SourcePackages/checkouts/stripe-ios-spm/StripePaymentSheet/StripePaymentSheet/Source/PaymentSheet/Elements/TextField/TextFieldElement+Card.swift /Users/xinyufang/Library/Developer/Xcode/DerivedData/Buzz-faillbpsmponqzeruhhvskovixzk/SourcePackages/checkouts/stripe-ios-spm/StripePaymentSheet/StripePaymentSheet/Source/PaymentSheet/Elements/TextField/TextFieldElement+IBAN.swift /Users/xinyufang/Library/Developer/Xcode/DerivedData/Buzz-faillbpsmponqzeruhhvskovixzk/SourcePackages/checkouts/stripe-ios-spm/StripePaymentSheet/StripePaymentSheet/Source/PaymentSheet/Elements/TextField/TextFieldElement+USBankAccount.swift /Users/xinyufang/Library/Developer/Xcode/DerivedData/Buzz-faillbpsmponqzeruhhvskovixzk/SourcePackages/checkouts/stripe-ios-spm/StripePaymentSheet/StripePaymentSheet/Source/PaymentSheet/Embedded/EmbeddedFormViewController.swift /Users/xinyufang/Library/Developer/Xcode/DerivedData/Buzz-faillbpsmponqzeruhhvskovixzk/SourcePackages/checkouts/stripe-ios-spm/StripePaymentSheet/StripePaymentSheet/Source/PaymentSheet/Embedded/EmbeddedPaymentElement+Internal.swift /Users/xinyufang/Library/Developer/Xcode/DerivedData/Buzz-faillbpsmponqzeruhhvskovixzk/SourcePackages/checkouts/stripe-ios-spm/StripePaymentSheet/StripePaymentSheet/Source/PaymentSheet/Embedded/EmbeddedPaymentElement+SwiftUI.swift /Users/xinyufang/Library/Developer/Xcode/DerivedData/Buzz-faillbpsmponqzeruhhvskovixzk/SourcePackages/checkouts/stripe-ios-spm/StripePaymentSheet/StripePaymentSheet/Source/PaymentSheet/Embedded/EmbeddedPaymentElement.swift /Users/xinyufang/Library/Developer/Xcode/DerivedData/Buzz-faillbpsmponqzeruhhvskovixzk/SourcePackages/checkouts/stripe-ios-spm/StripePaymentSheet/StripePaymentSheet/Source/PaymentSheet/Embedded/EmbeddedPaymentElementConfiguration.swift /Users/xinyufang/Library/Developer/Xcode/DerivedData/Buzz-faillbpsmponqzeruhhvskovixzk/SourcePackages/checkouts/stripe-ios-spm/StripePaymentSheet/StripePaymentSheet/Source/PaymentSheet/Embedded/EmbeddedPaymentElementContainerView.swift /Users/xinyufang/Library/Developer/Xcode/DerivedData/Buzz-faillbpsmponqzeruhhvskovixzk/SourcePackages/checkouts/stripe-ios-spm/StripePaymentSheet/StripePaymentSheet/Source/PaymentSheet/Embedded/EmbeddedPaymentElementDelegate.swift /Users/xinyufang/Library/Developer/Xcode/DerivedData/Buzz-faillbpsmponqzeruhhvskovixzk/SourcePackages/checkouts/stripe-ios-spm/StripePaymentSheet/StripePaymentSheet/Source/PaymentSheet/Embedded/EmbeddedPaymentMethodsView.swift /Users/xinyufang/Library/Developer/Xcode/DerivedData/Buzz-faillbpsmponqzeruhhvskovixzk/SourcePackages/checkouts/stripe-ios-spm/StripePaymentSheet/StripePaymentSheet/Source/PaymentSheet/Embedded/EmbeddedUpdateContext.swift /Users/xinyufang/Library/Developer/Xcode/DerivedData/Buzz-faillbpsmponqzeruhhvskovixzk/SourcePackages/checkouts/stripe-ios-spm/StripePaymentSheet/StripePaymentSheet/Source/PaymentSheet/Embedded/EmbeddedViewRepresentable.swift /Users/xinyufang/Library/Developer/Xcode/DerivedData/Buzz-faillbpsmponqzeruhhvskovixzk/SourcePackages/checkouts/stripe-ios-spm/StripePaymentSheet/StripePaymentSheet/Source/PaymentSheet/Embedded/MandateTextProvider.swift /Users/xinyufang/Library/Developer/Xcode/DerivedData/Buzz-faillbpsmponqzeruhhvskovixzk/SourcePackages/checkouts/stripe-ios-spm/StripePaymentSheet/StripePaymentSheet/Source/PaymentSheet/Embedded/RadioButton.swift /Users/xinyufang/Library/Developer/Xcode/DerivedData/Buzz-faillbpsmponqzeruhhvskovixzk/SourcePackages/checkouts/stripe-ios-spm/StripePaymentSheet/StripePaymentSheet/Source/PaymentSheet/Embedded/UIStackView+Separator.swift /Users/xinyufang/Library/Developer/Xcode/DerivedData/Buzz-faillbpsmponqzeruhhvskovixzk/SourcePackages/checkouts/stripe-ios-spm/StripePaymentSheet/StripePaymentSheet/Source/PaymentSheet/Error+PaymentSheet.swift /Users/xinyufang/Library/Developer/Xcode/DerivedData/Buzz-faillbpsmponqzeruhhvskovixzk/SourcePackages/checkouts/stripe-ios-spm/StripePaymentSheet/StripePaymentSheet/Source/PaymentSheet/ExternalPaymentOption.swift /Users/xinyufang/Library/Developer/Xcode/DerivedData/Buzz-faillbpsmponqzeruhhvskovixzk/SourcePackages/checkouts/stripe-ios-spm/StripePaymentSheet/StripePaymentSheet/Source/PaymentSheet/Intent.swift /Users/xinyufang/Library/Developer/Xcode/DerivedData/Buzz-faillbpsmponqzeruhhvskovixzk/SourcePackages/checkouts/stripe-ios-spm/StripePaymentSheet/StripePaymentSheet/Source/PaymentSheet/IntentConfiguration+ClientContext.swift /Users/xinyufang/Library/Developer/Xcode/DerivedData/Buzz-faillbpsmponqzeruhhvskovixzk/SourcePackages/checkouts/stripe-ios-spm/StripePaymentSheet/StripePaymentSheet/Source/PaymentSheet/IntentConfirmParams.swift /Users/xinyufang/Library/Developer/Xcode/DerivedData/Buzz-faillbpsmponqzeruhhvskovixzk/SourcePackages/checkouts/stripe-ios-spm/StripePaymentSheet/StripePaymentSheet/Source/PaymentSheet/Link/LinkAppearance.swift (in target 'StripePaymentSheet' from project 'Stripe')

SwiftCompile normal arm64 /Users/xinyufang/Library/Developer/Xcode/DerivedData/Buzz-faillbpsmponqzeruhhvskovixzk/SourcePackages/checkouts/stripe-ios-spm/StripePaymentSheet/StripePaymentSheet/Source/PaymentSheet/Elements/PaymentMethodElement/PaymentMethodElementWrapper.swift (in target 'StripePaymentSheet' from project 'Stripe')
    cd /Users/xinyufang/Documents/Buzz/Buzz.xcodeproj
    

SwiftCompile normal arm64 /Users/xinyufang/Library/Developer/Xcode/DerivedData/Buzz-faillbpsmponqzeruhhvskovixzk/SourcePackages/checkouts/stripe-ios-spm/StripePaymentSheet/StripePaymentSheet/Source/PaymentSheet/Elements/SimpleMandateElement.swift (in target 'StripePaymentSheet' from project 'Stripe')
    cd /Users/xinyufang/Documents/Buzz/Buzz.xcodeproj
    

SwiftCompile normal arm64 /Users/xinyufang/Library/Developer/Xcode/DerivedData/Buzz-faillbpsmponqzeruhhvskovixzk/SourcePackages/checkouts/stripe-ios-spm/StripePaymentSheet/StripePaymentSheet/Source/PaymentSheet/Elements/TextField/TextFieldElement+Card.swift (in target 'StripePaymentSheet' from project 'Stripe')
    cd /Users/xinyufang/Documents/Buzz/Buzz.xcodeproj
    

SwiftCompile normal arm64 /Users/xinyufang/Library/Developer/Xcode/DerivedData/Buzz-faillbpsmponqzeruhhvskovixzk/SourcePackages/checkouts/stripe-ios-spm/StripePaymentSheet/StripePaymentSheet/Source/PaymentSheet/Elements/TextField/TextFieldElement+IBAN.swift (in target 'StripePaymentSheet' from project 'Stripe')
    cd /Users/xinyufang/Documents/Buzz/Buzz.xcodeproj
    

SwiftCompile normal arm64 /Users/xinyufang/Library/Developer/Xcode/DerivedData/Buzz-faillbpsmponqzeruhhvskovixzk/SourcePackages/checkouts/stripe-ios-spm/StripePaymentSheet/StripePaymentSheet/Source/PaymentSheet/Elements/TextField/TextFieldElement+USBankAccount.swift (in target 'StripePaymentSheet' from project 'Stripe')
    cd /Users/xinyufang/Documents/Buzz/Buzz.xcodeproj
    

SwiftCompile normal arm64 /Users/xinyufang/Library/Developer/Xcode/DerivedData/Buzz-faillbpsmponqzeruhhvskovixzk/SourcePackages/checkouts/stripe-ios-spm/StripePaymentSheet/StripePaymentSheet/Source/PaymentSheet/Embedded/EmbeddedFormViewController.swift (in target 'StripePaymentSheet' from project 'Stripe')
    cd /Users/xinyufang/Documents/Buzz/Buzz.xcodeproj
    

SwiftCompile normal arm64 /Users/xinyufang/Library/Developer/Xcode/DerivedData/Buzz-faillbpsmponqzeruhhvskovixzk/SourcePackages/checkouts/stripe-ios-spm/StripePaymentSheet/StripePaymentSheet/Source/PaymentSheet/Embedded/EmbeddedPaymentElement+Internal.swift (in target 'StripePaymentSheet' from project 'Stripe')
    cd /Users/xinyufang/Documents/Buzz/Buzz.xcodeproj
    

SwiftCompile normal arm64 /Users/xinyufang/Library/Developer/Xcode/DerivedData/Buzz-faillbpsmponqzeruhhvskovixzk/SourcePackages/checkouts/stripe-ios-spm/StripePaymentSheet/StripePaymentSheet/Source/PaymentSheet/Embedded/EmbeddedPaymentElement+SwiftUI.swift (in target 'StripePaymentSheet' from project 'Stripe')
    cd /Users/xinyufang/Documents/Buzz/Buzz.xcodeproj
    

SwiftCompile normal arm64 /Users/xinyufang/Library/Developer/Xcode/DerivedData/Buzz-faillbpsmponqzeruhhvskovixzk/SourcePackages/checkouts/stripe-ios-spm/StripePaymentSheet/StripePaymentSheet/Source/PaymentSheet/Embedded/EmbeddedPaymentElement.swift (in target 'StripePaymentSheet' from project 'Stripe')
    cd /Users/xinyufang/Documents/Buzz/Buzz.xcodeproj
    

SwiftCompile normal arm64 /Users/xinyufang/Library/Developer/Xcode/DerivedData/Buzz-faillbpsmponqzeruhhvskovixzk/SourcePackages/checkouts/stripe-ios-spm/StripePaymentSheet/StripePaymentSheet/Source/PaymentSheet/Embedded/EmbeddedPaymentElementConfiguration.swift (in target 'StripePaymentSheet' from project 'Stripe')
    cd /Users/xinyufang/Documents/Buzz/Buzz.xcodeproj
    

SwiftCompile normal arm64 /Users/xinyufang/Library/Developer/Xcode/DerivedData/Buzz-faillbpsmponqzeruhhvskovixzk/SourcePackages/checkouts/stripe-ios-spm/StripePaymentSheet/StripePaymentSheet/Source/PaymentSheet/Embedded/EmbeddedPaymentElementContainerView.swift (in target 'StripePaymentSheet' from project 'Stripe')
    cd /Users/xinyufang/Documents/Buzz/Buzz.xcodeproj
    

SwiftCompile normal arm64 /Users/xinyufang/Library/Developer/Xcode/DerivedData/Buzz-faillbpsmponqzeruhhvskovixzk/SourcePackages/checkouts/stripe-ios-spm/StripePaymentSheet/StripePaymentSheet/Source/PaymentSheet/Embedded/EmbeddedPaymentElementDelegate.swift (in target 'StripePaymentSheet' from project 'Stripe')
    cd /Users/xinyufang/Documents/Buzz/Buzz.xcodeproj
    

SwiftCompile normal arm64 /Users/xinyufang/Library/Developer/Xcode/DerivedData/Buzz-faillbpsmponqzeruhhvskovixzk/SourcePackages/checkouts/stripe-ios-spm/StripePaymentSheet/StripePaymentSheet/Source/PaymentSheet/Embedded/EmbeddedPaymentMethodsView.swift (in target 'StripePaymentSheet' from project 'Stripe')
    cd /Users/xinyufang/Documents/Buzz/Buzz.xcodeproj
    

SwiftCompile normal arm64 /Users/xinyufang/Library/Developer/Xcode/DerivedData/Buzz-faillbpsmponqzeruhhvskovixzk/SourcePackages/checkouts/stripe-ios-spm/StripePaymentSheet/StripePaymentSheet/Source/PaymentSheet/Embedded/EmbeddedUpdateContext.swift (in target 'StripePaymentSheet' from project 'Stripe')
    cd /Users/xinyufang/Documents/Buzz/Buzz.xcodeproj
    

SwiftCompile normal arm64 /Users/xinyufang/Library/Developer/Xcode/DerivedData/Buzz-faillbpsmponqzeruhhvskovixzk/SourcePackages/checkouts/stripe-ios-spm/StripePaymentSheet/StripePaymentSheet/Source/PaymentSheet/Embedded/EmbeddedViewRepresentable.swift (in target 'StripePaymentSheet' from project 'Stripe')
    cd /Users/xinyufang/Documents/Buzz/Buzz.xcodeproj
    

SwiftCompile normal arm64 /Users/xinyufang/Library/Developer/Xcode/DerivedData/Buzz-faillbpsmponqzeruhhvskovixzk/SourcePackages/checkouts/stripe-ios-spm/StripePaymentSheet/StripePaymentSheet/Source/PaymentSheet/Embedded/MandateTextProvider.swift (in target 'StripePaymentSheet' from project 'Stripe')
    cd /Users/xinyufang/Documents/Buzz/Buzz.xcodeproj
    

SwiftCompile normal arm64 /Users/xinyufang/Library/Developer/Xcode/DerivedData/Buzz-faillbpsmponqzeruhhvskovixzk/SourcePackages/checkouts/stripe-ios-spm/StripePaymentSheet/StripePaymentSheet/Source/PaymentSheet/Embedded/RadioButton.swift (in target 'StripePaymentSheet' from project 'Stripe')
    cd /Users/xinyufang/Documents/Buzz/Buzz.xcodeproj
    

SwiftCompile normal arm64 /Users/xinyufang/Library/Developer/Xcode/DerivedData/Buzz-faillbpsmponqzeruhhvskovixzk/SourcePackages/checkouts/stripe-ios-spm/StripePaymentSheet/StripePaymentSheet/Source/PaymentSheet/Embedded/UIStackView+Separator.swift (in target 'StripePaymentSheet' from project 'Stripe')
    cd /Users/xinyufang/Documents/Buzz/Buzz.xcodeproj
    

SwiftCompile normal arm64 /Users/xinyufang/Library/Developer/Xcode/DerivedData/Buzz-faillbpsmponqzeruhhvskovixzk/SourcePackages/checkouts/stripe-ios-spm/StripePaymentSheet/StripePaymentSheet/Source/PaymentSheet/Error+PaymentSheet.swift (in target 'StripePaymentSheet' from project 'Stripe')
    cd /Users/xinyufang/Documents/Buzz/Buzz.xcodeproj
    

SwiftCompile normal arm64 /Users/xinyufang/Library/Developer/Xcode/DerivedData/Buzz-faillbpsmponqzeruhhvskovixzk/SourcePackages/checkouts/stripe-ios-spm/StripePaymentSheet/StripePaymentSheet/Source/PaymentSheet/ExternalPaymentOption.swift (in target 'StripePaymentSheet' from project 'Stripe')
    cd /Users/xinyufang/Documents/Buzz/Buzz.xcodeproj
    

SwiftCompile normal arm64 /Users/xinyufang/Library/Developer/Xcode/DerivedData/Buzz-faillbpsmponqzeruhhvskovixzk/SourcePackages/checkouts/stripe-ios-spm/StripePaymentSheet/StripePaymentSheet/Source/PaymentSheet/Intent.swift (in target 'StripePaymentSheet' from project 'Stripe')
    cd /Users/xinyufang/Documents/Buzz/Buzz.xcodeproj
    

SwiftCompile normal arm64 /Users/xinyufang/Library/Developer/Xcode/DerivedData/Buzz-faillbpsmponqzeruhhvskovixzk/SourcePackages/checkouts/stripe-ios-spm/StripePaymentSheet/StripePaymentSheet/Source/PaymentSheet/IntentConfiguration+ClientContext.swift (in target 'StripePaymentSheet' from project 'Stripe')
    cd /Users/xinyufang/Documents/Buzz/Buzz.xcodeproj
    

SwiftCompile normal arm64 /Users/xinyufang/Library/Developer/Xcode/DerivedData/Buzz-faillbpsmponqzeruhhvskovixzk/SourcePackages/checkouts/stripe-ios-spm/StripePaymentSheet/StripePaymentSheet/Source/PaymentSheet/IntentConfirmParams.swift (in target 'StripePaymentSheet' from project 'Stripe')
    cd /Users/xinyufang/Documents/Buzz/Buzz.xcodeproj
    

SwiftCompile normal arm64 /Users/xinyufang/Library/Developer/Xcode/DerivedData/Buzz-faillbpsmponqzeruhhvskovixzk/SourcePackages/checkouts/stripe-ios-spm/StripePaymentSheet/StripePaymentSheet/Source/PaymentSheet/Link/LinkAppearance.swift (in target 'StripePaymentSheet' from project 'Stripe')
    cd /Users/xinyufang/Documents/Buzz/Buzz.xcodeproj
    

SwiftDriverJobDiscovery normal arm64 Emitting module for StripePaymentSheet (in target 'StripePaymentSheet' from project 'Stripe')

SwiftDriver\ Compilation\ Requirements StripePaymentSheet normal arm64 com.apple.xcode.tools.swift.compiler (in target 'StripePaymentSheet' from project 'Stripe')
    cd /Users/xinyufang/Documents/Buzz/Buzz.xcodeproj
    builtin-Swift-Compilation-Requirements -- /Applications/Xcode.app/Contents/Developer/Toolchains/XcodeDefault.xctoolchain/usr/bin/swiftc -module-name StripePaymentSheet -Onone -enforce-exclusivity\=checked @/Users/xinyufang/Library/Developer/Xcode/DerivedData/Buzz-faillbpsmponqzeruhhvskovixzk/Build/Intermediates.noindex/Stripe.build/Debug-iphonesimulator/StripePaymentSheet.build/Objects-normal/arm64/StripePaymentSheet.SwiftFileList -DSWIFT_PACKAGE -DDEBUG -DSWIFT_MODULE_RESOURCE_BUNDLE_AVAILABLE -Xcc -fmodule-map-file\=/Users/xinyufang/Library/Developer/Xcode/DerivedData/Buzz-faillbpsmponqzeruhhvskovixzk/Build/Intermediates.noindex/GeneratedModuleMaps-iphonesimulator/Stripe3DS2.modulemap -DXcode -plugin-path /Applications/Xcode.app/Contents/Developer/Toolchains/XcodeDefault.xctoolchain/usr/lib/swift/host/plugins/testing -enable-experimental-feature DebugDescriptionMacro -sdk /Applications/Xcode.app/Contents/Developer/Platforms/iPhoneSimulator.platform/Developer/SDKs/iPhoneSimulator26.0.sdk -target arm64-apple-ios13.0-simulator -g -module-cache-path /Users/xinyufang/Library/Developer/Xcode/DerivedData/ModuleCache.noindex -Xfrontend -serialize-debugging-options -enable-testing -suppress-warnings -index-store-path /Users/xinyufang/Library/Developer/Xcode/DerivedData/Buzz-faillbpsmponqzeruhhvskovixzk/Index.noindex/DataStore -Xcc -D_LIBCPP_HARDENING_MODE\=_LIBCPP_HARDENING_MODE_DEBUG -swift-version 5 -I /Users/xinyufang/Library/Developer/Xcode/DerivedData/Buzz-faillbpsmponqzeruhhvskovixzk/Build/Products/Debug-iphonesimulator -Isystem /Applications/Xcode.app/Contents/Developer/Platforms/iPhoneSimulator.platform/Developer/usr/lib -F /Users/xinyufang/Library/Developer/Xcode/DerivedData/Buzz-faillbpsmponqzeruhhvskovixzk/Build/Products/Debug-iphonesimulator/PackageFrameworks -F /Users/xinyufang/Library/Developer/Xcode/DerivedData/Buzz-faillbpsmponqzeruhhvskovixzk/Build/Products/Debug-iphonesimulator/PackageFrameworks -F /Users/xinyufang/Library/Developer/Xcode/DerivedData/Buzz-faillbpsmponqzeruhhvskovixzk/Build/Products/Debug-iphonesimulator/PackageFrameworks -F /Users/xinyufang/Library/Developer/Xcode/DerivedData/Buzz-faillbpsmponqzeruhhvskovixzk/Build/Products/Debug-iphonesimulator/PackageFrameworks -F /Users/xinyufang/Library/Developer/Xcode/DerivedData/Buzz-faillbpsmponqzeruhhvskovixzk/Build/Products/Debug-iphonesimulator/PackageFrameworks -F /Users/xinyufang/Library/Developer/Xcode/DerivedData/Buzz-faillbpsmponqzeruhhvskovixzk/Build/Products/Debug-iphonesimulator/PackageFrameworks -F /Users/xinyufang/Library/Developer/Xcode/DerivedData/Buzz-faillbpsmponqzeruhhvskovixzk/Build/Products/Debug-iphonesimulator -F /Applications/Xcode.app/Contents/Developer/Platforms/iPhoneSimulator.platform/Developer/Library/Frameworks -F /Applications/Xcode.app/Contents/Developer/Platforms/iPhoneSimulator.platform/Developer/SDKs/iPhoneSimulator26.0.sdk/Developer/Library/Frameworks -emit-localized-strings -emit-localized-strings-path /Users/xinyufang/Library/Developer/Xcode/DerivedData/Buzz-faillbpsmponqzeruhhvskovixzk/Build/Intermediates.noindex/Stripe.build/Debug-iphonesimulator/StripePaymentSheet.build/Objects-normal/arm64 -c -j8 -enable-batch-mode -incremental -Xcc -ivfsstatcache -Xcc /Users/xinyufang/Library/Developer/Xcode/DerivedData/SDKStatCaches.noindex/iphonesimulator26.0-23A339-26257891a6c027eb51374368541b8346.sdkstatcache -output-file-map /Users/xinyufang/Library/Developer/Xcode/DerivedData/Buzz-faillbpsmponqzeruhhvskovixzk/Build/Intermediates.noindex/Stripe.build/Debug-iphonesimulator/StripePaymentSheet.build/Objects-normal/arm64/StripePaymentSheet-OutputFileMap.json -use-frontend-parseable-output -save-temps -no-color-diagnostics -explicit-module-build -module-cache-path /Users/xinyufang/Library/Developer/Xcode/DerivedData/Buzz-faillbpsmponqzeruhhvskovixzk/Build/Intermediates.noindex/SwiftExplicitPrecompiledModules -clang-scanner-module-cache-path /Users/xinyufang/Library/Developer/Xcode/DerivedData/ModuleCache.noindex -sdk-module-cache-path /Users/xinyufang/Library/Developer/Xcode/DerivedData/ModuleCache.noindex -serialize-diagnostics -emit-dependencies -emit-module -emit-module-path /Users/xinyufang/Library/Developer/Xcode/DerivedData/Buzz-faillbpsmponqzeruhhvskovixzk/Build/Intermediates.noindex/Stripe.build/Debug-iphonesimulator/StripePaymentSheet.build/Objects-normal/arm64/StripePaymentSheet.swiftmodule -validate-clang-modules-once -clang-build-session-file /Users/xinyufang/Library/Developer/Xcode/DerivedData/ModuleCache.noindex/Session.modulevalidation -Xcc -I/Users/xinyufang/Library/Developer/Xcode/DerivedData/Buzz-faillbpsmponqzeruhhvskovixzk/Build/Intermediates.noindex/Stripe.build/Debug-iphonesimulator/StripePaymentSheet.build/swift-overrides.hmap -emit-const-values -Xfrontend -const-gather-protocols-file -Xfrontend /Users/xinyufang/Library/Developer/Xcode/DerivedData/Buzz-faillbpsmponqzeruhhvskovixzk/Build/Intermediates.noindex/Stripe.build/Debug-iphonesimulator/StripePaymentSheet.build/Objects-normal/arm64/StripePaymentSheet_const_extract_protocols.json -Xcc -I/Users/xinyufang/Library/Developer/Xcode/DerivedData/Buzz-faillbpsmponqzeruhhvskovixzk/SourcePackages/checkouts/stripe-ios-spm/Stripe3DS2/Stripe3DS2/include -Xcc -I/Users/xinyufang/Library/Developer/Xcode/DerivedData/Buzz-faillbpsmponqzeruhhvskovixzk/Build/Products/Debug-iphonesimulator/include -Xcc -I/Users/xinyufang/Library/Developer/Xcode/DerivedData/Buzz-faillbpsmponqzeruhhvskovixzk/Build/Intermediates.noindex/Stripe.build/Debug-iphonesimulator/StripePaymentSheet.build/DerivedSources-normal/arm64 -Xcc -I/Users/xinyufang/Library/Developer/Xcode/DerivedData/Buzz-faillbpsmponqzeruhhvskovixzk/Build/Intermediates.noindex/Stripe.build/Debug-iphonesimulator/StripePaymentSheet.build/DerivedSources/arm64 -Xcc -I/Users/xinyufang/Library/Developer/Xcode/DerivedData/Buzz-faillbpsmponqzeruhhvskovixzk/Build/Intermediates.noindex/Stripe.build/Debug-iphonesimulator/StripePaymentSheet.build/DerivedSources -Xcc -DSWIFT_PACKAGE -Xcc -DDEBUG\=1 -emit-objc-header -emit-objc-header-path /Users/xinyufang/Library/Developer/Xcode/DerivedData/Buzz-faillbpsmponqzeruhhvskovixzk/Build/Intermediates.noindex/Stripe.build/Debug-iphonesimulator/StripePaymentSheet.build/Objects-normal/arm64/StripePaymentSheet-Swift.h -working-directory /Users/xinyufang/Documents/Buzz/Buzz.xcodeproj -experimental-emit-module-separately -disable-cmo

SwiftDriverJobDiscovery normal arm64 Compiling FCLiteManifest.swift, FCLiteSession.swift, InstantDebitsOnlyFinancialConnectionsAuthManager.swift, LinkBadgeView.swift, LinkFullConsent-EmailView.swift, LinkFullConsent-FooterView.swift, LinkFullConsent-HeaderView.swift, LinkFullConsent-ScopesView.swift, LinkFullConsentViewController.swift, LinkHintMessageView.swift, LinkSheetNavigationBar.swift, LinkPaymentMethodPicker-AddButton.swift, LinkPaymentMethodPicker-Cell.swift, LinkPaymentMethodPicker-CellContentView.swift, LinkPaymentMethodPicker-Email.swift, LinkPaymentMethodPicker-Header.swift, LinkPaymentMethodPicker-RadioButton.swift, LinkPaymentMethodPicker.swift, TappableAttributedLabel.swift, LinkToast.swift, PayWithLinkViewController-BaseViewController.swift, PayWithLinkViewController-LoaderViewController.swift, PayWithLinkViewController-NewPaymentViewController.swift, PayWithLinkViewController-SignUpViewController.swift (in target 'StripePaymentSheet' from project 'Stripe')

SwiftCompile normal arm64 Compiling\ PaymentSheetIntentConfiguration.swift,\ PaymentSheetLoader.swift,\ STPAnalyticsClient+PaymentSheet.swift,\ STPApplePayContext+PaymentSheet.swift,\ STPPaymentIntentShippingDetailsParams+PaymentSheet.swift,\ SavedPaymentMethodCollectionView.swift,\ SavedPaymentOptionsViewController.swift,\ SavedPaymentMethodFormFactory+Card.swift,\ SavedPaymentMethodFormFactory+Link.swift,\ SavedPaymentMethodFormFactory+SEPADebit.swift,\ SavedPaymentMethodFormFactory+USBankAccount.swift,\ SavedPaymentMethodFormFactory.swift,\ BankAccountInfoView.swift,\ InstantDebitsPaymentMethodElement.swift,\ USBankAccountPaymentMethodElement.swift,\ FormHeaderView.swift,\ PaymentSheetVerticalViewController.swift,\ RightAccessoryButton.swift,\ RowButton.swift,\ RowButtonFlatWithCheckmark.swift,\ RowButtonFlatWithDisclosure.swift,\ RowButtonFlatWithRadioView.swift,\ RowButtonFloating.swift,\ VerticalPaymentMethodListViewController.swift /Users/xinyufang/Library/Developer/Xcode/DerivedData/Buzz-faillbpsmponqzeruhhvskovixzk/SourcePackages/checkouts/stripe-ios-spm/StripePaymentSheet/StripePaymentSheet/Source/PaymentSheet/PaymentSheetIntentConfiguration.swift /Users/xinyufang/Library/Developer/Xcode/DerivedData/Buzz-faillbpsmponqzeruhhvskovixzk/SourcePackages/checkouts/stripe-ios-spm/StripePaymentSheet/StripePaymentSheet/Source/PaymentSheet/PaymentSheetLoader.swift /Users/xinyufang/Library/Developer/Xcode/DerivedData/Buzz-faillbpsmponqzeruhhvskovixzk/SourcePackages/checkouts/stripe-ios-spm/StripePaymentSheet/StripePaymentSheet/Source/PaymentSheet/STPAnalyticsClient+PaymentSheet.swift /Users/xinyufang/Library/Developer/Xcode/DerivedData/Buzz-faillbpsmponqzeruhhvskovixzk/SourcePackages/checkouts/stripe-ios-spm/StripePaymentSheet/StripePaymentSheet/Source/PaymentSheet/STPApplePayContext+PaymentSheet.swift /Users/xinyufang/Library/Developer/Xcode/DerivedData/Buzz-faillbpsmponqzeruhhvskovixzk/SourcePackages/checkouts/stripe-ios-spm/StripePaymentSheet/StripePaymentSheet/Source/PaymentSheet/STPPaymentIntentShippingDetailsParams+PaymentSheet.swift /Users/xinyufang/Library/Developer/Xcode/DerivedData/Buzz-faillbpsmponqzeruhhvskovixzk/SourcePackages/checkouts/stripe-ios-spm/StripePaymentSheet/StripePaymentSheet/Source/PaymentSheet/Saved\ Payment\ Method\ Screen/SavedPaymentMethodCollectionView.swift /Users/xinyufang/Library/Developer/Xcode/DerivedData/Buzz-faillbpsmponqzeruhhvskovixzk/SourcePackages/checkouts/stripe-ios-spm/StripePaymentSheet/StripePaymentSheet/Source/PaymentSheet/Saved\ Payment\ Method\ Screen/SavedPaymentOptionsViewController.swift /Users/xinyufang/Library/Developer/Xcode/DerivedData/Buzz-faillbpsmponqzeruhhvskovixzk/SourcePackages/checkouts/stripe-ios-spm/StripePaymentSheet/StripePaymentSheet/Source/PaymentSheet/SavedPaymentMethodFormFactory/SavedPaymentMethodFormFactory+Card.swift /Users/xinyufang/Library/Developer/Xcode/DerivedData/Buzz-faillbpsmponqzeruhhvskovixzk/SourcePackages/checkouts/stripe-ios-spm/StripePaymentSheet/StripePaymentSheet/Source/PaymentSheet/SavedPaymentMethodFormFactory/SavedPaymentMethodFormFactory+Link.swift /Users/xinyufang/Library/Developer/Xcode/DerivedData/Buzz-faillbpsmponqzeruhhvskovixzk/SourcePackages/checkouts/stripe-ios-spm/StripePaymentSheet/StripePaymentSheet/Source/PaymentSheet/SavedPaymentMethodFormFactory/SavedPaymentMethodFormFactory+SEPADebit.swift /Users/xinyufang/Library/Developer/Xcode/DerivedData/Buzz-faillbpsmponqzeruhhvskovixzk/SourcePackages/checkouts/stripe-ios-spm/StripePaymentSheet/StripePaymentSheet/Source/PaymentSheet/SavedPaymentMethodFormFactory/SavedPaymentMethodFormFactory+USBankAccount.swift /Users/xinyufang/Library/Developer/Xcode/DerivedData/Buzz-faillbpsmponqzeruhhvskovixzk/SourcePackages/checkouts/stripe-ios-spm/StripePaymentSheet/StripePaymentSheet/Source/PaymentSheet/SavedPaymentMethodFormFactory/SavedPaymentMethodFormFactory.swift /Users/xinyufang/Library/Developer/Xcode/DerivedData/Buzz-faillbpsmponqzeruhhvskovixzk/SourcePackages/checkouts/stripe-ios-spm/StripePaymentSheet/StripePaymentSheet/Source/PaymentSheet/USBankAccount/BankAccountInfoView.swift /Users/xinyufang/Library/Developer/Xcode/DerivedData/Buzz-faillbpsmponqzeruhhvskovixzk/SourcePackages/checkouts/stripe-ios-spm/StripePaymentSheet/StripePaymentSheet/Source/PaymentSheet/USBankAccount/InstantDebitsPaymentMethodElement.swift /Users/xinyufang/Library/Developer/Xcode/DerivedData/Buzz-faillbpsmponqzeruhhvskovixzk/SourcePackages/checkouts/stripe-ios-spm/StripePaymentSheet/StripePaymentSheet/Source/PaymentSheet/USBankAccount/USBankAccountPaymentMethodElement.swift /Users/xinyufang/Library/Developer/Xcode/DerivedData/Buzz-faillbpsmponqzeruhhvskovixzk/SourcePackages/checkouts/stripe-ios-spm/StripePaymentSheet/StripePaymentSheet/Source/PaymentSheet/Vertical\ Main\ Screen/FormHeaderView.swift /Users/xinyufang/Library/Developer/Xcode/DerivedData/Buzz-faillbpsmponqzeruhhvskovixzk/SourcePackages/checkouts/stripe-ios-spm/StripePaymentSheet/StripePaymentSheet/Source/PaymentSheet/Vertical\ Main\ Screen/PaymentSheetVerticalViewController.swift /Users/xinyufang/Library/Developer/Xcode/DerivedData/Buzz-faillbpsmponqzeruhhvskovixzk/SourcePackages/checkouts/stripe-ios-spm/StripePaymentSheet/StripePaymentSheet/Source/PaymentSheet/Vertical\ Main\ Screen/RightAccessoryButton.swift /Users/xinyufang/Library/Developer/Xcode/DerivedData/Buzz-faillbpsmponqzeruhhvskovixzk/SourcePackages/checkouts/stripe-ios-spm/StripePaymentSheet/StripePaymentSheet/Source/PaymentSheet/Vertical\ Main\ Screen/RowButton.swift /Users/xinyufang/Library/Developer/Xcode/DerivedData/Buzz-faillbpsmponqzeruhhvskovixzk/SourcePackages/checkouts/stripe-ios-spm/StripePaymentSheet/StripePaymentSheet/Source/PaymentSheet/Vertical\ Main\ Screen/RowButtonFlatWithCheckmark.swift /Users/xinyufang/Library/Developer/Xcode/DerivedData/Buzz-faillbpsmponqzeruhhvskovixzk/SourcePackages/checkouts/stripe-ios-spm/StripePaymentSheet/StripePaymentSheet/Source/PaymentSheet/Vertical\ Main\ Screen/RowButtonFlatWithDisclosure.swift /Users/xinyufang/Library/Developer/Xcode/DerivedData/Buzz-faillbpsmponqzeruhhvskovixzk/SourcePackages/checkouts/stripe-ios-spm/StripePaymentSheet/StripePaymentSheet/Source/PaymentSheet/Vertical\ Main\ Screen/RowButtonFlatWithRadioView.swift /Users/xinyufang/Library/Developer/Xcode/DerivedData/Buzz-faillbpsmponqzeruhhvskovixzk/SourcePackages/checkouts/stripe-ios-spm/StripePaymentSheet/StripePaymentSheet/Source/PaymentSheet/Vertical\ Main\ Screen/RowButtonFloating.swift /Users/xinyufang/Library/Developer/Xcode/DerivedData/Buzz-faillbpsmponqzeruhhvskovixzk/SourcePackages/checkouts/stripe-ios-spm/StripePaymentSheet/StripePaymentSheet/Source/PaymentSheet/Vertical\ Main\ Screen/VerticalPaymentMethodListViewController.swift (in target 'StripePaymentSheet' from project 'Stripe')
SwiftCompile normal arm64 /Users/xinyufang/Library/Developer/Xcode/DerivedData/Buzz-faillbpsmponqzeruhhvskovixzk/SourcePackages/checkouts/stripe-ios-spm/StripePaymentSheet/StripePaymentSheet/Source/PaymentSheet/PaymentSheetIntentConfiguration.swift (in target 'StripePaymentSheet' from project 'Stripe')
    cd /Users/xinyufang/Documents/Buzz/Buzz.xcodeproj
    

SwiftCompile normal arm64 /Users/xinyufang/Library/Developer/Xcode/DerivedData/Buzz-faillbpsmponqzeruhhvskovixzk/SourcePackages/checkouts/stripe-ios-spm/StripePaymentSheet/StripePaymentSheet/Source/PaymentSheet/PaymentSheetLoader.swift (in target 'StripePaymentSheet' from project 'Stripe')
    cd /Users/xinyufang/Documents/Buzz/Buzz.xcodeproj
    

SwiftCompile normal arm64 /Users/xinyufang/Library/Developer/Xcode/DerivedData/Buzz-faillbpsmponqzeruhhvskovixzk/SourcePackages/checkouts/stripe-ios-spm/StripePaymentSheet/StripePaymentSheet/Source/PaymentSheet/STPAnalyticsClient+PaymentSheet.swift (in target 'StripePaymentSheet' from project 'Stripe')
    cd /Users/xinyufang/Documents/Buzz/Buzz.xcodeproj
    

SwiftCompile normal arm64 /Users/xinyufang/Library/Developer/Xcode/DerivedData/Buzz-faillbpsmponqzeruhhvskovixzk/SourcePackages/checkouts/stripe-ios-spm/StripePaymentSheet/StripePaymentSheet/Source/PaymentSheet/STPApplePayContext+PaymentSheet.swift (in target 'StripePaymentSheet' from project 'Stripe')
    cd /Users/xinyufang/Documents/Buzz/Buzz.xcodeproj
    

SwiftCompile normal arm64 /Users/xinyufang/Library/Developer/Xcode/DerivedData/Buzz-faillbpsmponqzeruhhvskovixzk/SourcePackages/checkouts/stripe-ios-spm/StripePaymentSheet/StripePaymentSheet/Source/PaymentSheet/STPPaymentIntentShippingDetailsParams+PaymentSheet.swift (in target 'StripePaymentSheet' from project 'Stripe')
    cd /Users/xinyufang/Documents/Buzz/Buzz.xcodeproj
    

SwiftCompile normal arm64 /Users/xinyufang/Library/Developer/Xcode/DerivedData/Buzz-faillbpsmponqzeruhhvskovixzk/SourcePackages/checkouts/stripe-ios-spm/StripePaymentSheet/StripePaymentSheet/Source/PaymentSheet/Saved\ Payment\ Method\ Screen/SavedPaymentMethodCollectionView.swift (in target 'StripePaymentSheet' from project 'Stripe')
    cd /Users/xinyufang/Documents/Buzz/Buzz.xcodeproj
    

SwiftCompile normal arm64 /Users/xinyufang/Library/Developer/Xcode/DerivedData/Buzz-faillbpsmponqzeruhhvskovixzk/SourcePackages/checkouts/stripe-ios-spm/StripePaymentSheet/StripePaymentSheet/Source/PaymentSheet/Saved\ Payment\ Method\ Screen/SavedPaymentOptionsViewController.swift (in target 'StripePaymentSheet' from project 'Stripe')
    cd /Users/xinyufang/Documents/Buzz/Buzz.xcodeproj
    

SwiftCompile normal arm64 /Users/xinyufang/Library/Developer/Xcode/DerivedData/Buzz-faillbpsmponqzeruhhvskovixzk/SourcePackages/checkouts/stripe-ios-spm/StripePaymentSheet/StripePaymentSheet/Source/PaymentSheet/SavedPaymentMethodFormFactory/SavedPaymentMethodFormFactory+Card.swift (in target 'StripePaymentSheet' from project 'Stripe')
    cd /Users/xinyufang/Documents/Buzz/Buzz.xcodeproj
    

SwiftCompile normal arm64 /Users/xinyufang/Library/Developer/Xcode/DerivedData/Buzz-faillbpsmponqzeruhhvskovixzk/SourcePackages/checkouts/stripe-ios-spm/StripePaymentSheet/StripePaymentSheet/Source/PaymentSheet/SavedPaymentMethodFormFactory/SavedPaymentMethodFormFactory+Link.swift (in target 'StripePaymentSheet' from project 'Stripe')
    cd /Users/xinyufang/Documents/Buzz/Buzz.xcodeproj
    

SwiftCompile normal arm64 /Users/xinyufang/Library/Developer/Xcode/DerivedData/Buzz-faillbpsmponqzeruhhvskovixzk/SourcePackages/checkouts/stripe-ios-spm/StripePaymentSheet/StripePaymentSheet/Source/PaymentSheet/SavedPaymentMethodFormFactory/SavedPaymentMethodFormFactory+SEPADebit.swift (in target 'StripePaymentSheet' from project 'Stripe')
    cd /Users/xinyufang/Documents/Buzz/Buzz.xcodeproj
    

SwiftCompile normal arm64 /Users/xinyufang/Library/Developer/Xcode/DerivedData/Buzz-faillbpsmponqzeruhhvskovixzk/SourcePackages/checkouts/stripe-ios-spm/StripePaymentSheet/StripePaymentSheet/Source/PaymentSheet/SavedPaymentMethodFormFactory/SavedPaymentMethodFormFactory+USBankAccount.swift (in target 'StripePaymentSheet' from project 'Stripe')
    cd /Users/xinyufang/Documents/Buzz/Buzz.xcodeproj
    

SwiftCompile normal arm64 /Users/xinyufang/Library/Developer/Xcode/DerivedData/Buzz-faillbpsmponqzeruhhvskovixzk/SourcePackages/checkouts/stripe-ios-spm/StripePaymentSheet/StripePaymentSheet/Source/PaymentSheet/SavedPaymentMethodFormFactory/SavedPaymentMethodFormFactory.swift (in target 'StripePaymentSheet' from project 'Stripe')
    cd /Users/xinyufang/Documents/Buzz/Buzz.xcodeproj
    

SwiftCompile normal arm64 /Users/xinyufang/Library/Developer/Xcode/DerivedData/Buzz-faillbpsmponqzeruhhvskovixzk/SourcePackages/checkouts/stripe-ios-spm/StripePaymentSheet/StripePaymentSheet/Source/PaymentSheet/USBankAccount/BankAccountInfoView.swift (in target 'StripePaymentSheet' from project 'Stripe')
    cd /Users/xinyufang/Documents/Buzz/Buzz.xcodeproj
    

SwiftCompile normal arm64 /Users/xinyufang/Library/Developer/Xcode/DerivedData/Buzz-faillbpsmponqzeruhhvskovixzk/SourcePackages/checkouts/stripe-ios-spm/StripePaymentSheet/StripePaymentSheet/Source/PaymentSheet/USBankAccount/InstantDebitsPaymentMethodElement.swift (in target 'StripePaymentSheet' from project 'Stripe')
    cd /Users/xinyufang/Documents/Buzz/Buzz.xcodeproj
    

SwiftCompile normal arm64 /Users/xinyufang/Library/Developer/Xcode/DerivedData/Buzz-faillbpsmponqzeruhhvskovixzk/SourcePackages/checkouts/stripe-ios-spm/StripePaymentSheet/StripePaymentSheet/Source/PaymentSheet/USBankAccount/USBankAccountPaymentMethodElement.swift (in target 'StripePaymentSheet' from project 'Stripe')
    cd /Users/xinyufang/Documents/Buzz/Buzz.xcodeproj
    

SwiftCompile normal arm64 /Users/xinyufang/Library/Developer/Xcode/DerivedData/Buzz-faillbpsmponqzeruhhvskovixzk/SourcePackages/checkouts/stripe-ios-spm/StripePaymentSheet/StripePaymentSheet/Source/PaymentSheet/Vertical\ Main\ Screen/FormHeaderView.swift (in target 'StripePaymentSheet' from project 'Stripe')
    cd /Users/xinyufang/Documents/Buzz/Buzz.xcodeproj
    

SwiftCompile normal arm64 /Users/xinyufang/Library/Developer/Xcode/DerivedData/Buzz-faillbpsmponqzeruhhvskovixzk/SourcePackages/checkouts/stripe-ios-spm/StripePaymentSheet/StripePaymentSheet/Source/PaymentSheet/Vertical\ Main\ Screen/PaymentSheetVerticalViewController.swift (in target 'StripePaymentSheet' from project 'Stripe')
    cd /Users/xinyufang/Documents/Buzz/Buzz.xcodeproj
    

SwiftCompile normal arm64 /Users/xinyufang/Library/Developer/Xcode/DerivedData/Buzz-faillbpsmponqzeruhhvskovixzk/SourcePackages/checkouts/stripe-ios-spm/StripePaymentSheet/StripePaymentSheet/Source/PaymentSheet/Vertical\ Main\ Screen/RightAccessoryButton.swift (in target 'StripePaymentSheet' from project 'Stripe')
    cd /Users/xinyufang/Documents/Buzz/Buzz.xcodeproj
    

SwiftCompile normal arm64 /Users/xinyufang/Library/Developer/Xcode/DerivedData/Buzz-faillbpsmponqzeruhhvskovixzk/SourcePackages/checkouts/stripe-ios-spm/StripePaymentSheet/StripePaymentSheet/Source/PaymentSheet/Vertical\ Main\ Screen/RowButton.swift (in target 'StripePaymentSheet' from project 'Stripe')
    cd /Users/xinyufang/Documents/Buzz/Buzz.xcodeproj
    

SwiftCompile normal arm64 /Users/xinyufang/Library/Developer/Xcode/DerivedData/Buzz-faillbpsmponqzeruhhvskovixzk/SourcePackages/checkouts/stripe-ios-spm/StripePaymentSheet/StripePaymentSheet/Source/PaymentSheet/Vertical\ Main\ Screen/RowButtonFlatWithCheckmark.swift (in target 'StripePaymentSheet' from project 'Stripe')
    cd /Users/xinyufang/Documents/Buzz/Buzz.xcodeproj
    

SwiftCompile normal arm64 /Users/xinyufang/Library/Developer/Xcode/DerivedData/Buzz-faillbpsmponqzeruhhvskovixzk/SourcePackages/checkouts/stripe-ios-spm/StripePaymentSheet/StripePaymentSheet/Source/PaymentSheet/Vertical\ Main\ Screen/RowButtonFlatWithDisclosure.swift (in target 'StripePaymentSheet' from project 'Stripe')
    cd /Users/xinyufang/Documents/Buzz/Buzz.xcodeproj
    

SwiftCompile normal arm64 /Users/xinyufang/Library/Developer/Xcode/DerivedData/Buzz-faillbpsmponqzeruhhvskovixzk/SourcePackages/checkouts/stripe-ios-spm/StripePaymentSheet/StripePaymentSheet/Source/PaymentSheet/Vertical\ Main\ Screen/RowButtonFlatWithRadioView.swift (in target 'StripePaymentSheet' from project 'Stripe')
    cd /Users/xinyufang/Documents/Buzz/Buzz.xcodeproj
    

SwiftCompile normal arm64 /Users/xinyufang/Library/Developer/Xcode/DerivedData/Buzz-faillbpsmponqzeruhhvskovixzk/SourcePackages/checkouts/stripe-ios-spm/StripePaymentSheet/StripePaymentSheet/Source/PaymentSheet/Vertical\ Main\ Screen/RowButtonFloating.swift (in target 'StripePaymentSheet' from project 'Stripe')
    cd /Users/xinyufang/Documents/Buzz/Buzz.xcodeproj
    

SwiftCompile normal arm64 /Users/xinyufang/Library/Developer/Xcode/DerivedData/Buzz-faillbpsmponqzeruhhvskovixzk/SourcePackages/checkouts/stripe-ios-spm/StripePaymentSheet/StripePaymentSheet/Source/PaymentSheet/Vertical\ Main\ Screen/VerticalPaymentMethodListViewController.swift (in target 'StripePaymentSheet' from project 'Stripe')
    cd /Users/xinyufang/Documents/Buzz/Buzz.xcodeproj
    

SwiftCompile normal arm64 Compiling\ PayWithLinkViewController-UpdatePaymentViewController.swift,\ PayWithLinkViewController-VerifyAccountViewController.swift,\ PayWithLinkViewController-WalletViewController.swift,\ PayWithLinkViewController-WalletViewModel.swift,\ PayWithLinkViewController.swift,\ PayWithLinkWebController.swift,\ LinkDefaultOptInView.swift,\ LinkInlineSignupElement.swift,\ LinkInlineSignupView-CheckboxElement.swift,\ LinkInlineSignupView.swift,\ LinkEmailElement.swift,\ LinkPaymentMethodFormElement.swift,\ Button+Link.swift,\ ConfirmButton+Link.swift,\ Error+Link.swift,\ FormElement+Link.swift,\ Intent+Link.swift,\ PaymentSheet-Configuration+Link.swift,\ STPAnalyticsClient+Link.swift,\ UIColor+Link.swift,\ LinkUI.swift,\ LinkAccountService.swift,\ LinkSignUpViewController.swift,\ LinkSignUpViewModel.swift /Users/xinyufang/Library/Developer/Xcode/DerivedData/Buzz-faillbpsmponqzeruhhvskovixzk/SourcePackages/checkouts/stripe-ios-spm/StripePaymentSheet/StripePaymentSheet/Source/Internal/Link/Controllers/PayWithLinkViewController-UpdatePaymentViewController.swift /Users/xinyufang/Library/Developer/Xcode/DerivedData/Buzz-faillbpsmponqzeruhhvskovixzk/SourcePackages/checkouts/stripe-ios-spm/StripePaymentSheet/StripePaymentSheet/Source/Internal/Link/Controllers/PayWithLinkViewController-VerifyAccountViewController.swift /Users/xinyufang/Library/Developer/Xcode/DerivedData/Buzz-faillbpsmponqzeruhhvskovixzk/SourcePackages/checkouts/stripe-ios-spm/StripePaymentSheet/StripePaymentSheet/Source/Internal/Link/Controllers/PayWithLinkViewController-WalletViewController.swift /Users/xinyufang/Library/Developer/Xcode/DerivedData/Buzz-faillbpsmponqzeruhhvskovixzk/SourcePackages/checkouts/stripe-ios-spm/StripePaymentSheet/StripePaymentSheet/Source/Internal/Link/Controllers/PayWithLinkViewController-WalletViewModel.swift /Users/xinyufang/Library/Developer/Xcode/DerivedData/Buzz-faillbpsmponqzeruhhvskovixzk/SourcePackages/checkouts/stripe-ios-spm/StripePaymentSheet/StripePaymentSheet/Source/Internal/Link/Controllers/PayWithLinkViewController.swift /Users/xinyufang/Library/Developer/Xcode/DerivedData/Buzz-faillbpsmponqzeruhhvskovixzk/SourcePackages/checkouts/stripe-ios-spm/StripePaymentSheet/StripePaymentSheet/Source/Internal/Link/Controllers/PayWithLinkWebController.swift /Users/xinyufang/Library/Developer/Xcode/DerivedData/Buzz-faillbpsmponqzeruhhvskovixzk/SourcePackages/checkouts/stripe-ios-spm/StripePaymentSheet/StripePaymentSheet/Source/Internal/Link/Elements/InlineSignup/LinkDefaultOptInView.swift /Users/xinyufang/Library/Developer/Xcode/DerivedData/Buzz-faillbpsmponqzeruhhvskovixzk/SourcePackages/checkouts/stripe-ios-spm/StripePaymentSheet/StripePaymentSheet/Source/Internal/Link/Elements/InlineSignup/LinkInlineSignupElement.swift /Users/xinyufang/Library/Developer/Xcode/DerivedData/Buzz-faillbpsmponqzeruhhvskovixzk/SourcePackages/checkouts/stripe-ios-spm/StripePaymentSheet/StripePaymentSheet/Source/Internal/Link/Elements/InlineSignup/LinkInlineSignupView-CheckboxElement.swift /Users/xinyufang/Library/Developer/Xcode/DerivedData/Buzz-faillbpsmponqzeruhhvskovixzk/SourcePackages/checkouts/stripe-ios-spm/StripePaymentSheet/StripePaymentSheet/Source/Internal/Link/Elements/InlineSignup/LinkInlineSignupView.swift /Users/xinyufang/Library/Developer/Xcode/DerivedData/Buzz-faillbpsmponqzeruhhvskovixzk/SourcePackages/checkouts/stripe-ios-spm/StripePaymentSheet/StripePaymentSheet/Source/Internal/Link/Elements/LinkEmailElement.swift /Users/xinyufang/Library/Developer/Xcode/DerivedData/Buzz-faillbpsmponqzeruhhvskovixzk/SourcePackages/checkouts/stripe-ios-spm/StripePaymentSheet/StripePaymentSheet/Source/Internal/Link/Elements/LinkPaymentMethodFormElement.swift /Users/xinyufang/Library/Developer/Xcode/DerivedData/Buzz-faillbpsmponqzeruhhvskovixzk/SourcePackages/checkouts/stripe-ios-spm/StripePaymentSheet/StripePaymentSheet/Source/Internal/Link/Extensions/Button+Link.swift /Users/xinyufang/Library/Developer/Xcode/DerivedData/Buzz-faillbpsmponqzeruhhvskovixzk/SourcePackages/checkouts/stripe-ios-spm/StripePaymentSheet/StripePaymentSheet/Source/Internal/Link/Extensions/ConfirmButton+Link.swift /Users/xinyufang/Library/Developer/Xcode/DerivedData/Buzz-faillbpsmponqzeruhhvskovixzk/SourcePackages/checkouts/stripe-ios-spm/StripePaymentSheet/StripePaymentSheet/Source/Internal/Link/Extensions/Error+Link.swift /Users/xinyufang/Library/Developer/Xcode/DerivedData/Buzz-faillbpsmponqzeruhhvskovixzk/SourcePackages/checkouts/stripe-ios-spm/StripePaymentSheet/StripePaymentSheet/Source/Internal/Link/Extensions/FormElement+Link.swift /Users/xinyufang/Library/Developer/Xcode/DerivedData/Buzz-faillbpsmponqzeruhhvskovixzk/SourcePackages/checkouts/stripe-ios-spm/StripePaymentSheet/StripePaymentSheet/Source/Internal/Link/Extensions/Intent+Link.swift /Users/xinyufang/Library/Developer/Xcode/DerivedData/Buzz-faillbpsmponqzeruhhvskovixzk/SourcePackages/checkouts/stripe-ios-spm/StripePaymentSheet/StripePaymentSheet/Source/Internal/Link/Extensions/PaymentSheet-Configuration+Link.swift /Users/xinyufang/Library/Developer/Xcode/DerivedData/Buzz-faillbpsmponqzeruhhvskovixzk/SourcePackages/checkouts/stripe-ios-spm/StripePaymentSheet/StripePaymentSheet/Source/Internal/Link/Extensions/STPAnalyticsClient+Link.swift /Users/xinyufang/Library/Developer/Xcode/DerivedData/Buzz-faillbpsmponqzeruhhvskovixzk/SourcePackages/checkouts/stripe-ios-spm/StripePaymentSheet/StripePaymentSheet/Source/Internal/Link/Extensions/UIColor+Link.swift /Users/xinyufang/Library/Developer/Xcode/DerivedData/Buzz-faillbpsmponqzeruhhvskovixzk/SourcePackages/checkouts/stripe-ios-spm/StripePaymentSheet/StripePaymentSheet/Source/Internal/Link/LinkUI.swift /Users/xinyufang/Library/Developer/Xcode/DerivedData/Buzz-faillbpsmponqzeruhhvskovixzk/SourcePackages/checkouts/stripe-ios-spm/StripePaymentSheet/StripePaymentSheet/Source/Internal/Link/Services/LinkAccountService.swift /Users/xinyufang/Library/Developer/Xcode/DerivedData/Buzz-faillbpsmponqzeruhhvskovixzk/SourcePackages/checkouts/stripe-ios-spm/StripePaymentSheet/StripePaymentSheet/Source/Internal/Link/SignUp/LinkSignUpViewController.swift /Users/xinyufang/Library/Developer/Xcode/DerivedData/Buzz-faillbpsmponqzeruhhvskovixzk/SourcePackages/checkouts/stripe-ios-spm/StripePaymentSheet/StripePaymentSheet/Source/Internal/Link/SignUp/LinkSignUpViewModel.swift (in target 'StripePaymentSheet' from project 'Stripe')

SwiftCompile normal arm64 /Users/xinyufang/Library/Developer/Xcode/DerivedData/Buzz-faillbpsmponqzeruhhvskovixzk/SourcePackages/checkouts/stripe-ios-spm/StripePaymentSheet/StripePaymentSheet/Source/Internal/Link/Controllers/PayWithLinkViewController-UpdatePaymentViewController.swift (in target 'StripePaymentSheet' from project 'Stripe')
    cd /Users/xinyufang/Documents/Buzz/Buzz.xcodeproj
    

SwiftCompile normal arm64 /Users/xinyufang/Library/Developer/Xcode/DerivedData/Buzz-faillbpsmponqzeruhhvskovixzk/SourcePackages/checkouts/stripe-ios-spm/StripePaymentSheet/StripePaymentSheet/Source/Internal/Link/Controllers/PayWithLinkViewController-VerifyAccountViewController.swift (in target 'StripePaymentSheet' from project 'Stripe')
    cd /Users/xinyufang/Documents/Buzz/Buzz.xcodeproj
    

SwiftCompile normal arm64 /Users/xinyufang/Library/Developer/Xcode/DerivedData/Buzz-faillbpsmponqzeruhhvskovixzk/SourcePackages/checkouts/stripe-ios-spm/StripePaymentSheet/StripePaymentSheet/Source/Internal/Link/Controllers/PayWithLinkViewController-WalletViewController.swift (in target 'StripePaymentSheet' from project 'Stripe')
    cd /Users/xinyufang/Documents/Buzz/Buzz.xcodeproj
    

SwiftCompile normal arm64 /Users/xinyufang/Library/Developer/Xcode/DerivedData/Buzz-faillbpsmponqzeruhhvskovixzk/SourcePackages/checkouts/stripe-ios-spm/StripePaymentSheet/StripePaymentSheet/Source/Internal/Link/Controllers/PayWithLinkViewController-WalletViewModel.swift (in target 'StripePaymentSheet' from project 'Stripe')
    cd /Users/xinyufang/Documents/Buzz/Buzz.xcodeproj
    

SwiftCompile normal arm64 /Users/xinyufang/Library/Developer/Xcode/DerivedData/Buzz-faillbpsmponqzeruhhvskovixzk/SourcePackages/checkouts/stripe-ios-spm/StripePaymentSheet/StripePaymentSheet/Source/Internal/Link/Controllers/PayWithLinkViewController.swift (in target 'StripePaymentSheet' from project 'Stripe')
    cd /Users/xinyufang/Documents/Buzz/Buzz.xcodeproj
    

SwiftCompile normal arm64 /Users/xinyufang/Library/Developer/Xcode/DerivedData/Buzz-faillbpsmponqzeruhhvskovixzk/SourcePackages/checkouts/stripe-ios-spm/StripePaymentSheet/StripePaymentSheet/Source/Internal/Link/Controllers/PayWithLinkWebController.swift (in target 'StripePaymentSheet' from project 'Stripe')
    cd /Users/xinyufang/Documents/Buzz/Buzz.xcodeproj
    

SwiftCompile normal arm64 /Users/xinyufang/Library/Developer/Xcode/DerivedData/Buzz-faillbpsmponqzeruhhvskovixzk/SourcePackages/checkouts/stripe-ios-spm/StripePaymentSheet/StripePaymentSheet/Source/Internal/Link/Elements/InlineSignup/LinkDefaultOptInView.swift (in target 'StripePaymentSheet' from project 'Stripe')
    cd /Users/xinyufang/Documents/Buzz/Buzz.xcodeproj
    

SwiftCompile normal arm64 /Users/xinyufang/Library/Developer/Xcode/DerivedData/Buzz-faillbpsmponqzeruhhvskovixzk/SourcePackages/checkouts/stripe-ios-spm/StripePaymentSheet/StripePaymentSheet/Source/Internal/Link/Elements/InlineSignup/LinkInlineSignupElement.swift (in target 'StripePaymentSheet' from project 'Stripe')
    cd /Users/xinyufang/Documents/Buzz/Buzz.xcodeproj
    

SwiftCompile normal arm64 /Users/xinyufang/Library/Developer/Xcode/DerivedData/Buzz-faillbpsmponqzeruhhvskovixzk/SourcePackages/checkouts/stripe-ios-spm/StripePaymentSheet/StripePaymentSheet/Source/Internal/Link/Elements/InlineSignup/LinkInlineSignupView-CheckboxElement.swift (in target 'StripePaymentSheet' from project 'Stripe')
    cd /Users/xinyufang/Documents/Buzz/Buzz.xcodeproj
    

SwiftCompile normal arm64 /Users/xinyufang/Library/Developer/Xcode/DerivedData/Buzz-faillbpsmponqzeruhhvskovixzk/SourcePackages/checkouts/stripe-ios-spm/StripePaymentSheet/StripePaymentSheet/Source/Internal/Link/Elements/InlineSignup/LinkInlineSignupView.swift (in target 'StripePaymentSheet' from project 'Stripe')
    cd /Users/xinyufang/Documents/Buzz/Buzz.xcodeproj
    

SwiftCompile normal arm64 /Users/xinyufang/Library/Developer/Xcode/DerivedData/Buzz-faillbpsmponqzeruhhvskovixzk/SourcePackages/checkouts/stripe-ios-spm/StripePaymentSheet/StripePaymentSheet/Source/Internal/Link/Elements/LinkEmailElement.swift (in target 'StripePaymentSheet' from project 'Stripe')
    cd /Users/xinyufang/Documents/Buzz/Buzz.xcodeproj
    

SwiftCompile normal arm64 /Users/xinyufang/Library/Developer/Xcode/DerivedData/Buzz-faillbpsmponqzeruhhvskovixzk/SourcePackages/checkouts/stripe-ios-spm/StripePaymentSheet/StripePaymentSheet/Source/Internal/Link/Elements/LinkPaymentMethodFormElement.swift (in target 'StripePaymentSheet' from project 'Stripe')
    cd /Users/xinyufang/Documents/Buzz/Buzz.xcodeproj
    

SwiftCompile normal arm64 /Users/xinyufang/Library/Developer/Xcode/DerivedData/Buzz-faillbpsmponqzeruhhvskovixzk/SourcePackages/checkouts/stripe-ios-spm/StripePaymentSheet/StripePaymentSheet/Source/Internal/Link/Extensions/Button+Link.swift (in target 'StripePaymentSheet' from project 'Stripe')
    cd /Users/xinyufang/Documents/Buzz/Buzz.xcodeproj
    

SwiftCompile normal arm64 /Users/xinyufang/Library/Developer/Xcode/DerivedData/Buzz-faillbpsmponqzeruhhvskovixzk/SourcePackages/checkouts/stripe-ios-spm/StripePaymentSheet/StripePaymentSheet/Source/Internal/Link/Extensions/ConfirmButton+Link.swift (in target 'StripePaymentSheet' from project 'Stripe')
    cd /Users/xinyufang/Documents/Buzz/Buzz.xcodeproj
    

SwiftCompile normal arm64 /Users/xinyufang/Library/Developer/Xcode/DerivedData/Buzz-faillbpsmponqzeruhhvskovixzk/SourcePackages/checkouts/stripe-ios-spm/StripePaymentSheet/StripePaymentSheet/Source/Internal/Link/Extensions/Error+Link.swift (in target 'StripePaymentSheet' from project 'Stripe')
    cd /Users/xinyufang/Documents/Buzz/Buzz.xcodeproj
    

SwiftCompile normal arm64 /Users/xinyufang/Library/Developer/Xcode/DerivedData/Buzz-faillbpsmponqzeruhhvskovixzk/SourcePackages/checkouts/stripe-ios-spm/StripePaymentSheet/StripePaymentSheet/Source/Internal/Link/Extensions/FormElement+Link.swift (in target 'StripePaymentSheet' from project 'Stripe')
    cd /Users/xinyufang/Documents/Buzz/Buzz.xcodeproj
    

SwiftCompile normal arm64 /Users/xinyufang/Library/Developer/Xcode/DerivedData/Buzz-faillbpsmponqzeruhhvskovixzk/SourcePackages/checkouts/stripe-ios-spm/StripePaymentSheet/StripePaymentSheet/Source/Internal/Link/Extensions/Intent+Link.swift (in target 'StripePaymentSheet' from project 'Stripe')
    cd /Users/xinyufang/Documents/Buzz/Buzz.xcodeproj
    

SwiftCompile normal arm64 /Users/xinyufang/Library/Developer/Xcode/DerivedData/Buzz-faillbpsmponqzeruhhvskovixzk/SourcePackages/checkouts/stripe-ios-spm/StripePaymentSheet/StripePaymentSheet/Source/Internal/Link/Extensions/PaymentSheet-Configuration+Link.swift (in target 'StripePaymentSheet' from project 'Stripe')
    cd /Users/xinyufang/Documents/Buzz/Buzz.xcodeproj
    

SwiftCompile normal arm64 /Users/xinyufang/Library/Developer/Xcode/DerivedData/Buzz-faillbpsmponqzeruhhvskovixzk/SourcePackages/checkouts/stripe-ios-spm/StripePaymentSheet/StripePaymentSheet/Source/Internal/Link/Extensions/STPAnalyticsClient+Link.swift (in target 'StripePaymentSheet' from project 'Stripe')
    cd /Users/xinyufang/Documents/Buzz/Buzz.xcodeproj
    

SwiftCompile normal arm64 /Users/xinyufang/Library/Developer/Xcode/DerivedData/Buzz-faillbpsmponqzeruhhvskovixzk/SourcePackages/checkouts/stripe-ios-spm/StripePaymentSheet/StripePaymentSheet/Source/Internal/Link/Extensions/UIColor+Link.swift (in target 'StripePaymentSheet' from project 'Stripe')
    cd /Users/xinyufang/Documents/Buzz/Buzz.xcodeproj
    

SwiftCompile normal arm64 /Users/xinyufang/Library/Developer/Xcode/DerivedData/Buzz-faillbpsmponqzeruhhvskovixzk/SourcePackages/checkouts/stripe-ios-spm/StripePaymentSheet/StripePaymentSheet/Source/Internal/Link/LinkUI.swift (in target 'StripePaymentSheet' from project 'Stripe')
    cd /Users/xinyufang/Documents/Buzz/Buzz.xcodeproj
    

SwiftCompile normal arm64 /Users/xinyufang/Library/Developer/Xcode/DerivedData/Buzz-faillbpsmponqzeruhhvskovixzk/SourcePackages/checkouts/stripe-ios-spm/StripePaymentSheet/StripePaymentSheet/Source/Internal/Link/Services/LinkAccountService.swift (in target 'StripePaymentSheet' from project 'Stripe')
    cd /Users/xinyufang/Documents/Buzz/Buzz.xcodeproj
    

SwiftCompile normal arm64 /Users/xinyufang/Library/Developer/Xcode/DerivedData/Buzz-faillbpsmponqzeruhhvskovixzk/SourcePackages/checkouts/stripe-ios-spm/StripePaymentSheet/StripePaymentSheet/Source/Internal/Link/SignUp/LinkSignUpViewController.swift (in target 'StripePaymentSheet' from project 'Stripe')
    cd /Users/xinyufang/Documents/Buzz/Buzz.xcodeproj
    

SwiftCompile normal arm64 /Users/xinyufang/Library/Developer/Xcode/DerivedData/Buzz-faillbpsmponqzeruhhvskovixzk/SourcePackages/checkouts/stripe-ios-spm/StripePaymentSheet/StripePaymentSheet/Source/Internal/Link/SignUp/LinkSignUpViewModel.swift (in target 'StripePaymentSheet' from project 'Stripe')
    cd /Users/xinyufang/Documents/Buzz/Buzz.xcodeproj
    

SwiftDriverJobDiscovery normal arm64 Compiling BottomSheetPresentationAnimator.swift, BottomSheetPresentationController.swift, BottomSheetTransitioningDelegate.swift, UIViewController+BottomSheet.swift, CardBrandFilter.swift, CustomerAdapter.swift, CustomerPaymentOption.swift, UserDefaults+StripePaymentSheet.swift, CustomerSessionAdapter.swift, CustomerAddPaymentMethodViewController.swift, CustomerSavedPaymentMethodsCollectionViewController.swift, CustomerSavedPaymentMethodsViewController.swift, CustomerSheet+API.swift, CustomerSheet+PaymentMethodAvailability.swift, CustomerSheet+SwiftUI.swift, CustomerSheet.swift, CustomerSheetConfiguration.swift, CustomerSheetDataSource.swift, CustomerSheetError.swift, CVCRecollectionElement.swift, CardSectionElement.swift, CardSectionWithScannerView.swift, HostedSurface.swift, PaymentMethodElement.swift (in target 'StripePaymentSheet' from project 'Stripe')

SwiftMergeGeneratedHeaders /Users/xinyufang/Library/Developer/Xcode/DerivedData/Buzz-faillbpsmponqzeruhhvskovixzk/Build/Intermediates.noindex/GeneratedModuleMaps-iphonesimulator/StripePaymentSheet-Swift.h /Users/xinyufang/Library/Developer/Xcode/DerivedData/Buzz-faillbpsmponqzeruhhvskovixzk/Build/Intermediates.noindex/Stripe.build/Debug-iphonesimulator/StripePaymentSheet.build/Objects-normal/arm64/StripePaymentSheet-Swift.h (in target 'StripePaymentSheet' from project 'Stripe')
    cd /Users/xinyufang/Library/Developer/Xcode/DerivedData/Buzz-faillbpsmponqzeruhhvskovixzk/SourcePackages/checkouts/stripe-ios-spm
    builtin-swiftHeaderTool -arch arm64 /Users/xinyufang/Library/Developer/Xcode/DerivedData/Buzz-faillbpsmponqzeruhhvskovixzk/Build/Intermediates.noindex/Stripe.build/Debug-iphonesimulator/StripePaymentSheet.build/Objects-normal/arm64/StripePaymentSheet-Swift.h -o /Users/xinyufang/Library/Developer/Xcode/DerivedData/Buzz-faillbpsmponqzeruhhvskovixzk/Build/Intermediates.noindex/GeneratedModuleMaps-iphonesimulator/StripePaymentSheet-Swift.h

SwiftDriverJobDiscovery normal arm64 Compiling LinkBillingDetailsValidator.swift, LinkConfirmationExtras.swift, LinkPopupURLParser.swift, LinkURLGenerator.swift, OperationDebouncer.swift, LinkAccountContext.swift, LinkUtils.swift, LinkVerificationController.swift, LinkVerificationView-Header.swift, LinkVerificationView-LogoutView.swift, LinkVerificationView.swift, LinkVerificationViewController-PresentationController.swift, LinkVerificationViewController.swift, LinkVerificationWebFallbackController.swift, LinkConsentViewModel.swift, LinkInlineSignupViewModel.swift, LinkLegalTermsView.swift, LinkMandateView.swift, LinkMoreInfoView.swift, LinkSeparatorView.swift, AddressViewController+Configuration.swift, AddressViewController+SwiftUI.swift, AddressViewController.swift, BottomSheetPresentable.swift (in target 'StripePaymentSheet' from project 'Stripe')

Copy /Users/xinyufang/Library/Developer/Xcode/DerivedData/Buzz-faillbpsmponqzeruhhvskovixzk/Build/Products/Debug-iphonesimulator/StripePaymentSheet.swiftmodule/arm64-apple-ios-simulator.swiftmodule /Users/xinyufang/Library/Developer/Xcode/DerivedData/Buzz-faillbpsmponqzeruhhvskovixzk/Build/Intermediates.noindex/Stripe.build/Debug-iphonesimulator/StripePaymentSheet.build/Objects-normal/arm64/StripePaymentSheet.swiftmodule (in target 'StripePaymentSheet' from project 'Stripe')
    cd /Users/xinyufang/Library/Developer/Xcode/DerivedData/Buzz-faillbpsmponqzeruhhvskovixzk/SourcePackages/checkouts/stripe-ios-spm
    builtin-copy -exclude .DS_Store -exclude CVS -exclude .svn -exclude .git -exclude .hg -resolve-src-symlinks -rename /Users/xinyufang/Library/Developer/Xcode/DerivedData/Buzz-faillbpsmponqzeruhhvskovixzk/Build/Intermediates.noindex/Stripe.build/Debug-iphonesimulator/StripePaymentSheet.build/Objects-normal/arm64/StripePaymentSheet.swiftmodule /Users/xinyufang/Library/Developer/Xcode/DerivedData/Buzz-faillbpsmponqzeruhhvskovixzk/Build/Products/Debug-iphonesimulator/StripePaymentSheet.swiftmodule/arm64-apple-ios-simulator.swiftmodule

Copy /Users/xinyufang/Library/Developer/Xcode/DerivedData/Buzz-faillbpsmponqzeruhhvskovixzk/Build/Products/Debug-iphonesimulator/StripePaymentSheet.swiftmodule/arm64-apple-ios-simulator.swiftdoc /Users/xinyufang/Library/Developer/Xcode/DerivedData/Buzz-faillbpsmponqzeruhhvskovixzk/Build/Intermediates.noindex/Stripe.build/Debug-iphonesimulator/StripePaymentSheet.build/Objects-normal/arm64/StripePaymentSheet.swiftdoc (in target 'StripePaymentSheet' from project 'Stripe')
    cd /Users/xinyufang/Library/Developer/Xcode/DerivedData/Buzz-faillbpsmponqzeruhhvskovixzk/SourcePackages/checkouts/stripe-ios-spm
    builtin-copy -exclude .DS_Store -exclude CVS -exclude .svn -exclude .git -exclude .hg -resolve-src-symlinks -rename /Users/xinyufang/Library/Developer/Xcode/DerivedData/Buzz-faillbpsmponqzeruhhvskovixzk/Build/Intermediates.noindex/Stripe.build/Debug-iphonesimulator/StripePaymentSheet.build/Objects-normal/arm64/StripePaymentSheet.swiftdoc /Users/xinyufang/Library/Developer/Xcode/DerivedData/Buzz-faillbpsmponqzeruhhvskovixzk/Build/Products/Debug-iphonesimulator/StripePaymentSheet.swiftmodule/arm64-apple-ios-simulator.swiftdoc

Copy /Users/xinyufang/Library/Developer/Xcode/DerivedData/Buzz-faillbpsmponqzeruhhvskovixzk/Build/Products/Debug-iphonesimulator/StripePaymentSheet.swiftmodule/arm64-apple-ios-simulator.abi.json /Users/xinyufang/Library/Developer/Xcode/DerivedData/Buzz-faillbpsmponqzeruhhvskovixzk/Build/Intermediates.noindex/Stripe.build/Debug-iphonesimulator/StripePaymentSheet.build/Objects-normal/arm64/StripePaymentSheet.abi.json (in target 'StripePaymentSheet' from project 'Stripe')
    cd /Users/xinyufang/Library/Developer/Xcode/DerivedData/Buzz-faillbpsmponqzeruhhvskovixzk/SourcePackages/checkouts/stripe-ios-spm
    builtin-copy -exclude .DS_Store -exclude CVS -exclude .svn -exclude .git -exclude .hg -resolve-src-symlinks -rename /Users/xinyufang/Library/Developer/Xcode/DerivedData/Buzz-faillbpsmponqzeruhhvskovixzk/Build/Intermediates.noindex/Stripe.build/Debug-iphonesimulator/StripePaymentSheet.build/Objects-normal/arm64/StripePaymentSheet.abi.json /Users/xinyufang/Library/Developer/Xcode/DerivedData/Buzz-faillbpsmponqzeruhhvskovixzk/Build/Products/Debug-iphonesimulator/StripePaymentSheet.swiftmodule/arm64-apple-ios-simulator.abi.json

Copy /Users/xinyufang/Library/Developer/Xcode/DerivedData/Buzz-faillbpsmponqzeruhhvskovixzk/Build/Products/Debug-iphonesimulator/StripePaymentSheet.swiftmodule/Project/arm64-apple-ios-simulator.swiftsourceinfo /Users/xinyufang/Library/Developer/Xcode/DerivedData/Buzz-faillbpsmponqzeruhhvskovixzk/Build/Intermediates.noindex/Stripe.build/Debug-iphonesimulator/StripePaymentSheet.build/Objects-normal/arm64/StripePaymentSheet.swiftsourceinfo (in target 'StripePaymentSheet' from project 'Stripe')
    cd /Users/xinyufang/Library/Developer/Xcode/DerivedData/Buzz-faillbpsmponqzeruhhvskovixzk/SourcePackages/checkouts/stripe-ios-spm
    builtin-copy -exclude .DS_Store -exclude CVS -exclude .svn -exclude .git -exclude .hg -resolve-src-symlinks -rename /Users/xinyufang/Library/Developer/Xcode/DerivedData/Buzz-faillbpsmponqzeruhhvskovixzk/Build/Intermediates.noindex/Stripe.build/Debug-iphonesimulator/StripePaymentSheet.build/Objects-normal/arm64/StripePaymentSheet.swiftsourceinfo /Users/xinyufang/Library/Developer/Xcode/DerivedData/Buzz-faillbpsmponqzeruhhvskovixzk/Build/Products/Debug-iphonesimulator/StripePaymentSheet.swiftmodule/Project/arm64-apple-ios-simulator.swiftsourceinfo

SwiftCompile normal arm64 Compiling\ STPImageLibrary.swift,\ STPLocalizedString.swift,\ STPStringUtils.swift,\ SavedPaymentMethodManager.swift,\ StripePaymentSheet+Exports.swift,\ StripePaymentSheetBundleLocator.swift,\ URL+Extensions.swift,\ ConsumerSession+LookupResponse.swift,\ ConsumerSession+PublishableKey.swift,\ ConsumerSession.swift,\ LinkConsentDataModel.swift,\ LinkPaymentMethodType.swift,\ LinkRequestSurface.swift,\ LookupLinkAuthIntentResponse.swift,\ PaymentDetails.swift,\ PaymentDetailsShareResponse.swift,\ STPAPIClient+Link.swift,\ ShippingAddressesResponse.swift,\ SupportedVerificationTypes.swift,\ VerificationSession.swift,\ STPAPIClient+PaymentSheet.swift,\ CardExpiryDate.swift,\ CustomPaymentMethod.swift,\ CustomerSession.swift /Users/xinyufang/Library/Developer/Xcode/DerivedData/Buzz-faillbpsmponqzeruhhvskovixzk/SourcePackages/checkouts/stripe-ios-spm/StripePaymentSheet/StripePaymentSheet/Source/Helpers/STPImageLibrary.swift /Users/xinyufang/Library/Developer/Xcode/DerivedData/Buzz-faillbpsmponqzeruhhvskovixzk/SourcePackages/checkouts/stripe-ios-spm/StripePaymentSheet/StripePaymentSheet/Source/Helpers/STPLocalizedString.swift /Users/xinyufang/Library/Developer/Xcode/DerivedData/Buzz-faillbpsmponqzeruhhvskovixzk/SourcePackages/checkouts/stripe-ios-spm/StripePaymentSheet/StripePaymentSheet/Source/Helpers/STPStringUtils.swift /Users/xinyufang/Library/Developer/Xcode/DerivedData/Buzz-faillbpsmponqzeruhhvskovixzk/SourcePackages/checkouts/stripe-ios-spm/StripePaymentSheet/StripePaymentSheet/Source/Helpers/SavedPaymentMethodManager.swift /Users/xinyufang/Library/Developer/Xcode/DerivedData/Buzz-faillbpsmponqzeruhhvskovixzk/SourcePackages/checkouts/stripe-ios-spm/StripePaymentSheet/StripePaymentSheet/Source/Helpers/StripePaymentSheet+Exports.swift /Users/xinyufang/Library/Developer/Xcode/DerivedData/Buzz-faillbpsmponqzeruhhvskovixzk/SourcePackages/checkouts/stripe-ios-spm/StripePaymentSheet/StripePaymentSheet/Source/Helpers/StripePaymentSheetBundleLocator.swift /Users/xinyufang/Library/Developer/Xcode/DerivedData/Buzz-faillbpsmponqzeruhhvskovixzk/SourcePackages/checkouts/stripe-ios-spm/StripePaymentSheet/StripePaymentSheet/Source/Helpers/URL+Extensions.swift /Users/xinyufang/Library/Developer/Xcode/DerivedData/Buzz-faillbpsmponqzeruhhvskovixzk/SourcePackages/checkouts/stripe-ios-spm/StripePaymentSheet/StripePaymentSheet/Source/Internal/API\ Bindings/Link/ConsumerSession+LookupResponse.swift /Users/xinyufang/Library/Developer/Xcode/DerivedData/Buzz-faillbpsmponqzeruhhvskovixzk/SourcePackages/checkouts/stripe-ios-spm/StripePaymentSheet/StripePaymentSheet/Source/Internal/API\ Bindings/Link/ConsumerSession+PublishableKey.swift /Users/xinyufang/Library/Developer/Xcode/DerivedData/Buzz-faillbpsmponqzeruhhvskovixzk/SourcePackages/checkouts/stripe-ios-spm/StripePaymentSheet/StripePaymentSheet/Source/Internal/API\ Bindings/Link/ConsumerSession.swift /Users/xinyufang/Library/Developer/Xcode/DerivedData/Buzz-faillbpsmponqzeruhhvskovixzk/SourcePackages/checkouts/stripe-ios-spm/StripePaymentSheet/StripePaymentSheet/Source/Internal/API\ Bindings/Link/LinkConsentDataModel.swift /Users/xinyufang/Library/Developer/Xcode/DerivedData/Buzz-faillbpsmponqzeruhhvskovixzk/SourcePackages/checkouts/stripe-ios-spm/StripePaymentSheet/StripePaymentSheet/Source/Internal/API\ Bindings/Link/LinkPaymentMethodType.swift /Users/xinyufang/Library/Developer/Xcode/DerivedData/Buzz-faillbpsmponqzeruhhvskovixzk/SourcePackages/checkouts/stripe-ios-spm/StripePaymentSheet/StripePaymentSheet/Source/Internal/API\ Bindings/Link/LinkRequestSurface.swift /Users/xinyufang/Library/Developer/Xcode/DerivedData/Buzz-faillbpsmponqzeruhhvskovixzk/SourcePackages/checkouts/stripe-ios-spm/StripePaymentSheet/StripePaymentSheet/Source/Internal/API\ Bindings/Link/LookupLinkAuthIntentResponse.swift /Users/xinyufang/Library/Developer/Xcode/DerivedData/Buzz-faillbpsmponqzeruhhvskovixzk/SourcePackages/checkouts/stripe-ios-spm/StripePaymentSheet/StripePaymentSheet/Source/Internal/API\ Bindings/Link/PaymentDetails.swift /Users/xinyufang/Library/Developer/Xcode/DerivedData/Buzz-faillbpsmponqzeruhhvskovixzk/SourcePackages/checkouts/stripe-ios-spm/StripePaymentSheet/StripePaymentSheet/Source/Internal/API\ Bindings/Link/PaymentDetailsShareResponse.swift /Users/xinyufang/Library/Developer/Xcode/DerivedData/Buzz-faillbpsmponqzeruhhvskovixzk/SourcePackages/checkouts/stripe-ios-spm/StripePaymentSheet/StripePaymentSheet/Source/Internal/API\ Bindings/Link/STPAPIClient+Link.swift /Users/xinyufang/Library/Developer/Xcode/DerivedData/Buzz-faillbpsmponqzeruhhvskovixzk/SourcePackages/checkouts/stripe-ios-spm/StripePaymentSheet/StripePaymentSheet/Source/Internal/API\ Bindings/Link/ShippingAddressesResponse.swift /Users/xinyufang/Library/Developer/Xcode/DerivedData/Buzz-faillbpsmponqzeruhhvskovixzk/SourcePackages/checkouts/stripe-ios-spm/StripePaymentSheet/StripePaymentSheet/Source/Internal/API\ Bindings/Link/SupportedVerificationTypes.swift /Users/xinyufang/Library/Developer/Xcode/DerivedData/Buzz-faillbpsmponqzeruhhvskovixzk/SourcePackages/checkouts/stripe-ios-spm/StripePaymentSheet/StripePaymentSheet/Source/Internal/API\ Bindings/Link/VerificationSession.swift /Users/xinyufang/Library/Developer/Xcode/DerivedData/Buzz-faillbpsmponqzeruhhvskovixzk/SourcePackages/checkouts/stripe-ios-spm/StripePaymentSheet/StripePaymentSheet/Source/Internal/API\ Bindings/STPAPIClient+PaymentSheet.swift /Users/xinyufang/Library/Developer/Xcode/DerivedData/Buzz-faillbpsmponqzeruhhvskovixzk/SourcePackages/checkouts/stripe-ios-spm/StripePaymentSheet/StripePaymentSheet/Source/Internal/API\ Bindings/VO/CardExpiryDate.swift /Users/xinyufang/Library/Developer/Xcode/DerivedData/Buzz-faillbpsmponqzeruhhvskovixzk/SourcePackages/checkouts/stripe-ios-spm/StripePaymentSheet/StripePaymentSheet/Source/Internal/API\ Bindings/v1-elements-sessions/CustomPaymentMethod.swift /Users/xinyufang/Library/Developer/Xcode/DerivedData/Buzz-faillbpsmponqzeruhhvskovixzk/SourcePackages/checkouts/stripe-ios-spm/StripePaymentSheet/StripePaymentSheet/Source/Internal/API\ Bindings/v1-elements-sessions/CustomerSession.swift (in target 'StripePaymentSheet' from project 'Stripe')

SwiftCompile normal arm64 /Users/xinyufang/Library/Developer/Xcode/DerivedData/Buzz-faillbpsmponqzeruhhvskovixzk/SourcePackages/checkouts/stripe-ios-spm/StripePaymentSheet/StripePaymentSheet/Source/Helpers/STPImageLibrary.swift (in target 'StripePaymentSheet' from project 'Stripe')
    cd /Users/xinyufang/Documents/Buzz/Buzz.xcodeproj
    

SwiftCompile normal arm64 /Users/xinyufang/Library/Developer/Xcode/DerivedData/Buzz-faillbpsmponqzeruhhvskovixzk/SourcePackages/checkouts/stripe-ios-spm/StripePaymentSheet/StripePaymentSheet/Source/Helpers/STPLocalizedString.swift (in target 'StripePaymentSheet' from project 'Stripe')
    cd /Users/xinyufang/Documents/Buzz/Buzz.xcodeproj
    

SwiftCompile normal arm64 /Users/xinyufang/Library/Developer/Xcode/DerivedData/Buzz-faillbpsmponqzeruhhvskovixzk/SourcePackages/checkouts/stripe-ios-spm/StripePaymentSheet/StripePaymentSheet/Source/Helpers/STPStringUtils.swift (in target 'StripePaymentSheet' from project 'Stripe')
    cd /Users/xinyufang/Documents/Buzz/Buzz.xcodeproj
    

SwiftCompile normal arm64 /Users/xinyufang/Library/Developer/Xcode/DerivedData/Buzz-faillbpsmponqzeruhhvskovixzk/SourcePackages/checkouts/stripe-ios-spm/StripePaymentSheet/StripePaymentSheet/Source/Helpers/SavedPaymentMethodManager.swift (in target 'StripePaymentSheet' from project 'Stripe')
    cd /Users/xinyufang/Documents/Buzz/Buzz.xcodeproj
    

SwiftCompile normal arm64 /Users/xinyufang/Library/Developer/Xcode/DerivedData/Buzz-faillbpsmponqzeruhhvskovixzk/SourcePackages/checkouts/stripe-ios-spm/StripePaymentSheet/StripePaymentSheet/Source/Helpers/StripePaymentSheet+Exports.swift (in target 'StripePaymentSheet' from project 'Stripe')
    cd /Users/xinyufang/Documents/Buzz/Buzz.xcodeproj
    

SwiftCompile normal arm64 /Users/xinyufang/Library/Developer/Xcode/DerivedData/Buzz-faillbpsmponqzeruhhvskovixzk/SourcePackages/checkouts/stripe-ios-spm/StripePaymentSheet/StripePaymentSheet/Source/Helpers/StripePaymentSheetBundleLocator.swift (in target 'StripePaymentSheet' from project 'Stripe')
    cd /Users/xinyufang/Documents/Buzz/Buzz.xcodeproj
    

SwiftCompile normal arm64 /Users/xinyufang/Library/Developer/Xcode/DerivedData/Buzz-faillbpsmponqzeruhhvskovixzk/SourcePackages/checkouts/stripe-ios-spm/StripePaymentSheet/StripePaymentSheet/Source/Helpers/URL+Extensions.swift (in target 'StripePaymentSheet' from project 'Stripe')
    cd /Users/xinyufang/Documents/Buzz/Buzz.xcodeproj
    

SwiftCompile normal arm64 /Users/xinyufang/Library/Developer/Xcode/DerivedData/Buzz-faillbpsmponqzeruhhvskovixzk/SourcePackages/checkouts/stripe-ios-spm/StripePaymentSheet/StripePaymentSheet/Source/Internal/API\ Bindings/Link/ConsumerSession+LookupResponse.swift (in target 'StripePaymentSheet' from project 'Stripe')
    cd /Users/xinyufang/Documents/Buzz/Buzz.xcodeproj
    

SwiftCompile normal arm64 /Users/xinyufang/Library/Developer/Xcode/DerivedData/Buzz-faillbpsmponqzeruhhvskovixzk/SourcePackages/checkouts/stripe-ios-spm/StripePaymentSheet/StripePaymentSheet/Source/Internal/API\ Bindings/Link/ConsumerSession+PublishableKey.swift (in target 'StripePaymentSheet' from project 'Stripe')
    cd /Users/xinyufang/Documents/Buzz/Buzz.xcodeproj
    

SwiftCompile normal arm64 /Users/xinyufang/Library/Developer/Xcode/DerivedData/Buzz-faillbpsmponqzeruhhvskovixzk/SourcePackages/checkouts/stripe-ios-spm/StripePaymentSheet/StripePaymentSheet/Source/Internal/API\ Bindings/Link/ConsumerSession.swift (in target 'StripePaymentSheet' from project 'Stripe')
    cd /Users/xinyufang/Documents/Buzz/Buzz.xcodeproj
    

SwiftCompile normal arm64 /Users/xinyufang/Library/Developer/Xcode/DerivedData/Buzz-faillbpsmponqzeruhhvskovixzk/SourcePackages/checkouts/stripe-ios-spm/StripePaymentSheet/StripePaymentSheet/Source/Internal/API\ Bindings/Link/LinkConsentDataModel.swift (in target 'StripePaymentSheet' from project 'Stripe')
    cd /Users/xinyufang/Documents/Buzz/Buzz.xcodeproj
    

SwiftCompile normal arm64 /Users/xinyufang/Library/Developer/Xcode/DerivedData/Buzz-faillbpsmponqzeruhhvskovixzk/SourcePackages/checkouts/stripe-ios-spm/StripePaymentSheet/StripePaymentSheet/Source/Internal/API\ Bindings/Link/LinkPaymentMethodType.swift (in target 'StripePaymentSheet' from project 'Stripe')
    cd /Users/xinyufang/Documents/Buzz/Buzz.xcodeproj
    

SwiftCompile normal arm64 /Users/xinyufang/Library/Developer/Xcode/DerivedData/Buzz-faillbpsmponqzeruhhvskovixzk/SourcePackages/checkouts/stripe-ios-spm/StripePaymentSheet/StripePaymentSheet/Source/Internal/API\ Bindings/Link/LinkRequestSurface.swift (in target 'StripePaymentSheet' from project 'Stripe')
    cd /Users/xinyufang/Documents/Buzz/Buzz.xcodeproj
    

SwiftCompile normal arm64 /Users/xinyufang/Library/Developer/Xcode/DerivedData/Buzz-faillbpsmponqzeruhhvskovixzk/SourcePackages/checkouts/stripe-ios-spm/StripePaymentSheet/StripePaymentSheet/Source/Internal/API\ Bindings/Link/LookupLinkAuthIntentResponse.swift (in target 'StripePaymentSheet' from project 'Stripe')
    cd /Users/xinyufang/Documents/Buzz/Buzz.xcodeproj
    

SwiftCompile normal arm64 /Users/xinyufang/Library/Developer/Xcode/DerivedData/Buzz-faillbpsmponqzeruhhvskovixzk/SourcePackages/checkouts/stripe-ios-spm/StripePaymentSheet/StripePaymentSheet/Source/Internal/API\ Bindings/Link/PaymentDetails.swift (in target 'StripePaymentSheet' from project 'Stripe')
    cd /Users/xinyufang/Documents/Buzz/Buzz.xcodeproj
    

SwiftCompile normal arm64 /Users/xinyufang/Library/Developer/Xcode/DerivedData/Buzz-faillbpsmponqzeruhhvskovixzk/SourcePackages/checkouts/stripe-ios-spm/StripePaymentSheet/StripePaymentSheet/Source/Internal/API\ Bindings/Link/PaymentDetailsShareResponse.swift (in target 'StripePaymentSheet' from project 'Stripe')
    cd /Users/xinyufang/Documents/Buzz/Buzz.xcodeproj
    

SwiftCompile normal arm64 /Users/xinyufang/Library/Developer/Xcode/DerivedData/Buzz-faillbpsmponqzeruhhvskovixzk/SourcePackages/checkouts/stripe-ios-spm/StripePaymentSheet/StripePaymentSheet/Source/Internal/API\ Bindings/Link/STPAPIClient+Link.swift (in target 'StripePaymentSheet' from project 'Stripe')
    cd /Users/xinyufang/Documents/Buzz/Buzz.xcodeproj
    

SwiftCompile normal arm64 /Users/xinyufang/Library/Developer/Xcode/DerivedData/Buzz-faillbpsmponqzeruhhvskovixzk/SourcePackages/checkouts/stripe-ios-spm/StripePaymentSheet/StripePaymentSheet/Source/Internal/API\ Bindings/Link/ShippingAddressesResponse.swift (in target 'StripePaymentSheet' from project 'Stripe')
    cd /Users/xinyufang/Documents/Buzz/Buzz.xcodeproj
    

SwiftCompile normal arm64 /Users/xinyufang/Library/Developer/Xcode/DerivedData/Buzz-faillbpsmponqzeruhhvskovixzk/SourcePackages/checkouts/stripe-ios-spm/StripePaymentSheet/StripePaymentSheet/Source/Internal/API\ Bindings/Link/SupportedVerificationTypes.swift (in target 'StripePaymentSheet' from project 'Stripe')
    cd /Users/xinyufang/Documents/Buzz/Buzz.xcodeproj
    

SwiftCompile normal arm64 /Users/xinyufang/Library/Developer/Xcode/DerivedData/Buzz-faillbpsmponqzeruhhvskovixzk/SourcePackages/checkouts/stripe-ios-spm/StripePaymentSheet/StripePaymentSheet/Source/Internal/API\ Bindings/Link/VerificationSession.swift (in target 'StripePaymentSheet' from project 'Stripe')
    cd /Users/xinyufang/Documents/Buzz/Buzz.xcodeproj
    

SwiftCompile normal arm64 /Users/xinyufang/Library/Developer/Xcode/DerivedData/Buzz-faillbpsmponqzeruhhvskovixzk/SourcePackages/checkouts/stripe-ios-spm/StripePaymentSheet/StripePaymentSheet/Source/Internal/API\ Bindings/STPAPIClient+PaymentSheet.swift (in target 'StripePaymentSheet' from project 'Stripe')
    cd /Users/xinyufang/Documents/Buzz/Buzz.xcodeproj
    

SwiftCompile normal arm64 /Users/xinyufang/Library/Developer/Xcode/DerivedData/Buzz-faillbpsmponqzeruhhvskovixzk/SourcePackages/checkouts/stripe-ios-spm/StripePaymentSheet/StripePaymentSheet/Source/Internal/API\ Bindings/VO/CardExpiryDate.swift (in target 'StripePaymentSheet' from project 'Stripe')
    cd /Users/xinyufang/Documents/Buzz/Buzz.xcodeproj
    

SwiftCompile normal arm64 /Users/xinyufang/Library/Developer/Xcode/DerivedData/Buzz-faillbpsmponqzeruhhvskovixzk/SourcePackages/checkouts/stripe-ios-spm/StripePaymentSheet/StripePaymentSheet/Source/Internal/API\ Bindings/v1-elements-sessions/CustomPaymentMethod.swift (in target 'StripePaymentSheet' from project 'Stripe')
    cd /Users/xinyufang/Documents/Buzz/Buzz.xcodeproj
    

SwiftCompile normal arm64 /Users/xinyufang/Library/Developer/Xcode/DerivedData/Buzz-faillbpsmponqzeruhhvskovixzk/SourcePackages/checkouts/stripe-ios-spm/StripePaymentSheet/StripePaymentSheet/Source/Internal/API\ Bindings/v1-elements-sessions/CustomerSession.swift (in target 'StripePaymentSheet' from project 'Stripe')
    cd /Users/xinyufang/Documents/Buzz/Buzz.xcodeproj
    

SwiftDriverJobDiscovery normal arm64 Compiling SavedPaymentMethodRowButton.swift, VerticalSavedPaymentMethodsViewController.swift, AddressSearchResult.swift, AutoCompleteViewController.swift, String+AutoComplete.swift, BottomSheet3DS2ViewController.swift, BottomSheetViewController.swift, CVCReconfirmationVerticalViewController.swift, CVCReconfirmationViewController.swift, LoadingViewController.swift, PaymentMethodFormViewController.swift, PaymentSheetFlowControllerViewController.swift, PaymentSheetViewController.swift, PollingViewController.swift, PollingViewModel.swift, SepaMandateViewController.swift, UpdatePaymentMethodViewController+Configuration.swift, UpdatePaymentMethodViewController.swift, AUBECSMandate.swift, AffirmCopyLabel.swift, AfterpayPriceBreakdownView.swift, Appearance+FontScaling.swift, BacsDDMandateView.swift, CardScanButton.swift (in target 'StripePaymentSheet' from project 'Stripe')

SwiftCompile normal arm64 Compiling\ ElementsCustomer.swift,\ ExperimentData.swift,\ ExternalPaymentMethod.swift,\ PaymentMethodWithLinkDetails.swift,\ STPCardBrandChoice.swift,\ STPElementsSession.swift,\ STPPaymentMethodRemove.swift,\ SeparatorLabel.swift,\ ECEBridgeTypes.swift,\ ECEIndexHtml.swift,\ ECEViewController.swift,\ FixedHeightPresentationController.swift,\ FixedHeightTransitionDelegate.swift,\ Intent+SellerDetails.swift,\ ShopPayECEPresenter.swift,\ FCLiteApiClient.swift,\ FCLiteAuthFlowViewController.swift,\ FCLiteContainerViewController.swift,\ FCLiteImplementation.swift,\ FinancialConnectionsLite.swift,\ FCLiteColor.swift,\ FCLiteError.swift,\ FCLiteErrorView.swift,\ FCLiteModalPresentationWrapper.swift /Users/xinyufang/Library/Developer/Xcode/DerivedData/Buzz-faillbpsmponqzeruhhvskovixzk/SourcePackages/checkouts/stripe-ios-spm/StripePaymentSheet/StripePaymentSheet/Source/Internal/API\ Bindings/v1-elements-sessions/ElementsCustomer.swift /Users/xinyufang/Library/Developer/Xcode/DerivedData/Buzz-faillbpsmponqzeruhhvskovixzk/SourcePackages/checkouts/stripe-ios-spm/StripePaymentSheet/StripePaymentSheet/Source/Internal/API\ Bindings/v1-elements-sessions/ExperimentData.swift /Users/xinyufang/Library/Developer/Xcode/DerivedData/Buzz-faillbpsmponqzeruhhvskovixzk/SourcePackages/checkouts/stripe-ios-spm/StripePaymentSheet/StripePaymentSheet/Source/Internal/API\ Bindings/v1-elements-sessions/ExternalPaymentMethod.swift /Users/xinyufang/Library/Developer/Xcode/DerivedData/Buzz-faillbpsmponqzeruhhvskovixzk/SourcePackages/checkouts/stripe-ios-spm/StripePaymentSheet/StripePaymentSheet/Source/Internal/API\ Bindings/v1-elements-sessions/PaymentMethodWithLinkDetails.swift /Users/xinyufang/Library/Developer/Xcode/DerivedData/Buzz-faillbpsmponqzeruhhvskovixzk/SourcePackages/checkouts/stripe-ios-spm/StripePaymentSheet/StripePaymentSheet/Source/Internal/API\ Bindings/v1-elements-sessions/STPCardBrandChoice.swift /Users/xinyufang/Library/Developer/Xcode/DerivedData/Buzz-faillbpsmponqzeruhhvskovixzk/SourcePackages/checkouts/stripe-ios-spm/StripePaymentSheet/StripePaymentSheet/Source/Internal/API\ Bindings/v1-elements-sessions/STPElementsSession.swift /Users/xinyufang/Library/Developer/Xcode/DerivedData/Buzz-faillbpsmponqzeruhhvskovixzk/SourcePackages/checkouts/stripe-ios-spm/StripePaymentSheet/StripePaymentSheet/Source/Internal/API\ Bindings/v1-elements-sessions/STPPaymentMethodRemove.swift /Users/xinyufang/Library/Developer/Xcode/DerivedData/Buzz-faillbpsmponqzeruhhvskovixzk/SourcePackages/checkouts/stripe-ios-spm/StripePaymentSheet/StripePaymentSheet/Source/Internal/Basic\ UI/SeparatorLabel.swift /Users/xinyufang/Library/Developer/Xcode/DerivedData/Buzz-faillbpsmponqzeruhhvskovixzk/SourcePackages/checkouts/stripe-ios-spm/StripePaymentSheet/StripePaymentSheet/Source/Internal/ECE/ECEBridgeTypes.swift /Users/xinyufang/Library/Developer/Xcode/DerivedData/Buzz-faillbpsmponqzeruhhvskovixzk/SourcePackages/checkouts/stripe-ios-spm/StripePaymentSheet/StripePaymentSheet/Source/Internal/ECE/ECEIndexHtml.swift /Users/xinyufang/Library/Developer/Xcode/DerivedData/Buzz-faillbpsmponqzeruhhvskovixzk/SourcePackages/checkouts/stripe-ios-spm/StripePaymentSheet/StripePaymentSheet/Source/Internal/ECE/ECEViewController.swift /Users/xinyufang/Library/Developer/Xcode/DerivedData/Buzz-faillbpsmponqzeruhhvskovixzk/SourcePackages/checkouts/stripe-ios-spm/StripePaymentSheet/StripePaymentSheet/Source/Internal/ECE/FixedHeightPresentationController.swift /Users/xinyufang/Library/Developer/Xcode/DerivedData/Buzz-faillbpsmponqzeruhhvskovixzk/SourcePackages/checkouts/stripe-ios-spm/StripePaymentSheet/StripePaymentSheet/Source/Internal/ECE/FixedHeightTransitionDelegate.swift /Users/xinyufang/Library/Developer/Xcode/DerivedData/Buzz-faillbpsmponqzeruhhvskovixzk/SourcePackages/checkouts/stripe-ios-spm/StripePaymentSheet/StripePaymentSheet/Source/Internal/ECE/Intent+SellerDetails.swift /Users/xinyufang/Library/Developer/Xcode/DerivedData/Buzz-faillbpsmponqzeruhhvskovixzk/SourcePackages/checkouts/stripe-ios-spm/StripePaymentSheet/StripePaymentSheet/Source/Internal/ECE/ShopPayECEPresenter.swift /Users/xinyufang/Library/Developer/Xcode/DerivedData/Buzz-faillbpsmponqzeruhhvskovixzk/SourcePackages/checkouts/stripe-ios-spm/StripePaymentSheet/StripePaymentSheet/Source/Internal/FC\ Lite/API\ Client/FCLiteApiClient.swift /Users/xinyufang/Library/Developer/Xcode/DerivedData/Buzz-faillbpsmponqzeruhhvskovixzk/SourcePackages/checkouts/stripe-ios-spm/StripePaymentSheet/StripePaymentSheet/Source/Internal/FC\ Lite/Controllers/FCLiteAuthFlowViewController.swift /Users/xinyufang/Library/Developer/Xcode/DerivedData/Buzz-faillbpsmponqzeruhhvskovixzk/SourcePackages/checkouts/stripe-ios-spm/StripePaymentSheet/StripePaymentSheet/Source/Internal/FC\ Lite/Controllers/FCLiteContainerViewController.swift /Users/xinyufang/Library/Developer/Xcode/DerivedData/Buzz-faillbpsmponqzeruhhvskovixzk/SourcePackages/checkouts/stripe-ios-spm/StripePaymentSheet/StripePaymentSheet/Source/Internal/FC\ Lite/FCLiteImplementation.swift /Users/xinyufang/Library/Developer/Xcode/DerivedData/Buzz-faillbpsmponqzeruhhvskovixzk/SourcePackages/checkouts/stripe-ios-spm/StripePaymentSheet/StripePaymentSheet/Source/Internal/FC\ Lite/FinancialConnectionsLite.swift /Users/xinyufang/Library/Developer/Xcode/DerivedData/Buzz-faillbpsmponqzeruhhvskovixzk/SourcePackages/checkouts/stripe-ios-spm/StripePaymentSheet/StripePaymentSheet/Source/Internal/FC\ Lite/Helpers/FCLiteColor.swift /Users/xinyufang/Library/Developer/Xcode/DerivedData/Buzz-faillbpsmponqzeruhhvskovixzk/SourcePackages/checkouts/stripe-ios-spm/StripePaymentSheet/StripePaymentSheet/Source/Internal/FC\ Lite/Helpers/FCLiteError.swift /Users/xinyufang/Library/Developer/Xcode/DerivedData/Buzz-faillbpsmponqzeruhhvskovixzk/SourcePackages/checkouts/stripe-ios-spm/StripePaymentSheet/StripePaymentSheet/Source/Internal/FC\ Lite/Helpers/FCLiteErrorView.swift /Users/xinyufang/Library/Developer/Xcode/DerivedData/Buzz-faillbpsmponqzeruhhvskovixzk/SourcePackages/checkouts/stripe-ios-spm/StripePaymentSheet/StripePaymentSheet/Source/Internal/FC\ Lite/Helpers/FCLiteModalPresentationWrapper.swift (in target 'StripePaymentSheet' from project 'Stripe')

SwiftCompile normal arm64 /Users/xinyufang/Library/Developer/Xcode/DerivedData/Buzz-faillbpsmponqzeruhhvskovixzk/SourcePackages/checkouts/stripe-ios-spm/StripePaymentSheet/StripePaymentSheet/Source/Internal/API\ Bindings/v1-elements-sessions/ElementsCustomer.swift (in target 'StripePaymentSheet' from project 'Stripe')
    cd /Users/xinyufang/Documents/Buzz/Buzz.xcodeproj
    

SwiftCompile normal arm64 /Users/xinyufang/Library/Developer/Xcode/DerivedData/Buzz-faillbpsmponqzeruhhvskovixzk/SourcePackages/checkouts/stripe-ios-spm/StripePaymentSheet/StripePaymentSheet/Source/Internal/API\ Bindings/v1-elements-sessions/ExperimentData.swift (in target 'StripePaymentSheet' from project 'Stripe')
    cd /Users/xinyufang/Documents/Buzz/Buzz.xcodeproj
    

SwiftCompile normal arm64 /Users/xinyufang/Library/Developer/Xcode/DerivedData/Buzz-faillbpsmponqzeruhhvskovixzk/SourcePackages/checkouts/stripe-ios-spm/StripePaymentSheet/StripePaymentSheet/Source/Internal/API\ Bindings/v1-elements-sessions/ExternalPaymentMethod.swift (in target 'StripePaymentSheet' from project 'Stripe')
    cd /Users/xinyufang/Documents/Buzz/Buzz.xcodeproj
    

SwiftCompile normal arm64 /Users/xinyufang/Library/Developer/Xcode/DerivedData/Buzz-faillbpsmponqzeruhhvskovixzk/SourcePackages/checkouts/stripe-ios-spm/StripePaymentSheet/StripePaymentSheet/Source/Internal/API\ Bindings/v1-elements-sessions/PaymentMethodWithLinkDetails.swift (in target 'StripePaymentSheet' from project 'Stripe')
    cd /Users/xinyufang/Documents/Buzz/Buzz.xcodeproj
    

SwiftCompile normal arm64 /Users/xinyufang/Library/Developer/Xcode/DerivedData/Buzz-faillbpsmponqzeruhhvskovixzk/SourcePackages/checkouts/stripe-ios-spm/StripePaymentSheet/StripePaymentSheet/Source/Internal/API\ Bindings/v1-elements-sessions/STPCardBrandChoice.swift (in target 'StripePaymentSheet' from project 'Stripe')
    cd /Users/xinyufang/Documents/Buzz/Buzz.xcodeproj
    

SwiftCompile normal arm64 /Users/xinyufang/Library/Developer/Xcode/DerivedData/Buzz-faillbpsmponqzeruhhvskovixzk/SourcePackages/checkouts/stripe-ios-spm/StripePaymentSheet/StripePaymentSheet/Source/Internal/API\ Bindings/v1-elements-sessions/STPElementsSession.swift (in target 'StripePaymentSheet' from project 'Stripe')
    cd /Users/xinyufang/Documents/Buzz/Buzz.xcodeproj
    

SwiftCompile normal arm64 /Users/xinyufang/Library/Developer/Xcode/DerivedData/Buzz-faillbpsmponqzeruhhvskovixzk/SourcePackages/checkouts/stripe-ios-spm/StripePaymentSheet/StripePaymentSheet/Source/Internal/API\ Bindings/v1-elements-sessions/STPPaymentMethodRemove.swift (in target 'StripePaymentSheet' from project 'Stripe')
    cd /Users/xinyufang/Documents/Buzz/Buzz.xcodeproj
    

SwiftCompile normal arm64 /Users/xinyufang/Library/Developer/Xcode/DerivedData/Buzz-faillbpsmponqzeruhhvskovixzk/SourcePackages/checkouts/stripe-ios-spm/StripePaymentSheet/StripePaymentSheet/Source/Internal/Basic\ UI/SeparatorLabel.swift (in target 'StripePaymentSheet' from project 'Stripe')
    cd /Users/xinyufang/Documents/Buzz/Buzz.xcodeproj
    

SwiftCompile normal arm64 /Users/xinyufang/Library/Developer/Xcode/DerivedData/Buzz-faillbpsmponqzeruhhvskovixzk/SourcePackages/checkouts/stripe-ios-spm/StripePaymentSheet/StripePaymentSheet/Source/Internal/ECE/ECEBridgeTypes.swift (in target 'StripePaymentSheet' from project 'Stripe')
    cd /Users/xinyufang/Documents/Buzz/Buzz.xcodeproj
    

SwiftCompile normal arm64 /Users/xinyufang/Library/Developer/Xcode/DerivedData/Buzz-faillbpsmponqzeruhhvskovixzk/SourcePackages/checkouts/stripe-ios-spm/StripePaymentSheet/StripePaymentSheet/Source/Internal/ECE/ECEIndexHtml.swift (in target 'StripePaymentSheet' from project 'Stripe')
    cd /Users/xinyufang/Documents/Buzz/Buzz.xcodeproj
    

SwiftCompile normal arm64 /Users/xinyufang/Library/Developer/Xcode/DerivedData/Buzz-faillbpsmponqzeruhhvskovixzk/SourcePackages/checkouts/stripe-ios-spm/StripePaymentSheet/StripePaymentSheet/Source/Internal/ECE/ECEViewController.swift (in target 'StripePaymentSheet' from project 'Stripe')
    cd /Users/xinyufang/Documents/Buzz/Buzz.xcodeproj
    

SwiftCompile normal arm64 /Users/xinyufang/Library/Developer/Xcode/DerivedData/Buzz-faillbpsmponqzeruhhvskovixzk/SourcePackages/checkouts/stripe-ios-spm/StripePaymentSheet/StripePaymentSheet/Source/Internal/ECE/FixedHeightPresentationController.swift (in target 'StripePaymentSheet' from project 'Stripe')
    cd /Users/xinyufang/Documents/Buzz/Buzz.xcodeproj
    

SwiftCompile normal arm64 /Users/xinyufang/Library/Developer/Xcode/DerivedData/Buzz-faillbpsmponqzeruhhvskovixzk/SourcePackages/checkouts/stripe-ios-spm/StripePaymentSheet/StripePaymentSheet/Source/Internal/ECE/FixedHeightTransitionDelegate.swift (in target 'StripePaymentSheet' from project 'Stripe')
    cd /Users/xinyufang/Documents/Buzz/Buzz.xcodeproj
    

SwiftCompile normal arm64 /Users/xinyufang/Library/Developer/Xcode/DerivedData/Buzz-faillbpsmponqzeruhhvskovixzk/SourcePackages/checkouts/stripe-ios-spm/StripePaymentSheet/StripePaymentSheet/Source/Internal/ECE/Intent+SellerDetails.swift (in target 'StripePaymentSheet' from project 'Stripe')
    cd /Users/xinyufang/Documents/Buzz/Buzz.xcodeproj
    

SwiftCompile normal arm64 /Users/xinyufang/Library/Developer/Xcode/DerivedData/Buzz-faillbpsmponqzeruhhvskovixzk/SourcePackages/checkouts/stripe-ios-spm/StripePaymentSheet/StripePaymentSheet/Source/Internal/ECE/ShopPayECEPresenter.swift (in target 'StripePaymentSheet' from project 'Stripe')
    cd /Users/xinyufang/Documents/Buzz/Buzz.xcodeproj
    

SwiftCompile normal arm64 /Users/xinyufang/Library/Developer/Xcode/DerivedData/Buzz-faillbpsmponqzeruhhvskovixzk/SourcePackages/checkouts/stripe-ios-spm/StripePaymentSheet/StripePaymentSheet/Source/Internal/FC\ Lite/API\ Client/FCLiteApiClient.swift (in target 'StripePaymentSheet' from project 'Stripe')
    cd /Users/xinyufang/Documents/Buzz/Buzz.xcodeproj
    

SwiftCompile normal arm64 /Users/xinyufang/Library/Developer/Xcode/DerivedData/Buzz-faillbpsmponqzeruhhvskovixzk/SourcePackages/checkouts/stripe-ios-spm/StripePaymentSheet/StripePaymentSheet/Source/Internal/FC\ Lite/Controllers/FCLiteAuthFlowViewController.swift (in target 'StripePaymentSheet' from project 'Stripe')
    cd /Users/xinyufang/Documents/Buzz/Buzz.xcodeproj
    

SwiftCompile normal arm64 /Users/xinyufang/Library/Developer/Xcode/DerivedData/Buzz-faillbpsmponqzeruhhvskovixzk/SourcePackages/checkouts/stripe-ios-spm/StripePaymentSheet/StripePaymentSheet/Source/Internal/FC\ Lite/Controllers/FCLiteContainerViewController.swift (in target 'StripePaymentSheet' from project 'Stripe')
    cd /Users/xinyufang/Documents/Buzz/Buzz.xcodeproj
    

SwiftCompile normal arm64 /Users/xinyufang/Library/Developer/Xcode/DerivedData/Buzz-faillbpsmponqzeruhhvskovixzk/SourcePackages/checkouts/stripe-ios-spm/StripePaymentSheet/StripePaymentSheet/Source/Internal/FC\ Lite/FCLiteImplementation.swift (in target 'StripePaymentSheet' from project 'Stripe')
    cd /Users/xinyufang/Documents/Buzz/Buzz.xcodeproj
    

SwiftCompile normal arm64 /Users/xinyufang/Library/Developer/Xcode/DerivedData/Buzz-faillbpsmponqzeruhhvskovixzk/SourcePackages/checkouts/stripe-ios-spm/StripePaymentSheet/StripePaymentSheet/Source/Internal/FC\ Lite/FinancialConnectionsLite.swift (in target 'StripePaymentSheet' from project 'Stripe')
    cd /Users/xinyufang/Documents/Buzz/Buzz.xcodeproj
    

SwiftCompile normal arm64 /Users/xinyufang/Library/Developer/Xcode/DerivedData/Buzz-faillbpsmponqzeruhhvskovixzk/SourcePackages/checkouts/stripe-ios-spm/StripePaymentSheet/StripePaymentSheet/Source/Internal/FC\ Lite/Helpers/FCLiteColor.swift (in target 'StripePaymentSheet' from project 'Stripe')
    cd /Users/xinyufang/Documents/Buzz/Buzz.xcodeproj
    

SwiftCompile normal arm64 /Users/xinyufang/Library/Developer/Xcode/DerivedData/Buzz-faillbpsmponqzeruhhvskovixzk/SourcePackages/checkouts/stripe-ios-spm/StripePaymentSheet/StripePaymentSheet/Source/Internal/FC\ Lite/Helpers/FCLiteError.swift (in target 'StripePaymentSheet' from project 'Stripe')
    cd /Users/xinyufang/Documents/Buzz/Buzz.xcodeproj
    

SwiftCompile normal arm64 /Users/xinyufang/Library/Developer/Xcode/DerivedData/Buzz-faillbpsmponqzeruhhvskovixzk/SourcePackages/checkouts/stripe-ios-spm/StripePaymentSheet/StripePaymentSheet/Source/Internal/FC\ Lite/Helpers/FCLiteErrorView.swift (in target 'StripePaymentSheet' from project 'Stripe')
    cd /Users/xinyufang/Documents/Buzz/Buzz.xcodeproj
    

SwiftCompile normal arm64 /Users/xinyufang/Library/Developer/Xcode/DerivedData/Buzz-faillbpsmponqzeruhhvskovixzk/SourcePackages/checkouts/stripe-ios-spm/StripePaymentSheet/StripePaymentSheet/Source/Internal/FC\ Lite/Helpers/FCLiteModalPresentationWrapper.swift (in target 'StripePaymentSheet' from project 'Stripe')
    cd /Users/xinyufang/Documents/Buzz/Buzz.xcodeproj
    

SwiftCompile normal arm64 Compiling\ AuthenticatedWebViewRedirectedEvent.swift,\ ComponentAccountSessionClaimed.swift,\ ComponentCreatedEvent.swift,\ ComponentLoadedEvent.swift,\ ComponentViewedEvent.swift,\ ComponentWebPageLoadedEvent.swift,\ DeserializeMessageErrorEvent.swift,\ PageLoadErrorEvent.swift,\ UnexpectedLoadErrorTypeEvent.swift,\ UnexpectedNavigationEvent.swift,\ UnrecognizedSetterEvent.swift /Users/xinyufang/Library/Developer/Xcode/DerivedData/Buzz-faillbpsmponqzeruhhvskovixzk/SourcePackages/checkouts/stripe-ios-spm/StripeConnect/StripeConnect/Source/Internal/Analytics/Events/AuthenticatedWebViewRedirectedEvent.swift /Users/xinyufang/Library/Developer/Xcode/DerivedData/Buzz-faillbpsmponqzeruhhvskovixzk/SourcePackages/checkouts/stripe-ios-spm/StripeConnect/StripeConnect/Source/Internal/Analytics/Events/ComponentAccountSessionClaimed.swift /Users/xinyufang/Library/Developer/Xcode/DerivedData/Buzz-faillbpsmponqzeruhhvskovixzk/SourcePackages/checkouts/stripe-ios-spm/StripeConnect/StripeConnect/Source/Internal/Analytics/Events/ComponentCreatedEvent.swift /Users/xinyufang/Library/Developer/Xcode/DerivedData/Buzz-faillbpsmponqzeruhhvskovixzk/SourcePackages/checkouts/stripe-ios-spm/StripeConnect/StripeConnect/Source/Internal/Analytics/Events/ComponentLoadedEvent.swift /Users/xinyufang/Library/Developer/Xcode/DerivedData/Buzz-faillbpsmponqzeruhhvskovixzk/SourcePackages/checkouts/stripe-ios-spm/StripeConnect/StripeConnect/Source/Internal/Analytics/Events/ComponentViewedEvent.swift /Users/xinyufang/Library/Developer/Xcode/DerivedData/Buzz-faillbpsmponqzeruhhvskovixzk/SourcePackages/checkouts/stripe-ios-spm/StripeConnect/StripeConnect/Source/Internal/Analytics/Events/ComponentWebPageLoadedEvent.swift /Users/xinyufang/Library/Developer/Xcode/DerivedData/Buzz-faillbpsmponqzeruhhvskovixzk/SourcePackages/checkouts/stripe-ios-spm/StripeConnect/StripeConnect/Source/Internal/Analytics/Events/DeserializeMessageErrorEvent.swift /Users/xinyufang/Library/Developer/Xcode/DerivedData/Buzz-faillbpsmponqzeruhhvskovixzk/SourcePackages/checkouts/stripe-ios-spm/StripeConnect/StripeConnect/Source/Internal/Analytics/Events/PageLoadErrorEvent.swift /Users/xinyufang/Library/Developer/Xcode/DerivedData/Buzz-faillbpsmponqzeruhhvskovixzk/SourcePackages/checkouts/stripe-ios-spm/StripeConnect/StripeConnect/Source/Internal/Analytics/Events/UnexpectedLoadErrorTypeEvent.swift /Users/xinyufang/Library/Developer/Xcode/DerivedData/Buzz-faillbpsmponqzeruhhvskovixzk/SourcePackages/checkouts/stripe-ios-spm/StripeConnect/StripeConnect/Source/Internal/Analytics/Events/UnexpectedNavigationEvent.swift /Users/xinyufang/Library/Developer/Xcode/DerivedData/Buzz-faillbpsmponqzeruhhvskovixzk/SourcePackages/checkouts/stripe-ios-spm/StripeConnect/StripeConnect/Source/Internal/Analytics/Events/UnrecognizedSetterEvent.swift (in target 'StripeConnect' from project 'Stripe')

SwiftCompile normal arm64 /Users/xinyufang/Library/Developer/Xcode/DerivedData/Buzz-faillbpsmponqzeruhhvskovixzk/SourcePackages/checkouts/stripe-ios-spm/StripeConnect/StripeConnect/Source/Internal/Analytics/Events/AuthenticatedWebViewRedirectedEvent.swift (in target 'StripeConnect' from project 'Stripe')
    cd /Users/xinyufang/Documents/Buzz/Buzz.xcodeproj
    

SwiftCompile normal arm64 /Users/xinyufang/Library/Developer/Xcode/DerivedData/Buzz-faillbpsmponqzeruhhvskovixzk/SourcePackages/checkouts/stripe-ios-spm/StripeConnect/StripeConnect/Source/Internal/Analytics/Events/ComponentAccountSessionClaimed.swift (in target 'StripeConnect' from project 'Stripe')
    cd /Users/xinyufang/Documents/Buzz/Buzz.xcodeproj
    

SwiftCompile normal arm64 /Users/xinyufang/Library/Developer/Xcode/DerivedData/Buzz-faillbpsmponqzeruhhvskovixzk/SourcePackages/checkouts/stripe-ios-spm/StripeConnect/StripeConnect/Source/Internal/Analytics/Events/ComponentCreatedEvent.swift (in target 'StripeConnect' from project 'Stripe')
    cd /Users/xinyufang/Documents/Buzz/Buzz.xcodeproj
    

SwiftCompile normal arm64 /Users/xinyufang/Library/Developer/Xcode/DerivedData/Buzz-faillbpsmponqzeruhhvskovixzk/SourcePackages/checkouts/stripe-ios-spm/StripeConnect/StripeConnect/Source/Internal/Analytics/Events/ComponentLoadedEvent.swift (in target 'StripeConnect' from project 'Stripe')
    cd /Users/xinyufang/Documents/Buzz/Buzz.xcodeproj
    

SwiftCompile normal arm64 /Users/xinyufang/Library/Developer/Xcode/DerivedData/Buzz-faillbpsmponqzeruhhvskovixzk/SourcePackages/checkouts/stripe-ios-spm/StripeConnect/StripeConnect/Source/Internal/Analytics/Events/ComponentViewedEvent.swift (in target 'StripeConnect' from project 'Stripe')
    cd /Users/xinyufang/Documents/Buzz/Buzz.xcodeproj
    

SwiftCompile normal arm64 /Users/xinyufang/Library/Developer/Xcode/DerivedData/Buzz-faillbpsmponqzeruhhvskovixzk/SourcePackages/checkouts/stripe-ios-spm/StripeConnect/StripeConnect/Source/Internal/Analytics/Events/ComponentWebPageLoadedEvent.swift (in target 'StripeConnect' from project 'Stripe')
    cd /Users/xinyufang/Documents/Buzz/Buzz.xcodeproj
    

SwiftCompile normal arm64 /Users/xinyufang/Library/Developer/Xcode/DerivedData/Buzz-faillbpsmponqzeruhhvskovixzk/SourcePackages/checkouts/stripe-ios-spm/StripeConnect/StripeConnect/Source/Internal/Analytics/Events/DeserializeMessageErrorEvent.swift (in target 'StripeConnect' from project 'Stripe')
    cd /Users/xinyufang/Documents/Buzz/Buzz.xcodeproj
    

SwiftCompile normal arm64 /Users/xinyufang/Library/Developer/Xcode/DerivedData/Buzz-faillbpsmponqzeruhhvskovixzk/SourcePackages/checkouts/stripe-ios-spm/StripeConnect/StripeConnect/Source/Internal/Analytics/Events/PageLoadErrorEvent.swift (in target 'StripeConnect' from project 'Stripe')
    cd /Users/xinyufang/Documents/Buzz/Buzz.xcodeproj
    

SwiftCompile normal arm64 /Users/xinyufang/Library/Developer/Xcode/DerivedData/Buzz-faillbpsmponqzeruhhvskovixzk/SourcePackages/checkouts/stripe-ios-spm/StripeConnect/StripeConnect/Source/Internal/Analytics/Events/UnexpectedLoadErrorTypeEvent.swift (in target 'StripeConnect' from project 'Stripe')
    cd /Users/xinyufang/Documents/Buzz/Buzz.xcodeproj
    

SwiftCompile normal arm64 /Users/xinyufang/Library/Developer/Xcode/DerivedData/Buzz-faillbpsmponqzeruhhvskovixzk/SourcePackages/checkouts/stripe-ios-spm/StripeConnect/StripeConnect/Source/Internal/Analytics/Events/UnexpectedNavigationEvent.swift (in target 'StripeConnect' from project 'Stripe')
    cd /Users/xinyufang/Documents/Buzz/Buzz.xcodeproj
    

SwiftCompile normal arm64 /Users/xinyufang/Library/Developer/Xcode/DerivedData/Buzz-faillbpsmponqzeruhhvskovixzk/SourcePackages/checkouts/stripe-ios-spm/StripeConnect/StripeConnect/Source/Internal/Analytics/Events/UnrecognizedSetterEvent.swift (in target 'StripeConnect' from project 'Stripe')
    cd /Users/xinyufang/Documents/Buzz/Buzz.xcodeproj
    

SwiftDriverJobDiscovery normal arm64 Compiling CardScanningView.swift, CircularButton.swift, ConfirmButton.swift, ManualEntryButton.swift, PayWithLinkButton.swift, PaymentMethodTypeImageView.swift, PaymentSheetUIKitAdditions.swift, PromoBadgeView.swift, RemoveButton.swift, RotatingCardBrandsView.swift, ShadowedRoundedRectangleView.swift, SheetNavigationBar.swift, SheetNavigationButton.swift, SimpleMandateTextView.swift, TestModeView.swift, LinkButton.swift, LinkButtonViewModel.swift, LinkInlineVerificationView.swift, LinkInlineVerificationViewModel.swift, LinkPaymentMethodPreview.swift, LinkProgressIndicatorView.swift, ShopPayButton.swift, WalletButtonsView.swift, GeneratedAssetSymbols.swift (in target 'StripePaymentSheet' from project 'Stripe')

SwiftDriverJobDiscovery normal arm64 Compiling PaymentSheet+DeferredAPI.swift, PaymentSheet+Link.swift, PaymentSheet+PaymentMethodAvailability.swift, PaymentSheet+SwiftUI.swift, PaymentSheet.swift, PaymentSheetAppearance+Helpers.swift, PaymentSheetAppearance.swift, PaymentSheetConfiguration.swift, PaymentSheetDeferredValidator.swift, PaymentSheetError.swift, PaymentSheetFlowController+AsyncPublicAPIs.swift, PaymentSheetFlowController.swift, FormSpec.swift, FormSpecProvider.swift, MandateVariant.swift, PaymentSheetFormFactory+BLIK.swift, PaymentSheetFormFactory+Boleto.swift, PaymentSheetFormFactory+Card.swift, PaymentSheetFormFactory+FormSpec.swift, PaymentSheetFormFactory+Mandates.swift, PaymentSheetFormFactory+OXXO.swift, PaymentSheetFormFactory+UPI.swift, PaymentSheetFormFactory.swift, PaymentSheetFormFactoryConfig.swift (in target 'StripePaymentSheet' from project 'Stripe')

SwiftCompile normal arm64 Compiling\ BreakpointReporter.swift,\ FatalErrorReporter.swift /Users/xinyufang/Library/Developer/Xcode/DerivedData/Buzz-faillbpsmponqzeruhhvskovixzk/SourcePackages/checkouts/xctest-dynamic-overlay/Sources/IssueReporting/IssueReporters/BreakpointReporter.swift /Users/xinyufang/Library/Developer/Xcode/DerivedData/Buzz-faillbpsmponqzeruhhvskovixzk/SourcePackages/checkouts/xctest-dynamic-overlay/Sources/IssueReporting/IssueReporters/FatalErrorReporter.swift (in target 'IssueReporting' from project 'xctest-dynamic-overlay')

SwiftCompile normal arm64 /Users/xinyufang/Library/Developer/Xcode/DerivedData/Buzz-faillbpsmponqzeruhhvskovixzk/SourcePackages/checkouts/xctest-dynamic-overlay/Sources/IssueReporting/IssueReporters/BreakpointReporter.swift (in target 'IssueReporting' from project 'xctest-dynamic-overlay')
    cd /Users/xinyufang/Documents/Buzz/Buzz.xcodeproj
    

SwiftCompile normal arm64 /Users/xinyufang/Library/Developer/Xcode/DerivedData/Buzz-faillbpsmponqzeruhhvskovixzk/SourcePackages/checkouts/xctest-dynamic-overlay/Sources/IssueReporting/IssueReporters/FatalErrorReporter.swift (in target 'IssueReporting' from project 'xctest-dynamic-overlay')
    cd /Users/xinyufang/Documents/Buzz/Buzz.xcodeproj
    

SwiftDriverJobDiscovery normal arm64 Compiling BreakpointReporter.swift, FatalErrorReporter.swift (in target 'IssueReporting' from project 'xctest-dynamic-overlay')

SwiftCompile normal arm64 Compiling\ TestContext.swift,\ Unimplemented.swift /Users/xinyufang/Library/Developer/Xcode/DerivedData/Buzz-faillbpsmponqzeruhhvskovixzk/SourcePackages/checkouts/xctest-dynamic-overlay/Sources/IssueReporting/TestContext.swift /Users/xinyufang/Library/Developer/Xcode/DerivedData/Buzz-faillbpsmponqzeruhhvskovixzk/SourcePackages/checkouts/xctest-dynamic-overlay/Sources/IssueReporting/Unimplemented.swift (in target 'IssueReporting' from project 'xctest-dynamic-overlay')

SwiftCompile normal arm64 /Users/xinyufang/Library/Developer/Xcode/DerivedData/Buzz-faillbpsmponqzeruhhvskovixzk/SourcePackages/checkouts/xctest-dynamic-overlay/Sources/IssueReporting/TestContext.swift (in target 'IssueReporting' from project 'xctest-dynamic-overlay')
    cd /Users/xinyufang/Documents/Buzz/Buzz.xcodeproj
    

SwiftCompile normal arm64 /Users/xinyufang/Library/Developer/Xcode/DerivedData/Buzz-faillbpsmponqzeruhhvskovixzk/SourcePackages/checkouts/xctest-dynamic-overlay/Sources/IssueReporting/Unimplemented.swift (in target 'IssueReporting' from project 'xctest-dynamic-overlay')
    cd /Users/xinyufang/Documents/Buzz/Buzz.xcodeproj
    

SwiftDriverJobDiscovery normal arm64 Compiling AuthenticatedWebViewRedirectedEvent.swift, ComponentAccountSessionClaimed.swift, ComponentCreatedEvent.swift, ComponentLoadedEvent.swift, ComponentViewedEvent.swift, ComponentWebPageLoadedEvent.swift, DeserializeMessageErrorEvent.swift, PageLoadErrorEvent.swift, UnexpectedLoadErrorTypeEvent.swift, UnexpectedNavigationEvent.swift, UnrecognizedSetterEvent.swift (in target 'StripeConnect' from project 'Stripe')

SwiftDriver\ Compilation StripeConnect normal arm64 com.apple.xcode.tools.swift.compiler (in target 'StripeConnect' from project 'Stripe')
    cd /Users/xinyufang/Documents/Buzz/Buzz.xcodeproj
    builtin-Swift-Compilation -- /Applications/Xcode.app/Contents/Developer/Toolchains/XcodeDefault.xctoolchain/usr/bin/swiftc -module-name StripeConnect -Onone -enforce-exclusivity\=checked @/Users/xinyufang/Library/Developer/Xcode/DerivedData/Buzz-faillbpsmponqzeruhhvskovixzk/Build/Intermediates.noindex/Stripe.build/Debug-iphonesimulator/StripeConnect.build/Objects-normal/arm64/StripeConnect.SwiftFileList -DSWIFT_PACKAGE -DDEBUG -DSWIFT_MODULE_RESOURCE_BUNDLE_AVAILABLE -DXcode -plugin-path /Applications/Xcode.app/Contents/Developer/Toolchains/XcodeDefault.xctoolchain/usr/lib/swift/host/plugins/testing -enable-experimental-feature DebugDescriptionMacro -sdk /Applications/Xcode.app/Contents/Developer/Platforms/iPhoneSimulator.platform/Developer/SDKs/iPhoneSimulator26.0.sdk -target arm64-apple-ios13.0-simulator -g -module-cache-path /Users/xinyufang/Library/Developer/Xcode/DerivedData/ModuleCache.noindex -Xfrontend -serialize-debugging-options -enable-testing -suppress-warnings -index-store-path /Users/xinyufang/Library/Developer/Xcode/DerivedData/Buzz-faillbpsmponqzeruhhvskovixzk/Index.noindex/DataStore -Xcc -D_LIBCPP_HARDENING_MODE\=_LIBCPP_HARDENING_MODE_DEBUG -swift-version 5 -I /Users/xinyufang/Library/Developer/Xcode/DerivedData/Buzz-faillbpsmponqzeruhhvskovixzk/Build/Products/Debug-iphonesimulator -Isystem /Applications/Xcode.app/Contents/Developer/Platforms/iPhoneSimulator.platform/Developer/usr/lib -F /Users/xinyufang/Library/Developer/Xcode/DerivedData/Buzz-faillbpsmponqzeruhhvskovixzk/Build/Products/Debug-iphonesimulator/PackageFrameworks -F /Users/xinyufang/Library/Developer/Xcode/DerivedData/Buzz-faillbpsmponqzeruhhvskovixzk/Build/Products/Debug-iphonesimulator/PackageFrameworks -F /Users/xinyufang/Library/Developer/Xcode/DerivedData/Buzz-faillbpsmponqzeruhhvskovixzk/Build/Products/Debug-iphonesimulator/PackageFrameworks -F /Users/xinyufang/Library/Developer/Xcode/DerivedData/Buzz-faillbpsmponqzeruhhvskovixzk/Build/Products/Debug-iphonesimulator -F /Applications/Xcode.app/Contents/Developer/Platforms/iPhoneSimulator.platform/Developer/Library/Frameworks -F /Applications/Xcode.app/Contents/Developer/Platforms/iPhoneSimulator.platform/Developer/SDKs/iPhoneSimulator26.0.sdk/Developer/Library/Frameworks -emit-localized-strings -emit-localized-strings-path /Users/xinyufang/Library/Developer/Xcode/DerivedData/Buzz-faillbpsmponqzeruhhvskovixzk/Build/Intermediates.noindex/Stripe.build/Debug-iphonesimulator/StripeConnect.build/Objects-normal/arm64 -c -j8 -enable-batch-mode -incremental -Xcc -ivfsstatcache -Xcc /Users/xinyufang/Library/Developer/Xcode/DerivedData/SDKStatCaches.noindex/iphonesimulator26.0-23A339-26257891a6c027eb51374368541b8346.sdkstatcache -output-file-map /Users/xinyufang/Library/Developer/Xcode/DerivedData/Buzz-faillbpsmponqzeruhhvskovixzk/Build/Intermediates.noindex/Stripe.build/Debug-iphonesimulator/StripeConnect.build/Objects-normal/arm64/StripeConnect-OutputFileMap.json -use-frontend-parseable-output -save-temps -no-color-diagnostics -explicit-module-build -module-cache-path /Users/xinyufang/Library/Developer/Xcode/DerivedData/Buzz-faillbpsmponqzeruhhvskovixzk/Build/Intermediates.noindex/SwiftExplicitPrecompiledModules -clang-scanner-module-cache-path /Users/xinyufang/Library/Developer/Xcode/DerivedData/ModuleCache.noindex -sdk-module-cache-path /Users/xinyufang/Library/Developer/Xcode/DerivedData/ModuleCache.noindex -serialize-diagnostics -emit-dependencies -emit-module -emit-module-path /Users/xinyufang/Library/Developer/Xcode/DerivedData/Buzz-faillbpsmponqzeruhhvskovixzk/Build/Intermediates.noindex/Stripe.build/Debug-iphonesimulator/StripeConnect.build/Objects-normal/arm64/StripeConnect.swiftmodule -validate-clang-modules-once -clang-build-session-file /Users/xinyufang/Library/Developer/Xcode/DerivedData/ModuleCache.noindex/Session.modulevalidation -Xcc -I/Users/xinyufang/Library/Developer/Xcode/DerivedData/Buzz-faillbpsmponqzeruhhvskovixzk/Build/Intermediates.noindex/Stripe.build/Debug-iphonesimulator/StripeConnect.build/swift-overrides.hmap -emit-const-values -Xfrontend -const-gather-protocols-file -Xfrontend /Users/xinyufang/Library/Developer/Xcode/DerivedData/Buzz-faillbpsmponqzeruhhvskovixzk/Build/Intermediates.noindex/Stripe.build/Debug-iphonesimulator/StripeConnect.build/Objects-normal/arm64/StripeConnect_const_extract_protocols.json -Xcc -I/Users/xinyufang/Library/Developer/Xcode/DerivedData/Buzz-faillbpsmponqzeruhhvskovixzk/Build/Products/Debug-iphonesimulator/include -Xcc -I/Users/xinyufang/Library/Developer/Xcode/DerivedData/Buzz-faillbpsmponqzeruhhvskovixzk/Build/Intermediates.noindex/Stripe.build/Debug-iphonesimulator/StripeConnect.build/DerivedSources-normal/arm64 -Xcc -I/Users/xinyufang/Library/Developer/Xcode/DerivedData/Buzz-faillbpsmponqzeruhhvskovixzk/Build/Intermediates.noindex/Stripe.build/Debug-iphonesimulator/StripeConnect.build/DerivedSources/arm64 -Xcc -I/Users/xinyufang/Library/Developer/Xcode/DerivedData/Buzz-faillbpsmponqzeruhhvskovixzk/Build/Intermediates.noindex/Stripe.build/Debug-iphonesimulator/StripeConnect.build/DerivedSources -Xcc -DSWIFT_PACKAGE -Xcc -DDEBUG\=1 -emit-objc-header -emit-objc-header-path /Users/xinyufang/Library/Developer/Xcode/DerivedData/Buzz-faillbpsmponqzeruhhvskovixzk/Build/Intermediates.noindex/Stripe.build/Debug-iphonesimulator/StripeConnect.build/Objects-normal/arm64/StripeConnect-Swift.h -working-directory /Users/xinyufang/Documents/Buzz/Buzz.xcodeproj -experimental-emit-module-separately -disable-cmo

SwiftDriverJobDiscovery normal arm64 Compiling TestContext.swift, Unimplemented.swift (in target 'IssueReporting' from project 'xctest-dynamic-overlay')

SwiftDriver\ Compilation IssueReporting normal arm64 com.apple.xcode.tools.swift.compiler (in target 'IssueReporting' from project 'xctest-dynamic-overlay')
    cd /Users/xinyufang/Documents/Buzz/Buzz.xcodeproj
    builtin-Swift-Compilation -- /Applications/Xcode.app/Contents/Developer/Toolchains/XcodeDefault.xctoolchain/usr/bin/swiftc -module-name IssueReporting -Onone -enforce-exclusivity\=checked @/Users/xinyufang/Library/Developer/Xcode/DerivedData/Buzz-faillbpsmponqzeruhhvskovixzk/Build/Intermediates.noindex/xctest-dynamic-overlay.build/Debug-iphonesimulator/IssueReporting.build/Objects-normal/arm64/IssueReporting.SwiftFileList -DSWIFT_PACKAGE -DDEBUG -DSWIFT_MODULE_RESOURCE_BUNDLE_UNAVAILABLE -DXcode -plugin-path /Applications/Xcode.app/Contents/Developer/Toolchains/XcodeDefault.xctoolchain/usr/lib/swift/host/plugins/testing -enable-experimental-feature DebugDescriptionMacro -sdk /Applications/Xcode.app/Contents/Developer/Platforms/iPhoneSimulator.platform/Developer/SDKs/iPhoneSimulator26.0.sdk -target arm64-apple-ios13.0-simulator -g -module-cache-path /Users/xinyufang/Library/Developer/Xcode/DerivedData/ModuleCache.noindex -Xfrontend -serialize-debugging-options -enable-testing -suppress-warnings -index-store-path /Users/xinyufang/Library/Developer/Xcode/DerivedData/Buzz-faillbpsmponqzeruhhvskovixzk/Index.noindex/DataStore -Xcc -D_LIBCPP_HARDENING_MODE\=_LIBCPP_HARDENING_MODE_DEBUG -swift-version 6 -I /Users/xinyufang/Library/Developer/Xcode/DerivedData/Buzz-faillbpsmponqzeruhhvskovixzk/Build/Products/Debug-iphonesimulator -Isystem /Applications/Xcode.app/Contents/Developer/Platforms/iPhoneSimulator.platform/Developer/usr/lib -F /Users/xinyufang/Library/Developer/Xcode/DerivedData/Buzz-faillbpsmponqzeruhhvskovixzk/Build/Products/Debug-iphonesimulator/PackageFrameworks -F /Users/xinyufang/Library/Developer/Xcode/DerivedData/Buzz-faillbpsmponqzeruhhvskovixzk/Build/Products/Debug-iphonesimulator -F /Applications/Xcode.app/Contents/Developer/Platforms/iPhoneSimulator.platform/Developer/Library/Frameworks -F /Applications/Xcode.app/Contents/Developer/Platforms/iPhoneSimulator.platform/Developer/SDKs/iPhoneSimulator26.0.sdk/Developer/Library/Frameworks -c -j8 -enable-batch-mode -incremental -Xcc -ivfsstatcache -Xcc /Users/xinyufang/Library/Developer/Xcode/DerivedData/SDKStatCaches.noindex/iphonesimulator26.0-23A339-26257891a6c027eb51374368541b8346.sdkstatcache -output-file-map /Users/xinyufang/Library/Developer/Xcode/DerivedData/Buzz-faillbpsmponqzeruhhvskovixzk/Build/Intermediates.noindex/xctest-dynamic-overlay.build/Debug-iphonesimulator/IssueReporting.build/Objects-normal/arm64/IssueReporting-OutputFileMap.json -use-frontend-parseable-output -save-temps -no-color-diagnostics -explicit-module-build -module-cache-path /Users/xinyufang/Library/Developer/Xcode/DerivedData/Buzz-faillbpsmponqzeruhhvskovixzk/Build/Intermediates.noindex/SwiftExplicitPrecompiledModules -clang-scanner-module-cache-path /Users/xinyufang/Library/Developer/Xcode/DerivedData/ModuleCache.noindex -sdk-module-cache-path /Users/xinyufang/Library/Developer/Xcode/DerivedData/ModuleCache.noindex -serialize-diagnostics -emit-dependencies -emit-module -emit-module-path /Users/xinyufang/Library/Developer/Xcode/DerivedData/Buzz-faillbpsmponqzeruhhvskovixzk/Build/Intermediates.noindex/xctest-dynamic-overlay.build/Debug-iphonesimulator/IssueReporting.build/Objects-normal/arm64/IssueReporting.swiftmodule -user-module-version 1.7.0 -validate-clang-modules-once -clang-build-session-file /Users/xinyufang/Library/Developer/Xcode/DerivedData/ModuleCache.noindex/Session.modulevalidation -package-name xctest_dynamic_overlay -Xcc -I/Users/xinyufang/Library/Developer/Xcode/DerivedData/Buzz-faillbpsmponqzeruhhvskovixzk/Build/Intermediates.noindex/xctest-dynamic-overlay.build/Debug-iphonesimulator/IssueReporting.build/swift-overrides.hmap -emit-const-values -Xfrontend -const-gather-protocols-file -Xfrontend /Users/xinyufang/Library/Developer/Xcode/DerivedData/Buzz-faillbpsmponqzeruhhvskovixzk/Build/Intermediates.noindex/xctest-dynamic-overlay.build/Debug-iphonesimulator/IssueReporting.build/Objects-normal/arm64/IssueReporting_const_extract_protocols.json -Xcc -I/Users/xinyufang/Library/Developer/Xcode/DerivedData/Buzz-faillbpsmponqzeruhhvskovixzk/Build/Products/Debug-iphonesimulator/include -Xcc -I/Users/xinyufang/Library/Developer/Xcode/DerivedData/Buzz-faillbpsmponqzeruhhvskovixzk/Build/Intermediates.noindex/xctest-dynamic-overlay.build/Debug-iphonesimulator/IssueReporting.build/DerivedSources-normal/arm64 -Xcc -I/Users/xinyufang/Library/Developer/Xcode/DerivedData/Buzz-faillbpsmponqzeruhhvskovixzk/Build/Intermediates.noindex/xctest-dynamic-overlay.build/Debug-iphonesimulator/IssueReporting.build/DerivedSources/arm64 -Xcc -I/Users/xinyufang/Library/Developer/Xcode/DerivedData/Buzz-faillbpsmponqzeruhhvskovixzk/Build/Intermediates.noindex/xctest-dynamic-overlay.build/Debug-iphonesimulator/IssueReporting.build/DerivedSources -Xcc -DSWIFT_PACKAGE -Xcc -DDEBUG\=1 -emit-objc-header -emit-objc-header-path /Users/xinyufang/Library/Developer/Xcode/DerivedData/Buzz-faillbpsmponqzeruhhvskovixzk/Build/Intermediates.noindex/xctest-dynamic-overlay.build/Debug-iphonesimulator/IssueReporting.build/Objects-normal/arm64/IssueReporting-Swift.h -working-directory /Users/xinyufang/Documents/Buzz/Buzz.xcodeproj -experimental-emit-module-separately -disable-cmo

SwiftDriver Stripe normal arm64 com.apple.xcode.tools.swift.compiler (in target 'Stripe' from project 'Stripe')
    cd /Users/xinyufang/Documents/Buzz/Buzz.xcodeproj
    builtin-SwiftDriver -- /Applications/Xcode.app/Contents/Developer/Toolchains/XcodeDefault.xctoolchain/usr/bin/swiftc -module-name Stripe -Onone -enforce-exclusivity\=checked @/Users/xinyufang/Library/Developer/Xcode/DerivedData/Buzz-faillbpsmponqzeruhhvskovixzk/Build/Intermediates.noindex/Stripe.build/Debug-iphonesimulator/Stripe.build/Objects-normal/arm64/Stripe.SwiftFileList -DSWIFT_PACKAGE -DDEBUG -DSWIFT_MODULE_RESOURCE_BUNDLE_AVAILABLE -Xcc -fmodule-map-file\=/Users/xinyufang/Library/Developer/Xcode/DerivedData/Buzz-faillbpsmponqzeruhhvskovixzk/Build/Intermediates.noindex/GeneratedModuleMaps-iphonesimulator/Stripe3DS2.modulemap -DXcode -plugin-path /Applications/Xcode.app/Contents/Developer/Toolchains/XcodeDefault.xctoolchain/usr/lib/swift/host/plugins/testing -enable-experimental-feature DebugDescriptionMacro -sdk /Applications/Xcode.app/Contents/Developer/Platforms/iPhoneSimulator.platform/Developer/SDKs/iPhoneSimulator26.0.sdk -target arm64-apple-ios13.0-simulator -g -module-cache-path /Users/xinyufang/Library/Developer/Xcode/DerivedData/ModuleCache.noindex -Xfrontend -serialize-debugging-options -enable-testing -suppress-warnings -index-store-path /Users/xinyufang/Library/Developer/Xcode/DerivedData/Buzz-faillbpsmponqzeruhhvskovixzk/Index.noindex/DataStore -Xcc -D_LIBCPP_HARDENING_MODE\=_LIBCPP_HARDENING_MODE_DEBUG -swift-version 5 -I /Users/xinyufang/Library/Developer/Xcode/DerivedData/Buzz-faillbpsmponqzeruhhvskovixzk/Build/Products/Debug-iphonesimulator -Isystem /Applications/Xcode.app/Contents/Developer/Platforms/iPhoneSimulator.platform/Developer/usr/lib -F /Users/xinyufang/Library/Developer/Xcode/DerivedData/Buzz-faillbpsmponqzeruhhvskovixzk/Build/Products/Debug-iphonesimulator/PackageFrameworks -F /Users/xinyufang/Library/Developer/Xcode/DerivedData/Buzz-faillbpsmponqzeruhhvskovixzk/Build/Products/Debug-iphonesimulator/PackageFrameworks -F /Users/xinyufang/Library/Developer/Xcode/DerivedData/Buzz-faillbpsmponqzeruhhvskovixzk/Build/Products/Debug-iphonesimulator/PackageFrameworks -F /Users/xinyufang/Library/Developer/Xcode/DerivedData/Buzz-faillbpsmponqzeruhhvskovixzk/Build/Products/Debug-iphonesimulator/PackageFrameworks -F /Users/xinyufang/Library/Developer/Xcode/DerivedData/Buzz-faillbpsmponqzeruhhvskovixzk/Build/Products/Debug-iphonesimulator/PackageFrameworks -F /Users/xinyufang/Library/Developer/Xcode/DerivedData/Buzz-faillbpsmponqzeruhhvskovixzk/Build/Products/Debug-iphonesimulator/PackageFrameworks -F /Users/xinyufang/Library/Developer/Xcode/DerivedData/Buzz-faillbpsmponqzeruhhvskovixzk/Build/Products/Debug-iphonesimulator -F /Applications/Xcode.app/Contents/Developer/Platforms/iPhoneSimulator.platform/Developer/Library/Frameworks -F /Applications/Xcode.app/Contents/Developer/Platforms/iPhoneSimulator.platform/Developer/SDKs/iPhoneSimulator26.0.sdk/Developer/Library/Frameworks -emit-localized-strings -emit-localized-strings-path /Users/xinyufang/Library/Developer/Xcode/DerivedData/Buzz-faillbpsmponqzeruhhvskovixzk/Build/Intermediates.noindex/Stripe.build/Debug-iphonesimulator/Stripe.build/Objects-normal/arm64 -c -j8 -enable-batch-mode -incremental -Xcc -ivfsstatcache -Xcc /Users/xinyufang/Library/Developer/Xcode/DerivedData/SDKStatCaches.noindex/iphonesimulator26.0-23A339-26257891a6c027eb51374368541b8346.sdkstatcache -output-file-map /Users/xinyufang/Library/Developer/Xcode/DerivedData/Buzz-faillbpsmponqzeruhhvskovixzk/Build/Intermediates.noindex/Stripe.build/Debug-iphonesimulator/Stripe.build/Objects-normal/arm64/Stripe-OutputFileMap.json -use-frontend-parseable-output -save-temps -no-color-diagnostics -explicit-module-build -module-cache-path /Users/xinyufang/Library/Developer/Xcode/DerivedData/Buzz-faillbpsmponqzeruhhvskovixzk/Build/Intermediates.noindex/SwiftExplicitPrecompiledModules -clang-scanner-module-cache-path /Users/xinyufang/Library/Developer/Xcode/DerivedData/ModuleCache.noindex -sdk-module-cache-path /Users/xinyufang/Library/Developer/Xcode/DerivedData/ModuleCache.noindex -serialize-diagnostics -emit-dependencies -emit-module -emit-module-path /Users/xinyufang/Library/Developer/Xcode/DerivedData/Buzz-faillbpsmponqzeruhhvskovixzk/Build/Intermediates.noindex/Stripe.build/Debug-iphonesimulator/Stripe.build/Objects-normal/arm64/Stripe.swiftmodule -validate-clang-modules-once -clang-build-session-file /Users/xinyufang/Library/Developer/Xcode/DerivedData/ModuleCache.noindex/Session.modulevalidation -Xcc -I/Users/xinyufang/Library/Developer/Xcode/DerivedData/Buzz-faillbpsmponqzeruhhvskovixzk/Build/Intermediates.noindex/Stripe.build/Debug-iphonesimulator/Stripe.build/swift-overrides.hmap -emit-const-values -Xfrontend -const-gather-protocols-file -Xfrontend /Users/xinyufang/Library/Developer/Xcode/DerivedData/Buzz-faillbpsmponqzeruhhvskovixzk/Build/Intermediates.noindex/Stripe.build/Debug-iphonesimulator/Stripe.build/Objects-normal/arm64/Stripe_const_extract_protocols.json -Xcc -I/Users/xinyufang/Library/Developer/Xcode/DerivedData/Buzz-faillbpsmponqzeruhhvskovixzk/SourcePackages/checkouts/stripe-ios-spm/Stripe3DS2/Stripe3DS2/include -Xcc -I/Users/xinyufang/Library/Developer/Xcode/DerivedData/Buzz-faillbpsmponqzeruhhvskovixzk/Build/Products/Debug-iphonesimulator/include -Xcc -I/Users/xinyufang/Library/Developer/Xcode/DerivedData/Buzz-faillbpsmponqzeruhhvskovixzk/Build/Intermediates.noindex/Stripe.build/Debug-iphonesimulator/Stripe.build/DerivedSources-normal/arm64 -Xcc -I/Users/xinyufang/Library/Developer/Xcode/DerivedData/Buzz-faillbpsmponqzeruhhvskovixzk/Build/Intermediates.noindex/Stripe.build/Debug-iphonesimulator/Stripe.build/DerivedSources/arm64 -Xcc -I/Users/xinyufang/Library/Developer/Xcode/DerivedData/Buzz-faillbpsmponqzeruhhvskovixzk/Build/Intermediates.noindex/Stripe.build/Debug-iphonesimulator/Stripe.build/DerivedSources -Xcc -DSWIFT_PACKAGE -Xcc -DDEBUG\=1 -emit-objc-header -emit-objc-header-path /Users/xinyufang/Library/Developer/Xcode/DerivedData/Buzz-faillbpsmponqzeruhhvskovixzk/Build/Intermediates.noindex/Stripe.build/Debug-iphonesimulator/Stripe.build/Objects-normal/arm64/Stripe-Swift.h -working-directory /Users/xinyufang/Documents/Buzz/Buzz.xcodeproj -experimental-emit-module-separately -disable-cmo

ExtractAppIntentsMetadata (in target 'StripePayments' from project 'Stripe')
    cd /Users/xinyufang/Library/Developer/Xcode/DerivedData/Buzz-faillbpsmponqzeruhhvskovixzk/SourcePackages/checkouts/stripe-ios-spm
    /Applications/Xcode.app/Contents/Developer/Toolchains/XcodeDefault.xctoolchain/usr/bin/appintentsmetadataprocessor --toolchain-dir /Applications/Xcode.app/Contents/Developer/Toolchains/XcodeDefault.xctoolchain --module-name StripePayments --sdk-root /Applications/Xcode.app/Contents/Developer/Platforms/iPhoneSimulator.platform/Developer/SDKs/iPhoneSimulator26.0.sdk --xcode-version 17A400 --platform-family iOS --deployment-target 13.0 --bundle-identifier stripe-ios-spm.StripePayments --output /Users/xinyufang/Library/Developer/Xcode/DerivedData/Buzz-faillbpsmponqzeruhhvskovixzk/Build/Products/Debug-iphonesimulator/StripePayments.appintents --target-triple arm64-apple-ios13.0-simulator --binary-file /Users/xinyufang/Library/Developer/Xcode/DerivedData/Buzz-faillbpsmponqzeruhhvskovixzk/Build/Products/Debug-iphonesimulator/StripePayments.o --dependency-file /Users/xinyufang/Library/Developer/Xcode/DerivedData/Buzz-faillbpsmponqzeruhhvskovixzk/Build/Intermediates.noindex/Stripe.build/Debug-iphonesimulator/StripePayments.build/Objects-normal/arm64/StripePayments_dependency_info.dat --stringsdata-file /Users/xinyufang/Library/Developer/Xcode/DerivedData/Buzz-faillbpsmponqzeruhhvskovixzk/Build/Intermediates.noindex/Stripe.build/Debug-iphonesimulator/StripePayments.build/Objects-normal/arm64/ExtractedAppShortcutsMetadata.stringsdata --source-file-list /Users/xinyufang/Library/Developer/Xcode/DerivedData/Buzz-faillbpsmponqzeruhhvskovixzk/Build/Intermediates.noindex/Stripe.build/Debug-iphonesimulator/StripePayments.build/Objects-normal/arm64/StripePayments.SwiftFileList --metadata-file-list /Users/xinyufang/Library/Developer/Xcode/DerivedData/Buzz-faillbpsmponqzeruhhvskovixzk/Build/Intermediates.noindex/Stripe.build/Debug-iphonesimulator/StripePayments.build/StripePayments.DependencyMetadataFileList --static-metadata-file-list /Users/xinyufang/Library/Developer/Xcode/DerivedData/Buzz-faillbpsmponqzeruhhvskovixzk/Build/Intermediates.noindex/Stripe.build/Debug-iphonesimulator/StripePayments.build/StripePayments.DependencyStaticMetadataFileList --swift-const-vals-list /Users/xinyufang/Library/Developer/Xcode/DerivedData/Buzz-faillbpsmponqzeruhhvskovixzk/Build/Intermediates.noindex/Stripe.build/Debug-iphonesimulator/StripePayments.build/Objects-normal/arm64/StripePayments.SwiftConstValuesFileList --force --compile-time-extraction --deployment-aware-processing --validate-assistant-intents --no-app-shortcuts-localization
2025-11-16 01:12:13.946 appintentsmetadataprocessor[64313:26422258] Starting appintentsmetadataprocessor export
2025-11-16 01:12:14.134 appintentsmetadataprocessor[64313:26422258] Extracted no relevant App Intents symbols, skipping writing output

SwiftDriver XCTestDynamicOverlay normal arm64 com.apple.xcode.tools.swift.compiler (in target 'XCTestDynamicOverlay' from project 'xctest-dynamic-overlay')
    cd /Users/xinyufang/Documents/Buzz/Buzz.xcodeproj
    builtin-SwiftDriver -- /Applications/Xcode.app/Contents/Developer/Toolchains/XcodeDefault.xctoolchain/usr/bin/swiftc -module-name XCTestDynamicOverlay -Onone -enforce-exclusivity\=checked @/Users/xinyufang/Library/Developer/Xcode/DerivedData/Buzz-faillbpsmponqzeruhhvskovixzk/Build/Intermediates.noindex/xctest-dynamic-overlay.build/Debug-iphonesimulator/XCTestDynamicOverlay.build/Objects-normal/arm64/XCTestDynamicOverlay.SwiftFileList -DSWIFT_PACKAGE -DDEBUG -DSWIFT_MODULE_RESOURCE_BUNDLE_UNAVAILABLE -DXcode -plugin-path /Applications/Xcode.app/Contents/Developer/Toolchains/XcodeDefault.xctoolchain/usr/lib/swift/host/plugins/testing -enable-experimental-feature DebugDescriptionMacro -sdk /Applications/Xcode.app/Contents/Developer/Platforms/iPhoneSimulator.platform/Developer/SDKs/iPhoneSimulator26.0.sdk -target arm64-apple-ios13.0-simulator -g -module-cache-path /Users/xinyufang/Library/Developer/Xcode/DerivedData/ModuleCache.noindex -Xfrontend -serialize-debugging-options -enable-testing -suppress-warnings -index-store-path /Users/xinyufang/Library/Developer/Xcode/DerivedData/Buzz-faillbpsmponqzeruhhvskovixzk/Index.noindex/DataStore -Xcc -D_LIBCPP_HARDENING_MODE\=_LIBCPP_HARDENING_MODE_DEBUG -swift-version 6 -I /Users/xinyufang/Library/Developer/Xcode/DerivedData/Buzz-faillbpsmponqzeruhhvskovixzk/Build/Products/Debug-iphonesimulator -Isystem /Applications/Xcode.app/Contents/Developer/Platforms/iPhoneSimulator.platform/Developer/usr/lib -F /Users/xinyufang/Library/Developer/Xcode/DerivedData/Buzz-faillbpsmponqzeruhhvskovixzk/Build/Products/Debug-iphonesimulator/PackageFrameworks -F /Users/xinyufang/Library/Developer/Xcode/DerivedData/Buzz-faillbpsmponqzeruhhvskovixzk/Build/Products/Debug-iphonesimulator/PackageFrameworks -F /Users/xinyufang/Library/Developer/Xcode/DerivedData/Buzz-faillbpsmponqzeruhhvskovixzk/Build/Products/Debug-iphonesimulator -F /Applications/Xcode.app/Contents/Developer/Platforms/iPhoneSimulator.platform/Developer/Library/Frameworks -F /Applications/Xcode.app/Contents/Developer/Platforms/iPhoneSimulator.platform/Developer/SDKs/iPhoneSimulator26.0.sdk/Developer/Library/Frameworks -c -j8 -enable-batch-mode -incremental -Xcc -ivfsstatcache -Xcc /Users/xinyufang/Library/Developer/Xcode/DerivedData/SDKStatCaches.noindex/iphonesimulator26.0-23A339-26257891a6c027eb51374368541b8346.sdkstatcache -output-file-map /Users/xinyufang/Library/Developer/Xcode/DerivedData/Buzz-faillbpsmponqzeruhhvskovixzk/Build/Intermediates.noindex/xctest-dynamic-overlay.build/Debug-iphonesimulator/XCTestDynamicOverlay.build/Objects-normal/arm64/XCTestDynamicOverlay-OutputFileMap.json -use-frontend-parseable-output -save-temps -no-color-diagnostics -explicit-module-build -module-cache-path /Users/xinyufang/Library/Developer/Xcode/DerivedData/Buzz-faillbpsmponqzeruhhvskovixzk/Build/Intermediates.noindex/SwiftExplicitPrecompiledModules -clang-scanner-module-cache-path /Users/xinyufang/Library/Developer/Xcode/DerivedData/ModuleCache.noindex -sdk-module-cache-path /Users/xinyufang/Library/Developer/Xcode/DerivedData/ModuleCache.noindex -serialize-diagnostics -emit-dependencies -emit-module -emit-module-path /Users/xinyufang/Library/Developer/Xcode/DerivedData/Buzz-faillbpsmponqzeruhhvskovixzk/Build/Intermediates.noindex/xctest-dynamic-overlay.build/Debug-iphonesimulator/XCTestDynamicOverlay.build/Objects-normal/arm64/XCTestDynamicOverlay.swiftmodule -user-module-version 1.7.0 -validate-clang-modules-once -clang-build-session-file /Users/xinyufang/Library/Developer/Xcode/DerivedData/ModuleCache.noindex/Session.modulevalidation -package-name xctest_dynamic_overlay -Xcc -I/Users/xinyufang/Library/Developer/Xcode/DerivedData/Buzz-faillbpsmponqzeruhhvskovixzk/Build/Intermediates.noindex/xctest-dynamic-overlay.build/Debug-iphonesimulator/XCTestDynamicOverlay.build/swift-overrides.hmap -emit-const-values -Xfrontend -const-gather-protocols-file -Xfrontend /Users/xinyufang/Library/Developer/Xcode/DerivedData/Buzz-faillbpsmponqzeruhhvskovixzk/Build/Intermediates.noindex/xctest-dynamic-overlay.build/Debug-iphonesimulator/XCTestDynamicOverlay.build/Objects-normal/arm64/XCTestDynamicOverlay_const_extract_protocols.json -Xcc -I/Users/xinyufang/Library/Developer/Xcode/DerivedData/Buzz-faillbpsmponqzeruhhvskovixzk/Build/Products/Debug-iphonesimulator/include -Xcc -I/Users/xinyufang/Library/Developer/Xcode/DerivedData/Buzz-faillbpsmponqzeruhhvskovixzk/Build/Intermediates.noindex/xctest-dynamic-overlay.build/Debug-iphonesimulator/XCTestDynamicOverlay.build/DerivedSources-normal/arm64 -Xcc -I/Users/xinyufang/Library/Developer/Xcode/DerivedData/Buzz-faillbpsmponqzeruhhvskovixzk/Build/Intermediates.noindex/xctest-dynamic-overlay.build/Debug-iphonesimulator/XCTestDynamicOverlay.build/DerivedSources/arm64 -Xcc -I/Users/xinyufang/Library/Developer/Xcode/DerivedData/Buzz-faillbpsmponqzeruhhvskovixzk/Build/Intermediates.noindex/xctest-dynamic-overlay.build/Debug-iphonesimulator/XCTestDynamicOverlay.build/DerivedSources -Xcc -DSWIFT_PACKAGE -Xcc -DDEBUG\=1 -emit-objc-header -emit-objc-header-path /Users/xinyufang/Library/Developer/Xcode/DerivedData/Buzz-faillbpsmponqzeruhhvskovixzk/Build/Intermediates.noindex/xctest-dynamic-overlay.build/Debug-iphonesimulator/XCTestDynamicOverlay.build/Objects-normal/arm64/XCTestDynamicOverlay-Swift.h -working-directory /Users/xinyufang/Documents/Buzz/Buzz.xcodeproj -experimental-emit-module-separately -disable-cmo

SwiftEmitModule normal arm64 Emitting\ module\ for\ XCTestDynamicOverlay (in target 'XCTestDynamicOverlay' from project 'xctest-dynamic-overlay')

EmitSwiftModule normal arm64 (in target 'XCTestDynamicOverlay' from project 'xctest-dynamic-overlay')
    cd /Users/xinyufang/Documents/Buzz/Buzz.xcodeproj
    

SwiftCompile normal arm64 Compiling\ Exports.swift /Users/xinyufang/Library/Developer/Xcode/DerivedData/Buzz-faillbpsmponqzeruhhvskovixzk/SourcePackages/checkouts/xctest-dynamic-overlay/Sources/XCTestDynamicOverlay/Internal/Exports.swift (in target 'XCTestDynamicOverlay' from project 'xctest-dynamic-overlay')

SwiftCompile normal arm64 /Users/xinyufang/Library/Developer/Xcode/DerivedData/Buzz-faillbpsmponqzeruhhvskovixzk/SourcePackages/checkouts/xctest-dynamic-overlay/Sources/XCTestDynamicOverlay/Internal/Exports.swift (in target 'XCTestDynamicOverlay' from project 'xctest-dynamic-overlay')
    cd /Users/xinyufang/Documents/Buzz/Buzz.xcodeproj
    

SwiftEmitModule normal arm64 Emitting\ module\ for\ Stripe (in target 'Stripe' from project 'Stripe')

EmitSwiftModule normal arm64 (in target 'Stripe' from project 'Stripe')
    cd /Users/xinyufang/Documents/Buzz/Buzz.xcodeproj
    

SwiftDriverJobDiscovery normal arm64 Emitting module for XCTestDynamicOverlay (in target 'XCTestDynamicOverlay' from project 'xctest-dynamic-overlay')

SwiftDriver\ Compilation\ Requirements XCTestDynamicOverlay normal arm64 com.apple.xcode.tools.swift.compiler (in target 'XCTestDynamicOverlay' from project 'xctest-dynamic-overlay')
    cd /Users/xinyufang/Documents/Buzz/Buzz.xcodeproj
    builtin-Swift-Compilation-Requirements -- /Applications/Xcode.app/Contents/Developer/Toolchains/XcodeDefault.xctoolchain/usr/bin/swiftc -module-name XCTestDynamicOverlay -Onone -enforce-exclusivity\=checked @/Users/xinyufang/Library/Developer/Xcode/DerivedData/Buzz-faillbpsmponqzeruhhvskovixzk/Build/Intermediates.noindex/xctest-dynamic-overlay.build/Debug-iphonesimulator/XCTestDynamicOverlay.build/Objects-normal/arm64/XCTestDynamicOverlay.SwiftFileList -DSWIFT_PACKAGE -DDEBUG -DSWIFT_MODULE_RESOURCE_BUNDLE_UNAVAILABLE -DXcode -plugin-path /Applications/Xcode.app/Contents/Developer/Toolchains/XcodeDefault.xctoolchain/usr/lib/swift/host/plugins/testing -enable-experimental-feature DebugDescriptionMacro -sdk /Applications/Xcode.app/Contents/Developer/Platforms/iPhoneSimulator.platform/Developer/SDKs/iPhoneSimulator26.0.sdk -target arm64-apple-ios13.0-simulator -g -module-cache-path /Users/xinyufang/Library/Developer/Xcode/DerivedData/ModuleCache.noindex -Xfrontend -serialize-debugging-options -enable-testing -suppress-warnings -index-store-path /Users/xinyufang/Library/Developer/Xcode/DerivedData/Buzz-faillbpsmponqzeruhhvskovixzk/Index.noindex/DataStore -Xcc -D_LIBCPP_HARDENING_MODE\=_LIBCPP_HARDENING_MODE_DEBUG -swift-version 6 -I /Users/xinyufang/Library/Developer/Xcode/DerivedData/Buzz-faillbpsmponqzeruhhvskovixzk/Build/Products/Debug-iphonesimulator -Isystem /Applications/Xcode.app/Contents/Developer/Platforms/iPhoneSimulator.platform/Developer/usr/lib -F /Users/xinyufang/Library/Developer/Xcode/DerivedData/Buzz-faillbpsmponqzeruhhvskovixzk/Build/Products/Debug-iphonesimulator/PackageFrameworks -F /Users/xinyufang/Library/Developer/Xcode/DerivedData/Buzz-faillbpsmponqzeruhhvskovixzk/Build/Products/Debug-iphonesimulator/PackageFrameworks -F /Users/xinyufang/Library/Developer/Xcode/DerivedData/Buzz-faillbpsmponqzeruhhvskovixzk/Build/Products/Debug-iphonesimulator -F /Applications/Xcode.app/Contents/Developer/Platforms/iPhoneSimulator.platform/Developer/Library/Frameworks -F /Applications/Xcode.app/Contents/Developer/Platforms/iPhoneSimulator.platform/Developer/SDKs/iPhoneSimulator26.0.sdk/Developer/Library/Frameworks -c -j8 -enable-batch-mode -incremental -Xcc -ivfsstatcache -Xcc /Users/xinyufang/Library/Developer/Xcode/DerivedData/SDKStatCaches.noindex/iphonesimulator26.0-23A339-26257891a6c027eb51374368541b8346.sdkstatcache -output-file-map /Users/xinyufang/Library/Developer/Xcode/DerivedData/Buzz-faillbpsmponqzeruhhvskovixzk/Build/Intermediates.noindex/xctest-dynamic-overlay.build/Debug-iphonesimulator/XCTestDynamicOverlay.build/Objects-normal/arm64/XCTestDynamicOverlay-OutputFileMap.json -use-frontend-parseable-output -save-temps -no-color-diagnostics -explicit-module-build -module-cache-path /Users/xinyufang/Library/Developer/Xcode/DerivedData/Buzz-faillbpsmponqzeruhhvskovixzk/Build/Intermediates.noindex/SwiftExplicitPrecompiledModules -clang-scanner-module-cache-path /Users/xinyufang/Library/Developer/Xcode/DerivedData/ModuleCache.noindex -sdk-module-cache-path /Users/xinyufang/Library/Developer/Xcode/DerivedData/ModuleCache.noindex -serialize-diagnostics -emit-dependencies -emit-module -emit-module-path /Users/xinyufang/Library/Developer/Xcode/DerivedData/Buzz-faillbpsmponqzeruhhvskovixzk/Build/Intermediates.noindex/xctest-dynamic-overlay.build/Debug-iphonesimulator/XCTestDynamicOverlay.build/Objects-normal/arm64/XCTestDynamicOverlay.swiftmodule -user-module-version 1.7.0 -validate-clang-modules-once -clang-build-session-file /Users/xinyufang/Library/Developer/Xcode/DerivedData/ModuleCache.noindex/Session.modulevalidation -package-name xctest_dynamic_overlay -Xcc -I/Users/xinyufang/Library/Developer/Xcode/DerivedData/Buzz-faillbpsmponqzeruhhvskovixzk/Build/Intermediates.noindex/xctest-dynamic-overlay.build/Debug-iphonesimulator/XCTestDynamicOverlay.build/swift-overrides.hmap -emit-const-values -Xfrontend -const-gather-protocols-file -Xfrontend /Users/xinyufang/Library/Developer/Xcode/DerivedData/Buzz-faillbpsmponqzeruhhvskovixzk/Build/Intermediates.noindex/xctest-dynamic-overlay.build/Debug-iphonesimulator/XCTestDynamicOverlay.build/Objects-normal/arm64/XCTestDynamicOverlay_const_extract_protocols.json -Xcc -I/Users/xinyufang/Library/Developer/Xcode/DerivedData/Buzz-faillbpsmponqzeruhhvskovixzk/Build/Products/Debug-iphonesimulator/include -Xcc -I/Users/xinyufang/Library/Developer/Xcode/DerivedData/Buzz-faillbpsmponqzeruhhvskovixzk/Build/Intermediates.noindex/xctest-dynamic-overlay.build/Debug-iphonesimulator/XCTestDynamicOverlay.build/DerivedSources-normal/arm64 -Xcc -I/Users/xinyufang/Library/Developer/Xcode/DerivedData/Buzz-faillbpsmponqzeruhhvskovixzk/Build/Intermediates.noindex/xctest-dynamic-overlay.build/Debug-iphonesimulator/XCTestDynamicOverlay.build/DerivedSources/arm64 -Xcc -I/Users/xinyufang/Library/Developer/Xcode/DerivedData/Buzz-faillbpsmponqzeruhhvskovixzk/Build/Intermediates.noindex/xctest-dynamic-overlay.build/Debug-iphonesimulator/XCTestDynamicOverlay.build/DerivedSources -Xcc -DSWIFT_PACKAGE -Xcc -DDEBUG\=1 -emit-objc-header -emit-objc-header-path /Users/xinyufang/Library/Developer/Xcode/DerivedData/Buzz-faillbpsmponqzeruhhvskovixzk/Build/Intermediates.noindex/xctest-dynamic-overlay.build/Debug-iphonesimulator/XCTestDynamicOverlay.build/Objects-normal/arm64/XCTestDynamicOverlay-Swift.h -working-directory /Users/xinyufang/Documents/Buzz/Buzz.xcodeproj -experimental-emit-module-separately -disable-cmo

SwiftDriverJobDiscovery normal arm64 Compiling Exports.swift (in target 'XCTestDynamicOverlay' from project 'xctest-dynamic-overlay')

SwiftCompile normal arm64 Compiling\ Deprecations.swift /Users/xinyufang/Library/Developer/Xcode/DerivedData/Buzz-faillbpsmponqzeruhhvskovixzk/SourcePackages/checkouts/xctest-dynamic-overlay/Sources/XCTestDynamicOverlay/Internal/Deprecations.swift (in target 'XCTestDynamicOverlay' from project 'xctest-dynamic-overlay')

SwiftCompile normal arm64 /Users/xinyufang/Library/Developer/Xcode/DerivedData/Buzz-faillbpsmponqzeruhhvskovixzk/SourcePackages/checkouts/xctest-dynamic-overlay/Sources/XCTestDynamicOverlay/Internal/Deprecations.swift (in target 'XCTestDynamicOverlay' from project 'xctest-dynamic-overlay')
    cd /Users/xinyufang/Documents/Buzz/Buzz.xcodeproj
    

SwiftMergeGeneratedHeaders /Users/xinyufang/Library/Developer/Xcode/DerivedData/Buzz-faillbpsmponqzeruhhvskovixzk/Build/Intermediates.noindex/GeneratedModuleMaps-iphonesimulator/XCTestDynamicOverlay-Swift.h /Users/xinyufang/Library/Developer/Xcode/DerivedData/Buzz-faillbpsmponqzeruhhvskovixzk/Build/Intermediates.noindex/xctest-dynamic-overlay.build/Debug-iphonesimulator/XCTestDynamicOverlay.build/Objects-normal/arm64/XCTestDynamicOverlay-Swift.h (in target 'XCTestDynamicOverlay' from project 'xctest-dynamic-overlay')
    cd /Users/xinyufang/Library/Developer/Xcode/DerivedData/Buzz-faillbpsmponqzeruhhvskovixzk/SourcePackages/checkouts/xctest-dynamic-overlay
    builtin-swiftHeaderTool -arch arm64 /Users/xinyufang/Library/Developer/Xcode/DerivedData/Buzz-faillbpsmponqzeruhhvskovixzk/Build/Intermediates.noindex/xctest-dynamic-overlay.build/Debug-iphonesimulator/XCTestDynamicOverlay.build/Objects-normal/arm64/XCTestDynamicOverlay-Swift.h -o /Users/xinyufang/Library/Developer/Xcode/DerivedData/Buzz-faillbpsmponqzeruhhvskovixzk/Build/Intermediates.noindex/GeneratedModuleMaps-iphonesimulator/XCTestDynamicOverlay-Swift.h

SwiftDriverJobDiscovery normal arm64 Emitting module for Stripe (in target 'Stripe' from project 'Stripe')

Copy /Users/xinyufang/Library/Developer/Xcode/DerivedData/Buzz-faillbpsmponqzeruhhvskovixzk/Build/Products/Debug-iphonesimulator/XCTestDynamicOverlay.swiftmodule/arm64-apple-ios-simulator.swiftmodule /Users/xinyufang/Library/Developer/Xcode/DerivedData/Buzz-faillbpsmponqzeruhhvskovixzk/Build/Intermediates.noindex/xctest-dynamic-overlay.build/Debug-iphonesimulator/XCTestDynamicOverlay.build/Objects-normal/arm64/XCTestDynamicOverlay.swiftmodule (in target 'XCTestDynamicOverlay' from project 'xctest-dynamic-overlay')
    cd /Users/xinyufang/Library/Developer/Xcode/DerivedData/Buzz-faillbpsmponqzeruhhvskovixzk/SourcePackages/checkouts/xctest-dynamic-overlay
    builtin-copy -exclude .DS_Store -exclude CVS -exclude .svn -exclude .git -exclude .hg -resolve-src-symlinks -rename /Users/xinyufang/Library/Developer/Xcode/DerivedData/Buzz-faillbpsmponqzeruhhvskovixzk/Build/Intermediates.noindex/xctest-dynamic-overlay.build/Debug-iphonesimulator/XCTestDynamicOverlay.build/Objects-normal/arm64/XCTestDynamicOverlay.swiftmodule /Users/xinyufang/Library/Developer/Xcode/DerivedData/Buzz-faillbpsmponqzeruhhvskovixzk/Build/Products/Debug-iphonesimulator/XCTestDynamicOverlay.swiftmodule/arm64-apple-ios-simulator.swiftmodule

Copy /Users/xinyufang/Library/Developer/Xcode/DerivedData/Buzz-faillbpsmponqzeruhhvskovixzk/Build/Products/Debug-iphonesimulator/XCTestDynamicOverlay.swiftmodule/arm64-apple-ios-simulator.swiftdoc /Users/xinyufang/Library/Developer/Xcode/DerivedData/Buzz-faillbpsmponqzeruhhvskovixzk/Build/Intermediates.noindex/xctest-dynamic-overlay.build/Debug-iphonesimulator/XCTestDynamicOverlay.build/Objects-normal/arm64/XCTestDynamicOverlay.swiftdoc (in target 'XCTestDynamicOverlay' from project 'xctest-dynamic-overlay')
    cd /Users/xinyufang/Library/Developer/Xcode/DerivedData/Buzz-faillbpsmponqzeruhhvskovixzk/SourcePackages/checkouts/xctest-dynamic-overlay
    builtin-copy -exclude .DS_Store -exclude CVS -exclude .svn -exclude .git -exclude .hg -resolve-src-symlinks -rename /Users/xinyufang/Library/Developer/Xcode/DerivedData/Buzz-faillbpsmponqzeruhhvskovixzk/Build/Intermediates.noindex/xctest-dynamic-overlay.build/Debug-iphonesimulator/XCTestDynamicOverlay.build/Objects-normal/arm64/XCTestDynamicOverlay.swiftdoc /Users/xinyufang/Library/Developer/Xcode/DerivedData/Buzz-faillbpsmponqzeruhhvskovixzk/Build/Products/Debug-iphonesimulator/XCTestDynamicOverlay.swiftmodule/arm64-apple-ios-simulator.swiftdoc

Copy /Users/xinyufang/Library/Developer/Xcode/DerivedData/Buzz-faillbpsmponqzeruhhvskovixzk/Build/Products/Debug-iphonesimulator/XCTestDynamicOverlay.swiftmodule/arm64-apple-ios-simulator.abi.json /Users/xinyufang/Library/Developer/Xcode/DerivedData/Buzz-faillbpsmponqzeruhhvskovixzk/Build/Intermediates.noindex/xctest-dynamic-overlay.build/Debug-iphonesimulator/XCTestDynamicOverlay.build/Objects-normal/arm64/XCTestDynamicOverlay.abi.json (in target 'XCTestDynamicOverlay' from project 'xctest-dynamic-overlay')
    cd /Users/xinyufang/Library/Developer/Xcode/DerivedData/Buzz-faillbpsmponqzeruhhvskovixzk/SourcePackages/checkouts/xctest-dynamic-overlay
    builtin-copy -exclude .DS_Store -exclude CVS -exclude .svn -exclude .git -exclude .hg -resolve-src-symlinks -rename /Users/xinyufang/Library/Developer/Xcode/DerivedData/Buzz-faillbpsmponqzeruhhvskovixzk/Build/Intermediates.noindex/xctest-dynamic-overlay.build/Debug-iphonesimulator/XCTestDynamicOverlay.build/Objects-normal/arm64/XCTestDynamicOverlay.abi.json /Users/xinyufang/Library/Developer/Xcode/DerivedData/Buzz-faillbpsmponqzeruhhvskovixzk/Build/Products/Debug-iphonesimulator/XCTestDynamicOverlay.swiftmodule/arm64-apple-ios-simulator.abi.json

Copy /Users/xinyufang/Library/Developer/Xcode/DerivedData/Buzz-faillbpsmponqzeruhhvskovixzk/Build/Products/Debug-iphonesimulator/XCTestDynamicOverlay.swiftmodule/Project/arm64-apple-ios-simulator.swiftsourceinfo /Users/xinyufang/Library/Developer/Xcode/DerivedData/Buzz-faillbpsmponqzeruhhvskovixzk/Build/Intermediates.noindex/xctest-dynamic-overlay.build/Debug-iphonesimulator/XCTestDynamicOverlay.build/Objects-normal/arm64/XCTestDynamicOverlay.swiftsourceinfo (in target 'XCTestDynamicOverlay' from project 'xctest-dynamic-overlay')
    cd /Users/xinyufang/Library/Developer/Xcode/DerivedData/Buzz-faillbpsmponqzeruhhvskovixzk/SourcePackages/checkouts/xctest-dynamic-overlay
    builtin-copy -exclude .DS_Store -exclude CVS -exclude .svn -exclude .git -exclude .hg -resolve-src-symlinks -rename /Users/xinyufang/Library/Developer/Xcode/DerivedData/Buzz-faillbpsmponqzeruhhvskovixzk/Build/Intermediates.noindex/xctest-dynamic-overlay.build/Debug-iphonesimulator/XCTestDynamicOverlay.build/Objects-normal/arm64/XCTestDynamicOverlay.swiftsourceinfo /Users/xinyufang/Library/Developer/Xcode/DerivedData/Buzz-faillbpsmponqzeruhhvskovixzk/Build/Products/Debug-iphonesimulator/XCTestDynamicOverlay.swiftmodule/Project/arm64-apple-ios-simulator.swiftsourceinfo

SwiftDriver\ Compilation\ Requirements Stripe normal arm64 com.apple.xcode.tools.swift.compiler (in target 'Stripe' from project 'Stripe')
    cd /Users/xinyufang/Documents/Buzz/Buzz.xcodeproj
    builtin-Swift-Compilation-Requirements -- /Applications/Xcode.app/Contents/Developer/Toolchains/XcodeDefault.xctoolchain/usr/bin/swiftc -module-name Stripe -Onone -enforce-exclusivity\=checked @/Users/xinyufang/Library/Developer/Xcode/DerivedData/Buzz-faillbpsmponqzeruhhvskovixzk/Build/Intermediates.noindex/Stripe.build/Debug-iphonesimulator/Stripe.build/Objects-normal/arm64/Stripe.SwiftFileList -DSWIFT_PACKAGE -DDEBUG -DSWIFT_MODULE_RESOURCE_BUNDLE_AVAILABLE -Xcc -fmodule-map-file\=/Users/xinyufang/Library/Developer/Xcode/DerivedData/Buzz-faillbpsmponqzeruhhvskovixzk/Build/Intermediates.noindex/GeneratedModuleMaps-iphonesimulator/Stripe3DS2.modulemap -DXcode -plugin-path /Applications/Xcode.app/Contents/Developer/Toolchains/XcodeDefault.xctoolchain/usr/lib/swift/host/plugins/testing -enable-experimental-feature DebugDescriptionMacro -sdk /Applications/Xcode.app/Contents/Developer/Platforms/iPhoneSimulator.platform/Developer/SDKs/iPhoneSimulator26.0.sdk -target arm64-apple-ios13.0-simulator -g -module-cache-path /Users/xinyufang/Library/Developer/Xcode/DerivedData/ModuleCache.noindex -Xfrontend -serialize-debugging-options -enable-testing -suppress-warnings -index-store-path /Users/xinyufang/Library/Developer/Xcode/DerivedData/Buzz-faillbpsmponqzeruhhvskovixzk/Index.noindex/DataStore -Xcc -D_LIBCPP_HARDENING_MODE\=_LIBCPP_HARDENING_MODE_DEBUG -swift-version 5 -I /Users/xinyufang/Library/Developer/Xcode/DerivedData/Buzz-faillbpsmponqzeruhhvskovixzk/Build/Products/Debug-iphonesimulator -Isystem /Applications/Xcode.app/Contents/Developer/Platforms/iPhoneSimulator.platform/Developer/usr/lib -F /Users/xinyufang/Library/Developer/Xcode/DerivedData/Buzz-faillbpsmponqzeruhhvskovixzk/Build/Products/Debug-iphonesimulator/PackageFrameworks -F /Users/xinyufang/Library/Developer/Xcode/DerivedData/Buzz-faillbpsmponqzeruhhvskovixzk/Build/Products/Debug-iphonesimulator/PackageFrameworks -F /Users/xinyufang/Library/Developer/Xcode/DerivedData/Buzz-faillbpsmponqzeruhhvskovixzk/Build/Products/Debug-iphonesimulator/PackageFrameworks -F /Users/xinyufang/Library/Developer/Xcode/DerivedData/Buzz-faillbpsmponqzeruhhvskovixzk/Build/Products/Debug-iphonesimulator/PackageFrameworks -F /Users/xinyufang/Library/Developer/Xcode/DerivedData/Buzz-faillbpsmponqzeruhhvskovixzk/Build/Products/Debug-iphonesimulator/PackageFrameworks -F /Users/xinyufang/Library/Developer/Xcode/DerivedData/Buzz-faillbpsmponqzeruhhvskovixzk/Build/Products/Debug-iphonesimulator/PackageFrameworks -F /Users/xinyufang/Library/Developer/Xcode/DerivedData/Buzz-faillbpsmponqzeruhhvskovixzk/Build/Products/Debug-iphonesimulator -F /Applications/Xcode.app/Contents/Developer/Platforms/iPhoneSimulator.platform/Developer/Library/Frameworks -F /Applications/Xcode.app/Contents/Developer/Platforms/iPhoneSimulator.platform/Developer/SDKs/iPhoneSimulator26.0.sdk/Developer/Library/Frameworks -emit-localized-strings -emit-localized-strings-path /Users/xinyufang/Library/Developer/Xcode/DerivedData/Buzz-faillbpsmponqzeruhhvskovixzk/Build/Intermediates.noindex/Stripe.build/Debug-iphonesimulator/Stripe.build/Objects-normal/arm64 -c -j8 -enable-batch-mode -incremental -Xcc -ivfsstatcache -Xcc /Users/xinyufang/Library/Developer/Xcode/DerivedData/SDKStatCaches.noindex/iphonesimulator26.0-23A339-26257891a6c027eb51374368541b8346.sdkstatcache -output-file-map /Users/xinyufang/Library/Developer/Xcode/DerivedData/Buzz-faillbpsmponqzeruhhvskovixzk/Build/Intermediates.noindex/Stripe.build/Debug-iphonesimulator/Stripe.build/Objects-normal/arm64/Stripe-OutputFileMap.json -use-frontend-parseable-output -save-temps -no-color-diagnostics -explicit-module-build -module-cache-path /Users/xinyufang/Library/Developer/Xcode/DerivedData/Buzz-faillbpsmponqzeruhhvskovixzk/Build/Intermediates.noindex/SwiftExplicitPrecompiledModules -clang-scanner-module-cache-path /Users/xinyufang/Library/Developer/Xcode/DerivedData/ModuleCache.noindex -sdk-module-cache-path /Users/xinyufang/Library/Developer/Xcode/DerivedData/ModuleCache.noindex -serialize-diagnostics -emit-dependencies -emit-module -emit-module-path /Users/xinyufang/Library/Developer/Xcode/DerivedData/Buzz-faillbpsmponqzeruhhvskovixzk/Build/Intermediates.noindex/Stripe.build/Debug-iphonesimulator/Stripe.build/Objects-normal/arm64/Stripe.swiftmodule -validate-clang-modules-once -clang-build-session-file /Users/xinyufang/Library/Developer/Xcode/DerivedData/ModuleCache.noindex/Session.modulevalidation -Xcc -I/Users/xinyufang/Library/Developer/Xcode/DerivedData/Buzz-faillbpsmponqzeruhhvskovixzk/Build/Intermediates.noindex/Stripe.build/Debug-iphonesimulator/Stripe.build/swift-overrides.hmap -emit-const-values -Xfrontend -const-gather-protocols-file -Xfrontend /Users/xinyufang/Library/Developer/Xcode/DerivedData/Buzz-faillbpsmponqzeruhhvskovixzk/Build/Intermediates.noindex/Stripe.build/Debug-iphonesimulator/Stripe.build/Objects-normal/arm64/Stripe_const_extract_protocols.json -Xcc -I/Users/xinyufang/Library/Developer/Xcode/DerivedData/Buzz-faillbpsmponqzeruhhvskovixzk/SourcePackages/checkouts/stripe-ios-spm/Stripe3DS2/Stripe3DS2/include -Xcc -I/Users/xinyufang/Library/Developer/Xcode/DerivedData/Buzz-faillbpsmponqzeruhhvskovixzk/Build/Products/Debug-iphonesimulator/include -Xcc -I/Users/xinyufang/Library/Developer/Xcode/DerivedData/Buzz-faillbpsmponqzeruhhvskovixzk/Build/Intermediates.noindex/Stripe.build/Debug-iphonesimulator/Stripe.build/DerivedSources-normal/arm64 -Xcc -I/Users/xinyufang/Library/Developer/Xcode/DerivedData/Buzz-faillbpsmponqzeruhhvskovixzk/Build/Intermediates.noindex/Stripe.build/Debug-iphonesimulator/Stripe.build/DerivedSources/arm64 -Xcc -I/Users/xinyufang/Library/Developer/Xcode/DerivedData/Buzz-faillbpsmponqzeruhhvskovixzk/Build/Intermediates.noindex/Stripe.build/Debug-iphonesimulator/Stripe.build/DerivedSources -Xcc -DSWIFT_PACKAGE -Xcc -DDEBUG\=1 -emit-objc-header -emit-objc-header-path /Users/xinyufang/Library/Developer/Xcode/DerivedData/Buzz-faillbpsmponqzeruhhvskovixzk/Build/Intermediates.noindex/Stripe.build/Debug-iphonesimulator/Stripe.build/Objects-normal/arm64/Stripe-Swift.h -working-directory /Users/xinyufang/Documents/Buzz/Buzz.xcodeproj -experimental-emit-module-separately -disable-cmo

SwiftMergeGeneratedHeaders /Users/xinyufang/Library/Developer/Xcode/DerivedData/Buzz-faillbpsmponqzeruhhvskovixzk/Build/Intermediates.noindex/GeneratedModuleMaps-iphonesimulator/Stripe-Swift.h /Users/xinyufang/Library/Developer/Xcode/DerivedData/Buzz-faillbpsmponqzeruhhvskovixzk/Build/Intermediates.noindex/Stripe.build/Debug-iphonesimulator/Stripe.build/Objects-normal/arm64/Stripe-Swift.h (in target 'Stripe' from project 'Stripe')
    cd /Users/xinyufang/Library/Developer/Xcode/DerivedData/Buzz-faillbpsmponqzeruhhvskovixzk/SourcePackages/checkouts/stripe-ios-spm
    builtin-swiftHeaderTool -arch arm64 /Users/xinyufang/Library/Developer/Xcode/DerivedData/Buzz-faillbpsmponqzeruhhvskovixzk/Build/Intermediates.noindex/Stripe.build/Debug-iphonesimulator/Stripe.build/Objects-normal/arm64/Stripe-Swift.h -o /Users/xinyufang/Library/Developer/Xcode/DerivedData/Buzz-faillbpsmponqzeruhhvskovixzk/Build/Intermediates.noindex/GeneratedModuleMaps-iphonesimulator/Stripe-Swift.h

Copy /Users/xinyufang/Library/Developer/Xcode/DerivedData/Buzz-faillbpsmponqzeruhhvskovixzk/Build/Products/Debug-iphonesimulator/Stripe.swiftmodule/arm64-apple-ios-simulator.swiftmodule /Users/xinyufang/Library/Developer/Xcode/DerivedData/Buzz-faillbpsmponqzeruhhvskovixzk/Build/Intermediates.noindex/Stripe.build/Debug-iphonesimulator/Stripe.build/Objects-normal/arm64/Stripe.swiftmodule (in target 'Stripe' from project 'Stripe')
    cd /Users/xinyufang/Library/Developer/Xcode/DerivedData/Buzz-faillbpsmponqzeruhhvskovixzk/SourcePackages/checkouts/stripe-ios-spm
    builtin-copy -exclude .DS_Store -exclude CVS -exclude .svn -exclude .git -exclude .hg -resolve-src-symlinks -rename /Users/xinyufang/Library/Developer/Xcode/DerivedData/Buzz-faillbpsmponqzeruhhvskovixzk/Build/Intermediates.noindex/Stripe.build/Debug-iphonesimulator/Stripe.build/Objects-normal/arm64/Stripe.swiftmodule /Users/xinyufang/Library/Developer/Xcode/DerivedData/Buzz-faillbpsmponqzeruhhvskovixzk/Build/Products/Debug-iphonesimulator/Stripe.swiftmodule/arm64-apple-ios-simulator.swiftmodule

Copy /Users/xinyufang/Library/Developer/Xcode/DerivedData/Buzz-faillbpsmponqzeruhhvskovixzk/Build/Products/Debug-iphonesimulator/Stripe.swiftmodule/arm64-apple-ios-simulator.swiftdoc /Users/xinyufang/Library/Developer/Xcode/DerivedData/Buzz-faillbpsmponqzeruhhvskovixzk/Build/Intermediates.noindex/Stripe.build/Debug-iphonesimulator/Stripe.build/Objects-normal/arm64/Stripe.swiftdoc (in target 'Stripe' from project 'Stripe')
    cd /Users/xinyufang/Library/Developer/Xcode/DerivedData/Buzz-faillbpsmponqzeruhhvskovixzk/SourcePackages/checkouts/stripe-ios-spm
    builtin-copy -exclude .DS_Store -exclude CVS -exclude .svn -exclude .git -exclude .hg -resolve-src-symlinks -rename /Users/xinyufang/Library/Developer/Xcode/DerivedData/Buzz-faillbpsmponqzeruhhvskovixzk/Build/Intermediates.noindex/Stripe.build/Debug-iphonesimulator/Stripe.build/Objects-normal/arm64/Stripe.swiftdoc /Users/xinyufang/Library/Developer/Xcode/DerivedData/Buzz-faillbpsmponqzeruhhvskovixzk/Build/Products/Debug-iphonesimulator/Stripe.swiftmodule/arm64-apple-ios-simulator.swiftdoc

Copy /Users/xinyufang/Library/Developer/Xcode/DerivedData/Buzz-faillbpsmponqzeruhhvskovixzk/Build/Products/Debug-iphonesimulator/Stripe.swiftmodule/arm64-apple-ios-simulator.abi.json /Users/xinyufang/Library/Developer/Xcode/DerivedData/Buzz-faillbpsmponqzeruhhvskovixzk/Build/Intermediates.noindex/Stripe.build/Debug-iphonesimulator/Stripe.build/Objects-normal/arm64/Stripe.abi.json (in target 'Stripe' from project 'Stripe')
    cd /Users/xinyufang/Library/Developer/Xcode/DerivedData/Buzz-faillbpsmponqzeruhhvskovixzk/SourcePackages/checkouts/stripe-ios-spm
    builtin-copy -exclude .DS_Store -exclude CVS -exclude .svn -exclude .git -exclude .hg -resolve-src-symlinks -rename /Users/xinyufang/Library/Developer/Xcode/DerivedData/Buzz-faillbpsmponqzeruhhvskovixzk/Build/Intermediates.noindex/Stripe.build/Debug-iphonesimulator/Stripe.build/Objects-normal/arm64/Stripe.abi.json /Users/xinyufang/Library/Developer/Xcode/DerivedData/Buzz-faillbpsmponqzeruhhvskovixzk/Build/Products/Debug-iphonesimulator/Stripe.swiftmodule/arm64-apple-ios-simulator.abi.json

Copy /Users/xinyufang/Library/Developer/Xcode/DerivedData/Buzz-faillbpsmponqzeruhhvskovixzk/Build/Products/Debug-iphonesimulator/Stripe.swiftmodule/Project/arm64-apple-ios-simulator.swiftsourceinfo /Users/xinyufang/Library/Developer/Xcode/DerivedData/Buzz-faillbpsmponqzeruhhvskovixzk/Build/Intermediates.noindex/Stripe.build/Debug-iphonesimulator/Stripe.build/Objects-normal/arm64/Stripe.swiftsourceinfo (in target 'Stripe' from project 'Stripe')
    cd /Users/xinyufang/Library/Developer/Xcode/DerivedData/Buzz-faillbpsmponqzeruhhvskovixzk/SourcePackages/checkouts/stripe-ios-spm
    builtin-copy -exclude .DS_Store -exclude CVS -exclude .svn -exclude .git -exclude .hg -resolve-src-symlinks -rename /Users/xinyufang/Library/Developer/Xcode/DerivedData/Buzz-faillbpsmponqzeruhhvskovixzk/Build/Intermediates.noindex/Stripe.build/Debug-iphonesimulator/Stripe.build/Objects-normal/arm64/Stripe.swiftsourceinfo /Users/xinyufang/Library/Developer/Xcode/DerivedData/Buzz-faillbpsmponqzeruhhvskovixzk/Build/Products/Debug-iphonesimulator/Stripe.swiftmodule/Project/arm64-apple-ios-simulator.swiftsourceinfo

SwiftCompile normal arm64 Compiling\ Stripe+Exports.swift,\ GeneratedAssetSymbols.swift /Users/xinyufang/Library/Developer/Xcode/DerivedData/Buzz-faillbpsmponqzeruhhvskovixzk/SourcePackages/checkouts/stripe-ios-spm/Stripe/StripeiOS/Source/Stripe+Exports.swift /Users/xinyufang/Library/Developer/Xcode/DerivedData/Buzz-faillbpsmponqzeruhhvskovixzk/Build/Intermediates.noindex/Stripe.build/Debug-iphonesimulator/Stripe.build/DerivedSources/GeneratedAssetSymbols.swift (in target 'Stripe' from project 'Stripe')

SwiftCompile normal arm64 /Users/xinyufang/Library/Developer/Xcode/DerivedData/Buzz-faillbpsmponqzeruhhvskovixzk/SourcePackages/checkouts/stripe-ios-spm/Stripe/StripeiOS/Source/Stripe+Exports.swift (in target 'Stripe' from project 'Stripe')
    cd /Users/xinyufang/Documents/Buzz/Buzz.xcodeproj
    

SwiftCompile normal arm64 /Users/xinyufang/Library/Developer/Xcode/DerivedData/Buzz-faillbpsmponqzeruhhvskovixzk/Build/Intermediates.noindex/Stripe.build/Debug-iphonesimulator/Stripe.build/DerivedSources/GeneratedAssetSymbols.swift (in target 'Stripe' from project 'Stripe')
    cd /Users/xinyufang/Documents/Buzz/Buzz.xcodeproj
    

SwiftCompile normal arm64 Compiling\ STPEphemeralKeyProvider.swift,\ STPFakeAddPaymentPassViewController.swift /Users/xinyufang/Library/Developer/Xcode/DerivedData/Buzz-faillbpsmponqzeruhhvskovixzk/SourcePackages/checkouts/stripe-ios-spm/Stripe/StripeiOS/Source/STPEphemeralKeyProvider.swift /Users/xinyufang/Library/Developer/Xcode/DerivedData/Buzz-faillbpsmponqzeruhhvskovixzk/SourcePackages/checkouts/stripe-ios-spm/Stripe/StripeiOS/Source/STPFakeAddPaymentPassViewController.swift (in target 'Stripe' from project 'Stripe')

SwiftCompile normal arm64 /Users/xinyufang/Library/Developer/Xcode/DerivedData/Buzz-faillbpsmponqzeruhhvskovixzk/SourcePackages/checkouts/stripe-ios-spm/Stripe/StripeiOS/Source/STPEphemeralKeyProvider.swift (in target 'Stripe' from project 'Stripe')
    cd /Users/xinyufang/Documents/Buzz/Buzz.xcodeproj
    

SwiftCompile normal arm64 /Users/xinyufang/Library/Developer/Xcode/DerivedData/Buzz-faillbpsmponqzeruhhvskovixzk/SourcePackages/checkouts/stripe-ios-spm/Stripe/StripeiOS/Source/STPFakeAddPaymentPassViewController.swift (in target 'Stripe' from project 'Stripe')
    cd /Users/xinyufang/Documents/Buzz/Buzz.xcodeproj
    

SwiftDriverJobDiscovery normal arm64 Compiling PaymentMethodElementWrapper.swift, SimpleMandateElement.swift, TextFieldElement+Card.swift, TextFieldElement+IBAN.swift, TextFieldElement+USBankAccount.swift, EmbeddedFormViewController.swift, EmbeddedPaymentElement+Internal.swift, EmbeddedPaymentElement+SwiftUI.swift, EmbeddedPaymentElement.swift, EmbeddedPaymentElementConfiguration.swift, EmbeddedPaymentElementContainerView.swift, EmbeddedPaymentElementDelegate.swift, EmbeddedPaymentMethodsView.swift, EmbeddedUpdateContext.swift, EmbeddedViewRepresentable.swift, MandateTextProvider.swift, RadioButton.swift, UIStackView+Separator.swift, Error+PaymentSheet.swift, ExternalPaymentOption.swift, Intent.swift, IntentConfiguration+ClientContext.swift, IntentConfirmParams.swift, LinkAppearance.swift (in target 'StripePaymentSheet' from project 'Stripe')

SwiftCompile normal arm64 Compiling\ STPAnalyticsClient+Payments.swift,\ STPApplePayContextDelegate.swift /Users/xinyufang/Library/Developer/Xcode/DerivedData/Buzz-faillbpsmponqzeruhhvskovixzk/SourcePackages/checkouts/stripe-ios-spm/Stripe/StripeiOS/Source/STPAnalyticsClient+Payments.swift /Users/xinyufang/Library/Developer/Xcode/DerivedData/Buzz-faillbpsmponqzeruhhvskovixzk/SourcePackages/checkouts/stripe-ios-spm/Stripe/StripeiOS/Source/STPApplePayContextDelegate.swift (in target 'Stripe' from project 'Stripe')

SwiftCompile normal arm64 /Users/xinyufang/Library/Developer/Xcode/DerivedData/Buzz-faillbpsmponqzeruhhvskovixzk/SourcePackages/checkouts/stripe-ios-spm/Stripe/StripeiOS/Source/STPAnalyticsClient+Payments.swift (in target 'Stripe' from project 'Stripe')
    cd /Users/xinyufang/Documents/Buzz/Buzz.xcodeproj
    

SwiftCompile normal arm64 /Users/xinyufang/Library/Developer/Xcode/DerivedData/Buzz-faillbpsmponqzeruhhvskovixzk/SourcePackages/checkouts/stripe-ios-spm/Stripe/StripeiOS/Source/STPApplePayContextDelegate.swift (in target 'Stripe' from project 'Stripe')
    cd /Users/xinyufang/Documents/Buzz/Buzz.xcodeproj
    

SwiftDriverJobDiscovery normal arm64 Compiling Deprecations.swift (in target 'XCTestDynamicOverlay' from project 'xctest-dynamic-overlay')

SwiftDriver\ Compilation XCTestDynamicOverlay normal arm64 com.apple.xcode.tools.swift.compiler (in target 'XCTestDynamicOverlay' from project 'xctest-dynamic-overlay')
    cd /Users/xinyufang/Documents/Buzz/Buzz.xcodeproj
    builtin-Swift-Compilation -- /Applications/Xcode.app/Contents/Developer/Toolchains/XcodeDefault.xctoolchain/usr/bin/swiftc -module-name XCTestDynamicOverlay -Onone -enforce-exclusivity\=checked @/Users/xinyufang/Library/Developer/Xcode/DerivedData/Buzz-faillbpsmponqzeruhhvskovixzk/Build/Intermediates.noindex/xctest-dynamic-overlay.build/Debug-iphonesimulator/XCTestDynamicOverlay.build/Objects-normal/arm64/XCTestDynamicOverlay.SwiftFileList -DSWIFT_PACKAGE -DDEBUG -DSWIFT_MODULE_RESOURCE_BUNDLE_UNAVAILABLE -DXcode -plugin-path /Applications/Xcode.app/Contents/Developer/Toolchains/XcodeDefault.xctoolchain/usr/lib/swift/host/plugins/testing -enable-experimental-feature DebugDescriptionMacro -sdk /Applications/Xcode.app/Contents/Developer/Platforms/iPhoneSimulator.platform/Developer/SDKs/iPhoneSimulator26.0.sdk -target arm64-apple-ios13.0-simulator -g -module-cache-path /Users/xinyufang/Library/Developer/Xcode/DerivedData/ModuleCache.noindex -Xfrontend -serialize-debugging-options -enable-testing -suppress-warnings -index-store-path /Users/xinyufang/Library/Developer/Xcode/DerivedData/Buzz-faillbpsmponqzeruhhvskovixzk/Index.noindex/DataStore -Xcc -D_LIBCPP_HARDENING_MODE\=_LIBCPP_HARDENING_MODE_DEBUG -swift-version 6 -I /Users/xinyufang/Library/Developer/Xcode/DerivedData/Buzz-faillbpsmponqzeruhhvskovixzk/Build/Products/Debug-iphonesimulator -Isystem /Applications/Xcode.app/Contents/Developer/Platforms/iPhoneSimulator.platform/Developer/usr/lib -F /Users/xinyufang/Library/Developer/Xcode/DerivedData/Buzz-faillbpsmponqzeruhhvskovixzk/Build/Products/Debug-iphonesimulator/PackageFrameworks -F /Users/xinyufang/Library/Developer/Xcode/DerivedData/Buzz-faillbpsmponqzeruhhvskovixzk/Build/Products/Debug-iphonesimulator/PackageFrameworks -F /Users/xinyufang/Library/Developer/Xcode/DerivedData/Buzz-faillbpsmponqzeruhhvskovixzk/Build/Products/Debug-iphonesimulator -F /Applications/Xcode.app/Contents/Developer/Platforms/iPhoneSimulator.platform/Developer/Library/Frameworks -F /Applications/Xcode.app/Contents/Developer/Platforms/iPhoneSimulator.platform/Developer/SDKs/iPhoneSimulator26.0.sdk/Developer/Library/Frameworks -c -j8 -enable-batch-mode -incremental -Xcc -ivfsstatcache -Xcc /Users/xinyufang/Library/Developer/Xcode/DerivedData/SDKStatCaches.noindex/iphonesimulator26.0-23A339-26257891a6c027eb51374368541b8346.sdkstatcache -output-file-map /Users/xinyufang/Library/Developer/Xcode/DerivedData/Buzz-faillbpsmponqzeruhhvskovixzk/Build/Intermediates.noindex/xctest-dynamic-overlay.build/Debug-iphonesimulator/XCTestDynamicOverlay.build/Objects-normal/arm64/XCTestDynamicOverlay-OutputFileMap.json -use-frontend-parseable-output -save-temps -no-color-diagnostics -explicit-module-build -module-cache-path /Users/xinyufang/Library/Developer/Xcode/DerivedData/Buzz-faillbpsmponqzeruhhvskovixzk/Build/Intermediates.noindex/SwiftExplicitPrecompiledModules -clang-scanner-module-cache-path /Users/xinyufang/Library/Developer/Xcode/DerivedData/ModuleCache.noindex -sdk-module-cache-path /Users/xinyufang/Library/Developer/Xcode/DerivedData/ModuleCache.noindex -serialize-diagnostics -emit-dependencies -emit-module -emit-module-path /Users/xinyufang/Library/Developer/Xcode/DerivedData/Buzz-faillbpsmponqzeruhhvskovixzk/Build/Intermediates.noindex/xctest-dynamic-overlay.build/Debug-iphonesimulator/XCTestDynamicOverlay.build/Objects-normal/arm64/XCTestDynamicOverlay.swiftmodule -user-module-version 1.7.0 -validate-clang-modules-once -clang-build-session-file /Users/xinyufang/Library/Developer/Xcode/DerivedData/ModuleCache.noindex/Session.modulevalidation -package-name xctest_dynamic_overlay -Xcc -I/Users/xinyufang/Library/Developer/Xcode/DerivedData/Buzz-faillbpsmponqzeruhhvskovixzk/Build/Intermediates.noindex/xctest-dynamic-overlay.build/Debug-iphonesimulator/XCTestDynamicOverlay.build/swift-overrides.hmap -emit-const-values -Xfrontend -const-gather-protocols-file -Xfrontend /Users/xinyufang/Library/Developer/Xcode/DerivedData/Buzz-faillbpsmponqzeruhhvskovixzk/Build/Intermediates.noindex/xctest-dynamic-overlay.build/Debug-iphonesimulator/XCTestDynamicOverlay.build/Objects-normal/arm64/XCTestDynamicOverlay_const_extract_protocols.json -Xcc -I/Users/xinyufang/Library/Developer/Xcode/DerivedData/Buzz-faillbpsmponqzeruhhvskovixzk/Build/Products/Debug-iphonesimulator/include -Xcc -I/Users/xinyufang/Library/Developer/Xcode/DerivedData/Buzz-faillbpsmponqzeruhhvskovixzk/Build/Intermediates.noindex/xctest-dynamic-overlay.build/Debug-iphonesimulator/XCTestDynamicOverlay.build/DerivedSources-normal/arm64 -Xcc -I/Users/xinyufang/Library/Developer/Xcode/DerivedData/Buzz-faillbpsmponqzeruhhvskovixzk/Build/Intermediates.noindex/xctest-dynamic-overlay.build/Debug-iphonesimulator/XCTestDynamicOverlay.build/DerivedSources/arm64 -Xcc -I/Users/xinyufang/Library/Developer/Xcode/DerivedData/Buzz-faillbpsmponqzeruhhvskovixzk/Build/Intermediates.noindex/xctest-dynamic-overlay.build/Debug-iphonesimulator/XCTestDynamicOverlay.build/DerivedSources -Xcc -DSWIFT_PACKAGE -Xcc -DDEBUG\=1 -emit-objc-header -emit-objc-header-path /Users/xinyufang/Library/Developer/Xcode/DerivedData/Buzz-faillbpsmponqzeruhhvskovixzk/Build/Intermediates.noindex/xctest-dynamic-overlay.build/Debug-iphonesimulator/XCTestDynamicOverlay.build/Objects-normal/arm64/XCTestDynamicOverlay-Swift.h -working-directory /Users/xinyufang/Documents/Buzz/Buzz.xcodeproj -experimental-emit-module-separately -disable-cmo

SwiftDriverJobDiscovery normal arm64 Compiling Stripe+Exports.swift, GeneratedAssetSymbols.swift (in target 'Stripe' from project 'Stripe')

SwiftCompile normal arm64 Compiling\ resource_bundle_accessor.swift,\ PKAddPaymentPassRequest+Stripe_Error.swift /Users/xinyufang/Library/Developer/Xcode/DerivedData/Buzz-faillbpsmponqzeruhhvskovixzk/Build/Intermediates.noindex/Stripe.build/Debug-iphonesimulator/Stripe.build/DerivedSources/resource_bundle_accessor.swift /Users/xinyufang/Library/Developer/Xcode/DerivedData/Buzz-faillbpsmponqzeruhhvskovixzk/SourcePackages/checkouts/stripe-ios-spm/Stripe/StripeiOS/Source/PKAddPaymentPassRequest+Stripe_Error.swift (in target 'Stripe' from project 'Stripe')

SwiftCompile normal arm64 /Users/xinyufang/Library/Developer/Xcode/DerivedData/Buzz-faillbpsmponqzeruhhvskovixzk/Build/Intermediates.noindex/Stripe.build/Debug-iphonesimulator/Stripe.build/DerivedSources/resource_bundle_accessor.swift (in target 'Stripe' from project 'Stripe')
    cd /Users/xinyufang/Documents/Buzz/Buzz.xcodeproj
    

SwiftCompile normal arm64 /Users/xinyufang/Library/Developer/Xcode/DerivedData/Buzz-faillbpsmponqzeruhhvskovixzk/SourcePackages/checkouts/stripe-ios-spm/Stripe/StripeiOS/Source/PKAddPaymentPassRequest+Stripe_Error.swift (in target 'Stripe' from project 'Stripe')
    cd /Users/xinyufang/Documents/Buzz/Buzz.xcodeproj
    

SwiftCompile normal arm64 Compiling\ PKPaymentAuthorizationViewController+Stripe_Blocks.swift,\ STPAPIClient+PushProvisioning.swift /Users/xinyufang/Library/Developer/Xcode/DerivedData/Buzz-faillbpsmponqzeruhhvskovixzk/SourcePackages/checkouts/stripe-ios-spm/Stripe/StripeiOS/Source/PKPaymentAuthorizationViewController+Stripe_Blocks.swift /Users/xinyufang/Library/Developer/Xcode/DerivedData/Buzz-faillbpsmponqzeruhhvskovixzk/SourcePackages/checkouts/stripe-ios-spm/Stripe/StripeiOS/Source/STPAPIClient+PushProvisioning.swift (in target 'Stripe' from project 'Stripe')

SwiftCompile normal arm64 /Users/xinyufang/Library/Developer/Xcode/DerivedData/Buzz-faillbpsmponqzeruhhvskovixzk/SourcePackages/checkouts/stripe-ios-spm/Stripe/StripeiOS/Source/PKPaymentAuthorizationViewController+Stripe_Blocks.swift (in target 'Stripe' from project 'Stripe')
    cd /Users/xinyufang/Documents/Buzz/Buzz.xcodeproj
    

SwiftCompile normal arm64 /Users/xinyufang/Library/Developer/Xcode/DerivedData/Buzz-faillbpsmponqzeruhhvskovixzk/SourcePackages/checkouts/stripe-ios-spm/Stripe/StripeiOS/Source/STPAPIClient+PushProvisioning.swift (in target 'Stripe' from project 'Stripe')
    cd /Users/xinyufang/Documents/Buzz/Buzz.xcodeproj
    

SwiftDriverJobDiscovery normal arm64 Compiling STPImageLibrary.swift, STPLocalizedString.swift, STPStringUtils.swift, SavedPaymentMethodManager.swift, StripePaymentSheet+Exports.swift, StripePaymentSheetBundleLocator.swift, URL+Extensions.swift, ConsumerSession+LookupResponse.swift, ConsumerSession+PublishableKey.swift, ConsumerSession.swift, LinkConsentDataModel.swift, LinkPaymentMethodType.swift, LinkRequestSurface.swift, LookupLinkAuthIntentResponse.swift, PaymentDetails.swift, PaymentDetailsShareResponse.swift, STPAPIClient+Link.swift, ShippingAddressesResponse.swift, SupportedVerificationTypes.swift, VerificationSession.swift, STPAPIClient+PaymentSheet.swift, CardExpiryDate.swift, CustomPaymentMethod.swift, CustomerSession.swift (in target 'StripePaymentSheet' from project 'Stripe')

SwiftCompile normal arm64 Compiling\ STPEphemeralKey.swift,\ STPEphemeralKeyManager.swift /Users/xinyufang/Library/Developer/Xcode/DerivedData/Buzz-faillbpsmponqzeruhhvskovixzk/SourcePackages/checkouts/stripe-ios-spm/Stripe/StripeiOS/Source/STPEphemeralKey.swift /Users/xinyufang/Library/Developer/Xcode/DerivedData/Buzz-faillbpsmponqzeruhhvskovixzk/SourcePackages/checkouts/stripe-ios-spm/Stripe/StripeiOS/Source/STPEphemeralKeyManager.swift (in target 'Stripe' from project 'Stripe')

SwiftCompile normal arm64 /Users/xinyufang/Library/Developer/Xcode/DerivedData/Buzz-faillbpsmponqzeruhhvskovixzk/SourcePackages/checkouts/stripe-ios-spm/Stripe/StripeiOS/Source/STPEphemeralKey.swift (in target 'Stripe' from project 'Stripe')
    cd /Users/xinyufang/Documents/Buzz/Buzz.xcodeproj
    

SwiftCompile normal arm64 /Users/xinyufang/Library/Developer/Xcode/DerivedData/Buzz-faillbpsmponqzeruhhvskovixzk/SourcePackages/checkouts/stripe-ios-spm/Stripe/StripeiOS/Source/STPEphemeralKeyManager.swift (in target 'Stripe' from project 'Stripe')
    cd /Users/xinyufang/Documents/Buzz/Buzz.xcodeproj
    

SwiftCompile normal arm64 Compiling\ STPPinManagementService.swift,\ STPPushProvisioningContext.swift /Users/xinyufang/Library/Developer/Xcode/DerivedData/Buzz-faillbpsmponqzeruhhvskovixzk/SourcePackages/checkouts/stripe-ios-spm/Stripe/StripeiOS/Source/STPPinManagementService.swift /Users/xinyufang/Library/Developer/Xcode/DerivedData/Buzz-faillbpsmponqzeruhhvskovixzk/SourcePackages/checkouts/stripe-ios-spm/Stripe/StripeiOS/Source/STPPushProvisioningContext.swift (in target 'Stripe' from project 'Stripe')

SwiftCompile normal arm64 /Users/xinyufang/Library/Developer/Xcode/DerivedData/Buzz-faillbpsmponqzeruhhvskovixzk/SourcePackages/checkouts/stripe-ios-spm/Stripe/StripeiOS/Source/STPPinManagementService.swift (in target 'Stripe' from project 'Stripe')
    cd /Users/xinyufang/Documents/Buzz/Buzz.xcodeproj
    

SwiftCompile normal arm64 /Users/xinyufang/Library/Developer/Xcode/DerivedData/Buzz-faillbpsmponqzeruhhvskovixzk/SourcePackages/checkouts/stripe-ios-spm/Stripe/StripeiOS/Source/STPPushProvisioningContext.swift (in target 'Stripe' from project 'Stripe')
    cd /Users/xinyufang/Documents/Buzz/Buzz.xcodeproj
    

SwiftDriverJobDiscovery normal arm64 Compiling STPAnalyticsClient+Payments.swift, STPApplePayContextDelegate.swift (in target 'Stripe' from project 'Stripe')

SwiftDriverJobDiscovery normal arm64 Compiling PKPaymentAuthorizationViewController+Stripe_Blocks.swift, STPAPIClient+PushProvisioning.swift (in target 'Stripe' from project 'Stripe')

SwiftCompile normal arm64 Compiling\ STPPushProvisioningDetails.swift,\ STPPushProvisioningDetailsParams.swift /Users/xinyufang/Library/Developer/Xcode/DerivedData/Buzz-faillbpsmponqzeruhhvskovixzk/SourcePackages/checkouts/stripe-ios-spm/Stripe/StripeiOS/Source/STPPushProvisioningDetails.swift /Users/xinyufang/Library/Developer/Xcode/DerivedData/Buzz-faillbpsmponqzeruhhvskovixzk/SourcePackages/checkouts/stripe-ios-spm/Stripe/StripeiOS/Source/STPPushProvisioningDetailsParams.swift (in target 'Stripe' from project 'Stripe')

SwiftCompile normal arm64 /Users/xinyufang/Library/Developer/Xcode/DerivedData/Buzz-faillbpsmponqzeruhhvskovixzk/SourcePackages/checkouts/stripe-ios-spm/Stripe/StripeiOS/Source/STPPushProvisioningDetails.swift (in target 'Stripe' from project 'Stripe')
    cd /Users/xinyufang/Documents/Buzz/Buzz.xcodeproj
    

SwiftCompile normal arm64 /Users/xinyufang/Library/Developer/Xcode/DerivedData/Buzz-faillbpsmponqzeruhhvskovixzk/SourcePackages/checkouts/stripe-ios-spm/Stripe/StripeiOS/Source/STPPushProvisioningDetailsParams.swift (in target 'Stripe' from project 'Stripe')
    cd /Users/xinyufang/Documents/Buzz/Buzz.xcodeproj
    

SwiftDriverJobDiscovery normal arm64 Compiling resource_bundle_accessor.swift, PKAddPaymentPassRequest+Stripe_Error.swift (in target 'Stripe' from project 'Stripe')

SwiftDriverJobDiscovery normal arm64 Compiling STPEphemeralKeyProvider.swift, STPFakeAddPaymentPassViewController.swift (in target 'Stripe' from project 'Stripe')

CodeSign /Users/xinyufang/Library/Developer/Xcode/DerivedData/Buzz-faillbpsmponqzeruhhvskovixzk/Build/Products/Debug-iphonesimulator/GoogleUtilities_GoogleUtilities-UserDefaults.bundle (in target 'GoogleUtilities_GoogleUtilities-UserDefaults' from project 'GoogleUtilities')
    cd /Users/xinyufang/Library/Developer/Xcode/DerivedData/Buzz-faillbpsmponqzeruhhvskovixzk/SourcePackages/checkouts/GoogleUtilities
    
    Signing Identity:     "Sign to Run Locally"
    
    /usr/bin/codesign --force --sign - --timestamp\=none --generate-entitlement-der /Users/xinyufang/Library/Developer/Xcode/DerivedData/Buzz-faillbpsmponqzeruhhvskovixzk/Build/Products/Debug-iphonesimulator/GoogleUtilities_GoogleUtilities-UserDefaults.bundle

RegisterExecutionPolicyException /Users/xinyufang/Library/Developer/Xcode/DerivedData/Buzz-faillbpsmponqzeruhhvskovixzk/Build/Products/Debug-iphonesimulator/StripeUICore.o (in target 'StripeUICore' from project 'Stripe')
    cd /Users/xinyufang/Library/Developer/Xcode/DerivedData/Buzz-faillbpsmponqzeruhhvskovixzk/SourcePackages/checkouts/stripe-ios-spm
    builtin-RegisterExecutionPolicyException /Users/xinyufang/Library/Developer/Xcode/DerivedData/Buzz-faillbpsmponqzeruhhvskovixzk/Build/Products/Debug-iphonesimulator/StripeUICore.o

Ld /Users/xinyufang/Library/Developer/Xcode/DerivedData/Buzz-faillbpsmponqzeruhhvskovixzk/Build/Products/Debug-iphonesimulator/StripeFinancialConnections.o normal (in target 'StripeFinancialConnections' from project 'Stripe')
    cd /Users/xinyufang/Library/Developer/Xcode/DerivedData/Buzz-faillbpsmponqzeruhhvskovixzk/SourcePackages/checkouts/stripe-ios-spm
    /Applications/Xcode.app/Contents/Developer/Toolchains/XcodeDefault.xctoolchain/usr/bin/clang -Xlinker -reproducible -target arm64-apple-ios13.0-simulator -r -isysroot /Applications/Xcode.app/Contents/Developer/Platforms/iPhoneSimulator.platform/Developer/SDKs/iPhoneSimulator26.0.sdk -O0 -w -L/Users/xinyufang/Library/Developer/Xcode/DerivedData/Buzz-faillbpsmponqzeruhhvskovixzk/Build/Intermediates.noindex/EagerLinkingTBDs/Debug-iphonesimulator -L/Users/xinyufang/Library/Developer/Xcode/DerivedData/Buzz-faillbpsmponqzeruhhvskovixzk/Build/Products/Debug-iphonesimulator -L/Applications/Xcode.app/Contents/Developer/Platforms/iPhoneSimulator.platform/Developer/usr/lib -F/Users/xinyufang/Library/Developer/Xcode/DerivedData/Buzz-faillbpsmponqzeruhhvskovixzk/Build/Intermediates.noindex/EagerLinkingTBDs/Debug-iphonesimulator -F/Users/xinyufang/Library/Developer/Xcode/DerivedData/Buzz-faillbpsmponqzeruhhvskovixzk/Build/Products/Debug-iphonesimulator/PackageFrameworks -F/Users/xinyufang/Library/Developer/Xcode/DerivedData/Buzz-faillbpsmponqzeruhhvskovixzk/Build/Products/Debug-iphonesimulator/PackageFrameworks -F/Users/xinyufang/Library/Developer/Xcode/DerivedData/Buzz-faillbpsmponqzeruhhvskovixzk/Build/Products/Debug-iphonesimulator -iframework /Applications/Xcode.app/Contents/Developer/Platforms/iPhoneSimulator.platform/Developer/Library/Frameworks -iframework /Applications/Xcode.app/Contents/Developer/Platforms/iPhoneSimulator.platform/Developer/SDKs/iPhoneSimulator26.0.sdk/Developer/Library/Frameworks -filelist /Users/xinyufang/Library/Developer/Xcode/DerivedData/Buzz-faillbpsmponqzeruhhvskovixzk/Build/Intermediates.noindex/Stripe.build/Debug-iphonesimulator/StripeFinancialConnections.build/Objects-normal/arm64/StripeFinancialConnections.LinkFileList -nostdlib -Xlinker -object_path_lto -Xlinker /Users/xinyufang/Library/Developer/Xcode/DerivedData/Buzz-faillbpsmponqzeruhhvskovixzk/Build/Intermediates.noindex/Stripe.build/Debug-iphonesimulator/StripeFinancialConnections.build/Objects-normal/arm64/StripeFinancialConnections_lto.o -rdynamic -Xlinker -no_deduplicate -Xlinker -objc_abi_version -Xlinker 2 -Xlinker -dependency_info -Xlinker /Users/xinyufang/Library/Developer/Xcode/DerivedData/Buzz-faillbpsmponqzeruhhvskovixzk/Build/Intermediates.noindex/Stripe.build/Debug-iphonesimulator/StripeFinancialConnections.build/Objects-normal/arm64/StripeFinancialConnections_dependency_info.dat -fobjc-link-runtime -L/Applications/Xcode.app/Contents/Developer/Toolchains/XcodeDefault.xctoolchain/usr/lib/swift/iphonesimulator -L/usr/lib/swift -Xlinker -add_ast_path -Xlinker /Users/xinyufang/Library/Developer/Xcode/DerivedData/Buzz-faillbpsmponqzeruhhvskovixzk/Build/Intermediates.noindex/Stripe.build/Debug-iphonesimulator/StripeFinancialConnections.build/Objects-normal/arm64/StripeFinancialConnections.swiftmodule @/Users/xinyufang/Library/Developer/Xcode/DerivedData/Buzz-faillbpsmponqzeruhhvskovixzk/Build/Intermediates.noindex/Stripe.build/Debug-iphonesimulator/StripeFinancialConnections.build/Objects-normal/arm64/StripeFinancialConnections-linker-args.resp -o /Users/xinyufang/Library/Developer/Xcode/DerivedData/Buzz-faillbpsmponqzeruhhvskovixzk/Build/Products/Debug-iphonesimulator/StripeFinancialConnections.o

RegisterExecutionPolicyException /Users/xinyufang/Library/Developer/Xcode/DerivedData/Buzz-faillbpsmponqzeruhhvskovixzk/Build/Products/Debug-iphonesimulator/StripePayments.o (in target 'StripePayments' from project 'Stripe')
    cd /Users/xinyufang/Library/Developer/Xcode/DerivedData/Buzz-faillbpsmponqzeruhhvskovixzk/SourcePackages/checkouts/stripe-ios-spm
    builtin-RegisterExecutionPolicyException /Users/xinyufang/Library/Developer/Xcode/DerivedData/Buzz-faillbpsmponqzeruhhvskovixzk/Build/Products/Debug-iphonesimulator/StripePayments.o

SwiftDriverJobDiscovery normal arm64 Compiling STPPinManagementService.swift, STPPushProvisioningContext.swift (in target 'Stripe' from project 'Stripe')

SwiftDriverJobDiscovery normal arm64 Compiling STPPushProvisioningDetails.swift, STPPushProvisioningDetailsParams.swift (in target 'Stripe' from project 'Stripe')

RegisterExecutionPolicyException /Users/xinyufang/Library/Developer/Xcode/DerivedData/Buzz-faillbpsmponqzeruhhvskovixzk/Build/Products/Debug-iphonesimulator/IssueReportingPackageSupport.o (in target 'IssueReportingPackageSupport' from project 'xctest-dynamic-overlay')
    cd /Users/xinyufang/Library/Developer/Xcode/DerivedData/Buzz-faillbpsmponqzeruhhvskovixzk/SourcePackages/checkouts/xctest-dynamic-overlay
    builtin-RegisterExecutionPolicyException /Users/xinyufang/Library/Developer/Xcode/DerivedData/Buzz-faillbpsmponqzeruhhvskovixzk/Build/Products/Debug-iphonesimulator/IssueReportingPackageSupport.o

RegisterExecutionPolicyException /Users/xinyufang/Library/Developer/Xcode/DerivedData/Buzz-faillbpsmponqzeruhhvskovixzk/Build/Products/Debug-iphonesimulator/GoogleUtilities_GoogleUtilities-UserDefaults.bundle (in target 'GoogleUtilities_GoogleUtilities-UserDefaults' from project 'GoogleUtilities')
    cd /Users/xinyufang/Library/Developer/Xcode/DerivedData/Buzz-faillbpsmponqzeruhhvskovixzk/SourcePackages/checkouts/GoogleUtilities
    builtin-RegisterExecutionPolicyException /Users/xinyufang/Library/Developer/Xcode/DerivedData/Buzz-faillbpsmponqzeruhhvskovixzk/Build/Products/Debug-iphonesimulator/GoogleUtilities_GoogleUtilities-UserDefaults.bundle

Ld /Users/xinyufang/Library/Developer/Xcode/DerivedData/Buzz-faillbpsmponqzeruhhvskovixzk/Build/Products/Debug-iphonesimulator/Crypto.o normal (in target 'Crypto' from project 'swift-crypto')
    cd /Users/xinyufang/Library/Developer/Xcode/DerivedData/Buzz-faillbpsmponqzeruhhvskovixzk/SourcePackages/checkouts/swift-crypto
    /Applications/Xcode.app/Contents/Developer/Toolchains/XcodeDefault.xctoolchain/usr/bin/clang -Xlinker -reproducible -target arm64-apple-ios12.0-simulator -r -isysroot /Applications/Xcode.app/Contents/Developer/Platforms/iPhoneSimulator.platform/Developer/SDKs/iPhoneSimulator26.0.sdk -O0 -w -L/Users/xinyufang/Library/Developer/Xcode/DerivedData/Buzz-faillbpsmponqzeruhhvskovixzk/Build/Intermediates.noindex/EagerLinkingTBDs/Debug-iphonesimulator -L/Users/xinyufang/Library/Developer/Xcode/DerivedData/Buzz-faillbpsmponqzeruhhvskovixzk/Build/Products/Debug-iphonesimulator -L/Applications/Xcode.app/Contents/Developer/Platforms/iPhoneSimulator.platform/Developer/usr/lib -F/Users/xinyufang/Library/Developer/Xcode/DerivedData/Buzz-faillbpsmponqzeruhhvskovixzk/Build/Intermediates.noindex/EagerLinkingTBDs/Debug-iphonesimulator -F/Users/xinyufang/Library/Developer/Xcode/DerivedData/Buzz-faillbpsmponqzeruhhvskovixzk/Build/Products/Debug-iphonesimulator -iframework /Applications/Xcode.app/Contents/Developer/Platforms/iPhoneSimulator.platform/Developer/Library/Frameworks -iframework /Applications/Xcode.app/Contents/Developer/Platforms/iPhoneSimulator.platform/Developer/SDKs/iPhoneSimulator26.0.sdk/Developer/Library/Frameworks -filelist /Users/xinyufang/Library/Developer/Xcode/DerivedData/Buzz-faillbpsmponqzeruhhvskovixzk/Build/Intermediates.noindex/swift-crypto.build/Debug-iphonesimulator/Crypto.build/Objects-normal/arm64/Crypto.LinkFileList -nostdlib -Xlinker -object_path_lto -Xlinker /Users/xinyufang/Library/Developer/Xcode/DerivedData/Buzz-faillbpsmponqzeruhhvskovixzk/Build/Intermediates.noindex/swift-crypto.build/Debug-iphonesimulator/Crypto.build/Objects-normal/arm64/Crypto_lto.o -rdynamic -Xlinker -no_deduplicate -Xlinker -objc_abi_version -Xlinker 2 -Xlinker -dependency_info -Xlinker /Users/xinyufang/Library/Developer/Xcode/DerivedData/Buzz-faillbpsmponqzeruhhvskovixzk/Build/Intermediates.noindex/swift-crypto.build/Debug-iphonesimulator/Crypto.build/Objects-normal/arm64/Crypto_dependency_info.dat -fobjc-link-runtime -L/Applications/Xcode.app/Contents/Developer/Toolchains/XcodeDefault.xctoolchain/usr/lib/swift/iphonesimulator -L/usr/lib/swift -Xlinker -add_ast_path -Xlinker /Users/xinyufang/Library/Developer/Xcode/DerivedData/Buzz-faillbpsmponqzeruhhvskovixzk/Build/Intermediates.noindex/swift-crypto.build/Debug-iphonesimulator/Crypto.build/Objects-normal/arm64/Crypto.swiftmodule @/Users/xinyufang/Library/Developer/Xcode/DerivedData/Buzz-faillbpsmponqzeruhhvskovixzk/Build/Intermediates.noindex/swift-crypto.build/Debug-iphonesimulator/Crypto.build/Objects-normal/arm64/Crypto-linker-args.resp -o /Users/xinyufang/Library/Developer/Xcode/DerivedData/Buzz-faillbpsmponqzeruhhvskovixzk/Build/Products/Debug-iphonesimulator/Crypto.o

Ld /Users/xinyufang/Library/Developer/Xcode/DerivedData/Buzz-faillbpsmponqzeruhhvskovixzk/Build/Products/Debug-iphonesimulator/ConcurrencyExtras.o normal (in target 'ConcurrencyExtras' from project 'swift-concurrency-extras')
    cd /Users/xinyufang/Library/Developer/Xcode/DerivedData/Buzz-faillbpsmponqzeruhhvskovixzk/SourcePackages/checkouts/swift-concurrency-extras
    /Applications/Xcode.app/Contents/Developer/Toolchains/XcodeDefault.xctoolchain/usr/bin/clang -Xlinker -reproducible -target arm64-apple-ios13.0-simulator -r -isysroot /Applications/Xcode.app/Contents/Developer/Platforms/iPhoneSimulator.platform/Developer/SDKs/iPhoneSimulator26.0.sdk -O0 -w -L/Users/xinyufang/Library/Developer/Xcode/DerivedData/Buzz-faillbpsmponqzeruhhvskovixzk/Build/Intermediates.noindex/EagerLinkingTBDs/Debug-iphonesimulator -L/Users/xinyufang/Library/Developer/Xcode/DerivedData/Buzz-faillbpsmponqzeruhhvskovixzk/Build/Products/Debug-iphonesimulator -L/Applications/Xcode.app/Contents/Developer/Platforms/iPhoneSimulator.platform/Developer/usr/lib -F/Users/xinyufang/Library/Developer/Xcode/DerivedData/Buzz-faillbpsmponqzeruhhvskovixzk/Build/Intermediates.noindex/EagerLinkingTBDs/Debug-iphonesimulator -F/Users/xinyufang/Library/Developer/Xcode/DerivedData/Buzz-faillbpsmponqzeruhhvskovixzk/Build/Products/Debug-iphonesimulator -iframework /Applications/Xcode.app/Contents/Developer/Platforms/iPhoneSimulator.platform/Developer/Library/Frameworks -iframework /Applications/Xcode.app/Contents/Developer/Platforms/iPhoneSimulator.platform/Developer/SDKs/iPhoneSimulator26.0.sdk/Developer/Library/Frameworks -filelist /Users/xinyufang/Library/Developer/Xcode/DerivedData/Buzz-faillbpsmponqzeruhhvskovixzk/Build/Intermediates.noindex/swift-concurrency-extras.build/Debug-iphonesimulator/ConcurrencyExtras.build/Objects-normal/arm64/ConcurrencyExtras.LinkFileList -nostdlib -Xlinker -object_path_lto -Xlinker /Users/xinyufang/Library/Developer/Xcode/DerivedData/Buzz-faillbpsmponqzeruhhvskovixzk/Build/Intermediates.noindex/swift-concurrency-extras.build/Debug-iphonesimulator/ConcurrencyExtras.build/Objects-normal/arm64/ConcurrencyExtras_lto.o -rdynamic -Xlinker -no_deduplicate -Xlinker -objc_abi_version -Xlinker 2 -Xlinker -dependency_info -Xlinker /Users/xinyufang/Library/Developer/Xcode/DerivedData/Buzz-faillbpsmponqzeruhhvskovixzk/Build/Intermediates.noindex/swift-concurrency-extras.build/Debug-iphonesimulator/ConcurrencyExtras.build/Objects-normal/arm64/ConcurrencyExtras_dependency_info.dat -fobjc-link-runtime -L/Applications/Xcode.app/Contents/Developer/Toolchains/XcodeDefault.xctoolchain/usr/lib/swift/iphonesimulator -L/usr/lib/swift -Xlinker -add_ast_path -Xlinker /Users/xinyufang/Library/Developer/Xcode/DerivedData/Buzz-faillbpsmponqzeruhhvskovixzk/Build/Intermediates.noindex/swift-concurrency-extras.build/Debug-iphonesimulator/ConcurrencyExtras.build/Objects-normal/arm64/ConcurrencyExtras.swiftmodule @/Users/xinyufang/Library/Developer/Xcode/DerivedData/Buzz-faillbpsmponqzeruhhvskovixzk/Build/Intermediates.noindex/swift-concurrency-extras.build/Debug-iphonesimulator/ConcurrencyExtras.build/Objects-normal/arm64/ConcurrencyExtras-linker-args.resp -o /Users/xinyufang/Library/Developer/Xcode/DerivedData/Buzz-faillbpsmponqzeruhhvskovixzk/Build/Products/Debug-iphonesimulator/ConcurrencyExtras.o

CodeSign /Users/xinyufang/Library/Developer/Xcode/DerivedData/Buzz-faillbpsmponqzeruhhvskovixzk/Build/Products/Debug-iphonesimulator/GoogleUtilities_GoogleUtilities-Logger.bundle (in target 'GoogleUtilities_GoogleUtilities-Logger' from project 'GoogleUtilities')
    cd /Users/xinyufang/Library/Developer/Xcode/DerivedData/Buzz-faillbpsmponqzeruhhvskovixzk/SourcePackages/checkouts/GoogleUtilities
    
    Signing Identity:     "Sign to Run Locally"
    
    /usr/bin/codesign --force --sign - --timestamp\=none --generate-entitlement-der /Users/xinyufang/Library/Developer/Xcode/DerivedData/Buzz-faillbpsmponqzeruhhvskovixzk/Build/Products/Debug-iphonesimulator/GoogleUtilities_GoogleUtilities-Logger.bundle

SwiftDriverJobDiscovery normal arm64 Compiling LinkConfiguration.swift, LinkController.swift, LinkFlowControllerHelpers.swift, LinkPaymentController.swift, PayWithLinkController.swift, PayWithNativeLinkController.swift, PaymentSheet-LinkConfirmOption.swift, AddPaymentMethodViewController.swift, PaymentMethodTypeCollectionView.swift, WalletHeaderView.swift, PaymentElementConfiguration.swift, PaymentMethodIncentive.swift, PMME+API.swift, PMME+Internal.swift, PMME+SwiftUI+Internal.swift, PMMEMultiPartnerView.swift, PMMESinglePartnerView.swift, PMMEUIView.swift, PaymentMethodMessagingElement+SwiftUI.swift, PaymentMethodMessagingElement.swift, PaymentMethodType.swift, PaymentOption+Images.swift, PaymentSheet+API.swift, PaymentSheet+ConfirmationTokens.swift (in target 'StripePaymentSheet' from project 'Stripe')

SwiftDriverJobDiscovery normal arm64 Compiling STPEphemeralKey.swift, STPEphemeralKeyManager.swift (in target 'Stripe' from project 'Stripe')

SwiftDriver\ Compilation Stripe normal arm64 com.apple.xcode.tools.swift.compiler (in target 'Stripe' from project 'Stripe')
    cd /Users/xinyufang/Documents/Buzz/Buzz.xcodeproj
    builtin-Swift-Compilation -- /Applications/Xcode.app/Contents/Developer/Toolchains/XcodeDefault.xctoolchain/usr/bin/swiftc -module-name Stripe -Onone -enforce-exclusivity\=checked @/Users/xinyufang/Library/Developer/Xcode/DerivedData/Buzz-faillbpsmponqzeruhhvskovixzk/Build/Intermediates.noindex/Stripe.build/Debug-iphonesimulator/Stripe.build/Objects-normal/arm64/Stripe.SwiftFileList -DSWIFT_PACKAGE -DDEBUG -DSWIFT_MODULE_RESOURCE_BUNDLE_AVAILABLE -Xcc -fmodule-map-file\=/Users/xinyufang/Library/Developer/Xcode/DerivedData/Buzz-faillbpsmponqzeruhhvskovixzk/Build/Intermediates.noindex/GeneratedModuleMaps-iphonesimulator/Stripe3DS2.modulemap -DXcode -plugin-path /Applications/Xcode.app/Contents/Developer/Toolchains/XcodeDefault.xctoolchain/usr/lib/swift/host/plugins/testing -enable-experimental-feature DebugDescriptionMacro -sdk /Applications/Xcode.app/Contents/Developer/Platforms/iPhoneSimulator.platform/Developer/SDKs/iPhoneSimulator26.0.sdk -target arm64-apple-ios13.0-simulator -g -module-cache-path /Users/xinyufang/Library/Developer/Xcode/DerivedData/ModuleCache.noindex -Xfrontend -serialize-debugging-options -enable-testing -suppress-warnings -index-store-path /Users/xinyufang/Library/Developer/Xcode/DerivedData/Buzz-faillbpsmponqzeruhhvskovixzk/Index.noindex/DataStore -Xcc -D_LIBCPP_HARDENING_MODE\=_LIBCPP_HARDENING_MODE_DEBUG -swift-version 5 -I /Users/xinyufang/Library/Developer/Xcode/DerivedData/Buzz-faillbpsmponqzeruhhvskovixzk/Build/Products/Debug-iphonesimulator -Isystem /Applications/Xcode.app/Contents/Developer/Platforms/iPhoneSimulator.platform/Developer/usr/lib -F /Users/xinyufang/Library/Developer/Xcode/DerivedData/Buzz-faillbpsmponqzeruhhvskovixzk/Build/Products/Debug-iphonesimulator/PackageFrameworks -F /Users/xinyufang/Library/Developer/Xcode/DerivedData/Buzz-faillbpsmponqzeruhhvskovixzk/Build/Products/Debug-iphonesimulator/PackageFrameworks -F /Users/xinyufang/Library/Developer/Xcode/DerivedData/Buzz-faillbpsmponqzeruhhvskovixzk/Build/Products/Debug-iphonesimulator/PackageFrameworks -F /Users/xinyufang/Library/Developer/Xcode/DerivedData/Buzz-faillbpsmponqzeruhhvskovixzk/Build/Products/Debug-iphonesimulator/PackageFrameworks -F /Users/xinyufang/Library/Developer/Xcode/DerivedData/Buzz-faillbpsmponqzeruhhvskovixzk/Build/Products/Debug-iphonesimulator/PackageFrameworks -F /Users/xinyufang/Library/Developer/Xcode/DerivedData/Buzz-faillbpsmponqzeruhhvskovixzk/Build/Products/Debug-iphonesimulator/PackageFrameworks -F /Users/xinyufang/Library/Developer/Xcode/DerivedData/Buzz-faillbpsmponqzeruhhvskovixzk/Build/Products/Debug-iphonesimulator -F /Applications/Xcode.app/Contents/Developer/Platforms/iPhoneSimulator.platform/Developer/Library/Frameworks -F /Applications/Xcode.app/Contents/Developer/Platforms/iPhoneSimulator.platform/Developer/SDKs/iPhoneSimulator26.0.sdk/Developer/Library/Frameworks -emit-localized-strings -emit-localized-strings-path /Users/xinyufang/Library/Developer/Xcode/DerivedData/Buzz-faillbpsmponqzeruhhvskovixzk/Build/Intermediates.noindex/Stripe.build/Debug-iphonesimulator/Stripe.build/Objects-normal/arm64 -c -j8 -enable-batch-mode -incremental -Xcc -ivfsstatcache -Xcc /Users/xinyufang/Library/Developer/Xcode/DerivedData/SDKStatCaches.noindex/iphonesimulator26.0-23A339-26257891a6c027eb51374368541b8346.sdkstatcache -output-file-map /Users/xinyufang/Library/Developer/Xcode/DerivedData/Buzz-faillbpsmponqzeruhhvskovixzk/Build/Intermediates.noindex/Stripe.build/Debug-iphonesimulator/Stripe.build/Objects-normal/arm64/Stripe-OutputFileMap.json -use-frontend-parseable-output -save-temps -no-color-diagnostics -explicit-module-build -module-cache-path /Users/xinyufang/Library/Developer/Xcode/DerivedData/Buzz-faillbpsmponqzeruhhvskovixzk/Build/Intermediates.noindex/SwiftExplicitPrecompiledModules -clang-scanner-module-cache-path /Users/xinyufang/Library/Developer/Xcode/DerivedData/ModuleCache.noindex -sdk-module-cache-path /Users/xinyufang/Library/Developer/Xcode/DerivedData/ModuleCache.noindex -serialize-diagnostics -emit-dependencies -emit-module -emit-module-path /Users/xinyufang/Library/Developer/Xcode/DerivedData/Buzz-faillbpsmponqzeruhhvskovixzk/Build/Intermediates.noindex/Stripe.build/Debug-iphonesimulator/Stripe.build/Objects-normal/arm64/Stripe.swiftmodule -validate-clang-modules-once -clang-build-session-file /Users/xinyufang/Library/Developer/Xcode/DerivedData/ModuleCache.noindex/Session.modulevalidation -Xcc -I/Users/xinyufang/Library/Developer/Xcode/DerivedData/Buzz-faillbpsmponqzeruhhvskovixzk/Build/Intermediates.noindex/Stripe.build/Debug-iphonesimulator/Stripe.build/swift-overrides.hmap -emit-const-values -Xfrontend -const-gather-protocols-file -Xfrontend /Users/xinyufang/Library/Developer/Xcode/DerivedData/Buzz-faillbpsmponqzeruhhvskovixzk/Build/Intermediates.noindex/Stripe.build/Debug-iphonesimulator/Stripe.build/Objects-normal/arm64/Stripe_const_extract_protocols.json -Xcc -I/Users/xinyufang/Library/Developer/Xcode/DerivedData/Buzz-faillbpsmponqzeruhhvskovixzk/SourcePackages/checkouts/stripe-ios-spm/Stripe3DS2/Stripe3DS2/include -Xcc -I/Users/xinyufang/Library/Developer/Xcode/DerivedData/Buzz-faillbpsmponqzeruhhvskovixzk/Build/Products/Debug-iphonesimulator/include -Xcc -I/Users/xinyufang/Library/Developer/Xcode/DerivedData/Buzz-faillbpsmponqzeruhhvskovixzk/Build/Intermediates.noindex/Stripe.build/Debug-iphonesimulator/Stripe.build/DerivedSources-normal/arm64 -Xcc -I/Users/xinyufang/Library/Developer/Xcode/DerivedData/Buzz-faillbpsmponqzeruhhvskovixzk/Build/Intermediates.noindex/Stripe.build/Debug-iphonesimulator/Stripe.build/DerivedSources/arm64 -Xcc -I/Users/xinyufang/Library/Developer/Xcode/DerivedData/Buzz-faillbpsmponqzeruhhvskovixzk/Build/Intermediates.noindex/Stripe.build/Debug-iphonesimulator/Stripe.build/DerivedSources -Xcc -DSWIFT_PACKAGE -Xcc -DDEBUG\=1 -emit-objc-header -emit-objc-header-path /Users/xinyufang/Library/Developer/Xcode/DerivedData/Buzz-faillbpsmponqzeruhhvskovixzk/Build/Intermediates.noindex/Stripe.build/Debug-iphonesimulator/Stripe.build/Objects-normal/arm64/Stripe-Swift.h -working-directory /Users/xinyufang/Documents/Buzz/Buzz.xcodeproj -experimental-emit-module-separately -disable-cmo

ExtractAppIntentsMetadata (in target 'StripeFinancialConnections' from project 'Stripe')
    cd /Users/xinyufang/Library/Developer/Xcode/DerivedData/Buzz-faillbpsmponqzeruhhvskovixzk/SourcePackages/checkouts/stripe-ios-spm
    /Applications/Xcode.app/Contents/Developer/Toolchains/XcodeDefault.xctoolchain/usr/bin/appintentsmetadataprocessor --toolchain-dir /Applications/Xcode.app/Contents/Developer/Toolchains/XcodeDefault.xctoolchain --module-name StripeFinancialConnections --sdk-root /Applications/Xcode.app/Contents/Developer/Platforms/iPhoneSimulator.platform/Developer/SDKs/iPhoneSimulator26.0.sdk --xcode-version 17A400 --platform-family iOS --deployment-target 13.0 --bundle-identifier stripe-ios-spm.StripeFinancialConnections --output /Users/xinyufang/Library/Developer/Xcode/DerivedData/Buzz-faillbpsmponqzeruhhvskovixzk/Build/Products/Debug-iphonesimulator/StripeFinancialConnections.appintents --target-triple arm64-apple-ios13.0-simulator --binary-file /Users/xinyufang/Library/Developer/Xcode/DerivedData/Buzz-faillbpsmponqzeruhhvskovixzk/Build/Products/Debug-iphonesimulator/StripeFinancialConnections.o --dependency-file /Users/xinyufang/Library/Developer/Xcode/DerivedData/Buzz-faillbpsmponqzeruhhvskovixzk/Build/Intermediates.noindex/Stripe.build/Debug-iphonesimulator/StripeFinancialConnections.build/Objects-normal/arm64/StripeFinancialConnections_dependency_info.dat --stringsdata-file /Users/xinyufang/Library/Developer/Xcode/DerivedData/Buzz-faillbpsmponqzeruhhvskovixzk/Build/Intermediates.noindex/Stripe.build/Debug-iphonesimulator/StripeFinancialConnections.build/Objects-normal/arm64/ExtractedAppShortcutsMetadata.stringsdata --source-file-list /Users/xinyufang/Library/Developer/Xcode/DerivedData/Buzz-faillbpsmponqzeruhhvskovixzk/Build/Intermediates.noindex/Stripe.build/Debug-iphonesimulator/StripeFinancialConnections.build/Objects-normal/arm64/StripeFinancialConnections.SwiftFileList --metadata-file-list /Users/xinyufang/Library/Developer/Xcode/DerivedData/Buzz-faillbpsmponqzeruhhvskovixzk/Build/Intermediates.noindex/Stripe.build/Debug-iphonesimulator/StripeFinancialConnections.build/StripeFinancialConnections.DependencyMetadataFileList --static-metadata-file-list /Users/xinyufang/Library/Developer/Xcode/DerivedData/Buzz-faillbpsmponqzeruhhvskovixzk/Build/Intermediates.noindex/Stripe.build/Debug-iphonesimulator/StripeFinancialConnections.build/StripeFinancialConnections.DependencyStaticMetadataFileList --swift-const-vals-list /Users/xinyufang/Library/Developer/Xcode/DerivedData/Buzz-faillbpsmponqzeruhhvskovixzk/Build/Intermediates.noindex/Stripe.build/Debug-iphonesimulator/StripeFinancialConnections.build/Objects-normal/arm64/StripeFinancialConnections.SwiftConstValuesFileList --force --compile-time-extraction --deployment-aware-processing --validate-assistant-intents --no-app-shortcuts-localization
2025-11-16 01:12:15.844 appintentsmetadataprocessor[64337:26422486] Starting appintentsmetadataprocessor export
2025-11-16 01:12:15.989 appintentsmetadataprocessor[64337:26422486] Extracted no relevant App Intents symbols, skipping writing output

RegisterExecutionPolicyException /Users/xinyufang/Library/Developer/Xcode/DerivedData/Buzz-faillbpsmponqzeruhhvskovixzk/Build/Products/Debug-iphonesimulator/StripeCardScan.o (in target 'StripeCardScan' from project 'Stripe')
    cd /Users/xinyufang/Library/Developer/Xcode/DerivedData/Buzz-faillbpsmponqzeruhhvskovixzk/SourcePackages/checkouts/stripe-ios-spm
    builtin-RegisterExecutionPolicyException /Users/xinyufang/Library/Developer/Xcode/DerivedData/Buzz-faillbpsmponqzeruhhvskovixzk/Build/Products/Debug-iphonesimulator/StripeCardScan.o

RegisterExecutionPolicyException /Users/xinyufang/Library/Developer/Xcode/DerivedData/Buzz-faillbpsmponqzeruhhvskovixzk/Build/Products/Debug-iphonesimulator/StripeCameraCore.o (in target 'StripeCameraCore' from project 'Stripe')
    cd /Users/xinyufang/Library/Developer/Xcode/DerivedData/Buzz-faillbpsmponqzeruhhvskovixzk/SourcePackages/checkouts/stripe-ios-spm
    builtin-RegisterExecutionPolicyException /Users/xinyufang/Library/Developer/Xcode/DerivedData/Buzz-faillbpsmponqzeruhhvskovixzk/Build/Products/Debug-iphonesimulator/StripeCameraCore.o

RegisterExecutionPolicyException /Users/xinyufang/Library/Developer/Xcode/DerivedData/Buzz-faillbpsmponqzeruhhvskovixzk/Build/Products/Debug-iphonesimulator/StripeApplePay.o (in target 'StripeApplePay' from project 'Stripe')
    cd /Users/xinyufang/Library/Developer/Xcode/DerivedData/Buzz-faillbpsmponqzeruhhvskovixzk/SourcePackages/checkouts/stripe-ios-spm
    builtin-RegisterExecutionPolicyException /Users/xinyufang/Library/Developer/Xcode/DerivedData/Buzz-faillbpsmponqzeruhhvskovixzk/Build/Products/Debug-iphonesimulator/StripeApplePay.o

Ld /Users/xinyufang/Library/Developer/Xcode/DerivedData/Buzz-faillbpsmponqzeruhhvskovixzk/Build/Products/Debug-iphonesimulator/StripePaymentsUI.o normal (in target 'StripePaymentsUI' from project 'Stripe')
    cd /Users/xinyufang/Library/Developer/Xcode/DerivedData/Buzz-faillbpsmponqzeruhhvskovixzk/SourcePackages/checkouts/stripe-ios-spm
    /Applications/Xcode.app/Contents/Developer/Toolchains/XcodeDefault.xctoolchain/usr/bin/clang -Xlinker -reproducible -target arm64-apple-ios13.0-simulator -r -isysroot /Applications/Xcode.app/Contents/Developer/Platforms/iPhoneSimulator.platform/Developer/SDKs/iPhoneSimulator26.0.sdk -O0 -w -L/Users/xinyufang/Library/Developer/Xcode/DerivedData/Buzz-faillbpsmponqzeruhhvskovixzk/Build/Intermediates.noindex/EagerLinkingTBDs/Debug-iphonesimulator -L/Users/xinyufang/Library/Developer/Xcode/DerivedData/Buzz-faillbpsmponqzeruhhvskovixzk/Build/Products/Debug-iphonesimulator -L/Applications/Xcode.app/Contents/Developer/Platforms/iPhoneSimulator.platform/Developer/usr/lib -F/Users/xinyufang/Library/Developer/Xcode/DerivedData/Buzz-faillbpsmponqzeruhhvskovixzk/Build/Intermediates.noindex/EagerLinkingTBDs/Debug-iphonesimulator -F/Users/xinyufang/Library/Developer/Xcode/DerivedData/Buzz-faillbpsmponqzeruhhvskovixzk/Build/Products/Debug-iphonesimulator/PackageFrameworks -F/Users/xinyufang/Library/Developer/Xcode/DerivedData/Buzz-faillbpsmponqzeruhhvskovixzk/Build/Products/Debug-iphonesimulator/PackageFrameworks -F/Users/xinyufang/Library/Developer/Xcode/DerivedData/Buzz-faillbpsmponqzeruhhvskovixzk/Build/Products/Debug-iphonesimulator/PackageFrameworks -F/Users/xinyufang/Library/Developer/Xcode/DerivedData/Buzz-faillbpsmponqzeruhhvskovixzk/Build/Products/Debug-iphonesimulator/PackageFrameworks -F/Users/xinyufang/Library/Developer/Xcode/DerivedData/Buzz-faillbpsmponqzeruhhvskovixzk/Build/Products/Debug-iphonesimulator -iframework /Applications/Xcode.app/Contents/Developer/Platforms/iPhoneSimulator.platform/Developer/Library/Frameworks -iframework /Applications/Xcode.app/Contents/Developer/Platforms/iPhoneSimulator.platform/Developer/SDKs/iPhoneSimulator26.0.sdk/Developer/Library/Frameworks -filelist /Users/xinyufang/Library/Developer/Xcode/DerivedData/Buzz-faillbpsmponqzeruhhvskovixzk/Build/Intermediates.noindex/Stripe.build/Debug-iphonesimulator/StripePaymentsUI.build/Objects-normal/arm64/StripePaymentsUI.LinkFileList -nostdlib -Xlinker -object_path_lto -Xlinker /Users/xinyufang/Library/Developer/Xcode/DerivedData/Buzz-faillbpsmponqzeruhhvskovixzk/Build/Intermediates.noindex/Stripe.build/Debug-iphonesimulator/StripePaymentsUI.build/Objects-normal/arm64/StripePaymentsUI_lto.o -rdynamic -Xlinker -no_deduplicate -Xlinker -objc_abi_version -Xlinker 2 -Xlinker -dependency_info -Xlinker /Users/xinyufang/Library/Developer/Xcode/DerivedData/Buzz-faillbpsmponqzeruhhvskovixzk/Build/Intermediates.noindex/Stripe.build/Debug-iphonesimulator/StripePaymentsUI.build/Objects-normal/arm64/StripePaymentsUI_dependency_info.dat -fobjc-link-runtime -L/Applications/Xcode.app/Contents/Developer/Toolchains/XcodeDefault.xctoolchain/usr/lib/swift/iphonesimulator -L/usr/lib/swift -Xlinker -add_ast_path -Xlinker /Users/xinyufang/Library/Developer/Xcode/DerivedData/Buzz-faillbpsmponqzeruhhvskovixzk/Build/Intermediates.noindex/Stripe.build/Debug-iphonesimulator/StripePaymentsUI.build/Objects-normal/arm64/StripePaymentsUI.swiftmodule @/Users/xinyufang/Library/Developer/Xcode/DerivedData/Buzz-faillbpsmponqzeruhhvskovixzk/Build/Intermediates.noindex/Stripe.build/Debug-iphonesimulator/StripePaymentsUI.build/Objects-normal/arm64/StripePaymentsUI-linker-args.resp -o /Users/xinyufang/Library/Developer/Xcode/DerivedData/Buzz-faillbpsmponqzeruhhvskovixzk/Build/Products/Debug-iphonesimulator/StripePaymentsUI.o

Touch /Users/xinyufang/Library/Developer/Xcode/DerivedData/Buzz-faillbpsmponqzeruhhvskovixzk/Build/Products/Debug-iphonesimulator/GoogleUtilities_GoogleUtilities-UserDefaults.bundle (in target 'GoogleUtilities_GoogleUtilities-UserDefaults' from project 'GoogleUtilities')
    cd /Users/xinyufang/Library/Developer/Xcode/DerivedData/Buzz-faillbpsmponqzeruhhvskovixzk/SourcePackages/checkouts/GoogleUtilities
    /usr/bin/touch -c /Users/xinyufang/Library/Developer/Xcode/DerivedData/Buzz-faillbpsmponqzeruhhvskovixzk/Build/Products/Debug-iphonesimulator/GoogleUtilities_GoogleUtilities-UserDefaults.bundle

Ld /Users/xinyufang/Library/Developer/Xcode/DerivedData/Buzz-faillbpsmponqzeruhhvskovixzk/Build/Products/Debug-iphonesimulator/IssueReporting.o normal (in target 'IssueReporting' from project 'xctest-dynamic-overlay')
    cd /Users/xinyufang/Library/Developer/Xcode/DerivedData/Buzz-faillbpsmponqzeruhhvskovixzk/SourcePackages/checkouts/xctest-dynamic-overlay
    /Applications/Xcode.app/Contents/Developer/Toolchains/XcodeDefault.xctoolchain/usr/bin/clang -Xlinker -reproducible -target arm64-apple-ios13.0-simulator -r -isysroot /Applications/Xcode.app/Contents/Developer/Platforms/iPhoneSimulator.platform/Developer/SDKs/iPhoneSimulator26.0.sdk -O0 -w -L/Users/xinyufang/Library/Developer/Xcode/DerivedData/Buzz-faillbpsmponqzeruhhvskovixzk/Build/Intermediates.noindex/EagerLinkingTBDs/Debug-iphonesimulator -L/Users/xinyufang/Library/Developer/Xcode/DerivedData/Buzz-faillbpsmponqzeruhhvskovixzk/Build/Products/Debug-iphonesimulator -L/Applications/Xcode.app/Contents/Developer/Platforms/iPhoneSimulator.platform/Developer/usr/lib -F/Users/xinyufang/Library/Developer/Xcode/DerivedData/Buzz-faillbpsmponqzeruhhvskovixzk/Build/Intermediates.noindex/EagerLinkingTBDs/Debug-iphonesimulator -F/Users/xinyufang/Library/Developer/Xcode/DerivedData/Buzz-faillbpsmponqzeruhhvskovixzk/Build/Products/Debug-iphonesimulator/PackageFrameworks -F/Users/xinyufang/Library/Developer/Xcode/DerivedData/Buzz-faillbpsmponqzeruhhvskovixzk/Build/Products/Debug-iphonesimulator -iframework /Applications/Xcode.app/Contents/Developer/Platforms/iPhoneSimulator.platform/Developer/Library/Frameworks -iframework /Applications/Xcode.app/Contents/Developer/Platforms/iPhoneSimulator.platform/Developer/SDKs/iPhoneSimulator26.0.sdk/Developer/Library/Frameworks -filelist /Users/xinyufang/Library/Developer/Xcode/DerivedData/Buzz-faillbpsmponqzeruhhvskovixzk/Build/Intermediates.noindex/xctest-dynamic-overlay.build/Debug-iphonesimulator/IssueReporting.build/Objects-normal/arm64/IssueReporting.LinkFileList -nostdlib -Xlinker -object_path_lto -Xlinker /Users/xinyufang/Library/Developer/Xcode/DerivedData/Buzz-faillbpsmponqzeruhhvskovixzk/Build/Intermediates.noindex/xctest-dynamic-overlay.build/Debug-iphonesimulator/IssueReporting.build/Objects-normal/arm64/IssueReporting_lto.o -rdynamic -Xlinker -no_deduplicate -Xlinker -objc_abi_version -Xlinker 2 -Xlinker -dependency_info -Xlinker /Users/xinyufang/Library/Developer/Xcode/DerivedData/Buzz-faillbpsmponqzeruhhvskovixzk/Build/Intermediates.noindex/xctest-dynamic-overlay.build/Debug-iphonesimulator/IssueReporting.build/Objects-normal/arm64/IssueReporting_dependency_info.dat -fobjc-link-runtime -L/Applications/Xcode.app/Contents/Developer/Toolchains/XcodeDefault.xctoolchain/usr/lib/swift/iphonesimulator -L/usr/lib/swift -Xlinker -add_ast_path -Xlinker /Users/xinyufang/Library/Developer/Xcode/DerivedData/Buzz-faillbpsmponqzeruhhvskovixzk/Build/Intermediates.noindex/xctest-dynamic-overlay.build/Debug-iphonesimulator/IssueReporting.build/Objects-normal/arm64/IssueReporting.swiftmodule @/Users/xinyufang/Library/Developer/Xcode/DerivedData/Buzz-faillbpsmponqzeruhhvskovixzk/Build/Intermediates.noindex/xctest-dynamic-overlay.build/Debug-iphonesimulator/IssueReporting.build/Objects-normal/arm64/IssueReporting-linker-args.resp -o /Users/xinyufang/Library/Developer/Xcode/DerivedData/Buzz-faillbpsmponqzeruhhvskovixzk/Build/Products/Debug-iphonesimulator/IssueReporting.o

RegisterExecutionPolicyException /Users/xinyufang/Library/Developer/Xcode/DerivedData/Buzz-faillbpsmponqzeruhhvskovixzk/Build/Products/Debug-iphonesimulator/GoogleUtilities_GoogleUtilities-Logger.bundle (in target 'GoogleUtilities_GoogleUtilities-Logger' from project 'GoogleUtilities')
    cd /Users/xinyufang/Library/Developer/Xcode/DerivedData/Buzz-faillbpsmponqzeruhhvskovixzk/SourcePackages/checkouts/GoogleUtilities
    builtin-RegisterExecutionPolicyException /Users/xinyufang/Library/Developer/Xcode/DerivedData/Buzz-faillbpsmponqzeruhhvskovixzk/Build/Products/Debug-iphonesimulator/GoogleUtilities_GoogleUtilities-Logger.bundle

CodeSign /Users/xinyufang/Library/Developer/Xcode/DerivedData/Buzz-faillbpsmponqzeruhhvskovixzk/Build/Products/Debug-iphonesimulator/GoogleUtilities_GoogleUtilities-Environment.bundle (in target 'GoogleUtilities_GoogleUtilities-Environment' from project 'GoogleUtilities')
    cd /Users/xinyufang/Library/Developer/Xcode/DerivedData/Buzz-faillbpsmponqzeruhhvskovixzk/SourcePackages/checkouts/GoogleUtilities
    
    Signing Identity:     "Sign to Run Locally"
    
    /usr/bin/codesign --force --sign - --timestamp\=none --generate-entitlement-der /Users/xinyufang/Library/Developer/Xcode/DerivedData/Buzz-faillbpsmponqzeruhhvskovixzk/Build/Products/Debug-iphonesimulator/GoogleUtilities_GoogleUtilities-Environment.bundle

ExtractAppIntentsMetadata (in target 'Crypto' from project 'swift-crypto')
    cd /Users/xinyufang/Library/Developer/Xcode/DerivedData/Buzz-faillbpsmponqzeruhhvskovixzk/SourcePackages/checkouts/swift-crypto
    /Applications/Xcode.app/Contents/Developer/Toolchains/XcodeDefault.xctoolchain/usr/bin/appintentsmetadataprocessor --toolchain-dir /Applications/Xcode.app/Contents/Developer/Toolchains/XcodeDefault.xctoolchain --module-name Crypto --sdk-root /Applications/Xcode.app/Contents/Developer/Platforms/iPhoneSimulator.platform/Developer/SDKs/iPhoneSimulator26.0.sdk --xcode-version 17A400 --platform-family iOS --deployment-target 12.0 --bundle-identifier swift-crypto.Crypto --output /Users/xinyufang/Library/Developer/Xcode/DerivedData/Buzz-faillbpsmponqzeruhhvskovixzk/Build/Products/Debug-iphonesimulator/Crypto.appintents --target-triple arm64-apple-ios12.0-simulator --binary-file /Users/xinyufang/Library/Developer/Xcode/DerivedData/Buzz-faillbpsmponqzeruhhvskovixzk/Build/Products/Debug-iphonesimulator/Crypto.o --dependency-file /Users/xinyufang/Library/Developer/Xcode/DerivedData/Buzz-faillbpsmponqzeruhhvskovixzk/Build/Intermediates.noindex/swift-crypto.build/Debug-iphonesimulator/Crypto.build/Objects-normal/arm64/Crypto_dependency_info.dat --stringsdata-file /Users/xinyufang/Library/Developer/Xcode/DerivedData/Buzz-faillbpsmponqzeruhhvskovixzk/Build/Intermediates.noindex/swift-crypto.build/Debug-iphonesimulator/Crypto.build/Objects-normal/arm64/ExtractedAppShortcutsMetadata.stringsdata --source-file-list /Users/xinyufang/Library/Developer/Xcode/DerivedData/Buzz-faillbpsmponqzeruhhvskovixzk/Build/Intermediates.noindex/swift-crypto.build/Debug-iphonesimulator/Crypto.build/Objects-normal/arm64/Crypto.SwiftFileList --metadata-file-list /Users/xinyufang/Library/Developer/Xcode/DerivedData/Buzz-faillbpsmponqzeruhhvskovixzk/Build/Intermediates.noindex/swift-crypto.build/Debug-iphonesimulator/Crypto.build/Crypto.DependencyMetadataFileList --static-metadata-file-list /Users/xinyufang/Library/Developer/Xcode/DerivedData/Buzz-faillbpsmponqzeruhhvskovixzk/Build/Intermediates.noindex/swift-crypto.build/Debug-iphonesimulator/Crypto.build/Crypto.DependencyStaticMetadataFileList --swift-const-vals-list /Users/xinyufang/Library/Developer/Xcode/DerivedData/Buzz-faillbpsmponqzeruhhvskovixzk/Build/Intermediates.noindex/swift-crypto.build/Debug-iphonesimulator/Crypto.build/Objects-normal/arm64/Crypto.SwiftConstValuesFileList --force --compile-time-extraction --deployment-aware-processing --validate-assistant-intents --no-app-shortcuts-localization
2025-11-16 01:12:15.888 appintentsmetadataprocessor[64344:26422512] Starting appintentsmetadataprocessor export
2025-11-16 01:12:16.036 appintentsmetadataprocessor[64344:26422512] Extracted no relevant App Intents symbols, skipping writing output

ExtractAppIntentsMetadata (in target 'ConcurrencyExtras' from project 'swift-concurrency-extras')
    cd /Users/xinyufang/Library/Developer/Xcode/DerivedData/Buzz-faillbpsmponqzeruhhvskovixzk/SourcePackages/checkouts/swift-concurrency-extras
    /Applications/Xcode.app/Contents/Developer/Toolchains/XcodeDefault.xctoolchain/usr/bin/appintentsmetadataprocessor --toolchain-dir /Applications/Xcode.app/Contents/Developer/Toolchains/XcodeDefault.xctoolchain --module-name ConcurrencyExtras --sdk-root /Applications/Xcode.app/Contents/Developer/Platforms/iPhoneSimulator.platform/Developer/SDKs/iPhoneSimulator26.0.sdk --xcode-version 17A400 --platform-family iOS --deployment-target 13.0 --bundle-identifier swift-concurrency-extras.ConcurrencyExtras --output /Users/xinyufang/Library/Developer/Xcode/DerivedData/Buzz-faillbpsmponqzeruhhvskovixzk/Build/Products/Debug-iphonesimulator/ConcurrencyExtras.appintents --target-triple arm64-apple-ios13.0-simulator --binary-file /Users/xinyufang/Library/Developer/Xcode/DerivedData/Buzz-faillbpsmponqzeruhhvskovixzk/Build/Products/Debug-iphonesimulator/ConcurrencyExtras.o --dependency-file /Users/xinyufang/Library/Developer/Xcode/DerivedData/Buzz-faillbpsmponqzeruhhvskovixzk/Build/Intermediates.noindex/swift-concurrency-extras.build/Debug-iphonesimulator/ConcurrencyExtras.build/Objects-normal/arm64/ConcurrencyExtras_dependency_info.dat --stringsdata-file /Users/xinyufang/Library/Developer/Xcode/DerivedData/Buzz-faillbpsmponqzeruhhvskovixzk/Build/Intermediates.noindex/swift-concurrency-extras.build/Debug-iphonesimulator/ConcurrencyExtras.build/Objects-normal/arm64/ExtractedAppShortcutsMetadata.stringsdata --source-file-list /Users/xinyufang/Library/Developer/Xcode/DerivedData/Buzz-faillbpsmponqzeruhhvskovixzk/Build/Intermediates.noindex/swift-concurrency-extras.build/Debug-iphonesimulator/ConcurrencyExtras.build/Objects-normal/arm64/ConcurrencyExtras.SwiftFileList --metadata-file-list /Users/xinyufang/Library/Developer/Xcode/DerivedData/Buzz-faillbpsmponqzeruhhvskovixzk/Build/Intermediates.noindex/swift-concurrency-extras.build/Debug-iphonesimulator/ConcurrencyExtras.build/ConcurrencyExtras.DependencyMetadataFileList --static-metadata-file-list /Users/xinyufang/Library/Developer/Xcode/DerivedData/Buzz-faillbpsmponqzeruhhvskovixzk/Build/Intermediates.noindex/swift-concurrency-extras.build/Debug-iphonesimulator/ConcurrencyExtras.build/ConcurrencyExtras.DependencyStaticMetadataFileList --swift-const-vals-list /Users/xinyufang/Library/Developer/Xcode/DerivedData/Buzz-faillbpsmponqzeruhhvskovixzk/Build/Intermediates.noindex/swift-concurrency-extras.build/Debug-iphonesimulator/ConcurrencyExtras.build/Objects-normal/arm64/ConcurrencyExtras.SwiftConstValuesFileList --force --compile-time-extraction --deployment-aware-processing --validate-assistant-intents --no-app-shortcuts-localization
2025-11-16 01:12:15.893 appintentsmetadataprocessor[64345:26422515] Starting appintentsmetadataprocessor export
2025-11-16 01:12:16.029 appintentsmetadataprocessor[64345:26422515] Extracted no relevant App Intents symbols, skipping writing output

SwiftDriverJobDiscovery normal arm64 Compiling PayWithLinkViewController-UpdatePaymentViewController.swift, PayWithLinkViewController-VerifyAccountViewController.swift, PayWithLinkViewController-WalletViewController.swift, PayWithLinkViewController-WalletViewModel.swift, PayWithLinkViewController.swift, PayWithLinkWebController.swift, LinkDefaultOptInView.swift, LinkInlineSignupElement.swift, LinkInlineSignupView-CheckboxElement.swift, LinkInlineSignupView.swift, LinkEmailElement.swift, LinkPaymentMethodFormElement.swift, Button+Link.swift, ConfirmButton+Link.swift, Error+Link.swift, FormElement+Link.swift, Intent+Link.swift, PaymentSheet-Configuration+Link.swift, STPAnalyticsClient+Link.swift, UIColor+Link.swift, LinkUI.swift, LinkAccountService.swift, LinkSignUpViewController.swift, LinkSignUpViewModel.swift (in target 'StripePaymentSheet' from project 'Stripe')

ExtractAppIntentsMetadata (in target 'StripePaymentsUI' from project 'Stripe')
    cd /Users/xinyufang/Library/Developer/Xcode/DerivedData/Buzz-faillbpsmponqzeruhhvskovixzk/SourcePackages/checkouts/stripe-ios-spm
    /Applications/Xcode.app/Contents/Developer/Toolchains/XcodeDefault.xctoolchain/usr/bin/appintentsmetadataprocessor --toolchain-dir /Applications/Xcode.app/Contents/Developer/Toolchains/XcodeDefault.xctoolchain --module-name StripePaymentsUI --sdk-root /Applications/Xcode.app/Contents/Developer/Platforms/iPhoneSimulator.platform/Developer/SDKs/iPhoneSimulator26.0.sdk --xcode-version 17A400 --platform-family iOS --deployment-target 13.0 --bundle-identifier stripe-ios-spm.StripePaymentsUI --output /Users/xinyufang/Library/Developer/Xcode/DerivedData/Buzz-faillbpsmponqzeruhhvskovixzk/Build/Products/Debug-iphonesimulator/StripePaymentsUI.appintents --target-triple arm64-apple-ios13.0-simulator --binary-file /Users/xinyufang/Library/Developer/Xcode/DerivedData/Buzz-faillbpsmponqzeruhhvskovixzk/Build/Products/Debug-iphonesimulator/StripePaymentsUI.o --dependency-file /Users/xinyufang/Library/Developer/Xcode/DerivedData/Buzz-faillbpsmponqzeruhhvskovixzk/Build/Intermediates.noindex/Stripe.build/Debug-iphonesimulator/StripePaymentsUI.build/Objects-normal/arm64/StripePaymentsUI_dependency_info.dat --stringsdata-file /Users/xinyufang/Library/Developer/Xcode/DerivedData/Buzz-faillbpsmponqzeruhhvskovixzk/Build/Intermediates.noindex/Stripe.build/Debug-iphonesimulator/StripePaymentsUI.build/Objects-normal/arm64/ExtractedAppShortcutsMetadata.stringsdata --source-file-list /Users/xinyufang/Library/Developer/Xcode/DerivedData/Buzz-faillbpsmponqzeruhhvskovixzk/Build/Intermediates.noindex/Stripe.build/Debug-iphonesimulator/StripePaymentsUI.build/Objects-normal/arm64/StripePaymentsUI.SwiftFileList --metadata-file-list /Users/xinyufang/Library/Developer/Xcode/DerivedData/Buzz-faillbpsmponqzeruhhvskovixzk/Build/Intermediates.noindex/Stripe.build/Debug-iphonesimulator/StripePaymentsUI.build/StripePaymentsUI.DependencyMetadataFileList --static-metadata-file-list /Users/xinyufang/Library/Developer/Xcode/DerivedData/Buzz-faillbpsmponqzeruhhvskovixzk/Build/Intermediates.noindex/Stripe.build/Debug-iphonesimulator/StripePaymentsUI.build/StripePaymentsUI.DependencyStaticMetadataFileList --swift-const-vals-list /Users/xinyufang/Library/Developer/Xcode/DerivedData/Buzz-faillbpsmponqzeruhhvskovixzk/Build/Intermediates.noindex/Stripe.build/Debug-iphonesimulator/StripePaymentsUI.build/Objects-normal/arm64/StripePaymentsUI.SwiftConstValuesFileList --force --compile-time-extraction --deployment-aware-processing --validate-assistant-intents --no-app-shortcuts-localization
2025-11-16 01:12:15.983 appintentsmetadataprocessor[64346:26422530] Starting appintentsmetadataprocessor export
2025-11-16 01:12:16.179 appintentsmetadataprocessor[64346:26422530] Extracted no relevant App Intents symbols, skipping writing output

ExtractAppIntentsMetadata (in target 'IssueReporting' from project 'xctest-dynamic-overlay')
    cd /Users/xinyufang/Library/Developer/Xcode/DerivedData/Buzz-faillbpsmponqzeruhhvskovixzk/SourcePackages/checkouts/xctest-dynamic-overlay
    /Applications/Xcode.app/Contents/Developer/Toolchains/XcodeDefault.xctoolchain/usr/bin/appintentsmetadataprocessor --toolchain-dir /Applications/Xcode.app/Contents/Developer/Toolchains/XcodeDefault.xctoolchain --module-name IssueReporting --sdk-root /Applications/Xcode.app/Contents/Developer/Platforms/iPhoneSimulator.platform/Developer/SDKs/iPhoneSimulator26.0.sdk --xcode-version 17A400 --platform-family iOS --deployment-target 13.0 --bundle-identifier xctest-dynamic-overlay.IssueReporting --output /Users/xinyufang/Library/Developer/Xcode/DerivedData/Buzz-faillbpsmponqzeruhhvskovixzk/Build/Products/Debug-iphonesimulator/IssueReporting.appintents --target-triple arm64-apple-ios13.0-simulator --binary-file /Users/xinyufang/Library/Developer/Xcode/DerivedData/Buzz-faillbpsmponqzeruhhvskovixzk/Build/Products/Debug-iphonesimulator/IssueReporting.o --dependency-file /Users/xinyufang/Library/Developer/Xcode/DerivedData/Buzz-faillbpsmponqzeruhhvskovixzk/Build/Intermediates.noindex/xctest-dynamic-overlay.build/Debug-iphonesimulator/IssueReporting.build/Objects-normal/arm64/IssueReporting_dependency_info.dat --stringsdata-file /Users/xinyufang/Library/Developer/Xcode/DerivedData/Buzz-faillbpsmponqzeruhhvskovixzk/Build/Intermediates.noindex/xctest-dynamic-overlay.build/Debug-iphonesimulator/IssueReporting.build/Objects-normal/arm64/ExtractedAppShortcutsMetadata.stringsdata --source-file-list /Users/xinyufang/Library/Developer/Xcode/DerivedData/Buzz-faillbpsmponqzeruhhvskovixzk/Build/Intermediates.noindex/xctest-dynamic-overlay.build/Debug-iphonesimulator/IssueReporting.build/Objects-normal/arm64/IssueReporting.SwiftFileList --metadata-file-list /Users/xinyufang/Library/Developer/Xcode/DerivedData/Buzz-faillbpsmponqzeruhhvskovixzk/Build/Intermediates.noindex/xctest-dynamic-overlay.build/Debug-iphonesimulator/IssueReporting.build/IssueReporting.DependencyMetadataFileList --static-metadata-file-list /Users/xinyufang/Library/Developer/Xcode/DerivedData/Buzz-faillbpsmponqzeruhhvskovixzk/Build/Intermediates.noindex/xctest-dynamic-overlay.build/Debug-iphonesimulator/IssueReporting.build/IssueReporting.DependencyStaticMetadataFileList --swift-const-vals-list /Users/xinyufang/Library/Developer/Xcode/DerivedData/Buzz-faillbpsmponqzeruhhvskovixzk/Build/Intermediates.noindex/xctest-dynamic-overlay.build/Debug-iphonesimulator/IssueReporting.build/Objects-normal/arm64/IssueReporting.SwiftConstValuesFileList --force --compile-time-extraction --deployment-aware-processing --validate-assistant-intents --no-app-shortcuts-localization
2025-11-16 01:12:15.991 appintentsmetadataprocessor[64347:26422531] Starting appintentsmetadataprocessor export
2025-11-16 01:12:16.149 appintentsmetadataprocessor[64347:26422531] Extracted no relevant App Intents symbols, skipping writing output

Ld /Users/xinyufang/Library/Developer/Xcode/DerivedData/Buzz-faillbpsmponqzeruhhvskovixzk/Build/Products/Debug-iphonesimulator/StripeIdentity.o normal (in target 'StripeIdentity' from project 'Stripe')
    cd /Users/xinyufang/Library/Developer/Xcode/DerivedData/Buzz-faillbpsmponqzeruhhvskovixzk/SourcePackages/checkouts/stripe-ios-spm
    /Applications/Xcode.app/Contents/Developer/Toolchains/XcodeDefault.xctoolchain/usr/bin/clang -Xlinker -reproducible -target arm64-apple-ios13.0-simulator -r -isysroot /Applications/Xcode.app/Contents/Developer/Platforms/iPhoneSimulator.platform/Developer/SDKs/iPhoneSimulator26.0.sdk -O0 -w -L/Users/xinyufang/Library/Developer/Xcode/DerivedData/Buzz-faillbpsmponqzeruhhvskovixzk/Build/Intermediates.noindex/EagerLinkingTBDs/Debug-iphonesimulator -L/Users/xinyufang/Library/Developer/Xcode/DerivedData/Buzz-faillbpsmponqzeruhhvskovixzk/Build/Products/Debug-iphonesimulator -L/Applications/Xcode.app/Contents/Developer/Platforms/iPhoneSimulator.platform/Developer/usr/lib -F/Users/xinyufang/Library/Developer/Xcode/DerivedData/Buzz-faillbpsmponqzeruhhvskovixzk/Build/Intermediates.noindex/EagerLinkingTBDs/Debug-iphonesimulator -F/Users/xinyufang/Library/Developer/Xcode/DerivedData/Buzz-faillbpsmponqzeruhhvskovixzk/Build/Products/Debug-iphonesimulator/PackageFrameworks -F/Users/xinyufang/Library/Developer/Xcode/DerivedData/Buzz-faillbpsmponqzeruhhvskovixzk/Build/Products/Debug-iphonesimulator/PackageFrameworks -F/Users/xinyufang/Library/Developer/Xcode/DerivedData/Buzz-faillbpsmponqzeruhhvskovixzk/Build/Products/Debug-iphonesimulator/PackageFrameworks -F/Users/xinyufang/Library/Developer/Xcode/DerivedData/Buzz-faillbpsmponqzeruhhvskovixzk/Build/Products/Debug-iphonesimulator -iframework /Applications/Xcode.app/Contents/Developer/Platforms/iPhoneSimulator.platform/Developer/Library/Frameworks -iframework /Applications/Xcode.app/Contents/Developer/Platforms/iPhoneSimulator.platform/Developer/SDKs/iPhoneSimulator26.0.sdk/Developer/Library/Frameworks -filelist /Users/xinyufang/Library/Developer/Xcode/DerivedData/Buzz-faillbpsmponqzeruhhvskovixzk/Build/Intermediates.noindex/Stripe.build/Debug-iphonesimulator/StripeIdentity.build/Objects-normal/arm64/StripeIdentity.LinkFileList -nostdlib -Xlinker -object_path_lto -Xlinker /Users/xinyufang/Library/Developer/Xcode/DerivedData/Buzz-faillbpsmponqzeruhhvskovixzk/Build/Intermediates.noindex/Stripe.build/Debug-iphonesimulator/StripeIdentity.build/Objects-normal/arm64/StripeIdentity_lto.o -rdynamic -Xlinker -no_deduplicate -Xlinker -objc_abi_version -Xlinker 2 -Xlinker -dependency_info -Xlinker /Users/xinyufang/Library/Developer/Xcode/DerivedData/Buzz-faillbpsmponqzeruhhvskovixzk/Build/Intermediates.noindex/Stripe.build/Debug-iphonesimulator/StripeIdentity.build/Objects-normal/arm64/StripeIdentity_dependency_info.dat -fobjc-link-runtime -L/Applications/Xcode.app/Contents/Developer/Toolchains/XcodeDefault.xctoolchain/usr/lib/swift/iphonesimulator -L/usr/lib/swift -Xlinker -add_ast_path -Xlinker /Users/xinyufang/Library/Developer/Xcode/DerivedData/Buzz-faillbpsmponqzeruhhvskovixzk/Build/Intermediates.noindex/Stripe.build/Debug-iphonesimulator/StripeIdentity.build/Objects-normal/arm64/StripeIdentity.swiftmodule @/Users/xinyufang/Library/Developer/Xcode/DerivedData/Buzz-faillbpsmponqzeruhhvskovixzk/Build/Intermediates.noindex/Stripe.build/Debug-iphonesimulator/StripeIdentity.build/Objects-normal/arm64/StripeIdentity-linker-args.resp -o /Users/xinyufang/Library/Developer/Xcode/DerivedData/Buzz-faillbpsmponqzeruhhvskovixzk/Build/Products/Debug-iphonesimulator/StripeIdentity.o

RegisterExecutionPolicyException /Users/xinyufang/Library/Developer/Xcode/DerivedData/Buzz-faillbpsmponqzeruhhvskovixzk/Build/Products/Debug-iphonesimulator/GoogleUtilities_GoogleUtilities-Environment.bundle (in target 'GoogleUtilities_GoogleUtilities-Environment' from project 'GoogleUtilities')
    cd /Users/xinyufang/Library/Developer/Xcode/DerivedData/Buzz-faillbpsmponqzeruhhvskovixzk/SourcePackages/checkouts/GoogleUtilities
    builtin-RegisterExecutionPolicyException /Users/xinyufang/Library/Developer/Xcode/DerivedData/Buzz-faillbpsmponqzeruhhvskovixzk/Build/Products/Debug-iphonesimulator/GoogleUtilities_GoogleUtilities-Environment.bundle

RegisterExecutionPolicyException /Users/xinyufang/Library/Developer/Xcode/DerivedData/Buzz-faillbpsmponqzeruhhvskovixzk/Build/Products/Debug-iphonesimulator/HTTPTypes.o (in target 'HTTPTypes' from project 'swift-http-types')
    cd /Users/xinyufang/Library/Developer/Xcode/DerivedData/Buzz-faillbpsmponqzeruhhvskovixzk/SourcePackages/checkouts/swift-http-types
    builtin-RegisterExecutionPolicyException /Users/xinyufang/Library/Developer/Xcode/DerivedData/Buzz-faillbpsmponqzeruhhvskovixzk/Build/Products/Debug-iphonesimulator/HTTPTypes.o

Touch /Users/xinyufang/Library/Developer/Xcode/DerivedData/Buzz-faillbpsmponqzeruhhvskovixzk/Build/Products/Debug-iphonesimulator/GoogleUtilities_GoogleUtilities-Logger.bundle (in target 'GoogleUtilities_GoogleUtilities-Logger' from project 'GoogleUtilities')
    cd /Users/xinyufang/Library/Developer/Xcode/DerivedData/Buzz-faillbpsmponqzeruhhvskovixzk/SourcePackages/checkouts/GoogleUtilities
    /usr/bin/touch -c /Users/xinyufang/Library/Developer/Xcode/DerivedData/Buzz-faillbpsmponqzeruhhvskovixzk/Build/Products/Debug-iphonesimulator/GoogleUtilities_GoogleUtilities-Logger.bundle

Touch /Users/xinyufang/Library/Developer/Xcode/DerivedData/Buzz-faillbpsmponqzeruhhvskovixzk/Build/Products/Debug-iphonesimulator/GoogleUtilities_GoogleUtilities-Environment.bundle (in target 'GoogleUtilities_GoogleUtilities-Environment' from project 'GoogleUtilities')
    cd /Users/xinyufang/Library/Developer/Xcode/DerivedData/Buzz-faillbpsmponqzeruhhvskovixzk/SourcePackages/checkouts/GoogleUtilities
    /usr/bin/touch -c /Users/xinyufang/Library/Developer/Xcode/DerivedData/Buzz-faillbpsmponqzeruhhvskovixzk/Build/Products/Debug-iphonesimulator/GoogleUtilities_GoogleUtilities-Environment.bundle

ScanDependencies /Users/xinyufang/Library/Developer/Xcode/DerivedData/Buzz-faillbpsmponqzeruhhvskovixzk/Build/Intermediates.noindex/GoogleSignIn.build/Debug-iphonesimulator/GoogleSignIn.build/Objects-normal/arm64/NSBundle+GID3PAdditions.o /Users/xinyufang/Library/Developer/Xcode/DerivedData/Buzz-faillbpsmponqzeruhhvskovixzk/SourcePackages/checkouts/GoogleSignIn-iOS/GoogleSignIn/Sources/NSBundle+GID3PAdditions.m normal arm64 objective-c com.apple.compilers.llvm.clang.1_0.compiler (in target 'GoogleSignIn' from project 'GoogleSignIn')
    cd /Users/xinyufang/Documents/Buzz/Buzz.xcodeproj
    
    Using response file: /Users/xinyufang/Library/Developer/Xcode/DerivedData/Buzz-faillbpsmponqzeruhhvskovixzk/Build/Intermediates.noindex/GoogleSignIn.build/Debug-iphonesimulator/GoogleSignIn.build/Objects-normal/arm64/e6072d4f65d7061329687fe24e3d63a7-common-args.resp
    
    builtin-ScanDependencies -o /Users/xinyufang/Library/Developer/Xcode/DerivedData/Buzz-faillbpsmponqzeruhhvskovixzk/Build/Intermediates.noindex/GoogleSignIn.build/Debug-iphonesimulator/GoogleSignIn.build/Objects-normal/arm64/NSBundle+GID3PAdditions.o.scan -- /Applications/Xcode.app/Contents/Developer/Toolchains/XcodeDefault.xctoolchain/usr/bin/clang -x objective-c -ivfsstatcache /Users/xinyufang/Library/Developer/Xcode/DerivedData/SDKStatCaches.noindex/iphonesimulator26.0-23A339-26257891a6c027eb51374368541b8346.sdkstatcache -fmessage-length\=0 -fdiagnostics-show-note-include-stack -fmacro-backtrace-limit\=0 -fno-color-diagnostics -fmodules-prune-interval\=86400 -fmodules-prune-after\=345600 -fbuild-session-file\=/Users/xinyufang/Library/Developer/Xcode/DerivedData/ModuleCache.noindex/Session.modulevalidation -fmodules-validate-once-per-build-session -Wnon-modular-include-in-framework-module -Werror\=non-modular-include-in-framework-module -Wno-trigraphs -Wno-missing-field-initializers -Wno-missing-prototypes -Wno-return-type -Wno-implicit-atomic-properties -Wno-objc-interface-ivars -Wno-arc-repeated-use-of-weak -Wno-missing-braces -Wparentheses -Wswitch -Wno-unused-function -Wno-unused-label -Wno-unused-parameter -Wno-unused-variable -Wunused-value -Wno-empty-body -Wno-uninitialized -Wno-unknown-pragmas -w -Wno-shadow -Wno-four-char-constants -Wno-conversion -Wno-constant-conversion -Wno-int-conversion -Wno-bool-conversion -Wno-enum-conversion -Wno-float-conversion -Wno-non-literal-null-conversion -Wno-objc-literal-conversion -Wshorten-64-to-32 -Wpointer-sign -Wno-newline-eof -Wno-selector -Wno-strict-selector-match -Wno-undeclared-selector -Wno-deprecated-implementations -Wno-implicit-fallthrough -fstrict-aliasing -Wprotocol -Wdeprecated-declarations -Wno-sign-conversion -Wno-infinite-recursion -Wno-comma -Wno-block-capture-autoreleasing -Wno-strict-prototypes -Wno-semicolon-before-method-body -index-store-path /Users/xinyufang/Library/Developer/Xcode/DerivedData/Buzz-faillbpsmponqzeruhhvskovixzk/Index.noindex/DataStore @/Users/xinyufang/Library/Developer/Xcode/DerivedData/Buzz-faillbpsmponqzeruhhvskovixzk/Build/Intermediates.noindex/GoogleSignIn.build/Debug-iphonesimulator/GoogleSignIn.build/Objects-normal/arm64/e6072d4f65d7061329687fe24e3d63a7-common-args.resp -include /Users/xinyufang/Library/Developer/Xcode/DerivedData/Buzz-faillbpsmponqzeruhhvskovixzk/Build/Intermediates.noindex/GoogleSignIn.build/Debug-iphonesimulator/GoogleSignIn.build/DerivedSources/resource_bundle_accessor.h -MMD -MT dependencies -MF /Users/xinyufang/Library/Developer/Xcode/DerivedData/Buzz-faillbpsmponqzeruhhvskovixzk/Build/Intermediates.noindex/GoogleSignIn.build/Debug-iphonesimulator/GoogleSignIn.build/Objects-normal/arm64/NSBundle+GID3PAdditions.d --serialize-diagnostics /Users/xinyufang/Library/Developer/Xcode/DerivedData/Buzz-faillbpsmponqzeruhhvskovixzk/Build/Intermediates.noindex/GoogleSignIn.build/Debug-iphonesimulator/GoogleSignIn.build/Objects-normal/arm64/NSBundle+GID3PAdditions.dia -c /Users/xinyufang/Library/Developer/Xcode/DerivedData/Buzz-faillbpsmponqzeruhhvskovixzk/SourcePackages/checkouts/GoogleSignIn-iOS/GoogleSignIn/Sources/NSBundle+GID3PAdditions.m -o /Users/xinyufang/Library/Developer/Xcode/DerivedData/Buzz-faillbpsmponqzeruhhvskovixzk/Build/Intermediates.noindex/GoogleSignIn.build/Debug-iphonesimulator/GoogleSignIn.build/Objects-normal/arm64/NSBundle+GID3PAdditions.o -index-unit-output-path /GoogleSignIn.build/Debug-iphonesimulator/GoogleSignIn.build/Objects-normal/arm64/NSBundle+GID3PAdditions.o

ScanDependencies /Users/xinyufang/Library/Developer/Xcode/DerivedData/Buzz-faillbpsmponqzeruhhvskovixzk/Build/Intermediates.noindex/GoogleSignIn.build/Debug-iphonesimulator/GoogleSignIn.build/Objects-normal/arm64/GIDTimedLoader.o /Users/xinyufang/Library/Developer/Xcode/DerivedData/Buzz-faillbpsmponqzeruhhvskovixzk/SourcePackages/checkouts/GoogleSignIn-iOS/GoogleSignIn/Sources/GIDTimedLoader/GIDTimedLoader.m normal arm64 objective-c com.apple.compilers.llvm.clang.1_0.compiler (in target 'GoogleSignIn' from project 'GoogleSignIn')
    cd /Users/xinyufang/Documents/Buzz/Buzz.xcodeproj
    
    Using response file: /Users/xinyufang/Library/Developer/Xcode/DerivedData/Buzz-faillbpsmponqzeruhhvskovixzk/Build/Intermediates.noindex/GoogleSignIn.build/Debug-iphonesimulator/GoogleSignIn.build/Objects-normal/arm64/e6072d4f65d7061329687fe24e3d63a7-common-args.resp
    
    builtin-ScanDependencies -o /Users/xinyufang/Library/Developer/Xcode/DerivedData/Buzz-faillbpsmponqzeruhhvskovixzk/Build/Intermediates.noindex/GoogleSignIn.build/Debug-iphonesimulator/GoogleSignIn.build/Objects-normal/arm64/GIDTimedLoader.o.scan -- /Applications/Xcode.app/Contents/Developer/Toolchains/XcodeDefault.xctoolchain/usr/bin/clang -x objective-c -ivfsstatcache /Users/xinyufang/Library/Developer/Xcode/DerivedData/SDKStatCaches.noindex/iphonesimulator26.0-23A339-26257891a6c027eb51374368541b8346.sdkstatcache -fmessage-length\=0 -fdiagnostics-show-note-include-stack -fmacro-backtrace-limit\=0 -fno-color-diagnostics -fmodules-prune-interval\=86400 -fmodules-prune-after\=345600 -fbuild-session-file\=/Users/xinyufang/Library/Developer/Xcode/DerivedData/ModuleCache.noindex/Session.modulevalidation -fmodules-validate-once-per-build-session -Wnon-modular-include-in-framework-module -Werror\=non-modular-include-in-framework-module -Wno-trigraphs -Wno-missing-field-initializers -Wno-missing-prototypes -Wno-return-type -Wno-implicit-atomic-properties -Wno-objc-interface-ivars -Wno-arc-repeated-use-of-weak -Wno-missing-braces -Wparentheses -Wswitch -Wno-unused-function -Wno-unused-label -Wno-unused-parameter -Wno-unused-variable -Wunused-value -Wno-empty-body -Wno-uninitialized -Wno-unknown-pragmas -w -Wno-shadow -Wno-four-char-constants -Wno-conversion -Wno-constant-conversion -Wno-int-conversion -Wno-bool-conversion -Wno-enum-conversion -Wno-float-conversion -Wno-non-literal-null-conversion -Wno-objc-literal-conversion -Wshorten-64-to-32 -Wpointer-sign -Wno-newline-eof -Wno-selector -Wno-strict-selector-match -Wno-undeclared-selector -Wno-deprecated-implementations -Wno-implicit-fallthrough -fstrict-aliasing -Wprotocol -Wdeprecated-declarations -Wno-sign-conversion -Wno-infinite-recursion -Wno-comma -Wno-block-capture-autoreleasing -Wno-strict-prototypes -Wno-semicolon-before-method-body -index-store-path /Users/xinyufang/Library/Developer/Xcode/DerivedData/Buzz-faillbpsmponqzeruhhvskovixzk/Index.noindex/DataStore @/Users/xinyufang/Library/Developer/Xcode/DerivedData/Buzz-faillbpsmponqzeruhhvskovixzk/Build/Intermediates.noindex/GoogleSignIn.build/Debug-iphonesimulator/GoogleSignIn.build/Objects-normal/arm64/e6072d4f65d7061329687fe24e3d63a7-common-args.resp -include /Users/xinyufang/Library/Developer/Xcode/DerivedData/Buzz-faillbpsmponqzeruhhvskovixzk/Build/Intermediates.noindex/GoogleSignIn.build/Debug-iphonesimulator/GoogleSignIn.build/DerivedSources/resource_bundle_accessor.h -MMD -MT dependencies -MF /Users/xinyufang/Library/Developer/Xcode/DerivedData/Buzz-faillbpsmponqzeruhhvskovixzk/Build/Intermediates.noindex/GoogleSignIn.build/Debug-iphonesimulator/GoogleSignIn.build/Objects-normal/arm64/GIDTimedLoader.d --serialize-diagnostics /Users/xinyufang/Library/Developer/Xcode/DerivedData/Buzz-faillbpsmponqzeruhhvskovixzk/Build/Intermediates.noindex/GoogleSignIn.build/Debug-iphonesimulator/GoogleSignIn.build/Objects-normal/arm64/GIDTimedLoader.dia -c /Users/xinyufang/Library/Developer/Xcode/DerivedData/Buzz-faillbpsmponqzeruhhvskovixzk/SourcePackages/checkouts/GoogleSignIn-iOS/GoogleSignIn/Sources/GIDTimedLoader/GIDTimedLoader.m -o /Users/xinyufang/Library/Developer/Xcode/DerivedData/Buzz-faillbpsmponqzeruhhvskovixzk/Build/Intermediates.noindex/GoogleSignIn.build/Debug-iphonesimulator/GoogleSignIn.build/Objects-normal/arm64/GIDTimedLoader.o -index-unit-output-path /GoogleSignIn.build/Debug-iphonesimulator/GoogleSignIn.build/Objects-normal/arm64/GIDTimedLoader.o

ScanDependencies /Users/xinyufang/Library/Developer/Xcode/DerivedData/Buzz-faillbpsmponqzeruhhvskovixzk/Build/Intermediates.noindex/GoogleSignIn.build/Debug-iphonesimulator/GoogleSignIn.build/Objects-normal/arm64/GIDToken.o /Users/xinyufang/Library/Developer/Xcode/DerivedData/Buzz-faillbpsmponqzeruhhvskovixzk/SourcePackages/checkouts/GoogleSignIn-iOS/GoogleSignIn/Sources/GIDToken.m normal arm64 objective-c com.apple.compilers.llvm.clang.1_0.compiler (in target 'GoogleSignIn' from project 'GoogleSignIn')
    cd /Users/xinyufang/Documents/Buzz/Buzz.xcodeproj
    
    Using response file: /Users/xinyufang/Library/Developer/Xcode/DerivedData/Buzz-faillbpsmponqzeruhhvskovixzk/Build/Intermediates.noindex/GoogleSignIn.build/Debug-iphonesimulator/GoogleSignIn.build/Objects-normal/arm64/e6072d4f65d7061329687fe24e3d63a7-common-args.resp
    
    builtin-ScanDependencies -o /Users/xinyufang/Library/Developer/Xcode/DerivedData/Buzz-faillbpsmponqzeruhhvskovixzk/Build/Intermediates.noindex/GoogleSignIn.build/Debug-iphonesimulator/GoogleSignIn.build/Objects-normal/arm64/GIDToken.o.scan -- /Applications/Xcode.app/Contents/Developer/Toolchains/XcodeDefault.xctoolchain/usr/bin/clang -x objective-c -ivfsstatcache /Users/xinyufang/Library/Developer/Xcode/DerivedData/SDKStatCaches.noindex/iphonesimulator26.0-23A339-26257891a6c027eb51374368541b8346.sdkstatcache -fmessage-length\=0 -fdiagnostics-show-note-include-stack -fmacro-backtrace-limit\=0 -fno-color-diagnostics -fmodules-prune-interval\=86400 -fmodules-prune-after\=345600 -fbuild-session-file\=/Users/xinyufang/Library/Developer/Xcode/DerivedData/ModuleCache.noindex/Session.modulevalidation -fmodules-validate-once-per-build-session -Wnon-modular-include-in-framework-module -Werror\=non-modular-include-in-framework-module -Wno-trigraphs -Wno-missing-field-initializers -Wno-missing-prototypes -Wno-return-type -Wno-implicit-atomic-properties -Wno-objc-interface-ivars -Wno-arc-repeated-use-of-weak -Wno-missing-braces -Wparentheses -Wswitch -Wno-unused-function -Wno-unused-label -Wno-unused-parameter -Wno-unused-variable -Wunused-value -Wno-empty-body -Wno-uninitialized -Wno-unknown-pragmas -w -Wno-shadow -Wno-four-char-constants -Wno-conversion -Wno-constant-conversion -Wno-int-conversion -Wno-bool-conversion -Wno-enum-conversion -Wno-float-conversion -Wno-non-literal-null-conversion -Wno-objc-literal-conversion -Wshorten-64-to-32 -Wpointer-sign -Wno-newline-eof -Wno-selector -Wno-strict-selector-match -Wno-undeclared-selector -Wno-deprecated-implementations -Wno-implicit-fallthrough -fstrict-aliasing -Wprotocol -Wdeprecated-declarations -Wno-sign-conversion -Wno-infinite-recursion -Wno-comma -Wno-block-capture-autoreleasing -Wno-strict-prototypes -Wno-semicolon-before-method-body -index-store-path /Users/xinyufang/Library/Developer/Xcode/DerivedData/Buzz-faillbpsmponqzeruhhvskovixzk/Index.noindex/DataStore @/Users/xinyufang/Library/Developer/Xcode/DerivedData/Buzz-faillbpsmponqzeruhhvskovixzk/Build/Intermediates.noindex/GoogleSignIn.build/Debug-iphonesimulator/GoogleSignIn.build/Objects-normal/arm64/e6072d4f65d7061329687fe24e3d63a7-common-args.resp -include /Users/xinyufang/Library/Developer/Xcode/DerivedData/Buzz-faillbpsmponqzeruhhvskovixzk/Build/Intermediates.noindex/GoogleSignIn.build/Debug-iphonesimulator/GoogleSignIn.build/DerivedSources/resource_bundle_accessor.h -MMD -MT dependencies -MF /Users/xinyufang/Library/Developer/Xcode/DerivedData/Buzz-faillbpsmponqzeruhhvskovixzk/Build/Intermediates.noindex/GoogleSignIn.build/Debug-iphonesimulator/GoogleSignIn.build/Objects-normal/arm64/GIDToken.d --serialize-diagnostics /Users/xinyufang/Library/Developer/Xcode/DerivedData/Buzz-faillbpsmponqzeruhhvskovixzk/Build/Intermediates.noindex/GoogleSignIn.build/Debug-iphonesimulator/GoogleSignIn.build/Objects-normal/arm64/GIDToken.dia -c /Users/xinyufang/Library/Developer/Xcode/DerivedData/Buzz-faillbpsmponqzeruhhvskovixzk/SourcePackages/checkouts/GoogleSignIn-iOS/GoogleSignIn/Sources/GIDToken.m -o /Users/xinyufang/Library/Developer/Xcode/DerivedData/Buzz-faillbpsmponqzeruhhvskovixzk/Build/Intermediates.noindex/GoogleSignIn.build/Debug-iphonesimulator/GoogleSignIn.build/Objects-normal/arm64/GIDToken.o -index-unit-output-path /GoogleSignIn.build/Debug-iphonesimulator/GoogleSignIn.build/Objects-normal/arm64/GIDToken.o

SwiftDriver GoogleSignInSwift normal arm64 com.apple.xcode.tools.swift.compiler (in target 'GoogleSignInSwift' from project 'GoogleSignIn')
    cd /Users/xinyufang/Documents/Buzz/Buzz.xcodeproj
    builtin-SwiftDriver -- /Applications/Xcode.app/Contents/Developer/Toolchains/XcodeDefault.xctoolchain/usr/bin/swiftc -module-name GoogleSignInSwift -Onone -enforce-exclusivity\=checked @/Users/xinyufang/Library/Developer/Xcode/DerivedData/Buzz-faillbpsmponqzeruhhvskovixzk/Build/Intermediates.noindex/GoogleSignIn.build/Debug-iphonesimulator/GoogleSignInSwift.build/Objects-normal/arm64/GoogleSignInSwift.SwiftFileList -DSWIFT_PACKAGE -DDEBUG -DSWIFT_MODULE_RESOURCE_BUNDLE_AVAILABLE -Xcc -fmodule-map-file\=/Users/xinyufang/Library/Developer/Xcode/DerivedData/Buzz-faillbpsmponqzeruhhvskovixzk/Build/Intermediates.noindex/GeneratedModuleMaps-iphonesimulator/AppAuth.modulemap -Xcc -fmodule-map-file\=/Users/xinyufang/Library/Developer/Xcode/DerivedData/Buzz-faillbpsmponqzeruhhvskovixzk/Build/Intermediates.noindex/GeneratedModuleMaps-iphonesimulator/AppAuthCore.modulemap -Xcc -fmodule-map-file\=/Users/xinyufang/Library/Developer/Xcode/DerivedData/Buzz-faillbpsmponqzeruhhvskovixzk/Build/Intermediates.noindex/GeneratedModuleMaps-iphonesimulator/GoogleUtilities-Logger.modulemap -Xcc -fmodule-map-file\=/Users/xinyufang/Library/Developer/Xcode/DerivedData/Buzz-faillbpsmponqzeruhhvskovixzk/Build/Intermediates.noindex/GeneratedModuleMaps-iphonesimulator/GoogleUtilities-Environment.modulemap -Xcc -fmodule-map-file\=/Users/xinyufang/Library/Developer/Xcode/DerivedData/Buzz-faillbpsmponqzeruhhvskovixzk/Build/Intermediates.noindex/GeneratedModuleMaps-iphonesimulator/third-party-IsAppEncrypted.modulemap -Xcc -fmodule-map-file\=/Users/xinyufang/Library/Developer/Xcode/DerivedData/Buzz-faillbpsmponqzeruhhvskovixzk/Build/Intermediates.noindex/GeneratedModuleMaps-iphonesimulator/GoogleUtilities-UserDefaults.modulemap -Xcc -fmodule-map-file\=/Users/xinyufang/Library/Developer/Xcode/DerivedData/Buzz-faillbpsmponqzeruhhvskovixzk/Build/Intermediates.noindex/GeneratedModuleMaps-iphonesimulator/AppCheckCore.modulemap -Xcc -fmodule-map-file\=/Users/xinyufang/Library/Developer/Xcode/DerivedData/Buzz-faillbpsmponqzeruhhvskovixzk/Build/Intermediates.noindex/GeneratedModuleMaps-iphonesimulator/GTMSessionFetcherCore.modulemap -Xcc -fmodule-map-file\=/Users/xinyufang/Library/Developer/Xcode/DerivedData/Buzz-faillbpsmponqzeruhhvskovixzk/Build/Intermediates.noindex/GeneratedModuleMaps-iphonesimulator/GoogleSignIn.modulemap -DXcode -plugin-path /Applications/Xcode.app/Contents/Developer/Toolchains/XcodeDefault.xctoolchain/usr/lib/swift/host/plugins/testing -enable-experimental-feature DebugDescriptionMacro -sdk /Applications/Xcode.app/Contents/Developer/Platforms/iPhoneSimulator.platform/Developer/SDKs/iPhoneSimulator26.0.sdk -target arm64-apple-ios12.0-simulator -g -module-cache-path /Users/xinyufang/Library/Developer/Xcode/DerivedData/ModuleCache.noindex -Xfrontend -serialize-debugging-options -enable-testing -suppress-warnings -index-store-path /Users/xinyufang/Library/Developer/Xcode/DerivedData/Buzz-faillbpsmponqzeruhhvskovixzk/Index.noindex/DataStore -Xcc -D_LIBCPP_HARDENING_MODE\=_LIBCPP_HARDENING_MODE_DEBUG -swift-version 5 -I /Users/xinyufang/Library/Developer/Xcode/DerivedData/Buzz-faillbpsmponqzeruhhvskovixzk/Build/Products/Debug-iphonesimulator -Isystem /Applications/Xcode.app/Contents/Developer/Platforms/iPhoneSimulator.platform/Developer/usr/lib -F /Users/xinyufang/Library/Developer/Xcode/DerivedData/Buzz-faillbpsmponqzeruhhvskovixzk/Build/Products/Debug-iphonesimulator/PackageFrameworks -F /Users/xinyufang/Library/Developer/Xcode/DerivedData/Buzz-faillbpsmponqzeruhhvskovixzk/Build/Products/Debug-iphonesimulator/PackageFrameworks -F /Users/xinyufang/Library/Developer/Xcode/DerivedData/Buzz-faillbpsmponqzeruhhvskovixzk/Build/Products/Debug-iphonesimulator/PackageFrameworks -F /Users/xinyufang/Library/Developer/Xcode/DerivedData/Buzz-faillbpsmponqzeruhhvskovixzk/Build/Products/Debug-iphonesimulator/PackageFrameworks -F /Users/xinyufang/Library/Developer/Xcode/DerivedData/Buzz-faillbpsmponqzeruhhvskovixzk/Build/Products/Debug-iphonesimulator/PackageFrameworks -F /Users/xinyufang/Library/Developer/Xcode/DerivedData/Buzz-faillbpsmponqzeruhhvskovixzk/Build/Products/Debug-iphonesimulator/PackageFrameworks -F /Users/xinyufang/Library/Developer/Xcode/DerivedData/Buzz-faillbpsmponqzeruhhvskovixzk/Build/Products/Debug-iphonesimulator/PackageFrameworks -F /Users/xinyufang/Library/Developer/Xcode/DerivedData/Buzz-faillbpsmponqzeruhhvskovixzk/Build/Products/Debug-iphonesimulator/PackageFrameworks -F /Users/xinyufang/Library/Developer/Xcode/DerivedData/Buzz-faillbpsmponqzeruhhvskovixzk/Build/Products/Debug-iphonesimulator/PackageFrameworks -F /Users/xinyufang/Library/Developer/Xcode/DerivedData/Buzz-faillbpsmponqzeruhhvskovixzk/Build/Products/Debug-iphonesimulator/PackageFrameworks -F /Users/xinyufang/Library/Developer/Xcode/DerivedData/Buzz-faillbpsmponqzeruhhvskovixzk/Build/Products/Debug-iphonesimulator/PackageFrameworks -F /Users/xinyufang/Library/Developer/Xcode/DerivedData/Buzz-faillbpsmponqzeruhhvskovixzk/Build/Products/Debug-iphonesimulator -F /Applications/Xcode.app/Contents/Developer/Platforms/iPhoneSimulator.platform/Developer/Library/Frameworks -F /Applications/Xcode.app/Contents/Developer/Platforms/iPhoneSimulator.platform/Developer/SDKs/iPhoneSimulator26.0.sdk/Developer/Library/Frameworks -emit-localized-strings -emit-localized-strings-path /Users/xinyufang/Library/Developer/Xcode/DerivedData/Buzz-faillbpsmponqzeruhhvskovixzk/Build/Intermediates.noindex/GoogleSignIn.build/Debug-iphonesimulator/GoogleSignInSwift.build/Objects-normal/arm64 -c -j8 -enable-batch-mode -incremental -Xcc -ivfsstatcache -Xcc /Users/xinyufang/Library/Developer/Xcode/DerivedData/SDKStatCaches.noindex/iphonesimulator26.0-23A339-26257891a6c027eb51374368541b8346.sdkstatcache -output-file-map /Users/xinyufang/Library/Developer/Xcode/DerivedData/Buzz-faillbpsmponqzeruhhvskovixzk/Build/Intermediates.noindex/GoogleSignIn.build/Debug-iphonesimulator/GoogleSignInSwift.build/Objects-normal/arm64/GoogleSignInSwift-OutputFileMap.json -use-frontend-parseable-output -save-temps -no-color-diagnostics -explicit-module-build -module-cache-path /Users/xinyufang/Library/Developer/Xcode/DerivedData/Buzz-faillbpsmponqzeruhhvskovixzk/Build/Intermediates.noindex/SwiftExplicitPrecompiledModules -clang-scanner-module-cache-path /Users/xinyufang/Library/Developer/Xcode/DerivedData/ModuleCache.noindex -sdk-module-cache-path /Users/xinyufang/Library/Developer/Xcode/DerivedData/ModuleCache.noindex -serialize-diagnostics -emit-dependencies -emit-module -emit-module-path /Users/xinyufang/Library/Developer/Xcode/DerivedData/Buzz-faillbpsmponqzeruhhvskovixzk/Build/Intermediates.noindex/GoogleSignIn.build/Debug-iphonesimulator/GoogleSignInSwift.build/Objects-normal/arm64/GoogleSignInSwift.swiftmodule -validate-clang-modules-once -clang-build-session-file /Users/xinyufang/Library/Developer/Xcode/DerivedData/ModuleCache.noindex/Session.modulevalidation -Xcc -I/Users/xinyufang/Library/Developer/Xcode/DerivedData/Buzz-faillbpsmponqzeruhhvskovixzk/Build/Intermediates.noindex/GoogleSignIn.build/Debug-iphonesimulator/GoogleSignInSwift.build/swift-overrides.hmap -emit-const-values -Xfrontend -const-gather-protocols-file -Xfrontend /Users/xinyufang/Library/Developer/Xcode/DerivedData/Buzz-faillbpsmponqzeruhhvskovixzk/Build/Intermediates.noindex/GoogleSignIn.build/Debug-iphonesimulator/GoogleSignInSwift.build/Objects-normal/arm64/GoogleSignInSwift_const_extract_protocols.json -Xcc -I/Users/xinyufang/Library/Developer/Xcode/DerivedData/Buzz-faillbpsmponqzeruhhvskovixzk/SourcePackages/checkouts/AppAuth-iOS/Sources/AppAuth -Xcc -I/Users/xinyufang/Library/Developer/Xcode/DerivedData/Buzz-faillbpsmponqzeruhhvskovixzk/SourcePackages/checkouts/AppAuth-iOS/Sources/AppAuthCore -Xcc -I/Users/xinyufang/Library/Developer/Xcode/DerivedData/Buzz-faillbpsmponqzeruhhvskovixzk/SourcePackages/checkouts/promises/Sources/FBLPromises/include -Xcc -I/Users/xinyufang/Library/Developer/Xcode/DerivedData/Buzz-faillbpsmponqzeruhhvskovixzk/SourcePackages/checkouts/GoogleUtilities/GoogleUtilities/Logger/Public -Xcc -I/Users/xinyufang/Library/Developer/Xcode/DerivedData/Buzz-faillbpsmponqzeruhhvskovixzk/SourcePackages/checkouts/GoogleUtilities/GoogleUtilities/Environment/Public -Xcc -I/Users/xinyufang/Library/Developer/Xcode/DerivedData/Buzz-faillbpsmponqzeruhhvskovixzk/SourcePackages/checkouts/GoogleUtilities/third_party/IsAppEncrypted/Public -Xcc -I/Users/xinyufang/Library/Developer/Xcode/DerivedData/Buzz-faillbpsmponqzeruhhvskovixzk/SourcePackages/checkouts/GoogleUtilities/GoogleUtilities/UserDefaults/Public -Xcc -I/Users/xinyufang/Library/Developer/Xcode/DerivedData/Buzz-faillbpsmponqzeruhhvskovixzk/SourcePackages/checkouts/app-check/AppCheckCore/Sources/Public -Xcc -I/Users/xinyufang/Library/Developer/Xcode/DerivedData/Buzz-faillbpsmponqzeruhhvskovixzk/SourcePackages/checkouts/gtm-session-fetcher/Sources/Core/Public -Xcc -I/Users/xinyufang/Library/Developer/Xcode/DerivedData/Buzz-faillbpsmponqzeruhhvskovixzk/SourcePackages/checkouts/GoogleSignIn-iOS/GoogleSignIn/Sources/Public -Xcc -I/Users/xinyufang/Library/Developer/Xcode/DerivedData/Buzz-faillbpsmponqzeruhhvskovixzk/Build/Products/Debug-iphonesimulator/include -Xcc -I/Users/xinyufang/Library/Developer/Xcode/DerivedData/Buzz-faillbpsmponqzeruhhvskovixzk/Build/Intermediates.noindex/GoogleSignIn.build/Debug-iphonesimulator/GoogleSignInSwift.build/DerivedSources-normal/arm64 -Xcc -I/Users/xinyufang/Library/Developer/Xcode/DerivedData/Buzz-faillbpsmponqzeruhhvskovixzk/Build/Intermediates.noindex/GoogleSignIn.build/Debug-iphonesimulator/GoogleSignInSwift.build/DerivedSources/arm64 -Xcc -I/Users/xinyufang/Library/Developer/Xcode/DerivedData/Buzz-faillbpsmponqzeruhhvskovixzk/Build/Intermediates.noindex/GoogleSignIn.build/Debug-iphonesimulator/GoogleSignInSwift.build/DerivedSources -Xcc -DSWIFT_PACKAGE -Xcc -DDEBUG\=1 -emit-objc-header -emit-objc-header-path /Users/xinyufang/Library/Developer/Xcode/DerivedData/Buzz-faillbpsmponqzeruhhvskovixzk/Build/Intermediates.noindex/GoogleSignIn.build/Debug-iphonesimulator/GoogleSignInSwift.build/Objects-normal/arm64/GoogleSignInSwift-Swift.h -working-directory /Users/xinyufang/Documents/Buzz/Buzz.xcodeproj -experimental-emit-module-separately -disable-cmo

SwiftDriver Clocks normal arm64 com.apple.xcode.tools.swift.compiler (in target 'Clocks' from project 'swift-clocks')
    cd /Users/xinyufang/Documents/Buzz/Buzz.xcodeproj
    builtin-SwiftDriver -- /Applications/Xcode.app/Contents/Developer/Toolchains/XcodeDefault.xctoolchain/usr/bin/swiftc -module-name Clocks -Onone -enforce-exclusivity\=checked @/Users/xinyufang/Library/Developer/Xcode/DerivedData/Buzz-faillbpsmponqzeruhhvskovixzk/Build/Intermediates.noindex/swift-clocks.build/Debug-iphonesimulator/Clocks.build/Objects-normal/arm64/Clocks.SwiftFileList -DSWIFT_PACKAGE -DDEBUG -DSWIFT_MODULE_RESOURCE_BUNDLE_UNAVAILABLE -DXcode -plugin-path /Applications/Xcode.app/Contents/Developer/Toolchains/XcodeDefault.xctoolchain/usr/lib/swift/host/plugins/testing -enable-experimental-feature DebugDescriptionMacro -sdk /Applications/Xcode.app/Contents/Developer/Platforms/iPhoneSimulator.platform/Developer/SDKs/iPhoneSimulator26.0.sdk -target arm64-apple-ios13.0-simulator -g -module-cache-path /Users/xinyufang/Library/Developer/Xcode/DerivedData/ModuleCache.noindex -Xfrontend -serialize-debugging-options -enable-testing -suppress-warnings -index-store-path /Users/xinyufang/Library/Developer/Xcode/DerivedData/Buzz-faillbpsmponqzeruhhvskovixzk/Index.noindex/DataStore -Xcc -D_LIBCPP_HARDENING_MODE\=_LIBCPP_HARDENING_MODE_DEBUG -swift-version 6 -I /Users/xinyufang/Library/Developer/Xcode/DerivedData/Buzz-faillbpsmponqzeruhhvskovixzk/Build/Products/Debug-iphonesimulator -Isystem /Applications/Xcode.app/Contents/Developer/Platforms/iPhoneSimulator.platform/Developer/usr/lib -F /Users/xinyufang/Library/Developer/Xcode/DerivedData/Buzz-faillbpsmponqzeruhhvskovixzk/Build/Products/Debug-iphonesimulator/PackageFrameworks -F /Users/xinyufang/Library/Developer/Xcode/DerivedData/Buzz-faillbpsmponqzeruhhvskovixzk/Build/Products/Debug-iphonesimulator/PackageFrameworks -F /Users/xinyufang/Library/Developer/Xcode/DerivedData/Buzz-faillbpsmponqzeruhhvskovixzk/Build/Products/Debug-iphonesimulator/PackageFrameworks -F /Users/xinyufang/Library/Developer/Xcode/DerivedData/Buzz-faillbpsmponqzeruhhvskovixzk/Build/Products/Debug-iphonesimulator -F /Applications/Xcode.app/Contents/Developer/Platforms/iPhoneSimulator.platform/Developer/Library/Frameworks -F /Applications/Xcode.app/Contents/Developer/Platforms/iPhoneSimulator.platform/Developer/SDKs/iPhoneSimulator26.0.sdk/Developer/Library/Frameworks -c -j8 -enable-batch-mode -incremental -Xcc -ivfsstatcache -Xcc /Users/xinyufang/Library/Developer/Xcode/DerivedData/SDKStatCaches.noindex/iphonesimulator26.0-23A339-26257891a6c027eb51374368541b8346.sdkstatcache -output-file-map /Users/xinyufang/Library/Developer/Xcode/DerivedData/Buzz-faillbpsmponqzeruhhvskovixzk/Build/Intermediates.noindex/swift-clocks.build/Debug-iphonesimulator/Clocks.build/Objects-normal/arm64/Clocks-OutputFileMap.json -use-frontend-parseable-output -save-temps -no-color-diagnostics -explicit-module-build -module-cache-path /Users/xinyufang/Library/Developer/Xcode/DerivedData/Buzz-faillbpsmponqzeruhhvskovixzk/Build/Intermediates.noindex/SwiftExplicitPrecompiledModules -clang-scanner-module-cache-path /Users/xinyufang/Library/Developer/Xcode/DerivedData/ModuleCache.noindex -sdk-module-cache-path /Users/xinyufang/Library/Developer/Xcode/DerivedData/ModuleCache.noindex -serialize-diagnostics -emit-dependencies -emit-module -emit-module-path /Users/xinyufang/Library/Developer/Xcode/DerivedData/Buzz-faillbpsmponqzeruhhvskovixzk/Build/Intermediates.noindex/swift-clocks.build/Debug-iphonesimulator/Clocks.build/Objects-normal/arm64/Clocks.swiftmodule -user-module-version 1.0.6 -validate-clang-modules-once -clang-build-session-file /Users/xinyufang/Library/Developer/Xcode/DerivedData/ModuleCache.noindex/Session.modulevalidation -package-name swift_clocks -Xcc -I/Users/xinyufang/Library/Developer/Xcode/DerivedData/Buzz-faillbpsmponqzeruhhvskovixzk/Build/Intermediates.noindex/swift-clocks.build/Debug-iphonesimulator/Clocks.build/swift-overrides.hmap -emit-const-values -Xfrontend -const-gather-protocols-file -Xfrontend /Users/xinyufang/Library/Developer/Xcode/DerivedData/Buzz-faillbpsmponqzeruhhvskovixzk/Build/Intermediates.noindex/swift-clocks.build/Debug-iphonesimulator/Clocks.build/Objects-normal/arm64/Clocks_const_extract_protocols.json -Xcc -I/Users/xinyufang/Library/Developer/Xcode/DerivedData/Buzz-faillbpsmponqzeruhhvskovixzk/Build/Products/Debug-iphonesimulator/include -Xcc -I/Users/xinyufang/Library/Developer/Xcode/DerivedData/Buzz-faillbpsmponqzeruhhvskovixzk/Build/Intermediates.noindex/swift-clocks.build/Debug-iphonesimulator/Clocks.build/DerivedSources-normal/arm64 -Xcc -I/Users/xinyufang/Library/Developer/Xcode/DerivedData/Buzz-faillbpsmponqzeruhhvskovixzk/Build/Intermediates.noindex/swift-clocks.build/Debug-iphonesimulator/Clocks.build/DerivedSources/arm64 -Xcc -I/Users/xinyufang/Library/Developer/Xcode/DerivedData/Buzz-faillbpsmponqzeruhhvskovixzk/Build/Intermediates.noindex/swift-clocks.build/Debug-iphonesimulator/Clocks.build/DerivedSources -Xcc -DSWIFT_PACKAGE -Xcc -DDEBUG\=1 -emit-objc-header -emit-objc-header-path /Users/xinyufang/Library/Developer/Xcode/DerivedData/Buzz-faillbpsmponqzeruhhvskovixzk/Build/Intermediates.noindex/swift-clocks.build/Debug-iphonesimulator/Clocks.build/Objects-normal/arm64/Clocks-Swift.h -working-directory /Users/xinyufang/Documents/Buzz/Buzz.xcodeproj -experimental-emit-module-separately -disable-cmo

PrecompileModule /Users/xinyufang/Library/Developer/Xcode/DerivedData/Buzz-faillbpsmponqzeruhhvskovixzk/Build/Intermediates.noindex/ExplicitPrecompiledModules/ptrcheck-B8ZC35OG78GWMSJXDP8K5NZPB.scan
    cd /
    builtin-precompileModule /Users/xinyufang/Library/Developer/Xcode/DerivedData/Buzz-faillbpsmponqzeruhhvskovixzk/Build/Intermediates.noindex/ExplicitPrecompiledModules/ptrcheck-B8ZC35OG78GWMSJXDP8K5NZPB.scan

PrecompileModule /Users/xinyufang/Library/Developer/Xcode/DerivedData/Buzz-faillbpsmponqzeruhhvskovixzk/Build/Intermediates.noindex/ExplicitPrecompiledModules/ptrauth-108QJXKE8KVXZXPI7ZLJ31Z47.scan
    cd /
    builtin-precompileModule /Users/xinyufang/Library/Developer/Xcode/DerivedData/Buzz-faillbpsmponqzeruhhvskovixzk/Build/Intermediates.noindex/ExplicitPrecompiledModules/ptrauth-108QJXKE8KVXZXPI7ZLJ31Z47.scan

PrecompileModule /Users/xinyufang/Library/Developer/Xcode/DerivedData/Buzz-faillbpsmponqzeruhhvskovixzk/Build/Intermediates.noindex/ExplicitPrecompiledModules/_Builtin_stdarg-8ILY9CM2RP2WKAEX6JQ4F3RJ2.scan
    cd /
    builtin-precompileModule /Users/xinyufang/Library/Developer/Xcode/DerivedData/Buzz-faillbpsmponqzeruhhvskovixzk/Build/Intermediates.noindex/ExplicitPrecompiledModules/_Builtin_stdarg-8ILY9CM2RP2WKAEX6JQ4F3RJ2.scan

PrecompileModule /Users/xinyufang/Library/Developer/Xcode/DerivedData/Buzz-faillbpsmponqzeruhhvskovixzk/Build/Intermediates.noindex/ExplicitPrecompiledModules/_Builtin_float-8MG8LZNKSVPLTPR117QIC5DVI.scan
    cd /
    builtin-precompileModule /Users/xinyufang/Library/Developer/Xcode/DerivedData/Buzz-faillbpsmponqzeruhhvskovixzk/Build/Intermediates.noindex/ExplicitPrecompiledModules/_Builtin_float-8MG8LZNKSVPLTPR117QIC5DVI.scan

SwiftDriverJobDiscovery normal arm64 Compiling ElementsCustomer.swift, ExperimentData.swift, ExternalPaymentMethod.swift, PaymentMethodWithLinkDetails.swift, STPCardBrandChoice.swift, STPElementsSession.swift, STPPaymentMethodRemove.swift, SeparatorLabel.swift, ECEBridgeTypes.swift, ECEIndexHtml.swift, ECEViewController.swift, FixedHeightPresentationController.swift, FixedHeightTransitionDelegate.swift, Intent+SellerDetails.swift, ShopPayECEPresenter.swift, FCLiteApiClient.swift, FCLiteAuthFlowViewController.swift, FCLiteContainerViewController.swift, FCLiteImplementation.swift, FinancialConnectionsLite.swift, FCLiteColor.swift, FCLiteError.swift, FCLiteErrorView.swift, FCLiteModalPresentationWrapper.swift (in target 'StripePaymentSheet' from project 'Stripe')

PrecompileModule /Users/xinyufang/Library/Developer/Xcode/DerivedData/Buzz-faillbpsmponqzeruhhvskovixzk/Build/Intermediates.noindex/ExplicitPrecompiledModules/_Builtin_stddef-E0EMP21E2J7LGFDQE4X8ILMNA.scan
    cd /
    builtin-precompileModule /Users/xinyufang/Library/Developer/Xcode/DerivedData/Buzz-faillbpsmponqzeruhhvskovixzk/Build/Intermediates.noindex/ExplicitPrecompiledModules/_Builtin_stddef-E0EMP21E2J7LGFDQE4X8ILMNA.scan

PrecompileModule /Users/xinyufang/Library/Developer/Xcode/DerivedData/Buzz-faillbpsmponqzeruhhvskovixzk/Build/Intermediates.noindex/ExplicitPrecompiledModules/_AvailabilityInternal-F1X0D4SGVRTFW38UQKTAZZ7N1.scan
    cd /
    builtin-precompileModule /Users/xinyufang/Library/Developer/Xcode/DerivedData/Buzz-faillbpsmponqzeruhhvskovixzk/Build/Intermediates.noindex/ExplicitPrecompiledModules/_AvailabilityInternal-F1X0D4SGVRTFW38UQKTAZZ7N1.scan

PrecompileModule /Users/xinyufang/Library/Developer/Xcode/DerivedData/Buzz-faillbpsmponqzeruhhvskovixzk/Build/Intermediates.noindex/ExplicitPrecompiledModules/_Builtin_stdbool-9REUVC4WZUSVJ6M70L7CZGYK9.scan
    cd /
    builtin-precompileModule /Users/xinyufang/Library/Developer/Xcode/DerivedData/Buzz-faillbpsmponqzeruhhvskovixzk/Build/Intermediates.noindex/ExplicitPrecompiledModules/_Builtin_stdbool-9REUVC4WZUSVJ6M70L7CZGYK9.scan

CodeSign /Users/xinyufang/Library/Developer/Xcode/DerivedData/Buzz-faillbpsmponqzeruhhvskovixzk/Build/Products/Debug-iphonesimulator/GoogleSignIn_GoogleSignInSwift.bundle (in target 'GoogleSignIn_GoogleSignInSwift' from project 'GoogleSignIn')
    cd /Users/xinyufang/Library/Developer/Xcode/DerivedData/Buzz-faillbpsmponqzeruhhvskovixzk/SourcePackages/checkouts/GoogleSignIn-iOS
    
    Signing Identity:     "Sign to Run Locally"
    
    /usr/bin/codesign --force --sign - --timestamp\=none --generate-entitlement-der /Users/xinyufang/Library/Developer/Xcode/DerivedData/Buzz-faillbpsmponqzeruhhvskovixzk/Build/Products/Debug-iphonesimulator/GoogleSignIn_GoogleSignInSwift.bundle

CodeSign /Users/xinyufang/Library/Developer/Xcode/DerivedData/Buzz-faillbpsmponqzeruhhvskovixzk/Build/Products/Debug-iphonesimulator/GoogleSignIn_GoogleSignIn.bundle (in target 'GoogleSignIn_GoogleSignIn' from project 'GoogleSignIn')
    cd /Users/xinyufang/Library/Developer/Xcode/DerivedData/Buzz-faillbpsmponqzeruhhvskovixzk/SourcePackages/checkouts/GoogleSignIn-iOS
    
    Signing Identity:     "Sign to Run Locally"
    
    /usr/bin/codesign --force --sign - --timestamp\=none --generate-entitlement-der /Users/xinyufang/Library/Developer/Xcode/DerivedData/Buzz-faillbpsmponqzeruhhvskovixzk/Build/Products/Debug-iphonesimulator/GoogleSignIn_GoogleSignIn.bundle

ScanDependencies /Users/xinyufang/Library/Developer/Xcode/DerivedData/Buzz-faillbpsmponqzeruhhvskovixzk/Build/Intermediates.noindex/GoogleSignIn.build/Debug-iphonesimulator/GoogleSignIn.build/Objects-normal/arm64/resource_bundle_accessor.o /Users/xinyufang/Library/Developer/Xcode/DerivedData/Buzz-faillbpsmponqzeruhhvskovixzk/Build/Intermediates.noindex/GoogleSignIn.build/Debug-iphonesimulator/GoogleSignIn.build/DerivedSources/resource_bundle_accessor.m normal arm64 objective-c com.apple.compilers.llvm.clang.1_0.compiler (in target 'GoogleSignIn' from project 'GoogleSignIn')
    cd /Users/xinyufang/Documents/Buzz/Buzz.xcodeproj
    
    Using response file: /Users/xinyufang/Library/Developer/Xcode/DerivedData/Buzz-faillbpsmponqzeruhhvskovixzk/Build/Intermediates.noindex/GoogleSignIn.build/Debug-iphonesimulator/GoogleSignIn.build/Objects-normal/arm64/e6072d4f65d7061329687fe24e3d63a7-common-args.resp
    
    builtin-ScanDependencies -o /Users/xinyufang/Library/Developer/Xcode/DerivedData/Buzz-faillbpsmponqzeruhhvskovixzk/Build/Intermediates.noindex/GoogleSignIn.build/Debug-iphonesimulator/GoogleSignIn.build/Objects-normal/arm64/resource_bundle_accessor.o.scan -- /Applications/Xcode.app/Contents/Developer/Toolchains/XcodeDefault.xctoolchain/usr/bin/clang -x objective-c -ivfsstatcache /Users/xinyufang/Library/Developer/Xcode/DerivedData/SDKStatCaches.noindex/iphonesimulator26.0-23A339-26257891a6c027eb51374368541b8346.sdkstatcache -fmessage-length\=0 -fdiagnostics-show-note-include-stack -fmacro-backtrace-limit\=0 -fno-color-diagnostics -fmodules-prune-interval\=86400 -fmodules-prune-after\=345600 -fbuild-session-file\=/Users/xinyufang/Library/Developer/Xcode/DerivedData/ModuleCache.noindex/Session.modulevalidation -fmodules-validate-once-per-build-session -Wnon-modular-include-in-framework-module -Werror\=non-modular-include-in-framework-module -Wno-trigraphs -Wno-missing-field-initializers -Wno-missing-prototypes -Wno-return-type -Wno-implicit-atomic-properties -Wno-objc-interface-ivars -Wno-arc-repeated-use-of-weak -Wno-missing-braces -Wparentheses -Wswitch -Wno-unused-function -Wno-unused-label -Wno-unused-parameter -Wno-unused-variable -Wunused-value -Wno-empty-body -Wno-uninitialized -Wno-unknown-pragmas -w -Wno-shadow -Wno-four-char-constants -Wno-conversion -Wno-constant-conversion -Wno-int-conversion -Wno-bool-conversion -Wno-enum-conversion -Wno-float-conversion -Wno-non-literal-null-conversion -Wno-objc-literal-conversion -Wshorten-64-to-32 -Wpointer-sign -Wno-newline-eof -Wno-selector -Wno-strict-selector-match -Wno-undeclared-selector -Wno-deprecated-implementations -Wno-implicit-fallthrough -fstrict-aliasing -Wprotocol -Wdeprecated-declarations -Wno-sign-conversion -Wno-infinite-recursion -Wno-comma -Wno-block-capture-autoreleasing -Wno-strict-prototypes -Wno-semicolon-before-method-body -index-store-path /Users/xinyufang/Library/Developer/Xcode/DerivedData/Buzz-faillbpsmponqzeruhhvskovixzk/Index.noindex/DataStore @/Users/xinyufang/Library/Developer/Xcode/DerivedData/Buzz-faillbpsmponqzeruhhvskovixzk/Build/Intermediates.noindex/GoogleSignIn.build/Debug-iphonesimulator/GoogleSignIn.build/Objects-normal/arm64/e6072d4f65d7061329687fe24e3d63a7-common-args.resp -include /Users/xinyufang/Library/Developer/Xcode/DerivedData/Buzz-faillbpsmponqzeruhhvskovixzk/Build/Intermediates.noindex/GoogleSignIn.build/Debug-iphonesimulator/GoogleSignIn.build/DerivedSources/resource_bundle_accessor.h -MMD -MT dependencies -MF /Users/xinyufang/Library/Developer/Xcode/DerivedData/Buzz-faillbpsmponqzeruhhvskovixzk/Build/Intermediates.noindex/GoogleSignIn.build/Debug-iphonesimulator/GoogleSignIn.build/Objects-normal/arm64/resource_bundle_accessor.d --serialize-diagnostics /Users/xinyufang/Library/Developer/Xcode/DerivedData/Buzz-faillbpsmponqzeruhhvskovixzk/Build/Intermediates.noindex/GoogleSignIn.build/Debug-iphonesimulator/GoogleSignIn.build/Objects-normal/arm64/resource_bundle_accessor.dia -c /Users/xinyufang/Library/Developer/Xcode/DerivedData/Buzz-faillbpsmponqzeruhhvskovixzk/Build/Intermediates.noindex/GoogleSignIn.build/Debug-iphonesimulator/GoogleSignIn.build/DerivedSources/resource_bundle_accessor.m -o /Users/xinyufang/Library/Developer/Xcode/DerivedData/Buzz-faillbpsmponqzeruhhvskovixzk/Build/Intermediates.noindex/GoogleSignIn.build/Debug-iphonesimulator/GoogleSignIn.build/Objects-normal/arm64/resource_bundle_accessor.o -index-unit-output-path /GoogleSignIn.build/Debug-iphonesimulator/GoogleSignIn.build/Objects-normal/arm64/resource_bundle_accessor.o

ScanDependencies /Users/xinyufang/Library/Developer/Xcode/DerivedData/Buzz-faillbpsmponqzeruhhvskovixzk/Build/Intermediates.noindex/GoogleSignIn.build/Debug-iphonesimulator/GoogleSignIn.build/Objects-normal/arm64/GIDSignInStrings.o /Users/xinyufang/Library/Developer/Xcode/DerivedData/Buzz-faillbpsmponqzeruhhvskovixzk/SourcePackages/checkouts/GoogleSignIn-iOS/GoogleSignIn/Sources/GIDSignInStrings.m normal arm64 objective-c com.apple.compilers.llvm.clang.1_0.compiler (in target 'GoogleSignIn' from project 'GoogleSignIn')
    cd /Users/xinyufang/Documents/Buzz/Buzz.xcodeproj
    
    Using response file: /Users/xinyufang/Library/Developer/Xcode/DerivedData/Buzz-faillbpsmponqzeruhhvskovixzk/Build/Intermediates.noindex/GoogleSignIn.build/Debug-iphonesimulator/GoogleSignIn.build/Objects-normal/arm64/e6072d4f65d7061329687fe24e3d63a7-common-args.resp
    
    builtin-ScanDependencies -o /Users/xinyufang/Library/Developer/Xcode/DerivedData/Buzz-faillbpsmponqzeruhhvskovixzk/Build/Intermediates.noindex/GoogleSignIn.build/Debug-iphonesimulator/GoogleSignIn.build/Objects-normal/arm64/GIDSignInStrings.o.scan -- /Applications/Xcode.app/Contents/Developer/Toolchains/XcodeDefault.xctoolchain/usr/bin/clang -x objective-c -ivfsstatcache /Users/xinyufang/Library/Developer/Xcode/DerivedData/SDKStatCaches.noindex/iphonesimulator26.0-23A339-26257891a6c027eb51374368541b8346.sdkstatcache -fmessage-length\=0 -fdiagnostics-show-note-include-stack -fmacro-backtrace-limit\=0 -fno-color-diagnostics -fmodules-prune-interval\=86400 -fmodules-prune-after\=345600 -fbuild-session-file\=/Users/xinyufang/Library/Developer/Xcode/DerivedData/ModuleCache.noindex/Session.modulevalidation -fmodules-validate-once-per-build-session -Wnon-modular-include-in-framework-module -Werror\=non-modular-include-in-framework-module -Wno-trigraphs -Wno-missing-field-initializers -Wno-missing-prototypes -Wno-return-type -Wno-implicit-atomic-properties -Wno-objc-interface-ivars -Wno-arc-repeated-use-of-weak -Wno-missing-braces -Wparentheses -Wswitch -Wno-unused-function -Wno-unused-label -Wno-unused-parameter -Wno-unused-variable -Wunused-value -Wno-empty-body -Wno-uninitialized -Wno-unknown-pragmas -w -Wno-shadow -Wno-four-char-constants -Wno-conversion -Wno-constant-conversion -Wno-int-conversion -Wno-bool-conversion -Wno-enum-conversion -Wno-float-conversion -Wno-non-literal-null-conversion -Wno-objc-literal-conversion -Wshorten-64-to-32 -Wpointer-sign -Wno-newline-eof -Wno-selector -Wno-strict-selector-match -Wno-undeclared-selector -Wno-deprecated-implementations -Wno-implicit-fallthrough -fstrict-aliasing -Wprotocol -Wdeprecated-declarations -Wno-sign-conversion -Wno-infinite-recursion -Wno-comma -Wno-block-capture-autoreleasing -Wno-strict-prototypes -Wno-semicolon-before-method-body -index-store-path /Users/xinyufang/Library/Developer/Xcode/DerivedData/Buzz-faillbpsmponqzeruhhvskovixzk/Index.noindex/DataStore @/Users/xinyufang/Library/Developer/Xcode/DerivedData/Buzz-faillbpsmponqzeruhhvskovixzk/Build/Intermediates.noindex/GoogleSignIn.build/Debug-iphonesimulator/GoogleSignIn.build/Objects-normal/arm64/e6072d4f65d7061329687fe24e3d63a7-common-args.resp -include /Users/xinyufang/Library/Developer/Xcode/DerivedData/Buzz-faillbpsmponqzeruhhvskovixzk/Build/Intermediates.noindex/GoogleSignIn.build/Debug-iphonesimulator/GoogleSignIn.build/DerivedSources/resource_bundle_accessor.h -MMD -MT dependencies -MF /Users/xinyufang/Library/Developer/Xcode/DerivedData/Buzz-faillbpsmponqzeruhhvskovixzk/Build/Intermediates.noindex/GoogleSignIn.build/Debug-iphonesimulator/GoogleSignIn.build/Objects-normal/arm64/GIDSignInStrings.d --serialize-diagnostics /Users/xinyufang/Library/Developer/Xcode/DerivedData/Buzz-faillbpsmponqzeruhhvskovixzk/Build/Intermediates.noindex/GoogleSignIn.build/Debug-iphonesimulator/GoogleSignIn.build/Objects-normal/arm64/GIDSignInStrings.dia -c /Users/xinyufang/Library/Developer/Xcode/DerivedData/Buzz-faillbpsmponqzeruhhvskovixzk/SourcePackages/checkouts/GoogleSignIn-iOS/GoogleSignIn/Sources/GIDSignInStrings.m -o /Users/xinyufang/Library/Developer/Xcode/DerivedData/Buzz-faillbpsmponqzeruhhvskovixzk/Build/Intermediates.noindex/GoogleSignIn.build/Debug-iphonesimulator/GoogleSignIn.build/Objects-normal/arm64/GIDSignInStrings.o -index-unit-output-path /GoogleSignIn.build/Debug-iphonesimulator/GoogleSignIn.build/Objects-normal/arm64/GIDSignInStrings.o

ScanDependencies /Users/xinyufang/Library/Developer/Xcode/DerivedData/Buzz-faillbpsmponqzeruhhvskovixzk/Build/Intermediates.noindex/GoogleSignIn.build/Debug-iphonesimulator/GoogleSignIn.build/Objects-normal/arm64/GIDSignInResult.o /Users/xinyufang/Library/Developer/Xcode/DerivedData/Buzz-faillbpsmponqzeruhhvskovixzk/SourcePackages/checkouts/GoogleSignIn-iOS/GoogleSignIn/Sources/GIDSignInResult.m normal arm64 objective-c com.apple.compilers.llvm.clang.1_0.compiler (in target 'GoogleSignIn' from project 'GoogleSignIn')
    cd /Users/xinyufang/Documents/Buzz/Buzz.xcodeproj
    
    Using response file: /Users/xinyufang/Library/Developer/Xcode/DerivedData/Buzz-faillbpsmponqzeruhhvskovixzk/Build/Intermediates.noindex/GoogleSignIn.build/Debug-iphonesimulator/GoogleSignIn.build/Objects-normal/arm64/e6072d4f65d7061329687fe24e3d63a7-common-args.resp
    
    builtin-ScanDependencies -o /Users/xinyufang/Library/Developer/Xcode/DerivedData/Buzz-faillbpsmponqzeruhhvskovixzk/Build/Intermediates.noindex/GoogleSignIn.build/Debug-iphonesimulator/GoogleSignIn.build/Objects-normal/arm64/GIDSignInResult.o.scan -- /Applications/Xcode.app/Contents/Developer/Toolchains/XcodeDefault.xctoolchain/usr/bin/clang -x objective-c -ivfsstatcache /Users/xinyufang/Library/Developer/Xcode/DerivedData/SDKStatCaches.noindex/iphonesimulator26.0-23A339-26257891a6c027eb51374368541b8346.sdkstatcache -fmessage-length\=0 -fdiagnostics-show-note-include-stack -fmacro-backtrace-limit\=0 -fno-color-diagnostics -fmodules-prune-interval\=86400 -fmodules-prune-after\=345600 -fbuild-session-file\=/Users/xinyufang/Library/Developer/Xcode/DerivedData/ModuleCache.noindex/Session.modulevalidation -fmodules-validate-once-per-build-session -Wnon-modular-include-in-framework-module -Werror\=non-modular-include-in-framework-module -Wno-trigraphs -Wno-missing-field-initializers -Wno-missing-prototypes -Wno-return-type -Wno-implicit-atomic-properties -Wno-objc-interface-ivars -Wno-arc-repeated-use-of-weak -Wno-missing-braces -Wparentheses -Wswitch -Wno-unused-function -Wno-unused-label -Wno-unused-parameter -Wno-unused-variable -Wunused-value -Wno-empty-body -Wno-uninitialized -Wno-unknown-pragmas -w -Wno-shadow -Wno-four-char-constants -Wno-conversion -Wno-constant-conversion -Wno-int-conversion -Wno-bool-conversion -Wno-enum-conversion -Wno-float-conversion -Wno-non-literal-null-conversion -Wno-objc-literal-conversion -Wshorten-64-to-32 -Wpointer-sign -Wno-newline-eof -Wno-selector -Wno-strict-selector-match -Wno-undeclared-selector -Wno-deprecated-implementations -Wno-implicit-fallthrough -fstrict-aliasing -Wprotocol -Wdeprecated-declarations -Wno-sign-conversion -Wno-infinite-recursion -Wno-comma -Wno-block-capture-autoreleasing -Wno-strict-prototypes -Wno-semicolon-before-method-body -index-store-path /Users/xinyufang/Library/Developer/Xcode/DerivedData/Buzz-faillbpsmponqzeruhhvskovixzk/Index.noindex/DataStore @/Users/xinyufang/Library/Developer/Xcode/DerivedData/Buzz-faillbpsmponqzeruhhvskovixzk/Build/Intermediates.noindex/GoogleSignIn.build/Debug-iphonesimulator/GoogleSignIn.build/Objects-normal/arm64/e6072d4f65d7061329687fe24e3d63a7-common-args.resp -include /Users/xinyufang/Library/Developer/Xcode/DerivedData/Buzz-faillbpsmponqzeruhhvskovixzk/Build/Intermediates.noindex/GoogleSignIn.build/Debug-iphonesimulator/GoogleSignIn.build/DerivedSources/resource_bundle_accessor.h -MMD -MT dependencies -MF /Users/xinyufang/Library/Developer/Xcode/DerivedData/Buzz-faillbpsmponqzeruhhvskovixzk/Build/Intermediates.noindex/GoogleSignIn.build/Debug-iphonesimulator/GoogleSignIn.build/Objects-normal/arm64/GIDSignInResult.d --serialize-diagnostics /Users/xinyufang/Library/Developer/Xcode/DerivedData/Buzz-faillbpsmponqzeruhhvskovixzk/Build/Intermediates.noindex/GoogleSignIn.build/Debug-iphonesimulator/GoogleSignIn.build/Objects-normal/arm64/GIDSignInResult.dia -c /Users/xinyufang/Library/Developer/Xcode/DerivedData/Buzz-faillbpsmponqzeruhhvskovixzk/SourcePackages/checkouts/GoogleSignIn-iOS/GoogleSignIn/Sources/GIDSignInResult.m -o /Users/xinyufang/Library/Developer/Xcode/DerivedData/Buzz-faillbpsmponqzeruhhvskovixzk/Build/Intermediates.noindex/GoogleSignIn.build/Debug-iphonesimulator/GoogleSignIn.build/Objects-normal/arm64/GIDSignInResult.o -index-unit-output-path /GoogleSignIn.build/Debug-iphonesimulator/GoogleSignIn.build/Objects-normal/arm64/GIDSignInResult.o

ScanDependencies /Users/xinyufang/Library/Developer/Xcode/DerivedData/Buzz-faillbpsmponqzeruhhvskovixzk/Build/Intermediates.noindex/GoogleSignIn.build/Debug-iphonesimulator/GoogleSignIn.build/Objects-normal/arm64/GIDSignInPreferences.o /Users/xinyufang/Library/Developer/Xcode/DerivedData/Buzz-faillbpsmponqzeruhhvskovixzk/SourcePackages/checkouts/GoogleSignIn-iOS/GoogleSignIn/Sources/GIDSignInPreferences.m normal arm64 objective-c com.apple.compilers.llvm.clang.1_0.compiler (in target 'GoogleSignIn' from project 'GoogleSignIn')
    cd /Users/xinyufang/Documents/Buzz/Buzz.xcodeproj
    
    Using response file: /Users/xinyufang/Library/Developer/Xcode/DerivedData/Buzz-faillbpsmponqzeruhhvskovixzk/Build/Intermediates.noindex/GoogleSignIn.build/Debug-iphonesimulator/GoogleSignIn.build/Objects-normal/arm64/e6072d4f65d7061329687fe24e3d63a7-common-args.resp
    
    builtin-ScanDependencies -o /Users/xinyufang/Library/Developer/Xcode/DerivedData/Buzz-faillbpsmponqzeruhhvskovixzk/Build/Intermediates.noindex/GoogleSignIn.build/Debug-iphonesimulator/GoogleSignIn.build/Objects-normal/arm64/GIDSignInPreferences.o.scan -- /Applications/Xcode.app/Contents/Developer/Toolchains/XcodeDefault.xctoolchain/usr/bin/clang -x objective-c -ivfsstatcache /Users/xinyufang/Library/Developer/Xcode/DerivedData/SDKStatCaches.noindex/iphonesimulator26.0-23A339-26257891a6c027eb51374368541b8346.sdkstatcache -fmessage-length\=0 -fdiagnostics-show-note-include-stack -fmacro-backtrace-limit\=0 -fno-color-diagnostics -fmodules-prune-interval\=86400 -fmodules-prune-after\=345600 -fbuild-session-file\=/Users/xinyufang/Library/Developer/Xcode/DerivedData/ModuleCache.noindex/Session.modulevalidation -fmodules-validate-once-per-build-session -Wnon-modular-include-in-framework-module -Werror\=non-modular-include-in-framework-module -Wno-trigraphs -Wno-missing-field-initializers -Wno-missing-prototypes -Wno-return-type -Wno-implicit-atomic-properties -Wno-objc-interface-ivars -Wno-arc-repeated-use-of-weak -Wno-missing-braces -Wparentheses -Wswitch -Wno-unused-function -Wno-unused-label -Wno-unused-parameter -Wno-unused-variable -Wunused-value -Wno-empty-body -Wno-uninitialized -Wno-unknown-pragmas -w -Wno-shadow -Wno-four-char-constants -Wno-conversion -Wno-constant-conversion -Wno-int-conversion -Wno-bool-conversion -Wno-enum-conversion -Wno-float-conversion -Wno-non-literal-null-conversion -Wno-objc-literal-conversion -Wshorten-64-to-32 -Wpointer-sign -Wno-newline-eof -Wno-selector -Wno-strict-selector-match -Wno-undeclared-selector -Wno-deprecated-implementations -Wno-implicit-fallthrough -fstrict-aliasing -Wprotocol -Wdeprecated-declarations -Wno-sign-conversion -Wno-infinite-recursion -Wno-comma -Wno-block-capture-autoreleasing -Wno-strict-prototypes -Wno-semicolon-before-method-body -index-store-path /Users/xinyufang/Library/Developer/Xcode/DerivedData/Buzz-faillbpsmponqzeruhhvskovixzk/Index.noindex/DataStore @/Users/xinyufang/Library/Developer/Xcode/DerivedData/Buzz-faillbpsmponqzeruhhvskovixzk/Build/Intermediates.noindex/GoogleSignIn.build/Debug-iphonesimulator/GoogleSignIn.build/Objects-normal/arm64/e6072d4f65d7061329687fe24e3d63a7-common-args.resp -include /Users/xinyufang/Library/Developer/Xcode/DerivedData/Buzz-faillbpsmponqzeruhhvskovixzk/Build/Intermediates.noindex/GoogleSignIn.build/Debug-iphonesimulator/GoogleSignIn.build/DerivedSources/resource_bundle_accessor.h -MMD -MT dependencies -MF /Users/xinyufang/Library/Developer/Xcode/DerivedData/Buzz-faillbpsmponqzeruhhvskovixzk/Build/Intermediates.noindex/GoogleSignIn.build/Debug-iphonesimulator/GoogleSignIn.build/Objects-normal/arm64/GIDSignInPreferences.d --serialize-diagnostics /Users/xinyufang/Library/Developer/Xcode/DerivedData/Buzz-faillbpsmponqzeruhhvskovixzk/Build/Intermediates.noindex/GoogleSignIn.build/Debug-iphonesimulator/GoogleSignIn.build/Objects-normal/arm64/GIDSignInPreferences.dia -c /Users/xinyufang/Library/Developer/Xcode/DerivedData/Buzz-faillbpsmponqzeruhhvskovixzk/SourcePackages/checkouts/GoogleSignIn-iOS/GoogleSignIn/Sources/GIDSignInPreferences.m -o /Users/xinyufang/Library/Developer/Xcode/DerivedData/Buzz-faillbpsmponqzeruhhvskovixzk/Build/Intermediates.noindex/GoogleSignIn.build/Debug-iphonesimulator/GoogleSignIn.build/Objects-normal/arm64/GIDSignInPreferences.o -index-unit-output-path /GoogleSignIn.build/Debug-iphonesimulator/GoogleSignIn.build/Objects-normal/arm64/GIDSignInPreferences.o

ScanDependencies /Users/xinyufang/Library/Developer/Xcode/DerivedData/Buzz-faillbpsmponqzeruhhvskovixzk/Build/Intermediates.noindex/GoogleSignIn.build/Debug-iphonesimulator/GoogleSignIn.build/Objects-normal/arm64/GIDSignInInternalOptions.o /Users/xinyufang/Library/Developer/Xcode/DerivedData/Buzz-faillbpsmponqzeruhhvskovixzk/SourcePackages/checkouts/GoogleSignIn-iOS/GoogleSignIn/Sources/GIDSignInInternalOptions.m normal arm64 objective-c com.apple.compilers.llvm.clang.1_0.compiler (in target 'GoogleSignIn' from project 'GoogleSignIn')
    cd /Users/xinyufang/Documents/Buzz/Buzz.xcodeproj
    
    Using response file: /Users/xinyufang/Library/Developer/Xcode/DerivedData/Buzz-faillbpsmponqzeruhhvskovixzk/Build/Intermediates.noindex/GoogleSignIn.build/Debug-iphonesimulator/GoogleSignIn.build/Objects-normal/arm64/e6072d4f65d7061329687fe24e3d63a7-common-args.resp
    
    builtin-ScanDependencies -o /Users/xinyufang/Library/Developer/Xcode/DerivedData/Buzz-faillbpsmponqzeruhhvskovixzk/Build/Intermediates.noindex/GoogleSignIn.build/Debug-iphonesimulator/GoogleSignIn.build/Objects-normal/arm64/GIDSignInInternalOptions.o.scan -- /Applications/Xcode.app/Contents/Developer/Toolchains/XcodeDefault.xctoolchain/usr/bin/clang -x objective-c -ivfsstatcache /Users/xinyufang/Library/Developer/Xcode/DerivedData/SDKStatCaches.noindex/iphonesimulator26.0-23A339-26257891a6c027eb51374368541b8346.sdkstatcache -fmessage-length\=0 -fdiagnostics-show-note-include-stack -fmacro-backtrace-limit\=0 -fno-color-diagnostics -fmodules-prune-interval\=86400 -fmodules-prune-after\=345600 -fbuild-session-file\=/Users/xinyufang/Library/Developer/Xcode/DerivedData/ModuleCache.noindex/Session.modulevalidation -fmodules-validate-once-per-build-session -Wnon-modular-include-in-framework-module -Werror\=non-modular-include-in-framework-module -Wno-trigraphs -Wno-missing-field-initializers -Wno-missing-prototypes -Wno-return-type -Wno-implicit-atomic-properties -Wno-objc-interface-ivars -Wno-arc-repeated-use-of-weak -Wno-missing-braces -Wparentheses -Wswitch -Wno-unused-function -Wno-unused-label -Wno-unused-parameter -Wno-unused-variable -Wunused-value -Wno-empty-body -Wno-uninitialized -Wno-unknown-pragmas -w -Wno-shadow -Wno-four-char-constants -Wno-conversion -Wno-constant-conversion -Wno-int-conversion -Wno-bool-conversion -Wno-enum-conversion -Wno-float-conversion -Wno-non-literal-null-conversion -Wno-objc-literal-conversion -Wshorten-64-to-32 -Wpointer-sign -Wno-newline-eof -Wno-selector -Wno-strict-selector-match -Wno-undeclared-selector -Wno-deprecated-implementations -Wno-implicit-fallthrough -fstrict-aliasing -Wprotocol -Wdeprecated-declarations -Wno-sign-conversion -Wno-infinite-recursion -Wno-comma -Wno-block-capture-autoreleasing -Wno-strict-prototypes -Wno-semicolon-before-method-body -index-store-path /Users/xinyufang/Library/Developer/Xcode/DerivedData/Buzz-faillbpsmponqzeruhhvskovixzk/Index.noindex/DataStore @/Users/xinyufang/Library/Developer/Xcode/DerivedData/Buzz-faillbpsmponqzeruhhvskovixzk/Build/Intermediates.noindex/GoogleSignIn.build/Debug-iphonesimulator/GoogleSignIn.build/Objects-normal/arm64/e6072d4f65d7061329687fe24e3d63a7-common-args.resp -include /Users/xinyufang/Library/Developer/Xcode/DerivedData/Buzz-faillbpsmponqzeruhhvskovixzk/Build/Intermediates.noindex/GoogleSignIn.build/Debug-iphonesimulator/GoogleSignIn.build/DerivedSources/resource_bundle_accessor.h -MMD -MT dependencies -MF /Users/xinyufang/Library/Developer/Xcode/DerivedData/Buzz-faillbpsmponqzeruhhvskovixzk/Build/Intermediates.noindex/GoogleSignIn.build/Debug-iphonesimulator/GoogleSignIn.build/Objects-normal/arm64/GIDSignInInternalOptions.d --serialize-diagnostics /Users/xinyufang/Library/Developer/Xcode/DerivedData/Buzz-faillbpsmponqzeruhhvskovixzk/Build/Intermediates.noindex/GoogleSignIn.build/Debug-iphonesimulator/GoogleSignIn.build/Objects-normal/arm64/GIDSignInInternalOptions.dia -c /Users/xinyufang/Library/Developer/Xcode/DerivedData/Buzz-faillbpsmponqzeruhhvskovixzk/SourcePackages/checkouts/GoogleSignIn-iOS/GoogleSignIn/Sources/GIDSignInInternalOptions.m -o /Users/xinyufang/Library/Developer/Xcode/DerivedData/Buzz-faillbpsmponqzeruhhvskovixzk/Build/Intermediates.noindex/GoogleSignIn.build/Debug-iphonesimulator/GoogleSignIn.build/Objects-normal/arm64/GIDSignInInternalOptions.o -index-unit-output-path /GoogleSignIn.build/Debug-iphonesimulator/GoogleSignIn.build/Objects-normal/arm64/GIDSignInInternalOptions.o

ScanDependencies /Users/xinyufang/Library/Developer/Xcode/DerivedData/Buzz-faillbpsmponqzeruhhvskovixzk/Build/Intermediates.noindex/GoogleSignIn.build/Debug-iphonesimulator/GoogleSignIn.build/Objects-normal/arm64/GIDSignInCallbackSchemes.o /Users/xinyufang/Library/Developer/Xcode/DerivedData/Buzz-faillbpsmponqzeruhhvskovixzk/SourcePackages/checkouts/GoogleSignIn-iOS/GoogleSignIn/Sources/GIDSignInCallbackSchemes.m normal arm64 objective-c com.apple.compilers.llvm.clang.1_0.compiler (in target 'GoogleSignIn' from project 'GoogleSignIn')
    cd /Users/xinyufang/Documents/Buzz/Buzz.xcodeproj
    
    Using response file: /Users/xinyufang/Library/Developer/Xcode/DerivedData/Buzz-faillbpsmponqzeruhhvskovixzk/Build/Intermediates.noindex/GoogleSignIn.build/Debug-iphonesimulator/GoogleSignIn.build/Objects-normal/arm64/e6072d4f65d7061329687fe24e3d63a7-common-args.resp
    
    builtin-ScanDependencies -o /Users/xinyufang/Library/Developer/Xcode/DerivedData/Buzz-faillbpsmponqzeruhhvskovixzk/Build/Intermediates.noindex/GoogleSignIn.build/Debug-iphonesimulator/GoogleSignIn.build/Objects-normal/arm64/GIDSignInCallbackSchemes.o.scan -- /Applications/Xcode.app/Contents/Developer/Toolchains/XcodeDefault.xctoolchain/usr/bin/clang -x objective-c -ivfsstatcache /Users/xinyufang/Library/Developer/Xcode/DerivedData/SDKStatCaches.noindex/iphonesimulator26.0-23A339-26257891a6c027eb51374368541b8346.sdkstatcache -fmessage-length\=0 -fdiagnostics-show-note-include-stack -fmacro-backtrace-limit\=0 -fno-color-diagnostics -fmodules-prune-interval\=86400 -fmodules-prune-after\=345600 -fbuild-session-file\=/Users/xinyufang/Library/Developer/Xcode/DerivedData/ModuleCache.noindex/Session.modulevalidation -fmodules-validate-once-per-build-session -Wnon-modular-include-in-framework-module -Werror\=non-modular-include-in-framework-module -Wno-trigraphs -Wno-missing-field-initializers -Wno-missing-prototypes -Wno-return-type -Wno-implicit-atomic-properties -Wno-objc-interface-ivars -Wno-arc-repeated-use-of-weak -Wno-missing-braces -Wparentheses -Wswitch -Wno-unused-function -Wno-unused-label -Wno-unused-parameter -Wno-unused-variable -Wunused-value -Wno-empty-body -Wno-uninitialized -Wno-unknown-pragmas -w -Wno-shadow -Wno-four-char-constants -Wno-conversion -Wno-constant-conversion -Wno-int-conversion -Wno-bool-conversion -Wno-enum-conversion -Wno-float-conversion -Wno-non-literal-null-conversion -Wno-objc-literal-conversion -Wshorten-64-to-32 -Wpointer-sign -Wno-newline-eof -Wno-selector -Wno-strict-selector-match -Wno-undeclared-selector -Wno-deprecated-implementations -Wno-implicit-fallthrough -fstrict-aliasing -Wprotocol -Wdeprecated-declarations -Wno-sign-conversion -Wno-infinite-recursion -Wno-comma -Wno-block-capture-autoreleasing -Wno-strict-prototypes -Wno-semicolon-before-method-body -index-store-path /Users/xinyufang/Library/Developer/Xcode/DerivedData/Buzz-faillbpsmponqzeruhhvskovixzk/Index.noindex/DataStore @/Users/xinyufang/Library/Developer/Xcode/DerivedData/Buzz-faillbpsmponqzeruhhvskovixzk/Build/Intermediates.noindex/GoogleSignIn.build/Debug-iphonesimulator/GoogleSignIn.build/Objects-normal/arm64/e6072d4f65d7061329687fe24e3d63a7-common-args.resp -include /Users/xinyufang/Library/Developer/Xcode/DerivedData/Buzz-faillbpsmponqzeruhhvskovixzk/Build/Intermediates.noindex/GoogleSignIn.build/Debug-iphonesimulator/GoogleSignIn.build/DerivedSources/resource_bundle_accessor.h -MMD -MT dependencies -MF /Users/xinyufang/Library/Developer/Xcode/DerivedData/Buzz-faillbpsmponqzeruhhvskovixzk/Build/Intermediates.noindex/GoogleSignIn.build/Debug-iphonesimulator/GoogleSignIn.build/Objects-normal/arm64/GIDSignInCallbackSchemes.d --serialize-diagnostics /Users/xinyufang/Library/Developer/Xcode/DerivedData/Buzz-faillbpsmponqzeruhhvskovixzk/Build/Intermediates.noindex/GoogleSignIn.build/Debug-iphonesimulator/GoogleSignIn.build/Objects-normal/arm64/GIDSignInCallbackSchemes.dia -c /Users/xinyufang/Library/Developer/Xcode/DerivedData/Buzz-faillbpsmponqzeruhhvskovixzk/SourcePackages/checkouts/GoogleSignIn-iOS/GoogleSignIn/Sources/GIDSignInCallbackSchemes.m -o /Users/xinyufang/Library/Developer/Xcode/DerivedData/Buzz-faillbpsmponqzeruhhvskovixzk/Build/Intermediates.noindex/GoogleSignIn.build/Debug-iphonesimulator/GoogleSignIn.build/Objects-normal/arm64/GIDSignInCallbackSchemes.o -index-unit-output-path /GoogleSignIn.build/Debug-iphonesimulator/GoogleSignIn.build/Objects-normal/arm64/GIDSignInCallbackSchemes.o

ScanDependencies /Users/xinyufang/Library/Developer/Xcode/DerivedData/Buzz-faillbpsmponqzeruhhvskovixzk/Build/Intermediates.noindex/GoogleSignIn.build/Debug-iphonesimulator/GoogleSignIn.build/Objects-normal/arm64/GIDSignInButton.o /Users/xinyufang/Library/Developer/Xcode/DerivedData/Buzz-faillbpsmponqzeruhhvskovixzk/SourcePackages/checkouts/GoogleSignIn-iOS/GoogleSignIn/Sources/GIDSignInButton.m normal arm64 objective-c com.apple.compilers.llvm.clang.1_0.compiler (in target 'GoogleSignIn' from project 'GoogleSignIn')
    cd /Users/xinyufang/Documents/Buzz/Buzz.xcodeproj
    
    Using response file: /Users/xinyufang/Library/Developer/Xcode/DerivedData/Buzz-faillbpsmponqzeruhhvskovixzk/Build/Intermediates.noindex/GoogleSignIn.build/Debug-iphonesimulator/GoogleSignIn.build/Objects-normal/arm64/e6072d4f65d7061329687fe24e3d63a7-common-args.resp
    
    builtin-ScanDependencies -o /Users/xinyufang/Library/Developer/Xcode/DerivedData/Buzz-faillbpsmponqzeruhhvskovixzk/Build/Intermediates.noindex/GoogleSignIn.build/Debug-iphonesimulator/GoogleSignIn.build/Objects-normal/arm64/GIDSignInButton.o.scan -- /Applications/Xcode.app/Contents/Developer/Toolchains/XcodeDefault.xctoolchain/usr/bin/clang -x objective-c -ivfsstatcache /Users/xinyufang/Library/Developer/Xcode/DerivedData/SDKStatCaches.noindex/iphonesimulator26.0-23A339-26257891a6c027eb51374368541b8346.sdkstatcache -fmessage-length\=0 -fdiagnostics-show-note-include-stack -fmacro-backtrace-limit\=0 -fno-color-diagnostics -fmodules-prune-interval\=86400 -fmodules-prune-after\=345600 -fbuild-session-file\=/Users/xinyufang/Library/Developer/Xcode/DerivedData/ModuleCache.noindex/Session.modulevalidation -fmodules-validate-once-per-build-session -Wnon-modular-include-in-framework-module -Werror\=non-modular-include-in-framework-module -Wno-trigraphs -Wno-missing-field-initializers -Wno-missing-prototypes -Wno-return-type -Wno-implicit-atomic-properties -Wno-objc-interface-ivars -Wno-arc-repeated-use-of-weak -Wno-missing-braces -Wparentheses -Wswitch -Wno-unused-function -Wno-unused-label -Wno-unused-parameter -Wno-unused-variable -Wunused-value -Wno-empty-body -Wno-uninitialized -Wno-unknown-pragmas -w -Wno-shadow -Wno-four-char-constants -Wno-conversion -Wno-constant-conversion -Wno-int-conversion -Wno-bool-conversion -Wno-enum-conversion -Wno-float-conversion -Wno-non-literal-null-conversion -Wno-objc-literal-conversion -Wshorten-64-to-32 -Wpointer-sign -Wno-newline-eof -Wno-selector -Wno-strict-selector-match -Wno-undeclared-selector -Wno-deprecated-implementations -Wno-implicit-fallthrough -fstrict-aliasing -Wprotocol -Wdeprecated-declarations -Wno-sign-conversion -Wno-infinite-recursion -Wno-comma -Wno-block-capture-autoreleasing -Wno-strict-prototypes -Wno-semicolon-before-method-body -index-store-path /Users/xinyufang/Library/Developer/Xcode/DerivedData/Buzz-faillbpsmponqzeruhhvskovixzk/Index.noindex/DataStore @/Users/xinyufang/Library/Developer/Xcode/DerivedData/Buzz-faillbpsmponqzeruhhvskovixzk/Build/Intermediates.noindex/GoogleSignIn.build/Debug-iphonesimulator/GoogleSignIn.build/Objects-normal/arm64/e6072d4f65d7061329687fe24e3d63a7-common-args.resp -include /Users/xinyufang/Library/Developer/Xcode/DerivedData/Buzz-faillbpsmponqzeruhhvskovixzk/Build/Intermediates.noindex/GoogleSignIn.build/Debug-iphonesimulator/GoogleSignIn.build/DerivedSources/resource_bundle_accessor.h -MMD -MT dependencies -MF /Users/xinyufang/Library/Developer/Xcode/DerivedData/Buzz-faillbpsmponqzeruhhvskovixzk/Build/Intermediates.noindex/GoogleSignIn.build/Debug-iphonesimulator/GoogleSignIn.build/Objects-normal/arm64/GIDSignInButton.d --serialize-diagnostics /Users/xinyufang/Library/Developer/Xcode/DerivedData/Buzz-faillbpsmponqzeruhhvskovixzk/Build/Intermediates.noindex/GoogleSignIn.build/Debug-iphonesimulator/GoogleSignIn.build/Objects-normal/arm64/GIDSignInButton.dia -c /Users/xinyufang/Library/Developer/Xcode/DerivedData/Buzz-faillbpsmponqzeruhhvskovixzk/SourcePackages/checkouts/GoogleSignIn-iOS/GoogleSignIn/Sources/GIDSignInButton.m -o /Users/xinyufang/Library/Developer/Xcode/DerivedData/Buzz-faillbpsmponqzeruhhvskovixzk/Build/Intermediates.noindex/GoogleSignIn.build/Debug-iphonesimulator/GoogleSignIn.build/Objects-normal/arm64/GIDSignInButton.o -index-unit-output-path /GoogleSignIn.build/Debug-iphonesimulator/GoogleSignIn.build/Objects-normal/arm64/GIDSignInButton.o

ScanDependencies /Users/xinyufang/Library/Developer/Xcode/DerivedData/Buzz-faillbpsmponqzeruhhvskovixzk/Build/Intermediates.noindex/GoogleSignIn.build/Debug-iphonesimulator/GoogleSignIn.build/Objects-normal/arm64/GIDSignIn.o /Users/xinyufang/Library/Developer/Xcode/DerivedData/Buzz-faillbpsmponqzeruhhvskovixzk/SourcePackages/checkouts/GoogleSignIn-iOS/GoogleSignIn/Sources/GIDSignIn.m normal arm64 objective-c com.apple.compilers.llvm.clang.1_0.compiler (in target 'GoogleSignIn' from project 'GoogleSignIn')
    cd /Users/xinyufang/Documents/Buzz/Buzz.xcodeproj
    
    Using response file: /Users/xinyufang/Library/Developer/Xcode/DerivedData/Buzz-faillbpsmponqzeruhhvskovixzk/Build/Intermediates.noindex/GoogleSignIn.build/Debug-iphonesimulator/GoogleSignIn.build/Objects-normal/arm64/e6072d4f65d7061329687fe24e3d63a7-common-args.resp
    
    builtin-ScanDependencies -o /Users/xinyufang/Library/Developer/Xcode/DerivedData/Buzz-faillbpsmponqzeruhhvskovixzk/Build/Intermediates.noindex/GoogleSignIn.build/Debug-iphonesimulator/GoogleSignIn.build/Objects-normal/arm64/GIDSignIn.o.scan -- /Applications/Xcode.app/Contents/Developer/Toolchains/XcodeDefault.xctoolchain/usr/bin/clang -x objective-c -ivfsstatcache /Users/xinyufang/Library/Developer/Xcode/DerivedData/SDKStatCaches.noindex/iphonesimulator26.0-23A339-26257891a6c027eb51374368541b8346.sdkstatcache -fmessage-length\=0 -fdiagnostics-show-note-include-stack -fmacro-backtrace-limit\=0 -fno-color-diagnostics -fmodules-prune-interval\=86400 -fmodules-prune-after\=345600 -fbuild-session-file\=/Users/xinyufang/Library/Developer/Xcode/DerivedData/ModuleCache.noindex/Session.modulevalidation -fmodules-validate-once-per-build-session -Wnon-modular-include-in-framework-module -Werror\=non-modular-include-in-framework-module -Wno-trigraphs -Wno-missing-field-initializers -Wno-missing-prototypes -Wno-return-type -Wno-implicit-atomic-properties -Wno-objc-interface-ivars -Wno-arc-repeated-use-of-weak -Wno-missing-braces -Wparentheses -Wswitch -Wno-unused-function -Wno-unused-label -Wno-unused-parameter -Wno-unused-variable -Wunused-value -Wno-empty-body -Wno-uninitialized -Wno-unknown-pragmas -w -Wno-shadow -Wno-four-char-constants -Wno-conversion -Wno-constant-conversion -Wno-int-conversion -Wno-bool-conversion -Wno-enum-conversion -Wno-float-conversion -Wno-non-literal-null-conversion -Wno-objc-literal-conversion -Wshorten-64-to-32 -Wpointer-sign -Wno-newline-eof -Wno-selector -Wno-strict-selector-match -Wno-undeclared-selector -Wno-deprecated-implementations -Wno-implicit-fallthrough -fstrict-aliasing -Wprotocol -Wdeprecated-declarations -Wno-sign-conversion -Wno-infinite-recursion -Wno-comma -Wno-block-capture-autoreleasing -Wno-strict-prototypes -Wno-semicolon-before-method-body -index-store-path /Users/xinyufang/Library/Developer/Xcode/DerivedData/Buzz-faillbpsmponqzeruhhvskovixzk/Index.noindex/DataStore @/Users/xinyufang/Library/Developer/Xcode/DerivedData/Buzz-faillbpsmponqzeruhhvskovixzk/Build/Intermediates.noindex/GoogleSignIn.build/Debug-iphonesimulator/GoogleSignIn.build/Objects-normal/arm64/e6072d4f65d7061329687fe24e3d63a7-common-args.resp -include /Users/xinyufang/Library/Developer/Xcode/DerivedData/Buzz-faillbpsmponqzeruhhvskovixzk/Build/Intermediates.noindex/GoogleSignIn.build/Debug-iphonesimulator/GoogleSignIn.build/DerivedSources/resource_bundle_accessor.h -MMD -MT dependencies -MF /Users/xinyufang/Library/Developer/Xcode/DerivedData/Buzz-faillbpsmponqzeruhhvskovixzk/Build/Intermediates.noindex/GoogleSignIn.build/Debug-iphonesimulator/GoogleSignIn.build/Objects-normal/arm64/GIDSignIn.d --serialize-diagnostics /Users/xinyufang/Library/Developer/Xcode/DerivedData/Buzz-faillbpsmponqzeruhhvskovixzk/Build/Intermediates.noindex/GoogleSignIn.build/Debug-iphonesimulator/GoogleSignIn.build/Objects-normal/arm64/GIDSignIn.dia -c /Users/xinyufang/Library/Developer/Xcode/DerivedData/Buzz-faillbpsmponqzeruhhvskovixzk/SourcePackages/checkouts/GoogleSignIn-iOS/GoogleSignIn/Sources/GIDSignIn.m -o /Users/xinyufang/Library/Developer/Xcode/DerivedData/Buzz-faillbpsmponqzeruhhvskovixzk/Build/Intermediates.noindex/GoogleSignIn.build/Debug-iphonesimulator/GoogleSignIn.build/Objects-normal/arm64/GIDSignIn.o -index-unit-output-path /GoogleSignIn.build/Debug-iphonesimulator/GoogleSignIn.build/Objects-normal/arm64/GIDSignIn.o

ScanDependencies /Users/xinyufang/Library/Developer/Xcode/DerivedData/Buzz-faillbpsmponqzeruhhvskovixzk/Build/Intermediates.noindex/GoogleSignIn.build/Debug-iphonesimulator/GoogleSignIn.build/Objects-normal/arm64/GIDScopes.o /Users/xinyufang/Library/Developer/Xcode/DerivedData/Buzz-faillbpsmponqzeruhhvskovixzk/SourcePackages/checkouts/GoogleSignIn-iOS/GoogleSignIn/Sources/GIDScopes.m normal arm64 objective-c com.apple.compilers.llvm.clang.1_0.compiler (in target 'GoogleSignIn' from project 'GoogleSignIn')
    cd /Users/xinyufang/Documents/Buzz/Buzz.xcodeproj
    
    Using response file: /Users/xinyufang/Library/Developer/Xcode/DerivedData/Buzz-faillbpsmponqzeruhhvskovixzk/Build/Intermediates.noindex/GoogleSignIn.build/Debug-iphonesimulator/GoogleSignIn.build/Objects-normal/arm64/e6072d4f65d7061329687fe24e3d63a7-common-args.resp
    
    builtin-ScanDependencies -o /Users/xinyufang/Library/Developer/Xcode/DerivedData/Buzz-faillbpsmponqzeruhhvskovixzk/Build/Intermediates.noindex/GoogleSignIn.build/Debug-iphonesimulator/GoogleSignIn.build/Objects-normal/arm64/GIDScopes.o.scan -- /Applications/Xcode.app/Contents/Developer/Toolchains/XcodeDefault.xctoolchain/usr/bin/clang -x objective-c -ivfsstatcache /Users/xinyufang/Library/Developer/Xcode/DerivedData/SDKStatCaches.noindex/iphonesimulator26.0-23A339-26257891a6c027eb51374368541b8346.sdkstatcache -fmessage-length\=0 -fdiagnostics-show-note-include-stack -fmacro-backtrace-limit\=0 -fno-color-diagnostics -fmodules-prune-interval\=86400 -fmodules-prune-after\=345600 -fbuild-session-file\=/Users/xinyufang/Library/Developer/Xcode/DerivedData/ModuleCache.noindex/Session.modulevalidation -fmodules-validate-once-per-build-session -Wnon-modular-include-in-framework-module -Werror\=non-modular-include-in-framework-module -Wno-trigraphs -Wno-missing-field-initializers -Wno-missing-prototypes -Wno-return-type -Wno-implicit-atomic-properties -Wno-objc-interface-ivars -Wno-arc-repeated-use-of-weak -Wno-missing-braces -Wparentheses -Wswitch -Wno-unused-function -Wno-unused-label -Wno-unused-parameter -Wno-unused-variable -Wunused-value -Wno-empty-body -Wno-uninitialized -Wno-unknown-pragmas -w -Wno-shadow -Wno-four-char-constants -Wno-conversion -Wno-constant-conversion -Wno-int-conversion -Wno-bool-conversion -Wno-enum-conversion -Wno-float-conversion -Wno-non-literal-null-conversion -Wno-objc-literal-conversion -Wshorten-64-to-32 -Wpointer-sign -Wno-newline-eof -Wno-selector -Wno-strict-selector-match -Wno-undeclared-selector -Wno-deprecated-implementations -Wno-implicit-fallthrough -fstrict-aliasing -Wprotocol -Wdeprecated-declarations -Wno-sign-conversion -Wno-infinite-recursion -Wno-comma -Wno-block-capture-autoreleasing -Wno-strict-prototypes -Wno-semicolon-before-method-body -index-store-path /Users/xinyufang/Library/Developer/Xcode/DerivedData/Buzz-faillbpsmponqzeruhhvskovixzk/Index.noindex/DataStore @/Users/xinyufang/Library/Developer/Xcode/DerivedData/Buzz-faillbpsmponqzeruhhvskovixzk/Build/Intermediates.noindex/GoogleSignIn.build/Debug-iphonesimulator/GoogleSignIn.build/Objects-normal/arm64/e6072d4f65d7061329687fe24e3d63a7-common-args.resp -include /Users/xinyufang/Library/Developer/Xcode/DerivedData/Buzz-faillbpsmponqzeruhhvskovixzk/Build/Intermediates.noindex/GoogleSignIn.build/Debug-iphonesimulator/GoogleSignIn.build/DerivedSources/resource_bundle_accessor.h -MMD -MT dependencies -MF /Users/xinyufang/Library/Developer/Xcode/DerivedData/Buzz-faillbpsmponqzeruhhvskovixzk/Build/Intermediates.noindex/GoogleSignIn.build/Debug-iphonesimulator/GoogleSignIn.build/Objects-normal/arm64/GIDScopes.d --serialize-diagnostics /Users/xinyufang/Library/Developer/Xcode/DerivedData/Buzz-faillbpsmponqzeruhhvskovixzk/Build/Intermediates.noindex/GoogleSignIn.build/Debug-iphonesimulator/GoogleSignIn.build/Objects-normal/arm64/GIDScopes.dia -c /Users/xinyufang/Library/Developer/Xcode/DerivedData/Buzz-faillbpsmponqzeruhhvskovixzk/SourcePackages/checkouts/GoogleSignIn-iOS/GoogleSignIn/Sources/GIDScopes.m -o /Users/xinyufang/Library/Developer/Xcode/DerivedData/Buzz-faillbpsmponqzeruhhvskovixzk/Build/Intermediates.noindex/GoogleSignIn.build/Debug-iphonesimulator/GoogleSignIn.build/Objects-normal/arm64/GIDScopes.o -index-unit-output-path /GoogleSignIn.build/Debug-iphonesimulator/GoogleSignIn.build/Objects-normal/arm64/GIDScopes.o

ScanDependencies /Users/xinyufang/Library/Developer/Xcode/DerivedData/Buzz-faillbpsmponqzeruhhvskovixzk/Build/Intermediates.noindex/GoogleSignIn.build/Debug-iphonesimulator/GoogleSignIn.build/Objects-normal/arm64/GIDProfileData.o /Users/xinyufang/Library/Developer/Xcode/DerivedData/Buzz-faillbpsmponqzeruhhvskovixzk/SourcePackages/checkouts/GoogleSignIn-iOS/GoogleSignIn/Sources/GIDProfileData.m normal arm64 objective-c com.apple.compilers.llvm.clang.1_0.compiler (in target 'GoogleSignIn' from project 'GoogleSignIn')
    cd /Users/xinyufang/Documents/Buzz/Buzz.xcodeproj
    
    Using response file: /Users/xinyufang/Library/Developer/Xcode/DerivedData/Buzz-faillbpsmponqzeruhhvskovixzk/Build/Intermediates.noindex/GoogleSignIn.build/Debug-iphonesimulator/GoogleSignIn.build/Objects-normal/arm64/e6072d4f65d7061329687fe24e3d63a7-common-args.resp
    
    builtin-ScanDependencies -o /Users/xinyufang/Library/Developer/Xcode/DerivedData/Buzz-faillbpsmponqzeruhhvskovixzk/Build/Intermediates.noindex/GoogleSignIn.build/Debug-iphonesimulator/GoogleSignIn.build/Objects-normal/arm64/GIDProfileData.o.scan -- /Applications/Xcode.app/Contents/Developer/Toolchains/XcodeDefault.xctoolchain/usr/bin/clang -x objective-c -ivfsstatcache /Users/xinyufang/Library/Developer/Xcode/DerivedData/SDKStatCaches.noindex/iphonesimulator26.0-23A339-26257891a6c027eb51374368541b8346.sdkstatcache -fmessage-length\=0 -fdiagnostics-show-note-include-stack -fmacro-backtrace-limit\=0 -fno-color-diagnostics -fmodules-prune-interval\=86400 -fmodules-prune-after\=345600 -fbuild-session-file\=/Users/xinyufang/Library/Developer/Xcode/DerivedData/ModuleCache.noindex/Session.modulevalidation -fmodules-validate-once-per-build-session -Wnon-modular-include-in-framework-module -Werror\=non-modular-include-in-framework-module -Wno-trigraphs -Wno-missing-field-initializers -Wno-missing-prototypes -Wno-return-type -Wno-implicit-atomic-properties -Wno-objc-interface-ivars -Wno-arc-repeated-use-of-weak -Wno-missing-braces -Wparentheses -Wswitch -Wno-unused-function -Wno-unused-label -Wno-unused-parameter -Wno-unused-variable -Wunused-value -Wno-empty-body -Wno-uninitialized -Wno-unknown-pragmas -w -Wno-shadow -Wno-four-char-constants -Wno-conversion -Wno-constant-conversion -Wno-int-conversion -Wno-bool-conversion -Wno-enum-conversion -Wno-float-conversion -Wno-non-literal-null-conversion -Wno-objc-literal-conversion -Wshorten-64-to-32 -Wpointer-sign -Wno-newline-eof -Wno-selector -Wno-strict-selector-match -Wno-undeclared-selector -Wno-deprecated-implementations -Wno-implicit-fallthrough -fstrict-aliasing -Wprotocol -Wdeprecated-declarations -Wno-sign-conversion -Wno-infinite-recursion -Wno-comma -Wno-block-capture-autoreleasing -Wno-strict-prototypes -Wno-semicolon-before-method-body -index-store-path /Users/xinyufang/Library/Developer/Xcode/DerivedData/Buzz-faillbpsmponqzeruhhvskovixzk/Index.noindex/DataStore @/Users/xinyufang/Library/Developer/Xcode/DerivedData/Buzz-faillbpsmponqzeruhhvskovixzk/Build/Intermediates.noindex/GoogleSignIn.build/Debug-iphonesimulator/GoogleSignIn.build/Objects-normal/arm64/e6072d4f65d7061329687fe24e3d63a7-common-args.resp -include /Users/xinyufang/Library/Developer/Xcode/DerivedData/Buzz-faillbpsmponqzeruhhvskovixzk/Build/Intermediates.noindex/GoogleSignIn.build/Debug-iphonesimulator/GoogleSignIn.build/DerivedSources/resource_bundle_accessor.h -MMD -MT dependencies -MF /Users/xinyufang/Library/Developer/Xcode/DerivedData/Buzz-faillbpsmponqzeruhhvskovixzk/Build/Intermediates.noindex/GoogleSignIn.build/Debug-iphonesimulator/GoogleSignIn.build/Objects-normal/arm64/GIDProfileData.d --serialize-diagnostics /Users/xinyufang/Library/Developer/Xcode/DerivedData/Buzz-faillbpsmponqzeruhhvskovixzk/Build/Intermediates.noindex/GoogleSignIn.build/Debug-iphonesimulator/GoogleSignIn.build/Objects-normal/arm64/GIDProfileData.dia -c /Users/xinyufang/Library/Developer/Xcode/DerivedData/Buzz-faillbpsmponqzeruhhvskovixzk/SourcePackages/checkouts/GoogleSignIn-iOS/GoogleSignIn/Sources/GIDProfileData.m -o /Users/xinyufang/Library/Developer/Xcode/DerivedData/Buzz-faillbpsmponqzeruhhvskovixzk/Build/Intermediates.noindex/GoogleSignIn.build/Debug-iphonesimulator/GoogleSignIn.build/Objects-normal/arm64/GIDProfileData.o -index-unit-output-path /GoogleSignIn.build/Debug-iphonesimulator/GoogleSignIn.build/Objects-normal/arm64/GIDProfileData.o

ScanDependencies /Users/xinyufang/Library/Developer/Xcode/DerivedData/Buzz-faillbpsmponqzeruhhvskovixzk/Build/Intermediates.noindex/GoogleSignIn.build/Debug-iphonesimulator/GoogleSignIn.build/Objects-normal/arm64/GIDMDMPasscodeState.o /Users/xinyufang/Library/Developer/Xcode/DerivedData/Buzz-faillbpsmponqzeruhhvskovixzk/SourcePackages/checkouts/GoogleSignIn-iOS/GoogleSignIn/Sources/GIDMDMPasscodeState.m normal arm64 objective-c com.apple.compilers.llvm.clang.1_0.compiler (in target 'GoogleSignIn' from project 'GoogleSignIn')
    cd /Users/xinyufang/Documents/Buzz/Buzz.xcodeproj
    
    Using response file: /Users/xinyufang/Library/Developer/Xcode/DerivedData/Buzz-faillbpsmponqzeruhhvskovixzk/Build/Intermediates.noindex/GoogleSignIn.build/Debug-iphonesimulator/GoogleSignIn.build/Objects-normal/arm64/e6072d4f65d7061329687fe24e3d63a7-common-args.resp
    
    builtin-ScanDependencies -o /Users/xinyufang/Library/Developer/Xcode/DerivedData/Buzz-faillbpsmponqzeruhhvskovixzk/Build/Intermediates.noindex/GoogleSignIn.build/Debug-iphonesimulator/GoogleSignIn.build/Objects-normal/arm64/GIDMDMPasscodeState.o.scan -- /Applications/Xcode.app/Contents/Developer/Toolchains/XcodeDefault.xctoolchain/usr/bin/clang -x objective-c -ivfsstatcache /Users/xinyufang/Library/Developer/Xcode/DerivedData/SDKStatCaches.noindex/iphonesimulator26.0-23A339-26257891a6c027eb51374368541b8346.sdkstatcache -fmessage-length\=0 -fdiagnostics-show-note-include-stack -fmacro-backtrace-limit\=0 -fno-color-diagnostics -fmodules-prune-interval\=86400 -fmodules-prune-after\=345600 -fbuild-session-file\=/Users/xinyufang/Library/Developer/Xcode/DerivedData/ModuleCache.noindex/Session.modulevalidation -fmodules-validate-once-per-build-session -Wnon-modular-include-in-framework-module -Werror\=non-modular-include-in-framework-module -Wno-trigraphs -Wno-missing-field-initializers -Wno-missing-prototypes -Wno-return-type -Wno-implicit-atomic-properties -Wno-objc-interface-ivars -Wno-arc-repeated-use-of-weak -Wno-missing-braces -Wparentheses -Wswitch -Wno-unused-function -Wno-unused-label -Wno-unused-parameter -Wno-unused-variable -Wunused-value -Wno-empty-body -Wno-uninitialized -Wno-unknown-pragmas -w -Wno-shadow -Wno-four-char-constants -Wno-conversion -Wno-constant-conversion -Wno-int-conversion -Wno-bool-conversion -Wno-enum-conversion -Wno-float-conversion -Wno-non-literal-null-conversion -Wno-objc-literal-conversion -Wshorten-64-to-32 -Wpointer-sign -Wno-newline-eof -Wno-selector -Wno-strict-selector-match -Wno-undeclared-selector -Wno-deprecated-implementations -Wno-implicit-fallthrough -fstrict-aliasing -Wprotocol -Wdeprecated-declarations -Wno-sign-conversion -Wno-infinite-recursion -Wno-comma -Wno-block-capture-autoreleasing -Wno-strict-prototypes -Wno-semicolon-before-method-body -index-store-path /Users/xinyufang/Library/Developer/Xcode/DerivedData/Buzz-faillbpsmponqzeruhhvskovixzk/Index.noindex/DataStore @/Users/xinyufang/Library/Developer/Xcode/DerivedData/Buzz-faillbpsmponqzeruhhvskovixzk/Build/Intermediates.noindex/GoogleSignIn.build/Debug-iphonesimulator/GoogleSignIn.build/Objects-normal/arm64/e6072d4f65d7061329687fe24e3d63a7-common-args.resp -include /Users/xinyufang/Library/Developer/Xcode/DerivedData/Buzz-faillbpsmponqzeruhhvskovixzk/Build/Intermediates.noindex/GoogleSignIn.build/Debug-iphonesimulator/GoogleSignIn.build/DerivedSources/resource_bundle_accessor.h -MMD -MT dependencies -MF /Users/xinyufang/Library/Developer/Xcode/DerivedData/Buzz-faillbpsmponqzeruhhvskovixzk/Build/Intermediates.noindex/GoogleSignIn.build/Debug-iphonesimulator/GoogleSignIn.build/Objects-normal/arm64/GIDMDMPasscodeState.d --serialize-diagnostics /Users/xinyufang/Library/Developer/Xcode/DerivedData/Buzz-faillbpsmponqzeruhhvskovixzk/Build/Intermediates.noindex/GoogleSignIn.build/Debug-iphonesimulator/GoogleSignIn.build/Objects-normal/arm64/GIDMDMPasscodeState.dia -c /Users/xinyufang/Library/Developer/Xcode/DerivedData/Buzz-faillbpsmponqzeruhhvskovixzk/SourcePackages/checkouts/GoogleSignIn-iOS/GoogleSignIn/Sources/GIDMDMPasscodeState.m -o /Users/xinyufang/Library/Developer/Xcode/DerivedData/Buzz-faillbpsmponqzeruhhvskovixzk/Build/Intermediates.noindex/GoogleSignIn.build/Debug-iphonesimulator/GoogleSignIn.build/Objects-normal/arm64/GIDMDMPasscodeState.o -index-unit-output-path /GoogleSignIn.build/Debug-iphonesimulator/GoogleSignIn.build/Objects-normal/arm64/GIDMDMPasscodeState.o

PrecompileModule /Users/xinyufang/Library/Developer/Xcode/DerivedData/Buzz-faillbpsmponqzeruhhvskovixzk/Build/Intermediates.noindex/ExplicitPrecompiledModules/_DarwinFoundation1-51NVYW21RY720U2C0BCFP2EB5.scan
    cd /
    builtin-precompileModule /Users/xinyufang/Library/Developer/Xcode/DerivedData/Buzz-faillbpsmponqzeruhhvskovixzk/Build/Intermediates.noindex/ExplicitPrecompiledModules/_DarwinFoundation1-51NVYW21RY720U2C0BCFP2EB5.scan

ScanDependencies /Users/xinyufang/Library/Developer/Xcode/DerivedData/Buzz-faillbpsmponqzeruhhvskovixzk/Build/Intermediates.noindex/GoogleSignIn.build/Debug-iphonesimulator/GoogleSignIn.build/Objects-normal/arm64/GIDMDMPasscodeCache.o /Users/xinyufang/Library/Developer/Xcode/DerivedData/Buzz-faillbpsmponqzeruhhvskovixzk/SourcePackages/checkouts/GoogleSignIn-iOS/GoogleSignIn/Sources/GIDMDMPasscodeCache.m normal arm64 objective-c com.apple.compilers.llvm.clang.1_0.compiler (in target 'GoogleSignIn' from project 'GoogleSignIn')
    cd /Users/xinyufang/Documents/Buzz/Buzz.xcodeproj
    
    Using response file: /Users/xinyufang/Library/Developer/Xcode/DerivedData/Buzz-faillbpsmponqzeruhhvskovixzk/Build/Intermediates.noindex/GoogleSignIn.build/Debug-iphonesimulator/GoogleSignIn.build/Objects-normal/arm64/e6072d4f65d7061329687fe24e3d63a7-common-args.resp
    
    builtin-ScanDependencies -o /Users/xinyufang/Library/Developer/Xcode/DerivedData/Buzz-faillbpsmponqzeruhhvskovixzk/Build/Intermediates.noindex/GoogleSignIn.build/Debug-iphonesimulator/GoogleSignIn.build/Objects-normal/arm64/GIDMDMPasscodeCache.o.scan -- /Applications/Xcode.app/Contents/Developer/Toolchains/XcodeDefault.xctoolchain/usr/bin/clang -x objective-c -ivfsstatcache /Users/xinyufang/Library/Developer/Xcode/DerivedData/SDKStatCaches.noindex/iphonesimulator26.0-23A339-26257891a6c027eb51374368541b8346.sdkstatcache -fmessage-length\=0 -fdiagnostics-show-note-include-stack -fmacro-backtrace-limit\=0 -fno-color-diagnostics -fmodules-prune-interval\=86400 -fmodules-prune-after\=345600 -fbuild-session-file\=/Users/xinyufang/Library/Developer/Xcode/DerivedData/ModuleCache.noindex/Session.modulevalidation -fmodules-validate-once-per-build-session -Wnon-modular-include-in-framework-module -Werror\=non-modular-include-in-framework-module -Wno-trigraphs -Wno-missing-field-initializers -Wno-missing-prototypes -Wno-return-type -Wno-implicit-atomic-properties -Wno-objc-interface-ivars -Wno-arc-repeated-use-of-weak -Wno-missing-braces -Wparentheses -Wswitch -Wno-unused-function -Wno-unused-label -Wno-unused-parameter -Wno-unused-variable -Wunused-value -Wno-empty-body -Wno-uninitialized -Wno-unknown-pragmas -w -Wno-shadow -Wno-four-char-constants -Wno-conversion -Wno-constant-conversion -Wno-int-conversion -Wno-bool-conversion -Wno-enum-conversion -Wno-float-conversion -Wno-non-literal-null-conversion -Wno-objc-literal-conversion -Wshorten-64-to-32 -Wpointer-sign -Wno-newline-eof -Wno-selector -Wno-strict-selector-match -Wno-undeclared-selector -Wno-deprecated-implementations -Wno-implicit-fallthrough -fstrict-aliasing -Wprotocol -Wdeprecated-declarations -Wno-sign-conversion -Wno-infinite-recursion -Wno-comma -Wno-block-capture-autoreleasing -Wno-strict-prototypes -Wno-semicolon-before-method-body -index-store-path /Users/xinyufang/Library/Developer/Xcode/DerivedData/Buzz-faillbpsmponqzeruhhvskovixzk/Index.noindex/DataStore @/Users/xinyufang/Library/Developer/Xcode/DerivedData/Buzz-faillbpsmponqzeruhhvskovixzk/Build/Intermediates.noindex/GoogleSignIn.build/Debug-iphonesimulator/GoogleSignIn.build/Objects-normal/arm64/e6072d4f65d7061329687fe24e3d63a7-common-args.resp -include /Users/xinyufang/Library/Developer/Xcode/DerivedData/Buzz-faillbpsmponqzeruhhvskovixzk/Build/Intermediates.noindex/GoogleSignIn.build/Debug-iphonesimulator/GoogleSignIn.build/DerivedSources/resource_bundle_accessor.h -MMD -MT dependencies -MF /Users/xinyufang/Library/Developer/Xcode/DerivedData/Buzz-faillbpsmponqzeruhhvskovixzk/Build/Intermediates.noindex/GoogleSignIn.build/Debug-iphonesimulator/GoogleSignIn.build/Objects-normal/arm64/GIDMDMPasscodeCache.d --serialize-diagnostics /Users/xinyufang/Library/Developer/Xcode/DerivedData/Buzz-faillbpsmponqzeruhhvskovixzk/Build/Intermediates.noindex/GoogleSignIn.build/Debug-iphonesimulator/GoogleSignIn.build/Objects-normal/arm64/GIDMDMPasscodeCache.dia -c /Users/xinyufang/Library/Developer/Xcode/DerivedData/Buzz-faillbpsmponqzeruhhvskovixzk/SourcePackages/checkouts/GoogleSignIn-iOS/GoogleSignIn/Sources/GIDMDMPasscodeCache.m -o /Users/xinyufang/Library/Developer/Xcode/DerivedData/Buzz-faillbpsmponqzeruhhvskovixzk/Build/Intermediates.noindex/GoogleSignIn.build/Debug-iphonesimulator/GoogleSignIn.build/Objects-normal/arm64/GIDMDMPasscodeCache.o -index-unit-output-path /GoogleSignIn.build/Debug-iphonesimulator/GoogleSignIn.build/Objects-normal/arm64/GIDMDMPasscodeCache.o

ScanDependencies /Users/xinyufang/Library/Developer/Xcode/DerivedData/Buzz-faillbpsmponqzeruhhvskovixzk/Build/Intermediates.noindex/GoogleSignIn.build/Debug-iphonesimulator/GoogleSignIn.build/Objects-normal/arm64/GIDGoogleUser.o /Users/xinyufang/Library/Developer/Xcode/DerivedData/Buzz-faillbpsmponqzeruhhvskovixzk/SourcePackages/checkouts/GoogleSignIn-iOS/GoogleSignIn/Sources/GIDGoogleUser.m normal arm64 objective-c com.apple.compilers.llvm.clang.1_0.compiler (in target 'GoogleSignIn' from project 'GoogleSignIn')
    cd /Users/xinyufang/Documents/Buzz/Buzz.xcodeproj
    
    Using response file: /Users/xinyufang/Library/Developer/Xcode/DerivedData/Buzz-faillbpsmponqzeruhhvskovixzk/Build/Intermediates.noindex/GoogleSignIn.build/Debug-iphonesimulator/GoogleSignIn.build/Objects-normal/arm64/e6072d4f65d7061329687fe24e3d63a7-common-args.resp
    
    builtin-ScanDependencies -o /Users/xinyufang/Library/Developer/Xcode/DerivedData/Buzz-faillbpsmponqzeruhhvskovixzk/Build/Intermediates.noindex/GoogleSignIn.build/Debug-iphonesimulator/GoogleSignIn.build/Objects-normal/arm64/GIDGoogleUser.o.scan -- /Applications/Xcode.app/Contents/Developer/Toolchains/XcodeDefault.xctoolchain/usr/bin/clang -x objective-c -ivfsstatcache /Users/xinyufang/Library/Developer/Xcode/DerivedData/SDKStatCaches.noindex/iphonesimulator26.0-23A339-26257891a6c027eb51374368541b8346.sdkstatcache -fmessage-length\=0 -fdiagnostics-show-note-include-stack -fmacro-backtrace-limit\=0 -fno-color-diagnostics -fmodules-prune-interval\=86400 -fmodules-prune-after\=345600 -fbuild-session-file\=/Users/xinyufang/Library/Developer/Xcode/DerivedData/ModuleCache.noindex/Session.modulevalidation -fmodules-validate-once-per-build-session -Wnon-modular-include-in-framework-module -Werror\=non-modular-include-in-framework-module -Wno-trigraphs -Wno-missing-field-initializers -Wno-missing-prototypes -Wno-return-type -Wno-implicit-atomic-properties -Wno-objc-interface-ivars -Wno-arc-repeated-use-of-weak -Wno-missing-braces -Wparentheses -Wswitch -Wno-unused-function -Wno-unused-label -Wno-unused-parameter -Wno-unused-variable -Wunused-value -Wno-empty-body -Wno-uninitialized -Wno-unknown-pragmas -w -Wno-shadow -Wno-four-char-constants -Wno-conversion -Wno-constant-conversion -Wno-int-conversion -Wno-bool-conversion -Wno-enum-conversion -Wno-float-conversion -Wno-non-literal-null-conversion -Wno-objc-literal-conversion -Wshorten-64-to-32 -Wpointer-sign -Wno-newline-eof -Wno-selector -Wno-strict-selector-match -Wno-undeclared-selector -Wno-deprecated-implementations -Wno-implicit-fallthrough -fstrict-aliasing -Wprotocol -Wdeprecated-declarations -Wno-sign-conversion -Wno-infinite-recursion -Wno-comma -Wno-block-capture-autoreleasing -Wno-strict-prototypes -Wno-semicolon-before-method-body -index-store-path /Users/xinyufang/Library/Developer/Xcode/DerivedData/Buzz-faillbpsmponqzeruhhvskovixzk/Index.noindex/DataStore @/Users/xinyufang/Library/Developer/Xcode/DerivedData/Buzz-faillbpsmponqzeruhhvskovixzk/Build/Intermediates.noindex/GoogleSignIn.build/Debug-iphonesimulator/GoogleSignIn.build/Objects-normal/arm64/e6072d4f65d7061329687fe24e3d63a7-common-args.resp -include /Users/xinyufang/Library/Developer/Xcode/DerivedData/Buzz-faillbpsmponqzeruhhvskovixzk/Build/Intermediates.noindex/GoogleSignIn.build/Debug-iphonesimulator/GoogleSignIn.build/DerivedSources/resource_bundle_accessor.h -MMD -MT dependencies -MF /Users/xinyufang/Library/Developer/Xcode/DerivedData/Buzz-faillbpsmponqzeruhhvskovixzk/Build/Intermediates.noindex/GoogleSignIn.build/Debug-iphonesimulator/GoogleSignIn.build/Objects-normal/arm64/GIDGoogleUser.d --serialize-diagnostics /Users/xinyufang/Library/Developer/Xcode/DerivedData/Buzz-faillbpsmponqzeruhhvskovixzk/Build/Intermediates.noindex/GoogleSignIn.build/Debug-iphonesimulator/GoogleSignIn.build/Objects-normal/arm64/GIDGoogleUser.dia -c /Users/xinyufang/Library/Developer/Xcode/DerivedData/Buzz-faillbpsmponqzeruhhvskovixzk/SourcePackages/checkouts/GoogleSignIn-iOS/GoogleSignIn/Sources/GIDGoogleUser.m -o /Users/xinyufang/Library/Developer/Xcode/DerivedData/Buzz-faillbpsmponqzeruhhvskovixzk/Build/Intermediates.noindex/GoogleSignIn.build/Debug-iphonesimulator/GoogleSignIn.build/Objects-normal/arm64/GIDGoogleUser.o -index-unit-output-path /GoogleSignIn.build/Debug-iphonesimulator/GoogleSignIn.build/Objects-normal/arm64/GIDGoogleUser.o

ScanDependencies /Users/xinyufang/Library/Developer/Xcode/DerivedData/Buzz-faillbpsmponqzeruhhvskovixzk/Build/Intermediates.noindex/GoogleSignIn.build/Debug-iphonesimulator/GoogleSignIn.build/Objects-normal/arm64/GIDFakeAuthStateMigration.o /Users/xinyufang/Library/Developer/Xcode/DerivedData/Buzz-faillbpsmponqzeruhhvskovixzk/SourcePackages/checkouts/GoogleSignIn-iOS/GoogleSignIn/Sources/GIDAuthStateMigration/Fake/GIDFakeAuthStateMigration.m normal arm64 objective-c com.apple.compilers.llvm.clang.1_0.compiler (in target 'GoogleSignIn' from project 'GoogleSignIn')
    cd /Users/xinyufang/Documents/Buzz/Buzz.xcodeproj
    
    Using response file: /Users/xinyufang/Library/Developer/Xcode/DerivedData/Buzz-faillbpsmponqzeruhhvskovixzk/Build/Intermediates.noindex/GoogleSignIn.build/Debug-iphonesimulator/GoogleSignIn.build/Objects-normal/arm64/e6072d4f65d7061329687fe24e3d63a7-common-args.resp
    
    builtin-ScanDependencies -o /Users/xinyufang/Library/Developer/Xcode/DerivedData/Buzz-faillbpsmponqzeruhhvskovixzk/Build/Intermediates.noindex/GoogleSignIn.build/Debug-iphonesimulator/GoogleSignIn.build/Objects-normal/arm64/GIDFakeAuthStateMigration.o.scan -- /Applications/Xcode.app/Contents/Developer/Toolchains/XcodeDefault.xctoolchain/usr/bin/clang -x objective-c -ivfsstatcache /Users/xinyufang/Library/Developer/Xcode/DerivedData/SDKStatCaches.noindex/iphonesimulator26.0-23A339-26257891a6c027eb51374368541b8346.sdkstatcache -fmessage-length\=0 -fdiagnostics-show-note-include-stack -fmacro-backtrace-limit\=0 -fno-color-diagnostics -fmodules-prune-interval\=86400 -fmodules-prune-after\=345600 -fbuild-session-file\=/Users/xinyufang/Library/Developer/Xcode/DerivedData/ModuleCache.noindex/Session.modulevalidation -fmodules-validate-once-per-build-session -Wnon-modular-include-in-framework-module -Werror\=non-modular-include-in-framework-module -Wno-trigraphs -Wno-missing-field-initializers -Wno-missing-prototypes -Wno-return-type -Wno-implicit-atomic-properties -Wno-objc-interface-ivars -Wno-arc-repeated-use-of-weak -Wno-missing-braces -Wparentheses -Wswitch -Wno-unused-function -Wno-unused-label -Wno-unused-parameter -Wno-unused-variable -Wunused-value -Wno-empty-body -Wno-uninitialized -Wno-unknown-pragmas -w -Wno-shadow -Wno-four-char-constants -Wno-conversion -Wno-constant-conversion -Wno-int-conversion -Wno-bool-conversion -Wno-enum-conversion -Wno-float-conversion -Wno-non-literal-null-conversion -Wno-objc-literal-conversion -Wshorten-64-to-32 -Wpointer-sign -Wno-newline-eof -Wno-selector -Wno-strict-selector-match -Wno-undeclared-selector -Wno-deprecated-implementations -Wno-implicit-fallthrough -fstrict-aliasing -Wprotocol -Wdeprecated-declarations -Wno-sign-conversion -Wno-infinite-recursion -Wno-comma -Wno-block-capture-autoreleasing -Wno-strict-prototypes -Wno-semicolon-before-method-body -index-store-path /Users/xinyufang/Library/Developer/Xcode/DerivedData/Buzz-faillbpsmponqzeruhhvskovixzk/Index.noindex/DataStore @/Users/xinyufang/Library/Developer/Xcode/DerivedData/Buzz-faillbpsmponqzeruhhvskovixzk/Build/Intermediates.noindex/GoogleSignIn.build/Debug-iphonesimulator/GoogleSignIn.build/Objects-normal/arm64/e6072d4f65d7061329687fe24e3d63a7-common-args.resp -include /Users/xinyufang/Library/Developer/Xcode/DerivedData/Buzz-faillbpsmponqzeruhhvskovixzk/Build/Intermediates.noindex/GoogleSignIn.build/Debug-iphonesimulator/GoogleSignIn.build/DerivedSources/resource_bundle_accessor.h -MMD -MT dependencies -MF /Users/xinyufang/Library/Developer/Xcode/DerivedData/Buzz-faillbpsmponqzeruhhvskovixzk/Build/Intermediates.noindex/GoogleSignIn.build/Debug-iphonesimulator/GoogleSignIn.build/Objects-normal/arm64/GIDFakeAuthStateMigration.d --serialize-diagnostics /Users/xinyufang/Library/Developer/Xcode/DerivedData/Buzz-faillbpsmponqzeruhhvskovixzk/Build/Intermediates.noindex/GoogleSignIn.build/Debug-iphonesimulator/GoogleSignIn.build/Objects-normal/arm64/GIDFakeAuthStateMigration.dia -c /Users/xinyufang/Library/Developer/Xcode/DerivedData/Buzz-faillbpsmponqzeruhhvskovixzk/SourcePackages/checkouts/GoogleSignIn-iOS/GoogleSignIn/Sources/GIDAuthStateMigration/Fake/GIDFakeAuthStateMigration.m -o /Users/xinyufang/Library/Developer/Xcode/DerivedData/Buzz-faillbpsmponqzeruhhvskovixzk/Build/Intermediates.noindex/GoogleSignIn.build/Debug-iphonesimulator/GoogleSignIn.build/Objects-normal/arm64/GIDFakeAuthStateMigration.o -index-unit-output-path /GoogleSignIn.build/Debug-iphonesimulator/GoogleSignIn.build/Objects-normal/arm64/GIDFakeAuthStateMigration.o

PrecompileModule /Users/xinyufang/Library/Developer/Xcode/DerivedData/Buzz-faillbpsmponqzeruhhvskovixzk/Build/Intermediates.noindex/ExplicitPrecompiledModules/_Builtin_limits-9JVTUXLHO18EFO9DQDMK44X67.scan
    cd /
    builtin-precompileModule /Users/xinyufang/Library/Developer/Xcode/DerivedData/Buzz-faillbpsmponqzeruhhvskovixzk/Build/Intermediates.noindex/ExplicitPrecompiledModules/_Builtin_limits-9JVTUXLHO18EFO9DQDMK44X67.scan

PrecompileModule /Users/xinyufang/Library/Developer/Xcode/DerivedData/Buzz-faillbpsmponqzeruhhvskovixzk/Build/Intermediates.noindex/ExplicitPrecompiledModules/_DarwinFoundation2-6BC19NXDLG9VFOK9QOY5SB677.scan
    cd /
    builtin-precompileModule /Users/xinyufang/Library/Developer/Xcode/DerivedData/Buzz-faillbpsmponqzeruhhvskovixzk/Build/Intermediates.noindex/ExplicitPrecompiledModules/_DarwinFoundation2-6BC19NXDLG9VFOK9QOY5SB677.scan

ScanDependencies /Users/xinyufang/Library/Developer/Xcode/DerivedData/Buzz-faillbpsmponqzeruhhvskovixzk/Build/Intermediates.noindex/GoogleSignIn.build/Debug-iphonesimulator/GoogleSignIn.build/Objects-normal/arm64/GIDEMMSupport.o /Users/xinyufang/Library/Developer/Xcode/DerivedData/Buzz-faillbpsmponqzeruhhvskovixzk/SourcePackages/checkouts/GoogleSignIn-iOS/GoogleSignIn/Sources/GIDEMMSupport.m normal arm64 objective-c com.apple.compilers.llvm.clang.1_0.compiler (in target 'GoogleSignIn' from project 'GoogleSignIn')
    cd /Users/xinyufang/Documents/Buzz/Buzz.xcodeproj
    
    Using response file: /Users/xinyufang/Library/Developer/Xcode/DerivedData/Buzz-faillbpsmponqzeruhhvskovixzk/Build/Intermediates.noindex/GoogleSignIn.build/Debug-iphonesimulator/GoogleSignIn.build/Objects-normal/arm64/e6072d4f65d7061329687fe24e3d63a7-common-args.resp
    
    builtin-ScanDependencies -o /Users/xinyufang/Library/Developer/Xcode/DerivedData/Buzz-faillbpsmponqzeruhhvskovixzk/Build/Intermediates.noindex/GoogleSignIn.build/Debug-iphonesimulator/GoogleSignIn.build/Objects-normal/arm64/GIDEMMSupport.o.scan -- /Applications/Xcode.app/Contents/Developer/Toolchains/XcodeDefault.xctoolchain/usr/bin/clang -x objective-c -ivfsstatcache /Users/xinyufang/Library/Developer/Xcode/DerivedData/SDKStatCaches.noindex/iphonesimulator26.0-23A339-26257891a6c027eb51374368541b8346.sdkstatcache -fmessage-length\=0 -fdiagnostics-show-note-include-stack -fmacro-backtrace-limit\=0 -fno-color-diagnostics -fmodules-prune-interval\=86400 -fmodules-prune-after\=345600 -fbuild-session-file\=/Users/xinyufang/Library/Developer/Xcode/DerivedData/ModuleCache.noindex/Session.modulevalidation -fmodules-validate-once-per-build-session -Wnon-modular-include-in-framework-module -Werror\=non-modular-include-in-framework-module -Wno-trigraphs -Wno-missing-field-initializers -Wno-missing-prototypes -Wno-return-type -Wno-implicit-atomic-properties -Wno-objc-interface-ivars -Wno-arc-repeated-use-of-weak -Wno-missing-braces -Wparentheses -Wswitch -Wno-unused-function -Wno-unused-label -Wno-unused-parameter -Wno-unused-variable -Wunused-value -Wno-empty-body -Wno-uninitialized -Wno-unknown-pragmas -w -Wno-shadow -Wno-four-char-constants -Wno-conversion -Wno-constant-conversion -Wno-int-conversion -Wno-bool-conversion -Wno-enum-conversion -Wno-float-conversion -Wno-non-literal-null-conversion -Wno-objc-literal-conversion -Wshorten-64-to-32 -Wpointer-sign -Wno-newline-eof -Wno-selector -Wno-strict-selector-match -Wno-undeclared-selector -Wno-deprecated-implementations -Wno-implicit-fallthrough -fstrict-aliasing -Wprotocol -Wdeprecated-declarations -Wno-sign-conversion -Wno-infinite-recursion -Wno-comma -Wno-block-capture-autoreleasing -Wno-strict-prototypes -Wno-semicolon-before-method-body -index-store-path /Users/xinyufang/Library/Developer/Xcode/DerivedData/Buzz-faillbpsmponqzeruhhvskovixzk/Index.noindex/DataStore @/Users/xinyufang/Library/Developer/Xcode/DerivedData/Buzz-faillbpsmponqzeruhhvskovixzk/Build/Intermediates.noindex/GoogleSignIn.build/Debug-iphonesimulator/GoogleSignIn.build/Objects-normal/arm64/e6072d4f65d7061329687fe24e3d63a7-common-args.resp -include /Users/xinyufang/Library/Developer/Xcode/DerivedData/Buzz-faillbpsmponqzeruhhvskovixzk/Build/Intermediates.noindex/GoogleSignIn.build/Debug-iphonesimulator/GoogleSignIn.build/DerivedSources/resource_bundle_accessor.h -MMD -MT dependencies -MF /Users/xinyufang/Library/Developer/Xcode/DerivedData/Buzz-faillbpsmponqzeruhhvskovixzk/Build/Intermediates.noindex/GoogleSignIn.build/Debug-iphonesimulator/GoogleSignIn.build/Objects-normal/arm64/GIDEMMSupport.d --serialize-diagnostics /Users/xinyufang/Library/Developer/Xcode/DerivedData/Buzz-faillbpsmponqzeruhhvskovixzk/Build/Intermediates.noindex/GoogleSignIn.build/Debug-iphonesimulator/GoogleSignIn.build/Objects-normal/arm64/GIDEMMSupport.dia -c /Users/xinyufang/Library/Developer/Xcode/DerivedData/Buzz-faillbpsmponqzeruhhvskovixzk/SourcePackages/checkouts/GoogleSignIn-iOS/GoogleSignIn/Sources/GIDEMMSupport.m -o /Users/xinyufang/Library/Developer/Xcode/DerivedData/Buzz-faillbpsmponqzeruhhvskovixzk/Build/Intermediates.noindex/GoogleSignIn.build/Debug-iphonesimulator/GoogleSignIn.build/Objects-normal/arm64/GIDEMMSupport.o -index-unit-output-path /GoogleSignIn.build/Debug-iphonesimulator/GoogleSignIn.build/Objects-normal/arm64/GIDEMMSupport.o

ScanDependencies /Users/xinyufang/Library/Developer/Xcode/DerivedData/Buzz-faillbpsmponqzeruhhvskovixzk/Build/Intermediates.noindex/GoogleSignIn.build/Debug-iphonesimulator/GoogleSignIn.build/Objects-normal/arm64/GIDEMMErrorHandler.o /Users/xinyufang/Library/Developer/Xcode/DerivedData/Buzz-faillbpsmponqzeruhhvskovixzk/SourcePackages/checkouts/GoogleSignIn-iOS/GoogleSignIn/Sources/GIDEMMErrorHandler.m normal arm64 objective-c com.apple.compilers.llvm.clang.1_0.compiler (in target 'GoogleSignIn' from project 'GoogleSignIn')
    cd /Users/xinyufang/Documents/Buzz/Buzz.xcodeproj
    
    Using response file: /Users/xinyufang/Library/Developer/Xcode/DerivedData/Buzz-faillbpsmponqzeruhhvskovixzk/Build/Intermediates.noindex/GoogleSignIn.build/Debug-iphonesimulator/GoogleSignIn.build/Objects-normal/arm64/e6072d4f65d7061329687fe24e3d63a7-common-args.resp
    
    builtin-ScanDependencies -o /Users/xinyufang/Library/Developer/Xcode/DerivedData/Buzz-faillbpsmponqzeruhhvskovixzk/Build/Intermediates.noindex/GoogleSignIn.build/Debug-iphonesimulator/GoogleSignIn.build/Objects-normal/arm64/GIDEMMErrorHandler.o.scan -- /Applications/Xcode.app/Contents/Developer/Toolchains/XcodeDefault.xctoolchain/usr/bin/clang -x objective-c -ivfsstatcache /Users/xinyufang/Library/Developer/Xcode/DerivedData/SDKStatCaches.noindex/iphonesimulator26.0-23A339-26257891a6c027eb51374368541b8346.sdkstatcache -fmessage-length\=0 -fdiagnostics-show-note-include-stack -fmacro-backtrace-limit\=0 -fno-color-diagnostics -fmodules-prune-interval\=86400 -fmodules-prune-after\=345600 -fbuild-session-file\=/Users/xinyufang/Library/Developer/Xcode/DerivedData/ModuleCache.noindex/Session.modulevalidation -fmodules-validate-once-per-build-session -Wnon-modular-include-in-framework-module -Werror\=non-modular-include-in-framework-module -Wno-trigraphs -Wno-missing-field-initializers -Wno-missing-prototypes -Wno-return-type -Wno-implicit-atomic-properties -Wno-objc-interface-ivars -Wno-arc-repeated-use-of-weak -Wno-missing-braces -Wparentheses -Wswitch -Wno-unused-function -Wno-unused-label -Wno-unused-parameter -Wno-unused-variable -Wunused-value -Wno-empty-body -Wno-uninitialized -Wno-unknown-pragmas -w -Wno-shadow -Wno-four-char-constants -Wno-conversion -Wno-constant-conversion -Wno-int-conversion -Wno-bool-conversion -Wno-enum-conversion -Wno-float-conversion -Wno-non-literal-null-conversion -Wno-objc-literal-conversion -Wshorten-64-to-32 -Wpointer-sign -Wno-newline-eof -Wno-selector -Wno-strict-selector-match -Wno-undeclared-selector -Wno-deprecated-implementations -Wno-implicit-fallthrough -fstrict-aliasing -Wprotocol -Wdeprecated-declarations -Wno-sign-conversion -Wno-infinite-recursion -Wno-comma -Wno-block-capture-autoreleasing -Wno-strict-prototypes -Wno-semicolon-before-method-body -index-store-path /Users/xinyufang/Library/Developer/Xcode/DerivedData/Buzz-faillbpsmponqzeruhhvskovixzk/Index.noindex/DataStore @/Users/xinyufang/Library/Developer/Xcode/DerivedData/Buzz-faillbpsmponqzeruhhvskovixzk/Build/Intermediates.noindex/GoogleSignIn.build/Debug-iphonesimulator/GoogleSignIn.build/Objects-normal/arm64/e6072d4f65d7061329687fe24e3d63a7-common-args.resp -include /Users/xinyufang/Library/Developer/Xcode/DerivedData/Buzz-faillbpsmponqzeruhhvskovixzk/Build/Intermediates.noindex/GoogleSignIn.build/Debug-iphonesimulator/GoogleSignIn.build/DerivedSources/resource_bundle_accessor.h -MMD -MT dependencies -MF /Users/xinyufang/Library/Developer/Xcode/DerivedData/Buzz-faillbpsmponqzeruhhvskovixzk/Build/Intermediates.noindex/GoogleSignIn.build/Debug-iphonesimulator/GoogleSignIn.build/Objects-normal/arm64/GIDEMMErrorHandler.d --serialize-diagnostics /Users/xinyufang/Library/Developer/Xcode/DerivedData/Buzz-faillbpsmponqzeruhhvskovixzk/Build/Intermediates.noindex/GoogleSignIn.build/Debug-iphonesimulator/GoogleSignIn.build/Objects-normal/arm64/GIDEMMErrorHandler.dia -c /Users/xinyufang/Library/Developer/Xcode/DerivedData/Buzz-faillbpsmponqzeruhhvskovixzk/SourcePackages/checkouts/GoogleSignIn-iOS/GoogleSignIn/Sources/GIDEMMErrorHandler.m -o /Users/xinyufang/Library/Developer/Xcode/DerivedData/Buzz-faillbpsmponqzeruhhvskovixzk/Build/Intermediates.noindex/GoogleSignIn.build/Debug-iphonesimulator/GoogleSignIn.build/Objects-normal/arm64/GIDEMMErrorHandler.o -index-unit-output-path /GoogleSignIn.build/Debug-iphonesimulator/GoogleSignIn.build/Objects-normal/arm64/GIDEMMErrorHandler.o

ScanDependencies /Users/xinyufang/Library/Developer/Xcode/DerivedData/Buzz-faillbpsmponqzeruhhvskovixzk/Build/Intermediates.noindex/GoogleSignIn.build/Debug-iphonesimulator/GoogleSignIn.build/Objects-normal/arm64/GIDConfiguration.o /Users/xinyufang/Library/Developer/Xcode/DerivedData/Buzz-faillbpsmponqzeruhhvskovixzk/SourcePackages/checkouts/GoogleSignIn-iOS/GoogleSignIn/Sources/GIDConfiguration.m normal arm64 objective-c com.apple.compilers.llvm.clang.1_0.compiler (in target 'GoogleSignIn' from project 'GoogleSignIn')
    cd /Users/xinyufang/Documents/Buzz/Buzz.xcodeproj
    
    Using response file: /Users/xinyufang/Library/Developer/Xcode/DerivedData/Buzz-faillbpsmponqzeruhhvskovixzk/Build/Intermediates.noindex/GoogleSignIn.build/Debug-iphonesimulator/GoogleSignIn.build/Objects-normal/arm64/e6072d4f65d7061329687fe24e3d63a7-common-args.resp
    
    builtin-ScanDependencies -o /Users/xinyufang/Library/Developer/Xcode/DerivedData/Buzz-faillbpsmponqzeruhhvskovixzk/Build/Intermediates.noindex/GoogleSignIn.build/Debug-iphonesimulator/GoogleSignIn.build/Objects-normal/arm64/GIDConfiguration.o.scan -- /Applications/Xcode.app/Contents/Developer/Toolchains/XcodeDefault.xctoolchain/usr/bin/clang -x objective-c -ivfsstatcache /Users/xinyufang/Library/Developer/Xcode/DerivedData/SDKStatCaches.noindex/iphonesimulator26.0-23A339-26257891a6c027eb51374368541b8346.sdkstatcache -fmessage-length\=0 -fdiagnostics-show-note-include-stack -fmacro-backtrace-limit\=0 -fno-color-diagnostics -fmodules-prune-interval\=86400 -fmodules-prune-after\=345600 -fbuild-session-file\=/Users/xinyufang/Library/Developer/Xcode/DerivedData/ModuleCache.noindex/Session.modulevalidation -fmodules-validate-once-per-build-session -Wnon-modular-include-in-framework-module -Werror\=non-modular-include-in-framework-module -Wno-trigraphs -Wno-missing-field-initializers -Wno-missing-prototypes -Wno-return-type -Wno-implicit-atomic-properties -Wno-objc-interface-ivars -Wno-arc-repeated-use-of-weak -Wno-missing-braces -Wparentheses -Wswitch -Wno-unused-function -Wno-unused-label -Wno-unused-parameter -Wno-unused-variable -Wunused-value -Wno-empty-body -Wno-uninitialized -Wno-unknown-pragmas -w -Wno-shadow -Wno-four-char-constants -Wno-conversion -Wno-constant-conversion -Wno-int-conversion -Wno-bool-conversion -Wno-enum-conversion -Wno-float-conversion -Wno-non-literal-null-conversion -Wno-objc-literal-conversion -Wshorten-64-to-32 -Wpointer-sign -Wno-newline-eof -Wno-selector -Wno-strict-selector-match -Wno-undeclared-selector -Wno-deprecated-implementations -Wno-implicit-fallthrough -fstrict-aliasing -Wprotocol -Wdeprecated-declarations -Wno-sign-conversion -Wno-infinite-recursion -Wno-comma -Wno-block-capture-autoreleasing -Wno-strict-prototypes -Wno-semicolon-before-method-body -index-store-path /Users/xinyufang/Library/Developer/Xcode/DerivedData/Buzz-faillbpsmponqzeruhhvskovixzk/Index.noindex/DataStore @/Users/xinyufang/Library/Developer/Xcode/DerivedData/Buzz-faillbpsmponqzeruhhvskovixzk/Build/Intermediates.noindex/GoogleSignIn.build/Debug-iphonesimulator/GoogleSignIn.build/Objects-normal/arm64/e6072d4f65d7061329687fe24e3d63a7-common-args.resp -include /Users/xinyufang/Library/Developer/Xcode/DerivedData/Buzz-faillbpsmponqzeruhhvskovixzk/Build/Intermediates.noindex/GoogleSignIn.build/Debug-iphonesimulator/GoogleSignIn.build/DerivedSources/resource_bundle_accessor.h -MMD -MT dependencies -MF /Users/xinyufang/Library/Developer/Xcode/DerivedData/Buzz-faillbpsmponqzeruhhvskovixzk/Build/Intermediates.noindex/GoogleSignIn.build/Debug-iphonesimulator/GoogleSignIn.build/Objects-normal/arm64/GIDConfiguration.d --serialize-diagnostics /Users/xinyufang/Library/Developer/Xcode/DerivedData/Buzz-faillbpsmponqzeruhhvskovixzk/Build/Intermediates.noindex/GoogleSignIn.build/Debug-iphonesimulator/GoogleSignIn.build/Objects-normal/arm64/GIDConfiguration.dia -c /Users/xinyufang/Library/Developer/Xcode/DerivedData/Buzz-faillbpsmponqzeruhhvskovixzk/SourcePackages/checkouts/GoogleSignIn-iOS/GoogleSignIn/Sources/GIDConfiguration.m -o /Users/xinyufang/Library/Developer/Xcode/DerivedData/Buzz-faillbpsmponqzeruhhvskovixzk/Build/Intermediates.noindex/GoogleSignIn.build/Debug-iphonesimulator/GoogleSignIn.build/Objects-normal/arm64/GIDConfiguration.o -index-unit-output-path /GoogleSignIn.build/Debug-iphonesimulator/GoogleSignIn.build/Objects-normal/arm64/GIDConfiguration.o

ScanDependencies /Users/xinyufang/Library/Developer/Xcode/DerivedData/Buzz-faillbpsmponqzeruhhvskovixzk/Build/Intermediates.noindex/GoogleSignIn.build/Debug-iphonesimulator/GoogleSignIn.build/Objects-normal/arm64/GIDCallbackQueue.o /Users/xinyufang/Library/Developer/Xcode/DerivedData/Buzz-faillbpsmponqzeruhhvskovixzk/SourcePackages/checkouts/GoogleSignIn-iOS/GoogleSignIn/Sources/GIDCallbackQueue.m normal arm64 objective-c com.apple.compilers.llvm.clang.1_0.compiler (in target 'GoogleSignIn' from project 'GoogleSignIn')
    cd /Users/xinyufang/Documents/Buzz/Buzz.xcodeproj
    
    Using response file: /Users/xinyufang/Library/Developer/Xcode/DerivedData/Buzz-faillbpsmponqzeruhhvskovixzk/Build/Intermediates.noindex/GoogleSignIn.build/Debug-iphonesimulator/GoogleSignIn.build/Objects-normal/arm64/e6072d4f65d7061329687fe24e3d63a7-common-args.resp
    
    builtin-ScanDependencies -o /Users/xinyufang/Library/Developer/Xcode/DerivedData/Buzz-faillbpsmponqzeruhhvskovixzk/Build/Intermediates.noindex/GoogleSignIn.build/Debug-iphonesimulator/GoogleSignIn.build/Objects-normal/arm64/GIDCallbackQueue.o.scan -- /Applications/Xcode.app/Contents/Developer/Toolchains/XcodeDefault.xctoolchain/usr/bin/clang -x objective-c -ivfsstatcache /Users/xinyufang/Library/Developer/Xcode/DerivedData/SDKStatCaches.noindex/iphonesimulator26.0-23A339-26257891a6c027eb51374368541b8346.sdkstatcache -fmessage-length\=0 -fdiagnostics-show-note-include-stack -fmacro-backtrace-limit\=0 -fno-color-diagnostics -fmodules-prune-interval\=86400 -fmodules-prune-after\=345600 -fbuild-session-file\=/Users/xinyufang/Library/Developer/Xcode/DerivedData/ModuleCache.noindex/Session.modulevalidation -fmodules-validate-once-per-build-session -Wnon-modular-include-in-framework-module -Werror\=non-modular-include-in-framework-module -Wno-trigraphs -Wno-missing-field-initializers -Wno-missing-prototypes -Wno-return-type -Wno-implicit-atomic-properties -Wno-objc-interface-ivars -Wno-arc-repeated-use-of-weak -Wno-missing-braces -Wparentheses -Wswitch -Wno-unused-function -Wno-unused-label -Wno-unused-parameter -Wno-unused-variable -Wunused-value -Wno-empty-body -Wno-uninitialized -Wno-unknown-pragmas -w -Wno-shadow -Wno-four-char-constants -Wno-conversion -Wno-constant-conversion -Wno-int-conversion -Wno-bool-conversion -Wno-enum-conversion -Wno-float-conversion -Wno-non-literal-null-conversion -Wno-objc-literal-conversion -Wshorten-64-to-32 -Wpointer-sign -Wno-newline-eof -Wno-selector -Wno-strict-selector-match -Wno-undeclared-selector -Wno-deprecated-implementations -Wno-implicit-fallthrough -fstrict-aliasing -Wprotocol -Wdeprecated-declarations -Wno-sign-conversion -Wno-infinite-recursion -Wno-comma -Wno-block-capture-autoreleasing -Wno-strict-prototypes -Wno-semicolon-before-method-body -index-store-path /Users/xinyufang/Library/Developer/Xcode/DerivedData/Buzz-faillbpsmponqzeruhhvskovixzk/Index.noindex/DataStore @/Users/xinyufang/Library/Developer/Xcode/DerivedData/Buzz-faillbpsmponqzeruhhvskovixzk/Build/Intermediates.noindex/GoogleSignIn.build/Debug-iphonesimulator/GoogleSignIn.build/Objects-normal/arm64/e6072d4f65d7061329687fe24e3d63a7-common-args.resp -include /Users/xinyufang/Library/Developer/Xcode/DerivedData/Buzz-faillbpsmponqzeruhhvskovixzk/Build/Intermediates.noindex/GoogleSignIn.build/Debug-iphonesimulator/GoogleSignIn.build/DerivedSources/resource_bundle_accessor.h -MMD -MT dependencies -MF /Users/xinyufang/Library/Developer/Xcode/DerivedData/Buzz-faillbpsmponqzeruhhvskovixzk/Build/Intermediates.noindex/GoogleSignIn.build/Debug-iphonesimulator/GoogleSignIn.build/Objects-normal/arm64/GIDCallbackQueue.d --serialize-diagnostics /Users/xinyufang/Library/Developer/Xcode/DerivedData/Buzz-faillbpsmponqzeruhhvskovixzk/Build/Intermediates.noindex/GoogleSignIn.build/Debug-iphonesimulator/GoogleSignIn.build/Objects-normal/arm64/GIDCallbackQueue.dia -c /Users/xinyufang/Library/Developer/Xcode/DerivedData/Buzz-faillbpsmponqzeruhhvskovixzk/SourcePackages/checkouts/GoogleSignIn-iOS/GoogleSignIn/Sources/GIDCallbackQueue.m -o /Users/xinyufang/Library/Developer/Xcode/DerivedData/Buzz-faillbpsmponqzeruhhvskovixzk/Build/Intermediates.noindex/GoogleSignIn.build/Debug-iphonesimulator/GoogleSignIn.build/Objects-normal/arm64/GIDCallbackQueue.o -index-unit-output-path /GoogleSignIn.build/Debug-iphonesimulator/GoogleSignIn.build/Objects-normal/arm64/GIDCallbackQueue.o

ScanDependencies /Users/xinyufang/Library/Developer/Xcode/DerivedData/Buzz-faillbpsmponqzeruhhvskovixzk/Build/Intermediates.noindex/GoogleSignIn.build/Debug-iphonesimulator/GoogleSignIn.build/Objects-normal/arm64/GIDAuthentication.o /Users/xinyufang/Library/Developer/Xcode/DerivedData/Buzz-faillbpsmponqzeruhhvskovixzk/SourcePackages/checkouts/GoogleSignIn-iOS/GoogleSignIn/Sources/GIDAuthentication.m normal arm64 objective-c com.apple.compilers.llvm.clang.1_0.compiler (in target 'GoogleSignIn' from project 'GoogleSignIn')
    cd /Users/xinyufang/Documents/Buzz/Buzz.xcodeproj
    
    Using response file: /Users/xinyufang/Library/Developer/Xcode/DerivedData/Buzz-faillbpsmponqzeruhhvskovixzk/Build/Intermediates.noindex/GoogleSignIn.build/Debug-iphonesimulator/GoogleSignIn.build/Objects-normal/arm64/e6072d4f65d7061329687fe24e3d63a7-common-args.resp
    
    builtin-ScanDependencies -o /Users/xinyufang/Library/Developer/Xcode/DerivedData/Buzz-faillbpsmponqzeruhhvskovixzk/Build/Intermediates.noindex/GoogleSignIn.build/Debug-iphonesimulator/GoogleSignIn.build/Objects-normal/arm64/GIDAuthentication.o.scan -- /Applications/Xcode.app/Contents/Developer/Toolchains/XcodeDefault.xctoolchain/usr/bin/clang -x objective-c -ivfsstatcache /Users/xinyufang/Library/Developer/Xcode/DerivedData/SDKStatCaches.noindex/iphonesimulator26.0-23A339-26257891a6c027eb51374368541b8346.sdkstatcache -fmessage-length\=0 -fdiagnostics-show-note-include-stack -fmacro-backtrace-limit\=0 -fno-color-diagnostics -fmodules-prune-interval\=86400 -fmodules-prune-after\=345600 -fbuild-session-file\=/Users/xinyufang/Library/Developer/Xcode/DerivedData/ModuleCache.noindex/Session.modulevalidation -fmodules-validate-once-per-build-session -Wnon-modular-include-in-framework-module -Werror\=non-modular-include-in-framework-module -Wno-trigraphs -Wno-missing-field-initializers -Wno-missing-prototypes -Wno-return-type -Wno-implicit-atomic-properties -Wno-objc-interface-ivars -Wno-arc-repeated-use-of-weak -Wno-missing-braces -Wparentheses -Wswitch -Wno-unused-function -Wno-unused-label -Wno-unused-parameter -Wno-unused-variable -Wunused-value -Wno-empty-body -Wno-uninitialized -Wno-unknown-pragmas -w -Wno-shadow -Wno-four-char-constants -Wno-conversion -Wno-constant-conversion -Wno-int-conversion -Wno-bool-conversion -Wno-enum-conversion -Wno-float-conversion -Wno-non-literal-null-conversion -Wno-objc-literal-conversion -Wshorten-64-to-32 -Wpointer-sign -Wno-newline-eof -Wno-selector -Wno-strict-selector-match -Wno-undeclared-selector -Wno-deprecated-implementations -Wno-implicit-fallthrough -fstrict-aliasing -Wprotocol -Wdeprecated-declarations -Wno-sign-conversion -Wno-infinite-recursion -Wno-comma -Wno-block-capture-autoreleasing -Wno-strict-prototypes -Wno-semicolon-before-method-body -index-store-path /Users/xinyufang/Library/Developer/Xcode/DerivedData/Buzz-faillbpsmponqzeruhhvskovixzk/Index.noindex/DataStore @/Users/xinyufang/Library/Developer/Xcode/DerivedData/Buzz-faillbpsmponqzeruhhvskovixzk/Build/Intermediates.noindex/GoogleSignIn.build/Debug-iphonesimulator/GoogleSignIn.build/Objects-normal/arm64/e6072d4f65d7061329687fe24e3d63a7-common-args.resp -include /Users/xinyufang/Library/Developer/Xcode/DerivedData/Buzz-faillbpsmponqzeruhhvskovixzk/Build/Intermediates.noindex/GoogleSignIn.build/Debug-iphonesimulator/GoogleSignIn.build/DerivedSources/resource_bundle_accessor.h -MMD -MT dependencies -MF /Users/xinyufang/Library/Developer/Xcode/DerivedData/Buzz-faillbpsmponqzeruhhvskovixzk/Build/Intermediates.noindex/GoogleSignIn.build/Debug-iphonesimulator/GoogleSignIn.build/Objects-normal/arm64/GIDAuthentication.d --serialize-diagnostics /Users/xinyufang/Library/Developer/Xcode/DerivedData/Buzz-faillbpsmponqzeruhhvskovixzk/Build/Intermediates.noindex/GoogleSignIn.build/Debug-iphonesimulator/GoogleSignIn.build/Objects-normal/arm64/GIDAuthentication.dia -c /Users/xinyufang/Library/Developer/Xcode/DerivedData/Buzz-faillbpsmponqzeruhhvskovixzk/SourcePackages/checkouts/GoogleSignIn-iOS/GoogleSignIn/Sources/GIDAuthentication.m -o /Users/xinyufang/Library/Developer/Xcode/DerivedData/Buzz-faillbpsmponqzeruhhvskovixzk/Build/Intermediates.noindex/GoogleSignIn.build/Debug-iphonesimulator/GoogleSignIn.build/Objects-normal/arm64/GIDAuthentication.o -index-unit-output-path /GoogleSignIn.build/Debug-iphonesimulator/GoogleSignIn.build/Objects-normal/arm64/GIDAuthentication.o

ScanDependencies /Users/xinyufang/Library/Developer/Xcode/DerivedData/Buzz-faillbpsmponqzeruhhvskovixzk/Build/Intermediates.noindex/GoogleSignIn.build/Debug-iphonesimulator/GoogleSignIn.build/Objects-normal/arm64/GIDAuthStateMigration.o /Users/xinyufang/Library/Developer/Xcode/DerivedData/Buzz-faillbpsmponqzeruhhvskovixzk/SourcePackages/checkouts/GoogleSignIn-iOS/GoogleSignIn/Sources/GIDAuthStateMigration/Implementation/GIDAuthStateMigration.m normal arm64 objective-c com.apple.compilers.llvm.clang.1_0.compiler (in target 'GoogleSignIn' from project 'GoogleSignIn')
    cd /Users/xinyufang/Documents/Buzz/Buzz.xcodeproj
    
    Using response file: /Users/xinyufang/Library/Developer/Xcode/DerivedData/Buzz-faillbpsmponqzeruhhvskovixzk/Build/Intermediates.noindex/GoogleSignIn.build/Debug-iphonesimulator/GoogleSignIn.build/Objects-normal/arm64/e6072d4f65d7061329687fe24e3d63a7-common-args.resp
    
    builtin-ScanDependencies -o /Users/xinyufang/Library/Developer/Xcode/DerivedData/Buzz-faillbpsmponqzeruhhvskovixzk/Build/Intermediates.noindex/GoogleSignIn.build/Debug-iphonesimulator/GoogleSignIn.build/Objects-normal/arm64/GIDAuthStateMigration.o.scan -- /Applications/Xcode.app/Contents/Developer/Toolchains/XcodeDefault.xctoolchain/usr/bin/clang -x objective-c -ivfsstatcache /Users/xinyufang/Library/Developer/Xcode/DerivedData/SDKStatCaches.noindex/iphonesimulator26.0-23A339-26257891a6c027eb51374368541b8346.sdkstatcache -fmessage-length\=0 -fdiagnostics-show-note-include-stack -fmacro-backtrace-limit\=0 -fno-color-diagnostics -fmodules-prune-interval\=86400 -fmodules-prune-after\=345600 -fbuild-session-file\=/Users/xinyufang/Library/Developer/Xcode/DerivedData/ModuleCache.noindex/Session.modulevalidation -fmodules-validate-once-per-build-session -Wnon-modular-include-in-framework-module -Werror\=non-modular-include-in-framework-module -Wno-trigraphs -Wno-missing-field-initializers -Wno-missing-prototypes -Wno-return-type -Wno-implicit-atomic-properties -Wno-objc-interface-ivars -Wno-arc-repeated-use-of-weak -Wno-missing-braces -Wparentheses -Wswitch -Wno-unused-function -Wno-unused-label -Wno-unused-parameter -Wno-unused-variable -Wunused-value -Wno-empty-body -Wno-uninitialized -Wno-unknown-pragmas -w -Wno-shadow -Wno-four-char-constants -Wno-conversion -Wno-constant-conversion -Wno-int-conversion -Wno-bool-conversion -Wno-enum-conversion -Wno-float-conversion -Wno-non-literal-null-conversion -Wno-objc-literal-conversion -Wshorten-64-to-32 -Wpointer-sign -Wno-newline-eof -Wno-selector -Wno-strict-selector-match -Wno-undeclared-selector -Wno-deprecated-implementations -Wno-implicit-fallthrough -fstrict-aliasing -Wprotocol -Wdeprecated-declarations -Wno-sign-conversion -Wno-infinite-recursion -Wno-comma -Wno-block-capture-autoreleasing -Wno-strict-prototypes -Wno-semicolon-before-method-body -index-store-path /Users/xinyufang/Library/Developer/Xcode/DerivedData/Buzz-faillbpsmponqzeruhhvskovixzk/Index.noindex/DataStore @/Users/xinyufang/Library/Developer/Xcode/DerivedData/Buzz-faillbpsmponqzeruhhvskovixzk/Build/Intermediates.noindex/GoogleSignIn.build/Debug-iphonesimulator/GoogleSignIn.build/Objects-normal/arm64/e6072d4f65d7061329687fe24e3d63a7-common-args.resp -include /Users/xinyufang/Library/Developer/Xcode/DerivedData/Buzz-faillbpsmponqzeruhhvskovixzk/Build/Intermediates.noindex/GoogleSignIn.build/Debug-iphonesimulator/GoogleSignIn.build/DerivedSources/resource_bundle_accessor.h -MMD -MT dependencies -MF /Users/xinyufang/Library/Developer/Xcode/DerivedData/Buzz-faillbpsmponqzeruhhvskovixzk/Build/Intermediates.noindex/GoogleSignIn.build/Debug-iphonesimulator/GoogleSignIn.build/Objects-normal/arm64/GIDAuthStateMigration.d --serialize-diagnostics /Users/xinyufang/Library/Developer/Xcode/DerivedData/Buzz-faillbpsmponqzeruhhvskovixzk/Build/Intermediates.noindex/GoogleSignIn.build/Debug-iphonesimulator/GoogleSignIn.build/Objects-normal/arm64/GIDAuthStateMigration.dia -c /Users/xinyufang/Library/Developer/Xcode/DerivedData/Buzz-faillbpsmponqzeruhhvskovixzk/SourcePackages/checkouts/GoogleSignIn-iOS/GoogleSignIn/Sources/GIDAuthStateMigration/Implementation/GIDAuthStateMigration.m -o /Users/xinyufang/Library/Developer/Xcode/DerivedData/Buzz-faillbpsmponqzeruhhvskovixzk/Build/Intermediates.noindex/GoogleSignIn.build/Debug-iphonesimulator/GoogleSignIn.build/Objects-normal/arm64/GIDAuthStateMigration.o -index-unit-output-path /GoogleSignIn.build/Debug-iphonesimulator/GoogleSignIn.build/Objects-normal/arm64/GIDAuthStateMigration.o

ScanDependencies /Users/xinyufang/Library/Developer/Xcode/DerivedData/Buzz-faillbpsmponqzeruhhvskovixzk/Build/Intermediates.noindex/GoogleSignIn.build/Debug-iphonesimulator/GoogleSignIn.build/Objects-normal/arm64/GIDAppCheckProviderFake.o /Users/xinyufang/Library/Developer/Xcode/DerivedData/Buzz-faillbpsmponqzeruhhvskovixzk/SourcePackages/checkouts/GoogleSignIn-iOS/GoogleSignIn/Sources/GIDAppCheck/Implementations/Fake/GIDAppCheckProviderFake.m normal arm64 objective-c com.apple.compilers.llvm.clang.1_0.compiler (in target 'GoogleSignIn' from project 'GoogleSignIn')
    cd /Users/xinyufang/Documents/Buzz/Buzz.xcodeproj
    
    Using response file: /Users/xinyufang/Library/Developer/Xcode/DerivedData/Buzz-faillbpsmponqzeruhhvskovixzk/Build/Intermediates.noindex/GoogleSignIn.build/Debug-iphonesimulator/GoogleSignIn.build/Objects-normal/arm64/e6072d4f65d7061329687fe24e3d63a7-common-args.resp
    
    builtin-ScanDependencies -o /Users/xinyufang/Library/Developer/Xcode/DerivedData/Buzz-faillbpsmponqzeruhhvskovixzk/Build/Intermediates.noindex/GoogleSignIn.build/Debug-iphonesimulator/GoogleSignIn.build/Objects-normal/arm64/GIDAppCheckProviderFake.o.scan -- /Applications/Xcode.app/Contents/Developer/Toolchains/XcodeDefault.xctoolchain/usr/bin/clang -x objective-c -ivfsstatcache /Users/xinyufang/Library/Developer/Xcode/DerivedData/SDKStatCaches.noindex/iphonesimulator26.0-23A339-26257891a6c027eb51374368541b8346.sdkstatcache -fmessage-length\=0 -fdiagnostics-show-note-include-stack -fmacro-backtrace-limit\=0 -fno-color-diagnostics -fmodules-prune-interval\=86400 -fmodules-prune-after\=345600 -fbuild-session-file\=/Users/xinyufang/Library/Developer/Xcode/DerivedData/ModuleCache.noindex/Session.modulevalidation -fmodules-validate-once-per-build-session -Wnon-modular-include-in-framework-module -Werror\=non-modular-include-in-framework-module -Wno-trigraphs -Wno-missing-field-initializers -Wno-missing-prototypes -Wno-return-type -Wno-implicit-atomic-properties -Wno-objc-interface-ivars -Wno-arc-repeated-use-of-weak -Wno-missing-braces -Wparentheses -Wswitch -Wno-unused-function -Wno-unused-label -Wno-unused-parameter -Wno-unused-variable -Wunused-value -Wno-empty-body -Wno-uninitialized -Wno-unknown-pragmas -w -Wno-shadow -Wno-four-char-constants -Wno-conversion -Wno-constant-conversion -Wno-int-conversion -Wno-bool-conversion -Wno-enum-conversion -Wno-float-conversion -Wno-non-literal-null-conversion -Wno-objc-literal-conversion -Wshorten-64-to-32 -Wpointer-sign -Wno-newline-eof -Wno-selector -Wno-strict-selector-match -Wno-undeclared-selector -Wno-deprecated-implementations -Wno-implicit-fallthrough -fstrict-aliasing -Wprotocol -Wdeprecated-declarations -Wno-sign-conversion -Wno-infinite-recursion -Wno-comma -Wno-block-capture-autoreleasing -Wno-strict-prototypes -Wno-semicolon-before-method-body -index-store-path /Users/xinyufang/Library/Developer/Xcode/DerivedData/Buzz-faillbpsmponqzeruhhvskovixzk/Index.noindex/DataStore @/Users/xinyufang/Library/Developer/Xcode/DerivedData/Buzz-faillbpsmponqzeruhhvskovixzk/Build/Intermediates.noindex/GoogleSignIn.build/Debug-iphonesimulator/GoogleSignIn.build/Objects-normal/arm64/e6072d4f65d7061329687fe24e3d63a7-common-args.resp -include /Users/xinyufang/Library/Developer/Xcode/DerivedData/Buzz-faillbpsmponqzeruhhvskovixzk/Build/Intermediates.noindex/GoogleSignIn.build/Debug-iphonesimulator/GoogleSignIn.build/DerivedSources/resource_bundle_accessor.h -MMD -MT dependencies -MF /Users/xinyufang/Library/Developer/Xcode/DerivedData/Buzz-faillbpsmponqzeruhhvskovixzk/Build/Intermediates.noindex/GoogleSignIn.build/Debug-iphonesimulator/GoogleSignIn.build/Objects-normal/arm64/GIDAppCheckProviderFake.d --serialize-diagnostics /Users/xinyufang/Library/Developer/Xcode/DerivedData/Buzz-faillbpsmponqzeruhhvskovixzk/Build/Intermediates.noindex/GoogleSignIn.build/Debug-iphonesimulator/GoogleSignIn.build/Objects-normal/arm64/GIDAppCheckProviderFake.dia -c /Users/xinyufang/Library/Developer/Xcode/DerivedData/Buzz-faillbpsmponqzeruhhvskovixzk/SourcePackages/checkouts/GoogleSignIn-iOS/GoogleSignIn/Sources/GIDAppCheck/Implementations/Fake/GIDAppCheckProviderFake.m -o /Users/xinyufang/Library/Developer/Xcode/DerivedData/Buzz-faillbpsmponqzeruhhvskovixzk/Build/Intermediates.noindex/GoogleSignIn.build/Debug-iphonesimulator/GoogleSignIn.build/Objects-normal/arm64/GIDAppCheckProviderFake.o -index-unit-output-path /GoogleSignIn.build/Debug-iphonesimulator/GoogleSignIn.build/Objects-normal/arm64/GIDAppCheckProviderFake.o

ScanDependencies /Users/xinyufang/Library/Developer/Xcode/DerivedData/Buzz-faillbpsmponqzeruhhvskovixzk/Build/Intermediates.noindex/GoogleSignIn.build/Debug-iphonesimulator/GoogleSignIn.build/Objects-normal/arm64/GIDAppCheck.o /Users/xinyufang/Library/Developer/Xcode/DerivedData/Buzz-faillbpsmponqzeruhhvskovixzk/SourcePackages/checkouts/GoogleSignIn-iOS/GoogleSignIn/Sources/GIDAppCheck/Implementations/GIDAppCheck.m normal arm64 objective-c com.apple.compilers.llvm.clang.1_0.compiler (in target 'GoogleSignIn' from project 'GoogleSignIn')
    cd /Users/xinyufang/Documents/Buzz/Buzz.xcodeproj
    
    Using response file: /Users/xinyufang/Library/Developer/Xcode/DerivedData/Buzz-faillbpsmponqzeruhhvskovixzk/Build/Intermediates.noindex/GoogleSignIn.build/Debug-iphonesimulator/GoogleSignIn.build/Objects-normal/arm64/e6072d4f65d7061329687fe24e3d63a7-common-args.resp
    
    builtin-ScanDependencies -o /Users/xinyufang/Library/Developer/Xcode/DerivedData/Buzz-faillbpsmponqzeruhhvskovixzk/Build/Intermediates.noindex/GoogleSignIn.build/Debug-iphonesimulator/GoogleSignIn.build/Objects-normal/arm64/GIDAppCheck.o.scan -- /Applications/Xcode.app/Contents/Developer/Toolchains/XcodeDefault.xctoolchain/usr/bin/clang -x objective-c -ivfsstatcache /Users/xinyufang/Library/Developer/Xcode/DerivedData/SDKStatCaches.noindex/iphonesimulator26.0-23A339-26257891a6c027eb51374368541b8346.sdkstatcache -fmessage-length\=0 -fdiagnostics-show-note-include-stack -fmacro-backtrace-limit\=0 -fno-color-diagnostics -fmodules-prune-interval\=86400 -fmodules-prune-after\=345600 -fbuild-session-file\=/Users/xinyufang/Library/Developer/Xcode/DerivedData/ModuleCache.noindex/Session.modulevalidation -fmodules-validate-once-per-build-session -Wnon-modular-include-in-framework-module -Werror\=non-modular-include-in-framework-module -Wno-trigraphs -Wno-missing-field-initializers -Wno-missing-prototypes -Wno-return-type -Wno-implicit-atomic-properties -Wno-objc-interface-ivars -Wno-arc-repeated-use-of-weak -Wno-missing-braces -Wparentheses -Wswitch -Wno-unused-function -Wno-unused-label -Wno-unused-parameter -Wno-unused-variable -Wunused-value -Wno-empty-body -Wno-uninitialized -Wno-unknown-pragmas -w -Wno-shadow -Wno-four-char-constants -Wno-conversion -Wno-constant-conversion -Wno-int-conversion -Wno-bool-conversion -Wno-enum-conversion -Wno-float-conversion -Wno-non-literal-null-conversion -Wno-objc-literal-conversion -Wshorten-64-to-32 -Wpointer-sign -Wno-newline-eof -Wno-selector -Wno-strict-selector-match -Wno-undeclared-selector -Wno-deprecated-implementations -Wno-implicit-fallthrough -fstrict-aliasing -Wprotocol -Wdeprecated-declarations -Wno-sign-conversion -Wno-infinite-recursion -Wno-comma -Wno-block-capture-autoreleasing -Wno-strict-prototypes -Wno-semicolon-before-method-body -index-store-path /Users/xinyufang/Library/Developer/Xcode/DerivedData/Buzz-faillbpsmponqzeruhhvskovixzk/Index.noindex/DataStore @/Users/xinyufang/Library/Developer/Xcode/DerivedData/Buzz-faillbpsmponqzeruhhvskovixzk/Build/Intermediates.noindex/GoogleSignIn.build/Debug-iphonesimulator/GoogleSignIn.build/Objects-normal/arm64/e6072d4f65d7061329687fe24e3d63a7-common-args.resp -include /Users/xinyufang/Library/Developer/Xcode/DerivedData/Buzz-faillbpsmponqzeruhhvskovixzk/Build/Intermediates.noindex/GoogleSignIn.build/Debug-iphonesimulator/GoogleSignIn.build/DerivedSources/resource_bundle_accessor.h -MMD -MT dependencies -MF /Users/xinyufang/Library/Developer/Xcode/DerivedData/Buzz-faillbpsmponqzeruhhvskovixzk/Build/Intermediates.noindex/GoogleSignIn.build/Debug-iphonesimulator/GoogleSignIn.build/Objects-normal/arm64/GIDAppCheck.d --serialize-diagnostics /Users/xinyufang/Library/Developer/Xcode/DerivedData/Buzz-faillbpsmponqzeruhhvskovixzk/Build/Intermediates.noindex/GoogleSignIn.build/Debug-iphonesimulator/GoogleSignIn.build/Objects-normal/arm64/GIDAppCheck.dia -c /Users/xinyufang/Library/Developer/Xcode/DerivedData/Buzz-faillbpsmponqzeruhhvskovixzk/SourcePackages/checkouts/GoogleSignIn-iOS/GoogleSignIn/Sources/GIDAppCheck/Implementations/GIDAppCheck.m -o /Users/xinyufang/Library/Developer/Xcode/DerivedData/Buzz-faillbpsmponqzeruhhvskovixzk/Build/Intermediates.noindex/GoogleSignIn.build/Debug-iphonesimulator/GoogleSignIn.build/Objects-normal/arm64/GIDAppCheck.o -index-unit-output-path /GoogleSignIn.build/Debug-iphonesimulator/GoogleSignIn.build/Objects-normal/arm64/GIDAppCheck.o

PrecompileModule /Users/xinyufang/Library/Developer/Xcode/DerivedData/Buzz-faillbpsmponqzeruhhvskovixzk/Build/Intermediates.noindex/ExplicitPrecompiledModules/_Builtin_stdint-67W6IT3GZW1QGRJS50HSTEMVR.scan
    cd /
    builtin-precompileModule /Users/xinyufang/Library/Developer/Xcode/DerivedData/Buzz-faillbpsmponqzeruhhvskovixzk/Build/Intermediates.noindex/ExplicitPrecompiledModules/_Builtin_stdint-67W6IT3GZW1QGRJS50HSTEMVR.scan

ScanDependencies /Users/xinyufang/Library/Developer/Xcode/DerivedData/Buzz-faillbpsmponqzeruhhvskovixzk/Build/Intermediates.noindex/GoogleSignIn.build/Debug-iphonesimulator/GoogleSignIn.build/Objects-normal/arm64/GIDActivityIndicatorViewController.o /Users/xinyufang/Library/Developer/Xcode/DerivedData/Buzz-faillbpsmponqzeruhhvskovixzk/SourcePackages/checkouts/GoogleSignIn-iOS/GoogleSignIn/Sources/GIDAppCheck/UI/GIDActivityIndicatorViewController.m normal arm64 objective-c com.apple.compilers.llvm.clang.1_0.compiler (in target 'GoogleSignIn' from project 'GoogleSignIn')
    cd /Users/xinyufang/Documents/Buzz/Buzz.xcodeproj
    
    Using response file: /Users/xinyufang/Library/Developer/Xcode/DerivedData/Buzz-faillbpsmponqzeruhhvskovixzk/Build/Intermediates.noindex/GoogleSignIn.build/Debug-iphonesimulator/GoogleSignIn.build/Objects-normal/arm64/e6072d4f65d7061329687fe24e3d63a7-common-args.resp
    
    builtin-ScanDependencies -o /Users/xinyufang/Library/Developer/Xcode/DerivedData/Buzz-faillbpsmponqzeruhhvskovixzk/Build/Intermediates.noindex/GoogleSignIn.build/Debug-iphonesimulator/GoogleSignIn.build/Objects-normal/arm64/GIDActivityIndicatorViewController.o.scan -- /Applications/Xcode.app/Contents/Developer/Toolchains/XcodeDefault.xctoolchain/usr/bin/clang -x objective-c -ivfsstatcache /Users/xinyufang/Library/Developer/Xcode/DerivedData/SDKStatCaches.noindex/iphonesimulator26.0-23A339-26257891a6c027eb51374368541b8346.sdkstatcache -fmessage-length\=0 -fdiagnostics-show-note-include-stack -fmacro-backtrace-limit\=0 -fno-color-diagnostics -fmodules-prune-interval\=86400 -fmodules-prune-after\=345600 -fbuild-session-file\=/Users/xinyufang/Library/Developer/Xcode/DerivedData/ModuleCache.noindex/Session.modulevalidation -fmodules-validate-once-per-build-session -Wnon-modular-include-in-framework-module -Werror\=non-modular-include-in-framework-module -Wno-trigraphs -Wno-missing-field-initializers -Wno-missing-prototypes -Wno-return-type -Wno-implicit-atomic-properties -Wno-objc-interface-ivars -Wno-arc-repeated-use-of-weak -Wno-missing-braces -Wparentheses -Wswitch -Wno-unused-function -Wno-unused-label -Wno-unused-parameter -Wno-unused-variable -Wunused-value -Wno-empty-body -Wno-uninitialized -Wno-unknown-pragmas -w -Wno-shadow -Wno-four-char-constants -Wno-conversion -Wno-constant-conversion -Wno-int-conversion -Wno-bool-conversion -Wno-enum-conversion -Wno-float-conversion -Wno-non-literal-null-conversion -Wno-objc-literal-conversion -Wshorten-64-to-32 -Wpointer-sign -Wno-newline-eof -Wno-selector -Wno-strict-selector-match -Wno-undeclared-selector -Wno-deprecated-implementations -Wno-implicit-fallthrough -fstrict-aliasing -Wprotocol -Wdeprecated-declarations -Wno-sign-conversion -Wno-infinite-recursion -Wno-comma -Wno-block-capture-autoreleasing -Wno-strict-prototypes -Wno-semicolon-before-method-body -index-store-path /Users/xinyufang/Library/Developer/Xcode/DerivedData/Buzz-faillbpsmponqzeruhhvskovixzk/Index.noindex/DataStore @/Users/xinyufang/Library/Developer/Xcode/DerivedData/Buzz-faillbpsmponqzeruhhvskovixzk/Build/Intermediates.noindex/GoogleSignIn.build/Debug-iphonesimulator/GoogleSignIn.build/Objects-normal/arm64/e6072d4f65d7061329687fe24e3d63a7-common-args.resp -include /Users/xinyufang/Library/Developer/Xcode/DerivedData/Buzz-faillbpsmponqzeruhhvskovixzk/Build/Intermediates.noindex/GoogleSignIn.build/Debug-iphonesimulator/GoogleSignIn.build/DerivedSources/resource_bundle_accessor.h -MMD -MT dependencies -MF /Users/xinyufang/Library/Developer/Xcode/DerivedData/Buzz-faillbpsmponqzeruhhvskovixzk/Build/Intermediates.noindex/GoogleSignIn.build/Debug-iphonesimulator/GoogleSignIn.build/Objects-normal/arm64/GIDActivityIndicatorViewController.d --serialize-diagnostics /Users/xinyufang/Library/Developer/Xcode/DerivedData/Buzz-faillbpsmponqzeruhhvskovixzk/Build/Intermediates.noindex/GoogleSignIn.build/Debug-iphonesimulator/GoogleSignIn.build/Objects-normal/arm64/GIDActivityIndicatorViewController.dia -c /Users/xinyufang/Library/Developer/Xcode/DerivedData/Buzz-faillbpsmponqzeruhhvskovixzk/SourcePackages/checkouts/GoogleSignIn-iOS/GoogleSignIn/Sources/GIDAppCheck/UI/GIDActivityIndicatorViewController.m -o /Users/xinyufang/Library/Developer/Xcode/DerivedData/Buzz-faillbpsmponqzeruhhvskovixzk/Build/Intermediates.noindex/GoogleSignIn.build/Debug-iphonesimulator/GoogleSignIn.build/Objects-normal/arm64/GIDActivityIndicatorViewController.o -index-unit-output-path /GoogleSignIn.build/Debug-iphonesimulator/GoogleSignIn.build/Objects-normal/arm64/GIDActivityIndicatorViewController.o

CodeSign /Users/xinyufang/Library/Developer/Xcode/DerivedData/Buzz-faillbpsmponqzeruhhvskovixzk/Build/Products/Debug-iphonesimulator/GTMAppAuth_GTMAppAuth.bundle (in target 'GTMAppAuth_GTMAppAuth' from project 'GTMAppAuth')
    cd /Users/xinyufang/Library/Developer/Xcode/DerivedData/Buzz-faillbpsmponqzeruhhvskovixzk/SourcePackages/checkouts/GTMAppAuth
    
    Signing Identity:     "Sign to Run Locally"
    
    /usr/bin/codesign --force --sign - --timestamp\=none --generate-entitlement-der /Users/xinyufang/Library/Developer/Xcode/DerivedData/Buzz-faillbpsmponqzeruhhvskovixzk/Build/Products/Debug-iphonesimulator/GTMAppAuth_GTMAppAuth.bundle

ExtractAppIntentsMetadata (in target 'StripeIdentity' from project 'Stripe')
    cd /Users/xinyufang/Library/Developer/Xcode/DerivedData/Buzz-faillbpsmponqzeruhhvskovixzk/SourcePackages/checkouts/stripe-ios-spm
    /Applications/Xcode.app/Contents/Developer/Toolchains/XcodeDefault.xctoolchain/usr/bin/appintentsmetadataprocessor --toolchain-dir /Applications/Xcode.app/Contents/Developer/Toolchains/XcodeDefault.xctoolchain --module-name StripeIdentity --sdk-root /Applications/Xcode.app/Contents/Developer/Platforms/iPhoneSimulator.platform/Developer/SDKs/iPhoneSimulator26.0.sdk --xcode-version 17A400 --platform-family iOS --deployment-target 13.0 --bundle-identifier stripe-ios-spm.StripeIdentity --output /Users/xinyufang/Library/Developer/Xcode/DerivedData/Buzz-faillbpsmponqzeruhhvskovixzk/Build/Products/Debug-iphonesimulator/StripeIdentity.appintents --target-triple arm64-apple-ios13.0-simulator --binary-file /Users/xinyufang/Library/Developer/Xcode/DerivedData/Buzz-faillbpsmponqzeruhhvskovixzk/Build/Products/Debug-iphonesimulator/StripeIdentity.o --dependency-file /Users/xinyufang/Library/Developer/Xcode/DerivedData/Buzz-faillbpsmponqzeruhhvskovixzk/Build/Intermediates.noindex/Stripe.build/Debug-iphonesimulator/StripeIdentity.build/Objects-normal/arm64/StripeIdentity_dependency_info.dat --stringsdata-file /Users/xinyufang/Library/Developer/Xcode/DerivedData/Buzz-faillbpsmponqzeruhhvskovixzk/Build/Intermediates.noindex/Stripe.build/Debug-iphonesimulator/StripeIdentity.build/Objects-normal/arm64/ExtractedAppShortcutsMetadata.stringsdata --source-file-list /Users/xinyufang/Library/Developer/Xcode/DerivedData/Buzz-faillbpsmponqzeruhhvskovixzk/Build/Intermediates.noindex/Stripe.build/Debug-iphonesimulator/StripeIdentity.build/Objects-normal/arm64/StripeIdentity.SwiftFileList --metadata-file-list /Users/xinyufang/Library/Developer/Xcode/DerivedData/Buzz-faillbpsmponqzeruhhvskovixzk/Build/Intermediates.noindex/Stripe.build/Debug-iphonesimulator/StripeIdentity.build/StripeIdentity.DependencyMetadataFileList --static-metadata-file-list /Users/xinyufang/Library/Developer/Xcode/DerivedData/Buzz-faillbpsmponqzeruhhvskovixzk/Build/Intermediates.noindex/Stripe.build/Debug-iphonesimulator/StripeIdentity.build/StripeIdentity.DependencyStaticMetadataFileList --swift-const-vals-list /Users/xinyufang/Library/Developer/Xcode/DerivedData/Buzz-faillbpsmponqzeruhhvskovixzk/Build/Intermediates.noindex/Stripe.build/Debug-iphonesimulator/StripeIdentity.build/Objects-normal/arm64/StripeIdentity.SwiftConstValuesFileList --force --compile-time-extraction --deployment-aware-processing --validate-assistant-intents --no-app-shortcuts-localization
2025-11-16 01:12:16.524 appintentsmetadataprocessor[64366:26422621] Starting appintentsmetadataprocessor export
2025-11-16 01:12:16.675 appintentsmetadataprocessor[64366:26422621] Extracted no relevant App Intents symbols, skipping writing output

PrecompileModule /Users/xinyufang/Library/Developer/Xcode/DerivedData/Buzz-faillbpsmponqzeruhhvskovixzk/Build/Intermediates.noindex/ExplicitPrecompiledModules/_DarwinFoundation3-BFSHL4Q1G2W2UBBRK7LOGXDDX.scan
    cd /
    builtin-precompileModule /Users/xinyufang/Library/Developer/Xcode/DerivedData/Buzz-faillbpsmponqzeruhhvskovixzk/Build/Intermediates.noindex/ExplicitPrecompiledModules/_DarwinFoundation3-BFSHL4Q1G2W2UBBRK7LOGXDDX.scan

RegisterExecutionPolicyException /Users/xinyufang/Library/Developer/Xcode/DerivedData/Buzz-faillbpsmponqzeruhhvskovixzk/Build/Products/Debug-iphonesimulator/GoogleSignIn_GoogleSignInSwift.bundle (in target 'GoogleSignIn_GoogleSignInSwift' from project 'GoogleSignIn')
    cd /Users/xinyufang/Library/Developer/Xcode/DerivedData/Buzz-faillbpsmponqzeruhhvskovixzk/SourcePackages/checkouts/GoogleSignIn-iOS
    builtin-RegisterExecutionPolicyException /Users/xinyufang/Library/Developer/Xcode/DerivedData/Buzz-faillbpsmponqzeruhhvskovixzk/Build/Products/Debug-iphonesimulator/GoogleSignIn_GoogleSignInSwift.bundle

RegisterExecutionPolicyException /Users/xinyufang/Library/Developer/Xcode/DerivedData/Buzz-faillbpsmponqzeruhhvskovixzk/Build/Products/Debug-iphonesimulator/GoogleSignIn_GoogleSignIn.bundle (in target 'GoogleSignIn_GoogleSignIn' from project 'GoogleSignIn')
    cd /Users/xinyufang/Library/Developer/Xcode/DerivedData/Buzz-faillbpsmponqzeruhhvskovixzk/SourcePackages/checkouts/GoogleSignIn-iOS
    builtin-RegisterExecutionPolicyException /Users/xinyufang/Library/Developer/Xcode/DerivedData/Buzz-faillbpsmponqzeruhhvskovixzk/Build/Products/Debug-iphonesimulator/GoogleSignIn_GoogleSignIn.bundle

Ld /Users/xinyufang/Library/Developer/Xcode/DerivedData/Buzz-faillbpsmponqzeruhhvskovixzk/Build/Products/Debug-iphonesimulator/GoogleUtilities-Environment.o normal (in target 'GoogleUtilities-Environment' from project 'GoogleUtilities')
    cd /Users/xinyufang/Library/Developer/Xcode/DerivedData/Buzz-faillbpsmponqzeruhhvskovixzk/SourcePackages/checkouts/GoogleUtilities
    /Applications/Xcode.app/Contents/Developer/Toolchains/XcodeDefault.xctoolchain/usr/bin/clang -Xlinker -reproducible -target arm64-apple-ios12.0-simulator -r -isysroot /Applications/Xcode.app/Contents/Developer/Platforms/iPhoneSimulator.platform/Developer/SDKs/iPhoneSimulator26.0.sdk -O0 -w -L/Users/xinyufang/Library/Developer/Xcode/DerivedData/Buzz-faillbpsmponqzeruhhvskovixzk/Build/Intermediates.noindex/EagerLinkingTBDs/Debug-iphonesimulator -L/Users/xinyufang/Library/Developer/Xcode/DerivedData/Buzz-faillbpsmponqzeruhhvskovixzk/Build/Products/Debug-iphonesimulator -L/Applications/Xcode.app/Contents/Developer/Platforms/iPhoneSimulator.platform/Developer/usr/lib -F/Users/xinyufang/Library/Developer/Xcode/DerivedData/Buzz-faillbpsmponqzeruhhvskovixzk/Build/Intermediates.noindex/EagerLinkingTBDs/Debug-iphonesimulator -F/Users/xinyufang/Library/Developer/Xcode/DerivedData/Buzz-faillbpsmponqzeruhhvskovixzk/Build/Products/Debug-iphonesimulator/PackageFrameworks -F/Users/xinyufang/Library/Developer/Xcode/DerivedData/Buzz-faillbpsmponqzeruhhvskovixzk/Build/Products/Debug-iphonesimulator -iframework /Applications/Xcode.app/Contents/Developer/Platforms/iPhoneSimulator.platform/Developer/Library/Frameworks -iframework /Applications/Xcode.app/Contents/Developer/Platforms/iPhoneSimulator.platform/Developer/SDKs/iPhoneSimulator26.0.sdk/Developer/Library/Frameworks -filelist /Users/xinyufang/Library/Developer/Xcode/DerivedData/Buzz-faillbpsmponqzeruhhvskovixzk/Build/Intermediates.noindex/GoogleUtilities.build/Debug-iphonesimulator/GoogleUtilities-Environment.build/Objects-normal/arm64/GoogleUtilities-Environment.LinkFileList -nostdlib -Xlinker -object_path_lto -Xlinker /Users/xinyufang/Library/Developer/Xcode/DerivedData/Buzz-faillbpsmponqzeruhhvskovixzk/Build/Intermediates.noindex/GoogleUtilities.build/Debug-iphonesimulator/GoogleUtilities-Environment.build/Objects-normal/arm64/GoogleUtilities-Environment_lto.o -rdynamic -Xlinker -no_deduplicate -Xlinker -objc_abi_version -Xlinker 2 -Xlinker -dependency_info -Xlinker /Users/xinyufang/Library/Developer/Xcode/DerivedData/Buzz-faillbpsmponqzeruhhvskovixzk/Build/Intermediates.noindex/GoogleUtilities.build/Debug-iphonesimulator/GoogleUtilities-Environment.build/Objects-normal/arm64/GoogleUtilities-Environment_dependency_info.dat -fobjc-arc -fobjc-link-runtime -o /Users/xinyufang/Library/Developer/Xcode/DerivedData/Buzz-faillbpsmponqzeruhhvskovixzk/Build/Products/Debug-iphonesimulator/GoogleUtilities-Environment.o

RegisterExecutionPolicyException /Users/xinyufang/Library/Developer/Xcode/DerivedData/Buzz-faillbpsmponqzeruhhvskovixzk/Build/Products/Debug-iphonesimulator/StripePaymentsUI.o (in target 'StripePaymentsUI' from project 'Stripe')
    cd /Users/xinyufang/Library/Developer/Xcode/DerivedData/Buzz-faillbpsmponqzeruhhvskovixzk/SourcePackages/checkouts/stripe-ios-spm
    builtin-RegisterExecutionPolicyException /Users/xinyufang/Library/Developer/Xcode/DerivedData/Buzz-faillbpsmponqzeruhhvskovixzk/Build/Products/Debug-iphonesimulator/StripePaymentsUI.o

RegisterExecutionPolicyException /Users/xinyufang/Library/Developer/Xcode/DerivedData/Buzz-faillbpsmponqzeruhhvskovixzk/Build/Products/Debug-iphonesimulator/StripeFinancialConnections.o (in target 'StripeFinancialConnections' from project 'Stripe')
    cd /Users/xinyufang/Library/Developer/Xcode/DerivedData/Buzz-faillbpsmponqzeruhhvskovixzk/SourcePackages/checkouts/stripe-ios-spm
    builtin-RegisterExecutionPolicyException /Users/xinyufang/Library/Developer/Xcode/DerivedData/Buzz-faillbpsmponqzeruhhvskovixzk/Build/Products/Debug-iphonesimulator/StripeFinancialConnections.o

SwiftExplicitDependencyGeneratePcm arm64 /Users/xinyufang/Library/Developer/Xcode/DerivedData/Buzz-faillbpsmponqzeruhhvskovixzk/Build/Intermediates.noindex/SwiftExplicitPrecompiledModules/GoogleSignIn-213YKB6J0H69AN3QYWLVPAM47.pcm

PrecompileModule /Users/xinyufang/Library/Developer/Xcode/DerivedData/Buzz-faillbpsmponqzeruhhvskovixzk/Build/Intermediates.noindex/ExplicitPrecompiledModules/_Builtin_inttypes-87L2PUH97SQR8Y01B0NLRVQQO.scan
    cd /
    builtin-precompileModule /Users/xinyufang/Library/Developer/Xcode/DerivedData/Buzz-faillbpsmponqzeruhhvskovixzk/Build/Intermediates.noindex/ExplicitPrecompiledModules/_Builtin_inttypes-87L2PUH97SQR8Y01B0NLRVQQO.scan

RegisterExecutionPolicyException /Users/xinyufang/Library/Developer/Xcode/DerivedData/Buzz-faillbpsmponqzeruhhvskovixzk/Build/Products/Debug-iphonesimulator/IssueReporting.o (in target 'IssueReporting' from project 'xctest-dynamic-overlay')
    cd /Users/xinyufang/Library/Developer/Xcode/DerivedData/Buzz-faillbpsmponqzeruhhvskovixzk/SourcePackages/checkouts/xctest-dynamic-overlay
    builtin-RegisterExecutionPolicyException /Users/xinyufang/Library/Developer/Xcode/DerivedData/Buzz-faillbpsmponqzeruhhvskovixzk/Build/Products/Debug-iphonesimulator/IssueReporting.o

Ld /Users/xinyufang/Library/Developer/Xcode/DerivedData/Buzz-faillbpsmponqzeruhhvskovixzk/Build/Products/Debug-iphonesimulator/Stripe.o normal (in target 'Stripe' from project 'Stripe')
    cd /Users/xinyufang/Library/Developer/Xcode/DerivedData/Buzz-faillbpsmponqzeruhhvskovixzk/SourcePackages/checkouts/stripe-ios-spm
    /Applications/Xcode.app/Contents/Developer/Toolchains/XcodeDefault.xctoolchain/usr/bin/clang -Xlinker -reproducible -target arm64-apple-ios13.0-simulator -r -isysroot /Applications/Xcode.app/Contents/Developer/Platforms/iPhoneSimulator.platform/Developer/SDKs/iPhoneSimulator26.0.sdk -O0 -w -L/Users/xinyufang/Library/Developer/Xcode/DerivedData/Buzz-faillbpsmponqzeruhhvskovixzk/Build/Intermediates.noindex/EagerLinkingTBDs/Debug-iphonesimulator -L/Users/xinyufang/Library/Developer/Xcode/DerivedData/Buzz-faillbpsmponqzeruhhvskovixzk/Build/Products/Debug-iphonesimulator -L/Applications/Xcode.app/Contents/Developer/Platforms/iPhoneSimulator.platform/Developer/usr/lib -F/Users/xinyufang/Library/Developer/Xcode/DerivedData/Buzz-faillbpsmponqzeruhhvskovixzk/Build/Intermediates.noindex/EagerLinkingTBDs/Debug-iphonesimulator -F/Users/xinyufang/Library/Developer/Xcode/DerivedData/Buzz-faillbpsmponqzeruhhvskovixzk/Build/Products/Debug-iphonesimulator/PackageFrameworks -F/Users/xinyufang/Library/Developer/Xcode/DerivedData/Buzz-faillbpsmponqzeruhhvskovixzk/Build/Products/Debug-iphonesimulator/PackageFrameworks -F/Users/xinyufang/Library/Developer/Xcode/DerivedData/Buzz-faillbpsmponqzeruhhvskovixzk/Build/Products/Debug-iphonesimulator/PackageFrameworks -F/Users/xinyufang/Library/Developer/Xcode/DerivedData/Buzz-faillbpsmponqzeruhhvskovixzk/Build/Products/Debug-iphonesimulator/PackageFrameworks -F/Users/xinyufang/Library/Developer/Xcode/DerivedData/Buzz-faillbpsmponqzeruhhvskovixzk/Build/Products/Debug-iphonesimulator/PackageFrameworks -F/Users/xinyufang/Library/Developer/Xcode/DerivedData/Buzz-faillbpsmponqzeruhhvskovixzk/Build/Products/Debug-iphonesimulator/PackageFrameworks -F/Users/xinyufang/Library/Developer/Xcode/DerivedData/Buzz-faillbpsmponqzeruhhvskovixzk/Build/Products/Debug-iphonesimulator -iframework /Applications/Xcode.app/Contents/Developer/Platforms/iPhoneSimulator.platform/Developer/Library/Frameworks -iframework /Applications/Xcode.app/Contents/Developer/Platforms/iPhoneSimulator.platform/Developer/SDKs/iPhoneSimulator26.0.sdk/Developer/Library/Frameworks -filelist /Users/xinyufang/Library/Developer/Xcode/DerivedData/Buzz-faillbpsmponqzeruhhvskovixzk/Build/Intermediates.noindex/Stripe.build/Debug-iphonesimulator/Stripe.build/Objects-normal/arm64/Stripe.LinkFileList -nostdlib -Xlinker -object_path_lto -Xlinker /Users/xinyufang/Library/Developer/Xcode/DerivedData/Buzz-faillbpsmponqzeruhhvskovixzk/Build/Intermediates.noindex/Stripe.build/Debug-iphonesimulator/Stripe.build/Objects-normal/arm64/Stripe_lto.o -rdynamic -Xlinker -no_deduplicate -Xlinker -objc_abi_version -Xlinker 2 -Xlinker -dependency_info -Xlinker /Users/xinyufang/Library/Developer/Xcode/DerivedData/Buzz-faillbpsmponqzeruhhvskovixzk/Build/Intermediates.noindex/Stripe.build/Debug-iphonesimulator/Stripe.build/Objects-normal/arm64/Stripe_dependency_info.dat -fobjc-link-runtime -L/Applications/Xcode.app/Contents/Developer/Toolchains/XcodeDefault.xctoolchain/usr/lib/swift/iphonesimulator -L/usr/lib/swift -Xlinker -add_ast_path -Xlinker /Users/xinyufang/Library/Developer/Xcode/DerivedData/Buzz-faillbpsmponqzeruhhvskovixzk/Build/Intermediates.noindex/Stripe.build/Debug-iphonesimulator/Stripe.build/Objects-normal/arm64/Stripe.swiftmodule @/Users/xinyufang/Library/Developer/Xcode/DerivedData/Buzz-faillbpsmponqzeruhhvskovixzk/Build/Intermediates.noindex/Stripe.build/Debug-iphonesimulator/Stripe.build/Objects-normal/arm64/Stripe-linker-args.resp -o /Users/xinyufang/Library/Developer/Xcode/DerivedData/Buzz-faillbpsmponqzeruhhvskovixzk/Build/Products/Debug-iphonesimulator/Stripe.o

PrecompileModule /Users/xinyufang/Library/Developer/Xcode/DerivedData/Buzz-faillbpsmponqzeruhhvskovixzk/Build/Intermediates.noindex/ExplicitPrecompiledModules/Darwin-68L32B0DFA9NT3OC3KBEGMV2W.scan
    cd /
    builtin-precompileModule /Users/xinyufang/Library/Developer/Xcode/DerivedData/Buzz-faillbpsmponqzeruhhvskovixzk/Build/Intermediates.noindex/ExplicitPrecompiledModules/Darwin-68L32B0DFA9NT3OC3KBEGMV2W.scan

Touch /Users/xinyufang/Library/Developer/Xcode/DerivedData/Buzz-faillbpsmponqzeruhhvskovixzk/Build/Products/Debug-iphonesimulator/GoogleSignIn_GoogleSignInSwift.bundle (in target 'GoogleSignIn_GoogleSignInSwift' from project 'GoogleSignIn')
    cd /Users/xinyufang/Library/Developer/Xcode/DerivedData/Buzz-faillbpsmponqzeruhhvskovixzk/SourcePackages/checkouts/GoogleSignIn-iOS
    /usr/bin/touch -c /Users/xinyufang/Library/Developer/Xcode/DerivedData/Buzz-faillbpsmponqzeruhhvskovixzk/Build/Products/Debug-iphonesimulator/GoogleSignIn_GoogleSignInSwift.bundle

Ld /Users/xinyufang/Library/Developer/Xcode/DerivedData/Buzz-faillbpsmponqzeruhhvskovixzk/Build/Products/Debug-iphonesimulator/StripeConnect.o normal (in target 'StripeConnect' from project 'Stripe')
    cd /Users/xinyufang/Library/Developer/Xcode/DerivedData/Buzz-faillbpsmponqzeruhhvskovixzk/SourcePackages/checkouts/stripe-ios-spm
    /Applications/Xcode.app/Contents/Developer/Toolchains/XcodeDefault.xctoolchain/usr/bin/clang -Xlinker -reproducible -target arm64-apple-ios13.0-simulator -r -isysroot /Applications/Xcode.app/Contents/Developer/Platforms/iPhoneSimulator.platform/Developer/SDKs/iPhoneSimulator26.0.sdk -O0 -w -L/Users/xinyufang/Library/Developer/Xcode/DerivedData/Buzz-faillbpsmponqzeruhhvskovixzk/Build/Intermediates.noindex/EagerLinkingTBDs/Debug-iphonesimulator -L/Users/xinyufang/Library/Developer/Xcode/DerivedData/Buzz-faillbpsmponqzeruhhvskovixzk/Build/Products/Debug-iphonesimulator -L/Applications/Xcode.app/Contents/Developer/Platforms/iPhoneSimulator.platform/Developer/usr/lib -F/Users/xinyufang/Library/Developer/Xcode/DerivedData/Buzz-faillbpsmponqzeruhhvskovixzk/Build/Intermediates.noindex/EagerLinkingTBDs/Debug-iphonesimulator -F/Users/xinyufang/Library/Developer/Xcode/DerivedData/Buzz-faillbpsmponqzeruhhvskovixzk/Build/Products/Debug-iphonesimulator/PackageFrameworks -F/Users/xinyufang/Library/Developer/Xcode/DerivedData/Buzz-faillbpsmponqzeruhhvskovixzk/Build/Products/Debug-iphonesimulator/PackageFrameworks -F/Users/xinyufang/Library/Developer/Xcode/DerivedData/Buzz-faillbpsmponqzeruhhvskovixzk/Build/Products/Debug-iphonesimulator/PackageFrameworks -F/Users/xinyufang/Library/Developer/Xcode/DerivedData/Buzz-faillbpsmponqzeruhhvskovixzk/Build/Products/Debug-iphonesimulator -iframework /Applications/Xcode.app/Contents/Developer/Platforms/iPhoneSimulator.platform/Developer/Library/Frameworks -iframework /Applications/Xcode.app/Contents/Developer/Platforms/iPhoneSimulator.platform/Developer/SDKs/iPhoneSimulator26.0.sdk/Developer/Library/Frameworks -filelist /Users/xinyufang/Library/Developer/Xcode/DerivedData/Buzz-faillbpsmponqzeruhhvskovixzk/Build/Intermediates.noindex/Stripe.build/Debug-iphonesimulator/StripeConnect.build/Objects-normal/arm64/StripeConnect.LinkFileList -nostdlib -Xlinker -object_path_lto -Xlinker /Users/xinyufang/Library/Developer/Xcode/DerivedData/Buzz-faillbpsmponqzeruhhvskovixzk/Build/Intermediates.noindex/Stripe.build/Debug-iphonesimulator/StripeConnect.build/Objects-normal/arm64/StripeConnect_lto.o -rdynamic -Xlinker -no_deduplicate -Xlinker -objc_abi_version -Xlinker 2 -Xlinker -dependency_info -Xlinker /Users/xinyufang/Library/Developer/Xcode/DerivedData/Buzz-faillbpsmponqzeruhhvskovixzk/Build/Intermediates.noindex/Stripe.build/Debug-iphonesimulator/StripeConnect.build/Objects-normal/arm64/StripeConnect_dependency_info.dat -fobjc-link-runtime -L/Applications/Xcode.app/Contents/Developer/Toolchains/XcodeDefault.xctoolchain/usr/lib/swift/iphonesimulator -L/usr/lib/swift -Xlinker -add_ast_path -Xlinker /Users/xinyufang/Library/Developer/Xcode/DerivedData/Buzz-faillbpsmponqzeruhhvskovixzk/Build/Intermediates.noindex/Stripe.build/Debug-iphonesimulator/StripeConnect.build/Objects-normal/arm64/StripeConnect.swiftmodule @/Users/xinyufang/Library/Developer/Xcode/DerivedData/Buzz-faillbpsmponqzeruhhvskovixzk/Build/Intermediates.noindex/Stripe.build/Debug-iphonesimulator/StripeConnect.build/Objects-normal/arm64/StripeConnect-linker-args.resp -o /Users/xinyufang/Library/Developer/Xcode/DerivedData/Buzz-faillbpsmponqzeruhhvskovixzk/Build/Products/Debug-iphonesimulator/StripeConnect.o

RegisterExecutionPolicyException /Users/xinyufang/Library/Developer/Xcode/DerivedData/Buzz-faillbpsmponqzeruhhvskovixzk/Build/Products/Debug-iphonesimulator/GoogleUtilities-Environment.o (in target 'GoogleUtilities-Environment' from project 'GoogleUtilities')
    cd /Users/xinyufang/Library/Developer/Xcode/DerivedData/Buzz-faillbpsmponqzeruhhvskovixzk/SourcePackages/checkouts/GoogleUtilities
    builtin-RegisterExecutionPolicyException /Users/xinyufang/Library/Developer/Xcode/DerivedData/Buzz-faillbpsmponqzeruhhvskovixzk/Build/Products/Debug-iphonesimulator/GoogleUtilities-Environment.o

Ld /Users/xinyufang/Library/Developer/Xcode/DerivedData/Buzz-faillbpsmponqzeruhhvskovixzk/Build/Products/Debug-iphonesimulator/XCTestDynamicOverlay.o normal (in target 'XCTestDynamicOverlay' from project 'xctest-dynamic-overlay')
    cd /Users/xinyufang/Library/Developer/Xcode/DerivedData/Buzz-faillbpsmponqzeruhhvskovixzk/SourcePackages/checkouts/xctest-dynamic-overlay
    /Applications/Xcode.app/Contents/Developer/Toolchains/XcodeDefault.xctoolchain/usr/bin/clang -Xlinker -reproducible -target arm64-apple-ios13.0-simulator -r -isysroot /Applications/Xcode.app/Contents/Developer/Platforms/iPhoneSimulator.platform/Developer/SDKs/iPhoneSimulator26.0.sdk -O0 -w -L/Users/xinyufang/Library/Developer/Xcode/DerivedData/Buzz-faillbpsmponqzeruhhvskovixzk/Build/Intermediates.noindex/EagerLinkingTBDs/Debug-iphonesimulator -L/Users/xinyufang/Library/Developer/Xcode/DerivedData/Buzz-faillbpsmponqzeruhhvskovixzk/Build/Products/Debug-iphonesimulator -L/Applications/Xcode.app/Contents/Developer/Platforms/iPhoneSimulator.platform/Developer/usr/lib -F/Users/xinyufang/Library/Developer/Xcode/DerivedData/Buzz-faillbpsmponqzeruhhvskovixzk/Build/Intermediates.noindex/EagerLinkingTBDs/Debug-iphonesimulator -F/Users/xinyufang/Library/Developer/Xcode/DerivedData/Buzz-faillbpsmponqzeruhhvskovixzk/Build/Products/Debug-iphonesimulator/PackageFrameworks -F/Users/xinyufang/Library/Developer/Xcode/DerivedData/Buzz-faillbpsmponqzeruhhvskovixzk/Build/Products/Debug-iphonesimulator/PackageFrameworks -F/Users/xinyufang/Library/Developer/Xcode/DerivedData/Buzz-faillbpsmponqzeruhhvskovixzk/Build/Products/Debug-iphonesimulator -iframework /Applications/Xcode.app/Contents/Developer/Platforms/iPhoneSimulator.platform/Developer/Library/Frameworks -iframework /Applications/Xcode.app/Contents/Developer/Platforms/iPhoneSimulator.platform/Developer/SDKs/iPhoneSimulator26.0.sdk/Developer/Library/Frameworks -filelist /Users/xinyufang/Library/Developer/Xcode/DerivedData/Buzz-faillbpsmponqzeruhhvskovixzk/Build/Intermediates.noindex/xctest-dynamic-overlay.build/Debug-iphonesimulator/XCTestDynamicOverlay.build/Objects-normal/arm64/XCTestDynamicOverlay.LinkFileList -nostdlib -Xlinker -object_path_lto -Xlinker /Users/xinyufang/Library/Developer/Xcode/DerivedData/Buzz-faillbpsmponqzeruhhvskovixzk/Build/Intermediates.noindex/xctest-dynamic-overlay.build/Debug-iphonesimulator/XCTestDynamicOverlay.build/Objects-normal/arm64/XCTestDynamicOverlay_lto.o -rdynamic -Xlinker -no_deduplicate -Xlinker -objc_abi_version -Xlinker 2 -Xlinker -dependency_info -Xlinker /Users/xinyufang/Library/Developer/Xcode/DerivedData/Buzz-faillbpsmponqzeruhhvskovixzk/Build/Intermediates.noindex/xctest-dynamic-overlay.build/Debug-iphonesimulator/XCTestDynamicOverlay.build/Objects-normal/arm64/XCTestDynamicOverlay_dependency_info.dat -fobjc-link-runtime -L/Applications/Xcode.app/Contents/Developer/Toolchains/XcodeDefault.xctoolchain/usr/lib/swift/iphonesimulator -L/usr/lib/swift -Xlinker -add_ast_path -Xlinker /Users/xinyufang/Library/Developer/Xcode/DerivedData/Buzz-faillbpsmponqzeruhhvskovixzk/Build/Intermediates.noindex/xctest-dynamic-overlay.build/Debug-iphonesimulator/XCTestDynamicOverlay.build/Objects-normal/arm64/XCTestDynamicOverlay.swiftmodule @/Users/xinyufang/Library/Developer/Xcode/DerivedData/Buzz-faillbpsmponqzeruhhvskovixzk/Build/Intermediates.noindex/xctest-dynamic-overlay.build/Debug-iphonesimulator/XCTestDynamicOverlay.build/Objects-normal/arm64/XCTestDynamicOverlay-linker-args.resp -o /Users/xinyufang/Library/Developer/Xcode/DerivedData/Buzz-faillbpsmponqzeruhhvskovixzk/Build/Products/Debug-iphonesimulator/XCTestDynamicOverlay.o

ExtractAppIntentsMetadata (in target 'Stripe' from project 'Stripe')
    cd /Users/xinyufang/Library/Developer/Xcode/DerivedData/Buzz-faillbpsmponqzeruhhvskovixzk/SourcePackages/checkouts/stripe-ios-spm
    /Applications/Xcode.app/Contents/Developer/Toolchains/XcodeDefault.xctoolchain/usr/bin/appintentsmetadataprocessor --toolchain-dir /Applications/Xcode.app/Contents/Developer/Toolchains/XcodeDefault.xctoolchain --module-name Stripe --sdk-root /Applications/Xcode.app/Contents/Developer/Platforms/iPhoneSimulator.platform/Developer/SDKs/iPhoneSimulator26.0.sdk --xcode-version 17A400 --platform-family iOS --deployment-target 13.0 --bundle-identifier stripe-ios-spm.Stripe --output /Users/xinyufang/Library/Developer/Xcode/DerivedData/Buzz-faillbpsmponqzeruhhvskovixzk/Build/Products/Debug-iphonesimulator/Stripe.appintents --target-triple arm64-apple-ios13.0-simulator --binary-file /Users/xinyufang/Library/Developer/Xcode/DerivedData/Buzz-faillbpsmponqzeruhhvskovixzk/Build/Products/Debug-iphonesimulator/Stripe.o --dependency-file /Users/xinyufang/Library/Developer/Xcode/DerivedData/Buzz-faillbpsmponqzeruhhvskovixzk/Build/Intermediates.noindex/Stripe.build/Debug-iphonesimulator/Stripe.build/Objects-normal/arm64/Stripe_dependency_info.dat --stringsdata-file /Users/xinyufang/Library/Developer/Xcode/DerivedData/Buzz-faillbpsmponqzeruhhvskovixzk/Build/Intermediates.noindex/Stripe.build/Debug-iphonesimulator/Stripe.build/Objects-normal/arm64/ExtractedAppShortcutsMetadata.stringsdata --source-file-list /Users/xinyufang/Library/Developer/Xcode/DerivedData/Buzz-faillbpsmponqzeruhhvskovixzk/Build/Intermediates.noindex/Stripe.build/Debug-iphonesimulator/Stripe.build/Objects-normal/arm64/Stripe.SwiftFileList --metadata-file-list /Users/xinyufang/Library/Developer/Xcode/DerivedData/Buzz-faillbpsmponqzeruhhvskovixzk/Build/Intermediates.noindex/Stripe.build/Debug-iphonesimulator/Stripe.build/Stripe.DependencyMetadataFileList --static-metadata-file-list /Users/xinyufang/Library/Developer/Xcode/DerivedData/Buzz-faillbpsmponqzeruhhvskovixzk/Build/Intermediates.noindex/Stripe.build/Debug-iphonesimulator/Stripe.build/Stripe.DependencyStaticMetadataFileList --swift-const-vals-list /Users/xinyufang/Library/Developer/Xcode/DerivedData/Buzz-faillbpsmponqzeruhhvskovixzk/Build/Intermediates.noindex/Stripe.build/Debug-iphonesimulator/Stripe.build/Objects-normal/arm64/Stripe.SwiftConstValuesFileList --force --compile-time-extraction --deployment-aware-processing --validate-assistant-intents --no-app-shortcuts-localization
2025-11-16 01:12:16.619 appintentsmetadataprocessor[64379:26422662] Starting appintentsmetadataprocessor export
2025-11-16 01:12:16.738 appintentsmetadataprocessor[64379:26422662] Extracted no relevant App Intents symbols, skipping writing output

Touch /Users/xinyufang/Library/Developer/Xcode/DerivedData/Buzz-faillbpsmponqzeruhhvskovixzk/Build/Products/Debug-iphonesimulator/GoogleSignIn_GoogleSignIn.bundle (in target 'GoogleSignIn_GoogleSignIn' from project 'GoogleSignIn')
    cd /Users/xinyufang/Library/Developer/Xcode/DerivedData/Buzz-faillbpsmponqzeruhhvskovixzk/SourcePackages/checkouts/GoogleSignIn-iOS
    /usr/bin/touch -c /Users/xinyufang/Library/Developer/Xcode/DerivedData/Buzz-faillbpsmponqzeruhhvskovixzk/Build/Products/Debug-iphonesimulator/GoogleSignIn_GoogleSignIn.bundle

ExtractAppIntentsMetadata (in target 'XCTestDynamicOverlay' from project 'xctest-dynamic-overlay')
    cd /Users/xinyufang/Library/Developer/Xcode/DerivedData/Buzz-faillbpsmponqzeruhhvskovixzk/SourcePackages/checkouts/xctest-dynamic-overlay
    /Applications/Xcode.app/Contents/Developer/Toolchains/XcodeDefault.xctoolchain/usr/bin/appintentsmetadataprocessor --toolchain-dir /Applications/Xcode.app/Contents/Developer/Toolchains/XcodeDefault.xctoolchain --module-name XCTestDynamicOverlay --sdk-root /Applications/Xcode.app/Contents/Developer/Platforms/iPhoneSimulator.platform/Developer/SDKs/iPhoneSimulator26.0.sdk --xcode-version 17A400 --platform-family iOS --deployment-target 13.0 --bundle-identifier xctest-dynamic-overlay.XCTestDynamicOverlay --output /Users/xinyufang/Library/Developer/Xcode/DerivedData/Buzz-faillbpsmponqzeruhhvskovixzk/Build/Products/Debug-iphonesimulator/XCTestDynamicOverlay.appintents --target-triple arm64-apple-ios13.0-simulator --binary-file /Users/xinyufang/Library/Developer/Xcode/DerivedData/Buzz-faillbpsmponqzeruhhvskovixzk/Build/Products/Debug-iphonesimulator/XCTestDynamicOverlay.o --dependency-file /Users/xinyufang/Library/Developer/Xcode/DerivedData/Buzz-faillbpsmponqzeruhhvskovixzk/Build/Intermediates.noindex/xctest-dynamic-overlay.build/Debug-iphonesimulator/XCTestDynamicOverlay.build/Objects-normal/arm64/XCTestDynamicOverlay_dependency_info.dat --stringsdata-file /Users/xinyufang/Library/Developer/Xcode/DerivedData/Buzz-faillbpsmponqzeruhhvskovixzk/Build/Intermediates.noindex/xctest-dynamic-overlay.build/Debug-iphonesimulator/XCTestDynamicOverlay.build/Objects-normal/arm64/ExtractedAppShortcutsMetadata.stringsdata --source-file-list /Users/xinyufang/Library/Developer/Xcode/DerivedData/Buzz-faillbpsmponqzeruhhvskovixzk/Build/Intermediates.noindex/xctest-dynamic-overlay.build/Debug-iphonesimulator/XCTestDynamicOverlay.build/Objects-normal/arm64/XCTestDynamicOverlay.SwiftFileList --metadata-file-list /Users/xinyufang/Library/Developer/Xcode/DerivedData/Buzz-faillbpsmponqzeruhhvskovixzk/Build/Intermediates.noindex/xctest-dynamic-overlay.build/Debug-iphonesimulator/XCTestDynamicOverlay.build/XCTestDynamicOverlay.DependencyMetadataFileList --static-metadata-file-list /Users/xinyufang/Library/Developer/Xcode/DerivedData/Buzz-faillbpsmponqzeruhhvskovixzk/Build/Intermediates.noindex/xctest-dynamic-overlay.build/Debug-iphonesimulator/XCTestDynamicOverlay.build/XCTestDynamicOverlay.DependencyStaticMetadataFileList --swift-const-vals-list /Users/xinyufang/Library/Developer/Xcode/DerivedData/Buzz-faillbpsmponqzeruhhvskovixzk/Build/Intermediates.noindex/xctest-dynamic-overlay.build/Debug-iphonesimulator/XCTestDynamicOverlay.build/Objects-normal/arm64/XCTestDynamicOverlay.SwiftConstValuesFileList --force --compile-time-extraction --deployment-aware-processing --validate-assistant-intents --no-app-shortcuts-localization
2025-11-16 01:12:16.647 appintentsmetadataprocessor[64382:26422686] Starting appintentsmetadataprocessor export
2025-11-16 01:12:16.763 appintentsmetadataprocessor[64382:26422686] Extracted no relevant App Intents symbols, skipping writing output

SwiftEmitModule normal arm64 Emitting\ module\ for\ GoogleSignInSwift (in target 'GoogleSignInSwift' from project 'GoogleSignIn')

EmitSwiftModule normal arm64 (in target 'GoogleSignInSwift' from project 'GoogleSignIn')
    cd /Users/xinyufang/Documents/Buzz/Buzz.xcodeproj
    

SwiftCompile normal arm64 Compiling\ GoogleSignInButton.swift /Users/xinyufang/Library/Developer/Xcode/DerivedData/Buzz-faillbpsmponqzeruhhvskovixzk/SourcePackages/checkouts/GoogleSignIn-iOS/GoogleSignInSwift/Sources/GoogleSignInButton.swift (in target 'GoogleSignInSwift' from project 'GoogleSignIn')

SwiftCompile normal arm64 /Users/xinyufang/Library/Developer/Xcode/DerivedData/Buzz-faillbpsmponqzeruhhvskovixzk/SourcePackages/checkouts/GoogleSignIn-iOS/GoogleSignInSwift/Sources/GoogleSignInButton.swift (in target 'GoogleSignInSwift' from project 'GoogleSignIn')
    cd /Users/xinyufang/Documents/Buzz/Buzz.xcodeproj
    

SwiftCompile normal arm64 Compiling\ GoogleSignInButtonViewModel.swift /Users/xinyufang/Library/Developer/Xcode/DerivedData/Buzz-faillbpsmponqzeruhhvskovixzk/SourcePackages/checkouts/GoogleSignIn-iOS/GoogleSignInSwift/Sources/GoogleSignInButtonViewModel.swift (in target 'GoogleSignInSwift' from project 'GoogleSignIn')

SwiftCompile normal arm64 /Users/xinyufang/Library/Developer/Xcode/DerivedData/Buzz-faillbpsmponqzeruhhvskovixzk/SourcePackages/checkouts/GoogleSignIn-iOS/GoogleSignInSwift/Sources/GoogleSignInButtonViewModel.swift (in target 'GoogleSignInSwift' from project 'GoogleSignIn')
    cd /Users/xinyufang/Documents/Buzz/Buzz.xcodeproj
    

SwiftCompile normal arm64 Compiling\ GoogleSignInButtonStrings.swift /Users/xinyufang/Library/Developer/Xcode/DerivedData/Buzz-faillbpsmponqzeruhhvskovixzk/SourcePackages/checkouts/GoogleSignIn-iOS/GoogleSignInSwift/Sources/GoogleSignInButtonStrings.swift (in target 'GoogleSignInSwift' from project 'GoogleSignIn')

SwiftCompile normal arm64 /Users/xinyufang/Library/Developer/Xcode/DerivedData/Buzz-faillbpsmponqzeruhhvskovixzk/SourcePackages/checkouts/GoogleSignIn-iOS/GoogleSignInSwift/Sources/GoogleSignInButtonStrings.swift (in target 'GoogleSignInSwift' from project 'GoogleSignIn')
    cd /Users/xinyufang/Documents/Buzz/Buzz.xcodeproj
    

SwiftCompile normal arm64 Compiling\ GoogleSignInButtonStyling.swift /Users/xinyufang/Library/Developer/Xcode/DerivedData/Buzz-faillbpsmponqzeruhhvskovixzk/SourcePackages/checkouts/GoogleSignIn-iOS/GoogleSignInSwift/Sources/GoogleSignInButtonStyling.swift (in target 'GoogleSignInSwift' from project 'GoogleSignIn')

SwiftCompile normal arm64 /Users/xinyufang/Library/Developer/Xcode/DerivedData/Buzz-faillbpsmponqzeruhhvskovixzk/SourcePackages/checkouts/GoogleSignIn-iOS/GoogleSignInSwift/Sources/GoogleSignInButtonStyling.swift (in target 'GoogleSignInSwift' from project 'GoogleSignIn')
    cd /Users/xinyufang/Documents/Buzz/Buzz.xcodeproj
    

PrecompileModule /Users/xinyufang/Library/Developer/Xcode/DerivedData/Buzz-faillbpsmponqzeruhhvskovixzk/Build/Intermediates.noindex/ExplicitPrecompiledModules/ObjectiveC-63YHEJIQFOZG8GDT9CKG9KSH3.scan
    cd /
    builtin-precompileModule /Users/xinyufang/Library/Developer/Xcode/DerivedData/Buzz-faillbpsmponqzeruhhvskovixzk/Build/Intermediates.noindex/ExplicitPrecompiledModules/ObjectiveC-63YHEJIQFOZG8GDT9CKG9KSH3.scan

SwiftCompile normal arm64 Compiling\ resource_bundle_accessor.swift /Users/xinyufang/Library/Developer/Xcode/DerivedData/Buzz-faillbpsmponqzeruhhvskovixzk/Build/Intermediates.noindex/GoogleSignIn.build/Debug-iphonesimulator/GoogleSignInSwift.build/DerivedSources/resource_bundle_accessor.swift (in target 'GoogleSignInSwift' from project 'GoogleSignIn')

SwiftCompile normal arm64 /Users/xinyufang/Library/Developer/Xcode/DerivedData/Buzz-faillbpsmponqzeruhhvskovixzk/Build/Intermediates.noindex/GoogleSignIn.build/Debug-iphonesimulator/GoogleSignInSwift.build/DerivedSources/resource_bundle_accessor.swift (in target 'GoogleSignInSwift' from project 'GoogleSignIn')
    cd /Users/xinyufang/Documents/Buzz/Buzz.xcodeproj
    

SwiftEmitModule normal arm64 Emitting\ module\ for\ Clocks (in target 'Clocks' from project 'swift-clocks')

EmitSwiftModule normal arm64 (in target 'Clocks' from project 'swift-clocks')
    cd /Users/xinyufang/Documents/Buzz/Buzz.xcodeproj
    

PrecompileModule /Users/xinyufang/Library/Developer/Xcode/DerivedData/Buzz-faillbpsmponqzeruhhvskovixzk/Build/Intermediates.noindex/ExplicitPrecompiledModules/os_object-4WLO6C6ZDLPQPQEYHHQKJOAET.scan
    cd /
    builtin-precompileModule /Users/xinyufang/Library/Developer/Xcode/DerivedData/Buzz-faillbpsmponqzeruhhvskovixzk/Build/Intermediates.noindex/ExplicitPrecompiledModules/os_object-4WLO6C6ZDLPQPQEYHHQKJOAET.scan

SwiftDriverJobDiscovery normal arm64 Compiling GoogleSignInButtonStrings.swift (in target 'GoogleSignInSwift' from project 'GoogleSignIn')

SwiftCompile normal arm64 Compiling\ GoogleSignInButtonBundleExtensions.swift /Users/xinyufang/Library/Developer/Xcode/DerivedData/Buzz-faillbpsmponqzeruhhvskovixzk/SourcePackages/checkouts/GoogleSignIn-iOS/GoogleSignInSwift/Sources/GoogleSignInButtonBundleExtensions.swift (in target 'GoogleSignInSwift' from project 'GoogleSignIn')

SwiftCompile normal arm64 /Users/xinyufang/Library/Developer/Xcode/DerivedData/Buzz-faillbpsmponqzeruhhvskovixzk/SourcePackages/checkouts/GoogleSignIn-iOS/GoogleSignInSwift/Sources/GoogleSignInButtonBundleExtensions.swift (in target 'GoogleSignInSwift' from project 'GoogleSignIn')
    cd /Users/xinyufang/Documents/Buzz/Buzz.xcodeproj
    

SwiftDriverJobDiscovery normal arm64 Compiling GoogleSignInButtonViewModel.swift (in target 'GoogleSignInSwift' from project 'GoogleSignIn')

SwiftCompile normal arm64 Compiling\ ImmediateClock.swift /Users/xinyufang/Library/Developer/Xcode/DerivedData/Buzz-faillbpsmponqzeruhhvskovixzk/SourcePackages/checkouts/swift-clocks/Sources/Clocks/ImmediateClock.swift (in target 'Clocks' from project 'swift-clocks')

SwiftCompile normal arm64 /Users/xinyufang/Library/Developer/Xcode/DerivedData/Buzz-faillbpsmponqzeruhhvskovixzk/SourcePackages/checkouts/swift-clocks/Sources/Clocks/ImmediateClock.swift (in target 'Clocks' from project 'swift-clocks')
    cd /Users/xinyufang/Documents/Buzz/Buzz.xcodeproj
    

PrecompileModule /Users/xinyufang/Library/Developer/Xcode/DerivedData/Buzz-faillbpsmponqzeruhhvskovixzk/Build/Intermediates.noindex/ExplicitPrecompiledModules/os_workgroup-82VV16EJQO550Y0S8ZO9TG02H.scan
    cd /
    builtin-precompileModule /Users/xinyufang/Library/Developer/Xcode/DerivedData/Buzz-faillbpsmponqzeruhhvskovixzk/Build/Intermediates.noindex/ExplicitPrecompiledModules/os_workgroup-82VV16EJQO550Y0S8ZO9TG02H.scan

SwiftDriverJobDiscovery normal arm64 Compiling resource_bundle_accessor.swift (in target 'GoogleSignInSwift' from project 'GoogleSignIn')

SwiftCompile normal arm64 Compiling\ TestClock.swift /Users/xinyufang/Library/Developer/Xcode/DerivedData/Buzz-faillbpsmponqzeruhhvskovixzk/SourcePackages/checkouts/swift-clocks/Sources/Clocks/TestClock.swift (in target 'Clocks' from project 'swift-clocks')

SwiftCompile normal arm64 /Users/xinyufang/Library/Developer/Xcode/DerivedData/Buzz-faillbpsmponqzeruhhvskovixzk/SourcePackages/checkouts/swift-clocks/Sources/Clocks/TestClock.swift (in target 'Clocks' from project 'swift-clocks')
    cd /Users/xinyufang/Documents/Buzz/Buzz.xcodeproj
    

SwiftDriverJobDiscovery normal arm64 Emitting module for GoogleSignInSwift (in target 'GoogleSignInSwift' from project 'GoogleSignIn')

SwiftDriver\ Compilation\ Requirements GoogleSignInSwift normal arm64 com.apple.xcode.tools.swift.compiler (in target 'GoogleSignInSwift' from project 'GoogleSignIn')
    cd /Users/xinyufang/Documents/Buzz/Buzz.xcodeproj
    builtin-Swift-Compilation-Requirements -- /Applications/Xcode.app/Contents/Developer/Toolchains/XcodeDefault.xctoolchain/usr/bin/swiftc -module-name GoogleSignInSwift -Onone -enforce-exclusivity\=checked @/Users/xinyufang/Library/Developer/Xcode/DerivedData/Buzz-faillbpsmponqzeruhhvskovixzk/Build/Intermediates.noindex/GoogleSignIn.build/Debug-iphonesimulator/GoogleSignInSwift.build/Objects-normal/arm64/GoogleSignInSwift.SwiftFileList -DSWIFT_PACKAGE -DDEBUG -DSWIFT_MODULE_RESOURCE_BUNDLE_AVAILABLE -Xcc -fmodule-map-file\=/Users/xinyufang/Library/Developer/Xcode/DerivedData/Buzz-faillbpsmponqzeruhhvskovixzk/Build/Intermediates.noindex/GeneratedModuleMaps-iphonesimulator/AppAuth.modulemap -Xcc -fmodule-map-file\=/Users/xinyufang/Library/Developer/Xcode/DerivedData/Buzz-faillbpsmponqzeruhhvskovixzk/Build/Intermediates.noindex/GeneratedModuleMaps-iphonesimulator/AppAuthCore.modulemap -Xcc -fmodule-map-file\=/Users/xinyufang/Library/Developer/Xcode/DerivedData/Buzz-faillbpsmponqzeruhhvskovixzk/Build/Intermediates.noindex/GeneratedModuleMaps-iphonesimulator/GoogleUtilities-Logger.modulemap -Xcc -fmodule-map-file\=/Users/xinyufang/Library/Developer/Xcode/DerivedData/Buzz-faillbpsmponqzeruhhvskovixzk/Build/Intermediates.noindex/GeneratedModuleMaps-iphonesimulator/GoogleUtilities-Environment.modulemap -Xcc -fmodule-map-file\=/Users/xinyufang/Library/Developer/Xcode/DerivedData/Buzz-faillbpsmponqzeruhhvskovixzk/Build/Intermediates.noindex/GeneratedModuleMaps-iphonesimulator/third-party-IsAppEncrypted.modulemap -Xcc -fmodule-map-file\=/Users/xinyufang/Library/Developer/Xcode/DerivedData/Buzz-faillbpsmponqzeruhhvskovixzk/Build/Intermediates.noindex/GeneratedModuleMaps-iphonesimulator/GoogleUtilities-UserDefaults.modulemap -Xcc -fmodule-map-file\=/Users/xinyufang/Library/Developer/Xcode/DerivedData/Buzz-faillbpsmponqzeruhhvskovixzk/Build/Intermediates.noindex/GeneratedModuleMaps-iphonesimulator/AppCheckCore.modulemap -Xcc -fmodule-map-file\=/Users/xinyufang/Library/Developer/Xcode/DerivedData/Buzz-faillbpsmponqzeruhhvskovixzk/Build/Intermediates.noindex/GeneratedModuleMaps-iphonesimulator/GTMSessionFetcherCore.modulemap -Xcc -fmodule-map-file\=/Users/xinyufang/Library/Developer/Xcode/DerivedData/Buzz-faillbpsmponqzeruhhvskovixzk/Build/Intermediates.noindex/GeneratedModuleMaps-iphonesimulator/GoogleSignIn.modulemap -DXcode -plugin-path /Applications/Xcode.app/Contents/Developer/Toolchains/XcodeDefault.xctoolchain/usr/lib/swift/host/plugins/testing -enable-experimental-feature DebugDescriptionMacro -sdk /Applications/Xcode.app/Contents/Developer/Platforms/iPhoneSimulator.platform/Developer/SDKs/iPhoneSimulator26.0.sdk -target arm64-apple-ios12.0-simulator -g -module-cache-path /Users/xinyufang/Library/Developer/Xcode/DerivedData/ModuleCache.noindex -Xfrontend -serialize-debugging-options -enable-testing -suppress-warnings -index-store-path /Users/xinyufang/Library/Developer/Xcode/DerivedData/Buzz-faillbpsmponqzeruhhvskovixzk/Index.noindex/DataStore -Xcc -D_LIBCPP_HARDENING_MODE\=_LIBCPP_HARDENING_MODE_DEBUG -swift-version 5 -I /Users/xinyufang/Library/Developer/Xcode/DerivedData/Buzz-faillbpsmponqzeruhhvskovixzk/Build/Products/Debug-iphonesimulator -Isystem /Applications/Xcode.app/Contents/Developer/Platforms/iPhoneSimulator.platform/Developer/usr/lib -F /Users/xinyufang/Library/Developer/Xcode/DerivedData/Buzz-faillbpsmponqzeruhhvskovixzk/Build/Products/Debug-iphonesimulator/PackageFrameworks -F /Users/xinyufang/Library/Developer/Xcode/DerivedData/Buzz-faillbpsmponqzeruhhvskovixzk/Build/Products/Debug-iphonesimulator/PackageFrameworks -F /Users/xinyufang/Library/Developer/Xcode/DerivedData/Buzz-faillbpsmponqzeruhhvskovixzk/Build/Products/Debug-iphonesimulator/PackageFrameworks -F /Users/xinyufang/Library/Developer/Xcode/DerivedData/Buzz-faillbpsmponqzeruhhvskovixzk/Build/Products/Debug-iphonesimulator/PackageFrameworks -F /Users/xinyufang/Library/Developer/Xcode/DerivedData/Buzz-faillbpsmponqzeruhhvskovixzk/Build/Products/Debug-iphonesimulator/PackageFrameworks -F /Users/xinyufang/Library/Developer/Xcode/DerivedData/Buzz-faillbpsmponqzeruhhvskovixzk/Build/Products/Debug-iphonesimulator/PackageFrameworks -F /Users/xinyufang/Library/Developer/Xcode/DerivedData/Buzz-faillbpsmponqzeruhhvskovixzk/Build/Products/Debug-iphonesimulator/PackageFrameworks -F /Users/xinyufang/Library/Developer/Xcode/DerivedData/Buzz-faillbpsmponqzeruhhvskovixzk/Build/Products/Debug-iphonesimulator/PackageFrameworks -F /Users/xinyufang/Library/Developer/Xcode/DerivedData/Buzz-faillbpsmponqzeruhhvskovixzk/Build/Products/Debug-iphonesimulator/PackageFrameworks -F /Users/xinyufang/Library/Developer/Xcode/DerivedData/Buzz-faillbpsmponqzeruhhvskovixzk/Build/Products/Debug-iphonesimulator/PackageFrameworks -F /Users/xinyufang/Library/Developer/Xcode/DerivedData/Buzz-faillbpsmponqzeruhhvskovixzk/Build/Products/Debug-iphonesimulator/PackageFrameworks -F /Users/xinyufang/Library/Developer/Xcode/DerivedData/Buzz-faillbpsmponqzeruhhvskovixzk/Build/Products/Debug-iphonesimulator -F /Applications/Xcode.app/Contents/Developer/Platforms/iPhoneSimulator.platform/Developer/Library/Frameworks -F /Applications/Xcode.app/Contents/Developer/Platforms/iPhoneSimulator.platform/Developer/SDKs/iPhoneSimulator26.0.sdk/Developer/Library/Frameworks -emit-localized-strings -emit-localized-strings-path /Users/xinyufang/Library/Developer/Xcode/DerivedData/Buzz-faillbpsmponqzeruhhvskovixzk/Build/Intermediates.noindex/GoogleSignIn.build/Debug-iphonesimulator/GoogleSignInSwift.build/Objects-normal/arm64 -c -j8 -enable-batch-mode -incremental -Xcc -ivfsstatcache -Xcc /Users/xinyufang/Library/Developer/Xcode/DerivedData/SDKStatCaches.noindex/iphonesimulator26.0-23A339-26257891a6c027eb51374368541b8346.sdkstatcache -output-file-map /Users/xinyufang/Library/Developer/Xcode/DerivedData/Buzz-faillbpsmponqzeruhhvskovixzk/Build/Intermediates.noindex/GoogleSignIn.build/Debug-iphonesimulator/GoogleSignInSwift.build/Objects-normal/arm64/GoogleSignInSwift-OutputFileMap.json -use-frontend-parseable-output -save-temps -no-color-diagnostics -explicit-module-build -module-cache-path /Users/xinyufang/Library/Developer/Xcode/DerivedData/Buzz-faillbpsmponqzeruhhvskovixzk/Build/Intermediates.noindex/SwiftExplicitPrecompiledModules -clang-scanner-module-cache-path /Users/xinyufang/Library/Developer/Xcode/DerivedData/ModuleCache.noindex -sdk-module-cache-path /Users/xinyufang/Library/Developer/Xcode/DerivedData/ModuleCache.noindex -serialize-diagnostics -emit-dependencies -emit-module -emit-module-path /Users/xinyufang/Library/Developer/Xcode/DerivedData/Buzz-faillbpsmponqzeruhhvskovixzk/Build/Intermediates.noindex/GoogleSignIn.build/Debug-iphonesimulator/GoogleSignInSwift.build/Objects-normal/arm64/GoogleSignInSwift.swiftmodule -validate-clang-modules-once -clang-build-session-file /Users/xinyufang/Library/Developer/Xcode/DerivedData/ModuleCache.noindex/Session.modulevalidation -Xcc -I/Users/xinyufang/Library/Developer/Xcode/DerivedData/Buzz-faillbpsmponqzeruhhvskovixzk/Build/Intermediates.noindex/GoogleSignIn.build/Debug-iphonesimulator/GoogleSignInSwift.build/swift-overrides.hmap -emit-const-values -Xfrontend -const-gather-protocols-file -Xfrontend /Users/xinyufang/Library/Developer/Xcode/DerivedData/Buzz-faillbpsmponqzeruhhvskovixzk/Build/Intermediates.noindex/GoogleSignIn.build/Debug-iphonesimulator/GoogleSignInSwift.build/Objects-normal/arm64/GoogleSignInSwift_const_extract_protocols.json -Xcc -I/Users/xinyufang/Library/Developer/Xcode/DerivedData/Buzz-faillbpsmponqzeruhhvskovixzk/SourcePackages/checkouts/AppAuth-iOS/Sources/AppAuth -Xcc -I/Users/xinyufang/Library/Developer/Xcode/DerivedData/Buzz-faillbpsmponqzeruhhvskovixzk/SourcePackages/checkouts/AppAuth-iOS/Sources/AppAuthCore -Xcc -I/Users/xinyufang/Library/Developer/Xcode/DerivedData/Buzz-faillbpsmponqzeruhhvskovixzk/SourcePackages/checkouts/promises/Sources/FBLPromises/include -Xcc -I/Users/xinyufang/Library/Developer/Xcode/DerivedData/Buzz-faillbpsmponqzeruhhvskovixzk/SourcePackages/checkouts/GoogleUtilities/GoogleUtilities/Logger/Public -Xcc -I/Users/xinyufang/Library/Developer/Xcode/DerivedData/Buzz-faillbpsmponqzeruhhvskovixzk/SourcePackages/checkouts/GoogleUtilities/GoogleUtilities/Environment/Public -Xcc -I/Users/xinyufang/Library/Developer/Xcode/DerivedData/Buzz-faillbpsmponqzeruhhvskovixzk/SourcePackages/checkouts/GoogleUtilities/third_party/IsAppEncrypted/Public -Xcc -I/Users/xinyufang/Library/Developer/Xcode/DerivedData/Buzz-faillbpsmponqzeruhhvskovixzk/SourcePackages/checkouts/GoogleUtilities/GoogleUtilities/UserDefaults/Public -Xcc -I/Users/xinyufang/Library/Developer/Xcode/DerivedData/Buzz-faillbpsmponqzeruhhvskovixzk/SourcePackages/checkouts/app-check/AppCheckCore/Sources/Public -Xcc -I/Users/xinyufang/Library/Developer/Xcode/DerivedData/Buzz-faillbpsmponqzeruhhvskovixzk/SourcePackages/checkouts/gtm-session-fetcher/Sources/Core/Public -Xcc -I/Users/xinyufang/Library/Developer/Xcode/DerivedData/Buzz-faillbpsmponqzeruhhvskovixzk/SourcePackages/checkouts/GoogleSignIn-iOS/GoogleSignIn/Sources/Public -Xcc -I/Users/xinyufang/Library/Developer/Xcode/DerivedData/Buzz-faillbpsmponqzeruhhvskovixzk/Build/Products/Debug-iphonesimulator/include -Xcc -I/Users/xinyufang/Library/Developer/Xcode/DerivedData/Buzz-faillbpsmponqzeruhhvskovixzk/Build/Intermediates.noindex/GoogleSignIn.build/Debug-iphonesimulator/GoogleSignInSwift.build/DerivedSources-normal/arm64 -Xcc -I/Users/xinyufang/Library/Developer/Xcode/DerivedData/Buzz-faillbpsmponqzeruhhvskovixzk/Build/Intermediates.noindex/GoogleSignIn.build/Debug-iphonesimulator/GoogleSignInSwift.build/DerivedSources/arm64 -Xcc -I/Users/xinyufang/Library/Developer/Xcode/DerivedData/Buzz-faillbpsmponqzeruhhvskovixzk/Build/Intermediates.noindex/GoogleSignIn.build/Debug-iphonesimulator/GoogleSignInSwift.build/DerivedSources -Xcc -DSWIFT_PACKAGE -Xcc -DDEBUG\=1 -emit-objc-header -emit-objc-header-path /Users/xinyufang/Library/Developer/Xcode/DerivedData/Buzz-faillbpsmponqzeruhhvskovixzk/Build/Intermediates.noindex/GoogleSignIn.build/Debug-iphonesimulator/GoogleSignInSwift.build/Objects-normal/arm64/GoogleSignInSwift-Swift.h -working-directory /Users/xinyufang/Documents/Buzz/Buzz.xcodeproj -experimental-emit-module-separately -disable-cmo

PrecompileModule /Users/xinyufang/Library/Developer/Xcode/DerivedData/Buzz-faillbpsmponqzeruhhvskovixzk/Build/Intermediates.noindex/ExplicitPrecompiledModules/Dispatch-EJMXTZIZK2CW2N419INA1COEE.scan
    cd /
    builtin-precompileModule /Users/xinyufang/Library/Developer/Xcode/DerivedData/Buzz-faillbpsmponqzeruhhvskovixzk/Build/Intermediates.noindex/ExplicitPrecompiledModules/Dispatch-EJMXTZIZK2CW2N419INA1COEE.scan

SwiftMergeGeneratedHeaders /Users/xinyufang/Library/Developer/Xcode/DerivedData/Buzz-faillbpsmponqzeruhhvskovixzk/Build/Intermediates.noindex/GeneratedModuleMaps-iphonesimulator/GoogleSignInSwift-Swift.h /Users/xinyufang/Library/Developer/Xcode/DerivedData/Buzz-faillbpsmponqzeruhhvskovixzk/Build/Intermediates.noindex/GoogleSignIn.build/Debug-iphonesimulator/GoogleSignInSwift.build/Objects-normal/arm64/GoogleSignInSwift-Swift.h (in target 'GoogleSignInSwift' from project 'GoogleSignIn')
    cd /Users/xinyufang/Library/Developer/Xcode/DerivedData/Buzz-faillbpsmponqzeruhhvskovixzk/SourcePackages/checkouts/GoogleSignIn-iOS
    builtin-swiftHeaderTool -arch arm64 /Users/xinyufang/Library/Developer/Xcode/DerivedData/Buzz-faillbpsmponqzeruhhvskovixzk/Build/Intermediates.noindex/GoogleSignIn.build/Debug-iphonesimulator/GoogleSignInSwift.build/Objects-normal/arm64/GoogleSignInSwift-Swift.h -o /Users/xinyufang/Library/Developer/Xcode/DerivedData/Buzz-faillbpsmponqzeruhhvskovixzk/Build/Intermediates.noindex/GeneratedModuleMaps-iphonesimulator/GoogleSignInSwift-Swift.h

Copy /Users/xinyufang/Library/Developer/Xcode/DerivedData/Buzz-faillbpsmponqzeruhhvskovixzk/Build/Products/Debug-iphonesimulator/GoogleSignInSwift.swiftmodule/arm64-apple-ios-simulator.swiftmodule /Users/xinyufang/Library/Developer/Xcode/DerivedData/Buzz-faillbpsmponqzeruhhvskovixzk/Build/Intermediates.noindex/GoogleSignIn.build/Debug-iphonesimulator/GoogleSignInSwift.build/Objects-normal/arm64/GoogleSignInSwift.swiftmodule (in target 'GoogleSignInSwift' from project 'GoogleSignIn')
    cd /Users/xinyufang/Library/Developer/Xcode/DerivedData/Buzz-faillbpsmponqzeruhhvskovixzk/SourcePackages/checkouts/GoogleSignIn-iOS
    builtin-copy -exclude .DS_Store -exclude CVS -exclude .svn -exclude .git -exclude .hg -resolve-src-symlinks -rename /Users/xinyufang/Library/Developer/Xcode/DerivedData/Buzz-faillbpsmponqzeruhhvskovixzk/Build/Intermediates.noindex/GoogleSignIn.build/Debug-iphonesimulator/GoogleSignInSwift.build/Objects-normal/arm64/GoogleSignInSwift.swiftmodule /Users/xinyufang/Library/Developer/Xcode/DerivedData/Buzz-faillbpsmponqzeruhhvskovixzk/Build/Products/Debug-iphonesimulator/GoogleSignInSwift.swiftmodule/arm64-apple-ios-simulator.swiftmodule

Copy /Users/xinyufang/Library/Developer/Xcode/DerivedData/Buzz-faillbpsmponqzeruhhvskovixzk/Build/Products/Debug-iphonesimulator/GoogleSignInSwift.swiftmodule/arm64-apple-ios-simulator.swiftdoc /Users/xinyufang/Library/Developer/Xcode/DerivedData/Buzz-faillbpsmponqzeruhhvskovixzk/Build/Intermediates.noindex/GoogleSignIn.build/Debug-iphonesimulator/GoogleSignInSwift.build/Objects-normal/arm64/GoogleSignInSwift.swiftdoc (in target 'GoogleSignInSwift' from project 'GoogleSignIn')
    cd /Users/xinyufang/Library/Developer/Xcode/DerivedData/Buzz-faillbpsmponqzeruhhvskovixzk/SourcePackages/checkouts/GoogleSignIn-iOS
    builtin-copy -exclude .DS_Store -exclude CVS -exclude .svn -exclude .git -exclude .hg -resolve-src-symlinks -rename /Users/xinyufang/Library/Developer/Xcode/DerivedData/Buzz-faillbpsmponqzeruhhvskovixzk/Build/Intermediates.noindex/GoogleSignIn.build/Debug-iphonesimulator/GoogleSignInSwift.build/Objects-normal/arm64/GoogleSignInSwift.swiftdoc /Users/xinyufang/Library/Developer/Xcode/DerivedData/Buzz-faillbpsmponqzeruhhvskovixzk/Build/Products/Debug-iphonesimulator/GoogleSignInSwift.swiftmodule/arm64-apple-ios-simulator.swiftdoc

Copy /Users/xinyufang/Library/Developer/Xcode/DerivedData/Buzz-faillbpsmponqzeruhhvskovixzk/Build/Products/Debug-iphonesimulator/GoogleSignInSwift.swiftmodule/arm64-apple-ios-simulator.abi.json /Users/xinyufang/Library/Developer/Xcode/DerivedData/Buzz-faillbpsmponqzeruhhvskovixzk/Build/Intermediates.noindex/GoogleSignIn.build/Debug-iphonesimulator/GoogleSignInSwift.build/Objects-normal/arm64/GoogleSignInSwift.abi.json (in target 'GoogleSignInSwift' from project 'GoogleSignIn')
    cd /Users/xinyufang/Library/Developer/Xcode/DerivedData/Buzz-faillbpsmponqzeruhhvskovixzk/SourcePackages/checkouts/GoogleSignIn-iOS
    builtin-copy -exclude .DS_Store -exclude CVS -exclude .svn -exclude .git -exclude .hg -resolve-src-symlinks -rename /Users/xinyufang/Library/Developer/Xcode/DerivedData/Buzz-faillbpsmponqzeruhhvskovixzk/Build/Intermediates.noindex/GoogleSignIn.build/Debug-iphonesimulator/GoogleSignInSwift.build/Objects-normal/arm64/GoogleSignInSwift.abi.json /Users/xinyufang/Library/Developer/Xcode/DerivedData/Buzz-faillbpsmponqzeruhhvskovixzk/Build/Products/Debug-iphonesimulator/GoogleSignInSwift.swiftmodule/arm64-apple-ios-simulator.abi.json

Copy /Users/xinyufang/Library/Developer/Xcode/DerivedData/Buzz-faillbpsmponqzeruhhvskovixzk/Build/Products/Debug-iphonesimulator/GoogleSignInSwift.swiftmodule/Project/arm64-apple-ios-simulator.swiftsourceinfo /Users/xinyufang/Library/Developer/Xcode/DerivedData/Buzz-faillbpsmponqzeruhhvskovixzk/Build/Intermediates.noindex/GoogleSignIn.build/Debug-iphonesimulator/GoogleSignInSwift.build/Objects-normal/arm64/GoogleSignInSwift.swiftsourceinfo (in target 'GoogleSignInSwift' from project 'GoogleSignIn')
    cd /Users/xinyufang/Library/Developer/Xcode/DerivedData/Buzz-faillbpsmponqzeruhhvskovixzk/SourcePackages/checkouts/GoogleSignIn-iOS
    builtin-copy -exclude .DS_Store -exclude CVS -exclude .svn -exclude .git -exclude .hg -resolve-src-symlinks -rename /Users/xinyufang/Library/Developer/Xcode/DerivedData/Buzz-faillbpsmponqzeruhhvskovixzk/Build/Intermediates.noindex/GoogleSignIn.build/Debug-iphonesimulator/GoogleSignInSwift.build/Objects-normal/arm64/GoogleSignInSwift.swiftsourceinfo /Users/xinyufang/Library/Developer/Xcode/DerivedData/Buzz-faillbpsmponqzeruhhvskovixzk/Build/Products/Debug-iphonesimulator/GoogleSignInSwift.swiftmodule/Project/arm64-apple-ios-simulator.swiftsourceinfo

PrecompileModule /Users/xinyufang/Library/Developer/Xcode/DerivedData/Buzz-faillbpsmponqzeruhhvskovixzk/Build/Intermediates.noindex/ExplicitPrecompiledModules/XPC-EARTNJRULYKYE8STQZARK1R53.scan
    cd /
    builtin-precompileModule /Users/xinyufang/Library/Developer/Xcode/DerivedData/Buzz-faillbpsmponqzeruhhvskovixzk/Build/Intermediates.noindex/ExplicitPrecompiledModules/XPC-EARTNJRULYKYE8STQZARK1R53.scan

PrecompileModule /Users/xinyufang/Library/Developer/Xcode/DerivedData/Buzz-faillbpsmponqzeruhhvskovixzk/Build/Intermediates.noindex/ExplicitPrecompiledModules/CoreFoundation-36WIJ8ZG84GODG51AYCEP9JEZ.scan
    cd /
    builtin-precompileModule /Users/xinyufang/Library/Developer/Xcode/DerivedData/Buzz-faillbpsmponqzeruhhvskovixzk/Build/Intermediates.noindex/ExplicitPrecompiledModules/CoreFoundation-36WIJ8ZG84GODG51AYCEP9JEZ.scan

SwiftDriverJobDiscovery normal arm64 Emitting module for Clocks (in target 'Clocks' from project 'swift-clocks')

SwiftDriver\ Compilation\ Requirements Clocks normal arm64 com.apple.xcode.tools.swift.compiler (in target 'Clocks' from project 'swift-clocks')
    cd /Users/xinyufang/Documents/Buzz/Buzz.xcodeproj
    builtin-Swift-Compilation-Requirements -- /Applications/Xcode.app/Contents/Developer/Toolchains/XcodeDefault.xctoolchain/usr/bin/swiftc -module-name Clocks -Onone -enforce-exclusivity\=checked @/Users/xinyufang/Library/Developer/Xcode/DerivedData/Buzz-faillbpsmponqzeruhhvskovixzk/Build/Intermediates.noindex/swift-clocks.build/Debug-iphonesimulator/Clocks.build/Objects-normal/arm64/Clocks.SwiftFileList -DSWIFT_PACKAGE -DDEBUG -DSWIFT_MODULE_RESOURCE_BUNDLE_UNAVAILABLE -DXcode -plugin-path /Applications/Xcode.app/Contents/Developer/Toolchains/XcodeDefault.xctoolchain/usr/lib/swift/host/plugins/testing -enable-experimental-feature DebugDescriptionMacro -sdk /Applications/Xcode.app/Contents/Developer/Platforms/iPhoneSimulator.platform/Developer/SDKs/iPhoneSimulator26.0.sdk -target arm64-apple-ios13.0-simulator -g -module-cache-path /Users/xinyufang/Library/Developer/Xcode/DerivedData/ModuleCache.noindex -Xfrontend -serialize-debugging-options -enable-testing -suppress-warnings -index-store-path /Users/xinyufang/Library/Developer/Xcode/DerivedData/Buzz-faillbpsmponqzeruhhvskovixzk/Index.noindex/DataStore -Xcc -D_LIBCPP_HARDENING_MODE\=_LIBCPP_HARDENING_MODE_DEBUG -swift-version 6 -I /Users/xinyufang/Library/Developer/Xcode/DerivedData/Buzz-faillbpsmponqzeruhhvskovixzk/Build/Products/Debug-iphonesimulator -Isystem /Applications/Xcode.app/Contents/Developer/Platforms/iPhoneSimulator.platform/Developer/usr/lib -F /Users/xinyufang/Library/Developer/Xcode/DerivedData/Buzz-faillbpsmponqzeruhhvskovixzk/Build/Products/Debug-iphonesimulator/PackageFrameworks -F /Users/xinyufang/Library/Developer/Xcode/DerivedData/Buzz-faillbpsmponqzeruhhvskovixzk/Build/Products/Debug-iphonesimulator/PackageFrameworks -F /Users/xinyufang/Library/Developer/Xcode/DerivedData/Buzz-faillbpsmponqzeruhhvskovixzk/Build/Products/Debug-iphonesimulator/PackageFrameworks -F /Users/xinyufang/Library/Developer/Xcode/DerivedData/Buzz-faillbpsmponqzeruhhvskovixzk/Build/Products/Debug-iphonesimulator -F /Applications/Xcode.app/Contents/Developer/Platforms/iPhoneSimulator.platform/Developer/Library/Frameworks -F /Applications/Xcode.app/Contents/Developer/Platforms/iPhoneSimulator.platform/Developer/SDKs/iPhoneSimulator26.0.sdk/Developer/Library/Frameworks -c -j8 -enable-batch-mode -incremental -Xcc -ivfsstatcache -Xcc /Users/xinyufang/Library/Developer/Xcode/DerivedData/SDKStatCaches.noindex/iphonesimulator26.0-23A339-26257891a6c027eb51374368541b8346.sdkstatcache -output-file-map /Users/xinyufang/Library/Developer/Xcode/DerivedData/Buzz-faillbpsmponqzeruhhvskovixzk/Build/Intermediates.noindex/swift-clocks.build/Debug-iphonesimulator/Clocks.build/Objects-normal/arm64/Clocks-OutputFileMap.json -use-frontend-parseable-output -save-temps -no-color-diagnostics -explicit-module-build -module-cache-path /Users/xinyufang/Library/Developer/Xcode/DerivedData/Buzz-faillbpsmponqzeruhhvskovixzk/Build/Intermediates.noindex/SwiftExplicitPrecompiledModules -clang-scanner-module-cache-path /Users/xinyufang/Library/Developer/Xcode/DerivedData/ModuleCache.noindex -sdk-module-cache-path /Users/xinyufang/Library/Developer/Xcode/DerivedData/ModuleCache.noindex -serialize-diagnostics -emit-dependencies -emit-module -emit-module-path /Users/xinyufang/Library/Developer/Xcode/DerivedData/Buzz-faillbpsmponqzeruhhvskovixzk/Build/Intermediates.noindex/swift-clocks.build/Debug-iphonesimulator/Clocks.build/Objects-normal/arm64/Clocks.swiftmodule -user-module-version 1.0.6 -validate-clang-modules-once -clang-build-session-file /Users/xinyufang/Library/Developer/Xcode/DerivedData/ModuleCache.noindex/Session.modulevalidation -package-name swift_clocks -Xcc -I/Users/xinyufang/Library/Developer/Xcode/DerivedData/Buzz-faillbpsmponqzeruhhvskovixzk/Build/Intermediates.noindex/swift-clocks.build/Debug-iphonesimulator/Clocks.build/swift-overrides.hmap -emit-const-values -Xfrontend -const-gather-protocols-file -Xfrontend /Users/xinyufang/Library/Developer/Xcode/DerivedData/Buzz-faillbpsmponqzeruhhvskovixzk/Build/Intermediates.noindex/swift-clocks.build/Debug-iphonesimulator/Clocks.build/Objects-normal/arm64/Clocks_const_extract_protocols.json -Xcc -I/Users/xinyufang/Library/Developer/Xcode/DerivedData/Buzz-faillbpsmponqzeruhhvskovixzk/Build/Products/Debug-iphonesimulator/include -Xcc -I/Users/xinyufang/Library/Developer/Xcode/DerivedData/Buzz-faillbpsmponqzeruhhvskovixzk/Build/Intermediates.noindex/swift-clocks.build/Debug-iphonesimulator/Clocks.build/DerivedSources-normal/arm64 -Xcc -I/Users/xinyufang/Library/Developer/Xcode/DerivedData/Buzz-faillbpsmponqzeruhhvskovixzk/Build/Intermediates.noindex/swift-clocks.build/Debug-iphonesimulator/Clocks.build/DerivedSources/arm64 -Xcc -I/Users/xinyufang/Library/Developer/Xcode/DerivedData/Buzz-faillbpsmponqzeruhhvskovixzk/Build/Intermediates.noindex/swift-clocks.build/Debug-iphonesimulator/Clocks.build/DerivedSources -Xcc -DSWIFT_PACKAGE -Xcc -DDEBUG\=1 -emit-objc-header -emit-objc-header-path /Users/xinyufang/Library/Developer/Xcode/DerivedData/Buzz-faillbpsmponqzeruhhvskovixzk/Build/Intermediates.noindex/swift-clocks.build/Debug-iphonesimulator/Clocks.build/Objects-normal/arm64/Clocks-Swift.h -working-directory /Users/xinyufang/Documents/Buzz/Buzz.xcodeproj -experimental-emit-module-separately -disable-cmo

SwiftDriverJobDiscovery normal arm64 Compiling GoogleSignInButtonBundleExtensions.swift (in target 'GoogleSignInSwift' from project 'GoogleSignIn')

SwiftCompile normal arm64 Compiling\ UnimplementedClock.swift /Users/xinyufang/Library/Developer/Xcode/DerivedData/Buzz-faillbpsmponqzeruhhvskovixzk/SourcePackages/checkouts/swift-clocks/Sources/Clocks/UnimplementedClock.swift (in target 'Clocks' from project 'swift-clocks')

SwiftCompile normal arm64 /Users/xinyufang/Library/Developer/Xcode/DerivedData/Buzz-faillbpsmponqzeruhhvskovixzk/SourcePackages/checkouts/swift-clocks/Sources/Clocks/UnimplementedClock.swift (in target 'Clocks' from project 'swift-clocks')
    cd /Users/xinyufang/Documents/Buzz/Buzz.xcodeproj
    

SwiftMergeGeneratedHeaders /Users/xinyufang/Library/Developer/Xcode/DerivedData/Buzz-faillbpsmponqzeruhhvskovixzk/Build/Intermediates.noindex/GeneratedModuleMaps-iphonesimulator/Clocks-Swift.h /Users/xinyufang/Library/Developer/Xcode/DerivedData/Buzz-faillbpsmponqzeruhhvskovixzk/Build/Intermediates.noindex/swift-clocks.build/Debug-iphonesimulator/Clocks.build/Objects-normal/arm64/Clocks-Swift.h (in target 'Clocks' from project 'swift-clocks')
    cd /Users/xinyufang/Library/Developer/Xcode/DerivedData/Buzz-faillbpsmponqzeruhhvskovixzk/SourcePackages/checkouts/swift-clocks
    builtin-swiftHeaderTool -arch arm64 /Users/xinyufang/Library/Developer/Xcode/DerivedData/Buzz-faillbpsmponqzeruhhvskovixzk/Build/Intermediates.noindex/swift-clocks.build/Debug-iphonesimulator/Clocks.build/Objects-normal/arm64/Clocks-Swift.h -o /Users/xinyufang/Library/Developer/Xcode/DerivedData/Buzz-faillbpsmponqzeruhhvskovixzk/Build/Intermediates.noindex/GeneratedModuleMaps-iphonesimulator/Clocks-Swift.h

SwiftDriverJobDiscovery normal arm64 Compiling GoogleSignInButtonStyling.swift (in target 'GoogleSignInSwift' from project 'GoogleSignIn')

Copy /Users/xinyufang/Library/Developer/Xcode/DerivedData/Buzz-faillbpsmponqzeruhhvskovixzk/Build/Products/Debug-iphonesimulator/Clocks.swiftmodule/arm64-apple-ios-simulator.swiftmodule /Users/xinyufang/Library/Developer/Xcode/DerivedData/Buzz-faillbpsmponqzeruhhvskovixzk/Build/Intermediates.noindex/swift-clocks.build/Debug-iphonesimulator/Clocks.build/Objects-normal/arm64/Clocks.swiftmodule (in target 'Clocks' from project 'swift-clocks')
    cd /Users/xinyufang/Library/Developer/Xcode/DerivedData/Buzz-faillbpsmponqzeruhhvskovixzk/SourcePackages/checkouts/swift-clocks
    builtin-copy -exclude .DS_Store -exclude CVS -exclude .svn -exclude .git -exclude .hg -resolve-src-symlinks -rename /Users/xinyufang/Library/Developer/Xcode/DerivedData/Buzz-faillbpsmponqzeruhhvskovixzk/Build/Intermediates.noindex/swift-clocks.build/Debug-iphonesimulator/Clocks.build/Objects-normal/arm64/Clocks.swiftmodule /Users/xinyufang/Library/Developer/Xcode/DerivedData/Buzz-faillbpsmponqzeruhhvskovixzk/Build/Products/Debug-iphonesimulator/Clocks.swiftmodule/arm64-apple-ios-simulator.swiftmodule

Copy /Users/xinyufang/Library/Developer/Xcode/DerivedData/Buzz-faillbpsmponqzeruhhvskovixzk/Build/Products/Debug-iphonesimulator/Clocks.swiftmodule/arm64-apple-ios-simulator.swiftdoc /Users/xinyufang/Library/Developer/Xcode/DerivedData/Buzz-faillbpsmponqzeruhhvskovixzk/Build/Intermediates.noindex/swift-clocks.build/Debug-iphonesimulator/Clocks.build/Objects-normal/arm64/Clocks.swiftdoc (in target 'Clocks' from project 'swift-clocks')
    cd /Users/xinyufang/Library/Developer/Xcode/DerivedData/Buzz-faillbpsmponqzeruhhvskovixzk/SourcePackages/checkouts/swift-clocks
    builtin-copy -exclude .DS_Store -exclude CVS -exclude .svn -exclude .git -exclude .hg -resolve-src-symlinks -rename /Users/xinyufang/Library/Developer/Xcode/DerivedData/Buzz-faillbpsmponqzeruhhvskovixzk/Build/Intermediates.noindex/swift-clocks.build/Debug-iphonesimulator/Clocks.build/Objects-normal/arm64/Clocks.swiftdoc /Users/xinyufang/Library/Developer/Xcode/DerivedData/Buzz-faillbpsmponqzeruhhvskovixzk/Build/Products/Debug-iphonesimulator/Clocks.swiftmodule/arm64-apple-ios-simulator.swiftdoc

Copy /Users/xinyufang/Library/Developer/Xcode/DerivedData/Buzz-faillbpsmponqzeruhhvskovixzk/Build/Products/Debug-iphonesimulator/Clocks.swiftmodule/arm64-apple-ios-simulator.abi.json /Users/xinyufang/Library/Developer/Xcode/DerivedData/Buzz-faillbpsmponqzeruhhvskovixzk/Build/Intermediates.noindex/swift-clocks.build/Debug-iphonesimulator/Clocks.build/Objects-normal/arm64/Clocks.abi.json (in target 'Clocks' from project 'swift-clocks')
    cd /Users/xinyufang/Library/Developer/Xcode/DerivedData/Buzz-faillbpsmponqzeruhhvskovixzk/SourcePackages/checkouts/swift-clocks
    builtin-copy -exclude .DS_Store -exclude CVS -exclude .svn -exclude .git -exclude .hg -resolve-src-symlinks -rename /Users/xinyufang/Library/Developer/Xcode/DerivedData/Buzz-faillbpsmponqzeruhhvskovixzk/Build/Intermediates.noindex/swift-clocks.build/Debug-iphonesimulator/Clocks.build/Objects-normal/arm64/Clocks.abi.json /Users/xinyufang/Library/Developer/Xcode/DerivedData/Buzz-faillbpsmponqzeruhhvskovixzk/Build/Products/Debug-iphonesimulator/Clocks.swiftmodule/arm64-apple-ios-simulator.abi.json

Copy /Users/xinyufang/Library/Developer/Xcode/DerivedData/Buzz-faillbpsmponqzeruhhvskovixzk/Build/Products/Debug-iphonesimulator/Clocks.swiftmodule/Project/arm64-apple-ios-simulator.swiftsourceinfo /Users/xinyufang/Library/Developer/Xcode/DerivedData/Buzz-faillbpsmponqzeruhhvskovixzk/Build/Intermediates.noindex/swift-clocks.build/Debug-iphonesimulator/Clocks.build/Objects-normal/arm64/Clocks.swiftsourceinfo (in target 'Clocks' from project 'swift-clocks')
    cd /Users/xinyufang/Library/Developer/Xcode/DerivedData/Buzz-faillbpsmponqzeruhhvskovixzk/SourcePackages/checkouts/swift-clocks
    builtin-copy -exclude .DS_Store -exclude CVS -exclude .svn -exclude .git -exclude .hg -resolve-src-symlinks -rename /Users/xinyufang/Library/Developer/Xcode/DerivedData/Buzz-faillbpsmponqzeruhhvskovixzk/Build/Intermediates.noindex/swift-clocks.build/Debug-iphonesimulator/Clocks.build/Objects-normal/arm64/Clocks.swiftsourceinfo /Users/xinyufang/Library/Developer/Xcode/DerivedData/Buzz-faillbpsmponqzeruhhvskovixzk/Build/Products/Debug-iphonesimulator/Clocks.swiftmodule/Project/arm64-apple-ios-simulator.swiftsourceinfo

SwiftCompile normal arm64 Compiling\ SwiftUI.swift /Users/xinyufang/Library/Developer/Xcode/DerivedData/Buzz-faillbpsmponqzeruhhvskovixzk/SourcePackages/checkouts/swift-clocks/Sources/Clocks/SwiftUI.swift (in target 'Clocks' from project 'swift-clocks')

SwiftCompile normal arm64 /Users/xinyufang/Library/Developer/Xcode/DerivedData/Buzz-faillbpsmponqzeruhhvskovixzk/SourcePackages/checkouts/swift-clocks/Sources/Clocks/SwiftUI.swift (in target 'Clocks' from project 'swift-clocks')
    cd /Users/xinyufang/Documents/Buzz/Buzz.xcodeproj
    

SwiftCompile normal arm64 Compiling\ Timer.swift /Users/xinyufang/Library/Developer/Xcode/DerivedData/Buzz-faillbpsmponqzeruhhvskovixzk/SourcePackages/checkouts/swift-clocks/Sources/Clocks/Timer.swift (in target 'Clocks' from project 'swift-clocks')

SwiftCompile normal arm64 /Users/xinyufang/Library/Developer/Xcode/DerivedData/Buzz-faillbpsmponqzeruhhvskovixzk/SourcePackages/checkouts/swift-clocks/Sources/Clocks/Timer.swift (in target 'Clocks' from project 'swift-clocks')
    cd /Users/xinyufang/Documents/Buzz/Buzz.xcodeproj
    

SwiftDriverJobDiscovery normal arm64 Compiling GoogleSignInButton.swift (in target 'GoogleSignInSwift' from project 'GoogleSignIn')

SwiftDriver\ Compilation GoogleSignInSwift normal arm64 com.apple.xcode.tools.swift.compiler (in target 'GoogleSignInSwift' from project 'GoogleSignIn')
    cd /Users/xinyufang/Documents/Buzz/Buzz.xcodeproj
    builtin-Swift-Compilation -- /Applications/Xcode.app/Contents/Developer/Toolchains/XcodeDefault.xctoolchain/usr/bin/swiftc -module-name GoogleSignInSwift -Onone -enforce-exclusivity\=checked @/Users/xinyufang/Library/Developer/Xcode/DerivedData/Buzz-faillbpsmponqzeruhhvskovixzk/Build/Intermediates.noindex/GoogleSignIn.build/Debug-iphonesimulator/GoogleSignInSwift.build/Objects-normal/arm64/GoogleSignInSwift.SwiftFileList -DSWIFT_PACKAGE -DDEBUG -DSWIFT_MODULE_RESOURCE_BUNDLE_AVAILABLE -Xcc -fmodule-map-file\=/Users/xinyufang/Library/Developer/Xcode/DerivedData/Buzz-faillbpsmponqzeruhhvskovixzk/Build/Intermediates.noindex/GeneratedModuleMaps-iphonesimulator/AppAuth.modulemap -Xcc -fmodule-map-file\=/Users/xinyufang/Library/Developer/Xcode/DerivedData/Buzz-faillbpsmponqzeruhhvskovixzk/Build/Intermediates.noindex/GeneratedModuleMaps-iphonesimulator/AppAuthCore.modulemap -Xcc -fmodule-map-file\=/Users/xinyufang/Library/Developer/Xcode/DerivedData/Buzz-faillbpsmponqzeruhhvskovixzk/Build/Intermediates.noindex/GeneratedModuleMaps-iphonesimulator/GoogleUtilities-Logger.modulemap -Xcc -fmodule-map-file\=/Users/xinyufang/Library/Developer/Xcode/DerivedData/Buzz-faillbpsmponqzeruhhvskovixzk/Build/Intermediates.noindex/GeneratedModuleMaps-iphonesimulator/GoogleUtilities-Environment.modulemap -Xcc -fmodule-map-file\=/Users/xinyufang/Library/Developer/Xcode/DerivedData/Buzz-faillbpsmponqzeruhhvskovixzk/Build/Intermediates.noindex/GeneratedModuleMaps-iphonesimulator/third-party-IsAppEncrypted.modulemap -Xcc -fmodule-map-file\=/Users/xinyufang/Library/Developer/Xcode/DerivedData/Buzz-faillbpsmponqzeruhhvskovixzk/Build/Intermediates.noindex/GeneratedModuleMaps-iphonesimulator/GoogleUtilities-UserDefaults.modulemap -Xcc -fmodule-map-file\=/Users/xinyufang/Library/Developer/Xcode/DerivedData/Buzz-faillbpsmponqzeruhhvskovixzk/Build/Intermediates.noindex/GeneratedModuleMaps-iphonesimulator/AppCheckCore.modulemap -Xcc -fmodule-map-file\=/Users/xinyufang/Library/Developer/Xcode/DerivedData/Buzz-faillbpsmponqzeruhhvskovixzk/Build/Intermediates.noindex/GeneratedModuleMaps-iphonesimulator/GTMSessionFetcherCore.modulemap -Xcc -fmodule-map-file\=/Users/xinyufang/Library/Developer/Xcode/DerivedData/Buzz-faillbpsmponqzeruhhvskovixzk/Build/Intermediates.noindex/GeneratedModuleMaps-iphonesimulator/GoogleSignIn.modulemap -DXcode -plugin-path /Applications/Xcode.app/Contents/Developer/Toolchains/XcodeDefault.xctoolchain/usr/lib/swift/host/plugins/testing -enable-experimental-feature DebugDescriptionMacro -sdk /Applications/Xcode.app/Contents/Developer/Platforms/iPhoneSimulator.platform/Developer/SDKs/iPhoneSimulator26.0.sdk -target arm64-apple-ios12.0-simulator -g -module-cache-path /Users/xinyufang/Library/Developer/Xcode/DerivedData/ModuleCache.noindex -Xfrontend -serialize-debugging-options -enable-testing -suppress-warnings -index-store-path /Users/xinyufang/Library/Developer/Xcode/DerivedData/Buzz-faillbpsmponqzeruhhvskovixzk/Index.noindex/DataStore -Xcc -D_LIBCPP_HARDENING_MODE\=_LIBCPP_HARDENING_MODE_DEBUG -swift-version 5 -I /Users/xinyufang/Library/Developer/Xcode/DerivedData/Buzz-faillbpsmponqzeruhhvskovixzk/Build/Products/Debug-iphonesimulator -Isystem /Applications/Xcode.app/Contents/Developer/Platforms/iPhoneSimulator.platform/Developer/usr/lib -F /Users/xinyufang/Library/Developer/Xcode/DerivedData/Buzz-faillbpsmponqzeruhhvskovixzk/Build/Products/Debug-iphonesimulator/PackageFrameworks -F /Users/xinyufang/Library/Developer/Xcode/DerivedData/Buzz-faillbpsmponqzeruhhvskovixzk/Build/Products/Debug-iphonesimulator/PackageFrameworks -F /Users/xinyufang/Library/Developer/Xcode/DerivedData/Buzz-faillbpsmponqzeruhhvskovixzk/Build/Products/Debug-iphonesimulator/PackageFrameworks -F /Users/xinyufang/Library/Developer/Xcode/DerivedData/Buzz-faillbpsmponqzeruhhvskovixzk/Build/Products/Debug-iphonesimulator/PackageFrameworks -F /Users/xinyufang/Library/Developer/Xcode/DerivedData/Buzz-faillbpsmponqzeruhhvskovixzk/Build/Products/Debug-iphonesimulator/PackageFrameworks -F /Users/xinyufang/Library/Developer/Xcode/DerivedData/Buzz-faillbpsmponqzeruhhvskovixzk/Build/Products/Debug-iphonesimulator/PackageFrameworks -F /Users/xinyufang/Library/Developer/Xcode/DerivedData/Buzz-faillbpsmponqzeruhhvskovixzk/Build/Products/Debug-iphonesimulator/PackageFrameworks -F /Users/xinyufang/Library/Developer/Xcode/DerivedData/Buzz-faillbpsmponqzeruhhvskovixzk/Build/Products/Debug-iphonesimulator/PackageFrameworks -F /Users/xinyufang/Library/Developer/Xcode/DerivedData/Buzz-faillbpsmponqzeruhhvskovixzk/Build/Products/Debug-iphonesimulator/PackageFrameworks -F /Users/xinyufang/Library/Developer/Xcode/DerivedData/Buzz-faillbpsmponqzeruhhvskovixzk/Build/Products/Debug-iphonesimulator/PackageFrameworks -F /Users/xinyufang/Library/Developer/Xcode/DerivedData/Buzz-faillbpsmponqzeruhhvskovixzk/Build/Products/Debug-iphonesimulator/PackageFrameworks -F /Users/xinyufang/Library/Developer/Xcode/DerivedData/Buzz-faillbpsmponqzeruhhvskovixzk/Build/Products/Debug-iphonesimulator -F /Applications/Xcode.app/Contents/Developer/Platforms/iPhoneSimulator.platform/Developer/Library/Frameworks -F /Applications/Xcode.app/Contents/Developer/Platforms/iPhoneSimulator.platform/Developer/SDKs/iPhoneSimulator26.0.sdk/Developer/Library/Frameworks -emit-localized-strings -emit-localized-strings-path /Users/xinyufang/Library/Developer/Xcode/DerivedData/Buzz-faillbpsmponqzeruhhvskovixzk/Build/Intermediates.noindex/GoogleSignIn.build/Debug-iphonesimulator/GoogleSignInSwift.build/Objects-normal/arm64 -c -j8 -enable-batch-mode -incremental -Xcc -ivfsstatcache -Xcc /Users/xinyufang/Library/Developer/Xcode/DerivedData/SDKStatCaches.noindex/iphonesimulator26.0-23A339-26257891a6c027eb51374368541b8346.sdkstatcache -output-file-map /Users/xinyufang/Library/Developer/Xcode/DerivedData/Buzz-faillbpsmponqzeruhhvskovixzk/Build/Intermediates.noindex/GoogleSignIn.build/Debug-iphonesimulator/GoogleSignInSwift.build/Objects-normal/arm64/GoogleSignInSwift-OutputFileMap.json -use-frontend-parseable-output -save-temps -no-color-diagnostics -explicit-module-build -module-cache-path /Users/xinyufang/Library/Developer/Xcode/DerivedData/Buzz-faillbpsmponqzeruhhvskovixzk/Build/Intermediates.noindex/SwiftExplicitPrecompiledModules -clang-scanner-module-cache-path /Users/xinyufang/Library/Developer/Xcode/DerivedData/ModuleCache.noindex -sdk-module-cache-path /Users/xinyufang/Library/Developer/Xcode/DerivedData/ModuleCache.noindex -serialize-diagnostics -emit-dependencies -emit-module -emit-module-path /Users/xinyufang/Library/Developer/Xcode/DerivedData/Buzz-faillbpsmponqzeruhhvskovixzk/Build/Intermediates.noindex/GoogleSignIn.build/Debug-iphonesimulator/GoogleSignInSwift.build/Objects-normal/arm64/GoogleSignInSwift.swiftmodule -validate-clang-modules-once -clang-build-session-file /Users/xinyufang/Library/Developer/Xcode/DerivedData/ModuleCache.noindex/Session.modulevalidation -Xcc -I/Users/xinyufang/Library/Developer/Xcode/DerivedData/Buzz-faillbpsmponqzeruhhvskovixzk/Build/Intermediates.noindex/GoogleSignIn.build/Debug-iphonesimulator/GoogleSignInSwift.build/swift-overrides.hmap -emit-const-values -Xfrontend -const-gather-protocols-file -Xfrontend /Users/xinyufang/Library/Developer/Xcode/DerivedData/Buzz-faillbpsmponqzeruhhvskovixzk/Build/Intermediates.noindex/GoogleSignIn.build/Debug-iphonesimulator/GoogleSignInSwift.build/Objects-normal/arm64/GoogleSignInSwift_const_extract_protocols.json -Xcc -I/Users/xinyufang/Library/Developer/Xcode/DerivedData/Buzz-faillbpsmponqzeruhhvskovixzk/SourcePackages/checkouts/AppAuth-iOS/Sources/AppAuth -Xcc -I/Users/xinyufang/Library/Developer/Xcode/DerivedData/Buzz-faillbpsmponqzeruhhvskovixzk/SourcePackages/checkouts/AppAuth-iOS/Sources/AppAuthCore -Xcc -I/Users/xinyufang/Library/Developer/Xcode/DerivedData/Buzz-faillbpsmponqzeruhhvskovixzk/SourcePackages/checkouts/promises/Sources/FBLPromises/include -Xcc -I/Users/xinyufang/Library/Developer/Xcode/DerivedData/Buzz-faillbpsmponqzeruhhvskovixzk/SourcePackages/checkouts/GoogleUtilities/GoogleUtilities/Logger/Public -Xcc -I/Users/xinyufang/Library/Developer/Xcode/DerivedData/Buzz-faillbpsmponqzeruhhvskovixzk/SourcePackages/checkouts/GoogleUtilities/GoogleUtilities/Environment/Public -Xcc -I/Users/xinyufang/Library/Developer/Xcode/DerivedData/Buzz-faillbpsmponqzeruhhvskovixzk/SourcePackages/checkouts/GoogleUtilities/third_party/IsAppEncrypted/Public -Xcc -I/Users/xinyufang/Library/Developer/Xcode/DerivedData/Buzz-faillbpsmponqzeruhhvskovixzk/SourcePackages/checkouts/GoogleUtilities/GoogleUtilities/UserDefaults/Public -Xcc -I/Users/xinyufang/Library/Developer/Xcode/DerivedData/Buzz-faillbpsmponqzeruhhvskovixzk/SourcePackages/checkouts/app-check/AppCheckCore/Sources/Public -Xcc -I/Users/xinyufang/Library/Developer/Xcode/DerivedData/Buzz-faillbpsmponqzeruhhvskovixzk/SourcePackages/checkouts/gtm-session-fetcher/Sources/Core/Public -Xcc -I/Users/xinyufang/Library/Developer/Xcode/DerivedData/Buzz-faillbpsmponqzeruhhvskovixzk/SourcePackages/checkouts/GoogleSignIn-iOS/GoogleSignIn/Sources/Public -Xcc -I/Users/xinyufang/Library/Developer/Xcode/DerivedData/Buzz-faillbpsmponqzeruhhvskovixzk/Build/Products/Debug-iphonesimulator/include -Xcc -I/Users/xinyufang/Library/Developer/Xcode/DerivedData/Buzz-faillbpsmponqzeruhhvskovixzk/Build/Intermediates.noindex/GoogleSignIn.build/Debug-iphonesimulator/GoogleSignInSwift.build/DerivedSources-normal/arm64 -Xcc -I/Users/xinyufang/Library/Developer/Xcode/DerivedData/Buzz-faillbpsmponqzeruhhvskovixzk/Build/Intermediates.noindex/GoogleSignIn.build/Debug-iphonesimulator/GoogleSignInSwift.build/DerivedSources/arm64 -Xcc -I/Users/xinyufang/Library/Developer/Xcode/DerivedData/Buzz-faillbpsmponqzeruhhvskovixzk/Build/Intermediates.noindex/GoogleSignIn.build/Debug-iphonesimulator/GoogleSignInSwift.build/DerivedSources -Xcc -DSWIFT_PACKAGE -Xcc -DDEBUG\=1 -emit-objc-header -emit-objc-header-path /Users/xinyufang/Library/Developer/Xcode/DerivedData/Buzz-faillbpsmponqzeruhhvskovixzk/Build/Intermediates.noindex/GoogleSignIn.build/Debug-iphonesimulator/GoogleSignInSwift.build/Objects-normal/arm64/GoogleSignInSwift-Swift.h -working-directory /Users/xinyufang/Documents/Buzz/Buzz.xcodeproj -experimental-emit-module-separately -disable-cmo

PrecompileModule /Users/xinyufang/Library/Developer/Xcode/DerivedData/Buzz-faillbpsmponqzeruhhvskovixzk/Build/Intermediates.noindex/ExplicitPrecompiledModules/CoreAudioTypes-3C9161LZ9YO7C2ZN55W1UN8KL.scan
    cd /
    builtin-precompileModule /Users/xinyufang/Library/Developer/Xcode/DerivedData/Buzz-faillbpsmponqzeruhhvskovixzk/Build/Intermediates.noindex/ExplicitPrecompiledModules/CoreAudioTypes-3C9161LZ9YO7C2ZN55W1UN8KL.scan

PrecompileModule /Users/xinyufang/Library/Developer/Xcode/DerivedData/Buzz-faillbpsmponqzeruhhvskovixzk/Build/Intermediates.noindex/ExplicitPrecompiledModules/CFNetwork-5ARWK5S7YIG8644AZKR2JFAVA.scan
    cd /
    builtin-precompileModule /Users/xinyufang/Library/Developer/Xcode/DerivedData/Buzz-faillbpsmponqzeruhhvskovixzk/Build/Intermediates.noindex/ExplicitPrecompiledModules/CFNetwork-5ARWK5S7YIG8644AZKR2JFAVA.scan

SwiftDriverJobDiscovery normal arm64 Compiling ImmediateClock.swift (in target 'Clocks' from project 'swift-clocks')

PrecompileModule /Users/xinyufang/Library/Developer/Xcode/DerivedData/Buzz-faillbpsmponqzeruhhvskovixzk/Build/Intermediates.noindex/ExplicitPrecompiledModules/CoreGraphics-7JX2A5HGWYTD3OI6OZA1X9LK4.scan
    cd /
    builtin-precompileModule /Users/xinyufang/Library/Developer/Xcode/DerivedData/Buzz-faillbpsmponqzeruhhvskovixzk/Build/Intermediates.noindex/ExplicitPrecompiledModules/CoreGraphics-7JX2A5HGWYTD3OI6OZA1X9LK4.scan

PrecompileModule /Users/xinyufang/Library/Developer/Xcode/DerivedData/Buzz-faillbpsmponqzeruhhvskovixzk/Build/Intermediates.noindex/ExplicitPrecompiledModules/Security-1QZ5LSUML5IZL3E1IXGW8EU8O.scan
    cd /
    builtin-precompileModule /Users/xinyufang/Library/Developer/Xcode/DerivedData/Buzz-faillbpsmponqzeruhhvskovixzk/Build/Intermediates.noindex/ExplicitPrecompiledModules/Security-1QZ5LSUML5IZL3E1IXGW8EU8O.scan

PrecompileModule /Users/xinyufang/Library/Developer/Xcode/DerivedData/Buzz-faillbpsmponqzeruhhvskovixzk/Build/Intermediates.noindex/ExplicitPrecompiledModules/CoreAudio-46WRZ7LDCIIJ8SH7DPN227Y04.scan
    cd /
    builtin-precompileModule /Users/xinyufang/Library/Developer/Xcode/DerivedData/Buzz-faillbpsmponqzeruhhvskovixzk/Build/Intermediates.noindex/ExplicitPrecompiledModules/CoreAudio-46WRZ7LDCIIJ8SH7DPN227Y04.scan

SwiftDriverJobDiscovery normal arm64 Compiling Timer.swift (in target 'Clocks' from project 'swift-clocks')

SwiftCompile normal arm64 Compiling\ _AsyncTimerSequence.swift /Users/xinyufang/Library/Developer/Xcode/DerivedData/Buzz-faillbpsmponqzeruhhvskovixzk/SourcePackages/checkouts/swift-clocks/Sources/Clocks/Internal/_AsyncTimerSequence.swift (in target 'Clocks' from project 'swift-clocks')

SwiftCompile normal arm64 /Users/xinyufang/Library/Developer/Xcode/DerivedData/Buzz-faillbpsmponqzeruhhvskovixzk/SourcePackages/checkouts/swift-clocks/Sources/Clocks/Internal/_AsyncTimerSequence.swift (in target 'Clocks' from project 'swift-clocks')
    cd /Users/xinyufang/Documents/Buzz/Buzz.xcodeproj
    

SwiftCompile normal arm64 Compiling\ AnyClock.swift /Users/xinyufang/Library/Developer/Xcode/DerivedData/Buzz-faillbpsmponqzeruhhvskovixzk/SourcePackages/checkouts/swift-clocks/Sources/Clocks/AnyClock.swift (in target 'Clocks' from project 'swift-clocks')

SwiftCompile normal arm64 /Users/xinyufang/Library/Developer/Xcode/DerivedData/Buzz-faillbpsmponqzeruhhvskovixzk/SourcePackages/checkouts/swift-clocks/Sources/Clocks/AnyClock.swift (in target 'Clocks' from project 'swift-clocks')
    cd /Users/xinyufang/Documents/Buzz/Buzz.xcodeproj
    

SwiftCompile normal arm64 Compiling\ Lock.swift /Users/xinyufang/Library/Developer/Xcode/DerivedData/Buzz-faillbpsmponqzeruhhvskovixzk/SourcePackages/checkouts/swift-clocks/Sources/Clocks/Internal/Lock.swift (in target 'Clocks' from project 'swift-clocks')

SwiftCompile normal arm64 /Users/xinyufang/Library/Developer/Xcode/DerivedData/Buzz-faillbpsmponqzeruhhvskovixzk/SourcePackages/checkouts/swift-clocks/Sources/Clocks/Internal/Lock.swift (in target 'Clocks' from project 'swift-clocks')
    cd /Users/xinyufang/Documents/Buzz/Buzz.xcodeproj
    

PrecompileModule /Users/xinyufang/Library/Developer/Xcode/DerivedData/Buzz-faillbpsmponqzeruhhvskovixzk/Build/Intermediates.noindex/ExplicitPrecompiledModules/ImageIO-AU3RD00IXPN20UR8KUB37B41.scan
    cd /
    builtin-precompileModule /Users/xinyufang/Library/Developer/Xcode/DerivedData/Buzz-faillbpsmponqzeruhhvskovixzk/Build/Intermediates.noindex/ExplicitPrecompiledModules/ImageIO-AU3RD00IXPN20UR8KUB37B41.scan

PrecompileModule /Users/xinyufang/Library/Developer/Xcode/DerivedData/Buzz-faillbpsmponqzeruhhvskovixzk/Build/Intermediates.noindex/ExplicitPrecompiledModules/Foundation-F18H77DCFZ2JSGR7S1I5I7SC1.scan
    cd /
    builtin-precompileModule /Users/xinyufang/Library/Developer/Xcode/DerivedData/Buzz-faillbpsmponqzeruhhvskovixzk/Build/Intermediates.noindex/ExplicitPrecompiledModules/Foundation-F18H77DCFZ2JSGR7S1I5I7SC1.scan

SwiftDriverJobDiscovery normal arm64 Compiling SwiftUI.swift (in target 'Clocks' from project 'swift-clocks')

PrecompileModule /Users/xinyufang/Library/Developer/Xcode/DerivedData/Buzz-faillbpsmponqzeruhhvskovixzk/Build/Intermediates.noindex/ExplicitPrecompiledModules/CoreText-3J5CBD8KCW8M4L69JSZ9AF792.scan
    cd /
    builtin-precompileModule /Users/xinyufang/Library/Developer/Xcode/DerivedData/Buzz-faillbpsmponqzeruhhvskovixzk/Build/Intermediates.noindex/ExplicitPrecompiledModules/CoreText-3J5CBD8KCW8M4L69JSZ9AF792.scan

SwiftDriverJobDiscovery normal arm64 Compiling UnimplementedClock.swift (in target 'Clocks' from project 'swift-clocks')

ExtractAppIntentsMetadata (in target 'StripeConnect' from project 'Stripe')
    cd /Users/xinyufang/Library/Developer/Xcode/DerivedData/Buzz-faillbpsmponqzeruhhvskovixzk/SourcePackages/checkouts/stripe-ios-spm
    /Applications/Xcode.app/Contents/Developer/Toolchains/XcodeDefault.xctoolchain/usr/bin/appintentsmetadataprocessor --toolchain-dir /Applications/Xcode.app/Contents/Developer/Toolchains/XcodeDefault.xctoolchain --module-name StripeConnect --sdk-root /Applications/Xcode.app/Contents/Developer/Platforms/iPhoneSimulator.platform/Developer/SDKs/iPhoneSimulator26.0.sdk --xcode-version 17A400 --platform-family iOS --deployment-target 13.0 --bundle-identifier stripe-ios-spm.StripeConnect --output /Users/xinyufang/Library/Developer/Xcode/DerivedData/Buzz-faillbpsmponqzeruhhvskovixzk/Build/Products/Debug-iphonesimulator/StripeConnect.appintents --target-triple arm64-apple-ios13.0-simulator --binary-file /Users/xinyufang/Library/Developer/Xcode/DerivedData/Buzz-faillbpsmponqzeruhhvskovixzk/Build/Products/Debug-iphonesimulator/StripeConnect.o --dependency-file /Users/xinyufang/Library/Developer/Xcode/DerivedData/Buzz-faillbpsmponqzeruhhvskovixzk/Build/Intermediates.noindex/Stripe.build/Debug-iphonesimulator/StripeConnect.build/Objects-normal/arm64/StripeConnect_dependency_info.dat --stringsdata-file /Users/xinyufang/Library/Developer/Xcode/DerivedData/Buzz-faillbpsmponqzeruhhvskovixzk/Build/Intermediates.noindex/Stripe.build/Debug-iphonesimulator/StripeConnect.build/Objects-normal/arm64/ExtractedAppShortcutsMetadata.stringsdata --source-file-list /Users/xinyufang/Library/Developer/Xcode/DerivedData/Buzz-faillbpsmponqzeruhhvskovixzk/Build/Intermediates.noindex/Stripe.build/Debug-iphonesimulator/StripeConnect.build/Objects-normal/arm64/StripeConnect.SwiftFileList --metadata-file-list /Users/xinyufang/Library/Developer/Xcode/DerivedData/Buzz-faillbpsmponqzeruhhvskovixzk/Build/Intermediates.noindex/Stripe.build/Debug-iphonesimulator/StripeConnect.build/StripeConnect.DependencyMetadataFileList --static-metadata-file-list /Users/xinyufang/Library/Developer/Xcode/DerivedData/Buzz-faillbpsmponqzeruhhvskovixzk/Build/Intermediates.noindex/Stripe.build/Debug-iphonesimulator/StripeConnect.build/StripeConnect.DependencyStaticMetadataFileList --swift-const-vals-list /Users/xinyufang/Library/Developer/Xcode/DerivedData/Buzz-faillbpsmponqzeruhhvskovixzk/Build/Intermediates.noindex/Stripe.build/Debug-iphonesimulator/StripeConnect.build/Objects-normal/arm64/StripeConnect.SwiftConstValuesFileList --force --compile-time-extraction --deployment-aware-processing --validate-assistant-intents --no-app-shortcuts-localization
2025-11-16 01:12:17.269 appintentsmetadataprocessor[64414:26422781] Starting appintentsmetadataprocessor export
2025-11-16 01:12:17.405 appintentsmetadataprocessor[64414:26422781] Extracted no relevant App Intents symbols, skipping writing output

SwiftDriverJobDiscovery normal arm64 Compiling TestClock.swift (in target 'Clocks' from project 'swift-clocks')

SwiftDriverJobDiscovery normal arm64 Compiling Lock.swift (in target 'Clocks' from project 'swift-clocks')

RegisterExecutionPolicyException /Users/xinyufang/Library/Developer/Xcode/DerivedData/Buzz-faillbpsmponqzeruhhvskovixzk/Build/Products/Debug-iphonesimulator/XCTestDynamicOverlay.o (in target 'XCTestDynamicOverlay' from project 'xctest-dynamic-overlay')
    cd /Users/xinyufang/Library/Developer/Xcode/DerivedData/Buzz-faillbpsmponqzeruhhvskovixzk/SourcePackages/checkouts/xctest-dynamic-overlay
    builtin-RegisterExecutionPolicyException /Users/xinyufang/Library/Developer/Xcode/DerivedData/Buzz-faillbpsmponqzeruhhvskovixzk/Build/Products/Debug-iphonesimulator/XCTestDynamicOverlay.o

RegisterExecutionPolicyException /Users/xinyufang/Library/Developer/Xcode/DerivedData/Buzz-faillbpsmponqzeruhhvskovixzk/Build/Products/Debug-iphonesimulator/StripeIdentity.o (in target 'StripeIdentity' from project 'Stripe')
    cd /Users/xinyufang/Library/Developer/Xcode/DerivedData/Buzz-faillbpsmponqzeruhhvskovixzk/SourcePackages/checkouts/stripe-ios-spm
    builtin-RegisterExecutionPolicyException /Users/xinyufang/Library/Developer/Xcode/DerivedData/Buzz-faillbpsmponqzeruhhvskovixzk/Build/Products/Debug-iphonesimulator/StripeIdentity.o

Ld /Users/xinyufang/Library/Developer/Xcode/DerivedData/Buzz-faillbpsmponqzeruhhvskovixzk/Build/Products/Debug-iphonesimulator/GoogleUtilities-Logger.o normal (in target 'GoogleUtilities-Logger' from project 'GoogleUtilities')
    cd /Users/xinyufang/Library/Developer/Xcode/DerivedData/Buzz-faillbpsmponqzeruhhvskovixzk/SourcePackages/checkouts/GoogleUtilities
    /Applications/Xcode.app/Contents/Developer/Toolchains/XcodeDefault.xctoolchain/usr/bin/clang -Xlinker -reproducible -target arm64-apple-ios12.0-simulator -r -isysroot /Applications/Xcode.app/Contents/Developer/Platforms/iPhoneSimulator.platform/Developer/SDKs/iPhoneSimulator26.0.sdk -O0 -w -L/Users/xinyufang/Library/Developer/Xcode/DerivedData/Buzz-faillbpsmponqzeruhhvskovixzk/Build/Intermediates.noindex/EagerLinkingTBDs/Debug-iphonesimulator -L/Users/xinyufang/Library/Developer/Xcode/DerivedData/Buzz-faillbpsmponqzeruhhvskovixzk/Build/Products/Debug-iphonesimulator -L/Applications/Xcode.app/Contents/Developer/Platforms/iPhoneSimulator.platform/Developer/usr/lib -F/Users/xinyufang/Library/Developer/Xcode/DerivedData/Buzz-faillbpsmponqzeruhhvskovixzk/Build/Intermediates.noindex/EagerLinkingTBDs/Debug-iphonesimulator -F/Users/xinyufang/Library/Developer/Xcode/DerivedData/Buzz-faillbpsmponqzeruhhvskovixzk/Build/Products/Debug-iphonesimulator/PackageFrameworks -F/Users/xinyufang/Library/Developer/Xcode/DerivedData/Buzz-faillbpsmponqzeruhhvskovixzk/Build/Products/Debug-iphonesimulator/PackageFrameworks -F/Users/xinyufang/Library/Developer/Xcode/DerivedData/Buzz-faillbpsmponqzeruhhvskovixzk/Build/Products/Debug-iphonesimulator -iframework /Applications/Xcode.app/Contents/Developer/Platforms/iPhoneSimulator.platform/Developer/Library/Frameworks -iframework /Applications/Xcode.app/Contents/Developer/Platforms/iPhoneSimulator.platform/Developer/SDKs/iPhoneSimulator26.0.sdk/Developer/Library/Frameworks -filelist /Users/xinyufang/Library/Developer/Xcode/DerivedData/Buzz-faillbpsmponqzeruhhvskovixzk/Build/Intermediates.noindex/GoogleUtilities.build/Debug-iphonesimulator/GoogleUtilities-Logger.build/Objects-normal/arm64/GoogleUtilities-Logger.LinkFileList -nostdlib -Xlinker -object_path_lto -Xlinker /Users/xinyufang/Library/Developer/Xcode/DerivedData/Buzz-faillbpsmponqzeruhhvskovixzk/Build/Intermediates.noindex/GoogleUtilities.build/Debug-iphonesimulator/GoogleUtilities-Logger.build/Objects-normal/arm64/GoogleUtilities-Logger_lto.o -rdynamic -Xlinker -no_deduplicate -Xlinker -objc_abi_version -Xlinker 2 -Xlinker -dependency_info -Xlinker /Users/xinyufang/Library/Developer/Xcode/DerivedData/Buzz-faillbpsmponqzeruhhvskovixzk/Build/Intermediates.noindex/GoogleUtilities.build/Debug-iphonesimulator/GoogleUtilities-Logger.build/Objects-normal/arm64/GoogleUtilities-Logger_dependency_info.dat -fobjc-arc -fobjc-link-runtime -o /Users/xinyufang/Library/Developer/Xcode/DerivedData/Buzz-faillbpsmponqzeruhhvskovixzk/Build/Products/Debug-iphonesimulator/GoogleUtilities-Logger.o

SwiftDriverJobDiscovery normal arm64 Compiling AnyClock.swift (in target 'Clocks' from project 'swift-clocks')

CodeSign /Users/xinyufang/Library/Developer/Xcode/DerivedData/Buzz-faillbpsmponqzeruhhvskovixzk/Build/Products/Debug-iphonesimulator/GTMSessionFetcher_GTMSessionFetcherCore.bundle (in target 'GTMSessionFetcher_GTMSessionFetcherCore' from project 'GTMSessionFetcher')
    cd /Users/xinyufang/Library/Developer/Xcode/DerivedData/Buzz-faillbpsmponqzeruhhvskovixzk/SourcePackages/checkouts/gtm-session-fetcher
    
    Signing Identity:     "Sign to Run Locally"
    
    /usr/bin/codesign --force --sign - --timestamp\=none --generate-entitlement-der /Users/xinyufang/Library/Developer/Xcode/DerivedData/Buzz-faillbpsmponqzeruhhvskovixzk/Build/Products/Debug-iphonesimulator/GTMSessionFetcher_GTMSessionFetcherCore.bundle

RegisterExecutionPolicyException /Users/xinyufang/Library/Developer/Xcode/DerivedData/Buzz-faillbpsmponqzeruhhvskovixzk/Build/Products/Debug-iphonesimulator/GTMAppAuth_GTMAppAuth.bundle (in target 'GTMAppAuth_GTMAppAuth' from project 'GTMAppAuth')
    cd /Users/xinyufang/Library/Developer/Xcode/DerivedData/Buzz-faillbpsmponqzeruhhvskovixzk/SourcePackages/checkouts/GTMAppAuth
    builtin-RegisterExecutionPolicyException /Users/xinyufang/Library/Developer/Xcode/DerivedData/Buzz-faillbpsmponqzeruhhvskovixzk/Build/Products/Debug-iphonesimulator/GTMAppAuth_GTMAppAuth.bundle

RegisterExecutionPolicyException /Users/xinyufang/Library/Developer/Xcode/DerivedData/Buzz-faillbpsmponqzeruhhvskovixzk/Build/Products/Debug-iphonesimulator/Stripe.o (in target 'Stripe' from project 'Stripe')
    cd /Users/xinyufang/Library/Developer/Xcode/DerivedData/Buzz-faillbpsmponqzeruhhvskovixzk/SourcePackages/checkouts/stripe-ios-spm
    builtin-RegisterExecutionPolicyException /Users/xinyufang/Library/Developer/Xcode/DerivedData/Buzz-faillbpsmponqzeruhhvskovixzk/Build/Products/Debug-iphonesimulator/Stripe.o

RegisterExecutionPolicyException /Users/xinyufang/Library/Developer/Xcode/DerivedData/Buzz-faillbpsmponqzeruhhvskovixzk/Build/Products/Debug-iphonesimulator/FBLPromises.o (in target 'FBLPromises' from project 'Promises')
    cd /Users/xinyufang/Library/Developer/Xcode/DerivedData/Buzz-faillbpsmponqzeruhhvskovixzk/SourcePackages/checkouts/promises
    builtin-RegisterExecutionPolicyException /Users/xinyufang/Library/Developer/Xcode/DerivedData/Buzz-faillbpsmponqzeruhhvskovixzk/Build/Products/Debug-iphonesimulator/FBLPromises.o

SwiftDriverJobDiscovery normal arm64 Compiling _AsyncTimerSequence.swift (in target 'Clocks' from project 'swift-clocks')

SwiftDriver\ Compilation Clocks normal arm64 com.apple.xcode.tools.swift.compiler (in target 'Clocks' from project 'swift-clocks')
    cd /Users/xinyufang/Documents/Buzz/Buzz.xcodeproj
    builtin-Swift-Compilation -- /Applications/Xcode.app/Contents/Developer/Toolchains/XcodeDefault.xctoolchain/usr/bin/swiftc -module-name Clocks -Onone -enforce-exclusivity\=checked @/Users/xinyufang/Library/Developer/Xcode/DerivedData/Buzz-faillbpsmponqzeruhhvskovixzk/Build/Intermediates.noindex/swift-clocks.build/Debug-iphonesimulator/Clocks.build/Objects-normal/arm64/Clocks.SwiftFileList -DSWIFT_PACKAGE -DDEBUG -DSWIFT_MODULE_RESOURCE_BUNDLE_UNAVAILABLE -DXcode -plugin-path /Applications/Xcode.app/Contents/Developer/Toolchains/XcodeDefault.xctoolchain/usr/lib/swift/host/plugins/testing -enable-experimental-feature DebugDescriptionMacro -sdk /Applications/Xcode.app/Contents/Developer/Platforms/iPhoneSimulator.platform/Developer/SDKs/iPhoneSimulator26.0.sdk -target arm64-apple-ios13.0-simulator -g -module-cache-path /Users/xinyufang/Library/Developer/Xcode/DerivedData/ModuleCache.noindex -Xfrontend -serialize-debugging-options -enable-testing -suppress-warnings -index-store-path /Users/xinyufang/Library/Developer/Xcode/DerivedData/Buzz-faillbpsmponqzeruhhvskovixzk/Index.noindex/DataStore -Xcc -D_LIBCPP_HARDENING_MODE\=_LIBCPP_HARDENING_MODE_DEBUG -swift-version 6 -I /Users/xinyufang/Library/Developer/Xcode/DerivedData/Buzz-faillbpsmponqzeruhhvskovixzk/Build/Products/Debug-iphonesimulator -Isystem /Applications/Xcode.app/Contents/Developer/Platforms/iPhoneSimulator.platform/Developer/usr/lib -F /Users/xinyufang/Library/Developer/Xcode/DerivedData/Buzz-faillbpsmponqzeruhhvskovixzk/Build/Products/Debug-iphonesimulator/PackageFrameworks -F /Users/xinyufang/Library/Developer/Xcode/DerivedData/Buzz-faillbpsmponqzeruhhvskovixzk/Build/Products/Debug-iphonesimulator/PackageFrameworks -F /Users/xinyufang/Library/Developer/Xcode/DerivedData/Buzz-faillbpsmponqzeruhhvskovixzk/Build/Products/Debug-iphonesimulator/PackageFrameworks -F /Users/xinyufang/Library/Developer/Xcode/DerivedData/Buzz-faillbpsmponqzeruhhvskovixzk/Build/Products/Debug-iphonesimulator -F /Applications/Xcode.app/Contents/Developer/Platforms/iPhoneSimulator.platform/Developer/Library/Frameworks -F /Applications/Xcode.app/Contents/Developer/Platforms/iPhoneSimulator.platform/Developer/SDKs/iPhoneSimulator26.0.sdk/Developer/Library/Frameworks -c -j8 -enable-batch-mode -incremental -Xcc -ivfsstatcache -Xcc /Users/xinyufang/Library/Developer/Xcode/DerivedData/SDKStatCaches.noindex/iphonesimulator26.0-23A339-26257891a6c027eb51374368541b8346.sdkstatcache -output-file-map /Users/xinyufang/Library/Developer/Xcode/DerivedData/Buzz-faillbpsmponqzeruhhvskovixzk/Build/Intermediates.noindex/swift-clocks.build/Debug-iphonesimulator/Clocks.build/Objects-normal/arm64/Clocks-OutputFileMap.json -use-frontend-parseable-output -save-temps -no-color-diagnostics -explicit-module-build -module-cache-path /Users/xinyufang/Library/Developer/Xcode/DerivedData/Buzz-faillbpsmponqzeruhhvskovixzk/Build/Intermediates.noindex/SwiftExplicitPrecompiledModules -clang-scanner-module-cache-path /Users/xinyufang/Library/Developer/Xcode/DerivedData/ModuleCache.noindex -sdk-module-cache-path /Users/xinyufang/Library/Developer/Xcode/DerivedData/ModuleCache.noindex -serialize-diagnostics -emit-dependencies -emit-module -emit-module-path /Users/xinyufang/Library/Developer/Xcode/DerivedData/Buzz-faillbpsmponqzeruhhvskovixzk/Build/Intermediates.noindex/swift-clocks.build/Debug-iphonesimulator/Clocks.build/Objects-normal/arm64/Clocks.swiftmodule -user-module-version 1.0.6 -validate-clang-modules-once -clang-build-session-file /Users/xinyufang/Library/Developer/Xcode/DerivedData/ModuleCache.noindex/Session.modulevalidation -package-name swift_clocks -Xcc -I/Users/xinyufang/Library/Developer/Xcode/DerivedData/Buzz-faillbpsmponqzeruhhvskovixzk/Build/Intermediates.noindex/swift-clocks.build/Debug-iphonesimulator/Clocks.build/swift-overrides.hmap -emit-const-values -Xfrontend -const-gather-protocols-file -Xfrontend /Users/xinyufang/Library/Developer/Xcode/DerivedData/Buzz-faillbpsmponqzeruhhvskovixzk/Build/Intermediates.noindex/swift-clocks.build/Debug-iphonesimulator/Clocks.build/Objects-normal/arm64/Clocks_const_extract_protocols.json -Xcc -I/Users/xinyufang/Library/Developer/Xcode/DerivedData/Buzz-faillbpsmponqzeruhhvskovixzk/Build/Products/Debug-iphonesimulator/include -Xcc -I/Users/xinyufang/Library/Developer/Xcode/DerivedData/Buzz-faillbpsmponqzeruhhvskovixzk/Build/Intermediates.noindex/swift-clocks.build/Debug-iphonesimulator/Clocks.build/DerivedSources-normal/arm64 -Xcc -I/Users/xinyufang/Library/Developer/Xcode/DerivedData/Buzz-faillbpsmponqzeruhhvskovixzk/Build/Intermediates.noindex/swift-clocks.build/Debug-iphonesimulator/Clocks.build/DerivedSources/arm64 -Xcc -I/Users/xinyufang/Library/Developer/Xcode/DerivedData/Buzz-faillbpsmponqzeruhhvskovixzk/Build/Intermediates.noindex/swift-clocks.build/Debug-iphonesimulator/Clocks.build/DerivedSources -Xcc -DSWIFT_PACKAGE -Xcc -DDEBUG\=1 -emit-objc-header -emit-objc-header-path /Users/xinyufang/Library/Developer/Xcode/DerivedData/Buzz-faillbpsmponqzeruhhvskovixzk/Build/Intermediates.noindex/swift-clocks.build/Debug-iphonesimulator/Clocks.build/Objects-normal/arm64/Clocks-Swift.h -working-directory /Users/xinyufang/Documents/Buzz/Buzz.xcodeproj -experimental-emit-module-separately -disable-cmo

SwiftDriverJobDiscovery normal arm64 Compiling PaymentSheetIntentConfiguration.swift, PaymentSheetLoader.swift, STPAnalyticsClient+PaymentSheet.swift, STPApplePayContext+PaymentSheet.swift, STPPaymentIntentShippingDetailsParams+PaymentSheet.swift, SavedPaymentMethodCollectionView.swift, SavedPaymentOptionsViewController.swift, SavedPaymentMethodFormFactory+Card.swift, SavedPaymentMethodFormFactory+Link.swift, SavedPaymentMethodFormFactory+SEPADebit.swift, SavedPaymentMethodFormFactory+USBankAccount.swift, SavedPaymentMethodFormFactory.swift, BankAccountInfoView.swift, InstantDebitsPaymentMethodElement.swift, USBankAccountPaymentMethodElement.swift, FormHeaderView.swift, PaymentSheetVerticalViewController.swift, RightAccessoryButton.swift, RowButton.swift, RowButtonFlatWithCheckmark.swift, RowButtonFlatWithDisclosure.swift, RowButtonFlatWithRadioView.swift, RowButtonFloating.swift, VerticalPaymentMethodListViewController.swift (in target 'StripePaymentSheet' from project 'Stripe')

CompileC /Users/xinyufang/Library/Developer/Xcode/DerivedData/Buzz-faillbpsmponqzeruhhvskovixzk/Build/Intermediates.noindex/GoogleSignIn.build/Debug-iphonesimulator/GoogleSignIn.build/Objects-normal/arm64/resource_bundle_accessor.o /Users/xinyufang/Library/Developer/Xcode/DerivedData/Buzz-faillbpsmponqzeruhhvskovixzk/Build/Intermediates.noindex/GoogleSignIn.build/Debug-iphonesimulator/GoogleSignIn.build/DerivedSources/resource_bundle_accessor.m normal arm64 objective-c com.apple.compilers.llvm.clang.1_0.compiler (in target 'GoogleSignIn' from project 'GoogleSignIn')
    cd /Users/xinyufang/Documents/Buzz/Buzz.xcodeproj
    
    Using response file: /Users/xinyufang/Library/Developer/Xcode/DerivedData/Buzz-faillbpsmponqzeruhhvskovixzk/Build/Intermediates.noindex/GoogleSignIn.build/Debug-iphonesimulator/GoogleSignIn.build/Objects-normal/arm64/e6072d4f65d7061329687fe24e3d63a7-common-args.resp
    
    /Applications/Xcode.app/Contents/Developer/Toolchains/XcodeDefault.xctoolchain/usr/bin/clang -x objective-c -ivfsstatcache /Users/xinyufang/Library/Developer/Xcode/DerivedData/SDKStatCaches.noindex/iphonesimulator26.0-23A339-26257891a6c027eb51374368541b8346.sdkstatcache -fmessage-length\=0 -fdiagnostics-show-note-include-stack -fmacro-backtrace-limit\=0 -fno-color-diagnostics -fmodules-prune-interval\=86400 -fmodules-prune-after\=345600 -fbuild-session-file\=/Users/xinyufang/Library/Developer/Xcode/DerivedData/ModuleCache.noindex/Session.modulevalidation -fmodules-validate-once-per-build-session -Wnon-modular-include-in-framework-module -Werror\=non-modular-include-in-framework-module -Wno-trigraphs -Wno-missing-field-initializers -Wno-missing-prototypes -Wno-return-type -Wno-implicit-atomic-properties -Wno-objc-interface-ivars -Wno-arc-repeated-use-of-weak -Wno-missing-braces -Wparentheses -Wswitch -Wno-unused-function -Wno-unused-label -Wno-unused-parameter -Wno-unused-variable -Wunused-value -Wno-empty-body -Wno-uninitialized -Wno-unknown-pragmas -w -Wno-shadow -Wno-four-char-constants -Wno-conversion -Wno-constant-conversion -Wno-int-conversion -Wno-bool-conversion -Wno-enum-conversion -Wno-float-conversion -Wno-non-literal-null-conversion -Wno-objc-literal-conversion -Wshorten-64-to-32 -Wpointer-sign -Wno-newline-eof -Wno-selector -Wno-strict-selector-match -Wno-undeclared-selector -Wno-deprecated-implementations -Wno-implicit-fallthrough -fstrict-aliasing -Wprotocol -Wdeprecated-declarations -Wno-sign-conversion -Wno-infinite-recursion -Wno-comma -Wno-block-capture-autoreleasing -Wno-strict-prototypes -Wno-semicolon-before-method-body -index-store-path /Users/xinyufang/Library/Developer/Xcode/DerivedData/Buzz-faillbpsmponqzeruhhvskovixzk/Index.noindex/DataStore @/Users/xinyufang/Library/Developer/Xcode/DerivedData/Buzz-faillbpsmponqzeruhhvskovixzk/Build/Intermediates.noindex/GoogleSignIn.build/Debug-iphonesimulator/GoogleSignIn.build/Objects-normal/arm64/e6072d4f65d7061329687fe24e3d63a7-common-args.resp -include /Users/xinyufang/Library/Developer/Xcode/DerivedData/Buzz-faillbpsmponqzeruhhvskovixzk/Build/Intermediates.noindex/GoogleSignIn.build/Debug-iphonesimulator/GoogleSignIn.build/DerivedSources/resource_bundle_accessor.h -MMD -MT dependencies -MF /Users/xinyufang/Library/Developer/Xcode/DerivedData/Buzz-faillbpsmponqzeruhhvskovixzk/Build/Intermediates.noindex/GoogleSignIn.build/Debug-iphonesimulator/GoogleSignIn.build/Objects-normal/arm64/resource_bundle_accessor.d --serialize-diagnostics /Users/xinyufang/Library/Developer/Xcode/DerivedData/Buzz-faillbpsmponqzeruhhvskovixzk/Build/Intermediates.noindex/GoogleSignIn.build/Debug-iphonesimulator/GoogleSignIn.build/Objects-normal/arm64/resource_bundle_accessor.dia -c /Users/xinyufang/Library/Developer/Xcode/DerivedData/Buzz-faillbpsmponqzeruhhvskovixzk/Build/Intermediates.noindex/GoogleSignIn.build/Debug-iphonesimulator/GoogleSignIn.build/DerivedSources/resource_bundle_accessor.m -o /Users/xinyufang/Library/Developer/Xcode/DerivedData/Buzz-faillbpsmponqzeruhhvskovixzk/Build/Intermediates.noindex/GoogleSignIn.build/Debug-iphonesimulator/GoogleSignIn.build/Objects-normal/arm64/resource_bundle_accessor.o -index-unit-output-path /GoogleSignIn.build/Debug-iphonesimulator/GoogleSignIn.build/Objects-normal/arm64/resource_bundle_accessor.o

CompileC /Users/xinyufang/Library/Developer/Xcode/DerivedData/Buzz-faillbpsmponqzeruhhvskovixzk/Build/Intermediates.noindex/GoogleSignIn.build/Debug-iphonesimulator/GoogleSignIn.build/Objects-normal/arm64/GIDToken.o /Users/xinyufang/Library/Developer/Xcode/DerivedData/Buzz-faillbpsmponqzeruhhvskovixzk/SourcePackages/checkouts/GoogleSignIn-iOS/GoogleSignIn/Sources/GIDToken.m normal arm64 objective-c com.apple.compilers.llvm.clang.1_0.compiler (in target 'GoogleSignIn' from project 'GoogleSignIn')
    cd /Users/xinyufang/Documents/Buzz/Buzz.xcodeproj
    
    Using response file: /Users/xinyufang/Library/Developer/Xcode/DerivedData/Buzz-faillbpsmponqzeruhhvskovixzk/Build/Intermediates.noindex/GoogleSignIn.build/Debug-iphonesimulator/GoogleSignIn.build/Objects-normal/arm64/e6072d4f65d7061329687fe24e3d63a7-common-args.resp
    
    /Applications/Xcode.app/Contents/Developer/Toolchains/XcodeDefault.xctoolchain/usr/bin/clang -x objective-c -ivfsstatcache /Users/xinyufang/Library/Developer/Xcode/DerivedData/SDKStatCaches.noindex/iphonesimulator26.0-23A339-26257891a6c027eb51374368541b8346.sdkstatcache -fmessage-length\=0 -fdiagnostics-show-note-include-stack -fmacro-backtrace-limit\=0 -fno-color-diagnostics -fmodules-prune-interval\=86400 -fmodules-prune-after\=345600 -fbuild-session-file\=/Users/xinyufang/Library/Developer/Xcode/DerivedData/ModuleCache.noindex/Session.modulevalidation -fmodules-validate-once-per-build-session -Wnon-modular-include-in-framework-module -Werror\=non-modular-include-in-framework-module -Wno-trigraphs -Wno-missing-field-initializers -Wno-missing-prototypes -Wno-return-type -Wno-implicit-atomic-properties -Wno-objc-interface-ivars -Wno-arc-repeated-use-of-weak -Wno-missing-braces -Wparentheses -Wswitch -Wno-unused-function -Wno-unused-label -Wno-unused-parameter -Wno-unused-variable -Wunused-value -Wno-empty-body -Wno-uninitialized -Wno-unknown-pragmas -w -Wno-shadow -Wno-four-char-constants -Wno-conversion -Wno-constant-conversion -Wno-int-conversion -Wno-bool-conversion -Wno-enum-conversion -Wno-float-conversion -Wno-non-literal-null-conversion -Wno-objc-literal-conversion -Wshorten-64-to-32 -Wpointer-sign -Wno-newline-eof -Wno-selector -Wno-strict-selector-match -Wno-undeclared-selector -Wno-deprecated-implementations -Wno-implicit-fallthrough -fstrict-aliasing -Wprotocol -Wdeprecated-declarations -Wno-sign-conversion -Wno-infinite-recursion -Wno-comma -Wno-block-capture-autoreleasing -Wno-strict-prototypes -Wno-semicolon-before-method-body -index-store-path /Users/xinyufang/Library/Developer/Xcode/DerivedData/Buzz-faillbpsmponqzeruhhvskovixzk/Index.noindex/DataStore @/Users/xinyufang/Library/Developer/Xcode/DerivedData/Buzz-faillbpsmponqzeruhhvskovixzk/Build/Intermediates.noindex/GoogleSignIn.build/Debug-iphonesimulator/GoogleSignIn.build/Objects-normal/arm64/e6072d4f65d7061329687fe24e3d63a7-common-args.resp -include /Users/xinyufang/Library/Developer/Xcode/DerivedData/Buzz-faillbpsmponqzeruhhvskovixzk/Build/Intermediates.noindex/GoogleSignIn.build/Debug-iphonesimulator/GoogleSignIn.build/DerivedSources/resource_bundle_accessor.h -MMD -MT dependencies -MF /Users/xinyufang/Library/Developer/Xcode/DerivedData/Buzz-faillbpsmponqzeruhhvskovixzk/Build/Intermediates.noindex/GoogleSignIn.build/Debug-iphonesimulator/GoogleSignIn.build/Objects-normal/arm64/GIDToken.d --serialize-diagnostics /Users/xinyufang/Library/Developer/Xcode/DerivedData/Buzz-faillbpsmponqzeruhhvskovixzk/Build/Intermediates.noindex/GoogleSignIn.build/Debug-iphonesimulator/GoogleSignIn.build/Objects-normal/arm64/GIDToken.dia -c /Users/xinyufang/Library/Developer/Xcode/DerivedData/Buzz-faillbpsmponqzeruhhvskovixzk/SourcePackages/checkouts/GoogleSignIn-iOS/GoogleSignIn/Sources/GIDToken.m -o /Users/xinyufang/Library/Developer/Xcode/DerivedData/Buzz-faillbpsmponqzeruhhvskovixzk/Build/Intermediates.noindex/GoogleSignIn.build/Debug-iphonesimulator/GoogleSignIn.build/Objects-normal/arm64/GIDToken.o -index-unit-output-path /GoogleSignIn.build/Debug-iphonesimulator/GoogleSignIn.build/Objects-normal/arm64/GIDToken.o

CompileC /Users/xinyufang/Library/Developer/Xcode/DerivedData/Buzz-faillbpsmponqzeruhhvskovixzk/Build/Intermediates.noindex/GoogleSignIn.build/Debug-iphonesimulator/GoogleSignIn.build/Objects-normal/arm64/GIDSignInStrings.o /Users/xinyufang/Library/Developer/Xcode/DerivedData/Buzz-faillbpsmponqzeruhhvskovixzk/SourcePackages/checkouts/GoogleSignIn-iOS/GoogleSignIn/Sources/GIDSignInStrings.m normal arm64 objective-c com.apple.compilers.llvm.clang.1_0.compiler (in target 'GoogleSignIn' from project 'GoogleSignIn')
    cd /Users/xinyufang/Documents/Buzz/Buzz.xcodeproj
    
    Using response file: /Users/xinyufang/Library/Developer/Xcode/DerivedData/Buzz-faillbpsmponqzeruhhvskovixzk/Build/Intermediates.noindex/GoogleSignIn.build/Debug-iphonesimulator/GoogleSignIn.build/Objects-normal/arm64/e6072d4f65d7061329687fe24e3d63a7-common-args.resp
    
    /Applications/Xcode.app/Contents/Developer/Toolchains/XcodeDefault.xctoolchain/usr/bin/clang -x objective-c -ivfsstatcache /Users/xinyufang/Library/Developer/Xcode/DerivedData/SDKStatCaches.noindex/iphonesimulator26.0-23A339-26257891a6c027eb51374368541b8346.sdkstatcache -fmessage-length\=0 -fdiagnostics-show-note-include-stack -fmacro-backtrace-limit\=0 -fno-color-diagnostics -fmodules-prune-interval\=86400 -fmodules-prune-after\=345600 -fbuild-session-file\=/Users/xinyufang/Library/Developer/Xcode/DerivedData/ModuleCache.noindex/Session.modulevalidation -fmodules-validate-once-per-build-session -Wnon-modular-include-in-framework-module -Werror\=non-modular-include-in-framework-module -Wno-trigraphs -Wno-missing-field-initializers -Wno-missing-prototypes -Wno-return-type -Wno-implicit-atomic-properties -Wno-objc-interface-ivars -Wno-arc-repeated-use-of-weak -Wno-missing-braces -Wparentheses -Wswitch -Wno-unused-function -Wno-unused-label -Wno-unused-parameter -Wno-unused-variable -Wunused-value -Wno-empty-body -Wno-uninitialized -Wno-unknown-pragmas -w -Wno-shadow -Wno-four-char-constants -Wno-conversion -Wno-constant-conversion -Wno-int-conversion -Wno-bool-conversion -Wno-enum-conversion -Wno-float-conversion -Wno-non-literal-null-conversion -Wno-objc-literal-conversion -Wshorten-64-to-32 -Wpointer-sign -Wno-newline-eof -Wno-selector -Wno-strict-selector-match -Wno-undeclared-selector -Wno-deprecated-implementations -Wno-implicit-fallthrough -fstrict-aliasing -Wprotocol -Wdeprecated-declarations -Wno-sign-conversion -Wno-infinite-recursion -Wno-comma -Wno-block-capture-autoreleasing -Wno-strict-prototypes -Wno-semicolon-before-method-body -index-store-path /Users/xinyufang/Library/Developer/Xcode/DerivedData/Buzz-faillbpsmponqzeruhhvskovixzk/Index.noindex/DataStore @/Users/xinyufang/Library/Developer/Xcode/DerivedData/Buzz-faillbpsmponqzeruhhvskovixzk/Build/Intermediates.noindex/GoogleSignIn.build/Debug-iphonesimulator/GoogleSignIn.build/Objects-normal/arm64/e6072d4f65d7061329687fe24e3d63a7-common-args.resp -include /Users/xinyufang/Library/Developer/Xcode/DerivedData/Buzz-faillbpsmponqzeruhhvskovixzk/Build/Intermediates.noindex/GoogleSignIn.build/Debug-iphonesimulator/GoogleSignIn.build/DerivedSources/resource_bundle_accessor.h -MMD -MT dependencies -MF /Users/xinyufang/Library/Developer/Xcode/DerivedData/Buzz-faillbpsmponqzeruhhvskovixzk/Build/Intermediates.noindex/GoogleSignIn.build/Debug-iphonesimulator/GoogleSignIn.build/Objects-normal/arm64/GIDSignInStrings.d --serialize-diagnostics /Users/xinyufang/Library/Developer/Xcode/DerivedData/Buzz-faillbpsmponqzeruhhvskovixzk/Build/Intermediates.noindex/GoogleSignIn.build/Debug-iphonesimulator/GoogleSignIn.build/Objects-normal/arm64/GIDSignInStrings.dia -c /Users/xinyufang/Library/Developer/Xcode/DerivedData/Buzz-faillbpsmponqzeruhhvskovixzk/SourcePackages/checkouts/GoogleSignIn-iOS/GoogleSignIn/Sources/GIDSignInStrings.m -o /Users/xinyufang/Library/Developer/Xcode/DerivedData/Buzz-faillbpsmponqzeruhhvskovixzk/Build/Intermediates.noindex/GoogleSignIn.build/Debug-iphonesimulator/GoogleSignIn.build/Objects-normal/arm64/GIDSignInStrings.o -index-unit-output-path /GoogleSignIn.build/Debug-iphonesimulator/GoogleSignIn.build/Objects-normal/arm64/GIDSignInStrings.o

CompileC /Users/xinyufang/Library/Developer/Xcode/DerivedData/Buzz-faillbpsmponqzeruhhvskovixzk/Build/Intermediates.noindex/GoogleSignIn.build/Debug-iphonesimulator/GoogleSignIn.build/Objects-normal/arm64/GIDSignInCallbackSchemes.o /Users/xinyufang/Library/Developer/Xcode/DerivedData/Buzz-faillbpsmponqzeruhhvskovixzk/SourcePackages/checkouts/GoogleSignIn-iOS/GoogleSignIn/Sources/GIDSignInCallbackSchemes.m normal arm64 objective-c com.apple.compilers.llvm.clang.1_0.compiler (in target 'GoogleSignIn' from project 'GoogleSignIn')
    cd /Users/xinyufang/Documents/Buzz/Buzz.xcodeproj
    
    Using response file: /Users/xinyufang/Library/Developer/Xcode/DerivedData/Buzz-faillbpsmponqzeruhhvskovixzk/Build/Intermediates.noindex/GoogleSignIn.build/Debug-iphonesimulator/GoogleSignIn.build/Objects-normal/arm64/e6072d4f65d7061329687fe24e3d63a7-common-args.resp
    
    /Applications/Xcode.app/Contents/Developer/Toolchains/XcodeDefault.xctoolchain/usr/bin/clang -x objective-c -ivfsstatcache /Users/xinyufang/Library/Developer/Xcode/DerivedData/SDKStatCaches.noindex/iphonesimulator26.0-23A339-26257891a6c027eb51374368541b8346.sdkstatcache -fmessage-length\=0 -fdiagnostics-show-note-include-stack -fmacro-backtrace-limit\=0 -fno-color-diagnostics -fmodules-prune-interval\=86400 -fmodules-prune-after\=345600 -fbuild-session-file\=/Users/xinyufang/Library/Developer/Xcode/DerivedData/ModuleCache.noindex/Session.modulevalidation -fmodules-validate-once-per-build-session -Wnon-modular-include-in-framework-module -Werror\=non-modular-include-in-framework-module -Wno-trigraphs -Wno-missing-field-initializers -Wno-missing-prototypes -Wno-return-type -Wno-implicit-atomic-properties -Wno-objc-interface-ivars -Wno-arc-repeated-use-of-weak -Wno-missing-braces -Wparentheses -Wswitch -Wno-unused-function -Wno-unused-label -Wno-unused-parameter -Wno-unused-variable -Wunused-value -Wno-empty-body -Wno-uninitialized -Wno-unknown-pragmas -w -Wno-shadow -Wno-four-char-constants -Wno-conversion -Wno-constant-conversion -Wno-int-conversion -Wno-bool-conversion -Wno-enum-conversion -Wno-float-conversion -Wno-non-literal-null-conversion -Wno-objc-literal-conversion -Wshorten-64-to-32 -Wpointer-sign -Wno-newline-eof -Wno-selector -Wno-strict-selector-match -Wno-undeclared-selector -Wno-deprecated-implementations -Wno-implicit-fallthrough -fstrict-aliasing -Wprotocol -Wdeprecated-declarations -Wno-sign-conversion -Wno-infinite-recursion -Wno-comma -Wno-block-capture-autoreleasing -Wno-strict-prototypes -Wno-semicolon-before-method-body -index-store-path /Users/xinyufang/Library/Developer/Xcode/DerivedData/Buzz-faillbpsmponqzeruhhvskovixzk/Index.noindex/DataStore @/Users/xinyufang/Library/Developer/Xcode/DerivedData/Buzz-faillbpsmponqzeruhhvskovixzk/Build/Intermediates.noindex/GoogleSignIn.build/Debug-iphonesimulator/GoogleSignIn.build/Objects-normal/arm64/e6072d4f65d7061329687fe24e3d63a7-common-args.resp -include /Users/xinyufang/Library/Developer/Xcode/DerivedData/Buzz-faillbpsmponqzeruhhvskovixzk/Build/Intermediates.noindex/GoogleSignIn.build/Debug-iphonesimulator/GoogleSignIn.build/DerivedSources/resource_bundle_accessor.h -MMD -MT dependencies -MF /Users/xinyufang/Library/Developer/Xcode/DerivedData/Buzz-faillbpsmponqzeruhhvskovixzk/Build/Intermediates.noindex/GoogleSignIn.build/Debug-iphonesimulator/GoogleSignIn.build/Objects-normal/arm64/GIDSignInCallbackSchemes.d --serialize-diagnostics /Users/xinyufang/Library/Developer/Xcode/DerivedData/Buzz-faillbpsmponqzeruhhvskovixzk/Build/Intermediates.noindex/GoogleSignIn.build/Debug-iphonesimulator/GoogleSignIn.build/Objects-normal/arm64/GIDSignInCallbackSchemes.dia -c /Users/xinyufang/Library/Developer/Xcode/DerivedData/Buzz-faillbpsmponqzeruhhvskovixzk/SourcePackages/checkouts/GoogleSignIn-iOS/GoogleSignIn/Sources/GIDSignInCallbackSchemes.m -o /Users/xinyufang/Library/Developer/Xcode/DerivedData/Buzz-faillbpsmponqzeruhhvskovixzk/Build/Intermediates.noindex/GoogleSignIn.build/Debug-iphonesimulator/GoogleSignIn.build/Objects-normal/arm64/GIDSignInCallbackSchemes.o -index-unit-output-path /GoogleSignIn.build/Debug-iphonesimulator/GoogleSignIn.build/Objects-normal/arm64/GIDSignInCallbackSchemes.o

CompileC /Users/xinyufang/Library/Developer/Xcode/DerivedData/Buzz-faillbpsmponqzeruhhvskovixzk/Build/Intermediates.noindex/GoogleSignIn.build/Debug-iphonesimulator/GoogleSignIn.build/Objects-normal/arm64/GIDScopes.o /Users/xinyufang/Library/Developer/Xcode/DerivedData/Buzz-faillbpsmponqzeruhhvskovixzk/SourcePackages/checkouts/GoogleSignIn-iOS/GoogleSignIn/Sources/GIDScopes.m normal arm64 objective-c com.apple.compilers.llvm.clang.1_0.compiler (in target 'GoogleSignIn' from project 'GoogleSignIn')
    cd /Users/xinyufang/Documents/Buzz/Buzz.xcodeproj
    
    Using response file: /Users/xinyufang/Library/Developer/Xcode/DerivedData/Buzz-faillbpsmponqzeruhhvskovixzk/Build/Intermediates.noindex/GoogleSignIn.build/Debug-iphonesimulator/GoogleSignIn.build/Objects-normal/arm64/e6072d4f65d7061329687fe24e3d63a7-common-args.resp
    
    /Applications/Xcode.app/Contents/Developer/Toolchains/XcodeDefault.xctoolchain/usr/bin/clang -x objective-c -ivfsstatcache /Users/xinyufang/Library/Developer/Xcode/DerivedData/SDKStatCaches.noindex/iphonesimulator26.0-23A339-26257891a6c027eb51374368541b8346.sdkstatcache -fmessage-length\=0 -fdiagnostics-show-note-include-stack -fmacro-backtrace-limit\=0 -fno-color-diagnostics -fmodules-prune-interval\=86400 -fmodules-prune-after\=345600 -fbuild-session-file\=/Users/xinyufang/Library/Developer/Xcode/DerivedData/ModuleCache.noindex/Session.modulevalidation -fmodules-validate-once-per-build-session -Wnon-modular-include-in-framework-module -Werror\=non-modular-include-in-framework-module -Wno-trigraphs -Wno-missing-field-initializers -Wno-missing-prototypes -Wno-return-type -Wno-implicit-atomic-properties -Wno-objc-interface-ivars -Wno-arc-repeated-use-of-weak -Wno-missing-braces -Wparentheses -Wswitch -Wno-unused-function -Wno-unused-label -Wno-unused-parameter -Wno-unused-variable -Wunused-value -Wno-empty-body -Wno-uninitialized -Wno-unknown-pragmas -w -Wno-shadow -Wno-four-char-constants -Wno-conversion -Wno-constant-conversion -Wno-int-conversion -Wno-bool-conversion -Wno-enum-conversion -Wno-float-conversion -Wno-non-literal-null-conversion -Wno-objc-literal-conversion -Wshorten-64-to-32 -Wpointer-sign -Wno-newline-eof -Wno-selector -Wno-strict-selector-match -Wno-undeclared-selector -Wno-deprecated-implementations -Wno-implicit-fallthrough -fstrict-aliasing -Wprotocol -Wdeprecated-declarations -Wno-sign-conversion -Wno-infinite-recursion -Wno-comma -Wno-block-capture-autoreleasing -Wno-strict-prototypes -Wno-semicolon-before-method-body -index-store-path /Users/xinyufang/Library/Developer/Xcode/DerivedData/Buzz-faillbpsmponqzeruhhvskovixzk/Index.noindex/DataStore @/Users/xinyufang/Library/Developer/Xcode/DerivedData/Buzz-faillbpsmponqzeruhhvskovixzk/Build/Intermediates.noindex/GoogleSignIn.build/Debug-iphonesimulator/GoogleSignIn.build/Objects-normal/arm64/e6072d4f65d7061329687fe24e3d63a7-common-args.resp -include /Users/xinyufang/Library/Developer/Xcode/DerivedData/Buzz-faillbpsmponqzeruhhvskovixzk/Build/Intermediates.noindex/GoogleSignIn.build/Debug-iphonesimulator/GoogleSignIn.build/DerivedSources/resource_bundle_accessor.h -MMD -MT dependencies -MF /Users/xinyufang/Library/Developer/Xcode/DerivedData/Buzz-faillbpsmponqzeruhhvskovixzk/Build/Intermediates.noindex/GoogleSignIn.build/Debug-iphonesimulator/GoogleSignIn.build/Objects-normal/arm64/GIDScopes.d --serialize-diagnostics /Users/xinyufang/Library/Developer/Xcode/DerivedData/Buzz-faillbpsmponqzeruhhvskovixzk/Build/Intermediates.noindex/GoogleSignIn.build/Debug-iphonesimulator/GoogleSignIn.build/Objects-normal/arm64/GIDScopes.dia -c /Users/xinyufang/Library/Developer/Xcode/DerivedData/Buzz-faillbpsmponqzeruhhvskovixzk/SourcePackages/checkouts/GoogleSignIn-iOS/GoogleSignIn/Sources/GIDScopes.m -o /Users/xinyufang/Library/Developer/Xcode/DerivedData/Buzz-faillbpsmponqzeruhhvskovixzk/Build/Intermediates.noindex/GoogleSignIn.build/Debug-iphonesimulator/GoogleSignIn.build/Objects-normal/arm64/GIDScopes.o -index-unit-output-path /GoogleSignIn.build/Debug-iphonesimulator/GoogleSignIn.build/Objects-normal/arm64/GIDScopes.o

CompileC /Users/xinyufang/Library/Developer/Xcode/DerivedData/Buzz-faillbpsmponqzeruhhvskovixzk/Build/Intermediates.noindex/GoogleSignIn.build/Debug-iphonesimulator/GoogleSignIn.build/Objects-normal/arm64/GIDProfileData.o /Users/xinyufang/Library/Developer/Xcode/DerivedData/Buzz-faillbpsmponqzeruhhvskovixzk/SourcePackages/checkouts/GoogleSignIn-iOS/GoogleSignIn/Sources/GIDProfileData.m normal arm64 objective-c com.apple.compilers.llvm.clang.1_0.compiler (in target 'GoogleSignIn' from project 'GoogleSignIn')
    cd /Users/xinyufang/Documents/Buzz/Buzz.xcodeproj
    
    Using response file: /Users/xinyufang/Library/Developer/Xcode/DerivedData/Buzz-faillbpsmponqzeruhhvskovixzk/Build/Intermediates.noindex/GoogleSignIn.build/Debug-iphonesimulator/GoogleSignIn.build/Objects-normal/arm64/e6072d4f65d7061329687fe24e3d63a7-common-args.resp
    
    /Applications/Xcode.app/Contents/Developer/Toolchains/XcodeDefault.xctoolchain/usr/bin/clang -x objective-c -ivfsstatcache /Users/xinyufang/Library/Developer/Xcode/DerivedData/SDKStatCaches.noindex/iphonesimulator26.0-23A339-26257891a6c027eb51374368541b8346.sdkstatcache -fmessage-length\=0 -fdiagnostics-show-note-include-stack -fmacro-backtrace-limit\=0 -fno-color-diagnostics -fmodules-prune-interval\=86400 -fmodules-prune-after\=345600 -fbuild-session-file\=/Users/xinyufang/Library/Developer/Xcode/DerivedData/ModuleCache.noindex/Session.modulevalidation -fmodules-validate-once-per-build-session -Wnon-modular-include-in-framework-module -Werror\=non-modular-include-in-framework-module -Wno-trigraphs -Wno-missing-field-initializers -Wno-missing-prototypes -Wno-return-type -Wno-implicit-atomic-properties -Wno-objc-interface-ivars -Wno-arc-repeated-use-of-weak -Wno-missing-braces -Wparentheses -Wswitch -Wno-unused-function -Wno-unused-label -Wno-unused-parameter -Wno-unused-variable -Wunused-value -Wno-empty-body -Wno-uninitialized -Wno-unknown-pragmas -w -Wno-shadow -Wno-four-char-constants -Wno-conversion -Wno-constant-conversion -Wno-int-conversion -Wno-bool-conversion -Wno-enum-conversion -Wno-float-conversion -Wno-non-literal-null-conversion -Wno-objc-literal-conversion -Wshorten-64-to-32 -Wpointer-sign -Wno-newline-eof -Wno-selector -Wno-strict-selector-match -Wno-undeclared-selector -Wno-deprecated-implementations -Wno-implicit-fallthrough -fstrict-aliasing -Wprotocol -Wdeprecated-declarations -Wno-sign-conversion -Wno-infinite-recursion -Wno-comma -Wno-block-capture-autoreleasing -Wno-strict-prototypes -Wno-semicolon-before-method-body -index-store-path /Users/xinyufang/Library/Developer/Xcode/DerivedData/Buzz-faillbpsmponqzeruhhvskovixzk/Index.noindex/DataStore @/Users/xinyufang/Library/Developer/Xcode/DerivedData/Buzz-faillbpsmponqzeruhhvskovixzk/Build/Intermediates.noindex/GoogleSignIn.build/Debug-iphonesimulator/GoogleSignIn.build/Objects-normal/arm64/e6072d4f65d7061329687fe24e3d63a7-common-args.resp -include /Users/xinyufang/Library/Developer/Xcode/DerivedData/Buzz-faillbpsmponqzeruhhvskovixzk/Build/Intermediates.noindex/GoogleSignIn.build/Debug-iphonesimulator/GoogleSignIn.build/DerivedSources/resource_bundle_accessor.h -MMD -MT dependencies -MF /Users/xinyufang/Library/Developer/Xcode/DerivedData/Buzz-faillbpsmponqzeruhhvskovixzk/Build/Intermediates.noindex/GoogleSignIn.build/Debug-iphonesimulator/GoogleSignIn.build/Objects-normal/arm64/GIDProfileData.d --serialize-diagnostics /Users/xinyufang/Library/Developer/Xcode/DerivedData/Buzz-faillbpsmponqzeruhhvskovixzk/Build/Intermediates.noindex/GoogleSignIn.build/Debug-iphonesimulator/GoogleSignIn.build/Objects-normal/arm64/GIDProfileData.dia -c /Users/xinyufang/Library/Developer/Xcode/DerivedData/Buzz-faillbpsmponqzeruhhvskovixzk/SourcePackages/checkouts/GoogleSignIn-iOS/GoogleSignIn/Sources/GIDProfileData.m -o /Users/xinyufang/Library/Developer/Xcode/DerivedData/Buzz-faillbpsmponqzeruhhvskovixzk/Build/Intermediates.noindex/GoogleSignIn.build/Debug-iphonesimulator/GoogleSignIn.build/Objects-normal/arm64/GIDProfileData.o -index-unit-output-path /GoogleSignIn.build/Debug-iphonesimulator/GoogleSignIn.build/Objects-normal/arm64/GIDProfileData.o

CompileC /Users/xinyufang/Library/Developer/Xcode/DerivedData/Buzz-faillbpsmponqzeruhhvskovixzk/Build/Intermediates.noindex/GoogleSignIn.build/Debug-iphonesimulator/GoogleSignIn.build/Objects-normal/arm64/GIDMDMPasscodeState.o /Users/xinyufang/Library/Developer/Xcode/DerivedData/Buzz-faillbpsmponqzeruhhvskovixzk/SourcePackages/checkouts/GoogleSignIn-iOS/GoogleSignIn/Sources/GIDMDMPasscodeState.m normal arm64 objective-c com.apple.compilers.llvm.clang.1_0.compiler (in target 'GoogleSignIn' from project 'GoogleSignIn')
    cd /Users/xinyufang/Documents/Buzz/Buzz.xcodeproj
    
    Using response file: /Users/xinyufang/Library/Developer/Xcode/DerivedData/Buzz-faillbpsmponqzeruhhvskovixzk/Build/Intermediates.noindex/GoogleSignIn.build/Debug-iphonesimulator/GoogleSignIn.build/Objects-normal/arm64/e6072d4f65d7061329687fe24e3d63a7-common-args.resp
    
    /Applications/Xcode.app/Contents/Developer/Toolchains/XcodeDefault.xctoolchain/usr/bin/clang -x objective-c -ivfsstatcache /Users/xinyufang/Library/Developer/Xcode/DerivedData/SDKStatCaches.noindex/iphonesimulator26.0-23A339-26257891a6c027eb51374368541b8346.sdkstatcache -fmessage-length\=0 -fdiagnostics-show-note-include-stack -fmacro-backtrace-limit\=0 -fno-color-diagnostics -fmodules-prune-interval\=86400 -fmodules-prune-after\=345600 -fbuild-session-file\=/Users/xinyufang/Library/Developer/Xcode/DerivedData/ModuleCache.noindex/Session.modulevalidation -fmodules-validate-once-per-build-session -Wnon-modular-include-in-framework-module -Werror\=non-modular-include-in-framework-module -Wno-trigraphs -Wno-missing-field-initializers -Wno-missing-prototypes -Wno-return-type -Wno-implicit-atomic-properties -Wno-objc-interface-ivars -Wno-arc-repeated-use-of-weak -Wno-missing-braces -Wparentheses -Wswitch -Wno-unused-function -Wno-unused-label -Wno-unused-parameter -Wno-unused-variable -Wunused-value -Wno-empty-body -Wno-uninitialized -Wno-unknown-pragmas -w -Wno-shadow -Wno-four-char-constants -Wno-conversion -Wno-constant-conversion -Wno-int-conversion -Wno-bool-conversion -Wno-enum-conversion -Wno-float-conversion -Wno-non-literal-null-conversion -Wno-objc-literal-conversion -Wshorten-64-to-32 -Wpointer-sign -Wno-newline-eof -Wno-selector -Wno-strict-selector-match -Wno-undeclared-selector -Wno-deprecated-implementations -Wno-implicit-fallthrough -fstrict-aliasing -Wprotocol -Wdeprecated-declarations -Wno-sign-conversion -Wno-infinite-recursion -Wno-comma -Wno-block-capture-autoreleasing -Wno-strict-prototypes -Wno-semicolon-before-method-body -index-store-path /Users/xinyufang/Library/Developer/Xcode/DerivedData/Buzz-faillbpsmponqzeruhhvskovixzk/Index.noindex/DataStore @/Users/xinyufang/Library/Developer/Xcode/DerivedData/Buzz-faillbpsmponqzeruhhvskovixzk/Build/Intermediates.noindex/GoogleSignIn.build/Debug-iphonesimulator/GoogleSignIn.build/Objects-normal/arm64/e6072d4f65d7061329687fe24e3d63a7-common-args.resp -include /Users/xinyufang/Library/Developer/Xcode/DerivedData/Buzz-faillbpsmponqzeruhhvskovixzk/Build/Intermediates.noindex/GoogleSignIn.build/Debug-iphonesimulator/GoogleSignIn.build/DerivedSources/resource_bundle_accessor.h -MMD -MT dependencies -MF /Users/xinyufang/Library/Developer/Xcode/DerivedData/Buzz-faillbpsmponqzeruhhvskovixzk/Build/Intermediates.noindex/GoogleSignIn.build/Debug-iphonesimulator/GoogleSignIn.build/Objects-normal/arm64/GIDMDMPasscodeState.d --serialize-diagnostics /Users/xinyufang/Library/Developer/Xcode/DerivedData/Buzz-faillbpsmponqzeruhhvskovixzk/Build/Intermediates.noindex/GoogleSignIn.build/Debug-iphonesimulator/GoogleSignIn.build/Objects-normal/arm64/GIDMDMPasscodeState.dia -c /Users/xinyufang/Library/Developer/Xcode/DerivedData/Buzz-faillbpsmponqzeruhhvskovixzk/SourcePackages/checkouts/GoogleSignIn-iOS/GoogleSignIn/Sources/GIDMDMPasscodeState.m -o /Users/xinyufang/Library/Developer/Xcode/DerivedData/Buzz-faillbpsmponqzeruhhvskovixzk/Build/Intermediates.noindex/GoogleSignIn.build/Debug-iphonesimulator/GoogleSignIn.build/Objects-normal/arm64/GIDMDMPasscodeState.o -index-unit-output-path /GoogleSignIn.build/Debug-iphonesimulator/GoogleSignIn.build/Objects-normal/arm64/GIDMDMPasscodeState.o

CompileC /Users/xinyufang/Library/Developer/Xcode/DerivedData/Buzz-faillbpsmponqzeruhhvskovixzk/Build/Intermediates.noindex/GoogleSignIn.build/Debug-iphonesimulator/GoogleSignIn.build/Objects-normal/arm64/GIDSignInPreferences.o /Users/xinyufang/Library/Developer/Xcode/DerivedData/Buzz-faillbpsmponqzeruhhvskovixzk/SourcePackages/checkouts/GoogleSignIn-iOS/GoogleSignIn/Sources/GIDSignInPreferences.m normal arm64 objective-c com.apple.compilers.llvm.clang.1_0.compiler (in target 'GoogleSignIn' from project 'GoogleSignIn')
    cd /Users/xinyufang/Documents/Buzz/Buzz.xcodeproj
    
    Using response file: /Users/xinyufang/Library/Developer/Xcode/DerivedData/Buzz-faillbpsmponqzeruhhvskovixzk/Build/Intermediates.noindex/GoogleSignIn.build/Debug-iphonesimulator/GoogleSignIn.build/Objects-normal/arm64/e6072d4f65d7061329687fe24e3d63a7-common-args.resp
    
    /Applications/Xcode.app/Contents/Developer/Toolchains/XcodeDefault.xctoolchain/usr/bin/clang -x objective-c -ivfsstatcache /Users/xinyufang/Library/Developer/Xcode/DerivedData/SDKStatCaches.noindex/iphonesimulator26.0-23A339-26257891a6c027eb51374368541b8346.sdkstatcache -fmessage-length\=0 -fdiagnostics-show-note-include-stack -fmacro-backtrace-limit\=0 -fno-color-diagnostics -fmodules-prune-interval\=86400 -fmodules-prune-after\=345600 -fbuild-session-file\=/Users/xinyufang/Library/Developer/Xcode/DerivedData/ModuleCache.noindex/Session.modulevalidation -fmodules-validate-once-per-build-session -Wnon-modular-include-in-framework-module -Werror\=non-modular-include-in-framework-module -Wno-trigraphs -Wno-missing-field-initializers -Wno-missing-prototypes -Wno-return-type -Wno-implicit-atomic-properties -Wno-objc-interface-ivars -Wno-arc-repeated-use-of-weak -Wno-missing-braces -Wparentheses -Wswitch -Wno-unused-function -Wno-unused-label -Wno-unused-parameter -Wno-unused-variable -Wunused-value -Wno-empty-body -Wno-uninitialized -Wno-unknown-pragmas -w -Wno-shadow -Wno-four-char-constants -Wno-conversion -Wno-constant-conversion -Wno-int-conversion -Wno-bool-conversion -Wno-enum-conversion -Wno-float-conversion -Wno-non-literal-null-conversion -Wno-objc-literal-conversion -Wshorten-64-to-32 -Wpointer-sign -Wno-newline-eof -Wno-selector -Wno-strict-selector-match -Wno-undeclared-selector -Wno-deprecated-implementations -Wno-implicit-fallthrough -fstrict-aliasing -Wprotocol -Wdeprecated-declarations -Wno-sign-conversion -Wno-infinite-recursion -Wno-comma -Wno-block-capture-autoreleasing -Wno-strict-prototypes -Wno-semicolon-before-method-body -index-store-path /Users/xinyufang/Library/Developer/Xcode/DerivedData/Buzz-faillbpsmponqzeruhhvskovixzk/Index.noindex/DataStore @/Users/xinyufang/Library/Developer/Xcode/DerivedData/Buzz-faillbpsmponqzeruhhvskovixzk/Build/Intermediates.noindex/GoogleSignIn.build/Debug-iphonesimulator/GoogleSignIn.build/Objects-normal/arm64/e6072d4f65d7061329687fe24e3d63a7-common-args.resp -include /Users/xinyufang/Library/Developer/Xcode/DerivedData/Buzz-faillbpsmponqzeruhhvskovixzk/Build/Intermediates.noindex/GoogleSignIn.build/Debug-iphonesimulator/GoogleSignIn.build/DerivedSources/resource_bundle_accessor.h -MMD -MT dependencies -MF /Users/xinyufang/Library/Developer/Xcode/DerivedData/Buzz-faillbpsmponqzeruhhvskovixzk/Build/Intermediates.noindex/GoogleSignIn.build/Debug-iphonesimulator/GoogleSignIn.build/Objects-normal/arm64/GIDSignInPreferences.d --serialize-diagnostics /Users/xinyufang/Library/Developer/Xcode/DerivedData/Buzz-faillbpsmponqzeruhhvskovixzk/Build/Intermediates.noindex/GoogleSignIn.build/Debug-iphonesimulator/GoogleSignIn.build/Objects-normal/arm64/GIDSignInPreferences.dia -c /Users/xinyufang/Library/Developer/Xcode/DerivedData/Buzz-faillbpsmponqzeruhhvskovixzk/SourcePackages/checkouts/GoogleSignIn-iOS/GoogleSignIn/Sources/GIDSignInPreferences.m -o /Users/xinyufang/Library/Developer/Xcode/DerivedData/Buzz-faillbpsmponqzeruhhvskovixzk/Build/Intermediates.noindex/GoogleSignIn.build/Debug-iphonesimulator/GoogleSignIn.build/Objects-normal/arm64/GIDSignInPreferences.o -index-unit-output-path /GoogleSignIn.build/Debug-iphonesimulator/GoogleSignIn.build/Objects-normal/arm64/GIDSignInPreferences.o

SwiftDriver Helpers normal arm64 com.apple.xcode.tools.swift.compiler (in target 'Helpers' from project 'Supabase')
    cd /Users/xinyufang/Documents/Buzz/Buzz.xcodeproj
    builtin-SwiftDriver -- /Applications/Xcode.app/Contents/Developer/Toolchains/XcodeDefault.xctoolchain/usr/bin/swiftc -module-name Helpers -Onone -enforce-exclusivity\=checked @/Users/xinyufang/Library/Developer/Xcode/DerivedData/Buzz-faillbpsmponqzeruhhvskovixzk/Build/Intermediates.noindex/Supabase.build/Debug-iphonesimulator/Helpers.build/Objects-normal/arm64/Helpers.SwiftFileList -DSWIFT_PACKAGE -DDEBUG -DSWIFT_MODULE_RESOURCE_BUNDLE_UNAVAILABLE -DXcode -enable-upcoming-feature ExistentialAny -enable-experimental-feature StrictConcurrency -plugin-path /Applications/Xcode.app/Contents/Developer/Toolchains/XcodeDefault.xctoolchain/usr/lib/swift/host/plugins/testing -enable-experimental-feature DebugDescriptionMacro -sdk /Applications/Xcode.app/Contents/Developer/Platforms/iPhoneSimulator.platform/Developer/SDKs/iPhoneSimulator26.0.sdk -target arm64-apple-ios13.0-simulator -g -module-cache-path /Users/xinyufang/Library/Developer/Xcode/DerivedData/ModuleCache.noindex -Xfrontend -serialize-debugging-options -enable-testing -suppress-warnings -index-store-path /Users/xinyufang/Library/Developer/Xcode/DerivedData/Buzz-faillbpsmponqzeruhhvskovixzk/Index.noindex/DataStore -Xcc -D_LIBCPP_HARDENING_MODE\=_LIBCPP_HARDENING_MODE_DEBUG -swift-version 5 -I /Users/xinyufang/Library/Developer/Xcode/DerivedData/Buzz-faillbpsmponqzeruhhvskovixzk/Build/Products/Debug-iphonesimulator -Isystem /Applications/Xcode.app/Contents/Developer/Platforms/iPhoneSimulator.platform/Developer/usr/lib -F /Users/xinyufang/Library/Developer/Xcode/DerivedData/Buzz-faillbpsmponqzeruhhvskovixzk/Build/Products/Debug-iphonesimulator/PackageFrameworks -F /Users/xinyufang/Library/Developer/Xcode/DerivedData/Buzz-faillbpsmponqzeruhhvskovixzk/Build/Products/Debug-iphonesimulator/PackageFrameworks -F /Users/xinyufang/Library/Developer/Xcode/DerivedData/Buzz-faillbpsmponqzeruhhvskovixzk/Build/Products/Debug-iphonesimulator/PackageFrameworks -F /Users/xinyufang/Library/Developer/Xcode/DerivedData/Buzz-faillbpsmponqzeruhhvskovixzk/Build/Products/Debug-iphonesimulator/PackageFrameworks -F /Users/xinyufang/Library/Developer/Xcode/DerivedData/Buzz-faillbpsmponqzeruhhvskovixzk/Build/Products/Debug-iphonesimulator/PackageFrameworks -F /Users/xinyufang/Library/Developer/Xcode/DerivedData/Buzz-faillbpsmponqzeruhhvskovixzk/Build/Products/Debug-iphonesimulator/PackageFrameworks -F /Users/xinyufang/Library/Developer/Xcode/DerivedData/Buzz-faillbpsmponqzeruhhvskovixzk/Build/Products/Debug-iphonesimulator -F /Applications/Xcode.app/Contents/Developer/Platforms/iPhoneSimulator.platform/Developer/Library/Frameworks -F /Applications/Xcode.app/Contents/Developer/Platforms/iPhoneSimulator.platform/Developer/SDKs/iPhoneSimulator26.0.sdk/Developer/Library/Frameworks -c -j8 -enable-batch-mode -incremental -Xcc -ivfsstatcache -Xcc /Users/xinyufang/Library/Developer/Xcode/DerivedData/SDKStatCaches.noindex/iphonesimulator26.0-23A339-26257891a6c027eb51374368541b8346.sdkstatcache -output-file-map /Users/xinyufang/Library/Developer/Xcode/DerivedData/Buzz-faillbpsmponqzeruhhvskovixzk/Build/Intermediates.noindex/Supabase.build/Debug-iphonesimulator/Helpers.build/Objects-normal/arm64/Helpers-OutputFileMap.json -use-frontend-parseable-output -save-temps -no-color-diagnostics -explicit-module-build -module-cache-path /Users/xinyufang/Library/Developer/Xcode/DerivedData/Buzz-faillbpsmponqzeruhhvskovixzk/Build/Intermediates.noindex/SwiftExplicitPrecompiledModules -clang-scanner-module-cache-path /Users/xinyufang/Library/Developer/Xcode/DerivedData/ModuleCache.noindex -sdk-module-cache-path /Users/xinyufang/Library/Developer/Xcode/DerivedData/ModuleCache.noindex -serialize-diagnostics -emit-dependencies -emit-module -emit-module-path /Users/xinyufang/Library/Developer/Xcode/DerivedData/Buzz-faillbpsmponqzeruhhvskovixzk/Build/Intermediates.noindex/Supabase.build/Debug-iphonesimulator/Helpers.build/Objects-normal/arm64/Helpers.swiftmodule -user-module-version 2.36.0 -validate-clang-modules-once -clang-build-session-file /Users/xinyufang/Library/Developer/Xcode/DerivedData/ModuleCache.noindex/Session.modulevalidation -package-name supabase_swift -Xcc -I/Users/xinyufang/Library/Developer/Xcode/DerivedData/Buzz-faillbpsmponqzeruhhvskovixzk/Build/Intermediates.noindex/Supabase.build/Debug-iphonesimulator/Helpers.build/swift-overrides.hmap -emit-const-values -Xfrontend -const-gather-protocols-file -Xfrontend /Users/xinyufang/Library/Developer/Xcode/DerivedData/Buzz-faillbpsmponqzeruhhvskovixzk/Build/Intermediates.noindex/Supabase.build/Debug-iphonesimulator/Helpers.build/Objects-normal/arm64/Helpers_const_extract_protocols.json -Xcc -I/Users/xinyufang/Library/Developer/Xcode/DerivedData/Buzz-faillbpsmponqzeruhhvskovixzk/Build/Products/Debug-iphonesimulator/include -Xcc -I/Users/xinyufang/Library/Developer/Xcode/DerivedData/Buzz-faillbpsmponqzeruhhvskovixzk/Build/Intermediates.noindex/Supabase.build/Debug-iphonesimulator/Helpers.build/DerivedSources-normal/arm64 -Xcc -I/Users/xinyufang/Library/Developer/Xcode/DerivedData/Buzz-faillbpsmponqzeruhhvskovixzk/Build/Intermediates.noindex/Supabase.build/Debug-iphonesimulator/Helpers.build/DerivedSources/arm64 -Xcc -I/Users/xinyufang/Library/Developer/Xcode/DerivedData/Buzz-faillbpsmponqzeruhhvskovixzk/Build/Intermediates.noindex/Supabase.build/Debug-iphonesimulator/Helpers.build/DerivedSources -Xcc -DSWIFT_PACKAGE -Xcc -DDEBUG\=1 -emit-objc-header -emit-objc-header-path /Users/xinyufang/Library/Developer/Xcode/DerivedData/Buzz-faillbpsmponqzeruhhvskovixzk/Build/Intermediates.noindex/Supabase.build/Debug-iphonesimulator/Helpers.build/Objects-normal/arm64/Helpers-Swift.h -working-directory /Users/xinyufang/Documents/Buzz/Buzz.xcodeproj -experimental-emit-module-separately -disable-cmo

CompileC /Users/xinyufang/Library/Developer/Xcode/DerivedData/Buzz-faillbpsmponqzeruhhvskovixzk/Build/Intermediates.noindex/GoogleSignIn.build/Debug-iphonesimulator/GoogleSignIn.build/Objects-normal/arm64/GIDFakeAuthStateMigration.o /Users/xinyufang/Library/Developer/Xcode/DerivedData/Buzz-faillbpsmponqzeruhhvskovixzk/SourcePackages/checkouts/GoogleSignIn-iOS/GoogleSignIn/Sources/GIDAuthStateMigration/Fake/GIDFakeAuthStateMigration.m normal arm64 objective-c com.apple.compilers.llvm.clang.1_0.compiler (in target 'GoogleSignIn' from project 'GoogleSignIn')
    cd /Users/xinyufang/Documents/Buzz/Buzz.xcodeproj
    
    Using response file: /Users/xinyufang/Library/Developer/Xcode/DerivedData/Buzz-faillbpsmponqzeruhhvskovixzk/Build/Intermediates.noindex/GoogleSignIn.build/Debug-iphonesimulator/GoogleSignIn.build/Objects-normal/arm64/e6072d4f65d7061329687fe24e3d63a7-common-args.resp
    
    /Applications/Xcode.app/Contents/Developer/Toolchains/XcodeDefault.xctoolchain/usr/bin/clang -x objective-c -ivfsstatcache /Users/xinyufang/Library/Developer/Xcode/DerivedData/SDKStatCaches.noindex/iphonesimulator26.0-23A339-26257891a6c027eb51374368541b8346.sdkstatcache -fmessage-length\=0 -fdiagnostics-show-note-include-stack -fmacro-backtrace-limit\=0 -fno-color-diagnostics -fmodules-prune-interval\=86400 -fmodules-prune-after\=345600 -fbuild-session-file\=/Users/xinyufang/Library/Developer/Xcode/DerivedData/ModuleCache.noindex/Session.modulevalidation -fmodules-validate-once-per-build-session -Wnon-modular-include-in-framework-module -Werror\=non-modular-include-in-framework-module -Wno-trigraphs -Wno-missing-field-initializers -Wno-missing-prototypes -Wno-return-type -Wno-implicit-atomic-properties -Wno-objc-interface-ivars -Wno-arc-repeated-use-of-weak -Wno-missing-braces -Wparentheses -Wswitch -Wno-unused-function -Wno-unused-label -Wno-unused-parameter -Wno-unused-variable -Wunused-value -Wno-empty-body -Wno-uninitialized -Wno-unknown-pragmas -w -Wno-shadow -Wno-four-char-constants -Wno-conversion -Wno-constant-conversion -Wno-int-conversion -Wno-bool-conversion -Wno-enum-conversion -Wno-float-conversion -Wno-non-literal-null-conversion -Wno-objc-literal-conversion -Wshorten-64-to-32 -Wpointer-sign -Wno-newline-eof -Wno-selector -Wno-strict-selector-match -Wno-undeclared-selector -Wno-deprecated-implementations -Wno-implicit-fallthrough -fstrict-aliasing -Wprotocol -Wdeprecated-declarations -Wno-sign-conversion -Wno-infinite-recursion -Wno-comma -Wno-block-capture-autoreleasing -Wno-strict-prototypes -Wno-semicolon-before-method-body -index-store-path /Users/xinyufang/Library/Developer/Xcode/DerivedData/Buzz-faillbpsmponqzeruhhvskovixzk/Index.noindex/DataStore @/Users/xinyufang/Library/Developer/Xcode/DerivedData/Buzz-faillbpsmponqzeruhhvskovixzk/Build/Intermediates.noindex/GoogleSignIn.build/Debug-iphonesimulator/GoogleSignIn.build/Objects-normal/arm64/e6072d4f65d7061329687fe24e3d63a7-common-args.resp -include /Users/xinyufang/Library/Developer/Xcode/DerivedData/Buzz-faillbpsmponqzeruhhvskovixzk/Build/Intermediates.noindex/GoogleSignIn.build/Debug-iphonesimulator/GoogleSignIn.build/DerivedSources/resource_bundle_accessor.h -MMD -MT dependencies -MF /Users/xinyufang/Library/Developer/Xcode/DerivedData/Buzz-faillbpsmponqzeruhhvskovixzk/Build/Intermediates.noindex/GoogleSignIn.build/Debug-iphonesimulator/GoogleSignIn.build/Objects-normal/arm64/GIDFakeAuthStateMigration.d --serialize-diagnostics /Users/xinyufang/Library/Developer/Xcode/DerivedData/Buzz-faillbpsmponqzeruhhvskovixzk/Build/Intermediates.noindex/GoogleSignIn.build/Debug-iphonesimulator/GoogleSignIn.build/Objects-normal/arm64/GIDFakeAuthStateMigration.dia -c /Users/xinyufang/Library/Developer/Xcode/DerivedData/Buzz-faillbpsmponqzeruhhvskovixzk/SourcePackages/checkouts/GoogleSignIn-iOS/GoogleSignIn/Sources/GIDAuthStateMigration/Fake/GIDFakeAuthStateMigration.m -o /Users/xinyufang/Library/Developer/Xcode/DerivedData/Buzz-faillbpsmponqzeruhhvskovixzk/Build/Intermediates.noindex/GoogleSignIn.build/Debug-iphonesimulator/GoogleSignIn.build/Objects-normal/arm64/GIDFakeAuthStateMigration.o -index-unit-output-path /GoogleSignIn.build/Debug-iphonesimulator/GoogleSignIn.build/Objects-normal/arm64/GIDFakeAuthStateMigration.o

CompileC /Users/xinyufang/Library/Developer/Xcode/DerivedData/Buzz-faillbpsmponqzeruhhvskovixzk/Build/Intermediates.noindex/GoogleSignIn.build/Debug-iphonesimulator/GoogleSignIn.build/Objects-normal/arm64/GIDConfiguration.o /Users/xinyufang/Library/Developer/Xcode/DerivedData/Buzz-faillbpsmponqzeruhhvskovixzk/SourcePackages/checkouts/GoogleSignIn-iOS/GoogleSignIn/Sources/GIDConfiguration.m normal arm64 objective-c com.apple.compilers.llvm.clang.1_0.compiler (in target 'GoogleSignIn' from project 'GoogleSignIn')
    cd /Users/xinyufang/Documents/Buzz/Buzz.xcodeproj
    
    Using response file: /Users/xinyufang/Library/Developer/Xcode/DerivedData/Buzz-faillbpsmponqzeruhhvskovixzk/Build/Intermediates.noindex/GoogleSignIn.build/Debug-iphonesimulator/GoogleSignIn.build/Objects-normal/arm64/e6072d4f65d7061329687fe24e3d63a7-common-args.resp
    
    /Applications/Xcode.app/Contents/Developer/Toolchains/XcodeDefault.xctoolchain/usr/bin/clang -x objective-c -ivfsstatcache /Users/xinyufang/Library/Developer/Xcode/DerivedData/SDKStatCaches.noindex/iphonesimulator26.0-23A339-26257891a6c027eb51374368541b8346.sdkstatcache -fmessage-length\=0 -fdiagnostics-show-note-include-stack -fmacro-backtrace-limit\=0 -fno-color-diagnostics -fmodules-prune-interval\=86400 -fmodules-prune-after\=345600 -fbuild-session-file\=/Users/xinyufang/Library/Developer/Xcode/DerivedData/ModuleCache.noindex/Session.modulevalidation -fmodules-validate-once-per-build-session -Wnon-modular-include-in-framework-module -Werror\=non-modular-include-in-framework-module -Wno-trigraphs -Wno-missing-field-initializers -Wno-missing-prototypes -Wno-return-type -Wno-implicit-atomic-properties -Wno-objc-interface-ivars -Wno-arc-repeated-use-of-weak -Wno-missing-braces -Wparentheses -Wswitch -Wno-unused-function -Wno-unused-label -Wno-unused-parameter -Wno-unused-variable -Wunused-value -Wno-empty-body -Wno-uninitialized -Wno-unknown-pragmas -w -Wno-shadow -Wno-four-char-constants -Wno-conversion -Wno-constant-conversion -Wno-int-conversion -Wno-bool-conversion -Wno-enum-conversion -Wno-float-conversion -Wno-non-literal-null-conversion -Wno-objc-literal-conversion -Wshorten-64-to-32 -Wpointer-sign -Wno-newline-eof -Wno-selector -Wno-strict-selector-match -Wno-undeclared-selector -Wno-deprecated-implementations -Wno-implicit-fallthrough -fstrict-aliasing -Wprotocol -Wdeprecated-declarations -Wno-sign-conversion -Wno-infinite-recursion -Wno-comma -Wno-block-capture-autoreleasing -Wno-strict-prototypes -Wno-semicolon-before-method-body -index-store-path /Users/xinyufang/Library/Developer/Xcode/DerivedData/Buzz-faillbpsmponqzeruhhvskovixzk/Index.noindex/DataStore @/Users/xinyufang/Library/Developer/Xcode/DerivedData/Buzz-faillbpsmponqzeruhhvskovixzk/Build/Intermediates.noindex/GoogleSignIn.build/Debug-iphonesimulator/GoogleSignIn.build/Objects-normal/arm64/e6072d4f65d7061329687fe24e3d63a7-common-args.resp -include /Users/xinyufang/Library/Developer/Xcode/DerivedData/Buzz-faillbpsmponqzeruhhvskovixzk/Build/Intermediates.noindex/GoogleSignIn.build/Debug-iphonesimulator/GoogleSignIn.build/DerivedSources/resource_bundle_accessor.h -MMD -MT dependencies -MF /Users/xinyufang/Library/Developer/Xcode/DerivedData/Buzz-faillbpsmponqzeruhhvskovixzk/Build/Intermediates.noindex/GoogleSignIn.build/Debug-iphonesimulator/GoogleSignIn.build/Objects-normal/arm64/GIDConfiguration.d --serialize-diagnostics /Users/xinyufang/Library/Developer/Xcode/DerivedData/Buzz-faillbpsmponqzeruhhvskovixzk/Build/Intermediates.noindex/GoogleSignIn.build/Debug-iphonesimulator/GoogleSignIn.build/Objects-normal/arm64/GIDConfiguration.dia -c /Users/xinyufang/Library/Developer/Xcode/DerivedData/Buzz-faillbpsmponqzeruhhvskovixzk/SourcePackages/checkouts/GoogleSignIn-iOS/GoogleSignIn/Sources/GIDConfiguration.m -o /Users/xinyufang/Library/Developer/Xcode/DerivedData/Buzz-faillbpsmponqzeruhhvskovixzk/Build/Intermediates.noindex/GoogleSignIn.build/Debug-iphonesimulator/GoogleSignIn.build/Objects-normal/arm64/GIDConfiguration.o -index-unit-output-path /GoogleSignIn.build/Debug-iphonesimulator/GoogleSignIn.build/Objects-normal/arm64/GIDConfiguration.o

CompileC /Users/xinyufang/Library/Developer/Xcode/DerivedData/Buzz-faillbpsmponqzeruhhvskovixzk/Build/Intermediates.noindex/GoogleSignIn.build/Debug-iphonesimulator/GoogleSignIn.build/Objects-normal/arm64/GIDCallbackQueue.o /Users/xinyufang/Library/Developer/Xcode/DerivedData/Buzz-faillbpsmponqzeruhhvskovixzk/SourcePackages/checkouts/GoogleSignIn-iOS/GoogleSignIn/Sources/GIDCallbackQueue.m normal arm64 objective-c com.apple.compilers.llvm.clang.1_0.compiler (in target 'GoogleSignIn' from project 'GoogleSignIn')
    cd /Users/xinyufang/Documents/Buzz/Buzz.xcodeproj
    
    Using response file: /Users/xinyufang/Library/Developer/Xcode/DerivedData/Buzz-faillbpsmponqzeruhhvskovixzk/Build/Intermediates.noindex/GoogleSignIn.build/Debug-iphonesimulator/GoogleSignIn.build/Objects-normal/arm64/e6072d4f65d7061329687fe24e3d63a7-common-args.resp
    
    /Applications/Xcode.app/Contents/Developer/Toolchains/XcodeDefault.xctoolchain/usr/bin/clang -x objective-c -ivfsstatcache /Users/xinyufang/Library/Developer/Xcode/DerivedData/SDKStatCaches.noindex/iphonesimulator26.0-23A339-26257891a6c027eb51374368541b8346.sdkstatcache -fmessage-length\=0 -fdiagnostics-show-note-include-stack -fmacro-backtrace-limit\=0 -fno-color-diagnostics -fmodules-prune-interval\=86400 -fmodules-prune-after\=345600 -fbuild-session-file\=/Users/xinyufang/Library/Developer/Xcode/DerivedData/ModuleCache.noindex/Session.modulevalidation -fmodules-validate-once-per-build-session -Wnon-modular-include-in-framework-module -Werror\=non-modular-include-in-framework-module -Wno-trigraphs -Wno-missing-field-initializers -Wno-missing-prototypes -Wno-return-type -Wno-implicit-atomic-properties -Wno-objc-interface-ivars -Wno-arc-repeated-use-of-weak -Wno-missing-braces -Wparentheses -Wswitch -Wno-unused-function -Wno-unused-label -Wno-unused-parameter -Wno-unused-variable -Wunused-value -Wno-empty-body -Wno-uninitialized -Wno-unknown-pragmas -w -Wno-shadow -Wno-four-char-constants -Wno-conversion -Wno-constant-conversion -Wno-int-conversion -Wno-bool-conversion -Wno-enum-conversion -Wno-float-conversion -Wno-non-literal-null-conversion -Wno-objc-literal-conversion -Wshorten-64-to-32 -Wpointer-sign -Wno-newline-eof -Wno-selector -Wno-strict-selector-match -Wno-undeclared-selector -Wno-deprecated-implementations -Wno-implicit-fallthrough -fstrict-aliasing -Wprotocol -Wdeprecated-declarations -Wno-sign-conversion -Wno-infinite-recursion -Wno-comma -Wno-block-capture-autoreleasing -Wno-strict-prototypes -Wno-semicolon-before-method-body -index-store-path /Users/xinyufang/Library/Developer/Xcode/DerivedData/Buzz-faillbpsmponqzeruhhvskovixzk/Index.noindex/DataStore @/Users/xinyufang/Library/Developer/Xcode/DerivedData/Buzz-faillbpsmponqzeruhhvskovixzk/Build/Intermediates.noindex/GoogleSignIn.build/Debug-iphonesimulator/GoogleSignIn.build/Objects-normal/arm64/e6072d4f65d7061329687fe24e3d63a7-common-args.resp -include /Users/xinyufang/Library/Developer/Xcode/DerivedData/Buzz-faillbpsmponqzeruhhvskovixzk/Build/Intermediates.noindex/GoogleSignIn.build/Debug-iphonesimulator/GoogleSignIn.build/DerivedSources/resource_bundle_accessor.h -MMD -MT dependencies -MF /Users/xinyufang/Library/Developer/Xcode/DerivedData/Buzz-faillbpsmponqzeruhhvskovixzk/Build/Intermediates.noindex/GoogleSignIn.build/Debug-iphonesimulator/GoogleSignIn.build/Objects-normal/arm64/GIDCallbackQueue.d --serialize-diagnostics /Users/xinyufang/Library/Developer/Xcode/DerivedData/Buzz-faillbpsmponqzeruhhvskovixzk/Build/Intermediates.noindex/GoogleSignIn.build/Debug-iphonesimulator/GoogleSignIn.build/Objects-normal/arm64/GIDCallbackQueue.dia -c /Users/xinyufang/Library/Developer/Xcode/DerivedData/Buzz-faillbpsmponqzeruhhvskovixzk/SourcePackages/checkouts/GoogleSignIn-iOS/GoogleSignIn/Sources/GIDCallbackQueue.m -o /Users/xinyufang/Library/Developer/Xcode/DerivedData/Buzz-faillbpsmponqzeruhhvskovixzk/Build/Intermediates.noindex/GoogleSignIn.build/Debug-iphonesimulator/GoogleSignIn.build/Objects-normal/arm64/GIDCallbackQueue.o -index-unit-output-path /GoogleSignIn.build/Debug-iphonesimulator/GoogleSignIn.build/Objects-normal/arm64/GIDCallbackQueue.o

PrecompileModule /Users/xinyufang/Library/Developer/Xcode/DerivedData/Buzz-faillbpsmponqzeruhhvskovixzk/Build/Intermediates.noindex/ExplicitPrecompiledModules/UIUtilities-7N8XTWVF2PF55WAI33Z74TDIC.scan
    cd /
    builtin-precompileModule /Users/xinyufang/Library/Developer/Xcode/DerivedData/Buzz-faillbpsmponqzeruhhvskovixzk/Build/Intermediates.noindex/ExplicitPrecompiledModules/UIUtilities-7N8XTWVF2PF55WAI33Z74TDIC.scan

PrecompileModule /Users/xinyufang/Library/Developer/Xcode/DerivedData/Buzz-faillbpsmponqzeruhhvskovixzk/Build/Intermediates.noindex/ExplicitPrecompiledModules/IOSurface-69G3C09J2L8ARL4LR5CKVDUKJ.scan
    cd /
    builtin-precompileModule /Users/xinyufang/Library/Developer/Xcode/DerivedData/Buzz-faillbpsmponqzeruhhvskovixzk/Build/Intermediates.noindex/ExplicitPrecompiledModules/IOSurface-69G3C09J2L8ARL4LR5CKVDUKJ.scan

PrecompileModule /Users/xinyufang/Library/Developer/Xcode/DerivedData/Buzz-faillbpsmponqzeruhhvskovixzk/Build/Intermediates.noindex/ExplicitPrecompiledModules/LocalAuthentication-63CMDRDCRXOP9M9LHQZMYYO4Q.scan
    cd /
    builtin-precompileModule /Users/xinyufang/Library/Developer/Xcode/DerivedData/Buzz-faillbpsmponqzeruhhvskovixzk/Build/Intermediates.noindex/ExplicitPrecompiledModules/LocalAuthentication-63CMDRDCRXOP9M9LHQZMYYO4Q.scan

PrecompileModule /Users/xinyufang/Library/Developer/Xcode/DerivedData/Buzz-faillbpsmponqzeruhhvskovixzk/Build/Intermediates.noindex/ExplicitPrecompiledModules/FileProvider-9H71J57UL55OK9D7GBII4RDF8.scan
    cd /
    builtin-precompileModule /Users/xinyufang/Library/Developer/Xcode/DerivedData/Buzz-faillbpsmponqzeruhhvskovixzk/Build/Intermediates.noindex/ExplicitPrecompiledModules/FileProvider-9H71J57UL55OK9D7GBII4RDF8.scan

PrecompileModule /Users/xinyufang/Library/Developer/Xcode/DerivedData/Buzz-faillbpsmponqzeruhhvskovixzk/Build/Intermediates.noindex/ExplicitPrecompiledModules/OpenGLES-9LXEC0JVBB42FJWWADPVNBK6M.scan
    cd /
    builtin-precompileModule /Users/xinyufang/Library/Developer/Xcode/DerivedData/Buzz-faillbpsmponqzeruhhvskovixzk/Build/Intermediates.noindex/ExplicitPrecompiledModules/OpenGLES-9LXEC0JVBB42FJWWADPVNBK6M.scan

PrecompileModule /Users/xinyufang/Library/Developer/Xcode/DerivedData/Buzz-faillbpsmponqzeruhhvskovixzk/Build/Intermediates.noindex/ExplicitPrecompiledModules/AppAuthCore-BDI6LYBWD267UED2HVGIP5CZS.scan
    cd /
    builtin-precompileModule /Users/xinyufang/Library/Developer/Xcode/DerivedData/Buzz-faillbpsmponqzeruhhvskovixzk/Build/Intermediates.noindex/ExplicitPrecompiledModules/AppAuthCore-BDI6LYBWD267UED2HVGIP5CZS.scan

PrecompileModule /Users/xinyufang/Library/Developer/Xcode/DerivedData/Buzz-faillbpsmponqzeruhhvskovixzk/Build/Intermediates.noindex/ExplicitPrecompiledModules/AppCheckCore-95MVGVUXIYFY6RYD7IEQ70S7P.scan
    cd /
    builtin-precompileModule /Users/xinyufang/Library/Developer/Xcode/DerivedData/Buzz-faillbpsmponqzeruhhvskovixzk/Build/Intermediates.noindex/ExplicitPrecompiledModules/AppCheckCore-95MVGVUXIYFY6RYD7IEQ70S7P.scan

PrecompileModule /Users/xinyufang/Library/Developer/Xcode/DerivedData/Buzz-faillbpsmponqzeruhhvskovixzk/Build/Intermediates.noindex/ExplicitPrecompiledModules/UserNotifications-9DIJZ5617Q8QW0MZQT6XH0BXU.scan
    cd /
    builtin-precompileModule /Users/xinyufang/Library/Developer/Xcode/DerivedData/Buzz-faillbpsmponqzeruhhvskovixzk/Build/Intermediates.noindex/ExplicitPrecompiledModules/UserNotifications-9DIJZ5617Q8QW0MZQT6XH0BXU.scan

PrecompileModule /Users/xinyufang/Library/Developer/Xcode/DerivedData/Buzz-faillbpsmponqzeruhhvskovixzk/Build/Intermediates.noindex/ExplicitPrecompiledModules/Symbols-5GNY2DSRZHFODDWN3P8IM5OJ2.scan
    cd /
    builtin-precompileModule /Users/xinyufang/Library/Developer/Xcode/DerivedData/Buzz-faillbpsmponqzeruhhvskovixzk/Build/Intermediates.noindex/ExplicitPrecompiledModules/Symbols-5GNY2DSRZHFODDWN3P8IM5OJ2.scan

SwiftDriver\ Compilation StripePaymentSheet normal arm64 com.apple.xcode.tools.swift.compiler (in target 'StripePaymentSheet' from project 'Stripe')
    cd /Users/xinyufang/Documents/Buzz/Buzz.xcodeproj
    builtin-Swift-Compilation -- /Applications/Xcode.app/Contents/Developer/Toolchains/XcodeDefault.xctoolchain/usr/bin/swiftc -module-name StripePaymentSheet -Onone -enforce-exclusivity\=checked @/Users/xinyufang/Library/Developer/Xcode/DerivedData/Buzz-faillbpsmponqzeruhhvskovixzk/Build/Intermediates.noindex/Stripe.build/Debug-iphonesimulator/StripePaymentSheet.build/Objects-normal/arm64/StripePaymentSheet.SwiftFileList -DSWIFT_PACKAGE -DDEBUG -DSWIFT_MODULE_RESOURCE_BUNDLE_AVAILABLE -Xcc -fmodule-map-file\=/Users/xinyufang/Library/Developer/Xcode/DerivedData/Buzz-faillbpsmponqzeruhhvskovixzk/Build/Intermediates.noindex/GeneratedModuleMaps-iphonesimulator/Stripe3DS2.modulemap -DXcode -plugin-path /Applications/Xcode.app/Contents/Developer/Toolchains/XcodeDefault.xctoolchain/usr/lib/swift/host/plugins/testing -enable-experimental-feature DebugDescriptionMacro -sdk /Applications/Xcode.app/Contents/Developer/Platforms/iPhoneSimulator.platform/Developer/SDKs/iPhoneSimulator26.0.sdk -target arm64-apple-ios13.0-simulator -g -module-cache-path /Users/xinyufang/Library/Developer/Xcode/DerivedData/ModuleCache.noindex -Xfrontend -serialize-debugging-options -enable-testing -suppress-warnings -index-store-path /Users/xinyufang/Library/Developer/Xcode/DerivedData/Buzz-faillbpsmponqzeruhhvskovixzk/Index.noindex/DataStore -Xcc -D_LIBCPP_HARDENING_MODE\=_LIBCPP_HARDENING_MODE_DEBUG -swift-version 5 -I /Users/xinyufang/Library/Developer/Xcode/DerivedData/Buzz-faillbpsmponqzeruhhvskovixzk/Build/Products/Debug-iphonesimulator -Isystem /Applications/Xcode.app/Contents/Developer/Platforms/iPhoneSimulator.platform/Developer/usr/lib -F /Users/xinyufang/Library/Developer/Xcode/DerivedData/Buzz-faillbpsmponqzeruhhvskovixzk/Build/Products/Debug-iphonesimulator/PackageFrameworks -F /Users/xinyufang/Library/Developer/Xcode/DerivedData/Buzz-faillbpsmponqzeruhhvskovixzk/Build/Products/Debug-iphonesimulator/PackageFrameworks -F /Users/xinyufang/Library/Developer/Xcode/DerivedData/Buzz-faillbpsmponqzeruhhvskovixzk/Build/Products/Debug-iphonesimulator/PackageFrameworks -F /Users/xinyufang/Library/Developer/Xcode/DerivedData/Buzz-faillbpsmponqzeruhhvskovixzk/Build/Products/Debug-iphonesimulator/PackageFrameworks -F /Users/xinyufang/Library/Developer/Xcode/DerivedData/Buzz-faillbpsmponqzeruhhvskovixzk/Build/Products/Debug-iphonesimulator/PackageFrameworks -F /Users/xinyufang/Library/Developer/Xcode/DerivedData/Buzz-faillbpsmponqzeruhhvskovixzk/Build/Products/Debug-iphonesimulator/PackageFrameworks -F /Users/xinyufang/Library/Developer/Xcode/DerivedData/Buzz-faillbpsmponqzeruhhvskovixzk/Build/Products/Debug-iphonesimulator -F /Applications/Xcode.app/Contents/Developer/Platforms/iPhoneSimulator.platform/Developer/Library/Frameworks -F /Applications/Xcode.app/Contents/Developer/Platforms/iPhoneSimulator.platform/Developer/SDKs/iPhoneSimulator26.0.sdk/Developer/Library/Frameworks -emit-localized-strings -emit-localized-strings-path /Users/xinyufang/Library/Developer/Xcode/DerivedData/Buzz-faillbpsmponqzeruhhvskovixzk/Build/Intermediates.noindex/Stripe.build/Debug-iphonesimulator/StripePaymentSheet.build/Objects-normal/arm64 -c -j8 -enable-batch-mode -incremental -Xcc -ivfsstatcache -Xcc /Users/xinyufang/Library/Developer/Xcode/DerivedData/SDKStatCaches.noindex/iphonesimulator26.0-23A339-26257891a6c027eb51374368541b8346.sdkstatcache -output-file-map /Users/xinyufang/Library/Developer/Xcode/DerivedData/Buzz-faillbpsmponqzeruhhvskovixzk/Build/Intermediates.noindex/Stripe.build/Debug-iphonesimulator/StripePaymentSheet.build/Objects-normal/arm64/StripePaymentSheet-OutputFileMap.json -use-frontend-parseable-output -save-temps -no-color-diagnostics -explicit-module-build -module-cache-path /Users/xinyufang/Library/Developer/Xcode/DerivedData/Buzz-faillbpsmponqzeruhhvskovixzk/Build/Intermediates.noindex/SwiftExplicitPrecompiledModules -clang-scanner-module-cache-path /Users/xinyufang/Library/Developer/Xcode/DerivedData/ModuleCache.noindex -sdk-module-cache-path /Users/xinyufang/Library/Developer/Xcode/DerivedData/ModuleCache.noindex -serialize-diagnostics -emit-dependencies -emit-module -emit-module-path /Users/xinyufang/Library/Developer/Xcode/DerivedData/Buzz-faillbpsmponqzeruhhvskovixzk/Build/Intermediates.noindex/Stripe.build/Debug-iphonesimulator/StripePaymentSheet.build/Objects-normal/arm64/StripePaymentSheet.swiftmodule -validate-clang-modules-once -clang-build-session-file /Users/xinyufang/Library/Developer/Xcode/DerivedData/ModuleCache.noindex/Session.modulevalidation -Xcc -I/Users/xinyufang/Library/Developer/Xcode/DerivedData/Buzz-faillbpsmponqzeruhhvskovixzk/Build/Intermediates.noindex/Stripe.build/Debug-iphonesimulator/StripePaymentSheet.build/swift-overrides.hmap -emit-const-values -Xfrontend -const-gather-protocols-file -Xfrontend /Users/xinyufang/Library/Developer/Xcode/DerivedData/Buzz-faillbpsmponqzeruhhvskovixzk/Build/Intermediates.noindex/Stripe.build/Debug-iphonesimulator/StripePaymentSheet.build/Objects-normal/arm64/StripePaymentSheet_const_extract_protocols.json -Xcc -I/Users/xinyufang/Library/Developer/Xcode/DerivedData/Buzz-faillbpsmponqzeruhhvskovixzk/SourcePackages/checkouts/stripe-ios-spm/Stripe3DS2/Stripe3DS2/include -Xcc -I/Users/xinyufang/Library/Developer/Xcode/DerivedData/Buzz-faillbpsmponqzeruhhvskovixzk/Build/Products/Debug-iphonesimulator/include -Xcc -I/Users/xinyufang/Library/Developer/Xcode/DerivedData/Buzz-faillbpsmponqzeruhhvskovixzk/Build/Intermediates.noindex/Stripe.build/Debug-iphonesimulator/StripePaymentSheet.build/DerivedSources-normal/arm64 -Xcc -I/Users/xinyufang/Library/Developer/Xcode/DerivedData/Buzz-faillbpsmponqzeruhhvskovixzk/Build/Intermediates.noindex/Stripe.build/Debug-iphonesimulator/StripePaymentSheet.build/DerivedSources/arm64 -Xcc -I/Users/xinyufang/Library/Developer/Xcode/DerivedData/Buzz-faillbpsmponqzeruhhvskovixzk/Build/Intermediates.noindex/Stripe.build/Debug-iphonesimulator/StripePaymentSheet.build/DerivedSources -Xcc -DSWIFT_PACKAGE -Xcc -DDEBUG\=1 -emit-objc-header -emit-objc-header-path /Users/xinyufang/Library/Developer/Xcode/DerivedData/Buzz-faillbpsmponqzeruhhvskovixzk/Build/Intermediates.noindex/Stripe.build/Debug-iphonesimulator/StripePaymentSheet.build/Objects-normal/arm64/StripePaymentSheet-Swift.h -working-directory /Users/xinyufang/Documents/Buzz/Buzz.xcodeproj -experimental-emit-module-separately -disable-cmo

PrecompileModule /Users/xinyufang/Library/Developer/Xcode/DerivedData/Buzz-faillbpsmponqzeruhhvskovixzk/Build/Intermediates.noindex/ExplicitPrecompiledModules/Metal-EYQRKUQ4A7SVYVWD4N5Q3ESU7.scan
    cd /
    builtin-precompileModule /Users/xinyufang/Library/Developer/Xcode/DerivedData/Buzz-faillbpsmponqzeruhhvskovixzk/Build/Intermediates.noindex/ExplicitPrecompiledModules/Metal-EYQRKUQ4A7SVYVWD4N5Q3ESU7.scan

CodeSign /Users/xinyufang/Library/Developer/Xcode/DerivedData/Buzz-faillbpsmponqzeruhhvskovixzk/Build/Products/Debug-iphonesimulator/AppAuth_AppAuthCore.bundle (in target 'AppAuth_AppAuthCore' from project 'AppAuth')
    cd /Users/xinyufang/Library/Developer/Xcode/DerivedData/Buzz-faillbpsmponqzeruhhvskovixzk/SourcePackages/checkouts/AppAuth-iOS
    
    Signing Identity:     "Sign to Run Locally"
    
    /usr/bin/codesign --force --sign - --timestamp\=none --generate-entitlement-der /Users/xinyufang/Library/Developer/Xcode/DerivedData/Buzz-faillbpsmponqzeruhhvskovixzk/Build/Products/Debug-iphonesimulator/AppAuth_AppAuthCore.bundle

CodeSign /Users/xinyufang/Library/Developer/Xcode/DerivedData/Buzz-faillbpsmponqzeruhhvskovixzk/Build/Products/Debug-iphonesimulator/AppAuth_AppAuth.bundle (in target 'AppAuth_AppAuth' from project 'AppAuth')
    cd /Users/xinyufang/Library/Developer/Xcode/DerivedData/Buzz-faillbpsmponqzeruhhvskovixzk/SourcePackages/checkouts/AppAuth-iOS
    
    Signing Identity:     "Sign to Run Locally"
    
    /usr/bin/codesign --force --sign - --timestamp\=none --generate-entitlement-der /Users/xinyufang/Library/Developer/Xcode/DerivedData/Buzz-faillbpsmponqzeruhhvskovixzk/Build/Products/Debug-iphonesimulator/AppAuth_AppAuth.bundle

CompileC /Users/xinyufang/Library/Developer/Xcode/DerivedData/Buzz-faillbpsmponqzeruhhvskovixzk/Build/Intermediates.noindex/GoogleSignIn.build/Debug-iphonesimulator/GoogleSignIn.build/Objects-normal/arm64/GIDAppCheckProviderFake.o /Users/xinyufang/Library/Developer/Xcode/DerivedData/Buzz-faillbpsmponqzeruhhvskovixzk/SourcePackages/checkouts/GoogleSignIn-iOS/GoogleSignIn/Sources/GIDAppCheck/Implementations/Fake/GIDAppCheckProviderFake.m normal arm64 objective-c com.apple.compilers.llvm.clang.1_0.compiler (in target 'GoogleSignIn' from project 'GoogleSignIn')
    cd /Users/xinyufang/Documents/Buzz/Buzz.xcodeproj
    
    Using response file: /Users/xinyufang/Library/Developer/Xcode/DerivedData/Buzz-faillbpsmponqzeruhhvskovixzk/Build/Intermediates.noindex/GoogleSignIn.build/Debug-iphonesimulator/GoogleSignIn.build/Objects-normal/arm64/e6072d4f65d7061329687fe24e3d63a7-common-args.resp
    
    /Applications/Xcode.app/Contents/Developer/Toolchains/XcodeDefault.xctoolchain/usr/bin/clang -x objective-c -ivfsstatcache /Users/xinyufang/Library/Developer/Xcode/DerivedData/SDKStatCaches.noindex/iphonesimulator26.0-23A339-26257891a6c027eb51374368541b8346.sdkstatcache -fmessage-length\=0 -fdiagnostics-show-note-include-stack -fmacro-backtrace-limit\=0 -fno-color-diagnostics -fmodules-prune-interval\=86400 -fmodules-prune-after\=345600 -fbuild-session-file\=/Users/xinyufang/Library/Developer/Xcode/DerivedData/ModuleCache.noindex/Session.modulevalidation -fmodules-validate-once-per-build-session -Wnon-modular-include-in-framework-module -Werror\=non-modular-include-in-framework-module -Wno-trigraphs -Wno-missing-field-initializers -Wno-missing-prototypes -Wno-return-type -Wno-implicit-atomic-properties -Wno-objc-interface-ivars -Wno-arc-repeated-use-of-weak -Wno-missing-braces -Wparentheses -Wswitch -Wno-unused-function -Wno-unused-label -Wno-unused-parameter -Wno-unused-variable -Wunused-value -Wno-empty-body -Wno-uninitialized -Wno-unknown-pragmas -w -Wno-shadow -Wno-four-char-constants -Wno-conversion -Wno-constant-conversion -Wno-int-conversion -Wno-bool-conversion -Wno-enum-conversion -Wno-float-conversion -Wno-non-literal-null-conversion -Wno-objc-literal-conversion -Wshorten-64-to-32 -Wpointer-sign -Wno-newline-eof -Wno-selector -Wno-strict-selector-match -Wno-undeclared-selector -Wno-deprecated-implementations -Wno-implicit-fallthrough -fstrict-aliasing -Wprotocol -Wdeprecated-declarations -Wno-sign-conversion -Wno-infinite-recursion -Wno-comma -Wno-block-capture-autoreleasing -Wno-strict-prototypes -Wno-semicolon-before-method-body -index-store-path /Users/xinyufang/Library/Developer/Xcode/DerivedData/Buzz-faillbpsmponqzeruhhvskovixzk/Index.noindex/DataStore @/Users/xinyufang/Library/Developer/Xcode/DerivedData/Buzz-faillbpsmponqzeruhhvskovixzk/Build/Intermediates.noindex/GoogleSignIn.build/Debug-iphonesimulator/GoogleSignIn.build/Objects-normal/arm64/e6072d4f65d7061329687fe24e3d63a7-common-args.resp -include /Users/xinyufang/Library/Developer/Xcode/DerivedData/Buzz-faillbpsmponqzeruhhvskovixzk/Build/Intermediates.noindex/GoogleSignIn.build/Debug-iphonesimulator/GoogleSignIn.build/DerivedSources/resource_bundle_accessor.h -MMD -MT dependencies -MF /Users/xinyufang/Library/Developer/Xcode/DerivedData/Buzz-faillbpsmponqzeruhhvskovixzk/Build/Intermediates.noindex/GoogleSignIn.build/Debug-iphonesimulator/GoogleSignIn.build/Objects-normal/arm64/GIDAppCheckProviderFake.d --serialize-diagnostics /Users/xinyufang/Library/Developer/Xcode/DerivedData/Buzz-faillbpsmponqzeruhhvskovixzk/Build/Intermediates.noindex/GoogleSignIn.build/Debug-iphonesimulator/GoogleSignIn.build/Objects-normal/arm64/GIDAppCheckProviderFake.dia -c /Users/xinyufang/Library/Developer/Xcode/DerivedData/Buzz-faillbpsmponqzeruhhvskovixzk/SourcePackages/checkouts/GoogleSignIn-iOS/GoogleSignIn/Sources/GIDAppCheck/Implementations/Fake/GIDAppCheckProviderFake.m -o /Users/xinyufang/Library/Developer/Xcode/DerivedData/Buzz-faillbpsmponqzeruhhvskovixzk/Build/Intermediates.noindex/GoogleSignIn.build/Debug-iphonesimulator/GoogleSignIn.build/Objects-normal/arm64/GIDAppCheckProviderFake.o -index-unit-output-path /GoogleSignIn.build/Debug-iphonesimulator/GoogleSignIn.build/Objects-normal/arm64/GIDAppCheckProviderFake.o

Ld /Users/xinyufang/Library/Developer/Xcode/DerivedData/Buzz-faillbpsmponqzeruhhvskovixzk/Build/Products/Debug-iphonesimulator/StripePaymentSheet.o normal (in target 'StripePaymentSheet' from project 'Stripe')
    cd /Users/xinyufang/Library/Developer/Xcode/DerivedData/Buzz-faillbpsmponqzeruhhvskovixzk/SourcePackages/checkouts/stripe-ios-spm
    /Applications/Xcode.app/Contents/Developer/Toolchains/XcodeDefault.xctoolchain/usr/bin/clang -Xlinker -reproducible -target arm64-apple-ios13.0-simulator -r -isysroot /Applications/Xcode.app/Contents/Developer/Platforms/iPhoneSimulator.platform/Developer/SDKs/iPhoneSimulator26.0.sdk -O0 -w -L/Users/xinyufang/Library/Developer/Xcode/DerivedData/Buzz-faillbpsmponqzeruhhvskovixzk/Build/Intermediates.noindex/EagerLinkingTBDs/Debug-iphonesimulator -L/Users/xinyufang/Library/Developer/Xcode/DerivedData/Buzz-faillbpsmponqzeruhhvskovixzk/Build/Products/Debug-iphonesimulator -L/Applications/Xcode.app/Contents/Developer/Platforms/iPhoneSimulator.platform/Developer/usr/lib -F/Users/xinyufang/Library/Developer/Xcode/DerivedData/Buzz-faillbpsmponqzeruhhvskovixzk/Build/Intermediates.noindex/EagerLinkingTBDs/Debug-iphonesimulator -F/Users/xinyufang/Library/Developer/Xcode/DerivedData/Buzz-faillbpsmponqzeruhhvskovixzk/Build/Products/Debug-iphonesimulator/PackageFrameworks -F/Users/xinyufang/Library/Developer/Xcode/DerivedData/Buzz-faillbpsmponqzeruhhvskovixzk/Build/Products/Debug-iphonesimulator/PackageFrameworks -F/Users/xinyufang/Library/Developer/Xcode/DerivedData/Buzz-faillbpsmponqzeruhhvskovixzk/Build/Products/Debug-iphonesimulator/PackageFrameworks -F/Users/xinyufang/Library/Developer/Xcode/DerivedData/Buzz-faillbpsmponqzeruhhvskovixzk/Build/Products/Debug-iphonesimulator/PackageFrameworks -F/Users/xinyufang/Library/Developer/Xcode/DerivedData/Buzz-faillbpsmponqzeruhhvskovixzk/Build/Products/Debug-iphonesimulator/PackageFrameworks -F/Users/xinyufang/Library/Developer/Xcode/DerivedData/Buzz-faillbpsmponqzeruhhvskovixzk/Build/Products/Debug-iphonesimulator/PackageFrameworks -F/Users/xinyufang/Library/Developer/Xcode/DerivedData/Buzz-faillbpsmponqzeruhhvskovixzk/Build/Products/Debug-iphonesimulator -iframework /Applications/Xcode.app/Contents/Developer/Platforms/iPhoneSimulator.platform/Developer/Library/Frameworks -iframework /Applications/Xcode.app/Contents/Developer/Platforms/iPhoneSimulator.platform/Developer/SDKs/iPhoneSimulator26.0.sdk/Developer/Library/Frameworks -filelist /Users/xinyufang/Library/Developer/Xcode/DerivedData/Buzz-faillbpsmponqzeruhhvskovixzk/Build/Intermediates.noindex/Stripe.build/Debug-iphonesimulator/StripePaymentSheet.build/Objects-normal/arm64/StripePaymentSheet.LinkFileList -nostdlib -Xlinker -object_path_lto -Xlinker /Users/xinyufang/Library/Developer/Xcode/DerivedData/Buzz-faillbpsmponqzeruhhvskovixzk/Build/Intermediates.noindex/Stripe.build/Debug-iphonesimulator/StripePaymentSheet.build/Objects-normal/arm64/StripePaymentSheet_lto.o -rdynamic -Xlinker -no_deduplicate -Xlinker -objc_abi_version -Xlinker 2 -Xlinker -dependency_info -Xlinker /Users/xinyufang/Library/Developer/Xcode/DerivedData/Buzz-faillbpsmponqzeruhhvskovixzk/Build/Intermediates.noindex/Stripe.build/Debug-iphonesimulator/StripePaymentSheet.build/Objects-normal/arm64/StripePaymentSheet_dependency_info.dat -fobjc-link-runtime -L/Applications/Xcode.app/Contents/Developer/Toolchains/XcodeDefault.xctoolchain/usr/lib/swift/iphonesimulator -L/usr/lib/swift -Xlinker -add_ast_path -Xlinker /Users/xinyufang/Library/Developer/Xcode/DerivedData/Buzz-faillbpsmponqzeruhhvskovixzk/Build/Intermediates.noindex/Stripe.build/Debug-iphonesimulator/StripePaymentSheet.build/Objects-normal/arm64/StripePaymentSheet.swiftmodule @/Users/xinyufang/Library/Developer/Xcode/DerivedData/Buzz-faillbpsmponqzeruhhvskovixzk/Build/Intermediates.noindex/Stripe.build/Debug-iphonesimulator/StripePaymentSheet.build/Objects-normal/arm64/StripePaymentSheet-linker-args.resp -o /Users/xinyufang/Library/Developer/Xcode/DerivedData/Buzz-faillbpsmponqzeruhhvskovixzk/Build/Products/Debug-iphonesimulator/StripePaymentSheet.o

PrecompileModule /Users/xinyufang/Library/Developer/Xcode/DerivedData/Buzz-faillbpsmponqzeruhhvskovixzk/Build/Intermediates.noindex/ExplicitPrecompiledModules/CoreVideo-7ZAZ7CILE0A9FZDXKGERMXZMA.scan
    cd /
    builtin-precompileModule /Users/xinyufang/Library/Developer/Xcode/DerivedData/Buzz-faillbpsmponqzeruhhvskovixzk/Build/Intermediates.noindex/ExplicitPrecompiledModules/CoreVideo-7ZAZ7CILE0A9FZDXKGERMXZMA.scan

RegisterExecutionPolicyException /Users/xinyufang/Library/Developer/Xcode/DerivedData/Buzz-faillbpsmponqzeruhhvskovixzk/Build/Products/Debug-iphonesimulator/GTMSessionFetcher_GTMSessionFetcherCore.bundle (in target 'GTMSessionFetcher_GTMSessionFetcherCore' from project 'GTMSessionFetcher')
    cd /Users/xinyufang/Library/Developer/Xcode/DerivedData/Buzz-faillbpsmponqzeruhhvskovixzk/SourcePackages/checkouts/gtm-session-fetcher
    builtin-RegisterExecutionPolicyException /Users/xinyufang/Library/Developer/Xcode/DerivedData/Buzz-faillbpsmponqzeruhhvskovixzk/Build/Products/Debug-iphonesimulator/GTMSessionFetcher_GTMSessionFetcherCore.bundle

Touch /Users/xinyufang/Library/Developer/Xcode/DerivedData/Buzz-faillbpsmponqzeruhhvskovixzk/Build/Products/Debug-iphonesimulator/GTMAppAuth_GTMAppAuth.bundle (in target 'GTMAppAuth_GTMAppAuth' from project 'GTMAppAuth')
    cd /Users/xinyufang/Library/Developer/Xcode/DerivedData/Buzz-faillbpsmponqzeruhhvskovixzk/SourcePackages/checkouts/GTMAppAuth
    /usr/bin/touch -c /Users/xinyufang/Library/Developer/Xcode/DerivedData/Buzz-faillbpsmponqzeruhhvskovixzk/Build/Products/Debug-iphonesimulator/GTMAppAuth_GTMAppAuth.bundle

RegisterExecutionPolicyException /Users/xinyufang/Library/Developer/Xcode/DerivedData/Buzz-faillbpsmponqzeruhhvskovixzk/Build/Products/Debug-iphonesimulator/AppAuth_AppAuthCore.bundle (in target 'AppAuth_AppAuthCore' from project 'AppAuth')
    cd /Users/xinyufang/Library/Developer/Xcode/DerivedData/Buzz-faillbpsmponqzeruhhvskovixzk/SourcePackages/checkouts/AppAuth-iOS
    builtin-RegisterExecutionPolicyException /Users/xinyufang/Library/Developer/Xcode/DerivedData/Buzz-faillbpsmponqzeruhhvskovixzk/Build/Products/Debug-iphonesimulator/AppAuth_AppAuthCore.bundle

RegisterExecutionPolicyException /Users/xinyufang/Library/Developer/Xcode/DerivedData/Buzz-faillbpsmponqzeruhhvskovixzk/Build/Products/Debug-iphonesimulator/AppAuth_AppAuth.bundle (in target 'AppAuth_AppAuth' from project 'AppAuth')
    cd /Users/xinyufang/Library/Developer/Xcode/DerivedData/Buzz-faillbpsmponqzeruhhvskovixzk/SourcePackages/checkouts/AppAuth-iOS
    builtin-RegisterExecutionPolicyException /Users/xinyufang/Library/Developer/Xcode/DerivedData/Buzz-faillbpsmponqzeruhhvskovixzk/Build/Products/Debug-iphonesimulator/AppAuth_AppAuth.bundle

Touch /Users/xinyufang/Library/Developer/Xcode/DerivedData/Buzz-faillbpsmponqzeruhhvskovixzk/Build/Products/Debug-iphonesimulator/GTMSessionFetcher_GTMSessionFetcherCore.bundle (in target 'GTMSessionFetcher_GTMSessionFetcherCore' from project 'GTMSessionFetcher')
    cd /Users/xinyufang/Library/Developer/Xcode/DerivedData/Buzz-faillbpsmponqzeruhhvskovixzk/SourcePackages/checkouts/gtm-session-fetcher
    /usr/bin/touch -c /Users/xinyufang/Library/Developer/Xcode/DerivedData/Buzz-faillbpsmponqzeruhhvskovixzk/Build/Products/Debug-iphonesimulator/GTMSessionFetcher_GTMSessionFetcherCore.bundle

Touch /Users/xinyufang/Library/Developer/Xcode/DerivedData/Buzz-faillbpsmponqzeruhhvskovixzk/Build/Products/Debug-iphonesimulator/AppAuth_AppAuth.bundle (in target 'AppAuth_AppAuth' from project 'AppAuth')
    cd /Users/xinyufang/Library/Developer/Xcode/DerivedData/Buzz-faillbpsmponqzeruhhvskovixzk/SourcePackages/checkouts/AppAuth-iOS
    /usr/bin/touch -c /Users/xinyufang/Library/Developer/Xcode/DerivedData/Buzz-faillbpsmponqzeruhhvskovixzk/Build/Products/Debug-iphonesimulator/AppAuth_AppAuth.bundle

PrecompileModule /Users/xinyufang/Library/Developer/Xcode/DerivedData/Buzz-faillbpsmponqzeruhhvskovixzk/Build/Intermediates.noindex/ExplicitPrecompiledModules/QuartzCore-EWGPA8WM6HRR08OOM0MGIIIGO.scan
    cd /
    builtin-precompileModule /Users/xinyufang/Library/Developer/Xcode/DerivedData/Buzz-faillbpsmponqzeruhhvskovixzk/Build/Intermediates.noindex/ExplicitPrecompiledModules/QuartzCore-EWGPA8WM6HRR08OOM0MGIIIGO.scan

PrecompileModule /Users/xinyufang/Library/Developer/Xcode/DerivedData/Buzz-faillbpsmponqzeruhhvskovixzk/Build/Intermediates.noindex/ExplicitPrecompiledModules/CoreImage-B6ASA1NNY1DA5OHVIJJ5JZHCN.scan
    cd /
    builtin-precompileModule /Users/xinyufang/Library/Developer/Xcode/DerivedData/Buzz-faillbpsmponqzeruhhvskovixzk/Build/Intermediates.noindex/ExplicitPrecompiledModules/CoreImage-B6ASA1NNY1DA5OHVIJJ5JZHCN.scan

PrecompileModule /Users/xinyufang/Library/Developer/Xcode/DerivedData/Buzz-faillbpsmponqzeruhhvskovixzk/Build/Intermediates.noindex/ExplicitPrecompiledModules/CoreMedia-AT1TV0DDIVD3MVH79PKEXSF73.scan
    cd /
    builtin-precompileModule /Users/xinyufang/Library/Developer/Xcode/DerivedData/Buzz-faillbpsmponqzeruhhvskovixzk/Build/Intermediates.noindex/ExplicitPrecompiledModules/CoreMedia-AT1TV0DDIVD3MVH79PKEXSF73.scan

RegisterExecutionPolicyException /Users/xinyufang/Library/Developer/Xcode/DerivedData/Buzz-faillbpsmponqzeruhhvskovixzk/Build/Products/Debug-iphonesimulator/Crypto.o (in target 'Crypto' from project 'swift-crypto')
    cd /Users/xinyufang/Library/Developer/Xcode/DerivedData/Buzz-faillbpsmponqzeruhhvskovixzk/SourcePackages/checkouts/swift-crypto
    builtin-RegisterExecutionPolicyException /Users/xinyufang/Library/Developer/Xcode/DerivedData/Buzz-faillbpsmponqzeruhhvskovixzk/Build/Products/Debug-iphonesimulator/Crypto.o

RegisterExecutionPolicyException /Users/xinyufang/Library/Developer/Xcode/DerivedData/Buzz-faillbpsmponqzeruhhvskovixzk/Build/Products/Debug-iphonesimulator/StripeConnect.o (in target 'StripeConnect' from project 'Stripe')
    cd /Users/xinyufang/Library/Developer/Xcode/DerivedData/Buzz-faillbpsmponqzeruhhvskovixzk/SourcePackages/checkouts/stripe-ios-spm
    builtin-RegisterExecutionPolicyException /Users/xinyufang/Library/Developer/Xcode/DerivedData/Buzz-faillbpsmponqzeruhhvskovixzk/Build/Products/Debug-iphonesimulator/StripeConnect.o

RegisterExecutionPolicyException /Users/xinyufang/Library/Developer/Xcode/DerivedData/Buzz-faillbpsmponqzeruhhvskovixzk/Build/Products/Debug-iphonesimulator/ConcurrencyExtras.o (in target 'ConcurrencyExtras' from project 'swift-concurrency-extras')
    cd /Users/xinyufang/Library/Developer/Xcode/DerivedData/Buzz-faillbpsmponqzeruhhvskovixzk/SourcePackages/checkouts/swift-concurrency-extras
    builtin-RegisterExecutionPolicyException /Users/xinyufang/Library/Developer/Xcode/DerivedData/Buzz-faillbpsmponqzeruhhvskovixzk/Build/Products/Debug-iphonesimulator/ConcurrencyExtras.o

Ld /Users/xinyufang/Library/Developer/Xcode/DerivedData/Buzz-faillbpsmponqzeruhhvskovixzk/Build/Products/Debug-iphonesimulator/GTMSessionFetcherCore.o normal (in target 'GTMSessionFetcherCore' from project 'GTMSessionFetcher')
    cd /Users/xinyufang/Library/Developer/Xcode/DerivedData/Buzz-faillbpsmponqzeruhhvskovixzk/SourcePackages/checkouts/gtm-session-fetcher
    /Applications/Xcode.app/Contents/Developer/Toolchains/XcodeDefault.xctoolchain/usr/bin/clang -Xlinker -reproducible -target arm64-apple-ios12.0-simulator -r -isysroot /Applications/Xcode.app/Contents/Developer/Platforms/iPhoneSimulator.platform/Developer/SDKs/iPhoneSimulator26.0.sdk -O0 -w -L/Users/xinyufang/Library/Developer/Xcode/DerivedData/Buzz-faillbpsmponqzeruhhvskovixzk/Build/Intermediates.noindex/EagerLinkingTBDs/Debug-iphonesimulator -L/Users/xinyufang/Library/Developer/Xcode/DerivedData/Buzz-faillbpsmponqzeruhhvskovixzk/Build/Products/Debug-iphonesimulator -L/Applications/Xcode.app/Contents/Developer/Platforms/iPhoneSimulator.platform/Developer/usr/lib -F/Users/xinyufang/Library/Developer/Xcode/DerivedData/Buzz-faillbpsmponqzeruhhvskovixzk/Build/Intermediates.noindex/EagerLinkingTBDs/Debug-iphonesimulator -F/Users/xinyufang/Library/Developer/Xcode/DerivedData/Buzz-faillbpsmponqzeruhhvskovixzk/Build/Products/Debug-iphonesimulator -iframework /Applications/Xcode.app/Contents/Developer/Platforms/iPhoneSimulator.platform/Developer/Library/Frameworks -iframework /Applications/Xcode.app/Contents/Developer/Platforms/iPhoneSimulator.platform/Developer/SDKs/iPhoneSimulator26.0.sdk/Developer/Library/Frameworks -filelist /Users/xinyufang/Library/Developer/Xcode/DerivedData/Buzz-faillbpsmponqzeruhhvskovixzk/Build/Intermediates.noindex/GTMSessionFetcher.build/Debug-iphonesimulator/GTMSessionFetcherCore.build/Objects-normal/arm64/GTMSessionFetcherCore.LinkFileList -nostdlib -Xlinker -object_path_lto -Xlinker /Users/xinyufang/Library/Developer/Xcode/DerivedData/Buzz-faillbpsmponqzeruhhvskovixzk/Build/Intermediates.noindex/GTMSessionFetcher.build/Debug-iphonesimulator/GTMSessionFetcherCore.build/Objects-normal/arm64/GTMSessionFetcherCore_lto.o -rdynamic -Xlinker -no_deduplicate -Xlinker -objc_abi_version -Xlinker 2 -Xlinker -dependency_info -Xlinker /Users/xinyufang/Library/Developer/Xcode/DerivedData/Buzz-faillbpsmponqzeruhhvskovixzk/Build/Intermediates.noindex/GTMSessionFetcher.build/Debug-iphonesimulator/GTMSessionFetcherCore.build/Objects-normal/arm64/GTMSessionFetcherCore_dependency_info.dat -fobjc-arc -fobjc-link-runtime -o /Users/xinyufang/Library/Developer/Xcode/DerivedData/Buzz-faillbpsmponqzeruhhvskovixzk/Build/Products/Debug-iphonesimulator/GTMSessionFetcherCore.o

RegisterExecutionPolicyException /Users/xinyufang/Library/Developer/Xcode/DerivedData/Buzz-faillbpsmponqzeruhhvskovixzk/Build/Products/Debug-iphonesimulator/GoogleUtilities-Logger.o (in target 'GoogleUtilities-Logger' from project 'GoogleUtilities')
    cd /Users/xinyufang/Library/Developer/Xcode/DerivedData/Buzz-faillbpsmponqzeruhhvskovixzk/SourcePackages/checkouts/GoogleUtilities
    builtin-RegisterExecutionPolicyException /Users/xinyufang/Library/Developer/Xcode/DerivedData/Buzz-faillbpsmponqzeruhhvskovixzk/Build/Products/Debug-iphonesimulator/GoogleUtilities-Logger.o

Touch /Users/xinyufang/Library/Developer/Xcode/DerivedData/Buzz-faillbpsmponqzeruhhvskovixzk/Build/Products/Debug-iphonesimulator/AppAuth_AppAuthCore.bundle (in target 'AppAuth_AppAuthCore' from project 'AppAuth')
    cd /Users/xinyufang/Library/Developer/Xcode/DerivedData/Buzz-faillbpsmponqzeruhhvskovixzk/SourcePackages/checkouts/AppAuth-iOS
    /usr/bin/touch -c /Users/xinyufang/Library/Developer/Xcode/DerivedData/Buzz-faillbpsmponqzeruhhvskovixzk/Build/Products/Debug-iphonesimulator/AppAuth_AppAuthCore.bundle

Ld /Users/xinyufang/Library/Developer/Xcode/DerivedData/Buzz-faillbpsmponqzeruhhvskovixzk/Build/Products/Debug-iphonesimulator/AppAuthCore.o normal (in target 'AppAuthCore' from project 'AppAuth')
    cd /Users/xinyufang/Library/Developer/Xcode/DerivedData/Buzz-faillbpsmponqzeruhhvskovixzk/SourcePackages/checkouts/AppAuth-iOS
    /Applications/Xcode.app/Contents/Developer/Toolchains/XcodeDefault.xctoolchain/usr/bin/clang -Xlinker -reproducible -target arm64-apple-ios12.0-simulator -r -isysroot /Applications/Xcode.app/Contents/Developer/Platforms/iPhoneSimulator.platform/Developer/SDKs/iPhoneSimulator26.0.sdk -O0 -w -L/Users/xinyufang/Library/Developer/Xcode/DerivedData/Buzz-faillbpsmponqzeruhhvskovixzk/Build/Intermediates.noindex/EagerLinkingTBDs/Debug-iphonesimulator -L/Users/xinyufang/Library/Developer/Xcode/DerivedData/Buzz-faillbpsmponqzeruhhvskovixzk/Build/Products/Debug-iphonesimulator -L/Applications/Xcode.app/Contents/Developer/Platforms/iPhoneSimulator.platform/Developer/usr/lib -F/Users/xinyufang/Library/Developer/Xcode/DerivedData/Buzz-faillbpsmponqzeruhhvskovixzk/Build/Intermediates.noindex/EagerLinkingTBDs/Debug-iphonesimulator -F/Users/xinyufang/Library/Developer/Xcode/DerivedData/Buzz-faillbpsmponqzeruhhvskovixzk/Build/Products/Debug-iphonesimulator -iframework /Applications/Xcode.app/Contents/Developer/Platforms/iPhoneSimulator.platform/Developer/Library/Frameworks -iframework /Applications/Xcode.app/Contents/Developer/Platforms/iPhoneSimulator.platform/Developer/SDKs/iPhoneSimulator26.0.sdk/Developer/Library/Frameworks -filelist /Users/xinyufang/Library/Developer/Xcode/DerivedData/Buzz-faillbpsmponqzeruhhvskovixzk/Build/Intermediates.noindex/AppAuth.build/Debug-iphonesimulator/AppAuthCore.build/Objects-normal/arm64/AppAuthCore.LinkFileList -nostdlib -Xlinker -object_path_lto -Xlinker /Users/xinyufang/Library/Developer/Xcode/DerivedData/Buzz-faillbpsmponqzeruhhvskovixzk/Build/Intermediates.noindex/AppAuth.build/Debug-iphonesimulator/AppAuthCore.build/Objects-normal/arm64/AppAuthCore_lto.o -rdynamic -Xlinker -no_deduplicate -Xlinker -objc_abi_version -Xlinker 2 -Xlinker -dependency_info -Xlinker /Users/xinyufang/Library/Developer/Xcode/DerivedData/Buzz-faillbpsmponqzeruhhvskovixzk/Build/Intermediates.noindex/AppAuth.build/Debug-iphonesimulator/AppAuthCore.build/Objects-normal/arm64/AppAuthCore_dependency_info.dat -fobjc-arc -fobjc-link-runtime -o /Users/xinyufang/Library/Developer/Xcode/DerivedData/Buzz-faillbpsmponqzeruhhvskovixzk/Build/Products/Debug-iphonesimulator/AppAuthCore.o

Ld /Users/xinyufang/Library/Developer/Xcode/DerivedData/Buzz-faillbpsmponqzeruhhvskovixzk/Build/Products/Debug-iphonesimulator/Clocks.o normal (in target 'Clocks' from project 'swift-clocks')
    cd /Users/xinyufang/Library/Developer/Xcode/DerivedData/Buzz-faillbpsmponqzeruhhvskovixzk/SourcePackages/checkouts/swift-clocks
    /Applications/Xcode.app/Contents/Developer/Toolchains/XcodeDefault.xctoolchain/usr/bin/clang -Xlinker -reproducible -target arm64-apple-ios13.0-simulator -r -isysroot /Applications/Xcode.app/Contents/Developer/Platforms/iPhoneSimulator.platform/Developer/SDKs/iPhoneSimulator26.0.sdk -O0 -w -L/Users/xinyufang/Library/Developer/Xcode/DerivedData/Buzz-faillbpsmponqzeruhhvskovixzk/Build/Intermediates.noindex/EagerLinkingTBDs/Debug-iphonesimulator -L/Users/xinyufang/Library/Developer/Xcode/DerivedData/Buzz-faillbpsmponqzeruhhvskovixzk/Build/Products/Debug-iphonesimulator -L/Applications/Xcode.app/Contents/Developer/Platforms/iPhoneSimulator.platform/Developer/usr/lib -F/Users/xinyufang/Library/Developer/Xcode/DerivedData/Buzz-faillbpsmponqzeruhhvskovixzk/Build/Intermediates.noindex/EagerLinkingTBDs/Debug-iphonesimulator -F/Users/xinyufang/Library/Developer/Xcode/DerivedData/Buzz-faillbpsmponqzeruhhvskovixzk/Build/Products/Debug-iphonesimulator/PackageFrameworks -F/Users/xinyufang/Library/Developer/Xcode/DerivedData/Buzz-faillbpsmponqzeruhhvskovixzk/Build/Products/Debug-iphonesimulator/PackageFrameworks -F/Users/xinyufang/Library/Developer/Xcode/DerivedData/Buzz-faillbpsmponqzeruhhvskovixzk/Build/Products/Debug-iphonesimulator/PackageFrameworks -F/Users/xinyufang/Library/Developer/Xcode/DerivedData/Buzz-faillbpsmponqzeruhhvskovixzk/Build/Products/Debug-iphonesimulator -iframework /Applications/Xcode.app/Contents/Developer/Platforms/iPhoneSimulator.platform/Developer/Library/Frameworks -iframework /Applications/Xcode.app/Contents/Developer/Platforms/iPhoneSimulator.platform/Developer/SDKs/iPhoneSimulator26.0.sdk/Developer/Library/Frameworks -filelist /Users/xinyufang/Library/Developer/Xcode/DerivedData/Buzz-faillbpsmponqzeruhhvskovixzk/Build/Intermediates.noindex/swift-clocks.build/Debug-iphonesimulator/Clocks.build/Objects-normal/arm64/Clocks.LinkFileList -nostdlib -Xlinker -object_path_lto -Xlinker /Users/xinyufang/Library/Developer/Xcode/DerivedData/Buzz-faillbpsmponqzeruhhvskovixzk/Build/Intermediates.noindex/swift-clocks.build/Debug-iphonesimulator/Clocks.build/Objects-normal/arm64/Clocks_lto.o -rdynamic -Xlinker -no_deduplicate -Xlinker -objc_abi_version -Xlinker 2 -Xlinker -dependency_info -Xlinker /Users/xinyufang/Library/Developer/Xcode/DerivedData/Buzz-faillbpsmponqzeruhhvskovixzk/Build/Intermediates.noindex/swift-clocks.build/Debug-iphonesimulator/Clocks.build/Objects-normal/arm64/Clocks_dependency_info.dat -fobjc-link-runtime -L/Applications/Xcode.app/Contents/Developer/Toolchains/XcodeDefault.xctoolchain/usr/lib/swift/iphonesimulator -L/usr/lib/swift -Xlinker -add_ast_path -Xlinker /Users/xinyufang/Library/Developer/Xcode/DerivedData/Buzz-faillbpsmponqzeruhhvskovixzk/Build/Intermediates.noindex/swift-clocks.build/Debug-iphonesimulator/Clocks.build/Objects-normal/arm64/Clocks.swiftmodule @/Users/xinyufang/Library/Developer/Xcode/DerivedData/Buzz-faillbpsmponqzeruhhvskovixzk/Build/Intermediates.noindex/swift-clocks.build/Debug-iphonesimulator/Clocks.build/Objects-normal/arm64/Clocks-linker-args.resp -o /Users/xinyufang/Library/Developer/Xcode/DerivedData/Buzz-faillbpsmponqzeruhhvskovixzk/Build/Products/Debug-iphonesimulator/Clocks.o

Ld /Users/xinyufang/Library/Developer/Xcode/DerivedData/Buzz-faillbpsmponqzeruhhvskovixzk/Build/Products/Debug-iphonesimulator/GoogleUtilities-UserDefaults.o normal (in target 'GoogleUtilities-UserDefaults' from project 'GoogleUtilities')
    cd /Users/xinyufang/Library/Developer/Xcode/DerivedData/Buzz-faillbpsmponqzeruhhvskovixzk/SourcePackages/checkouts/GoogleUtilities
    /Applications/Xcode.app/Contents/Developer/Toolchains/XcodeDefault.xctoolchain/usr/bin/clang -Xlinker -reproducible -target arm64-apple-ios12.0-simulator -r -isysroot /Applications/Xcode.app/Contents/Developer/Platforms/iPhoneSimulator.platform/Developer/SDKs/iPhoneSimulator26.0.sdk -O0 -w -L/Users/xinyufang/Library/Developer/Xcode/DerivedData/Buzz-faillbpsmponqzeruhhvskovixzk/Build/Intermediates.noindex/EagerLinkingTBDs/Debug-iphonesimulator -L/Users/xinyufang/Library/Developer/Xcode/DerivedData/Buzz-faillbpsmponqzeruhhvskovixzk/Build/Products/Debug-iphonesimulator -L/Applications/Xcode.app/Contents/Developer/Platforms/iPhoneSimulator.platform/Developer/usr/lib -F/Users/xinyufang/Library/Developer/Xcode/DerivedData/Buzz-faillbpsmponqzeruhhvskovixzk/Build/Intermediates.noindex/EagerLinkingTBDs/Debug-iphonesimulator -F/Users/xinyufang/Library/Developer/Xcode/DerivedData/Buzz-faillbpsmponqzeruhhvskovixzk/Build/Products/Debug-iphonesimulator/PackageFrameworks -F/Users/xinyufang/Library/Developer/Xcode/DerivedData/Buzz-faillbpsmponqzeruhhvskovixzk/Build/Products/Debug-iphonesimulator/PackageFrameworks -F/Users/xinyufang/Library/Developer/Xcode/DerivedData/Buzz-faillbpsmponqzeruhhvskovixzk/Build/Products/Debug-iphonesimulator/PackageFrameworks -F/Users/xinyufang/Library/Developer/Xcode/DerivedData/Buzz-faillbpsmponqzeruhhvskovixzk/Build/Products/Debug-iphonesimulator -iframework /Applications/Xcode.app/Contents/Developer/Platforms/iPhoneSimulator.platform/Developer/Library/Frameworks -iframework /Applications/Xcode.app/Contents/Developer/Platforms/iPhoneSimulator.platform/Developer/SDKs/iPhoneSimulator26.0.sdk/Developer/Library/Frameworks -filelist /Users/xinyufang/Library/Developer/Xcode/DerivedData/Buzz-faillbpsmponqzeruhhvskovixzk/Build/Intermediates.noindex/GoogleUtilities.build/Debug-iphonesimulator/GoogleUtilities-UserDefaults.build/Objects-normal/arm64/GoogleUtilities-UserDefaults.LinkFileList -nostdlib -Xlinker -object_path_lto -Xlinker /Users/xinyufang/Library/Developer/Xcode/DerivedData/Buzz-faillbpsmponqzeruhhvskovixzk/Build/Intermediates.noindex/GoogleUtilities.build/Debug-iphonesimulator/GoogleUtilities-UserDefaults.build/Objects-normal/arm64/GoogleUtilities-UserDefaults_lto.o -rdynamic -Xlinker -no_deduplicate -Xlinker -objc_abi_version -Xlinker 2 -Xlinker -dependency_info -Xlinker /Users/xinyufang/Library/Developer/Xcode/DerivedData/Buzz-faillbpsmponqzeruhhvskovixzk/Build/Intermediates.noindex/GoogleUtilities.build/Debug-iphonesimulator/GoogleUtilities-UserDefaults.build/Objects-normal/arm64/GoogleUtilities-UserDefaults_dependency_info.dat -fobjc-arc -fobjc-link-runtime -o /Users/xinyufang/Library/Developer/Xcode/DerivedData/Buzz-faillbpsmponqzeruhhvskovixzk/Build/Products/Debug-iphonesimulator/GoogleUtilities-UserDefaults.o

RegisterExecutionPolicyException /Users/xinyufang/Library/Developer/Xcode/DerivedData/Buzz-faillbpsmponqzeruhhvskovixzk/Build/Products/Debug-iphonesimulator/GTMSessionFetcherCore.o (in target 'GTMSessionFetcherCore' from project 'GTMSessionFetcher')
    cd /Users/xinyufang/Library/Developer/Xcode/DerivedData/Buzz-faillbpsmponqzeruhhvskovixzk/SourcePackages/checkouts/gtm-session-fetcher
    builtin-RegisterExecutionPolicyException /Users/xinyufang/Library/Developer/Xcode/DerivedData/Buzz-faillbpsmponqzeruhhvskovixzk/Build/Products/Debug-iphonesimulator/GTMSessionFetcherCore.o

PrecompileModule /Users/xinyufang/Library/Developer/Xcode/DerivedData/Buzz-faillbpsmponqzeruhhvskovixzk/Build/Intermediates.noindex/ExplicitPrecompiledModules/UIKit-3EIBM5U9HATQQ01EGJ395A10U.scan
    cd /
    builtin-precompileModule /Users/xinyufang/Library/Developer/Xcode/DerivedData/Buzz-faillbpsmponqzeruhhvskovixzk/Build/Intermediates.noindex/ExplicitPrecompiledModules/UIKit-3EIBM5U9HATQQ01EGJ395A10U.scan

ExtractAppIntentsMetadata (in target 'Clocks' from project 'swift-clocks')
    cd /Users/xinyufang/Library/Developer/Xcode/DerivedData/Buzz-faillbpsmponqzeruhhvskovixzk/SourcePackages/checkouts/swift-clocks
    /Applications/Xcode.app/Contents/Developer/Toolchains/XcodeDefault.xctoolchain/usr/bin/appintentsmetadataprocessor --toolchain-dir /Applications/Xcode.app/Contents/Developer/Toolchains/XcodeDefault.xctoolchain --module-name Clocks --sdk-root /Applications/Xcode.app/Contents/Developer/Platforms/iPhoneSimulator.platform/Developer/SDKs/iPhoneSimulator26.0.sdk --xcode-version 17A400 --platform-family iOS --deployment-target 13.0 --bundle-identifier swift-clocks.Clocks --output /Users/xinyufang/Library/Developer/Xcode/DerivedData/Buzz-faillbpsmponqzeruhhvskovixzk/Build/Products/Debug-iphonesimulator/Clocks.appintents --target-triple arm64-apple-ios13.0-simulator --binary-file /Users/xinyufang/Library/Developer/Xcode/DerivedData/Buzz-faillbpsmponqzeruhhvskovixzk/Build/Products/Debug-iphonesimulator/Clocks.o --dependency-file /Users/xinyufang/Library/Developer/Xcode/DerivedData/Buzz-faillbpsmponqzeruhhvskovixzk/Build/Intermediates.noindex/swift-clocks.build/Debug-iphonesimulator/Clocks.build/Objects-normal/arm64/Clocks_dependency_info.dat --stringsdata-file /Users/xinyufang/Library/Developer/Xcode/DerivedData/Buzz-faillbpsmponqzeruhhvskovixzk/Build/Intermediates.noindex/swift-clocks.build/Debug-iphonesimulator/Clocks.build/Objects-normal/arm64/ExtractedAppShortcutsMetadata.stringsdata --source-file-list /Users/xinyufang/Library/Developer/Xcode/DerivedData/Buzz-faillbpsmponqzeruhhvskovixzk/Build/Intermediates.noindex/swift-clocks.build/Debug-iphonesimulator/Clocks.build/Objects-normal/arm64/Clocks.SwiftFileList --metadata-file-list /Users/xinyufang/Library/Developer/Xcode/DerivedData/Buzz-faillbpsmponqzeruhhvskovixzk/Build/Intermediates.noindex/swift-clocks.build/Debug-iphonesimulator/Clocks.build/Clocks.DependencyMetadataFileList --static-metadata-file-list /Users/xinyufang/Library/Developer/Xcode/DerivedData/Buzz-faillbpsmponqzeruhhvskovixzk/Build/Intermediates.noindex/swift-clocks.build/Debug-iphonesimulator/Clocks.build/Clocks.DependencyStaticMetadataFileList --swift-const-vals-list /Users/xinyufang/Library/Developer/Xcode/DerivedData/Buzz-faillbpsmponqzeruhhvskovixzk/Build/Intermediates.noindex/swift-clocks.build/Debug-iphonesimulator/Clocks.build/Objects-normal/arm64/Clocks.SwiftConstValuesFileList --force --compile-time-extraction --deployment-aware-processing --validate-assistant-intents --no-app-shortcuts-localization
2025-11-16 01:12:17.871 appintentsmetadataprocessor[64464:26422946] Starting appintentsmetadataprocessor export
2025-11-16 01:12:18.013 appintentsmetadataprocessor[64464:26422946] Extracted no relevant App Intents symbols, skipping writing output

RegisterExecutionPolicyException /Users/xinyufang/Library/Developer/Xcode/DerivedData/Buzz-faillbpsmponqzeruhhvskovixzk/Build/Products/Debug-iphonesimulator/AppAuthCore.o (in target 'AppAuthCore' from project 'AppAuth')
    cd /Users/xinyufang/Library/Developer/Xcode/DerivedData/Buzz-faillbpsmponqzeruhhvskovixzk/SourcePackages/checkouts/AppAuth-iOS
    builtin-RegisterExecutionPolicyException /Users/xinyufang/Library/Developer/Xcode/DerivedData/Buzz-faillbpsmponqzeruhhvskovixzk/Build/Products/Debug-iphonesimulator/AppAuthCore.o

RegisterExecutionPolicyException /Users/xinyufang/Library/Developer/Xcode/DerivedData/Buzz-faillbpsmponqzeruhhvskovixzk/Build/Products/Debug-iphonesimulator/GoogleUtilities-UserDefaults.o (in target 'GoogleUtilities-UserDefaults' from project 'GoogleUtilities')
    cd /Users/xinyufang/Library/Developer/Xcode/DerivedData/Buzz-faillbpsmponqzeruhhvskovixzk/SourcePackages/checkouts/GoogleUtilities
    builtin-RegisterExecutionPolicyException /Users/xinyufang/Library/Developer/Xcode/DerivedData/Buzz-faillbpsmponqzeruhhvskovixzk/Build/Products/Debug-iphonesimulator/GoogleUtilities-UserDefaults.o

Ld /Users/xinyufang/Library/Developer/Xcode/DerivedData/Buzz-faillbpsmponqzeruhhvskovixzk/Build/Products/Debug-iphonesimulator/AppAuth.o normal (in target 'AppAuth' from project 'AppAuth')
    cd /Users/xinyufang/Library/Developer/Xcode/DerivedData/Buzz-faillbpsmponqzeruhhvskovixzk/SourcePackages/checkouts/AppAuth-iOS
    /Applications/Xcode.app/Contents/Developer/Toolchains/XcodeDefault.xctoolchain/usr/bin/clang -Xlinker -reproducible -target arm64-apple-ios12.0-simulator -r -isysroot /Applications/Xcode.app/Contents/Developer/Platforms/iPhoneSimulator.platform/Developer/SDKs/iPhoneSimulator26.0.sdk -O0 -w -L/Users/xinyufang/Library/Developer/Xcode/DerivedData/Buzz-faillbpsmponqzeruhhvskovixzk/Build/Intermediates.noindex/EagerLinkingTBDs/Debug-iphonesimulator -L/Users/xinyufang/Library/Developer/Xcode/DerivedData/Buzz-faillbpsmponqzeruhhvskovixzk/Build/Products/Debug-iphonesimulator -L/Applications/Xcode.app/Contents/Developer/Platforms/iPhoneSimulator.platform/Developer/usr/lib -F/Users/xinyufang/Library/Developer/Xcode/DerivedData/Buzz-faillbpsmponqzeruhhvskovixzk/Build/Intermediates.noindex/EagerLinkingTBDs/Debug-iphonesimulator -F/Users/xinyufang/Library/Developer/Xcode/DerivedData/Buzz-faillbpsmponqzeruhhvskovixzk/Build/Products/Debug-iphonesimulator/PackageFrameworks -F/Users/xinyufang/Library/Developer/Xcode/DerivedData/Buzz-faillbpsmponqzeruhhvskovixzk/Build/Products/Debug-iphonesimulator -iframework /Applications/Xcode.app/Contents/Developer/Platforms/iPhoneSimulator.platform/Developer/Library/Frameworks -iframework /Applications/Xcode.app/Contents/Developer/Platforms/iPhoneSimulator.platform/Developer/SDKs/iPhoneSimulator26.0.sdk/Developer/Library/Frameworks -filelist /Users/xinyufang/Library/Developer/Xcode/DerivedData/Buzz-faillbpsmponqzeruhhvskovixzk/Build/Intermediates.noindex/AppAuth.build/Debug-iphonesimulator/AppAuth.build/Objects-normal/arm64/AppAuth.LinkFileList -nostdlib -Xlinker -object_path_lto -Xlinker /Users/xinyufang/Library/Developer/Xcode/DerivedData/Buzz-faillbpsmponqzeruhhvskovixzk/Build/Intermediates.noindex/AppAuth.build/Debug-iphonesimulator/AppAuth.build/Objects-normal/arm64/AppAuth_lto.o -rdynamic -Xlinker -no_deduplicate -Xlinker -objc_abi_version -Xlinker 2 -Xlinker -dependency_info -Xlinker /Users/xinyufang/Library/Developer/Xcode/DerivedData/Buzz-faillbpsmponqzeruhhvskovixzk/Build/Intermediates.noindex/AppAuth.build/Debug-iphonesimulator/AppAuth.build/Objects-normal/arm64/AppAuth_dependency_info.dat -fobjc-arc -fobjc-link-runtime -o /Users/xinyufang/Library/Developer/Xcode/DerivedData/Buzz-faillbpsmponqzeruhhvskovixzk/Build/Products/Debug-iphonesimulator/AppAuth.o

Ld /Users/xinyufang/Library/Developer/Xcode/DerivedData/Buzz-faillbpsmponqzeruhhvskovixzk/Build/Products/Debug-iphonesimulator/GTMAppAuth.o normal (in target 'GTMAppAuth' from project 'GTMAppAuth')
    cd /Users/xinyufang/Library/Developer/Xcode/DerivedData/Buzz-faillbpsmponqzeruhhvskovixzk/SourcePackages/checkouts/GTMAppAuth
    /Applications/Xcode.app/Contents/Developer/Toolchains/XcodeDefault.xctoolchain/usr/bin/clang -Xlinker -reproducible -target arm64-apple-ios12.0-simulator -r -isysroot /Applications/Xcode.app/Contents/Developer/Platforms/iPhoneSimulator.platform/Developer/SDKs/iPhoneSimulator26.0.sdk -O0 -w -L/Users/xinyufang/Library/Developer/Xcode/DerivedData/Buzz-faillbpsmponqzeruhhvskovixzk/Build/Intermediates.noindex/EagerLinkingTBDs/Debug-iphonesimulator -L/Users/xinyufang/Library/Developer/Xcode/DerivedData/Buzz-faillbpsmponqzeruhhvskovixzk/Build/Products/Debug-iphonesimulator -L/Applications/Xcode.app/Contents/Developer/Platforms/iPhoneSimulator.platform/Developer/usr/lib -F/Users/xinyufang/Library/Developer/Xcode/DerivedData/Buzz-faillbpsmponqzeruhhvskovixzk/Build/Intermediates.noindex/EagerLinkingTBDs/Debug-iphonesimulator -F/Users/xinyufang/Library/Developer/Xcode/DerivedData/Buzz-faillbpsmponqzeruhhvskovixzk/Build/Products/Debug-iphonesimulator/PackageFrameworks -F/Users/xinyufang/Library/Developer/Xcode/DerivedData/Buzz-faillbpsmponqzeruhhvskovixzk/Build/Products/Debug-iphonesimulator/PackageFrameworks -F/Users/xinyufang/Library/Developer/Xcode/DerivedData/Buzz-faillbpsmponqzeruhhvskovixzk/Build/Products/Debug-iphonesimulator -iframework /Applications/Xcode.app/Contents/Developer/Platforms/iPhoneSimulator.platform/Developer/Library/Frameworks -iframework /Applications/Xcode.app/Contents/Developer/Platforms/iPhoneSimulator.platform/Developer/SDKs/iPhoneSimulator26.0.sdk/Developer/Library/Frameworks -filelist /Users/xinyufang/Library/Developer/Xcode/DerivedData/Buzz-faillbpsmponqzeruhhvskovixzk/Build/Intermediates.noindex/GTMAppAuth.build/Debug-iphonesimulator/GTMAppAuth.build/Objects-normal/arm64/GTMAppAuth.LinkFileList -nostdlib -Xlinker -object_path_lto -Xlinker /Users/xinyufang/Library/Developer/Xcode/DerivedData/Buzz-faillbpsmponqzeruhhvskovixzk/Build/Intermediates.noindex/GTMAppAuth.build/Debug-iphonesimulator/GTMAppAuth.build/Objects-normal/arm64/GTMAppAuth_lto.o -rdynamic -Xlinker -no_deduplicate -Xlinker -objc_abi_version -Xlinker 2 -Xlinker -dependency_info -Xlinker /Users/xinyufang/Library/Developer/Xcode/DerivedData/Buzz-faillbpsmponqzeruhhvskovixzk/Build/Intermediates.noindex/GTMAppAuth.build/Debug-iphonesimulator/GTMAppAuth.build/Objects-normal/arm64/GTMAppAuth_dependency_info.dat -fobjc-link-runtime -L/Applications/Xcode.app/Contents/Developer/Toolchains/XcodeDefault.xctoolchain/usr/lib/swift/iphonesimulator -L/usr/lib/swift -Xlinker -add_ast_path -Xlinker /Users/xinyufang/Library/Developer/Xcode/DerivedData/Buzz-faillbpsmponqzeruhhvskovixzk/Build/Intermediates.noindex/GTMAppAuth.build/Debug-iphonesimulator/GTMAppAuth.build/Objects-normal/arm64/GTMAppAuth.swiftmodule @/Users/xinyufang/Library/Developer/Xcode/DerivedData/Buzz-faillbpsmponqzeruhhvskovixzk/Build/Intermediates.noindex/GTMAppAuth.build/Debug-iphonesimulator/GTMAppAuth.build/Objects-normal/arm64/GTMAppAuth-linker-args.resp -o /Users/xinyufang/Library/Developer/Xcode/DerivedData/Buzz-faillbpsmponqzeruhhvskovixzk/Build/Products/Debug-iphonesimulator/GTMAppAuth.o

Ld /Users/xinyufang/Library/Developer/Xcode/DerivedData/Buzz-faillbpsmponqzeruhhvskovixzk/Build/Products/Debug-iphonesimulator/AppCheckCore.o normal (in target 'AppCheckCore' from project 'AppCheck')
    cd /Users/xinyufang/Library/Developer/Xcode/DerivedData/Buzz-faillbpsmponqzeruhhvskovixzk/SourcePackages/checkouts/app-check
    /Applications/Xcode.app/Contents/Developer/Toolchains/XcodeDefault.xctoolchain/usr/bin/clang -Xlinker -reproducible -target arm64-apple-ios12.0-simulator -r -isysroot /Applications/Xcode.app/Contents/Developer/Platforms/iPhoneSimulator.platform/Developer/SDKs/iPhoneSimulator26.0.sdk -O0 -w -L/Users/xinyufang/Library/Developer/Xcode/DerivedData/Buzz-faillbpsmponqzeruhhvskovixzk/Build/Intermediates.noindex/EagerLinkingTBDs/Debug-iphonesimulator -L/Users/xinyufang/Library/Developer/Xcode/DerivedData/Buzz-faillbpsmponqzeruhhvskovixzk/Build/Products/Debug-iphonesimulator -L/Applications/Xcode.app/Contents/Developer/Platforms/iPhoneSimulator.platform/Developer/usr/lib -F/Users/xinyufang/Library/Developer/Xcode/DerivedData/Buzz-faillbpsmponqzeruhhvskovixzk/Build/Intermediates.noindex/EagerLinkingTBDs/Debug-iphonesimulator -F/Users/xinyufang/Library/Developer/Xcode/DerivedData/Buzz-faillbpsmponqzeruhhvskovixzk/Build/Products/Debug-iphonesimulator/PackageFrameworks -F/Users/xinyufang/Library/Developer/Xcode/DerivedData/Buzz-faillbpsmponqzeruhhvskovixzk/Build/Products/Debug-iphonesimulator/PackageFrameworks -F/Users/xinyufang/Library/Developer/Xcode/DerivedData/Buzz-faillbpsmponqzeruhhvskovixzk/Build/Products/Debug-iphonesimulator/PackageFrameworks -F/Users/xinyufang/Library/Developer/Xcode/DerivedData/Buzz-faillbpsmponqzeruhhvskovixzk/Build/Products/Debug-iphonesimulator/PackageFrameworks -F/Users/xinyufang/Library/Developer/Xcode/DerivedData/Buzz-faillbpsmponqzeruhhvskovixzk/Build/Products/Debug-iphonesimulator/PackageFrameworks -F/Users/xinyufang/Library/Developer/Xcode/DerivedData/Buzz-faillbpsmponqzeruhhvskovixzk/Build/Products/Debug-iphonesimulator -iframework /Applications/Xcode.app/Contents/Developer/Platforms/iPhoneSimulator.platform/Developer/Library/Frameworks -iframework /Applications/Xcode.app/Contents/Developer/Platforms/iPhoneSimulator.platform/Developer/SDKs/iPhoneSimulator26.0.sdk/Developer/Library/Frameworks -filelist /Users/xinyufang/Library/Developer/Xcode/DerivedData/Buzz-faillbpsmponqzeruhhvskovixzk/Build/Intermediates.noindex/AppCheck.build/Debug-iphonesimulator/AppCheckCore.build/Objects-normal/arm64/AppCheckCore.LinkFileList -nostdlib -Xlinker -object_path_lto -Xlinker /Users/xinyufang/Library/Developer/Xcode/DerivedData/Buzz-faillbpsmponqzeruhhvskovixzk/Build/Intermediates.noindex/AppCheck.build/Debug-iphonesimulator/AppCheckCore.build/Objects-normal/arm64/AppCheckCore_lto.o -rdynamic -Xlinker -no_deduplicate -Xlinker -objc_abi_version -Xlinker 2 -Xlinker -dependency_info -Xlinker /Users/xinyufang/Library/Developer/Xcode/DerivedData/Buzz-faillbpsmponqzeruhhvskovixzk/Build/Intermediates.noindex/AppCheck.build/Debug-iphonesimulator/AppCheckCore.build/Objects-normal/arm64/AppCheckCore_dependency_info.dat -fobjc-arc -fobjc-link-runtime -o /Users/xinyufang/Library/Developer/Xcode/DerivedData/Buzz-faillbpsmponqzeruhhvskovixzk/Build/Products/Debug-iphonesimulator/AppCheckCore.o

RegisterExecutionPolicyException /Users/xinyufang/Library/Developer/Xcode/DerivedData/Buzz-faillbpsmponqzeruhhvskovixzk/Build/Products/Debug-iphonesimulator/AppAuth.o (in target 'AppAuth' from project 'AppAuth')
    cd /Users/xinyufang/Library/Developer/Xcode/DerivedData/Buzz-faillbpsmponqzeruhhvskovixzk/SourcePackages/checkouts/AppAuth-iOS
    builtin-RegisterExecutionPolicyException /Users/xinyufang/Library/Developer/Xcode/DerivedData/Buzz-faillbpsmponqzeruhhvskovixzk/Build/Products/Debug-iphonesimulator/AppAuth.o

ExtractAppIntentsMetadata (in target 'GTMAppAuth' from project 'GTMAppAuth')
    cd /Users/xinyufang/Library/Developer/Xcode/DerivedData/Buzz-faillbpsmponqzeruhhvskovixzk/SourcePackages/checkouts/GTMAppAuth
    /Applications/Xcode.app/Contents/Developer/Toolchains/XcodeDefault.xctoolchain/usr/bin/appintentsmetadataprocessor --toolchain-dir /Applications/Xcode.app/Contents/Developer/Toolchains/XcodeDefault.xctoolchain --module-name GTMAppAuth --sdk-root /Applications/Xcode.app/Contents/Developer/Platforms/iPhoneSimulator.platform/Developer/SDKs/iPhoneSimulator26.0.sdk --xcode-version 17A400 --platform-family iOS --deployment-target 12.0 --bundle-identifier gtmappauth.GTMAppAuth --output /Users/xinyufang/Library/Developer/Xcode/DerivedData/Buzz-faillbpsmponqzeruhhvskovixzk/Build/Products/Debug-iphonesimulator/GTMAppAuth.appintents --target-triple arm64-apple-ios12.0-simulator --binary-file /Users/xinyufang/Library/Developer/Xcode/DerivedData/Buzz-faillbpsmponqzeruhhvskovixzk/Build/Products/Debug-iphonesimulator/GTMAppAuth.o --dependency-file /Users/xinyufang/Library/Developer/Xcode/DerivedData/Buzz-faillbpsmponqzeruhhvskovixzk/Build/Intermediates.noindex/GTMAppAuth.build/Debug-iphonesimulator/GTMAppAuth.build/Objects-normal/arm64/GTMAppAuth_dependency_info.dat --stringsdata-file /Users/xinyufang/Library/Developer/Xcode/DerivedData/Buzz-faillbpsmponqzeruhhvskovixzk/Build/Intermediates.noindex/GTMAppAuth.build/Debug-iphonesimulator/GTMAppAuth.build/Objects-normal/arm64/ExtractedAppShortcutsMetadata.stringsdata --source-file-list /Users/xinyufang/Library/Developer/Xcode/DerivedData/Buzz-faillbpsmponqzeruhhvskovixzk/Build/Intermediates.noindex/GTMAppAuth.build/Debug-iphonesimulator/GTMAppAuth.build/Objects-normal/arm64/GTMAppAuth.SwiftFileList --metadata-file-list /Users/xinyufang/Library/Developer/Xcode/DerivedData/Buzz-faillbpsmponqzeruhhvskovixzk/Build/Intermediates.noindex/GTMAppAuth.build/Debug-iphonesimulator/GTMAppAuth.build/GTMAppAuth.DependencyMetadataFileList --static-metadata-file-list /Users/xinyufang/Library/Developer/Xcode/DerivedData/Buzz-faillbpsmponqzeruhhvskovixzk/Build/Intermediates.noindex/GTMAppAuth.build/Debug-iphonesimulator/GTMAppAuth.build/GTMAppAuth.DependencyStaticMetadataFileList --swift-const-vals-list /Users/xinyufang/Library/Developer/Xcode/DerivedData/Buzz-faillbpsmponqzeruhhvskovixzk/Build/Intermediates.noindex/GTMAppAuth.build/Debug-iphonesimulator/GTMAppAuth.build/Objects-normal/arm64/GTMAppAuth.SwiftConstValuesFileList --force --compile-time-extraction --deployment-aware-processing --validate-assistant-intents --no-app-shortcuts-localization
2025-11-16 01:12:17.926 appintentsmetadataprocessor[64471:26422980] Starting appintentsmetadataprocessor export
2025-11-16 01:12:18.057 appintentsmetadataprocessor[64471:26422980] Extracted no relevant App Intents symbols, skipping writing output

ExtractAppIntentsMetadata (in target 'StripePaymentSheet' from project 'Stripe')
    cd /Users/xinyufang/Library/Developer/Xcode/DerivedData/Buzz-faillbpsmponqzeruhhvskovixzk/SourcePackages/checkouts/stripe-ios-spm
    /Applications/Xcode.app/Contents/Developer/Toolchains/XcodeDefault.xctoolchain/usr/bin/appintentsmetadataprocessor --toolchain-dir /Applications/Xcode.app/Contents/Developer/Toolchains/XcodeDefault.xctoolchain --module-name StripePaymentSheet --sdk-root /Applications/Xcode.app/Contents/Developer/Platforms/iPhoneSimulator.platform/Developer/SDKs/iPhoneSimulator26.0.sdk --xcode-version 17A400 --platform-family iOS --deployment-target 13.0 --bundle-identifier stripe-ios-spm.StripePaymentSheet --output /Users/xinyufang/Library/Developer/Xcode/DerivedData/Buzz-faillbpsmponqzeruhhvskovixzk/Build/Products/Debug-iphonesimulator/StripePaymentSheet.appintents --target-triple arm64-apple-ios13.0-simulator --binary-file /Users/xinyufang/Library/Developer/Xcode/DerivedData/Buzz-faillbpsmponqzeruhhvskovixzk/Build/Products/Debug-iphonesimulator/StripePaymentSheet.o --dependency-file /Users/xinyufang/Library/Developer/Xcode/DerivedData/Buzz-faillbpsmponqzeruhhvskovixzk/Build/Intermediates.noindex/Stripe.build/Debug-iphonesimulator/StripePaymentSheet.build/Objects-normal/arm64/StripePaymentSheet_dependency_info.dat --stringsdata-file /Users/xinyufang/Library/Developer/Xcode/DerivedData/Buzz-faillbpsmponqzeruhhvskovixzk/Build/Intermediates.noindex/Stripe.build/Debug-iphonesimulator/StripePaymentSheet.build/Objects-normal/arm64/ExtractedAppShortcutsMetadata.stringsdata --source-file-list /Users/xinyufang/Library/Developer/Xcode/DerivedData/Buzz-faillbpsmponqzeruhhvskovixzk/Build/Intermediates.noindex/Stripe.build/Debug-iphonesimulator/StripePaymentSheet.build/Objects-normal/arm64/StripePaymentSheet.SwiftFileList --metadata-file-list /Users/xinyufang/Library/Developer/Xcode/DerivedData/Buzz-faillbpsmponqzeruhhvskovixzk/Build/Intermediates.noindex/Stripe.build/Debug-iphonesimulator/StripePaymentSheet.build/StripePaymentSheet.DependencyMetadataFileList --static-metadata-file-list /Users/xinyufang/Library/Developer/Xcode/DerivedData/Buzz-faillbpsmponqzeruhhvskovixzk/Build/Intermediates.noindex/Stripe.build/Debug-iphonesimulator/StripePaymentSheet.build/StripePaymentSheet.DependencyStaticMetadataFileList --swift-const-vals-list /Users/xinyufang/Library/Developer/Xcode/DerivedData/Buzz-faillbpsmponqzeruhhvskovixzk/Build/Intermediates.noindex/Stripe.build/Debug-iphonesimulator/StripePaymentSheet.build/Objects-normal/arm64/StripePaymentSheet.SwiftConstValuesFileList --force --compile-time-extraction --deployment-aware-processing --validate-assistant-intents --no-app-shortcuts-localization
2025-11-16 01:12:17.932 appintentsmetadataprocessor[64472:26422981] Starting appintentsmetadataprocessor export
2025-11-16 01:12:18.060 appintentsmetadataprocessor[64472:26422981] Extracted no relevant App Intents symbols, skipping writing output

RegisterExecutionPolicyException /Users/xinyufang/Library/Developer/Xcode/DerivedData/Buzz-faillbpsmponqzeruhhvskovixzk/Build/Products/Debug-iphonesimulator/AppCheckCore.o (in target 'AppCheckCore' from project 'AppCheck')
    cd /Users/xinyufang/Library/Developer/Xcode/DerivedData/Buzz-faillbpsmponqzeruhhvskovixzk/SourcePackages/checkouts/app-check
    builtin-RegisterExecutionPolicyException /Users/xinyufang/Library/Developer/Xcode/DerivedData/Buzz-faillbpsmponqzeruhhvskovixzk/Build/Products/Debug-iphonesimulator/AppCheckCore.o

SwiftCompile normal arm64 Compiling\ EventEmitter.swift,\ FoundationExtensions.swift,\ HTTPClient.swift /Users/xinyufang/Library/Developer/Xcode/DerivedData/Buzz-faillbpsmponqzeruhhvskovixzk/SourcePackages/checkouts/supabase-swift/Sources/Helpers/EventEmitter.swift /Users/xinyufang/Library/Developer/Xcode/DerivedData/Buzz-faillbpsmponqzeruhhvskovixzk/SourcePackages/checkouts/supabase-swift/Sources/Helpers/FoundationExtensions.swift /Users/xinyufang/Library/Developer/Xcode/DerivedData/Buzz-faillbpsmponqzeruhhvskovixzk/SourcePackages/checkouts/supabase-swift/Sources/Helpers/HTTP/HTTPClient.swift (in target 'Helpers' from project 'Supabase')
SwiftCompile normal arm64 /Users/xinyufang/Library/Developer/Xcode/DerivedData/Buzz-faillbpsmponqzeruhhvskovixzk/SourcePackages/checkouts/supabase-swift/Sources/Helpers/EventEmitter.swift (in target 'Helpers' from project 'Supabase')
    cd /Users/xinyufang/Documents/Buzz/Buzz.xcodeproj
    

SwiftCompile normal arm64 /Users/xinyufang/Library/Developer/Xcode/DerivedData/Buzz-faillbpsmponqzeruhhvskovixzk/SourcePackages/checkouts/supabase-swift/Sources/Helpers/FoundationExtensions.swift (in target 'Helpers' from project 'Supabase')
    cd /Users/xinyufang/Documents/Buzz/Buzz.xcodeproj
    

SwiftCompile normal arm64 /Users/xinyufang/Library/Developer/Xcode/DerivedData/Buzz-faillbpsmponqzeruhhvskovixzk/SourcePackages/checkouts/supabase-swift/Sources/Helpers/HTTP/HTTPClient.swift (in target 'Helpers' from project 'Supabase')
    cd /Users/xinyufang/Documents/Buzz/Buzz.xcodeproj
    

SwiftCompile normal arm64 Compiling\ AnyJSON+Codable.swift,\ AnyJSON.swift,\ AsyncValueSubject.swift /Users/xinyufang/Library/Developer/Xcode/DerivedData/Buzz-faillbpsmponqzeruhhvskovixzk/SourcePackages/checkouts/supabase-swift/Sources/Helpers/AnyJSON/AnyJSON+Codable.swift /Users/xinyufang/Library/Developer/Xcode/DerivedData/Buzz-faillbpsmponqzeruhhvskovixzk/SourcePackages/checkouts/supabase-swift/Sources/Helpers/AnyJSON/AnyJSON.swift /Users/xinyufang/Library/Developer/Xcode/DerivedData/Buzz-faillbpsmponqzeruhhvskovixzk/SourcePackages/checkouts/supabase-swift/Sources/Helpers/AsyncValueSubject.swift (in target 'Helpers' from project 'Supabase')
SwiftCompile normal arm64 /Users/xinyufang/Library/Developer/Xcode/DerivedData/Buzz-faillbpsmponqzeruhhvskovixzk/SourcePackages/checkouts/supabase-swift/Sources/Helpers/AnyJSON/AnyJSON+Codable.swift (in target 'Helpers' from project 'Supabase')
    cd /Users/xinyufang/Documents/Buzz/Buzz.xcodeproj
    

SwiftCompile normal arm64 /Users/xinyufang/Library/Developer/Xcode/DerivedData/Buzz-faillbpsmponqzeruhhvskovixzk/SourcePackages/checkouts/supabase-swift/Sources/Helpers/AnyJSON/AnyJSON.swift (in target 'Helpers' from project 'Supabase')
    cd /Users/xinyufang/Documents/Buzz/Buzz.xcodeproj
    

SwiftCompile normal arm64 /Users/xinyufang/Library/Developer/Xcode/DerivedData/Buzz-faillbpsmponqzeruhhvskovixzk/SourcePackages/checkouts/supabase-swift/Sources/Helpers/AsyncValueSubject.swift (in target 'Helpers' from project 'Supabase')
    cd /Users/xinyufang/Documents/Buzz/Buzz.xcodeproj
    

SwiftCompile normal arm64 Compiling\ PostgrestError.swift,\ Task+withTimeout.swift,\ TaskLocalHelpers.swift /Users/xinyufang/Library/Developer/Xcode/DerivedData/Buzz-faillbpsmponqzeruhhvskovixzk/SourcePackages/checkouts/supabase-swift/Sources/Helpers/SharedModels/PostgrestError.swift /Users/xinyufang/Library/Developer/Xcode/DerivedData/Buzz-faillbpsmponqzeruhhvskovixzk/SourcePackages/checkouts/supabase-swift/Sources/Helpers/Task+withTimeout.swift /Users/xinyufang/Library/Developer/Xcode/DerivedData/Buzz-faillbpsmponqzeruhhvskovixzk/SourcePackages/checkouts/supabase-swift/Sources/Helpers/TaskLocalHelpers.swift (in target 'Helpers' from project 'Supabase')

SwiftCompile normal arm64 /Users/xinyufang/Library/Developer/Xcode/DerivedData/Buzz-faillbpsmponqzeruhhvskovixzk/SourcePackages/checkouts/supabase-swift/Sources/Helpers/SharedModels/PostgrestError.swift (in target 'Helpers' from project 'Supabase')
    cd /Users/xinyufang/Documents/Buzz/Buzz.xcodeproj
    

SwiftCompile normal arm64 /Users/xinyufang/Library/Developer/Xcode/DerivedData/Buzz-faillbpsmponqzeruhhvskovixzk/SourcePackages/checkouts/supabase-swift/Sources/Helpers/Task+withTimeout.swift (in target 'Helpers' from project 'Supabase')
    cd /Users/xinyufang/Documents/Buzz/Buzz.xcodeproj
    

SwiftCompile normal arm64 /Users/xinyufang/Library/Developer/Xcode/DerivedData/Buzz-faillbpsmponqzeruhhvskovixzk/SourcePackages/checkouts/supabase-swift/Sources/Helpers/TaskLocalHelpers.swift (in target 'Helpers' from project 'Supabase')
    cd /Users/xinyufang/Documents/Buzz/Buzz.xcodeproj
    

SwiftEmitModule normal arm64 Emitting\ module\ for\ Helpers (in target 'Helpers' from project 'Supabase')

EmitSwiftModule normal arm64 (in target 'Helpers' from project 'Supabase')
    cd /Users/xinyufang/Documents/Buzz/Buzz.xcodeproj
    

SwiftCompile normal arm64 Compiling\ OSLogSupabaseLogger.swift,\ SupabaseLogger.swift,\ HTTPError.swift /Users/xinyufang/Library/Developer/Xcode/DerivedData/Buzz-faillbpsmponqzeruhhvskovixzk/SourcePackages/checkouts/supabase-swift/Sources/Helpers/Logger/OSLogSupabaseLogger.swift /Users/xinyufang/Library/Developer/Xcode/DerivedData/Buzz-faillbpsmponqzeruhhvskovixzk/SourcePackages/checkouts/supabase-swift/Sources/Helpers/Logger/SupabaseLogger.swift /Users/xinyufang/Library/Developer/Xcode/DerivedData/Buzz-faillbpsmponqzeruhhvskovixzk/SourcePackages/checkouts/supabase-swift/Sources/Helpers/SharedModels/HTTPError.swift (in target 'Helpers' from project 'Supabase')
SwiftCompile normal arm64 /Users/xinyufang/Library/Developer/Xcode/DerivedData/Buzz-faillbpsmponqzeruhhvskovixzk/SourcePackages/checkouts/supabase-swift/Sources/Helpers/Logger/OSLogSupabaseLogger.swift (in target 'Helpers' from project 'Supabase')
    cd /Users/xinyufang/Documents/Buzz/Buzz.xcodeproj
    

SwiftCompile normal arm64 /Users/xinyufang/Library/Developer/Xcode/DerivedData/Buzz-faillbpsmponqzeruhhvskovixzk/SourcePackages/checkouts/supabase-swift/Sources/Helpers/Logger/SupabaseLogger.swift (in target 'Helpers' from project 'Supabase')
    cd /Users/xinyufang/Documents/Buzz/Buzz.xcodeproj
    

SwiftCompile normal arm64 /Users/xinyufang/Library/Developer/Xcode/DerivedData/Buzz-faillbpsmponqzeruhhvskovixzk/SourcePackages/checkouts/supabase-swift/Sources/Helpers/SharedModels/HTTPError.swift (in target 'Helpers' from project 'Supabase')
    cd /Users/xinyufang/Documents/Buzz/Buzz.xcodeproj
    

SwiftCompile normal arm64 Compiling\ HTTPFields.swift,\ HTTPRequest.swift,\ HTTPResponse.swift /Users/xinyufang/Library/Developer/Xcode/DerivedData/Buzz-faillbpsmponqzeruhhvskovixzk/SourcePackages/checkouts/supabase-swift/Sources/Helpers/HTTP/HTTPFields.swift /Users/xinyufang/Library/Developer/Xcode/DerivedData/Buzz-faillbpsmponqzeruhhvskovixzk/SourcePackages/checkouts/supabase-swift/Sources/Helpers/HTTP/HTTPRequest.swift /Users/xinyufang/Library/Developer/Xcode/DerivedData/Buzz-faillbpsmponqzeruhhvskovixzk/SourcePackages/checkouts/supabase-swift/Sources/Helpers/HTTP/HTTPResponse.swift (in target 'Helpers' from project 'Supabase')

SwiftCompile normal arm64 /Users/xinyufang/Library/Developer/Xcode/DerivedData/Buzz-faillbpsmponqzeruhhvskovixzk/SourcePackages/checkouts/supabase-swift/Sources/Helpers/HTTP/HTTPFields.swift (in target 'Helpers' from project 'Supabase')
    cd /Users/xinyufang/Documents/Buzz/Buzz.xcodeproj
    

SwiftCompile normal arm64 /Users/xinyufang/Library/Developer/Xcode/DerivedData/Buzz-faillbpsmponqzeruhhvskovixzk/SourcePackages/checkouts/supabase-swift/Sources/Helpers/HTTP/HTTPRequest.swift (in target 'Helpers' from project 'Supabase')
    cd /Users/xinyufang/Documents/Buzz/Buzz.xcodeproj
    

SwiftCompile normal arm64 /Users/xinyufang/Library/Developer/Xcode/DerivedData/Buzz-faillbpsmponqzeruhhvskovixzk/SourcePackages/checkouts/supabase-swift/Sources/Helpers/HTTP/HTTPResponse.swift (in target 'Helpers' from project 'Supabase')
    cd /Users/xinyufang/Documents/Buzz/Buzz.xcodeproj
    

SwiftCompile normal arm64 Compiling\ URLSession+AsyncAwait.swift,\ Version.swift,\ _Clock.swift /Users/xinyufang/Library/Developer/Xcode/DerivedData/Buzz-faillbpsmponqzeruhhvskovixzk/SourcePackages/checkouts/supabase-swift/Sources/Helpers/URLSession+AsyncAwait.swift /Users/xinyufang/Library/Developer/Xcode/DerivedData/Buzz-faillbpsmponqzeruhhvskovixzk/SourcePackages/checkouts/supabase-swift/Sources/Helpers/Version.swift /Users/xinyufang/Library/Developer/Xcode/DerivedData/Buzz-faillbpsmponqzeruhhvskovixzk/SourcePackages/checkouts/supabase-swift/Sources/Helpers/_Clock.swift (in target 'Helpers' from project 'Supabase')

SwiftCompile normal arm64 /Users/xinyufang/Library/Developer/Xcode/DerivedData/Buzz-faillbpsmponqzeruhhvskovixzk/SourcePackages/checkouts/supabase-swift/Sources/Helpers/URLSession+AsyncAwait.swift (in target 'Helpers' from project 'Supabase')
    cd /Users/xinyufang/Documents/Buzz/Buzz.xcodeproj
    

SwiftCompile normal arm64 /Users/xinyufang/Library/Developer/Xcode/DerivedData/Buzz-faillbpsmponqzeruhhvskovixzk/SourcePackages/checkouts/supabase-swift/Sources/Helpers/Version.swift (in target 'Helpers' from project 'Supabase')
    cd /Users/xinyufang/Documents/Buzz/Buzz.xcodeproj
    

SwiftCompile normal arm64 /Users/xinyufang/Library/Developer/Xcode/DerivedData/Buzz-faillbpsmponqzeruhhvskovixzk/SourcePackages/checkouts/supabase-swift/Sources/Helpers/_Clock.swift (in target 'Helpers' from project 'Supabase')
    cd /Users/xinyufang/Documents/Buzz/Buzz.xcodeproj
    

SwiftCompile normal arm64 Compiling\ LoggerInterceptor.swift,\ RetryRequestInterceptor.swift,\ JWT.swift /Users/xinyufang/Library/Developer/Xcode/DerivedData/Buzz-faillbpsmponqzeruhhvskovixzk/SourcePackages/checkouts/supabase-swift/Sources/Helpers/HTTP/LoggerInterceptor.swift /Users/xinyufang/Library/Developer/Xcode/DerivedData/Buzz-faillbpsmponqzeruhhvskovixzk/SourcePackages/checkouts/supabase-swift/Sources/Helpers/HTTP/RetryRequestInterceptor.swift /Users/xinyufang/Library/Developer/Xcode/DerivedData/Buzz-faillbpsmponqzeruhhvskovixzk/SourcePackages/checkouts/supabase-swift/Sources/Helpers/JWT.swift (in target 'Helpers' from project 'Supabase')
SwiftCompile normal arm64 /Users/xinyufang/Library/Developer/Xcode/DerivedData/Buzz-faillbpsmponqzeruhhvskovixzk/SourcePackages/checkouts/supabase-swift/Sources/Helpers/HTTP/LoggerInterceptor.swift (in target 'Helpers' from project 'Supabase')
    cd /Users/xinyufang/Documents/Buzz/Buzz.xcodeproj
    

SwiftCompile normal arm64 /Users/xinyufang/Library/Developer/Xcode/DerivedData/Buzz-faillbpsmponqzeruhhvskovixzk/SourcePackages/checkouts/supabase-swift/Sources/Helpers/HTTP/RetryRequestInterceptor.swift (in target 'Helpers' from project 'Supabase')
    cd /Users/xinyufang/Documents/Buzz/Buzz.xcodeproj
    

SwiftCompile normal arm64 /Users/xinyufang/Library/Developer/Xcode/DerivedData/Buzz-faillbpsmponqzeruhhvskovixzk/SourcePackages/checkouts/supabase-swift/Sources/Helpers/JWT.swift (in target 'Helpers' from project 'Supabase')
    cd /Users/xinyufang/Documents/Buzz/Buzz.xcodeproj
    

CompileC /Users/xinyufang/Library/Developer/Xcode/DerivedData/Buzz-faillbpsmponqzeruhhvskovixzk/Build/Intermediates.noindex/GoogleSignIn.build/Debug-iphonesimulator/GoogleSignIn.build/Objects-normal/arm64/NSBundle+GID3PAdditions.o /Users/xinyufang/Library/Developer/Xcode/DerivedData/Buzz-faillbpsmponqzeruhhvskovixzk/SourcePackages/checkouts/GoogleSignIn-iOS/GoogleSignIn/Sources/NSBundle+GID3PAdditions.m normal arm64 objective-c com.apple.compilers.llvm.clang.1_0.compiler (in target 'GoogleSignIn' from project 'GoogleSignIn')
    cd /Users/xinyufang/Documents/Buzz/Buzz.xcodeproj
    
    Using response file: /Users/xinyufang/Library/Developer/Xcode/DerivedData/Buzz-faillbpsmponqzeruhhvskovixzk/Build/Intermediates.noindex/GoogleSignIn.build/Debug-iphonesimulator/GoogleSignIn.build/Objects-normal/arm64/e6072d4f65d7061329687fe24e3d63a7-common-args.resp
    
    /Applications/Xcode.app/Contents/Developer/Toolchains/XcodeDefault.xctoolchain/usr/bin/clang -x objective-c -ivfsstatcache /Users/xinyufang/Library/Developer/Xcode/DerivedData/SDKStatCaches.noindex/iphonesimulator26.0-23A339-26257891a6c027eb51374368541b8346.sdkstatcache -fmessage-length\=0 -fdiagnostics-show-note-include-stack -fmacro-backtrace-limit\=0 -fno-color-diagnostics -fmodules-prune-interval\=86400 -fmodules-prune-after\=345600 -fbuild-session-file\=/Users/xinyufang/Library/Developer/Xcode/DerivedData/ModuleCache.noindex/Session.modulevalidation -fmodules-validate-once-per-build-session -Wnon-modular-include-in-framework-module -Werror\=non-modular-include-in-framework-module -Wno-trigraphs -Wno-missing-field-initializers -Wno-missing-prototypes -Wno-return-type -Wno-implicit-atomic-properties -Wno-objc-interface-ivars -Wno-arc-repeated-use-of-weak -Wno-missing-braces -Wparentheses -Wswitch -Wno-unused-function -Wno-unused-label -Wno-unused-parameter -Wno-unused-variable -Wunused-value -Wno-empty-body -Wno-uninitialized -Wno-unknown-pragmas -w -Wno-shadow -Wno-four-char-constants -Wno-conversion -Wno-constant-conversion -Wno-int-conversion -Wno-bool-conversion -Wno-enum-conversion -Wno-float-conversion -Wno-non-literal-null-conversion -Wno-objc-literal-conversion -Wshorten-64-to-32 -Wpointer-sign -Wno-newline-eof -Wno-selector -Wno-strict-selector-match -Wno-undeclared-selector -Wno-deprecated-implementations -Wno-implicit-fallthrough -fstrict-aliasing -Wprotocol -Wdeprecated-declarations -Wno-sign-conversion -Wno-infinite-recursion -Wno-comma -Wno-block-capture-autoreleasing -Wno-strict-prototypes -Wno-semicolon-before-method-body -index-store-path /Users/xinyufang/Library/Developer/Xcode/DerivedData/Buzz-faillbpsmponqzeruhhvskovixzk/Index.noindex/DataStore @/Users/xinyufang/Library/Developer/Xcode/DerivedData/Buzz-faillbpsmponqzeruhhvskovixzk/Build/Intermediates.noindex/GoogleSignIn.build/Debug-iphonesimulator/GoogleSignIn.build/Objects-normal/arm64/e6072d4f65d7061329687fe24e3d63a7-common-args.resp -include /Users/xinyufang/Library/Developer/Xcode/DerivedData/Buzz-faillbpsmponqzeruhhvskovixzk/Build/Intermediates.noindex/GoogleSignIn.build/Debug-iphonesimulator/GoogleSignIn.build/DerivedSources/resource_bundle_accessor.h -MMD -MT dependencies -MF /Users/xinyufang/Library/Developer/Xcode/DerivedData/Buzz-faillbpsmponqzeruhhvskovixzk/Build/Intermediates.noindex/GoogleSignIn.build/Debug-iphonesimulator/GoogleSignIn.build/Objects-normal/arm64/NSBundle+GID3PAdditions.d --serialize-diagnostics /Users/xinyufang/Library/Developer/Xcode/DerivedData/Buzz-faillbpsmponqzeruhhvskovixzk/Build/Intermediates.noindex/GoogleSignIn.build/Debug-iphonesimulator/GoogleSignIn.build/Objects-normal/arm64/NSBundle+GID3PAdditions.dia -c /Users/xinyufang/Library/Developer/Xcode/DerivedData/Buzz-faillbpsmponqzeruhhvskovixzk/SourcePackages/checkouts/GoogleSignIn-iOS/GoogleSignIn/Sources/NSBundle+GID3PAdditions.m -o /Users/xinyufang/Library/Developer/Xcode/DerivedData/Buzz-faillbpsmponqzeruhhvskovixzk/Build/Intermediates.noindex/GoogleSignIn.build/Debug-iphonesimulator/GoogleSignIn.build/Objects-normal/arm64/NSBundle+GID3PAdditions.o -index-unit-output-path /GoogleSignIn.build/Debug-iphonesimulator/GoogleSignIn.build/Objects-normal/arm64/NSBundle+GID3PAdditions.o

SwiftDriverJobDiscovery normal arm64 Emitting module for Helpers (in target 'Helpers' from project 'Supabase')

SwiftDriver\ Compilation\ Requirements Helpers normal arm64 com.apple.xcode.tools.swift.compiler (in target 'Helpers' from project 'Supabase')
    cd /Users/xinyufang/Documents/Buzz/Buzz.xcodeproj
    builtin-Swift-Compilation-Requirements -- /Applications/Xcode.app/Contents/Developer/Toolchains/XcodeDefault.xctoolchain/usr/bin/swiftc -module-name Helpers -Onone -enforce-exclusivity\=checked @/Users/xinyufang/Library/Developer/Xcode/DerivedData/Buzz-faillbpsmponqzeruhhvskovixzk/Build/Intermediates.noindex/Supabase.build/Debug-iphonesimulator/Helpers.build/Objects-normal/arm64/Helpers.SwiftFileList -DSWIFT_PACKAGE -DDEBUG -DSWIFT_MODULE_RESOURCE_BUNDLE_UNAVAILABLE -DXcode -enable-upcoming-feature ExistentialAny -enable-experimental-feature StrictConcurrency -plugin-path /Applications/Xcode.app/Contents/Developer/Toolchains/XcodeDefault.xctoolchain/usr/lib/swift/host/plugins/testing -enable-experimental-feature DebugDescriptionMacro -sdk /Applications/Xcode.app/Contents/Developer/Platforms/iPhoneSimulator.platform/Developer/SDKs/iPhoneSimulator26.0.sdk -target arm64-apple-ios13.0-simulator -g -module-cache-path /Users/xinyufang/Library/Developer/Xcode/DerivedData/ModuleCache.noindex -Xfrontend -serialize-debugging-options -enable-testing -suppress-warnings -index-store-path /Users/xinyufang/Library/Developer/Xcode/DerivedData/Buzz-faillbpsmponqzeruhhvskovixzk/Index.noindex/DataStore -Xcc -D_LIBCPP_HARDENING_MODE\=_LIBCPP_HARDENING_MODE_DEBUG -swift-version 5 -I /Users/xinyufang/Library/Developer/Xcode/DerivedData/Buzz-faillbpsmponqzeruhhvskovixzk/Build/Products/Debug-iphonesimulator -Isystem /Applications/Xcode.app/Contents/Developer/Platforms/iPhoneSimulator.platform/Developer/usr/lib -F /Users/xinyufang/Library/Developer/Xcode/DerivedData/Buzz-faillbpsmponqzeruhhvskovixzk/Build/Products/Debug-iphonesimulator/PackageFrameworks -F /Users/xinyufang/Library/Developer/Xcode/DerivedData/Buzz-faillbpsmponqzeruhhvskovixzk/Build/Products/Debug-iphonesimulator/PackageFrameworks -F /Users/xinyufang/Library/Developer/Xcode/DerivedData/Buzz-faillbpsmponqzeruhhvskovixzk/Build/Products/Debug-iphonesimulator/PackageFrameworks -F /Users/xinyufang/Library/Developer/Xcode/DerivedData/Buzz-faillbpsmponqzeruhhvskovixzk/Build/Products/Debug-iphonesimulator/PackageFrameworks -F /Users/xinyufang/Library/Developer/Xcode/DerivedData/Buzz-faillbpsmponqzeruhhvskovixzk/Build/Products/Debug-iphonesimulator/PackageFrameworks -F /Users/xinyufang/Library/Developer/Xcode/DerivedData/Buzz-faillbpsmponqzeruhhvskovixzk/Build/Products/Debug-iphonesimulator/PackageFrameworks -F /Users/xinyufang/Library/Developer/Xcode/DerivedData/Buzz-faillbpsmponqzeruhhvskovixzk/Build/Products/Debug-iphonesimulator -F /Applications/Xcode.app/Contents/Developer/Platforms/iPhoneSimulator.platform/Developer/Library/Frameworks -F /Applications/Xcode.app/Contents/Developer/Platforms/iPhoneSimulator.platform/Developer/SDKs/iPhoneSimulator26.0.sdk/Developer/Library/Frameworks -c -j8 -enable-batch-mode -incremental -Xcc -ivfsstatcache -Xcc /Users/xinyufang/Library/Developer/Xcode/DerivedData/SDKStatCaches.noindex/iphonesimulator26.0-23A339-26257891a6c027eb51374368541b8346.sdkstatcache -output-file-map /Users/xinyufang/Library/Developer/Xcode/DerivedData/Buzz-faillbpsmponqzeruhhvskovixzk/Build/Intermediates.noindex/Supabase.build/Debug-iphonesimulator/Helpers.build/Objects-normal/arm64/Helpers-OutputFileMap.json -use-frontend-parseable-output -save-temps -no-color-diagnostics -explicit-module-build -module-cache-path /Users/xinyufang/Library/Developer/Xcode/DerivedData/Buzz-faillbpsmponqzeruhhvskovixzk/Build/Intermediates.noindex/SwiftExplicitPrecompiledModules -clang-scanner-module-cache-path /Users/xinyufang/Library/Developer/Xcode/DerivedData/ModuleCache.noindex -sdk-module-cache-path /Users/xinyufang/Library/Developer/Xcode/DerivedData/ModuleCache.noindex -serialize-diagnostics -emit-dependencies -emit-module -emit-module-path /Users/xinyufang/Library/Developer/Xcode/DerivedData/Buzz-faillbpsmponqzeruhhvskovixzk/Build/Intermediates.noindex/Supabase.build/Debug-iphonesimulator/Helpers.build/Objects-normal/arm64/Helpers.swiftmodule -user-module-version 2.36.0 -validate-clang-modules-once -clang-build-session-file /Users/xinyufang/Library/Developer/Xcode/DerivedData/ModuleCache.noindex/Session.modulevalidation -package-name supabase_swift -Xcc -I/Users/xinyufang/Library/Developer/Xcode/DerivedData/Buzz-faillbpsmponqzeruhhvskovixzk/Build/Intermediates.noindex/Supabase.build/Debug-iphonesimulator/Helpers.build/swift-overrides.hmap -emit-const-values -Xfrontend -const-gather-protocols-file -Xfrontend /Users/xinyufang/Library/Developer/Xcode/DerivedData/Buzz-faillbpsmponqzeruhhvskovixzk/Build/Intermediates.noindex/Supabase.build/Debug-iphonesimulator/Helpers.build/Objects-normal/arm64/Helpers_const_extract_protocols.json -Xcc -I/Users/xinyufang/Library/Developer/Xcode/DerivedData/Buzz-faillbpsmponqzeruhhvskovixzk/Build/Products/Debug-iphonesimulator/include -Xcc -I/Users/xinyufang/Library/Developer/Xcode/DerivedData/Buzz-faillbpsmponqzeruhhvskovixzk/Build/Intermediates.noindex/Supabase.build/Debug-iphonesimulator/Helpers.build/DerivedSources-normal/arm64 -Xcc -I/Users/xinyufang/Library/Developer/Xcode/DerivedData/Buzz-faillbpsmponqzeruhhvskovixzk/Build/Intermediates.noindex/Supabase.build/Debug-iphonesimulator/Helpers.build/DerivedSources/arm64 -Xcc -I/Users/xinyufang/Library/Developer/Xcode/DerivedData/Buzz-faillbpsmponqzeruhhvskovixzk/Build/Intermediates.noindex/Supabase.build/Debug-iphonesimulator/Helpers.build/DerivedSources -Xcc -DSWIFT_PACKAGE -Xcc -DDEBUG\=1 -emit-objc-header -emit-objc-header-path /Users/xinyufang/Library/Developer/Xcode/DerivedData/Buzz-faillbpsmponqzeruhhvskovixzk/Build/Intermediates.noindex/Supabase.build/Debug-iphonesimulator/Helpers.build/Objects-normal/arm64/Helpers-Swift.h -working-directory /Users/xinyufang/Documents/Buzz/Buzz.xcodeproj -experimental-emit-module-separately -disable-cmo

SwiftDriverJobDiscovery normal arm64 Compiling PostgrestError.swift, Task+withTimeout.swift, TaskLocalHelpers.swift (in target 'Helpers' from project 'Supabase')

CompileC /Users/xinyufang/Library/Developer/Xcode/DerivedData/Buzz-faillbpsmponqzeruhhvskovixzk/Build/Intermediates.noindex/GoogleSignIn.build/Debug-iphonesimulator/GoogleSignIn.build/Objects-normal/arm64/GIDTimedLoader.o /Users/xinyufang/Library/Developer/Xcode/DerivedData/Buzz-faillbpsmponqzeruhhvskovixzk/SourcePackages/checkouts/GoogleSignIn-iOS/GoogleSignIn/Sources/GIDTimedLoader/GIDTimedLoader.m normal arm64 objective-c com.apple.compilers.llvm.clang.1_0.compiler (in target 'GoogleSignIn' from project 'GoogleSignIn')
    cd /Users/xinyufang/Documents/Buzz/Buzz.xcodeproj
    
    Using response file: /Users/xinyufang/Library/Developer/Xcode/DerivedData/Buzz-faillbpsmponqzeruhhvskovixzk/Build/Intermediates.noindex/GoogleSignIn.build/Debug-iphonesimulator/GoogleSignIn.build/Objects-normal/arm64/e6072d4f65d7061329687fe24e3d63a7-common-args.resp
    
    /Applications/Xcode.app/Contents/Developer/Toolchains/XcodeDefault.xctoolchain/usr/bin/clang -x objective-c -ivfsstatcache /Users/xinyufang/Library/Developer/Xcode/DerivedData/SDKStatCaches.noindex/iphonesimulator26.0-23A339-26257891a6c027eb51374368541b8346.sdkstatcache -fmessage-length\=0 -fdiagnostics-show-note-include-stack -fmacro-backtrace-limit\=0 -fno-color-diagnostics -fmodules-prune-interval\=86400 -fmodules-prune-after\=345600 -fbuild-session-file\=/Users/xinyufang/Library/Developer/Xcode/DerivedData/ModuleCache.noindex/Session.modulevalidation -fmodules-validate-once-per-build-session -Wnon-modular-include-in-framework-module -Werror\=non-modular-include-in-framework-module -Wno-trigraphs -Wno-missing-field-initializers -Wno-missing-prototypes -Wno-return-type -Wno-implicit-atomic-properties -Wno-objc-interface-ivars -Wno-arc-repeated-use-of-weak -Wno-missing-braces -Wparentheses -Wswitch -Wno-unused-function -Wno-unused-label -Wno-unused-parameter -Wno-unused-variable -Wunused-value -Wno-empty-body -Wno-uninitialized -Wno-unknown-pragmas -w -Wno-shadow -Wno-four-char-constants -Wno-conversion -Wno-constant-conversion -Wno-int-conversion -Wno-bool-conversion -Wno-enum-conversion -Wno-float-conversion -Wno-non-literal-null-conversion -Wno-objc-literal-conversion -Wshorten-64-to-32 -Wpointer-sign -Wno-newline-eof -Wno-selector -Wno-strict-selector-match -Wno-undeclared-selector -Wno-deprecated-implementations -Wno-implicit-fallthrough -fstrict-aliasing -Wprotocol -Wdeprecated-declarations -Wno-sign-conversion -Wno-infinite-recursion -Wno-comma -Wno-block-capture-autoreleasing -Wno-strict-prototypes -Wno-semicolon-before-method-body -index-store-path /Users/xinyufang/Library/Developer/Xcode/DerivedData/Buzz-faillbpsmponqzeruhhvskovixzk/Index.noindex/DataStore @/Users/xinyufang/Library/Developer/Xcode/DerivedData/Buzz-faillbpsmponqzeruhhvskovixzk/Build/Intermediates.noindex/GoogleSignIn.build/Debug-iphonesimulator/GoogleSignIn.build/Objects-normal/arm64/e6072d4f65d7061329687fe24e3d63a7-common-args.resp -include /Users/xinyufang/Library/Developer/Xcode/DerivedData/Buzz-faillbpsmponqzeruhhvskovixzk/Build/Intermediates.noindex/GoogleSignIn.build/Debug-iphonesimulator/GoogleSignIn.build/DerivedSources/resource_bundle_accessor.h -MMD -MT dependencies -MF /Users/xinyufang/Library/Developer/Xcode/DerivedData/Buzz-faillbpsmponqzeruhhvskovixzk/Build/Intermediates.noindex/GoogleSignIn.build/Debug-iphonesimulator/GoogleSignIn.build/Objects-normal/arm64/GIDTimedLoader.d --serialize-diagnostics /Users/xinyufang/Library/Developer/Xcode/DerivedData/Buzz-faillbpsmponqzeruhhvskovixzk/Build/Intermediates.noindex/GoogleSignIn.build/Debug-iphonesimulator/GoogleSignIn.build/Objects-normal/arm64/GIDTimedLoader.dia -c /Users/xinyufang/Library/Developer/Xcode/DerivedData/Buzz-faillbpsmponqzeruhhvskovixzk/SourcePackages/checkouts/GoogleSignIn-iOS/GoogleSignIn/Sources/GIDTimedLoader/GIDTimedLoader.m -o /Users/xinyufang/Library/Developer/Xcode/DerivedData/Buzz-faillbpsmponqzeruhhvskovixzk/Build/Intermediates.noindex/GoogleSignIn.build/Debug-iphonesimulator/GoogleSignIn.build/Objects-normal/arm64/GIDTimedLoader.o -index-unit-output-path /GoogleSignIn.build/Debug-iphonesimulator/GoogleSignIn.build/Objects-normal/arm64/GIDTimedLoader.o

SwiftMergeGeneratedHeaders /Users/xinyufang/Library/Developer/Xcode/DerivedData/Buzz-faillbpsmponqzeruhhvskovixzk/Build/Intermediates.noindex/GeneratedModuleMaps-iphonesimulator/Helpers-Swift.h /Users/xinyufang/Library/Developer/Xcode/DerivedData/Buzz-faillbpsmponqzeruhhvskovixzk/Build/Intermediates.noindex/Supabase.build/Debug-iphonesimulator/Helpers.build/Objects-normal/arm64/Helpers-Swift.h (in target 'Helpers' from project 'Supabase')
    cd /Users/xinyufang/Library/Developer/Xcode/DerivedData/Buzz-faillbpsmponqzeruhhvskovixzk/SourcePackages/checkouts/supabase-swift
    builtin-swiftHeaderTool -arch arm64 /Users/xinyufang/Library/Developer/Xcode/DerivedData/Buzz-faillbpsmponqzeruhhvskovixzk/Build/Intermediates.noindex/Supabase.build/Debug-iphonesimulator/Helpers.build/Objects-normal/arm64/Helpers-Swift.h -o /Users/xinyufang/Library/Developer/Xcode/DerivedData/Buzz-faillbpsmponqzeruhhvskovixzk/Build/Intermediates.noindex/GeneratedModuleMaps-iphonesimulator/Helpers-Swift.h

SwiftDriverJobDiscovery normal arm64 Compiling EventEmitter.swift, FoundationExtensions.swift, HTTPClient.swift (in target 'Helpers' from project 'Supabase')

Copy /Users/xinyufang/Library/Developer/Xcode/DerivedData/Buzz-faillbpsmponqzeruhhvskovixzk/Build/Products/Debug-iphonesimulator/Helpers.swiftmodule/arm64-apple-ios-simulator.swiftmodule /Users/xinyufang/Library/Developer/Xcode/DerivedData/Buzz-faillbpsmponqzeruhhvskovixzk/Build/Intermediates.noindex/Supabase.build/Debug-iphonesimulator/Helpers.build/Objects-normal/arm64/Helpers.swiftmodule (in target 'Helpers' from project 'Supabase')
    cd /Users/xinyufang/Library/Developer/Xcode/DerivedData/Buzz-faillbpsmponqzeruhhvskovixzk/SourcePackages/checkouts/supabase-swift
    builtin-copy -exclude .DS_Store -exclude CVS -exclude .svn -exclude .git -exclude .hg -resolve-src-symlinks -rename /Users/xinyufang/Library/Developer/Xcode/DerivedData/Buzz-faillbpsmponqzeruhhvskovixzk/Build/Intermediates.noindex/Supabase.build/Debug-iphonesimulator/Helpers.build/Objects-normal/arm64/Helpers.swiftmodule /Users/xinyufang/Library/Developer/Xcode/DerivedData/Buzz-faillbpsmponqzeruhhvskovixzk/Build/Products/Debug-iphonesimulator/Helpers.swiftmodule/arm64-apple-ios-simulator.swiftmodule

Copy /Users/xinyufang/Library/Developer/Xcode/DerivedData/Buzz-faillbpsmponqzeruhhvskovixzk/Build/Products/Debug-iphonesimulator/Helpers.swiftmodule/arm64-apple-ios-simulator.swiftdoc /Users/xinyufang/Library/Developer/Xcode/DerivedData/Buzz-faillbpsmponqzeruhhvskovixzk/Build/Intermediates.noindex/Supabase.build/Debug-iphonesimulator/Helpers.build/Objects-normal/arm64/Helpers.swiftdoc (in target 'Helpers' from project 'Supabase')
    cd /Users/xinyufang/Library/Developer/Xcode/DerivedData/Buzz-faillbpsmponqzeruhhvskovixzk/SourcePackages/checkouts/supabase-swift
    builtin-copy -exclude .DS_Store -exclude CVS -exclude .svn -exclude .git -exclude .hg -resolve-src-symlinks -rename /Users/xinyufang/Library/Developer/Xcode/DerivedData/Buzz-faillbpsmponqzeruhhvskovixzk/Build/Intermediates.noindex/Supabase.build/Debug-iphonesimulator/Helpers.build/Objects-normal/arm64/Helpers.swiftdoc /Users/xinyufang/Library/Developer/Xcode/DerivedData/Buzz-faillbpsmponqzeruhhvskovixzk/Build/Products/Debug-iphonesimulator/Helpers.swiftmodule/arm64-apple-ios-simulator.swiftdoc

Copy /Users/xinyufang/Library/Developer/Xcode/DerivedData/Buzz-faillbpsmponqzeruhhvskovixzk/Build/Products/Debug-iphonesimulator/Helpers.swiftmodule/arm64-apple-ios-simulator.abi.json /Users/xinyufang/Library/Developer/Xcode/DerivedData/Buzz-faillbpsmponqzeruhhvskovixzk/Build/Intermediates.noindex/Supabase.build/Debug-iphonesimulator/Helpers.build/Objects-normal/arm64/Helpers.abi.json (in target 'Helpers' from project 'Supabase')
    cd /Users/xinyufang/Library/Developer/Xcode/DerivedData/Buzz-faillbpsmponqzeruhhvskovixzk/SourcePackages/checkouts/supabase-swift
    builtin-copy -exclude .DS_Store -exclude CVS -exclude .svn -exclude .git -exclude .hg -resolve-src-symlinks -rename /Users/xinyufang/Library/Developer/Xcode/DerivedData/Buzz-faillbpsmponqzeruhhvskovixzk/Build/Intermediates.noindex/Supabase.build/Debug-iphonesimulator/Helpers.build/Objects-normal/arm64/Helpers.abi.json /Users/xinyufang/Library/Developer/Xcode/DerivedData/Buzz-faillbpsmponqzeruhhvskovixzk/Build/Products/Debug-iphonesimulator/Helpers.swiftmodule/arm64-apple-ios-simulator.abi.json

Copy /Users/xinyufang/Library/Developer/Xcode/DerivedData/Buzz-faillbpsmponqzeruhhvskovixzk/Build/Products/Debug-iphonesimulator/Helpers.swiftmodule/Project/arm64-apple-ios-simulator.swiftsourceinfo /Users/xinyufang/Library/Developer/Xcode/DerivedData/Buzz-faillbpsmponqzeruhhvskovixzk/Build/Intermediates.noindex/Supabase.build/Debug-iphonesimulator/Helpers.build/Objects-normal/arm64/Helpers.swiftsourceinfo (in target 'Helpers' from project 'Supabase')
    cd /Users/xinyufang/Library/Developer/Xcode/DerivedData/Buzz-faillbpsmponqzeruhhvskovixzk/SourcePackages/checkouts/supabase-swift
    builtin-copy -exclude .DS_Store -exclude CVS -exclude .svn -exclude .git -exclude .hg -resolve-src-symlinks -rename /Users/xinyufang/Library/Developer/Xcode/DerivedData/Buzz-faillbpsmponqzeruhhvskovixzk/Build/Intermediates.noindex/Supabase.build/Debug-iphonesimulator/Helpers.build/Objects-normal/arm64/Helpers.swiftsourceinfo /Users/xinyufang/Library/Developer/Xcode/DerivedData/Buzz-faillbpsmponqzeruhhvskovixzk/Build/Products/Debug-iphonesimulator/Helpers.swiftmodule/Project/arm64-apple-ios-simulator.swiftsourceinfo

CompileC /Users/xinyufang/Library/Developer/Xcode/DerivedData/Buzz-faillbpsmponqzeruhhvskovixzk/Build/Intermediates.noindex/GoogleSignIn.build/Debug-iphonesimulator/GoogleSignIn.build/Objects-normal/arm64/GIDSignInInternalOptions.o /Users/xinyufang/Library/Developer/Xcode/DerivedData/Buzz-faillbpsmponqzeruhhvskovixzk/SourcePackages/checkouts/GoogleSignIn-iOS/GoogleSignIn/Sources/GIDSignInInternalOptions.m normal arm64 objective-c com.apple.compilers.llvm.clang.1_0.compiler (in target 'GoogleSignIn' from project 'GoogleSignIn')
    cd /Users/xinyufang/Documents/Buzz/Buzz.xcodeproj
    
    Using response file: /Users/xinyufang/Library/Developer/Xcode/DerivedData/Buzz-faillbpsmponqzeruhhvskovixzk/Build/Intermediates.noindex/GoogleSignIn.build/Debug-iphonesimulator/GoogleSignIn.build/Objects-normal/arm64/e6072d4f65d7061329687fe24e3d63a7-common-args.resp
    
    /Applications/Xcode.app/Contents/Developer/Toolchains/XcodeDefault.xctoolchain/usr/bin/clang -x objective-c -ivfsstatcache /Users/xinyufang/Library/Developer/Xcode/DerivedData/SDKStatCaches.noindex/iphonesimulator26.0-23A339-26257891a6c027eb51374368541b8346.sdkstatcache -fmessage-length\=0 -fdiagnostics-show-note-include-stack -fmacro-backtrace-limit\=0 -fno-color-diagnostics -fmodules-prune-interval\=86400 -fmodules-prune-after\=345600 -fbuild-session-file\=/Users/xinyufang/Library/Developer/Xcode/DerivedData/ModuleCache.noindex/Session.modulevalidation -fmodules-validate-once-per-build-session -Wnon-modular-include-in-framework-module -Werror\=non-modular-include-in-framework-module -Wno-trigraphs -Wno-missing-field-initializers -Wno-missing-prototypes -Wno-return-type -Wno-implicit-atomic-properties -Wno-objc-interface-ivars -Wno-arc-repeated-use-of-weak -Wno-missing-braces -Wparentheses -Wswitch -Wno-unused-function -Wno-unused-label -Wno-unused-parameter -Wno-unused-variable -Wunused-value -Wno-empty-body -Wno-uninitialized -Wno-unknown-pragmas -w -Wno-shadow -Wno-four-char-constants -Wno-conversion -Wno-constant-conversion -Wno-int-conversion -Wno-bool-conversion -Wno-enum-conversion -Wno-float-conversion -Wno-non-literal-null-conversion -Wno-objc-literal-conversion -Wshorten-64-to-32 -Wpointer-sign -Wno-newline-eof -Wno-selector -Wno-strict-selector-match -Wno-undeclared-selector -Wno-deprecated-implementations -Wno-implicit-fallthrough -fstrict-aliasing -Wprotocol -Wdeprecated-declarations -Wno-sign-conversion -Wno-infinite-recursion -Wno-comma -Wno-block-capture-autoreleasing -Wno-strict-prototypes -Wno-semicolon-before-method-body -index-store-path /Users/xinyufang/Library/Developer/Xcode/DerivedData/Buzz-faillbpsmponqzeruhhvskovixzk/Index.noindex/DataStore @/Users/xinyufang/Library/Developer/Xcode/DerivedData/Buzz-faillbpsmponqzeruhhvskovixzk/Build/Intermediates.noindex/GoogleSignIn.build/Debug-iphonesimulator/GoogleSignIn.build/Objects-normal/arm64/e6072d4f65d7061329687fe24e3d63a7-common-args.resp -include /Users/xinyufang/Library/Developer/Xcode/DerivedData/Buzz-faillbpsmponqzeruhhvskovixzk/Build/Intermediates.noindex/GoogleSignIn.build/Debug-iphonesimulator/GoogleSignIn.build/DerivedSources/resource_bundle_accessor.h -MMD -MT dependencies -MF /Users/xinyufang/Library/Developer/Xcode/DerivedData/Buzz-faillbpsmponqzeruhhvskovixzk/Build/Intermediates.noindex/GoogleSignIn.build/Debug-iphonesimulator/GoogleSignIn.build/Objects-normal/arm64/GIDSignInInternalOptions.d --serialize-diagnostics /Users/xinyufang/Library/Developer/Xcode/DerivedData/Buzz-faillbpsmponqzeruhhvskovixzk/Build/Intermediates.noindex/GoogleSignIn.build/Debug-iphonesimulator/GoogleSignIn.build/Objects-normal/arm64/GIDSignInInternalOptions.dia -c /Users/xinyufang/Library/Developer/Xcode/DerivedData/Buzz-faillbpsmponqzeruhhvskovixzk/SourcePackages/checkouts/GoogleSignIn-iOS/GoogleSignIn/Sources/GIDSignInInternalOptions.m -o /Users/xinyufang/Library/Developer/Xcode/DerivedData/Buzz-faillbpsmponqzeruhhvskovixzk/Build/Intermediates.noindex/GoogleSignIn.build/Debug-iphonesimulator/GoogleSignIn.build/Objects-normal/arm64/GIDSignInInternalOptions.o -index-unit-output-path /GoogleSignIn.build/Debug-iphonesimulator/GoogleSignIn.build/Objects-normal/arm64/GIDSignInInternalOptions.o

CompileC /Users/xinyufang/Library/Developer/Xcode/DerivedData/Buzz-faillbpsmponqzeruhhvskovixzk/Build/Intermediates.noindex/GoogleSignIn.build/Debug-iphonesimulator/GoogleSignIn.build/Objects-normal/arm64/GIDSignInButton.o /Users/xinyufang/Library/Developer/Xcode/DerivedData/Buzz-faillbpsmponqzeruhhvskovixzk/SourcePackages/checkouts/GoogleSignIn-iOS/GoogleSignIn/Sources/GIDSignInButton.m normal arm64 objective-c com.apple.compilers.llvm.clang.1_0.compiler (in target 'GoogleSignIn' from project 'GoogleSignIn')
    cd /Users/xinyufang/Documents/Buzz/Buzz.xcodeproj
    
    Using response file: /Users/xinyufang/Library/Developer/Xcode/DerivedData/Buzz-faillbpsmponqzeruhhvskovixzk/Build/Intermediates.noindex/GoogleSignIn.build/Debug-iphonesimulator/GoogleSignIn.build/Objects-normal/arm64/e6072d4f65d7061329687fe24e3d63a7-common-args.resp
    
    /Applications/Xcode.app/Contents/Developer/Toolchains/XcodeDefault.xctoolchain/usr/bin/clang -x objective-c -ivfsstatcache /Users/xinyufang/Library/Developer/Xcode/DerivedData/SDKStatCaches.noindex/iphonesimulator26.0-23A339-26257891a6c027eb51374368541b8346.sdkstatcache -fmessage-length\=0 -fdiagnostics-show-note-include-stack -fmacro-backtrace-limit\=0 -fno-color-diagnostics -fmodules-prune-interval\=86400 -fmodules-prune-after\=345600 -fbuild-session-file\=/Users/xinyufang/Library/Developer/Xcode/DerivedData/ModuleCache.noindex/Session.modulevalidation -fmodules-validate-once-per-build-session -Wnon-modular-include-in-framework-module -Werror\=non-modular-include-in-framework-module -Wno-trigraphs -Wno-missing-field-initializers -Wno-missing-prototypes -Wno-return-type -Wno-implicit-atomic-properties -Wno-objc-interface-ivars -Wno-arc-repeated-use-of-weak -Wno-missing-braces -Wparentheses -Wswitch -Wno-unused-function -Wno-unused-label -Wno-unused-parameter -Wno-unused-variable -Wunused-value -Wno-empty-body -Wno-uninitialized -Wno-unknown-pragmas -w -Wno-shadow -Wno-four-char-constants -Wno-conversion -Wno-constant-conversion -Wno-int-conversion -Wno-bool-conversion -Wno-enum-conversion -Wno-float-conversion -Wno-non-literal-null-conversion -Wno-objc-literal-conversion -Wshorten-64-to-32 -Wpointer-sign -Wno-newline-eof -Wno-selector -Wno-strict-selector-match -Wno-undeclared-selector -Wno-deprecated-implementations -Wno-implicit-fallthrough -fstrict-aliasing -Wprotocol -Wdeprecated-declarations -Wno-sign-conversion -Wno-infinite-recursion -Wno-comma -Wno-block-capture-autoreleasing -Wno-strict-prototypes -Wno-semicolon-before-method-body -index-store-path /Users/xinyufang/Library/Developer/Xcode/DerivedData/Buzz-faillbpsmponqzeruhhvskovixzk/Index.noindex/DataStore @/Users/xinyufang/Library/Developer/Xcode/DerivedData/Buzz-faillbpsmponqzeruhhvskovixzk/Build/Intermediates.noindex/GoogleSignIn.build/Debug-iphonesimulator/GoogleSignIn.build/Objects-normal/arm64/e6072d4f65d7061329687fe24e3d63a7-common-args.resp -include /Users/xinyufang/Library/Developer/Xcode/DerivedData/Buzz-faillbpsmponqzeruhhvskovixzk/Build/Intermediates.noindex/GoogleSignIn.build/Debug-iphonesimulator/GoogleSignIn.build/DerivedSources/resource_bundle_accessor.h -MMD -MT dependencies -MF /Users/xinyufang/Library/Developer/Xcode/DerivedData/Buzz-faillbpsmponqzeruhhvskovixzk/Build/Intermediates.noindex/GoogleSignIn.build/Debug-iphonesimulator/GoogleSignIn.build/Objects-normal/arm64/GIDSignInButton.d --serialize-diagnostics /Users/xinyufang/Library/Developer/Xcode/DerivedData/Buzz-faillbpsmponqzeruhhvskovixzk/Build/Intermediates.noindex/GoogleSignIn.build/Debug-iphonesimulator/GoogleSignIn.build/Objects-normal/arm64/GIDSignInButton.dia -c /Users/xinyufang/Library/Developer/Xcode/DerivedData/Buzz-faillbpsmponqzeruhhvskovixzk/SourcePackages/checkouts/GoogleSignIn-iOS/GoogleSignIn/Sources/GIDSignInButton.m -o /Users/xinyufang/Library/Developer/Xcode/DerivedData/Buzz-faillbpsmponqzeruhhvskovixzk/Build/Intermediates.noindex/GoogleSignIn.build/Debug-iphonesimulator/GoogleSignIn.build/Objects-normal/arm64/GIDSignInButton.o -index-unit-output-path /GoogleSignIn.build/Debug-iphonesimulator/GoogleSignIn.build/Objects-normal/arm64/GIDSignInButton.o

CompileC /Users/xinyufang/Library/Developer/Xcode/DerivedData/Buzz-faillbpsmponqzeruhhvskovixzk/Build/Intermediates.noindex/GoogleSignIn.build/Debug-iphonesimulator/GoogleSignIn.build/Objects-normal/arm64/GIDMDMPasscodeCache.o /Users/xinyufang/Library/Developer/Xcode/DerivedData/Buzz-faillbpsmponqzeruhhvskovixzk/SourcePackages/checkouts/GoogleSignIn-iOS/GoogleSignIn/Sources/GIDMDMPasscodeCache.m normal arm64 objective-c com.apple.compilers.llvm.clang.1_0.compiler (in target 'GoogleSignIn' from project 'GoogleSignIn')
    cd /Users/xinyufang/Documents/Buzz/Buzz.xcodeproj
    
    Using response file: /Users/xinyufang/Library/Developer/Xcode/DerivedData/Buzz-faillbpsmponqzeruhhvskovixzk/Build/Intermediates.noindex/GoogleSignIn.build/Debug-iphonesimulator/GoogleSignIn.build/Objects-normal/arm64/e6072d4f65d7061329687fe24e3d63a7-common-args.resp
    
    /Applications/Xcode.app/Contents/Developer/Toolchains/XcodeDefault.xctoolchain/usr/bin/clang -x objective-c -ivfsstatcache /Users/xinyufang/Library/Developer/Xcode/DerivedData/SDKStatCaches.noindex/iphonesimulator26.0-23A339-26257891a6c027eb51374368541b8346.sdkstatcache -fmessage-length\=0 -fdiagnostics-show-note-include-stack -fmacro-backtrace-limit\=0 -fno-color-diagnostics -fmodules-prune-interval\=86400 -fmodules-prune-after\=345600 -fbuild-session-file\=/Users/xinyufang/Library/Developer/Xcode/DerivedData/ModuleCache.noindex/Session.modulevalidation -fmodules-validate-once-per-build-session -Wnon-modular-include-in-framework-module -Werror\=non-modular-include-in-framework-module -Wno-trigraphs -Wno-missing-field-initializers -Wno-missing-prototypes -Wno-return-type -Wno-implicit-atomic-properties -Wno-objc-interface-ivars -Wno-arc-repeated-use-of-weak -Wno-missing-braces -Wparentheses -Wswitch -Wno-unused-function -Wno-unused-label -Wno-unused-parameter -Wno-unused-variable -Wunused-value -Wno-empty-body -Wno-uninitialized -Wno-unknown-pragmas -w -Wno-shadow -Wno-four-char-constants -Wno-conversion -Wno-constant-conversion -Wno-int-conversion -Wno-bool-conversion -Wno-enum-conversion -Wno-float-conversion -Wno-non-literal-null-conversion -Wno-objc-literal-conversion -Wshorten-64-to-32 -Wpointer-sign -Wno-newline-eof -Wno-selector -Wno-strict-selector-match -Wno-undeclared-selector -Wno-deprecated-implementations -Wno-implicit-fallthrough -fstrict-aliasing -Wprotocol -Wdeprecated-declarations -Wno-sign-conversion -Wno-infinite-recursion -Wno-comma -Wno-block-capture-autoreleasing -Wno-strict-prototypes -Wno-semicolon-before-method-body -index-store-path /Users/xinyufang/Library/Developer/Xcode/DerivedData/Buzz-faillbpsmponqzeruhhvskovixzk/Index.noindex/DataStore @/Users/xinyufang/Library/Developer/Xcode/DerivedData/Buzz-faillbpsmponqzeruhhvskovixzk/Build/Intermediates.noindex/GoogleSignIn.build/Debug-iphonesimulator/GoogleSignIn.build/Objects-normal/arm64/e6072d4f65d7061329687fe24e3d63a7-common-args.resp -include /Users/xinyufang/Library/Developer/Xcode/DerivedData/Buzz-faillbpsmponqzeruhhvskovixzk/Build/Intermediates.noindex/GoogleSignIn.build/Debug-iphonesimulator/GoogleSignIn.build/DerivedSources/resource_bundle_accessor.h -MMD -MT dependencies -MF /Users/xinyufang/Library/Developer/Xcode/DerivedData/Buzz-faillbpsmponqzeruhhvskovixzk/Build/Intermediates.noindex/GoogleSignIn.build/Debug-iphonesimulator/GoogleSignIn.build/Objects-normal/arm64/GIDMDMPasscodeCache.d --serialize-diagnostics /Users/xinyufang/Library/Developer/Xcode/DerivedData/Buzz-faillbpsmponqzeruhhvskovixzk/Build/Intermediates.noindex/GoogleSignIn.build/Debug-iphonesimulator/GoogleSignIn.build/Objects-normal/arm64/GIDMDMPasscodeCache.dia -c /Users/xinyufang/Library/Developer/Xcode/DerivedData/Buzz-faillbpsmponqzeruhhvskovixzk/SourcePackages/checkouts/GoogleSignIn-iOS/GoogleSignIn/Sources/GIDMDMPasscodeCache.m -o /Users/xinyufang/Library/Developer/Xcode/DerivedData/Buzz-faillbpsmponqzeruhhvskovixzk/Build/Intermediates.noindex/GoogleSignIn.build/Debug-iphonesimulator/GoogleSignIn.build/Objects-normal/arm64/GIDMDMPasscodeCache.o -index-unit-output-path /GoogleSignIn.build/Debug-iphonesimulator/GoogleSignIn.build/Objects-normal/arm64/GIDMDMPasscodeCache.o

SwiftDriverJobDiscovery normal arm64 Compiling AnyJSON+Codable.swift, AnyJSON.swift, AsyncValueSubject.swift (in target 'Helpers' from project 'Supabase')

CompileC /Users/xinyufang/Library/Developer/Xcode/DerivedData/Buzz-faillbpsmponqzeruhhvskovixzk/Build/Intermediates.noindex/GoogleSignIn.build/Debug-iphonesimulator/GoogleSignIn.build/Objects-normal/arm64/GIDEMMErrorHandler.o /Users/xinyufang/Library/Developer/Xcode/DerivedData/Buzz-faillbpsmponqzeruhhvskovixzk/SourcePackages/checkouts/GoogleSignIn-iOS/GoogleSignIn/Sources/GIDEMMErrorHandler.m normal arm64 objective-c com.apple.compilers.llvm.clang.1_0.compiler (in target 'GoogleSignIn' from project 'GoogleSignIn')
    cd /Users/xinyufang/Documents/Buzz/Buzz.xcodeproj
    
    Using response file: /Users/xinyufang/Library/Developer/Xcode/DerivedData/Buzz-faillbpsmponqzeruhhvskovixzk/Build/Intermediates.noindex/GoogleSignIn.build/Debug-iphonesimulator/GoogleSignIn.build/Objects-normal/arm64/e6072d4f65d7061329687fe24e3d63a7-common-args.resp
    
    /Applications/Xcode.app/Contents/Developer/Toolchains/XcodeDefault.xctoolchain/usr/bin/clang -x objective-c -ivfsstatcache /Users/xinyufang/Library/Developer/Xcode/DerivedData/SDKStatCaches.noindex/iphonesimulator26.0-23A339-26257891a6c027eb51374368541b8346.sdkstatcache -fmessage-length\=0 -fdiagnostics-show-note-include-stack -fmacro-backtrace-limit\=0 -fno-color-diagnostics -fmodules-prune-interval\=86400 -fmodules-prune-after\=345600 -fbuild-session-file\=/Users/xinyufang/Library/Developer/Xcode/DerivedData/ModuleCache.noindex/Session.modulevalidation -fmodules-validate-once-per-build-session -Wnon-modular-include-in-framework-module -Werror\=non-modular-include-in-framework-module -Wno-trigraphs -Wno-missing-field-initializers -Wno-missing-prototypes -Wno-return-type -Wno-implicit-atomic-properties -Wno-objc-interface-ivars -Wno-arc-repeated-use-of-weak -Wno-missing-braces -Wparentheses -Wswitch -Wno-unused-function -Wno-unused-label -Wno-unused-parameter -Wno-unused-variable -Wunused-value -Wno-empty-body -Wno-uninitialized -Wno-unknown-pragmas -w -Wno-shadow -Wno-four-char-constants -Wno-conversion -Wno-constant-conversion -Wno-int-conversion -Wno-bool-conversion -Wno-enum-conversion -Wno-float-conversion -Wno-non-literal-null-conversion -Wno-objc-literal-conversion -Wshorten-64-to-32 -Wpointer-sign -Wno-newline-eof -Wno-selector -Wno-strict-selector-match -Wno-undeclared-selector -Wno-deprecated-implementations -Wno-implicit-fallthrough -fstrict-aliasing -Wprotocol -Wdeprecated-declarations -Wno-sign-conversion -Wno-infinite-recursion -Wno-comma -Wno-block-capture-autoreleasing -Wno-strict-prototypes -Wno-semicolon-before-method-body -index-store-path /Users/xinyufang/Library/Developer/Xcode/DerivedData/Buzz-faillbpsmponqzeruhhvskovixzk/Index.noindex/DataStore @/Users/xinyufang/Library/Developer/Xcode/DerivedData/Buzz-faillbpsmponqzeruhhvskovixzk/Build/Intermediates.noindex/GoogleSignIn.build/Debug-iphonesimulator/GoogleSignIn.build/Objects-normal/arm64/e6072d4f65d7061329687fe24e3d63a7-common-args.resp -include /Users/xinyufang/Library/Developer/Xcode/DerivedData/Buzz-faillbpsmponqzeruhhvskovixzk/Build/Intermediates.noindex/GoogleSignIn.build/Debug-iphonesimulator/GoogleSignIn.build/DerivedSources/resource_bundle_accessor.h -MMD -MT dependencies -MF /Users/xinyufang/Library/Developer/Xcode/DerivedData/Buzz-faillbpsmponqzeruhhvskovixzk/Build/Intermediates.noindex/GoogleSignIn.build/Debug-iphonesimulator/GoogleSignIn.build/Objects-normal/arm64/GIDEMMErrorHandler.d --serialize-diagnostics /Users/xinyufang/Library/Developer/Xcode/DerivedData/Buzz-faillbpsmponqzeruhhvskovixzk/Build/Intermediates.noindex/GoogleSignIn.build/Debug-iphonesimulator/GoogleSignIn.build/Objects-normal/arm64/GIDEMMErrorHandler.dia -c /Users/xinyufang/Library/Developer/Xcode/DerivedData/Buzz-faillbpsmponqzeruhhvskovixzk/SourcePackages/checkouts/GoogleSignIn-iOS/GoogleSignIn/Sources/GIDEMMErrorHandler.m -o /Users/xinyufang/Library/Developer/Xcode/DerivedData/Buzz-faillbpsmponqzeruhhvskovixzk/Build/Intermediates.noindex/GoogleSignIn.build/Debug-iphonesimulator/GoogleSignIn.build/Objects-normal/arm64/GIDEMMErrorHandler.o -index-unit-output-path /GoogleSignIn.build/Debug-iphonesimulator/GoogleSignIn.build/Objects-normal/arm64/GIDEMMErrorHandler.o

CompileC /Users/xinyufang/Library/Developer/Xcode/DerivedData/Buzz-faillbpsmponqzeruhhvskovixzk/Build/Intermediates.noindex/GoogleSignIn.build/Debug-iphonesimulator/GoogleSignIn.build/Objects-normal/arm64/GIDAppCheck.o /Users/xinyufang/Library/Developer/Xcode/DerivedData/Buzz-faillbpsmponqzeruhhvskovixzk/SourcePackages/checkouts/GoogleSignIn-iOS/GoogleSignIn/Sources/GIDAppCheck/Implementations/GIDAppCheck.m normal arm64 objective-c com.apple.compilers.llvm.clang.1_0.compiler (in target 'GoogleSignIn' from project 'GoogleSignIn')
    cd /Users/xinyufang/Documents/Buzz/Buzz.xcodeproj
    
    Using response file: /Users/xinyufang/Library/Developer/Xcode/DerivedData/Buzz-faillbpsmponqzeruhhvskovixzk/Build/Intermediates.noindex/GoogleSignIn.build/Debug-iphonesimulator/GoogleSignIn.build/Objects-normal/arm64/e6072d4f65d7061329687fe24e3d63a7-common-args.resp
    
    /Applications/Xcode.app/Contents/Developer/Toolchains/XcodeDefault.xctoolchain/usr/bin/clang -x objective-c -ivfsstatcache /Users/xinyufang/Library/Developer/Xcode/DerivedData/SDKStatCaches.noindex/iphonesimulator26.0-23A339-26257891a6c027eb51374368541b8346.sdkstatcache -fmessage-length\=0 -fdiagnostics-show-note-include-stack -fmacro-backtrace-limit\=0 -fno-color-diagnostics -fmodules-prune-interval\=86400 -fmodules-prune-after\=345600 -fbuild-session-file\=/Users/xinyufang/Library/Developer/Xcode/DerivedData/ModuleCache.noindex/Session.modulevalidation -fmodules-validate-once-per-build-session -Wnon-modular-include-in-framework-module -Werror\=non-modular-include-in-framework-module -Wno-trigraphs -Wno-missing-field-initializers -Wno-missing-prototypes -Wno-return-type -Wno-implicit-atomic-properties -Wno-objc-interface-ivars -Wno-arc-repeated-use-of-weak -Wno-missing-braces -Wparentheses -Wswitch -Wno-unused-function -Wno-unused-label -Wno-unused-parameter -Wno-unused-variable -Wunused-value -Wno-empty-body -Wno-uninitialized -Wno-unknown-pragmas -w -Wno-shadow -Wno-four-char-constants -Wno-conversion -Wno-constant-conversion -Wno-int-conversion -Wno-bool-conversion -Wno-enum-conversion -Wno-float-conversion -Wno-non-literal-null-conversion -Wno-objc-literal-conversion -Wshorten-64-to-32 -Wpointer-sign -Wno-newline-eof -Wno-selector -Wno-strict-selector-match -Wno-undeclared-selector -Wno-deprecated-implementations -Wno-implicit-fallthrough -fstrict-aliasing -Wprotocol -Wdeprecated-declarations -Wno-sign-conversion -Wno-infinite-recursion -Wno-comma -Wno-block-capture-autoreleasing -Wno-strict-prototypes -Wno-semicolon-before-method-body -index-store-path /Users/xinyufang/Library/Developer/Xcode/DerivedData/Buzz-faillbpsmponqzeruhhvskovixzk/Index.noindex/DataStore @/Users/xinyufang/Library/Developer/Xcode/DerivedData/Buzz-faillbpsmponqzeruhhvskovixzk/Build/Intermediates.noindex/GoogleSignIn.build/Debug-iphonesimulator/GoogleSignIn.build/Objects-normal/arm64/e6072d4f65d7061329687fe24e3d63a7-common-args.resp -include /Users/xinyufang/Library/Developer/Xcode/DerivedData/Buzz-faillbpsmponqzeruhhvskovixzk/Build/Intermediates.noindex/GoogleSignIn.build/Debug-iphonesimulator/GoogleSignIn.build/DerivedSources/resource_bundle_accessor.h -MMD -MT dependencies -MF /Users/xinyufang/Library/Developer/Xcode/DerivedData/Buzz-faillbpsmponqzeruhhvskovixzk/Build/Intermediates.noindex/GoogleSignIn.build/Debug-iphonesimulator/GoogleSignIn.build/Objects-normal/arm64/GIDAppCheck.d --serialize-diagnostics /Users/xinyufang/Library/Developer/Xcode/DerivedData/Buzz-faillbpsmponqzeruhhvskovixzk/Build/Intermediates.noindex/GoogleSignIn.build/Debug-iphonesimulator/GoogleSignIn.build/Objects-normal/arm64/GIDAppCheck.dia -c /Users/xinyufang/Library/Developer/Xcode/DerivedData/Buzz-faillbpsmponqzeruhhvskovixzk/SourcePackages/checkouts/GoogleSignIn-iOS/GoogleSignIn/Sources/GIDAppCheck/Implementations/GIDAppCheck.m -o /Users/xinyufang/Library/Developer/Xcode/DerivedData/Buzz-faillbpsmponqzeruhhvskovixzk/Build/Intermediates.noindex/GoogleSignIn.build/Debug-iphonesimulator/GoogleSignIn.build/Objects-normal/arm64/GIDAppCheck.o -index-unit-output-path /GoogleSignIn.build/Debug-iphonesimulator/GoogleSignIn.build/Objects-normal/arm64/GIDAppCheck.o

SwiftDriverJobDiscovery normal arm64 Compiling URLSession+AsyncAwait.swift, Version.swift, _Clock.swift (in target 'Helpers' from project 'Supabase')

CompileC /Users/xinyufang/Library/Developer/Xcode/DerivedData/Buzz-faillbpsmponqzeruhhvskovixzk/Build/Intermediates.noindex/GoogleSignIn.build/Debug-iphonesimulator/GoogleSignIn.build/Objects-normal/arm64/GIDActivityIndicatorViewController.o /Users/xinyufang/Library/Developer/Xcode/DerivedData/Buzz-faillbpsmponqzeruhhvskovixzk/SourcePackages/checkouts/GoogleSignIn-iOS/GoogleSignIn/Sources/GIDAppCheck/UI/GIDActivityIndicatorViewController.m normal arm64 objective-c com.apple.compilers.llvm.clang.1_0.compiler (in target 'GoogleSignIn' from project 'GoogleSignIn')
    cd /Users/xinyufang/Documents/Buzz/Buzz.xcodeproj
    
    Using response file: /Users/xinyufang/Library/Developer/Xcode/DerivedData/Buzz-faillbpsmponqzeruhhvskovixzk/Build/Intermediates.noindex/GoogleSignIn.build/Debug-iphonesimulator/GoogleSignIn.build/Objects-normal/arm64/e6072d4f65d7061329687fe24e3d63a7-common-args.resp
    
    /Applications/Xcode.app/Contents/Developer/Toolchains/XcodeDefault.xctoolchain/usr/bin/clang -x objective-c -ivfsstatcache /Users/xinyufang/Library/Developer/Xcode/DerivedData/SDKStatCaches.noindex/iphonesimulator26.0-23A339-26257891a6c027eb51374368541b8346.sdkstatcache -fmessage-length\=0 -fdiagnostics-show-note-include-stack -fmacro-backtrace-limit\=0 -fno-color-diagnostics -fmodules-prune-interval\=86400 -fmodules-prune-after\=345600 -fbuild-session-file\=/Users/xinyufang/Library/Developer/Xcode/DerivedData/ModuleCache.noindex/Session.modulevalidation -fmodules-validate-once-per-build-session -Wnon-modular-include-in-framework-module -Werror\=non-modular-include-in-framework-module -Wno-trigraphs -Wno-missing-field-initializers -Wno-missing-prototypes -Wno-return-type -Wno-implicit-atomic-properties -Wno-objc-interface-ivars -Wno-arc-repeated-use-of-weak -Wno-missing-braces -Wparentheses -Wswitch -Wno-unused-function -Wno-unused-label -Wno-unused-parameter -Wno-unused-variable -Wunused-value -Wno-empty-body -Wno-uninitialized -Wno-unknown-pragmas -w -Wno-shadow -Wno-four-char-constants -Wno-conversion -Wno-constant-conversion -Wno-int-conversion -Wno-bool-conversion -Wno-enum-conversion -Wno-float-conversion -Wno-non-literal-null-conversion -Wno-objc-literal-conversion -Wshorten-64-to-32 -Wpointer-sign -Wno-newline-eof -Wno-selector -Wno-strict-selector-match -Wno-undeclared-selector -Wno-deprecated-implementations -Wno-implicit-fallthrough -fstrict-aliasing -Wprotocol -Wdeprecated-declarations -Wno-sign-conversion -Wno-infinite-recursion -Wno-comma -Wno-block-capture-autoreleasing -Wno-strict-prototypes -Wno-semicolon-before-method-body -index-store-path /Users/xinyufang/Library/Developer/Xcode/DerivedData/Buzz-faillbpsmponqzeruhhvskovixzk/Index.noindex/DataStore @/Users/xinyufang/Library/Developer/Xcode/DerivedData/Buzz-faillbpsmponqzeruhhvskovixzk/Build/Intermediates.noindex/GoogleSignIn.build/Debug-iphonesimulator/GoogleSignIn.build/Objects-normal/arm64/e6072d4f65d7061329687fe24e3d63a7-common-args.resp -include /Users/xinyufang/Library/Developer/Xcode/DerivedData/Buzz-faillbpsmponqzeruhhvskovixzk/Build/Intermediates.noindex/GoogleSignIn.build/Debug-iphonesimulator/GoogleSignIn.build/DerivedSources/resource_bundle_accessor.h -MMD -MT dependencies -MF /Users/xinyufang/Library/Developer/Xcode/DerivedData/Buzz-faillbpsmponqzeruhhvskovixzk/Build/Intermediates.noindex/GoogleSignIn.build/Debug-iphonesimulator/GoogleSignIn.build/Objects-normal/arm64/GIDActivityIndicatorViewController.d --serialize-diagnostics /Users/xinyufang/Library/Developer/Xcode/DerivedData/Buzz-faillbpsmponqzeruhhvskovixzk/Build/Intermediates.noindex/GoogleSignIn.build/Debug-iphonesimulator/GoogleSignIn.build/Objects-normal/arm64/GIDActivityIndicatorViewController.dia -c /Users/xinyufang/Library/Developer/Xcode/DerivedData/Buzz-faillbpsmponqzeruhhvskovixzk/SourcePackages/checkouts/GoogleSignIn-iOS/GoogleSignIn/Sources/GIDAppCheck/UI/GIDActivityIndicatorViewController.m -o /Users/xinyufang/Library/Developer/Xcode/DerivedData/Buzz-faillbpsmponqzeruhhvskovixzk/Build/Intermediates.noindex/GoogleSignIn.build/Debug-iphonesimulator/GoogleSignIn.build/Objects-normal/arm64/GIDActivityIndicatorViewController.o -index-unit-output-path /GoogleSignIn.build/Debug-iphonesimulator/GoogleSignIn.build/Objects-normal/arm64/GIDActivityIndicatorViewController.o

PrecompileModule /Users/xinyufang/Library/Developer/Xcode/DerivedData/Buzz-faillbpsmponqzeruhhvskovixzk/Build/Intermediates.noindex/ExplicitPrecompiledModules/AppAuth-2BXXA3GTAXXQAC0XTBRIOFXTM.scan
    cd /
    builtin-precompileModule /Users/xinyufang/Library/Developer/Xcode/DerivedData/Buzz-faillbpsmponqzeruhhvskovixzk/Build/Intermediates.noindex/ExplicitPrecompiledModules/AppAuth-2BXXA3GTAXXQAC0XTBRIOFXTM.scan

PrecompileModule /Users/xinyufang/Library/Developer/Xcode/DerivedData/Buzz-faillbpsmponqzeruhhvskovixzk/Build/Intermediates.noindex/ExplicitPrecompiledModules/GTMSessionFetcherCore-ABY7UG7SPRPO8BJ1R0VD5GH0E.scan
    cd /
    builtin-precompileModule /Users/xinyufang/Library/Developer/Xcode/DerivedData/Buzz-faillbpsmponqzeruhhvskovixzk/Build/Intermediates.noindex/ExplicitPrecompiledModules/GTMSessionFetcherCore-ABY7UG7SPRPO8BJ1R0VD5GH0E.scan

SwiftCompile normal arm64 Compiling\ Base64URL.swift,\ Codable.swift,\ DateFormatter.swift /Users/xinyufang/Library/Developer/Xcode/DerivedData/Buzz-faillbpsmponqzeruhhvskovixzk/SourcePackages/checkouts/supabase-swift/Sources/Helpers/Base64URL.swift /Users/xinyufang/Library/Developer/Xcode/DerivedData/Buzz-faillbpsmponqzeruhhvskovixzk/SourcePackages/checkouts/supabase-swift/Sources/Helpers/Codable.swift /Users/xinyufang/Library/Developer/Xcode/DerivedData/Buzz-faillbpsmponqzeruhhvskovixzk/SourcePackages/checkouts/supabase-swift/Sources/Helpers/DateFormatter.swift (in target 'Helpers' from project 'Supabase')

SwiftCompile normal arm64 /Users/xinyufang/Library/Developer/Xcode/DerivedData/Buzz-faillbpsmponqzeruhhvskovixzk/SourcePackages/checkouts/supabase-swift/Sources/Helpers/Base64URL.swift (in target 'Helpers' from project 'Supabase')
    cd /Users/xinyufang/Documents/Buzz/Buzz.xcodeproj
    

SwiftCompile normal arm64 /Users/xinyufang/Library/Developer/Xcode/DerivedData/Buzz-faillbpsmponqzeruhhvskovixzk/SourcePackages/checkouts/supabase-swift/Sources/Helpers/Codable.swift (in target 'Helpers' from project 'Supabase')
    cd /Users/xinyufang/Documents/Buzz/Buzz.xcodeproj
    

SwiftCompile normal arm64 /Users/xinyufang/Library/Developer/Xcode/DerivedData/Buzz-faillbpsmponqzeruhhvskovixzk/SourcePackages/checkouts/supabase-swift/Sources/Helpers/DateFormatter.swift (in target 'Helpers' from project 'Supabase')
    cd /Users/xinyufang/Documents/Buzz/Buzz.xcodeproj
    

RegisterExecutionPolicyException /Users/xinyufang/Library/Developer/Xcode/DerivedData/Buzz-faillbpsmponqzeruhhvskovixzk/Build/Products/Debug-iphonesimulator/StripePaymentSheet.o (in target 'StripePaymentSheet' from project 'Stripe')
    cd /Users/xinyufang/Library/Developer/Xcode/DerivedData/Buzz-faillbpsmponqzeruhhvskovixzk/SourcePackages/checkouts/stripe-ios-spm
    builtin-RegisterExecutionPolicyException /Users/xinyufang/Library/Developer/Xcode/DerivedData/Buzz-faillbpsmponqzeruhhvskovixzk/Build/Products/Debug-iphonesimulator/StripePaymentSheet.o

SwiftDriver Storage normal arm64 com.apple.xcode.tools.swift.compiler (in target 'Storage' from project 'Supabase')
    cd /Users/xinyufang/Documents/Buzz/Buzz.xcodeproj
    builtin-SwiftDriver -- /Applications/Xcode.app/Contents/Developer/Toolchains/XcodeDefault.xctoolchain/usr/bin/swiftc -module-name Storage -Onone -enforce-exclusivity\=checked @/Users/xinyufang/Library/Developer/Xcode/DerivedData/Buzz-faillbpsmponqzeruhhvskovixzk/Build/Intermediates.noindex/Supabase.build/Debug-iphonesimulator/Storage.build/Objects-normal/arm64/Storage.SwiftFileList -DSWIFT_PACKAGE -DDEBUG -DSWIFT_MODULE_RESOURCE_BUNDLE_UNAVAILABLE -DXcode -enable-upcoming-feature ExistentialAny -enable-experimental-feature StrictConcurrency -plugin-path /Applications/Xcode.app/Contents/Developer/Toolchains/XcodeDefault.xctoolchain/usr/lib/swift/host/plugins/testing -enable-experimental-feature DebugDescriptionMacro -sdk /Applications/Xcode.app/Contents/Developer/Platforms/iPhoneSimulator.platform/Developer/SDKs/iPhoneSimulator26.0.sdk -target arm64-apple-ios13.0-simulator -g -module-cache-path /Users/xinyufang/Library/Developer/Xcode/DerivedData/ModuleCache.noindex -Xfrontend -serialize-debugging-options -enable-testing -suppress-warnings -index-store-path /Users/xinyufang/Library/Developer/Xcode/DerivedData/Buzz-faillbpsmponqzeruhhvskovixzk/Index.noindex/DataStore -Xcc -D_LIBCPP_HARDENING_MODE\=_LIBCPP_HARDENING_MODE_DEBUG -swift-version 5 -I /Users/xinyufang/Library/Developer/Xcode/DerivedData/Buzz-faillbpsmponqzeruhhvskovixzk/Build/Products/Debug-iphonesimulator -Isystem /Applications/Xcode.app/Contents/Developer/Platforms/iPhoneSimulator.platform/Developer/usr/lib -F /Users/xinyufang/Library/Developer/Xcode/DerivedData/Buzz-faillbpsmponqzeruhhvskovixzk/Build/Products/Debug-iphonesimulator/PackageFrameworks -F /Users/xinyufang/Library/Developer/Xcode/DerivedData/Buzz-faillbpsmponqzeruhhvskovixzk/Build/Products/Debug-iphonesimulator/PackageFrameworks -F /Users/xinyufang/Library/Developer/Xcode/DerivedData/Buzz-faillbpsmponqzeruhhvskovixzk/Build/Products/Debug-iphonesimulator/PackageFrameworks -F /Users/xinyufang/Library/Developer/Xcode/DerivedData/Buzz-faillbpsmponqzeruhhvskovixzk/Build/Products/Debug-iphonesimulator/PackageFrameworks -F /Users/xinyufang/Library/Developer/Xcode/DerivedData/Buzz-faillbpsmponqzeruhhvskovixzk/Build/Products/Debug-iphonesimulator/PackageFrameworks -F /Users/xinyufang/Library/Developer/Xcode/DerivedData/Buzz-faillbpsmponqzeruhhvskovixzk/Build/Products/Debug-iphonesimulator/PackageFrameworks -F /Users/xinyufang/Library/Developer/Xcode/DerivedData/Buzz-faillbpsmponqzeruhhvskovixzk/Build/Products/Debug-iphonesimulator/PackageFrameworks -F /Users/xinyufang/Library/Developer/Xcode/DerivedData/Buzz-faillbpsmponqzeruhhvskovixzk/Build/Products/Debug-iphonesimulator -F /Applications/Xcode.app/Contents/Developer/Platforms/iPhoneSimulator.platform/Developer/Library/Frameworks -F /Applications/Xcode.app/Contents/Developer/Platforms/iPhoneSimulator.platform/Developer/SDKs/iPhoneSimulator26.0.sdk/Developer/Library/Frameworks -c -j8 -enable-batch-mode -incremental -Xcc -ivfsstatcache -Xcc /Users/xinyufang/Library/Developer/Xcode/DerivedData/SDKStatCaches.noindex/iphonesimulator26.0-23A339-26257891a6c027eb51374368541b8346.sdkstatcache -output-file-map /Users/xinyufang/Library/Developer/Xcode/DerivedData/Buzz-faillbpsmponqzeruhhvskovixzk/Build/Intermediates.noindex/Supabase.build/Debug-iphonesimulator/Storage.build/Objects-normal/arm64/Storage-OutputFileMap.json -use-frontend-parseable-output -save-temps -no-color-diagnostics -explicit-module-build -module-cache-path /Users/xinyufang/Library/Developer/Xcode/DerivedData/Buzz-faillbpsmponqzeruhhvskovixzk/Build/Intermediates.noindex/SwiftExplicitPrecompiledModules -clang-scanner-module-cache-path /Users/xinyufang/Library/Developer/Xcode/DerivedData/ModuleCache.noindex -sdk-module-cache-path /Users/xinyufang/Library/Developer/Xcode/DerivedData/ModuleCache.noindex -serialize-diagnostics -emit-dependencies -emit-module -emit-module-path /Users/xinyufang/Library/Developer/Xcode/DerivedData/Buzz-faillbpsmponqzeruhhvskovixzk/Build/Intermediates.noindex/Supabase.build/Debug-iphonesimulator/Storage.build/Objects-normal/arm64/Storage.swiftmodule -user-module-version 2.36.0 -validate-clang-modules-once -clang-build-session-file /Users/xinyufang/Library/Developer/Xcode/DerivedData/ModuleCache.noindex/Session.modulevalidation -package-name supabase_swift -Xcc -I/Users/xinyufang/Library/Developer/Xcode/DerivedData/Buzz-faillbpsmponqzeruhhvskovixzk/Build/Intermediates.noindex/Supabase.build/Debug-iphonesimulator/Storage.build/swift-overrides.hmap -emit-const-values -Xfrontend -const-gather-protocols-file -Xfrontend /Users/xinyufang/Library/Developer/Xcode/DerivedData/Buzz-faillbpsmponqzeruhhvskovixzk/Build/Intermediates.noindex/Supabase.build/Debug-iphonesimulator/Storage.build/Objects-normal/arm64/Storage_const_extract_protocols.json -Xcc -I/Users/xinyufang/Library/Developer/Xcode/DerivedData/Buzz-faillbpsmponqzeruhhvskovixzk/Build/Products/Debug-iphonesimulator/include -Xcc -I/Users/xinyufang/Library/Developer/Xcode/DerivedData/Buzz-faillbpsmponqzeruhhvskovixzk/Build/Intermediates.noindex/Supabase.build/Debug-iphonesimulator/Storage.build/DerivedSources-normal/arm64 -Xcc -I/Users/xinyufang/Library/Developer/Xcode/DerivedData/Buzz-faillbpsmponqzeruhhvskovixzk/Build/Intermediates.noindex/Supabase.build/Debug-iphonesimulator/Storage.build/DerivedSources/arm64 -Xcc -I/Users/xinyufang/Library/Developer/Xcode/DerivedData/Buzz-faillbpsmponqzeruhhvskovixzk/Build/Intermediates.noindex/Supabase.build/Debug-iphonesimulator/Storage.build/DerivedSources -Xcc -DSWIFT_PACKAGE -Xcc -DDEBUG\=1 -emit-objc-header -emit-objc-header-path /Users/xinyufang/Library/Developer/Xcode/DerivedData/Buzz-faillbpsmponqzeruhhvskovixzk/Build/Intermediates.noindex/Supabase.build/Debug-iphonesimulator/Storage.build/Objects-normal/arm64/Storage-Swift.h -working-directory /Users/xinyufang/Documents/Buzz/Buzz.xcodeproj -experimental-emit-module-separately -disable-cmo

SwiftDriverJobDiscovery normal arm64 Compiling HTTPFields.swift, HTTPRequest.swift, HTTPResponse.swift (in target 'Helpers' from project 'Supabase')

SwiftDriver Realtime normal arm64 com.apple.xcode.tools.swift.compiler (in target 'Realtime' from project 'Supabase')
    cd /Users/xinyufang/Documents/Buzz/Buzz.xcodeproj
    builtin-SwiftDriver -- /Applications/Xcode.app/Contents/Developer/Toolchains/XcodeDefault.xctoolchain/usr/bin/swiftc -module-name Realtime -Onone -enforce-exclusivity\=checked @/Users/xinyufang/Library/Developer/Xcode/DerivedData/Buzz-faillbpsmponqzeruhhvskovixzk/Build/Intermediates.noindex/Supabase.build/Debug-iphonesimulator/Realtime.build/Objects-normal/arm64/Realtime.SwiftFileList -DSWIFT_PACKAGE -DDEBUG -DSWIFT_MODULE_RESOURCE_BUNDLE_UNAVAILABLE -DXcode -enable-upcoming-feature ExistentialAny -enable-experimental-feature StrictConcurrency -plugin-path /Applications/Xcode.app/Contents/Developer/Toolchains/XcodeDefault.xctoolchain/usr/lib/swift/host/plugins/testing -enable-experimental-feature DebugDescriptionMacro -sdk /Applications/Xcode.app/Contents/Developer/Platforms/iPhoneSimulator.platform/Developer/SDKs/iPhoneSimulator26.0.sdk -target arm64-apple-ios13.0-simulator -g -module-cache-path /Users/xinyufang/Library/Developer/Xcode/DerivedData/ModuleCache.noindex -Xfrontend -serialize-debugging-options -enable-testing -suppress-warnings -index-store-path /Users/xinyufang/Library/Developer/Xcode/DerivedData/Buzz-faillbpsmponqzeruhhvskovixzk/Index.noindex/DataStore -Xcc -D_LIBCPP_HARDENING_MODE\=_LIBCPP_HARDENING_MODE_DEBUG -swift-version 5 -I /Users/xinyufang/Library/Developer/Xcode/DerivedData/Buzz-faillbpsmponqzeruhhvskovixzk/Build/Products/Debug-iphonesimulator -Isystem /Applications/Xcode.app/Contents/Developer/Platforms/iPhoneSimulator.platform/Developer/usr/lib -F /Users/xinyufang/Library/Developer/Xcode/DerivedData/Buzz-faillbpsmponqzeruhhvskovixzk/Build/Products/Debug-iphonesimulator/PackageFrameworks -F /Users/xinyufang/Library/Developer/Xcode/DerivedData/Buzz-faillbpsmponqzeruhhvskovixzk/Build/Products/Debug-iphonesimulator/PackageFrameworks -F /Users/xinyufang/Library/Developer/Xcode/DerivedData/Buzz-faillbpsmponqzeruhhvskovixzk/Build/Products/Debug-iphonesimulator/PackageFrameworks -F /Users/xinyufang/Library/Developer/Xcode/DerivedData/Buzz-faillbpsmponqzeruhhvskovixzk/Build/Products/Debug-iphonesimulator/PackageFrameworks -F /Users/xinyufang/Library/Developer/Xcode/DerivedData/Buzz-faillbpsmponqzeruhhvskovixzk/Build/Products/Debug-iphonesimulator/PackageFrameworks -F /Users/xinyufang/Library/Developer/Xcode/DerivedData/Buzz-faillbpsmponqzeruhhvskovixzk/Build/Products/Debug-iphonesimulator/PackageFrameworks -F /Users/xinyufang/Library/Developer/Xcode/DerivedData/Buzz-faillbpsmponqzeruhhvskovixzk/Build/Products/Debug-iphonesimulator/PackageFrameworks -F /Users/xinyufang/Library/Developer/Xcode/DerivedData/Buzz-faillbpsmponqzeruhhvskovixzk/Build/Products/Debug-iphonesimulator -F /Applications/Xcode.app/Contents/Developer/Platforms/iPhoneSimulator.platform/Developer/Library/Frameworks -F /Applications/Xcode.app/Contents/Developer/Platforms/iPhoneSimulator.platform/Developer/SDKs/iPhoneSimulator26.0.sdk/Developer/Library/Frameworks -c -j8 -enable-batch-mode -incremental -Xcc -ivfsstatcache -Xcc /Users/xinyufang/Library/Developer/Xcode/DerivedData/SDKStatCaches.noindex/iphonesimulator26.0-23A339-26257891a6c027eb51374368541b8346.sdkstatcache -output-file-map /Users/xinyufang/Library/Developer/Xcode/DerivedData/Buzz-faillbpsmponqzeruhhvskovixzk/Build/Intermediates.noindex/Supabase.build/Debug-iphonesimulator/Realtime.build/Objects-normal/arm64/Realtime-OutputFileMap.json -use-frontend-parseable-output -save-temps -no-color-diagnostics -explicit-module-build -module-cache-path /Users/xinyufang/Library/Developer/Xcode/DerivedData/Buzz-faillbpsmponqzeruhhvskovixzk/Build/Intermediates.noindex/SwiftExplicitPrecompiledModules -clang-scanner-module-cache-path /Users/xinyufang/Library/Developer/Xcode/DerivedData/ModuleCache.noindex -sdk-module-cache-path /Users/xinyufang/Library/Developer/Xcode/DerivedData/ModuleCache.noindex -serialize-diagnostics -emit-dependencies -emit-module -emit-module-path /Users/xinyufang/Library/Developer/Xcode/DerivedData/Buzz-faillbpsmponqzeruhhvskovixzk/Build/Intermediates.noindex/Supabase.build/Debug-iphonesimulator/Realtime.build/Objects-normal/arm64/Realtime.swiftmodule -user-module-version 2.36.0 -validate-clang-modules-once -clang-build-session-file /Users/xinyufang/Library/Developer/Xcode/DerivedData/ModuleCache.noindex/Session.modulevalidation -package-name supabase_swift -Xcc -I/Users/xinyufang/Library/Developer/Xcode/DerivedData/Buzz-faillbpsmponqzeruhhvskovixzk/Build/Intermediates.noindex/Supabase.build/Debug-iphonesimulator/Realtime.build/swift-overrides.hmap -emit-const-values -Xfrontend -const-gather-protocols-file -Xfrontend /Users/xinyufang/Library/Developer/Xcode/DerivedData/Buzz-faillbpsmponqzeruhhvskovixzk/Build/Intermediates.noindex/Supabase.build/Debug-iphonesimulator/Realtime.build/Objects-normal/arm64/Realtime_const_extract_protocols.json -Xcc -I/Users/xinyufang/Library/Developer/Xcode/DerivedData/Buzz-faillbpsmponqzeruhhvskovixzk/Build/Products/Debug-iphonesimulator/include -Xcc -I/Users/xinyufang/Library/Developer/Xcode/DerivedData/Buzz-faillbpsmponqzeruhhvskovixzk/Build/Intermediates.noindex/Supabase.build/Debug-iphonesimulator/Realtime.build/DerivedSources-normal/arm64 -Xcc -I/Users/xinyufang/Library/Developer/Xcode/DerivedData/Buzz-faillbpsmponqzeruhhvskovixzk/Build/Intermediates.noindex/Supabase.build/Debug-iphonesimulator/Realtime.build/DerivedSources/arm64 -Xcc -I/Users/xinyufang/Library/Developer/Xcode/DerivedData/Buzz-faillbpsmponqzeruhhvskovixzk/Build/Intermediates.noindex/Supabase.build/Debug-iphonesimulator/Realtime.build/DerivedSources -Xcc -DSWIFT_PACKAGE -Xcc -DDEBUG\=1 -emit-objc-header -emit-objc-header-path /Users/xinyufang/Library/Developer/Xcode/DerivedData/Buzz-faillbpsmponqzeruhhvskovixzk/Build/Intermediates.noindex/Supabase.build/Debug-iphonesimulator/Realtime.build/Objects-normal/arm64/Realtime-Swift.h -working-directory /Users/xinyufang/Documents/Buzz/Buzz.xcodeproj -experimental-emit-module-separately -disable-cmo

CompileC /Users/xinyufang/Library/Developer/Xcode/DerivedData/Buzz-faillbpsmponqzeruhhvskovixzk/Build/Intermediates.noindex/GoogleSignIn.build/Debug-iphonesimulator/GoogleSignIn.build/Objects-normal/arm64/GIDAuthentication.o /Users/xinyufang/Library/Developer/Xcode/DerivedData/Buzz-faillbpsmponqzeruhhvskovixzk/SourcePackages/checkouts/GoogleSignIn-iOS/GoogleSignIn/Sources/GIDAuthentication.m normal arm64 objective-c com.apple.compilers.llvm.clang.1_0.compiler (in target 'GoogleSignIn' from project 'GoogleSignIn')
    cd /Users/xinyufang/Documents/Buzz/Buzz.xcodeproj
    
    Using response file: /Users/xinyufang/Library/Developer/Xcode/DerivedData/Buzz-faillbpsmponqzeruhhvskovixzk/Build/Intermediates.noindex/GoogleSignIn.build/Debug-iphonesimulator/GoogleSignIn.build/Objects-normal/arm64/e6072d4f65d7061329687fe24e3d63a7-common-args.resp
    
    /Applications/Xcode.app/Contents/Developer/Toolchains/XcodeDefault.xctoolchain/usr/bin/clang -x objective-c -ivfsstatcache /Users/xinyufang/Library/Developer/Xcode/DerivedData/SDKStatCaches.noindex/iphonesimulator26.0-23A339-26257891a6c027eb51374368541b8346.sdkstatcache -fmessage-length\=0 -fdiagnostics-show-note-include-stack -fmacro-backtrace-limit\=0 -fno-color-diagnostics -fmodules-prune-interval\=86400 -fmodules-prune-after\=345600 -fbuild-session-file\=/Users/xinyufang/Library/Developer/Xcode/DerivedData/ModuleCache.noindex/Session.modulevalidation -fmodules-validate-once-per-build-session -Wnon-modular-include-in-framework-module -Werror\=non-modular-include-in-framework-module -Wno-trigraphs -Wno-missing-field-initializers -Wno-missing-prototypes -Wno-return-type -Wno-implicit-atomic-properties -Wno-objc-interface-ivars -Wno-arc-repeated-use-of-weak -Wno-missing-braces -Wparentheses -Wswitch -Wno-unused-function -Wno-unused-label -Wno-unused-parameter -Wno-unused-variable -Wunused-value -Wno-empty-body -Wno-uninitialized -Wno-unknown-pragmas -w -Wno-shadow -Wno-four-char-constants -Wno-conversion -Wno-constant-conversion -Wno-int-conversion -Wno-bool-conversion -Wno-enum-conversion -Wno-float-conversion -Wno-non-literal-null-conversion -Wno-objc-literal-conversion -Wshorten-64-to-32 -Wpointer-sign -Wno-newline-eof -Wno-selector -Wno-strict-selector-match -Wno-undeclared-selector -Wno-deprecated-implementations -Wno-implicit-fallthrough -fstrict-aliasing -Wprotocol -Wdeprecated-declarations -Wno-sign-conversion -Wno-infinite-recursion -Wno-comma -Wno-block-capture-autoreleasing -Wno-strict-prototypes -Wno-semicolon-before-method-body -index-store-path /Users/xinyufang/Library/Developer/Xcode/DerivedData/Buzz-faillbpsmponqzeruhhvskovixzk/Index.noindex/DataStore @/Users/xinyufang/Library/Developer/Xcode/DerivedData/Buzz-faillbpsmponqzeruhhvskovixzk/Build/Intermediates.noindex/GoogleSignIn.build/Debug-iphonesimulator/GoogleSignIn.build/Objects-normal/arm64/e6072d4f65d7061329687fe24e3d63a7-common-args.resp -include /Users/xinyufang/Library/Developer/Xcode/DerivedData/Buzz-faillbpsmponqzeruhhvskovixzk/Build/Intermediates.noindex/GoogleSignIn.build/Debug-iphonesimulator/GoogleSignIn.build/DerivedSources/resource_bundle_accessor.h -MMD -MT dependencies -MF /Users/xinyufang/Library/Developer/Xcode/DerivedData/Buzz-faillbpsmponqzeruhhvskovixzk/Build/Intermediates.noindex/GoogleSignIn.build/Debug-iphonesimulator/GoogleSignIn.build/Objects-normal/arm64/GIDAuthentication.d --serialize-diagnostics /Users/xinyufang/Library/Developer/Xcode/DerivedData/Buzz-faillbpsmponqzeruhhvskovixzk/Build/Intermediates.noindex/GoogleSignIn.build/Debug-iphonesimulator/GoogleSignIn.build/Objects-normal/arm64/GIDAuthentication.dia -c /Users/xinyufang/Library/Developer/Xcode/DerivedData/Buzz-faillbpsmponqzeruhhvskovixzk/SourcePackages/checkouts/GoogleSignIn-iOS/GoogleSignIn/Sources/GIDAuthentication.m -o /Users/xinyufang/Library/Developer/Xcode/DerivedData/Buzz-faillbpsmponqzeruhhvskovixzk/Build/Intermediates.noindex/GoogleSignIn.build/Debug-iphonesimulator/GoogleSignIn.build/Objects-normal/arm64/GIDAuthentication.o -index-unit-output-path /GoogleSignIn.build/Debug-iphonesimulator/GoogleSignIn.build/Objects-normal/arm64/GIDAuthentication.o

CompileC /Users/xinyufang/Library/Developer/Xcode/DerivedData/Buzz-faillbpsmponqzeruhhvskovixzk/Build/Intermediates.noindex/GoogleSignIn.build/Debug-iphonesimulator/GoogleSignIn.build/Objects-normal/arm64/GIDSignInResult.o /Users/xinyufang/Library/Developer/Xcode/DerivedData/Buzz-faillbpsmponqzeruhhvskovixzk/SourcePackages/checkouts/GoogleSignIn-iOS/GoogleSignIn/Sources/GIDSignInResult.m normal arm64 objective-c com.apple.compilers.llvm.clang.1_0.compiler (in target 'GoogleSignIn' from project 'GoogleSignIn')
    cd /Users/xinyufang/Documents/Buzz/Buzz.xcodeproj
    
    Using response file: /Users/xinyufang/Library/Developer/Xcode/DerivedData/Buzz-faillbpsmponqzeruhhvskovixzk/Build/Intermediates.noindex/GoogleSignIn.build/Debug-iphonesimulator/GoogleSignIn.build/Objects-normal/arm64/e6072d4f65d7061329687fe24e3d63a7-common-args.resp
    
    /Applications/Xcode.app/Contents/Developer/Toolchains/XcodeDefault.xctoolchain/usr/bin/clang -x objective-c -ivfsstatcache /Users/xinyufang/Library/Developer/Xcode/DerivedData/SDKStatCaches.noindex/iphonesimulator26.0-23A339-26257891a6c027eb51374368541b8346.sdkstatcache -fmessage-length\=0 -fdiagnostics-show-note-include-stack -fmacro-backtrace-limit\=0 -fno-color-diagnostics -fmodules-prune-interval\=86400 -fmodules-prune-after\=345600 -fbuild-session-file\=/Users/xinyufang/Library/Developer/Xcode/DerivedData/ModuleCache.noindex/Session.modulevalidation -fmodules-validate-once-per-build-session -Wnon-modular-include-in-framework-module -Werror\=non-modular-include-in-framework-module -Wno-trigraphs -Wno-missing-field-initializers -Wno-missing-prototypes -Wno-return-type -Wno-implicit-atomic-properties -Wno-objc-interface-ivars -Wno-arc-repeated-use-of-weak -Wno-missing-braces -Wparentheses -Wswitch -Wno-unused-function -Wno-unused-label -Wno-unused-parameter -Wno-unused-variable -Wunused-value -Wno-empty-body -Wno-uninitialized -Wno-unknown-pragmas -w -Wno-shadow -Wno-four-char-constants -Wno-conversion -Wno-constant-conversion -Wno-int-conversion -Wno-bool-conversion -Wno-enum-conversion -Wno-float-conversion -Wno-non-literal-null-conversion -Wno-objc-literal-conversion -Wshorten-64-to-32 -Wpointer-sign -Wno-newline-eof -Wno-selector -Wno-strict-selector-match -Wno-undeclared-selector -Wno-deprecated-implementations -Wno-implicit-fallthrough -fstrict-aliasing -Wprotocol -Wdeprecated-declarations -Wno-sign-conversion -Wno-infinite-recursion -Wno-comma -Wno-block-capture-autoreleasing -Wno-strict-prototypes -Wno-semicolon-before-method-body -index-store-path /Users/xinyufang/Library/Developer/Xcode/DerivedData/Buzz-faillbpsmponqzeruhhvskovixzk/Index.noindex/DataStore @/Users/xinyufang/Library/Developer/Xcode/DerivedData/Buzz-faillbpsmponqzeruhhvskovixzk/Build/Intermediates.noindex/GoogleSignIn.build/Debug-iphonesimulator/GoogleSignIn.build/Objects-normal/arm64/e6072d4f65d7061329687fe24e3d63a7-common-args.resp -include /Users/xinyufang/Library/Developer/Xcode/DerivedData/Buzz-faillbpsmponqzeruhhvskovixzk/Build/Intermediates.noindex/GoogleSignIn.build/Debug-iphonesimulator/GoogleSignIn.build/DerivedSources/resource_bundle_accessor.h -MMD -MT dependencies -MF /Users/xinyufang/Library/Developer/Xcode/DerivedData/Buzz-faillbpsmponqzeruhhvskovixzk/Build/Intermediates.noindex/GoogleSignIn.build/Debug-iphonesimulator/GoogleSignIn.build/Objects-normal/arm64/GIDSignInResult.d --serialize-diagnostics /Users/xinyufang/Library/Developer/Xcode/DerivedData/Buzz-faillbpsmponqzeruhhvskovixzk/Build/Intermediates.noindex/GoogleSignIn.build/Debug-iphonesimulator/GoogleSignIn.build/Objects-normal/arm64/GIDSignInResult.dia -c /Users/xinyufang/Library/Developer/Xcode/DerivedData/Buzz-faillbpsmponqzeruhhvskovixzk/SourcePackages/checkouts/GoogleSignIn-iOS/GoogleSignIn/Sources/GIDSignInResult.m -o /Users/xinyufang/Library/Developer/Xcode/DerivedData/Buzz-faillbpsmponqzeruhhvskovixzk/Build/Intermediates.noindex/GoogleSignIn.build/Debug-iphonesimulator/GoogleSignIn.build/Objects-normal/arm64/GIDSignInResult.o -index-unit-output-path /GoogleSignIn.build/Debug-iphonesimulator/GoogleSignIn.build/Objects-normal/arm64/GIDSignInResult.o

PrecompileModule /Users/xinyufang/Library/Developer/Xcode/DerivedData/Buzz-faillbpsmponqzeruhhvskovixzk/Build/Intermediates.noindex/ExplicitPrecompiledModules/GTMAppAuth-99LB2XWZ4XOG8HIE9WUP9B1HV.scan
    cd /
    builtin-precompileModule /Users/xinyufang/Library/Developer/Xcode/DerivedData/Buzz-faillbpsmponqzeruhhvskovixzk/Build/Intermediates.noindex/ExplicitPrecompiledModules/GTMAppAuth-99LB2XWZ4XOG8HIE9WUP9B1HV.scan

CompileC /Users/xinyufang/Library/Developer/Xcode/DerivedData/Buzz-faillbpsmponqzeruhhvskovixzk/Build/Intermediates.noindex/GoogleSignIn.build/Debug-iphonesimulator/GoogleSignIn.build/Objects-normal/arm64/GIDSignIn.o /Users/xinyufang/Library/Developer/Xcode/DerivedData/Buzz-faillbpsmponqzeruhhvskovixzk/SourcePackages/checkouts/GoogleSignIn-iOS/GoogleSignIn/Sources/GIDSignIn.m normal arm64 objective-c com.apple.compilers.llvm.clang.1_0.compiler (in target 'GoogleSignIn' from project 'GoogleSignIn')
    cd /Users/xinyufang/Documents/Buzz/Buzz.xcodeproj
    
    Using response file: /Users/xinyufang/Library/Developer/Xcode/DerivedData/Buzz-faillbpsmponqzeruhhvskovixzk/Build/Intermediates.noindex/GoogleSignIn.build/Debug-iphonesimulator/GoogleSignIn.build/Objects-normal/arm64/e6072d4f65d7061329687fe24e3d63a7-common-args.resp
    
    /Applications/Xcode.app/Contents/Developer/Toolchains/XcodeDefault.xctoolchain/usr/bin/clang -x objective-c -ivfsstatcache /Users/xinyufang/Library/Developer/Xcode/DerivedData/SDKStatCaches.noindex/iphonesimulator26.0-23A339-26257891a6c027eb51374368541b8346.sdkstatcache -fmessage-length\=0 -fdiagnostics-show-note-include-stack -fmacro-backtrace-limit\=0 -fno-color-diagnostics -fmodules-prune-interval\=86400 -fmodules-prune-after\=345600 -fbuild-session-file\=/Users/xinyufang/Library/Developer/Xcode/DerivedData/ModuleCache.noindex/Session.modulevalidation -fmodules-validate-once-per-build-session -Wnon-modular-include-in-framework-module -Werror\=non-modular-include-in-framework-module -Wno-trigraphs -Wno-missing-field-initializers -Wno-missing-prototypes -Wno-return-type -Wno-implicit-atomic-properties -Wno-objc-interface-ivars -Wno-arc-repeated-use-of-weak -Wno-missing-braces -Wparentheses -Wswitch -Wno-unused-function -Wno-unused-label -Wno-unused-parameter -Wno-unused-variable -Wunused-value -Wno-empty-body -Wno-uninitialized -Wno-unknown-pragmas -w -Wno-shadow -Wno-four-char-constants -Wno-conversion -Wno-constant-conversion -Wno-int-conversion -Wno-bool-conversion -Wno-enum-conversion -Wno-float-conversion -Wno-non-literal-null-conversion -Wno-objc-literal-conversion -Wshorten-64-to-32 -Wpointer-sign -Wno-newline-eof -Wno-selector -Wno-strict-selector-match -Wno-undeclared-selector -Wno-deprecated-implementations -Wno-implicit-fallthrough -fstrict-aliasing -Wprotocol -Wdeprecated-declarations -Wno-sign-conversion -Wno-infinite-recursion -Wno-comma -Wno-block-capture-autoreleasing -Wno-strict-prototypes -Wno-semicolon-before-method-body -index-store-path /Users/xinyufang/Library/Developer/Xcode/DerivedData/Buzz-faillbpsmponqzeruhhvskovixzk/Index.noindex/DataStore @/Users/xinyufang/Library/Developer/Xcode/DerivedData/Buzz-faillbpsmponqzeruhhvskovixzk/Build/Intermediates.noindex/GoogleSignIn.build/Debug-iphonesimulator/GoogleSignIn.build/Objects-normal/arm64/e6072d4f65d7061329687fe24e3d63a7-common-args.resp -include /Users/xinyufang/Library/Developer/Xcode/DerivedData/Buzz-faillbpsmponqzeruhhvskovixzk/Build/Intermediates.noindex/GoogleSignIn.build/Debug-iphonesimulator/GoogleSignIn.build/DerivedSources/resource_bundle_accessor.h -MMD -MT dependencies -MF /Users/xinyufang/Library/Developer/Xcode/DerivedData/Buzz-faillbpsmponqzeruhhvskovixzk/Build/Intermediates.noindex/GoogleSignIn.build/Debug-iphonesimulator/GoogleSignIn.build/Objects-normal/arm64/GIDSignIn.d --serialize-diagnostics /Users/xinyufang/Library/Developer/Xcode/DerivedData/Buzz-faillbpsmponqzeruhhvskovixzk/Build/Intermediates.noindex/GoogleSignIn.build/Debug-iphonesimulator/GoogleSignIn.build/Objects-normal/arm64/GIDSignIn.dia -c /Users/xinyufang/Library/Developer/Xcode/DerivedData/Buzz-faillbpsmponqzeruhhvskovixzk/SourcePackages/checkouts/GoogleSignIn-iOS/GoogleSignIn/Sources/GIDSignIn.m -o /Users/xinyufang/Library/Developer/Xcode/DerivedData/Buzz-faillbpsmponqzeruhhvskovixzk/Build/Intermediates.noindex/GoogleSignIn.build/Debug-iphonesimulator/GoogleSignIn.build/Objects-normal/arm64/GIDSignIn.o -index-unit-output-path /GoogleSignIn.build/Debug-iphonesimulator/GoogleSignIn.build/Objects-normal/arm64/GIDSignIn.o

SwiftDriver PostgREST normal arm64 com.apple.xcode.tools.swift.compiler (in target 'PostgREST' from project 'Supabase')
    cd /Users/xinyufang/Documents/Buzz/Buzz.xcodeproj
    builtin-SwiftDriver -- /Applications/Xcode.app/Contents/Developer/Toolchains/XcodeDefault.xctoolchain/usr/bin/swiftc -module-name PostgREST -Onone -enforce-exclusivity\=checked @/Users/xinyufang/Library/Developer/Xcode/DerivedData/Buzz-faillbpsmponqzeruhhvskovixzk/Build/Intermediates.noindex/Supabase.build/Debug-iphonesimulator/PostgREST.build/Objects-normal/arm64/PostgREST.SwiftFileList -DSWIFT_PACKAGE -DDEBUG -DSWIFT_MODULE_RESOURCE_BUNDLE_UNAVAILABLE -DXcode -enable-upcoming-feature ExistentialAny -enable-experimental-feature StrictConcurrency -plugin-path /Applications/Xcode.app/Contents/Developer/Toolchains/XcodeDefault.xctoolchain/usr/lib/swift/host/plugins/testing -enable-experimental-feature DebugDescriptionMacro -sdk /Applications/Xcode.app/Contents/Developer/Platforms/iPhoneSimulator.platform/Developer/SDKs/iPhoneSimulator26.0.sdk -target arm64-apple-ios13.0-simulator -g -module-cache-path /Users/xinyufang/Library/Developer/Xcode/DerivedData/ModuleCache.noindex -Xfrontend -serialize-debugging-options -enable-testing -suppress-warnings -index-store-path /Users/xinyufang/Library/Developer/Xcode/DerivedData/Buzz-faillbpsmponqzeruhhvskovixzk/Index.noindex/DataStore -Xcc -D_LIBCPP_HARDENING_MODE\=_LIBCPP_HARDENING_MODE_DEBUG -swift-version 5 -I /Users/xinyufang/Library/Developer/Xcode/DerivedData/Buzz-faillbpsmponqzeruhhvskovixzk/Build/Products/Debug-iphonesimulator -Isystem /Applications/Xcode.app/Contents/Developer/Platforms/iPhoneSimulator.platform/Developer/usr/lib -F /Users/xinyufang/Library/Developer/Xcode/DerivedData/Buzz-faillbpsmponqzeruhhvskovixzk/Build/Products/Debug-iphonesimulator/PackageFrameworks -F /Users/xinyufang/Library/Developer/Xcode/DerivedData/Buzz-faillbpsmponqzeruhhvskovixzk/Build/Products/Debug-iphonesimulator/PackageFrameworks -F /Users/xinyufang/Library/Developer/Xcode/DerivedData/Buzz-faillbpsmponqzeruhhvskovixzk/Build/Products/Debug-iphonesimulator/PackageFrameworks -F /Users/xinyufang/Library/Developer/Xcode/DerivedData/Buzz-faillbpsmponqzeruhhvskovixzk/Build/Products/Debug-iphonesimulator/PackageFrameworks -F /Users/xinyufang/Library/Developer/Xcode/DerivedData/Buzz-faillbpsmponqzeruhhvskovixzk/Build/Products/Debug-iphonesimulator/PackageFrameworks -F /Users/xinyufang/Library/Developer/Xcode/DerivedData/Buzz-faillbpsmponqzeruhhvskovixzk/Build/Products/Debug-iphonesimulator/PackageFrameworks -F /Users/xinyufang/Library/Developer/Xcode/DerivedData/Buzz-faillbpsmponqzeruhhvskovixzk/Build/Products/Debug-iphonesimulator/PackageFrameworks -F /Users/xinyufang/Library/Developer/Xcode/DerivedData/Buzz-faillbpsmponqzeruhhvskovixzk/Build/Products/Debug-iphonesimulator -F /Applications/Xcode.app/Contents/Developer/Platforms/iPhoneSimulator.platform/Developer/Library/Frameworks -F /Applications/Xcode.app/Contents/Developer/Platforms/iPhoneSimulator.platform/Developer/SDKs/iPhoneSimulator26.0.sdk/Developer/Library/Frameworks -c -j8 -enable-batch-mode -incremental -Xcc -ivfsstatcache -Xcc /Users/xinyufang/Library/Developer/Xcode/DerivedData/SDKStatCaches.noindex/iphonesimulator26.0-23A339-26257891a6c027eb51374368541b8346.sdkstatcache -output-file-map /Users/xinyufang/Library/Developer/Xcode/DerivedData/Buzz-faillbpsmponqzeruhhvskovixzk/Build/Intermediates.noindex/Supabase.build/Debug-iphonesimulator/PostgREST.build/Objects-normal/arm64/PostgREST-OutputFileMap.json -use-frontend-parseable-output -save-temps -no-color-diagnostics -explicit-module-build -module-cache-path /Users/xinyufang/Library/Developer/Xcode/DerivedData/Buzz-faillbpsmponqzeruhhvskovixzk/Build/Intermediates.noindex/SwiftExplicitPrecompiledModules -clang-scanner-module-cache-path /Users/xinyufang/Library/Developer/Xcode/DerivedData/ModuleCache.noindex -sdk-module-cache-path /Users/xinyufang/Library/Developer/Xcode/DerivedData/ModuleCache.noindex -serialize-diagnostics -emit-dependencies -emit-module -emit-module-path /Users/xinyufang/Library/Developer/Xcode/DerivedData/Buzz-faillbpsmponqzeruhhvskovixzk/Build/Intermediates.noindex/Supabase.build/Debug-iphonesimulator/PostgREST.build/Objects-normal/arm64/PostgREST.swiftmodule -user-module-version 2.36.0 -validate-clang-modules-once -clang-build-session-file /Users/xinyufang/Library/Developer/Xcode/DerivedData/ModuleCache.noindex/Session.modulevalidation -package-name supabase_swift -Xcc -I/Users/xinyufang/Library/Developer/Xcode/DerivedData/Buzz-faillbpsmponqzeruhhvskovixzk/Build/Intermediates.noindex/Supabase.build/Debug-iphonesimulator/PostgREST.build/swift-overrides.hmap -emit-const-values -Xfrontend -const-gather-protocols-file -Xfrontend /Users/xinyufang/Library/Developer/Xcode/DerivedData/Buzz-faillbpsmponqzeruhhvskovixzk/Build/Intermediates.noindex/Supabase.build/Debug-iphonesimulator/PostgREST.build/Objects-normal/arm64/PostgREST_const_extract_protocols.json -Xcc -I/Users/xinyufang/Library/Developer/Xcode/DerivedData/Buzz-faillbpsmponqzeruhhvskovixzk/Build/Products/Debug-iphonesimulator/include -Xcc -I/Users/xinyufang/Library/Developer/Xcode/DerivedData/Buzz-faillbpsmponqzeruhhvskovixzk/Build/Intermediates.noindex/Supabase.build/Debug-iphonesimulator/PostgREST.build/DerivedSources-normal/arm64 -Xcc -I/Users/xinyufang/Library/Developer/Xcode/DerivedData/Buzz-faillbpsmponqzeruhhvskovixzk/Build/Intermediates.noindex/Supabase.build/Debug-iphonesimulator/PostgREST.build/DerivedSources/arm64 -Xcc -I/Users/xinyufang/Library/Developer/Xcode/DerivedData/Buzz-faillbpsmponqzeruhhvskovixzk/Build/Intermediates.noindex/Supabase.build/Debug-iphonesimulator/PostgREST.build/DerivedSources -Xcc -DSWIFT_PACKAGE -Xcc -DDEBUG\=1 -emit-objc-header -emit-objc-header-path /Users/xinyufang/Library/Developer/Xcode/DerivedData/Buzz-faillbpsmponqzeruhhvskovixzk/Build/Intermediates.noindex/Supabase.build/Debug-iphonesimulator/PostgREST.build/Objects-normal/arm64/PostgREST-Swift.h -working-directory /Users/xinyufang/Documents/Buzz/Buzz.xcodeproj -experimental-emit-module-separately -disable-cmo

CompileC /Users/xinyufang/Library/Developer/Xcode/DerivedData/Buzz-faillbpsmponqzeruhhvskovixzk/Build/Intermediates.noindex/GoogleSignIn.build/Debug-iphonesimulator/GoogleSignIn.build/Objects-normal/arm64/GIDGoogleUser.o /Users/xinyufang/Library/Developer/Xcode/DerivedData/Buzz-faillbpsmponqzeruhhvskovixzk/SourcePackages/checkouts/GoogleSignIn-iOS/GoogleSignIn/Sources/GIDGoogleUser.m normal arm64 objective-c com.apple.compilers.llvm.clang.1_0.compiler (in target 'GoogleSignIn' from project 'GoogleSignIn')
    cd /Users/xinyufang/Documents/Buzz/Buzz.xcodeproj
    
    Using response file: /Users/xinyufang/Library/Developer/Xcode/DerivedData/Buzz-faillbpsmponqzeruhhvskovixzk/Build/Intermediates.noindex/GoogleSignIn.build/Debug-iphonesimulator/GoogleSignIn.build/Objects-normal/arm64/e6072d4f65d7061329687fe24e3d63a7-common-args.resp
    
    /Applications/Xcode.app/Contents/Developer/Toolchains/XcodeDefault.xctoolchain/usr/bin/clang -x objective-c -ivfsstatcache /Users/xinyufang/Library/Developer/Xcode/DerivedData/SDKStatCaches.noindex/iphonesimulator26.0-23A339-26257891a6c027eb51374368541b8346.sdkstatcache -fmessage-length\=0 -fdiagnostics-show-note-include-stack -fmacro-backtrace-limit\=0 -fno-color-diagnostics -fmodules-prune-interval\=86400 -fmodules-prune-after\=345600 -fbuild-session-file\=/Users/xinyufang/Library/Developer/Xcode/DerivedData/ModuleCache.noindex/Session.modulevalidation -fmodules-validate-once-per-build-session -Wnon-modular-include-in-framework-module -Werror\=non-modular-include-in-framework-module -Wno-trigraphs -Wno-missing-field-initializers -Wno-missing-prototypes -Wno-return-type -Wno-implicit-atomic-properties -Wno-objc-interface-ivars -Wno-arc-repeated-use-of-weak -Wno-missing-braces -Wparentheses -Wswitch -Wno-unused-function -Wno-unused-label -Wno-unused-parameter -Wno-unused-variable -Wunused-value -Wno-empty-body -Wno-uninitialized -Wno-unknown-pragmas -w -Wno-shadow -Wno-four-char-constants -Wno-conversion -Wno-constant-conversion -Wno-int-conversion -Wno-bool-conversion -Wno-enum-conversion -Wno-float-conversion -Wno-non-literal-null-conversion -Wno-objc-literal-conversion -Wshorten-64-to-32 -Wpointer-sign -Wno-newline-eof -Wno-selector -Wno-strict-selector-match -Wno-undeclared-selector -Wno-deprecated-implementations -Wno-implicit-fallthrough -fstrict-aliasing -Wprotocol -Wdeprecated-declarations -Wno-sign-conversion -Wno-infinite-recursion -Wno-comma -Wno-block-capture-autoreleasing -Wno-strict-prototypes -Wno-semicolon-before-method-body -index-store-path /Users/xinyufang/Library/Developer/Xcode/DerivedData/Buzz-faillbpsmponqzeruhhvskovixzk/Index.noindex/DataStore @/Users/xinyufang/Library/Developer/Xcode/DerivedData/Buzz-faillbpsmponqzeruhhvskovixzk/Build/Intermediates.noindex/GoogleSignIn.build/Debug-iphonesimulator/GoogleSignIn.build/Objects-normal/arm64/e6072d4f65d7061329687fe24e3d63a7-common-args.resp -include /Users/xinyufang/Library/Developer/Xcode/DerivedData/Buzz-faillbpsmponqzeruhhvskovixzk/Build/Intermediates.noindex/GoogleSignIn.build/Debug-iphonesimulator/GoogleSignIn.build/DerivedSources/resource_bundle_accessor.h -MMD -MT dependencies -MF /Users/xinyufang/Library/Developer/Xcode/DerivedData/Buzz-faillbpsmponqzeruhhvskovixzk/Build/Intermediates.noindex/GoogleSignIn.build/Debug-iphonesimulator/GoogleSignIn.build/Objects-normal/arm64/GIDGoogleUser.d --serialize-diagnostics /Users/xinyufang/Library/Developer/Xcode/DerivedData/Buzz-faillbpsmponqzeruhhvskovixzk/Build/Intermediates.noindex/GoogleSignIn.build/Debug-iphonesimulator/GoogleSignIn.build/Objects-normal/arm64/GIDGoogleUser.dia -c /Users/xinyufang/Library/Developer/Xcode/DerivedData/Buzz-faillbpsmponqzeruhhvskovixzk/SourcePackages/checkouts/GoogleSignIn-iOS/GoogleSignIn/Sources/GIDGoogleUser.m -o /Users/xinyufang/Library/Developer/Xcode/DerivedData/Buzz-faillbpsmponqzeruhhvskovixzk/Build/Intermediates.noindex/GoogleSignIn.build/Debug-iphonesimulator/GoogleSignIn.build/Objects-normal/arm64/GIDGoogleUser.o -index-unit-output-path /GoogleSignIn.build/Debug-iphonesimulator/GoogleSignIn.build/Objects-normal/arm64/GIDGoogleUser.o

SwiftDriver Functions normal arm64 com.apple.xcode.tools.swift.compiler (in target 'Functions' from project 'Supabase')
    cd /Users/xinyufang/Documents/Buzz/Buzz.xcodeproj
    builtin-SwiftDriver -- /Applications/Xcode.app/Contents/Developer/Toolchains/XcodeDefault.xctoolchain/usr/bin/swiftc -module-name Functions -Onone -enforce-exclusivity\=checked @/Users/xinyufang/Library/Developer/Xcode/DerivedData/Buzz-faillbpsmponqzeruhhvskovixzk/Build/Intermediates.noindex/Supabase.build/Debug-iphonesimulator/Functions.build/Objects-normal/arm64/Functions.SwiftFileList -DSWIFT_PACKAGE -DDEBUG -DSWIFT_MODULE_RESOURCE_BUNDLE_UNAVAILABLE -DXcode -enable-upcoming-feature ExistentialAny -enable-experimental-feature StrictConcurrency -plugin-path /Applications/Xcode.app/Contents/Developer/Toolchains/XcodeDefault.xctoolchain/usr/lib/swift/host/plugins/testing -enable-experimental-feature DebugDescriptionMacro -sdk /Applications/Xcode.app/Contents/Developer/Platforms/iPhoneSimulator.platform/Developer/SDKs/iPhoneSimulator26.0.sdk -target arm64-apple-ios13.0-simulator -g -module-cache-path /Users/xinyufang/Library/Developer/Xcode/DerivedData/ModuleCache.noindex -Xfrontend -serialize-debugging-options -enable-testing -suppress-warnings -index-store-path /Users/xinyufang/Library/Developer/Xcode/DerivedData/Buzz-faillbpsmponqzeruhhvskovixzk/Index.noindex/DataStore -Xcc -D_LIBCPP_HARDENING_MODE\=_LIBCPP_HARDENING_MODE_DEBUG -swift-version 5 -I /Users/xinyufang/Library/Developer/Xcode/DerivedData/Buzz-faillbpsmponqzeruhhvskovixzk/Build/Products/Debug-iphonesimulator -Isystem /Applications/Xcode.app/Contents/Developer/Platforms/iPhoneSimulator.platform/Developer/usr/lib -F /Users/xinyufang/Library/Developer/Xcode/DerivedData/Buzz-faillbpsmponqzeruhhvskovixzk/Build/Products/Debug-iphonesimulator/PackageFrameworks -F /Users/xinyufang/Library/Developer/Xcode/DerivedData/Buzz-faillbpsmponqzeruhhvskovixzk/Build/Products/Debug-iphonesimulator/PackageFrameworks -F /Users/xinyufang/Library/Developer/Xcode/DerivedData/Buzz-faillbpsmponqzeruhhvskovixzk/Build/Products/Debug-iphonesimulator/PackageFrameworks -F /Users/xinyufang/Library/Developer/Xcode/DerivedData/Buzz-faillbpsmponqzeruhhvskovixzk/Build/Products/Debug-iphonesimulator/PackageFrameworks -F /Users/xinyufang/Library/Developer/Xcode/DerivedData/Buzz-faillbpsmponqzeruhhvskovixzk/Build/Products/Debug-iphonesimulator/PackageFrameworks -F /Users/xinyufang/Library/Developer/Xcode/DerivedData/Buzz-faillbpsmponqzeruhhvskovixzk/Build/Products/Debug-iphonesimulator/PackageFrameworks -F /Users/xinyufang/Library/Developer/Xcode/DerivedData/Buzz-faillbpsmponqzeruhhvskovixzk/Build/Products/Debug-iphonesimulator/PackageFrameworks -F /Users/xinyufang/Library/Developer/Xcode/DerivedData/Buzz-faillbpsmponqzeruhhvskovixzk/Build/Products/Debug-iphonesimulator -F /Applications/Xcode.app/Contents/Developer/Platforms/iPhoneSimulator.platform/Developer/Library/Frameworks -F /Applications/Xcode.app/Contents/Developer/Platforms/iPhoneSimulator.platform/Developer/SDKs/iPhoneSimulator26.0.sdk/Developer/Library/Frameworks -c -j8 -enable-batch-mode -incremental -Xcc -ivfsstatcache -Xcc /Users/xinyufang/Library/Developer/Xcode/DerivedData/SDKStatCaches.noindex/iphonesimulator26.0-23A339-26257891a6c027eb51374368541b8346.sdkstatcache -output-file-map /Users/xinyufang/Library/Developer/Xcode/DerivedData/Buzz-faillbpsmponqzeruhhvskovixzk/Build/Intermediates.noindex/Supabase.build/Debug-iphonesimulator/Functions.build/Objects-normal/arm64/Functions-OutputFileMap.json -use-frontend-parseable-output -save-temps -no-color-diagnostics -explicit-module-build -module-cache-path /Users/xinyufang/Library/Developer/Xcode/DerivedData/Buzz-faillbpsmponqzeruhhvskovixzk/Build/Intermediates.noindex/SwiftExplicitPrecompiledModules -clang-scanner-module-cache-path /Users/xinyufang/Library/Developer/Xcode/DerivedData/ModuleCache.noindex -sdk-module-cache-path /Users/xinyufang/Library/Developer/Xcode/DerivedData/ModuleCache.noindex -serialize-diagnostics -emit-dependencies -emit-module -emit-module-path /Users/xinyufang/Library/Developer/Xcode/DerivedData/Buzz-faillbpsmponqzeruhhvskovixzk/Build/Intermediates.noindex/Supabase.build/Debug-iphonesimulator/Functions.build/Objects-normal/arm64/Functions.swiftmodule -user-module-version 2.36.0 -validate-clang-modules-once -clang-build-session-file /Users/xinyufang/Library/Developer/Xcode/DerivedData/ModuleCache.noindex/Session.modulevalidation -package-name supabase_swift -Xcc -I/Users/xinyufang/Library/Developer/Xcode/DerivedData/Buzz-faillbpsmponqzeruhhvskovixzk/Build/Intermediates.noindex/Supabase.build/Debug-iphonesimulator/Functions.build/swift-overrides.hmap -emit-const-values -Xfrontend -const-gather-protocols-file -Xfrontend /Users/xinyufang/Library/Developer/Xcode/DerivedData/Buzz-faillbpsmponqzeruhhvskovixzk/Build/Intermediates.noindex/Supabase.build/Debug-iphonesimulator/Functions.build/Objects-normal/arm64/Functions_const_extract_protocols.json -Xcc -I/Users/xinyufang/Library/Developer/Xcode/DerivedData/Buzz-faillbpsmponqzeruhhvskovixzk/Build/Products/Debug-iphonesimulator/include -Xcc -I/Users/xinyufang/Library/Developer/Xcode/DerivedData/Buzz-faillbpsmponqzeruhhvskovixzk/Build/Intermediates.noindex/Supabase.build/Debug-iphonesimulator/Functions.build/DerivedSources-normal/arm64 -Xcc -I/Users/xinyufang/Library/Developer/Xcode/DerivedData/Buzz-faillbpsmponqzeruhhvskovixzk/Build/Intermediates.noindex/Supabase.build/Debug-iphonesimulator/Functions.build/DerivedSources/arm64 -Xcc -I/Users/xinyufang/Library/Developer/Xcode/DerivedData/Buzz-faillbpsmponqzeruhhvskovixzk/Build/Intermediates.noindex/Supabase.build/Debug-iphonesimulator/Functions.build/DerivedSources -Xcc -DSWIFT_PACKAGE -Xcc -DDEBUG\=1 -emit-objc-header -emit-objc-header-path /Users/xinyufang/Library/Developer/Xcode/DerivedData/Buzz-faillbpsmponqzeruhhvskovixzk/Build/Intermediates.noindex/Supabase.build/Debug-iphonesimulator/Functions.build/Objects-normal/arm64/Functions-Swift.h -working-directory /Users/xinyufang/Documents/Buzz/Buzz.xcodeproj -experimental-emit-module-separately -disable-cmo

CompileC /Users/xinyufang/Library/Developer/Xcode/DerivedData/Buzz-faillbpsmponqzeruhhvskovixzk/Build/Intermediates.noindex/GoogleSignIn.build/Debug-iphonesimulator/GoogleSignIn.build/Objects-normal/arm64/GIDEMMSupport.o /Users/xinyufang/Library/Developer/Xcode/DerivedData/Buzz-faillbpsmponqzeruhhvskovixzk/SourcePackages/checkouts/GoogleSignIn-iOS/GoogleSignIn/Sources/GIDEMMSupport.m normal arm64 objective-c com.apple.compilers.llvm.clang.1_0.compiler (in target 'GoogleSignIn' from project 'GoogleSignIn')
    cd /Users/xinyufang/Documents/Buzz/Buzz.xcodeproj
    
    Using response file: /Users/xinyufang/Library/Developer/Xcode/DerivedData/Buzz-faillbpsmponqzeruhhvskovixzk/Build/Intermediates.noindex/GoogleSignIn.build/Debug-iphonesimulator/GoogleSignIn.build/Objects-normal/arm64/e6072d4f65d7061329687fe24e3d63a7-common-args.resp
    
    /Applications/Xcode.app/Contents/Developer/Toolchains/XcodeDefault.xctoolchain/usr/bin/clang -x objective-c -ivfsstatcache /Users/xinyufang/Library/Developer/Xcode/DerivedData/SDKStatCaches.noindex/iphonesimulator26.0-23A339-26257891a6c027eb51374368541b8346.sdkstatcache -fmessage-length\=0 -fdiagnostics-show-note-include-stack -fmacro-backtrace-limit\=0 -fno-color-diagnostics -fmodules-prune-interval\=86400 -fmodules-prune-after\=345600 -fbuild-session-file\=/Users/xinyufang/Library/Developer/Xcode/DerivedData/ModuleCache.noindex/Session.modulevalidation -fmodules-validate-once-per-build-session -Wnon-modular-include-in-framework-module -Werror\=non-modular-include-in-framework-module -Wno-trigraphs -Wno-missing-field-initializers -Wno-missing-prototypes -Wno-return-type -Wno-implicit-atomic-properties -Wno-objc-interface-ivars -Wno-arc-repeated-use-of-weak -Wno-missing-braces -Wparentheses -Wswitch -Wno-unused-function -Wno-unused-label -Wno-unused-parameter -Wno-unused-variable -Wunused-value -Wno-empty-body -Wno-uninitialized -Wno-unknown-pragmas -w -Wno-shadow -Wno-four-char-constants -Wno-conversion -Wno-constant-conversion -Wno-int-conversion -Wno-bool-conversion -Wno-enum-conversion -Wno-float-conversion -Wno-non-literal-null-conversion -Wno-objc-literal-conversion -Wshorten-64-to-32 -Wpointer-sign -Wno-newline-eof -Wno-selector -Wno-strict-selector-match -Wno-undeclared-selector -Wno-deprecated-implementations -Wno-implicit-fallthrough -fstrict-aliasing -Wprotocol -Wdeprecated-declarations -Wno-sign-conversion -Wno-infinite-recursion -Wno-comma -Wno-block-capture-autoreleasing -Wno-strict-prototypes -Wno-semicolon-before-method-body -index-store-path /Users/xinyufang/Library/Developer/Xcode/DerivedData/Buzz-faillbpsmponqzeruhhvskovixzk/Index.noindex/DataStore @/Users/xinyufang/Library/Developer/Xcode/DerivedData/Buzz-faillbpsmponqzeruhhvskovixzk/Build/Intermediates.noindex/GoogleSignIn.build/Debug-iphonesimulator/GoogleSignIn.build/Objects-normal/arm64/e6072d4f65d7061329687fe24e3d63a7-common-args.resp -include /Users/xinyufang/Library/Developer/Xcode/DerivedData/Buzz-faillbpsmponqzeruhhvskovixzk/Build/Intermediates.noindex/GoogleSignIn.build/Debug-iphonesimulator/GoogleSignIn.build/DerivedSources/resource_bundle_accessor.h -MMD -MT dependencies -MF /Users/xinyufang/Library/Developer/Xcode/DerivedData/Buzz-faillbpsmponqzeruhhvskovixzk/Build/Intermediates.noindex/GoogleSignIn.build/Debug-iphonesimulator/GoogleSignIn.build/Objects-normal/arm64/GIDEMMSupport.d --serialize-diagnostics /Users/xinyufang/Library/Developer/Xcode/DerivedData/Buzz-faillbpsmponqzeruhhvskovixzk/Build/Intermediates.noindex/GoogleSignIn.build/Debug-iphonesimulator/GoogleSignIn.build/Objects-normal/arm64/GIDEMMSupport.dia -c /Users/xinyufang/Library/Developer/Xcode/DerivedData/Buzz-faillbpsmponqzeruhhvskovixzk/SourcePackages/checkouts/GoogleSignIn-iOS/GoogleSignIn/Sources/GIDEMMSupport.m -o /Users/xinyufang/Library/Developer/Xcode/DerivedData/Buzz-faillbpsmponqzeruhhvskovixzk/Build/Intermediates.noindex/GoogleSignIn.build/Debug-iphonesimulator/GoogleSignIn.build/Objects-normal/arm64/GIDEMMSupport.o -index-unit-output-path /GoogleSignIn.build/Debug-iphonesimulator/GoogleSignIn.build/Objects-normal/arm64/GIDEMMSupport.o

CompileC /Users/xinyufang/Library/Developer/Xcode/DerivedData/Buzz-faillbpsmponqzeruhhvskovixzk/Build/Intermediates.noindex/GoogleSignIn.build/Debug-iphonesimulator/GoogleSignIn.build/Objects-normal/arm64/GIDAuthStateMigration.o /Users/xinyufang/Library/Developer/Xcode/DerivedData/Buzz-faillbpsmponqzeruhhvskovixzk/SourcePackages/checkouts/GoogleSignIn-iOS/GoogleSignIn/Sources/GIDAuthStateMigration/Implementation/GIDAuthStateMigration.m normal arm64 objective-c com.apple.compilers.llvm.clang.1_0.compiler (in target 'GoogleSignIn' from project 'GoogleSignIn')
    cd /Users/xinyufang/Documents/Buzz/Buzz.xcodeproj
    
    Using response file: /Users/xinyufang/Library/Developer/Xcode/DerivedData/Buzz-faillbpsmponqzeruhhvskovixzk/Build/Intermediates.noindex/GoogleSignIn.build/Debug-iphonesimulator/GoogleSignIn.build/Objects-normal/arm64/e6072d4f65d7061329687fe24e3d63a7-common-args.resp
    
    /Applications/Xcode.app/Contents/Developer/Toolchains/XcodeDefault.xctoolchain/usr/bin/clang -x objective-c -ivfsstatcache /Users/xinyufang/Library/Developer/Xcode/DerivedData/SDKStatCaches.noindex/iphonesimulator26.0-23A339-26257891a6c027eb51374368541b8346.sdkstatcache -fmessage-length\=0 -fdiagnostics-show-note-include-stack -fmacro-backtrace-limit\=0 -fno-color-diagnostics -fmodules-prune-interval\=86400 -fmodules-prune-after\=345600 -fbuild-session-file\=/Users/xinyufang/Library/Developer/Xcode/DerivedData/ModuleCache.noindex/Session.modulevalidation -fmodules-validate-once-per-build-session -Wnon-modular-include-in-framework-module -Werror\=non-modular-include-in-framework-module -Wno-trigraphs -Wno-missing-field-initializers -Wno-missing-prototypes -Wno-return-type -Wno-implicit-atomic-properties -Wno-objc-interface-ivars -Wno-arc-repeated-use-of-weak -Wno-missing-braces -Wparentheses -Wswitch -Wno-unused-function -Wno-unused-label -Wno-unused-parameter -Wno-unused-variable -Wunused-value -Wno-empty-body -Wno-uninitialized -Wno-unknown-pragmas -w -Wno-shadow -Wno-four-char-constants -Wno-conversion -Wno-constant-conversion -Wno-int-conversion -Wno-bool-conversion -Wno-enum-conversion -Wno-float-conversion -Wno-non-literal-null-conversion -Wno-objc-literal-conversion -Wshorten-64-to-32 -Wpointer-sign -Wno-newline-eof -Wno-selector -Wno-strict-selector-match -Wno-undeclared-selector -Wno-deprecated-implementations -Wno-implicit-fallthrough -fstrict-aliasing -Wprotocol -Wdeprecated-declarations -Wno-sign-conversion -Wno-infinite-recursion -Wno-comma -Wno-block-capture-autoreleasing -Wno-strict-prototypes -Wno-semicolon-before-method-body -index-store-path /Users/xinyufang/Library/Developer/Xcode/DerivedData/Buzz-faillbpsmponqzeruhhvskovixzk/Index.noindex/DataStore @/Users/xinyufang/Library/Developer/Xcode/DerivedData/Buzz-faillbpsmponqzeruhhvskovixzk/Build/Intermediates.noindex/GoogleSignIn.build/Debug-iphonesimulator/GoogleSignIn.build/Objects-normal/arm64/e6072d4f65d7061329687fe24e3d63a7-common-args.resp -include /Users/xinyufang/Library/Developer/Xcode/DerivedData/Buzz-faillbpsmponqzeruhhvskovixzk/Build/Intermediates.noindex/GoogleSignIn.build/Debug-iphonesimulator/GoogleSignIn.build/DerivedSources/resource_bundle_accessor.h -MMD -MT dependencies -MF /Users/xinyufang/Library/Developer/Xcode/DerivedData/Buzz-faillbpsmponqzeruhhvskovixzk/Build/Intermediates.noindex/GoogleSignIn.build/Debug-iphonesimulator/GoogleSignIn.build/Objects-normal/arm64/GIDAuthStateMigration.d --serialize-diagnostics /Users/xinyufang/Library/Developer/Xcode/DerivedData/Buzz-faillbpsmponqzeruhhvskovixzk/Build/Intermediates.noindex/GoogleSignIn.build/Debug-iphonesimulator/GoogleSignIn.build/Objects-normal/arm64/GIDAuthStateMigration.dia -c /Users/xinyufang/Library/Developer/Xcode/DerivedData/Buzz-faillbpsmponqzeruhhvskovixzk/SourcePackages/checkouts/GoogleSignIn-iOS/GoogleSignIn/Sources/GIDAuthStateMigration/Implementation/GIDAuthStateMigration.m -o /Users/xinyufang/Library/Developer/Xcode/DerivedData/Buzz-faillbpsmponqzeruhhvskovixzk/Build/Intermediates.noindex/GoogleSignIn.build/Debug-iphonesimulator/GoogleSignIn.build/Objects-normal/arm64/GIDAuthStateMigration.o -index-unit-output-path /GoogleSignIn.build/Debug-iphonesimulator/GoogleSignIn.build/Objects-normal/arm64/GIDAuthStateMigration.o

SwiftDriverJobDiscovery normal arm64 Compiling OSLogSupabaseLogger.swift, SupabaseLogger.swift, HTTPError.swift (in target 'Helpers' from project 'Supabase')

SwiftDriverJobDiscovery normal arm64 Compiling Base64URL.swift, Codable.swift, DateFormatter.swift (in target 'Helpers' from project 'Supabase')

SwiftDriverJobDiscovery normal arm64 Compiling LoggerInterceptor.swift, RetryRequestInterceptor.swift, JWT.swift (in target 'Helpers' from project 'Supabase')

SwiftDriver\ Compilation Helpers normal arm64 com.apple.xcode.tools.swift.compiler (in target 'Helpers' from project 'Supabase')
    cd /Users/xinyufang/Documents/Buzz/Buzz.xcodeproj
    builtin-Swift-Compilation -- /Applications/Xcode.app/Contents/Developer/Toolchains/XcodeDefault.xctoolchain/usr/bin/swiftc -module-name Helpers -Onone -enforce-exclusivity\=checked @/Users/xinyufang/Library/Developer/Xcode/DerivedData/Buzz-faillbpsmponqzeruhhvskovixzk/Build/Intermediates.noindex/Supabase.build/Debug-iphonesimulator/Helpers.build/Objects-normal/arm64/Helpers.SwiftFileList -DSWIFT_PACKAGE -DDEBUG -DSWIFT_MODULE_RESOURCE_BUNDLE_UNAVAILABLE -DXcode -enable-upcoming-feature ExistentialAny -enable-experimental-feature StrictConcurrency -plugin-path /Applications/Xcode.app/Contents/Developer/Toolchains/XcodeDefault.xctoolchain/usr/lib/swift/host/plugins/testing -enable-experimental-feature DebugDescriptionMacro -sdk /Applications/Xcode.app/Contents/Developer/Platforms/iPhoneSimulator.platform/Developer/SDKs/iPhoneSimulator26.0.sdk -target arm64-apple-ios13.0-simulator -g -module-cache-path /Users/xinyufang/Library/Developer/Xcode/DerivedData/ModuleCache.noindex -Xfrontend -serialize-debugging-options -enable-testing -suppress-warnings -index-store-path /Users/xinyufang/Library/Developer/Xcode/DerivedData/Buzz-faillbpsmponqzeruhhvskovixzk/Index.noindex/DataStore -Xcc -D_LIBCPP_HARDENING_MODE\=_LIBCPP_HARDENING_MODE_DEBUG -swift-version 5 -I /Users/xinyufang/Library/Developer/Xcode/DerivedData/Buzz-faillbpsmponqzeruhhvskovixzk/Build/Products/Debug-iphonesimulator -Isystem /Applications/Xcode.app/Contents/Developer/Platforms/iPhoneSimulator.platform/Developer/usr/lib -F /Users/xinyufang/Library/Developer/Xcode/DerivedData/Buzz-faillbpsmponqzeruhhvskovixzk/Build/Products/Debug-iphonesimulator/PackageFrameworks -F /Users/xinyufang/Library/Developer/Xcode/DerivedData/Buzz-faillbpsmponqzeruhhvskovixzk/Build/Products/Debug-iphonesimulator/PackageFrameworks -F /Users/xinyufang/Library/Developer/Xcode/DerivedData/Buzz-faillbpsmponqzeruhhvskovixzk/Build/Products/Debug-iphonesimulator/PackageFrameworks -F /Users/xinyufang/Library/Developer/Xcode/DerivedData/Buzz-faillbpsmponqzeruhhvskovixzk/Build/Products/Debug-iphonesimulator/PackageFrameworks -F /Users/xinyufang/Library/Developer/Xcode/DerivedData/Buzz-faillbpsmponqzeruhhvskovixzk/Build/Products/Debug-iphonesimulator/PackageFrameworks -F /Users/xinyufang/Library/Developer/Xcode/DerivedData/Buzz-faillbpsmponqzeruhhvskovixzk/Build/Products/Debug-iphonesimulator/PackageFrameworks -F /Users/xinyufang/Library/Developer/Xcode/DerivedData/Buzz-faillbpsmponqzeruhhvskovixzk/Build/Products/Debug-iphonesimulator -F /Applications/Xcode.app/Contents/Developer/Platforms/iPhoneSimulator.platform/Developer/Library/Frameworks -F /Applications/Xcode.app/Contents/Developer/Platforms/iPhoneSimulator.platform/Developer/SDKs/iPhoneSimulator26.0.sdk/Developer/Library/Frameworks -c -j8 -enable-batch-mode -incremental -Xcc -ivfsstatcache -Xcc /Users/xinyufang/Library/Developer/Xcode/DerivedData/SDKStatCaches.noindex/iphonesimulator26.0-23A339-26257891a6c027eb51374368541b8346.sdkstatcache -output-file-map /Users/xinyufang/Library/Developer/Xcode/DerivedData/Buzz-faillbpsmponqzeruhhvskovixzk/Build/Intermediates.noindex/Supabase.build/Debug-iphonesimulator/Helpers.build/Objects-normal/arm64/Helpers-OutputFileMap.json -use-frontend-parseable-output -save-temps -no-color-diagnostics -explicit-module-build -module-cache-path /Users/xinyufang/Library/Developer/Xcode/DerivedData/Buzz-faillbpsmponqzeruhhvskovixzk/Build/Intermediates.noindex/SwiftExplicitPrecompiledModules -clang-scanner-module-cache-path /Users/xinyufang/Library/Developer/Xcode/DerivedData/ModuleCache.noindex -sdk-module-cache-path /Users/xinyufang/Library/Developer/Xcode/DerivedData/ModuleCache.noindex -serialize-diagnostics -emit-dependencies -emit-module -emit-module-path /Users/xinyufang/Library/Developer/Xcode/DerivedData/Buzz-faillbpsmponqzeruhhvskovixzk/Build/Intermediates.noindex/Supabase.build/Debug-iphonesimulator/Helpers.build/Objects-normal/arm64/Helpers.swiftmodule -user-module-version 2.36.0 -validate-clang-modules-once -clang-build-session-file /Users/xinyufang/Library/Developer/Xcode/DerivedData/ModuleCache.noindex/Session.modulevalidation -package-name supabase_swift -Xcc -I/Users/xinyufang/Library/Developer/Xcode/DerivedData/Buzz-faillbpsmponqzeruhhvskovixzk/Build/Intermediates.noindex/Supabase.build/Debug-iphonesimulator/Helpers.build/swift-overrides.hmap -emit-const-values -Xfrontend -const-gather-protocols-file -Xfrontend /Users/xinyufang/Library/Developer/Xcode/DerivedData/Buzz-faillbpsmponqzeruhhvskovixzk/Build/Intermediates.noindex/Supabase.build/Debug-iphonesimulator/Helpers.build/Objects-normal/arm64/Helpers_const_extract_protocols.json -Xcc -I/Users/xinyufang/Library/Developer/Xcode/DerivedData/Buzz-faillbpsmponqzeruhhvskovixzk/Build/Products/Debug-iphonesimulator/include -Xcc -I/Users/xinyufang/Library/Developer/Xcode/DerivedData/Buzz-faillbpsmponqzeruhhvskovixzk/Build/Intermediates.noindex/Supabase.build/Debug-iphonesimulator/Helpers.build/DerivedSources-normal/arm64 -Xcc -I/Users/xinyufang/Library/Developer/Xcode/DerivedData/Buzz-faillbpsmponqzeruhhvskovixzk/Build/Intermediates.noindex/Supabase.build/Debug-iphonesimulator/Helpers.build/DerivedSources/arm64 -Xcc -I/Users/xinyufang/Library/Developer/Xcode/DerivedData/Buzz-faillbpsmponqzeruhhvskovixzk/Build/Intermediates.noindex/Supabase.build/Debug-iphonesimulator/Helpers.build/DerivedSources -Xcc -DSWIFT_PACKAGE -Xcc -DDEBUG\=1 -emit-objc-header -emit-objc-header-path /Users/xinyufang/Library/Developer/Xcode/DerivedData/Buzz-faillbpsmponqzeruhhvskovixzk/Build/Intermediates.noindex/Supabase.build/Debug-iphonesimulator/Helpers.build/Objects-normal/arm64/Helpers-Swift.h -working-directory /Users/xinyufang/Documents/Buzz/Buzz.xcodeproj -experimental-emit-module-separately -disable-cmo

SwiftEmitModule normal arm64 Emitting\ module\ for\ Functions (in target 'Functions' from project 'Supabase')

EmitSwiftModule normal arm64 (in target 'Functions' from project 'Supabase')
    cd /Users/xinyufang/Documents/Buzz/Buzz.xcodeproj
    

SwiftEmitModule normal arm64 Emitting\ module\ for\ Realtime (in target 'Realtime' from project 'Supabase')
EmitSwiftModule normal arm64 (in target 'Realtime' from project 'Supabase')
    cd /Users/xinyufang/Documents/Buzz/Buzz.xcodeproj
    

SwiftEmitModule normal arm64 Emitting\ module\ for\ Storage (in target 'Storage' from project 'Supabase')

EmitSwiftModule normal arm64 (in target 'Storage' from project 'Supabase')
    cd /Users/xinyufang/Documents/Buzz/Buzz.xcodeproj
    

SwiftEmitModule normal arm64 Emitting\ module\ for\ PostgREST (in target 'PostgREST' from project 'Supabase')

EmitSwiftModule normal arm64 (in target 'PostgREST' from project 'Supabase')
    cd /Users/xinyufang/Documents/Buzz/Buzz.xcodeproj
    

SwiftCompile normal arm64 Compiling\ Helpers.swift,\ MultipartFormData.swift /Users/xinyufang/Library/Developer/Xcode/DerivedData/Buzz-faillbpsmponqzeruhhvskovixzk/SourcePackages/checkouts/supabase-swift/Sources/Storage/Helpers.swift /Users/xinyufang/Library/Developer/Xcode/DerivedData/Buzz-faillbpsmponqzeruhhvskovixzk/SourcePackages/checkouts/supabase-swift/Sources/Storage/MultipartFormData.swift (in target 'Storage' from project 'Supabase')
SwiftCompile normal arm64 /Users/xinyufang/Library/Developer/Xcode/DerivedData/Buzz-faillbpsmponqzeruhhvskovixzk/SourcePackages/checkouts/supabase-swift/Sources/Storage/Helpers.swift (in target 'Storage' from project 'Supabase')
    cd /Users/xinyufang/Documents/Buzz/Buzz.xcodeproj
    

SwiftCompile normal arm64 /Users/xinyufang/Library/Developer/Xcode/DerivedData/Buzz-faillbpsmponqzeruhhvskovixzk/SourcePackages/checkouts/supabase-swift/Sources/Storage/MultipartFormData.swift (in target 'Storage' from project 'Supabase')
    cd /Users/xinyufang/Documents/Buzz/Buzz.xcodeproj
    

SwiftCompile normal arm64 Compiling\ StorageHTTPClient.swift,\ SupabaseStorage.swift /Users/xinyufang/Library/Developer/Xcode/DerivedData/Buzz-faillbpsmponqzeruhhvskovixzk/SourcePackages/checkouts/supabase-swift/Sources/Storage/StorageHTTPClient.swift /Users/xinyufang/Library/Developer/Xcode/DerivedData/Buzz-faillbpsmponqzeruhhvskovixzk/SourcePackages/checkouts/supabase-swift/Sources/Storage/SupabaseStorage.swift (in target 'Storage' from project 'Supabase')

SwiftCompile normal arm64 /Users/xinyufang/Library/Developer/Xcode/DerivedData/Buzz-faillbpsmponqzeruhhvskovixzk/SourcePackages/checkouts/supabase-swift/Sources/Storage/StorageHTTPClient.swift (in target 'Storage' from project 'Supabase')
    cd /Users/xinyufang/Documents/Buzz/Buzz.xcodeproj
    

SwiftCompile normal arm64 /Users/xinyufang/Library/Developer/Xcode/DerivedData/Buzz-faillbpsmponqzeruhhvskovixzk/SourcePackages/checkouts/supabase-swift/Sources/Storage/SupabaseStorage.swift (in target 'Storage' from project 'Supabase')
    cd /Users/xinyufang/Documents/Buzz/Buzz.xcodeproj
    

SwiftCompile normal arm64 Compiling\ StorageApi.swift,\ StorageBucketApi.swift /Users/xinyufang/Library/Developer/Xcode/DerivedData/Buzz-faillbpsmponqzeruhhvskovixzk/SourcePackages/checkouts/supabase-swift/Sources/Storage/StorageApi.swift /Users/xinyufang/Library/Developer/Xcode/DerivedData/Buzz-faillbpsmponqzeruhhvskovixzk/SourcePackages/checkouts/supabase-swift/Sources/Storage/StorageBucketApi.swift (in target 'Storage' from project 'Supabase')

SwiftCompile normal arm64 /Users/xinyufang/Library/Developer/Xcode/DerivedData/Buzz-faillbpsmponqzeruhhvskovixzk/SourcePackages/checkouts/supabase-swift/Sources/Storage/StorageApi.swift (in target 'Storage' from project 'Supabase')
    cd /Users/xinyufang/Documents/Buzz/Buzz.xcodeproj
    

SwiftCompile normal arm64 /Users/xinyufang/Library/Developer/Xcode/DerivedData/Buzz-faillbpsmponqzeruhhvskovixzk/SourcePackages/checkouts/supabase-swift/Sources/Storage/StorageBucketApi.swift (in target 'Storage' from project 'Supabase')
    cd /Users/xinyufang/Documents/Buzz/Buzz.xcodeproj
    

SwiftCompile normal arm64 Compiling\ TransformOptions.swift /Users/xinyufang/Library/Developer/Xcode/DerivedData/Buzz-faillbpsmponqzeruhhvskovixzk/SourcePackages/checkouts/supabase-swift/Sources/Storage/TransformOptions.swift (in target 'Storage' from project 'Supabase')

SwiftCompile normal arm64 /Users/xinyufang/Library/Developer/Xcode/DerivedData/Buzz-faillbpsmponqzeruhhvskovixzk/SourcePackages/checkouts/supabase-swift/Sources/Storage/TransformOptions.swift (in target 'Storage' from project 'Supabase')
    cd /Users/xinyufang/Documents/Buzz/Buzz.xcodeproj
    

SwiftDriver Auth normal arm64 com.apple.xcode.tools.swift.compiler (in target 'Auth' from project 'Supabase')
    cd /Users/xinyufang/Documents/Buzz/Buzz.xcodeproj
    builtin-SwiftDriver -- /Applications/Xcode.app/Contents/Developer/Toolchains/XcodeDefault.xctoolchain/usr/bin/swiftc -module-name Auth -Onone -enforce-exclusivity\=checked @/Users/xinyufang/Library/Developer/Xcode/DerivedData/Buzz-faillbpsmponqzeruhhvskovixzk/Build/Intermediates.noindex/Supabase.build/Debug-iphonesimulator/Auth.build/Objects-normal/arm64/Auth.SwiftFileList -DSWIFT_PACKAGE -DDEBUG -DSWIFT_MODULE_RESOURCE_BUNDLE_UNAVAILABLE -DXcode -enable-upcoming-feature ExistentialAny -enable-experimental-feature StrictConcurrency -plugin-path /Applications/Xcode.app/Contents/Developer/Toolchains/XcodeDefault.xctoolchain/usr/lib/swift/host/plugins/testing -enable-experimental-feature DebugDescriptionMacro -sdk /Applications/Xcode.app/Contents/Developer/Platforms/iPhoneSimulator.platform/Developer/SDKs/iPhoneSimulator26.0.sdk -target arm64-apple-ios13.0-simulator -g -module-cache-path /Users/xinyufang/Library/Developer/Xcode/DerivedData/ModuleCache.noindex -Xfrontend -serialize-debugging-options -enable-testing -suppress-warnings -index-store-path /Users/xinyufang/Library/Developer/Xcode/DerivedData/Buzz-faillbpsmponqzeruhhvskovixzk/Index.noindex/DataStore -Xcc -D_LIBCPP_HARDENING_MODE\=_LIBCPP_HARDENING_MODE_DEBUG -swift-version 5 -I /Users/xinyufang/Library/Developer/Xcode/DerivedData/Buzz-faillbpsmponqzeruhhvskovixzk/Build/Products/Debug-iphonesimulator -Isystem /Applications/Xcode.app/Contents/Developer/Platforms/iPhoneSimulator.platform/Developer/usr/lib -F /Users/xinyufang/Library/Developer/Xcode/DerivedData/Buzz-faillbpsmponqzeruhhvskovixzk/Build/Products/Debug-iphonesimulator/PackageFrameworks -F /Users/xinyufang/Library/Developer/Xcode/DerivedData/Buzz-faillbpsmponqzeruhhvskovixzk/Build/Products/Debug-iphonesimulator/PackageFrameworks -F /Users/xinyufang/Library/Developer/Xcode/DerivedData/Buzz-faillbpsmponqzeruhhvskovixzk/Build/Products/Debug-iphonesimulator/PackageFrameworks -F /Users/xinyufang/Library/Developer/Xcode/DerivedData/Buzz-faillbpsmponqzeruhhvskovixzk/Build/Products/Debug-iphonesimulator/PackageFrameworks -F /Users/xinyufang/Library/Developer/Xcode/DerivedData/Buzz-faillbpsmponqzeruhhvskovixzk/Build/Products/Debug-iphonesimulator/PackageFrameworks -F /Users/xinyufang/Library/Developer/Xcode/DerivedData/Buzz-faillbpsmponqzeruhhvskovixzk/Build/Products/Debug-iphonesimulator/PackageFrameworks -F /Users/xinyufang/Library/Developer/Xcode/DerivedData/Buzz-faillbpsmponqzeruhhvskovixzk/Build/Products/Debug-iphonesimulator/PackageFrameworks -F /Users/xinyufang/Library/Developer/Xcode/DerivedData/Buzz-faillbpsmponqzeruhhvskovixzk/Build/Products/Debug-iphonesimulator/PackageFrameworks -F /Users/xinyufang/Library/Developer/Xcode/DerivedData/Buzz-faillbpsmponqzeruhhvskovixzk/Build/Products/Debug-iphonesimulator -F /Applications/Xcode.app/Contents/Developer/Platforms/iPhoneSimulator.platform/Developer/Library/Frameworks -F /Applications/Xcode.app/Contents/Developer/Platforms/iPhoneSimulator.platform/Developer/SDKs/iPhoneSimulator26.0.sdk/Developer/Library/Frameworks -c -j8 -enable-batch-mode -incremental -Xcc -ivfsstatcache -Xcc /Users/xinyufang/Library/Developer/Xcode/DerivedData/SDKStatCaches.noindex/iphonesimulator26.0-23A339-26257891a6c027eb51374368541b8346.sdkstatcache -output-file-map /Users/xinyufang/Library/Developer/Xcode/DerivedData/Buzz-faillbpsmponqzeruhhvskovixzk/Build/Intermediates.noindex/Supabase.build/Debug-iphonesimulator/Auth.build/Objects-normal/arm64/Auth-OutputFileMap.json -use-frontend-parseable-output -save-temps -no-color-diagnostics -explicit-module-build -module-cache-path /Users/xinyufang/Library/Developer/Xcode/DerivedData/Buzz-faillbpsmponqzeruhhvskovixzk/Build/Intermediates.noindex/SwiftExplicitPrecompiledModules -clang-scanner-module-cache-path /Users/xinyufang/Library/Developer/Xcode/DerivedData/ModuleCache.noindex -sdk-module-cache-path /Users/xinyufang/Library/Developer/Xcode/DerivedData/ModuleCache.noindex -serialize-diagnostics -emit-dependencies -emit-module -emit-module-path /Users/xinyufang/Library/Developer/Xcode/DerivedData/Buzz-faillbpsmponqzeruhhvskovixzk/Build/Intermediates.noindex/Supabase.build/Debug-iphonesimulator/Auth.build/Objects-normal/arm64/Auth.swiftmodule -user-module-version 2.36.0 -validate-clang-modules-once -clang-build-session-file /Users/xinyufang/Library/Developer/Xcode/DerivedData/ModuleCache.noindex/Session.modulevalidation -package-name supabase_swift -Xcc -I/Users/xinyufang/Library/Developer/Xcode/DerivedData/Buzz-faillbpsmponqzeruhhvskovixzk/Build/Intermediates.noindex/Supabase.build/Debug-iphonesimulator/Auth.build/swift-overrides.hmap -emit-const-values -Xfrontend -const-gather-protocols-file -Xfrontend /Users/xinyufang/Library/Developer/Xcode/DerivedData/Buzz-faillbpsmponqzeruhhvskovixzk/Build/Intermediates.noindex/Supabase.build/Debug-iphonesimulator/Auth.build/Objects-normal/arm64/Auth_const_extract_protocols.json -Xcc -I/Users/xinyufang/Library/Developer/Xcode/DerivedData/Buzz-faillbpsmponqzeruhhvskovixzk/Build/Products/Debug-iphonesimulator/include -Xcc -I/Users/xinyufang/Library/Developer/Xcode/DerivedData/Buzz-faillbpsmponqzeruhhvskovixzk/Build/Intermediates.noindex/Supabase.build/Debug-iphonesimulator/Auth.build/DerivedSources-normal/arm64 -Xcc -I/Users/xinyufang/Library/Developer/Xcode/DerivedData/Buzz-faillbpsmponqzeruhhvskovixzk/Build/Intermediates.noindex/Supabase.build/Debug-iphonesimulator/Auth.build/DerivedSources/arm64 -Xcc -I/Users/xinyufang/Library/Developer/Xcode/DerivedData/Buzz-faillbpsmponqzeruhhvskovixzk/Build/Intermediates.noindex/Supabase.build/Debug-iphonesimulator/Auth.build/DerivedSources -Xcc -DSWIFT_PACKAGE -Xcc -DDEBUG\=1 -emit-objc-header -emit-objc-header-path /Users/xinyufang/Library/Developer/Xcode/DerivedData/Buzz-faillbpsmponqzeruhhvskovixzk/Build/Intermediates.noindex/Supabase.build/Debug-iphonesimulator/Auth.build/Objects-normal/arm64/Auth-Swift.h -working-directory /Users/xinyufang/Documents/Buzz/Buzz.xcodeproj -experimental-emit-module-separately -disable-cmo

SwiftDriverJobDiscovery normal arm64 Emitting module for Functions (in target 'Functions' from project 'Supabase')

SwiftDriver\ Compilation\ Requirements Functions normal arm64 com.apple.xcode.tools.swift.compiler (in target 'Functions' from project 'Supabase')
    cd /Users/xinyufang/Documents/Buzz/Buzz.xcodeproj
    builtin-Swift-Compilation-Requirements -- /Applications/Xcode.app/Contents/Developer/Toolchains/XcodeDefault.xctoolchain/usr/bin/swiftc -module-name Functions -Onone -enforce-exclusivity\=checked @/Users/xinyufang/Library/Developer/Xcode/DerivedData/Buzz-faillbpsmponqzeruhhvskovixzk/Build/Intermediates.noindex/Supabase.build/Debug-iphonesimulator/Functions.build/Objects-normal/arm64/Functions.SwiftFileList -DSWIFT_PACKAGE -DDEBUG -DSWIFT_MODULE_RESOURCE_BUNDLE_UNAVAILABLE -DXcode -enable-upcoming-feature ExistentialAny -enable-experimental-feature StrictConcurrency -plugin-path /Applications/Xcode.app/Contents/Developer/Toolchains/XcodeDefault.xctoolchain/usr/lib/swift/host/plugins/testing -enable-experimental-feature DebugDescriptionMacro -sdk /Applications/Xcode.app/Contents/Developer/Platforms/iPhoneSimulator.platform/Developer/SDKs/iPhoneSimulator26.0.sdk -target arm64-apple-ios13.0-simulator -g -module-cache-path /Users/xinyufang/Library/Developer/Xcode/DerivedData/ModuleCache.noindex -Xfrontend -serialize-debugging-options -enable-testing -suppress-warnings -index-store-path /Users/xinyufang/Library/Developer/Xcode/DerivedData/Buzz-faillbpsmponqzeruhhvskovixzk/Index.noindex/DataStore -Xcc -D_LIBCPP_HARDENING_MODE\=_LIBCPP_HARDENING_MODE_DEBUG -swift-version 5 -I /Users/xinyufang/Library/Developer/Xcode/DerivedData/Buzz-faillbpsmponqzeruhhvskovixzk/Build/Products/Debug-iphonesimulator -Isystem /Applications/Xcode.app/Contents/Developer/Platforms/iPhoneSimulator.platform/Developer/usr/lib -F /Users/xinyufang/Library/Developer/Xcode/DerivedData/Buzz-faillbpsmponqzeruhhvskovixzk/Build/Products/Debug-iphonesimulator/PackageFrameworks -F /Users/xinyufang/Library/Developer/Xcode/DerivedData/Buzz-faillbpsmponqzeruhhvskovixzk/Build/Products/Debug-iphonesimulator/PackageFrameworks -F /Users/xinyufang/Library/Developer/Xcode/DerivedData/Buzz-faillbpsmponqzeruhhvskovixzk/Build/Products/Debug-iphonesimulator/PackageFrameworks -F /Users/xinyufang/Library/Developer/Xcode/DerivedData/Buzz-faillbpsmponqzeruhhvskovixzk/Build/Products/Debug-iphonesimulator/PackageFrameworks -F /Users/xinyufang/Library/Developer/Xcode/DerivedData/Buzz-faillbpsmponqzeruhhvskovixzk/Build/Products/Debug-iphonesimulator/PackageFrameworks -F /Users/xinyufang/Library/Developer/Xcode/DerivedData/Buzz-faillbpsmponqzeruhhvskovixzk/Build/Products/Debug-iphonesimulator/PackageFrameworks -F /Users/xinyufang/Library/Developer/Xcode/DerivedData/Buzz-faillbpsmponqzeruhhvskovixzk/Build/Products/Debug-iphonesimulator/PackageFrameworks -F /Users/xinyufang/Library/Developer/Xcode/DerivedData/Buzz-faillbpsmponqzeruhhvskovixzk/Build/Products/Debug-iphonesimulator -F /Applications/Xcode.app/Contents/Developer/Platforms/iPhoneSimulator.platform/Developer/Library/Frameworks -F /Applications/Xcode.app/Contents/Developer/Platforms/iPhoneSimulator.platform/Developer/SDKs/iPhoneSimulator26.0.sdk/Developer/Library/Frameworks -c -j8 -enable-batch-mode -incremental -Xcc -ivfsstatcache -Xcc /Users/xinyufang/Library/Developer/Xcode/DerivedData/SDKStatCaches.noindex/iphonesimulator26.0-23A339-26257891a6c027eb51374368541b8346.sdkstatcache -output-file-map /Users/xinyufang/Library/Developer/Xcode/DerivedData/Buzz-faillbpsmponqzeruhhvskovixzk/Build/Intermediates.noindex/Supabase.build/Debug-iphonesimulator/Functions.build/Objects-normal/arm64/Functions-OutputFileMap.json -use-frontend-parseable-output -save-temps -no-color-diagnostics -explicit-module-build -module-cache-path /Users/xinyufang/Library/Developer/Xcode/DerivedData/Buzz-faillbpsmponqzeruhhvskovixzk/Build/Intermediates.noindex/SwiftExplicitPrecompiledModules -clang-scanner-module-cache-path /Users/xinyufang/Library/Developer/Xcode/DerivedData/ModuleCache.noindex -sdk-module-cache-path /Users/xinyufang/Library/Developer/Xcode/DerivedData/ModuleCache.noindex -serialize-diagnostics -emit-dependencies -emit-module -emit-module-path /Users/xinyufang/Library/Developer/Xcode/DerivedData/Buzz-faillbpsmponqzeruhhvskovixzk/Build/Intermediates.noindex/Supabase.build/Debug-iphonesimulator/Functions.build/Objects-normal/arm64/Functions.swiftmodule -user-module-version 2.36.0 -validate-clang-modules-once -clang-build-session-file /Users/xinyufang/Library/Developer/Xcode/DerivedData/ModuleCache.noindex/Session.modulevalidation -package-name supabase_swift -Xcc -I/Users/xinyufang/Library/Developer/Xcode/DerivedData/Buzz-faillbpsmponqzeruhhvskovixzk/Build/Intermediates.noindex/Supabase.build/Debug-iphonesimulator/Functions.build/swift-overrides.hmap -emit-const-values -Xfrontend -const-gather-protocols-file -Xfrontend /Users/xinyufang/Library/Developer/Xcode/DerivedData/Buzz-faillbpsmponqzeruhhvskovixzk/Build/Intermediates.noindex/Supabase.build/Debug-iphonesimulator/Functions.build/Objects-normal/arm64/Functions_const_extract_protocols.json -Xcc -I/Users/xinyufang/Library/Developer/Xcode/DerivedData/Buzz-faillbpsmponqzeruhhvskovixzk/Build/Products/Debug-iphonesimulator/include -Xcc -I/Users/xinyufang/Library/Developer/Xcode/DerivedData/Buzz-faillbpsmponqzeruhhvskovixzk/Build/Intermediates.noindex/Supabase.build/Debug-iphonesimulator/Functions.build/DerivedSources-normal/arm64 -Xcc -I/Users/xinyufang/Library/Developer/Xcode/DerivedData/Buzz-faillbpsmponqzeruhhvskovixzk/Build/Intermediates.noindex/Supabase.build/Debug-iphonesimulator/Functions.build/DerivedSources/arm64 -Xcc -I/Users/xinyufang/Library/Developer/Xcode/DerivedData/Buzz-faillbpsmponqzeruhhvskovixzk/Build/Intermediates.noindex/Supabase.build/Debug-iphonesimulator/Functions.build/DerivedSources -Xcc -DSWIFT_PACKAGE -Xcc -DDEBUG\=1 -emit-objc-header -emit-objc-header-path /Users/xinyufang/Library/Developer/Xcode/DerivedData/Buzz-faillbpsmponqzeruhhvskovixzk/Build/Intermediates.noindex/Supabase.build/Debug-iphonesimulator/Functions.build/Objects-normal/arm64/Functions-Swift.h -working-directory /Users/xinyufang/Documents/Buzz/Buzz.xcodeproj -experimental-emit-module-separately -disable-cmo

SwiftDriverJobDiscovery normal arm64 Emitting module for PostgREST (in target 'PostgREST' from project 'Supabase')

SwiftDriver\ Compilation\ Requirements PostgREST normal arm64 com.apple.xcode.tools.swift.compiler (in target 'PostgREST' from project 'Supabase')
    cd /Users/xinyufang/Documents/Buzz/Buzz.xcodeproj
    builtin-Swift-Compilation-Requirements -- /Applications/Xcode.app/Contents/Developer/Toolchains/XcodeDefault.xctoolchain/usr/bin/swiftc -module-name PostgREST -Onone -enforce-exclusivity\=checked @/Users/xinyufang/Library/Developer/Xcode/DerivedData/Buzz-faillbpsmponqzeruhhvskovixzk/Build/Intermediates.noindex/Supabase.build/Debug-iphonesimulator/PostgREST.build/Objects-normal/arm64/PostgREST.SwiftFileList -DSWIFT_PACKAGE -DDEBUG -DSWIFT_MODULE_RESOURCE_BUNDLE_UNAVAILABLE -DXcode -enable-upcoming-feature ExistentialAny -enable-experimental-feature StrictConcurrency -plugin-path /Applications/Xcode.app/Contents/Developer/Toolchains/XcodeDefault.xctoolchain/usr/lib/swift/host/plugins/testing -enable-experimental-feature DebugDescriptionMacro -sdk /Applications/Xcode.app/Contents/Developer/Platforms/iPhoneSimulator.platform/Developer/SDKs/iPhoneSimulator26.0.sdk -target arm64-apple-ios13.0-simulator -g -module-cache-path /Users/xinyufang/Library/Developer/Xcode/DerivedData/ModuleCache.noindex -Xfrontend -serialize-debugging-options -enable-testing -suppress-warnings -index-store-path /Users/xinyufang/Library/Developer/Xcode/DerivedData/Buzz-faillbpsmponqzeruhhvskovixzk/Index.noindex/DataStore -Xcc -D_LIBCPP_HARDENING_MODE\=_LIBCPP_HARDENING_MODE_DEBUG -swift-version 5 -I /Users/xinyufang/Library/Developer/Xcode/DerivedData/Buzz-faillbpsmponqzeruhhvskovixzk/Build/Products/Debug-iphonesimulator -Isystem /Applications/Xcode.app/Contents/Developer/Platforms/iPhoneSimulator.platform/Developer/usr/lib -F /Users/xinyufang/Library/Developer/Xcode/DerivedData/Buzz-faillbpsmponqzeruhhvskovixzk/Build/Products/Debug-iphonesimulator/PackageFrameworks -F /Users/xinyufang/Library/Developer/Xcode/DerivedData/Buzz-faillbpsmponqzeruhhvskovixzk/Build/Products/Debug-iphonesimulator/PackageFrameworks -F /Users/xinyufang/Library/Developer/Xcode/DerivedData/Buzz-faillbpsmponqzeruhhvskovixzk/Build/Products/Debug-iphonesimulator/PackageFrameworks -F /Users/xinyufang/Library/Developer/Xcode/DerivedData/Buzz-faillbpsmponqzeruhhvskovixzk/Build/Products/Debug-iphonesimulator/PackageFrameworks -F /Users/xinyufang/Library/Developer/Xcode/DerivedData/Buzz-faillbpsmponqzeruhhvskovixzk/Build/Products/Debug-iphonesimulator/PackageFrameworks -F /Users/xinyufang/Library/Developer/Xcode/DerivedData/Buzz-faillbpsmponqzeruhhvskovixzk/Build/Products/Debug-iphonesimulator/PackageFrameworks -F /Users/xinyufang/Library/Developer/Xcode/DerivedData/Buzz-faillbpsmponqzeruhhvskovixzk/Build/Products/Debug-iphonesimulator/PackageFrameworks -F /Users/xinyufang/Library/Developer/Xcode/DerivedData/Buzz-faillbpsmponqzeruhhvskovixzk/Build/Products/Debug-iphonesimulator -F /Applications/Xcode.app/Contents/Developer/Platforms/iPhoneSimulator.platform/Developer/Library/Frameworks -F /Applications/Xcode.app/Contents/Developer/Platforms/iPhoneSimulator.platform/Developer/SDKs/iPhoneSimulator26.0.sdk/Developer/Library/Frameworks -c -j8 -enable-batch-mode -incremental -Xcc -ivfsstatcache -Xcc /Users/xinyufang/Library/Developer/Xcode/DerivedData/SDKStatCaches.noindex/iphonesimulator26.0-23A339-26257891a6c027eb51374368541b8346.sdkstatcache -output-file-map /Users/xinyufang/Library/Developer/Xcode/DerivedData/Buzz-faillbpsmponqzeruhhvskovixzk/Build/Intermediates.noindex/Supabase.build/Debug-iphonesimulator/PostgREST.build/Objects-normal/arm64/PostgREST-OutputFileMap.json -use-frontend-parseable-output -save-temps -no-color-diagnostics -explicit-module-build -module-cache-path /Users/xinyufang/Library/Developer/Xcode/DerivedData/Buzz-faillbpsmponqzeruhhvskovixzk/Build/Intermediates.noindex/SwiftExplicitPrecompiledModules -clang-scanner-module-cache-path /Users/xinyufang/Library/Developer/Xcode/DerivedData/ModuleCache.noindex -sdk-module-cache-path /Users/xinyufang/Library/Developer/Xcode/DerivedData/ModuleCache.noindex -serialize-diagnostics -emit-dependencies -emit-module -emit-module-path /Users/xinyufang/Library/Developer/Xcode/DerivedData/Buzz-faillbpsmponqzeruhhvskovixzk/Build/Intermediates.noindex/Supabase.build/Debug-iphonesimulator/PostgREST.build/Objects-normal/arm64/PostgREST.swiftmodule -user-module-version 2.36.0 -validate-clang-modules-once -clang-build-session-file /Users/xinyufang/Library/Developer/Xcode/DerivedData/ModuleCache.noindex/Session.modulevalidation -package-name supabase_swift -Xcc -I/Users/xinyufang/Library/Developer/Xcode/DerivedData/Buzz-faillbpsmponqzeruhhvskovixzk/Build/Intermediates.noindex/Supabase.build/Debug-iphonesimulator/PostgREST.build/swift-overrides.hmap -emit-const-values -Xfrontend -const-gather-protocols-file -Xfrontend /Users/xinyufang/Library/Developer/Xcode/DerivedData/Buzz-faillbpsmponqzeruhhvskovixzk/Build/Intermediates.noindex/Supabase.build/Debug-iphonesimulator/PostgREST.build/Objects-normal/arm64/PostgREST_const_extract_protocols.json -Xcc -I/Users/xinyufang/Library/Developer/Xcode/DerivedData/Buzz-faillbpsmponqzeruhhvskovixzk/Build/Products/Debug-iphonesimulator/include -Xcc -I/Users/xinyufang/Library/Developer/Xcode/DerivedData/Buzz-faillbpsmponqzeruhhvskovixzk/Build/Intermediates.noindex/Supabase.build/Debug-iphonesimulator/PostgREST.build/DerivedSources-normal/arm64 -Xcc -I/Users/xinyufang/Library/Developer/Xcode/DerivedData/Buzz-faillbpsmponqzeruhhvskovixzk/Build/Intermediates.noindex/Supabase.build/Debug-iphonesimulator/PostgREST.build/DerivedSources/arm64 -Xcc -I/Users/xinyufang/Library/Developer/Xcode/DerivedData/Buzz-faillbpsmponqzeruhhvskovixzk/Build/Intermediates.noindex/Supabase.build/Debug-iphonesimulator/PostgREST.build/DerivedSources -Xcc -DSWIFT_PACKAGE -Xcc -DDEBUG\=1 -emit-objc-header -emit-objc-header-path /Users/xinyufang/Library/Developer/Xcode/DerivedData/Buzz-faillbpsmponqzeruhhvskovixzk/Build/Intermediates.noindex/Supabase.build/Debug-iphonesimulator/PostgREST.build/Objects-normal/arm64/PostgREST-Swift.h -working-directory /Users/xinyufang/Documents/Buzz/Buzz.xcodeproj -experimental-emit-module-separately -disable-cmo

SwiftMergeGeneratedHeaders /Users/xinyufang/Library/Developer/Xcode/DerivedData/Buzz-faillbpsmponqzeruhhvskovixzk/Build/Intermediates.noindex/GeneratedModuleMaps-iphonesimulator/Functions-Swift.h /Users/xinyufang/Library/Developer/Xcode/DerivedData/Buzz-faillbpsmponqzeruhhvskovixzk/Build/Intermediates.noindex/Supabase.build/Debug-iphonesimulator/Functions.build/Objects-normal/arm64/Functions-Swift.h (in target 'Functions' from project 'Supabase')
    cd /Users/xinyufang/Library/Developer/Xcode/DerivedData/Buzz-faillbpsmponqzeruhhvskovixzk/SourcePackages/checkouts/supabase-swift
    builtin-swiftHeaderTool -arch arm64 /Users/xinyufang/Library/Developer/Xcode/DerivedData/Buzz-faillbpsmponqzeruhhvskovixzk/Build/Intermediates.noindex/Supabase.build/Debug-iphonesimulator/Functions.build/Objects-normal/arm64/Functions-Swift.h -o /Users/xinyufang/Library/Developer/Xcode/DerivedData/Buzz-faillbpsmponqzeruhhvskovixzk/Build/Intermediates.noindex/GeneratedModuleMaps-iphonesimulator/Functions-Swift.h

SwiftMergeGeneratedHeaders /Users/xinyufang/Library/Developer/Xcode/DerivedData/Buzz-faillbpsmponqzeruhhvskovixzk/Build/Intermediates.noindex/GeneratedModuleMaps-iphonesimulator/PostgREST-Swift.h /Users/xinyufang/Library/Developer/Xcode/DerivedData/Buzz-faillbpsmponqzeruhhvskovixzk/Build/Intermediates.noindex/Supabase.build/Debug-iphonesimulator/PostgREST.build/Objects-normal/arm64/PostgREST-Swift.h (in target 'PostgREST' from project 'Supabase')
    cd /Users/xinyufang/Library/Developer/Xcode/DerivedData/Buzz-faillbpsmponqzeruhhvskovixzk/SourcePackages/checkouts/supabase-swift
    builtin-swiftHeaderTool -arch arm64 /Users/xinyufang/Library/Developer/Xcode/DerivedData/Buzz-faillbpsmponqzeruhhvskovixzk/Build/Intermediates.noindex/Supabase.build/Debug-iphonesimulator/PostgREST.build/Objects-normal/arm64/PostgREST-Swift.h -o /Users/xinyufang/Library/Developer/Xcode/DerivedData/Buzz-faillbpsmponqzeruhhvskovixzk/Build/Intermediates.noindex/GeneratedModuleMaps-iphonesimulator/PostgREST-Swift.h

SwiftDriverJobDiscovery normal arm64 Compiling TransformOptions.swift (in target 'Storage' from project 'Supabase')

Copy /Users/xinyufang/Library/Developer/Xcode/DerivedData/Buzz-faillbpsmponqzeruhhvskovixzk/Build/Products/Debug-iphonesimulator/PostgREST.swiftmodule/arm64-apple-ios-simulator.swiftmodule /Users/xinyufang/Library/Developer/Xcode/DerivedData/Buzz-faillbpsmponqzeruhhvskovixzk/Build/Intermediates.noindex/Supabase.build/Debug-iphonesimulator/PostgREST.build/Objects-normal/arm64/PostgREST.swiftmodule (in target 'PostgREST' from project 'Supabase')
    cd /Users/xinyufang/Library/Developer/Xcode/DerivedData/Buzz-faillbpsmponqzeruhhvskovixzk/SourcePackages/checkouts/supabase-swift
    builtin-copy -exclude .DS_Store -exclude CVS -exclude .svn -exclude .git -exclude .hg -resolve-src-symlinks -rename /Users/xinyufang/Library/Developer/Xcode/DerivedData/Buzz-faillbpsmponqzeruhhvskovixzk/Build/Intermediates.noindex/Supabase.build/Debug-iphonesimulator/PostgREST.build/Objects-normal/arm64/PostgREST.swiftmodule /Users/xinyufang/Library/Developer/Xcode/DerivedData/Buzz-faillbpsmponqzeruhhvskovixzk/Build/Products/Debug-iphonesimulator/PostgREST.swiftmodule/arm64-apple-ios-simulator.swiftmodule

Copy /Users/xinyufang/Library/Developer/Xcode/DerivedData/Buzz-faillbpsmponqzeruhhvskovixzk/Build/Products/Debug-iphonesimulator/PostgREST.swiftmodule/arm64-apple-ios-simulator.swiftdoc /Users/xinyufang/Library/Developer/Xcode/DerivedData/Buzz-faillbpsmponqzeruhhvskovixzk/Build/Intermediates.noindex/Supabase.build/Debug-iphonesimulator/PostgREST.build/Objects-normal/arm64/PostgREST.swiftdoc (in target 'PostgREST' from project 'Supabase')
    cd /Users/xinyufang/Library/Developer/Xcode/DerivedData/Buzz-faillbpsmponqzeruhhvskovixzk/SourcePackages/checkouts/supabase-swift
    builtin-copy -exclude .DS_Store -exclude CVS -exclude .svn -exclude .git -exclude .hg -resolve-src-symlinks -rename /Users/xinyufang/Library/Developer/Xcode/DerivedData/Buzz-faillbpsmponqzeruhhvskovixzk/Build/Intermediates.noindex/Supabase.build/Debug-iphonesimulator/PostgREST.build/Objects-normal/arm64/PostgREST.swiftdoc /Users/xinyufang/Library/Developer/Xcode/DerivedData/Buzz-faillbpsmponqzeruhhvskovixzk/Build/Products/Debug-iphonesimulator/PostgREST.swiftmodule/arm64-apple-ios-simulator.swiftdoc

Copy /Users/xinyufang/Library/Developer/Xcode/DerivedData/Buzz-faillbpsmponqzeruhhvskovixzk/Build/Products/Debug-iphonesimulator/PostgREST.swiftmodule/arm64-apple-ios-simulator.abi.json /Users/xinyufang/Library/Developer/Xcode/DerivedData/Buzz-faillbpsmponqzeruhhvskovixzk/Build/Intermediates.noindex/Supabase.build/Debug-iphonesimulator/PostgREST.build/Objects-normal/arm64/PostgREST.abi.json (in target 'PostgREST' from project 'Supabase')
    cd /Users/xinyufang/Library/Developer/Xcode/DerivedData/Buzz-faillbpsmponqzeruhhvskovixzk/SourcePackages/checkouts/supabase-swift
    builtin-copy -exclude .DS_Store -exclude CVS -exclude .svn -exclude .git -exclude .hg -resolve-src-symlinks -rename /Users/xinyufang/Library/Developer/Xcode/DerivedData/Buzz-faillbpsmponqzeruhhvskovixzk/Build/Intermediates.noindex/Supabase.build/Debug-iphonesimulator/PostgREST.build/Objects-normal/arm64/PostgREST.abi.json /Users/xinyufang/Library/Developer/Xcode/DerivedData/Buzz-faillbpsmponqzeruhhvskovixzk/Build/Products/Debug-iphonesimulator/PostgREST.swiftmodule/arm64-apple-ios-simulator.abi.json

Copy /Users/xinyufang/Library/Developer/Xcode/DerivedData/Buzz-faillbpsmponqzeruhhvskovixzk/Build/Products/Debug-iphonesimulator/PostgREST.swiftmodule/Project/arm64-apple-ios-simulator.swiftsourceinfo /Users/xinyufang/Library/Developer/Xcode/DerivedData/Buzz-faillbpsmponqzeruhhvskovixzk/Build/Intermediates.noindex/Supabase.build/Debug-iphonesimulator/PostgREST.build/Objects-normal/arm64/PostgREST.swiftsourceinfo (in target 'PostgREST' from project 'Supabase')
    cd /Users/xinyufang/Library/Developer/Xcode/DerivedData/Buzz-faillbpsmponqzeruhhvskovixzk/SourcePackages/checkouts/supabase-swift
    builtin-copy -exclude .DS_Store -exclude CVS -exclude .svn -exclude .git -exclude .hg -resolve-src-symlinks -rename /Users/xinyufang/Library/Developer/Xcode/DerivedData/Buzz-faillbpsmponqzeruhhvskovixzk/Build/Intermediates.noindex/Supabase.build/Debug-iphonesimulator/PostgREST.build/Objects-normal/arm64/PostgREST.swiftsourceinfo /Users/xinyufang/Library/Developer/Xcode/DerivedData/Buzz-faillbpsmponqzeruhhvskovixzk/Build/Products/Debug-iphonesimulator/PostgREST.swiftmodule/Project/arm64-apple-ios-simulator.swiftsourceinfo

Copy /Users/xinyufang/Library/Developer/Xcode/DerivedData/Buzz-faillbpsmponqzeruhhvskovixzk/Build/Products/Debug-iphonesimulator/Functions.swiftmodule/arm64-apple-ios-simulator.swiftmodule /Users/xinyufang/Library/Developer/Xcode/DerivedData/Buzz-faillbpsmponqzeruhhvskovixzk/Build/Intermediates.noindex/Supabase.build/Debug-iphonesimulator/Functions.build/Objects-normal/arm64/Functions.swiftmodule (in target 'Functions' from project 'Supabase')
    cd /Users/xinyufang/Library/Developer/Xcode/DerivedData/Buzz-faillbpsmponqzeruhhvskovixzk/SourcePackages/checkouts/supabase-swift
    builtin-copy -exclude .DS_Store -exclude CVS -exclude .svn -exclude .git -exclude .hg -resolve-src-symlinks -rename /Users/xinyufang/Library/Developer/Xcode/DerivedData/Buzz-faillbpsmponqzeruhhvskovixzk/Build/Intermediates.noindex/Supabase.build/Debug-iphonesimulator/Functions.build/Objects-normal/arm64/Functions.swiftmodule /Users/xinyufang/Library/Developer/Xcode/DerivedData/Buzz-faillbpsmponqzeruhhvskovixzk/Build/Products/Debug-iphonesimulator/Functions.swiftmodule/arm64-apple-ios-simulator.swiftmodule

Copy /Users/xinyufang/Library/Developer/Xcode/DerivedData/Buzz-faillbpsmponqzeruhhvskovixzk/Build/Products/Debug-iphonesimulator/Functions.swiftmodule/arm64-apple-ios-simulator.swiftdoc /Users/xinyufang/Library/Developer/Xcode/DerivedData/Buzz-faillbpsmponqzeruhhvskovixzk/Build/Intermediates.noindex/Supabase.build/Debug-iphonesimulator/Functions.build/Objects-normal/arm64/Functions.swiftdoc (in target 'Functions' from project 'Supabase')
    cd /Users/xinyufang/Library/Developer/Xcode/DerivedData/Buzz-faillbpsmponqzeruhhvskovixzk/SourcePackages/checkouts/supabase-swift
    builtin-copy -exclude .DS_Store -exclude CVS -exclude .svn -exclude .git -exclude .hg -resolve-src-symlinks -rename /Users/xinyufang/Library/Developer/Xcode/DerivedData/Buzz-faillbpsmponqzeruhhvskovixzk/Build/Intermediates.noindex/Supabase.build/Debug-iphonesimulator/Functions.build/Objects-normal/arm64/Functions.swiftdoc /Users/xinyufang/Library/Developer/Xcode/DerivedData/Buzz-faillbpsmponqzeruhhvskovixzk/Build/Products/Debug-iphonesimulator/Functions.swiftmodule/arm64-apple-ios-simulator.swiftdoc

Copy /Users/xinyufang/Library/Developer/Xcode/DerivedData/Buzz-faillbpsmponqzeruhhvskovixzk/Build/Products/Debug-iphonesimulator/Functions.swiftmodule/arm64-apple-ios-simulator.abi.json /Users/xinyufang/Library/Developer/Xcode/DerivedData/Buzz-faillbpsmponqzeruhhvskovixzk/Build/Intermediates.noindex/Supabase.build/Debug-iphonesimulator/Functions.build/Objects-normal/arm64/Functions.abi.json (in target 'Functions' from project 'Supabase')
    cd /Users/xinyufang/Library/Developer/Xcode/DerivedData/Buzz-faillbpsmponqzeruhhvskovixzk/SourcePackages/checkouts/supabase-swift
    builtin-copy -exclude .DS_Store -exclude CVS -exclude .svn -exclude .git -exclude .hg -resolve-src-symlinks -rename /Users/xinyufang/Library/Developer/Xcode/DerivedData/Buzz-faillbpsmponqzeruhhvskovixzk/Build/Intermediates.noindex/Supabase.build/Debug-iphonesimulator/Functions.build/Objects-normal/arm64/Functions.abi.json /Users/xinyufang/Library/Developer/Xcode/DerivedData/Buzz-faillbpsmponqzeruhhvskovixzk/Build/Products/Debug-iphonesimulator/Functions.swiftmodule/arm64-apple-ios-simulator.abi.json

Copy /Users/xinyufang/Library/Developer/Xcode/DerivedData/Buzz-faillbpsmponqzeruhhvskovixzk/Build/Products/Debug-iphonesimulator/Functions.swiftmodule/Project/arm64-apple-ios-simulator.swiftsourceinfo /Users/xinyufang/Library/Developer/Xcode/DerivedData/Buzz-faillbpsmponqzeruhhvskovixzk/Build/Intermediates.noindex/Supabase.build/Debug-iphonesimulator/Functions.build/Objects-normal/arm64/Functions.swiftsourceinfo (in target 'Functions' from project 'Supabase')
    cd /Users/xinyufang/Library/Developer/Xcode/DerivedData/Buzz-faillbpsmponqzeruhhvskovixzk/SourcePackages/checkouts/supabase-swift
    builtin-copy -exclude .DS_Store -exclude CVS -exclude .svn -exclude .git -exclude .hg -resolve-src-symlinks -rename /Users/xinyufang/Library/Developer/Xcode/DerivedData/Buzz-faillbpsmponqzeruhhvskovixzk/Build/Intermediates.noindex/Supabase.build/Debug-iphonesimulator/Functions.build/Objects-normal/arm64/Functions.swiftsourceinfo /Users/xinyufang/Library/Developer/Xcode/DerivedData/Buzz-faillbpsmponqzeruhhvskovixzk/Build/Products/Debug-iphonesimulator/Functions.swiftmodule/Project/arm64-apple-ios-simulator.swiftsourceinfo

SwiftCompile normal arm64 Compiling\ Deprecated.swift,\ Exports.swift /Users/xinyufang/Library/Developer/Xcode/DerivedData/Buzz-faillbpsmponqzeruhhvskovixzk/SourcePackages/checkouts/supabase-swift/Sources/Storage/Deprecated.swift /Users/xinyufang/Library/Developer/Xcode/DerivedData/Buzz-faillbpsmponqzeruhhvskovixzk/SourcePackages/checkouts/supabase-swift/Sources/Storage/Exports.swift (in target 'Storage' from project 'Supabase')

SwiftCompile normal arm64 /Users/xinyufang/Library/Developer/Xcode/DerivedData/Buzz-faillbpsmponqzeruhhvskovixzk/SourcePackages/checkouts/supabase-swift/Sources/Storage/Deprecated.swift (in target 'Storage' from project 'Supabase')
    cd /Users/xinyufang/Documents/Buzz/Buzz.xcodeproj
    

SwiftCompile normal arm64 /Users/xinyufang/Library/Developer/Xcode/DerivedData/Buzz-faillbpsmponqzeruhhvskovixzk/SourcePackages/checkouts/supabase-swift/Sources/Storage/Exports.swift (in target 'Storage' from project 'Supabase')
    cd /Users/xinyufang/Documents/Buzz/Buzz.xcodeproj
    

SwiftCompile normal arm64 Compiling\ Types.swift /Users/xinyufang/Library/Developer/Xcode/DerivedData/Buzz-faillbpsmponqzeruhhvskovixzk/SourcePackages/checkouts/supabase-swift/Sources/Storage/Types.swift (in target 'Storage' from project 'Supabase')
SwiftCompile normal arm64 /Users/xinyufang/Library/Developer/Xcode/DerivedData/Buzz-faillbpsmponqzeruhhvskovixzk/SourcePackages/checkouts/supabase-swift/Sources/Storage/Types.swift (in target 'Storage' from project 'Supabase')
    cd /Users/xinyufang/Documents/Buzz/Buzz.xcodeproj
    

SwiftCompile normal arm64 Compiling\ StorageError.swift,\ StorageFileApi.swift /Users/xinyufang/Library/Developer/Xcode/DerivedData/Buzz-faillbpsmponqzeruhhvskovixzk/SourcePackages/checkouts/supabase-swift/Sources/Storage/StorageError.swift /Users/xinyufang/Library/Developer/Xcode/DerivedData/Buzz-faillbpsmponqzeruhhvskovixzk/SourcePackages/checkouts/supabase-swift/Sources/Storage/StorageFileApi.swift (in target 'Storage' from project 'Supabase')
SwiftCompile normal arm64 /Users/xinyufang/Library/Developer/Xcode/DerivedData/Buzz-faillbpsmponqzeruhhvskovixzk/SourcePackages/checkouts/supabase-swift/Sources/Storage/StorageError.swift (in target 'Storage' from project 'Supabase')
    cd /Users/xinyufang/Documents/Buzz/Buzz.xcodeproj
    

SwiftCompile normal arm64 /Users/xinyufang/Library/Developer/Xcode/DerivedData/Buzz-faillbpsmponqzeruhhvskovixzk/SourcePackages/checkouts/supabase-swift/Sources/Storage/StorageFileApi.swift (in target 'Storage' from project 'Supabase')
    cd /Users/xinyufang/Documents/Buzz/Buzz.xcodeproj
    

SwiftDriverJobDiscovery normal arm64 Compiling StorageHTTPClient.swift, SupabaseStorage.swift (in target 'Storage' from project 'Supabase')

SwiftCompile normal arm64 Compiling\ BucketOptions.swift,\ Codable.swift /Users/xinyufang/Library/Developer/Xcode/DerivedData/Buzz-faillbpsmponqzeruhhvskovixzk/SourcePackages/checkouts/supabase-swift/Sources/Storage/BucketOptions.swift /Users/xinyufang/Library/Developer/Xcode/DerivedData/Buzz-faillbpsmponqzeruhhvskovixzk/SourcePackages/checkouts/supabase-swift/Sources/Storage/Codable.swift (in target 'Storage' from project 'Supabase')

SwiftCompile normal arm64 /Users/xinyufang/Library/Developer/Xcode/DerivedData/Buzz-faillbpsmponqzeruhhvskovixzk/SourcePackages/checkouts/supabase-swift/Sources/Storage/BucketOptions.swift (in target 'Storage' from project 'Supabase')
    cd /Users/xinyufang/Documents/Buzz/Buzz.xcodeproj
    

SwiftCompile normal arm64 /Users/xinyufang/Library/Developer/Xcode/DerivedData/Buzz-faillbpsmponqzeruhhvskovixzk/SourcePackages/checkouts/supabase-swift/Sources/Storage/Codable.swift (in target 'Storage' from project 'Supabase')
    cd /Users/xinyufang/Documents/Buzz/Buzz.xcodeproj
    

SwiftDriverJobDiscovery normal arm64 Emitting module for Storage (in target 'Storage' from project 'Supabase')

SwiftDriverJobDiscovery normal arm64 Compiling StorageApi.swift, StorageBucketApi.swift (in target 'Storage' from project 'Supabase')

SwiftDriver\ Compilation\ Requirements Storage normal arm64 com.apple.xcode.tools.swift.compiler (in target 'Storage' from project 'Supabase')
    cd /Users/xinyufang/Documents/Buzz/Buzz.xcodeproj
    builtin-Swift-Compilation-Requirements -- /Applications/Xcode.app/Contents/Developer/Toolchains/XcodeDefault.xctoolchain/usr/bin/swiftc -module-name Storage -Onone -enforce-exclusivity\=checked @/Users/xinyufang/Library/Developer/Xcode/DerivedData/Buzz-faillbpsmponqzeruhhvskovixzk/Build/Intermediates.noindex/Supabase.build/Debug-iphonesimulator/Storage.build/Objects-normal/arm64/Storage.SwiftFileList -DSWIFT_PACKAGE -DDEBUG -DSWIFT_MODULE_RESOURCE_BUNDLE_UNAVAILABLE -DXcode -enable-upcoming-feature ExistentialAny -enable-experimental-feature StrictConcurrency -plugin-path /Applications/Xcode.app/Contents/Developer/Toolchains/XcodeDefault.xctoolchain/usr/lib/swift/host/plugins/testing -enable-experimental-feature DebugDescriptionMacro -sdk /Applications/Xcode.app/Contents/Developer/Platforms/iPhoneSimulator.platform/Developer/SDKs/iPhoneSimulator26.0.sdk -target arm64-apple-ios13.0-simulator -g -module-cache-path /Users/xinyufang/Library/Developer/Xcode/DerivedData/ModuleCache.noindex -Xfrontend -serialize-debugging-options -enable-testing -suppress-warnings -index-store-path /Users/xinyufang/Library/Developer/Xcode/DerivedData/Buzz-faillbpsmponqzeruhhvskovixzk/Index.noindex/DataStore -Xcc -D_LIBCPP_HARDENING_MODE\=_LIBCPP_HARDENING_MODE_DEBUG -swift-version 5 -I /Users/xinyufang/Library/Developer/Xcode/DerivedData/Buzz-faillbpsmponqzeruhhvskovixzk/Build/Products/Debug-iphonesimulator -Isystem /Applications/Xcode.app/Contents/Developer/Platforms/iPhoneSimulator.platform/Developer/usr/lib -F /Users/xinyufang/Library/Developer/Xcode/DerivedData/Buzz-faillbpsmponqzeruhhvskovixzk/Build/Products/Debug-iphonesimulator/PackageFrameworks -F /Users/xinyufang/Library/Developer/Xcode/DerivedData/Buzz-faillbpsmponqzeruhhvskovixzk/Build/Products/Debug-iphonesimulator/PackageFrameworks -F /Users/xinyufang/Library/Developer/Xcode/DerivedData/Buzz-faillbpsmponqzeruhhvskovixzk/Build/Products/Debug-iphonesimulator/PackageFrameworks -F /Users/xinyufang/Library/Developer/Xcode/DerivedData/Buzz-faillbpsmponqzeruhhvskovixzk/Build/Products/Debug-iphonesimulator/PackageFrameworks -F /Users/xinyufang/Library/Developer/Xcode/DerivedData/Buzz-faillbpsmponqzeruhhvskovixzk/Build/Products/Debug-iphonesimulator/PackageFrameworks -F /Users/xinyufang/Library/Developer/Xcode/DerivedData/Buzz-faillbpsmponqzeruhhvskovixzk/Build/Products/Debug-iphonesimulator/PackageFrameworks -F /Users/xinyufang/Library/Developer/Xcode/DerivedData/Buzz-faillbpsmponqzeruhhvskovixzk/Build/Products/Debug-iphonesimulator/PackageFrameworks -F /Users/xinyufang/Library/Developer/Xcode/DerivedData/Buzz-faillbpsmponqzeruhhvskovixzk/Build/Products/Debug-iphonesimulator -F /Applications/Xcode.app/Contents/Developer/Platforms/iPhoneSimulator.platform/Developer/Library/Frameworks -F /Applications/Xcode.app/Contents/Developer/Platforms/iPhoneSimulator.platform/Developer/SDKs/iPhoneSimulator26.0.sdk/Developer/Library/Frameworks -c -j8 -enable-batch-mode -incremental -Xcc -ivfsstatcache -Xcc /Users/xinyufang/Library/Developer/Xcode/DerivedData/SDKStatCaches.noindex/iphonesimulator26.0-23A339-26257891a6c027eb51374368541b8346.sdkstatcache -output-file-map /Users/xinyufang/Library/Developer/Xcode/DerivedData/Buzz-faillbpsmponqzeruhhvskovixzk/Build/Intermediates.noindex/Supabase.build/Debug-iphonesimulator/Storage.build/Objects-normal/arm64/Storage-OutputFileMap.json -use-frontend-parseable-output -save-temps -no-color-diagnostics -explicit-module-build -module-cache-path /Users/xinyufang/Library/Developer/Xcode/DerivedData/Buzz-faillbpsmponqzeruhhvskovixzk/Build/Intermediates.noindex/SwiftExplicitPrecompiledModules -clang-scanner-module-cache-path /Users/xinyufang/Library/Developer/Xcode/DerivedData/ModuleCache.noindex -sdk-module-cache-path /Users/xinyufang/Library/Developer/Xcode/DerivedData/ModuleCache.noindex -serialize-diagnostics -emit-dependencies -emit-module -emit-module-path /Users/xinyufang/Library/Developer/Xcode/DerivedData/Buzz-faillbpsmponqzeruhhvskovixzk/Build/Intermediates.noindex/Supabase.build/Debug-iphonesimulator/Storage.build/Objects-normal/arm64/Storage.swiftmodule -user-module-version 2.36.0 -validate-clang-modules-once -clang-build-session-file /Users/xinyufang/Library/Developer/Xcode/DerivedData/ModuleCache.noindex/Session.modulevalidation -package-name supabase_swift -Xcc -I/Users/xinyufang/Library/Developer/Xcode/DerivedData/Buzz-faillbpsmponqzeruhhvskovixzk/Build/Intermediates.noindex/Supabase.build/Debug-iphonesimulator/Storage.build/swift-overrides.hmap -emit-const-values -Xfrontend -const-gather-protocols-file -Xfrontend /Users/xinyufang/Library/Developer/Xcode/DerivedData/Buzz-faillbpsmponqzeruhhvskovixzk/Build/Intermediates.noindex/Supabase.build/Debug-iphonesimulator/Storage.build/Objects-normal/arm64/Storage_const_extract_protocols.json -Xcc -I/Users/xinyufang/Library/Developer/Xcode/DerivedData/Buzz-faillbpsmponqzeruhhvskovixzk/Build/Products/Debug-iphonesimulator/include -Xcc -I/Users/xinyufang/Library/Developer/Xcode/DerivedData/Buzz-faillbpsmponqzeruhhvskovixzk/Build/Intermediates.noindex/Supabase.build/Debug-iphonesimulator/Storage.build/DerivedSources-normal/arm64 -Xcc -I/Users/xinyufang/Library/Developer/Xcode/DerivedData/Buzz-faillbpsmponqzeruhhvskovixzk/Build/Intermediates.noindex/Supabase.build/Debug-iphonesimulator/Storage.build/DerivedSources/arm64 -Xcc -I/Users/xinyufang/Library/Developer/Xcode/DerivedData/Buzz-faillbpsmponqzeruhhvskovixzk/Build/Intermediates.noindex/Supabase.build/Debug-iphonesimulator/Storage.build/DerivedSources -Xcc -DSWIFT_PACKAGE -Xcc -DDEBUG\=1 -emit-objc-header -emit-objc-header-path /Users/xinyufang/Library/Developer/Xcode/DerivedData/Buzz-faillbpsmponqzeruhhvskovixzk/Build/Intermediates.noindex/Supabase.build/Debug-iphonesimulator/Storage.build/Objects-normal/arm64/Storage-Swift.h -working-directory /Users/xinyufang/Documents/Buzz/Buzz.xcodeproj -experimental-emit-module-separately -disable-cmo

SwiftCompile normal arm64 Compiling\ RealtimeClientV2.swift,\ RealtimeError.swift,\ RealtimeJoinConfig.swift /Users/xinyufang/Library/Developer/Xcode/DerivedData/Buzz-faillbpsmponqzeruhhvskovixzk/SourcePackages/checkouts/supabase-swift/Sources/Realtime/RealtimeClientV2.swift /Users/xinyufang/Library/Developer/Xcode/DerivedData/Buzz-faillbpsmponqzeruhhvskovixzk/SourcePackages/checkouts/supabase-swift/Sources/Realtime/RealtimeError.swift /Users/xinyufang/Library/Developer/Xcode/DerivedData/Buzz-faillbpsmponqzeruhhvskovixzk/SourcePackages/checkouts/supabase-swift/Sources/Realtime/RealtimeJoinConfig.swift (in target 'Realtime' from project 'Supabase')
SwiftCompile normal arm64 /Users/xinyufang/Library/Developer/Xcode/DerivedData/Buzz-faillbpsmponqzeruhhvskovixzk/SourcePackages/checkouts/supabase-swift/Sources/Realtime/RealtimeClientV2.swift (in target 'Realtime' from project 'Supabase')
    cd /Users/xinyufang/Documents/Buzz/Buzz.xcodeproj
    

SwiftCompile normal arm64 /Users/xinyufang/Library/Developer/Xcode/DerivedData/Buzz-faillbpsmponqzeruhhvskovixzk/SourcePackages/checkouts/supabase-swift/Sources/Realtime/RealtimeError.swift (in target 'Realtime' from project 'Supabase')
    cd /Users/xinyufang/Documents/Buzz/Buzz.xcodeproj
    

SwiftCompile normal arm64 /Users/xinyufang/Library/Developer/Xcode/DerivedData/Buzz-faillbpsmponqzeruhhvskovixzk/SourcePackages/checkouts/supabase-swift/Sources/Realtime/RealtimeJoinConfig.swift (in target 'Realtime' from project 'Supabase')
    cd /Users/xinyufang/Documents/Buzz/Buzz.xcodeproj
    

SwiftMergeGeneratedHeaders /Users/xinyufang/Library/Developer/Xcode/DerivedData/Buzz-faillbpsmponqzeruhhvskovixzk/Build/Intermediates.noindex/GeneratedModuleMaps-iphonesimulator/Storage-Swift.h /Users/xinyufang/Library/Developer/Xcode/DerivedData/Buzz-faillbpsmponqzeruhhvskovixzk/Build/Intermediates.noindex/Supabase.build/Debug-iphonesimulator/Storage.build/Objects-normal/arm64/Storage-Swift.h (in target 'Storage' from project 'Supabase')
    cd /Users/xinyufang/Library/Developer/Xcode/DerivedData/Buzz-faillbpsmponqzeruhhvskovixzk/SourcePackages/checkouts/supabase-swift
    builtin-swiftHeaderTool -arch arm64 /Users/xinyufang/Library/Developer/Xcode/DerivedData/Buzz-faillbpsmponqzeruhhvskovixzk/Build/Intermediates.noindex/Supabase.build/Debug-iphonesimulator/Storage.build/Objects-normal/arm64/Storage-Swift.h -o /Users/xinyufang/Library/Developer/Xcode/DerivedData/Buzz-faillbpsmponqzeruhhvskovixzk/Build/Intermediates.noindex/GeneratedModuleMaps-iphonesimulator/Storage-Swift.h

SwiftDriverJobDiscovery normal arm64 Emitting module for Realtime (in target 'Realtime' from project 'Supabase')

Copy /Users/xinyufang/Library/Developer/Xcode/DerivedData/Buzz-faillbpsmponqzeruhhvskovixzk/Build/Products/Debug-iphonesimulator/Storage.swiftmodule/arm64-apple-ios-simulator.swiftmodule /Users/xinyufang/Library/Developer/Xcode/DerivedData/Buzz-faillbpsmponqzeruhhvskovixzk/Build/Intermediates.noindex/Supabase.build/Debug-iphonesimulator/Storage.build/Objects-normal/arm64/Storage.swiftmodule (in target 'Storage' from project 'Supabase')
    cd /Users/xinyufang/Library/Developer/Xcode/DerivedData/Buzz-faillbpsmponqzeruhhvskovixzk/SourcePackages/checkouts/supabase-swift
    builtin-copy -exclude .DS_Store -exclude CVS -exclude .svn -exclude .git -exclude .hg -resolve-src-symlinks -rename /Users/xinyufang/Library/Developer/Xcode/DerivedData/Buzz-faillbpsmponqzeruhhvskovixzk/Build/Intermediates.noindex/Supabase.build/Debug-iphonesimulator/Storage.build/Objects-normal/arm64/Storage.swiftmodule /Users/xinyufang/Library/Developer/Xcode/DerivedData/Buzz-faillbpsmponqzeruhhvskovixzk/Build/Products/Debug-iphonesimulator/Storage.swiftmodule/arm64-apple-ios-simulator.swiftmodule

Copy /Users/xinyufang/Library/Developer/Xcode/DerivedData/Buzz-faillbpsmponqzeruhhvskovixzk/Build/Products/Debug-iphonesimulator/Storage.swiftmodule/arm64-apple-ios-simulator.swiftdoc /Users/xinyufang/Library/Developer/Xcode/DerivedData/Buzz-faillbpsmponqzeruhhvskovixzk/Build/Intermediates.noindex/Supabase.build/Debug-iphonesimulator/Storage.build/Objects-normal/arm64/Storage.swiftdoc (in target 'Storage' from project 'Supabase')
    cd /Users/xinyufang/Library/Developer/Xcode/DerivedData/Buzz-faillbpsmponqzeruhhvskovixzk/SourcePackages/checkouts/supabase-swift
    builtin-copy -exclude .DS_Store -exclude CVS -exclude .svn -exclude .git -exclude .hg -resolve-src-symlinks -rename /Users/xinyufang/Library/Developer/Xcode/DerivedData/Buzz-faillbpsmponqzeruhhvskovixzk/Build/Intermediates.noindex/Supabase.build/Debug-iphonesimulator/Storage.build/Objects-normal/arm64/Storage.swiftdoc /Users/xinyufang/Library/Developer/Xcode/DerivedData/Buzz-faillbpsmponqzeruhhvskovixzk/Build/Products/Debug-iphonesimulator/Storage.swiftmodule/arm64-apple-ios-simulator.swiftdoc

Copy /Users/xinyufang/Library/Developer/Xcode/DerivedData/Buzz-faillbpsmponqzeruhhvskovixzk/Build/Products/Debug-iphonesimulator/Storage.swiftmodule/arm64-apple-ios-simulator.abi.json /Users/xinyufang/Library/Developer/Xcode/DerivedData/Buzz-faillbpsmponqzeruhhvskovixzk/Build/Intermediates.noindex/Supabase.build/Debug-iphonesimulator/Storage.build/Objects-normal/arm64/Storage.abi.json (in target 'Storage' from project 'Supabase')
    cd /Users/xinyufang/Library/Developer/Xcode/DerivedData/Buzz-faillbpsmponqzeruhhvskovixzk/SourcePackages/checkouts/supabase-swift
    builtin-copy -exclude .DS_Store -exclude CVS -exclude .svn -exclude .git -exclude .hg -resolve-src-symlinks -rename /Users/xinyufang/Library/Developer/Xcode/DerivedData/Buzz-faillbpsmponqzeruhhvskovixzk/Build/Intermediates.noindex/Supabase.build/Debug-iphonesimulator/Storage.build/Objects-normal/arm64/Storage.abi.json /Users/xinyufang/Library/Developer/Xcode/DerivedData/Buzz-faillbpsmponqzeruhhvskovixzk/Build/Products/Debug-iphonesimulator/Storage.swiftmodule/arm64-apple-ios-simulator.abi.json

Copy /Users/xinyufang/Library/Developer/Xcode/DerivedData/Buzz-faillbpsmponqzeruhhvskovixzk/Build/Products/Debug-iphonesimulator/Storage.swiftmodule/Project/arm64-apple-ios-simulator.swiftsourceinfo /Users/xinyufang/Library/Developer/Xcode/DerivedData/Buzz-faillbpsmponqzeruhhvskovixzk/Build/Intermediates.noindex/Supabase.build/Debug-iphonesimulator/Storage.build/Objects-normal/arm64/Storage.swiftsourceinfo (in target 'Storage' from project 'Supabase')
    cd /Users/xinyufang/Library/Developer/Xcode/DerivedData/Buzz-faillbpsmponqzeruhhvskovixzk/SourcePackages/checkouts/supabase-swift
    builtin-copy -exclude .DS_Store -exclude CVS -exclude .svn -exclude .git -exclude .hg -resolve-src-symlinks -rename /Users/xinyufang/Library/Developer/Xcode/DerivedData/Buzz-faillbpsmponqzeruhhvskovixzk/Build/Intermediates.noindex/Supabase.build/Debug-iphonesimulator/Storage.build/Objects-normal/arm64/Storage.swiftsourceinfo /Users/xinyufang/Library/Developer/Xcode/DerivedData/Buzz-faillbpsmponqzeruhhvskovixzk/Build/Products/Debug-iphonesimulator/Storage.swiftmodule/Project/arm64-apple-ios-simulator.swiftsourceinfo

SwiftDriver\ Compilation\ Requirements Realtime normal arm64 com.apple.xcode.tools.swift.compiler (in target 'Realtime' from project 'Supabase')
    cd /Users/xinyufang/Documents/Buzz/Buzz.xcodeproj
    builtin-Swift-Compilation-Requirements -- /Applications/Xcode.app/Contents/Developer/Toolchains/XcodeDefault.xctoolchain/usr/bin/swiftc -module-name Realtime -Onone -enforce-exclusivity\=checked @/Users/xinyufang/Library/Developer/Xcode/DerivedData/Buzz-faillbpsmponqzeruhhvskovixzk/Build/Intermediates.noindex/Supabase.build/Debug-iphonesimulator/Realtime.build/Objects-normal/arm64/Realtime.SwiftFileList -DSWIFT_PACKAGE -DDEBUG -DSWIFT_MODULE_RESOURCE_BUNDLE_UNAVAILABLE -DXcode -enable-upcoming-feature ExistentialAny -enable-experimental-feature StrictConcurrency -plugin-path /Applications/Xcode.app/Contents/Developer/Toolchains/XcodeDefault.xctoolchain/usr/lib/swift/host/plugins/testing -enable-experimental-feature DebugDescriptionMacro -sdk /Applications/Xcode.app/Contents/Developer/Platforms/iPhoneSimulator.platform/Developer/SDKs/iPhoneSimulator26.0.sdk -target arm64-apple-ios13.0-simulator -g -module-cache-path /Users/xinyufang/Library/Developer/Xcode/DerivedData/ModuleCache.noindex -Xfrontend -serialize-debugging-options -enable-testing -suppress-warnings -index-store-path /Users/xinyufang/Library/Developer/Xcode/DerivedData/Buzz-faillbpsmponqzeruhhvskovixzk/Index.noindex/DataStore -Xcc -D_LIBCPP_HARDENING_MODE\=_LIBCPP_HARDENING_MODE_DEBUG -swift-version 5 -I /Users/xinyufang/Library/Developer/Xcode/DerivedData/Buzz-faillbpsmponqzeruhhvskovixzk/Build/Products/Debug-iphonesimulator -Isystem /Applications/Xcode.app/Contents/Developer/Platforms/iPhoneSimulator.platform/Developer/usr/lib -F /Users/xinyufang/Library/Developer/Xcode/DerivedData/Buzz-faillbpsmponqzeruhhvskovixzk/Build/Products/Debug-iphonesimulator/PackageFrameworks -F /Users/xinyufang/Library/Developer/Xcode/DerivedData/Buzz-faillbpsmponqzeruhhvskovixzk/Build/Products/Debug-iphonesimulator/PackageFrameworks -F /Users/xinyufang/Library/Developer/Xcode/DerivedData/Buzz-faillbpsmponqzeruhhvskovixzk/Build/Products/Debug-iphonesimulator/PackageFrameworks -F /Users/xinyufang/Library/Developer/Xcode/DerivedData/Buzz-faillbpsmponqzeruhhvskovixzk/Build/Products/Debug-iphonesimulator/PackageFrameworks -F /Users/xinyufang/Library/Developer/Xcode/DerivedData/Buzz-faillbpsmponqzeruhhvskovixzk/Build/Products/Debug-iphonesimulator/PackageFrameworks -F /Users/xinyufang/Library/Developer/Xcode/DerivedData/Buzz-faillbpsmponqzeruhhvskovixzk/Build/Products/Debug-iphonesimulator/PackageFrameworks -F /Users/xinyufang/Library/Developer/Xcode/DerivedData/Buzz-faillbpsmponqzeruhhvskovixzk/Build/Products/Debug-iphonesimulator/PackageFrameworks -F /Users/xinyufang/Library/Developer/Xcode/DerivedData/Buzz-faillbpsmponqzeruhhvskovixzk/Build/Products/Debug-iphonesimulator -F /Applications/Xcode.app/Contents/Developer/Platforms/iPhoneSimulator.platform/Developer/Library/Frameworks -F /Applications/Xcode.app/Contents/Developer/Platforms/iPhoneSimulator.platform/Developer/SDKs/iPhoneSimulator26.0.sdk/Developer/Library/Frameworks -c -j8 -enable-batch-mode -incremental -Xcc -ivfsstatcache -Xcc /Users/xinyufang/Library/Developer/Xcode/DerivedData/SDKStatCaches.noindex/iphonesimulator26.0-23A339-26257891a6c027eb51374368541b8346.sdkstatcache -output-file-map /Users/xinyufang/Library/Developer/Xcode/DerivedData/Buzz-faillbpsmponqzeruhhvskovixzk/Build/Intermediates.noindex/Supabase.build/Debug-iphonesimulator/Realtime.build/Objects-normal/arm64/Realtime-OutputFileMap.json -use-frontend-parseable-output -save-temps -no-color-diagnostics -explicit-module-build -module-cache-path /Users/xinyufang/Library/Developer/Xcode/DerivedData/Buzz-faillbpsmponqzeruhhvskovixzk/Build/Intermediates.noindex/SwiftExplicitPrecompiledModules -clang-scanner-module-cache-path /Users/xinyufang/Library/Developer/Xcode/DerivedData/ModuleCache.noindex -sdk-module-cache-path /Users/xinyufang/Library/Developer/Xcode/DerivedData/ModuleCache.noindex -serialize-diagnostics -emit-dependencies -emit-module -emit-module-path /Users/xinyufang/Library/Developer/Xcode/DerivedData/Buzz-faillbpsmponqzeruhhvskovixzk/Build/Intermediates.noindex/Supabase.build/Debug-iphonesimulator/Realtime.build/Objects-normal/arm64/Realtime.swiftmodule -user-module-version 2.36.0 -validate-clang-modules-once -clang-build-session-file /Users/xinyufang/Library/Developer/Xcode/DerivedData/ModuleCache.noindex/Session.modulevalidation -package-name supabase_swift -Xcc -I/Users/xinyufang/Library/Developer/Xcode/DerivedData/Buzz-faillbpsmponqzeruhhvskovixzk/Build/Intermediates.noindex/Supabase.build/Debug-iphonesimulator/Realtime.build/swift-overrides.hmap -emit-const-values -Xfrontend -const-gather-protocols-file -Xfrontend /Users/xinyufang/Library/Developer/Xcode/DerivedData/Buzz-faillbpsmponqzeruhhvskovixzk/Build/Intermediates.noindex/Supabase.build/Debug-iphonesimulator/Realtime.build/Objects-normal/arm64/Realtime_const_extract_protocols.json -Xcc -I/Users/xinyufang/Library/Developer/Xcode/DerivedData/Buzz-faillbpsmponqzeruhhvskovixzk/Build/Products/Debug-iphonesimulator/include -Xcc -I/Users/xinyufang/Library/Developer/Xcode/DerivedData/Buzz-faillbpsmponqzeruhhvskovixzk/Build/Intermediates.noindex/Supabase.build/Debug-iphonesimulator/Realtime.build/DerivedSources-normal/arm64 -Xcc -I/Users/xinyufang/Library/Developer/Xcode/DerivedData/Buzz-faillbpsmponqzeruhhvskovixzk/Build/Intermediates.noindex/Supabase.build/Debug-iphonesimulator/Realtime.build/DerivedSources/arm64 -Xcc -I/Users/xinyufang/Library/Developer/Xcode/DerivedData/Buzz-faillbpsmponqzeruhhvskovixzk/Build/Intermediates.noindex/Supabase.build/Debug-iphonesimulator/Realtime.build/DerivedSources -Xcc -DSWIFT_PACKAGE -Xcc -DDEBUG\=1 -emit-objc-header -emit-objc-header-path /Users/xinyufang/Library/Developer/Xcode/DerivedData/Buzz-faillbpsmponqzeruhhvskovixzk/Build/Intermediates.noindex/Supabase.build/Debug-iphonesimulator/Realtime.build/Objects-normal/arm64/Realtime-Swift.h -working-directory /Users/xinyufang/Documents/Buzz/Buzz.xcodeproj -experimental-emit-module-separately -disable-cmo

SwiftCompile normal arm64 Compiling\ HeartbeatTimer.swift,\ PhoenixTransport.swift,\ Presence.swift,\ Push.swift /Users/xinyufang/Library/Developer/Xcode/DerivedData/Buzz-faillbpsmponqzeruhhvskovixzk/SourcePackages/checkouts/supabase-swift/Sources/Realtime/Deprecated/HeartbeatTimer.swift /Users/xinyufang/Library/Developer/Xcode/DerivedData/Buzz-faillbpsmponqzeruhhvskovixzk/SourcePackages/checkouts/supabase-swift/Sources/Realtime/Deprecated/PhoenixTransport.swift /Users/xinyufang/Library/Developer/Xcode/DerivedData/Buzz-faillbpsmponqzeruhhvskovixzk/SourcePackages/checkouts/supabase-swift/Sources/Realtime/Deprecated/Presence.swift /Users/xinyufang/Library/Developer/Xcode/DerivedData/Buzz-faillbpsmponqzeruhhvskovixzk/SourcePackages/checkouts/supabase-swift/Sources/Realtime/Deprecated/Push.swift (in target 'Realtime' from project 'Supabase')

SwiftCompile normal arm64 /Users/xinyufang/Library/Developer/Xcode/DerivedData/Buzz-faillbpsmponqzeruhhvskovixzk/SourcePackages/checkouts/supabase-swift/Sources/Realtime/Deprecated/HeartbeatTimer.swift (in target 'Realtime' from project 'Supabase')
    cd /Users/xinyufang/Documents/Buzz/Buzz.xcodeproj
    

SwiftCompile normal arm64 /Users/xinyufang/Library/Developer/Xcode/DerivedData/Buzz-faillbpsmponqzeruhhvskovixzk/SourcePackages/checkouts/supabase-swift/Sources/Realtime/Deprecated/PhoenixTransport.swift (in target 'Realtime' from project 'Supabase')
    cd /Users/xinyufang/Documents/Buzz/Buzz.xcodeproj
    

SwiftCompile normal arm64 /Users/xinyufang/Library/Developer/Xcode/DerivedData/Buzz-faillbpsmponqzeruhhvskovixzk/SourcePackages/checkouts/supabase-swift/Sources/Realtime/Deprecated/Presence.swift (in target 'Realtime' from project 'Supabase')
    cd /Users/xinyufang/Documents/Buzz/Buzz.xcodeproj
    

SwiftCompile normal arm64 /Users/xinyufang/Library/Developer/Xcode/DerivedData/Buzz-faillbpsmponqzeruhhvskovixzk/SourcePackages/checkouts/supabase-swift/Sources/Realtime/Deprecated/Push.swift (in target 'Realtime' from project 'Supabase')
    cd /Users/xinyufang/Documents/Buzz/Buzz.xcodeproj
    

SwiftMergeGeneratedHeaders /Users/xinyufang/Library/Developer/Xcode/DerivedData/Buzz-faillbpsmponqzeruhhvskovixzk/Build/Intermediates.noindex/GeneratedModuleMaps-iphonesimulator/Realtime-Swift.h /Users/xinyufang/Library/Developer/Xcode/DerivedData/Buzz-faillbpsmponqzeruhhvskovixzk/Build/Intermediates.noindex/Supabase.build/Debug-iphonesimulator/Realtime.build/Objects-normal/arm64/Realtime-Swift.h (in target 'Realtime' from project 'Supabase')
    cd /Users/xinyufang/Library/Developer/Xcode/DerivedData/Buzz-faillbpsmponqzeruhhvskovixzk/SourcePackages/checkouts/supabase-swift
    builtin-swiftHeaderTool -arch arm64 /Users/xinyufang/Library/Developer/Xcode/DerivedData/Buzz-faillbpsmponqzeruhhvskovixzk/Build/Intermediates.noindex/Supabase.build/Debug-iphonesimulator/Realtime.build/Objects-normal/arm64/Realtime-Swift.h -o /Users/xinyufang/Library/Developer/Xcode/DerivedData/Buzz-faillbpsmponqzeruhhvskovixzk/Build/Intermediates.noindex/GeneratedModuleMaps-iphonesimulator/Realtime-Swift.h

SwiftDriverJobDiscovery normal arm64 Compiling BucketOptions.swift, Codable.swift (in target 'Storage' from project 'Supabase')

Copy /Users/xinyufang/Library/Developer/Xcode/DerivedData/Buzz-faillbpsmponqzeruhhvskovixzk/Build/Products/Debug-iphonesimulator/Realtime.swiftmodule/arm64-apple-ios-simulator.swiftmodule /Users/xinyufang/Library/Developer/Xcode/DerivedData/Buzz-faillbpsmponqzeruhhvskovixzk/Build/Intermediates.noindex/Supabase.build/Debug-iphonesimulator/Realtime.build/Objects-normal/arm64/Realtime.swiftmodule (in target 'Realtime' from project 'Supabase')
    cd /Users/xinyufang/Library/Developer/Xcode/DerivedData/Buzz-faillbpsmponqzeruhhvskovixzk/SourcePackages/checkouts/supabase-swift
    builtin-copy -exclude .DS_Store -exclude CVS -exclude .svn -exclude .git -exclude .hg -resolve-src-symlinks -rename /Users/xinyufang/Library/Developer/Xcode/DerivedData/Buzz-faillbpsmponqzeruhhvskovixzk/Build/Intermediates.noindex/Supabase.build/Debug-iphonesimulator/Realtime.build/Objects-normal/arm64/Realtime.swiftmodule /Users/xinyufang/Library/Developer/Xcode/DerivedData/Buzz-faillbpsmponqzeruhhvskovixzk/Build/Products/Debug-iphonesimulator/Realtime.swiftmodule/arm64-apple-ios-simulator.swiftmodule

Copy /Users/xinyufang/Library/Developer/Xcode/DerivedData/Buzz-faillbpsmponqzeruhhvskovixzk/Build/Products/Debug-iphonesimulator/Realtime.swiftmodule/arm64-apple-ios-simulator.swiftdoc /Users/xinyufang/Library/Developer/Xcode/DerivedData/Buzz-faillbpsmponqzeruhhvskovixzk/Build/Intermediates.noindex/Supabase.build/Debug-iphonesimulator/Realtime.build/Objects-normal/arm64/Realtime.swiftdoc (in target 'Realtime' from project 'Supabase')
    cd /Users/xinyufang/Library/Developer/Xcode/DerivedData/Buzz-faillbpsmponqzeruhhvskovixzk/SourcePackages/checkouts/supabase-swift
    builtin-copy -exclude .DS_Store -exclude CVS -exclude .svn -exclude .git -exclude .hg -resolve-src-symlinks -rename /Users/xinyufang/Library/Developer/Xcode/DerivedData/Buzz-faillbpsmponqzeruhhvskovixzk/Build/Intermediates.noindex/Supabase.build/Debug-iphonesimulator/Realtime.build/Objects-normal/arm64/Realtime.swiftdoc /Users/xinyufang/Library/Developer/Xcode/DerivedData/Buzz-faillbpsmponqzeruhhvskovixzk/Build/Products/Debug-iphonesimulator/Realtime.swiftmodule/arm64-apple-ios-simulator.swiftdoc

Copy /Users/xinyufang/Library/Developer/Xcode/DerivedData/Buzz-faillbpsmponqzeruhhvskovixzk/Build/Products/Debug-iphonesimulator/Realtime.swiftmodule/arm64-apple-ios-simulator.abi.json /Users/xinyufang/Library/Developer/Xcode/DerivedData/Buzz-faillbpsmponqzeruhhvskovixzk/Build/Intermediates.noindex/Supabase.build/Debug-iphonesimulator/Realtime.build/Objects-normal/arm64/Realtime.abi.json (in target 'Realtime' from project 'Supabase')
    cd /Users/xinyufang/Library/Developer/Xcode/DerivedData/Buzz-faillbpsmponqzeruhhvskovixzk/SourcePackages/checkouts/supabase-swift
    builtin-copy -exclude .DS_Store -exclude CVS -exclude .svn -exclude .git -exclude .hg -resolve-src-symlinks -rename /Users/xinyufang/Library/Developer/Xcode/DerivedData/Buzz-faillbpsmponqzeruhhvskovixzk/Build/Intermediates.noindex/Supabase.build/Debug-iphonesimulator/Realtime.build/Objects-normal/arm64/Realtime.abi.json /Users/xinyufang/Library/Developer/Xcode/DerivedData/Buzz-faillbpsmponqzeruhhvskovixzk/Build/Products/Debug-iphonesimulator/Realtime.swiftmodule/arm64-apple-ios-simulator.abi.json

Copy /Users/xinyufang/Library/Developer/Xcode/DerivedData/Buzz-faillbpsmponqzeruhhvskovixzk/Build/Products/Debug-iphonesimulator/Realtime.swiftmodule/Project/arm64-apple-ios-simulator.swiftsourceinfo /Users/xinyufang/Library/Developer/Xcode/DerivedData/Buzz-faillbpsmponqzeruhhvskovixzk/Build/Intermediates.noindex/Supabase.build/Debug-iphonesimulator/Realtime.build/Objects-normal/arm64/Realtime.swiftsourceinfo (in target 'Realtime' from project 'Supabase')
    cd /Users/xinyufang/Library/Developer/Xcode/DerivedData/Buzz-faillbpsmponqzeruhhvskovixzk/SourcePackages/checkouts/supabase-swift
    builtin-copy -exclude .DS_Store -exclude CVS -exclude .svn -exclude .git -exclude .hg -resolve-src-symlinks -rename /Users/xinyufang/Library/Developer/Xcode/DerivedData/Buzz-faillbpsmponqzeruhhvskovixzk/Build/Intermediates.noindex/Supabase.build/Debug-iphonesimulator/Realtime.build/Objects-normal/arm64/Realtime.swiftsourceinfo /Users/xinyufang/Library/Developer/Xcode/DerivedData/Buzz-faillbpsmponqzeruhhvskovixzk/Build/Products/Debug-iphonesimulator/Realtime.swiftmodule/Project/arm64-apple-ios-simulator.swiftsourceinfo

SwiftCompile normal arm64 Compiling\ RealtimeChannel.swift,\ RealtimeClient.swift,\ RealtimeMessage.swift,\ TimeoutTimer.swift /Users/xinyufang/Library/Developer/Xcode/DerivedData/Buzz-faillbpsmponqzeruhhvskovixzk/SourcePackages/checkouts/supabase-swift/Sources/Realtime/Deprecated/RealtimeChannel.swift /Users/xinyufang/Library/Developer/Xcode/DerivedData/Buzz-faillbpsmponqzeruhhvskovixzk/SourcePackages/checkouts/supabase-swift/Sources/Realtime/Deprecated/RealtimeClient.swift /Users/xinyufang/Library/Developer/Xcode/DerivedData/Buzz-faillbpsmponqzeruhhvskovixzk/SourcePackages/checkouts/supabase-swift/Sources/Realtime/Deprecated/RealtimeMessage.swift /Users/xinyufang/Library/Developer/Xcode/DerivedData/Buzz-faillbpsmponqzeruhhvskovixzk/SourcePackages/checkouts/supabase-swift/Sources/Realtime/Deprecated/TimeoutTimer.swift (in target 'Realtime' from project 'Supabase')
SwiftCompile normal arm64 /Users/xinyufang/Library/Developer/Xcode/DerivedData/Buzz-faillbpsmponqzeruhhvskovixzk/SourcePackages/checkouts/supabase-swift/Sources/Realtime/Deprecated/RealtimeChannel.swift (in target 'Realtime' from project 'Supabase')
    cd /Users/xinyufang/Documents/Buzz/Buzz.xcodeproj
    

SwiftCompile normal arm64 /Users/xinyufang/Library/Developer/Xcode/DerivedData/Buzz-faillbpsmponqzeruhhvskovixzk/SourcePackages/checkouts/supabase-swift/Sources/Realtime/Deprecated/RealtimeClient.swift (in target 'Realtime' from project 'Supabase')
    cd /Users/xinyufang/Documents/Buzz/Buzz.xcodeproj
    

SwiftCompile normal arm64 /Users/xinyufang/Library/Developer/Xcode/DerivedData/Buzz-faillbpsmponqzeruhhvskovixzk/SourcePackages/checkouts/supabase-swift/Sources/Realtime/Deprecated/RealtimeMessage.swift (in target 'Realtime' from project 'Supabase')
    cd /Users/xinyufang/Documents/Buzz/Buzz.xcodeproj
    

SwiftCompile normal arm64 /Users/xinyufang/Library/Developer/Xcode/DerivedData/Buzz-faillbpsmponqzeruhhvskovixzk/SourcePackages/checkouts/supabase-swift/Sources/Realtime/Deprecated/TimeoutTimer.swift (in target 'Realtime' from project 'Supabase')
    cd /Users/xinyufang/Documents/Buzz/Buzz.xcodeproj
    

SwiftDriverJobDiscovery normal arm64 Compiling Deprecated.swift, Exports.swift (in target 'Storage' from project 'Supabase')

SwiftCompile normal arm64 Compiling\ PushV2.swift,\ RealtimeChannel+AsyncAwait.swift,\ RealtimeChannelV2.swift /Users/xinyufang/Library/Developer/Xcode/DerivedData/Buzz-faillbpsmponqzeruhhvskovixzk/SourcePackages/checkouts/supabase-swift/Sources/Realtime/PushV2.swift /Users/xinyufang/Library/Developer/Xcode/DerivedData/Buzz-faillbpsmponqzeruhhvskovixzk/SourcePackages/checkouts/supabase-swift/Sources/Realtime/RealtimeChannel+AsyncAwait.swift /Users/xinyufang/Library/Developer/Xcode/DerivedData/Buzz-faillbpsmponqzeruhhvskovixzk/SourcePackages/checkouts/supabase-swift/Sources/Realtime/RealtimeChannelV2.swift (in target 'Realtime' from project 'Supabase')

SwiftCompile normal arm64 /Users/xinyufang/Library/Developer/Xcode/DerivedData/Buzz-faillbpsmponqzeruhhvskovixzk/SourcePackages/checkouts/supabase-swift/Sources/Realtime/PushV2.swift (in target 'Realtime' from project 'Supabase')
    cd /Users/xinyufang/Documents/Buzz/Buzz.xcodeproj
    

SwiftCompile normal arm64 /Users/xinyufang/Library/Developer/Xcode/DerivedData/Buzz-faillbpsmponqzeruhhvskovixzk/SourcePackages/checkouts/supabase-swift/Sources/Realtime/RealtimeChannel+AsyncAwait.swift (in target 'Realtime' from project 'Supabase')
    cd /Users/xinyufang/Documents/Buzz/Buzz.xcodeproj
    

SwiftCompile normal arm64 /Users/xinyufang/Library/Developer/Xcode/DerivedData/Buzz-faillbpsmponqzeruhhvskovixzk/SourcePackages/checkouts/supabase-swift/Sources/Realtime/RealtimeChannelV2.swift (in target 'Realtime' from project 'Supabase')
    cd /Users/xinyufang/Documents/Buzz/Buzz.xcodeproj
    

SwiftCompile normal arm64 Compiling\ Types.swift,\ URLSessionWebSocket.swift,\ WebSocket.swift /Users/xinyufang/Library/Developer/Xcode/DerivedData/Buzz-faillbpsmponqzeruhhvskovixzk/SourcePackages/checkouts/supabase-swift/Sources/Realtime/Types.swift /Users/xinyufang/Library/Developer/Xcode/DerivedData/Buzz-faillbpsmponqzeruhhvskovixzk/SourcePackages/checkouts/supabase-swift/Sources/Realtime/WebSocket/URLSessionWebSocket.swift /Users/xinyufang/Library/Developer/Xcode/DerivedData/Buzz-faillbpsmponqzeruhhvskovixzk/SourcePackages/checkouts/supabase-swift/Sources/Realtime/WebSocket/WebSocket.swift (in target 'Realtime' from project 'Supabase')

SwiftCompile normal arm64 /Users/xinyufang/Library/Developer/Xcode/DerivedData/Buzz-faillbpsmponqzeruhhvskovixzk/SourcePackages/checkouts/supabase-swift/Sources/Realtime/Types.swift (in target 'Realtime' from project 'Supabase')
    cd /Users/xinyufang/Documents/Buzz/Buzz.xcodeproj
    

SwiftCompile normal arm64 /Users/xinyufang/Library/Developer/Xcode/DerivedData/Buzz-faillbpsmponqzeruhhvskovixzk/SourcePackages/checkouts/supabase-swift/Sources/Realtime/WebSocket/URLSessionWebSocket.swift (in target 'Realtime' from project 'Supabase')
    cd /Users/xinyufang/Documents/Buzz/Buzz.xcodeproj
    

SwiftCompile normal arm64 /Users/xinyufang/Library/Developer/Xcode/DerivedData/Buzz-faillbpsmponqzeruhhvskovixzk/SourcePackages/checkouts/supabase-swift/Sources/Realtime/WebSocket/WebSocket.swift (in target 'Realtime' from project 'Supabase')
    cd /Users/xinyufang/Documents/Buzz/Buzz.xcodeproj
    

SwiftEmitModule normal arm64 Emitting\ module\ for\ Auth (in target 'Auth' from project 'Supabase')

EmitSwiftModule normal arm64 (in target 'Auth' from project 'Supabase')
    cd /Users/xinyufang/Documents/Buzz/Buzz.xcodeproj
    

SwiftDriverJobDiscovery normal arm64 Compiling Helpers.swift, MultipartFormData.swift (in target 'Storage' from project 'Supabase')

SwiftCompile normal arm64 Compiling\ CallbackManager.swift,\ Defaults.swift,\ Delegated.swift,\ Deprecated.swift /Users/xinyufang/Library/Developer/Xcode/DerivedData/Buzz-faillbpsmponqzeruhhvskovixzk/SourcePackages/checkouts/supabase-swift/Sources/Realtime/CallbackManager.swift /Users/xinyufang/Library/Developer/Xcode/DerivedData/Buzz-faillbpsmponqzeruhhvskovixzk/SourcePackages/checkouts/supabase-swift/Sources/Realtime/Deprecated/Defaults.swift /Users/xinyufang/Library/Developer/Xcode/DerivedData/Buzz-faillbpsmponqzeruhhvskovixzk/SourcePackages/checkouts/supabase-swift/Sources/Realtime/Deprecated/Delegated.swift /Users/xinyufang/Library/Developer/Xcode/DerivedData/Buzz-faillbpsmponqzeruhhvskovixzk/SourcePackages/checkouts/supabase-swift/Sources/Realtime/Deprecated/Deprecated.swift (in target 'Realtime' from project 'Supabase')

SwiftCompile normal arm64 /Users/xinyufang/Library/Developer/Xcode/DerivedData/Buzz-faillbpsmponqzeruhhvskovixzk/SourcePackages/checkouts/supabase-swift/Sources/Realtime/CallbackManager.swift (in target 'Realtime' from project 'Supabase')
    cd /Users/xinyufang/Documents/Buzz/Buzz.xcodeproj
    

SwiftCompile normal arm64 /Users/xinyufang/Library/Developer/Xcode/DerivedData/Buzz-faillbpsmponqzeruhhvskovixzk/SourcePackages/checkouts/supabase-swift/Sources/Realtime/Deprecated/Defaults.swift (in target 'Realtime' from project 'Supabase')
    cd /Users/xinyufang/Documents/Buzz/Buzz.xcodeproj
    

SwiftCompile normal arm64 /Users/xinyufang/Library/Developer/Xcode/DerivedData/Buzz-faillbpsmponqzeruhhvskovixzk/SourcePackages/checkouts/supabase-swift/Sources/Realtime/Deprecated/Delegated.swift (in target 'Realtime' from project 'Supabase')
    cd /Users/xinyufang/Documents/Buzz/Buzz.xcodeproj
    

SwiftCompile normal arm64 /Users/xinyufang/Library/Developer/Xcode/DerivedData/Buzz-faillbpsmponqzeruhhvskovixzk/SourcePackages/checkouts/supabase-swift/Sources/Realtime/Deprecated/Deprecated.swift (in target 'Realtime' from project 'Supabase')
    cd /Users/xinyufang/Documents/Buzz/Buzz.xcodeproj
    

SwiftDriverJobDiscovery normal arm64 Compiling Types.swift (in target 'Storage' from project 'Supabase')

SwiftCompile normal arm64 Compiling\ Exports.swift,\ PostgresAction.swift,\ PostgresActionData.swift,\ PresenceAction.swift /Users/xinyufang/Library/Developer/Xcode/DerivedData/Buzz-faillbpsmponqzeruhhvskovixzk/SourcePackages/checkouts/supabase-swift/Sources/Realtime/Exports.swift /Users/xinyufang/Library/Developer/Xcode/DerivedData/Buzz-faillbpsmponqzeruhhvskovixzk/SourcePackages/checkouts/supabase-swift/Sources/Realtime/PostgresAction.swift /Users/xinyufang/Library/Developer/Xcode/DerivedData/Buzz-faillbpsmponqzeruhhvskovixzk/SourcePackages/checkouts/supabase-swift/Sources/Realtime/PostgresActionData.swift /Users/xinyufang/Library/Developer/Xcode/DerivedData/Buzz-faillbpsmponqzeruhhvskovixzk/SourcePackages/checkouts/supabase-swift/Sources/Realtime/PresenceAction.swift (in target 'Realtime' from project 'Supabase')

SwiftCompile normal arm64 /Users/xinyufang/Library/Developer/Xcode/DerivedData/Buzz-faillbpsmponqzeruhhvskovixzk/SourcePackages/checkouts/supabase-swift/Sources/Realtime/Exports.swift (in target 'Realtime' from project 'Supabase')
    cd /Users/xinyufang/Documents/Buzz/Buzz.xcodeproj
    

SwiftCompile normal arm64 /Users/xinyufang/Library/Developer/Xcode/DerivedData/Buzz-faillbpsmponqzeruhhvskovixzk/SourcePackages/checkouts/supabase-swift/Sources/Realtime/PostgresAction.swift (in target 'Realtime' from project 'Supabase')
    cd /Users/xinyufang/Documents/Buzz/Buzz.xcodeproj
    

SwiftCompile normal arm64 /Users/xinyufang/Library/Developer/Xcode/DerivedData/Buzz-faillbpsmponqzeruhhvskovixzk/SourcePackages/checkouts/supabase-swift/Sources/Realtime/PostgresActionData.swift (in target 'Realtime' from project 'Supabase')
    cd /Users/xinyufang/Documents/Buzz/Buzz.xcodeproj
    

SwiftCompile normal arm64 /Users/xinyufang/Library/Developer/Xcode/DerivedData/Buzz-faillbpsmponqzeruhhvskovixzk/SourcePackages/checkouts/supabase-swift/Sources/Realtime/PresenceAction.swift (in target 'Realtime' from project 'Supabase')
    cd /Users/xinyufang/Documents/Buzz/Buzz.xcodeproj
    

SwiftDriverJobDiscovery normal arm64 Compiling StorageError.swift, StorageFileApi.swift (in target 'Storage' from project 'Supabase')

SwiftDriver\ Compilation Storage normal arm64 com.apple.xcode.tools.swift.compiler (in target 'Storage' from project 'Supabase')
    cd /Users/xinyufang/Documents/Buzz/Buzz.xcodeproj
    builtin-Swift-Compilation -- /Applications/Xcode.app/Contents/Developer/Toolchains/XcodeDefault.xctoolchain/usr/bin/swiftc -module-name Storage -Onone -enforce-exclusivity\=checked @/Users/xinyufang/Library/Developer/Xcode/DerivedData/Buzz-faillbpsmponqzeruhhvskovixzk/Build/Intermediates.noindex/Supabase.build/Debug-iphonesimulator/Storage.build/Objects-normal/arm64/Storage.SwiftFileList -DSWIFT_PACKAGE -DDEBUG -DSWIFT_MODULE_RESOURCE_BUNDLE_UNAVAILABLE -DXcode -enable-upcoming-feature ExistentialAny -enable-experimental-feature StrictConcurrency -plugin-path /Applications/Xcode.app/Contents/Developer/Toolchains/XcodeDefault.xctoolchain/usr/lib/swift/host/plugins/testing -enable-experimental-feature DebugDescriptionMacro -sdk /Applications/Xcode.app/Contents/Developer/Platforms/iPhoneSimulator.platform/Developer/SDKs/iPhoneSimulator26.0.sdk -target arm64-apple-ios13.0-simulator -g -module-cache-path /Users/xinyufang/Library/Developer/Xcode/DerivedData/ModuleCache.noindex -Xfrontend -serialize-debugging-options -enable-testing -suppress-warnings -index-store-path /Users/xinyufang/Library/Developer/Xcode/DerivedData/Buzz-faillbpsmponqzeruhhvskovixzk/Index.noindex/DataStore -Xcc -D_LIBCPP_HARDENING_MODE\=_LIBCPP_HARDENING_MODE_DEBUG -swift-version 5 -I /Users/xinyufang/Library/Developer/Xcode/DerivedData/Buzz-faillbpsmponqzeruhhvskovixzk/Build/Products/Debug-iphonesimulator -Isystem /Applications/Xcode.app/Contents/Developer/Platforms/iPhoneSimulator.platform/Developer/usr/lib -F /Users/xinyufang/Library/Developer/Xcode/DerivedData/Buzz-faillbpsmponqzeruhhvskovixzk/Build/Products/Debug-iphonesimulator/PackageFrameworks -F /Users/xinyufang/Library/Developer/Xcode/DerivedData/Buzz-faillbpsmponqzeruhhvskovixzk/Build/Products/Debug-iphonesimulator/PackageFrameworks -F /Users/xinyufang/Library/Developer/Xcode/DerivedData/Buzz-faillbpsmponqzeruhhvskovixzk/Build/Products/Debug-iphonesimulator/PackageFrameworks -F /Users/xinyufang/Library/Developer/Xcode/DerivedData/Buzz-faillbpsmponqzeruhhvskovixzk/Build/Products/Debug-iphonesimulator/PackageFrameworks -F /Users/xinyufang/Library/Developer/Xcode/DerivedData/Buzz-faillbpsmponqzeruhhvskovixzk/Build/Products/Debug-iphonesimulator/PackageFrameworks -F /Users/xinyufang/Library/Developer/Xcode/DerivedData/Buzz-faillbpsmponqzeruhhvskovixzk/Build/Products/Debug-iphonesimulator/PackageFrameworks -F /Users/xinyufang/Library/Developer/Xcode/DerivedData/Buzz-faillbpsmponqzeruhhvskovixzk/Build/Products/Debug-iphonesimulator/PackageFrameworks -F /Users/xinyufang/Library/Developer/Xcode/DerivedData/Buzz-faillbpsmponqzeruhhvskovixzk/Build/Products/Debug-iphonesimulator -F /Applications/Xcode.app/Contents/Developer/Platforms/iPhoneSimulator.platform/Developer/Library/Frameworks -F /Applications/Xcode.app/Contents/Developer/Platforms/iPhoneSimulator.platform/Developer/SDKs/iPhoneSimulator26.0.sdk/Developer/Library/Frameworks -c -j8 -enable-batch-mode -incremental -Xcc -ivfsstatcache -Xcc /Users/xinyufang/Library/Developer/Xcode/DerivedData/SDKStatCaches.noindex/iphonesimulator26.0-23A339-26257891a6c027eb51374368541b8346.sdkstatcache -output-file-map /Users/xinyufang/Library/Developer/Xcode/DerivedData/Buzz-faillbpsmponqzeruhhvskovixzk/Build/Intermediates.noindex/Supabase.build/Debug-iphonesimulator/Storage.build/Objects-normal/arm64/Storage-OutputFileMap.json -use-frontend-parseable-output -save-temps -no-color-diagnostics -explicit-module-build -module-cache-path /Users/xinyufang/Library/Developer/Xcode/DerivedData/Buzz-faillbpsmponqzeruhhvskovixzk/Build/Intermediates.noindex/SwiftExplicitPrecompiledModules -clang-scanner-module-cache-path /Users/xinyufang/Library/Developer/Xcode/DerivedData/ModuleCache.noindex -sdk-module-cache-path /Users/xinyufang/Library/Developer/Xcode/DerivedData/ModuleCache.noindex -serialize-diagnostics -emit-dependencies -emit-module -emit-module-path /Users/xinyufang/Library/Developer/Xcode/DerivedData/Buzz-faillbpsmponqzeruhhvskovixzk/Build/Intermediates.noindex/Supabase.build/Debug-iphonesimulator/Storage.build/Objects-normal/arm64/Storage.swiftmodule -user-module-version 2.36.0 -validate-clang-modules-once -clang-build-session-file /Users/xinyufang/Library/Developer/Xcode/DerivedData/ModuleCache.noindex/Session.modulevalidation -package-name supabase_swift -Xcc -I/Users/xinyufang/Library/Developer/Xcode/DerivedData/Buzz-faillbpsmponqzeruhhvskovixzk/Build/Intermediates.noindex/Supabase.build/Debug-iphonesimulator/Storage.build/swift-overrides.hmap -emit-const-values -Xfrontend -const-gather-protocols-file -Xfrontend /Users/xinyufang/Library/Developer/Xcode/DerivedData/Buzz-faillbpsmponqzeruhhvskovixzk/Build/Intermediates.noindex/Supabase.build/Debug-iphonesimulator/Storage.build/Objects-normal/arm64/Storage_const_extract_protocols.json -Xcc -I/Users/xinyufang/Library/Developer/Xcode/DerivedData/Buzz-faillbpsmponqzeruhhvskovixzk/Build/Products/Debug-iphonesimulator/include -Xcc -I/Users/xinyufang/Library/Developer/Xcode/DerivedData/Buzz-faillbpsmponqzeruhhvskovixzk/Build/Intermediates.noindex/Supabase.build/Debug-iphonesimulator/Storage.build/DerivedSources-normal/arm64 -Xcc -I/Users/xinyufang/Library/Developer/Xcode/DerivedData/Buzz-faillbpsmponqzeruhhvskovixzk/Build/Intermediates.noindex/Supabase.build/Debug-iphonesimulator/Storage.build/DerivedSources/arm64 -Xcc -I/Users/xinyufang/Library/Developer/Xcode/DerivedData/Buzz-faillbpsmponqzeruhhvskovixzk/Build/Intermediates.noindex/Supabase.build/Debug-iphonesimulator/Storage.build/DerivedSources -Xcc -DSWIFT_PACKAGE -Xcc -DDEBUG\=1 -emit-objc-header -emit-objc-header-path /Users/xinyufang/Library/Developer/Xcode/DerivedData/Buzz-faillbpsmponqzeruhhvskovixzk/Build/Intermediates.noindex/Supabase.build/Debug-iphonesimulator/Storage.build/Objects-normal/arm64/Storage-Swift.h -working-directory /Users/xinyufang/Documents/Buzz/Buzz.xcodeproj -experimental-emit-module-separately -disable-cmo

SwiftDriverJobDiscovery normal arm64 Compiling HeartbeatTimer.swift, PhoenixTransport.swift, Presence.swift, Push.swift (in target 'Realtime' from project 'Supabase')

SwiftCompile normal arm64 Compiling\ RealtimeMessageV2.swift,\ RealtimePostgresFilter.swift,\ RealtimePostgresFilterValue.swift /Users/xinyufang/Library/Developer/Xcode/DerivedData/Buzz-faillbpsmponqzeruhhvskovixzk/SourcePackages/checkouts/supabase-swift/Sources/Realtime/RealtimeMessageV2.swift /Users/xinyufang/Library/Developer/Xcode/DerivedData/Buzz-faillbpsmponqzeruhhvskovixzk/SourcePackages/checkouts/supabase-swift/Sources/Realtime/RealtimePostgresFilter.swift /Users/xinyufang/Library/Developer/Xcode/DerivedData/Buzz-faillbpsmponqzeruhhvskovixzk/SourcePackages/checkouts/supabase-swift/Sources/Realtime/RealtimePostgresFilterValue.swift (in target 'Realtime' from project 'Supabase')

SwiftCompile normal arm64 /Users/xinyufang/Library/Developer/Xcode/DerivedData/Buzz-faillbpsmponqzeruhhvskovixzk/SourcePackages/checkouts/supabase-swift/Sources/Realtime/RealtimeMessageV2.swift (in target 'Realtime' from project 'Supabase')
    cd /Users/xinyufang/Documents/Buzz/Buzz.xcodeproj
    

SwiftCompile normal arm64 /Users/xinyufang/Library/Developer/Xcode/DerivedData/Buzz-faillbpsmponqzeruhhvskovixzk/SourcePackages/checkouts/supabase-swift/Sources/Realtime/RealtimePostgresFilter.swift (in target 'Realtime' from project 'Supabase')
    cd /Users/xinyufang/Documents/Buzz/Buzz.xcodeproj
    

SwiftCompile normal arm64 /Users/xinyufang/Library/Developer/Xcode/DerivedData/Buzz-faillbpsmponqzeruhhvskovixzk/SourcePackages/checkouts/supabase-swift/Sources/Realtime/RealtimePostgresFilterValue.swift (in target 'Realtime' from project 'Supabase')
    cd /Users/xinyufang/Documents/Buzz/Buzz.xcodeproj
    

SwiftCompile normal arm64 Compiling\ PostgrestFilterBuilder.swift /Users/xinyufang/Library/Developer/Xcode/DerivedData/Buzz-faillbpsmponqzeruhhvskovixzk/SourcePackages/checkouts/supabase-swift/Sources/PostgREST/PostgrestFilterBuilder.swift (in target 'PostgREST' from project 'Supabase')

SwiftCompile normal arm64 /Users/xinyufang/Library/Developer/Xcode/DerivedData/Buzz-faillbpsmponqzeruhhvskovixzk/SourcePackages/checkouts/supabase-swift/Sources/PostgREST/PostgrestFilterBuilder.swift (in target 'PostgREST' from project 'Supabase')
    cd /Users/xinyufang/Documents/Buzz/Buzz.xcodeproj
    

SwiftDriverJobDiscovery normal arm64 Emitting module for Auth (in target 'Auth' from project 'Supabase')

SwiftDriver\ Compilation\ Requirements Auth normal arm64 com.apple.xcode.tools.swift.compiler (in target 'Auth' from project 'Supabase')
    cd /Users/xinyufang/Documents/Buzz/Buzz.xcodeproj
    builtin-Swift-Compilation-Requirements -- /Applications/Xcode.app/Contents/Developer/Toolchains/XcodeDefault.xctoolchain/usr/bin/swiftc -module-name Auth -Onone -enforce-exclusivity\=checked @/Users/xinyufang/Library/Developer/Xcode/DerivedData/Buzz-faillbpsmponqzeruhhvskovixzk/Build/Intermediates.noindex/Supabase.build/Debug-iphonesimulator/Auth.build/Objects-normal/arm64/Auth.SwiftFileList -DSWIFT_PACKAGE -DDEBUG -DSWIFT_MODULE_RESOURCE_BUNDLE_UNAVAILABLE -DXcode -enable-upcoming-feature ExistentialAny -enable-experimental-feature StrictConcurrency -plugin-path /Applications/Xcode.app/Contents/Developer/Toolchains/XcodeDefault.xctoolchain/usr/lib/swift/host/plugins/testing -enable-experimental-feature DebugDescriptionMacro -sdk /Applications/Xcode.app/Contents/Developer/Platforms/iPhoneSimulator.platform/Developer/SDKs/iPhoneSimulator26.0.sdk -target arm64-apple-ios13.0-simulator -g -module-cache-path /Users/xinyufang/Library/Developer/Xcode/DerivedData/ModuleCache.noindex -Xfrontend -serialize-debugging-options -enable-testing -suppress-warnings -index-store-path /Users/xinyufang/Library/Developer/Xcode/DerivedData/Buzz-faillbpsmponqzeruhhvskovixzk/Index.noindex/DataStore -Xcc -D_LIBCPP_HARDENING_MODE\=_LIBCPP_HARDENING_MODE_DEBUG -swift-version 5 -I /Users/xinyufang/Library/Developer/Xcode/DerivedData/Buzz-faillbpsmponqzeruhhvskovixzk/Build/Products/Debug-iphonesimulator -Isystem /Applications/Xcode.app/Contents/Developer/Platforms/iPhoneSimulator.platform/Developer/usr/lib -F /Users/xinyufang/Library/Developer/Xcode/DerivedData/Buzz-faillbpsmponqzeruhhvskovixzk/Build/Products/Debug-iphonesimulator/PackageFrameworks -F /Users/xinyufang/Library/Developer/Xcode/DerivedData/Buzz-faillbpsmponqzeruhhvskovixzk/Build/Products/Debug-iphonesimulator/PackageFrameworks -F /Users/xinyufang/Library/Developer/Xcode/DerivedData/Buzz-faillbpsmponqzeruhhvskovixzk/Build/Products/Debug-iphonesimulator/PackageFrameworks -F /Users/xinyufang/Library/Developer/Xcode/DerivedData/Buzz-faillbpsmponqzeruhhvskovixzk/Build/Products/Debug-iphonesimulator/PackageFrameworks -F /Users/xinyufang/Library/Developer/Xcode/DerivedData/Buzz-faillbpsmponqzeruhhvskovixzk/Build/Products/Debug-iphonesimulator/PackageFrameworks -F /Users/xinyufang/Library/Developer/Xcode/DerivedData/Buzz-faillbpsmponqzeruhhvskovixzk/Build/Products/Debug-iphonesimulator/PackageFrameworks -F /Users/xinyufang/Library/Developer/Xcode/DerivedData/Buzz-faillbpsmponqzeruhhvskovixzk/Build/Products/Debug-iphonesimulator/PackageFrameworks -F /Users/xinyufang/Library/Developer/Xcode/DerivedData/Buzz-faillbpsmponqzeruhhvskovixzk/Build/Products/Debug-iphonesimulator/PackageFrameworks -F /Users/xinyufang/Library/Developer/Xcode/DerivedData/Buzz-faillbpsmponqzeruhhvskovixzk/Build/Products/Debug-iphonesimulator -F /Applications/Xcode.app/Contents/Developer/Platforms/iPhoneSimulator.platform/Developer/Library/Frameworks -F /Applications/Xcode.app/Contents/Developer/Platforms/iPhoneSimulator.platform/Developer/SDKs/iPhoneSimulator26.0.sdk/Developer/Library/Frameworks -c -j8 -enable-batch-mode -incremental -Xcc -ivfsstatcache -Xcc /Users/xinyufang/Library/Developer/Xcode/DerivedData/SDKStatCaches.noindex/iphonesimulator26.0-23A339-26257891a6c027eb51374368541b8346.sdkstatcache -output-file-map /Users/xinyufang/Library/Developer/Xcode/DerivedData/Buzz-faillbpsmponqzeruhhvskovixzk/Build/Intermediates.noindex/Supabase.build/Debug-iphonesimulator/Auth.build/Objects-normal/arm64/Auth-OutputFileMap.json -use-frontend-parseable-output -save-temps -no-color-diagnostics -explicit-module-build -module-cache-path /Users/xinyufang/Library/Developer/Xcode/DerivedData/Buzz-faillbpsmponqzeruhhvskovixzk/Build/Intermediates.noindex/SwiftExplicitPrecompiledModules -clang-scanner-module-cache-path /Users/xinyufang/Library/Developer/Xcode/DerivedData/ModuleCache.noindex -sdk-module-cache-path /Users/xinyufang/Library/Developer/Xcode/DerivedData/ModuleCache.noindex -serialize-diagnostics -emit-dependencies -emit-module -emit-module-path /Users/xinyufang/Library/Developer/Xcode/DerivedData/Buzz-faillbpsmponqzeruhhvskovixzk/Build/Intermediates.noindex/Supabase.build/Debug-iphonesimulator/Auth.build/Objects-normal/arm64/Auth.swiftmodule -user-module-version 2.36.0 -validate-clang-modules-once -clang-build-session-file /Users/xinyufang/Library/Developer/Xcode/DerivedData/ModuleCache.noindex/Session.modulevalidation -package-name supabase_swift -Xcc -I/Users/xinyufang/Library/Developer/Xcode/DerivedData/Buzz-faillbpsmponqzeruhhvskovixzk/Build/Intermediates.noindex/Supabase.build/Debug-iphonesimulator/Auth.build/swift-overrides.hmap -emit-const-values -Xfrontend -const-gather-protocols-file -Xfrontend /Users/xinyufang/Library/Developer/Xcode/DerivedData/Buzz-faillbpsmponqzeruhhvskovixzk/Build/Intermediates.noindex/Supabase.build/Debug-iphonesimulator/Auth.build/Objects-normal/arm64/Auth_const_extract_protocols.json -Xcc -I/Users/xinyufang/Library/Developer/Xcode/DerivedData/Buzz-faillbpsmponqzeruhhvskovixzk/Build/Products/Debug-iphonesimulator/include -Xcc -I/Users/xinyufang/Library/Developer/Xcode/DerivedData/Buzz-faillbpsmponqzeruhhvskovixzk/Build/Intermediates.noindex/Supabase.build/Debug-iphonesimulator/Auth.build/DerivedSources-normal/arm64 -Xcc -I/Users/xinyufang/Library/Developer/Xcode/DerivedData/Buzz-faillbpsmponqzeruhhvskovixzk/Build/Intermediates.noindex/Supabase.build/Debug-iphonesimulator/Auth.build/DerivedSources/arm64 -Xcc -I/Users/xinyufang/Library/Developer/Xcode/DerivedData/Buzz-faillbpsmponqzeruhhvskovixzk/Build/Intermediates.noindex/Supabase.build/Debug-iphonesimulator/Auth.build/DerivedSources -Xcc -DSWIFT_PACKAGE -Xcc -DDEBUG\=1 -emit-objc-header -emit-objc-header-path /Users/xinyufang/Library/Developer/Xcode/DerivedData/Buzz-faillbpsmponqzeruhhvskovixzk/Build/Intermediates.noindex/Supabase.build/Debug-iphonesimulator/Auth.build/Objects-normal/arm64/Auth-Swift.h -working-directory /Users/xinyufang/Documents/Buzz/Buzz.xcodeproj -experimental-emit-module-separately -disable-cmo

SwiftDriverJobDiscovery normal arm64 Compiling Types.swift, URLSessionWebSocket.swift, WebSocket.swift (in target 'Realtime' from project 'Supabase')

SwiftCompile normal arm64 Compiling\ PostgrestClient.swift /Users/xinyufang/Library/Developer/Xcode/DerivedData/Buzz-faillbpsmponqzeruhhvskovixzk/SourcePackages/checkouts/supabase-swift/Sources/PostgREST/PostgrestClient.swift (in target 'PostgREST' from project 'Supabase')

SwiftCompile normal arm64 /Users/xinyufang/Library/Developer/Xcode/DerivedData/Buzz-faillbpsmponqzeruhhvskovixzk/SourcePackages/checkouts/supabase-swift/Sources/PostgREST/PostgrestClient.swift (in target 'PostgREST' from project 'Supabase')
    cd /Users/xinyufang/Documents/Buzz/Buzz.xcodeproj
    

SwiftMergeGeneratedHeaders /Users/xinyufang/Library/Developer/Xcode/DerivedData/Buzz-faillbpsmponqzeruhhvskovixzk/Build/Intermediates.noindex/GeneratedModuleMaps-iphonesimulator/Auth-Swift.h /Users/xinyufang/Library/Developer/Xcode/DerivedData/Buzz-faillbpsmponqzeruhhvskovixzk/Build/Intermediates.noindex/Supabase.build/Debug-iphonesimulator/Auth.build/Objects-normal/arm64/Auth-Swift.h (in target 'Auth' from project 'Supabase')
    cd /Users/xinyufang/Library/Developer/Xcode/DerivedData/Buzz-faillbpsmponqzeruhhvskovixzk/SourcePackages/checkouts/supabase-swift
    builtin-swiftHeaderTool -arch arm64 /Users/xinyufang/Library/Developer/Xcode/DerivedData/Buzz-faillbpsmponqzeruhhvskovixzk/Build/Intermediates.noindex/Supabase.build/Debug-iphonesimulator/Auth.build/Objects-normal/arm64/Auth-Swift.h -o /Users/xinyufang/Library/Developer/Xcode/DerivedData/Buzz-faillbpsmponqzeruhhvskovixzk/Build/Intermediates.noindex/GeneratedModuleMaps-iphonesimulator/Auth-Swift.h

SwiftDriverJobDiscovery normal arm64 Compiling PushV2.swift, RealtimeChannel+AsyncAwait.swift, RealtimeChannelV2.swift (in target 'Realtime' from project 'Supabase')

Copy /Users/xinyufang/Library/Developer/Xcode/DerivedData/Buzz-faillbpsmponqzeruhhvskovixzk/Build/Products/Debug-iphonesimulator/Auth.swiftmodule/arm64-apple-ios-simulator.swiftmodule /Users/xinyufang/Library/Developer/Xcode/DerivedData/Buzz-faillbpsmponqzeruhhvskovixzk/Build/Intermediates.noindex/Supabase.build/Debug-iphonesimulator/Auth.build/Objects-normal/arm64/Auth.swiftmodule (in target 'Auth' from project 'Supabase')
    cd /Users/xinyufang/Library/Developer/Xcode/DerivedData/Buzz-faillbpsmponqzeruhhvskovixzk/SourcePackages/checkouts/supabase-swift
    builtin-copy -exclude .DS_Store -exclude CVS -exclude .svn -exclude .git -exclude .hg -resolve-src-symlinks -rename /Users/xinyufang/Library/Developer/Xcode/DerivedData/Buzz-faillbpsmponqzeruhhvskovixzk/Build/Intermediates.noindex/Supabase.build/Debug-iphonesimulator/Auth.build/Objects-normal/arm64/Auth.swiftmodule /Users/xinyufang/Library/Developer/Xcode/DerivedData/Buzz-faillbpsmponqzeruhhvskovixzk/Build/Products/Debug-iphonesimulator/Auth.swiftmodule/arm64-apple-ios-simulator.swiftmodule

Copy /Users/xinyufang/Library/Developer/Xcode/DerivedData/Buzz-faillbpsmponqzeruhhvskovixzk/Build/Products/Debug-iphonesimulator/Auth.swiftmodule/arm64-apple-ios-simulator.swiftdoc /Users/xinyufang/Library/Developer/Xcode/DerivedData/Buzz-faillbpsmponqzeruhhvskovixzk/Build/Intermediates.noindex/Supabase.build/Debug-iphonesimulator/Auth.build/Objects-normal/arm64/Auth.swiftdoc (in target 'Auth' from project 'Supabase')
    cd /Users/xinyufang/Library/Developer/Xcode/DerivedData/Buzz-faillbpsmponqzeruhhvskovixzk/SourcePackages/checkouts/supabase-swift
    builtin-copy -exclude .DS_Store -exclude CVS -exclude .svn -exclude .git -exclude .hg -resolve-src-symlinks -rename /Users/xinyufang/Library/Developer/Xcode/DerivedData/Buzz-faillbpsmponqzeruhhvskovixzk/Build/Intermediates.noindex/Supabase.build/Debug-iphonesimulator/Auth.build/Objects-normal/arm64/Auth.swiftdoc /Users/xinyufang/Library/Developer/Xcode/DerivedData/Buzz-faillbpsmponqzeruhhvskovixzk/Build/Products/Debug-iphonesimulator/Auth.swiftmodule/arm64-apple-ios-simulator.swiftdoc

Copy /Users/xinyufang/Library/Developer/Xcode/DerivedData/Buzz-faillbpsmponqzeruhhvskovixzk/Build/Products/Debug-iphonesimulator/Auth.swiftmodule/arm64-apple-ios-simulator.abi.json /Users/xinyufang/Library/Developer/Xcode/DerivedData/Buzz-faillbpsmponqzeruhhvskovixzk/Build/Intermediates.noindex/Supabase.build/Debug-iphonesimulator/Auth.build/Objects-normal/arm64/Auth.abi.json (in target 'Auth' from project 'Supabase')
    cd /Users/xinyufang/Library/Developer/Xcode/DerivedData/Buzz-faillbpsmponqzeruhhvskovixzk/SourcePackages/checkouts/supabase-swift
    builtin-copy -exclude .DS_Store -exclude CVS -exclude .svn -exclude .git -exclude .hg -resolve-src-symlinks -rename /Users/xinyufang/Library/Developer/Xcode/DerivedData/Buzz-faillbpsmponqzeruhhvskovixzk/Build/Intermediates.noindex/Supabase.build/Debug-iphonesimulator/Auth.build/Objects-normal/arm64/Auth.abi.json /Users/xinyufang/Library/Developer/Xcode/DerivedData/Buzz-faillbpsmponqzeruhhvskovixzk/Build/Products/Debug-iphonesimulator/Auth.swiftmodule/arm64-apple-ios-simulator.abi.json

Copy /Users/xinyufang/Library/Developer/Xcode/DerivedData/Buzz-faillbpsmponqzeruhhvskovixzk/Build/Products/Debug-iphonesimulator/Auth.swiftmodule/Project/arm64-apple-ios-simulator.swiftsourceinfo /Users/xinyufang/Library/Developer/Xcode/DerivedData/Buzz-faillbpsmponqzeruhhvskovixzk/Build/Intermediates.noindex/Supabase.build/Debug-iphonesimulator/Auth.build/Objects-normal/arm64/Auth.swiftsourceinfo (in target 'Auth' from project 'Supabase')
    cd /Users/xinyufang/Library/Developer/Xcode/DerivedData/Buzz-faillbpsmponqzeruhhvskovixzk/SourcePackages/checkouts/supabase-swift
    builtin-copy -exclude .DS_Store -exclude CVS -exclude .svn -exclude .git -exclude .hg -resolve-src-symlinks -rename /Users/xinyufang/Library/Developer/Xcode/DerivedData/Buzz-faillbpsmponqzeruhhvskovixzk/Build/Intermediates.noindex/Supabase.build/Debug-iphonesimulator/Auth.build/Objects-normal/arm64/Auth.swiftsourceinfo /Users/xinyufang/Library/Developer/Xcode/DerivedData/Buzz-faillbpsmponqzeruhhvskovixzk/Build/Products/Debug-iphonesimulator/Auth.swiftmodule/Project/arm64-apple-ios-simulator.swiftsourceinfo

SwiftCompile normal arm64 Compiling\ Exports.swift,\ PostgrestBuilder.swift /Users/xinyufang/Library/Developer/Xcode/DerivedData/Buzz-faillbpsmponqzeruhhvskovixzk/SourcePackages/checkouts/supabase-swift/Sources/PostgREST/Exports.swift /Users/xinyufang/Library/Developer/Xcode/DerivedData/Buzz-faillbpsmponqzeruhhvskovixzk/SourcePackages/checkouts/supabase-swift/Sources/PostgREST/PostgrestBuilder.swift (in target 'PostgREST' from project 'Supabase')

SwiftCompile normal arm64 /Users/xinyufang/Library/Developer/Xcode/DerivedData/Buzz-faillbpsmponqzeruhhvskovixzk/SourcePackages/checkouts/supabase-swift/Sources/PostgREST/Exports.swift (in target 'PostgREST' from project 'Supabase')
    cd /Users/xinyufang/Documents/Buzz/Buzz.xcodeproj
    

SwiftCompile normal arm64 /Users/xinyufang/Library/Developer/Xcode/DerivedData/Buzz-faillbpsmponqzeruhhvskovixzk/SourcePackages/checkouts/supabase-swift/Sources/PostgREST/PostgrestBuilder.swift (in target 'PostgREST' from project 'Supabase')
    cd /Users/xinyufang/Documents/Buzz/Buzz.xcodeproj
    

SwiftCompile normal arm64 Compiling\ PostgrestFilterValue.swift /Users/xinyufang/Library/Developer/Xcode/DerivedData/Buzz-faillbpsmponqzeruhhvskovixzk/SourcePackages/checkouts/supabase-swift/Sources/PostgREST/PostgrestFilterValue.swift (in target 'PostgREST' from project 'Supabase')

SwiftCompile normal arm64 /Users/xinyufang/Library/Developer/Xcode/DerivedData/Buzz-faillbpsmponqzeruhhvskovixzk/SourcePackages/checkouts/supabase-swift/Sources/PostgREST/PostgrestFilterValue.swift (in target 'PostgREST' from project 'Supabase')
    cd /Users/xinyufang/Documents/Buzz/Buzz.xcodeproj
    

SwiftDriverJobDiscovery normal arm64 Compiling RealtimeClientV2.swift, RealtimeError.swift, RealtimeJoinConfig.swift (in target 'Realtime' from project 'Supabase')

SwiftCompile normal arm64 Compiling\ Types.swift /Users/xinyufang/Library/Developer/Xcode/DerivedData/Buzz-faillbpsmponqzeruhhvskovixzk/SourcePackages/checkouts/supabase-swift/Sources/PostgREST/Types.swift (in target 'PostgREST' from project 'Supabase')
SwiftCompile normal arm64 /Users/xinyufang/Library/Developer/Xcode/DerivedData/Buzz-faillbpsmponqzeruhhvskovixzk/SourcePackages/checkouts/supabase-swift/Sources/PostgREST/Types.swift (in target 'PostgREST' from project 'Supabase')
    cd /Users/xinyufang/Documents/Buzz/Buzz.xcodeproj
    

SwiftDriverJobDiscovery normal arm64 Compiling CallbackManager.swift, Defaults.swift, Delegated.swift, Deprecated.swift (in target 'Realtime' from project 'Supabase')

SwiftDriverJobDiscovery normal arm64 Compiling RealtimeMessageV2.swift, RealtimePostgresFilter.swift, RealtimePostgresFilterValue.swift (in target 'Realtime' from project 'Supabase')

SwiftCompile normal arm64 Compiling\ PostgrestTransformBuilder.swift /Users/xinyufang/Library/Developer/Xcode/DerivedData/Buzz-faillbpsmponqzeruhhvskovixzk/SourcePackages/checkouts/supabase-swift/Sources/PostgREST/PostgrestTransformBuilder.swift (in target 'PostgREST' from project 'Supabase')
SwiftCompile normal arm64 /Users/xinyufang/Library/Developer/Xcode/DerivedData/Buzz-faillbpsmponqzeruhhvskovixzk/SourcePackages/checkouts/supabase-swift/Sources/PostgREST/PostgrestTransformBuilder.swift (in target 'PostgREST' from project 'Supabase')
    cd /Users/xinyufang/Documents/Buzz/Buzz.xcodeproj
    

SwiftCompile normal arm64 Compiling\ PostgrestQueryBuilder.swift /Users/xinyufang/Library/Developer/Xcode/DerivedData/Buzz-faillbpsmponqzeruhhvskovixzk/SourcePackages/checkouts/supabase-swift/Sources/PostgREST/PostgrestQueryBuilder.swift (in target 'PostgREST' from project 'Supabase')
SwiftCompile normal arm64 /Users/xinyufang/Library/Developer/Xcode/DerivedData/Buzz-faillbpsmponqzeruhhvskovixzk/SourcePackages/checkouts/supabase-swift/Sources/PostgREST/PostgrestQueryBuilder.swift (in target 'PostgREST' from project 'Supabase')
    cd /Users/xinyufang/Documents/Buzz/Buzz.xcodeproj
    

SwiftDriverJobDiscovery normal arm64 Compiling PostgrestFilterBuilder.swift (in target 'PostgREST' from project 'Supabase')

SwiftCompile normal arm64 Compiling\ Defaults.swift,\ Deprecated.swift /Users/xinyufang/Library/Developer/Xcode/DerivedData/Buzz-faillbpsmponqzeruhhvskovixzk/SourcePackages/checkouts/supabase-swift/Sources/PostgREST/Defaults.swift /Users/xinyufang/Library/Developer/Xcode/DerivedData/Buzz-faillbpsmponqzeruhhvskovixzk/SourcePackages/checkouts/supabase-swift/Sources/PostgREST/Deprecated.swift (in target 'PostgREST' from project 'Supabase')
SwiftCompile normal arm64 /Users/xinyufang/Library/Developer/Xcode/DerivedData/Buzz-faillbpsmponqzeruhhvskovixzk/SourcePackages/checkouts/supabase-swift/Sources/PostgREST/Defaults.swift (in target 'PostgREST' from project 'Supabase')
    cd /Users/xinyufang/Documents/Buzz/Buzz.xcodeproj
    

SwiftCompile normal arm64 /Users/xinyufang/Library/Developer/Xcode/DerivedData/Buzz-faillbpsmponqzeruhhvskovixzk/SourcePackages/checkouts/supabase-swift/Sources/PostgREST/Deprecated.swift (in target 'PostgREST' from project 'Supabase')
    cd /Users/xinyufang/Documents/Buzz/Buzz.xcodeproj
    

SwiftDriverJobDiscovery normal arm64 Compiling PostgrestClient.swift (in target 'PostgREST' from project 'Supabase')

SwiftCompile normal arm64 Compiling\ Types.swift /Users/xinyufang/Library/Developer/Xcode/DerivedData/Buzz-faillbpsmponqzeruhhvskovixzk/SourcePackages/checkouts/supabase-swift/Sources/Functions/Types.swift (in target 'Functions' from project 'Supabase')
SwiftCompile normal arm64 /Users/xinyufang/Library/Developer/Xcode/DerivedData/Buzz-faillbpsmponqzeruhhvskovixzk/SourcePackages/checkouts/supabase-swift/Sources/Functions/Types.swift (in target 'Functions' from project 'Supabase')
    cd /Users/xinyufang/Documents/Buzz/Buzz.xcodeproj
    

SwiftDriverJobDiscovery normal arm64 Compiling Exports.swift, PostgresAction.swift, PostgresActionData.swift, PresenceAction.swift (in target 'Realtime' from project 'Supabase')

SwiftDriverJobDiscovery normal arm64 Compiling Exports.swift, PostgrestBuilder.swift (in target 'PostgREST' from project 'Supabase')

SwiftCompile normal arm64 Compiling\ Exports.swift /Users/xinyufang/Library/Developer/Xcode/DerivedData/Buzz-faillbpsmponqzeruhhvskovixzk/SourcePackages/checkouts/supabase-swift/Sources/Functions/Exports.swift (in target 'Functions' from project 'Supabase')

SwiftCompile normal arm64 /Users/xinyufang/Library/Developer/Xcode/DerivedData/Buzz-faillbpsmponqzeruhhvskovixzk/SourcePackages/checkouts/supabase-swift/Sources/Functions/Exports.swift (in target 'Functions' from project 'Supabase')
    cd /Users/xinyufang/Documents/Buzz/Buzz.xcodeproj
    

SwiftCompile normal arm64 Compiling\ FunctionsClient.swift /Users/xinyufang/Library/Developer/Xcode/DerivedData/Buzz-faillbpsmponqzeruhhvskovixzk/SourcePackages/checkouts/supabase-swift/Sources/Functions/FunctionsClient.swift (in target 'Functions' from project 'Supabase')
SwiftCompile normal arm64 /Users/xinyufang/Library/Developer/Xcode/DerivedData/Buzz-faillbpsmponqzeruhhvskovixzk/SourcePackages/checkouts/supabase-swift/Sources/Functions/FunctionsClient.swift (in target 'Functions' from project 'Supabase')
    cd /Users/xinyufang/Documents/Buzz/Buzz.xcodeproj
    

SwiftDriverJobDiscovery normal arm64 Compiling PostgrestFilterValue.swift (in target 'PostgREST' from project 'Supabase')

SwiftDriverJobDiscovery normal arm64 Compiling RealtimeChannel.swift, RealtimeClient.swift, RealtimeMessage.swift, TimeoutTimer.swift (in target 'Realtime' from project 'Supabase')

SwiftCompile normal arm64 Compiling\ Helpers.swift,\ JWK+RSA.swift,\ JWTAlgorithm.swift /Users/xinyufang/Library/Developer/Xcode/DerivedData/Buzz-faillbpsmponqzeruhhvskovixzk/SourcePackages/checkouts/supabase-swift/Sources/Auth/Internal/Helpers.swift /Users/xinyufang/Library/Developer/Xcode/DerivedData/Buzz-faillbpsmponqzeruhhvskovixzk/SourcePackages/checkouts/supabase-swift/Sources/Auth/Internal/JWK+RSA.swift /Users/xinyufang/Library/Developer/Xcode/DerivedData/Buzz-faillbpsmponqzeruhhvskovixzk/SourcePackages/checkouts/supabase-swift/Sources/Auth/Internal/JWTAlgorithm.swift (in target 'Auth' from project 'Supabase')

SwiftCompile normal arm64 /Users/xinyufang/Library/Developer/Xcode/DerivedData/Buzz-faillbpsmponqzeruhhvskovixzk/SourcePackages/checkouts/supabase-swift/Sources/Auth/Internal/Helpers.swift (in target 'Auth' from project 'Supabase')
    cd /Users/xinyufang/Documents/Buzz/Buzz.xcodeproj
    

SwiftCompile normal arm64 /Users/xinyufang/Library/Developer/Xcode/DerivedData/Buzz-faillbpsmponqzeruhhvskovixzk/SourcePackages/checkouts/supabase-swift/Sources/Auth/Internal/JWK+RSA.swift (in target 'Auth' from project 'Supabase')
    cd /Users/xinyufang/Documents/Buzz/Buzz.xcodeproj
    

SwiftCompile normal arm64 /Users/xinyufang/Library/Developer/Xcode/DerivedData/Buzz-faillbpsmponqzeruhhvskovixzk/SourcePackages/checkouts/supabase-swift/Sources/Auth/Internal/JWTAlgorithm.swift (in target 'Auth' from project 'Supabase')
    cd /Users/xinyufang/Documents/Buzz/Buzz.xcodeproj
    

SwiftDriverJobDiscovery normal arm64 Compiling Types.swift (in target 'PostgREST' from project 'Supabase')

SwiftDriver\ Compilation Realtime normal arm64 com.apple.xcode.tools.swift.compiler (in target 'Realtime' from project 'Supabase')
    cd /Users/xinyufang/Documents/Buzz/Buzz.xcodeproj
    builtin-Swift-Compilation -- /Applications/Xcode.app/Contents/Developer/Toolchains/XcodeDefault.xctoolchain/usr/bin/swiftc -module-name Realtime -Onone -enforce-exclusivity\=checked @/Users/xinyufang/Library/Developer/Xcode/DerivedData/Buzz-faillbpsmponqzeruhhvskovixzk/Build/Intermediates.noindex/Supabase.build/Debug-iphonesimulator/Realtime.build/Objects-normal/arm64/Realtime.SwiftFileList -DSWIFT_PACKAGE -DDEBUG -DSWIFT_MODULE_RESOURCE_BUNDLE_UNAVAILABLE -DXcode -enable-upcoming-feature ExistentialAny -enable-experimental-feature StrictConcurrency -plugin-path /Applications/Xcode.app/Contents/Developer/Toolchains/XcodeDefault.xctoolchain/usr/lib/swift/host/plugins/testing -enable-experimental-feature DebugDescriptionMacro -sdk /Applications/Xcode.app/Contents/Developer/Platforms/iPhoneSimulator.platform/Developer/SDKs/iPhoneSimulator26.0.sdk -target arm64-apple-ios13.0-simulator -g -module-cache-path /Users/xinyufang/Library/Developer/Xcode/DerivedData/ModuleCache.noindex -Xfrontend -serialize-debugging-options -enable-testing -suppress-warnings -index-store-path /Users/xinyufang/Library/Developer/Xcode/DerivedData/Buzz-faillbpsmponqzeruhhvskovixzk/Index.noindex/DataStore -Xcc -D_LIBCPP_HARDENING_MODE\=_LIBCPP_HARDENING_MODE_DEBUG -swift-version 5 -I /Users/xinyufang/Library/Developer/Xcode/DerivedData/Buzz-faillbpsmponqzeruhhvskovixzk/Build/Products/Debug-iphonesimulator -Isystem /Applications/Xcode.app/Contents/Developer/Platforms/iPhoneSimulator.platform/Developer/usr/lib -F /Users/xinyufang/Library/Developer/Xcode/DerivedData/Buzz-faillbpsmponqzeruhhvskovixzk/Build/Products/Debug-iphonesimulator/PackageFrameworks -F /Users/xinyufang/Library/Developer/Xcode/DerivedData/Buzz-faillbpsmponqzeruhhvskovixzk/Build/Products/Debug-iphonesimulator/PackageFrameworks -F /Users/xinyufang/Library/Developer/Xcode/DerivedData/Buzz-faillbpsmponqzeruhhvskovixzk/Build/Products/Debug-iphonesimulator/PackageFrameworks -F /Users/xinyufang/Library/Developer/Xcode/DerivedData/Buzz-faillbpsmponqzeruhhvskovixzk/Build/Products/Debug-iphonesimulator/PackageFrameworks -F /Users/xinyufang/Library/Developer/Xcode/DerivedData/Buzz-faillbpsmponqzeruhhvskovixzk/Build/Products/Debug-iphonesimulator/PackageFrameworks -F /Users/xinyufang/Library/Developer/Xcode/DerivedData/Buzz-faillbpsmponqzeruhhvskovixzk/Build/Products/Debug-iphonesimulator/PackageFrameworks -F /Users/xinyufang/Library/Developer/Xcode/DerivedData/Buzz-faillbpsmponqzeruhhvskovixzk/Build/Products/Debug-iphonesimulator/PackageFrameworks -F /Users/xinyufang/Library/Developer/Xcode/DerivedData/Buzz-faillbpsmponqzeruhhvskovixzk/Build/Products/Debug-iphonesimulator -F /Applications/Xcode.app/Contents/Developer/Platforms/iPhoneSimulator.platform/Developer/Library/Frameworks -F /Applications/Xcode.app/Contents/Developer/Platforms/iPhoneSimulator.platform/Developer/SDKs/iPhoneSimulator26.0.sdk/Developer/Library/Frameworks -c -j8 -enable-batch-mode -incremental -Xcc -ivfsstatcache -Xcc /Users/xinyufang/Library/Developer/Xcode/DerivedData/SDKStatCaches.noindex/iphonesimulator26.0-23A339-26257891a6c027eb51374368541b8346.sdkstatcache -output-file-map /Users/xinyufang/Library/Developer/Xcode/DerivedData/Buzz-faillbpsmponqzeruhhvskovixzk/Build/Intermediates.noindex/Supabase.build/Debug-iphonesimulator/Realtime.build/Objects-normal/arm64/Realtime-OutputFileMap.json -use-frontend-parseable-output -save-temps -no-color-diagnostics -explicit-module-build -module-cache-path /Users/xinyufang/Library/Developer/Xcode/DerivedData/Buzz-faillbpsmponqzeruhhvskovixzk/Build/Intermediates.noindex/SwiftExplicitPrecompiledModules -clang-scanner-module-cache-path /Users/xinyufang/Library/Developer/Xcode/DerivedData/ModuleCache.noindex -sdk-module-cache-path /Users/xinyufang/Library/Developer/Xcode/DerivedData/ModuleCache.noindex -serialize-diagnostics -emit-dependencies -emit-module -emit-module-path /Users/xinyufang/Library/Developer/Xcode/DerivedData/Buzz-faillbpsmponqzeruhhvskovixzk/Build/Intermediates.noindex/Supabase.build/Debug-iphonesimulator/Realtime.build/Objects-normal/arm64/Realtime.swiftmodule -user-module-version 2.36.0 -validate-clang-modules-once -clang-build-session-file /Users/xinyufang/Library/Developer/Xcode/DerivedData/ModuleCache.noindex/Session.modulevalidation -package-name supabase_swift -Xcc -I/Users/xinyufang/Library/Developer/Xcode/DerivedData/Buzz-faillbpsmponqzeruhhvskovixzk/Build/Intermediates.noindex/Supabase.build/Debug-iphonesimulator/Realtime.build/swift-overrides.hmap -emit-const-values -Xfrontend -const-gather-protocols-file -Xfrontend /Users/xinyufang/Library/Developer/Xcode/DerivedData/Buzz-faillbpsmponqzeruhhvskovixzk/Build/Intermediates.noindex/Supabase.build/Debug-iphonesimulator/Realtime.build/Objects-normal/arm64/Realtime_const_extract_protocols.json -Xcc -I/Users/xinyufang/Library/Developer/Xcode/DerivedData/Buzz-faillbpsmponqzeruhhvskovixzk/Build/Products/Debug-iphonesimulator/include -Xcc -I/Users/xinyufang/Library/Developer/Xcode/DerivedData/Buzz-faillbpsmponqzeruhhvskovixzk/Build/Intermediates.noindex/Supabase.build/Debug-iphonesimulator/Realtime.build/DerivedSources-normal/arm64 -Xcc -I/Users/xinyufang/Library/Developer/Xcode/DerivedData/Buzz-faillbpsmponqzeruhhvskovixzk/Build/Intermediates.noindex/Supabase.build/Debug-iphonesimulator/Realtime.build/DerivedSources/arm64 -Xcc -I/Users/xinyufang/Library/Developer/Xcode/DerivedData/Buzz-faillbpsmponqzeruhhvskovixzk/Build/Intermediates.noindex/Supabase.build/Debug-iphonesimulator/Realtime.build/DerivedSources -Xcc -DSWIFT_PACKAGE -Xcc -DDEBUG\=1 -emit-objc-header -emit-objc-header-path /Users/xinyufang/Library/Developer/Xcode/DerivedData/Buzz-faillbpsmponqzeruhhvskovixzk/Build/Intermediates.noindex/Supabase.build/Debug-iphonesimulator/Realtime.build/Objects-normal/arm64/Realtime-Swift.h -working-directory /Users/xinyufang/Documents/Buzz/Buzz.xcodeproj -experimental-emit-module-separately -disable-cmo

SwiftCompile normal arm64 Compiling\ AuthError.swift,\ AuthMFA.swift,\ AuthStateChangeListener.swift,\ Defaults.swift /Users/xinyufang/Library/Developer/Xcode/DerivedData/Buzz-faillbpsmponqzeruhhvskovixzk/SourcePackages/checkouts/supabase-swift/Sources/Auth/AuthError.swift /Users/xinyufang/Library/Developer/Xcode/DerivedData/Buzz-faillbpsmponqzeruhhvskovixzk/SourcePackages/checkouts/supabase-swift/Sources/Auth/AuthMFA.swift /Users/xinyufang/Library/Developer/Xcode/DerivedData/Buzz-faillbpsmponqzeruhhvskovixzk/SourcePackages/checkouts/supabase-swift/Sources/Auth/AuthStateChangeListener.swift /Users/xinyufang/Library/Developer/Xcode/DerivedData/Buzz-faillbpsmponqzeruhhvskovixzk/SourcePackages/checkouts/supabase-swift/Sources/Auth/Defaults.swift (in target 'Auth' from project 'Supabase')
SwiftCompile normal arm64 /Users/xinyufang/Library/Developer/Xcode/DerivedData/Buzz-faillbpsmponqzeruhhvskovixzk/SourcePackages/checkouts/supabase-swift/Sources/Auth/AuthError.swift (in target 'Auth' from project 'Supabase')
    cd /Users/xinyufang/Documents/Buzz/Buzz.xcodeproj
    

SwiftCompile normal arm64 /Users/xinyufang/Library/Developer/Xcode/DerivedData/Buzz-faillbpsmponqzeruhhvskovixzk/SourcePackages/checkouts/supabase-swift/Sources/Auth/AuthMFA.swift (in target 'Auth' from project 'Supabase')
    cd /Users/xinyufang/Documents/Buzz/Buzz.xcodeproj
    

SwiftCompile normal arm64 /Users/xinyufang/Library/Developer/Xcode/DerivedData/Buzz-faillbpsmponqzeruhhvskovixzk/SourcePackages/checkouts/supabase-swift/Sources/Auth/AuthStateChangeListener.swift (in target 'Auth' from project 'Supabase')
    cd /Users/xinyufang/Documents/Buzz/Buzz.xcodeproj
    

SwiftCompile normal arm64 /Users/xinyufang/Library/Developer/Xcode/DerivedData/Buzz-faillbpsmponqzeruhhvskovixzk/SourcePackages/checkouts/supabase-swift/Sources/Auth/Defaults.swift (in target 'Auth' from project 'Supabase')
    cd /Users/xinyufang/Documents/Buzz/Buzz.xcodeproj
    

SwiftDriverJobDiscovery normal arm64 Compiling Exports.swift (in target 'Functions' from project 'Supabase')

SwiftCompile normal arm64 Compiling\ SessionStorage.swift,\ URLOpener.swift,\ AuthLocalStorage.swift /Users/xinyufang/Library/Developer/Xcode/DerivedData/Buzz-faillbpsmponqzeruhhvskovixzk/SourcePackages/checkouts/supabase-swift/Sources/Auth/Internal/SessionStorage.swift /Users/xinyufang/Library/Developer/Xcode/DerivedData/Buzz-faillbpsmponqzeruhhvskovixzk/SourcePackages/checkouts/supabase-swift/Sources/Auth/Internal/URLOpener.swift /Users/xinyufang/Library/Developer/Xcode/DerivedData/Buzz-faillbpsmponqzeruhhvskovixzk/SourcePackages/checkouts/supabase-swift/Sources/Auth/Storage/AuthLocalStorage.swift (in target 'Auth' from project 'Supabase')

SwiftCompile normal arm64 /Users/xinyufang/Library/Developer/Xcode/DerivedData/Buzz-faillbpsmponqzeruhhvskovixzk/SourcePackages/checkouts/supabase-swift/Sources/Auth/Internal/SessionStorage.swift (in target 'Auth' from project 'Supabase')
    cd /Users/xinyufang/Documents/Buzz/Buzz.xcodeproj
    

SwiftCompile normal arm64 /Users/xinyufang/Library/Developer/Xcode/DerivedData/Buzz-faillbpsmponqzeruhhvskovixzk/SourcePackages/checkouts/supabase-swift/Sources/Auth/Internal/URLOpener.swift (in target 'Auth' from project 'Supabase')
    cd /Users/xinyufang/Documents/Buzz/Buzz.xcodeproj
    

SwiftCompile normal arm64 /Users/xinyufang/Library/Developer/Xcode/DerivedData/Buzz-faillbpsmponqzeruhhvskovixzk/SourcePackages/checkouts/supabase-swift/Sources/Auth/Storage/AuthLocalStorage.swift (in target 'Auth' from project 'Supabase')
    cd /Users/xinyufang/Documents/Buzz/Buzz.xcodeproj
    

SwiftDriverJobDiscovery normal arm64 Compiling PostgrestTransformBuilder.swift (in target 'PostgREST' from project 'Supabase')

SwiftCompile normal arm64 Compiling\ KeychainLocalStorage.swift,\ WinCredLocalStorage.swift,\ Types.swift /Users/xinyufang/Library/Developer/Xcode/DerivedData/Buzz-faillbpsmponqzeruhhvskovixzk/SourcePackages/checkouts/supabase-swift/Sources/Auth/Storage/KeychainLocalStorage.swift /Users/xinyufang/Library/Developer/Xcode/DerivedData/Buzz-faillbpsmponqzeruhhvskovixzk/SourcePackages/checkouts/supabase-swift/Sources/Auth/Storage/WinCredLocalStorage.swift /Users/xinyufang/Library/Developer/Xcode/DerivedData/Buzz-faillbpsmponqzeruhhvskovixzk/SourcePackages/checkouts/supabase-swift/Sources/Auth/Types.swift (in target 'Auth' from project 'Supabase')
SwiftCompile normal arm64 /Users/xinyufang/Library/Developer/Xcode/DerivedData/Buzz-faillbpsmponqzeruhhvskovixzk/SourcePackages/checkouts/supabase-swift/Sources/Auth/Storage/KeychainLocalStorage.swift (in target 'Auth' from project 'Supabase')
    cd /Users/xinyufang/Documents/Buzz/Buzz.xcodeproj
    

SwiftCompile normal arm64 /Users/xinyufang/Library/Developer/Xcode/DerivedData/Buzz-faillbpsmponqzeruhhvskovixzk/SourcePackages/checkouts/supabase-swift/Sources/Auth/Storage/WinCredLocalStorage.swift (in target 'Auth' from project 'Supabase')
    cd /Users/xinyufang/Documents/Buzz/Buzz.xcodeproj
    

SwiftCompile normal arm64 /Users/xinyufang/Library/Developer/Xcode/DerivedData/Buzz-faillbpsmponqzeruhhvskovixzk/SourcePackages/checkouts/supabase-swift/Sources/Auth/Types.swift (in target 'Auth' from project 'Supabase')
    cd /Users/xinyufang/Documents/Buzz/Buzz.xcodeproj
    

SwiftCompile normal arm64 Compiling\ Constants.swift,\ Dependencies.swift,\ EventEmitter.swift,\ FixedWidthInteger+Random.swift /Users/xinyufang/Library/Developer/Xcode/DerivedData/Buzz-faillbpsmponqzeruhhvskovixzk/SourcePackages/checkouts/supabase-swift/Sources/Auth/Internal/Constants.swift /Users/xinyufang/Library/Developer/Xcode/DerivedData/Buzz-faillbpsmponqzeruhhvskovixzk/SourcePackages/checkouts/supabase-swift/Sources/Auth/Internal/Dependencies.swift /Users/xinyufang/Library/Developer/Xcode/DerivedData/Buzz-faillbpsmponqzeruhhvskovixzk/SourcePackages/checkouts/supabase-swift/Sources/Auth/Internal/EventEmitter.swift /Users/xinyufang/Library/Developer/Xcode/DerivedData/Buzz-faillbpsmponqzeruhhvskovixzk/SourcePackages/checkouts/supabase-swift/Sources/Auth/Internal/FixedWidthInteger+Random.swift (in target 'Auth' from project 'Supabase')

SwiftCompile normal arm64 /Users/xinyufang/Library/Developer/Xcode/DerivedData/Buzz-faillbpsmponqzeruhhvskovixzk/SourcePackages/checkouts/supabase-swift/Sources/Auth/Internal/Constants.swift (in target 'Auth' from project 'Supabase')
    cd /Users/xinyufang/Documents/Buzz/Buzz.xcodeproj
    

SwiftCompile normal arm64 /Users/xinyufang/Library/Developer/Xcode/DerivedData/Buzz-faillbpsmponqzeruhhvskovixzk/SourcePackages/checkouts/supabase-swift/Sources/Auth/Internal/Dependencies.swift (in target 'Auth' from project 'Supabase')
    cd /Users/xinyufang/Documents/Buzz/Buzz.xcodeproj
    

SwiftCompile normal arm64 /Users/xinyufang/Library/Developer/Xcode/DerivedData/Buzz-faillbpsmponqzeruhhvskovixzk/SourcePackages/checkouts/supabase-swift/Sources/Auth/Internal/EventEmitter.swift (in target 'Auth' from project 'Supabase')
    cd /Users/xinyufang/Documents/Buzz/Buzz.xcodeproj
    

SwiftCompile normal arm64 /Users/xinyufang/Library/Developer/Xcode/DerivedData/Buzz-faillbpsmponqzeruhhvskovixzk/SourcePackages/checkouts/supabase-swift/Sources/Auth/Internal/FixedWidthInteger+Random.swift (in target 'Auth' from project 'Supabase')
    cd /Users/xinyufang/Documents/Buzz/Buzz.xcodeproj
    

SwiftDriverJobDiscovery normal arm64 Compiling PostgrestQueryBuilder.swift (in target 'PostgREST' from project 'Supabase')

SwiftCompile normal arm64 Compiling\ Keychain.swift,\ PKCE.swift,\ SessionManager.swift /Users/xinyufang/Library/Developer/Xcode/DerivedData/Buzz-faillbpsmponqzeruhhvskovixzk/SourcePackages/checkouts/supabase-swift/Sources/Auth/Internal/Keychain.swift /Users/xinyufang/Library/Developer/Xcode/DerivedData/Buzz-faillbpsmponqzeruhhvskovixzk/SourcePackages/checkouts/supabase-swift/Sources/Auth/Internal/PKCE.swift /Users/xinyufang/Library/Developer/Xcode/DerivedData/Buzz-faillbpsmponqzeruhhvskovixzk/SourcePackages/checkouts/supabase-swift/Sources/Auth/Internal/SessionManager.swift (in target 'Auth' from project 'Supabase')

SwiftCompile normal arm64 /Users/xinyufang/Library/Developer/Xcode/DerivedData/Buzz-faillbpsmponqzeruhhvskovixzk/SourcePackages/checkouts/supabase-swift/Sources/Auth/Internal/Keychain.swift (in target 'Auth' from project 'Supabase')
    cd /Users/xinyufang/Documents/Buzz/Buzz.xcodeproj
    

SwiftCompile normal arm64 /Users/xinyufang/Library/Developer/Xcode/DerivedData/Buzz-faillbpsmponqzeruhhvskovixzk/SourcePackages/checkouts/supabase-swift/Sources/Auth/Internal/PKCE.swift (in target 'Auth' from project 'Supabase')
    cd /Users/xinyufang/Documents/Buzz/Buzz.xcodeproj
    

SwiftCompile normal arm64 /Users/xinyufang/Library/Developer/Xcode/DerivedData/Buzz-faillbpsmponqzeruhhvskovixzk/SourcePackages/checkouts/supabase-swift/Sources/Auth/Internal/SessionManager.swift (in target 'Auth' from project 'Supabase')
    cd /Users/xinyufang/Documents/Buzz/Buzz.xcodeproj
    

SwiftDriverJobDiscovery normal arm64 Compiling Defaults.swift, Deprecated.swift (in target 'PostgREST' from project 'Supabase')

SwiftDriver\ Compilation PostgREST normal arm64 com.apple.xcode.tools.swift.compiler (in target 'PostgREST' from project 'Supabase')
    cd /Users/xinyufang/Documents/Buzz/Buzz.xcodeproj
    builtin-Swift-Compilation -- /Applications/Xcode.app/Contents/Developer/Toolchains/XcodeDefault.xctoolchain/usr/bin/swiftc -module-name PostgREST -Onone -enforce-exclusivity\=checked @/Users/xinyufang/Library/Developer/Xcode/DerivedData/Buzz-faillbpsmponqzeruhhvskovixzk/Build/Intermediates.noindex/Supabase.build/Debug-iphonesimulator/PostgREST.build/Objects-normal/arm64/PostgREST.SwiftFileList -DSWIFT_PACKAGE -DDEBUG -DSWIFT_MODULE_RESOURCE_BUNDLE_UNAVAILABLE -DXcode -enable-upcoming-feature ExistentialAny -enable-experimental-feature StrictConcurrency -plugin-path /Applications/Xcode.app/Contents/Developer/Toolchains/XcodeDefault.xctoolchain/usr/lib/swift/host/plugins/testing -enable-experimental-feature DebugDescriptionMacro -sdk /Applications/Xcode.app/Contents/Developer/Platforms/iPhoneSimulator.platform/Developer/SDKs/iPhoneSimulator26.0.sdk -target arm64-apple-ios13.0-simulator -g -module-cache-path /Users/xinyufang/Library/Developer/Xcode/DerivedData/ModuleCache.noindex -Xfrontend -serialize-debugging-options -enable-testing -suppress-warnings -index-store-path /Users/xinyufang/Library/Developer/Xcode/DerivedData/Buzz-faillbpsmponqzeruhhvskovixzk/Index.noindex/DataStore -Xcc -D_LIBCPP_HARDENING_MODE\=_LIBCPP_HARDENING_MODE_DEBUG -swift-version 5 -I /Users/xinyufang/Library/Developer/Xcode/DerivedData/Buzz-faillbpsmponqzeruhhvskovixzk/Build/Products/Debug-iphonesimulator -Isystem /Applications/Xcode.app/Contents/Developer/Platforms/iPhoneSimulator.platform/Developer/usr/lib -F /Users/xinyufang/Library/Developer/Xcode/DerivedData/Buzz-faillbpsmponqzeruhhvskovixzk/Build/Products/Debug-iphonesimulator/PackageFrameworks -F /Users/xinyufang/Library/Developer/Xcode/DerivedData/Buzz-faillbpsmponqzeruhhvskovixzk/Build/Products/Debug-iphonesimulator/PackageFrameworks -F /Users/xinyufang/Library/Developer/Xcode/DerivedData/Buzz-faillbpsmponqzeruhhvskovixzk/Build/Products/Debug-iphonesimulator/PackageFrameworks -F /Users/xinyufang/Library/Developer/Xcode/DerivedData/Buzz-faillbpsmponqzeruhhvskovixzk/Build/Products/Debug-iphonesimulator/PackageFrameworks -F /Users/xinyufang/Library/Developer/Xcode/DerivedData/Buzz-faillbpsmponqzeruhhvskovixzk/Build/Products/Debug-iphonesimulator/PackageFrameworks -F /Users/xinyufang/Library/Developer/Xcode/DerivedData/Buzz-faillbpsmponqzeruhhvskovixzk/Build/Products/Debug-iphonesimulator/PackageFrameworks -F /Users/xinyufang/Library/Developer/Xcode/DerivedData/Buzz-faillbpsmponqzeruhhvskovixzk/Build/Products/Debug-iphonesimulator/PackageFrameworks -F /Users/xinyufang/Library/Developer/Xcode/DerivedData/Buzz-faillbpsmponqzeruhhvskovixzk/Build/Products/Debug-iphonesimulator -F /Applications/Xcode.app/Contents/Developer/Platforms/iPhoneSimulator.platform/Developer/Library/Frameworks -F /Applications/Xcode.app/Contents/Developer/Platforms/iPhoneSimulator.platform/Developer/SDKs/iPhoneSimulator26.0.sdk/Developer/Library/Frameworks -c -j8 -enable-batch-mode -incremental -Xcc -ivfsstatcache -Xcc /Users/xinyufang/Library/Developer/Xcode/DerivedData/SDKStatCaches.noindex/iphonesimulator26.0-23A339-26257891a6c027eb51374368541b8346.sdkstatcache -output-file-map /Users/xinyufang/Library/Developer/Xcode/DerivedData/Buzz-faillbpsmponqzeruhhvskovixzk/Build/Intermediates.noindex/Supabase.build/Debug-iphonesimulator/PostgREST.build/Objects-normal/arm64/PostgREST-OutputFileMap.json -use-frontend-parseable-output -save-temps -no-color-diagnostics -explicit-module-build -module-cache-path /Users/xinyufang/Library/Developer/Xcode/DerivedData/Buzz-faillbpsmponqzeruhhvskovixzk/Build/Intermediates.noindex/SwiftExplicitPrecompiledModules -clang-scanner-module-cache-path /Users/xinyufang/Library/Developer/Xcode/DerivedData/ModuleCache.noindex -sdk-module-cache-path /Users/xinyufang/Library/Developer/Xcode/DerivedData/ModuleCache.noindex -serialize-diagnostics -emit-dependencies -emit-module -emit-module-path /Users/xinyufang/Library/Developer/Xcode/DerivedData/Buzz-faillbpsmponqzeruhhvskovixzk/Build/Intermediates.noindex/Supabase.build/Debug-iphonesimulator/PostgREST.build/Objects-normal/arm64/PostgREST.swiftmodule -user-module-version 2.36.0 -validate-clang-modules-once -clang-build-session-file /Users/xinyufang/Library/Developer/Xcode/DerivedData/ModuleCache.noindex/Session.modulevalidation -package-name supabase_swift -Xcc -I/Users/xinyufang/Library/Developer/Xcode/DerivedData/Buzz-faillbpsmponqzeruhhvskovixzk/Build/Intermediates.noindex/Supabase.build/Debug-iphonesimulator/PostgREST.build/swift-overrides.hmap -emit-const-values -Xfrontend -const-gather-protocols-file -Xfrontend /Users/xinyufang/Library/Developer/Xcode/DerivedData/Buzz-faillbpsmponqzeruhhvskovixzk/Build/Intermediates.noindex/Supabase.build/Debug-iphonesimulator/PostgREST.build/Objects-normal/arm64/PostgREST_const_extract_protocols.json -Xcc -I/Users/xinyufang/Library/Developer/Xcode/DerivedData/Buzz-faillbpsmponqzeruhhvskovixzk/Build/Products/Debug-iphonesimulator/include -Xcc -I/Users/xinyufang/Library/Developer/Xcode/DerivedData/Buzz-faillbpsmponqzeruhhvskovixzk/Build/Intermediates.noindex/Supabase.build/Debug-iphonesimulator/PostgREST.build/DerivedSources-normal/arm64 -Xcc -I/Users/xinyufang/Library/Developer/Xcode/DerivedData/Buzz-faillbpsmponqzeruhhvskovixzk/Build/Intermediates.noindex/Supabase.build/Debug-iphonesimulator/PostgREST.build/DerivedSources/arm64 -Xcc -I/Users/xinyufang/Library/Developer/Xcode/DerivedData/Buzz-faillbpsmponqzeruhhvskovixzk/Build/Intermediates.noindex/Supabase.build/Debug-iphonesimulator/PostgREST.build/DerivedSources -Xcc -DSWIFT_PACKAGE -Xcc -DDEBUG\=1 -emit-objc-header -emit-objc-header-path /Users/xinyufang/Library/Developer/Xcode/DerivedData/Buzz-faillbpsmponqzeruhhvskovixzk/Build/Intermediates.noindex/Supabase.build/Debug-iphonesimulator/PostgREST.build/Objects-normal/arm64/PostgREST-Swift.h -working-directory /Users/xinyufang/Documents/Buzz/Buzz.xcodeproj -experimental-emit-module-separately -disable-cmo

SwiftDriverJobDiscovery normal arm64 Compiling Types.swift (in target 'Functions' from project 'Supabase')

SwiftCompile normal arm64 Compiling\ Deprecated.swift,\ Exports.swift,\ APIClient.swift,\ CodeVerifierStorage.swift /Users/xinyufang/Library/Developer/Xcode/DerivedData/Buzz-faillbpsmponqzeruhhvskovixzk/SourcePackages/checkouts/supabase-swift/Sources/Auth/Deprecated.swift /Users/xinyufang/Library/Developer/Xcode/DerivedData/Buzz-faillbpsmponqzeruhhvskovixzk/SourcePackages/checkouts/supabase-swift/Sources/Auth/Exports.swift /Users/xinyufang/Library/Developer/Xcode/DerivedData/Buzz-faillbpsmponqzeruhhvskovixzk/SourcePackages/checkouts/supabase-swift/Sources/Auth/Internal/APIClient.swift /Users/xinyufang/Library/Developer/Xcode/DerivedData/Buzz-faillbpsmponqzeruhhvskovixzk/SourcePackages/checkouts/supabase-swift/Sources/Auth/Internal/CodeVerifierStorage.swift (in target 'Auth' from project 'Supabase')

SwiftCompile normal arm64 /Users/xinyufang/Library/Developer/Xcode/DerivedData/Buzz-faillbpsmponqzeruhhvskovixzk/SourcePackages/checkouts/supabase-swift/Sources/Auth/Deprecated.swift (in target 'Auth' from project 'Supabase')
    cd /Users/xinyufang/Documents/Buzz/Buzz.xcodeproj
    

SwiftCompile normal arm64 /Users/xinyufang/Library/Developer/Xcode/DerivedData/Buzz-faillbpsmponqzeruhhvskovixzk/SourcePackages/checkouts/supabase-swift/Sources/Auth/Exports.swift (in target 'Auth' from project 'Supabase')
    cd /Users/xinyufang/Documents/Buzz/Buzz.xcodeproj
    

SwiftCompile normal arm64 /Users/xinyufang/Library/Developer/Xcode/DerivedData/Buzz-faillbpsmponqzeruhhvskovixzk/SourcePackages/checkouts/supabase-swift/Sources/Auth/Internal/APIClient.swift (in target 'Auth' from project 'Supabase')
    cd /Users/xinyufang/Documents/Buzz/Buzz.xcodeproj
    

SwiftCompile normal arm64 /Users/xinyufang/Library/Developer/Xcode/DerivedData/Buzz-faillbpsmponqzeruhhvskovixzk/SourcePackages/checkouts/supabase-swift/Sources/Auth/Internal/CodeVerifierStorage.swift (in target 'Auth' from project 'Supabase')
    cd /Users/xinyufang/Documents/Buzz/Buzz.xcodeproj
    

SwiftCompile normal arm64 Compiling\ AuthAdmin.swift,\ AuthAdminOAuth.swift,\ AuthClient.swift,\ AuthClientConfiguration.swift /Users/xinyufang/Library/Developer/Xcode/DerivedData/Buzz-faillbpsmponqzeruhhvskovixzk/SourcePackages/checkouts/supabase-swift/Sources/Auth/AuthAdmin.swift /Users/xinyufang/Library/Developer/Xcode/DerivedData/Buzz-faillbpsmponqzeruhhvskovixzk/SourcePackages/checkouts/supabase-swift/Sources/Auth/AuthAdminOAuth.swift /Users/xinyufang/Library/Developer/Xcode/DerivedData/Buzz-faillbpsmponqzeruhhvskovixzk/SourcePackages/checkouts/supabase-swift/Sources/Auth/AuthClient.swift /Users/xinyufang/Library/Developer/Xcode/DerivedData/Buzz-faillbpsmponqzeruhhvskovixzk/SourcePackages/checkouts/supabase-swift/Sources/Auth/AuthClientConfiguration.swift (in target 'Auth' from project 'Supabase')

SwiftCompile normal arm64 /Users/xinyufang/Library/Developer/Xcode/DerivedData/Buzz-faillbpsmponqzeruhhvskovixzk/SourcePackages/checkouts/supabase-swift/Sources/Auth/AuthAdmin.swift (in target 'Auth' from project 'Supabase')
    cd /Users/xinyufang/Documents/Buzz/Buzz.xcodeproj
    

SwiftCompile normal arm64 /Users/xinyufang/Library/Developer/Xcode/DerivedData/Buzz-faillbpsmponqzeruhhvskovixzk/SourcePackages/checkouts/supabase-swift/Sources/Auth/AuthAdminOAuth.swift (in target 'Auth' from project 'Supabase')
    cd /Users/xinyufang/Documents/Buzz/Buzz.xcodeproj
    

SwiftCompile normal arm64 /Users/xinyufang/Library/Developer/Xcode/DerivedData/Buzz-faillbpsmponqzeruhhvskovixzk/SourcePackages/checkouts/supabase-swift/Sources/Auth/AuthClient.swift (in target 'Auth' from project 'Supabase')
    cd /Users/xinyufang/Documents/Buzz/Buzz.xcodeproj
    

SwiftCompile normal arm64 /Users/xinyufang/Library/Developer/Xcode/DerivedData/Buzz-faillbpsmponqzeruhhvskovixzk/SourcePackages/checkouts/supabase-swift/Sources/Auth/AuthClientConfiguration.swift (in target 'Auth' from project 'Supabase')
    cd /Users/xinyufang/Documents/Buzz/Buzz.xcodeproj
    

SwiftDriverJobDiscovery normal arm64 Compiling Helpers.swift, JWK+RSA.swift, JWTAlgorithm.swift (in target 'Auth' from project 'Supabase')

SwiftDriverJobDiscovery normal arm64 Compiling FunctionsClient.swift (in target 'Functions' from project 'Supabase')

SwiftDriver\ Compilation Functions normal arm64 com.apple.xcode.tools.swift.compiler (in target 'Functions' from project 'Supabase')
    cd /Users/xinyufang/Documents/Buzz/Buzz.xcodeproj
    builtin-Swift-Compilation -- /Applications/Xcode.app/Contents/Developer/Toolchains/XcodeDefault.xctoolchain/usr/bin/swiftc -module-name Functions -Onone -enforce-exclusivity\=checked @/Users/xinyufang/Library/Developer/Xcode/DerivedData/Buzz-faillbpsmponqzeruhhvskovixzk/Build/Intermediates.noindex/Supabase.build/Debug-iphonesimulator/Functions.build/Objects-normal/arm64/Functions.SwiftFileList -DSWIFT_PACKAGE -DDEBUG -DSWIFT_MODULE_RESOURCE_BUNDLE_UNAVAILABLE -DXcode -enable-upcoming-feature ExistentialAny -enable-experimental-feature StrictConcurrency -plugin-path /Applications/Xcode.app/Contents/Developer/Toolchains/XcodeDefault.xctoolchain/usr/lib/swift/host/plugins/testing -enable-experimental-feature DebugDescriptionMacro -sdk /Applications/Xcode.app/Contents/Developer/Platforms/iPhoneSimulator.platform/Developer/SDKs/iPhoneSimulator26.0.sdk -target arm64-apple-ios13.0-simulator -g -module-cache-path /Users/xinyufang/Library/Developer/Xcode/DerivedData/ModuleCache.noindex -Xfrontend -serialize-debugging-options -enable-testing -suppress-warnings -index-store-path /Users/xinyufang/Library/Developer/Xcode/DerivedData/Buzz-faillbpsmponqzeruhhvskovixzk/Index.noindex/DataStore -Xcc -D_LIBCPP_HARDENING_MODE\=_LIBCPP_HARDENING_MODE_DEBUG -swift-version 5 -I /Users/xinyufang/Library/Developer/Xcode/DerivedData/Buzz-faillbpsmponqzeruhhvskovixzk/Build/Products/Debug-iphonesimulator -Isystem /Applications/Xcode.app/Contents/Developer/Platforms/iPhoneSimulator.platform/Developer/usr/lib -F /Users/xinyufang/Library/Developer/Xcode/DerivedData/Buzz-faillbpsmponqzeruhhvskovixzk/Build/Products/Debug-iphonesimulator/PackageFrameworks -F /Users/xinyufang/Library/Developer/Xcode/DerivedData/Buzz-faillbpsmponqzeruhhvskovixzk/Build/Products/Debug-iphonesimulator/PackageFrameworks -F /Users/xinyufang/Library/Developer/Xcode/DerivedData/Buzz-faillbpsmponqzeruhhvskovixzk/Build/Products/Debug-iphonesimulator/PackageFrameworks -F /Users/xinyufang/Library/Developer/Xcode/DerivedData/Buzz-faillbpsmponqzeruhhvskovixzk/Build/Products/Debug-iphonesimulator/PackageFrameworks -F /Users/xinyufang/Library/Developer/Xcode/DerivedData/Buzz-faillbpsmponqzeruhhvskovixzk/Build/Products/Debug-iphonesimulator/PackageFrameworks -F /Users/xinyufang/Library/Developer/Xcode/DerivedData/Buzz-faillbpsmponqzeruhhvskovixzk/Build/Products/Debug-iphonesimulator/PackageFrameworks -F /Users/xinyufang/Library/Developer/Xcode/DerivedData/Buzz-faillbpsmponqzeruhhvskovixzk/Build/Products/Debug-iphonesimulator/PackageFrameworks -F /Users/xinyufang/Library/Developer/Xcode/DerivedData/Buzz-faillbpsmponqzeruhhvskovixzk/Build/Products/Debug-iphonesimulator -F /Applications/Xcode.app/Contents/Developer/Platforms/iPhoneSimulator.platform/Developer/Library/Frameworks -F /Applications/Xcode.app/Contents/Developer/Platforms/iPhoneSimulator.platform/Developer/SDKs/iPhoneSimulator26.0.sdk/Developer/Library/Frameworks -c -j8 -enable-batch-mode -incremental -Xcc -ivfsstatcache -Xcc /Users/xinyufang/Library/Developer/Xcode/DerivedData/SDKStatCaches.noindex/iphonesimulator26.0-23A339-26257891a6c027eb51374368541b8346.sdkstatcache -output-file-map /Users/xinyufang/Library/Developer/Xcode/DerivedData/Buzz-faillbpsmponqzeruhhvskovixzk/Build/Intermediates.noindex/Supabase.build/Debug-iphonesimulator/Functions.build/Objects-normal/arm64/Functions-OutputFileMap.json -use-frontend-parseable-output -save-temps -no-color-diagnostics -explicit-module-build -module-cache-path /Users/xinyufang/Library/Developer/Xcode/DerivedData/Buzz-faillbpsmponqzeruhhvskovixzk/Build/Intermediates.noindex/SwiftExplicitPrecompiledModules -clang-scanner-module-cache-path /Users/xinyufang/Library/Developer/Xcode/DerivedData/ModuleCache.noindex -sdk-module-cache-path /Users/xinyufang/Library/Developer/Xcode/DerivedData/ModuleCache.noindex -serialize-diagnostics -emit-dependencies -emit-module -emit-module-path /Users/xinyufang/Library/Developer/Xcode/DerivedData/Buzz-faillbpsmponqzeruhhvskovixzk/Build/Intermediates.noindex/Supabase.build/Debug-iphonesimulator/Functions.build/Objects-normal/arm64/Functions.swiftmodule -user-module-version 2.36.0 -validate-clang-modules-once -clang-build-session-file /Users/xinyufang/Library/Developer/Xcode/DerivedData/ModuleCache.noindex/Session.modulevalidation -package-name supabase_swift -Xcc -I/Users/xinyufang/Library/Developer/Xcode/DerivedData/Buzz-faillbpsmponqzeruhhvskovixzk/Build/Intermediates.noindex/Supabase.build/Debug-iphonesimulator/Functions.build/swift-overrides.hmap -emit-const-values -Xfrontend -const-gather-protocols-file -Xfrontend /Users/xinyufang/Library/Developer/Xcode/DerivedData/Buzz-faillbpsmponqzeruhhvskovixzk/Build/Intermediates.noindex/Supabase.build/Debug-iphonesimulator/Functions.build/Objects-normal/arm64/Functions_const_extract_protocols.json -Xcc -I/Users/xinyufang/Library/Developer/Xcode/DerivedData/Buzz-faillbpsmponqzeruhhvskovixzk/Build/Products/Debug-iphonesimulator/include -Xcc -I/Users/xinyufang/Library/Developer/Xcode/DerivedData/Buzz-faillbpsmponqzeruhhvskovixzk/Build/Intermediates.noindex/Supabase.build/Debug-iphonesimulator/Functions.build/DerivedSources-normal/arm64 -Xcc -I/Users/xinyufang/Library/Developer/Xcode/DerivedData/Buzz-faillbpsmponqzeruhhvskovixzk/Build/Intermediates.noindex/Supabase.build/Debug-iphonesimulator/Functions.build/DerivedSources/arm64 -Xcc -I/Users/xinyufang/Library/Developer/Xcode/DerivedData/Buzz-faillbpsmponqzeruhhvskovixzk/Build/Intermediates.noindex/Supabase.build/Debug-iphonesimulator/Functions.build/DerivedSources -Xcc -DSWIFT_PACKAGE -Xcc -DDEBUG\=1 -emit-objc-header -emit-objc-header-path /Users/xinyufang/Library/Developer/Xcode/DerivedData/Buzz-faillbpsmponqzeruhhvskovixzk/Build/Intermediates.noindex/Supabase.build/Debug-iphonesimulator/Functions.build/Objects-normal/arm64/Functions-Swift.h -working-directory /Users/xinyufang/Documents/Buzz/Buzz.xcodeproj -experimental-emit-module-separately -disable-cmo

RegisterExecutionPolicyException /Users/xinyufang/Library/Developer/Xcode/DerivedData/Buzz-faillbpsmponqzeruhhvskovixzk/Build/Products/Debug-iphonesimulator/GTMAppAuth.o (in target 'GTMAppAuth' from project 'GTMAppAuth')
    cd /Users/xinyufang/Library/Developer/Xcode/DerivedData/Buzz-faillbpsmponqzeruhhvskovixzk/SourcePackages/checkouts/GTMAppAuth
    builtin-RegisterExecutionPolicyException /Users/xinyufang/Library/Developer/Xcode/DerivedData/Buzz-faillbpsmponqzeruhhvskovixzk/Build/Products/Debug-iphonesimulator/GTMAppAuth.o

RegisterExecutionPolicyException /Users/xinyufang/Library/Developer/Xcode/DerivedData/Buzz-faillbpsmponqzeruhhvskovixzk/Build/Products/Debug-iphonesimulator/Clocks.o (in target 'Clocks' from project 'swift-clocks')
    cd /Users/xinyufang/Library/Developer/Xcode/DerivedData/Buzz-faillbpsmponqzeruhhvskovixzk/SourcePackages/checkouts/swift-clocks
    builtin-RegisterExecutionPolicyException /Users/xinyufang/Library/Developer/Xcode/DerivedData/Buzz-faillbpsmponqzeruhhvskovixzk/Build/Products/Debug-iphonesimulator/Clocks.o

SwiftDriver Supabase normal arm64 com.apple.xcode.tools.swift.compiler (in target 'Supabase' from project 'Supabase')
    cd /Users/xinyufang/Documents/Buzz/Buzz.xcodeproj
    builtin-SwiftDriver -- /Applications/Xcode.app/Contents/Developer/Toolchains/XcodeDefault.xctoolchain/usr/bin/swiftc -module-name Supabase -Onone -enforce-exclusivity\=checked @/Users/xinyufang/Library/Developer/Xcode/DerivedData/Buzz-faillbpsmponqzeruhhvskovixzk/Build/Intermediates.noindex/Supabase.build/Debug-iphonesimulator/Supabase.build/Objects-normal/arm64/Supabase.SwiftFileList -DSWIFT_PACKAGE -DDEBUG -DSWIFT_MODULE_RESOURCE_BUNDLE_UNAVAILABLE -DXcode -enable-upcoming-feature ExistentialAny -enable-experimental-feature StrictConcurrency -plugin-path /Applications/Xcode.app/Contents/Developer/Toolchains/XcodeDefault.xctoolchain/usr/lib/swift/host/plugins/testing -enable-experimental-feature DebugDescriptionMacro -sdk /Applications/Xcode.app/Contents/Developer/Platforms/iPhoneSimulator.platform/Developer/SDKs/iPhoneSimulator26.0.sdk -target arm64-apple-ios13.0-simulator -g -module-cache-path /Users/xinyufang/Library/Developer/Xcode/DerivedData/ModuleCache.noindex -Xfrontend -serialize-debugging-options -enable-testing -suppress-warnings -index-store-path /Users/xinyufang/Library/Developer/Xcode/DerivedData/Buzz-faillbpsmponqzeruhhvskovixzk/Index.noindex/DataStore -Xcc -D_LIBCPP_HARDENING_MODE\=_LIBCPP_HARDENING_MODE_DEBUG -swift-version 5 -I /Users/xinyufang/Library/Developer/Xcode/DerivedData/Buzz-faillbpsmponqzeruhhvskovixzk/Build/Products/Debug-iphonesimulator -Isystem /Applications/Xcode.app/Contents/Developer/Platforms/iPhoneSimulator.platform/Developer/usr/lib -F /Users/xinyufang/Library/Developer/Xcode/DerivedData/Buzz-faillbpsmponqzeruhhvskovixzk/Build/Products/Debug-iphonesimulator/PackageFrameworks -F /Users/xinyufang/Library/Developer/Xcode/DerivedData/Buzz-faillbpsmponqzeruhhvskovixzk/Build/Products/Debug-iphonesimulator/PackageFrameworks -F /Users/xinyufang/Library/Developer/Xcode/DerivedData/Buzz-faillbpsmponqzeruhhvskovixzk/Build/Products/Debug-iphonesimulator/PackageFrameworks -F /Users/xinyufang/Library/Developer/Xcode/DerivedData/Buzz-faillbpsmponqzeruhhvskovixzk/Build/Products/Debug-iphonesimulator/PackageFrameworks -F /Users/xinyufang/Library/Developer/Xcode/DerivedData/Buzz-faillbpsmponqzeruhhvskovixzk/Build/Products/Debug-iphonesimulator/PackageFrameworks -F /Users/xinyufang/Library/Developer/Xcode/DerivedData/Buzz-faillbpsmponqzeruhhvskovixzk/Build/Products/Debug-iphonesimulator/PackageFrameworks -F /Users/xinyufang/Library/Developer/Xcode/DerivedData/Buzz-faillbpsmponqzeruhhvskovixzk/Build/Products/Debug-iphonesimulator/PackageFrameworks -F /Users/xinyufang/Library/Developer/Xcode/DerivedData/Buzz-faillbpsmponqzeruhhvskovixzk/Build/Products/Debug-iphonesimulator/PackageFrameworks -F /Users/xinyufang/Library/Developer/Xcode/DerivedData/Buzz-faillbpsmponqzeruhhvskovixzk/Build/Products/Debug-iphonesimulator/PackageFrameworks -F /Users/xinyufang/Library/Developer/Xcode/DerivedData/Buzz-faillbpsmponqzeruhhvskovixzk/Build/Products/Debug-iphonesimulator/PackageFrameworks -F /Users/xinyufang/Library/Developer/Xcode/DerivedData/Buzz-faillbpsmponqzeruhhvskovixzk/Build/Products/Debug-iphonesimulator/PackageFrameworks -F /Users/xinyufang/Library/Developer/Xcode/DerivedData/Buzz-faillbpsmponqzeruhhvskovixzk/Build/Products/Debug-iphonesimulator/PackageFrameworks -F /Users/xinyufang/Library/Developer/Xcode/DerivedData/Buzz-faillbpsmponqzeruhhvskovixzk/Build/Products/Debug-iphonesimulator/PackageFrameworks -F /Users/xinyufang/Library/Developer/Xcode/DerivedData/Buzz-faillbpsmponqzeruhhvskovixzk/Build/Products/Debug-iphonesimulator -F /Applications/Xcode.app/Contents/Developer/Platforms/iPhoneSimulator.platform/Developer/Library/Frameworks -F /Applications/Xcode.app/Contents/Developer/Platforms/iPhoneSimulator.platform/Developer/SDKs/iPhoneSimulator26.0.sdk/Developer/Library/Frameworks -c -j8 -enable-batch-mode -incremental -Xcc -ivfsstatcache -Xcc /Users/xinyufang/Library/Developer/Xcode/DerivedData/SDKStatCaches.noindex/iphonesimulator26.0-23A339-26257891a6c027eb51374368541b8346.sdkstatcache -output-file-map /Users/xinyufang/Library/Developer/Xcode/DerivedData/Buzz-faillbpsmponqzeruhhvskovixzk/Build/Intermediates.noindex/Supabase.build/Debug-iphonesimulator/Supabase.build/Objects-normal/arm64/Supabase-OutputFileMap.json -use-frontend-parseable-output -save-temps -no-color-diagnostics -explicit-module-build -module-cache-path /Users/xinyufang/Library/Developer/Xcode/DerivedData/Buzz-faillbpsmponqzeruhhvskovixzk/Build/Intermediates.noindex/SwiftExplicitPrecompiledModules -clang-scanner-module-cache-path /Users/xinyufang/Library/Developer/Xcode/DerivedData/ModuleCache.noindex -sdk-module-cache-path /Users/xinyufang/Library/Developer/Xcode/DerivedData/ModuleCache.noindex -serialize-diagnostics -emit-dependencies -emit-module -emit-module-path /Users/xinyufang/Library/Developer/Xcode/DerivedData/Buzz-faillbpsmponqzeruhhvskovixzk/Build/Intermediates.noindex/Supabase.build/Debug-iphonesimulator/Supabase.build/Objects-normal/arm64/Supabase.swiftmodule -user-module-version 2.36.0 -validate-clang-modules-once -clang-build-session-file /Users/xinyufang/Library/Developer/Xcode/DerivedData/ModuleCache.noindex/Session.modulevalidation -package-name supabase_swift -Xcc -I/Users/xinyufang/Library/Developer/Xcode/DerivedData/Buzz-faillbpsmponqzeruhhvskovixzk/Build/Intermediates.noindex/Supabase.build/Debug-iphonesimulator/Supabase.build/swift-overrides.hmap -emit-const-values -Xfrontend -const-gather-protocols-file -Xfrontend /Users/xinyufang/Library/Developer/Xcode/DerivedData/Buzz-faillbpsmponqzeruhhvskovixzk/Build/Intermediates.noindex/Supabase.build/Debug-iphonesimulator/Supabase.build/Objects-normal/arm64/Supabase_const_extract_protocols.json -Xcc -I/Users/xinyufang/Library/Developer/Xcode/DerivedData/Buzz-faillbpsmponqzeruhhvskovixzk/Build/Products/Debug-iphonesimulator/include -Xcc -I/Users/xinyufang/Library/Developer/Xcode/DerivedData/Buzz-faillbpsmponqzeruhhvskovixzk/Build/Intermediates.noindex/Supabase.build/Debug-iphonesimulator/Supabase.build/DerivedSources-normal/arm64 -Xcc -I/Users/xinyufang/Library/Developer/Xcode/DerivedData/Buzz-faillbpsmponqzeruhhvskovixzk/Build/Intermediates.noindex/Supabase.build/Debug-iphonesimulator/Supabase.build/DerivedSources/arm64 -Xcc -I/Users/xinyufang/Library/Developer/Xcode/DerivedData/Buzz-faillbpsmponqzeruhhvskovixzk/Build/Intermediates.noindex/Supabase.build/Debug-iphonesimulator/Supabase.build/DerivedSources -Xcc -DSWIFT_PACKAGE -Xcc -DDEBUG\=1 -emit-objc-header -emit-objc-header-path /Users/xinyufang/Library/Developer/Xcode/DerivedData/Buzz-faillbpsmponqzeruhhvskovixzk/Build/Intermediates.noindex/Supabase.build/Debug-iphonesimulator/Supabase.build/Objects-normal/arm64/Supabase-Swift.h -working-directory /Users/xinyufang/Documents/Buzz/Buzz.xcodeproj -experimental-emit-module-separately -disable-cmo

SwiftDriverJobDiscovery normal arm64 Compiling SessionStorage.swift, URLOpener.swift, AuthLocalStorage.swift (in target 'Auth' from project 'Supabase')

Ld /Users/xinyufang/Library/Developer/Xcode/DerivedData/Buzz-faillbpsmponqzeruhhvskovixzk/Build/Products/Debug-iphonesimulator/GoogleSignIn.o normal (in target 'GoogleSignIn' from project 'GoogleSignIn')
    cd /Users/xinyufang/Library/Developer/Xcode/DerivedData/Buzz-faillbpsmponqzeruhhvskovixzk/SourcePackages/checkouts/GoogleSignIn-iOS
    /Applications/Xcode.app/Contents/Developer/Toolchains/XcodeDefault.xctoolchain/usr/bin/clang -Xlinker -reproducible -target arm64-apple-ios12.0-simulator -r -isysroot /Applications/Xcode.app/Contents/Developer/Platforms/iPhoneSimulator.platform/Developer/SDKs/iPhoneSimulator26.0.sdk -O0 -w -L/Users/xinyufang/Library/Developer/Xcode/DerivedData/Buzz-faillbpsmponqzeruhhvskovixzk/Build/Intermediates.noindex/EagerLinkingTBDs/Debug-iphonesimulator -L/Users/xinyufang/Library/Developer/Xcode/DerivedData/Buzz-faillbpsmponqzeruhhvskovixzk/Build/Products/Debug-iphonesimulator -L/Applications/Xcode.app/Contents/Developer/Platforms/iPhoneSimulator.platform/Developer/usr/lib -F/Users/xinyufang/Library/Developer/Xcode/DerivedData/Buzz-faillbpsmponqzeruhhvskovixzk/Build/Intermediates.noindex/EagerLinkingTBDs/Debug-iphonesimulator -F/Users/xinyufang/Library/Developer/Xcode/DerivedData/Buzz-faillbpsmponqzeruhhvskovixzk/Build/Products/Debug-iphonesimulator/PackageFrameworks -F/Users/xinyufang/Library/Developer/Xcode/DerivedData/Buzz-faillbpsmponqzeruhhvskovixzk/Build/Products/Debug-iphonesimulator/PackageFrameworks -F/Users/xinyufang/Library/Developer/Xcode/DerivedData/Buzz-faillbpsmponqzeruhhvskovixzk/Build/Products/Debug-iphonesimulator/PackageFrameworks -F/Users/xinyufang/Library/Developer/Xcode/DerivedData/Buzz-faillbpsmponqzeruhhvskovixzk/Build/Products/Debug-iphonesimulator/PackageFrameworks -F/Users/xinyufang/Library/Developer/Xcode/DerivedData/Buzz-faillbpsmponqzeruhhvskovixzk/Build/Products/Debug-iphonesimulator/PackageFrameworks -F/Users/xinyufang/Library/Developer/Xcode/DerivedData/Buzz-faillbpsmponqzeruhhvskovixzk/Build/Products/Debug-iphonesimulator/PackageFrameworks -F/Users/xinyufang/Library/Developer/Xcode/DerivedData/Buzz-faillbpsmponqzeruhhvskovixzk/Build/Products/Debug-iphonesimulator/PackageFrameworks -F/Users/xinyufang/Library/Developer/Xcode/DerivedData/Buzz-faillbpsmponqzeruhhvskovixzk/Build/Products/Debug-iphonesimulator/PackageFrameworks -F/Users/xinyufang/Library/Developer/Xcode/DerivedData/Buzz-faillbpsmponqzeruhhvskovixzk/Build/Products/Debug-iphonesimulator/PackageFrameworks -F/Users/xinyufang/Library/Developer/Xcode/DerivedData/Buzz-faillbpsmponqzeruhhvskovixzk/Build/Products/Debug-iphonesimulator/PackageFrameworks -F/Users/xinyufang/Library/Developer/Xcode/DerivedData/Buzz-faillbpsmponqzeruhhvskovixzk/Build/Products/Debug-iphonesimulator -iframework /Applications/Xcode.app/Contents/Developer/Platforms/iPhoneSimulator.platform/Developer/Library/Frameworks -iframework /Applications/Xcode.app/Contents/Developer/Platforms/iPhoneSimulator.platform/Developer/SDKs/iPhoneSimulator26.0.sdk/Developer/Library/Frameworks -filelist /Users/xinyufang/Library/Developer/Xcode/DerivedData/Buzz-faillbpsmponqzeruhhvskovixzk/Build/Intermediates.noindex/GoogleSignIn.build/Debug-iphonesimulator/GoogleSignIn.build/Objects-normal/arm64/GoogleSignIn.LinkFileList -nostdlib -Xlinker -object_path_lto -Xlinker /Users/xinyufang/Library/Developer/Xcode/DerivedData/Buzz-faillbpsmponqzeruhhvskovixzk/Build/Intermediates.noindex/GoogleSignIn.build/Debug-iphonesimulator/GoogleSignIn.build/Objects-normal/arm64/GoogleSignIn_lto.o -rdynamic -Xlinker -no_deduplicate -Xlinker -objc_abi_version -Xlinker 2 -Xlinker -dependency_info -Xlinker /Users/xinyufang/Library/Developer/Xcode/DerivedData/Buzz-faillbpsmponqzeruhhvskovixzk/Build/Intermediates.noindex/GoogleSignIn.build/Debug-iphonesimulator/GoogleSignIn.build/Objects-normal/arm64/GoogleSignIn_dependency_info.dat -fobjc-arc -fobjc-link-runtime -o /Users/xinyufang/Library/Developer/Xcode/DerivedData/Buzz-faillbpsmponqzeruhhvskovixzk/Build/Products/Debug-iphonesimulator/GoogleSignIn.o

Ld /Users/xinyufang/Library/Developer/Xcode/DerivedData/Buzz-faillbpsmponqzeruhhvskovixzk/Build/Products/Debug-iphonesimulator/Helpers.o normal (in target 'Helpers' from project 'Supabase')
    cd /Users/xinyufang/Library/Developer/Xcode/DerivedData/Buzz-faillbpsmponqzeruhhvskovixzk/SourcePackages/checkouts/supabase-swift
    /Applications/Xcode.app/Contents/Developer/Toolchains/XcodeDefault.xctoolchain/usr/bin/clang -Xlinker -reproducible -target arm64-apple-ios13.0-simulator -r -isysroot /Applications/Xcode.app/Contents/Developer/Platforms/iPhoneSimulator.platform/Developer/SDKs/iPhoneSimulator26.0.sdk -O0 -w -L/Users/xinyufang/Library/Developer/Xcode/DerivedData/Buzz-faillbpsmponqzeruhhvskovixzk/Build/Intermediates.noindex/EagerLinkingTBDs/Debug-iphonesimulator -L/Users/xinyufang/Library/Developer/Xcode/DerivedData/Buzz-faillbpsmponqzeruhhvskovixzk/Build/Products/Debug-iphonesimulator -L/Applications/Xcode.app/Contents/Developer/Platforms/iPhoneSimulator.platform/Developer/usr/lib -F/Users/xinyufang/Library/Developer/Xcode/DerivedData/Buzz-faillbpsmponqzeruhhvskovixzk/Build/Intermediates.noindex/EagerLinkingTBDs/Debug-iphonesimulator -F/Users/xinyufang/Library/Developer/Xcode/DerivedData/Buzz-faillbpsmponqzeruhhvskovixzk/Build/Products/Debug-iphonesimulator/PackageFrameworks -F/Users/xinyufang/Library/Developer/Xcode/DerivedData/Buzz-faillbpsmponqzeruhhvskovixzk/Build/Products/Debug-iphonesimulator/PackageFrameworks -F/Users/xinyufang/Library/Developer/Xcode/DerivedData/Buzz-faillbpsmponqzeruhhvskovixzk/Build/Products/Debug-iphonesimulator/PackageFrameworks -F/Users/xinyufang/Library/Developer/Xcode/DerivedData/Buzz-faillbpsmponqzeruhhvskovixzk/Build/Products/Debug-iphonesimulator/PackageFrameworks -F/Users/xinyufang/Library/Developer/Xcode/DerivedData/Buzz-faillbpsmponqzeruhhvskovixzk/Build/Products/Debug-iphonesimulator/PackageFrameworks -F/Users/xinyufang/Library/Developer/Xcode/DerivedData/Buzz-faillbpsmponqzeruhhvskovixzk/Build/Products/Debug-iphonesimulator/PackageFrameworks -F/Users/xinyufang/Library/Developer/Xcode/DerivedData/Buzz-faillbpsmponqzeruhhvskovixzk/Build/Products/Debug-iphonesimulator -iframework /Applications/Xcode.app/Contents/Developer/Platforms/iPhoneSimulator.platform/Developer/Library/Frameworks -iframework /Applications/Xcode.app/Contents/Developer/Platforms/iPhoneSimulator.platform/Developer/SDKs/iPhoneSimulator26.0.sdk/Developer/Library/Frameworks -filelist /Users/xinyufang/Library/Developer/Xcode/DerivedData/Buzz-faillbpsmponqzeruhhvskovixzk/Build/Intermediates.noindex/Supabase.build/Debug-iphonesimulator/Helpers.build/Objects-normal/arm64/Helpers.LinkFileList -nostdlib -Xlinker -object_path_lto -Xlinker /Users/xinyufang/Library/Developer/Xcode/DerivedData/Buzz-faillbpsmponqzeruhhvskovixzk/Build/Intermediates.noindex/Supabase.build/Debug-iphonesimulator/Helpers.build/Objects-normal/arm64/Helpers_lto.o -rdynamic -Xlinker -no_deduplicate -Xlinker -objc_abi_version -Xlinker 2 -Xlinker -dependency_info -Xlinker /Users/xinyufang/Library/Developer/Xcode/DerivedData/Buzz-faillbpsmponqzeruhhvskovixzk/Build/Intermediates.noindex/Supabase.build/Debug-iphonesimulator/Helpers.build/Objects-normal/arm64/Helpers_dependency_info.dat -fobjc-link-runtime -L/Applications/Xcode.app/Contents/Developer/Toolchains/XcodeDefault.xctoolchain/usr/lib/swift/iphonesimulator -L/usr/lib/swift -Xlinker -add_ast_path -Xlinker /Users/xinyufang/Library/Developer/Xcode/DerivedData/Buzz-faillbpsmponqzeruhhvskovixzk/Build/Intermediates.noindex/Supabase.build/Debug-iphonesimulator/Helpers.build/Objects-normal/arm64/Helpers.swiftmodule @/Users/xinyufang/Library/Developer/Xcode/DerivedData/Buzz-faillbpsmponqzeruhhvskovixzk/Build/Intermediates.noindex/Supabase.build/Debug-iphonesimulator/Helpers.build/Objects-normal/arm64/Helpers-linker-args.resp -o /Users/xinyufang/Library/Developer/Xcode/DerivedData/Buzz-faillbpsmponqzeruhhvskovixzk/Build/Products/Debug-iphonesimulator/Helpers.o

ExtractAppIntentsMetadata (in target 'Helpers' from project 'Supabase')
    cd /Users/xinyufang/Library/Developer/Xcode/DerivedData/Buzz-faillbpsmponqzeruhhvskovixzk/SourcePackages/checkouts/supabase-swift
    /Applications/Xcode.app/Contents/Developer/Toolchains/XcodeDefault.xctoolchain/usr/bin/appintentsmetadataprocessor --toolchain-dir /Applications/Xcode.app/Contents/Developer/Toolchains/XcodeDefault.xctoolchain --module-name Helpers --sdk-root /Applications/Xcode.app/Contents/Developer/Platforms/iPhoneSimulator.platform/Developer/SDKs/iPhoneSimulator26.0.sdk --xcode-version 17A400 --platform-family iOS --deployment-target 13.0 --bundle-identifier supabase-swift.Helpers --output /Users/xinyufang/Library/Developer/Xcode/DerivedData/Buzz-faillbpsmponqzeruhhvskovixzk/Build/Products/Debug-iphonesimulator/Helpers.appintents --target-triple arm64-apple-ios13.0-simulator --binary-file /Users/xinyufang/Library/Developer/Xcode/DerivedData/Buzz-faillbpsmponqzeruhhvskovixzk/Build/Products/Debug-iphonesimulator/Helpers.o --dependency-file /Users/xinyufang/Library/Developer/Xcode/DerivedData/Buzz-faillbpsmponqzeruhhvskovixzk/Build/Intermediates.noindex/Supabase.build/Debug-iphonesimulator/Helpers.build/Objects-normal/arm64/Helpers_dependency_info.dat --stringsdata-file /Users/xinyufang/Library/Developer/Xcode/DerivedData/Buzz-faillbpsmponqzeruhhvskovixzk/Build/Intermediates.noindex/Supabase.build/Debug-iphonesimulator/Helpers.build/Objects-normal/arm64/ExtractedAppShortcutsMetadata.stringsdata --source-file-list /Users/xinyufang/Library/Developer/Xcode/DerivedData/Buzz-faillbpsmponqzeruhhvskovixzk/Build/Intermediates.noindex/Supabase.build/Debug-iphonesimulator/Helpers.build/Objects-normal/arm64/Helpers.SwiftFileList --metadata-file-list /Users/xinyufang/Library/Developer/Xcode/DerivedData/Buzz-faillbpsmponqzeruhhvskovixzk/Build/Intermediates.noindex/Supabase.build/Debug-iphonesimulator/Helpers.build/Helpers.DependencyMetadataFileList --static-metadata-file-list /Users/xinyufang/Library/Developer/Xcode/DerivedData/Buzz-faillbpsmponqzeruhhvskovixzk/Build/Intermediates.noindex/Supabase.build/Debug-iphonesimulator/Helpers.build/Helpers.DependencyStaticMetadataFileList --swift-const-vals-list /Users/xinyufang/Library/Developer/Xcode/DerivedData/Buzz-faillbpsmponqzeruhhvskovixzk/Build/Intermediates.noindex/Supabase.build/Debug-iphonesimulator/Helpers.build/Objects-normal/arm64/Helpers.SwiftConstValuesFileList --force --compile-time-extraction --deployment-aware-processing --validate-assistant-intents --no-app-shortcuts-localization
2025-11-16 01:12:21.116 appintentsmetadataprocessor[64546:26423339] Starting appintentsmetadataprocessor export
2025-11-16 01:12:21.252 appintentsmetadataprocessor[64546:26423339] Extracted no relevant App Intents symbols, skipping writing output

SwiftDriverJobDiscovery normal arm64 Compiling Keychain.swift, PKCE.swift, SessionManager.swift (in target 'Auth' from project 'Supabase')

SwiftDriverJobDiscovery normal arm64 Compiling Constants.swift, Dependencies.swift, EventEmitter.swift, FixedWidthInteger+Random.swift (in target 'Auth' from project 'Supabase')

RegisterExecutionPolicyException /Users/xinyufang/Library/Developer/Xcode/DerivedData/Buzz-faillbpsmponqzeruhhvskovixzk/Build/Products/Debug-iphonesimulator/GoogleSignIn.o (in target 'GoogleSignIn' from project 'GoogleSignIn')
    cd /Users/xinyufang/Library/Developer/Xcode/DerivedData/Buzz-faillbpsmponqzeruhhvskovixzk/SourcePackages/checkouts/GoogleSignIn-iOS
    builtin-RegisterExecutionPolicyException /Users/xinyufang/Library/Developer/Xcode/DerivedData/Buzz-faillbpsmponqzeruhhvskovixzk/Build/Products/Debug-iphonesimulator/GoogleSignIn.o

SwiftDriverJobDiscovery normal arm64 Compiling AuthError.swift, AuthMFA.swift, AuthStateChangeListener.swift, Defaults.swift (in target 'Auth' from project 'Supabase')

Ld /Users/xinyufang/Library/Developer/Xcode/DerivedData/Buzz-faillbpsmponqzeruhhvskovixzk/Build/Products/Debug-iphonesimulator/GoogleSignInSwift.o normal (in target 'GoogleSignInSwift' from project 'GoogleSignIn')
    cd /Users/xinyufang/Library/Developer/Xcode/DerivedData/Buzz-faillbpsmponqzeruhhvskovixzk/SourcePackages/checkouts/GoogleSignIn-iOS
    /Applications/Xcode.app/Contents/Developer/Toolchains/XcodeDefault.xctoolchain/usr/bin/clang -Xlinker -reproducible -target arm64-apple-ios12.0-simulator -r -isysroot /Applications/Xcode.app/Contents/Developer/Platforms/iPhoneSimulator.platform/Developer/SDKs/iPhoneSimulator26.0.sdk -O0 -w -L/Users/xinyufang/Library/Developer/Xcode/DerivedData/Buzz-faillbpsmponqzeruhhvskovixzk/Build/Intermediates.noindex/EagerLinkingTBDs/Debug-iphonesimulator -L/Users/xinyufang/Library/Developer/Xcode/DerivedData/Buzz-faillbpsmponqzeruhhvskovixzk/Build/Products/Debug-iphonesimulator -L/Applications/Xcode.app/Contents/Developer/Platforms/iPhoneSimulator.platform/Developer/usr/lib -F/Users/xinyufang/Library/Developer/Xcode/DerivedData/Buzz-faillbpsmponqzeruhhvskovixzk/Build/Intermediates.noindex/EagerLinkingTBDs/Debug-iphonesimulator -F/Users/xinyufang/Library/Developer/Xcode/DerivedData/Buzz-faillbpsmponqzeruhhvskovixzk/Build/Products/Debug-iphonesimulator/PackageFrameworks -F/Users/xinyufang/Library/Developer/Xcode/DerivedData/Buzz-faillbpsmponqzeruhhvskovixzk/Build/Products/Debug-iphonesimulator/PackageFrameworks -F/Users/xinyufang/Library/Developer/Xcode/DerivedData/Buzz-faillbpsmponqzeruhhvskovixzk/Build/Products/Debug-iphonesimulator/PackageFrameworks -F/Users/xinyufang/Library/Developer/Xcode/DerivedData/Buzz-faillbpsmponqzeruhhvskovixzk/Build/Products/Debug-iphonesimulator/PackageFrameworks -F/Users/xinyufang/Library/Developer/Xcode/DerivedData/Buzz-faillbpsmponqzeruhhvskovixzk/Build/Products/Debug-iphonesimulator/PackageFrameworks -F/Users/xinyufang/Library/Developer/Xcode/DerivedData/Buzz-faillbpsmponqzeruhhvskovixzk/Build/Products/Debug-iphonesimulator/PackageFrameworks -F/Users/xinyufang/Library/Developer/Xcode/DerivedData/Buzz-faillbpsmponqzeruhhvskovixzk/Build/Products/Debug-iphonesimulator/PackageFrameworks -F/Users/xinyufang/Library/Developer/Xcode/DerivedData/Buzz-faillbpsmponqzeruhhvskovixzk/Build/Products/Debug-iphonesimulator/PackageFrameworks -F/Users/xinyufang/Library/Developer/Xcode/DerivedData/Buzz-faillbpsmponqzeruhhvskovixzk/Build/Products/Debug-iphonesimulator/PackageFrameworks -F/Users/xinyufang/Library/Developer/Xcode/DerivedData/Buzz-faillbpsmponqzeruhhvskovixzk/Build/Products/Debug-iphonesimulator/PackageFrameworks -F/Users/xinyufang/Library/Developer/Xcode/DerivedData/Buzz-faillbpsmponqzeruhhvskovixzk/Build/Products/Debug-iphonesimulator/PackageFrameworks -F/Users/xinyufang/Library/Developer/Xcode/DerivedData/Buzz-faillbpsmponqzeruhhvskovixzk/Build/Products/Debug-iphonesimulator -iframework /Applications/Xcode.app/Contents/Developer/Platforms/iPhoneSimulator.platform/Developer/Library/Frameworks -iframework /Applications/Xcode.app/Contents/Developer/Platforms/iPhoneSimulator.platform/Developer/SDKs/iPhoneSimulator26.0.sdk/Developer/Library/Frameworks -filelist /Users/xinyufang/Library/Developer/Xcode/DerivedData/Buzz-faillbpsmponqzeruhhvskovixzk/Build/Intermediates.noindex/GoogleSignIn.build/Debug-iphonesimulator/GoogleSignInSwift.build/Objects-normal/arm64/GoogleSignInSwift.LinkFileList -nostdlib -Xlinker -object_path_lto -Xlinker /Users/xinyufang/Library/Developer/Xcode/DerivedData/Buzz-faillbpsmponqzeruhhvskovixzk/Build/Intermediates.noindex/GoogleSignIn.build/Debug-iphonesimulator/GoogleSignInSwift.build/Objects-normal/arm64/GoogleSignInSwift_lto.o -rdynamic -Xlinker -no_deduplicate -Xlinker -objc_abi_version -Xlinker 2 -Xlinker -dependency_info -Xlinker /Users/xinyufang/Library/Developer/Xcode/DerivedData/Buzz-faillbpsmponqzeruhhvskovixzk/Build/Intermediates.noindex/GoogleSignIn.build/Debug-iphonesimulator/GoogleSignInSwift.build/Objects-normal/arm64/GoogleSignInSwift_dependency_info.dat -fobjc-link-runtime -L/Applications/Xcode.app/Contents/Developer/Toolchains/XcodeDefault.xctoolchain/usr/lib/swift/iphonesimulator -L/usr/lib/swift -Xlinker -add_ast_path -Xlinker /Users/xinyufang/Library/Developer/Xcode/DerivedData/Buzz-faillbpsmponqzeruhhvskovixzk/Build/Intermediates.noindex/GoogleSignIn.build/Debug-iphonesimulator/GoogleSignInSwift.build/Objects-normal/arm64/GoogleSignInSwift.swiftmodule @/Users/xinyufang/Library/Developer/Xcode/DerivedData/Buzz-faillbpsmponqzeruhhvskovixzk/Build/Intermediates.noindex/GoogleSignIn.build/Debug-iphonesimulator/GoogleSignInSwift.build/Objects-normal/arm64/GoogleSignInSwift-linker-args.resp -o /Users/xinyufang/Library/Developer/Xcode/DerivedData/Buzz-faillbpsmponqzeruhhvskovixzk/Build/Products/Debug-iphonesimulator/GoogleSignInSwift.o

ExtractAppIntentsMetadata (in target 'GoogleSignInSwift' from project 'GoogleSignIn')
    cd /Users/xinyufang/Library/Developer/Xcode/DerivedData/Buzz-faillbpsmponqzeruhhvskovixzk/SourcePackages/checkouts/GoogleSignIn-iOS
    /Applications/Xcode.app/Contents/Developer/Toolchains/XcodeDefault.xctoolchain/usr/bin/appintentsmetadataprocessor --toolchain-dir /Applications/Xcode.app/Contents/Developer/Toolchains/XcodeDefault.xctoolchain --module-name GoogleSignInSwift --sdk-root /Applications/Xcode.app/Contents/Developer/Platforms/iPhoneSimulator.platform/Developer/SDKs/iPhoneSimulator26.0.sdk --xcode-version 17A400 --platform-family iOS --deployment-target 12.0 --bundle-identifier googlesignin-ios.GoogleSignInSwift --output /Users/xinyufang/Library/Developer/Xcode/DerivedData/Buzz-faillbpsmponqzeruhhvskovixzk/Build/Products/Debug-iphonesimulator/GoogleSignInSwift.appintents --target-triple arm64-apple-ios12.0-simulator --binary-file /Users/xinyufang/Library/Developer/Xcode/DerivedData/Buzz-faillbpsmponqzeruhhvskovixzk/Build/Products/Debug-iphonesimulator/GoogleSignInSwift.o --dependency-file /Users/xinyufang/Library/Developer/Xcode/DerivedData/Buzz-faillbpsmponqzeruhhvskovixzk/Build/Intermediates.noindex/GoogleSignIn.build/Debug-iphonesimulator/GoogleSignInSwift.build/Objects-normal/arm64/GoogleSignInSwift_dependency_info.dat --stringsdata-file /Users/xinyufang/Library/Developer/Xcode/DerivedData/Buzz-faillbpsmponqzeruhhvskovixzk/Build/Intermediates.noindex/GoogleSignIn.build/Debug-iphonesimulator/GoogleSignInSwift.build/Objects-normal/arm64/ExtractedAppShortcutsMetadata.stringsdata --source-file-list /Users/xinyufang/Library/Developer/Xcode/DerivedData/Buzz-faillbpsmponqzeruhhvskovixzk/Build/Intermediates.noindex/GoogleSignIn.build/Debug-iphonesimulator/GoogleSignInSwift.build/Objects-normal/arm64/GoogleSignInSwift.SwiftFileList --metadata-file-list /Users/xinyufang/Library/Developer/Xcode/DerivedData/Buzz-faillbpsmponqzeruhhvskovixzk/Build/Intermediates.noindex/GoogleSignIn.build/Debug-iphonesimulator/GoogleSignInSwift.build/GoogleSignInSwift.DependencyMetadataFileList --static-metadata-file-list /Users/xinyufang/Library/Developer/Xcode/DerivedData/Buzz-faillbpsmponqzeruhhvskovixzk/Build/Intermediates.noindex/GoogleSignIn.build/Debug-iphonesimulator/GoogleSignInSwift.build/GoogleSignInSwift.DependencyStaticMetadataFileList --swift-const-vals-list /Users/xinyufang/Library/Developer/Xcode/DerivedData/Buzz-faillbpsmponqzeruhhvskovixzk/Build/Intermediates.noindex/GoogleSignIn.build/Debug-iphonesimulator/GoogleSignInSwift.build/Objects-normal/arm64/GoogleSignInSwift.SwiftConstValuesFileList --force --compile-time-extraction --deployment-aware-processing --validate-assistant-intents --no-app-shortcuts-localization
2025-11-16 01:12:21.271 appintentsmetadataprocessor[64549:26423360] Starting appintentsmetadataprocessor export
2025-11-16 01:12:21.424 appintentsmetadataprocessor[64549:26423360] Extracted no relevant App Intents symbols, skipping writing output

RegisterExecutionPolicyException /Users/xinyufang/Library/Developer/Xcode/DerivedData/Buzz-faillbpsmponqzeruhhvskovixzk/Build/Products/Debug-iphonesimulator/Helpers.o (in target 'Helpers' from project 'Supabase')
    cd /Users/xinyufang/Library/Developer/Xcode/DerivedData/Buzz-faillbpsmponqzeruhhvskovixzk/SourcePackages/checkouts/supabase-swift
    builtin-RegisterExecutionPolicyException /Users/xinyufang/Library/Developer/Xcode/DerivedData/Buzz-faillbpsmponqzeruhhvskovixzk/Build/Products/Debug-iphonesimulator/Helpers.o

SwiftDriverJobDiscovery normal arm64 Compiling Deprecated.swift, Exports.swift, APIClient.swift, CodeVerifierStorage.swift (in target 'Auth' from project 'Supabase')

Ld /Users/xinyufang/Library/Developer/Xcode/DerivedData/Buzz-faillbpsmponqzeruhhvskovixzk/Build/Products/Debug-iphonesimulator/Storage.o normal (in target 'Storage' from project 'Supabase')
    cd /Users/xinyufang/Library/Developer/Xcode/DerivedData/Buzz-faillbpsmponqzeruhhvskovixzk/SourcePackages/checkouts/supabase-swift
    /Applications/Xcode.app/Contents/Developer/Toolchains/XcodeDefault.xctoolchain/usr/bin/clang -Xlinker -reproducible -target arm64-apple-ios13.0-simulator -r -isysroot /Applications/Xcode.app/Contents/Developer/Platforms/iPhoneSimulator.platform/Developer/SDKs/iPhoneSimulator26.0.sdk -O0 -w -L/Users/xinyufang/Library/Developer/Xcode/DerivedData/Buzz-faillbpsmponqzeruhhvskovixzk/Build/Intermediates.noindex/EagerLinkingTBDs/Debug-iphonesimulator -L/Users/xinyufang/Library/Developer/Xcode/DerivedData/Buzz-faillbpsmponqzeruhhvskovixzk/Build/Products/Debug-iphonesimulator -L/Applications/Xcode.app/Contents/Developer/Platforms/iPhoneSimulator.platform/Developer/usr/lib -F/Users/xinyufang/Library/Developer/Xcode/DerivedData/Buzz-faillbpsmponqzeruhhvskovixzk/Build/Intermediates.noindex/EagerLinkingTBDs/Debug-iphonesimulator -F/Users/xinyufang/Library/Developer/Xcode/DerivedData/Buzz-faillbpsmponqzeruhhvskovixzk/Build/Products/Debug-iphonesimulator/PackageFrameworks -F/Users/xinyufang/Library/Developer/Xcode/DerivedData/Buzz-faillbpsmponqzeruhhvskovixzk/Build/Products/Debug-iphonesimulator/PackageFrameworks -F/Users/xinyufang/Library/Developer/Xcode/DerivedData/Buzz-faillbpsmponqzeruhhvskovixzk/Build/Products/Debug-iphonesimulator/PackageFrameworks -F/Users/xinyufang/Library/Developer/Xcode/DerivedData/Buzz-faillbpsmponqzeruhhvskovixzk/Build/Products/Debug-iphonesimulator/PackageFrameworks -F/Users/xinyufang/Library/Developer/Xcode/DerivedData/Buzz-faillbpsmponqzeruhhvskovixzk/Build/Products/Debug-iphonesimulator/PackageFrameworks -F/Users/xinyufang/Library/Developer/Xcode/DerivedData/Buzz-faillbpsmponqzeruhhvskovixzk/Build/Products/Debug-iphonesimulator/PackageFrameworks -F/Users/xinyufang/Library/Developer/Xcode/DerivedData/Buzz-faillbpsmponqzeruhhvskovixzk/Build/Products/Debug-iphonesimulator/PackageFrameworks -F/Users/xinyufang/Library/Developer/Xcode/DerivedData/Buzz-faillbpsmponqzeruhhvskovixzk/Build/Products/Debug-iphonesimulator -iframework /Applications/Xcode.app/Contents/Developer/Platforms/iPhoneSimulator.platform/Developer/Library/Frameworks -iframework /Applications/Xcode.app/Contents/Developer/Platforms/iPhoneSimulator.platform/Developer/SDKs/iPhoneSimulator26.0.sdk/Developer/Library/Frameworks -filelist /Users/xinyufang/Library/Developer/Xcode/DerivedData/Buzz-faillbpsmponqzeruhhvskovixzk/Build/Intermediates.noindex/Supabase.build/Debug-iphonesimulator/Storage.build/Objects-normal/arm64/Storage.LinkFileList -nostdlib -Xlinker -object_path_lto -Xlinker /Users/xinyufang/Library/Developer/Xcode/DerivedData/Buzz-faillbpsmponqzeruhhvskovixzk/Build/Intermediates.noindex/Supabase.build/Debug-iphonesimulator/Storage.build/Objects-normal/arm64/Storage_lto.o -rdynamic -Xlinker -no_deduplicate -Xlinker -objc_abi_version -Xlinker 2 -Xlinker -dependency_info -Xlinker /Users/xinyufang/Library/Developer/Xcode/DerivedData/Buzz-faillbpsmponqzeruhhvskovixzk/Build/Intermediates.noindex/Supabase.build/Debug-iphonesimulator/Storage.build/Objects-normal/arm64/Storage_dependency_info.dat -fobjc-link-runtime -L/Applications/Xcode.app/Contents/Developer/Toolchains/XcodeDefault.xctoolchain/usr/lib/swift/iphonesimulator -L/usr/lib/swift -Xlinker -add_ast_path -Xlinker /Users/xinyufang/Library/Developer/Xcode/DerivedData/Buzz-faillbpsmponqzeruhhvskovixzk/Build/Intermediates.noindex/Supabase.build/Debug-iphonesimulator/Storage.build/Objects-normal/arm64/Storage.swiftmodule @/Users/xinyufang/Library/Developer/Xcode/DerivedData/Buzz-faillbpsmponqzeruhhvskovixzk/Build/Intermediates.noindex/Supabase.build/Debug-iphonesimulator/Storage.build/Objects-normal/arm64/Storage-linker-args.resp -o /Users/xinyufang/Library/Developer/Xcode/DerivedData/Buzz-faillbpsmponqzeruhhvskovixzk/Build/Products/Debug-iphonesimulator/Storage.o

Ld /Users/xinyufang/Library/Developer/Xcode/DerivedData/Buzz-faillbpsmponqzeruhhvskovixzk/Build/Products/Debug-iphonesimulator/Realtime.o normal (in target 'Realtime' from project 'Supabase')
    cd /Users/xinyufang/Library/Developer/Xcode/DerivedData/Buzz-faillbpsmponqzeruhhvskovixzk/SourcePackages/checkouts/supabase-swift
    /Applications/Xcode.app/Contents/Developer/Toolchains/XcodeDefault.xctoolchain/usr/bin/clang -Xlinker -reproducible -target arm64-apple-ios13.0-simulator -r -isysroot /Applications/Xcode.app/Contents/Developer/Platforms/iPhoneSimulator.platform/Developer/SDKs/iPhoneSimulator26.0.sdk -O0 -w -L/Users/xinyufang/Library/Developer/Xcode/DerivedData/Buzz-faillbpsmponqzeruhhvskovixzk/Build/Intermediates.noindex/EagerLinkingTBDs/Debug-iphonesimulator -L/Users/xinyufang/Library/Developer/Xcode/DerivedData/Buzz-faillbpsmponqzeruhhvskovixzk/Build/Products/Debug-iphonesimulator -L/Applications/Xcode.app/Contents/Developer/Platforms/iPhoneSimulator.platform/Developer/usr/lib -F/Users/xinyufang/Library/Developer/Xcode/DerivedData/Buzz-faillbpsmponqzeruhhvskovixzk/Build/Intermediates.noindex/EagerLinkingTBDs/Debug-iphonesimulator -F/Users/xinyufang/Library/Developer/Xcode/DerivedData/Buzz-faillbpsmponqzeruhhvskovixzk/Build/Products/Debug-iphonesimulator/PackageFrameworks -F/Users/xinyufang/Library/Developer/Xcode/DerivedData/Buzz-faillbpsmponqzeruhhvskovixzk/Build/Products/Debug-iphonesimulator/PackageFrameworks -F/Users/xinyufang/Library/Developer/Xcode/DerivedData/Buzz-faillbpsmponqzeruhhvskovixzk/Build/Products/Debug-iphonesimulator/PackageFrameworks -F/Users/xinyufang/Library/Developer/Xcode/DerivedData/Buzz-faillbpsmponqzeruhhvskovixzk/Build/Products/Debug-iphonesimulator/PackageFrameworks -F/Users/xinyufang/Library/Developer/Xcode/DerivedData/Buzz-faillbpsmponqzeruhhvskovixzk/Build/Products/Debug-iphonesimulator/PackageFrameworks -F/Users/xinyufang/Library/Developer/Xcode/DerivedData/Buzz-faillbpsmponqzeruhhvskovixzk/Build/Products/Debug-iphonesimulator/PackageFrameworks -F/Users/xinyufang/Library/Developer/Xcode/DerivedData/Buzz-faillbpsmponqzeruhhvskovixzk/Build/Products/Debug-iphonesimulator/PackageFrameworks -F/Users/xinyufang/Library/Developer/Xcode/DerivedData/Buzz-faillbpsmponqzeruhhvskovixzk/Build/Products/Debug-iphonesimulator -iframework /Applications/Xcode.app/Contents/Developer/Platforms/iPhoneSimulator.platform/Developer/Library/Frameworks -iframework /Applications/Xcode.app/Contents/Developer/Platforms/iPhoneSimulator.platform/Developer/SDKs/iPhoneSimulator26.0.sdk/Developer/Library/Frameworks -filelist /Users/xinyufang/Library/Developer/Xcode/DerivedData/Buzz-faillbpsmponqzeruhhvskovixzk/Build/Intermediates.noindex/Supabase.build/Debug-iphonesimulator/Realtime.build/Objects-normal/arm64/Realtime.LinkFileList -nostdlib -Xlinker -object_path_lto -Xlinker /Users/xinyufang/Library/Developer/Xcode/DerivedData/Buzz-faillbpsmponqzeruhhvskovixzk/Build/Intermediates.noindex/Supabase.build/Debug-iphonesimulator/Realtime.build/Objects-normal/arm64/Realtime_lto.o -rdynamic -Xlinker -no_deduplicate -Xlinker -objc_abi_version -Xlinker 2 -Xlinker -dependency_info -Xlinker /Users/xinyufang/Library/Developer/Xcode/DerivedData/Buzz-faillbpsmponqzeruhhvskovixzk/Build/Intermediates.noindex/Supabase.build/Debug-iphonesimulator/Realtime.build/Objects-normal/arm64/Realtime_dependency_info.dat -fobjc-link-runtime -L/Applications/Xcode.app/Contents/Developer/Toolchains/XcodeDefault.xctoolchain/usr/lib/swift/iphonesimulator -L/usr/lib/swift -Xlinker -add_ast_path -Xlinker /Users/xinyufang/Library/Developer/Xcode/DerivedData/Buzz-faillbpsmponqzeruhhvskovixzk/Build/Intermediates.noindex/Supabase.build/Debug-iphonesimulator/Realtime.build/Objects-normal/arm64/Realtime.swiftmodule @/Users/xinyufang/Library/Developer/Xcode/DerivedData/Buzz-faillbpsmponqzeruhhvskovixzk/Build/Intermediates.noindex/Supabase.build/Debug-iphonesimulator/Realtime.build/Objects-normal/arm64/Realtime-linker-args.resp -o /Users/xinyufang/Library/Developer/Xcode/DerivedData/Buzz-faillbpsmponqzeruhhvskovixzk/Build/Products/Debug-iphonesimulator/Realtime.o

Ld /Users/xinyufang/Library/Developer/Xcode/DerivedData/Buzz-faillbpsmponqzeruhhvskovixzk/Build/Products/Debug-iphonesimulator/PostgREST.o normal (in target 'PostgREST' from project 'Supabase')
    cd /Users/xinyufang/Library/Developer/Xcode/DerivedData/Buzz-faillbpsmponqzeruhhvskovixzk/SourcePackages/checkouts/supabase-swift
    /Applications/Xcode.app/Contents/Developer/Toolchains/XcodeDefault.xctoolchain/usr/bin/clang -Xlinker -reproducible -target arm64-apple-ios13.0-simulator -r -isysroot /Applications/Xcode.app/Contents/Developer/Platforms/iPhoneSimulator.platform/Developer/SDKs/iPhoneSimulator26.0.sdk -O0 -w -L/Users/xinyufang/Library/Developer/Xcode/DerivedData/Buzz-faillbpsmponqzeruhhvskovixzk/Build/Intermediates.noindex/EagerLinkingTBDs/Debug-iphonesimulator -L/Users/xinyufang/Library/Developer/Xcode/DerivedData/Buzz-faillbpsmponqzeruhhvskovixzk/Build/Products/Debug-iphonesimulator -L/Applications/Xcode.app/Contents/Developer/Platforms/iPhoneSimulator.platform/Developer/usr/lib -F/Users/xinyufang/Library/Developer/Xcode/DerivedData/Buzz-faillbpsmponqzeruhhvskovixzk/Build/Intermediates.noindex/EagerLinkingTBDs/Debug-iphonesimulator -F/Users/xinyufang/Library/Developer/Xcode/DerivedData/Buzz-faillbpsmponqzeruhhvskovixzk/Build/Products/Debug-iphonesimulator/PackageFrameworks -F/Users/xinyufang/Library/Developer/Xcode/DerivedData/Buzz-faillbpsmponqzeruhhvskovixzk/Build/Products/Debug-iphonesimulator/PackageFrameworks -F/Users/xinyufang/Library/Developer/Xcode/DerivedData/Buzz-faillbpsmponqzeruhhvskovixzk/Build/Products/Debug-iphonesimulator/PackageFrameworks -F/Users/xinyufang/Library/Developer/Xcode/DerivedData/Buzz-faillbpsmponqzeruhhvskovixzk/Build/Products/Debug-iphonesimulator/PackageFrameworks -F/Users/xinyufang/Library/Developer/Xcode/DerivedData/Buzz-faillbpsmponqzeruhhvskovixzk/Build/Products/Debug-iphonesimulator/PackageFrameworks -F/Users/xinyufang/Library/Developer/Xcode/DerivedData/Buzz-faillbpsmponqzeruhhvskovixzk/Build/Products/Debug-iphonesimulator/PackageFrameworks -F/Users/xinyufang/Library/Developer/Xcode/DerivedData/Buzz-faillbpsmponqzeruhhvskovixzk/Build/Products/Debug-iphonesimulator/PackageFrameworks -F/Users/xinyufang/Library/Developer/Xcode/DerivedData/Buzz-faillbpsmponqzeruhhvskovixzk/Build/Products/Debug-iphonesimulator -iframework /Applications/Xcode.app/Contents/Developer/Platforms/iPhoneSimulator.platform/Developer/Library/Frameworks -iframework /Applications/Xcode.app/Contents/Developer/Platforms/iPhoneSimulator.platform/Developer/SDKs/iPhoneSimulator26.0.sdk/Developer/Library/Frameworks -filelist /Users/xinyufang/Library/Developer/Xcode/DerivedData/Buzz-faillbpsmponqzeruhhvskovixzk/Build/Intermediates.noindex/Supabase.build/Debug-iphonesimulator/PostgREST.build/Objects-normal/arm64/PostgREST.LinkFileList -nostdlib -Xlinker -object_path_lto -Xlinker /Users/xinyufang/Library/Developer/Xcode/DerivedData/Buzz-faillbpsmponqzeruhhvskovixzk/Build/Intermediates.noindex/Supabase.build/Debug-iphonesimulator/PostgREST.build/Objects-normal/arm64/PostgREST_lto.o -rdynamic -Xlinker -no_deduplicate -Xlinker -objc_abi_version -Xlinker 2 -Xlinker -dependency_info -Xlinker /Users/xinyufang/Library/Developer/Xcode/DerivedData/Buzz-faillbpsmponqzeruhhvskovixzk/Build/Intermediates.noindex/Supabase.build/Debug-iphonesimulator/PostgREST.build/Objects-normal/arm64/PostgREST_dependency_info.dat -fobjc-link-runtime -L/Applications/Xcode.app/Contents/Developer/Toolchains/XcodeDefault.xctoolchain/usr/lib/swift/iphonesimulator -L/usr/lib/swift -Xlinker -add_ast_path -Xlinker /Users/xinyufang/Library/Developer/Xcode/DerivedData/Buzz-faillbpsmponqzeruhhvskovixzk/Build/Intermediates.noindex/Supabase.build/Debug-iphonesimulator/PostgREST.build/Objects-normal/arm64/PostgREST.swiftmodule @/Users/xinyufang/Library/Developer/Xcode/DerivedData/Buzz-faillbpsmponqzeruhhvskovixzk/Build/Intermediates.noindex/Supabase.build/Debug-iphonesimulator/PostgREST.build/Objects-normal/arm64/PostgREST-linker-args.resp -o /Users/xinyufang/Library/Developer/Xcode/DerivedData/Buzz-faillbpsmponqzeruhhvskovixzk/Build/Products/Debug-iphonesimulator/PostgREST.o

Ld /Users/xinyufang/Library/Developer/Xcode/DerivedData/Buzz-faillbpsmponqzeruhhvskovixzk/Build/Products/Debug-iphonesimulator/Functions.o normal (in target 'Functions' from project 'Supabase')
    cd /Users/xinyufang/Library/Developer/Xcode/DerivedData/Buzz-faillbpsmponqzeruhhvskovixzk/SourcePackages/checkouts/supabase-swift
    /Applications/Xcode.app/Contents/Developer/Toolchains/XcodeDefault.xctoolchain/usr/bin/clang -Xlinker -reproducible -target arm64-apple-ios13.0-simulator -r -isysroot /Applications/Xcode.app/Contents/Developer/Platforms/iPhoneSimulator.platform/Developer/SDKs/iPhoneSimulator26.0.sdk -O0 -w -L/Users/xinyufang/Library/Developer/Xcode/DerivedData/Buzz-faillbpsmponqzeruhhvskovixzk/Build/Intermediates.noindex/EagerLinkingTBDs/Debug-iphonesimulator -L/Users/xinyufang/Library/Developer/Xcode/DerivedData/Buzz-faillbpsmponqzeruhhvskovixzk/Build/Products/Debug-iphonesimulator -L/Applications/Xcode.app/Contents/Developer/Platforms/iPhoneSimulator.platform/Developer/usr/lib -F/Users/xinyufang/Library/Developer/Xcode/DerivedData/Buzz-faillbpsmponqzeruhhvskovixzk/Build/Intermediates.noindex/EagerLinkingTBDs/Debug-iphonesimulator -F/Users/xinyufang/Library/Developer/Xcode/DerivedData/Buzz-faillbpsmponqzeruhhvskovixzk/Build/Products/Debug-iphonesimulator/PackageFrameworks -F/Users/xinyufang/Library/Developer/Xcode/DerivedData/Buzz-faillbpsmponqzeruhhvskovixzk/Build/Products/Debug-iphonesimulator/PackageFrameworks -F/Users/xinyufang/Library/Developer/Xcode/DerivedData/Buzz-faillbpsmponqzeruhhvskovixzk/Build/Products/Debug-iphonesimulator/PackageFrameworks -F/Users/xinyufang/Library/Developer/Xcode/DerivedData/Buzz-faillbpsmponqzeruhhvskovixzk/Build/Products/Debug-iphonesimulator/PackageFrameworks -F/Users/xinyufang/Library/Developer/Xcode/DerivedData/Buzz-faillbpsmponqzeruhhvskovixzk/Build/Products/Debug-iphonesimulator/PackageFrameworks -F/Users/xinyufang/Library/Developer/Xcode/DerivedData/Buzz-faillbpsmponqzeruhhvskovixzk/Build/Products/Debug-iphonesimulator/PackageFrameworks -F/Users/xinyufang/Library/Developer/Xcode/DerivedData/Buzz-faillbpsmponqzeruhhvskovixzk/Build/Products/Debug-iphonesimulator/PackageFrameworks -F/Users/xinyufang/Library/Developer/Xcode/DerivedData/Buzz-faillbpsmponqzeruhhvskovixzk/Build/Products/Debug-iphonesimulator -iframework /Applications/Xcode.app/Contents/Developer/Platforms/iPhoneSimulator.platform/Developer/Library/Frameworks -iframework /Applications/Xcode.app/Contents/Developer/Platforms/iPhoneSimulator.platform/Developer/SDKs/iPhoneSimulator26.0.sdk/Developer/Library/Frameworks -filelist /Users/xinyufang/Library/Developer/Xcode/DerivedData/Buzz-faillbpsmponqzeruhhvskovixzk/Build/Intermediates.noindex/Supabase.build/Debug-iphonesimulator/Functions.build/Objects-normal/arm64/Functions.LinkFileList -nostdlib -Xlinker -object_path_lto -Xlinker /Users/xinyufang/Library/Developer/Xcode/DerivedData/Buzz-faillbpsmponqzeruhhvskovixzk/Build/Intermediates.noindex/Supabase.build/Debug-iphonesimulator/Functions.build/Objects-normal/arm64/Functions_lto.o -rdynamic -Xlinker -no_deduplicate -Xlinker -objc_abi_version -Xlinker 2 -Xlinker -dependency_info -Xlinker /Users/xinyufang/Library/Developer/Xcode/DerivedData/Buzz-faillbpsmponqzeruhhvskovixzk/Build/Intermediates.noindex/Supabase.build/Debug-iphonesimulator/Functions.build/Objects-normal/arm64/Functions_dependency_info.dat -fobjc-link-runtime -L/Applications/Xcode.app/Contents/Developer/Toolchains/XcodeDefault.xctoolchain/usr/lib/swift/iphonesimulator -L/usr/lib/swift -Xlinker -add_ast_path -Xlinker /Users/xinyufang/Library/Developer/Xcode/DerivedData/Buzz-faillbpsmponqzeruhhvskovixzk/Build/Intermediates.noindex/Supabase.build/Debug-iphonesimulator/Functions.build/Objects-normal/arm64/Functions.swiftmodule @/Users/xinyufang/Library/Developer/Xcode/DerivedData/Buzz-faillbpsmponqzeruhhvskovixzk/Build/Intermediates.noindex/Supabase.build/Debug-iphonesimulator/Functions.build/Objects-normal/arm64/Functions-linker-args.resp -o /Users/xinyufang/Library/Developer/Xcode/DerivedData/Buzz-faillbpsmponqzeruhhvskovixzk/Build/Products/Debug-iphonesimulator/Functions.o

SwiftEmitModule normal arm64 Emitting\ module\ for\ Supabase (in target 'Supabase' from project 'Supabase')

EmitSwiftModule normal arm64 (in target 'Supabase' from project 'Supabase')
    cd /Users/xinyufang/Documents/Buzz/Buzz.xcodeproj
    

SwiftCompile normal arm64 Compiling\ Exports.swift /Users/xinyufang/Library/Developer/Xcode/DerivedData/Buzz-faillbpsmponqzeruhhvskovixzk/SourcePackages/checkouts/supabase-swift/Sources/Supabase/Exports.swift (in target 'Supabase' from project 'Supabase')

SwiftCompile normal arm64 /Users/xinyufang/Library/Developer/Xcode/DerivedData/Buzz-faillbpsmponqzeruhhvskovixzk/SourcePackages/checkouts/supabase-swift/Sources/Supabase/Exports.swift (in target 'Supabase' from project 'Supabase')
    cd /Users/xinyufang/Documents/Buzz/Buzz.xcodeproj
    

SwiftCompile normal arm64 Compiling\ Constants.swift /Users/xinyufang/Library/Developer/Xcode/DerivedData/Buzz-faillbpsmponqzeruhhvskovixzk/SourcePackages/checkouts/supabase-swift/Sources/Supabase/Constants.swift (in target 'Supabase' from project 'Supabase')

SwiftCompile normal arm64 /Users/xinyufang/Library/Developer/Xcode/DerivedData/Buzz-faillbpsmponqzeruhhvskovixzk/SourcePackages/checkouts/supabase-swift/Sources/Supabase/Constants.swift (in target 'Supabase' from project 'Supabase')
    cd /Users/xinyufang/Documents/Buzz/Buzz.xcodeproj
    

SwiftCompile normal arm64 Compiling\ SupabaseClient.swift /Users/xinyufang/Library/Developer/Xcode/DerivedData/Buzz-faillbpsmponqzeruhhvskovixzk/SourcePackages/checkouts/supabase-swift/Sources/Supabase/SupabaseClient.swift (in target 'Supabase' from project 'Supabase')

SwiftCompile normal arm64 /Users/xinyufang/Library/Developer/Xcode/DerivedData/Buzz-faillbpsmponqzeruhhvskovixzk/SourcePackages/checkouts/supabase-swift/Sources/Supabase/SupabaseClient.swift (in target 'Supabase' from project 'Supabase')
    cd /Users/xinyufang/Documents/Buzz/Buzz.xcodeproj
    

SwiftCompile normal arm64 Compiling\ Deprecated.swift /Users/xinyufang/Library/Developer/Xcode/DerivedData/Buzz-faillbpsmponqzeruhhvskovixzk/SourcePackages/checkouts/supabase-swift/Sources/Supabase/Deprecated.swift (in target 'Supabase' from project 'Supabase')

SwiftCompile normal arm64 /Users/xinyufang/Library/Developer/Xcode/DerivedData/Buzz-faillbpsmponqzeruhhvskovixzk/SourcePackages/checkouts/supabase-swift/Sources/Supabase/Deprecated.swift (in target 'Supabase' from project 'Supabase')
    cd /Users/xinyufang/Documents/Buzz/Buzz.xcodeproj
    

SwiftCompile normal arm64 Compiling\ Types.swift /Users/xinyufang/Library/Developer/Xcode/DerivedData/Buzz-faillbpsmponqzeruhhvskovixzk/SourcePackages/checkouts/supabase-swift/Sources/Supabase/Types.swift (in target 'Supabase' from project 'Supabase')

SwiftCompile normal arm64 /Users/xinyufang/Library/Developer/Xcode/DerivedData/Buzz-faillbpsmponqzeruhhvskovixzk/SourcePackages/checkouts/supabase-swift/Sources/Supabase/Types.swift (in target 'Supabase' from project 'Supabase')
    cd /Users/xinyufang/Documents/Buzz/Buzz.xcodeproj
    

SwiftDriverJobDiscovery normal arm64 Compiling Exports.swift (in target 'Supabase' from project 'Supabase')

SwiftDriverJobDiscovery normal arm64 Compiling Constants.swift (in target 'Supabase' from project 'Supabase')

ExtractAppIntentsMetadata (in target 'Storage' from project 'Supabase')
    cd /Users/xinyufang/Library/Developer/Xcode/DerivedData/Buzz-faillbpsmponqzeruhhvskovixzk/SourcePackages/checkouts/supabase-swift
    /Applications/Xcode.app/Contents/Developer/Toolchains/XcodeDefault.xctoolchain/usr/bin/appintentsmetadataprocessor --toolchain-dir /Applications/Xcode.app/Contents/Developer/Toolchains/XcodeDefault.xctoolchain --module-name Storage --sdk-root /Applications/Xcode.app/Contents/Developer/Platforms/iPhoneSimulator.platform/Developer/SDKs/iPhoneSimulator26.0.sdk --xcode-version 17A400 --platform-family iOS --deployment-target 13.0 --bundle-identifier supabase-swift.Storage --output /Users/xinyufang/Library/Developer/Xcode/DerivedData/Buzz-faillbpsmponqzeruhhvskovixzk/Build/Products/Debug-iphonesimulator/Storage.appintents --target-triple arm64-apple-ios13.0-simulator --binary-file /Users/xinyufang/Library/Developer/Xcode/DerivedData/Buzz-faillbpsmponqzeruhhvskovixzk/Build/Products/Debug-iphonesimulator/Storage.o --dependency-file /Users/xinyufang/Library/Developer/Xcode/DerivedData/Buzz-faillbpsmponqzeruhhvskovixzk/Build/Intermediates.noindex/Supabase.build/Debug-iphonesimulator/Storage.build/Objects-normal/arm64/Storage_dependency_info.dat --stringsdata-file /Users/xinyufang/Library/Developer/Xcode/DerivedData/Buzz-faillbpsmponqzeruhhvskovixzk/Build/Intermediates.noindex/Supabase.build/Debug-iphonesimulator/Storage.build/Objects-normal/arm64/ExtractedAppShortcutsMetadata.stringsdata --source-file-list /Users/xinyufang/Library/Developer/Xcode/DerivedData/Buzz-faillbpsmponqzeruhhvskovixzk/Build/Intermediates.noindex/Supabase.build/Debug-iphonesimulator/Storage.build/Objects-normal/arm64/Storage.SwiftFileList --metadata-file-list /Users/xinyufang/Library/Developer/Xcode/DerivedData/Buzz-faillbpsmponqzeruhhvskovixzk/Build/Intermediates.noindex/Supabase.build/Debug-iphonesimulator/Storage.build/Storage.DependencyMetadataFileList --static-metadata-file-list /Users/xinyufang/Library/Developer/Xcode/DerivedData/Buzz-faillbpsmponqzeruhhvskovixzk/Build/Intermediates.noindex/Supabase.build/Debug-iphonesimulator/Storage.build/Storage.DependencyStaticMetadataFileList --swift-const-vals-list /Users/xinyufang/Library/Developer/Xcode/DerivedData/Buzz-faillbpsmponqzeruhhvskovixzk/Build/Intermediates.noindex/Supabase.build/Debug-iphonesimulator/Storage.build/Objects-normal/arm64/Storage.SwiftConstValuesFileList --force --compile-time-extraction --deployment-aware-processing --validate-assistant-intents --no-app-shortcuts-localization
2025-11-16 01:12:21.438 appintentsmetadataprocessor[64564:26423418] Starting appintentsmetadataprocessor export
2025-11-16 01:12:21.590 appintentsmetadataprocessor[64564:26423418] Extracted no relevant App Intents symbols, skipping writing output

ExtractAppIntentsMetadata (in target 'Realtime' from project 'Supabase')
    cd /Users/xinyufang/Library/Developer/Xcode/DerivedData/Buzz-faillbpsmponqzeruhhvskovixzk/SourcePackages/checkouts/supabase-swift
    /Applications/Xcode.app/Contents/Developer/Toolchains/XcodeDefault.xctoolchain/usr/bin/appintentsmetadataprocessor --toolchain-dir /Applications/Xcode.app/Contents/Developer/Toolchains/XcodeDefault.xctoolchain --module-name Realtime --sdk-root /Applications/Xcode.app/Contents/Developer/Platforms/iPhoneSimulator.platform/Developer/SDKs/iPhoneSimulator26.0.sdk --xcode-version 17A400 --platform-family iOS --deployment-target 13.0 --bundle-identifier supabase-swift.Realtime --output /Users/xinyufang/Library/Developer/Xcode/DerivedData/Buzz-faillbpsmponqzeruhhvskovixzk/Build/Products/Debug-iphonesimulator/Realtime.appintents --target-triple arm64-apple-ios13.0-simulator --binary-file /Users/xinyufang/Library/Developer/Xcode/DerivedData/Buzz-faillbpsmponqzeruhhvskovixzk/Build/Products/Debug-iphonesimulator/Realtime.o --dependency-file /Users/xinyufang/Library/Developer/Xcode/DerivedData/Buzz-faillbpsmponqzeruhhvskovixzk/Build/Intermediates.noindex/Supabase.build/Debug-iphonesimulator/Realtime.build/Objects-normal/arm64/Realtime_dependency_info.dat --stringsdata-file /Users/xinyufang/Library/Developer/Xcode/DerivedData/Buzz-faillbpsmponqzeruhhvskovixzk/Build/Intermediates.noindex/Supabase.build/Debug-iphonesimulator/Realtime.build/Objects-normal/arm64/ExtractedAppShortcutsMetadata.stringsdata --source-file-list /Users/xinyufang/Library/Developer/Xcode/DerivedData/Buzz-faillbpsmponqzeruhhvskovixzk/Build/Intermediates.noindex/Supabase.build/Debug-iphonesimulator/Realtime.build/Objects-normal/arm64/Realtime.SwiftFileList --metadata-file-list /Users/xinyufang/Library/Developer/Xcode/DerivedData/Buzz-faillbpsmponqzeruhhvskovixzk/Build/Intermediates.noindex/Supabase.build/Debug-iphonesimulator/Realtime.build/Realtime.DependencyMetadataFileList --static-metadata-file-list /Users/xinyufang/Library/Developer/Xcode/DerivedData/Buzz-faillbpsmponqzeruhhvskovixzk/Build/Intermediates.noindex/Supabase.build/Debug-iphonesimulator/Realtime.build/Realtime.DependencyStaticMetadataFileList --swift-const-vals-list /Users/xinyufang/Library/Developer/Xcode/DerivedData/Buzz-faillbpsmponqzeruhhvskovixzk/Build/Intermediates.noindex/Supabase.build/Debug-iphonesimulator/Realtime.build/Objects-normal/arm64/Realtime.SwiftConstValuesFileList --force --compile-time-extraction --deployment-aware-processing --validate-assistant-intents --no-app-shortcuts-localization
2025-11-16 01:12:21.441 appintentsmetadataprocessor[64565:26423419] Starting appintentsmetadataprocessor export
2025-11-16 01:12:21.568 appintentsmetadataprocessor[64565:26423419] Extracted no relevant App Intents symbols, skipping writing output

ExtractAppIntentsMetadata (in target 'PostgREST' from project 'Supabase')
    cd /Users/xinyufang/Library/Developer/Xcode/DerivedData/Buzz-faillbpsmponqzeruhhvskovixzk/SourcePackages/checkouts/supabase-swift
    /Applications/Xcode.app/Contents/Developer/Toolchains/XcodeDefault.xctoolchain/usr/bin/appintentsmetadataprocessor --toolchain-dir /Applications/Xcode.app/Contents/Developer/Toolchains/XcodeDefault.xctoolchain --module-name PostgREST --sdk-root /Applications/Xcode.app/Contents/Developer/Platforms/iPhoneSimulator.platform/Developer/SDKs/iPhoneSimulator26.0.sdk --xcode-version 17A400 --platform-family iOS --deployment-target 13.0 --bundle-identifier supabase-swift.PostgREST --output /Users/xinyufang/Library/Developer/Xcode/DerivedData/Buzz-faillbpsmponqzeruhhvskovixzk/Build/Products/Debug-iphonesimulator/PostgREST.appintents --target-triple arm64-apple-ios13.0-simulator --binary-file /Users/xinyufang/Library/Developer/Xcode/DerivedData/Buzz-faillbpsmponqzeruhhvskovixzk/Build/Products/Debug-iphonesimulator/PostgREST.o --dependency-file /Users/xinyufang/Library/Developer/Xcode/DerivedData/Buzz-faillbpsmponqzeruhhvskovixzk/Build/Intermediates.noindex/Supabase.build/Debug-iphonesimulator/PostgREST.build/Objects-normal/arm64/PostgREST_dependency_info.dat --stringsdata-file /Users/xinyufang/Library/Developer/Xcode/DerivedData/Buzz-faillbpsmponqzeruhhvskovixzk/Build/Intermediates.noindex/Supabase.build/Debug-iphonesimulator/PostgREST.build/Objects-normal/arm64/ExtractedAppShortcutsMetadata.stringsdata --source-file-list /Users/xinyufang/Library/Developer/Xcode/DerivedData/Buzz-faillbpsmponqzeruhhvskovixzk/Build/Intermediates.noindex/Supabase.build/Debug-iphonesimulator/PostgREST.build/Objects-normal/arm64/PostgREST.SwiftFileList --metadata-file-list /Users/xinyufang/Library/Developer/Xcode/DerivedData/Buzz-faillbpsmponqzeruhhvskovixzk/Build/Intermediates.noindex/Supabase.build/Debug-iphonesimulator/PostgREST.build/PostgREST.DependencyMetadataFileList --static-metadata-file-list /Users/xinyufang/Library/Developer/Xcode/DerivedData/Buzz-faillbpsmponqzeruhhvskovixzk/Build/Intermediates.noindex/Supabase.build/Debug-iphonesimulator/PostgREST.build/PostgREST.DependencyStaticMetadataFileList --swift-const-vals-list /Users/xinyufang/Library/Developer/Xcode/DerivedData/Buzz-faillbpsmponqzeruhhvskovixzk/Build/Intermediates.noindex/Supabase.build/Debug-iphonesimulator/PostgREST.build/Objects-normal/arm64/PostgREST.SwiftConstValuesFileList --force --compile-time-extraction --deployment-aware-processing --validate-assistant-intents --no-app-shortcuts-localization
2025-11-16 01:12:21.466 appintentsmetadataprocessor[64566:26423427] Starting appintentsmetadataprocessor export
2025-11-16 01:12:21.617 appintentsmetadataprocessor[64566:26423427] Extracted no relevant App Intents symbols, skipping writing output

ExtractAppIntentsMetadata (in target 'Functions' from project 'Supabase')
    cd /Users/xinyufang/Library/Developer/Xcode/DerivedData/Buzz-faillbpsmponqzeruhhvskovixzk/SourcePackages/checkouts/supabase-swift
    /Applications/Xcode.app/Contents/Developer/Toolchains/XcodeDefault.xctoolchain/usr/bin/appintentsmetadataprocessor --toolchain-dir /Applications/Xcode.app/Contents/Developer/Toolchains/XcodeDefault.xctoolchain --module-name Functions --sdk-root /Applications/Xcode.app/Contents/Developer/Platforms/iPhoneSimulator.platform/Developer/SDKs/iPhoneSimulator26.0.sdk --xcode-version 17A400 --platform-family iOS --deployment-target 13.0 --bundle-identifier supabase-swift.Functions --output /Users/xinyufang/Library/Developer/Xcode/DerivedData/Buzz-faillbpsmponqzeruhhvskovixzk/Build/Products/Debug-iphonesimulator/Functions.appintents --target-triple arm64-apple-ios13.0-simulator --binary-file /Users/xinyufang/Library/Developer/Xcode/DerivedData/Buzz-faillbpsmponqzeruhhvskovixzk/Build/Products/Debug-iphonesimulator/Functions.o --dependency-file /Users/xinyufang/Library/Developer/Xcode/DerivedData/Buzz-faillbpsmponqzeruhhvskovixzk/Build/Intermediates.noindex/Supabase.build/Debug-iphonesimulator/Functions.build/Objects-normal/arm64/Functions_dependency_info.dat --stringsdata-file /Users/xinyufang/Library/Developer/Xcode/DerivedData/Buzz-faillbpsmponqzeruhhvskovixzk/Build/Intermediates.noindex/Supabase.build/Debug-iphonesimulator/Functions.build/Objects-normal/arm64/ExtractedAppShortcutsMetadata.stringsdata --source-file-list /Users/xinyufang/Library/Developer/Xcode/DerivedData/Buzz-faillbpsmponqzeruhhvskovixzk/Build/Intermediates.noindex/Supabase.build/Debug-iphonesimulator/Functions.build/Objects-normal/arm64/Functions.SwiftFileList --metadata-file-list /Users/xinyufang/Library/Developer/Xcode/DerivedData/Buzz-faillbpsmponqzeruhhvskovixzk/Build/Intermediates.noindex/Supabase.build/Debug-iphonesimulator/Functions.build/Functions.DependencyMetadataFileList --static-metadata-file-list /Users/xinyufang/Library/Developer/Xcode/DerivedData/Buzz-faillbpsmponqzeruhhvskovixzk/Build/Intermediates.noindex/Supabase.build/Debug-iphonesimulator/Functions.build/Functions.DependencyStaticMetadataFileList --swift-const-vals-list /Users/xinyufang/Library/Developer/Xcode/DerivedData/Buzz-faillbpsmponqzeruhhvskovixzk/Build/Intermediates.noindex/Supabase.build/Debug-iphonesimulator/Functions.build/Objects-normal/arm64/Functions.SwiftConstValuesFileList --force --compile-time-extraction --deployment-aware-processing --validate-assistant-intents --no-app-shortcuts-localization
2025-11-16 01:12:21.474 appintentsmetadataprocessor[64567:26423428] Starting appintentsmetadataprocessor export
2025-11-16 01:12:21.619 appintentsmetadataprocessor[64567:26423428] Extracted no relevant App Intents symbols, skipping writing output

SwiftDriverJobDiscovery normal arm64 Compiling Deprecated.swift (in target 'Supabase' from project 'Supabase')

SwiftDriverJobDiscovery normal arm64 Emitting module for Supabase (in target 'Supabase' from project 'Supabase')

SwiftDriver\ Compilation\ Requirements Supabase normal arm64 com.apple.xcode.tools.swift.compiler (in target 'Supabase' from project 'Supabase')
    cd /Users/xinyufang/Documents/Buzz/Buzz.xcodeproj
    builtin-Swift-Compilation-Requirements -- /Applications/Xcode.app/Contents/Developer/Toolchains/XcodeDefault.xctoolchain/usr/bin/swiftc -module-name Supabase -Onone -enforce-exclusivity\=checked @/Users/xinyufang/Library/Developer/Xcode/DerivedData/Buzz-faillbpsmponqzeruhhvskovixzk/Build/Intermediates.noindex/Supabase.build/Debug-iphonesimulator/Supabase.build/Objects-normal/arm64/Supabase.SwiftFileList -DSWIFT_PACKAGE -DDEBUG -DSWIFT_MODULE_RESOURCE_BUNDLE_UNAVAILABLE -DXcode -enable-upcoming-feature ExistentialAny -enable-experimental-feature StrictConcurrency -plugin-path /Applications/Xcode.app/Contents/Developer/Toolchains/XcodeDefault.xctoolchain/usr/lib/swift/host/plugins/testing -enable-experimental-feature DebugDescriptionMacro -sdk /Applications/Xcode.app/Contents/Developer/Platforms/iPhoneSimulator.platform/Developer/SDKs/iPhoneSimulator26.0.sdk -target arm64-apple-ios13.0-simulator -g -module-cache-path /Users/xinyufang/Library/Developer/Xcode/DerivedData/ModuleCache.noindex -Xfrontend -serialize-debugging-options -enable-testing -suppress-warnings -index-store-path /Users/xinyufang/Library/Developer/Xcode/DerivedData/Buzz-faillbpsmponqzeruhhvskovixzk/Index.noindex/DataStore -Xcc -D_LIBCPP_HARDENING_MODE\=_LIBCPP_HARDENING_MODE_DEBUG -swift-version 5 -I /Users/xinyufang/Library/Developer/Xcode/DerivedData/Buzz-faillbpsmponqzeruhhvskovixzk/Build/Products/Debug-iphonesimulator -Isystem /Applications/Xcode.app/Contents/Developer/Platforms/iPhoneSimulator.platform/Developer/usr/lib -F /Users/xinyufang/Library/Developer/Xcode/DerivedData/Buzz-faillbpsmponqzeruhhvskovixzk/Build/Products/Debug-iphonesimulator/PackageFrameworks -F /Users/xinyufang/Library/Developer/Xcode/DerivedData/Buzz-faillbpsmponqzeruhhvskovixzk/Build/Products/Debug-iphonesimulator/PackageFrameworks -F /Users/xinyufang/Library/Developer/Xcode/DerivedData/Buzz-faillbpsmponqzeruhhvskovixzk/Build/Products/Debug-iphonesimulator/PackageFrameworks -F /Users/xinyufang/Library/Developer/Xcode/DerivedData/Buzz-faillbpsmponqzeruhhvskovixzk/Build/Products/Debug-iphonesimulator/PackageFrameworks -F /Users/xinyufang/Library/Developer/Xcode/DerivedData/Buzz-faillbpsmponqzeruhhvskovixzk/Build/Products/Debug-iphonesimulator/PackageFrameworks -F /Users/xinyufang/Library/Developer/Xcode/DerivedData/Buzz-faillbpsmponqzeruhhvskovixzk/Build/Products/Debug-iphonesimulator/PackageFrameworks -F /Users/xinyufang/Library/Developer/Xcode/DerivedData/Buzz-faillbpsmponqzeruhhvskovixzk/Build/Products/Debug-iphonesimulator/PackageFrameworks -F /Users/xinyufang/Library/Developer/Xcode/DerivedData/Buzz-faillbpsmponqzeruhhvskovixzk/Build/Products/Debug-iphonesimulator/PackageFrameworks -F /Users/xinyufang/Library/Developer/Xcode/DerivedData/Buzz-faillbpsmponqzeruhhvskovixzk/Build/Products/Debug-iphonesimulator/PackageFrameworks -F /Users/xinyufang/Library/Developer/Xcode/DerivedData/Buzz-faillbpsmponqzeruhhvskovixzk/Build/Products/Debug-iphonesimulator/PackageFrameworks -F /Users/xinyufang/Library/Developer/Xcode/DerivedData/Buzz-faillbpsmponqzeruhhvskovixzk/Build/Products/Debug-iphonesimulator/PackageFrameworks -F /Users/xinyufang/Library/Developer/Xcode/DerivedData/Buzz-faillbpsmponqzeruhhvskovixzk/Build/Products/Debug-iphonesimulator/PackageFrameworks -F /Users/xinyufang/Library/Developer/Xcode/DerivedData/Buzz-faillbpsmponqzeruhhvskovixzk/Build/Products/Debug-iphonesimulator/PackageFrameworks -F /Users/xinyufang/Library/Developer/Xcode/DerivedData/Buzz-faillbpsmponqzeruhhvskovixzk/Build/Products/Debug-iphonesimulator -F /Applications/Xcode.app/Contents/Developer/Platforms/iPhoneSimulator.platform/Developer/Library/Frameworks -F /Applications/Xcode.app/Contents/Developer/Platforms/iPhoneSimulator.platform/Developer/SDKs/iPhoneSimulator26.0.sdk/Developer/Library/Frameworks -c -j8 -enable-batch-mode -incremental -Xcc -ivfsstatcache -Xcc /Users/xinyufang/Library/Developer/Xcode/DerivedData/SDKStatCaches.noindex/iphonesimulator26.0-23A339-26257891a6c027eb51374368541b8346.sdkstatcache -output-file-map /Users/xinyufang/Library/Developer/Xcode/DerivedData/Buzz-faillbpsmponqzeruhhvskovixzk/Build/Intermediates.noindex/Supabase.build/Debug-iphonesimulator/Supabase.build/Objects-normal/arm64/Supabase-OutputFileMap.json -use-frontend-parseable-output -save-temps -no-color-diagnostics -explicit-module-build -module-cache-path /Users/xinyufang/Library/Developer/Xcode/DerivedData/Buzz-faillbpsmponqzeruhhvskovixzk/Build/Intermediates.noindex/SwiftExplicitPrecompiledModules -clang-scanner-module-cache-path /Users/xinyufang/Library/Developer/Xcode/DerivedData/ModuleCache.noindex -sdk-module-cache-path /Users/xinyufang/Library/Developer/Xcode/DerivedData/ModuleCache.noindex -serialize-diagnostics -emit-dependencies -emit-module -emit-module-path /Users/xinyufang/Library/Developer/Xcode/DerivedData/Buzz-faillbpsmponqzeruhhvskovixzk/Build/Intermediates.noindex/Supabase.build/Debug-iphonesimulator/Supabase.build/Objects-normal/arm64/Supabase.swiftmodule -user-module-version 2.36.0 -validate-clang-modules-once -clang-build-session-file /Users/xinyufang/Library/Developer/Xcode/DerivedData/ModuleCache.noindex/Session.modulevalidation -package-name supabase_swift -Xcc -I/Users/xinyufang/Library/Developer/Xcode/DerivedData/Buzz-faillbpsmponqzeruhhvskovixzk/Build/Intermediates.noindex/Supabase.build/Debug-iphonesimulator/Supabase.build/swift-overrides.hmap -emit-const-values -Xfrontend -const-gather-protocols-file -Xfrontend /Users/xinyufang/Library/Developer/Xcode/DerivedData/Buzz-faillbpsmponqzeruhhvskovixzk/Build/Intermediates.noindex/Supabase.build/Debug-iphonesimulator/Supabase.build/Objects-normal/arm64/Supabase_const_extract_protocols.json -Xcc -I/Users/xinyufang/Library/Developer/Xcode/DerivedData/Buzz-faillbpsmponqzeruhhvskovixzk/Build/Products/Debug-iphonesimulator/include -Xcc -I/Users/xinyufang/Library/Developer/Xcode/DerivedData/Buzz-faillbpsmponqzeruhhvskovixzk/Build/Intermediates.noindex/Supabase.build/Debug-iphonesimulator/Supabase.build/DerivedSources-normal/arm64 -Xcc -I/Users/xinyufang/Library/Developer/Xcode/DerivedData/Buzz-faillbpsmponqzeruhhvskovixzk/Build/Intermediates.noindex/Supabase.build/Debug-iphonesimulator/Supabase.build/DerivedSources/arm64 -Xcc -I/Users/xinyufang/Library/Developer/Xcode/DerivedData/Buzz-faillbpsmponqzeruhhvskovixzk/Build/Intermediates.noindex/Supabase.build/Debug-iphonesimulator/Supabase.build/DerivedSources -Xcc -DSWIFT_PACKAGE -Xcc -DDEBUG\=1 -emit-objc-header -emit-objc-header-path /Users/xinyufang/Library/Developer/Xcode/DerivedData/Buzz-faillbpsmponqzeruhhvskovixzk/Build/Intermediates.noindex/Supabase.build/Debug-iphonesimulator/Supabase.build/Objects-normal/arm64/Supabase-Swift.h -working-directory /Users/xinyufang/Documents/Buzz/Buzz.xcodeproj -experimental-emit-module-separately -disable-cmo

SwiftMergeGeneratedHeaders /Users/xinyufang/Library/Developer/Xcode/DerivedData/Buzz-faillbpsmponqzeruhhvskovixzk/Build/Intermediates.noindex/GeneratedModuleMaps-iphonesimulator/Supabase-Swift.h /Users/xinyufang/Library/Developer/Xcode/DerivedData/Buzz-faillbpsmponqzeruhhvskovixzk/Build/Intermediates.noindex/Supabase.build/Debug-iphonesimulator/Supabase.build/Objects-normal/arm64/Supabase-Swift.h (in target 'Supabase' from project 'Supabase')
    cd /Users/xinyufang/Library/Developer/Xcode/DerivedData/Buzz-faillbpsmponqzeruhhvskovixzk/SourcePackages/checkouts/supabase-swift
    builtin-swiftHeaderTool -arch arm64 /Users/xinyufang/Library/Developer/Xcode/DerivedData/Buzz-faillbpsmponqzeruhhvskovixzk/Build/Intermediates.noindex/Supabase.build/Debug-iphonesimulator/Supabase.build/Objects-normal/arm64/Supabase-Swift.h -o /Users/xinyufang/Library/Developer/Xcode/DerivedData/Buzz-faillbpsmponqzeruhhvskovixzk/Build/Intermediates.noindex/GeneratedModuleMaps-iphonesimulator/Supabase-Swift.h

Copy /Users/xinyufang/Library/Developer/Xcode/DerivedData/Buzz-faillbpsmponqzeruhhvskovixzk/Build/Products/Debug-iphonesimulator/Supabase.swiftmodule/arm64-apple-ios-simulator.swiftmodule /Users/xinyufang/Library/Developer/Xcode/DerivedData/Buzz-faillbpsmponqzeruhhvskovixzk/Build/Intermediates.noindex/Supabase.build/Debug-iphonesimulator/Supabase.build/Objects-normal/arm64/Supabase.swiftmodule (in target 'Supabase' from project 'Supabase')
    cd /Users/xinyufang/Library/Developer/Xcode/DerivedData/Buzz-faillbpsmponqzeruhhvskovixzk/SourcePackages/checkouts/supabase-swift
    builtin-copy -exclude .DS_Store -exclude CVS -exclude .svn -exclude .git -exclude .hg -resolve-src-symlinks -rename /Users/xinyufang/Library/Developer/Xcode/DerivedData/Buzz-faillbpsmponqzeruhhvskovixzk/Build/Intermediates.noindex/Supabase.build/Debug-iphonesimulator/Supabase.build/Objects-normal/arm64/Supabase.swiftmodule /Users/xinyufang/Library/Developer/Xcode/DerivedData/Buzz-faillbpsmponqzeruhhvskovixzk/Build/Products/Debug-iphonesimulator/Supabase.swiftmodule/arm64-apple-ios-simulator.swiftmodule

Copy /Users/xinyufang/Library/Developer/Xcode/DerivedData/Buzz-faillbpsmponqzeruhhvskovixzk/Build/Products/Debug-iphonesimulator/Supabase.swiftmodule/arm64-apple-ios-simulator.swiftdoc /Users/xinyufang/Library/Developer/Xcode/DerivedData/Buzz-faillbpsmponqzeruhhvskovixzk/Build/Intermediates.noindex/Supabase.build/Debug-iphonesimulator/Supabase.build/Objects-normal/arm64/Supabase.swiftdoc (in target 'Supabase' from project 'Supabase')
    cd /Users/xinyufang/Library/Developer/Xcode/DerivedData/Buzz-faillbpsmponqzeruhhvskovixzk/SourcePackages/checkouts/supabase-swift
    builtin-copy -exclude .DS_Store -exclude CVS -exclude .svn -exclude .git -exclude .hg -resolve-src-symlinks -rename /Users/xinyufang/Library/Developer/Xcode/DerivedData/Buzz-faillbpsmponqzeruhhvskovixzk/Build/Intermediates.noindex/Supabase.build/Debug-iphonesimulator/Supabase.build/Objects-normal/arm64/Supabase.swiftdoc /Users/xinyufang/Library/Developer/Xcode/DerivedData/Buzz-faillbpsmponqzeruhhvskovixzk/Build/Products/Debug-iphonesimulator/Supabase.swiftmodule/arm64-apple-ios-simulator.swiftdoc

Copy /Users/xinyufang/Library/Developer/Xcode/DerivedData/Buzz-faillbpsmponqzeruhhvskovixzk/Build/Products/Debug-iphonesimulator/Supabase.swiftmodule/arm64-apple-ios-simulator.abi.json /Users/xinyufang/Library/Developer/Xcode/DerivedData/Buzz-faillbpsmponqzeruhhvskovixzk/Build/Intermediates.noindex/Supabase.build/Debug-iphonesimulator/Supabase.build/Objects-normal/arm64/Supabase.abi.json (in target 'Supabase' from project 'Supabase')
    cd /Users/xinyufang/Library/Developer/Xcode/DerivedData/Buzz-faillbpsmponqzeruhhvskovixzk/SourcePackages/checkouts/supabase-swift
    builtin-copy -exclude .DS_Store -exclude CVS -exclude .svn -exclude .git -exclude .hg -resolve-src-symlinks -rename /Users/xinyufang/Library/Developer/Xcode/DerivedData/Buzz-faillbpsmponqzeruhhvskovixzk/Build/Intermediates.noindex/Supabase.build/Debug-iphonesimulator/Supabase.build/Objects-normal/arm64/Supabase.abi.json /Users/xinyufang/Library/Developer/Xcode/DerivedData/Buzz-faillbpsmponqzeruhhvskovixzk/Build/Products/Debug-iphonesimulator/Supabase.swiftmodule/arm64-apple-ios-simulator.abi.json

Copy /Users/xinyufang/Library/Developer/Xcode/DerivedData/Buzz-faillbpsmponqzeruhhvskovixzk/Build/Products/Debug-iphonesimulator/Supabase.swiftmodule/Project/arm64-apple-ios-simulator.swiftsourceinfo /Users/xinyufang/Library/Developer/Xcode/DerivedData/Buzz-faillbpsmponqzeruhhvskovixzk/Build/Intermediates.noindex/Supabase.build/Debug-iphonesimulator/Supabase.build/Objects-normal/arm64/Supabase.swiftsourceinfo (in target 'Supabase' from project 'Supabase')
    cd /Users/xinyufang/Library/Developer/Xcode/DerivedData/Buzz-faillbpsmponqzeruhhvskovixzk/SourcePackages/checkouts/supabase-swift
    builtin-copy -exclude .DS_Store -exclude CVS -exclude .svn -exclude .git -exclude .hg -resolve-src-symlinks -rename /Users/xinyufang/Library/Developer/Xcode/DerivedData/Buzz-faillbpsmponqzeruhhvskovixzk/Build/Intermediates.noindex/Supabase.build/Debug-iphonesimulator/Supabase.build/Objects-normal/arm64/Supabase.swiftsourceinfo /Users/xinyufang/Library/Developer/Xcode/DerivedData/Buzz-faillbpsmponqzeruhhvskovixzk/Build/Products/Debug-iphonesimulator/Supabase.swiftmodule/Project/arm64-apple-ios-simulator.swiftsourceinfo

SwiftDriverJobDiscovery normal arm64 Compiling Types.swift (in target 'Supabase' from project 'Supabase')

ProcessProductPackaging "" /Users/xinyufang/Library/Developer/Xcode/DerivedData/Buzz-faillbpsmponqzeruhhvskovixzk/Build/Intermediates.noindex/Buzz.build/Debug-iphonesimulator/Buzz.build/Buzz.app-Simulated.xcent (in target 'Buzz' from project 'Buzz')
    cd /Users/xinyufang/Documents/Buzz
    
    Entitlements:
    
    {
    "application-identifier" = "8Z3F4XB85L.com.buzz.app.ios";
}
    
    builtin-productPackagingUtility -entitlements -format xml -o /Users/xinyufang/Library/Developer/Xcode/DerivedData/Buzz-faillbpsmponqzeruhhvskovixzk/Build/Intermediates.noindex/Buzz.build/Debug-iphonesimulator/Buzz.build/Buzz.app-Simulated.xcent

RegisterExecutionPolicyException /Users/xinyufang/Library/Developer/Xcode/DerivedData/Buzz-faillbpsmponqzeruhhvskovixzk/Build/Products/Debug-iphonesimulator/Storage.o (in target 'Storage' from project 'Supabase')
    cd /Users/xinyufang/Library/Developer/Xcode/DerivedData/Buzz-faillbpsmponqzeruhhvskovixzk/SourcePackages/checkouts/supabase-swift
    builtin-RegisterExecutionPolicyException /Users/xinyufang/Library/Developer/Xcode/DerivedData/Buzz-faillbpsmponqzeruhhvskovixzk/Build/Products/Debug-iphonesimulator/Storage.o

ProcessProductPackagingDER /Users/xinyufang/Library/Developer/Xcode/DerivedData/Buzz-faillbpsmponqzeruhhvskovixzk/Build/Intermediates.noindex/Buzz.build/Debug-iphonesimulator/Buzz.build/Buzz.app-Simulated.xcent /Users/xinyufang/Library/Developer/Xcode/DerivedData/Buzz-faillbpsmponqzeruhhvskovixzk/Build/Intermediates.noindex/Buzz.build/Debug-iphonesimulator/Buzz.build/Buzz.app-Simulated.xcent.der (in target 'Buzz' from project 'Buzz')
    cd /Users/xinyufang/Documents/Buzz
    /usr/bin/derq query -f xml -i /Users/xinyufang/Library/Developer/Xcode/DerivedData/Buzz-faillbpsmponqzeruhhvskovixzk/Build/Intermediates.noindex/Buzz.build/Debug-iphonesimulator/Buzz.build/Buzz.app-Simulated.xcent -o /Users/xinyufang/Library/Developer/Xcode/DerivedData/Buzz-faillbpsmponqzeruhhvskovixzk/Build/Intermediates.noindex/Buzz.build/Debug-iphonesimulator/Buzz.build/Buzz.app-Simulated.xcent.der --raw

RegisterExecutionPolicyException /Users/xinyufang/Library/Developer/Xcode/DerivedData/Buzz-faillbpsmponqzeruhhvskovixzk/Build/Products/Debug-iphonesimulator/Realtime.o (in target 'Realtime' from project 'Supabase')
    cd /Users/xinyufang/Library/Developer/Xcode/DerivedData/Buzz-faillbpsmponqzeruhhvskovixzk/SourcePackages/checkouts/supabase-swift
    builtin-RegisterExecutionPolicyException /Users/xinyufang/Library/Developer/Xcode/DerivedData/Buzz-faillbpsmponqzeruhhvskovixzk/Build/Products/Debug-iphonesimulator/Realtime.o

RegisterExecutionPolicyException /Users/xinyufang/Library/Developer/Xcode/DerivedData/Buzz-faillbpsmponqzeruhhvskovixzk/Build/Products/Debug-iphonesimulator/GoogleSignInSwift.o (in target 'GoogleSignInSwift' from project 'GoogleSignIn')
    cd /Users/xinyufang/Library/Developer/Xcode/DerivedData/Buzz-faillbpsmponqzeruhhvskovixzk/SourcePackages/checkouts/GoogleSignIn-iOS
    builtin-RegisterExecutionPolicyException /Users/xinyufang/Library/Developer/Xcode/DerivedData/Buzz-faillbpsmponqzeruhhvskovixzk/Build/Products/Debug-iphonesimulator/GoogleSignInSwift.o

MkDir /Users/xinyufang/Library/Developer/Xcode/DerivedData/Buzz-faillbpsmponqzeruhhvskovixzk/Build/Intermediates.noindex/Buzz.build/Debug-iphonesimulator/Buzz.build/assetcatalog_output/unthinned (in target 'Buzz' from project 'Buzz')
    cd /Users/xinyufang/Documents/Buzz
    /bin/mkdir -p /Users/xinyufang/Library/Developer/Xcode/DerivedData/Buzz-faillbpsmponqzeruhhvskovixzk/Build/Intermediates.noindex/Buzz.build/Debug-iphonesimulator/Buzz.build/assetcatalog_output/unthinned

MkDir /Users/xinyufang/Library/Developer/Xcode/DerivedData/Buzz-faillbpsmponqzeruhhvskovixzk/Build/Intermediates.noindex/Buzz.build/Debug-iphonesimulator/Buzz.build/assetcatalog_output/thinned (in target 'Buzz' from project 'Buzz')
    cd /Users/xinyufang/Documents/Buzz
    /bin/mkdir -p /Users/xinyufang/Library/Developer/Xcode/DerivedData/Buzz-faillbpsmponqzeruhhvskovixzk/Build/Intermediates.noindex/Buzz.build/Debug-iphonesimulator/Buzz.build/assetcatalog_output/thinned

GenerateAssetSymbols /Users/xinyufang/Documents/Buzz/Buzz/Assets.xcassets (in target 'Buzz' from project 'Buzz')
    cd /Users/xinyufang/Documents/Buzz
    /Applications/Xcode.app/Contents/Developer/usr/bin/actool /Users/xinyufang/Documents/Buzz/Buzz/Assets.xcassets --compile /Users/xinyufang/Library/Developer/Xcode/DerivedData/Buzz-faillbpsmponqzeruhhvskovixzk/Build/Products/Debug-iphonesimulator/Buzz.app --output-format human-readable-text --notices --warnings --export-dependency-info /Users/xinyufang/Library/Developer/Xcode/DerivedData/Buzz-faillbpsmponqzeruhhvskovixzk/Build/Intermediates.noindex/Buzz.build/Debug-iphonesimulator/Buzz.build/assetcatalog_dependencies --output-partial-info-plist /Users/xinyufang/Library/Developer/Xcode/DerivedData/Buzz-faillbpsmponqzeruhhvskovixzk/Build/Intermediates.noindex/Buzz.build/Debug-iphonesimulator/Buzz.build/assetcatalog_generated_info.plist --app-icon AppIcon --accent-color AccentColor --compress-pngs --enable-on-demand-resources YES --development-region en --target-device iphone --target-device ipad --minimum-deployment-target 26.0 --platform iphonesimulator --bundle-identifier com.buzz.app.ios --generate-swift-asset-symbols /Users/xinyufang/Library/Developer/Xcode/DerivedData/Buzz-faillbpsmponqzeruhhvskovixzk/Build/Intermediates.noindex/Buzz.build/Debug-iphonesimulator/Buzz.build/DerivedSources/GeneratedAssetSymbols.swift --generate-objc-asset-symbols /Users/xinyufang/Library/Developer/Xcode/DerivedData/Buzz-faillbpsmponqzeruhhvskovixzk/Build/Intermediates.noindex/Buzz.build/Debug-iphonesimulator/Buzz.build/DerivedSources/GeneratedAssetSymbols.h --generate-asset-symbol-index /Users/xinyufang/Library/Developer/Xcode/DerivedData/Buzz-faillbpsmponqzeruhhvskovixzk/Build/Intermediates.noindex/Buzz.build/Debug-iphonesimulator/Buzz.build/DerivedSources/GeneratedAssetSymbols-Index.plist
/* com.apple.actool.compilation-results */
/Users/xinyufang/Library/Developer/Xcode/DerivedData/Buzz-faillbpsmponqzeruhhvskovixzk/Build/Intermediates.noindex/Buzz.build/Debug-iphonesimulator/Buzz.build/DerivedSources/GeneratedAssetSymbols-Index.plist
/Users/xinyufang/Library/Developer/Xcode/DerivedData/Buzz-faillbpsmponqzeruhhvskovixzk/Build/Intermediates.noindex/Buzz.build/Debug-iphonesimulator/Buzz.build/DerivedSources/GeneratedAssetSymbols.h
/Users/xinyufang/Library/Developer/Xcode/DerivedData/Buzz-faillbpsmponqzeruhhvskovixzk/Build/Intermediates.noindex/Buzz.build/Debug-iphonesimulator/Buzz.build/DerivedSources/GeneratedAssetSymbols.swift


CompileAssetCatalogVariant thinned /Users/xinyufang/Library/Developer/Xcode/DerivedData/Buzz-faillbpsmponqzeruhhvskovixzk/Build/Products/Debug-iphonesimulator/Buzz.app /Users/xinyufang/Documents/Buzz/Buzz/Assets.xcassets (in target 'Buzz' from project 'Buzz')
    cd /Users/xinyufang/Documents/Buzz
    /Applications/Xcode.app/Contents/Developer/usr/bin/actool /Users/xinyufang/Documents/Buzz/Buzz/Assets.xcassets --compile /Users/xinyufang/Library/Developer/Xcode/DerivedData/Buzz-faillbpsmponqzeruhhvskovixzk/Build/Intermediates.noindex/Buzz.build/Debug-iphonesimulator/Buzz.build/assetcatalog_output/thinned --output-format human-readable-text --notices --warnings --export-dependency-info /Users/xinyufang/Library/Developer/Xcode/DerivedData/Buzz-faillbpsmponqzeruhhvskovixzk/Build/Intermediates.noindex/Buzz.build/Debug-iphonesimulator/Buzz.build/assetcatalog_dependencies_thinned --output-partial-info-plist /Users/xinyufang/Library/Developer/Xcode/DerivedData/Buzz-faillbpsmponqzeruhhvskovixzk/Build/Intermediates.noindex/Buzz.build/Debug-iphonesimulator/Buzz.build/assetcatalog_generated_info.plist_thinned --app-icon AppIcon --accent-color AccentColor --compress-pngs --enable-on-demand-resources YES --filter-for-thinning-device-configuration iPhone18,3 --filter-for-device-os-version 26.0.1 --development-region en --target-device iphone --target-device ipad --minimum-deployment-target 26.0 --platform iphonesimulator
objc[64571]: Class _NoAnimationDelegate is implemented in both /Library/Developer/CoreSimulator/Volumes/iOS_23A8464/Library/Developer/CoreSimulator/Profiles/Runtimes/iOS 26.0.simruntime/Contents/Resources/RuntimeRoot/System/Library/Frameworks/SwiftUICore.framework/SwiftUICore (0x14417c130) and /Library/Developer/CoreSimulator/Volumes/iOS_23A8464/Library/Developer/CoreSimulator/Profiles/Runtimes/iOS 26.0.simruntime/Contents/Resources/RuntimeRoot/System/Library/PrivateFrameworks/UIKitCore.framework/UIKitCore (0x1412e5198). This may cause spurious casting failures and mysterious crashes. One of the duplicates must be removed or renamed.

RegisterExecutionPolicyException /Users/xinyufang/Library/Developer/Xcode/DerivedData/Buzz-faillbpsmponqzeruhhvskovixzk/Build/Products/Debug-iphonesimulator/PostgREST.o (in target 'PostgREST' from project 'Supabase')
    cd /Users/xinyufang/Library/Developer/Xcode/DerivedData/Buzz-faillbpsmponqzeruhhvskovixzk/SourcePackages/checkouts/supabase-swift
    builtin-RegisterExecutionPolicyException /Users/xinyufang/Library/Developer/Xcode/DerivedData/Buzz-faillbpsmponqzeruhhvskovixzk/Build/Products/Debug-iphonesimulator/PostgREST.o

RegisterExecutionPolicyException /Users/xinyufang/Library/Developer/Xcode/DerivedData/Buzz-faillbpsmponqzeruhhvskovixzk/Build/Products/Debug-iphonesimulator/Functions.o (in target 'Functions' from project 'Supabase')
    cd /Users/xinyufang/Library/Developer/Xcode/DerivedData/Buzz-faillbpsmponqzeruhhvskovixzk/SourcePackages/checkouts/supabase-swift
    builtin-RegisterExecutionPolicyException /Users/xinyufang/Library/Developer/Xcode/DerivedData/Buzz-faillbpsmponqzeruhhvskovixzk/Build/Products/Debug-iphonesimulator/Functions.o

SwiftDriverJobDiscovery normal arm64 Compiling SupabaseClient.swift (in target 'Supabase' from project 'Supabase')

SwiftDriver\ Compilation Supabase normal arm64 com.apple.xcode.tools.swift.compiler (in target 'Supabase' from project 'Supabase')
    cd /Users/xinyufang/Documents/Buzz/Buzz.xcodeproj
    builtin-Swift-Compilation -- /Applications/Xcode.app/Contents/Developer/Toolchains/XcodeDefault.xctoolchain/usr/bin/swiftc -module-name Supabase -Onone -enforce-exclusivity\=checked @/Users/xinyufang/Library/Developer/Xcode/DerivedData/Buzz-faillbpsmponqzeruhhvskovixzk/Build/Intermediates.noindex/Supabase.build/Debug-iphonesimulator/Supabase.build/Objects-normal/arm64/Supabase.SwiftFileList -DSWIFT_PACKAGE -DDEBUG -DSWIFT_MODULE_RESOURCE_BUNDLE_UNAVAILABLE -DXcode -enable-upcoming-feature ExistentialAny -enable-experimental-feature StrictConcurrency -plugin-path /Applications/Xcode.app/Contents/Developer/Toolchains/XcodeDefault.xctoolchain/usr/lib/swift/host/plugins/testing -enable-experimental-feature DebugDescriptionMacro -sdk /Applications/Xcode.app/Contents/Developer/Platforms/iPhoneSimulator.platform/Developer/SDKs/iPhoneSimulator26.0.sdk -target arm64-apple-ios13.0-simulator -g -module-cache-path /Users/xinyufang/Library/Developer/Xcode/DerivedData/ModuleCache.noindex -Xfrontend -serialize-debugging-options -enable-testing -suppress-warnings -index-store-path /Users/xinyufang/Library/Developer/Xcode/DerivedData/Buzz-faillbpsmponqzeruhhvskovixzk/Index.noindex/DataStore -Xcc -D_LIBCPP_HARDENING_MODE\=_LIBCPP_HARDENING_MODE_DEBUG -swift-version 5 -I /Users/xinyufang/Library/Developer/Xcode/DerivedData/Buzz-faillbpsmponqzeruhhvskovixzk/Build/Products/Debug-iphonesimulator -Isystem /Applications/Xcode.app/Contents/Developer/Platforms/iPhoneSimulator.platform/Developer/usr/lib -F /Users/xinyufang/Library/Developer/Xcode/DerivedData/Buzz-faillbpsmponqzeruhhvskovixzk/Build/Products/Debug-iphonesimulator/PackageFrameworks -F /Users/xinyufang/Library/Developer/Xcode/DerivedData/Buzz-faillbpsmponqzeruhhvskovixzk/Build/Products/Debug-iphonesimulator/PackageFrameworks -F /Users/xinyufang/Library/Developer/Xcode/DerivedData/Buzz-faillbpsmponqzeruhhvskovixzk/Build/Products/Debug-iphonesimulator/PackageFrameworks -F /Users/xinyufang/Library/Developer/Xcode/DerivedData/Buzz-faillbpsmponqzeruhhvskovixzk/Build/Products/Debug-iphonesimulator/PackageFrameworks -F /Users/xinyufang/Library/Developer/Xcode/DerivedData/Buzz-faillbpsmponqzeruhhvskovixzk/Build/Products/Debug-iphonesimulator/PackageFrameworks -F /Users/xinyufang/Library/Developer/Xcode/DerivedData/Buzz-faillbpsmponqzeruhhvskovixzk/Build/Products/Debug-iphonesimulator/PackageFrameworks -F /Users/xinyufang/Library/Developer/Xcode/DerivedData/Buzz-faillbpsmponqzeruhhvskovixzk/Build/Products/Debug-iphonesimulator/PackageFrameworks -F /Users/xinyufang/Library/Developer/Xcode/DerivedData/Buzz-faillbpsmponqzeruhhvskovixzk/Build/Products/Debug-iphonesimulator/PackageFrameworks -F /Users/xinyufang/Library/Developer/Xcode/DerivedData/Buzz-faillbpsmponqzeruhhvskovixzk/Build/Products/Debug-iphonesimulator/PackageFrameworks -F /Users/xinyufang/Library/Developer/Xcode/DerivedData/Buzz-faillbpsmponqzeruhhvskovixzk/Build/Products/Debug-iphonesimulator/PackageFrameworks -F /Users/xinyufang/Library/Developer/Xcode/DerivedData/Buzz-faillbpsmponqzeruhhvskovixzk/Build/Products/Debug-iphonesimulator/PackageFrameworks -F /Users/xinyufang/Library/Developer/Xcode/DerivedData/Buzz-faillbpsmponqzeruhhvskovixzk/Build/Products/Debug-iphonesimulator/PackageFrameworks -F /Users/xinyufang/Library/Developer/Xcode/DerivedData/Buzz-faillbpsmponqzeruhhvskovixzk/Build/Products/Debug-iphonesimulator/PackageFrameworks -F /Users/xinyufang/Library/Developer/Xcode/DerivedData/Buzz-faillbpsmponqzeruhhvskovixzk/Build/Products/Debug-iphonesimulator -F /Applications/Xcode.app/Contents/Developer/Platforms/iPhoneSimulator.platform/Developer/Library/Frameworks -F /Applications/Xcode.app/Contents/Developer/Platforms/iPhoneSimulator.platform/Developer/SDKs/iPhoneSimulator26.0.sdk/Developer/Library/Frameworks -c -j8 -enable-batch-mode -incremental -Xcc -ivfsstatcache -Xcc /Users/xinyufang/Library/Developer/Xcode/DerivedData/SDKStatCaches.noindex/iphonesimulator26.0-23A339-26257891a6c027eb51374368541b8346.sdkstatcache -output-file-map /Users/xinyufang/Library/Developer/Xcode/DerivedData/Buzz-faillbpsmponqzeruhhvskovixzk/Build/Intermediates.noindex/Supabase.build/Debug-iphonesimulator/Supabase.build/Objects-normal/arm64/Supabase-OutputFileMap.json -use-frontend-parseable-output -save-temps -no-color-diagnostics -explicit-module-build -module-cache-path /Users/xinyufang/Library/Developer/Xcode/DerivedData/Buzz-faillbpsmponqzeruhhvskovixzk/Build/Intermediates.noindex/SwiftExplicitPrecompiledModules -clang-scanner-module-cache-path /Users/xinyufang/Library/Developer/Xcode/DerivedData/ModuleCache.noindex -sdk-module-cache-path /Users/xinyufang/Library/Developer/Xcode/DerivedData/ModuleCache.noindex -serialize-diagnostics -emit-dependencies -emit-module -emit-module-path /Users/xinyufang/Library/Developer/Xcode/DerivedData/Buzz-faillbpsmponqzeruhhvskovixzk/Build/Intermediates.noindex/Supabase.build/Debug-iphonesimulator/Supabase.build/Objects-normal/arm64/Supabase.swiftmodule -user-module-version 2.36.0 -validate-clang-modules-once -clang-build-session-file /Users/xinyufang/Library/Developer/Xcode/DerivedData/ModuleCache.noindex/Session.modulevalidation -package-name supabase_swift -Xcc -I/Users/xinyufang/Library/Developer/Xcode/DerivedData/Buzz-faillbpsmponqzeruhhvskovixzk/Build/Intermediates.noindex/Supabase.build/Debug-iphonesimulator/Supabase.build/swift-overrides.hmap -emit-const-values -Xfrontend -const-gather-protocols-file -Xfrontend /Users/xinyufang/Library/Developer/Xcode/DerivedData/Buzz-faillbpsmponqzeruhhvskovixzk/Build/Intermediates.noindex/Supabase.build/Debug-iphonesimulator/Supabase.build/Objects-normal/arm64/Supabase_const_extract_protocols.json -Xcc -I/Users/xinyufang/Library/Developer/Xcode/DerivedData/Buzz-faillbpsmponqzeruhhvskovixzk/Build/Products/Debug-iphonesimulator/include -Xcc -I/Users/xinyufang/Library/Developer/Xcode/DerivedData/Buzz-faillbpsmponqzeruhhvskovixzk/Build/Intermediates.noindex/Supabase.build/Debug-iphonesimulator/Supabase.build/DerivedSources-normal/arm64 -Xcc -I/Users/xinyufang/Library/Developer/Xcode/DerivedData/Buzz-faillbpsmponqzeruhhvskovixzk/Build/Intermediates.noindex/Supabase.build/Debug-iphonesimulator/Supabase.build/DerivedSources/arm64 -Xcc -I/Users/xinyufang/Library/Developer/Xcode/DerivedData/Buzz-faillbpsmponqzeruhhvskovixzk/Build/Intermediates.noindex/Supabase.build/Debug-iphonesimulator/Supabase.build/DerivedSources -Xcc -DSWIFT_PACKAGE -Xcc -DDEBUG\=1 -emit-objc-header -emit-objc-header-path /Users/xinyufang/Library/Developer/Xcode/DerivedData/Buzz-faillbpsmponqzeruhhvskovixzk/Build/Intermediates.noindex/Supabase.build/Debug-iphonesimulator/Supabase.build/Objects-normal/arm64/Supabase-Swift.h -working-directory /Users/xinyufang/Documents/Buzz/Buzz.xcodeproj -experimental-emit-module-separately -disable-cmo

SwiftDriver Buzz normal arm64 com.apple.xcode.tools.swift.compiler (in target 'Buzz' from project 'Buzz')
    cd /Users/xinyufang/Documents/Buzz
    builtin-SwiftDriver -- /Applications/Xcode.app/Contents/Developer/Toolchains/XcodeDefault.xctoolchain/usr/bin/swiftc -module-name Buzz -Onone -enforce-exclusivity\=checked @/Users/xinyufang/Library/Developer/Xcode/DerivedData/Buzz-faillbpsmponqzeruhhvskovixzk/Build/Intermediates.noindex/Buzz.build/Debug-iphonesimulator/Buzz.build/Objects-normal/arm64/Buzz.SwiftFileList -DDEBUG -Xcc -fmodule-map-file\=/Users/xinyufang/Library/Developer/Xcode/DerivedData/Buzz-faillbpsmponqzeruhhvskovixzk/Build/Intermediates.noindex/GeneratedModuleMaps-iphonesimulator/AppAuth.modulemap -Xcc -fmodule-map-file\=/Users/xinyufang/Library/Developer/Xcode/DerivedData/Buzz-faillbpsmponqzeruhhvskovixzk/Build/Intermediates.noindex/GeneratedModuleMaps-iphonesimulator/AppAuthCore.modulemap -Xcc -fmodule-map-file\=/Users/xinyufang/Library/Developer/Xcode/DerivedData/Buzz-faillbpsmponqzeruhhvskovixzk/Build/Intermediates.noindex/GeneratedModuleMaps-iphonesimulator/GoogleUtilities-Logger.modulemap -Xcc -fmodule-map-file\=/Users/xinyufang/Library/Developer/Xcode/DerivedData/Buzz-faillbpsmponqzeruhhvskovixzk/Build/Intermediates.noindex/GeneratedModuleMaps-iphonesimulator/GoogleUtilities-Environment.modulemap -Xcc -fmodule-map-file\=/Users/xinyufang/Library/Developer/Xcode/DerivedData/Buzz-faillbpsmponqzeruhhvskovixzk/Build/Intermediates.noindex/GeneratedModuleMaps-iphonesimulator/third-party-IsAppEncrypted.modulemap -Xcc -fmodule-map-file\=/Users/xinyufang/Library/Developer/Xcode/DerivedData/Buzz-faillbpsmponqzeruhhvskovixzk/Build/Intermediates.noindex/GeneratedModuleMaps-iphonesimulator/GoogleUtilities-UserDefaults.modulemap -Xcc -fmodule-map-file\=/Users/xinyufang/Library/Developer/Xcode/DerivedData/Buzz-faillbpsmponqzeruhhvskovixzk/Build/Intermediates.noindex/GeneratedModuleMaps-iphonesimulator/AppCheckCore.modulemap -Xcc -fmodule-map-file\=/Users/xinyufang/Library/Developer/Xcode/DerivedData/Buzz-faillbpsmponqzeruhhvskovixzk/Build/Intermediates.noindex/GeneratedModuleMaps-iphonesimulator/GTMSessionFetcherCore.modulemap -Xcc -fmodule-map-file\=/Users/xinyufang/Library/Developer/Xcode/DerivedData/Buzz-faillbpsmponqzeruhhvskovixzk/Build/Intermediates.noindex/GeneratedModuleMaps-iphonesimulator/GoogleSignIn.modulemap -Xcc -fmodule-map-file\=/Users/xinyufang/Library/Developer/Xcode/DerivedData/Buzz-faillbpsmponqzeruhhvskovixzk/Build/Intermediates.noindex/GeneratedModuleMaps-iphonesimulator/Stripe3DS2.modulemap -default-isolation\=MainActor -enable-bare-slash-regex -enable-upcoming-feature DisableOutwardActorInference -enable-upcoming-feature InferSendableFromCaptures -enable-upcoming-feature GlobalActorIsolatedTypesUsability -enable-upcoming-feature MemberImportVisibility -enable-upcoming-feature InferIsolatedConformances -enable-upcoming-feature NonisolatedNonsendingByDefault -enable-experimental-feature DebugDescriptionMacro -sdk /Applications/Xcode.app/Contents/Developer/Platforms/iPhoneSimulator.platform/Developer/SDKs/iPhoneSimulator26.0.sdk -target arm64-apple-ios26.0-simulator -g -module-cache-path /Users/xinyufang/Library/Developer/Xcode/DerivedData/ModuleCache.noindex -Xfrontend -serialize-debugging-options -enable-testing -index-store-path /Users/xinyufang/Library/Developer/Xcode/DerivedData/Buzz-faillbpsmponqzeruhhvskovixzk/Index.noindex/DataStore -Xcc -D_LIBCPP_HARDENING_MODE\=_LIBCPP_HARDENING_MODE_DEBUG -swift-version 5 -I /Users/xinyufang/Library/Developer/Xcode/DerivedData/Buzz-faillbpsmponqzeruhhvskovixzk/Build/Products/Debug-iphonesimulator -F /Users/xinyufang/Library/Developer/Xcode/DerivedData/Buzz-faillbpsmponqzeruhhvskovixzk/Build/Products/Debug-iphonesimulator/PackageFrameworks -F /Users/xinyufang/Library/Developer/Xcode/DerivedData/Buzz-faillbpsmponqzeruhhvskovixzk/Build/Products/Debug-iphonesimulator/PackageFrameworks -F /Users/xinyufang/Library/Developer/Xcode/DerivedData/Buzz-faillbpsmponqzeruhhvskovixzk/Build/Products/Debug-iphonesimulator/PackageFrameworks -F /Users/xinyufang/Library/Developer/Xcode/DerivedData/Buzz-faillbpsmponqzeruhhvskovixzk/Build/Products/Debug-iphonesimulator/PackageFrameworks -F /Users/xinyufang/Library/Developer/Xcode/DerivedData/Buzz-faillbpsmponqzeruhhvskovixzk/Build/Products/Debug-iphonesimulator/PackageFrameworks -F /Users/xinyufang/Library/Developer/Xcode/DerivedData/Buzz-faillbpsmponqzeruhhvskovixzk/Build/Products/Debug-iphonesimulator/PackageFrameworks -F /Users/xinyufang/Library/Developer/Xcode/DerivedData/Buzz-faillbpsmponqzeruhhvskovixzk/Build/Products/Debug-iphonesimulator/PackageFrameworks -F /Users/xinyufang/Library/Developer/Xcode/DerivedData/Buzz-faillbpsmponqzeruhhvskovixzk/Build/Products/Debug-iphonesimulator/PackageFrameworks -F /Users/xinyufang/Library/Developer/Xcode/DerivedData/Buzz-faillbpsmponqzeruhhvskovixzk/Build/Products/Debug-iphonesimulator/PackageFrameworks -F /Users/xinyufang/Library/Developer/Xcode/DerivedData/Buzz-faillbpsmponqzeruhhvskovixzk/Build/Products/Debug-iphonesimulator/PackageFrameworks -F /Users/xinyufang/Library/Developer/Xcode/DerivedData/Buzz-faillbpsmponqzeruhhvskovixzk/Build/Products/Debug-iphonesimulator/PackageFrameworks -F /Users/xinyufang/Library/Developer/Xcode/DerivedData/Buzz-faillbpsmponqzeruhhvskovixzk/Build/Products/Debug-iphonesimulator/PackageFrameworks -F /Users/xinyufang/Library/Developer/Xcode/DerivedData/Buzz-faillbpsmponqzeruhhvskovixzk/Build/Products/Debug-iphonesimulator/PackageFrameworks -F /Users/xinyufang/Library/Developer/Xcode/DerivedData/Buzz-faillbpsmponqzeruhhvskovixzk/Build/Products/Debug-iphonesimulator/PackageFrameworks -F /Users/xinyufang/Library/Developer/Xcode/DerivedData/Buzz-faillbpsmponqzeruhhvskovixzk/Build/Products/Debug-iphonesimulator/PackageFrameworks -F /Users/xinyufang/Library/Developer/Xcode/DerivedData/Buzz-faillbpsmponqzeruhhvskovixzk/Build/Products/Debug-iphonesimulator/PackageFrameworks -F /Users/xinyufang/Library/Developer/Xcode/DerivedData/Buzz-faillbpsmponqzeruhhvskovixzk/Build/Products/Debug-iphonesimulator/PackageFrameworks -F /Users/xinyufang/Library/Developer/Xcode/DerivedData/Buzz-faillbpsmponqzeruhhvskovixzk/Build/Products/Debug-iphonesimulator/PackageFrameworks -F /Users/xinyufang/Library/Developer/Xcode/DerivedData/Buzz-faillbpsmponqzeruhhvskovixzk/Build/Products/Debug-iphonesimulator/PackageFrameworks -F /Users/xinyufang/Library/Developer/Xcode/DerivedData/Buzz-faillbpsmponqzeruhhvskovixzk/Build/Products/Debug-iphonesimulator/PackageFrameworks -F /Users/xinyufang/Library/Developer/Xcode/DerivedData/Buzz-faillbpsmponqzeruhhvskovixzk/Build/Products/Debug-iphonesimulator/PackageFrameworks -F /Users/xinyufang/Library/Developer/Xcode/DerivedData/Buzz-faillbpsmponqzeruhhvskovixzk/Build/Products/Debug-iphonesimulator/PackageFrameworks -F /Users/xinyufang/Library/Developer/Xcode/DerivedData/Buzz-faillbpsmponqzeruhhvskovixzk/Build/Products/Debug-iphonesimulator/PackageFrameworks -F /Users/xinyufang/Library/Developer/Xcode/DerivedData/Buzz-faillbpsmponqzeruhhvskovixzk/Build/Products/Debug-iphonesimulator/PackageFrameworks -F /Users/xinyufang/Library/Developer/Xcode/DerivedData/Buzz-faillbpsmponqzeruhhvskovixzk/Build/Products/Debug-iphonesimulator/PackageFrameworks -F /Users/xinyufang/Library/Developer/Xcode/DerivedData/Buzz-faillbpsmponqzeruhhvskovixzk/Build/Products/Debug-iphonesimulator/PackageFrameworks -F /Users/xinyufang/Library/Developer/Xcode/DerivedData/Buzz-faillbpsmponqzeruhhvskovixzk/Build/Products/Debug-iphonesimulator/PackageFrameworks -F /Users/xinyufang/Library/Developer/Xcode/DerivedData/Buzz-faillbpsmponqzeruhhvskovixzk/Build/Products/Debug-iphonesimulator/PackageFrameworks -F /Users/xinyufang/Library/Developer/Xcode/DerivedData/Buzz-faillbpsmponqzeruhhvskovixzk/Build/Products/Debug-iphonesimulator/PackageFrameworks -F /Users/xinyufang/Library/Developer/Xcode/DerivedData/Buzz-faillbpsmponqzeruhhvskovixzk/Build/Products/Debug-iphonesimulator/PackageFrameworks -F /Users/xinyufang/Library/Developer/Xcode/DerivedData/Buzz-faillbpsmponqzeruhhvskovixzk/Build/Products/Debug-iphonesimulator/PackageFrameworks -F /Users/xinyufang/Library/Developer/Xcode/DerivedData/Buzz-faillbpsmponqzeruhhvskovixzk/Build/Products/Debug-iphonesimulator/PackageFrameworks -F /Users/xinyufang/Library/Developer/Xcode/DerivedData/Buzz-faillbpsmponqzeruhhvskovixzk/Build/Products/Debug-iphonesimulator/PackageFrameworks -F /Users/xinyufang/Library/Developer/Xcode/DerivedData/Buzz-faillbpsmponqzeruhhvskovixzk/Build/Products/Debug-iphonesimulator/PackageFrameworks -F /Users/xinyufang/Library/Developer/Xcode/DerivedData/Buzz-faillbpsmponqzeruhhvskovixzk/Build/Products/Debug-iphonesimulator/PackageFrameworks -F /Users/xinyufang/Library/Developer/Xcode/DerivedData/Buzz-faillbpsmponqzeruhhvskovixzk/Build/Products/Debug-iphonesimulator/PackageFrameworks -F /Users/xinyufang/Library/Developer/Xcode/DerivedData/Buzz-faillbpsmponqzeruhhvskovixzk/Build/Products/Debug-iphonesimulator/PackageFrameworks -F /Users/xinyufang/Library/Developer/Xcode/DerivedData/Buzz-faillbpsmponqzeruhhvskovixzk/Build/Products/Debug-iphonesimulator/PackageFrameworks -F /Users/xinyufang/Library/Developer/Xcode/DerivedData/Buzz-faillbpsmponqzeruhhvskovixzk/Build/Products/Debug-iphonesimulator/PackageFrameworks -F /Users/xinyufang/Library/Developer/Xcode/DerivedData/Buzz-faillbpsmponqzeruhhvskovixzk/Build/Products/Debug-iphonesimulator -emit-localized-strings -emit-localized-strings-path /Users/xinyufang/Library/Developer/Xcode/DerivedData/Buzz-faillbpsmponqzeruhhvskovixzk/Build/Intermediates.noindex/Buzz.build/Debug-iphonesimulator/Buzz.build/Objects-normal/arm64 -c -j8 -enable-batch-mode -incremental -Xcc -ivfsstatcache -Xcc /Users/xinyufang/Library/Developer/Xcode/DerivedData/SDKStatCaches.noindex/iphonesimulator26.0-23A339-26257891a6c027eb51374368541b8346.sdkstatcache -output-file-map /Users/xinyufang/Library/Developer/Xcode/DerivedData/Buzz-faillbpsmponqzeruhhvskovixzk/Build/Intermediates.noindex/Buzz.build/Debug-iphonesimulator/Buzz.build/Objects-normal/arm64/Buzz-OutputFileMap.json -use-frontend-parseable-output -save-temps -no-color-diagnostics -explicit-module-build -module-cache-path /Users/xinyufang/Library/Developer/Xcode/DerivedData/Buzz-faillbpsmponqzeruhhvskovixzk/Build/Intermediates.noindex/SwiftExplicitPrecompiledModules -clang-scanner-module-cache-path /Users/xinyufang/Library/Developer/Xcode/DerivedData/ModuleCache.noindex -sdk-module-cache-path /Users/xinyufang/Library/Developer/Xcode/DerivedData/ModuleCache.noindex -serialize-diagnostics -emit-dependencies -emit-module -emit-module-path /Users/xinyufang/Library/Developer/Xcode/DerivedData/Buzz-faillbpsmponqzeruhhvskovixzk/Build/Intermediates.noindex/Buzz.build/Debug-iphonesimulator/Buzz.build/Objects-normal/arm64/Buzz.swiftmodule -validate-clang-modules-once -clang-build-session-file /Users/xinyufang/Library/Developer/Xcode/DerivedData/ModuleCache.noindex/Session.modulevalidation -Xcc -I/Users/xinyufang/Library/Developer/Xcode/DerivedData/Buzz-faillbpsmponqzeruhhvskovixzk/Build/Intermediates.noindex/Buzz.build/Debug-iphonesimulator/Buzz.build/swift-overrides.hmap -emit-const-values -Xfrontend -const-gather-protocols-file -Xfrontend /Users/xinyufang/Library/Developer/Xcode/DerivedData/Buzz-faillbpsmponqzeruhhvskovixzk/Build/Intermediates.noindex/Buzz.build/Debug-iphonesimulator/Buzz.build/Objects-normal/arm64/Buzz_const_extract_protocols.json -Xcc -iquote -Xcc /Users/xinyufang/Library/Developer/Xcode/DerivedData/Buzz-faillbpsmponqzeruhhvskovixzk/Build/Intermediates.noindex/Buzz.build/Debug-iphonesimulator/Buzz.build/Buzz-generated-files.hmap -Xcc -I/Users/xinyufang/Library/Developer/Xcode/DerivedData/Buzz-faillbpsmponqzeruhhvskovixzk/Build/Intermediates.noindex/Buzz.build/Debug-iphonesimulator/Buzz.build/Buzz-own-target-headers.hmap -Xcc -I/Users/xinyufang/Library/Developer/Xcode/DerivedData/Buzz-faillbpsmponqzeruhhvskovixzk/Build/Intermediates.noindex/Buzz.build/Debug-iphonesimulator/Buzz.build/Buzz-all-non-framework-target-headers.hmap -Xcc -ivfsoverlay -Xcc /Users/xinyufang/Library/Developer/Xcode/DerivedData/Buzz-faillbpsmponqzeruhhvskovixzk/Build/Intermediates.noindex/Buzz.build/Debug-iphonesimulator/Buzz-f0f0de0f2b92c66dbd5712a40458aba1-VFS-iphonesimulator/all-product-headers.yaml -Xcc -iquote -Xcc /Users/xinyufang/Library/Developer/Xcode/DerivedData/Buzz-faillbpsmponqzeruhhvskovixzk/Build/Intermediates.noindex/Buzz.build/Debug-iphonesimulator/Buzz.build/Buzz-project-headers.hmap -Xcc -I/Users/xinyufang/Library/Developer/Xcode/DerivedData/Buzz-faillbpsmponqzeruhhvskovixzk/SourcePackages/checkouts/AppAuth-iOS/Sources/AppAuth -Xcc -I/Users/xinyufang/Library/Developer/Xcode/DerivedData/Buzz-faillbpsmponqzeruhhvskovixzk/SourcePackages/checkouts/AppAuth-iOS/Sources/AppAuthCore -Xcc -I/Users/xinyufang/Library/Developer/Xcode/DerivedData/Buzz-faillbpsmponqzeruhhvskovixzk/SourcePackages/checkouts/promises/Sources/FBLPromises/include -Xcc -I/Users/xinyufang/Library/Developer/Xcode/DerivedData/Buzz-faillbpsmponqzeruhhvskovixzk/SourcePackages/checkouts/GoogleUtilities/GoogleUtilities/Logger/Public -Xcc -I/Users/xinyufang/Library/Developer/Xcode/DerivedData/Buzz-faillbpsmponqzeruhhvskovixzk/SourcePackages/checkouts/GoogleUtilities/GoogleUtilities/Environment/Public -Xcc -I/Users/xinyufang/Library/Developer/Xcode/DerivedData/Buzz-faillbpsmponqzeruhhvskovixzk/SourcePackages/checkouts/GoogleUtilities/third_party/IsAppEncrypted/Public -Xcc -I/Users/xinyufang/Library/Developer/Xcode/DerivedData/Buzz-faillbpsmponqzeruhhvskovixzk/SourcePackages/checkouts/GoogleUtilities/GoogleUtilities/UserDefaults/Public -Xcc -I/Users/xinyufang/Library/Developer/Xcode/DerivedData/Buzz-faillbpsmponqzeruhhvskovixzk/SourcePackages/checkouts/app-check/AppCheckCore/Sources/Public -Xcc -I/Users/xinyufang/Library/Developer/Xcode/DerivedData/Buzz-faillbpsmponqzeruhhvskovixzk/SourcePackages/checkouts/gtm-session-fetcher/Sources/Core/Public -Xcc -I/Users/xinyufang/Library/Developer/Xcode/DerivedData/Buzz-faillbpsmponqzeruhhvskovixzk/SourcePackages/checkouts/GoogleSignIn-iOS/GoogleSignIn/Sources/Public -Xcc -I/Users/xinyufang/Library/Developer/Xcode/DerivedData/Buzz-faillbpsmponqzeruhhvskovixzk/SourcePackages/checkouts/stripe-ios-spm/Stripe3DS2/Stripe3DS2/include -Xcc -I/Users/xinyufang/Library/Developer/Xcode/DerivedData/Buzz-faillbpsmponqzeruhhvskovixzk/Build/Products/Debug-iphonesimulator/include -Xcc -I/Users/xinyufang/Library/Developer/Xcode/DerivedData/Buzz-faillbpsmponqzeruhhvskovixzk/Build/Intermediates.noindex/Buzz.build/Debug-iphonesimulator/Buzz.build/DerivedSources-normal/arm64 -Xcc -I/Users/xinyufang/Library/Developer/Xcode/DerivedData/Buzz-faillbpsmponqzeruhhvskovixzk/Build/Intermediates.noindex/Buzz.build/Debug-iphonesimulator/Buzz.build/DerivedSources/arm64 -Xcc -I/Users/xinyufang/Library/Developer/Xcode/DerivedData/Buzz-faillbpsmponqzeruhhvskovixzk/Build/Intermediates.noindex/Buzz.build/Debug-iphonesimulator/Buzz.build/DerivedSources -Xcc -DDEBUG\=1 -emit-objc-header -emit-objc-header-path /Users/xinyufang/Library/Developer/Xcode/DerivedData/Buzz-faillbpsmponqzeruhhvskovixzk/Build/Intermediates.noindex/Buzz.build/Debug-iphonesimulator/Buzz.build/Objects-normal/arm64/Buzz-Swift.h -working-directory /Users/xinyufang/Documents/Buzz -experimental-emit-module-separately -disable-cmo

SwiftDriverJobDiscovery normal arm64 Compiling AuthAdmin.swift, AuthAdminOAuth.swift, AuthClient.swift, AuthClientConfiguration.swift (in target 'Auth' from project 'Supabase')

SwiftExplicitDependencyGeneratePcm arm64 /Users/xinyufang/Library/Developer/Xcode/DerivedData/Buzz-faillbpsmponqzeruhhvskovixzk/Build/Intermediates.noindex/SwiftExplicitPrecompiledModules/Stripe3DS2-5UJRY92FBL1VF77QFDDHYZHKM.pcm

SwiftExplicitDependencyGeneratePcm arm64 /Users/xinyufang/Library/Developer/Xcode/DerivedData/Buzz-faillbpsmponqzeruhhvskovixzk/Build/Intermediates.noindex/SwiftExplicitPrecompiledModules/GTMSessionFetcherCore-AZIDF9GICDN9PYY6GENRXHXTV.pcm

SwiftExplicitDependencyGeneratePcm arm64 /Users/xinyufang/Library/Developer/Xcode/DerivedData/Buzz-faillbpsmponqzeruhhvskovixzk/Build/Intermediates.noindex/SwiftExplicitPrecompiledModules/GoogleSignIn-7LEN0GEROZ5UDN62CCK6GBY7O.pcm

SwiftCompile normal arm64 Compiling\ AcademyView.swift,\ CourseContentView.swift,\ CourseSubscriptionView.swift,\ GroundSchoolTestView.swift,\ UnitDetailView.swift,\ AuthenticationView.swift,\ PackagePromotionView.swift,\ SignUpView.swift,\ BookingDetailView.swift,\ BookingMapView.swift,\ ConversationHelpers.swift,\ ConversationsListView.swift,\ CreateBookingStep1View.swift,\ CreateBookingStep2View.swift /Users/xinyufang/Documents/Buzz/Buzz/Views/Academy/AcademyView.swift /Users/xinyufang/Documents/Buzz/Buzz/Views/Academy/CourseContentView.swift /Users/xinyufang/Documents/Buzz/Buzz/Views/Academy/CourseSubscriptionView.swift /Users/xinyufang/Documents/Buzz/Buzz/Views/Academy/GroundSchoolTestView.swift /Users/xinyufang/Documents/Buzz/Buzz/Views/Academy/UnitDetailView.swift /Users/xinyufang/Documents/Buzz/Buzz/Views/Auth/AuthenticationView.swift /Users/xinyufang/Documents/Buzz/Buzz/Views/Auth/PackagePromotionView.swift /Users/xinyufang/Documents/Buzz/Buzz/Views/Auth/SignUpView.swift /Users/xinyufang/Documents/Buzz/Buzz/Views/Bookings/BookingDetailView.swift /Users/xinyufang/Documents/Buzz/Buzz/Views/Bookings/BookingMapView.swift /Users/xinyufang/Documents/Buzz/Buzz/Views/Bookings/ConversationHelpers.swift /Users/xinyufang/Documents/Buzz/Buzz/Views/Bookings/ConversationsListView.swift /Users/xinyufang/Documents/Buzz/Buzz/Views/Bookings/CreateBookingStep1View.swift /Users/xinyufang/Documents/Buzz/Buzz/Views/Bookings/CreateBookingStep2View.swift (in target 'Buzz' from project 'Buzz')
SwiftCompile normal arm64 /Users/xinyufang/Documents/Buzz/Buzz/Views/Academy/AcademyView.swift (in target 'Buzz' from project 'Buzz')
    cd /Users/xinyufang/Documents/Buzz
    

SwiftCompile normal arm64 /Users/xinyufang/Documents/Buzz/Buzz/Views/Academy/CourseContentView.swift (in target 'Buzz' from project 'Buzz')
    cd /Users/xinyufang/Documents/Buzz
    

SwiftCompile normal arm64 /Users/xinyufang/Documents/Buzz/Buzz/Views/Academy/CourseSubscriptionView.swift (in target 'Buzz' from project 'Buzz')
    cd /Users/xinyufang/Documents/Buzz
    

SwiftCompile normal arm64 /Users/xinyufang/Documents/Buzz/Buzz/Views/Academy/GroundSchoolTestView.swift (in target 'Buzz' from project 'Buzz')
    cd /Users/xinyufang/Documents/Buzz
    

SwiftCompile normal arm64 /Users/xinyufang/Documents/Buzz/Buzz/Views/Academy/UnitDetailView.swift (in target 'Buzz' from project 'Buzz')
    cd /Users/xinyufang/Documents/Buzz
    

SwiftCompile normal arm64 /Users/xinyufang/Documents/Buzz/Buzz/Views/Auth/AuthenticationView.swift (in target 'Buzz' from project 'Buzz')
    cd /Users/xinyufang/Documents/Buzz
    

SwiftCompile normal arm64 /Users/xinyufang/Documents/Buzz/Buzz/Views/Auth/PackagePromotionView.swift (in target 'Buzz' from project 'Buzz')
    cd /Users/xinyufang/Documents/Buzz
    

SwiftCompile normal arm64 /Users/xinyufang/Documents/Buzz/Buzz/Views/Auth/SignUpView.swift (in target 'Buzz' from project 'Buzz')
    cd /Users/xinyufang/Documents/Buzz
    

SwiftCompile normal arm64 /Users/xinyufang/Documents/Buzz/Buzz/Views/Bookings/BookingDetailView.swift (in target 'Buzz' from project 'Buzz')
    cd /Users/xinyufang/Documents/Buzz
    

SwiftCompile normal arm64 /Users/xinyufang/Documents/Buzz/Buzz/Views/Bookings/BookingMapView.swift (in target 'Buzz' from project 'Buzz')
    cd /Users/xinyufang/Documents/Buzz
    

SwiftCompile normal arm64 /Users/xinyufang/Documents/Buzz/Buzz/Views/Bookings/ConversationHelpers.swift (in target 'Buzz' from project 'Buzz')
    cd /Users/xinyufang/Documents/Buzz
    

SwiftCompile normal arm64 /Users/xinyufang/Documents/Buzz/Buzz/Views/Bookings/ConversationsListView.swift (in target 'Buzz' from project 'Buzz')
    cd /Users/xinyufang/Documents/Buzz
    

SwiftCompile normal arm64 /Users/xinyufang/Documents/Buzz/Buzz/Views/Bookings/CreateBookingStep1View.swift (in target 'Buzz' from project 'Buzz')
    cd /Users/xinyufang/Documents/Buzz
    

SwiftCompile normal arm64 /Users/xinyufang/Documents/Buzz/Buzz/Views/Bookings/CreateBookingStep2View.swift (in target 'Buzz' from project 'Buzz')
    cd /Users/xinyufang/Documents/Buzz
    

SwiftEmitModule normal arm64 Emitting\ module\ for\ Buzz (in target 'Buzz' from project 'Buzz')
EmitSwiftModule normal arm64 (in target 'Buzz' from project 'Buzz')
    cd /Users/xinyufang/Documents/Buzz
    

SwiftCompile normal arm64 Compiling\ ErrorView.swift,\ FileViewer.swift,\ LoadingView.swift,\ RatingView.swift,\ DroneRegistrationView.swift,\ LicenseManagementView.swift,\ MainTabView.swift,\ BadgePreviewCard.swift,\ BadgesView.swift,\ BalanceView.swift,\ CallSignEditView.swift,\ ChangePasswordView.swift,\ DeleteAccountView.swift /Users/xinyufang/Documents/Buzz/Buzz/Views/Components/ErrorView.swift /Users/xinyufang/Documents/Buzz/Buzz/Views/Components/FileViewer.swift /Users/xinyufang/Documents/Buzz/Buzz/Views/Components/LoadingView.swift /Users/xinyufang/Documents/Buzz/Buzz/Views/Components/RatingView.swift /Users/xinyufang/Documents/Buzz/Buzz/Views/License/DroneRegistrationView.swift /Users/xinyufang/Documents/Buzz/Buzz/Views/License/LicenseManagementView.swift /Users/xinyufang/Documents/Buzz/Buzz/Views/Navigation/MainTabView.swift /Users/xinyufang/Documents/Buzz/Buzz/Views/Profile/BadgePreviewCard.swift /Users/xinyufang/Documents/Buzz/Buzz/Views/Profile/BadgesView.swift /Users/xinyufang/Documents/Buzz/Buzz/Views/Profile/BalanceView.swift /Users/xinyufang/Documents/Buzz/Buzz/Views/Profile/CallSignEditView.swift /Users/xinyufang/Documents/Buzz/Buzz/Views/Profile/ChangePasswordView.swift /Users/xinyufang/Documents/Buzz/Buzz/Views/Profile/DeleteAccountView.swift (in target 'Buzz' from project 'Buzz')
SwiftCompile normal arm64 /Users/xinyufang/Documents/Buzz/Buzz/Views/Components/ErrorView.swift (in target 'Buzz' from project 'Buzz')
    cd /Users/xinyufang/Documents/Buzz
    

SwiftCompile normal arm64 /Users/xinyufang/Documents/Buzz/Buzz/Views/Components/FileViewer.swift (in target 'Buzz' from project 'Buzz')
    cd /Users/xinyufang/Documents/Buzz
    

SwiftCompile normal arm64 /Users/xinyufang/Documents/Buzz/Buzz/Views/Components/LoadingView.swift (in target 'Buzz' from project 'Buzz')
    cd /Users/xinyufang/Documents/Buzz
    

SwiftCompile normal arm64 /Users/xinyufang/Documents/Buzz/Buzz/Views/Components/RatingView.swift (in target 'Buzz' from project 'Buzz')
    cd /Users/xinyufang/Documents/Buzz
    

SwiftCompile normal arm64 /Users/xinyufang/Documents/Buzz/Buzz/Views/License/DroneRegistrationView.swift (in target 'Buzz' from project 'Buzz')
    cd /Users/xinyufang/Documents/Buzz
    

SwiftCompile normal arm64 /Users/xinyufang/Documents/Buzz/Buzz/Views/License/LicenseManagementView.swift (in target 'Buzz' from project 'Buzz')
    cd /Users/xinyufang/Documents/Buzz
    

SwiftCompile normal arm64 /Users/xinyufang/Documents/Buzz/Buzz/Views/Navigation/MainTabView.swift (in target 'Buzz' from project 'Buzz')
    cd /Users/xinyufang/Documents/Buzz
    

SwiftCompile normal arm64 /Users/xinyufang/Documents/Buzz/Buzz/Views/Profile/BadgePreviewCard.swift (in target 'Buzz' from project 'Buzz')
    cd /Users/xinyufang/Documents/Buzz
    

SwiftCompile normal arm64 /Users/xinyufang/Documents/Buzz/Buzz/Views/Profile/BadgesView.swift (in target 'Buzz' from project 'Buzz')
    cd /Users/xinyufang/Documents/Buzz
    

SwiftCompile normal arm64 /Users/xinyufang/Documents/Buzz/Buzz/Views/Profile/BalanceView.swift (in target 'Buzz' from project 'Buzz')
    cd /Users/xinyufang/Documents/Buzz
    

SwiftCompile normal arm64 /Users/xinyufang/Documents/Buzz/Buzz/Views/Profile/CallSignEditView.swift (in target 'Buzz' from project 'Buzz')
    cd /Users/xinyufang/Documents/Buzz
    

SwiftCompile normal arm64 /Users/xinyufang/Documents/Buzz/Buzz/Views/Profile/ChangePasswordView.swift (in target 'Buzz' from project 'Buzz')
    cd /Users/xinyufang/Documents/Buzz
    

SwiftCompile normal arm64 /Users/xinyufang/Documents/Buzz/Buzz/Views/Profile/DeleteAccountView.swift (in target 'Buzz' from project 'Buzz')
    cd /Users/xinyufang/Documents/Buzz
    

SwiftCompile normal arm64 Compiling\ DirectMessageView.swift,\ EmailEditView.swift,\ FlightPackageView.swift,\ GenderEditView.swift,\ GovernmentIDView.swift,\ HelpView.swift,\ LoginSecurityView.swift,\ NameEditView.swift,\ NotificationsView.swift,\ PersonalInfoView.swift,\ PhoneEditView.swift,\ ProfileView.swift,\ PublicProfileView.swift /Users/xinyufang/Documents/Buzz/Buzz/Views/Profile/DirectMessageView.swift /Users/xinyufang/Documents/Buzz/Buzz/Views/Profile/EmailEditView.swift /Users/xinyufang/Documents/Buzz/Buzz/Views/Profile/FlightPackageView.swift /Users/xinyufang/Documents/Buzz/Buzz/Views/Profile/GenderEditView.swift /Users/xinyufang/Documents/Buzz/Buzz/Views/Profile/GovernmentIDView.swift /Users/xinyufang/Documents/Buzz/Buzz/Views/Profile/HelpView.swift /Users/xinyufang/Documents/Buzz/Buzz/Views/Profile/LoginSecurityView.swift /Users/xinyufang/Documents/Buzz/Buzz/Views/Profile/NameEditView.swift /Users/xinyufang/Documents/Buzz/Buzz/Views/Profile/NotificationsView.swift /Users/xinyufang/Documents/Buzz/Buzz/Views/Profile/PersonalInfoView.swift /Users/xinyufang/Documents/Buzz/Buzz/Views/Profile/PhoneEditView.swift /Users/xinyufang/Documents/Buzz/Buzz/Views/Profile/ProfileView.swift /Users/xinyufang/Documents/Buzz/Buzz/Views/Profile/PublicProfileView.swift (in target 'Buzz' from project 'Buzz')
SwiftCompile normal arm64 /Users/xinyufang/Documents/Buzz/Buzz/Views/Profile/DirectMessageView.swift (in target 'Buzz' from project 'Buzz')
    cd /Users/xinyufang/Documents/Buzz
    

SwiftCompile normal arm64 /Users/xinyufang/Documents/Buzz/Buzz/Views/Profile/EmailEditView.swift (in target 'Buzz' from project 'Buzz')
    cd /Users/xinyufang/Documents/Buzz
    

SwiftCompile normal arm64 /Users/xinyufang/Documents/Buzz/Buzz/Views/Profile/FlightPackageView.swift (in target 'Buzz' from project 'Buzz')
    cd /Users/xinyufang/Documents/Buzz
    

SwiftCompile normal arm64 /Users/xinyufang/Documents/Buzz/Buzz/Views/Profile/GenderEditView.swift (in target 'Buzz' from project 'Buzz')
    cd /Users/xinyufang/Documents/Buzz
    

SwiftCompile normal arm64 /Users/xinyufang/Documents/Buzz/Buzz/Views/Profile/GovernmentIDView.swift (in target 'Buzz' from project 'Buzz')
    cd /Users/xinyufang/Documents/Buzz
    

SwiftCompile normal arm64 /Users/xinyufang/Documents/Buzz/Buzz/Views/Profile/HelpView.swift (in target 'Buzz' from project 'Buzz')
    cd /Users/xinyufang/Documents/Buzz
    

SwiftCompile normal arm64 /Users/xinyufang/Documents/Buzz/Buzz/Views/Profile/LoginSecurityView.swift (in target 'Buzz' from project 'Buzz')
    cd /Users/xinyufang/Documents/Buzz
    

SwiftCompile normal arm64 /Users/xinyufang/Documents/Buzz/Buzz/Views/Profile/NameEditView.swift (in target 'Buzz' from project 'Buzz')
    cd /Users/xinyufang/Documents/Buzz
    

SwiftCompile normal arm64 /Users/xinyufang/Documents/Buzz/Buzz/Views/Profile/NotificationsView.swift (in target 'Buzz' from project 'Buzz')
    cd /Users/xinyufang/Documents/Buzz
    

SwiftCompile normal arm64 /Users/xinyufang/Documents/Buzz/Buzz/Views/Profile/PersonalInfoView.swift (in target 'Buzz' from project 'Buzz')
    cd /Users/xinyufang/Documents/Buzz
    

SwiftCompile normal arm64 /Users/xinyufang/Documents/Buzz/Buzz/Views/Profile/PhoneEditView.swift (in target 'Buzz' from project 'Buzz')
    cd /Users/xinyufang/Documents/Buzz
    

SwiftCompile normal arm64 /Users/xinyufang/Documents/Buzz/Buzz/Views/Profile/ProfileView.swift (in target 'Buzz' from project 'Buzz')
    cd /Users/xinyufang/Documents/Buzz
    

SwiftCompile normal arm64 /Users/xinyufang/Documents/Buzz/Buzz/Views/Profile/PublicProfileView.swift (in target 'Buzz' from project 'Buzz')
    cd /Users/xinyufang/Documents/Buzz
    

SwiftCompile normal arm64 Compiling\ MessageService.swift,\ NotificationPreferencesService.swift,\ OCRService.swift,\ PaymentService.swift,\ ProfilePictureService.swift,\ ProfileService.swift,\ RankingService.swift,\ RatingService.swift,\ StripeConnectService.swift,\ SubscriptionService.swift,\ SupabaseClient.swift,\ TopGunService.swift,\ TransponderService.swift,\ WeatherService.swift /Users/xinyufang/Documents/Buzz/Buzz/Services/MessageService.swift /Users/xinyufang/Documents/Buzz/Buzz/Services/NotificationPreferencesService.swift /Users/xinyufang/Documents/Buzz/Buzz/Services/OCRService.swift /Users/xinyufang/Documents/Buzz/Buzz/Services/PaymentService.swift /Users/xinyufang/Documents/Buzz/Buzz/Services/ProfilePictureService.swift /Users/xinyufang/Documents/Buzz/Buzz/Services/ProfileService.swift /Users/xinyufang/Documents/Buzz/Buzz/Services/RankingService.swift /Users/xinyufang/Documents/Buzz/Buzz/Services/RatingService.swift /Users/xinyufang/Documents/Buzz/Buzz/Services/StripeConnectService.swift /Users/xinyufang/Documents/Buzz/Buzz/Services/SubscriptionService.swift /Users/xinyufang/Documents/Buzz/Buzz/Services/SupabaseClient.swift /Users/xinyufang/Documents/Buzz/Buzz/Services/TopGunService.swift /Users/xinyufang/Documents/Buzz/Buzz/Services/TransponderService.swift /Users/xinyufang/Documents/Buzz/Buzz/Services/WeatherService.swift (in target 'Buzz' from project 'Buzz')
Failed frontend command:
/Applications/Xcode.app/Contents/Developer/Toolchains/XcodeDefault.xctoolchain/usr/bin/swift-frontend -frontend -c /Users/xinyufang/Documents/Buzz/Buzz/Models/AvailabilityBlockout.swift /Users/xinyufang/Documents/Buzz/Buzz/Models/Badge.swift /Users/xinyufang/Documents/Buzz/Buzz/Models/Booking.swift /Users/xinyufang/Documents/Buzz/Buzz/Models/CourseUnit.swift /Users/xinyufang/Documents/Buzz/Buzz/Models/DirectMessage.swift /Users/xinyufang/Documents/Buzz/Buzz/Models/DroneRegistration.swift /Users/xinyufang/Documents/Buzz/Buzz/Models/GovernmentID.swift /Users/xinyufang/Documents/Buzz/Buzz/Models/Message.swift /Users/xinyufang/Documents/Buzz/Buzz/Models/NotificationPreferences.swift /Users/xinyufang/Documents/Buzz/Buzz/Models/PilotLicense.swift /Users/xinyufang/Documents/Buzz/Buzz/Models/PilotStats.swift /Users/xinyufang/Documents/Buzz/Buzz/Models/Rating.swift /Users/xinyufang/Documents/Buzz/Buzz/Models/TaxDocument.swift /Users/xinyufang/Documents/Buzz/Buzz/Models/TrainingCourse.swift /Users/xinyufang/Documents/Buzz/Buzz/Models/Transponder.swift /Users/xinyufang/Documents/Buzz/Buzz/Models/UserProfile.swift /Users/xinyufang/Documents/Buzz/Buzz/Models/Weather.swift /Users/xinyufang/Documents/Buzz/Buzz/Services/AcademyService.swift /Users/xinyufang/Documents/Buzz/Buzz/Services/AuthService.swift /Users/xinyufang/Documents/Buzz/Buzz/Services/AvailabilityBlockoutService.swift /Users/xinyufang/Documents/Buzz/Buzz/Services/BadgeService.swift /Users/xinyufang/Documents/Buzz/Buzz/Services/BookingService.swift /Users/xinyufang/Documents/Buzz/Buzz/Services/CourseSubscriptionService.swift /Users/xinyufang/Documents/Buzz/Buzz/Services/DemoModeManager.swift /Users/xinyufang/Documents/Buzz/Buzz/Services/DroneRegistrationService.swift /Users/xinyufang/Documents/Buzz/Buzz/Services/IdentityVerificationService.swift /Users/xinyufang/Documents/Buzz/Buzz/Services/LicenseUploadService.swift /Users/xinyufang/Documents/Buzz/Buzz/Services/LocationHelper.swift -primary-file /Users/xinyufang/Documents/Buzz/Buzz/Services/MessageService.swift -primary-file /Users/xinyufang/Documents/Buzz/Buzz/Services/NotificationPreferencesService.swift -primary-file /Users/xinyufang/Documents/Buzz/Buzz/Services/OCRService.swift -primary-file /Users/xinyufang/Documents/Buzz/Buzz/Services/PaymentService.swift -primary-file /Users/xinyufang/Documents/Buzz/Buzz/Services/ProfilePictureService.swift -primary-file /Users/xinyufang/Documents/Buzz/Buzz/Services/ProfileService.swift -primary-file /Users/xinyufang/Documents/Buzz/Buzz/Services/RankingService.swift -primary-file /Users/xinyufang/Documents/Buzz/Buzz/Services/RatingService.swift -primary-file /Users/xinyufang/Documents/Buzz/Buzz/Services/StripeConnectService.swift -primary-file /Users/xinyufang/Documents/Buzz/Buzz/Services/SubscriptionService.swift -primary-file /Users/xinyufang/Documents/Buzz/Buzz/Services/SupabaseClient.swift -primary-file /Users/xinyufang/Documents/Buzz/Buzz/Services/TopGunService.swift -primary-file /Users/xinyufang/Documents/Buzz/Buzz/Services/TransponderService.swift -primary-file /Users/xinyufang/Documents/Buzz/Buzz/Services/WeatherService.swift /Users/xinyufang/Documents/Buzz/Buzz/Views/Academy/AcademyView.swift /Users/xinyufang/Documents/Buzz/Buzz/Views/Academy/CourseContentView.swift /Users/xinyufang/Documents/Buzz/Buzz/Views/Academy/CourseSubscriptionView.swift /Users/xinyufang/Documents/Buzz/Buzz/Views/Academy/GroundSchoolTestView.swift /Users/xinyufang/Documents/Buzz/Buzz/Views/Academy/UnitDetailView.swift /Users/xinyufang/Documents/Buzz/Buzz/Views/Auth/AuthenticationView.swift /Users/xinyufang/Documents/Buzz/Buzz/Views/Auth/PackagePromotionView.swift /Users/xinyufang/Documents/Buzz/Buzz/Views/Auth/SignUpView.swift /Users/xinyufang/Documents/Buzz/Buzz/Views/Bookings/BookingDetailView.swift /Users/xinyufang/Documents/Buzz/Buzz/Views/Bookings/BookingMapView.swift /Users/xinyufang/Documents/Buzz/Buzz/Views/Bookings/ConversationHelpers.swift /Users/xinyufang/Documents/Buzz/Buzz/Views/Bookings/ConversationsListView.swift /Users/xinyufang/Documents/Buzz/Buzz/Views/Bookings/CreateBookingStep1View.swift /Users/xinyufang/Documents/Buzz/Buzz/Views/Bookings/CreateBookingStep2View.swift /Users/xinyufang/Documents/Buzz/Buzz/Views/Bookings/CustomerActivityView.swift /Users/xinyufang/Documents/Buzz/Buzz/Views/Bookings/CustomerBookingView.swift /Users/xinyufang/Documents/Buzz/Buzz/Views/Bookings/LocationSearchView.swift /Users/xinyufang/Documents/Buzz/Buzz/Views/Bookings/MessageView.swift /Users/xinyufang/Documents/Buzz/Buzz/Views/Bookings/PilotBookingListView.swift /Users/xinyufang/Documents/Buzz/Buzz/Views/Cockpit/CockpitView.swift /Users/xinyufang/Documents/Buzz/Buzz/Views/Cockpit/FlightRadarView.swift /Users/xinyufang/Documents/Buzz/Buzz/Views/Cockpit/GamesView.swift /Users/xinyufang/Documents/Buzz/Buzz/Views/Cockpit/RacerView.swift /Users/xinyufang/Documents/Buzz/Buzz/Views/Cockpit/TopGunView.swift /Users/xinyufang/Documents/Buzz/Buzz/Views/Cockpit/TransponderView.swift /Users/xinyufang/Documents/Buzz/Buzz/Views/Cockpit/WeatherView.swift /Users/xinyufang/Documents/Buzz/Buzz/Views/Components/CustomButton.swift /Users/xinyufang/Documents/Buzz/Buzz/Views/Components/EmptyStateView.swift /Users/xinyufang/Documents/Buzz/Buzz/Views/Components/ErrorView.swift /Users/xinyufang/Documents/Buzz/Buzz/Views/Components/FileViewer.swift /Users/xinyufang/Documents/Buzz/Buzz/Views/Components/LoadingView.swift /Users/xinyufang/Documents/Buzz/Buzz/Views/Components/RatingView.swift /Users/xinyufang/Documents/Buzz/Buzz/Views/License/DroneRegistrationView.swift /Users/xinyufang/Documents/Buzz/Buzz/Views/License/LicenseManagementView.swift /Users/xinyufang/Documents/Buzz/Buzz/Views/Navigation/MainTabView.swift /Users/xinyufang/Documents/Buzz/Buzz/Views/Profile/BadgePreviewCard.swift /Users/xinyufang/Documents/Buzz/Buzz/Views/Profile/BadgesView.swift /Users/xinyufang/Documents/Buzz/Buzz/Views/Profile/BalanceView.swift /Users/xinyufang/Documents/Buzz/Buzz/Views/Profile/CallSignEditView.swift /Users/xinyufang/Documents/Buzz/Buzz/Views/Profile/ChangePasswordView.swift /Users/xinyufang/Documents/Buzz/Buzz/Views/Profile/DeleteAccountView.swift /Users/xinyufang/Documents/Buzz/Buzz/Views/Profile/DirectMessageView.swift /Users/xinyufang/Documents/Buzz/Buzz/Views/Profile/EmailEditView.swift /Users/xinyufang/Documents/Buzz/Buzz/Views/Profile/FlightPackageView.swift /Users/xinyufang/Documents/Buzz/Buzz/Views/Profile/GenderEditView.swift /Users/xinyufang/Documents/Buzz/Buzz/Views/Profile/GovernmentIDView.swift /Users/xinyufang/Documents/Buzz/Buzz/Views/Profile/HelpView.swift /Users/xinyufang/Documents/Buzz/Buzz/Views/Profile/LoginSecurityView.swift /Users/xinyufang/Documents/Buzz/Buzz/Views/Profile/NameEditView.swift /Users/xinyufang/Documents/Buzz/Buzz/Views/Profile/NotificationsView.swift /Users/xinyufang/Documents/Buzz/Buzz/Views/Profile/PersonalInfoView.swift /Users/xinyufang/Documents/Buzz/Buzz/Views/Profile/PhoneEditView.swift /Users/xinyufang/Documents/Buzz/Buzz/Views/Profile/ProfileView.swift /Users/xinyufang/Documents/Buzz/Buzz/Views/Profile/PublicProfileView.swift /Users/xinyufang/Documents/Buzz/Buzz/Views/Profile/RatingsListView.swift /Users/xinyufang/Documents/Buzz/Buzz/Views/Profile/RealEstatePackageView.swift /Users/xinyufang/Documents/Buzz/Buzz/Views/Profile/RevenueDetailsView.swift /Users/xinyufang/Documents/Buzz/Buzz/Views/Profile/SavedPaymentsView.swift /Users/xinyufang/Documents/Buzz/Buzz/Views/Profile/SettingsView.swift /Users/xinyufang/Documents/Buzz/Buzz/Views/Profile/StripeAccountSetupView.swift /Users/xinyufang/Documents/Buzz/Buzz/Views/Profile/TaxDocumentView.swift /Users/xinyufang/Documents/Buzz/Buzz/Views/Rankings/LeaderboardView.swift /Users/xinyufang/Documents/Buzz/Buzz/Views/Rankings/RankingBadgeView.swift /Users/xinyufang/Documents/Buzz/Buzz/Views/Welcome/WelcomeView.swift /Users/xinyufang/Documents/Buzz/Buzz/BuzzApp.swift /Users/xinyufang/Documents/Buzz/Buzz/Config.swift /Users/xinyufang/Library/Developer/Xcode/DerivedData/Buzz-faillbpsmponqzeruhhvskovixzk/Build/Intermediates.noindex/Buzz.build/Debug-iphonesimulator/Buzz.build/DerivedSources/GeneratedAssetSymbols.swift -supplementary-output-file-map /Users/xinyufang/Library/Developer/Xcode/DerivedData/Buzz-faillbpsmponqzeruhhvskovixzk/Build/Intermediates.noindex/Buzz.build/Debug-iphonesimulator/Buzz.build/Objects-normal/arm64/supplementaryOutputs-125 -emit-localized-strings -emit-localized-strings-path /Users/xinyufang/Library/Developer/Xcode/DerivedData/Buzz-faillbpsmponqzeruhhvskovixzk/Build/Intermediates.noindex/Buzz.build/Debug-iphonesimulator/Buzz.build/Objects-normal/arm64 -target arm64-apple-ios26.0-simulator -module-can-import-version DeveloperToolsSupport 23.0.4 23.0.4 -module-can-import-version SwiftUI 7.0.84.1 7.0.84 -module-can-import-version UIKit 9088.1.113 9088.1.113 -disable-cross-import-overlay-search -swift-module-cross-import AuthenticationServices /Applications/Xcode.app/Contents/Developer/Platforms/iPhoneSimulator.platform/Developer/SDKs/iPhoneSimulator.sdk/System/Cryptexes/OS/System/Library/Frameworks/AuthenticationServices.framework/Modules/AuthenticationServices.swiftcrossimport/SwiftUI.swiftoverlay -swift-module-cross-import AuthenticationServices /Applications/Xcode.app/Contents/Developer/Platforms/iPhoneSimulator.platform/Developer/SDKs/iPhoneSimulator26.0.sdk/System/Library/Frameworks/AuthenticationServices.framework/Modules/AuthenticationServices.swiftcrossimport/SwiftUI.swiftoverlay -swift-module-cross-import MapKit /Applications/Xcode.app/Contents/Developer/Platforms/iPhoneSimulator.platform/Developer/SDKs/iPhoneSimulator.sdk/System/Library/Frameworks/MapKit.framework/Modules/MapKit.swiftcrossimport/SwiftUI.swiftoverlay -swift-module-cross-import PhotosUI /Applications/Xcode.app/Contents/Developer/Platforms/iPhoneSimulator.platform/Developer/SDKs/iPhoneSimulator.sdk/System/Library/Frameworks/PhotosUI.framework/Modules/PhotosUI.swiftcrossimport/SwiftUI.swiftoverlay -swift-module-cross-import PhotosUI /Applications/Xcode.app/Contents/Developer/Platforms/iPhoneSimulator.platform/Developer/SDKs/iPhoneSimulator.sdk/System/Library/Frameworks/PhotosUI.framework/Modules/PhotosUI.swiftcrossimport/WidgetKit.swiftoverlay -swift-module-cross-import PhotosUI /Applications/Xcode.app/Contents/Developer/Platforms/iPhoneSimulator.platform/Developer/SDKs/iPhoneSimulator26.0.sdk/System/Library/Frameworks/PhotosUI.framework/Modules/PhotosUI.swiftcrossimport/SwiftUI.swiftoverlay -swift-module-cross-import PhotosUI /Applications/Xcode.app/Contents/Developer/Platforms/iPhoneSimulator.platform/Developer/SDKs/iPhoneSimulator26.0.sdk/System/Library/Frameworks/PhotosUI.framework/Modules/PhotosUI.swiftcrossimport/WidgetKit.swiftoverlay -load-resolved-plugin /Applications/Xcode.app/Contents/Developer/Platforms/iPhoneOS.platform/Developer/usr/lib/swift/host/plugins/libFoundationMacros.dylib\#/Applications/Xcode.app/Contents/Developer/Platforms/iPhoneOS.platform/Developer/usr/bin/swift-plugin-server\#FoundationMacros -load-resolved-plugin /Applications/Xcode.app/Contents/Developer/Platforms/iPhoneOS.platform/Developer/usr/lib/swift/host/plugins/libObservationMacros.dylib\#/Applications/Xcode.app/Contents/Developer/Platforms/iPhoneOS.platform/Developer/usr/bin/swift-plugin-server\#ObservationMacros -load-resolved-plugin /Applications/Xcode.app/Contents/Developer/Platforms/iPhoneOS.platform/Developer/usr/lib/swift/host/plugins/libPreviewsMacros.dylib\#/Applications/Xcode.app/Contents/Developer/Platforms/iPhoneOS.platform/Developer/usr/bin/swift-plugin-server\#PreviewsMacros -load-resolved-plugin /Applications/Xcode.app/Contents/Developer/Platforms/iPhoneOS.platform/Developer/usr/lib/swift/host/plugins/libSwiftMacros.dylib\#/Applications/Xcode.app/Contents/Developer/Platforms/iPhoneOS.platform/Developer/usr/bin/swift-plugin-server\#SwiftMacros -load-resolved-plugin /Applications/Xcode.app/Contents/Developer/Platforms/iPhoneOS.platform/Developer/usr/lib/swift/host/plugins/libSwiftUIMacros.dylib\#/Applications/Xcode.app/Contents/Developer/Platforms/iPhoneOS.platform/Developer/usr/bin/swift-plugin-server\#SwiftUIMacros -load-resolved-plugin /Applications/Xcode.app/Contents/Developer/Platforms/iPhoneOS.platform/Developer/usr/lib/swift/host/plugins/libTipKitMacros.dylib\#/Applications/Xcode.app/Contents/Developer/Platforms/iPhoneOS.platform/Developer/usr/bin/swift-plugin-server\#TipKitMacros -disable-implicit-swift-modules -Xcc -fno-implicit-modules -Xcc -fno-implicit-module-maps -explicit-swift-module-map-file /Users/xinyufang/Library/Developer/Xcode/DerivedData/Buzz-faillbpsmponqzeruhhvskovixzk/Build/Intermediates.noindex/Buzz.build/Debug-iphonesimulator/Buzz.build/Objects-normal/arm64/Buzz-dependencies-1.json -Xllvm -aarch64-use-tbi -enable-objc-interop -sdk /Applications/Xcode.app/Contents/Developer/Platforms/iPhoneSimulator.platform/Developer/SDKs/iPhoneSimulator26.0.sdk -I /Users/xinyufang/Library/Developer/Xcode/DerivedData/Buzz-faillbpsmponqzeruhhvskovixzk/Build/Products/Debug-iphonesimulator -F /Users/xinyufang/Library/Developer/Xcode/DerivedData/Buzz-faillbpsmponqzeruhhvskovixzk/Build/Products/Debug-iphonesimulator/PackageFrameworks -F /Users/xinyufang/Library/Developer/Xcode/DerivedData/Buzz-faillbpsmponqzeruhhvskovixzk/Build/Products/Debug-iphonesimulator/PackageFrameworks -F /Users/xinyufang/Library/Developer/Xcode/DerivedData/Buzz-faillbpsmponqzeruhhvskovixzk/Build/Products/Debug-iphonesimulator/PackageFrameworks -F /Users/xinyufang/Library/Developer/Xcode/DerivedData/Buzz-faillbpsmponqzeruhhvskovixzk/Build/Products/Debug-iphonesimulator/PackageFrameworks -F /Users/xinyufang/Library/Developer/Xcode/DerivedData/Buzz-faillbpsmponqzeruhhvskovixzk/Build/Products/Debug-iphonesimulator/PackageFrameworks -F /Users/xinyufang/Library/Developer/Xcode/DerivedData/Buzz-faillbpsmponqzeruhhvskovixzk/Build/Products/Debug-iphonesimulator/PackageFrameworks -F /Users/xinyufang/Library/Developer/Xcode/DerivedData/Buzz-faillbpsmponqzeruhhvskovixzk/Build/Products/Debug-iphonesimulator/PackageFrameworks -F /Users/xinyufang/Library/Developer/Xcode/DerivedData/Buzz-faillbpsmponqzeruhhvskovixzk/Build/Products/Debug-iphonesimulator/PackageFrameworks -F /Users/xinyufang/Library/Developer/Xcode/DerivedData/Buzz-faillbpsmponqzeruhhvskovixzk/Build/Products/Debug-iphonesimulator/PackageFrameworks -F /Users/xinyufang/Library/Developer/Xcode/DerivedData/Buzz-faillbpsmponqzeruhhvskovixzk/Build/Products/Debug-iphonesimulator/PackageFrameworks -F /Users/xinyufang/Library/Developer/Xcode/DerivedData/Buzz-faillbpsmponqzeruhhvskovixzk/Build/Products/Debug-iphonesimulator/PackageFrameworks -F /Users/xinyufang/Library/Developer/Xcode/DerivedData/Buzz-faillbpsmponqzeruhhvskovixzk/Build/Products/Debug-iphonesimulator/PackageFrameworks -F /Users/xinyufang/Library/Developer/Xcode/DerivedData/Buzz-faillbpsmponqzeruhhvskovixzk/Build/Products/Debug-iphonesimulator/PackageFrameworks -F /Users/xinyufang/Library/Developer/Xcode/DerivedData/Buzz-faillbpsmponqzeruhhvskovixzk/Build/Products/Debug-iphonesimulator/PackageFrameworks -F /Users/xinyufang/Library/Developer/Xcode/DerivedData/Buzz-faillbpsmponqzeruhhvskovixzk/Build/Products/Debug-iphonesimulator/PackageFrameworks -F /Users/xinyufang/Library/Developer/Xcode/DerivedData/Buzz-faillbpsmponqzeruhhvskovixzk/Build/Products/Debug-iphonesimulator/PackageFrameworks -F /Users/xinyufang/Library/Developer/Xcode/DerivedData/Buzz-faillbpsmponqzeruhhvskovixzk/Build/Products/Debug-iphonesimulator/PackageFrameworks -F /Users/xinyufang/Library/Developer/Xcode/DerivedData/Buzz-faillbpsmponqzeruhhvskovixzk/Build/Products/Debug-iphonesimulator/PackageFrameworks -F /Users/xinyufang/Library/Developer/Xcode/DerivedData/Buzz-faillbpsmponqzeruhhvskovixzk/Build/Products/Debug-iphonesimulator/PackageFrameworks -F /Users/xinyufang/Library/Developer/Xcode/DerivedData/Buzz-faillbpsmponqzeruhhvskovixzk/Build/Products/Debug-iphonesimulator/PackageFrameworks -F /Users/xinyufang/Library/Developer/Xcode/DerivedData/Buzz-faillbpsmponqzeruhhvskovixzk/Build/Products/Debug-iphonesimulator/PackageFrameworks -F /Users/xinyufang/Library/Developer/Xcode/DerivedData/Buzz-faillbpsmponqzeruhhvskovixzk/Build/Products/Debug-iphonesimulator/PackageFrameworks -F /Users/xinyufang/Library/Developer/Xcode/DerivedData/Buzz-faillbpsmponqzeruhhvskovixzk/Build/Products/Debug-iphonesimulator/PackageFrameworks -F /Users/xinyufang/Library/Developer/Xcode/DerivedData/Buzz-faillbpsmponqzeruhhvskovixzk/Build/Products/Debug-iphonesimulator/PackageFrameworks -F /Users/xinyufang/Library/Developer/Xcode/DerivedData/Buzz-faillbpsmponqzeruhhvskovixzk/Build/Products/Debug-iphonesimulator/PackageFrameworks -F /Users/xinyufang/Library/Developer/Xcode/DerivedData/Buzz-faillbpsmponqzeruhhvskovixzk/Build/Products/Debug-iphonesimulator/PackageFrameworks -F /Users/xinyufang/Library/Developer/Xcode/DerivedData/Buzz-faillbpsmponqzeruhhvskovixzk/Build/Products/Debug-iphonesimulator/PackageFrameworks -F /Users/xinyufang/Library/Developer/Xcode/DerivedData/Buzz-faillbpsmponqzeruhhvskovixzk/Build/Products/Debug-iphonesimulator/PackageFrameworks -F /Users/xinyufang/Library/Developer/Xcode/DerivedData/Buzz-faillbpsmponqzeruhhvskovixzk/Build/Products/Debug-iphonesimulator/PackageFrameworks -F /Users/xinyufang/Library/Developer/Xcode/DerivedData/Buzz-faillbpsmponqzeruhhvskovixzk/Build/Products/Debug-iphonesimulator/PackageFrameworks -F /Users/xinyufang/Library/Developer/Xcode/DerivedData/Buzz-faillbpsmponqzeruhhvskovixzk/Build/Products/Debug-iphonesimulator/PackageFrameworks -F /Users/xinyufang/Library/Developer/Xcode/DerivedData/Buzz-faillbpsmponqzeruhhvskovixzk/Build/Products/Debug-iphonesimulator/PackageFrameworks -F /Users/xinyufang/Library/Developer/Xcode/DerivedData/Buzz-faillbpsmponqzeruhhvskovixzk/Build/Products/Debug-iphonesimulator/PackageFrameworks -F /Users/xinyufang/Library/Developer/Xcode/DerivedData/Buzz-faillbpsmponqzeruhhvskovixzk/Build/Products/Debug-iphonesimulator/PackageFrameworks -F /Users/xinyufang/Library/Developer/Xcode/DerivedData/Buzz-faillbpsmponqzeruhhvskovixzk/Build/Products/Debug-iphonesimulator/PackageFrameworks -F /Users/xinyufang/Library/Developer/Xcode/DerivedData/Buzz-faillbpsmponqzeruhhvskovixzk/Build/Products/Debug-iphonesimulator/PackageFrameworks -F /Users/xinyufang/Library/Developer/Xcode/DerivedData/Buzz-faillbpsmponqzeruhhvskovixzk/Build/Products/Debug-iphonesimulator/PackageFrameworks -F /Users/xinyufang/Library/Developer/Xcode/DerivedData/Buzz-faillbpsmponqzeruhhvskovixzk/Build/Products/Debug-iphonesimulator/PackageFrameworks -F /Users/xinyufang/Library/Developer/Xcode/DerivedData/Buzz-faillbpsmponqzeruhhvskovixzk/Build/Products/Debug-iphonesimulator/PackageFrameworks -F /Users/xinyufang/Library/Developer/Xcode/DerivedData/Buzz-faillbpsmponqzeruhhvskovixzk/Build/Products/Debug-iphonesimulator -no-color-diagnostics -Xcc -fno-color-diagnostics -enable-testing -g -debug-info-format\=dwarf -dwarf-version\=5 -module-cache-path /Users/xinyufang/Library/Developer/Xcode/DerivedData/Buzz-faillbpsmponqzeruhhvskovixzk/Build/Intermediates.noindex/SwiftExplicitPrecompiledModules -swift-version 5 -enforce-exclusivity\=checked -Onone -D DEBUG -serialize-debugging-options -const-gather-protocols-file /Users/xinyufang/Library/Developer/Xcode/DerivedData/Buzz-faillbpsmponqzeruhhvskovixzk/Build/Intermediates.noindex/Buzz.build/Debug-iphonesimulator/Buzz.build/Objects-normal/arm64/Buzz_const_extract_protocols.json -enable-upcoming-feature DisableOutwardActorInference -enable-upcoming-feature InferSendableFromCaptures -enable-upcoming-feature GlobalActorIsolatedTypesUsability -enable-upcoming-feature MemberImportVisibility -enable-upcoming-feature InferIsolatedConformances -enable-upcoming-feature NonisolatedNonsendingByDefault -enable-experimental-feature DebugDescriptionMacro -enable-bare-slash-regex -default-isolation\=MainActor -empty-abi-descriptor -validate-clang-modules-once -clang-build-session-file /Users/xinyufang/Library/Developer/Xcode/DerivedData/ModuleCache.noindex/Session.modulevalidation -Xcc -working-directory -Xcc /Users/xinyufang/Documents/Buzz -enable-anonymous-context-mangled-names -file-compilation-dir /Users/xinyufang/Documents/Buzz -Xcc -fmodule-map-file\=/Users/xinyufang/Library/Developer/Xcode/DerivedData/Buzz-faillbpsmponqzeruhhvskovixzk/Build/Intermediates.noindex/GeneratedModuleMaps-iphonesimulator/AppAuth.modulemap -Xcc -fmodule-map-file\=/Users/xinyufang/Library/Developer/Xcode/DerivedData/Buzz-faillbpsmponqzeruhhvskovixzk/Build/Intermediates.noindex/GeneratedModuleMaps-iphonesimulator/AppAuthCore.modulemap -Xcc -fmodule-map-file\=/Users/xinyufang/Library/Developer/Xcode/DerivedData/Buzz-faillbpsmponqzeruhhvskovixzk/Build/Intermediates.noindex/GeneratedModuleMaps-iphonesimulator/GoogleUtilities-Logger.modulemap -Xcc -fmodule-map-file\=/Users/xinyufang/Library/Developer/Xcode/DerivedData/Buzz-faillbpsmponqzeruhhvskovixzk/Build/Intermediates.noindex/GeneratedModuleMaps-iphonesimulator/GoogleUtilities-Environment.modulemap -Xcc -fmodule-map-file\=/Users/xinyufang/Library/Developer/Xcode/DerivedData/Buzz-faillbpsmponqzeruhhvskovixzk/Build/Intermediates.noindex/GeneratedModuleMaps-iphonesimulator/third-party-IsAppEncrypted.modulemap -Xcc -fmodule-map-file\=/Users/xinyufang/Library/Developer/Xcode/DerivedData/Buzz-faillbpsmponqzeruhhvskovixzk/Build/Intermediates.noindex/GeneratedModuleMaps-iphonesimulator/GoogleUtilities-UserDefaults.modulemap -Xcc -fmodule-map-file\=/Users/xinyufang/Library/Developer/Xcode/DerivedData/Buzz-faillbpsmponqzeruhhvskovixzk/Build/Intermediates.noindex/GeneratedModuleMaps-iphonesimulator/AppCheckCore.modulemap -Xcc -fmodule-map-file\=/Users/xinyufang/Library/Developer/Xcode/DerivedData/Buzz-faillbpsmponqzeruhhvskovixzk/Build/Intermediates.noindex/GeneratedModuleMaps-iphonesimulator/GTMSessionFetcherCore.modulemap -Xcc -fmodule-map-file\=/Users/xinyufang/Library/Developer/Xcode/DerivedData/Buzz-faillbpsmponqzeruhhvskovixzk/Build/Intermediates.noindex/GeneratedModuleMaps-iphonesimulator/GoogleSignIn.modulemap -Xcc -fmodule-map-file\=/Users/xinyufang/Library/Developer/Xcode/DerivedData/Buzz-faillbpsmponqzeruhhvskovixzk/Build/Intermediates.noindex/GeneratedModuleMaps-iphonesimulator/Stripe3DS2.modulemap -Xcc -D_LIBCPP_HARDENING_MODE\=_LIBCPP_HARDENING_MODE_DEBUG -Xcc -ivfsstatcache -Xcc /Users/xinyufang/Library/Developer/Xcode/DerivedData/SDKStatCaches.noindex/iphonesimulator26.0-23A339-26257891a6c027eb51374368541b8346.sdkstatcache -Xcc -I/Users/xinyufang/Library/Developer/Xcode/DerivedData/Buzz-faillbpsmponqzeruhhvskovixzk/Build/Intermediates.noindex/Buzz.build/Debug-iphonesimulator/Buzz.build/swift-overrides.hmap -Xcc -iquote -Xcc /Users/xinyufang/Library/Developer/Xcode/DerivedData/Buzz-faillbpsmponqzeruhhvskovixzk/Build/Intermediates.noindex/Buzz.build/Debug-iphonesimulator/Buzz.build/Buzz-generated-files.hmap -Xcc -I/Users/xinyufang/Library/Developer/Xcode/DerivedData/Buzz-faillbpsmponqzeruhhvskovixzk/Build/Intermediates.noindex/Buzz.build/Debug-iphonesimulator/Buzz.build/Buzz-own-target-headers.hmap -Xcc -I/Users/xinyufang/Library/Developer/Xcode/DerivedData/Buzz-faillbpsmponqzeruhhvskovixzk/Build/Intermediates.noindex/Buzz.build/Debug-iphonesimulator/Buzz.build/Buzz-all-non-framework-target-headers.hmap -Xcc -ivfsoverlay -Xcc /Users/xinyufang/Library/Developer/Xcode/DerivedData/Buzz-faillbpsmponqzeruhhvskovixzk/Build/Intermediates.noindex/Buzz.build/Debug-iphonesimulator/Buzz-f0f0de0f2b92c66dbd5712a40458aba1-VFS-iphonesimulator/all-product-headers.yaml -Xcc -iquote -Xcc /Users/xinyufang/Library/Developer/Xcode/DerivedData/Buzz-faillbpsmponqzeruhhvskovixzk/Build/Intermediates.noindex/Buzz.build/Debug-iphonesimulator/Buzz.build/Buzz-project-headers.hmap -Xcc -I/Users/xinyufang/Library/Developer/Xcode/DerivedData/Buzz-faillbpsmponqzeruhhvskovixzk/SourcePackages/checkouts/AppAuth-iOS/Sources/AppAuth -Xcc -I/Users/xinyufang/Library/Developer/Xcode/DerivedData/Buzz-faillbpsmponqzeruhhvskovixzk/SourcePackages/checkouts/AppAuth-iOS/Sources/AppAuthCore -Xcc -I/Users/xinyufang/Library/Developer/Xcode/DerivedData/Buzz-faillbpsmponqzeruhhvskovixzk/SourcePackages/checkouts/promises/Sources/FBLPromises/include -Xcc -I/Users/xinyufang/Library/Developer/Xcode/DerivedData/Buzz-faillbpsmponqzeruhhvskovixzk/SourcePackages/checkouts/GoogleUtilities/GoogleUtilities/Logger/Public -Xcc -I/Users/xinyufang/Library/Developer/Xcode/DerivedData/Buzz-faillbpsmponqzeruhhvskovixzk/SourcePackages/checkouts/GoogleUtilities/GoogleUtilities/Environment/Public -Xcc -I/Users/xinyufang/Library/Developer/Xcode/DerivedData/Buzz-faillbpsmponqzeruhhvskovixzk/SourcePackages/checkouts/GoogleUtilities/third_party/IsAppEncrypted/Public -Xcc -I/Users/xinyufang/Library/Developer/Xcode/DerivedData/Buzz-faillbpsmponqzeruhhvskovixzk/SourcePackages/checkouts/GoogleUtilities/GoogleUtilities/UserDefaults/Public -Xcc -I/Users/xinyufang/Library/Developer/Xcode/DerivedData/Buzz-faillbpsmponqzeruhhvskovixzk/SourcePackages/checkouts/app-check/AppCheckCore/Sources/Public -Xcc -I/Users/xinyufang/Library/Developer/Xcode/DerivedData/Buzz-faillbpsmponqzeruhhvskovixzk/SourcePackages/checkouts/gtm-session-fetcher/Sources/Core/Public -Xcc -I/Users/xinyufang/Library/Developer/Xcode/DerivedData/Buzz-faillbpsmponqzeruhhvskovixzk/SourcePackages/checkouts/GoogleSignIn-iOS/GoogleSignIn/Sources/Public -Xcc -I/Users/xinyufang/Library/Developer/Xcode/DerivedData/Buzz-faillbpsmponqzeruhhvskovixzk/SourcePackages/checkouts/stripe-ios-spm/Stripe3DS2/Stripe3DS2/include -Xcc -I/Users/xinyufang/Library/Developer/Xcode/DerivedData/Buzz-faillbpsmponqzeruhhvskovixzk/Build/Products/Debug-iphonesimulator/include -Xcc -I/Users/xinyufang/Library/Developer/Xcode/DerivedData/Buzz-faillbpsmponqzeruhhvskovixzk/Build/Intermediates.noindex/Buzz.build/Debug-iphonesimulator/Buzz.build/DerivedSources-normal/arm64 -Xcc -I/Users/xinyufang/Library/Developer/Xcode/DerivedData/Buzz-faillbpsmponqzeruhhvskovixzk/Build/Intermediates.noindex/Buzz.build/Debug-iphonesimulator/Buzz.build/DerivedSources/arm64 -Xcc -I/Users/xinyufang/Library/Developer/Xcode/DerivedData/Buzz-faillbpsmponqzeruhhvskovixzk/Build/Intermediates.noindex/Buzz.build/Debug-iphonesimulator/Buzz.build/DerivedSources -Xcc -DDEBUG\=1 -no-auto-bridging-header-chaining -module-name Buzz -frontend-parseable-output -disable-clang-spi -target-sdk-version 26.0 -target-sdk-name iphonesimulator26.0 -clang-target arm64-apple-ios26.0-simulator -in-process-plugin-server-path /Applications/Xcode.app/Contents/Developer/Toolchains/XcodeDefault.xctoolchain/usr/lib/swift/host/libSwiftInProcPluginServer.dylib -o /Users/xinyufang/Library/Developer/Xcode/DerivedData/Buzz-faillbpsmponqzeruhhvskovixzk/Build/Intermediates.noindex/Buzz.build/Debug-iphonesimulator/Buzz.build/Objects-normal/arm64/MessageService.o -o /Users/xinyufang/Library/Developer/Xcode/DerivedData/Buzz-faillbpsmponqzeruhhvskovixzk/Build/Intermediates.noindex/Buzz.build/Debug-iphonesimulator/Buzz.build/Objects-normal/arm64/NotificationPreferencesService.o -o /Users/xinyufang/Library/Developer/Xcode/DerivedData/Buzz-faillbpsmponqzeruhhvskovixzk/Build/Intermediates.noindex/Buzz.build/Debug-iphonesimulator/Buzz.build/Objects-normal/arm64/OCRService.o -o /Users/xinyufang/Library/Developer/Xcode/DerivedData/Buzz-faillbpsmponqzeruhhvskovixzk/Build/Intermediates.noindex/Buzz.build/Debug-iphonesimulator/Buzz.build/Objects-normal/arm64/PaymentService.o -o /Users/xinyufang/Library/Developer/Xcode/DerivedData/Buzz-faillbpsmponqzeruhhvskovixzk/Build/Intermediates.noindex/Buzz.build/Debug-iphonesimulator/Buzz.build/Objects-normal/arm64/ProfilePictureService.o -o /Users/xinyufang/Library/Developer/Xcode/DerivedData/Buzz-faillbpsmponqzeruhhvskovixzk/Build/Intermediates.noindex/Buzz.build/Debug-iphonesimulator/Buzz.build/Objects-normal/arm64/ProfileService.o -o /Users/xinyufang/Library/Developer/Xcode/DerivedData/Buzz-faillbpsmponqzeruhhvskovixzk/Build/Intermediates.noindex/Buzz.build/Debug-iphonesimulator/Buzz.build/Objects-normal/arm64/RankingService.o -o /Users/xinyufang/Library/Developer/Xcode/DerivedData/Buzz-faillbpsmponqzeruhhvskovixzk/Build/Intermediates.noindex/Buzz.build/Debug-iphonesimulator/Buzz.build/Objects-normal/arm64/RatingService.o -o /Users/xinyufang/Library/Developer/Xcode/DerivedData/Buzz-faillbpsmponqzeruhhvskovixzk/Build/Intermediates.noindex/Buzz.build/Debug-iphonesimulator/Buzz.build/Objects-normal/arm64/StripeConnectService.o -o /Users/xinyufang/Library/Developer/Xcode/DerivedData/Buzz-faillbpsmponqzeruhhvskovixzk/Build/Intermediates.noindex/Buzz.build/Debug-iphonesimulator/Buzz.build/Objects-normal/arm64/SubscriptionService.o -o /Users/xinyufang/Library/Developer/Xcode/DerivedData/Buzz-faillbpsmponqzeruhhvskovixzk/Build/Intermediates.noindex/Buzz.build/Debug-iphonesimulator/Buzz.build/Objects-normal/arm64/SupabaseClient.o -o /Users/xinyufang/Library/Developer/Xcode/DerivedData/Buzz-faillbpsmponqzeruhhvskovixzk/Build/Intermediates.noindex/Buzz.build/Debug-iphonesimulator/Buzz.build/Objects-normal/arm64/TopGunService.o -o /Users/xinyufang/Library/Developer/Xcode/DerivedData/Buzz-faillbpsmponqzeruhhvskovixzk/Build/Intermediates.noindex/Buzz.build/Debug-iphonesimulator/Buzz.build/Objects-normal/arm64/TransponderService.o -o /Users/xinyufang/Library/Developer/Xcode/DerivedData/Buzz-faillbpsmponqzeruhhvskovixzk/Build/Intermediates.noindex/Buzz.build/Debug-iphonesimulator/Buzz.build/Objects-normal/arm64/WeatherService.o -index-unit-output-path /Buzz.build/Debug-iphonesimulator/Buzz.build/Objects-normal/arm64/MessageService.o -index-unit-output-path /Buzz.build/Debug-iphonesimulator/Buzz.build/Objects-normal/arm64/NotificationPreferencesService.o -index-unit-output-path /Buzz.build/Debug-iphonesimulator/Buzz.build/Objects-normal/arm64/OCRService.o -index-unit-output-path /Buzz.build/Debug-iphonesimulator/Buzz.build/Objects-normal/arm64/PaymentService.o -index-unit-output-path /Buzz.build/Debug-iphonesimulator/Buzz.build/Objects-normal/arm64/ProfilePictureService.o -index-unit-output-path /Buzz.build/Debug-iphonesimulator/Buzz.build/Objects-normal/arm64/ProfileService.o -index-unit-output-path /Buzz.build/Debug-iphonesimulator/Buzz.build/Objects-normal/arm64/RankingService.o -index-unit-output-path /Buzz.build/Debug-iphonesimulator/Buzz.build/Objects-normal/arm64/RatingService.o -index-unit-output-path /Buzz.build/Debug-iphonesimulator/Buzz.build/Objects-normal/arm64/StripeConnectService.o -index-unit-output-path /Buzz.build/Debug-iphonesimulator/Buzz.build/Objects-normal/arm64/SubscriptionService.o -index-unit-output-path /Buzz.build/Debug-iphonesimulator/Buzz.build/Objects-normal/arm64/SupabaseClient.o -index-unit-output-path /Buzz.build/Debug-iphonesimulator/Buzz.build/Objects-normal/arm64/TopGunService.o -index-unit-output-path /Buzz.build/Debug-iphonesimulator/Buzz.build/Objects-normal/arm64/TransponderService.o -index-unit-output-path /Buzz.build/Debug-iphonesimulator/Buzz.build/Objects-normal/arm64/WeatherService.o -index-store-path /Users/xinyufang/Library/Developer/Xcode/DerivedData/Buzz-faillbpsmponqzeruhhvskovixzk/Index.noindex/DataStore -index-system-modules

SwiftCompile normal arm64 /Users/xinyufang/Documents/Buzz/Buzz/Services/MessageService.swift (in target 'Buzz' from project 'Buzz')
    cd /Users/xinyufang/Documents/Buzz
    
/Users/xinyufang/Documents/Buzz/Buzz/Services/MessageService.swift:130:13: warning: variable 'hash' was never mutated; consider changing to 'let' constant
        var hash = combined.hashValue
        ~~~ ^
        let
/Users/xinyufang/Documents/Buzz/Buzz/Services/MessageService.swift:357:13: warning: initialization of immutable value 'query' was never used; consider replacing with assignment to '_' or removing it
        let query = """
        ~~~~^~~~~
        _
/Users/xinyufang/Documents/Buzz/Buzz/Services/MessageService.swift:454:13: warning: initialization of immutable value 'conversationId' was never used; consider replacing with assignment to '_' or removing it
        let conversationId = Self.conversationId(fromUserId: fromUserId, toUserId: toUserId)
        ~~~~^~~~~~~~~~~~~~
        _

SwiftCompile normal arm64 /Users/xinyufang/Documents/Buzz/Buzz/Services/NotificationPreferencesService.swift (in target 'Buzz' from project 'Buzz')
    cd /Users/xinyufang/Documents/Buzz
    

SwiftCompile normal arm64 /Users/xinyufang/Documents/Buzz/Buzz/Services/OCRService.swift (in target 'Buzz' from project 'Buzz')
    cd /Users/xinyufang/Documents/Buzz
    
/Users/xinyufang/Documents/Buzz/Buzz/Services/OCRService.swift:643:37: warning: variable 'extracted' was never mutated; consider changing to 'let' constant
                                var extracted = (afterKeyword as NSString).substring(with: numberRange)
                                ~~~ ^
                                let

SwiftCompile normal arm64 /Users/xinyufang/Documents/Buzz/Buzz/Services/PaymentService.swift (in target 'Buzz' from project 'Buzz')
    cd /Users/xinyufang/Documents/Buzz
    

SwiftCompile normal arm64 /Users/xinyufang/Documents/Buzz/Buzz/Services/ProfilePictureService.swift (in target 'Buzz' from project 'Buzz')
    cd /Users/xinyufang/Documents/Buzz
    
/Users/xinyufang/Documents/Buzz/Buzz/Services/ProfilePictureService.swift:59:17: warning: result of 'try?' is unused
                try? await supabase.storage
                ^~~~~~~~~~~~~~~~~~~~~~~~~~~
/Users/xinyufang/Documents/Buzz/Buzz/Services/ProfilePictureService.swift:63:15: warning: 'catch' block is unreachable because no errors are thrown in 'do' block
            } catch {
              ^

SwiftCompile normal arm64 /Users/xinyufang/Documents/Buzz/Buzz/Services/ProfileService.swift (in target 'Buzz' from project 'Buzz')
    cd /Users/xinyufang/Documents/Buzz
    
/Users/xinyufang/Documents/Buzz/Buzz/Services/ProfileService.swift:119:43: error: missing arguments for parameters 'isExMilitary', 'isGovernmentEmployee', 'hasFaaCertification', 'isBuzzAffiliate' in call
            return             UserProfile(
                                          ^
/Users/xinyufang/Documents/Buzz/Buzz/Models/UserProfile.swift:70:8: note: 'init(id:userType:firstName:lastName:callSign:email:phone:gender:profilePictureUrl:communicationPreference:role:specialization:createdAt:balance:stripeAccountId:isExMilitary:isGovernmentEmployee:hasFaaCertification:isBuzzAffiliate:)' declared here
struct UserProfile: Codable, Identifiable {
       ^
/Users/xinyufang/Documents/Buzz/Buzz/Services/ProfileService.swift:170:31: error: missing arguments for parameters 'isExMilitary', 'isGovernmentEmployee', 'hasFaaCertification', 'isBuzzAffiliate' in call
            return UserProfile(
                              ^
/Users/xinyufang/Documents/Buzz/Buzz/Models/UserProfile.swift:70:8: note: 'init(id:userType:firstName:lastName:callSign:email:phone:gender:profilePictureUrl:communicationPreference:role:specialization:createdAt:balance:stripeAccountId:isExMilitary:isGovernmentEmployee:hasFaaCertification:isBuzzAffiliate:)' declared here
struct UserProfile: Codable, Identifiable {
       ^

SwiftCompile normal arm64 /Users/xinyufang/Documents/Buzz/Buzz/Services/RankingService.swift (in target 'Buzz' from project 'Buzz')
    cd /Users/xinyufang/Documents/Buzz
    

SwiftCompile normal arm64 /Users/xinyufang/Documents/Buzz/Buzz/Services/RatingService.swift (in target 'Buzz' from project 'Buzz')
    cd /Users/xinyufang/Documents/Buzz
    
/Users/xinyufang/Documents/Buzz/Buzz/Services/RatingService.swift:169:24: error: missing arguments for parameters 'isExMilitary', 'isGovernmentEmployee', 'hasFaaCertification', 'isBuzzAffiliate' in call
            UserProfile(
                       ^
/Users/xinyufang/Documents/Buzz/Buzz/Models/UserProfile.swift:70:8: note: 'init(id:userType:firstName:lastName:callSign:email:phone:gender:profilePictureUrl:communicationPreference:role:specialization:createdAt:balance:stripeAccountId:isExMilitary:isGovernmentEmployee:hasFaaCertification:isBuzzAffiliate:)' declared here
struct UserProfile: Codable, Identifiable {
       ^
/Users/xinyufang/Documents/Buzz/Buzz/Services/RatingService.swift:186:24: error: missing arguments for parameters 'isExMilitary', 'isGovernmentEmployee', 'hasFaaCertification', 'isBuzzAffiliate' in call
            UserProfile(
                       ^
/Users/xinyufang/Documents/Buzz/Buzz/Models/UserProfile.swift:70:8: note: 'init(id:userType:firstName:lastName:callSign:email:phone:gender:profilePictureUrl:communicationPreference:role:specialization:createdAt:balance:stripeAccountId:isExMilitary:isGovernmentEmployee:hasFaaCertification:isBuzzAffiliate:)' declared here
struct UserProfile: Codable, Identifiable {
       ^
/Users/xinyufang/Documents/Buzz/Buzz/Services/RatingService.swift:203:24: error: missing arguments for parameters 'isExMilitary', 'isGovernmentEmployee', 'hasFaaCertification', 'isBuzzAffiliate' in call
            UserProfile(
                       ^
/Users/xinyufang/Documents/Buzz/Buzz/Models/UserProfile.swift:70:8: note: 'init(id:userType:firstName:lastName:callSign:email:phone:gender:profilePictureUrl:communicationPreference:role:specialization:createdAt:balance:stripeAccountId:isExMilitary:isGovernmentEmployee:hasFaaCertification:isBuzzAffiliate:)' declared here
struct UserProfile: Codable, Identifiable {
       ^
/Users/xinyufang/Documents/Buzz/Buzz/Services/RatingService.swift:220:24: error: missing arguments for parameters 'isExMilitary', 'isGovernmentEmployee', 'hasFaaCertification', 'isBuzzAffiliate' in call
            UserProfile(
                       ^
/Users/xinyufang/Documents/Buzz/Buzz/Models/UserProfile.swift:70:8: note: 'init(id:userType:firstName:lastName:callSign:email:phone:gender:profilePictureUrl:communicationPreference:role:specialization:createdAt:balance:stripeAccountId:isExMilitary:isGovernmentEmployee:hasFaaCertification:isBuzzAffiliate:)' declared here
struct UserProfile: Codable, Identifiable {
       ^
/Users/xinyufang/Documents/Buzz/Buzz/Services/RatingService.swift:237:24: error: missing arguments for parameters 'isExMilitary', 'isGovernmentEmployee', 'hasFaaCertification', 'isBuzzAffiliate' in call
            UserProfile(
                       ^
/Users/xinyufang/Documents/Buzz/Buzz/Models/UserProfile.swift:70:8: note: 'init(id:userType:firstName:lastName:callSign:email:phone:gender:profilePictureUrl:communicationPreference:role:specialization:createdAt:balance:stripeAccountId:isExMilitary:isGovernmentEmployee:hasFaaCertification:isBuzzAffiliate:)' declared here
struct UserProfile: Codable, Identifiable {
       ^
/Users/xinyufang/Documents/Buzz/Buzz/Services/RatingService.swift:254:24: error: missing arguments for parameters 'isExMilitary', 'isGovernmentEmployee', 'hasFaaCertification', 'isBuzzAffiliate' in call
            UserProfile(
                       ^
/Users/xinyufang/Documents/Buzz/Buzz/Models/UserProfile.swift:70:8: note: 'init(id:userType:firstName:lastName:callSign:email:phone:gender:profilePictureUrl:communicationPreference:role:specialization:createdAt:balance:stripeAccountId:isExMilitary:isGovernmentEmployee:hasFaaCertification:isBuzzAffiliate:)' declared here
struct UserProfile: Codable, Identifiable {
       ^
/Users/xinyufang/Documents/Buzz/Buzz/Services/RatingService.swift:345:24: error: missing arguments for parameters 'isExMilitary', 'isGovernmentEmployee', 'hasFaaCertification', 'isBuzzAffiliate' in call
            UserProfile(
                       ^
/Users/xinyufang/Documents/Buzz/Buzz/Models/UserProfile.swift:70:8: note: 'init(id:userType:firstName:lastName:callSign:email:phone:gender:profilePictureUrl:communicationPreference:role:specialization:createdAt:balance:stripeAccountId:isExMilitary:isGovernmentEmployee:hasFaaCertification:isBuzzAffiliate:)' declared here
struct UserProfile: Codable, Identifiable {
       ^
/Users/xinyufang/Documents/Buzz/Buzz/Services/RatingService.swift:362:24: error: missing arguments for parameters 'isExMilitary', 'isGovernmentEmployee', 'hasFaaCertification', 'isBuzzAffiliate' in call
            UserProfile(
                       ^
/Users/xinyufang/Documents/Buzz/Buzz/Models/UserProfile.swift:70:8: note: 'init(id:userType:firstName:lastName:callSign:email:phone:gender:profilePictureUrl:communicationPreference:role:specialization:createdAt:balance:stripeAccountId:isExMilitary:isGovernmentEmployee:hasFaaCertification:isBuzzAffiliate:)' declared here
struct UserProfile: Codable, Identifiable {
       ^
/Users/xinyufang/Documents/Buzz/Buzz/Services/RatingService.swift:379:24: error: missing arguments for parameters 'isExMilitary', 'isGovernmentEmployee', 'hasFaaCertification', 'isBuzzAffiliate' in call
            UserProfile(
                       ^
/Users/xinyufang/Documents/Buzz/Buzz/Models/UserProfile.swift:70:8: note: 'init(id:userType:firstName:lastName:callSign:email:phone:gender:profilePictureUrl:communicationPreference:role:specialization:createdAt:balance:stripeAccountId:isExMilitary:isGovernmentEmployee:hasFaaCertification:isBuzzAffiliate:)' declared here
struct UserProfile: Codable, Identifiable {
       ^
/Users/xinyufang/Documents/Buzz/Buzz/Services/RatingService.swift:396:24: error: missing arguments for parameters 'isExMilitary', 'isGovernmentEmployee', 'hasFaaCertification', 'isBuzzAffiliate' in call
            UserProfile(
                       ^
/Users/xinyufang/Documents/Buzz/Buzz/Models/UserProfile.swift:70:8: note: 'init(id:userType:firstName:lastName:callSign:email:phone:gender:profilePictureUrl:communicationPreference:role:specialization:createdAt:balance:stripeAccountId:isExMilitary:isGovernmentEmployee:hasFaaCertification:isBuzzAffiliate:)' declared here
struct UserProfile: Codable, Identifiable {
       ^
/Users/xinyufang/Documents/Buzz/Buzz/Services/RatingService.swift:413:24: error: missing arguments for parameters 'isExMilitary', 'isGovernmentEmployee', 'hasFaaCertification', 'isBuzzAffiliate' in call
            UserProfile(
                       ^
/Users/xinyufang/Documents/Buzz/Buzz/Models/UserProfile.swift:70:8: note: 'init(id:userType:firstName:lastName:callSign:email:phone:gender:profilePictureUrl:communicationPreference:role:specialization:createdAt:balance:stripeAccountId:isExMilitary:isGovernmentEmployee:hasFaaCertification:isBuzzAffiliate:)' declared here
struct UserProfile: Codable, Identifiable {
       ^
/Users/xinyufang/Documents/Buzz/Buzz/Services/RatingService.swift:430:24: error: missing arguments for parameters 'isExMilitary', 'isGovernmentEmployee', 'hasFaaCertification', 'isBuzzAffiliate' in call
            UserProfile(
                       ^
/Users/xinyufang/Documents/Buzz/Buzz/Models/UserProfile.swift:70:8: note: 'init(id:userType:firstName:lastName:callSign:email:phone:gender:profilePictureUrl:communicationPreference:role:specialization:createdAt:balance:stripeAccountId:isExMilitary:isGovernmentEmployee:hasFaaCertification:isBuzzAffiliate:)' declared here
struct UserProfile: Codable, Identifiable {
       ^

SwiftCompile normal arm64 /Users/xinyufang/Documents/Buzz/Buzz/Services/StripeConnectService.swift (in target 'Buzz' from project 'Buzz')
    cd /Users/xinyufang/Documents/Buzz
    

SwiftCompile normal arm64 /Users/xinyufang/Documents/Buzz/Buzz/Services/SubscriptionService.swift (in target 'Buzz' from project 'Buzz')
    cd /Users/xinyufang/Documents/Buzz
    

SwiftCompile normal arm64 /Users/xinyufang/Documents/Buzz/Buzz/Services/SupabaseClient.swift (in target 'Buzz' from project 'Buzz')
    cd /Users/xinyufang/Documents/Buzz
    

SwiftCompile normal arm64 /Users/xinyufang/Documents/Buzz/Buzz/Services/TopGunService.swift (in target 'Buzz' from project 'Buzz')
    cd /Users/xinyufang/Documents/Buzz
    
/Users/xinyufang/Documents/Buzz/Buzz/Services/TopGunService.swift:67:11: warning: 'catch' block is unreachable because no errors are thrown in 'do' block
        } catch {
          ^
/Users/xinyufang/Documents/Buzz/Buzz/Services/TopGunService.swift:84:11: warning: 'catch' block is unreachable because no errors are thrown in 'do' block
        } catch {
          ^

SwiftCompile normal arm64 /Users/xinyufang/Documents/Buzz/Buzz/Services/TransponderService.swift (in target 'Buzz' from project 'Buzz')
    cd /Users/xinyufang/Documents/Buzz
    

SwiftCompile normal arm64 /Users/xinyufang/Documents/Buzz/Buzz/Services/WeatherService.swift (in target 'Buzz' from project 'Buzz')
    cd /Users/xinyufang/Documents/Buzz
    

SwiftCompile normal arm64 Compiling\ Transponder.swift,\ UserProfile.swift,\ Weather.swift,\ AcademyService.swift,\ AuthService.swift,\ AvailabilityBlockoutService.swift,\ BadgeService.swift,\ BookingService.swift,\ CourseSubscriptionService.swift,\ DemoModeManager.swift,\ DroneRegistrationService.swift,\ IdentityVerificationService.swift,\ LicenseUploadService.swift,\ LocationHelper.swift /Users/xinyufang/Documents/Buzz/Buzz/Models/Transponder.swift /Users/xinyufang/Documents/Buzz/Buzz/Models/UserProfile.swift /Users/xinyufang/Documents/Buzz/Buzz/Models/Weather.swift /Users/xinyufang/Documents/Buzz/Buzz/Services/AcademyService.swift /Users/xinyufang/Documents/Buzz/Buzz/Services/AuthService.swift /Users/xinyufang/Documents/Buzz/Buzz/Services/AvailabilityBlockoutService.swift /Users/xinyufang/Documents/Buzz/Buzz/Services/BadgeService.swift /Users/xinyufang/Documents/Buzz/Buzz/Services/BookingService.swift /Users/xinyufang/Documents/Buzz/Buzz/Services/CourseSubscriptionService.swift /Users/xinyufang/Documents/Buzz/Buzz/Services/DemoModeManager.swift /Users/xinyufang/Documents/Buzz/Buzz/Services/DroneRegistrationService.swift /Users/xinyufang/Documents/Buzz/Buzz/Services/IdentityVerificationService.swift /Users/xinyufang/Documents/Buzz/Buzz/Services/LicenseUploadService.swift /Users/xinyufang/Documents/Buzz/Buzz/Services/LocationHelper.swift (in target 'Buzz' from project 'Buzz')
SwiftCompile normal arm64 /Users/xinyufang/Documents/Buzz/Buzz/Models/Transponder.swift (in target 'Buzz' from project 'Buzz')
    cd /Users/xinyufang/Documents/Buzz
    

SwiftCompile normal arm64 /Users/xinyufang/Documents/Buzz/Buzz/Models/UserProfile.swift (in target 'Buzz' from project 'Buzz')
    cd /Users/xinyufang/Documents/Buzz
    

SwiftCompile normal arm64 /Users/xinyufang/Documents/Buzz/Buzz/Models/Weather.swift (in target 'Buzz' from project 'Buzz')
    cd /Users/xinyufang/Documents/Buzz
    

SwiftCompile normal arm64 /Users/xinyufang/Documents/Buzz/Buzz/Services/AcademyService.swift (in target 'Buzz' from project 'Buzz')
    cd /Users/xinyufang/Documents/Buzz
    

SwiftCompile normal arm64 /Users/xinyufang/Documents/Buzz/Buzz/Services/AuthService.swift (in target 'Buzz' from project 'Buzz')
    cd /Users/xinyufang/Documents/Buzz
    

SwiftCompile normal arm64 /Users/xinyufang/Documents/Buzz/Buzz/Services/AvailabilityBlockoutService.swift (in target 'Buzz' from project 'Buzz')
    cd /Users/xinyufang/Documents/Buzz
    

SwiftCompile normal arm64 /Users/xinyufang/Documents/Buzz/Buzz/Services/BadgeService.swift (in target 'Buzz' from project 'Buzz')
    cd /Users/xinyufang/Documents/Buzz
    

SwiftCompile normal arm64 /Users/xinyufang/Documents/Buzz/Buzz/Services/BookingService.swift (in target 'Buzz' from project 'Buzz')
    cd /Users/xinyufang/Documents/Buzz
    

SwiftCompile normal arm64 /Users/xinyufang/Documents/Buzz/Buzz/Services/CourseSubscriptionService.swift (in target 'Buzz' from project 'Buzz')
    cd /Users/xinyufang/Documents/Buzz
    

SwiftCompile normal arm64 /Users/xinyufang/Documents/Buzz/Buzz/Services/DemoModeManager.swift (in target 'Buzz' from project 'Buzz')
    cd /Users/xinyufang/Documents/Buzz
    

SwiftCompile normal arm64 /Users/xinyufang/Documents/Buzz/Buzz/Services/DroneRegistrationService.swift (in target 'Buzz' from project 'Buzz')
    cd /Users/xinyufang/Documents/Buzz
    

SwiftCompile normal arm64 /Users/xinyufang/Documents/Buzz/Buzz/Services/IdentityVerificationService.swift (in target 'Buzz' from project 'Buzz')
    cd /Users/xinyufang/Documents/Buzz
    

SwiftCompile normal arm64 /Users/xinyufang/Documents/Buzz/Buzz/Services/LicenseUploadService.swift (in target 'Buzz' from project 'Buzz')
    cd /Users/xinyufang/Documents/Buzz
    

SwiftCompile normal arm64 /Users/xinyufang/Documents/Buzz/Buzz/Services/LocationHelper.swift (in target 'Buzz' from project 'Buzz')
    cd /Users/xinyufang/Documents/Buzz
    

SwiftCompile normal arm64 Compiling\ AvailabilityBlockout.swift,\ Badge.swift,\ Booking.swift,\ CourseUnit.swift,\ DirectMessage.swift,\ DroneRegistration.swift,\ GovernmentID.swift,\ Message.swift,\ NotificationPreferences.swift,\ PilotLicense.swift,\ PilotStats.swift,\ Rating.swift,\ TaxDocument.swift,\ TrainingCourse.swift /Users/xinyufang/Documents/Buzz/Buzz/Models/AvailabilityBlockout.swift /Users/xinyufang/Documents/Buzz/Buzz/Models/Badge.swift /Users/xinyufang/Documents/Buzz/Buzz/Models/Booking.swift /Users/xinyufang/Documents/Buzz/Buzz/Models/CourseUnit.swift /Users/xinyufang/Documents/Buzz/Buzz/Models/DirectMessage.swift /Users/xinyufang/Documents/Buzz/Buzz/Models/DroneRegistration.swift /Users/xinyufang/Documents/Buzz/Buzz/Models/GovernmentID.swift /Users/xinyufang/Documents/Buzz/Buzz/Models/Message.swift /Users/xinyufang/Documents/Buzz/Buzz/Models/NotificationPreferences.swift /Users/xinyufang/Documents/Buzz/Buzz/Models/PilotLicense.swift /Users/xinyufang/Documents/Buzz/Buzz/Models/PilotStats.swift /Users/xinyufang/Documents/Buzz/Buzz/Models/Rating.swift /Users/xinyufang/Documents/Buzz/Buzz/Models/TaxDocument.swift /Users/xinyufang/Documents/Buzz/Buzz/Models/TrainingCourse.swift (in target 'Buzz' from project 'Buzz')

SwiftCompile normal arm64 /Users/xinyufang/Documents/Buzz/Buzz/Models/AvailabilityBlockout.swift (in target 'Buzz' from project 'Buzz')
    cd /Users/xinyufang/Documents/Buzz
    

SwiftCompile normal arm64 /Users/xinyufang/Documents/Buzz/Buzz/Models/Badge.swift (in target 'Buzz' from project 'Buzz')
    cd /Users/xinyufang/Documents/Buzz
    

SwiftCompile normal arm64 /Users/xinyufang/Documents/Buzz/Buzz/Models/Booking.swift (in target 'Buzz' from project 'Buzz')
    cd /Users/xinyufang/Documents/Buzz
    

SwiftCompile normal arm64 /Users/xinyufang/Documents/Buzz/Buzz/Models/CourseUnit.swift (in target 'Buzz' from project 'Buzz')
    cd /Users/xinyufang/Documents/Buzz
    

SwiftCompile normal arm64 /Users/xinyufang/Documents/Buzz/Buzz/Models/DirectMessage.swift (in target 'Buzz' from project 'Buzz')
    cd /Users/xinyufang/Documents/Buzz
    

SwiftCompile normal arm64 /Users/xinyufang/Documents/Buzz/Buzz/Models/DroneRegistration.swift (in target 'Buzz' from project 'Buzz')
    cd /Users/xinyufang/Documents/Buzz
    

SwiftCompile normal arm64 /Users/xinyufang/Documents/Buzz/Buzz/Models/GovernmentID.swift (in target 'Buzz' from project 'Buzz')
    cd /Users/xinyufang/Documents/Buzz
    

SwiftCompile normal arm64 /Users/xinyufang/Documents/Buzz/Buzz/Models/Message.swift (in target 'Buzz' from project 'Buzz')
    cd /Users/xinyufang/Documents/Buzz
    

SwiftCompile normal arm64 /Users/xinyufang/Documents/Buzz/Buzz/Models/NotificationPreferences.swift (in target 'Buzz' from project 'Buzz')
    cd /Users/xinyufang/Documents/Buzz
    

SwiftCompile normal arm64 /Users/xinyufang/Documents/Buzz/Buzz/Models/PilotLicense.swift (in target 'Buzz' from project 'Buzz')
    cd /Users/xinyufang/Documents/Buzz
    

SwiftCompile normal arm64 /Users/xinyufang/Documents/Buzz/Buzz/Models/PilotStats.swift (in target 'Buzz' from project 'Buzz')
    cd /Users/xinyufang/Documents/Buzz
    

SwiftCompile normal arm64 /Users/xinyufang/Documents/Buzz/Buzz/Models/Rating.swift (in target 'Buzz' from project 'Buzz')
    cd /Users/xinyufang/Documents/Buzz
    

SwiftCompile normal arm64 /Users/xinyufang/Documents/Buzz/Buzz/Models/TaxDocument.swift (in target 'Buzz' from project 'Buzz')
    cd /Users/xinyufang/Documents/Buzz
    

SwiftCompile normal arm64 /Users/xinyufang/Documents/Buzz/Buzz/Models/TrainingCourse.swift (in target 'Buzz' from project 'Buzz')
    cd /Users/xinyufang/Documents/Buzz
    

SwiftDriverJobDiscovery normal arm64 Compiling KeychainLocalStorage.swift, WinCredLocalStorage.swift, Types.swift (in target 'Auth' from project 'Supabase')

SwiftCompile normal arm64 Compiling\ CustomerActivityView.swift,\ CustomerBookingView.swift,\ LocationSearchView.swift,\ MessageView.swift,\ PilotBookingListView.swift,\ CockpitView.swift,\ FlightRadarView.swift,\ GamesView.swift,\ RacerView.swift,\ TopGunView.swift,\ TransponderView.swift,\ WeatherView.swift,\ CustomButton.swift,\ EmptyStateView.swift /Users/xinyufang/Documents/Buzz/Buzz/Views/Bookings/CustomerActivityView.swift /Users/xinyufang/Documents/Buzz/Buzz/Views/Bookings/CustomerBookingView.swift /Users/xinyufang/Documents/Buzz/Buzz/Views/Bookings/LocationSearchView.swift /Users/xinyufang/Documents/Buzz/Buzz/Views/Bookings/MessageView.swift /Users/xinyufang/Documents/Buzz/Buzz/Views/Bookings/PilotBookingListView.swift /Users/xinyufang/Documents/Buzz/Buzz/Views/Cockpit/CockpitView.swift /Users/xinyufang/Documents/Buzz/Buzz/Views/Cockpit/FlightRadarView.swift /Users/xinyufang/Documents/Buzz/Buzz/Views/Cockpit/GamesView.swift /Users/xinyufang/Documents/Buzz/Buzz/Views/Cockpit/RacerView.swift /Users/xinyufang/Documents/Buzz/Buzz/Views/Cockpit/TopGunView.swift /Users/xinyufang/Documents/Buzz/Buzz/Views/Cockpit/TransponderView.swift /Users/xinyufang/Documents/Buzz/Buzz/Views/Cockpit/WeatherView.swift /Users/xinyufang/Documents/Buzz/Buzz/Views/Components/CustomButton.swift /Users/xinyufang/Documents/Buzz/Buzz/Views/Components/EmptyStateView.swift (in target 'Buzz' from project 'Buzz')

** BUILD FAILED **


The following build commands failed:
	SwiftCompile normal arm64 Compiling\ MessageService.swift,\ NotificationPreferencesService.swift,\ OCRService.swift,\ PaymentService.swift,\ ProfilePictureService.swift,\ ProfileService.swift,\ RankingService.swift,\ RatingService.swift,\ StripeConnectService.swift,\ SubscriptionService.swift,\ SupabaseClient.swift,\ TopGunService.swift,\ TransponderService.swift,\ WeatherService.swift /Users/xinyufang/Documents/Buzz/Buzz/Services/MessageService.swift /Users/xinyufang/Documents/Buzz/Buzz/Services/NotificationPreferencesService.swift /Users/xinyufang/Documents/Buzz/Buzz/Services/OCRService.swift /Users/xinyufang/Documents/Buzz/Buzz/Services/PaymentService.swift /Users/xinyufang/Documents/Buzz/Buzz/Services/ProfilePictureService.swift /Users/xinyufang/Documents/Buzz/Buzz/Services/ProfileService.swift /Users/xinyufang/Documents/Buzz/Buzz/Services/RankingService.swift /Users/xinyufang/Documents/Buzz/Buzz/Services/RatingService.swift /Users/xinyufang/Documents/Buzz/Buzz/Services/StripeConnectService.swift /Users/xinyufang/Documents/Buzz/Buzz/Services/SubscriptionService.swift /Users/xinyufang/Documents/Buzz/Buzz/Services/SupabaseClient.swift /Users/xinyufang/Documents/Buzz/Buzz/Services/TopGunService.swift /Users/xinyufang/Documents/Buzz/Buzz/Services/TransponderService.swift /Users/xinyufang/Documents/Buzz/Buzz/Services/WeatherService.swift (in target 'Buzz' from project 'Buzz')
	SwiftCompile normal arm64 /Users/xinyufang/Documents/Buzz/Buzz/Services/ProfileService.swift (in target 'Buzz' from project 'Buzz')
	SwiftCompile normal arm64 /Users/xinyufang/Documents/Buzz/Buzz/Services/RatingService.swift (in target 'Buzz' from project 'Buzz')
	Building project Buzz with scheme Buzz
(4 failures)
